01-04 22:11:41.326 22450 22471 D mali_winsys: EGLint new_window_surface(egl_winsys_display*, void*, EGLSurface, EGLConfig, egl_winsys_surface**, egl_color_buffer_format*, EGLBoolean) returns 0x3000,  [8x8]-format:2
01-04 22:11:41.326 22450 22471 D UE4     : AndroidEGL::CreateEGLSurface() 0xdbb9a208
01-04 22:11:41.326 22450 22471 D UE4     : AndroidEGL::CreateEGLSurface(1), auxSurface = eglCreatePbufferSurface(), 8x8
01-04 22:11:41.329 22450 22471 D vulkan  : searching for layers in '/data/app/com.GeekTechnique.InfinityStack-1/lib/arm'
01-04 22:11:41.329 22450 22471 D vulkan  : searching for layers in '/data/app/com.GeekTechnique.InfinityStack-1/base.apk!/lib/armeabi-v7a'
01-04 22:11:41.329 22450 22471 D vulkan  : vulkan api version_1_0 1.0.0
01-04 22:11:41.330 22450 22471 D vulkan  : vulkan header version 13
01-04 22:11:41.369  3755  4527 D MdnieScenarioControlService:  packageName : com.google.android.packageinstaller    className : com.android.packageinstaller.permission.ui.GrantPermissionsActivity
01-04 22:11:41.425  3755  3772 D CompatibilityInfo: mCompatibilityFlags - 0
01-04 22:11:41.425  3755  3772 D CompatibilityInfo: applicationDensity - 420
01-04 22:11:41.425  3755  3772 D CompatibilityInfo: applicationScale - 1.0
01-04 22:11:41.444  3755  5843 D AppWidgetServiceImpl: updateAppWidgetInstanceLocked, merge! widget = AppWidgetId{3:Host{HostId{user:0, app:10081, hostId:1024, pkg:com.sec.android.app.launcher}}:Provider{ProviderId{user:0, app:10062, cmp:ComponentInfo{com.google.android.googlequicksearchbox/com.google.android.googlequicksearchbox.SearchWidgetProvider}}}}
01-04 22:11:41.446  3755  3755 D AppWidgetServiceImpl: handleNotifyUpdateAppWidget, w = AppWidgetId{3:Host{HostId{user:0, app:10081, hostId:1024, pkg:com.sec.android.app.launcher}}:Provider{ProviderId{user:0, app:10062, cmp:ComponentInfo{com.google.android.googlequicksearchbox/com.google.android.googlequicksearchbox.SearchWidgetProvider}}}}, isBlackListWidget = false, mIsPolicySeqNum = true, mIsPolicyTooLarge = true, mIsPolicySkipMerge = true
01-04 22:11:41.446  3755  3755 D AppWidgetServiceImpl: handleNotifyUpdateAppWidget, seqNumber = 29
01-04 22:11:41.446 17666 17683 W SearchServiceCore: Abort, client detached.
01-04 22:11:41.459  6134  6134 V LauncherAppWidgetHostView: calculateWidgetSize: (target widgetsize)  using w/h 997 260 span 5 1 (widgetid 2) [current Gridsize : GRID_5x5]
01-04 22:11:41.459  6134  6134 D LauncherAppWidgetHostView: calculateWidgetSize() widget = Weather and Clock(widget id = 2) result hostview size = 1297 x 338
01-04 22:11:41.459  6134  6134 D LauncherAppWidgetHostView: setResizeScaleResult() 1297/ 338 scaleToResize = 0.76869696(widget id = 2)
01-04 22:11:41.459  6134  6134 V LauncherAppWidgetHostView: calculateWidgetSize: (target widgetsize)  using w/h 997 260 span 5 1 (widgetid 3) [current Gridsize : GRID_5x5]
01-04 22:11:41.459  6134  6134 D LauncherAppWidgetHostView: calculateWidgetSize() widget = Google(widget id = 3) result hostview size = 1297 x 338
01-04 22:11:41.460  6134  6134 D LauncherAppWidgetHostView: setResizeScaleResult() 1297/ 338 scaleToResize = 0.76869696(widget id = 3)
01-04 22:11:41.460  3755  5994 W MultiScreenManagerService: moveTaskBackToDisplayIfNeeded(): The task has more than one activity
01-04 22:11:41.461  3755  5994 D ActivityManager: moveToFront() : reason=finishActivity adjustFocus setFocusedActivity isAttached=true TaskRecord{d96b70dd0 #2699 A=com.GeekTechnique.InfinityStack U=0 StackId=1 sz=3}
01-04 22:11:41.463  3755  5994 D InputDispatcher: Focused application set to: xxxx
01-04 22:11:41.464  3755  5994 D InputDispatcher: Focus entered window: 22450
01-04 22:11:41.465  3755  5994 D ActivityTrigger: ActivityTrigger activityPauseTrigger 
01-04 22:11:41.465  3755  5994 D GameManagerService: sem_perfomance_mode: 0
01-04 22:11:41.465 22450 22450 D ViewRootImpl@eaa3a62[GameActivity]: MSG_WINDOW_FOCUS_CHANGED 1
01-04 22:11:41.465 22450 22450 D ViewRootImpl@eaa3a62[GameActivity]: mHardwareRenderer.initializeIfNeeded()#2 mSurface={isValid=true -1123956736}
01-04 22:11:41.465 22450 22450 V threaded_app: WindowFocusChanged: 0xd63d2b40 -- 1
01-04 22:11:41.466 22450 22472 D UE4     : LogAndroid: Case APP_CMD_GAINED_FOCUS
01-04 22:11:41.466 22450 22472 D UE4     : LogAndroidEvents: EnqueueAppEvent : 11, 0, tid = 22472
01-04 22:11:41.469  3755  4478 D ActivityManager: resumeTopActivityInnerLocked() : #1 prevTask=null next=ActivityRecord{c9b7fe6d0 u0 com.GeekTechnique.InfinityStack/com.epicgames.ue4.GameActivity t2699} mFocusedStack=ActivityStack{ef409f8d0 stackId=1, 1 tasks}
01-04 22:11:41.469  3755  4478 D ActivityManager: resumeTopActivityInnerLocked() : #1 prevTask=TaskRecord{d96b70dd0 #2699 A=com.GeekTechnique.InfinityStack U=0 StackId=1 sz=3} next=ActivityRecord{c9b7fe6d0 u0 com.GeekTechnique.InfinityStack/com.epicgames.ue4.GameActivity t2699} mFocusedStack=ActivityStack{ef409f8d0 stackId=1, 1 tasks}
01-04 22:11:41.471  3755  4478 D CustomFrequencyManagerService: acquireDVFSLockLocked : type : DVFS_MIN_LIMIT  frequency : 1300000  uid : 1000  pid : 3755  pkgName : AMS_ACT_RESUME@CPU_MIN@25
01-04 22:11:41.471  3755  4478 D ActivityManagerPerformance: AMP_acquire() ACT_RESUME
01-04 22:11:41.471  3755  4478 D ActivityManager: applyOptionsLocked(), pendingOptions : null
01-04 22:11:41.474 22450 22450 D SEM_CLIP_SemClipboardManager: isCocktailBarDisplayed : false
01-04 22:11:41.475 22450 22450 V InputMethodManager: Starting input: tba=android.view.inputmethod.EditorInfo@c43b3e3 nm : com.GeekTechnique.InfinityStack ic=null
01-04 22:11:41.475 22450 22450 I InputMethodManager: [IMM] startInputInner - mService.startInputOrWindowGainedFocus
01-04 22:11:41.476  3755  5072 D InputMethodManagerService: windowGainedFocus mCurrentFocusedUserId - 0 and mSecureKeypadEnabled-false
01-04 22:11:41.477  3755  5072 V InputMethodManagerService: windowGainedFocus: reason=WINDOW_FOCUS_GAIN client=android.os.BinderProxy@520a5be inputContext=null missingMethods= attribute=android.view.inputmethod.EditorInfo@5beffa5 nm = com.GeekTechnique.InfinityStack controlFlags=#105 softInputMode=#10 windowFlags=#1810500
01-04 22:11:41.477  3755  5072 V InputMethodManagerService: Unspecified window will hide input
01-04 22:11:41.477  3755  5072 D InputMethodManagerService: mDesktopModeManager null!
01-04 22:11:41.477  3755  5072 V InputMethodManagerService: hideCurrentInputLocked - !shouldHideSoftInput
01-04 22:11:41.478  3755  5072 D InputTransport: Input channel constructed: fd=458
01-04 22:11:41.478  3755  5072 D InputTransport: Input channel constructed: fd=478
01-04 22:11:41.478  3755  5072 D InputTransport: Input channel destroyed: fd=478
01-04 22:11:41.479  6134  6134 D InputTransport: Input channel destroyed: fd=76
01-04 22:11:41.480  8407  8540 D InputTransport: Input channel constructed: fd=52
01-04 22:11:41.480  3755  4478 D GameManagerService: sem_perfomance_mode: 0
01-04 22:11:41.480  3755  3755 D GameManagerService: NotifyRunnable. pkg: com.GeekTechnique.InfinityStack, type: 4, isMinimized: false, isTunableApp: false
01-04 22:11:41.480  3755  3755 D GameManagerService: unexpected mPrevNotiType: -1
01-04 22:11:41.481 22450 22450 D PermissionFragment: permission granted for android.permission.WRITE_EXTERNAL_STORAGE
01-04 22:11:41.483  3755  3769 D InputTransport: Input channel constructed: fd=478
01-04 22:11:41.485  3755  3769 D InputTransport: Input channel destroyed: fd=478
01-04 22:11:41.485 22450 22465 D InputTransport: Input channel constructed: fd=89
01-04 22:11:41.494  3755  3791 I WindowManager_SurfaceController: Destroying surface Surface(name=Starting com.GeekTechnique.InfinityStack) called by com.android.server.wm.WindowStateAnimator.destroySurface:2907 com.android.server.wm.WindowStateAnimator.destroySurfaceLocked:1120 com.android.server.wm.WindowState.destroyOrSaveSurface:2662 com.android.server.wm.AppWindowToken.destroySurfaces:423 com.android.server.wm.AppWindowToken.destroySurfaces:387 com.android.server.wm.WindowStateAnimator.finishExit:686 com.android.server.wm.WindowStateAnimator.stepAnimationLocked:570 com.android.server.wm.WindowAnimator.updateWindowsLocked:439 
01-04 22:11:41.494  3215  3284 I SurfaceFlinger: id=1119 Removed JnfinitySta (6/9)
01-04 22:11:41.498 22450 22450 V threaded_app: Resume: 0xd63d2b40
01-04 22:11:41.498 22450 22472 V threaded_app: activityState=11
01-04 22:11:41.498 22450 22472 D UE4     : Case APP_CMD_RESUME
01-04 22:11:41.498 22450 22472 D UE4     : LogAndroid: Case APP_CMD_RESUME
01-04 22:11:41.498 22450 22472 D UE4     : LogAndroidEvents: EnqueueAppEvent : 7, 0, tid = 22472
01-04 22:11:41.498  3755  4463 D WifiStateMachine: Current network is: "wilkinson2.4" , ID is: 30
01-04 22:11:41.498  3755  4463 I WifiStateMachine: IMS calling, current network is always qualified
01-04 22:11:41.498 22450 22450 D UE4     : ==============> [JAVA] AndroidThunkJava_KeepScreenOn(false) - Enabled screen saver
01-04 22:11:41.499 22450 22450 D UE4     : Registering sensor listeners
01-04 22:11:41.500  3215  3282 I SurfaceFlinger: id=1119 Removed JnfinitySta (-2/9)
01-04 22:11:41.501  3755 10406 I Sensors : Acc old sensor_state 0, new sensor_state : 1 en : 1
01-04 22:11:41.508 22450 22450 D SensorManager: registerListener :: 0, K6DS3TR Acceleration Sensor, 20000, 0,  
01-04 22:11:41.508  3755  4449 I Sensors : Mag old sensor_state 1, new sensor_state : 17 en : 1
01-04 22:11:41.515 22450 22450 D SensorManager: registerListener :: 1, AK09911C Magnetic field Sensor, 20000, 0,  
01-04 22:11:41.515  3755  5843 I Sensors : Gyro old sensor_state 17, new sensor_state : 19 en : 1
01-04 22:11:41.522 22450 22450 D SensorManager: registerListener :: 3, K6DS3TR Gyroscope Sensor, 20000, 0,  
01-04 22:11:41.522 22450 22450 D UE4     : App is running in Portrait
01-04 22:11:41.522 22450 22450 D UE4     : ==============> Resuming main init
01-04 22:11:41.522 22450 22450 D UE4     : ==============> GameActive.onResume complete!
01-04 22:11:41.523  3755  7133 D ActivityManager: post active user change for 0 fullscreen true isHomeActivity() false
01-04 22:11:41.523  3755  7133 D KnoxTimeoutHandler: postActiveUserChange [MsgParam] userId: 0 fullscreen is true showWhenlocked is false isMutiwindowRecord is false multiwindowstyle is 0
01-04 22:11:41.523  3755  3755 D KnoxTimeoutHandler: handleActiveUserChange [MsgParam] userId: 0 fullscreen is true showWhenlocked is false isMutiwindowRecord is false multiwindowstyle is 0
01-04 22:11:41.524 22450 22450 V InputMethodManager: Starting input: tba=android.view.inputmethod.EditorInfo@e34f1e0 nm : com.GeekTechnique.InfinityStack ic=null
01-04 22:11:41.524  3755  3755 I KnoxTimeoutHandler: Shared devices show user statefalse
01-04 22:11:41.525  3755  4461 V WindowManager: Relayout Window{8da1e22d0 u0 com.GeekTechnique.InfinityStack/com.epicgames.ue4.GameActivity}: viewVisibility=0 req=1080x1920 WM.LayoutParams{(0,0)(fillxfill) sim=#110 ty=1 fl=#1810500 pfl=0x20000 fmt=1 wanim=0x1030001 vsysui=0x400 needsMenuKey=2 naviIconColor=0}
01-04 22:11:41.528 22450 22450 D ViewRootImpl@eaa3a62[GameActivity]: Relayout returned: oldFrame=[0,0][1080,1920] newFrame=[0,0][1080,1920] result=0x1 surface={isValid=true -1123956736} surfaceGenerationChanged=false
01-04 22:11:41.533  3755  5993 I ActivityManager: Killing 21980:com.samsung.android.weather/u0a90 (adj 906): DHA:empty #31
01-04 22:11:41.537  5951  5974 D ForegroundUtils: could not check pending caller
01-04 22:11:41.545  3755  6283 D ActivityManager: cleanUpApplicationRecord -- 21980
01-04 22:11:41.546  5951 18313 D ForegroundUtils: could not check pending caller
01-04 22:11:41.569 22450 22471 D UE4     : LogPluginManager: Mounting plugin Paper2D
01-04 22:11:41.573 22450 22471 D UE4     : LogPluginManager: Mounting plugin AISupport
01-04 22:11:41.574 22450 22471 D UE4     : LogPluginManager: Mounting plugin LightPropagationVolume
01-04 22:11:41.576 22450 22471 D UE4     : LogPluginManager: Mounting plugin AssetManagerEditor
01-04 22:11:41.577 22450 22471 D UE4     : LogPluginManager: Mounting plugin CryptoKeys
01-04 22:11:41.579 22450 22471 D UE4     : LogPluginManager: Mounting plugin FacialAnimation
01-04 22:11:41.580 22450 22471 D UE4     : LogPluginManager: Mounting plugin MeshEditor
01-04 22:11:41.581 22450 22471 D UE4     : LogPluginManager: Mounting plugin DatasmithContent
01-04 22:11:41.583 22450 22471 D UE4     : LogPluginManager: Mounting plugin VariantManagerContent
01-04 22:11:41.585 22450 22471 D UE4     : LogPluginManager: Mounting plugin AlembicImporter
01-04 22:11:41.586 22450 22471 D UE4     : LogPluginManager: Mounting plugin AppleImageUtils
01-04 22:11:41.587 22450 22471 D UE4     : LogPluginManager: Mounting plugin AppleVision
01-04 22:11:41.589 22450 22471 D UE4     : LogPluginManager: Mounting plugin BackChannel
01-04 22:11:41.590 22450 22471 D UE4     : LogPluginManager: Mounting plugin CharacterAI
01-04 22:11:41.592 22450 22471 D UE4     : LogPluginManager: Mounting plugin GeometryCache
01-04 22:11:41.593 22450 22471 D UE4     : LogPluginManager: Mounting plugin AndroidMedia
01-04 22:11:41.595 22450 22471 D UE4     : LogPluginManager: Mounting plugin ImgMedia
01-04 22:11:41.596 22450 22471 D UE4     : LogPluginManager: Mounting plugin LinearTimecode
01-04 22:11:41.598 22450 22471 D UE4     : LogPluginManager: Mounting plugin MediaCompositing
01-04 22:11:41.599 22450 22471 D UE4     : LogPluginManager: Mounting plugin TcpMessaging
01-04 22:11:41.601 22450 22471 D UE4     : LogPluginManager: Mounting plugin UdpMessaging
01-04 22:11:41.602 22450 22471 D UE4     : LogPluginManager: Mounting plugin ActorSequence
01-04 22:11:41.604 22450 22471 D UE4     : LogPluginManager: Mounting plugin NetcodeUnitTest
01-04 22:11:41.605 22450 22471 D UE4     : LogPluginManager: Mounting plugin NUTUnrealEngine4
01-04 22:11:41.606 22450 22471 D UE4     : LogPluginManager: Mounting plugin OnlineSubsystemGooglePlay
01-04 22:11:41.608 22450 22471 D UE4     : LogPluginManager: Mounting plugin OnlineSubsystem
01-04 22:11:41.609  3755  3755 D CustomFrequencyManagerService: releaseDVFSLockLocked : Getting Lock type frm List : DVFS_MIN_LIMIT  frequency : 1704000  uid : 1000  pid : 3755  tag : AMS_RESUME_TAIL@CPU_MIN@19
01-04 22:11:41.610 22450 22471 D UE4     : LogPluginManager: Mounting plugin OnlineSubsystemNull
01-04 22:11:41.611 22450 22471 D UE4     : LogPluginManager: Mounting plugin OnlineSubsystemUtils
01-04 22:11:41.613 22450 22471 D UE4     : LogPluginManager: Mounting plugin AndroidDeviceProfileSelector
01-04 22:11:41.614 22450 22471 D UE4     : LogPluginManager: Mounting plugin AndroidMoviePlayer
01-04 22:11:41.616 22450 22471 D UE4     : LogPluginManager: Mounting plugin AndroidPermission
01-04 22:11:41.617 22450 22471 D UE4     : LogPluginManager: Mounting plugin ArchVisCharacter
01-04 22:11:41.619 22450 22471 D UE4     : LogPluginManager: Mounting plugin CableComponent
01-04 22:11:41.620 22450 22471 D UE4     : LogPluginManager: Mounting plugin CustomMeshComponent
01-04 22:11:41.621 22450 22471 D UE4     : LogPluginManager: Mounting plugin EditableMesh
01-04 22:11:41.623 22450 22471 D UE4     : LogPluginManager: Mounting plugin ExampleDeviceProfileSelector
01-04 22:11:41.624 22450 22471 D UE4     : LogPluginManager: Mounting plugin Firebase
01-04 22:11:41.626 22450 22471 D UE4     : LogPluginManager: Mounting plugin GoogleCloudMessaging
01-04 22:11:41.627 22450 22471 D UE4     : LogPluginManager: Mounting plugin LocationServicesBPLibrary
01-04 22:11:41.629 22450 22471 D UE4     : LogPluginManager: Mounting plugin MobilePatchingUtils
01-04 22:11:41.630 22450 22471 D UE4     : LogPluginManager: Mounting plugin OculusVR
01-04 22:11:41.634 22450 22471 D UE4     : LogPluginManager: Mounting plugin PhysXVehicles
01-04 22:11:41.639 22450 22471 D UE4     : LogPluginManager: Mounting plugin ProceduralMeshComponent
01-04 22:11:41.640 22450 22471 D UE4     : LogPluginManager: Mounting plugin RuntimePhysXCooking
01-04 22:11:41.642 22450 22471 D UE4     : LogPluginManager: Mounting plugin SteamVR
01-04 22:11:41.644 22450 22471 D UE4     : LogStreaming: Display: Took  0.076s to configure plugins.
01-04 22:11:41.668  3755  4527 D MdnieScenarioControlService:  packageName : com.GeekTechnique.InfinityStack    className : com.epicgames.ue4.GameActivity
01-04 22:11:41.754 22450 22471 D UE4     : LogInit: Using libcurl 7.46.0
01-04 22:11:41.754 22450 22471 D UE4     : LogInit:  - built for arm-unknown-linux-androideabi
01-04 22:11:41.754 22450 22471 D UE4     : LogInit:  - supports SSL with OpenSSL/1.0.1s
01-04 22:11:41.754 22450 22471 D UE4     : LogInit:  - supports HTTP deflate (compression) using libz 1.2.8
01-04 22:11:41.754 22450 22471 D UE4     : LogInit:  - other features:
01-04 22:11:41.754 22450 22471 D UE4     : LogInit:      CURL_VERSION_SSL
01-04 22:11:41.754 22450 22471 D UE4     : LogInit:      CURL_VERSION_LIBZ
01-04 22:11:41.754 22450 22471 D UE4     : LogInit:      CURL_VERSION_IPV6
01-04 22:11:41.754 22450 22471 D UE4     : LogInit:      CURL_VERSION_ASYNCHDNS
01-04 22:11:41.754 22450 22471 D UE4     : LogInit:      CURL_VERSION_TLSAUTH_SRP
01-04 22:11:41.755 22450 22471 D UE4     : LogInit:  CurlRequestOptions (configurable via config and command line):
01-04 22:11:41.755 22450 22471 D UE4     : LogInit:  - bVerifyPeer = true  - Libcurl will verify peer certificate
01-04 22:11:41.755 22450 22471 D UE4     : LogInit:  - bUseHttpProxy = false  - Libcurl will NOT use HTTP proxy
01-04 22:11:41.755 22450 22471 D UE4     : LogInit:  - bDontReuseConnections = false  - Libcurl will reuse connections
01-04 22:11:41.755 22450 22471 D UE4     : LogInit:  - MaxHostConnections = 16  - Libcurl will limit the number of connections to a host
01-04 22:11:41.755 22450 22471 D UE4     : LogInit:  - LocalHostAddr = Default
01-04 22:11:41.755 22450 22471 D UE4     : LogInit:  - BufferSize = 65536
01-04 22:11:41.757 22450 22471 D UE4     : LogOnline: Display: OSS: OnlineSubsystemGooglePlayModule::StartupModule()
01-04 22:11:41.757 22450 22471 D UE4     : FOnlineSubsystemGooglePlay::Init
01-04 22:11:41.757 22450 22471 D UE4     : LogOnlineIdentity: Display: OSS: FOnlineIdentityGooglePlay::FOnlineIdentityGooglePlay()
01-04 22:11:41.757 22450 22471 D UE4     : FOnlineSubsystemGooglePlay::IsInAppPurchasingEnabled 0
01-04 22:11:41.764 22450 22471 D UE4     : LogHMD: App is not packaged for Gear VR
01-04 22:11:41.764 22450 22471 D UE4     : LogInit: Build: ++UE4+Release-4.21-CL-4613538
01-04 22:11:41.764 22450 22471 D UE4     : LogInit: Engine Version: 4.21.1-4613538+++UE4+Release-4.21
01-04 22:11:41.764 22450 22471 D UE4     : LogInit: Compatible Engine Version: 4.21.0-4541578+++UE4+Release-4.21
01-04 22:11:41.764 22450 22471 D UE4     : LogInit: Net CL: 4541578
01-04 22:11:41.764 22450 22471 D UE4     : LogInit: OS: Android (7.0), CPU: SM-N920V, GPU: Mali-T760
01-04 22:11:41.764 22450 22471 D UE4     : LogInit: Compiled (32-bit): Nov 30 2018 05:07:29
01-04 22:11:41.764 22450 22471 D UE4     : LogInit: Compiled with Clang: 3.8.275480 
01-04 22:11:41.764 22450 22471 D UE4     : LogInit: Build Configuration: Development
01-04 22:11:41.764 22450 22471 D UE4     : LogInit: Branch Name: ++UE4+Release-4.21
01-04 22:11:41.764 22450 22471 D UE4     : LogInit: Command Line:   /Game/Maps/StackMap -Messaging -SessionId=421F55D849E25C0260E2C891B9D0B8A6 -SessionOwner="nope" -SessionName="Launch On Device" -iterative
01-04 22:11:41.764 22450 22471 D UE4     : LogInit: Base Directory: 
01-04 22:11:41.764 22450 22471 D UE4     : LogInit: Installed Engine Build: 0
01-04 22:11:41.764 22450 22471 D UE4     : LogDevObjectVersion: Number of dev versions registered: 22
01-04 22:11:41.764 22450 22471 D UE4     : LogDevObjectVersion:   Dev-Blueprints (B0D832E4-1F89-4F0D-ACCF-7EB736FD4AA2): 10
01-04 22:11:41.764 22450 22471 D UE4     : LogDevObjectVersion:   Dev-Build (E1C64328-A22C-4D53-A36C-8E866417BD8C): 0
01-04 22:11:41.764 22450 22471 D UE4     : LogDevObjectVersion:   Dev-Core (375EC13C-06E4-48FB-B500-84F0262A717E): 2
01-04 22:11:41.764 22450 22471 D UE4     : LogDevObjectVersion:   Dev-Editor (E4B068ED-F494-42E9-A231-DA0B2E46BB41): 26
01-04 22:11:41.764 22450 22471 D UE4     : LogDevObjectVersion:   Dev-Framework (CFFC743F-43B0-4480-9391-14DF171D2073): 34
01-04 22:11:41.764 22450 22471 D UE4     : LogDevObjectVersion:   Dev-Mobile (B02B49B5-BB20-44E9-A304-32B752E40360): 2
01-04 22:11:41.764 22450 22471 D UE4     : LogDevObjectVersion:   Dev-Networking (A4E4105C-59A1-49B5-A7C5-40C4547EDFEE): 0
01-04 22:11:41.764 22450 22471 D UE4     : LogDevObjectVersion:   Dev-Online (39C831C9-5AE6-47DC-9A44-9C173E1C8E7C): 0
01-04 22:11:41.764 22450 22471 D UE4     : LogDevObjectVersion:   Dev-Physics (78F01B33-EBEA-4F98-B9B4-84EACCB95AA2): 0
01-04 22:11:41.764 22450 22471 D UE4     : LogDevObjectVersion:   Dev-Platform (6631380F-2D4D-43E0-8009-CF276956A95A): 0
01-04 22:11:41.764 22450 22471 D UE4     : LogDevObjectVersion:   Dev-Rendering (12F88B9F-8875-4AFC-A67C-D90C383ABD29): 27
01-04 22:11:41.764 22450 22471 D UE4     : LogDevObjectVersion:   Dev-Sequencer (7B5AE74C-D270-4C10-A958-57980B212A5A): 9
01-04 22:11:41.765 22450 22471 D UE4     : LogDevObjectVersion:   Dev-VR (D7296918-1DD6-4BDD-9DE2-64A83CC13884): 2
01-04 22:11:41.765 22450 22471 D UE4     : LogDevObjectVersion:   Dev-LoadTimes (C2A15278-BFE7-4AFE-6C17-90FF531DF755): 1
01-04 22:11:41.765 22450 22471 D UE4     : LogDevObjectVersion:   Private-Geometry (6EACA3D4-40EC-4CC1-B786-8BED09428FC5): 3
01-04 22:11:41.765 22450 22471 D UE4     : LogDevObjectVersion:   Dev-AnimPhys (29E575DD-E0A3-4627-9D10-D276232CDCEA): 17
01-04 22:11:41.765 22450 22471 D UE4     : LogDevObjectVersion:   Dev-Anim (AF43A65D-7FD3-4947-9873-3E8ED9C1BB05): 2
01-04 22:11:41.765 22450 22471 D UE4     : LogDevObjectVersion:   Dev-ReflectionCapture (6B266CEC-1EC7-4B8F-A30B-E4D90942FC07): 1
01-04 22:11:41.765 22450 22471 D UE4     : LogDevObjectVersion:   Dev-Automation (0DF73D61-A23F-47EA-B727-89E90C41499A): 1
01-04 22:11:41.765 22450 22471 D UE4     : LogDevObjectVersion:   FortniteMain (601D1886-AC64-4F84-AA16-D3DE0DEAC7D6): 17
01-04 22:11:41.765 22450 22471 D UE4     : LogDevObjectVersion:   Dev-Enterprise (9DFFBCD6-494F-0158-E221-12823C92A888): 4
01-04 22:11:41.765 22450 22471 D UE4     : LogDevObjectVersion:   Dev-Niagara (F2AED0AC-9AFE-416F-8664-AA7FFA26D6FC): 1
01-04 22:11:41.765 22450 22471 D UE4     : LogStreaming: Display: Took  0.000s to delete old logs.
01-04 22:11:41.805 22450 22471 D UE4     : LogInit: Presizing for max 131072 objects, including 1 objects not considered by GC, pre-allocating 0 bytes for permanent pool.
01-04 22:11:41.806 22450 22471 D UE4     : LogStreaming: Display: Async Loading initialized: Event Driven Loader: true, Async Loading Thread: false, Async Post Load: true
01-04 22:11:41.838  3755  9479 D GamePkgDataHelper: getGamePkgData(). com.GeekTechnique.InfinityStack
01-04 22:11:41.838  3755  9479 D GameManagerService: identifyGamePackage. com.GeekTechnique.InfinityStack
01-04 22:11:41.838 22450 22471 D UE4     : LogInit: Object subsystem initialized
01-04 22:11:41.839  3755  9479 D GameManagerService: identifyGamePackage. com.GeekTechnique.InfinityStack
01-04 22:11:41.841  3755  9479 D GameManagerService: identifyGamePackage. com.GeekTechnique.InfinityStack
01-04 22:11:41.841  3755  9479 D GameManagerService: identifyGamePackage. com.GeekTechnique.InfinityStack
01-04 22:11:41.842 22450 22471 D UE4     : LogConfig: Setting CVar [[con.DebugEarlyDefault:1]]
01-04 22:11:41.843 22450 22471 D UE4     : [2019.01.05-03.11.41:843][  0]LogConfig: Setting CVar [[con.DebugEarlyDefault:1]]
01-04 22:11:41.843 22450 22471 D UE4     : [2019.01.05-03.11.41:843][  0]LogConfig: Applying CVar settings from Section [/Script/Engine.RendererSettings] File [../../../StackerGame/Saved/Config/Android/Engine.ini]
01-04 22:11:41.843 22450 22471 D UE4     : [2019.01.05-03.11.41:843][  0]LogConfig: Setting CVar [[r.GPUCrashDebugging:0]]
01-04 22:11:41.843 22450 22471 D UE4     : [2019.01.05-03.11.41:843][  0]LogConfig: Setting CVar [[r.MobileHDR:0]]
01-04 22:11:41.843 22450 22471 D UE4     : [2019.01.05-03.11.41:843][  0]LogConfig: Setting CVar [[r.Mobile.DisableVertexFog:1]]
01-04 22:11:41.843 22450 22471 D UE4     : [2019.01.05-03.11.41:843][  0]LogConfig: Setting CVar [[r.Shadow.CSM.MaxMobileCascades:2]]
01-04 22:11:41.844 22450 22471 D UE4     : [2019.01.05-03.11.41:843][  0]LogConfig: Setting CVar [[r.MobileMSAA:1]]
01-04 22:11:41.844 22450 22471 D UE4     : [2019.01.05-03.11.41:844][  0]LogConfig: Setting CVar [[r.DiscardUnusedQuality:0]]
01-04 22:11:41.844 22450 22471 D UE4     : [2019.01.05-03.11.41:844][  0]LogConfig: Setting CVar [[r.AllowOcclusionQueries:1]]
01-04 22:11:41.844 22450 22471 D UE4     : [2019.01.05-03.11.41:844][  0]LogConfig: Setting CVar [[r.MinScreenRadiusForLights:0.030000]]
01-04 22:11:41.844 22450 22471 D UE4     : [2019.01.05-03.11.41:844][  0]LogConfig: Setting CVar [[r.MinScreenRadiusForDepthPrepass:0.030000]]
01-04 22:11:41.844 22450 22471 D UE4     : [2019.01.05-03.11.41:844][  0]LogConfig: Setting CVar [[r.MinScreenRadiusForCSMDepth:0.010000]]
01-04 22:11:41.844 22450 22471 D UE4     : [2019.01.05-03.11.41:844][  0]LogConfig: Setting CVar [[r.PrecomputedVisibilityWarning:0]]
01-04 22:11:41.844 22450 22471 D UE4     : [2019.01.05-03.11.41:844][  0]LogConfig: Setting CVar [[r.TextureStreaming:1]]
01-04 22:11:41.844 22450 22471 D UE4     : [2019.01.05-03.11.41:844][  0]LogConfig: Setting CVar [[Compat.UseDXT5NormalMaps:0]]
01-04 22:11:41.844 22450 22471 D UE4     : [2019.01.05-03.11.41:844][  0]LogConfig: Setting CVar [[r.ClearCoatNormal:0]]
01-04 22:11:41.844 22450 22471 D UE4     : [2019.01.05-03.11.41:844][  0]LogConfig: Setting CVar [[r.ReflectionCaptureResolution:128]]
01-04 22:11:41.844 22450 22471 D UE4     : [2019.01.05-03.11.41:844][  0]LogConfig: Setting CVar [[r.ReflectionEnvironmentLightmapMixBasedOnRoughness:1]]
01-04 22:11:41.844 22450 22471 D UE4     : [2019.01.05-03.11.41:844][  0]LogConfig: Setting CVar [[r.ForwardShading:0]]
01-04 22:11:41.844 22450 22471 D UE4     : [2019.01.05-03.11.41:844][  0]LogConfig: Setting CVar [[r.VertexFoggingForOpaque:1]]
01-04 22:11:41.844 22450 22471 D UE4     : [2019.01.05-03.11.41:844][  0]LogConfig: Setting CVar [[r.AllowStaticLighting:1]]
01-04 22:11:41.844 22450 22471 D UE4     : [2019.01.05-03.11.41:844][  0]LogConfig: Setting CVar [[r.NormalMapsForStaticLighting:0]]
01-04 22:11:41.844 22450 22471 D UE4     : [2019.01.05-03.11.41:844][  0]LogConfig: Setting CVar [[r.GenerateMeshDistanceFields:0]]
01-04 22:11:41.844 22450 22471 D UE4     : [2019.01.05-03.11.41:844][  0]LogConfig: Setting CVar [[r.DistanceFieldBuild.EightBit:0]]
01-04 22:11:41.845 22450 22471 D UE4     : [2019.01.05-03.11.41:845][  0]LogConfig: Setting CVar [[r.GenerateLandscapeGIData:0]]
01-04 22:11:41.845 22450 22471 D UE4     : [2019.01.05-03.11.41:845][  0]LogConfig: Setting CVar [[r.DistanceFieldBuild.Compress:0]]
01-04 22:11:41.845 22450 22471 D UE4     : [2019.01.05-03.11.41:845][  0]LogConfig: Setting CVar [[r.TessellationAdaptivePixelsPerTriangle:48.000000]]
01-04 22:11:41.845 22450 22471 D UE4     : [2019.01.05-03.11.41:845][  0]LogConfig: Setting CVar [[r.SeparateTranslucency:0]]
01-04 22:11:41.845 22450 22471 D UE4     : [2019.01.05-03.11.41:845][  0]LogConfig: Setting CVar [[r.TranslucentSortPolicy:0]]
01-04 22:11:41.845 22450 22471 D UE4     : [2019.01.05-03.11.41:845][  0]LogConfig: Setting CVar [[r.CustomDepth:1]]
01-04 22:11:41.845 22450 22471 D UE4     : [2019.01.05-03.11.41:845][  0]LogConfig: Setting CVar [[r.CustomDepthTemporalAAJitter:1]]
01-04 22:11:41.845 22450 22471 D UE4     : [2019.01.05-03.11.41:845][  0]LogConfig: Setting CVar [[r.PostProcessing.PropagateAlpha:1]]
01-04 22:11:41.845 22450 22471 D UE4     : [2019.01.05-03.11.41:845][  0]LogConfig: Setting CVar [[r.DefaultFeature.Bloom:0]]
01-04 22:11:41.845 22450 22471 D UE4     : [2019.01.05-03.11.41:845][  0]LogConfig: Setting CVar [[r.DefaultFeature.AmbientOcclusion:0]]
01-04 22:11:41.845 22450 22471 D UE4     : [2019.01.05-03.11.41:845][  0]LogConfig: Setting CVar [[r.DefaultFeature.AmbientOcclusionStaticFraction:1]]
01-04 22:11:41.845 22450 22471 D UE4     : [2019.01.05-03.11.41:845][  0]LogConfig: Setting CVar [[r.DefaultFeature.AutoExposure:0]]
01-04 22:11:41.845 22450 22471 D UE4     : [2019.01.05-03.11.41:845][  0]LogConfig: Setting CVar [[r.DefaultFeature.AutoExposure.Method:0]]
01-04 22:11:41.845 22450 22471 D UE4     : [2019.01.05-03.11.41:845][  0]LogConfig: Setting CVar [[r.DefaultFeature.MotionBlur:0]]
01-04 22:11:41.845 22450 22471 D UE4     : [2019.01.05-03.11.41:845][  0]LogConfig: Setting CVar [[r.DefaultFeature.LensFlare:0]]
01-04 22:11:41.845 22450 22471 D UE4     : [2019.01.05-03.11.41:845][  0]LogConfig: Setting CVar [[r.DefaultFeature.AntiAliasing:0]]
01-04 22:11:41.846 22450 22471 D UE4     : [2019.01.05-03.11.41:845][  0]LogConfig: Setting CVar [[r.Shadow.UnbuiltPreviewInGame:1]]
01-04 22:11:41.846 22450 22471 D UE4     : [2019.01.05-03.11.41:846][  0]LogConfig: Setting CVar [[r.StencilForLODDither:0]]
01-04 22:11:41.846 22450 22471 D UE4     : [2019.01.05-03.11.41:846][  0]LogConfig: Setting CVar [[r.EarlyZPass:3]]
01-04 22:11:41.846 22450 22471 D UE4     : [2019.01.05-03.11.41:846][  0]LogConfig: Setting CVar [[r.EarlyZPassMovable:1]]
01-04 22:11:41.846 22450 22471 D UE4     : [2019.01.05-03.11.41:846][  0]LogConfig: Setting CVar [[r.EarlyZPassOnlyMaterialMasking:0]]
01-04 22:11:41.846 22450 22471 D UE4     : [2019.01.05-03.11.41:846][  0]LogConfig: Setting CVar [[r.DBuffer:1]]
01-04 22:11:41.846 22450 22471 D UE4     : [2019.01.05-03.11.41:846][  0]LogConfig: Setting CVar [[r.ClearSceneMethod:1]]
01-04 22:11:41.846 22450 22471 D UE4     : [2019.01.05-03.11.41:846][  0]LogConfig: Setting CVar [[r.BasePassOutputsVelocity:0]]
01-04 22:11:41.846 22450 22471 D UE4     : [2019.01.05-03.11.41:846][  0]LogConfig: Setting CVar [[r.SelectiveBasePassOutputs:0]]
01-04 22:11:41.846 22450 22471 D UE4     : [2019.01.05-03.11.41:846][  0]LogConfig: Setting CVar [[r.AllowGlobalClipPlane:0]]
01-04 22:11:41.846 22450 22471 D UE4     : [2019.01.05-03.11.41:846][  0]LogConfig: Setting CVar [[r.GBufferFormat:1]]
01-04 22:11:41.846 22450 22471 D UE4     : [2019.01.05-03.11.41:846][  0]LogConfig: Setting CVar [[r.MorphTarget.Mode:1]]
01-04 22:11:41.846 22450 22471 D UE4     : [2019.01.05-03.11.41:846][  0]LogConfig: Setting CVar [[vr.InstancedStereo:0]]
01-04 22:11:41.847 22450 22471 D UE4     : [2019.01.05-03.11.41:846][  0]LogConfig: Setting CVar [[vr.MultiView:0]]
01-04 22:11:41.847 22450 22471 D UE4     : [2019.01.05-03.11.41:847][  0]LogConfig: Setting CVar [[vr.MobileMultiView:0]]
01-04 22:11:41.847 22450 22471 D UE4     : [2019.01.05-03.11.41:847][  0]LogConfig: Setting CVar [[vr.MobileMultiView.Direct:0]]
01-04 22:11:41.847 22450 22471 D UE4     : [2019.01.05-03.11.41:847][  0]LogConfig: Setting CVar [[vr.MonoscopicFarField:0]]
01-04 22:11:41.847 22450 22471 D UE4     : [2019.01.05-03.11.41:847][  0]LogConfig: Setting CVar [[r.WireframeCullThreshold:5.000000]]
01-04 22:11:41.847 22450 22471 D UE4     : [2019.01.05-03.11.41:847][  0]LogConfig: Setting CVar [[r.SupportStationarySkylight:1]]
01-04 22:11:41.847 22450 22471 D UE4     : [2019.01.05-03.11.41:847][  0]LogConfig: Setting CVar [[r.SupportLowQualityLightmaps:1]]
01-04 22:11:41.847 22450 22471 D UE4     : [2019.01.05-03.11.41:847][  0]LogConfig: Setting CVar [[r.SupportPointLightWholeSceneShadows:1]]
01-04 22:11:41.847 22450 22471 D UE4     : [2019.01.05-03.11.41:847][  0]LogConfig: Setting CVar [[r.SupportAtmosphericFog:1]]
01-04 22:11:41.847 22450 22471 D UE4     : [2019.01.05-03.11.41:847][  0]LogConfig: Setting CVar [[r.SkinCache.CompileShaders:0]]
01-04 22:11:41.847 22450 22471 D UE4     : [2019.01.05-03.11.41:847][  0]LogConfig: Setting CVar [[r.Mobile.EnableStaticAndCSMShadowReceivers:1]]
01-04 22:11:41.847 22450 22471 D UE4     : [2019.01.05-03.11.41:847][  0]LogConfig: Setting CVar [[r.Mobile.AllowDistanceFieldShadows:1]]
01-04 22:11:41.847 22450 22471 D UE4     : [2019.01.05-03.11.41:847][  0]LogConfig: Setting CVar [[r.Mobile.AllowMovableDirectionalLights:1]]
01-04 22:11:41.847 22450 22471 D UE4     : [2019.01.05-03.11.41:847][  0]LogConfig: Setting CVar [[r.MobileNumDynamicPointLights:4]]
01-04 22:11:41.847 22450 22471 D UE4     : [2019.01.05-03.11.41:847][  0]LogConfig: Setting CVar [[r.MobileDynamicPointLightsUseStaticBranch:1]]
01-04 22:11:41.847 22450 22471 D UE4     : [2019.01.05-03.11.41:847][  0]LogConfig: Setting CVar [[r.SkinCache.SceneMemoryLimitInMB:128.000000]]
01-04 22:11:41.847 22450 22471 D UE4     : [2019.01.05-03.11.41:847][  0]LogConfig: Setting CVar [[r.GPUSkin.Limit2BoneInfluences:0]]
01-04 22:11:41.848 22450 22471 D UE4     : [2019.01.05-03.11.41:847][  0]LogConfig: Setting CVar [[r.SupportDepthOnlyIndexBuffers:1]]
01-04 22:11:41.848 22450 22471 D UE4     : [2019.01.05-03.11.41:848][  0]LogConfig: Setting CVar [[r.SupportReversedIndexBuffers:1]]
01-04 22:11:41.848 22450 22471 D UE4     : [2019.01.05-03.11.41:848][  0]LogConfig: Applying CVar settings from Section [/Script/Engine.RendererOverrideSettings] File [../../../StackerGame/Saved/Config/Android/Engine.ini]
01-04 22:11:41.848 22450 22471 D UE4     : [2019.01.05-03.11.41:848][  0]LogConfig: Applying CVar settings from Section [/Script/Engine.StreamingSettings] File [../../../StackerGame/Saved/Config/Android/Engine.ini]
01-04 22:11:41.848 22450 22471 D UE4     : [2019.01.05-03.11.41:848][  0]LogConfig: Setting CVar [[s.MinBulkDataSizeForAsyncLoading:131072]]
01-04 22:11:41.848 22450 22471 D UE4     : [2019.01.05-03.11.41:848][  0]LogConfig: Setting CVar [[s.AsyncLoadingThreadEnabled:0]]
01-04 22:11:41.848 22450 22471 D UE4     : [2019.01.05-03.11.41:848][  0]LogConfig: Setting CVar [[s.EventDrivenLoaderEnabled:1]]
01-04 22:11:41.848 22450 22471 D UE4     : [2019.01.05-03.11.41:848][  0]LogConfig: Setting CVar [[s.WarnIfTimeLimitExceeded:0]]
01-04 22:11:41.848 22450 22471 D UE4     : [2019.01.05-03.11.41:848][  0]LogConfig: Setting CVar [[s.TimeLimitExceededMultiplier:1.5]]
01-04 22:11:41.848 22450 22471 D UE4     : [2019.01.05-03.11.41:848][  0]LogConfig: Setting CVar [[s.TimeLimitExceededMinTime:0.005]]
01-04 22:11:41.848 22450 22471 D UE4     : [2019.01.05-03.11.41:848][  0]LogConfig: Setting CVar [[s.UseBackgroundLevelStreaming:1]]
01-04 22:11:41.848 22450 22471 D UE4     : [2019.01.05-03.11.41:848][  0]LogConfig: Setting CVar [[s.PriorityAsyncLoadingExtraTime:15.0]]
01-04 22:11:41.848 22450 22471 D UE4     : [2019.01.05-03.11.41:848][  0]LogConfig: Setting CVar [[s.LevelStreamingActorsUpdateTimeLimit:5.0]]
01-04 22:11:41.848 22450 22471 D UE4     : [2019.01.05-03.11.41:848][  0]LogConfig: Setting CVar [[s.PriorityLevelStreamingActorsUpdateExtraTime:5.0]]
01-04 22:11:41.848 22450 22471 D UE4     : [2019.01.05-03.11.41:848][  0]LogConfig: Setting CVar [[s.LevelStreamingComponentsRegistrationGranularity:10]]
01-04 22:11:41.848 22450 22471 D UE4     : [2019.01.05-03.11.41:848][  0]LogConfig: Setting CVar [[s.UnregisterComponentsTimeLimit:1.0]]
01-04 22:11:41.848 22450 22471 D UE4     : [2019.01.05-03.11.41:848][  0]LogConfig: Setting CVar [[s.LevelStreamingComponentsUnregistrationGranularity:5]]
01-04 22:11:41.849 22450 22471 D UE4     : [2019.01.05-03.11.41:849][  0]LogConfig: Applying CVar settings from Section [/Script/Engine.GarbageCollectionSettings] File [../../../StackerGame/Saved/Config/Android/Engine.ini]
01-04 22:11:41.849 22450 22471 D UE4     : [2019.01.05-03.11.41:849][  0]LogConfig: Setting CVar [[gc.MaxObjectsNotConsideredByGC:1]]
01-04 22:11:41.849 22450 22471 D UE4     : [2019.01.05-03.11.41:849][  0]LogConfig: Setting CVar [[gc.SizeOfPermanentObjectPool:0]]
01-04 22:11:41.849 22450 22471 D UE4     : [2019.01.05-03.11.41:849][  0]LogConfig: Setting CVar [[gc.FlushStreamingOnGC:0]]
01-04 22:11:41.849 22450 22471 D UE4     : [2019.01.05-03.11.41:849][  0]LogConfig: Setting CVar [[gc.NumRetriesBeforeForcingGC:10]]
01-04 22:11:41.849 22450 22471 D UE4     : [2019.01.05-03.11.41:849][  0]LogConfig: Setting CVar [[gc.AllowParallelGC:1]]
01-04 22:11:41.849 22450 22471 D UE4     : [2019.01.05-03.11.41:849][  0]LogConfig: Setting CVar [[gc.TimeBetweenPurgingPendingKillObjects:61.1]]
01-04 22:11:41.849 22450 22471 D UE4     : [2019.01.05-03.11.41:849][  0]LogConfig: Setting CVar [[gc.MaxObjectsInEditor:8388607]]
01-04 22:11:41.849 22450 22471 D UE4     : [2019.01.05-03.11.41:849][  0]LogConfig: Setting CVar [[gc.IncrementalBeginDestroyEnabled:1]]
01-04 22:11:41.849 22450 22471 D UE4     : [2019.01.05-03.11.41:849][  0]LogConfig: Setting CVar [[gc.CreateGCClusters:1]]
01-04 22:11:41.849 22450 22471 D UE4     : [2019.01.05-03.11.41:849][  0]LogConfig: Setting CVar [[gc.MergeGCClusters:0]]
01-04 22:11:41.849 22450 22471 D UE4     : [2019.01.05-03.11.41:849][  0]LogConfig: Setting CVar [[gc.MinGCClusterSize:5]]
01-04 22:11:41.849 22450 22471 D UE4     : [2019.01.05-03.11.41:849][  0]LogConfig: Setting CVar [[gc.ActorClusteringEnabled:0]]
01-04 22:11:41.849 22450 22471 D UE4     : [2019.01.05-03.11.41:849][  0]LogConfig: Setting CVar [[gc.BlueprintClusteringEnabled:0]]
01-04 22:11:41.849 22450 22471 D UE4     : [2019.01.05-03.11.41:849][  0]LogConfig: Setting CVar [[gc.UseDisregardForGCOnDedicatedServers:0]]
01-04 22:11:41.849 22450 22471 D UE4     : [2019.01.05-03.11.41:849][  0]LogConfig: Setting CVar [[gc.MaxObjectsInGame:131072]]
01-04 22:11:41.850 22450 22471 D UE4     : [2019.01.05-03.11.41:849][  0]LogConfig: Applying CVar settings from Section [/Script/Engine.NetworkSettings] File [../../../StackerGame/Saved/Config/Android/Engine.ini]
01-04 22:11:41.850 22450 22471 D UE4     : [2019.01.05-03.11.41:850][  0]LogAndroid: Mobile HDR: no
01-04 22:11:41.850 22450 22471 D UE4     : [2019.01.05-03.11.41:850][  0]LogAndroid: Setting Width=720 and Height=1280 (requested scale = 1.000000)
01-04 22:11:41.850 22450 22471 D UE4     : [2019.01.05-03.11.41:850][  0]LogConfig: Applying CVar settings from Section [ViewDistanceQuality@3] File [../../../StackerGame/Saved/Config/Android/Scalability.ini]
01-04 22:11:41.850 22450 22471 D UE4     : [2019.01.05-03.11.41:850][  0]LogConfig: Setting CVar [[r.SkeletalMeshLODBias:0]]
01-04 22:11:41.850 22450 22471 D UE4     : [2019.01.05-03.11.41:850][  0]LogConfig: Setting CVar [[r.ViewDistanceScale:1.0]]
01-04 22:11:41.851 22450 22471 D UE4     : [2019.01.05-03.11.41:850][  0]LogConfig: Applying CVar settings from Section [AntiAliasingQuality@3] File [../../../StackerGame/Saved/Config/Android/Scalability.ini]
01-04 22:11:41.851 22450 22471 D UE4     : [2019.01.05-03.11.41:851][  0]LogConfig: Setting CVar [[r.PostProcessAAQuality:4]]
01-04 22:11:41.851 22450 22471 D UE4     : [2019.01.05-03.11.41:851][  0]LogConfig: Applying CVar settings from Section [ShadowQuality@3] File [../../../StackerGame/Saved/Config/Android/Scalability.ini]
01-04 22:11:41.851 22450 22471 D UE4     : [2019.01.05-03.11.41:851][  0]LogConfig: Setting CVar [[r.LightFunctionQuality:1]]
01-04 22:11:41.851 22450 22471 D UE4     : [2019.01.05-03.11.41:851][  0]LogConfig: Setting CVar [[r.ShadowQuality:5]]
01-04 22:11:41.851 22450 22471 D UE4     : [2019.01.05-03.11.41:851][  0]LogConfig: Setting CVar [[r.Shadow.CSM.MaxCascades:10]]
01-04 22:11:41.851 22450 22471 D UE4     : [2019.01.05-03.11.41:851][  0]LogConfig: Setting CVar [[r.Shadow.MaxResolution:2048]]
01-04 22:11:41.851 22450 22471 D UE4     : [2019.01.05-03.11.41:851][  0]LogConfig: Setting CVar [[r.Shadow.MaxCSMResolution:2048]]
01-04 22:11:41.851 22450 22471 D UE4     : [2019.01.05-03.11.41:851][  0]LogConfig: Setting CVar [[r.Shadow.RadiusThreshold:0.01]]
01-04 22:11:41.851 22450 22471 D UE4     : [2019.01.05-03.11.41:851][  0]LogConfig: Setting CVar [[r.Shadow.DistanceScale:1.0]]
01-04 22:11:41.851 22450 22471 D UE4     : [2019.01.05-03.11.41:851][  0]LogConfig: Setting CVar [[r.Shadow.CSM.TransitionScale:1.0]]
01-04 22:11:41.851 22450 22471 D UE4     : [2019.01.05-03.11.41:851][  0]LogConfig: Setting CVar [[r.Shadow.PreShadowResolutionFactor:1.0]]
01-04 22:11:41.851 22450 22471 D UE4     : [2019.01.05-03.11.41:851][  0]LogConfig: Setting CVar [[r.DistanceFieldShadowing:1]]
01-04 22:11:41.851 22450 22471 D UE4     : [2019.01.05-03.11.41:851][  0]LogConfig: Setting CVar [[r.DistanceFieldAO:1]]
01-04 22:11:41.851 22450 22471 D UE4     : [2019.01.05-03.11.41:851][  0]LogConfig: Setting CVar [[r.AOQuality:2]]
01-04 22:11:41.851 22450 22471 D UE4     : [2019.01.05-03.11.41:851][  0]LogConfig: Setting CVar [[r.VolumetricFog:1]]
01-04 22:11:41.852 22450 22471 D UE4     : [2019.01.05-03.11.41:851][  0]LogConfig: Setting CVar [[r.VolumetricFog.GridPixelSize:8]]
01-04 22:11:41.852 22450 22471 D UE4     : [2019.01.05-03.11.41:852][  0]LogConfig: Setting CVar [[r.VolumetricFog.GridSizeZ:128]]
01-04 22:11:41.852 22450 22471 D UE4     : [2019.01.05-03.11.41:852][  0]LogConfig: Setting CVar [[r.VolumetricFog.HistoryMissSupersampleCount:4]]
01-04 22:11:41.852 22450 22471 D UE4     : [2019.01.05-03.11.41:852][  0]LogConfig: Setting CVar [[r.LightMaxDrawDistanceScale:1]]
01-04 22:11:41.852 22450 22471 D UE4     : [2019.01.05-03.11.41:852][  0]LogConfig: Setting CVar [[r.CapsuleShadows:1]]
01-04 22:11:41.852 22450 22471 D UE4     : [2019.01.05-03.11.41:852][  0]LogConfig: Applying CVar settings from Section [PostProcessQuality@3] File [../../../StackerGame/Saved/Config/Android/Scalability.ini]
01-04 22:11:41.852 22450 22471 D UE4     : [2019.01.05-03.11.41:852][  0]LogConfig: Setting CVar [[r.MotionBlurQuality:4]]
01-04 22:11:41.852 22450 22471 D UE4     : [2019.01.05-03.11.41:852][  0]LogConfig: Setting CVar [[r.AmbientOcclusionMipLevelFactor:0.4]]
01-04 22:11:41.852 22450 22471 D UE4     : [2019.01.05-03.11.41:852][  0]LogConfig: Setting CVar [[r.AmbientOcclusionMaxQuality:100]]
01-04 22:11:41.852 22450 22471 D UE4     : [2019.01.05-03.11.41:852][  0]LogConfig: Setting CVar [[r.AmbientOcclusionLevels:-1]]
01-04 22:11:41.852 22450 22471 D UE4     : [2019.01.05-03.11.41:852][  0]LogConfig: Setting CVar [[r.AmbientOcclusionRadiusScale:1.0]]
01-04 22:11:41.852 22450 22471 D UE4     : [2019.01.05-03.11.41:852][  0]LogConfig: Setting CVar [[r.DepthOfFieldQuality:2]]
01-04 22:11:41.852 22450 22471 D UE4     : [2019.01.05-03.11.41:852][  0]LogConfig: Setting CVar [[r.RenderTargetPoolMin:400]]
01-04 22:11:41.852 22450 22471 D UE4     : [2019.01.05-03.11.41:852][  0]LogConfig: Setting CVar [[r.LensFlareQuality:2]]
01-04 22:11:41.852 22450 22471 D UE4     : [2019.01.05-03.11.41:852][  0]LogConfig: Setting CVar [[r.SceneColorFringeQuality:1]]
01-04 22:11:41.852 22450 22471 D UE4     : [2019.01.05-03.11.41:852][  0]LogConfig: Setting CVar [[r.EyeAdaptationQuality:2]]
01-04 22:11:41.852 22450 22471 D UE4     : [2019.01.05-03.11.41:852][  0]LogConfig: Setting CVar [[r.BloomQuality:5]]
01-04 22:11:41.853 22450 22471 D UE4     : [2019.01.05-03.11.41:852][  0]LogConfig: Setting CVar [[r.FastBlurThreshold:100]]
01-04 22:11:41.853 22450 22471 D UE4     : [2019.01.05-03.11.41:853][  0]LogConfig: Setting CVar [[r.Upscale.Quality:3]]
01-04 22:11:41.853 22450 22471 D UE4     : [2019.01.05-03.11.41:853][  0]LogConfig: Setting CVar [[r.Tonemapper.GrainQuantization:1]]
01-04 22:11:41.853 22450 22471 D UE4     : [2019.01.05-03.11.41:853][  0]LogConfig: Setting CVar [[r.LightShaftQuality:1]]
01-04 22:11:41.853 22450 22471 D UE4     : [2019.01.05-03.11.41:853][  0]LogConfig: Setting CVar [[r.Filter.SizeScale:1]]
01-04 22:11:41.853 22450 22471 D UE4     : [2019.01.05-03.11.41:853][  0]LogConfig: Setting CVar [[r.Tonemapper.Quality:5]]
01-04 22:11:41.853 22450 22471 D UE4     : [2019.01.05-03.11.41:853][  0]LogConfig: Setting CVar [[r.DOF.Gather.AccumulatorQuality:1        ; higher gathering accumulator quality]]
01-04 22:11:41.853 22450 22471 D UE4     : [2019.01.05-03.11.41:853][  0]LogConfig: Setting CVar [[r.DOF.Gather.PostfilterMethod:1          ; Median3x3 postfilering method]]
01-04 22:11:41.853 22450 22471 D UE4     : [2019.01.05-03.11.41:853][  0]LogConfig: Setting CVar [[r.DOF.Gather.EnableBokehSettings:0       ; no bokeh simulation when gathering]]
01-04 22:11:41.853 22450 22471 D UE4     : [2019.01.05-03.11.41:853][  0]LogConfig: Setting CVar [[r.DOF.Gather.RingCount:4                 ; medium number of samples when gathering]]
01-04 22:11:41.853 22450 22471 D UE4     : [2019.01.05-03.11.41:853][  0]LogConfig: Setting CVar [[r.DOF.Scatter.ForegroundCompositing:1    ; additive foreground scattering]]
01-04 22:11:41.853 22450 22471 D UE4     : [2019.01.05-03.11.41:853][  0]LogConfig: Setting CVar [[r.DOF.Scatter.BackgroundCompositing:2    ; additive background scattering]]
01-04 22:11:41.853 22450 22471 D UE4     : [2019.01.05-03.11.41:853][  0]LogConfig: Setting CVar [[r.DOF.Scatter.EnableBokehSettings:1      ; bokeh simulation when scattering]]
01-04 22:11:41.853 22450 22471 D UE4     : [2019.01.05-03.11.41:853][  0]LogConfig: Setting CVar [[r.DOF.Scatter.MaxSpriteRatio:0.1         ; only a maximum of 10% of scattered bokeh]]
01-04 22:11:41.853 22450 22471 D UE4     : [2019.01.05-03.11.41:853][  0]LogConfig: Setting CVar [[r.DOF.Recombine.Quality:1                ; cheap slight out of focus]]
01-04 22:11:41.853 22450 22471 D UE4     : [2019.01.05-03.11.41:853][  0]LogConfig: Setting CVar [[r.DOF.Recombine.EnableBokehSettings:0    ; no bokeh simulation on slight out of focus]]
01-04 22:11:41.854 22450 22471 D UE4     : [2019.01.05-03.11.41:854][  0]LogConfig: Setting CVar [[r.DOF.TemporalAAQuality:1                ; more stable temporal accumulation]]
01-04 22:11:41.854 22450 22471 D UE4     : [2019.01.05-03.11.41:854][  0]LogConfig: Setting CVar [[r.DOF.Kernel.MaxForegroundRadius:0.025]]
01-04 22:11:41.854 22450 22471 D UE4     : [2019.01.05-03.11.41:854][  0]LogConfig: Setting CVar [[r.DOF.Kernel.MaxBackgroundRadius:0.025]]
01-04 22:11:41.854 22450 22471 D UE4     : [2019.01.05-03.11.41:854][  0]LogConfig: Applying CVar settings from Section [TextureQuality@3] File [../../../StackerGame/Saved/Config/Android/Scalability.ini]
01-04 22:11:41.854 22450 22471 D UE4     : [2019.01.05-03.11.41:854][  0]LogConfig: Setting CVar [[r.Streaming.MipBias:0]]
01-04 22:11:41.854 22450 22471 D UE4     : [2019.01.05-03.11.41:854][  0]LogConfig: Setting CVar [[r.Streaming.AmortizeCPUToGPUCopy:0]]
01-04 22:11:41.854 22450 22471 D UE4     : [2019.01.05-03.11.41:854][  0]LogConfig: Setting CVar [[r.Streaming.MaxNumTexturesToStreamPerFrame:0]]
01-04 22:11:41.854 22450 22471 D UE4     : [2019.01.05-03.11.41:854][  0]LogConfig: Setting CVar [[r.Streaming.Boost:1]]
01-04 22:11:41.854 22450 22471 D UE4     : [2019.01.05-03.11.41:854][  0]LogConfig: Setting CVar [[r.MaxAnisotropy:8]]
01-04 22:11:41.854 22450 22471 D UE4     : [2019.01.05-03.11.41:854][  0]LogConfig: Setting CVar [[r.Streaming.LimitPoolSizeToVRAM:0]]
01-04 22:11:41.854 22450 22471 D UE4     : [2019.01.05-03.11.41:854][  0]LogConfig: Setting CVar [[r.Streaming.PoolSize:1000]]
01-04 22:11:41.854 22450 22471 D UE4     : [2019.01.05-03.11.41:854][  0]LogConfig: Setting CVar [[r.Streaming.MaxEffectiveScreenSize:0]]
01-04 22:11:41.854 22450 22471 D UE4     : [2019.01.05-03.11.41:854][  0]LogConfig: Applying CVar settings from Section [EffectsQuality@3] File [../../../StackerGame/Saved/Config/Android/Scalability.ini]
01-04 22:11:41.854 22450 22471 D UE4     : [2019.01.05-03.11.41:854][  0]LogConfig: Setting CVar [[r.TranslucencyLightingVolumeDim:64]]
01-04 22:11:41.854 22450 22471 D UE4     : [2019.01.05-03.11.41:854][  0]LogConfig: Setting CVar [[r.RefractionQuality:2]]
01-04 22:11:41.854 22450 22471 D UE4     : [2019.01.05-03.11.41:854][  0]LogConfig: Setting CVar [[r.SSR.Quality:3]]
01-04 22:11:41.855 22450 22471 D UE4     : [2019.01.05-03.11.41:854][  0]LogConfig: Setting CVar [[r.SceneColorFormat:4]]
01-04 22:11:41.855 22450 22471 D UE4     : [2019.01.05-03.11.41:855][  0]LogConfig: Setting CVar [[r.DetailMode:2]]
01-04 22:11:41.855 22450 22471 D UE4     : [2019.01.05-03.11.41:855][  0]LogConfig: Setting CVar [[r.TranslucencyVolumeBlur:1]]
01-04 22:11:41.855 22450 22471 D UE4     : [2019.01.05-03.11.41:855][  0]LogConfig: Setting CVar [[r.MaterialQualityLevel:1 ; High quality]]
01-04 22:11:41.855 22450 22471 D UE4     : [2019.01.05-03.11.41:855][  0]LogConfig: Setting CVar [[r.SSS.Scale:1]]
01-04 22:11:41.855 22450 22471 D UE4     : [2019.01.05-03.11.41:855][  0]LogConfig: Setting CVar [[r.SSS.SampleSet:2]]
01-04 22:11:41.855 22450 22471 D UE4     : [2019.01.05-03.11.41:855][  0]LogConfig: Setting CVar [[r.SSS.Quality:1]]
01-04 22:11:41.855 22450 22471 D UE4     : [2019.01.05-03.11.41:855][  0]LogConfig: Setting CVar [[r.SSS.HalfRes:1]]
01-04 22:11:41.855 22450 22471 D UE4     : [2019.01.05-03.11.41:855][  0]LogConfig: Setting CVar [[r.EmitterSpawnRateScale:1.0]]
01-04 22:11:41.855 22450 22471 D UE4     : [2019.01.05-03.11.41:855][  0]LogConfig: Setting CVar [[r.ParticleLightQuality:2]]
01-04 22:11:41.855 22450 22471 D UE4     : [2019.01.05-03.11.41:855][  0]LogConfig: Applying CVar settings from Section [FoliageQuality@3] File [../../../StackerGame/Saved/Config/Android/Scalability.ini]
01-04 22:11:41.855 22450 22471 D UE4     : [2019.01.05-03.11.41:855][  0]LogConfig: Setting CVar [[foliage.DensityScale:1.0]]
01-04 22:11:41.855 22450 22471 D UE4     : [2019.01.05-03.11.41:855][  0]LogConfig: Setting CVar [[grass.DensityScale:1.0]]
01-04 22:11:41.856 22450 22471 D UE4     : [2019.01.05-03.11.41:856][  0]LogAndroid: Vulkan not available as project packaged without bSupportsVulkan or bSupportsVulkanSM5.
01-04 22:11:41.896 22450 22471 D UE4     : [2019.01.05-03.11.41:896][  0]LogAndroid: Checking 32 rules from DeviceProfile ini file.
01-04 22:11:41.897 22450 22471 D UE4     : [2019.01.05-03.11.41:897][  0]LogAndroid:   Default profile: Android_Default
01-04 22:11:41.897 22450 22471 D UE4     : [2019.01.05-03.11.41:897][  0]LogAndroid:   GpuFamily: Mali-T760
01-04 22:11:41.897 22450 22471 D UE4     : [2019.01.05-03.11.41:897][  0]LogAndroid:   GlVersion: OpenGL ES 3.2 v1.r15p0-00rel0.68b65ac7cf15907aeb95fa944f39eef2
