01-11 19:39:55.086  3757  4552 D SemContextService: Listener : com.samsung.android.hardware.context.SemContextService$Listener@6fd3728, Service : Activity Batch
01-11 19:39:55.086  3757  4552 D SemContextService: Listener : com.samsung.android.hardware.context.SemContextService$Listener@a5d2fbc, Service : Sensor Status Check
01-11 19:39:55.086  3757  4552 D SemContextService: Listener : com.samsung.android.hardware.context.SemContextService$Listener@79507f2, Service : Activity Tracker
01-11 19:39:55.086  3757  4552 D SemContextService: Listener : com.samsung.android.hardware.context.SemContextService$Listener@1e7b13e, Service : Auto Rotation
01-11 19:39:55.086  3757  4552 D SemContextManager:   .unregisterListener : listener = android.hardware.scontext.SContextManager$SContextListenerDelegate@bab1b51, service=Auto Brightness
01-11 19:39:55.086  3757  4552 D SContextManager:   .unregisterListener : listener = com.android.server.display.AutomaticBrightnessController$5@265e6d5, service=Auto Brightness
01-11 19:39:55.086  3757  4552 D PowerManagerUtil: Excessive delay in SensorHubAutoBrightnessEnabled::unregisterListener done: 55ms
01-11 19:39:55.093 21156 21156 D [WeatherWidget(15061)]  : {[907D161D855C099E8A312E5C2BBE6025535DBBB5BBD827FC6E63D75F709CFBF954AE0885C52E41F05277D5DF3BE7D89405855AAA9A62A3E6274E1ABA76517016]}
01-11 19:39:55.094 21156 21156 D [WeatherWidget(15061)]  WeatherAppWidget2x1: {[9C41A2EAFAAB2EF4F8363256C22FE8AD176C2E70281622FE10C55CE4F020D91847EBF4B34973709DA9F468F8024D59099B1123845E09A0FAC59473FA9ED60953]}
01-11 19:39:55.106  5024  5024 D PhoneApp: PhoneAppBroadcastReceiver onReceive android.intent.action.ANY_DATA_STATE
01-11 19:39:55.108  5024  5024 D PhoneApp: mReceiver: ACTION_ANY_DATA_CONNECTION_STATE_CHANGED
01-11 19:39:55.109  5024  5024 D PhoneApp: - state: CONNECTED apnType= ims
01-11 19:39:55.109  5024  5024 D PhoneApp: - reason: SCREEN_ON
01-11 19:39:55.109  5024  5024 D PhoneApp: - subId: 1
01-11 19:39:55.109  5024  5024 D PhoneApp: - phoneId: 0
01-11 19:39:55.109  5024  5024 I PhoneApp: Phone.REASON_ROAMING_ON : roamingOn
01-11 19:39:55.109  5024  5024 I PhoneApp: PhoneConstants.STATE_CHANGE_REASON_KEY : SCREEN_ON
01-11 19:39:55.110  5024  5024 D PhoneApp: disconnectedDueToRoaming = false PhoneUtils.isDataRoaming() = false
01-11 19:39:55.110  5024  5024 I TelephonyExtensionManager: state - CONNECTED
01-11 19:39:55.110  4616  4616 D TextClock: TextClock received ACTION_TIME_TICK : start
01-11 19:39:55.110  5024  5024 D FileWriteThread_Telephony: FileWriteThread : threadType = 3
01-11 19:39:55.110  4616  4616 D TextClock: TextClock received ACTION_TIME_TICK : end
01-11 19:39:55.114  3757 29841 D CompatibilityInfo: mCompatibilityFlags - 0
01-11 19:39:55.114  3757 29841 D CompatibilityInfo: applicationDensity - 420
01-11 19:39:55.114  3757 29841 D CompatibilityInfo: applicationScale - 1.0
01-11 19:39:55.115 21156 21156 D [WeatherWidget(15061)]  EasyWeatherAppWidget: {[48948B2BE5213A6D5B0C9B7747497512CAC38177609B2B6F1F16DB965D7D43410EDA2D444ACBA386E91E1FA6B3C38870128DD346C4D39F4B310AAEB16D5215E65B3E04A593E577F60D76D1932AD9EADD16B356DA517EF1B193C3C2443D58583FF4130EE2B5F5334C0BA0A0CCF7224CD6C07C390FD15A32A436637D0FACABFEA4]}
01-11 19:39:55.119  3268 24128 I tlc_communication: mcWaitNotification is completed;237
01-11 19:39:55.119  3268 24128 I TLC_BAUTH: Check the Trustlet return code is completed;1288
01-11 19:39:55.119  3268 24128 D bauth_FPBAuthService: check_opcode status = 2, opcode = 5, func_ret_val = 0, function_status = 1, timeout = 0
01-11 19:39:55.119 21156 21156 D [WeatherWidget(15061)]  : {[907D161D855C099E8A312E5C2BBE6025535DBBB5BBD827FC6E63D75F709CFBF954AE0885C52E41F05277D5DF3BE7D89405855AAA9A62A3E6274E1ABA76517016]}
01-11 19:39:55.119  3268 24128 D bauth_FPBAuthService: FPBAuthService, 1541
01-11 19:39:55.119  3268 24128 D bauth_FPBAuthService: FPBAuthService, 1551
01-11 19:39:55.119  3268 24128 D bauth_FPBAuthService: FPBAuthService, 1552
01-11 19:39:55.119  3268 24128 D bauth_FPBAuthService: fpop : 100021
01-11 19:39:55.119  3268 24128 D fingerprintd: onAcquired(10002)
01-11 19:39:55.119  3268 24128 D bauth_FPBAuthService: FPBAuthService, 3388
01-11 19:39:55.119  3268 24128 I TLC_BAUTH: Call FP cmd 0x6;1222
01-11 19:39:55.119  3268 24128 I tlc_communication: Send Trustlet TCI Message;214
01-11 19:39:55.119  3268 24128 I tlc_communication: mcNotify is completed;224
01-11 19:39:55.120  3757  3757 I FingerprintService: handleAcquired : acquiredInfo=10002
01-11 19:39:55.123  3268 24128 I tlc_communication: mcWaitNotification is completed;237
01-11 19:39:55.123  4616  4823 D NetworkController.MobileSignalController(0/1): onDataActivity: direction=0
01-11 19:39:55.123  3268 24128 I TLC_BAUTH: Check the Trustlet return code is completed;1288
01-11 19:39:55.123  3268 24128 D bauth_FPBAuthService: check_opcode status = 2, opcode = 6, func_ret_val = 0, function_status = 1, timeout = 0
01-11 19:39:55.123  3268 24128 D bauth_FPBAuthService: FPBAuthService, 1164
01-11 19:39:55.123  3268 24128 D bauth_FPBAuthService: FPBAuthService, 1170
01-11 19:39:55.123  3268 24128 D bauth_FPBAuthService: fpop : 100022
01-11 19:39:55.123  3268 24128 D fingerprintd: onAcquired(10003)
01-11 19:39:55.124  3757  4440 D SamsungAlarmManager: setInexact Intent (T:3/F:0/AC:false) 20190111T194055 - CU:10014/CP:5918
01-11 19:39:55.124  5035  5670 D EPDG -- [EPDGService]: onDataActivity: direction=0
01-11 19:39:55.125  3268 24128 D bauth_FPBAuthService: FPBAuthService, 3388
01-11 19:39:55.125  3268 24128 I TLC_BAUTH: Call FP cmd 0x6;1222
01-11 19:39:55.125  3268 24128 I tlc_communication: Send Trustlet TCI Message;214
01-11 19:39:55.125  3268 24128 I tlc_communication: mcNotify is completed;224
01-11 19:39:55.125  3757  3757 I FingerprintService: handleAcquired : acquiredInfo=10003
01-11 19:39:55.125  3757 24153 D MISC PowerHAL: sysfs_write -: /sys/class/input/event1/device/enabled: 1
01-11 19:39:55.126  3757  3800 D MISC PowerHAL: sysfs_write +: /sys/class/power_supply/battery/lcd: 1
01-11 19:39:55.126 21156 21156 D [WeatherWidget(15061)]  EasyWeatherAppWidget: {[48948B2BE5213A6D5B0C9B7747497512D7646A5A57C4B1820BB1D39DF9F23EA3D05ADA26DF3F5FEC4FA6AFC9EED5963485B3863BE45B906B9F93E60E1BD5AC1F]}
01-11 19:39:55.126  3757  3800 D MISC PowerHAL: sysfs_write -: /sys/class/power_supply/battery/lcd: 1
01-11 19:39:55.126  3757  3800 D PowerManagerService-JNI: Excessive delay in MISC setInteractive(true) while turning screen on: 203ms
01-11 19:39:55.126  3757  3800 D PowerManagerUtil: Excessive delay in nativeSetInteractive(true): 204ms
01-11 19:39:55.127  3757  3800 D PowerManagerUtil: Excessive delay in DisplayManagerInternal.requestDesiredDisplayState: 523ms
01-11 19:39:55.129  5035  5670 D EPDG -- [EPDGService]: onDataActivity: direction=0
01-11 19:39:55.129  4616  4823 D NetworkController.MobileSignalController(0/1): onDataActivity: direction=0
01-11 19:39:55.131  3757 29841 D CompatibilityInfo: mCompatibilityFlags - 0
01-11 19:39:55.131  3757 29841 D CompatibilityInfo: applicationDensity - 420
01-11 19:39:55.131  3757  3771 D SamsungAlarmManager: Cancel Alarm calling from uid:1001 pid :5024 / op:PendingIntent{329a34a: PendingIntentRecord{3cacd1 com.android.phone broadcastIntent}}
01-11 19:39:55.131  3757 29841 D CompatibilityInfo: applicationScale - 1.0
01-11 19:39:55.134  3757  3771 I SamsungAlarmManager: setLocked to kernel - T:3 / 19691231T191000, SetElapsed=-1546798760672, nowELAPSED=454234462
01-11 19:39:55.135  3757  4354 D SamsungAlarmManager: Expired : 8
01-11 19:39:55.135  3757  4354 I SamsungAlarmManager: setLocked to kernel - T:3 / 20190111T193959, SetElapsed=454239057, nowELAPSED=454234463
01-11 19:39:55.136  3757  4354 V SamsungAlarmManager: Sending to uid : 1000 action=com.android.server.action.UPDATE_TWILIGHT_STATE alarm=Alarm{db742bb type 1 when 600000 android}
01-11 19:39:55.139  4616  4616 D KeyguardFingerPrint: onAuthenticationAcquired() = 10002
01-11 19:39:55.139  4616  4616 D KeyguardFingerPrint: fingerprint applyBooster
01-11 19:39:55.148  3757  4440 D PowerManagerService: [api] [s] userActivity : event: 0 flags: 0 (uid: 10055 pid: 4616) eventTime = 168969984
01-11 19:39:55.149  3757  3757 D SamsungAlarmManager: Cancel Alarm calling from uid:1000 pid :3757 / op:PendingIntent{4fe93d8: PendingIntentRecord{33bba74 android broadcastIntent}}
01-11 19:39:55.152  4616  4616 D KeyguardFingerPrint: onAuthenticationAcquired() = 10003
01-11 19:39:55.152  4616  4616 D KeyguardFingerPrint: fingerprint applyBooster
01-11 19:39:55.155  3757  3770 D SamsungAlarmManager: setInexact Intent (T:3/F:8/AC:false) 20190111T194055 - CU:1001/CP:5024
01-11 19:39:55.161  3757  3757 D SamsungAlarmManager: setExact Intent (T:1/F:9/AC:false) 19691231T191000 - CU:1000/CP:3757
01-11 19:39:55.162  3757 29842 D PowerManagerService: [api] [s] userActivity : event: 0 flags: 0 (uid: 10055 pid: 4616) eventTime = 168969998
01-11 19:39:55.162  3757  3757 I SamsungAlarmManager: setLocked to kernel - T:3 / 20190111T193956, SetElapsed=454235484, nowELAPSED=454234489
01-11 19:39:55.162  3757  3757 D SamsungAlarmManager: Cancel Alarm calling from uid:1000 pid :3757 / op:PendingIntent{ccffbcb: PendingIntentRecord{8ce21cd android broadcastIntent}}
01-11 19:39:55.163  4616  4616 D TextClock: TextClock received ACTION_TIME_TICK : start
01-11 19:39:55.164  4616  4616 D TextClock: TextClock received ACTION_TIME_TICK : end
01-11 19:39:55.165  3757  3757 I SamsungAlarmManager: setLocked to kernel - T:3 / 19691231T191000, SetElapsed=-1546798760672, nowELAPSED=454234493
01-11 19:39:55.165  3757  4354 D SamsungAlarmManager: Expired : 8
01-11 19:39:55.165  3757  3757 D SamsungAlarmManager: Cancel Alarm calling from uid:1000 pid :3757 / op:PendingIntent{bda40e8: PendingIntentRecord{f709244 android broadcastIntent}}
01-11 19:39:55.165  3757  4354 I SamsungAlarmManager: setLocked to kernel - T:3 / 20190111T193959, SetElapsed=454239057, nowELAPSED=454234493
01-11 19:39:55.166  3757  4354 V SamsungAlarmManager: Sending to uid : 1000 action=com.android.server.action.UPDATE_TWILIGHT_STATE alarm=Alarm{280f331 type 1 when 600000 android}
01-11 19:39:55.168  6176  6176 D TextClock: TextClock received ACTION_TIME_TICK : start
01-11 19:39:55.169  6176  6176 D TextClock: TextClock received ACTION_TIME_TICK : end
01-11 19:39:55.190  6176  6176 D TextClock: TextClock received ACTION_TIME_TICK : start
01-11 19:39:55.191  6176  6176 D TextClock: TextClock received ACTION_TIME_TICK : end
01-11 19:39:55.198  5010  5903 D VolteServiceModule: onSreenOnOffChanged: on =1
01-11 19:39:55.198  5010  5903 D StackIF : updateScreenOnOff: on 1
01-11 19:39:55.202  5010  5875 D StackIF.Sender: handleMessage: what 1
01-11 19:39:55.202  6176  6176 D TextClock: TextClock received ACTION_TIME_TICK : start
01-11 19:39:55.203  6176  6176 D TextClock: TextClock received ACTION_TIME_TICK : end
01-11 19:39:55.204  5010  5875 D SECIMSJ : [5042]> REQUEST_UPDATE_COMMON_CONFIG
01-11 19:39:55.204  3757  3795 D DisplayPowerController: ColorFade: onAnimationEnd
01-11 19:39:55.205  3757  3795 D DisplayPowerController: animateScreenStateChange[0]: target=2
01-11 19:39:55.206  3757  3757 D SamsungAlarmManager: Cancel Alarm calling from uid:1000 pid :3757 / op:PendingIntent{3e6aa16: PendingIntentRecord{33bba74 android broadcastIntent}}
01-11 19:39:55.207  3232  3355 E [IMS6.0]: ImsEventLoop: select (1), errno (11)
01-11 19:39:55.207  3232  3355 E [IMS6.0]: ImsEventLoop: select (1), errno (11)
01-11 19:39:55.208  3232  3355 I [IMS6.0]: DispatchUpdateCommonConfig()
01-11 19:39:55.209  3757  3757 D SamsungAlarmManager: setExact Intent (T:1/F:9/AC:false) 19691231T191000 - CU:1000/CP:3757
01-11 19:39:55.209  3757  3757 I SamsungAlarmManager: setLocked to kernel - T:3 / 20190111T193956, SetElapsed=454235534, nowELAPSED=454234537
01-11 19:39:55.211  3232  3358 E [IMS6.0]: IMS_onResponse() Resp Id:101
01-11 19:39:55.211  3232  3358 I [IMS6.0]: ResponseGeneralResponse()
01-11 19:39:55.211  3232  3358 I [IMS6.0]: ResponseGeneralResponse() handle:0
01-11 19:39:55.214  5010  5876 D SECIMSJ : [5042]< REQUEST_UPDATE_COMMON_CONFIG
01-11 19:39:55.215  5010  5876 D StackIF : processResponse: reqId 2
01-11 19:39:55.215  5010  5876 D StackIF : processResponse: handle 0 result REQUEST_SUCCESS reason REASON_NO_ERROR
01-11 19:39:55.216 21742 21917 D ClClient: Not sending keepalive.  Current connection state=STOPPED
01-11 19:39:55.219  6011  6011 D NfcService: Top activity class name = com.epicgames.ue4.GameActivity
01-11 19:39:55.220  6011  6011 D NfcService: FactoryTestApp is not running, keep going
01-11 19:39:55.221  3757 10512 D CoverManagerWhiteLists: isAllowedToUse : SIGNATURE_MATCH
01-11 19:39:55.221  6176  6176 D TextClock: TextClock received ACTION_TIME_TICK : start
01-11 19:39:55.222  6176  6176 D TextClock: TextClock received ACTION_TIME_TICK : end
01-11 19:39:55.223  3215  4549 I SurfaceFlinger: id=8813 Removed DolorFade (12/12)
01-11 19:39:55.224  3215  5562 I SurfaceFlinger: id=8813 Removed DolorFade (-2/12)
01-11 19:39:55.224  3757  3795 D PowerManagerUtil: Excessive delay in ColorFade : dismiss: 18ms
01-11 19:39:55.225  3757  3795 D DisplayPowerController: [Dual Screen Compatible] state[0] :2
01-11 19:39:55.225  6011  6011 I NfcService: When receiving ACTION_SCREEN_ON, S view cover is already opened. So screenState is ON_LOCKED by isKeyguardLocked()
01-11 19:39:55.225  3757  3795 D DisplayPowerController: getFinalBrightness : Summary is 119 -> 119
01-11 19:39:55.225  3757  3795 D DisplayPowerController: Animating brightness: target=119, rate=2000 (PSM:true, AB limit:(-1 ~ -1) MB Limit:(-1 ~ -1))
01-11 19:39:55.225  3757  3795 D DisplayPowerController: [M OS] 0 Notify policy about screen turned on.
01-11 19:39:55.225  3757  3795 D DisplayPowerController: [M OS] 0 REPORTED_TO_POLICY_SCREEN_TURNING_ON -> REPORTED_TO_POLICY_SCREEN_ON.
01-11 19:39:55.225  3757  3795 V KeyguardServiceDelegate: onScreenTurnedOn()
01-11 19:39:55.226  4616 17570 D KeyguardViewMediator: notifyScreenTurnedOn
01-11 19:39:55.226  4616  4616 D KeyguardViewMediator: handleNotifyScreenTurnedOn
01-11 19:39:55.226  6176  6176 D TextClock: TextClock received ACTION_TIME_TICK : start
01-11 19:39:55.227  6176  6176 D TextClock: TextClock received ACTION_TIME_TICK : end
01-11 19:39:55.231  3757  3795 D PowerManagerService: [s] DisplayPowerCallbacks : onStateChanged()
01-11 19:39:55.232  6176  6176 D TextClock: TextClock received ACTION_TIME_TICK : start
01-11 19:39:55.232  3757  3795 D PowerManagerService: mDisplayReady: true
01-11 19:39:55.232  6176  6176 D TextClock: TextClock received ACTION_TIME_TICK : end
01-11 19:39:55.235  6011 24160 D NfcService: call the applyRouting
01-11 19:39:55.239  5035  5670 D EPDG -- [EPDGService]: getIsSimCardRemoved: returning: false
01-11 19:39:55.239  5035  5670 D EPDG -- [EPDGService]: getIsScreenOn: returning: true
01-11 19:39:55.239  5035  5670 D EPDG -- [EpdgServerSelection]: isEpdgServerDnsValid(): returning resulttrue
01-11 19:39:55.240  5035  5670 D EPDG -- [UTILS]: isEnhancedEpdg : false
01-11 19:39:55.244  6176  6176 D TextClock: TextClock received ACTION_TIME_TICK : start
01-11 19:39:55.245  6176  6176 D TextClock: TextClock received ACTION_TIME_TICK : end
01-11 19:39:55.254  3268 24128 I tlc_communication: mcWaitNotification is completed;237
01-11 19:39:55.254  3268 24128 I TLC_BAUTH: Check the Trustlet return code is completed;1288
01-11 19:39:55.255  3268 24128 D bauth_FPBAuthService: check_opcode status = 2, opcode = 0, func_ret_val = 0, function_status = 1, timeout = 0
01-11 19:39:55.255  3268 24128 D bauth_FPBAuthService: FPBAuthService, 3491
01-11 19:39:55.255  3268 24128 D bauth_FPBAuthService: fpop : 100024
01-11 19:39:55.255  3268 24128 D fingerprintd: onAcquired(10005)
01-11 19:39:55.255  3268 24128 D bauth_FPBAuthService: FPBAuthService, 3546
01-11 19:39:55.255  3268 24128 D bauth_FPBAuthService: fpop : 100010
01-11 19:39:55.255  3268 24128 D fingerprintd: onAuthenticated(fid=1, gid=0)
01-11 19:39:55.255  6176  6176 D TextClock: TextClock received ACTION_TIME_TICK : start
01-11 19:39:55.256  6176  6176 D TextClock: TextClock received ACTION_TIME_TICK : end
01-11 19:39:55.256  3757  3757 I FingerprintService: handleAcquired : acquiredInfo=10005
01-11 19:39:55.257  5971  5971 I HwDetectorWithState: #performNextHotwordAction action: 0
01-11 19:39:55.261  3268 24128 I TLC_BAUTH: Call FP cmd 0xc (46);1557
01-11 19:39:55.261  6176  6176 D TextClock: TextClock received ACTION_TIME_TICK : start
01-11 19:39:55.262  6176  6176 D TextClock: TextClock received ACTION_TIME_TICK : end
01-11 19:39:55.262  3757  3757 I FingerprintService: handleAuthenticated : true
01-11 19:39:55.263  3757  3757 W ContextImpl: Calling a method in the system process without a qualified user: android.app.ContextImpl.sendBroadcast:906 com.android.server.fingerprint.FingerprintService.insertSurveyLog:2113 com.android.server.fingerprint.FingerprintService$11.insertSurveyLog:1216 com.android.server.fingerprint.AuthenticationClient.onAuthenticated:140 com.android.server.fingerprint.FingerprintService.handleAuthenticated:484 
01-11 19:39:55.264  3237 17217 I APM_AudioPolicyManager: getInputForAttr() source 1999, samplingRate 16000, format 1, channelMask 10,session 56937, flags 0
01-11 19:39:55.264  3757  3757 I FingerprintService: sendFingerprintBigdata() mSemHqmManager.sendHWParamToHQM !!!
01-11 19:39:55.266  3268 24128 I TLC_BAUTH: reqUserID = User_0 | User_0;1614
01-11 19:39:55.266  3268 24128 I tlc_communication: Send Trustlet TCI Message;214
01-11 19:39:55.266  3268 24128 I tlc_communication: mcNotify is completed;224
01-11 19:39:55.266  3757 29841 I EDMNativeHelperService: isMicrophoneEnabled
01-11 19:39:55.267  3268  3268 V fingerprintd: stopAuthentication()
01-11 19:39:55.267  3268  3268 D bauth_service: BAuthService, 754
01-11 19:39:55.267  3268  3268 D bauth_FPBAuthService: FPBAuthService, 636
01-11 19:39:55.267  3268  3268 D bauth_FPBAuthService: FPBAuthService, 636
01-11 19:39:55.267  3268  3268 D bauth_FPBAuthService: FPBAuthService, 985
01-11 19:39:55.267  3757  3757 W FingerprintService: stopAuthentication FP_FINISH (2ms) RESULT: 0
01-11 19:39:55.268  3237 17217 V audio_hw_primary: adev_open_input_stream: request sample_rate:16000
01-11 19:39:55.268  3237 17217 V audio_hw_primary: in->requested_rate:16000, pcm_config_in.rate:48000 in->config.channels=2
01-11 19:39:55.268  3237 17217 D audio_hw_primary: adev_open_input_stream: preprocessing_latency = 0
01-11 19:39:55.268  3757  3757 W ContextImpl: Calling a method in the system process without a qualified user: android.app.ContextImpl.sendBroadcast:906 com.android.server.fingerprint.FingerprintService.insertSurveyLog:2113 com.android.server.fingerprint.FingerprintService.handleAuthenticated:493 com.android.server.fingerprint.FingerprintService$5$4.run:1475 android.os.Handler.handleCallback:751 
01-11 19:39:55.268  3237 17217 I audio_hw_primary: adev_open_input_stream: input is null, set new input stream
01-11 19:39:55.268  4616  4616 D LockIcon: state = 0, mLastState = 0, mDeviceInteractive = true, mLastDeviceInteractive = true, mScreenOn = true, mLastScreenOn = false,  force = false
01-11 19:39:55.270  3237 24162 I AudioFlinger: AudioFlinger's thread 0xe4203c80 ready to run
01-11 19:39:55.271  3268 24128 I tlc_communication: mcWaitNotification is completed;237
01-11 19:39:55.271  3268 24128 I TLC_BAUTH: Check the Trustlet return code is completed;1665
01-11 19:39:55.273  3757  3774 D CompatibilityInfo: mCompatibilityFlags - 0
01-11 19:39:55.274  3757  3774 D CompatibilityInfo: applicationDensity - 420
01-11 19:39:55.274  3757  3774 D CompatibilityInfo: applicationScale - 1.0
01-11 19:39:55.275  3757  4532 D WifiWatchdogStateMachine:  [|220] []
01-11 19:39:55.276  4616  4616 D KeyguardFingerPrint: onAuthenticationAcquired() = 10005
01-11 19:39:55.276  4616  4616 D KeyguardFingerPrint: fingerprint applyBooster
01-11 19:39:55.279  3268 24128 D bauth_FPBAuthSensorControl: FPBAuthSensorControl, 552
01-11 19:39:55.282  3757  3757 I FingerprintService: sendFingerprintBigdata() mSemHqmManager.sendHWParamToHQM !!!
01-11 19:39:55.286  3757  5902 D PowerManagerService: [api] [s] userActivity : event: 0 flags: 0 (uid: 10055 pid: 4616) eventTime = 168970122
01-11 19:39:55.290  4616  4616 D KeyguardFingerPrint: onAuthenticationSucceeded()
01-11 19:39:55.295  3757  7206 D CompatibilityInfo: mCompatibilityFlags - 0
01-11 19:39:55.295  3757  7206 D CompatibilityInfo: applicationDensity - 420
01-11 19:39:55.295  3757  7206 D CompatibilityInfo: applicationScale - 1.0
01-11 19:39:55.298  3268 24128 D bauth_FPBAuthSensorControl: FPBAuthSensorControl, 552
01-11 19:39:55.298  3268 24128 I TLC_BAUTH: Call FP cmd 0x7;1303
01-11 19:39:55.298  3268 24128 I tlc_communication: Send Trustlet TCI Message;214
01-11 19:39:55.298  3268 24128 I tlc_communication: mcNotify is completed;224
01-11 19:39:55.299  3237  3237 I APM_AudioPolicyManager: startInput() input 12758
01-11 19:39:55.301  3237 24162 D audio_hw_primary: in_set_parameters: enter: kvpairs: input_source=6;routing=-2147483644
01-11 19:39:55.301  3237 24162 V audio_hw_primary: set_processing_type: input_source(6), processing_type(0)
01-11 19:39:55.302  3237 24162 I audio_hw_primary: do_in_standby : in->standby 1
01-11 19:39:55.302  3237 24162 I samsungRecord: [samsungrecord] MicCalonoff 1
01-11 19:39:55.302  3237 24162 V audio_hw_primary: in_set_parameters: exit: status(0)
01-11 19:39:55.314  3237 24162 V audio_hw_primary: start_input_stream: set_hw_echoReference_enable(false)
01-11 19:39:55.315  3237 24162 W audio_hw_primary: start_input_stream echoReference effect is not supported.
01-11 19:39:55.329  5971 16045 I HotwordRecognitionRnr: Starting hotword detection.
01-11 19:39:55.341  5918  6587 W GCoreFlp: No location to return for getLastLocation()
01-11 19:39:55.341  4616  4616 D PhoneStatusBar/KeyguardBottomAreaView: updateCameraVisibility isCameraDisabled=false
01-11 19:39:55.341  4616  4616 V KeyguardBottomAreaShortcutView: onUnlockMethodStateChanged old=false, new=false
01-11 19:39:55.342  4616  4616 D ScrimController: mIsSecure = true
01-11 19:39:55.347  4616  4616 D FingerprintController: onFingerprintAuthenticated userId = 0 mMode = 5 wasDeviceInteractive = true
01-11 19:39:55.348  4616  4616 D KeyguardViewMediator: keyguardDone(true)
01-11 19:39:55.348  3757 31269 D PowerManagerService: [api] [s] userActivity : event: 0 flags: 0 (uid: 10055 pid: 4616) eventTime = 168970185
01-11 19:39:55.353  3757  4482 D CustomFrequencyManagerService: acquireDVFSLockLocked : type : DVFS_MIN_LIMIT  frequency : 1000000  uid : 1000  pid : 3757  pkgName : UNLOCKSCREEN_BOOSTER@2
01-11 19:39:55.354  4616  4616 D KeyguardFingerPrint: scheduleStrongAuthTimeout(canceled mStrongAuthNotTimeOutPendingIntent)
01-11 19:39:55.355  3757  3770 D SamsungAlarmManager: Cancel Alarm calling from uid:10055 pid :4616 / op:PendingIntent{40d4f97: PendingIntentRecord{2519397 com.android.systemui broadcastIntent}}
01-11 19:39:55.357  3757  3770 I SamsungAlarmManager: setLocked to kernel - T:3 / 19691231T191000, SetElapsed=-1546798760672, nowELAPSED=454234684
01-11 19:39:55.357  3757  4354 D SamsungAlarmManager: Expired : 8
01-11 19:39:55.357  3757 31270 I FingerprintService: resetTimeout called from pid=4616
01-11 19:39:55.357  3757  4354 I SamsungAlarmManager: setLocked to kernel - T:3 / 20190111T193959, SetElapsed=454239057, nowELAPSED=454234685
01-11 19:39:55.357  3757  4354 V SamsungAlarmManager: Sending to uid : 1000 action=com.android.server.action.UPDATE_TWILIGHT_STATE alarm=Alarm{db51584 type 1 when 600000 android}
01-11 19:39:55.361  4616  4616 D KeyguardFingerPrint: scheduleStrongAuthTimeout(set mStrongAuthNotTimeOutPendingIntent : when = 540634685 )
01-11 19:39:55.365  3757  3757 D SamsungAlarmManager: Cancel Alarm calling from uid:1000 pid :3757 / op:PendingIntent{ac0916d: PendingIntentRecord{33bba74 android broadcastIntent}}
01-11 19:39:55.368  3757  5063 D SamsungAlarmManager: setExact Intent (T:3/F:1/AC:false) 20190112T193955 - CU:10055/CP:4616
01-11 19:39:55.371  3757  3757 D SamsungAlarmManager: setExact Intent (T:1/F:9/AC:false) 19691231T191000 - CU:1000/CP:3757
01-11 19:39:55.371  3757  3757 I SamsungAlarmManager: setLocked to kernel - T:3 / 20190111T193956, SetElapsed=454235696, nowELAPSED=454234699
01-11 19:39:55.374  3757  2859 W AlarmManager: Window length 1152921504606846975ms suspiciously long; limiting to 1 hour
01-11 19:39:55.375  3757  4473 D FingerprintService: getEnrolledFingerprints : userId = 0
01-11 19:39:55.375  3757 32083 I FingerprintService: resetTimeout called from pid=4616
01-11 19:39:55.376  3757  7204 D WallpaperManagerService: getDCMLauncherEnabled false
01-11 19:39:55.376  4616  4616 I StatusBarWindowManager: isExpanded:true, true, true, false, false, false
01-11 19:39:55.376  4616  4616 I StatusBarWindowManager: applyHeight:-1
01-11 19:39:55.377  3757  2859 I SamsungAlarmManager: setLocked to kernel - T:3 / 19691231T190959, SetElapsed=-1546798760673, nowELAPSED=454234705
01-11 19:39:55.377  3757  4354 D SamsungAlarmManager: Expired : 8
01-11 19:39:55.378  4616  4616 D DateTimeView: DateTimeView received ACTION_TIME_TICK : start
01-11 19:39:55.378  4616  4616 D DateTimeView: DateTimeView received ACTION_TIME_TICK : end
01-11 19:39:55.380  3757  2859 D SamsungAlarmManager: setInexact Intent (T:2/F:0/AC:false) 19301028T072233 - CU:10014/CP:5918
01-11 19:39:55.380  3757  4354 I SamsungAlarmManager: setLocked to kernel - T:3 / 20190111T193959, SetElapsed=454239057, nowELAPSED=454234708
01-11 19:39:55.380  3757  4354 V SamsungAlarmManager: Sending to uid : 1000 action=com.android.server.action.UPDATE_TWILIGHT_STATE alarm=Alarm{54d4e33 type 1 when 600000 android}
01-11 19:39:55.381  4616  4616 D KeyguardViewMediator: handleKeyguardDone
01-11 19:39:55.388  4616  4616 D KeyguardViewMediator: handleHide
01-11 19:39:55.388  4616  4616 D KeyguardViewMediator: keyguardGoingAway
01-11 19:39:55.391  3757  4469 D ActivityManager: resumeTopActivityInnerLocked() : #1 prevTask=null next=ActivityRecord{3ca7237d0 u0 com.GeekTechnique.InfinityStack/com.epicgames.ue4.GameActivity t515} mFocusedStack=ActivityStack{e83cb46d0 stackId=1, 4 tasks}
01-11 19:39:55.393  3237 24162 D audio_hw_primary: start_input_stream (0xe60a0500) in->config.rate:48000 in->config.format:0
01-11 19:39:55.393  3237 24162 D PreProcess: new SamsungRecord
01-11 19:39:55.393  3237 24162 D PreProcess: new NS
01-11 19:39:55.394  3237 24162 I samsungRecord: [samsungrecord] SamsungRecInit 
01-11 19:39:55.394  3237 24162 D AudioInfo: can not find AudioDataPath for fileName:/miccalib.txt
01-11 19:39:55.394  3237 24162 I samsungRecord: [samsungrecordMIC]Use HardCoding Values
01-11 19:39:55.394  3757  4469 D ActivityManager: applyOptionsLocked(), pendingOptions : null
01-11 19:39:55.394  3237 24162 I samsungRecord: [samsungrecordMIC]Use HardCoding Values
01-11 19:39:55.396  3237 24162 D AudioInfo: can not find AudioDataPath for fileName:/samsungrec.txt
01-11 19:39:55.396  3237 24162 I samsungRecord: [samsungrecord]Use HardCoding Values
01-11 19:39:55.396  3237 24162 D SamsungRecord_NS: [SamsungRecord_NS] Init SR 16000
01-11 19:39:55.396  3237 24162 D SamsungRecord_NS: [SamsungRecord_NS] getLevel inputsource 6, ret_level 3
01-11 19:39:55.396  3237 24162 I samsungRecord: [samsungrecord] MicCalonoff 1
01-11 19:39:55.396  3237 24162 I audio_hw_primary: is_voice_wakeup : ret =  0  , wakeup_baby_cry_enabled = 0  ,  wakeup_mic_enabled = 0 
01-11 19:39:55.396  3237 24162 V audio_hw_primary: select_devices output_scenario:-1 input_scenario:28 out_snd_device 0x0 in_snd_device:0xb
01-11 19:39:55.396  3237 24162 I audio_route: > audio_route_reset :
01-11 19:39:55.398  3237 24162 I audio_route: > audio_route_apply_path : "recognition-mic"
01-11 19:39:55.402  3237 24162 V audio_hw_primary: select_devices() input_route "recognition-mic" 
01-11 19:39:55.402  3237 24162 I audio_route: > audio_route_apply_path : "gain-recognition-mic"
01-11 19:39:55.402  3757  3757 D GameManagerService: onDisplayChanged. displyId: 0
01-11 19:39:55.403  3757  3757 D GameManagerService: dpi: 420, longPixel: 1920, shortPixel: 1080
01-11 19:39:55.403  3237 24162 V audio_hw_primary: select_devices() input_gain "gain-recognition-mic" 
01-11 19:39:55.403  3237 24162 I audio_route: > audio_route_update_mixer : +
01-11 19:39:55.403  3237 24162 I audio_route: > audio_route_update_mixer : changed(0) -
01-11 19:39:55.403  3237 24162 I audio_hw_primary: select_devices - 
01-11 19:39:55.403  3237 24162 V audio_hw_primary: start_input_stream -
01-11 19:39:55.407  3268 24128 I tlc_communication: mcWaitNotification is completed;237
01-11 19:39:55.407  3268 24128 I TLC_BAUTH: Check the Trustlet return code is completed;1353
01-11 19:39:55.407  3268 24128 D bauth_FPBAuthService: FPBAuthService, 995
01-11 19:39:55.407  3268 24128 D bauth_FPBAuthSensorControl: FPBAuthSensorControl, 432
01-11 19:39:55.407  3268 24128 D bauth_FPBAuthService: FPBAuthService, 1008
01-11 19:39:55.407  3268 24128 I TLC_BAUTH: Call FP cmd 0xa;1504
01-11 19:39:55.407  3268 24128 I tlc_communication: Send Trustlet TCI Message;214
01-11 19:39:55.407  3268 24128 I tlc_communication: mcNotify is completed;224
01-11 19:39:55.418  3757  4469 D GameManagerService: sem_perfomance_mode: 0
01-11 19:39:55.418  3757  3757 D GameManagerService: NotifyRunnable. pkg: com.GeekTechnique.InfinityStack, type: 4, isMinimized: false, isTunableApp: false
01-11 19:39:55.418  3757  3757 D GameManagerService: do nothing. mKillNotiCount: 3
01-11 19:39:55.429 21742 24167 D EventNotificationJob: Running EventNotificationJob, isDetail=true
01-11 19:39:55.433  3757  3757 D CompatibilityInfo: mCompatibilityFlags - 0
01-11 19:39:55.433  3757  3757 D CompatibilityInfo: applicationDensity - 420
01-11 19:39:55.433  3757  3757 D CompatibilityInfo: applicationScale - 1.0
01-11 19:39:55.434 21742 24167 D EventNotificationJob:   finished processing events.
01-11 19:39:55.434 22791 22791 V threaded_app: Start: 0xdb87bb40
01-11 19:39:55.434  3757  3793 D KnoxTimeoutHandler: notifyActivityDrawn [MsgParam] userId: 0 fullscreen is true showWhenlocked is false isMutiwindowRecord is false multiwindowstyle is 1
01-11 19:39:55.434 22791 22815 V threaded_app: activityState=10
01-11 19:39:55.434 22791 22815 D UE4     : [2019.01.12-00.39.55:434][  0]LogAndroid: Case APP_CMD_START
01-11 19:39:55.434 22791 22815 D UE4     : LogAndroidEvents: EnqueueAppEvent : 9, 0, tid = 22815
01-11 19:39:55.435  3757  3793 V WindowManager: Now policy shown: Window{4b2dd4d0 u0 com.GeekTechnique.InfinityStack/com.epicgames.ue4.GameActivity}
01-11 19:39:55.435  3757  3793 V WindowManager: Now policy shown: Window{2573ec3d0 u0 SurfaceView - com.GeekTechnique.InfinityStack/com.epicgames.ue4.GameActivity}
01-11 19:39:55.435 22791 22791 D UE4     : Creating console command broadcast listener
01-11 19:39:55.437  4616  4616 D KeyguardViewMediator: handleStartKeyguardExitAnimation startTime=168970260 fadeoutDuration=430
01-11 19:39:55.439  3757  3757 D SamsungAlarmManager: Cancel Alarm calling from uid:1000 pid :3757 / op:PendingIntent{cb78125: PendingIntentRecord{33bba74 android broadcastIntent}}
01-11 19:39:55.443 22791 22791 D UE4     : ==================================> Inside onStart function in GameActivity
01-11 19:39:55.444  3268 24128 I tlc_communication: mcWaitNotification is completed;237
01-11 19:39:55.444  3268 24128 I TLC_BAUTH: Check the Trustlet return code is completed;1540
01-11 19:39:55.444  3268 24128 D bauth_FPBAuthService: FPBAuthService, 3766
01-11 19:39:55.444  3268 24128 D bauth_FPBAuthService: FPBAuthService, 4061
01-11 19:39:55.444  3268 24128 D         : fprc : cc 
01-11 19:39:55.445  3268 24128 D bauth_FPBAuthSensorControl: FPBAuthSensorControl, 800
01-11 19:39:55.445  3268 24128 D bauth_FPBAuthSensorControl: FPBAuthSensorControl, 636
01-11 19:39:55.445  3268 24128 D bauth_FPBAuthSensorControl: FPBAuthSensorControl, 644
01-11 19:39:55.445  4616  4616 D PhoneStatusBar: disable: < expand icons* alerts system_info* back HOME RECENT clock SEARCH quick_settings >
01-11 19:39:55.446  3268 24128 D bauth_FPBAuthSensorControl: FPBAuthSensorControl, 552
01-11 19:39:55.446  3268 24128 D bauth_FPBAuthService: FPBAuthService, 1026
01-11 19:39:55.446  4616  4616 D PhoneStatusBar: setBarState: KGRD -> SHD
01-11 19:39:55.446  3268 24128 D bauth_Worker: Worker, 72
01-11 19:39:55.447  3757  4473 I Sensors : Proximity old sensor_state 128, new sensor_state : 0 en : 0
01-11 19:39:55.447  4616  4823 D NetworkController: onReceive: intent=Intent { act=com.sec.android.LTE_WIDEBAND_INFO flg=0x10000010 launchParam=MultiScreenLaunchParams { mDisplayId=0 mFlags=0 } bqHint=0 (has extras) }
01-11 19:39:55.447  4616  4823 D NetworkController.MobileSignalController(0/1): LTE WIDEBAND : mCurrentState.isCAIndicator = false oldCAIndicator = false
01-11 19:39:55.453 22791 22791 V threaded_app: Resume: 0xdb87bb40
01-11 19:39:55.453  3757  3757 D SamsungAlarmManager: setExact Intent (T:1/F:9/AC:false) 19691231T191000 - CU:1000/CP:3757
01-11 19:39:55.453 22791 22815 V threaded_app: activityState=11
01-11 19:39:55.453  3757  3757 I SamsungAlarmManager: setLocked to kernel - T:3 / 20190111T193956, SetElapsed=454235767, nowELAPSED=454234781
01-11 19:39:55.453 22791 22815 D UE4     : Case APP_CMD_RESUME
01-11 19:39:55.453 22791 22815 D UE4     : [2019.01.12-00.39.55:453][  0]LogAndroid: Case APP_CMD_RESUME
01-11 19:39:55.453 22791 22815 D UE4     : LogAndroidEvents: EnqueueAppEvent : 7, 0, tid = 22815
01-11 19:39:55.453 22791 22791 D UE4     : ==============> [JAVA] AndroidThunkJava_KeepScreenOn(false) - Enabled screen saver
01-11 19:39:55.453  3757  3757 D KnoxTimeoutHandler: activityDrawn [MsgParam] userId: 0 fullscreen is true showWhenlocked is false isMutiwindowRecord is false multiwindowstyle is 1
01-11 19:39:55.454  4616  4616 D SensorManager: unregisterListener ::   
01-11 19:39:55.454 22791 22791 D UE4     : Registering sensor listeners
01-11 19:39:55.455  3757  7205 D WallpaperManagerService: getDCMLauncherEnabled false
01-11 19:39:55.455  4616  4616 I StatusBarWindowManager: isExpanded:true, true, true, false, false, false
01-11 19:39:55.455  4616  4616 I StatusBarWindowManager: applyHeight:-1
01-11 19:39:55.455  3757  3757 I KnoxTimeoutHandler: SD activityfalse
01-11 19:39:55.455  3757  3757 I KnoxTimeoutHandler: Fullscreen and mCurrent is not KNOX user. Hence hide keyguard
01-11 19:39:55.456  3757  7216 I Sensors : Acc old sensor_state 0, new sensor_state : 1 en : 1
01-11 19:39:55.457  3757 31269 D CompatibilityInfo: mCompatibilityFlags - 0
01-11 19:39:55.457  3757 31269 D CompatibilityInfo: applicationDensity - 420
01-11 19:39:55.457  3757 31269 D CompatibilityInfo: applicationScale - 1.0
01-11 19:39:55.459  3757  3770 D WallpaperManagerService: getDCMLauncherEnabled false
01-11 19:39:55.459  4616  4616 I StatusBarWindowManager: isExpanded:true, true, true, false, false, false
01-11 19:39:55.459  4616  4616 I StatusBarWindowManager: applyHeight:-1
01-11 19:39:55.464 22791 22791 D SensorManager: registerListener :: 0, K6DS3TR Acceleration Sensor, 20000, 0,  
01-11 19:39:55.465  3757 29840 I Sensors : Mag old sensor_state 1, new sensor_state : 17 en : 1
01-11 19:39:55.471  3757  3757 I SurveyLogManager: mDeviceInfo.mScreen = true
01-11 19:39:55.471  5024  7785 I System.out: Broadcast completed: result=0
01-11 19:39:55.472 22791 22791 D SensorManager: registerListener :: 1, AK09911C Magnetic field Sensor, 20000, 0,  
01-11 19:39:55.473  3757 10496 I Sensors : Gyro old sensor_state 17, new sensor_state : 19 en : 1
01-11 19:39:55.479  4616  4616 D KeyguardSecurityView: isNotiClickedOnShadeLocked= false
01-11 19:39:55.479  3757  2858 D WallpaperManagerService: getDCMLauncherEnabled false
01-11 19:39:55.479  4616  4616 I StatusBarWindowManager: isExpanded:true, true, true, true, false, false
01-11 19:39:55.480  4616  4616 I StatusBarWindowManager: applyHeight:-1
01-11 19:39:55.480  4616  4616 D KeyguardWallpaperController: mShowing=false, mOccluded=false, mFadingAway=false, match_parent=true
01-11 19:39:55.480  4616  4616 D WallpaperViewController: mWallpaperView.onPause()
01-11 19:39:55.480  4616  4616 I StatusBarWindowManager: isExpanded:true, false, true, true, false, false
01-11 19:39:55.480  4616  4616 I StatusBarWindowManager: applyHeight:-1
01-11 19:39:55.480  3757 31269 D CompatibilityInfo: mCompatibilityFlags - 0
01-11 19:39:55.480  3757 31269 D CompatibilityInfo: applicationDensity - 420
01-11 19:39:55.480  3757 31269 D CompatibilityInfo: applicationScale - 1.0
01-11 19:39:55.481  4616  4616 V KeyguardUpdateMonitor: *** unregister callback for com.android.keyguard.CarrierText$1@877ffc7
01-11 19:39:55.481  4616  4616 V KeyguardUpdateMonitor: *** unregister callback for com.android.keyguard.EmergencyButton$1@6dfb51d
01-11 19:39:55.482 22791 22791 D SensorManager: registerListener :: 3, K6DS3TR Gyroscope Sensor, 20000, 0,  
01-11 19:39:55.482 22791 22791 D UE4     : App is running in Portrait
01-11 19:39:55.482 22791 22791 D UE4     : ==============> Resuming main init
01-11 19:39:55.482 22791 22791 D UE4     : ==============> GameActive.onResume complete!
01-11 19:39:55.484  4616  4616 V KeyguardUpdateMonitor: *** unregister callback for com.android.keyguard.KeyguardSecurityContainer$1@6fbb218
01-11 19:39:55.484  3757 10512 D ActivityManager: post active user change for 0 fullscreen true isHomeActivity() false
01-11 19:39:55.484  4616  4616 D KeyguardUpdateMonitor: onKeyguardVisibilityChanged(false)
01-11 19:39:55.484  3757 10512 D KnoxTimeoutHandler: postActiveUserChange [MsgParam] userId: 0 fullscreen is true showWhenlocked is false isMutiwindowRecord is false multiwindowstyle is 0
01-11 19:39:55.485  4616  4616 D KeyguardFingerPrint: shouldListenForFingerprint ( isFingerprintEnabled = false , mKeyguardIsVisible = false , mDeviceInteractive = true , mBouncer = false , mGoingToSleep = false , mSwitchingUser = false , mFingerprintAlreadyAuthenticated = false , mKeyguardUnlocking = false
01-11 19:39:55.485  4616  4616 D KeyguardFingerPrint: shouldListenForFingerprint ( fingerprint is not enabled. ) 
01-11 19:39:55.485  4616  4616 V KeyguardFingerPrint: stopListeningForFingerprint()
01-11 19:39:55.485  4616  4616 D KeyguardUpdateMonitor: sendKeyguardStateUpdated(false, false, false)
01-11 19:39:55.487  4616  4616 D KeyguardViewMediator: adjustStatusBarLocked: mShowing=false mOccluded=false isSecure=true --> flags=0x0
01-11 19:39:55.488  3757  9599 I LightSensor: Light old sensor_state 19, new sensor_state : 531 en : 1
01-11 19:39:55.489  3757  7202 D CompatibilityInfo: mCompatibilityFlags - 0
01-11 19:39:55.489  3757  7202 D CompatibilityInfo: applicationDensity - 420
01-11 19:39:55.489  3757  7202 D CompatibilityInfo: applicationScale - 1.0
01-11 19:39:55.490  4616  4838 D Tile.AirplaneModeTile: # of NON-poweroff( in servicestate) : 1
01-11 19:39:55.490  4616  4838 D Tile.AirplaneModeTile:  handleUpdateState:  value false  state.dim false
01-11 19:39:55.492  3757 32083 V WindowManager: Relayout Window{4b2dd4d0 u0 com.GeekTechnique.InfinityStack/com.epicgames.ue4.GameActivity}: viewVisibility=0 req=1080x1920 WM.LayoutParams{(0,0)(fillxfill) sim=#110 ty=1 fl=#1810500 pfl=0x20000 fmt=1 wanim=0x1030001 vsysui=0x400 needsMenuKey=2 naviIconColor=0}
01-11 19:39:55.495  4616  4616 D KeyguardFingerPrint: setDisableBIOMETRICBySecurityDialog( false )
01-11 19:39:55.496  3757  9599 D SensorManager: registerListener :: 6, TMD4903 RGB Sensor, 200000, 0,  
01-11 19:39:55.496  3757  3770 E SdpServiceKeeper: isLicensed {pid:4616 uid:10055 userid:0 doPkg:null}
01-11 19:39:55.496  3757  3770 E SdpServiceKeeper: System app. Skip license activation
01-11 19:39:55.498  3757  3757 D KnoxTimeoutHandler: handleActiveUserChange [MsgParam] userId: 0 fullscreen is true showWhenlocked is false isMutiwindowRecord is false multiwindowstyle is 0
01-11 19:39:55.498 22791 22791 D ViewRootImpl@e972267[GameActivity]: Relayout returned: oldFrame=[0,0][1080,1920] newFrame=[0,0][1080,1920] result=0x1 surface={isValid=true -1026447360} surfaceGenerationChanged=false
01-11 19:39:55.500  3757  4482 V WindowManager: Relayout Window{8fc7025d0 u0 StatusBar}: viewVisibility=0 req=1080x1920 WM.LayoutParams{(0,0)(fillxfill) gr=#30 sim=#10 ty=2000 fl=#81840048 fmt=-3 vsysui=0x600 naviIconColor=0}
01-11 19:39:55.500 11375 11375 I BeaconManager: BeaconManager.onReceive - receive Action : android.intent.action.SCREEN_ON
01-11 19:39:55.500 11375 11375 D BeaconManager: BeaconManager.onReceive - end
01-11 19:39:55.501 11375 11405 I BeaconManager: BeaconManager.BeaconManagerWorkHandler - BroadcastReceiver onReceive start
01-11 19:39:55.501  3757  3775 D WindowManager: set systemUiVisibility of statusbar : vis= 0x408
01-11 19:39:55.501 11375 11405 D BeaconManager: BeaconManager.BeaconManagerWorkHandler - mScreenObserver action:android.intent.action.SCREEN_ON
01-11 19:39:55.501  3757  3757 I KnoxTimeoutHandler: Shared devices show user statefalse
01-11 19:39:55.501 11375 11405 D BeaconManager: AppControlManager.screenOnIntentReceived - start
01-11 19:39:55.501  3757  2858 E SdpServiceKeeper: isLicensed {pid:4616 uid:10055 userid:0 doPkg:null}
01-11 19:39:55.501 11375 11405 D BeaconManager: AppControlManager.screenOnIntentReceived - end
01-11 19:39:55.501  3757  2858 E SdpServiceKeeper: System app. Skip license activation
01-11 19:39:55.501  3757  3757 D ClientCertificateManager Service: updateLockStatus, user.id 0
01-11 19:39:55.501  3757  3757 I         : CCM JNI: In ccm_update_lock_status
01-11 19:39:55.501  3757  3757 I TZ_CCM_C_Initialize: : DEBUG_CONTAINER_PROBLEM Enter TZ_CCM_C_Initialize_TLC!
01-11 19:39:55.501  3757  3757 I TZ_CCM_C_Initialize: : pInitArgs 0x7ff565ad40 has not called C_Init before.
01-11 19:39:55.501  3757  3757 I TZ_CCM_C_Initialize: : &ctx = 0x7851f892c8
01-11 19:39:55.501  3757  3757 E TZ: client_server_communication: comm_request(0x7839440000) pImpl->serverName : CCM 
01-11 19:39:55.501  3757  3757 E TZ: client_server_communication: comm_request(0x7839440000) <IClientServer>pImpl->sconn : 0x78498dcf80 
01-11 19:39:55.502  3757  3757 E TZ: client_server_communication: comm_request(0x7839440000) <IClientServer>pImpl->sconn->getInterfaceDescriptor() : CCM 
01-11 19:39:55.502  3757  3757 I TZ: client_server_communication: Cmd id = 47, len = 19456
01-11 19:39:55.502  3757  3757 I TZ: client_server_communication: Calling Communicate()
01-11 19:39:55.502 11375 11405 D BeaconManager: EasySetupManager.screenOnIntentReceived - start
01-11 19:39:55.502 11375 11405 D BeaconManager: EasySetupManager.screenOnIntentReceived - end
01-11 19:39:55.502 11375 11405 D BeaconManager: BleScanHelper.screenOnIntentReceived - start
01-11 19:39:55.502  4369  4376 I TLC_SERVER: BnTLCServer::onTransact(2) 16
01-11 19:39:55.502  4369  4376 I TLC_SERVER: COMM
01-11 19:39:55.502  3757  4482 V WindowOrientationListener: OrientationSensorJudge.getProposedRotation, Rotation: -1
01-11 19:39:55.502  3757  4482 V WindowOrientationListener: OrientationSensorJudge.getProposedRotation, Rotation: -1
01-11 19:39:55.503  3757  4482 V WindowManager: rotationForOrientationLw(orient=1, last=0); user=0  sensorRotation=-1 mLidState=-1 mDockMode=0 mHdmiPlugged=false
01-11 19:39:55.503  3757  9599 D TelephonyManager: getAllCellInfo : Caller (PID / UID / TID): 3757 / 1000 / 9599
01-11 19:39:55.505  3757  4482 D InputDispatcher: Focus left window: 4616
01-11 19:39:55.505  3757  4482 D InputDispatcher: Focus entered window: 22791
01-11 19:39:55.505  3757  4482 D PowerManagerService: [api] setUserActivityTimeoutOverrideFromWindowManagerInternal: timeoutMillis: -1
01-11 19:39:55.505  3757  4482 D PowerManagerService: [s] getScreenOffTimeoutLocked: 3000 -> 600000
01-11 19:39:55.505  3757  4482 D PowerManagerService: [api] setScreenDimDurationOverrideFromWindowManagerInternal: timeoutMillis: -1
01-11 19:39:55.506  4616  4616 D ViewRootImpl@151652b[StatusBar]: Relayout returned: oldFrame=[0,0][1080,1920] newFrame=[0,0][1080,1920] result=0x1 surface={isValid=true 516923179520} surfaceGenerationChanged=false
01-11 19:39:55.506 22791 22791 D ViewRootImpl@e972267[GameActivity]: MSG_WINDOW_FOCUS_CHANGED 1
01-11 19:39:55.506 22791 22791 D ViewRootImpl@e972267[GameActivity]: mHardwareRenderer.initializeIfNeeded()#2 mSurface={isValid=true -1026447360}
01-11 19:39:55.507  3757  3757 I TZ_CCM_C_Finalize: : DEBUG_CONTAINER_PROBLEM Exercising TZ_CCM_C_Finalize_TLC
01-11 19:39:55.507  3757  3757 I TZ_CCM_C_Finalize: : There are connections; No C_Finalize for pInitArgs 0x7ff565ad40 
01-11 19:39:55.507 22791 22791 V threaded_app: WindowFocusChanged: 0xdb87bb40 -- 1
01-11 19:39:55.507  3757  3757 D UniversalCredentialManagerService: inside mBReciever onReceive : android.intent.action.USER_PRESENT
01-11 19:39:55.507 22791 22815 D UE4     : [2019.01.12-00.39.55:507][  0]LogAndroid: Case APP_CMD_GAINED_FOCUS
01-11 19:39:55.507 22791 22815 D UE4     : LogAndroidEvents: EnqueueAppEvent : 11, 0, tid = 22815
01-11 19:39:55.508  4616  4616 W View    : requestLayout() improperly called by android.widget.TextView{4425cd9 V.ED..... ......ID 0,1841-1080,1920 #7f1303fc app:id/notification_panel_carrier_label} during layout: running second layout pass
01-11 19:39:55.508  4616  4616 I ViewRootImpl@151652b[StatusBar]: requestLayout is already in process
01-11 19:39:55.510  3757  3771 D CoverManagerWhiteLists: isAllowedToUse : SIGNATURE_MATCH
01-11 19:39:55.514  3757  6272 D SamsungAlarmManager: Cancel Alarm calling from uid:10014 pid :5918 / op:PendingIntent{4840aa1: PendingIntentRecord{be0e38d com.google.android.gms broadcastIntent}}
01-11 19:39:55.519 21012 21012 E MtpService: In MTPAPP onReceive:android.intent.action.USER_PRESENT
01-11 19:39:55.520 21012 21012 E MtpService: Inside ACTION_USER_PRESENT:android.intent.action.USER_PRESENT
01-11 19:39:55.521  6011 24169 D NfcService: call the applyRouting
01-11 19:39:55.525  3757  4469 D CompatibilityInfo: mCompatibilityFlags - 0
01-11 19:39:55.525  3757  4469 D CompatibilityInfo: applicationDensity - 420
01-11 19:39:55.525  3757  4469 D CompatibilityInfo: applicationScale - 1.0
01-11 19:39:55.526 11375 11405 D BeaconManager: BleScanHelper.mBroadcastReceiver - Action: android.intent.action.SCREEN_ON, user: 0
01-11 19:39:55.526 11375 11405 V BeaconManager: BleScanHelper.startBleScan - startBleScan
01-11 19:39:55.529  3757  6272 I SamsungAlarmManager: setLocked to kernel - T:3 / 19691231T191000, SetElapsed=-1546798760672, nowELAPSED=454234857
01-11 19:39:55.529  3757  4354 D SamsungAlarmManager: Expired : 8
01-11 19:39:55.531  3757 31269 D SdpManagerService: unlock :: Internal... 0
01-11 19:39:55.531  3757  4354 I SamsungAlarmManager: setLocked to kernel - T:3 / 20190111T193959, SetElapsed=454239057, nowELAPSED=454234859
01-11 19:39:55.531  3757 31269 D SdpManagerService: SecureUnlock :: User : 0, Type : 1
01-11 19:39:55.531  3757  4354 V SamsungAlarmManager: Sending to uid : 1000 action=com.android.server.action.UPDATE_TWILIGHT_STATE alarm=Alarm{84b4c87 type 1 when 600000 android}
01-11 19:39:55.531  3757 31269 D SdpManagerService: SecureUnlock :: Quality for user 0 = 65536
01-11 19:39:55.532  3757 31269 D SdpManagerService: SecureUnlock :: Low security level found...!!! 0
01-11 19:39:55.532  3757 31269 D SdpManagerService: unlock :: onDeviceUnLocked from TIMA 0
01-11 19:39:55.533  3757 31269 D TimaService: TIMA3: FipsKeyStore3_init
01-11 19:39:55.533  3757 31269 D TimaService: TIMA: in getTimaVersion
01-11 19:39:55.533  3757 31269 D TimaService: TIMA: in getTimaStatus
01-11 19:39:55.533  3757 31269 D TimaService: TIMA: in getTimaStatus
01-11 19:39:55.533  3757 31269 I TLC_TZ_KEYSTORE: : TZ_KEYSTORE_fips_initialize
01-11 19:39:55.533  3757 31269 I TLC_TZ_KEYSTORE: : creating new keystore context...
01-11 19:39:55.533  3757 31269 I TLC_TZ_KEYSTORE: : initializing ccm context...
01-11 19:39:55.533  3757 31269 I TLC_TZ_KEYSTORE: : root = 0, root_strlen = 1
01-11 19:39:55.533  3757 31269 I TLC_TZ_KEYSTORE: : process = ffffffff000000000000000000000013, process_strlen = 32
01-11 19:39:55.533  3757 31269 I TZ: mc_tlc_communication: input max_sendmsg_size = 1080
01-11 19:39:55.533  3757 31269 I TZ: mc_tlc_communication: input max_recvmsg_size = 1080
01-11 19:39:55.533  3757 31269 I TZ: mc_tlc_communication: root = 0, root_len = 1
01-11 19:39:55.533  3757 31269 I TZ: mc_tlc_communication: process = ffffffff000000000000000000000013, process_strlen = 32
01-11 19:39:55.533  3757 31269 I TZ: mc_tlc_communication: aligned max_sendmsg_size = 1088
01-11 19:39:55.533  3757 31269 I TZ: mc_tlc_communication: aligned max_recvmsg_size = 1088
01-11 19:39:55.533  3757 31269 I TZ: mc_tlc_communication: device_id = 0x0
01-11 19:39:55.533  3757 31269 I TZ: mc_tlc_communication: tlc_open() was called
01-11 19:39:55.533  3757 31269 I TZ: mc_tlc_communication: Opening MobiCore device
01-11 19:39:55.533  3757 31269 I TZ: mc_tlc_communication: Allocating message buffer for TCI
01-11 19:39:55.533 11375 11405 D BluetoothAdapter: STATE_BLE_ON
01-11 19:39:55.533  3757 31269 I TZ: mc_tlc_communication: Opening the session
01-11 19:39:55.533 11375 11405 D BeaconManager: BleScanHelper.screenOnIntentReceived - end
01-11 19:39:55.534 11375 11405 I BeaconManager: BeaconManager.BeaconManagerWorkHandler - BroadcastReceiver onReceive end
01-11 19:39:55.536 11375 11406 D BeaconManager: BleScanHelper.MSG_CALL_START_LESCAN - ($)isFilterScanFailed/discovering:false/true
01-11 19:39:55.536 22791 22814 D UE4     : [2019.01.12-00.39.55:536][  0]LogAndroidEvents: Display: DequeueAppEvent : 9, 0
01-11 19:39:55.537 22791 22814 D UE4     : [2019.01.12-00.39.55:537][  0]LogAndroidEvents: Display: DequeueAppEvent : 7, 0
01-11 19:39:55.537 11375 11406 D BluetoothAdapter: STATE_BLE_ON
01-11 19:39:55.538 22791 22791 D SEM_CLIP_SemClipboardManager: isCocktailBarDisplayed : false
01-11 19:39:55.539 22791 22791 V InputMethodManager: Starting input: tba=android.view.inputmethod.EditorInfo@20ad8ae nm : com.GeekTechnique.InfinityStack ic=null
01-11 19:39:55.539 11375 11406 D BluetoothAdapter: STATE_BLE_ON
