01-18 20:40:26.152  3757  4398 I InputReader: Touch event's action is 0x1 (deviceType=0) [pCnt=1, s=] when=343923310050000
01-18 20:40:26.152  3757  4397 I InputDispatcher: Delivering touch to (19089): action: 0x1, toolType: 1
01-18 20:40:26.153 19089 19108 V threaded_app: New input event: type=2
01-18 20:40:26.154 19089 19089 D ViewRootImpl@e972267[GameActivity]: ViewPostImeInputStage processPointer 1
01-18 20:40:26.166 19089 19107 D UE4     : [2019.01.19-01.40.26:166][153]LogUMG: Display: Widget Class OptionsMenu_C - Loaded Fast Template.
01-18 20:40:26.186 19089 19107 D UE4     : [2019.01.19-01.40.26:185][153]LogSlate: Took 0.000908 seconds to synchronously load lazily loaded font '../../../Engine/Content/EngineFonts/Faces/RobotoBold.ufont' (160K)
01-18 20:40:26.188  5689  5689 D io_stats: !@   8,0 r 4678472 139038088 w 3814692 82483700 d 566578 40368788 f 960672 960453 iot 6084790 3488843 th 61440 61440 51928 pt 10660 inp 0 0 343923.346
01-18 20:40:26.309  3757  9599 D SSRM:t  : SIOP:: AP = 410, PST = 358 (W:10), CP = 272, CUR = 552, LCD = 40
01-18 20:40:26.311  3757  9599 D ConnectivityService: filterNetworkStateForUid() uid: 1000 networkInfo: [type: WIFI[] - WIFI, state: CONNECTED/CONNECTED, reason: (unspecified), extra: "wilkinson2.4", failover: false, available: true, roaming: false, metered: false]
01-18 20:40:26.313  3757  9599 D TelephonyManager: getAllCellInfo : Caller (PID / UID / TID): 3757 / 1000 / 9599
01-18 20:40:26.367  3757  5063 D AudioService: getStreamVolume 3 index 70
01-18 20:40:26.501  3757 19252 W ProcessCpuTracker: Skipping unknown process pid 19249
01-18 20:40:26.512  5971  5971 I HwDetectorWithState: #performNextHotwordAction action: 1
01-18 20:40:26.729  3757  4354 D SamsungAlarmManager: Expired : 8
01-18 20:40:26.731  3757  4354 I SamsungAlarmManager: setLocked to kernel - T:3 / 20190118T204100, SetElapsed=1062693655, nowELAPSED=1062660387
01-18 20:40:26.733  3757  4354 V SamsungAlarmManager: Sending to uid : 10059 action=null alarm=Alarm{fd26e41 type 3 when 1062660385 com.asurion.android.verizon.vms}
01-18 20:40:26.745  3757  4354 D CompatibilityInfo: mCompatibilityFlags - 0
01-18 20:40:26.745  3757  4354 D CompatibilityInfo: applicationDensity - 420
01-18 20:40:26.745  3757  4354 D CompatibilityInfo: applicationScale - 1.0
01-18 20:40:26.778 19089 19211 I libOpenSLES: Emulating old channel mask behavior (ignoring positional mask 0x3, using default mask 0x3 based on channel count of 2)
01-18 20:40:26.780 19089 19211 W AudioTrack: AUDIO_OUTPUT_FLAG_FAST denied by client; transfer 1, track 44100 Hz, output 48000 Hz
01-18 20:40:26.781  3237  3813 I AudioFlinger: add dynamic flag, can move to deep thread, session 87945
01-18 20:40:26.782  3757 32083 D SamsungAlarmManager: setExact Intent (T:3/F:5/AC:false) 20190118T204031 - CU:10059/CP:22536
01-18 20:40:26.783 19089 19211 D AudioTrack: Client defaulted notificationFrames to 590 for frameCount 1772
01-18 20:40:26.783  3757 32083 I SamsungAlarmManager: setLocked to kernel - T:3 / 20190118T204031, SetElapsed=1062665428, nowELAPSED=1062660438
01-18 20:40:26.784 19089 19211 I AudioTrack: This process already got info. FadeIn[0] FadeOut[0] FadeInRing[0]
01-18 20:40:26.785  3237  8663 W AudioPolicyIntefaceImpl: Skipped to add effects on session 87945
01-18 20:40:26.785  3237  8663 I APM_AudioPolicyManager: startOutput() output 21, stream 3, session 87945
01-18 20:40:26.789  3757  7203 I ActivityManager: Killing 13127:com.digitalturbine.ignite.suspend.DataUsageRecorderService/u0a22 (adj 906): DHA:SPC_empty #31
01-18 20:40:26.803  3237  3477 I AudioMixer: create resampler src 44100, 2, dst 48000, 2, q 8
01-18 20:40:26.803  3237  3477 D SoundAliveResampler: [SoundAliveResampler] Init+++
01-18 20:40:26.816  3757  7201 D ActivityManager: cleanUpApplicationRecord -- 13127
01-18 20:40:26.818  3757  7201 W ActivityManager: Scheduling restart of crashed service com.LogiaGroup.LogiaDeck/com.digitalturbine.ignite.suspend.service.DataUsageRecorderService in 1000ms
01-18 20:40:26.819  6011  6027 D ForegroundUtils: could not check pending caller
01-18 20:40:27.029  3757  4482 D BatteryService: !@BatteryListener : batteryPropertiesChanged!
01-18 20:40:27.030  3757  4482 D BatteryService: level:55, scale:100, status:2, health:2, present:true, voltage: 3990, temperature: 313, technology: Li-ion, AC powered:false, USB powered:true, POGO powered:false, Wireless powered:false, icon:17303694, invalid charger:0, maxChargingCurrent:0, maxChargingVoltage:0, chargeCounter:0
01-18 20:40:27.030  3757  4482 D BatteryService: online:6, current avg:539, charge type:1, power sharing:false, high voltage charger:false, capacity:280000, batterySWSelfDischarging:false, misc_event:0, current_now:436
01-18 20:40:27.030  3757  3757 D BatteryService: Sending ACTION_BATTERY_CHANGED.
01-18 20:40:27.038  3757  3757 V UiModeManager: updateLocked: null action, mDockState=0, category=null
01-18 20:40:27.038  3757  3757 D UiModeManager: updateConfigurationLocked: mDockState=0; mCarMode=false; mNightMode=1; uiMode=17
01-18 20:40:27.040  3757  3757 D GameManagerService: new battery level: 55
01-18 20:40:27.043  4616  4616 D KeyguardUpdateMonitor: received broadcast android.intent.action.BATTERY_CHANGED
01-18 20:40:27.048  4616  4616 D PowerUI : priorPlugType = 2 mPlugType =  2
01-18 20:40:27.050  4616  4616 D PowerUI.Notification: showChargingNotice oldChargingType : 1 currentChargingType : 1 oldChargingTime : 4942000 mChargingTime : 4931000
01-18 20:40:27.051  4616  4616 D PowerUI.Notification: showChargingNotification()
01-18 20:40:27.054  5024  5024 D PhoneApp: PhoneAppBroadcastReceiver onReceive android.intent.action.BATTERY_CHANGED
01-18 20:40:27.054  5024  5024 D TelephonyExtensionManager: lowBatterySound - isLowBatterySoundScheduled: false
01-18 20:40:27.054  5024  5024 D TelephonyExtensionManager: lowBatterySound - isPlayNow: false
01-18 20:40:27.056  5024  5024 D TelephonyExtensionManager: isSpeakerON - false
01-18 20:40:27.064  4561  4561 V HeadsetService: HeadsetService - Received Intent.ACTION_BATTERY_CHANGED
01-18 20:40:27.065  4561  1994 D HeadsetStateMachine: Disconnected process message: 10, size: 0
01-18 20:40:27.072  5024  5024 D TelephonyExtensionManager: lowBatterySound - batteryStatus: 2
01-18 20:40:27.072  5024  5024 D TelephonyExtensionManager: lowBatterySound - batteryLevel: 55
01-18 20:40:27.072  5024  5024 D TelephonyExtensionManager: lowBatterySound - cancel
01-18 20:40:27.072  3757  3770 D SamsungAlarmManager: Cancel Alarm calling from uid:1001 pid :5024 / op:PendingIntent{ea06927: PendingIntentRecord{6d6b080 com.android.phone broadcastIntent}}
01-18 20:40:27.073  5024  5024 D TelephonyExtension: Not stopping low battery tone
01-18 20:40:27.075  3757 29842 D ApplicationPolicy: isStatusBarNotificationAllowedAsUser: packageName = com.android.systemui,userId = -1
01-18 20:40:27.077  4616  4616 D KeyguardUpdateMonitor: handleBatteryUpdate
01-18 20:40:27.079  4616  4616 D BatteryMeterDrawable: isSomethingChanged - false
01-18 20:40:27.080  4616  4616 D BatteryMeterDrawable: isSomethingChanged - false
01-18 20:40:27.083  4616  4616 D Tile.FlashlightTile: ACTION_BATTERY_CHANGED - Level :: 55, emEnabled :: false
01-18 20:40:27.135  4616  4616 D KeyguardServiceBoxContainer: updateCMAS() hasCmasNotification = false, mHasCMAS = false
01-18 20:40:27.264 19089 19254 I AudioTrack: Skip ramp
01-18 20:40:27.292 19089 19211 I libOpenSLES: Emulating old channel mask behavior (ignoring positional mask 0x3, using default mask 0x3 based on channel count of 2)
01-18 20:40:27.293 19089 19211 W AudioTrack: AUDIO_OUTPUT_FLAG_FAST denied by client; transfer 1, track 44100 Hz, output 48000 Hz
01-18 20:40:27.295  3237  3812 I AudioFlinger: add dynamic flag, can move to deep thread, session 87953
01-18 20:40:27.296 19089 19211 D AudioTrack: Client defaulted notificationFrames to 590 for frameCount 1772
01-18 20:40:27.297 19089 19211 I AudioTrack: This process already got info. FadeIn[0] FadeOut[0] FadeInRing[0]
01-18 20:40:27.298  3237 17217 W AudioPolicyIntefaceImpl: Skipped to add effects on session 87953
01-18 20:40:27.298  3237 17217 I APM_AudioPolicyManager: startOutput() output 21, stream 3, session 87953
01-18 20:40:27.323  3237  3477 I AudioMixer: create resampler src 44100, 2, dst 48000, 2, q 8
01-18 20:40:27.324  3237  3477 D SoundAliveResampler: [SoundAliveResampler] Init+++
01-18 20:40:27.365  3237  3352 I APM_AudioPolicyManager: stopOutput() output 21, stream 3, session 87945
01-18 20:40:27.370  3757 31270 D AudioService: getStreamVolume 3 index 70
01-18 20:40:27.398 19089 19211 I libOpenSLES: Emulating old channel mask behavior (ignoring positional mask 0x3, using default mask 0x3 based on channel count of 2)
01-18 20:40:27.399 19089 19211 W AudioTrack: AUDIO_OUTPUT_FLAG_FAST denied by client; transfer 1, track 44100 Hz, output 48000 Hz
01-18 20:40:27.400  3237  3812 I AudioFlinger: add dynamic flag, can move to deep thread, session 87961
01-18 20:40:27.401 19089 19211 D AudioTrack: Client defaulted notificationFrames to 590 for frameCount 1772
01-18 20:40:27.402 19089 19211 I AudioTrack: This process already got info. FadeIn[0] FadeOut[0] FadeInRing[0]
01-18 20:40:27.402  3237 17217 W AudioPolicyIntefaceImpl: Skipped to add effects on session 87961
01-18 20:40:27.402  3237 17217 I APM_AudioPolicyManager: startOutput() output 21, stream 3, session 87961
01-18 20:40:27.425  3237  3477 I AudioMixer: create resampler src 44100, 2, dst 48000, 2, q 8
01-18 20:40:27.426  3237  3477 D SoundAliveResampler: [SoundAliveResampler] Init+++
01-18 20:40:27.509 19089 19256 I AudioTrack: Skip ramp
01-18 20:40:27.519 19089 19211 I libOpenSLES: Emulating old channel mask behavior (ignoring positional mask 0x3, using default mask 0x3 based on channel count of 2)
01-18 20:40:27.521 19089 19211 W AudioTrack: AUDIO_OUTPUT_FLAG_FAST denied by client; transfer 1, track 44100 Hz, output 48000 Hz
01-18 20:40:27.521  3237 22865 I AudioFlinger: add dynamic flag, can move to deep thread, session 87969
01-18 20:40:27.523 19089 19211 D AudioTrack: Client defaulted notificationFrames to 590 for frameCount 1772
01-18 20:40:27.524 19089 19211 I AudioTrack: This process already got info. FadeIn[0] FadeOut[0] FadeInRing[0]
01-18 20:40:27.525  3237  3237 W AudioPolicyIntefaceImpl: Skipped to add effects on session 87969
01-18 20:40:27.525  3237  3237 I APM_AudioPolicyManager: startOutput() output 21, stream 3, session 87969
01-18 20:40:27.549  3237  3477 I AudioMixer: create resampler src 44100, 2, dst 48000, 2, q 8
01-18 20:40:27.549  3237  3477 D SoundAliveResampler: [SoundAliveResampler] Init+++
01-18 20:40:27.607  3237  3352 I APM_AudioPolicyManager: stopOutput() output 21, stream 3, session 87953
01-18 20:40:27.608 19089 19257 I AudioTrack: Skip ramp
01-18 20:40:27.615 17885 17981 D ClClient: Not sending keepalive.  Current connection state=STOPPED
01-18 20:40:27.615 19089 19211 I libOpenSLES: Emulating old channel mask behavior (ignoring positional mask 0x3, using default mask 0x3 based on channel count of 2)
01-18 20:40:27.616 19089 19211 W AudioTrack: AUDIO_OUTPUT_FLAG_FAST denied by client; transfer 1, track 44100 Hz, output 48000 Hz
01-18 20:40:27.617  3237  3237 I AudioFlinger: add dynamic flag, can move to deep thread, session 87977
01-18 20:40:27.617 19089 19211 D AudioTrack: Client defaulted notificationFrames to 590 for frameCount 1772
01-18 20:40:27.618 19089 19211 I AudioTrack: This process already got info. FadeIn[0] FadeOut[0] FadeInRing[0]
01-18 20:40:27.618  3237 22865 W AudioPolicyIntefaceImpl: Skipped to add effects on session 87977
01-18 20:40:27.618  3237 22865 I APM_AudioPolicyManager: startOutput() output 21, stream 3, session 87977
01-18 20:40:27.647  3237  3477 I AudioMixer: create resampler src 44100, 2, dst 48000, 2, q 8
01-18 20:40:27.648  3237  3477 D SoundAliveResampler: [SoundAliveResampler] Init+++
01-18 20:40:27.710  3237  3352 I APM_AudioPolicyManager: stopOutput() output 21, stream 3, session 87961
01-18 20:40:27.730 19089 19258 I AudioTrack: Skip ramp
01-18 20:40:27.735 19089 19211 I libOpenSLES: Emulating old channel mask behavior (ignoring positional mask 0x3, using default mask 0x3 based on channel count of 2)
01-18 20:40:27.736 19089 19211 W AudioTrack: AUDIO_OUTPUT_FLAG_FAST denied by client; transfer 1, track 44100 Hz, output 48000 Hz
01-18 20:40:27.737  3237  8662 I AudioFlinger: add dynamic flag, can move to deep thread, session 87985
01-18 20:40:27.738 19089 19211 D AudioTrack: Client defaulted notificationFrames to 590 for frameCount 1772
01-18 20:40:27.739 19089 19211 I AudioTrack: This process already got info. FadeIn[0] FadeOut[0] FadeInRing[0]
01-18 20:40:27.739  3237  3813 W AudioPolicyIntefaceImpl: Skipped to add effects on session 87985
01-18 20:40:27.739  3237  3813 I APM_AudioPolicyManager: startOutput() output 21, stream 3, session 87985
01-18 20:40:27.770  3237  3477 I AudioMixer: create resampler src 44100, 2, dst 48000, 2, q 8
01-18 20:40:27.771  3237  3477 D SoundAliveResampler: [SoundAliveResampler] Init+++
01-18 20:40:27.821  3757  3774 D MountService: getExternalStorageMountMode : 1
01-18 20:40:27.821  3757  3774 D MountService: getExternalStorageMountMode : 3
01-18 20:40:27.821  3757  3774 D MountService: getExternalStorageMountMode : final mountMode=1, uid : 10022, packageName : com.LogiaGroup.LogiaDeck
01-18 20:40:27.832  3237  3352 I APM_AudioPolicyManager: stopOutput() output 21, stream 3, session 87969
01-18 20:40:27.834 19089 19261 I AudioTrack: Skip ramp
01-18 20:40:27.869  3757  3774 I ActivityManager: Start proc 19264:com.digitalturbine.ignite.suspend.DataUsageRecorderService/u0a22 for service com.LogiaGroup.LogiaDeck/com.digitalturbine.ignite.suspend.service.DataUsageRecorderService
01-18 20:40:27.871 19264 19264 E Zygote  : v2
01-18 20:40:27.872 19264 19264 I libpersona: KNOX_SDCARD checking this for 10022
01-18 20:40:27.872 19264 19264 I libpersona: KNOX_SDCARD not a persona
01-18 20:40:27.878 19264 19264 E Zygote  : accessInfo : 0
01-18 20:40:27.880 19264 19264 W SELinux : SELinux selinux_android_compute_policy_index : Policy Index[2],  Con:u:r:zygote:s0 RAM:SEPF_SECMOBILE_7.0_0009, [-1 -1 -1 -1 0 1]
01-18 20:40:27.887 19264 19264 I SELinux : SELinux: seapp_context_lookup: seinfo=untrusted, level=s0:c512,c768, pkgname=com.digitalturbine.ignite.suspend.DataUsageRecorderService 
01-18 20:40:27.923 19264 19264 D TimaKeyStoreProvider: TimaKeyStore is not enabled: cannot add TimaSignature Service and generateKeyPair Service
01-18 20:40:27.927  3757 10512 D CompatibilityInfo: mCompatibilityFlags - 0
01-18 20:40:27.927  3757 10512 D CompatibilityInfo: applicationDensity - 420
01-18 20:40:27.927  3757 10512 D CompatibilityInfo: applicationScale - 1.0
01-18 20:40:27.927  3757 10512 I ActivityManager: DSS on for com.LogiaGroup.LogiaDeck and scale is 1.0
01-18 20:40:27.930  3757 10512 D CompatibilityInfo: mCompatibilityFlags - 0
01-18 20:40:27.930  3757 10512 D CompatibilityInfo: applicationDensity - 420
01-18 20:40:27.930  3757 10512 D CompatibilityInfo: applicationScale - 1.0
01-18 20:40:27.932  3237  3352 I APM_AudioPolicyManager: stopOutput() output 21, stream 3, session 87977
01-18 20:40:27.938  3757 10512 D CompatibilityInfo: mCompatibilityFlags - 0
01-18 20:40:27.938  3757 10512 D CompatibilityInfo: applicationDensity - 420
01-18 20:40:27.938  3757 10512 D CompatibilityInfo: applicationScale - 1.0
01-18 20:40:27.953 19089 19263 I AudioTrack: Skip ramp
01-18 20:40:27.962 19264 19264 I art     : Starting a blocking GC AddRemoveAppImageSpace
01-18 20:40:27.965 19264 19264 W System  : ClassLoader referenced unknown path: /data/app/com.LogiaGroup.LogiaDeck-1/lib/arm64
01-18 20:40:28.004 19264 19264 D IgniteSuspend: Service onBind default suspend threshold: 1200000000
01-18 20:40:28.015  3757  4469 I ActivityManager: Killing 13107:com.LogiaGroup.LogiaDeck/u0a22 (adj 906): DHA:SPC_empty #31
01-18 20:40:28.052  3237  3352 I APM_AudioPolicyManager: stopOutput() output 21, stream 3, session 87985
01-18 20:40:28.058  3757  4482 D ActivityManager: cleanUpApplicationRecord -- 13107
01-18 20:40:28.066  3757  4482 W ActivityManager: Scheduling restart of crashed service com.LogiaGroup.LogiaDeck/com.digitalturbine.ignite.IgniteService in 1000ms
01-18 20:40:28.069 19264 19264 I art     : System.exit called, status: 0
01-18 20:40:28.069 19264 19264 I AndroidRuntime: VM exiting with result code 0, cleanup skipped.
01-18 20:40:28.072  6011  6027 D ForegroundUtils: could not check pending caller
01-18 20:40:28.093  3757 10496 I ActivityManager: Process com.digitalturbine.ignite.suspend.DataUsageRecorderService (pid 19264) has died(106,1480)
01-18 20:40:28.093  3757 10496 D ActivityManager: cleanUpApplicationRecord -- 19264
01-18 20:40:28.096  6011 20825 D ForegroundUtils: could not check pending caller
01-18 20:40:28.312  3757  4398 D InputReader: Input event(7): value=1 when=343925470001000
01-18 20:40:28.318  3757  4398 D SamsungPhoneWindowManager: f.b. a = false hd = false eme = false ksno = false id = -1
01-18 20:40:28.319  3757  4398 V Vibrator: Called semVibrate(int, int, AudioAttributes, Mag) API - PUID: 1000, PackageName: android, token: android.os.Binder@3b5b127, type: 50026, repeat: -1, AudioAttr : null, Mag: TYPE_TOUCH
01-18 20:40:28.319  3757  4398 V VibratorService: vibratePatternMagnitude - package: android, repeat: -1, token: android.os.Binder@3b5b127, mag: 6500, def: 10000
01-18 20:40:28.319  3757  4398 D VibratorService: Turning vibrator off
01-18 20:40:28.321  3757 19284 D VibratorService: vibratorOn() : 7ms, magnitude :6500, f : -1
01-18 20:40:28.325  3757  4397 I InputDispatcher: Delivering key to (19089): action: 0x0 (0)
01-18 20:40:28.326 19089 19108 V threaded_app: New input event: type=1
01-18 20:40:28.333  8465  8465 W SemDesktopModeManager: isDesktopMode: Desktop Mode feature not available
01-18 20:40:28.342 19089 19108 V threaded_app: New input event: type=1
01-18 20:40:28.342 19089 19108 D UE4     : Received keycode: 4, softkey: 0
01-18 20:40:28.342 19089 19108 D UE4     : Received key event: 4
01-18 20:40:28.372  3757 10512 D AudioService: getStreamVolume 3 index 70
01-18 20:40:28.457  3757  4398 D InputReader: Input event(7): value=0 when=343925615468000
01-18 20:40:28.459  3757  4397 I InputDispatcher: Delivering key to (19089): action: 0x1 (0)
01-18 20:40:28.460 19089 19108 V threaded_app: New input event: type=1
01-18 20:40:28.461 19089 19108 V threaded_app: New input event: type=1
01-18 20:40:28.461 19089 19108 D UE4     : Received keycode: 4, softkey: 0
01-18 20:40:28.461 19089 19108 D UE4     : Received key event: 4
01-18 20:40:28.553  3757  4458 D WifiStateMachine: Current network is: "wilkinson2.4" , ID is: 30
01-18 20:40:28.553  3757  4458 I WifiStateMachine: IMS calling, current network is always qualified
01-18 20:40:29.374  3757  5901 D AudioService: getStreamVolume 3 index 70
01-18 20:40:30.376  3757 32085 D AudioService: getStreamVolume 3 index 70
01-18 20:40:30.718  3757  4398 D InputReader: Input event(7): value=1 when=343927875859000
01-18 20:40:30.727  3757  4398 D SamsungPhoneWindowManager: f.b. a = false hd = false eme = false ksno = false id = -1
01-18 20:40:30.728  3757  4398 V Vibrator: Called semVibrate(int, int, AudioAttributes, Mag) API - PUID: 1000, PackageName: android, token: android.os.Binder@3b5b127, type: 50026, repeat: -1, AudioAttr : null, Mag: TYPE_TOUCH
01-18 20:40:30.728  3757  4398 V VibratorService: vibratePatternMagnitude - package: android, repeat: -1, token: android.os.Binder@3b5b127, mag: 6500, def: 10000
01-18 20:40:30.729  3757  4398 D VibratorService: Turning vibrator off
01-18 20:40:30.735  3757  4397 I InputDispatcher: Delivering key to (19089): action: 0x0 (0)
01-18 20:40:30.736  3757 19289 D VibratorService: vibratorOn() : 7ms, magnitude :6500, f : -1
01-18 20:40:30.736 19089 19108 V threaded_app: New input event: type=1
01-18 20:40:30.741  8465  8465 W SemDesktopModeManager: isDesktopMode: Desktop Mode feature not available
01-18 20:40:30.743 19089 19108 V threaded_app: New input event: type=1
01-18 20:40:30.743 19089 19108 D UE4     : Received keycode: 4, softkey: 0
01-18 20:40:30.743 19089 19108 D UE4     : Received key event: 4
01-18 20:40:30.864  3757  4398 D InputReader: Input event(7): value=0 when=343928021440000
01-18 20:40:30.868  3757  4397 I InputDispatcher: Delivering key to (19089): action: 0x1 (0)
01-18 20:40:30.868 19089 19108 V threaded_app: New input event: type=1
01-18 20:40:30.869 19089 19108 V threaded_app: New input event: type=1
01-18 20:40:30.869 19089 19108 D UE4     : Received keycode: 4, softkey: 0
01-18 20:40:30.869 19089 19108 D UE4     : Received key event: 4
01-18 20:40:31.190  5689  5689 D io_stats: !@   8,0 r 4678474 139038096 w 3814715 82483896 d 566581 40368808 f 960700 960481 iot 6084890 3488851 th 61440 61440 51928 pt 10660 inp 0 0 343928.348
01-18 20:40:31.380  3757  7202 D AudioService: getStreamVolume 3 index 70
01-18 20:40:31.516  5971  5971 I HwDetectorWithState: #performNextHotwordAction action: 1
01-18 20:40:31.571  3757  4458 D WifiStateMachine: Current network is: "wilkinson2.4" , ID is: 30
01-18 20:40:31.571  3757  4458 I WifiStateMachine: IMS calling, current network is always qualified
01-18 20:40:31.772  3757  4354 D SamsungAlarmManager: Expired : 8
01-18 20:40:31.774  3757  4354 I SamsungAlarmManager: setLocked to kernel - T:3 / 20190118T204059, SetElapsed=1062693655, nowELAPSED=1062665429
01-18 20:40:31.774  3757  4354 V SamsungAlarmManager: Sending to uid : 10059 action=null alarm=Alarm{b96ad7d type 3 when 1062665428 com.asurion.android.verizon.vms}
01-18 20:40:31.787  3757  4354 D CompatibilityInfo: mCompatibilityFlags - 0
01-18 20:40:31.787  3757  4354 D CompatibilityInfo: applicationDensity - 420
01-18 20:40:31.787  3757  4354 D CompatibilityInfo: applicationScale - 1.0
01-18 20:40:31.816  3757 29842 D SamsungAlarmManager: setExact Intent (T:3/F:5/AC:false) 20190118T204036 - CU:10059/CP:22536
01-18 20:40:31.817  3757 29842 I SamsungAlarmManager: setLocked to kernel - T:3 / 20190118T204036, SetElapsed=1062670461, nowELAPSED=1062665472
01-18 20:40:32.151  3757  4398 D InputReader: Input event(7): value=1 when=343929309249000
01-18 20:40:32.160  3757  4398 D SamsungPhoneWindowManager: f.b. a = false hd = false eme = false ksno = false id = -1
01-18 20:40:32.160  3757  4398 V Vibrator: Called semVibrate(int, int, AudioAttributes, Mag) API - PUID: 1000, PackageName: android, token: android.os.Binder@3b5b127, type: 50026, repeat: -1, AudioAttr : null, Mag: TYPE_TOUCH
01-18 20:40:32.161  3757  4398 V VibratorService: vibratePatternMagnitude - package: android, repeat: -1, token: android.os.Binder@3b5b127, mag: 6500, def: 10000
01-18 20:40:32.161  3757  4398 D VibratorService: Turning vibrator off
01-18 20:40:32.164  3757 19293 D VibratorService: vibratorOn() : 7ms, magnitude :6500, f : -1
01-18 20:40:32.166  3757  4397 I InputDispatcher: Delivering key to (19089): action: 0x0 (0)
01-18 20:40:32.167 19089 19108 V threaded_app: New input event: type=1
01-18 20:40:32.169  8465  8465 W SemDesktopModeManager: isDesktopMode: Desktop Mode feature not available
01-18 20:40:32.169 19089 19108 V threaded_app: New input event: type=1
01-18 20:40:32.170 19089 19108 D UE4     : Received keycode: 4, softkey: 0
01-18 20:40:32.170 19089 19108 D UE4     : Received key event: 4
01-18 20:40:32.296  3757  4398 D InputReader: Input event(7): value=0 when=343929454782000
01-18 20:40:32.300  3757  4397 I InputDispatcher: Delivering key to (19089): action: 0x1 (0)
01-18 20:40:32.300 19089 19108 V threaded_app: New input event: type=1
01-18 20:40:32.301 19089 19108 V threaded_app: New input event: type=1
01-18 20:40:32.301 19089 19108 D UE4     : Received keycode: 4, softkey: 0
01-18 20:40:32.301 19089 19108 D UE4     : Received key event: 4
01-18 20:40:32.383  3757 29839 D AudioService: getStreamVolume 3 index 70
01-18 20:40:32.709  3757  4398 D InputReader: Input event(7): value=1 when=343929867583000
01-18 20:40:32.714  3757  4398 D SamsungPhoneWindowManager: f.b. a = false hd = false eme = false ksno = false id = -1
01-18 20:40:32.715  3757  4398 V Vibrator: Called semVibrate(int, int, AudioAttributes, Mag) API - PUID: 1000, PackageName: android, token: android.os.Binder@3b5b127, type: 50026, repeat: -1, AudioAttr : null, Mag: TYPE_TOUCH
01-18 20:40:32.715  3757  4398 V VibratorService: vibratePatternMagnitude - package: android, repeat: -1, token: android.os.Binder@3b5b127, mag: 6500, def: 10000
01-18 20:40:32.715  3757  4398 D VibratorService: Turning vibrator off
01-18 20:40:32.718  3757 19296 D VibratorService: vibratorOn() : 7ms, magnitude :6500, f : -1
01-18 20:40:32.719  3757  4397 I InputDispatcher: Delivering key to (19089): action: 0x0 (0)
01-18 20:40:32.719 19089 19108 V threaded_app: New input event: type=1
01-18 20:40:32.721  8465  8465 W SemDesktopModeManager: isDesktopMode: Desktop Mode feature not available
01-18 20:40:32.721 19089 19108 V threaded_app: New input event: type=1
01-18 20:40:32.722 19089 19108 D UE4     : Received keycode: 4, softkey: 0
01-18 20:40:32.722 19089 19108 D UE4     : Received key event: 4
01-18 20:40:32.855  3757  4398 D InputReader: Input event(7): value=0 when=343930013044000
01-18 20:40:32.858  3757  4397 I InputDispatcher: Delivering key to (19089): action: 0x1 (0)
01-18 20:40:32.858 19089 19108 V threaded_app: New input event: type=1
01-18 20:40:32.859 19089 19108 V threaded_app: New input event: type=1
01-18 20:40:32.859 19089 19108 D UE4     : Received keycode: 4, softkey: 0
01-18 20:40:32.859 19089 19108 D UE4     : Received key event: 4
01-18 20:40:33.073  3757  4398 D InputReader: Input event(7): value=1 when=343930231713000
01-18 20:40:33.087  3757  4398 D SamsungPhoneWindowManager: f.b. a = false hd = false eme = false ksno = false id = -1
01-18 20:40:33.087  3757  4398 V Vibrator: Called semVibrate(int, int, AudioAttributes, Mag) API - PUID: 1000, PackageName: android, token: android.os.Binder@3b5b127, type: 50026, repeat: -1, AudioAttr : null, Mag: TYPE_TOUCH
01-18 20:40:33.087  3757  4398 V VibratorService: vibratePatternMagnitude - package: android, repeat: -1, token: android.os.Binder@3b5b127, mag: 6500, def: 10000
01-18 20:40:33.088  3757  4398 D VibratorService: Turning vibrator off
01-18 20:40:33.093  3757 19297 D VibratorService: vibratorOn() : 7ms, magnitude :6500, f : -1
01-18 20:40:33.094  3757  4397 I InputDispatcher: Delivering key to (19089): action: 0x0 (0)
01-18 20:40:33.095 19089 19108 V threaded_app: New input event: type=1
01-18 20:40:33.098  8465  8465 W SemDesktopModeManager: isDesktopMode: Desktop Mode feature not available
01-18 20:40:33.100 19089 19108 V threaded_app: New input event: type=1
01-18 20:40:33.100 19089 19108 D UE4     : Received keycode: 4, softkey: 0
01-18 20:40:33.100 19089 19108 D UE4     : Received key event: 4
01-18 20:40:33.243  3757  4398 D InputReader: Input event(7): value=0 when=343930401609000
01-18 20:40:33.247  3757  4397 I InputDispatcher: Delivering key to (19089): action: 0x1 (0)
01-18 20:40:33.248 19089 19108 V threaded_app: New input event: type=1
01-18 20:40:33.249 19089 19108 V threaded_app: New input event: type=1
01-18 20:40:33.249 19089 19108 D UE4     : Received keycode: 4, softkey: 0
01-18 20:40:33.249 19089 19108 D UE4     : Received key event: 4
01-18 20:40:33.385  3757 31270 D AudioService: getStreamVolume 3 index 70
01-18 20:40:33.534  3757  4398 D InputReader: Input event(7): value=1 when=343930692834000
01-18 20:40:33.542  3757  4398 D SamsungPhoneWindowManager: f.b. a = false hd = false eme = false ksno = false id = -1
01-18 20:40:33.543  3757  4398 V Vibrator: Called semVibrate(int, int, AudioAttributes, Mag) API - PUID: 1000, PackageName: android, token: android.os.Binder@3b5b127, type: 50026, repeat: -1, AudioAttr : null, Mag: TYPE_TOUCH
01-18 20:40:33.543  3757  4398 V VibratorService: vibratePatternMagnitude - package: android, repeat: -1, token: android.os.Binder@3b5b127, mag: 6500, def: 10000
01-18 20:40:33.543  3757  4398 D VibratorService: Turning vibrator off
01-18 20:40:33.547  3757 19300 D VibratorService: vibratorOn() : 7ms, magnitude :6500, f : -1
01-18 20:40:33.552  3757  4397 I InputDispatcher: Delivering key to (19089): action: 0x0 (0)
01-18 20:40:33.552 19089 19108 V threaded_app: New input event: type=1
01-18 20:40:33.554  8465  8465 W SemDesktopModeManager: isDesktopMode: Desktop Mode feature not available
01-18 20:40:33.555 19089 19108 V threaded_app: New input event: type=1
01-18 20:40:33.555 19089 19108 D UE4     : Received keycode: 4, softkey: 0
01-18 20:40:33.555 19089 19108 D UE4     : Received key event: 4
01-18 20:40:33.704  3757  4398 D InputReader: Input event(7): value=0 when=343930862716000
01-18 20:40:33.708  3757  4397 I InputDispatcher: Delivering key to (19089): action: 0x1 (0)
01-18 20:40:33.709 19089 19108 V threaded_app: New input event: type=1
01-18 20:40:33.710 19089 19108 V threaded_app: New input event: type=1
01-18 20:40:33.710 19089 19108 D UE4     : Received keycode: 4, softkey: 0
01-18 20:40:33.710 19089 19108 D UE4     : Received key event: 4
01-18 20:40:33.874  3757  4398 D InputReader: Input event(7): value=1 when=343931032869000
01-18 20:40:33.876  3757  4398 D SamsungPhoneWindowManager: f.b. a = false hd = false eme = false ksno = false id = -1
01-18 20:40:33.877  3757  4398 V Vibrator: Called semVibrate(int, int, AudioAttributes, Mag) API - PUID: 1000, PackageName: android, token: android.os.Binder@3b5b127, type: 50026, repeat: -1, AudioAttr : null, Mag: TYPE_TOUCH
01-18 20:40:33.877  3757  4398 V VibratorService: vibratePatternMagnitude - package: android, repeat: -1, token: android.os.Binder@3b5b127, mag: 6500, def: 10000
01-18 20:40:33.877  3757  4398 D VibratorService: Turning vibrator off
01-18 20:40:33.880  3757 19301 D VibratorService: vibratorOn() : 7ms, magnitude :6500, f : -1
01-18 20:40:33.883 19089 19108 V threaded_app: New input event: type=1
01-18 20:40:33.884  3757  4397 I InputDispatcher: Delivering key to (19089): action: 0x0 (0)
01-18 20:40:33.888  8465  8465 W SemDesktopModeManager: isDesktopMode: Desktop Mode feature not available
01-18 20:40:33.890 19089 19108 V threaded_app: New input event: type=1
01-18 20:40:33.890 19089 19108 D UE4     : Received keycode: 4, softkey: 0
01-18 20:40:33.890 19089 19108 D UE4     : Received key event: 4
01-18 20:40:34.020  3757  4398 D InputReader: Input event(7): value=0 when=343931178118000
01-18 20:40:34.022  3757  4397 I InputDispatcher: Delivering key to (19089): action: 0x1 (0)
01-18 20:40:34.023 19089 19108 V threaded_app: New input event: type=1
01-18 20:40:34.024 19089 19108 V threaded_app: New input event: type=1
01-18 20:40:34.024 19089 19108 D UE4     : Received keycode: 4, softkey: 0
01-18 20:40:34.024 19089 19108 D UE4     : Received key event: 4
01-18 20:40:34.387  3757  2859 D AudioService: getStreamVolume 3 index 70
01-18 20:40:34.588  3757  4458 D WifiStateMachine: Current network is: "wilkinson2.4" , ID is: 30
01-18 20:40:34.588  3757  4458 I WifiStateMachine: IMS calling, current network is always qualified
01-18 20:40:35.389  3757 29840 D AudioService: getStreamVolume 3 index 70
01-18 20:40:35.473 19089 19110 D UE4     : Used memory: 222720
01-18 20:40:36.192  5689  5689 D io_stats: !@   8,0 r 4678474 139038096 w 3814716 82483928 d 566581 40368808 f 960725 960506 iot 6084970 3488854 th 61440 61440 51928 pt 10660 inp 0 0 343933.350
01-18 20:40:36.391  3757  7216 D AudioService: getStreamVolume 3 index 70
01-18 20:40:36.469  3757  9599 D SSRM:t  : SIOP:: AP = 420, PST = 367 (W:10), CP = 274, CUR = 581, LCD = 40
01-18 20:40:36.471  3757  9599 D ConnectivityService: filterNetworkStateForUid() uid: 1000 networkInfo: [type: WIFI[] - WIFI, state: CONNECTED/CONNECTED, reason: (unspecified), extra: "wilkinson2.4", failover: false, available: true, roaming: false, metered: false]
01-18 20:40:36.522  5971  5971 I HwDetectorWithState: #performNextHotwordAction action: 1
01-18 20:40:36.805  3757  4354 D SamsungAlarmManager: Expired : 8
01-18 20:40:36.806  3757  4354 I SamsungAlarmManager: setLocked to kernel - T:3 / 20190118T204059, SetElapsed=1062693655, nowELAPSED=1062670462
01-18 20:40:36.807  3757  4354 V SamsungAlarmManager: Sending to uid : 10059 action=null alarm=Alarm{c2070c3 type 3 when 1062670461 com.asurion.android.verizon.vms}
01-18 20:40:36.820  3757  4354 I ActivityManager: Killing 18412:com.samsung.android.samsungpass/u0a266 (adj 906): DHA:empty #31
01-18 20:40:36.822  3757  4354 I ActivityManager: Killing 18682:com.android.documentsui/u0a114 (adj 906): DHA:empty #31
01-18 20:40:36.824  3757  4354 D CompatibilityInfo: mCompatibilityFlags - 0
01-18 20:40:36.824  3757  4354 D CompatibilityInfo: applicationDensity - 420
01-18 20:40:36.824  3757  4354 D CompatibilityInfo: applicationScale - 1.0
01-18 20:40:36.862  3757 32085 D ActivityManager: cleanUpApplicationRecord -- 18412
01-18 20:40:36.864  6011 20825 D ForegroundUtils: could not check pending caller
01-18 20:40:36.873  3757  2858 D ActivityManager: cleanUpApplicationRecord -- 18682
01-18 20:40:36.880  3757 10512 D SamsungAlarmManager: setExact Intent (T:3/F:5/AC:false) 20190118T204041 - CU:10059/CP:22536
01-18 20:40:36.880  3757 10512 I SamsungAlarmManager: setLocked to kernel - T:3 / 20190118T204041, SetElapsed=1062675517, nowELAPSED=1062670536
01-18 20:40:36.882  6011  6033 D ForegroundUtils: could not check pending caller
01-18 20:40:36.888  3757  7204 I ActivityManager: Killing 17885:com.microsoft.office.outlook/u0a258 (adj 906): DHA:empty #31
01-18 20:40:36.927  3757  4469 D ActivityManager: cleanUpApplicationRecord -- 17885
01-18 20:40:36.929  6011  6027 D ForegroundUtils: could not check pending caller
01-18 20:40:37.097  3757  4482 D BatteryService: !@BatteryListener : batteryPropertiesChanged!
01-18 20:40:37.098  3757  4482 D BatteryService: level:55, scale:100, status:2, health:2, present:true, voltage: 3984, temperature: 312, technology: Li-ion, AC powered:false, USB powered:true, POGO powered:false, Wireless powered:false, icon:17303694, invalid charger:0, maxChargingCurrent:0, maxChargingVoltage:0, chargeCounter:0
01-18 20:40:37.098  3757  4482 D BatteryService: online:6, current avg:524, charge type:1, power sharing:false, high voltage charger:false, capacity:280000, batterySWSelfDischarging:false, misc_event:0, current_now:349
01-18 20:40:37.099  3757  3757 D BatteryService: Sending ACTION_BATTERY_CHANGED.
01-18 20:40:37.103  3757  3757 V UiModeManager: updateLocked: null action, mDockState=0, category=null
01-18 20:40:37.103  3757  3757 D UiModeManager: updateConfigurationLocked: mDockState=0; mCarMode=false; mNightMode=1; uiMode=17
01-18 20:40:37.106  3757  3757 D GameManagerService: new battery level: 55
01-18 20:40:37.109  4616  4616 D KeyguardUpdateMonitor: received broadcast android.intent.action.BATTERY_CHANGED
01-18 20:40:37.110  4616  4616 D KeyguardUpdateMonitor: handleBatteryUpdate
01-18 20:40:37.113  4616  4616 D PowerUI : priorPlugType = 2 mPlugType =  2
01-18 20:40:37.115  4616  4616 D PowerUI.Notification: showChargingNotice oldChargingType : 1 currentChargingType : 1 oldChargingTime : 4931000 mChargingTime : 4931000
01-18 20:40:37.115  4616  4616 D PowerUI.Notification: There is no change about charging status, so return!
01-18 20:40:37.118  4616  4616 D BatteryMeterDrawable: isSomethingChanged - false
01-18 20:40:37.118  4616  4616 D BatteryMeterDrawable: isSomethingChanged - false
01-18 20:40:37.120  5024  5024 D PhoneApp: PhoneAppBroadcastReceiver onReceive android.intent.action.BATTERY_CHANGED
01-18 20:40:37.120  5024  5024 D TelephonyExtensionManager: lowBatterySound - isLowBatterySoundScheduled: false
01-18 20:40:37.120  5024  5024 D TelephonyExtensionManager: lowBatterySound - isPlayNow: false
01-18 20:40:37.121  5024  5024 D TelephonyExtensionManager: isSpeakerON - false
01-18 20:40:37.121  4616  4616 D Tile.FlashlightTile: ACTION_BATTERY_CHANGED - Level :: 55, emEnabled :: false
01-18 20:40:37.130  4561  4561 V HeadsetService: HeadsetService - Received Intent.ACTION_BATTERY_CHANGED
01-18 20:40:37.130  4561  1994 D HeadsetStateMachine: Disconnected process message: 10, size: 0
01-18 20:40:37.143  5024  5024 D TelephonyExtensionManager: lowBatterySound - batteryStatus: 2
01-18 20:40:37.143  5024  5024 D TelephonyExtensionManager: lowBatterySound - batteryLevel: 55
01-18 20:40:37.143  5024  5024 D TelephonyExtensionManager: lowBatterySound - cancel
01-18 20:40:37.146 19089 19089 D UE4     : Battery: status = 2, rawlevel = 55, scale = 100
01-18 20:40:37.146 19089 19089 D UE4     : nativeBatteryEvent(stat = 2, lvl = 55  temp = 31.20 C)
01-18 20:40:37.147  5024  5209 I System.out: Broadcasting: Intent { act=android.intent.action.ACTION_UNSOL_RESPONSE_OEM_HOOK_RAW launchParam=MultiScreenLaunchParams { mDisplayId=0 mFlags=0 } (has extras) }
01-18 20:40:37.152  3757  3771 D SamsungAlarmManager: Cancel Alarm calling from uid:1001 pid :5024 / op:PendingIntent{265a479: PendingIntentRecord{6d6b080 com.android.phone broadcastIntent}}
01-18 20:40:37.153  5024  5024 D TelephonyExtension: Not stopping low battery tone
01-18 20:40:37.168  5024 29626 I System.out: Broadcast completed: result=0
01-18 20:40:37.175  4616  4823 D NetworkController.MobileSignalController(0/1): onSignalStrengthsChanged signalStrength=SignalStrength: 99 99 -120 -160 -120 -1 -1 17 -109 -11 10 2147483647 2147483647 0x2000 gsm|lte level=2
01-18 20:40:37.179  4616  4823 D NetworkController.MobileSignalController(0/1): getMobileIconGroup(): 13
01-18 20:40:37.179  4616  4823 D NetworkController.MobileSignalController(0/1): updateVZWMobileIconGroup(): 13
01-18 20:40:37.186  5035  5670 D EPDG -- [SMARTWIFI]: onSignalStrengthsChanged: Received signal strength change, phone type is: 2
01-18 20:40:37.186  5035  6445 D EPDG -- [MODEM]: message length is  9
01-18 20:40:37.187  5035  6445 D EPDG -- [MODEM]: countRead is 7 offset is 7remaining is 0
01-18 20:40:37.187  5035  6445 D EPDG -- EpdgIpcMessageFactory: ipcMainCmd: 8
01-18 20:40:37.187  5035  6446 D EPDG -- [SMARTWIFI]: lastLteRSRP is -109currentLteRSRP is -109
01-18 20:40:37.188  5035  6446 D EPDG -- [SMARTWIFI]: lastLteRSRQ is -11currentLteRSRQ is -11
01-18 20:40:37.188  5035  6446 D EPDG -- [SMARTWIFI]: lastCdmaDb is -16currentCdmaDb is -16
01-18 20:40:37.188  5035  6446 V EPDG -- [SMARTWIFI]: Radio oldest entry removed
01-18 20:40:37.189  5035  6446 V EPDG -- [SMARTWIFI]: New entry : (SignalStrength: 99 99 -120 -160 -120 -1 -1 17 -109 -11 10 2147483647 2147483647 0x2000 gsm|lte : 0 )
01-18 20:40:37.189  3757 31269 D AlarmManager: setTimeZone : America/New_York calling from uid: 1001 pid :5024
01-18 20:40:37.189  3757 31269 W SamsungAlarmManager: setTimeZone : America/New_York CU:1001/CP:5024
01-18 20:40:37.189  5035  6446 V EPDG -- [SMARTWIFI]: Radio entry added
01-18 20:40:37.189  3757 31269 D AlarmManagerService: Kernel timezone updated to 300 minutes west of GMT
01-18 20:40:37.190  5035  6445 D EPDG -- [UTILS]: isUSerBinary: true
01-18 20:40:37.193  5035  6445 D EPDG -- [RILRECEIVER]: [Rx]: Main: IPC_NET_CMD Sub: IPC_NET_REGIST
01-18 20:40:37.193  5035  6445 D EPDG -- [RILRECEIVER]: [Rx]: Param: FF 03 
01-18 20:40:37.193  5035  6445 I EPDG -- [RILRECEIVER]: RX [NET_REGIST] -- RESPONSE -- EPDG AVAILABLE
01-18 20:40:37.193  5035  6445 D EPDG -- [NETIPCMESSAGE]: encodeNetRegist
01-18 20:40:37.193  5035  6445 D EPDG -- [UTILS]: isUSerBinary: true
01-18 20:40:37.196  5035  6445 D EPDG -- [IPCDISPATCHER]: [Tx]: Main: IPC_NET_CMD Sub: IPC_NET_REGIST Cmd Type: IPC_CMD_RESP
01-18 20:40:37.196  5035  6445 D EPDG -- [IPCDISPATCHER]: [Tx]: Param: 30 03 02 00 00 00 00 00 00 00 00 00 00 
01-18 20:40:37.197  5035  6445 D EPDG -- [MODEM]: EpdgModem instance already exists !
01-18 20:40:37.198  5035  5670 D EPDG -- [EPDGService]: Event received: RIL_EPDG_STATUS_QUERY
01-18 20:40:37.198  5035  5670 D EPDG -- [EPDGService]: handleMessage: cid - 2
01-18 20:40:37.199  4616  4823 D NetworkController.MobileSignalController(0/1): callState:0, callStateByPhone:false voLTECall:false voiceNetTpe:13 dataNetType:13, ine911:false, emergencyCallbackMode:false
01-18 20:40:37.201  5035  6442 D EPDG -- [MODEM]: Successfully written to RIL
01-18 20:40:37.206  3757  7216 W SamsungAlarmManager: setTime : 1547862038047 CU:1001/CP:5024
01-18 20:40:37.206  3757  7216 D AlarmManagerService: Setting time of day to sec=1547862038
01-18 20:40:37.206  3757  7216 D AlarmManagerService: Trying to open a DRM_TIME_PATH file
01-18 20:40:37.207  3757  7216 E AlarmManagerService: DRM_TIME_PATH File Open Failed
01-18 20:40:38.049  3757  4354 D SamsungAlarmManager: Expired : 65536
01-18 20:40:38.057  3757  3757 I DrmEventService: handleNitztimeUpdation
01-18 20:40:38.062  3757  3774 D CompatibilityInfo: mCompatibilityFlags - 0
01-18 20:40:38.062  3757  3774 D CompatibilityInfo: applicationDensity - 420
01-18 20:40:38.063  3757  3774 D CompatibilityInfo: applicationScale - 1.0
01-18 20:40:38.065  3757  3757 I DcmNextiPlayReadyReceiver: DcmNextiPlayReadyReceiver : ignore intent.getAction = android.intent.action.NETWORK_SET_TIME
01-18 20:40:38.069  3757  3757 D MountService: getExternalStorageMountMode : 1
01-18 20:40:38.069  3757  3757 D MountService: getExternalStorageMountMode : 3
01-18 20:40:38.069  3757  3757 D MountService: getExternalStorageMountMode : final mountMode=1, uid : 10249, packageName : com.samsung.android.bluelightfilter
01-18 20:40:38.078  5035  6445 D EPDG -- [MODEM]: message length is  9
01-18 20:40:38.079  5035  6445 D EPDG -- [MODEM]: countRead is 7 offset is 7remaining is 0
01-18 20:40:38.079  5035  6445 D EPDG -- EpdgIpcMessageFactory: ipcMainCmd: 8
01-18 20:40:38.079  5035  6445 D EPDG -- [UTILS]: isUSerBinary: true
01-18 20:40:38.079  5035  6445 D EPDG -- [RILRECEIVER]: [Rx]: Main: IPC_NET_CMD Sub: IPC_NET_REGIST
01-18 20:40:38.080  5035  6445 D EPDG -- [RILRECEIVER]: [Rx]: Param: FF 03 
01-18 20:40:38.080  5035  6445 I EPDG -- [RILRECEIVER]: RX [NET_REGIST] -- RESPONSE -- EPDG AVAILABLE
01-18 20:40:38.080  5035  6445 D EPDG -- [NETIPCMESSAGE]: encodeNetRegist
01-18 20:40:38.080  5035  6445 D EPDG -- [UTILS]: isUSerBinary: true
01-18 20:40:38.081  5035  6445 D EPDG -- [IPCDISPATCHER]: [Tx]: Main: IPC_NET_CMD Sub: IPC_NET_REGIST Cmd Type: IPC_CMD_RESP
01-18 20:40:38.081  5035  6445 D EPDG -- [IPCDISPATCHER]: [Tx]: Param: 30 03 02 00 00 00 00 00 00 00 00 00 00 
01-18 20:40:38.081  5035  6445 D EPDG -- [MODEM]: EpdgModem instance already exists !
01-18 20:40:38.081  5035  5670 D EPDG -- [EPDGService]: Event received: RIL_EPDG_STATUS_QUERY
01-18 20:40:38.081  5035  5670 D EPDG -- [EPDGService]: handleMessage: cid - 2
01-18 20:40:38.081  5035  6442 D EPDG -- [MODEM]: Successfully written to RIL
01-18 20:40:38.092  3757  3757 I ActivityManager: Start proc 19322:com.samsung.android.bluelightfilter/u0a249 for broadcast com.samsung.android.bluelightfilter/.BlueLightFilterReceiver
01-18 20:40:38.094  3757  4354 D SamsungAlarmManager: setExact Intent (T:3/F:1/AC:false) 20190118T204100 - CU:1000/CP:3757
01-18 20:40:38.095 19322 19322 E Zygote  : v2
01-18 20:40:38.095 19322 19322 I libpersona: KNOX_SDCARD checking this for 10249
01-18 20:40:38.095 19322 19322 I libpersona: KNOX_SDCARD not a persona
01-18 20:40:38.097 19322 19322 E Zygote  : accessInfo : 0
01-18 20:40:38.099 19322 19322 W SELinux : SELinux selinux_android_compute_policy_index : Policy Index[2],  Con:u:r:zygote:s0 RAM:SEPF_SECMOBILE_7.0_0009, [-1 -1 -1 -1 0 1]
01-18 20:40:38.100 19322 19322 I SELinux : SELinux: seapp_context_lookup: seinfo=platform, level=s0:c512,c768, pkgname=com.samsung.android.bluelightfilter 
01-18 20:40:38.111  3757  4354 E AlarmManager: No more alarm at this time. nowELAPSED=1062670865 batch.start=1062675517 mNextWakeup=1062755271 mNextNonWakeup=1062675517 mAlarmBatches.size=46
01-18 20:40:38.111  3757  4354 E AlarmManager: Batch 1 size = 1 : 1062675517, Batch 2 size = 1 : 1062692816, Batch 3 size = 2 : 1062710071
01-18 20:40:38.115  3757  4354 I SamsungAlarmManager: setLocked to kernel - T:2 / 20190118T204202, SetElapsed=1062755271, nowELAPSED=1062670930
01-18 20:40:38.149 19322 19322 D TimaKeyStoreProvider: TimaKeyStore is not enabled: cannot add TimaSignature Service and generateKeyPair Service
01-18 20:40:38.158  3757  3757 D OTPFW   : OTPTimeChangeLogger :: TimeChangeListener$onReceive | Device Time Changed. Current time = 1547862038158
01-18 20:40:38.161  4616  4616 D KeyguardUpdateMonitor: received broadcast android.intent.action.TIME_SET
01-18 20:40:38.161  4616  4616 D KeyguardUpdateMonitor: handleTimeUpdate#start
01-18 20:40:38.161  4616  4616 I KeyguardClockPage: refreshTime(): DefaultSingle2016 hometime:America/New_York locale:en_US hasBG?false, Roaming:false
01-18 20:40:38.165  3757  3757 I CAE     : handleMessage(CaTimeChangeManager.java:159) - Time Change, auto old:true new:true
01-18 20:40:38.166  3757  3757 D Telecom : com.android.server.telecom.ui.MissedCallNotifierImpl$1: Action received: android.intent.action.TIME_SET.
01-18 20:40:38.175  6176  6176 D Launcher: DateChangedReceiver:android.intent.action.TIME_SET
01-18 20:40:38.190  3757  7201 D CompatibilityInfo: mCompatibilityFlags - 0
01-18 20:40:38.190  3757  7201 D CompatibilityInfo: applicationDensity - 420
01-18 20:40:38.191  3757  7201 D CompatibilityInfo: applicationScale - 1.0
01-18 20:40:38.191  3757  7201 I ActivityManager: DSS on for com.samsung.android.bluelightfilter and scale is 1.0
01-18 20:40:38.193  3757  7201 D CompatibilityInfo: mCompatibilityFlags - 0
01-18 20:40:38.193  3757  7201 D CompatibilityInfo: applicationDensity - 420
01-18 20:40:38.193  3757  7201 D CompatibilityInfo: applicationScale - 1.0
01-18 20:40:38.194  6176  6176 D ApplicationPackageManager: we has com.sec.android.app.clockpackage class. reuse it 
01-18 20:40:38.194  6176  6176 D LiveIconLoader: getLiveIcon was called in ClockPackage
01-18 20:40:38.198  4374  4374 D [WeatherWidget(15061)]  WeatherService: {[B73D43639EB27FAA34EF41A6129C1FA787B8DDA06B4FC8C3DFFF289A8228DE1D07957C4CB0877FB29CB85D37C68D39BF7FCF0A3FDC680547F57140D8C0E55F1B]}
01-18 20:40:38.201  6176  6176 D LiveIconLoader: getLiveIcon res = com.sec.android.app.clockpackage
01-18 20:40:38.202  3757  7201 D CompatibilityInfo: mCompatibilityFlags - 0
01-18 20:40:38.202  3757  7201 D CompatibilityInfo: applicationDensity - 420
01-18 20:40:38.203  3757  7201 D CompatibilityInfo: applicationScale - 1.0
01-18 20:40:38.204  3757  3757 D SamsungAlarmManager: Cancel Alarm calling from uid:1000 pid :3757 / op:PendingIntent{bfa15be: PendingIntentRecord{33bba74 android broadcastIntent}}
01-18 20:40:38.205  6176  6176 D LiveIconLoader: stdIconSize : 126 , targetIconSize : 173
01-18 20:40:38.205  6176  6176 D LiveIconLoader: mIconDpi : 640 , mTargetIconDpi : 420
01-18 20:40:38.214  4616  4616 D KeyguardUpdateMonitor: handleTimeUpdate#end
01-18 20:40:38.216  4374  4374 D [WeatherWidget(15061)]  : {[3AE6950019B083611567B0F9442DB03E36B37708FCADB7FDDBA670B1362D994454BFFFDA2568816BBDDA6DD60F644DCF]}
01-18 20:40:38.218  4374  4374 D [WeatherWidget(15061)]  DB L2: {[610591C4E30FED4A153FF198DAC84EFEE3319B0D622FD4A19809E90ED3C1398368D658B139FCCB8B9564F5B4E9CB634E1504D34C33CB0CD18F5410A759864F0D]}
01-18 20:40:38.219  4374  4374 D [WeatherWidget(15061)]  : {[E9BDC1AC9F9B078A92B3F309630276C89F9B6E52C087A495B97355481F2FDE5B58A757A09967AB7BD9E1187CEA5BB356FACBD4A552A7402C88647F970C513A69]}
01-18 20:40:38.221  4374  4374 D [WeatherWidget(15061)]  DB L2: {[610591C4E30FED4A153FF198DAC84EFE259FA03515F619060291D19B9A2E73CB46DA064369D1073FED4BA9669B425DCAA08D23DC4674FCBAE58ECEE9ED044511]}
01-18 20:40:38.222  4374  4374 D [WeatherWidget(15061)]  DB L2: {[610591C4E30FED4A153FF198DAC84EFE1A65FB0EE8B7C5763A9CB231BC13495C0980BD17AB2024B4E3F440D28DAC546B4929F9591A136EFAD07994A7C1547782]}
01-18 20:40:38.225  4374  4374 D [WeatherWidget(15061)]  : {[3AE6950019B083611567B0F9442DB03EF4A0ECA9EDEEE1C6764DEF6294C10F4F0BAD60A0CC696E8D15537EBE77D0F441F941FE30DFEB6E45A2BAA0295B86238B6B5477898ADD292C8EB7917680951853]}
01-18 20:40:38.225  4616  4823 D NetworkController.MobileSignalController(0/1): onCellLocationChanged
01-18 20:40:38.226  4374  4374 D [WeatherWidget(15061)]  : {[A1AF0F6A1A65A89C43D705938923D0FE0259CBA56E4484DDAF167EE897E0098D214B31210E90A8E4D761DF2724951166F2287DB34D772530C5896F56ACED759991B1B9995EAE578F200CB5D73EC71F560E6EC92C26FEEB9E4F7867E6A2FBB34A8F82ECD1E8206645D6A8D33AA781021F]}
01-18 20:40:38.227  4374  4374 D [WeatherWidget(15061)]  : {[5BFC4835FE83CDD96277FF5407E25AF4F98595D6D0A5A125CB6AF68151088425]}
01-18 20:40:38.231  6176  6176 I ApplicationPackageManager: load= live icon for com.sec.android.app.clockpackage, from overlay = false
01-18 20:40:38.232  4374  4374 D [WeatherWidget(15061)]  : {[21603598C0E0AF334CF97A810DF5E312F9519117238295BD3E1009F977A120793C4BDF0C260BD832B6DFD7830C008498]}
01-18 20:40:38.237  5010  5010 D PdnController: onCellLocationChanged:
01-18 20:40:38.237  4374  4374 D [WeatherWidget(15061)]  DB L2: {[610591C4E30FED4A153FF198DAC84EFE6FDEF75CF322FBBCD845543B7D34C336BCDC628C5A398BE96221028271EB2B2A5C181D0B4FEDE00C0803A01D9B08439D]}
01-18 20:40:38.237  5010  5010 D RegiMgrBase: onCellLocationChanged:
01-18 20:40:38.238  5010  5010 D VolteServiceModule: onCellLocationChanged:
01-18 20:40:38.238  4374  4374 D [WeatherWidget(15061)]  DB L1: {[AAC4384C35CA6909274880C63FD2B8C5C23F90F1E4FCAD3137C9B25E5485CF6CC5E423AF2C9C65E97873D4D6B7A79087C7220E3D0A3A832153950278DC81F6E3171F32B3CA74F730A0C1907DA06DFD8B1D97CDD275D309605B4D8ADAE6528E90]}
01-18 20:40:38.240  5010  5302 D RegiMgrBase: handleMessage: EVENT_CELL_LOCATION_CHANGED
01-18 20:40:38.242  3757  4473 D SamsungAlarmManager: setInexact Intent (T:0/F:0/AC:false) 20190119T022719 - CU:10005/CP:6028
01-18 20:40:38.244  4374  4374 D [WeatherWidget(15061)]  DB L1: {[AAC4384C35CA6909274880C63FD2B8C580A03B62F9CBF03726AF4E04F09763BC70639A87623C9644CC91C564DF61D5FFC420F3F8D8F6FF2EE1DF445AFA3541DA]}
