01-14 19:06:53.664 26491 26537 D UE4     : [2019.01.15-00.06.53:664][  0]LogShaderLibrary: Display: Failed to load Shared Shader Library: Paper2D_SC and no native library supported.
01-14 19:06:53.664 26491 26537 D UE4     : [2019.01.15-00.06.53:664][  0]LogShaderLibrary: Display: Failed to load Shared Shader Library: CryptoKeys and no native library supported.
01-14 19:06:53.664 26491 26537 D UE4     : [2019.01.15-00.06.53:664][  0]LogShaderLibrary: Display: Failed to load Shared Shader Library: CryptoKeys_SC and no native library supported.
01-14 19:06:53.664 26491 26537 D UE4     : [2019.01.15-00.06.53:664][  0]LogShaderLibrary: Display: Failed to load Shared Shader Library: CryptoKeys and no native library supported.
01-14 19:06:53.665 26491 26537 D UE4     : [2019.01.15-00.06.53:664][  0]LogShaderLibrary: Display: Failed to load Shared Shader Library: CryptoKeys_SC and no native library supported.
01-14 19:06:53.665 26491 26537 D UE4     : [2019.01.15-00.06.53:665][  0]LogShaderLibrary: Display: Failed to load Shared Shader Library: MeshEditor and no native library supported.
01-14 19:06:53.665 26491 26537 D UE4     : [2019.01.15-00.06.53:665][  0]LogShaderLibrary: Display: Failed to load Shared Shader Library: MeshEditor_SC and no native library supported.
01-14 19:06:53.665 26491 26537 D UE4     : [2019.01.15-00.06.53:665][  0]LogShaderLibrary: Display: Failed to load Shared Shader Library: MeshEditor and no native library supported.
01-14 19:06:53.665 26491 26537 D UE4     : [2019.01.15-00.06.53:665][  0]LogShaderLibrary: Display: Failed to load Shared Shader Library: MeshEditor_SC and no native library supported.
01-14 19:06:53.665 26491 26537 D UE4     : [2019.01.15-00.06.53:665][  0]LogShaderLibrary: Display: Failed to load Shared Shader Library: DatasmithContent and no native library supported.
01-14 19:06:53.665 26491 26537 D UE4     : [2019.01.15-00.06.53:665][  0]LogShaderLibrary: Display: Failed to load Shared Shader Library: DatasmithContent_SC and no native library supported.
01-14 19:06:53.666 26491 26537 D UE4     : [2019.01.15-00.06.53:666][  0]LogShaderLibrary: Display: Failed to load Shared Shader Library: DatasmithContent and no native library supported.
01-14 19:06:53.666 26491 26537 D UE4     : [2019.01.15-00.06.53:666][  0]LogShaderLibrary: Display: Failed to load Shared Shader Library: DatasmithContent_SC and no native library supported.
01-14 19:06:53.666 26491 26537 D UE4     : [2019.01.15-00.06.53:666][  0]LogShaderLibrary: Display: Failed to load Shared Shader Library: VariantManagerContent and no native library supported.
01-14 19:06:53.666 26491 26537 D UE4     : [2019.01.15-00.06.53:666][  0]LogShaderLibrary: Display: Failed to load Shared Shader Library: VariantManagerContent_SC and no native library supported.
01-14 19:06:53.666 26491 26537 D UE4     : [2019.01.15-00.06.53:666][  0]LogShaderLibrary: Display: Failed to load Shared Shader Library: VariantManagerContent and no native library supported.
01-14 19:06:53.666 26491 26537 D UE4     : [2019.01.15-00.06.53:666][  0]LogShaderLibrary: Display: Failed to load Shared Shader Library: VariantManagerContent_SC and no native library supported.
01-14 19:06:53.667 26491 26537 D UE4     : [2019.01.15-00.06.53:667][  0]LogShaderLibrary: Display: Failed to load Shared Shader Library: MediaCompositing and no native library supported.
01-14 19:06:53.667 26491 26537 D UE4     : [2019.01.15-00.06.53:667][  0]LogShaderLibrary: Display: Failed to load Shared Shader Library: MediaCompositing_SC and no native library supported.
01-14 19:06:53.667 26491 26537 D UE4     : [2019.01.15-00.06.53:667][  0]LogShaderLibrary: Display: Failed to load Shared Shader Library: MediaCompositing and no native library supported.
01-14 19:06:53.667 26491 26537 D UE4     : [2019.01.15-00.06.53:667][  0]LogShaderLibrary: Display: Failed to load Shared Shader Library: MediaCompositing_SC and no native library supported.
01-14 19:06:53.667 26491 26537 D UE4     : [2019.01.15-00.06.53:667][  0]LogShaderLibrary: Display: Failed to load Shared Shader Library: OculusVR and no native library supported.
01-14 19:06:53.667 26491 26537 D UE4     : [2019.01.15-00.06.53:667][  0]LogShaderLibrary: Display: Failed to load Shared Shader Library: OculusVR_SC and no native library supported.
01-14 19:06:53.667 26491 26537 D UE4     : [2019.01.15-00.06.53:667][  0]LogShaderLibrary: Display: Failed to load Shared Shader Library: OculusVR and no native library supported.
01-14 19:06:53.668 26491 26537 D UE4     : [2019.01.15-00.06.53:668][  0]LogShaderLibrary: Display: Failed to load Shared Shader Library: OculusVR_SC and no native library supported.
01-14 19:06:53.668 26491 26537 D UE4     : [2019.01.15-00.06.53:668][  0]LogShaderLibrary: Display: Failed to load Shared Shader Library: SteamVR and no native library supported.
01-14 19:06:53.668 26491 26537 D UE4     : [2019.01.15-00.06.53:668][  0]LogShaderLibrary: Display: Failed to load Shared Shader Library: SteamVR_SC and no native library supported.
01-14 19:06:53.668 26491 26537 D UE4     : [2019.01.15-00.06.53:668][  0]LogShaderLibrary: Display: Failed to load Shared Shader Library: SteamVR and no native library supported.
01-14 19:06:53.668 26491 26537 D UE4     : [2019.01.15-00.06.53:668][  0]LogShaderLibrary: Display: Failed to load Shared Shader Library: SteamVR_SC and no native library supported.
01-14 19:06:53.679  3757 31270 D AudioService: getStreamVolume 3 index 0
01-14 19:06:53.684  3757 31269 D AudioService: getStreamVolume 3 index 0
01-14 19:06:53.690 26491 26537 D UE4     : [2019.01.15-00.06.53:690][  0]LogMaterial: Verifying Global Shaders for GLSL_ES2
01-14 19:06:53.722  3757  4473 D AudioService: getStreamVolume 3 index 0
01-14 19:06:53.726  3757  7201 D AudioService: getStreamVolume 3 index 0
01-14 19:06:53.740  3757  7203 D AudioService: getStreamVolume 3 index 0
01-14 19:06:53.764  3757  7206 D AudioService: getStreamVolume 3 index 0
01-14 19:06:53.802 26491 26537 D UE4     : [2019.01.15-00.06.53:802][  0]LogSlate: Using FreeType 2.4.12
01-14 19:06:53.804 26491 26537 D UE4     : [2019.01.15-00.06.53:804][  0]LogSlate: SlateFontServices - WITH_FREETYPE: 1, WITH_HARFBUZZ: 1
01-14 19:06:53.881  3757  3770 D AudioService: getStreamVolume 3 index 0
01-14 19:06:53.888  3757 29841 D AudioService: getStreamVolume 3 index 0
01-14 19:06:53.905  5689  5689 D io_stats: !@   8,0 r 3256776 96885944 w 2654971 59751024 d 421935 30848212 f 680380 680229 iot 4311570 2483471 th 61440 61440 44732 pt 10220 inp 0 0 240056.742
01-14 19:06:53.927  3757 29839 D AudioService: getStreamVolume 3 index 0
01-14 19:06:53.928  4616  4823 D NetworkController.MobileSignalController(0/1): onSignalStrengthsChanged signalStrength=SignalStrength: 99 99 -120 -160 -120 -1 -1 18 -105 -11 30 2147483647 2147483647 0x3000 gsm|lte level=3
01-14 19:06:53.932  3757  7204 D AudioService: getStreamVolume 3 index 0
01-14 19:06:53.933  4616  4823 D NetworkController.MobileSignalController(0/1): getMobileIconGroup(): 13
01-14 19:06:53.933  4616  4823 D NetworkController.MobileSignalController(0/1): updateVZWMobileIconGroup(): 13
01-14 19:06:53.941  5035  5670 D EPDG -- [SMARTWIFI]: onSignalStrengthsChanged: Received signal strength change, phone type is: 2
01-14 19:06:53.941  5035  6446 D EPDG -- [SMARTWIFI]: lastLteRSRP is -105currentLteRSRP is -105
01-14 19:06:53.942  5035  6446 D EPDG -- [SMARTWIFI]: lastLteRSRQ is -11currentLteRSRQ is -11
01-14 19:06:53.942  5035  6446 D EPDG -- [SMARTWIFI]: lastCdmaDb is -16currentCdmaDb is -16
01-14 19:06:53.942  5035  6446 V EPDG -- [SMARTWIFI]: Radio oldest entry removed
01-14 19:06:53.942  5035  6446 V EPDG -- [SMARTWIFI]: New entry : (SignalStrength: 99 99 -120 -160 -120 -1 -1 18 -105 -11 30 2147483647 2147483647 0x3000 gsm|lte : 0 )
01-14 19:06:53.942  5035  6446 V EPDG -- [SMARTWIFI]: Radio entry added
01-14 19:06:53.943  3757  5902 D AudioService: getStreamVolume 3 index 0
01-14 19:06:53.944  4616  4823 D NetworkController.MobileSignalController(0/1): callState:0, callStateByPhone:false voLTECall:false voiceNetTpe:13 dataNetType:13, ine911:false, emergencyCallbackMode:false
01-14 19:06:53.964 26491 26491 D ViewRootImpl@c9e8dee[GameActivity]: mHardwareRenderer.destroy()#4
01-14 19:06:53.964 26491 26491 D ViewRootImpl@c9e8dee[GameActivity]: dispatchDetachedFromWindow
01-14 19:06:53.965  3757 32083 D WindowManager: disposeInputChannel mInputChannel: 4920423 com.GeekTechnique.InfinityStack/com.epicgames.ue4.GameActivity (server)
01-14 19:06:53.966  3757 32084 D AudioService: getStreamVolume 3 index 0
01-14 19:06:53.966  3757 32083 I WindowManager_SurfaceController: Destroying surface Surface(name=com.GeekTechnique.InfinityStack/com.epicgames.ue4.GameActivity) called by com.android.server.wm.WindowStateAnimator.destroySurface:2907 com.android.server.wm.WindowStateAnimator.destroySurfaceLocked:1120 com.android.server.wm.WindowState.removeLocked:1864 com.android.server.wm.WindowManagerService.removeWindowInnerLocked:2934 com.android.server.wm.WindowManagerService.removeWindowLocked:2879 com.android.server.wm.WindowManagerService.removeWindowLocked:2689 com.android.server.wm.WindowManagerService.removeWindow:2684 com.android.server.wm.Session.remove:218 
01-14 19:06:53.967  3215  4549 I SurfaceFlinger: id=11353 Removed HameActivit (6/11)
01-14 19:06:53.967  3215 15153 I SurfaceFlinger: id=11353 Removed HameActivit (-2/11)
01-14 19:06:53.973 26491 26537 D UE4     : [2019.01.15-00.06.53:973][  0]LogShaderLibrary: Display: Failed to load Shared Shader Library: StackerGame and no native library supported.
01-14 19:06:53.974 26491 26537 D UE4     : [2019.01.15-00.06.53:974][  0]LogShaderLibrary: Display: Failed to load Shared Shader Library: StackerGame_SC and no native library supported.
01-14 19:06:53.974 26491 26537 D UE4     : [2019.01.15-00.06.53:974][  0]LogRHI: Display: Opened pipeline cache after state change and enqueued -1091416000 of 0 tasks for precompile.
01-14 19:06:53.974 26491 26537 D UE4     : [2019.01.15-00.06.53:974][  0]LogShaderLibrary: Display: Failed to load Shared Shader Library: StackerGame and no native library supported.
01-14 19:06:53.974 26491 26537 D UE4     : [2019.01.15-00.06.53:974][  0]LogShaderLibrary: Display: Failed to load Shared Shader Library: StackerGame_SC and no native library supported.
01-14 19:06:53.974 26491 26537 D UE4     : [2019.01.15-00.06.53:974][  0]LogRHI: Display: Opened pipeline cache after state change and enqueued -1091415232 of 0 tasks for precompile.
01-14 19:06:53.974  3757 32083 D InputTransport: Input channel destroyed: fd=551
01-14 19:06:53.974 26491 26537 D UE4     : [2019.01.15-00.06.53:974][  0]LogRHI: Display: Failed to open default shader pipeline cache for StackerGame using shader platform 8.
01-14 19:06:53.974 26491 26537 D UE4     : [2019.01.15-00.06.53:974][  0]LogInit: Using OS detected language (en-US).
01-14 19:06:53.974 26491 26537 D UE4     : [2019.01.15-00.06.53:974][  0]LogInit: Using OS detected locale (en-US).
01-14 19:06:53.975 26491 26537 D UE4     : [2019.01.15-00.06.53:975][  0]LogTextLocalizationManager: No localization for 'en-US' exists, so 'en' will be used for the language.
01-14 19:06:53.975 26491 26537 D UE4     : [2019.01.15-00.06.53:975][  0]LogTextLocalizationManager: No localization for 'en-US' exists, so 'en' will be used for the locale.
01-14 19:06:53.976 26491 26537 D UE4     : [2019.01.15-00.06.53:976][  0]LogSlate: FontCache flush requested. Reason: Culture for localization was changed
01-14 19:06:53.976 26491 26537 D UE4     : [2019.01.15-00.06.53:976][  0]LogSlate: FontCache flush requested. Reason: Culture for localization was changed
01-14 19:06:53.976 26491 26491 D InputTransport: Input channel destroyed: fd=67
01-14 19:06:54.072 26491 26537 D UE4     : [2019.01.15-00.06.54:072][  0]LogStreaming: Display: Took  0.098s to InitGameTextLocalization.
01-14 19:06:54.085  3757 31270 D AudioService: getStreamVolume 3 index 0
01-14 19:06:54.090  3757 31269 D AudioService: getStreamVolume 3 index 0
01-14 19:06:54.131  3757  4473 D AudioService: getStreamVolume 3 index 0
01-14 19:06:54.135  3757  7201 D AudioService: getStreamVolume 3 index 0
01-14 19:06:54.146  3757  7203 D AudioService: getStreamVolume 3 index 0
01-14 19:06:54.158 26491 26537 D UE4     : [2019.01.15-00.06.54:158][  0]LogAssetRegistry: FAssetRegistry took 0.0838 seconds to start up
01-14 19:06:54.166  3757  4354 D SamsungAlarmManager: Expired : 8
01-14 19:06:54.168  3757  4354 I SamsungAlarmManager: setLocked to kernel - T:3 / 20190114T190700, SetElapsed=711478615, nowELAPSED=711472782
01-14 19:06:54.170  3757  7206 D AudioService: getStreamVolume 3 index 0
01-14 19:06:54.287  3757 29841 D AudioService: getStreamVolume 3 index 0
01-14 19:06:54.292  3757 29839 D AudioService: getStreamVolume 3 index 0
01-14 19:06:54.334  3757  7204 D AudioService: getStreamVolume 3 index 0
01-14 19:06:54.337  3757  5063 D AudioService: getStreamVolume 3 index 0
01-14 19:06:54.349  3757 29840 D AudioService: getStreamVolume 3 index 0
01-14 19:06:54.374  3757  6272 D AudioService: getStreamVolume 3 index 0
01-14 19:06:54.375  3757  4482 D AudioService: getStreamVolume 3 index 0
01-14 19:06:54.496  3757 32084 D AudioService: getStreamVolume 3 index 0
01-14 19:06:54.504  3757  7202 D AudioService: getStreamVolume 3 index 0
01-14 19:06:54.536  3757 31269 D AudioService: getStreamVolume 3 index 0
01-14 19:06:54.540  3757  4473 D AudioService: getStreamVolume 3 index 0
01-14 19:06:54.552  3757  7201 D AudioService: getStreamVolume 3 index 0
01-14 19:06:54.578  3757  7203 D AudioService: getStreamVolume 3 index 0
01-14 19:06:54.701  3757  7206 D AudioService: getStreamVolume 3 index 0
01-14 19:06:54.707  3757 29842 D AudioService: getStreamVolume 3 index 0
01-14 19:06:54.739  3757 29841 D AudioService: getStreamVolume 3 index 0
01-14 19:06:54.742  3757 29839 D AudioService: getStreamVolume 3 index 0
01-14 19:06:54.756  3757  7204 D AudioService: getStreamVolume 3 index 0
01-14 19:06:54.783  3757  5063 D AudioService: getStreamVolume 3 index 0
01-14 19:06:54.806  3757  3793 I art     : Starting a blocking GC Explicit
01-14 19:06:54.905  3757  6272 D AudioService: getStreamVolume 3 index 0
01-14 19:06:54.921  3757 10496 D AudioService: getStreamVolume 3 index 0
01-14 19:06:54.942  3757 32083 D AudioService: getStreamVolume 3 index 0
01-14 19:06:54.944  3757  3771 D AudioService: getStreamVolume 3 index 0
01-14 19:06:54.959  3757 31270 D AudioService: getStreamVolume 3 index 0
01-14 19:06:54.986  3757 31269 D AudioService: getStreamVolume 3 index 0
01-14 19:06:55.099  3757  9599 D TelephonyManager: getAllCellInfo : Caller (PID / UID / TID): 3757 / 1000 / 9599
01-14 19:06:55.108  3757  4473 D AudioService: getStreamVolume 3 index 0
01-14 19:06:55.125  3757  7201 D AudioService: getStreamVolume 3 index 0
01-14 19:06:55.144  3757  7205 D AudioService: getStreamVolume 3 index 0
01-14 19:06:55.147  3757  2859 D AudioService: getStreamVolume 3 index 0
01-14 19:06:55.162  3757  3770 D AudioService: getStreamVolume 3 index 0
01-14 19:06:55.189  3757 32085 D AudioService: getStreamVolume 3 index 0
01-14 19:06:55.310  3757  7216 D AudioService: getStreamVolume 3 index 0
01-14 19:06:55.328  3757  4469 D AudioService: getStreamVolume 3 index 0
01-14 19:06:55.347  3757  5902 D AudioService: getStreamVolume 3 index 0
01-14 19:06:55.350  3757 29838 D AudioService: getStreamVolume 3 index 0
01-14 19:06:55.365  3757  4482 D AudioService: getStreamVolume 3 index 0
01-14 19:06:55.378  3757 10496 D AudioService: getStreamVolume 3 index 0
01-14 19:06:55.392  3757 32083 D AudioService: getStreamVolume 3 index 0
01-14 19:06:55.466 26491 26537 D UE4     : [2019.01.15-00.06.55:466][  0]LogStreaming: Display: Flushing async loaders.
01-14 19:06:55.512  3757  3771 D AudioService: getStreamVolume 3 index 0
01-14 19:06:55.531  3757 31270 D AudioService: getStreamVolume 3 index 0
01-14 19:06:55.550  3757 31269 D AudioService: getStreamVolume 3 index 0
01-14 19:06:55.552  3757  4473 D AudioService: getStreamVolume 3 index 0
01-14 19:06:55.568  3757  7201 D AudioService: getStreamVolume 3 index 0
01-14 19:06:55.596  3757  7203 D AudioService: getStreamVolume 3 index 0
01-14 19:06:55.730  3757 32085 D AudioService: getStreamVolume 3 index 0
01-14 19:06:55.734  3757  7216 D AudioService: getStreamVolume 3 index 0
01-14 19:06:55.748 26491 26537 D UE4     : [2019.01.15-00.06.55:748][  0]LogPackageLocalizationCache: Processed 10 localized package path(s) for 1 prioritized culture(s) in 0.279632 seconds
01-14 19:06:55.753  3757  5902 D AudioService: getStreamVolume 3 index 0
01-14 19:06:55.756  3757 29838 D AudioService: getStreamVolume 3 index 0
01-14 19:06:55.769  3757  4482 D AudioService: getStreamVolume 3 index 0
01-14 19:06:55.798  3757 32084 D AudioService: getStreamVolume 3 index 0
01-14 19:06:55.933  3757  7202 D AudioService: getStreamVolume 3 index 0
01-14 19:06:55.937  3757 10512 D AudioService: getStreamVolume 3 index 0
01-14 19:06:55.956  3757  2858 D AudioService: getStreamVolume 3 index 0
01-14 19:06:55.958  3757  5062 D AudioService: getStreamVolume 3 index 0
01-14 19:06:55.973  3757  5901 D AudioService: getStreamVolume 3 index 0
01-14 19:06:56.001  3757  4440 D AudioService: getStreamVolume 3 index 0
01-14 19:06:56.022  3757  3793 I art     : Explicit concurrent mark sweep GC freed 133627(9MB) AllocSpace objects, 69(3MB) LOS objects, 18% free, 70MB/86MB, paused 23.467ms total 1.215s
01-14 19:06:56.066  3757  7203 D BatteryService: !@BatteryListener : batteryPropertiesChanged!
01-14 19:06:56.067  3757  7203 D BatteryService: level:52, scale:100, status:2, health:2, present:true, voltage: 4005, temperature: 275, technology: Li-ion, AC powered:false, USB powered:true, POGO powered:false, Wireless powered:false, icon:17303694, invalid charger:0, maxChargingCurrent:0, maxChargingVoltage:0, chargeCounter:0
01-14 19:06:56.067  3757  7203 D BatteryService: online:6, current avg:771, charge type:1, power sharing:false, high voltage charger:false, capacity:280000, batterySWSelfDischarging:false, misc_event:0, current_now:824
01-14 19:06:56.068  3757  7203 D BatteryService: stay LED for charging
01-14 19:06:56.068  3757  3757 D BatteryService: Sending ACTION_BATTERY_CHANGED.
01-14 19:06:56.073  3757  3757 V UiModeManager: updateLocked: null action, mDockState=0, category=null
01-14 19:06:56.073  3757  3757 D UiModeManager: updateConfigurationLocked: mDockState=0; mCarMode=false; mNightMode=1; uiMode=17
01-14 19:06:56.075  3757  3757 D GameManagerService: new battery level: 52
01-14 19:06:56.078  4616  4616 D KeyguardUpdateMonitor: received broadcast android.intent.action.BATTERY_CHANGED
01-14 19:06:56.084  4616  4616 D PowerUI : priorPlugType = 2 mPlugType =  2
01-14 19:06:56.087  4616  4616 D PowerUI.Notification: showChargingNotice oldChargingType : 1 currentChargingType : 1 oldChargingTime : 5946000 mChargingTime : 5935000
01-14 19:06:56.087  4616  4616 D PowerUI.Notification: showChargingNotification()
01-14 19:06:56.093  5024  5024 D PhoneApp: PhoneAppBroadcastReceiver onReceive android.intent.action.BATTERY_CHANGED
01-14 19:06:56.094  5024  5024 D TelephonyExtensionManager: lowBatterySound - isLowBatterySoundScheduled: false
01-14 19:06:56.094  5024  5024 D TelephonyExtensionManager: lowBatterySound - isPlayNow: false
01-14 19:06:56.095  5024  5024 D TelephonyExtensionManager: isSpeakerON - false
01-14 19:06:56.111  4561  4561 V HeadsetService: HeadsetService - Received Intent.ACTION_BATTERY_CHANGED
01-14 19:06:56.113  4561 26978 D HeadsetStateMachine: Disconnected process message: 10, size: 0
01-14 19:06:56.117  5024  5024 D TelephonyExtensionManager: lowBatterySound - batteryStatus: 2
01-14 19:06:56.117  5024  5024 D TelephonyExtensionManager: lowBatterySound - batteryLevel: 52
01-14 19:06:56.117  5024  5024 D TelephonyExtensionManager: lowBatterySound - cancel
01-14 19:06:56.118  3757  5902 D SamsungAlarmManager: Cancel Alarm calling from uid:1001 pid :5024 / op:PendingIntent{ca3b85a: PendingIntentRecord{82a26ed com.android.phone broadcastIntent}}
01-14 19:06:56.119  5024  5024 D TelephonyExtension: Not stopping low battery tone
01-14 19:06:56.119  3757  7216 D ApplicationPolicy: isStatusBarNotificationAllowedAsUser: packageName = com.android.systemui,userId = -1
01-14 19:06:56.120  4616  4616 D KeyguardUpdateMonitor: handleBatteryUpdate
01-14 19:06:56.123  4616  4616 D BatteryMeterDrawable: isSomethingChanged - false
01-14 19:06:56.123  4616  4616 D BatteryMeterDrawable: isSomethingChanged - false
01-14 19:06:56.128  4616  4616 D Tile.FlashlightTile: ACTION_BATTERY_CHANGED - Level :: 52, emEnabled :: false
01-14 19:06:56.135  3757 32083 D AudioService: getStreamVolume 3 index 0
01-14 19:06:56.139  3757  3771 D AudioService: getStreamVolume 3 index 0
01-14 19:06:56.146 26491 26537 D UE4     : [2019.01.15-00.06.56:145][  0]LogNetVersion: StackerGame 1.0.0, NetCL: 4541578, EngineNetVer: 5, GameNetVer: 0 (Checksum: 1419414380)
01-14 19:06:56.158  3757 31270 D AudioService: getStreamVolume 3 index 0
01-14 19:06:56.161  3757 31269 D AudioService: getStreamVolume 3 index 0
01-14 19:06:56.175  3757  2859 D AudioService: getStreamVolume 3 index 0
01-14 19:06:56.190  4616  4616 D KeyguardServiceBoxContainer: updateCMAS() hasCmasNotification = false, mHasCMAS = false
01-14 19:06:56.203  3757  5902 D AudioService: getStreamVolume 3 index 0
01-14 19:06:56.337  3757 29840 D AudioService: getStreamVolume 3 index 0
01-14 19:06:56.343  3757 29838 D AudioService: getStreamVolume 3 index 0
01-14 19:06:56.362  3757 10496 D AudioService: getStreamVolume 3 index 0
01-14 19:06:56.365  3757  9599 D SSRM:t  : SIOP:: AP = 340, PST = 305 (W:10), CP = 234, CUR = 329, LCD = 0
01-14 19:06:56.365  3757 32083 D AudioService: getStreamVolume 3 index 0
01-14 19:06:56.367  3757  9599 D ConnectivityService: filterNetworkStateForUid() uid: 1000 networkInfo: [type: WIFI[] - WIFI, state: CONNECTED/CONNECTED, reason: (unspecified), extra: "wilkinson2.4", failover: false, available: true, roaming: false, metered: false]
01-14 19:06:56.370  3757  9599 D TelephonyManager: getAllCellInfo : Caller (PID / UID / TID): 3757 / 1000 / 9599
01-14 19:06:56.378  3757  3771 D AudioService: getStreamVolume 3 index 0
01-14 19:06:56.406  3757 31270 D AudioService: getStreamVolume 3 index 0
01-14 19:06:56.415  3757  2858 D AudioService: getStreamVolume 3 index 0
01-14 19:06:56.539  3757  5062 D AudioService: getStreamVolume 3 index 0
01-14 19:06:56.544  3757  5901 D AudioService: getStreamVolume 3 index 0
01-14 19:06:56.565  3757  4440 D AudioService: getStreamVolume 3 index 0
01-14 19:06:56.567  3757  3770 D AudioService: getStreamVolume 3 index 0
01-14 19:06:56.582  3757  7206 D AudioService: getStreamVolume 3 index 0
01-14 19:06:56.609  3757 29841 D AudioService: getStreamVolume 3 index 0
01-14 19:06:56.742  3757  7204 D AudioService: getStreamVolume 3 index 0
01-14 19:06:56.745  3757  5063 D AudioService: getStreamVolume 3 index 0
01-14 19:06:56.768  3757 29840 D AudioService: getStreamVolume 3 index 0
01-14 19:06:56.771  3757  6272 D AudioService: getStreamVolume 3 index 0
01-14 19:06:56.785  3757 32084 D AudioService: getStreamVolume 3 index 0
01-14 19:06:56.811  3757  7202 D AudioService: getStreamVolume 3 index 0
01-14 19:06:56.889 26491 26537 I MediaPlayer: Need to enable context aware info
01-14 19:06:56.889 26491 26537 V MediaPlayer-JNI: native_setup
01-14 19:06:56.890 26491 26537 V MediaPlayer: constructor
01-14 19:06:56.892  3757  2858 D ConnectivityService: filterNetworkStateForUid() uid: 10022 networkInfo: [type: WIFI[] - WIFI, state: CONNECTED/CONNECTED, reason: (unspecified), extra: "wilkinson2.4", failover: false, available: true, roaming: false, metered: false]
01-14 19:06:56.894  3757 31269 D ConnectivityService: filterNetworkStateForUid() uid: 10022 networkInfo: [type: WIFI[] - WIFI, state: CONNECTED/CONNECTED, reason: (unspecified), extra: "wilkinson2.4", failover: false, available: true, roaming: false, metered: false]
01-14 19:06:56.895 26491 26537 V MediaPlayer: setListener
01-14 19:06:56.896 26491 26537 D UE4     : [2019.01.15-00.06.56:896][  0]LogMoviePlayer: Initializing movie player
01-14 19:06:56.899 26491 26537 D UE4     : [2019.01.15-00.06.56:899][  0]LogTcpMessaging: Initializing TcpMessaging bridge, listening on 127.0.0.1:6666
01-14 19:06:56.902 26491 26537 D UE4     : [2019.01.15-00.06.56:902][  0]LogUdpMessaging: Initializing bridge on interface 0.0.0.0:0 to multicast group 230.0.0.1:6666.
01-14 19:06:56.917 26491 26537 D UE4     : [2019.01.15-00.06.56:917][  0]LogAndroidPermission: UAndroidPermissionCallbackProxy::GetInstance
01-14 19:06:56.918 26491 26537 D UE4     : [2019.01.15-00.06.56:918][  0]LogOcInput: OculusInput pre-init called
01-14 19:06:56.946  3757  3770 D AudioService: getStreamVolume 3 index 0
01-14 19:06:56.948  3757  7206 D AudioService: getStreamVolume 3 index 0
01-14 19:06:56.955 26491 26537 D UE4     : [2019.01.15-00.06.56:955][  0]LogUObjectArray: 35064 objects as part of root set at end of initial load.
01-14 19:06:56.956 26491 26537 D UE4     : [2019.01.15-00.06.56:955][  0]LogUObjectArray: 2 objects are not in the root set, but can never be destroyed because they are in the DisregardForGC set.
01-14 19:06:56.956 26491 26537 D UE4     : [2019.01.15-00.06.56:956][  0]LogUObjectAllocator: 3861432 out of 0 bytes used by permanent object pool.
01-14 19:06:56.956 26491 26537 D UE4     : [2019.01.15-00.06.56:956][  0]LogUObjectArray: CloseDisregardForGC: 35064/35064 objects in disregard for GC pool
01-14 19:06:56.970 26491 26537 D UE4     : [2019.01.15-00.06.56:970][  0]LogAndroid: Display: Passed PreInit()
01-14 19:06:56.971  3757 29841 D AudioService: getStreamVolume 3 index 0
01-14 19:06:56.971 26491 26537 D UE4     : [2019.01.15-00.06.56:971][  0]LogEngine: Initializing Engine...
01-14 19:06:56.973  3757 29839 D AudioService: getStreamVolume 3 index 0
01-14 19:06:56.979 26491 26537 D UE4     : [2019.01.15-00.06.56:979][  0]LogStats: UGameplayTagsManager::ConstructGameplayTagTree: ImportINI prefixes -  0.000 s
01-14 19:06:56.980 26491 26537 D UE4     : [2019.01.15-00.06.56:980][  0]LogStats: UGameplayTagsManager::ConstructGameplayTagTree: Construct from data asset -  0.000 s
01-14 19:06:56.980 26491 26537 D UE4     : [2019.01.15-00.06.56:980][  0]LogStats: UGameplayTagsManager::ConstructGameplayTagTree: ImportINI -  0.000 s
01-14 19:06:56.980 26491 26537 D UE4     : [2019.01.15-00.06.56:980][  0]LogStats: UGameplayTagsManager::ConstructGameplayTagTree: GameplayTagTreeChangedEvent.Broadcast -  0.000 s
01-14 19:06:56.988  3757  7204 D AudioService: getStreamVolume 3 index 0
01-14 19:06:57.014  3757  5063 D AudioService: getStreamVolume 3 index 0
01-14 19:06:57.062 26491 26537 D UE4     : [2019.01.15-00.06.57:062][  0]LogInit: Initializing FReadOnlyCVARCache
01-14 19:06:57.063 26491 26537 D UE4     : [2019.01.15-00.06.57:063][  0]LogAndroidAudio: Warning: SL Entered Init HW
01-14 19:06:57.063 26491 26537 D UE4     : [2019.01.15-00.06.57:063][  0]LogAndroidAudio: Warning: OpenSLES Initializing HW
01-14 19:06:57.069 26491 26537 D UE4     : [2019.01.15-00.06.57:069][  0]LogAndroidAudio: Warning: OpenSLES Initialized
01-14 19:06:57.069 26491 26537 D UE4     : [2019.01.15-00.06.57:069][  0]LogAndroidAudio: Warning: OpenSLAudioDevice: Allocated 12 sources
01-14 19:06:57.069 26491 26537 D UE4     : [2019.01.15-00.06.57:069][  0]LogInit: FAudioDevice initialized.
01-14 19:06:57.070 26491 26537 D UE4     : [2019.01.15-00.06.57:070][  0]LogAudio: Warning: Can't increase channels past starting number!
01-14 19:06:57.072 26491 26537 D UE4     : [2019.01.15-00.06.57:072][  0]LogNetVersion: Set ProjectVersion to 1.1.0. Version Checksum will be recalculated on next use.
01-14 19:06:57.072 26491 26537 D UE4     : [2019.01.15-00.06.57:072][  0]LogInit: Texture streaming: Enabled
01-14 19:06:57.089 26491 26537 D UE4     : [2019.01.15-00.06.57:089][  0]LogAudio: Warning: Can't increase channels past starting number!
01-14 19:06:57.096 26491 26537 D UE4     : [2019.01.15-00.06.57:096][  0]LogSlate: Updating window title bar state: overlay mode, drag disabled, window buttons hidden, title bar hidden
01-14 19:06:57.096 26491 26537 D UE4     : [2019.01.15-00.06.57:096][  0]LogInit: Display: Game Engine Initialized.
01-14 19:06:57.096 26491 26537 D UE4     : [2019.01.15-00.06.57:096][  0]LogGameplayTags: Display: UGameplayTagsManager::DoneAddingNativeTags. DelegateIsBound: 0
01-14 19:06:57.097 26491 26537 D UE4     : [2019.01.15-00.06.57:097][  0]LogStats: UGameplayTagsManager::ConstructGameplayTagTree: ImportINI prefixes -  0.000 s
01-14 19:06:57.097 26491 26537 D UE4     : [2019.01.15-00.06.57:097][  0]LogStats: UGameplayTagsManager::ConstructGameplayTagTree: Construct from data asset -  0.000 s
01-14 19:06:57.097 26491 26537 D UE4     : [2019.01.15-00.06.57:097][  0]LogStats: UGameplayTagsManager::ConstructGameplayTagTree: ImportINI -  0.000 s
01-14 19:06:57.097 26491 26537 D UE4     : [2019.01.15-00.06.57:097][  0]LogStats: UGameplayTagsManager::ConstructGameplayTagTree: GameplayTagTreeChangedEvent.Broadcast -  0.000 s
01-14 19:06:57.148  3757  4482 D AudioService: getStreamVolume 3 index 0
01-14 19:06:57.150  3757  7216 D AudioService: getStreamVolume 3 index 0
01-14 19:06:57.172  3757  6272 D AudioService: getStreamVolume 3 index 0
01-14 19:06:57.175  3757 32084 D AudioService: getStreamVolume 3 index 0
01-14 19:06:57.185 26491 26537 D UE4     : [2019.01.15-00.06.57:185][  0]LogInit: Display: Starting Game.
01-14 19:06:57.186 26491 26537 D UE4     : [2019.01.15-00.06.57:186][  0]LogNet: Browse: /Game/Maps/StackMap?Name=Player
01-14 19:06:57.190  3757  7202 D AudioService: getStreamVolume 3 index 0
01-14 19:06:57.190 26491 26537 D UE4     : [2019.01.15-00.06.57:190][  0]LogLoad: LoadMap: /Game/Maps/StackMap?Name=Player
01-14 19:06:57.217  3757 10512 D AudioService: getStreamVolume 3 index 0
01-14 19:06:57.351  3757  2858 D AudioService: getStreamVolume 3 index 0
01-14 19:06:57.352  3757  4473 D AudioService: getStreamVolume 3 index 0
01-14 19:06:57.373  3757 31269 D AudioService: getStreamVolume 3 index 0
01-14 19:06:57.375 26178 26342 D ClClient: Not sending keepalive.  Current connection state=STOPPED
01-14 19:06:57.377  3757  5901 D AudioService: getStreamVolume 3 index 0
01-14 19:06:57.391  3757  3770 D AudioService: getStreamVolume 3 index 0
01-14 19:06:57.417  3757 29842 D AudioService: getStreamVolume 3 index 0
01-14 19:06:57.419  3757 29841 D AudioService: getStreamVolume 3 index 0
01-14 19:06:57.471 26491 26537 D UE4     : [2019.01.15-00.06.57:470][  0]LogAIModule: Creating AISystem for world StackMap
01-14 19:06:57.472 26491 26537 D UE4     : [2019.01.15-00.06.57:471][  0]LogLoad: Game class is 'GameModeBase'
01-14 19:06:57.477 26491 26537 D UE4     : [2019.01.15-00.06.57:477][  0]LogWorld: Bringing World /Game/Maps/StackMap.StackMap up for play (max tick rate 0) at 2019.01.14-19.06.57
01-14 19:06:57.479 26491 26537 D UE4     : [2019.01.15-00.06.57:479][  0]LogWorld: Bringing up level for play took: 0.004365
01-14 19:06:57.480 26491 26537 D UE4     : [2019.01.15-00.06.57:480][  0]LogOnlineIdentity: Display: OSS: FOnlineIdentityGooglePlay::GetPlayerNickname
01-14 19:06:57.481 26491 26537 D UE4     : [2019.01.15-00.06.57:481][  0]LogGameMode: FindPlayerStart: PATHS NOT DEFINED or NO PLAYERSTART with positive rating
01-14 19:06:57.519 26491 26537 D UE4     : [2019.01.15-00.06.57:519][  0]LogUMG: Display: Widget Class GameStartMenu_C - Loaded Fast Template.
01-14 19:06:57.524 26491 26537 D UE4     : [2019.01.15-00.06.57:524][  0]LogPlayerController: Error: InputMode:UIOnly - Attempting to focus Non-Focusable widget SObjectWidget [Widget.cpp(710)]!
01-14 19:06:57.525 26491 26537 D UE4     : [2019.01.15-00.06.57:525][  0]LogLoad: Took 0.335357 seconds to LoadMap(/Game/Maps/StackMap)
01-14 19:06:57.527  3757  9599 D GameManagerService: identifyGamePackage. com.GeekTechnique.InfinityStack
01-14 19:06:57.527 26491 26537 D UE4     : [2019.01.15-00.06.57:527][  0]LogSlate: Took 0.000398 seconds to synchronously load lazily loaded font '../../../Engine/Content/EngineFonts/Faces/DroidSansMono.ufont' (77K)
01-14 19:06:57.529 26491 26604 D UE4     : *** JavaEnvDestructor: 26604
01-14 19:06:57.531 26491 26602 D UE4     : AndroidEGL::ResetDisplay()
01-14 19:06:57.531 26491 26602 D UE4     : *** JavaEnvDestructor: 26602
01-14 19:06:57.542 26491 26537 D UE4     : [2019.01.15-00.06.57:541][  0]LogAndroid: Passed GEngineLoop.Init()
01-14 19:06:57.548 26491 26537 D UE4     : [2019.01.15-00.06.57:548][  0]LogAndroidEvents: Display: DequeueAppEvent : 9, 0
01-14 19:06:57.548 26491 26537 D UE4     : [2019.01.15-00.06.57:548][  0]LogAndroidEvents: Display: DequeueAppEvent : 7, 0
01-14 19:06:57.548 26491 26537 D UE4     : [2019.01.15-00.06.57:548][  0]LogAndroidEvents: Display: DequeueAppEvent : 6, 0
01-14 19:06:57.548 26491 26537 D UE4     : [2019.01.15-00.06.57:548][  0]LogAndroidEvents: Display: DequeueAppEvent : 0, 3268665352
01-14 19:06:57.548 26491 26537 D UE4     : APP_EVENT_STATE_WINDOW_CREATED, 0, 0, 0
01-14 19:06:57.548 26491 26537 D UE4     : [2019.01.15-00.06.57:548][  0]LogAndroidEvents: Display: ExecWindowCreated
01-14 19:06:57.548 26491 26537 D UE4     : AndroidEGL::ReInitWindow()
01-14 19:06:57.548 26491 26537 D UE4     : AndroidEGL::ReInit()
01-14 19:06:57.548 26491 26537 D UE4     : AndroidEGL::ResetDisplay()
01-14 19:06:57.549 26491 26537 D UE4     : AndroidEGL::InitSurface 0, 1
01-14 19:06:57.549 26491 26537 D UE4     : AndroidEGL::CreateEGLSurface() Already initialized: 0xe181f2a8
01-14 19:06:57.549 26491 26537 D UE4     : ExecWindowCreated, 0, 1, 0
01-14 19:06:57.549 26491 26537 D UE4     : [2019.01.15-00.06.57:549][  0]LogAndroidEvents: Display: DequeueAppEvent : 12, 0
01-14 19:06:57.549 26491 26537 D UE4     : [2019.01.15-00.06.57:549][  0]LogAndroidEvents: Display: DequeueAppEvent : 8, 0
01-14 19:06:57.550 26491 26537 D UE4     : [2019.01.15-00.06.57:550][  0]LogAndroidEvents: Display: DequeueAppEvent : 9, 0
01-14 19:06:57.550 26491 26537 D UE4     : [2019.01.15-00.06.57:550][  0]LogAndroidEvents: Display: DequeueAppEvent : 7, 0
01-14 19:06:57.550 26491 26537 D UE4     : [2019.01.15-00.06.57:550][  0]LogTemp: Android resume audio
01-14 19:06:57.551 26491 26697 D UE4     : [2019.01.15-00.06.57:551][  0]LogRenderer: Reallocating scene render targets to support 720x1280 Format 10 NumSamples 1 (Frame:1).
01-14 19:06:57.554  3757 29839 D AudioService: getStreamVolume 3 index 0
01-14 19:06:57.554 26491 26537 D UE4     : Registering volume receiver
01-14 19:06:57.555  3757  5063 D AudioService: getStreamVolume 3 index 0
01-14 19:06:57.558  3757  5902 D AudioService: getStreamVolume 3 index 0
01-14 19:06:57.559 26491 26537 D UE4     : startVolumeReceiver: 0
01-14 19:06:57.559 26491 26537 D UE4     : nativeVolumeEvent(0)
01-14 19:06:57.559 26491 26537 D UE4     : Registering battery receiver
01-14 19:06:57.561 26491 26537 D UE4     : Registering headset receiver
01-14 19:06:57.563 26491 26491 D UE4     : Battery: status = 2, rawlevel = 52, scale = 100
01-14 19:06:57.563 26491 26537 D UE4     : startHeadsetReceiver: 0
01-14 19:06:57.564 26491 26537 D UE4     : nativeHeadsetEvent(0)
01-14 19:06:57.564 26491 26491 D UE4     : nativeBatteryEvent(stat = 2, lvl = 52  temp = 27.50 C)
01-14 19:06:57.565 26491 26491 D UE4     : headsetReceiver::onReceive
01-14 19:06:57.565 26491 26491 D UE4     : nativeHeadsetEvent(0)
01-14 19:06:57.575  3757 29838 D AudioService: getStreamVolume 3 index 0
01-14 19:06:57.576 26491 26697 D UE4     : [2019.01.15-00.06.57:575][  0]LogRHI: Using OpenGL program LRU cache: 0
01-14 19:06:57.580  3757 10496 D AudioService: getStreamVolume 3 index 0
01-14 19:06:57.593  3757 32083 D AudioService: getStreamVolume 3 index 0
01-14 19:06:57.610 26491 26650 D UE4     : *** JavaEnvDestructor: 26650
01-14 19:06:57.620  3757  3771 D AudioService: getStreamVolume 3 index 0
01-14 19:06:57.756  3757 31270 D AudioService: getStreamVolume 3 index 0
01-14 19:06:57.758  3757  5062 D AudioService: getStreamVolume 3 index 0
01-14 19:06:57.777  3757  7201 D AudioService: getStreamVolume 3 index 0
01-14 19:06:57.782  3757  4440 D AudioService: getStreamVolume 3 index 0
01-14 19:06:57.796  3757  7203 D AudioService: getStreamVolume 3 index 0
01-14 19:06:57.800  4616  4823 D NetworkController.MobileSignalController(0/1): onSignalStrengthsChanged signalStrength=SignalStrength: 99 99 -120 -160 -120 -1 -1 19 -105 -11 24 2147483647 2147483647 0x3000 gsm|lte level=3
01-14 19:06:57.800  4616  4823 D NetworkController.MobileSignalController(0/1): getMobileIconGroup(): 13
01-14 19:06:57.800  4616  4823 D NetworkController.MobileSignalController(0/1): updateVZWMobileIconGroup(): 13
01-14 19:06:57.809  5035  5670 D EPDG -- [SMARTWIFI]: onSignalStrengthsChanged: Received signal strength change, phone type is: 2
01-14 19:06:57.809  5035  6446 D EPDG -- [SMARTWIFI]: lastLteRSRP is -105currentLteRSRP is -105
01-14 19:06:57.809  5035  6446 D EPDG -- [SMARTWIFI]: lastLteRSRQ is -11currentLteRSRQ is -11
01-14 19:06:57.809  5035  6446 D EPDG -- [SMARTWIFI]: lastCdmaDb is -16currentCdmaDb is -16
01-14 19:06:57.809  4616  4823 D NetworkController.MobileSignalController(0/1): callState:0, callStateByPhone:false voLTECall:false voiceNetTpe:13 dataNetType:13, ine911:false, emergencyCallbackMode:false
01-14 19:06:57.809  5035  6446 V EPDG -- [SMARTWIFI]: Radio oldest entry removed
01-14 19:06:57.809  5035  6446 V EPDG -- [SMARTWIFI]: New entry : (SignalStrength: 99 99 -120 -160 -120 -1 -1 19 -105 -11 24 2147483647 2147483647 0x3000 gsm|lte : 0 )
01-14 19:06:57.809  5035  6446 V EPDG -- [SMARTWIFI]: Radio entry added
01-14 19:06:57.821  3757 29839 D AudioService: getStreamVolume 3 index 0
01-14 19:06:57.914 26491 26648 D UE4     : *** JavaEnvDestructor: 26648
01-14 19:06:57.918 26491 26649 D UE4     : *** JavaEnvDestructor: 26649
01-14 19:06:57.919 26491 26647 D UE4     : *** JavaEnvDestructor: 26647
01-14 19:06:57.959  3757  4469 D AudioService: getStreamVolume 3 index 0
01-14 19:06:57.961  3757  5902 D AudioService: getStreamVolume 3 index 0
01-14 19:06:57.981  3757 29840 D AudioService: getStreamVolume 3 index 0
01-14 19:06:57.987  3757 29838 D AudioService: getStreamVolume 3 index 0
01-14 19:06:58.002  3757 10496 D AudioService: getStreamVolume 3 index 0
01-14 19:06:58.021 26491 26537 D UE4     : [2019.01.15-00.06.58:021][  0]LogUdpMessaging: Initializing bridge on interface 0.0.0.0:0 to multicast group 230.0.0.1:6666.
01-14 19:06:58.027  3757 32083 D AudioService: getStreamVolume 3 index 0
01-14 19:06:58.162  3757  3771 D AudioService: getStreamVolume 3 index 0
01-14 19:06:58.166  3757 31270 D AudioService: getStreamVolume 3 index 0
01-14 19:06:58.190  3757  5062 D AudioService: getStreamVolume 3 index 0
01-14 19:06:58.197  3757  7201 D AudioService: getStreamVolume 3 index 0
01-14 19:06:58.211  3757  4440 D AudioService: getStreamVolume 3 index 0
01-14 19:06:58.237  3757  7203 D AudioService: getStreamVolume 3 index 0
01-14 19:06:58.365  3757  7206 D AudioService: getStreamVolume 3 index 0
01-14 19:06:58.373  3757 29842 D AudioService: getStreamVolume 3 index 0
01-14 19:06:58.392  3757  7205 D AudioService: getStreamVolume 3 index 0
01-14 19:06:58.399  3757 32085 D AudioService: getStreamVolume 3 index 0
01-14 19:06:58.415  3757  4469 D AudioService: getStreamVolume 3 index 0
01-14 19:06:58.420  3757  5063 D AudioService: getStreamVolume 3 index 0
01-14 19:06:58.440  3757  4482 D AudioService: getStreamVolume 3 index 0
01-14 19:06:58.567  3757  7216 D AudioService: getStreamVolume 3 index 0
01-14 19:06:58.575  3757  6272 D AudioService: getStreamVolume 3 index 0
01-14 19:06:58.594  3757 32084 D AudioService: getStreamVolume 3 index 0
01-14 19:06:58.601  3757  7202 D AudioService: getStreamVolume 3 index 0
01-14 19:06:58.617  3757 10512 D AudioService: getStreamVolume 3 index 0
01-14 19:06:58.645  3757  2858 D AudioService: getStreamVolume 3 index 0
01-14 19:06:58.769  3757  5901 D AudioService: getStreamVolume 3 index 0
01-14 19:06:58.776  3757  2859 D AudioService: getStreamVolume 3 index 0
01-14 19:06:58.797  3757 29841 D AudioService: getStreamVolume 3 index 0
01-14 19:06:58.804  3757 29839 D AudioService: getStreamVolume 3 index 0
01-14 19:06:58.820  3757  7204 D AudioService: getStreamVolume 3 index 0
01-14 19:06:58.849  3757  5063 D AudioService: getStreamVolume 3 index 0
01-14 19:06:58.901 26491 26644 D UE4     : *** JavaEnvDestructor: 26644
01-14 19:06:58.903 26491 26645 D UE4     : *** JavaEnvDestructor: 26645
01-14 19:06:58.909  5689  5689 D io_stats: !@   8,0 r 3256963 96890284 w 2655047 59752196 d 421940 30848416 f 680413 680262 iot 4311730 2483524 th 61440 61440 44732 pt 10220 inp 0 0 240061.749
01-14 19:06:58.973  3757  4482 D AudioService: getStreamVolume 3 index 0
01-14 19:06:58.978  3757  7216 D AudioService: getStreamVolume 3 index 0
01-14 19:06:58.999  3757  6272 D AudioService: getStreamVolume 3 index 0
01-14 19:06:59.005 26491 26537 D UE4     : [2019.01.15-00.06.59:005][  0]LogTcpMessaging: Initializing TcpMessaging bridge, listening on 127.0.0.1:6666
01-14 19:06:59.008  3757 32084 D AudioService: getStreamVolume 3 index 0
01-14 19:06:59.021  3757  7202 D AudioService: getStreamVolume 3 index 0
01-14 19:06:59.024 26491 26537 D UE4     : [2019.01.15-00.06.59:024][  0]LogAndroid: Display: Low Power Mode Changed: 0
01-14 19:06:59.026 26491 26537 D UE4     : Execution has been resumed!
01-14 19:06:59.026 26491 26537 D UE4     : [2019.01.15-00.06.59:026][  0]LogAndroidEvents: Display: DequeueAppEvent : 6, 0
01-14 19:06:59.042 26491 26708 D UE4     : *** JavaEnvDestructor: 26708
01-14 19:06:59.054  3757 10512 D AudioService: getStreamVolume 3 index 0
01-14 19:06:59.081  3757  9599 D GameManagerService: identifyGamePackage. com.GeekTechnique.InfinityStack
01-14 19:06:59.177  3757  2858 D AudioService: getStreamVolume 3 index 0
01-14 19:06:59.180  3757  4473 D AudioService: getStreamVolume 3 index 0
01-14 19:06:59.204  3757  4440 D AudioService: getStreamVolume 3 index 0
01-14 19:06:59.211  3757  5901 D AudioService: getStreamVolume 3 index 0
01-14 19:06:59.223  3757  7206 D AudioService: getStreamVolume 3 index 0
01-14 19:06:59.256  3757  2859 D AudioService: getStreamVolume 3 index 0
01-14 19:06:59.380  3757 29841 D AudioService: getStreamVolume 3 index 0
01-14 19:06:59.384  3757 29839 D AudioService: getStreamVolume 3 index 0
01-14 19:06:59.407  3757  7204 D AudioService: getStreamVolume 3 index 0
01-14 19:06:59.413  3757  5063 D AudioService: getStreamVolume 3 index 0
01-14 19:06:59.426  3757  4482 D AudioService: getStreamVolume 3 index 0
01-14 19:06:59.450  3757 29840 D AudioService: getStreamVolume 3 index 0
01-14 19:06:59.458  3757 29838 D AudioService: getStreamVolume 3 index 0
01-14 19:06:59.588  3757 10496 D AudioService: getStreamVolume 3 index 0
01-14 19:06:59.592  3757 32083 D AudioService: getStreamVolume 3 index 0
01-14 19:06:59.612  3757  3771 D AudioService: getStreamVolume 3 index 0
01-14 19:06:59.616  3757 31270 D AudioService: getStreamVolume 3 index 0
01-14 19:06:59.629  3757  5062 D AudioService: getStreamVolume 3 index 0
01-14 19:06:59.662  3757  7201 D AudioService: getStreamVolume 3 index 0
01-14 19:06:59.791  3757 31269 D AudioService: getStreamVolume 3 index 0
01-14 19:06:59.794  3757  7203 D AudioService: getStreamVolume 3 index 0
01-14 19:06:59.815  3757  3770 D AudioService: getStreamVolume 3 index 0
01-14 19:06:59.822  3757 29842 D AudioService: getStreamVolume 3 index 0
01-14 19:06:59.832  3757 32085 D AudioService: getStreamVolume 3 index 0
01-14 19:06:59.864  3757  4469 D AudioService: getStreamVolume 3 index 0
01-14 19:06:59.995  3757  7216 D AudioService: getStreamVolume 3 index 0
01-14 19:06:59.996  3757  6272 D AudioService: getStreamVolume 3 index 0
01-14 19:07:00.000  3757  4354 D SamsungAlarmManager: Expired : 8
01-14 19:07:00.001  3757  4354 I SamsungAlarmManager: setLocked to kernel - T:3 / 20190114T190749, SetElapsed=711528061, nowELAPSED=711478616
01-14 19:07:00.017  3757 32084 D AudioService: getStreamVolume 3 index 0
01-14 19:07:00.024  3757  7202 D AudioService: getStreamVolume 3 index 0
01-14 19:07:00.034  3757 10512 D AudioService: getStreamVolume 3 index 0
01-14 19:07:00.049 26491 26706 D UE4     : *** JavaEnvDestructor: 26706
01-14 19:07:00.051 26491 26707 D UE4     : *** JavaEnvDestructor: 26707
01-14 19:07:00.052 26491 26702 D UE4     : *** JavaEnvDestructor: 26702
01-14 19:07:00.066  3757  2858 D AudioService: getStreamVolume 3 index 0
01-14 19:07:00.203  3757  4473 D AudioService: getStreamVolume 3 index 0
01-14 19:07:00.219  3757  4440 D AudioService: getStreamVolume 3 index 0
01-14 19:07:00.236  3757  5901 D AudioService: getStreamVolume 3 index 0
01-14 19:07:00.241  3757  7206 D AudioService: getStreamVolume 3 index 0
01-14 19:07:00.245  3757  2859 D AudioService: getStreamVolume 3 index 0
01-14 19:07:00.271  3757 29841 D AudioService: getStreamVolume 3 index 0
01-14 19:07:00.416  3757 29839 D AudioService: getStreamVolume 3 index 0
01-14 19:07:00.428  3757  7204 D AudioService: getStreamVolume 3 index 0
01-14 19:07:00.440  3757  5063 D AudioService: getStreamVolume 3 index 0
01-14 19:07:00.443  3757  5902 D AudioService: getStreamVolume 3 index 0
01-14 19:07:00.452  3757  7216 D AudioService: getStreamVolume 3 index 0
01-14 19:07:00.457  3757 29838 D AudioService: getStreamVolume 3 index 0
01-14 19:07:00.475  3757 10496 D AudioService: getStreamVolume 3 index 0
01-14 19:07:00.627  3757 32083 D AudioService: getStreamVolume 3 index 0
01-14 19:07:00.635  3757  3771 D AudioService: getStreamVolume 3 index 0
01-14 19:07:00.643  3757 31270 D AudioService: getStreamVolume 3 index 0
01-14 19:07:00.652  3757  5062 D AudioService: getStreamVolume 3 index 0
01-14 19:07:00.654  3757  7201 D AudioService: getStreamVolume 3 index 0
01-14 19:07:00.674  5035  5670 D EPDG -- [SMARTWIFI]: onSignalStrengthsChanged: Received signal strength change, phone type is: 2
01-14 19:07:00.675  5035  6446 D EPDG -- [SMARTWIFI]: lastLteRSRP is -105currentLteRSRP is -106
01-14 19:07:00.675  5035  6446 D EPDG -- [SMARTWIFI]: lastLteRSRQ is -11currentLteRSRQ is -12
01-14 19:07:00.675  5035  6446 D EPDG -- [SMARTWIFI]: lastCdmaDb is -16currentCdmaDb is -16
01-14 19:07:00.675  5035  6446 V EPDG -- [SMARTWIFI]: Radio oldest entry removed
01-14 19:07:00.675  5035  6446 V EPDG -- [SMARTWIFI]: New entry : (SignalStrength: 99 99 -120 -160 -120 -1 -1 18 -106 -12 14 2147483647 2147483647 0x3000 gsm|lte : 0 )
01-14 19:07:00.675  5035  6446 V EPDG -- [SMARTWIFI]: Radio entry added
01-14 19:07:00.675  4616  4823 D NetworkController.MobileSignalController(0/1): onSignalStrengthsChanged signalStrength=SignalStrength: 99 99 -120 -160 -120 -1 -1 18 -106 -12 14 2147483647 2147483647 0x3000 gsm|lte level=3
01-14 19:07:00.675  4616  4823 D NetworkController.MobileSignalController(0/1): getMobileIconGroup(): 13
01-14 19:07:00.675  4616  4823 D NetworkController.MobileSignalController(0/1): updateVZWMobileIconGroup(): 13
01-14 19:07:00.678  3757  5901 D AudioService: getStreamVolume 3 index 0
01-14 19:07:00.684  4616  4823 D NetworkController.MobileSignalController(0/1): callState:0, callStateByPhone:false voLTECall:false voiceNetTpe:13 dataNetType:13, ine911:false, emergencyCallbackMode:false
01-14 19:07:00.837  3757 29841 D AudioService: getStreamVolume 3 index 0
01-14 19:07:00.861  3757 29839 D AudioService: getStreamVolume 3 index 0
01-14 19:07:00.883  3757  7204 D AudioService: getStreamVolume 3 index 0
01-14 19:07:00.900  3757  5063 D AudioService: getStreamVolume 3 index 0
01-14 19:07:00.921  3757  5902 D AudioService: getStreamVolume 3 index 0
01-14 19:07:00.936  3757  7216 D AudioService: getStreamVolume 3 index 0
01-14 19:07:01.023 26491 26739 D UE4     : *** JavaEnvDestructor: 26739
01-14 19:07:01.028 26491 26740 D UE4     : *** JavaEnvDestructor: 26740
01-14 19:07:01.054  3757  6272 D AudioService: getStreamVolume 3 index 0
01-14 19:07:01.065  3757 32084 D AudioService: getStreamVolume 3 index 0
01-14 19:07:01.095  3757  7202 D AudioService: getStreamVolume 3 index 0
01-14 19:07:01.107  3757 10512 D AudioService: getStreamVolume 3 index 0
01-14 19:07:01.126  3757  2858 D AudioService: getStreamVolume 3 index 0
01-14 19:07:01.129 26491 26537 D UE4     : Unregistering volume receiver
01-14 19:07:01.131 26491 26537 D UE4     : Unregistering battery receiver
01-14 19:07:01.132 26491 26537 D UE4     : Unregistering headset receiver
01-14 19:07:01.137 26491 26698 D UE4     : *** JavaEnvDestructor: 26698
01-14 19:07:01.138 26491 26697 D UE4     : AndroidEGL::ResetDisplay()
01-14 19:07:01.139 26491 26697 D UE4     : *** JavaEnvDestructor: 26697
01-14 19:07:01.141  3757 31269 D AudioService: getStreamVolume 3 index 0
01-14 19:07:01.141 26491 26537 D UE4     : [2019.01.15-00.07.01:141][  0]LogTemp: Android pause audio
01-14 19:07:01.145 26491 26537 D UE4     : Execution has been paused...
01-14 19:07:01.145 26491 26537 D UE4     : [2019.01.15-00.07.01:145][  0]LogAndroidEvents: Display: DequeueAppEvent : 12, 0
01-14 19:07:01.145 26491 26537 D UE4     : [2019.01.15-00.07.01:145][  0]LogAndroidEvents: Display: DequeueAppEvent : 8, 0
01-14 19:07:01.256  3757  7203 D AudioService: getStreamVolume 3 index 0
01-14 19:07:01.269  3757  3770 D AudioService: getStreamVolume 3 index 0
01-14 19:07:01.300  3757 29842 D AudioService: getStreamVolume 3 index 0
01-14 19:07:01.309  3757  7205 D AudioService: getStreamVolume 3 index 0
01-14 19:07:01.330  3757 32085 D AudioService: getStreamVolume 3 index 0
01-14 19:07:01.345  3757  4469 D AudioService: getStreamVolume 3 index 0
01-14 19:07:01.461  3757  5902 D AudioService: getStreamVolume 3 index 0
01-14 19:07:01.473  3757 29840 D AudioService: getStreamVolume 3 index 0
01-14 19:07:01.474  3757 29838 D AudioService: getStreamVolume 3 index 0
01-14 19:07:01.503  3757 10496 D AudioService: getStreamVolume 3 index 0
01-14 19:07:01.512  3757 32083 D AudioService: getStreamVolume 3 index 0
01-14 19:07:01.532  3757  3771 D AudioService: getStreamVolume 3 index 0
