01-25 02:01:57.722  3241 26010 I samsungRecord: [samsungrecord]Use HardCoding Values
01-25 02:01:57.722  3241 26010 D SamsungRecord_NS: [SamsungRecord_NS] Init SR 16000
01-25 02:01:57.722  3241 26010 D SamsungRecord_NS: [SamsungRecord_NS] getLevel inputsource 6, ret_level 3
01-25 02:01:57.723  3241 26010 I samsungRecord: [samsungrecord] MicCalonoff 1
01-25 02:01:57.723  3241 26010 I audio_hw_primary: is_voice_wakeup : ret =  0  , wakeup_baby_cry_enabled = 0  ,  wakeup_mic_enabled = 0 
01-25 02:01:57.723  3241 26010 V audio_hw_primary: select_devices output_scenario:-1 input_scenario:28 out_snd_device 0x0 in_snd_device:0xb
01-25 02:01:57.723  3241 26010 I audio_route: > audio_route_reset :
01-25 02:01:57.723  3241 26010 I audio_route: > audio_route_apply_path : "recognition-mic"
01-25 02:01:57.724  3755  3755 I SurveyLogManager: mDeviceInfo.mScreen = true
01-25 02:01:57.724  3277 25962 I tlc_communication: mcWaitNotification is completed;237
01-25 02:01:57.725  3277 25962 I TLC_BAUTH: Check the Trustlet return code is completed;1288
01-25 02:01:57.725  3277 25962 D bauth_FPBAuthService: check_opcode status = 2, opcode = 5, func_ret_val = 0, function_status = 1, timeout = 0
01-25 02:01:57.725  3277 25962 D bauth_FPBAuthService: FPBAuthService, 1541
01-25 02:01:57.725  3277 25962 D bauth_FPBAuthService: FPBAuthService, 1551
01-25 02:01:57.725  3277 25962 D bauth_FPBAuthService: FPBAuthService, 1552
01-25 02:01:57.725  3277 25962 D bauth_FPBAuthService: fpop : 100021
01-25 02:01:57.725  3277 25962 D fingerprintd: onAcquired(10002)
01-25 02:01:57.725  3277 25962 D bauth_FPBAuthService: FPBAuthService, 3388
01-25 02:01:57.725  3277 25962 I TLC_BAUTH: Call FP cmd 0x6;1222
01-25 02:01:57.725  3277 25962 I tlc_communication: Send Trustlet TCI Message;214
01-25 02:01:57.725  3277 25962 I tlc_communication: mcNotify is completed;224
01-25 02:01:57.729  3241 26010 V audio_hw_primary: select_devices() input_route "recognition-mic" 
01-25 02:01:57.729  3241 26010 I audio_route: > audio_route_apply_path : "gain-recognition-mic"
01-25 02:01:57.729  3277 25962 I tlc_communication: mcWaitNotification is completed;237
01-25 02:01:57.729  3277 25962 I TLC_BAUTH: Check the Trustlet return code is completed;1288
01-25 02:01:57.729  3277 25962 D bauth_FPBAuthService: check_opcode status = 2, opcode = 6, func_ret_val = 0, function_status = 1, timeout = 0
01-25 02:01:57.729  3277 25962 D bauth_FPBAuthService: FPBAuthService, 1164
01-25 02:01:57.729  3277 25962 D bauth_FPBAuthService: FPBAuthService, 1170
01-25 02:01:57.729  3277 25962 D bauth_FPBAuthService: fpop : 100022
01-25 02:01:57.729  3277 25962 D fingerprintd: onAcquired(10003)
01-25 02:01:57.729  3277 25962 D bauth_FPBAuthService: FPBAuthService, 3388
01-25 02:01:57.729  3241 26010 V audio_hw_primary: select_devices() input_gain "gain-recognition-mic" 
01-25 02:01:57.729  3277 25962 I TLC_BAUTH: Call FP cmd 0x6;1222
01-25 02:01:57.729  3241 26010 I audio_route: > audio_route_update_mixer : +
01-25 02:01:57.729  3277 25962 I tlc_communication: Send Trustlet TCI Message;214
01-25 02:01:57.729  3277 25962 I tlc_communication: mcNotify is completed;224
01-25 02:01:57.730  3241 26010 I audio_route: > audio_route_update_mixer : changed(0) -
01-25 02:01:57.730  3241 26010 I audio_hw_primary: select_devices - 
01-25 02:01:57.730  3241 26010 V audio_hw_primary: start_input_stream -
01-25 02:01:57.730  3755  3755 I FingerprintService: handleAcquired : acquiredInfo=10002
01-25 02:01:57.734  3755  3755 I FingerprintService: handleAcquired : acquiredInfo=10003
01-25 02:01:57.734  3755  4532 D WifiWatchdogStateMachine:  [|216] []
01-25 02:01:57.736  3755  9977 I LightSensor: Light old sensor_state 128, new sensor_state : 640 en : 1
01-25 02:01:57.737  3755 11598 E LocSvc_libulp: I/int ulp_msg_process_system_update(const UlpSystemEvent): systemEvent:0 
01-25 02:01:57.737  3755 11598 E LocSvc_libulp: I/int ulp_msg_process_start_req(), at ulp state = 1
01-25 02:01:57.742  4621  4621 D KeyguardFingerPrint: onAuthenticationAcquired() = 10002
01-25 02:01:57.742  4621  4621 D KeyguardFingerPrint: fingerprint applyBooster
01-25 02:01:57.742 11712 11712 I BeaconManager: BeaconManager.onReceive - receive Action : android.intent.action.SCREEN_ON
01-25 02:01:57.742 11712 11712 D BeaconManager: BeaconManager.onReceive - end
01-25 02:01:57.743  3755  9977 D SensorManager: registerListener :: 6, TMD4903 RGB Sensor, 200000, 0,  
01-25 02:01:57.743 11712 11749 I BeaconManager: BeaconManager.BeaconManagerWorkHandler - BroadcastReceiver onReceive start
01-25 02:01:57.743 11712 11749 D BeaconManager: BeaconManager.BeaconManagerWorkHandler - mScreenObserver action:android.intent.action.SCREEN_ON
01-25 02:01:57.743 11712 11749 D BeaconManager: AppControlManager.screenOnIntentReceived - start
01-25 02:01:57.743 11712 11749 D BeaconManager: AppControlManager.screenOnIntentReceived - end
01-25 02:01:57.743 11712 11749 D BeaconManager: EasySetupManager.screenOnIntentReceived - start
01-25 02:01:57.744 11712 11749 D BeaconManager: EasySetupManager.screenOnIntentReceived - end
01-25 02:01:57.744 11712 11749 D BeaconManager: BleScanHelper.screenOnIntentReceived - start
01-25 02:01:57.746 11955 11955 D oneconnect[1.0.00-39][100000039] : QcManager.mReceiver - LCD ON
01-25 02:01:57.749  3755  7368 D PowerManagerService: [api] [s] userActivity : event: 0 flags: 0 (uid: 10055 pid: 4621) eventTime = 63585930
01-25 02:01:57.752 11712 11749 D BeaconManager: BleScanHelper.mBroadcastReceiver - Action: android.intent.action.SCREEN_ON, user: 0
01-25 02:01:57.752 11712 11749 V BeaconManager: BleScanHelper.startBleScan - startBleScan
01-25 02:01:57.752  4621  4621 D KeyguardFingerPrint: onAuthenticationAcquired() = 10003
01-25 02:01:57.752  4621  4621 D KeyguardFingerPrint: fingerprint applyBooster
01-25 02:01:57.754 11712 11749 D BluetoothAdapter: STATE_BLE_ON
01-25 02:01:57.755 11712 11749 D BeaconManager: BleScanHelper.screenOnIntentReceived - end
01-25 02:01:57.755 11712 11749 I BeaconManager: BeaconManager.BeaconManagerWorkHandler - BroadcastReceiver onReceive end
01-25 02:01:57.756 11712 11750 D BeaconManager: BleScanHelper.MSG_CALL_START_LESCAN - ($)isFilterScanFailed/discovering:false/true
01-25 02:01:57.759 11712 11750 D BluetoothAdapter: STATE_BLE_ON
01-25 02:01:57.760 11712 11750 D BluetoothAdapter: STATE_BLE_ON
01-25 02:01:57.761 11712 11750 D BluetoothAdapter: appoCount is = 0
01-25 02:01:57.761 11712 11750 I BeaconManager: BleScanHelper.directStopLeScan - call BleScanner.stopScan()
01-25 02:01:57.762  3755  7358 D PowerManagerService: [api] [s] userActivity : event: 0 flags: 0 (uid: 10055 pid: 4621) eventTime = 63585943
01-25 02:01:57.762 11712 11750 D BluetoothAdapter: STATE_BLE_ON
01-25 02:01:57.763 11712 11750 D BluetoothAdapter: appoCount is = 0
01-25 02:01:57.764 11712 11750 D BluetoothAdapter: STATE_BLE_ON
01-25 02:01:57.764 11712 11750 D BluetoothLeScanner: Stop Scan
01-25 02:01:57.764 11696 11696 D Receiver_Screen: ACTION_SCREEN_ON
01-25 02:01:57.766  4560  4573 D BtGatt.GattService: stopScan() - queue size =1
01-25 02:01:57.766  4560  4573 D BtGatt.GattService: stopScan() - queue size =1
01-25 02:01:57.767  4560  5179 E BtGatt.GattService: [GSIM LOG]: gsimLogHandler: android.uid.bcmgr, msg: MESSAGE_STOP_SCAN
01-25 02:01:57.772  4560  5167 D BtGatt.ScanManager: stop scan
01-25 02:01:57.772  4560  5167 D BtGatt.ScanManager: delete FilterIndex - 12
01-25 02:01:57.773  4560  4575 D BtGatt.GattService: unregisterClient() - clientIf=4
01-25 02:01:57.782  4560  4680 D BtGatt.GattService: onScanFilterParamsConfigured() - clientIf=4, status=0, action=1, availableSpace=31
01-25 02:01:57.782  4560  4680 D BtGatt.ScanManager: callback done for clientIf - 4 status - 0
01-25 02:01:57.782  4560  5167 D BtGatt.ScanManager: delete FilterIndex - 16
01-25 02:01:57.783  4560  4680 D BtGatt.GattService: onScanFilterParamsConfigured() - clientIf=4, status=0, action=1, availableSpace=32
01-25 02:01:57.783  4560  4680 D BtGatt.ScanManager: callback done for clientIf - 4 status - 0
01-25 02:01:57.784  4560  5167 D BtGatt.ScanManager: configureRegularScanParams() - queue=0
01-25 02:01:57.784  4560  5167 D BtGatt.ScanManager: configureRegularScanParams() - ScanSetting Scan mode=-2147483648 mLastConfiguredScanSetting=100
01-25 02:01:57.784  4560  5167 D BtGatt.ScanManager: configureRegularScanParams() - queue emtpy, scan stopped
01-25 02:01:57.798  3755  4444 D CompatibilityInfo: mCompatibilityFlags - 0
01-25 02:01:57.798  3755  4444 D CompatibilityInfo: applicationDensity - 420
01-25 02:01:57.798  3755  4444 D CompatibilityInfo: applicationScale - 1.0
01-25 02:01:57.816  3755  4548 D PowerManagerService: [PWL] sb release: PowerManagerService.Broadcasts
01-25 02:01:57.824  9254 14513 I DiscoveryManager: Filter criteria(%urn:x-cast:com.google.cast.media) scannerFlags(2)
01-25 02:01:57.827  3755  4355 D SamsungAlarmManager: setInexact Intent (T:1/F:8/AC:false) 20190125T023157 - CU:1000/CP:3755
01-25 02:01:57.829  3755  6065 D ConnectivityService: filterNetworkStateForUid() uid: 10014 networkInfo: [type: WIFI[] - WIFI, state: CONNECTED/CONNECTED, reason: (unspecified), extra: "wilkinson2.4", failover: false, available: true, roaming: false, metered: false]
01-25 02:01:57.830  3755 26012 E BatteryStatsService: no controller energy info supplied
01-25 02:01:57.867  3755  6081 D WifiScanController: isNLPPackage:com.google.android.gms, true
01-25 02:01:57.873  3755 26012 E BatteryStatsService: modem info is invalid: ModemActivityInfo{ mTimestamp=0 mSleepTimeMs=0 mIdleTimeMs=0 mTxTimeMs[]=[0, 0, 0, 0, 0] mRxTimeMs=0 mEnergyUsed=0}
01-25 02:01:57.874 11712 11750 I BeaconManager: BleScanHelper.startBleScan - Start filter Scan(SCREEN_ON)
01-25 02:01:57.874 11712 11750 D BeaconManager: BleScanHelper.printFilterCondition - mLcdOnScanInterval: 2
01-25 02:01:57.874 11712 11750 D BeaconManager: BleScanHelper.printFilterCondition - Filter: 010002000001, Mask:ffffff0000ff
01-25 02:01:57.874 11712 11750 D BeaconManager: BleScanHelper.printFilterCondition - Filter: 010002000001, Mask:ffffff0000ff
01-25 02:01:57.874 11712 11750 D BeaconManager: BleScanHelper.printFilterCondition - Filter: 42090104000200000021, Mask:ffffffff0002000000a1
01-25 02:01:57.874 11712 11750 D BeaconManager: BleScanHelper.printFilterCondition - Filter: 4204010200, Mask:fffffdee40
01-25 02:01:57.875 11712 11750 D BluetoothLeScanner: Start Scan
01-25 02:01:57.877 11712 11750 D BluetoothAdapter: STATE_BLE_ON
01-25 02:01:57.878 11712 11750 D BluetoothAdapter: appoCount is = 0
01-25 02:01:57.879 11712 11750 D BluetoothAdapter: STATE_BLE_ON
01-25 02:01:57.881 11712 11750 D BluetoothAdapter: STATE_BLE_ON
01-25 02:01:57.882 11712 11750 D BluetoothAdapter: STATE_BLE_ON
01-25 02:01:57.883 11712 11750 D BluetoothAdapter: appoCount is = 0
01-25 02:01:57.885  4560  4573 D BtGatt.GattService: registerClient() - UUID=69a7d2d6-bbe6-4e0b-af5c-c2f876016c14
01-25 02:01:57.889  3755  7357 D ConnectivityService: filterNetworkStateForUid() uid: 10014 networkInfo: [type: WIFI[] - WIFI, state: CONNECTED/CONNECTED, reason: (unspecified), extra: "wilkinson2.4", failover: false, available: true, roaming: false, metered: false]
01-25 02:01:57.897  3755  4459 I WifiScanController: location is disabled
01-25 02:01:57.898  3755  4531 E WifiWatchdogStateMachine: Unhandled message { when=0 what=135229 target=com.android.internal.util.StateMachine$SmHandler } in state ValidNonSwitchableState
01-25 02:01:57.900  4633  4633 I wpa_supplicant: wlan0: Setting scan request: 0 sec 0 usec
01-25 02:01:57.901  4633  4633 I wpa_supplicant: P2P: Current p2p state = IDLE
01-25 02:01:57.904  4633  4633 I wpa_supplicant: Scan requested (ret=0) - scan timeout 30 seconds
01-25 02:01:57.907  9254 14513 I MiniDeviceController: [MiniDeviceController-1] ACTIVATE (XBR-65X900E) FA8FFA044DDD
01-25 02:01:57.907  9254 14513 I MiniDeviceController: [MiniDeviceController-1] connecting to /192.168.1.9
01-25 02:01:57.909  3755  4484 D SamsungAlarmManager: setInexact Listener (T:2/F:8/AC:false) 20190125T020212 - CU:1000/CP:3755
01-25 02:01:57.915  3755  6281 D CompatibilityInfo: mCompatibilityFlags - 0
01-25 02:01:57.916  3755  6281 D CompatibilityInfo: applicationDensity - 420
01-25 02:01:57.916  3755  6281 D CompatibilityInfo: applicationScale - 1.0
01-25 02:01:57.939  3755  4344 I LightSensor: #>LightSensor r=34 g=17 b=18 c=42 atime=245 again=64 lux=16
01-25 02:01:57.940  3755  3755 D SSRM:a  : Light : 16 lux
01-25 02:01:57.940  3755  4459 D WifiHAL : Setting APF program, halHandle = 0x78a6918a60
01-25 02:01:57.940  3755  4459 I WifiHAL : 
01-25 02:01:57.940  3755  4459 I WifiHAL : createRequest: APF set program request
01-25 02:01:57.941  3755  3755 I LightSensor: Light old sensor_state 640, new sensor_state : 128 en : 0
01-25 02:01:57.942  3755  4459 I WifiHAL : Done!
01-25 02:01:57.948  3755  3755 D SensorManager: unregisterListener ::   
01-25 02:01:57.978  3755 26012 I BarTender:BatteryStatsDumper: writing to daily db completed
01-25 02:01:57.980  3277 25962 I tlc_communication: mcWaitNotification is completed;237
01-25 02:01:57.980  3277 25962 I TLC_BAUTH: Check the Trustlet return code is completed;1288
01-25 02:01:57.980  3277 25962 D bauth_FPBAuthService: check_opcode status = 2, opcode = 0, func_ret_val = 0, function_status = 1, timeout = 0
01-25 02:01:57.980  3277 25962 D bauth_FPBAuthService: FPBAuthService, 3491
01-25 02:01:57.980  3277 25962 D bauth_FPBAuthService: fpop : 100024
01-25 02:01:57.980  3277 25962 D fingerprintd: onAcquired(10005)
01-25 02:01:57.980  3277 25962 D bauth_FPBAuthService: FPBAuthService, 3546
01-25 02:01:57.980  3277 25962 D bauth_FPBAuthService: fpop : 100010
01-25 02:01:57.980  3277 25962 D fingerprintd: onAuthenticated(fid=1, gid=0)
01-25 02:01:57.981  3755  3755 I FingerprintService: handleAcquired : acquiredInfo=10005
01-25 02:01:57.984  3755  3755 I FingerprintService: handleAuthenticated : true
01-25 02:01:57.984  3277 25962 I TLC_BAUTH: Call FP cmd 0xc (46);1557
01-25 02:01:57.985  3755 26012 I BarTender:BatteryStatsDumper: writing to weekly db completed
01-25 02:01:57.985  3755 26012 I BarTender:BatteryStatsDumper: refreshstats completed
01-25 02:01:57.985  3755 26012 I BarTender:GATHERERBATTSTATS: set - time:1548399717985
01-25 02:01:57.985  3277 25962 I TLC_BAUTH: reqUserID = User_0 | User_0;1614
01-25 02:01:57.985  3755 26012 I BarTender:ANALYZERBATTSTATS: Observer from Gatherer - time:1548399717985
01-25 02:01:57.985  3755  3755 W ContextImpl: Calling a method in the system process without a qualified user: android.app.ContextImpl.sendBroadcast:906 com.android.server.fingerprint.FingerprintService.insertSurveyLog:2113 com.android.server.fingerprint.FingerprintService$11.insertSurveyLog:1216 com.android.server.fingerprint.AuthenticationClient.onAuthenticated:140 com.android.server.fingerprint.FingerprintService.handleAuthenticated:484 
01-25 02:01:57.985  3755  4355 I BarTender:ANALYZERBATTSTATS: MSG_TYPE_BARTENDER_CHECK_POWER::
01-25 02:01:57.985  3755  4355 I BarTender:BatteryStatsDBHelper: checkForPowerThreshold called : 1548399717985
01-25 02:01:57.985  3277 25962 I tlc_communication: Send Trustlet TCI Message;214
01-25 02:01:57.985  3277 25962 I tlc_communication: mcNotify is completed;224
01-25 02:01:57.987  3755  3755 I FingerprintService: sendFingerprintBigdata() mSemHqmManager.sendHWParamToHQM !!!
01-25 02:01:57.987  4560  4680 D BtGatt.GattService: onClientRegistered() - UUID=69a7d2d6-bbe6-4e0b-af5c-c2f876016c14, clientIf=4, status=0
01-25 02:01:57.989  3277  3277 V fingerprintd: stopAuthentication()
01-25 02:01:57.989  3277  3277 D bauth_service: BAuthService, 754
01-25 02:01:57.989  3277  3277 D bauth_FPBAuthService: FPBAuthService, 636
01-25 02:01:57.989  3277  3277 D bauth_FPBAuthService: FPBAuthService, 636
01-25 02:01:57.989  3277  3277 D bauth_FPBAuthService: FPBAuthService, 985
01-25 02:01:57.989  3755  3755 W FingerprintService: stopAuthentication FP_FINISH (1ms) RESULT: 0
01-25 02:01:57.990 11712 32133 D BluetoothLeScanner: onClientRegistered() - status=0 clientIf=4 mClientIf=0
01-25 02:01:57.991  4560  5153 D BtGatt.GattService: start scan with filters
01-25 02:01:57.991  3755  3755 W ContextImpl: Calling a method in the system process without a qualified user: android.app.ContextImpl.sendBroadcast:906 com.android.server.fingerprint.FingerprintService.insertSurveyLog:2113 com.android.server.fingerprint.FingerprintService.handleAuthenticated:493 com.android.server.fingerprint.FingerprintService$5$4.run:1475 android.os.Handler.handleCallback:751 
01-25 02:01:57.991  3277 25962 I tlc_communication: mcWaitNotification is completed;237
01-25 02:01:57.991  3277 25962 I TLC_BAUTH: Check the Trustlet return code is completed;1665
01-25 02:01:57.992  3755  3774 D CompatibilityInfo: mCompatibilityFlags - 0
01-25 02:01:57.992  3755  3774 D CompatibilityInfo: applicationDensity - 420
01-25 02:01:57.992  3755  3774 D CompatibilityInfo: applicationScale - 1.0
01-25 02:01:57.993  3277 25962 D bauth_FPBAuthSensorControl: FPBAuthSensorControl, 552
01-25 02:01:57.993  4560  5153 D BluetoothAdapter: STATE_BLE_ON
01-25 02:01:57.996  4560  5153 D BluetoothAdapter: appoCount is = 0
01-25 02:01:57.997  3755  3755 I FingerprintService: sendFingerprintBigdata() mSemHqmManager.sendHWParamToHQM !!!
01-25 02:01:57.999  4560  5153 D BluetoothAdapter: STATE_BLE_ON
01-25 02:01:58.001  4621  4621 D KeyguardFingerPrint: onAuthenticationAcquired() = 10005
01-25 02:01:58.001  4621  4621 D KeyguardFingerPrint: fingerprint applyBooster
01-25 02:01:58.003  3755  5047 D CompatibilityInfo: mCompatibilityFlags - 0
01-25 02:01:58.003  3755  5047 D CompatibilityInfo: applicationDensity - 420
01-25 02:01:58.003  3755  5047 D CompatibilityInfo: applicationScale - 1.0
01-25 02:01:58.004  4560  5153 D BtGatt.GattService: getScanSettings
01-25 02:01:58.005  3755  7343 D PowerManagerService: [api] [s] userActivity : event: 0 flags: 0 (uid: 10055 pid: 4621) eventTime = 63586185
01-25 02:01:58.008  4560  5153 D BtGatt.GattService: Is it foreground application = false
01-25 02:01:58.008  4560  5153 D BtGatt.GattService: Its a background application running with Low Power scan mode
01-25 02:01:58.013  4621  4621 D KeyguardFingerPrint: onAuthenticationSucceeded()
01-25 02:01:58.017  4560  5179 E BtGatt.GattService: [GSIM LOG]: gsimLogHandler: android.uid.bcmgr, msg: MESSAGE_START_SCAN
01-25 02:01:58.018  4560  5167 D BtGatt.ScanManager: handling starting scan
01-25 02:01:58.019  4560  5167 D BluetoothAdapter: STATE_BLE_ON
01-25 02:01:58.020  4560  5167 D BluetoothAdapter: STATE_BLE_ON
01-25 02:01:58.020  3277 25962 D bauth_FPBAuthSensorControl: FPBAuthSensorControl, 552
01-25 02:01:58.020  3277 25962 I TLC_BAUTH: Call FP cmd 0x7;1303
01-25 02:01:58.020  3277 25962 I tlc_communication: Send Trustlet TCI Message;214
01-25 02:01:58.020  3277 25962 I tlc_communication: mcNotify is completed;224
01-25 02:01:58.021  4560  5167 D BluetoothAdapter: appoCount is = 0
01-25 02:01:58.022  3755  9977 D GameManagerService: identifyGamePackage. com.GeekTechnique.InfinityStack
01-25 02:01:58.023  4560  5167 D BluetoothAdapter: STATE_BLE_ON
01-25 02:01:58.025  4560  5167 D BluetoothAdapter: STATE_BLE_ON
01-25 02:01:58.026  4560  5167 D BluetoothAdapter: appoCount is = 0
01-25 02:01:58.028  4560  5167 D BluetoothAdapter: STATE_BLE_ON
01-25 02:01:58.028  4560  5167 D BluetoothAdapter: STATE_BLE_ON
01-25 02:01:58.030  4560  5167 D BluetoothAdapter: appoCount is = 0
01-25 02:01:58.032  9254  6950 I DeviceScanner: [MDNS] Received response from "XBR-65X900E" (ee56c6c0d568db6554fde8c12f22184a) with result "1 New device"
01-25 02:01:58.032  4560  4680 D BtGatt.GattService: onScanFilterEnableDisabled() - clientIf=4, status=0, action=1
01-25 02:01:58.032  4560  4680 D BtGatt.ScanManager: callback done for clientIf - 4 status - 0
01-25 02:01:58.033  4560  5167 D BtGatt.ScanManager: set filter index= 17 for clientIf= 4
01-25 02:01:58.033  4560  5167 D BtGatt.ScanManager: addFilterToController: 5
01-25 02:01:58.035  4560  4680 D BtGatt.GattService: onScanFilterConfig() - clientIf=4, action = 0 status = 0, filterType=5, availableSpace=47
01-25 02:01:58.035  4560  4680 D BtGatt.ScanManager: callback done for clientIf - 4 status - 0
01-25 02:01:58.035  4560  5167 D BtGatt.ScanManager: High Rssi Filter value is = -128
01-25 02:01:58.036  4560  5167 D BtGatt.ScanManager: Low Rssi Filter value is = -128
01-25 02:01:58.036  4560  5167 D BtGatt.ScanManager: configureFilterParamter 500 10000 1 0scanFilterRssiThreshold = -128trackableScanFilterRssiThreshold = -128matchmode is =1
01-25 02:01:58.038  4560  4680 D BtGatt.GattService: onScanFilterParamsConfigured() - clientIf=4, status=0, action=0, availableSpace=31
01-25 02:01:58.038  4560  4680 D BtGatt.ScanManager: callback done for clientIf - 4 status - 0
01-25 02:01:58.039  4560  5167 D BtGatt.ScanManager: set filter index= 13 for clientIf= 4
01-25 02:01:58.039  4560  5167 D BtGatt.ScanManager: addFilterToController: 5
01-25 02:01:58.041  4560  4680 D BtGatt.GattService: onScanFilterConfig() - clientIf=4, action = 0 status = 0, filterType=5, availableSpace=46
01-25 02:01:58.041  4560  4680 D BtGatt.ScanManager: callback done for clientIf - 4 status - 0
01-25 02:01:58.042  4560  5167 D BtGatt.ScanManager: High Rssi Filter value is = -128
01-25 02:01:58.042  4560  5167 D BtGatt.ScanManager: Low Rssi Filter value is = -128
01-25 02:01:58.042  4560  5167 D BtGatt.ScanManager: configureFilterParamter 500 10000 1 0scanFilterRssiThreshold = -128trackableScanFilterRssiThreshold = -128matchmode is =1
01-25 02:01:58.043  4560  4680 D BtGatt.GattService: onScanFilterParamsConfigured() - clientIf=4, status=0, action=0, availableSpace=30
01-25 02:01:58.043  4560  4680 D BtGatt.ScanManager: callback done for clientIf - 4 status - 0
01-25 02:01:58.043  4560  5167 D BtGatt.ScanManager: set filter index= 14 for clientIf= 4
01-25 02:01:58.044  4560  5167 D BtGatt.ScanManager: addFilterToController: 5
01-25 02:01:58.045  4560  4680 D BtGatt.GattService: onScanFilterConfig() - clientIf=4, action = 0 status = 0, filterType=5, availableSpace=45
01-25 02:01:58.045  4560  4680 D BtGatt.ScanManager: callback done for clientIf - 4 status - 0
01-25 02:01:58.046  4560  5167 D BtGatt.ScanManager: High Rssi Filter value is = -128
01-25 02:01:58.046  4560  5167 D BtGatt.ScanManager: Low Rssi Filter value is = -128
01-25 02:01:58.046  4560  5167 D BtGatt.ScanManager: configureFilterParamter 500 10000 1 0scanFilterRssiThreshold = -128trackableScanFilterRssiThreshold = -128matchmode is =1
01-25 02:01:58.048  4560  4680 D BtGatt.GattService: onScanFilterParamsConfigured() - clientIf=4, status=0, action=0, availableSpace=29
01-25 02:01:58.048  4560  4680 D BtGatt.ScanManager: callback done for clientIf - 4 status - 0
01-25 02:01:58.048  4560  5167 D BtGatt.ScanManager: set filter index= 15 for clientIf= 4
01-25 02:01:58.048  4560  5167 D BtGatt.ScanManager: addFilterToController: 5
01-25 02:01:58.053  9254  9254 V MediaRouter: Dispatching route change: UserRouteInfo{ name=null, description=null, status=null, category=RouteCategory{ name=Devices types=ROUTE_TYPE_USER  groupable=false }, supportedTypes=ROUTE_TYPE_USER , presentationDisplay=null }
01-25 02:01:58.053  9254  9254 V MediaRouter: Dispatching route change: UserRouteInfo{ name=XBR-65X900E, description=null, status=null, category=RouteCategory{ name=Devices types=ROUTE_TYPE_USER  groupable=false }, supportedTypes=ROUTE_TYPE_USER , presentationDisplay=null }
01-25 02:01:58.053  9254  9254 V MediaRouter: Dispatching route change: UserRouteInfo{ name=XBR-65X900E, description=BRAVIA 4K GB, status=null, category=RouteCategory{ name=Devices types=ROUTE_TYPE_USER  groupable=false }, supportedTypes=ROUTE_TYPE_USER , presentationDisplay=null }
01-25 02:01:58.053  9254  9254 V MediaRouter: Adding route: UserRouteInfo{ name=XBR-65X900E, description=BRAVIA 4K GB, status=null, category=RouteCategory{ name=Devices types=ROUTE_TYPE_USER  groupable=false }, supportedTypes=ROUTE_TYPE_USER , presentationDisplay=null }
01-25 02:01:58.054  4560  4680 D BtGatt.GattService: onScanFilterConfig() - clientIf=4, action = 0 status = 0, filterType=5, availableSpace=44
01-25 02:01:58.054  4560  4680 D BtGatt.ScanManager: callback done for clientIf - 4 status - 0
01-25 02:01:58.054  4560  5167 D BtGatt.ScanManager: High Rssi Filter value is = -128
01-25 02:01:58.054  3755  7358 D ConnectivityService: filterNetworkStateForUid() uid: 10014 networkInfo: [type: WIFI[] - WIFI, state: CONNECTED/CONNECTED, reason: (unspecified), extra: "wilkinson2.4", failover: false, available: true, roaming: false, metered: false]
01-25 02:01:58.054  4560  5167 D BtGatt.ScanManager: Low Rssi Filter value is = -128
01-25 02:01:58.054  4560  5167 D BtGatt.ScanManager: configureFilterParamter 500 10000 1 0scanFilterRssiThreshold = -128trackableScanFilterRssiThreshold = -128matchmode is =1
01-25 02:01:58.056  4560  4680 D BtGatt.GattService: onScanFilterParamsConfigured() - clientIf=4, status=0, action=0, availableSpace=28
01-25 02:01:58.056  4560  4680 D BtGatt.ScanManager: callback done for clientIf - 4 status - 0
01-25 02:01:58.056  4560  5167 D BtGatt.ScanManager: configureRegularScanParams() - queue=1
01-25 02:01:58.057  4560  5167 I BtGatt.ScanManager: custom scan scanMode = 100
01-25 02:01:58.057  4560  5167 I BtGatt.ScanManager: New scan mode custom scan scanInterval = 3120scanWindow = 160
01-25 02:01:58.057  4560  5167 E BtGatt.ScanManager: default value of curScanSetting 0 is choosen
01-25 02:01:58.057  4560  5167 I BtGatt.ScanManager: newScanMode = 5newcurScanSetting = 0
01-25 02:01:58.057  4560  5167 I BtGatt.ScanManager: comparing = 5 with = 0
01-25 02:01:58.057  4560  5167 D BtGatt.ScanManager: configureRegularScanParams() - ScanSetting Scan mode=100 mLastConfiguredScanSetting=-2147483648
01-25 02:01:58.057  4560  5167 D BtGatt.ScanManager: configureRegularScanParams - scanInterval = 4992configureRegularScanParams - scanWindow = 256
01-25 02:01:58.058  4560  4680 D BtGatt.GattService: onScanParamSetupCompleted() status=0, clientIf=4
01-25 02:01:58.058  4560  4680 D BtGatt.GattService: onScanParamSetupCompleted : 0
01-25 02:01:58.070  4621  4621 D PhoneStatusBar/KeyguardBottomAreaView: updateCameraVisibility isCameraDisabled=false
01-25 02:01:58.070  4621  4621 V KeyguardBottomAreaShortcutView: onUnlockMethodStateChanged old=false, new=false
01-25 02:01:58.070  4621  4621 D ScrimController: mIsSecure = true
01-25 02:01:58.071  4621  4621 D FingerprintController: onFingerprintAuthenticated userId = 0 mMode = 5 wasDeviceInteractive = true
01-25 02:01:58.071  4621  4621 D KeyguardViewMediator: keyguardDone(true)
01-25 02:01:58.071  3755  7347 D PowerManagerService: [api] [s] userActivity : event: 0 flags: 0 (uid: 10055 pid: 4621) eventTime = 63586252
01-25 02:01:58.075  3755  7363 D CustomFrequencyManagerService: acquireDVFSLockLocked : type : DVFS_MIN_LIMIT  frequency : 1000000  uid : 1000  pid : 3755  pkgName : UNLOCKSCREEN_BOOSTER@2
01-25 02:01:58.076  4621  4621 D KeyguardFingerPrint: scheduleStrongAuthTimeout(canceled mStrongAuthNotTimeOutPendingIntent)
01-25 02:01:58.076  3755  7360 D SamsungAlarmManager: Cancel Alarm calling from uid:10055 pid :4621 / op:PendingIntent{8e8473e: PendingIntentRecord{643d1d6 com.android.systemui broadcastIntent}}
01-25 02:01:58.078  3755  6281 I FingerprintService: resetTimeout called from pid=4621
01-25 02:01:58.079  4621  4621 D KeyguardFingerPrint: scheduleStrongAuthTimeout(set mStrongAuthNotTimeOutPendingIntent : when = 209710005 )
01-25 02:01:58.082  3755  4453 D SamsungAlarmManager: setExact Intent (T:3/F:1/AC:false) 20190126T020158 - CU:10055/CP:4621
01-25 02:01:58.086  3755  7357 D FingerprintService: getEnrolledFingerprints : userId = 0
01-25 02:01:58.086  3755  6081 I FingerprintService: resetTimeout called from pid=4621
01-25 02:01:58.086  3755  7368 D WallpaperManagerService: getDCMLauncherEnabled false
01-25 02:01:58.087  4621  4621 I StatusBarWindowManager: isExpanded:true, true, true, false, false, false
01-25 02:01:58.087  4621  4621 I StatusBarWindowManager: applyHeight:-1
01-25 02:01:58.092  3755  3774 D CompatibilityInfo: mCompatibilityFlags - 0
01-25 02:01:58.092  3755  3774 D CompatibilityInfo: applicationDensity - 420
01-25 02:01:58.092  3755  3774 D CompatibilityInfo: applicationScale - 1.0
01-25 02:01:58.093  4621  4621 D KeyguardViewMediator: handleKeyguardDone
01-25 02:01:58.101  4621  4621 D KeyguardViewMediator: handleHide
01-25 02:01:58.101  4621  4621 D KeyguardViewMediator: keyguardGoingAway
01-25 02:01:58.101  3755  7360 D ActivityManager: resumeTopActivityInnerLocked() : #1 prevTask=null next=ActivityRecord{84eaea6d0 u0 com.GeekTechnique.InfinityStack/com.epicgames.ue4.GameActivity t1111} mFocusedStack=ActivityStack{7046066d0 stackId=1, 4 tasks}
01-25 02:01:58.104  3755  7360 D ActivityManager: applyOptionsLocked(), pendingOptions : null
01-25 02:01:58.108  3755  3755 D GameManagerService: onDisplayChanged. displyId: 0
01-25 02:01:58.108  3755  3755 D GameManagerService: dpi: 420, longPixel: 1920, shortPixel: 1080
01-25 02:01:58.116  3755  7360 D GameManagerService: sem_perfomance_mode: 0
01-25 02:01:58.117  3755  3755 D GameManagerService: NotifyRunnable. pkg: com.GeekTechnique.InfinityStack, type: 4, isMinimized: false, isTunableApp: false
01-25 02:01:58.117  3755  3755 D GameManagerService: do nothing. mKillNotiCount: 3
01-25 02:01:58.126  3277 25962 I tlc_communication: mcWaitNotification is completed;237
01-25 02:01:58.126  3277 25962 I TLC_BAUTH: Check the Trustlet return code is completed;1353
01-25 02:01:58.127  3277 25962 D bauth_FPBAuthService: FPBAuthService, 995
01-25 02:01:58.127  3277 25962 D bauth_FPBAuthSensorControl: FPBAuthSensorControl, 432
01-25 02:01:58.127  3277 25962 D bauth_FPBAuthService: FPBAuthService, 1008
01-25 02:01:58.127  3277 25962 I TLC_BAUTH: Call FP cmd 0xa;1504
01-25 02:01:58.127  3277 25962 I tlc_communication: Send Trustlet TCI Message;214
01-25 02:01:58.127  3277 25962 I tlc_communication: mcNotify is completed;224
01-25 02:01:58.129 25810 25810 V threaded_app: Start: 0xddd2d960
01-25 02:01:58.129 25810 25830 V threaded_app: activityState=10
01-25 02:01:58.130 25810 25810 D UE4     : Creating console command broadcast listener
01-25 02:01:58.130 25810 25830 D UE4     : [2019.01.25-07.01.58:130][  0]LogAndroid: Case APP_CMD_START
01-25 02:01:58.130 25810 25830 D UE4     : LogAndroidEvents: EnqueueAppEvent : 9, 0, tid = 25830
01-25 02:01:58.132  3755  3790 D KnoxTimeoutHandler: notifyActivityDrawn [MsgParam] userId: 0 fullscreen is true showWhenlocked is false isMutiwindowRecord is false multiwindowstyle is 1
01-25 02:01:58.132  3755  3755 D KnoxTimeoutHandler: activityDrawn [MsgParam] userId: 0 fullscreen is true showWhenlocked is false isMutiwindowRecord is false multiwindowstyle is 1
01-25 02:01:58.133  3755  3790 V WindowManager: Now policy shown: Window{b394ac4d0 u0 com.GeekTechnique.InfinityStack/com.epicgames.ue4.GameActivity}
01-25 02:01:58.133  3755  3790 V WindowManager: Now policy shown: Window{b21f473d0 u0 SurfaceView - com.GeekTechnique.InfinityStack/com.epicgames.ue4.GameActivity}
01-25 02:01:58.134  3755  3755 I KnoxTimeoutHandler: SD activityfalse
01-25 02:01:58.134  3755  3755 I KnoxTimeoutHandler: Fullscreen and mCurrent is not KNOX user. Hence hide keyguard
01-25 02:01:58.135 25810 25810 D UE4     : ==================================> Inside onStart function in GameActivity
01-25 02:01:58.137 25810 25810 V threaded_app: Resume: 0xddd2d960
01-25 02:01:58.138 25810 25830 V threaded_app: activityState=11
01-25 02:01:58.138 25810 25830 D UE4     : Case APP_CMD_RESUME
01-25 02:01:58.138 25810 25810 D UE4     : ==============> [JAVA] AndroidThunkJava_KeepScreenOn(false) - Enabled screen saver
01-25 02:01:58.138 25810 25830 D UE4     : [2019.01.25-07.01.58:138][  0]LogAndroid: Case APP_CMD_RESUME
01-25 02:01:58.138 25810 25830 D UE4     : LogAndroidEvents: EnqueueAppEvent : 7, 0, tid = 25830
01-25 02:01:58.139 25810 25810 D UE4     : Registering sensor listeners
01-25 02:01:58.141  4621  4621 D KeyguardViewMediator: handleStartKeyguardExitAnimation startTime=63586310 fadeoutDuration=430
01-25 02:01:58.142  3755  5048 I Sensors : Acc old sensor_state 128, new sensor_state : 129 en : 1
01-25 02:01:58.143  3241  3496 I APM_AudioPolicyManager: getSituationVolume: isBTConnected:0 isHeadConnected:0
01-25 02:01:58.146  4621  4621 W AudioTrack: AUDIO_OUTPUT_FLAG_FAST denied by client; transfer 4, track 44100 Hz, output 48000 Hz
01-25 02:01:58.149  3241  3241 I AudioFlinger: add dynamic flag, can move to deep thread, session 18225
01-25 02:01:58.150 25810 25810 D SensorManager: registerListener :: 0, K6DS3TR Acceleration Sensor, 20000, 0,  
01-25 02:01:58.150  3755  5047 I Sensors : Mag old sensor_state 129, new sensor_state : 145 en : 1
01-25 02:01:58.151  3241 19487 W AudioPolicyIntefaceImpl: Skipped to add effects on session 18225
01-25 02:01:58.151  3241 19487 I APM_AudioPolicyManager: startOutput() output 21, stream 1, session 18225
01-25 02:01:58.152  3241  3486 D audio_hw_primary: out_set_parameters: enter: kvpairs: routing=2
01-25 02:01:58.152  3241  3486 D AudioFlinger: setCurDevice() 0x2
01-25 02:01:58.152  3241  3486 I AudioMixer: create resampler src 44100, 2, dst 48000, 2, q 8
01-25 02:01:58.153  3241  3486 D SoundAliveResampler: [SoundAliveResampler] Init+++
01-25 02:01:58.153  3241  3486 V audio_hw_primary: start_output_stream+, out->device : 00000002 , out->type = 1
01-25 02:01:58.153  3241  3486 D audio_hw_primary: start_output_stream jack_skip_check false
01-25 02:01:58.154  3241  3486 D audio_hw_primary: start_output_stream (0xed19f380) out->pcm_device:6 out->config.rate:48000 out->config.format:0 out->period_size:240
01-25 02:01:58.154  3241  3486 D audio_hw_primary: start_output_stream (0xed19f380) out->config.rate:48000 out->config.format:0 out->period_size:240
01-25 02:01:58.154  3241  3486 I audio_hw_primary: is_voice_wakeup : ret =  0  , wakeup_baby_cry_enabled = 0  ,  wakeup_mic_enabled = 0 
01-25 02:01:58.154  3241  3486 V audio_hw_primary: select_devices output_scenario:0 input_scenario:28 out_snd_device 0x2 in_snd_device:0xb
01-25 02:01:58.154  3241  3486 I audio_route: > audio_route_reset :
01-25 02:01:58.155  3241  3486 I audio_route: > audio_route_apply_path : "recognition-mic"
01-25 02:01:58.155  4621  4621 D PhoneStatusBar: disable: < expand icons* alerts system_info* back HOME RECENT clock SEARCH quick_settings >
01-25 02:01:58.155  4621  4621 D PhoneStatusBar: setBarState: KGRD -> SHD
01-25 02:01:58.156  3241  3486 V audio_hw_primary: select_devices() input_route "recognition-mic" 
01-25 02:01:58.156  3241  3486 I audio_route: > audio_route_apply_path : "media-speaker"
01-25 02:01:58.158 25810 25810 D SensorManager: registerListener :: 1, AK09911C Magnetic field Sensor, 20000, 0,  
01-25 02:01:58.158  3755  7358 I Sensors : Proximity old sensor_state 145, new sensor_state : 17 en : 0
01-25 02:01:58.162  3755  3773 W ProcessCpuTracker: Skipping unknown process pid 26021
01-25 02:01:58.162  3277 25962 I tlc_communication: mcWaitNotification is completed;237
01-25 02:01:58.162  3277 25962 I TLC_BAUTH: Check the Trustlet return code is completed;1540
01-25 02:01:58.162  3277 25962 D bauth_FPBAuthService: FPBAuthService, 3766
01-25 02:01:58.162  3277 25962 D bauth_FPBAuthService: FPBAuthService, 4061
01-25 02:01:58.162  3277 25962 D         : fprc : cc 
01-25 02:01:58.162  3277 25962 D bauth_FPBAuthSensorControl: FPBAuthSensorControl, 800
01-25 02:01:58.162  3277 25962 D bauth_FPBAuthSensorControl: FPBAuthSensorControl, 636
01-25 02:01:58.162  3277 25962 D bauth_FPBAuthSensorControl: FPBAuthSensorControl, 644
01-25 02:01:58.162  3277 25962 D bauth_FPBAuthSensorControl: FPBAuthSensorControl, 552
01-25 02:01:58.162  3277 25962 D bauth_FPBAuthService: FPBAuthService, 1026
01-25 02:01:58.162  3277 25962 D bauth_Worker: Worker, 72
01-25 02:01:58.165  4621  4621 D SensorManager: unregisterListener ::   
01-25 02:01:58.165  3755  6065 D WallpaperManagerService: getDCMLauncherEnabled false
01-25 02:01:58.165  3755  7364 I Sensors : Gyro old sensor_state 17, new sensor_state : 19 en : 1
01-25 02:01:58.165  4621  4621 I StatusBarWindowManager: isExpanded:true, true, true, false, false, false
01-25 02:01:58.165  4621  4621 I StatusBarWindowManager: applyHeight:-1
01-25 02:01:58.167 25810 25943 D UE4     : *** JavaEnvDestructor: 25943
01-25 02:01:58.167 25810 25944 D UE4     : *** JavaEnvDestructor: 25944
01-25 02:01:58.168 25810 25942 D UE4     : *** JavaEnvDestructor: 25942
01-25 02:01:58.170  3755  7367 D WallpaperManagerService: getDCMLauncherEnabled false
01-25 02:01:58.171  4621  4621 I StatusBarWindowManager: isExpanded:true, true, true, false, false, false
01-25 02:01:58.171  4621  4621 I StatusBarWindowManager: applyHeight:-1
01-25 02:01:58.173 25810 25810 D SensorManager: registerListener :: 3, K6DS3TR Gyroscope Sensor, 20000, 0,  
01-25 02:01:58.173 25810 25810 D UE4     : App is running in Portrait
01-25 02:01:58.173 25810 25810 D UE4     : ==============> Resuming main init
01-25 02:01:58.173 25810 25810 D UE4     : ==============> GameActive.onResume complete!
01-25 02:01:58.173  3755  3767 D ActivityManager: post active user change for 0 fullscreen true isHomeActivity() false
01-25 02:01:58.174  3755  3767 D KnoxTimeoutHandler: postActiveUserChange [MsgParam] userId: 0 fullscreen is true showWhenlocked is false isMutiwindowRecord is false multiwindowstyle is 0
01-25 02:01:58.174  3755  3755 D KnoxTimeoutHandler: handleActiveUserChange [MsgParam] userId: 0 fullscreen is true showWhenlocked is false isMutiwindowRecord is false multiwindowstyle is 0
01-25 02:01:58.174  3755  3755 I KnoxTimeoutHandler: Shared devices show user statefalse
01-25 02:01:58.175  3755  3766 V WindowManager: Relayout Window{b394ac4d0 u0 com.GeekTechnique.InfinityStack/com.epicgames.ue4.GameActivity}: viewVisibility=0 req=1080x1920 WM.LayoutParams{(0,0)(fillxfill) sim=#110 ty=1 fl=#1810500 pfl=0x20000 fmt=1 wanim=0x1030001 vsysui=0x400 needsMenuKey=2 naviIconColor=0}
01-25 02:01:58.178  4621  4621 D KeyguardSecurityView: isNotiClickedOnShadeLocked= false
01-25 02:01:58.178  3755  6080 D WallpaperManagerService: getDCMLauncherEnabled false
01-25 02:01:58.180  4621  4621 I StatusBarWindowManager: isExpanded:true, true, true, true, false, false
01-25 02:01:58.180  4621  4621 I StatusBarWindowManager: applyHeight:-1
01-25 02:01:58.180  4621  4621 D KeyguardWallpaperController: mShowing=false, mOccluded=false, mFadingAway=false, match_parent=true
01-25 02:01:58.180  4621  4621 D WallpaperViewController: mWallpaperView.onPause()
01-25 02:01:58.180  4621  4621 I StatusBarWindowManager: isExpanded:true, false, true, true, false, false
01-25 02:01:58.180  4621  4621 I StatusBarWindowManager: applyHeight:-1
01-25 02:01:58.181  4621  4621 V KeyguardUpdateMonitor: *** unregister callback for com.android.keyguard.CarrierText$1@22f7b1e
01-25 02:01:58.181  4621  4621 V KeyguardUpdateMonitor: *** unregister callback for com.android.keyguard.EmergencyButton$1@e61a1cc
01-25 02:01:58.181 25810 25810 D ViewRootImpl@c266894[GameActivity]: Relayout returned: oldFrame=[0,0][1080,1920] newFrame=[0,0][1080,1920] result=0x1 surface={isValid=true -988264448} surfaceGenerationChanged=false
01-25 02:01:58.182  4621  4621 V KeyguardUpdateMonitor: *** unregister callback for com.android.keyguard.KeyguardSecurityContainer$1@b8880b3
01-25 02:01:58.182  4621  4621 D KeyguardUpdateMonitor: onKeyguardVisibilityChanged(false)
01-25 02:01:58.184  4621  4621 D KeyguardFingerPrint: shouldListenForFingerprint ( isFingerprintEnabled = false , mKeyguardIsVisible = false , mDeviceInteractive = true , mBouncer = false , mGoingToSleep = false , mSwitchingUser = false , mFingerprintAlreadyAuthenticated = false , mKeyguardUnlocking = false
01-25 02:01:58.184  4621  4621 D KeyguardFingerPrint: shouldListenForFingerprint ( fingerprint is not enabled. ) 
01-25 02:01:58.184  4621  4621 V KeyguardFingerPrint: stopListeningForFingerprint()
01-25 02:01:58.184  4621  4621 D KeyguardUpdateMonitor: sendKeyguardStateUpdated(false, false, false)
01-25 02:01:58.185  4621  4621 D KeyguardViewMediator: adjustStatusBarLocked: mShowing=false mOccluded=false isSecure=true --> flags=0x0
01-25 02:01:58.187  4621  4819 D Tile.AirplaneModeTile: # of NON-poweroff( in servicestate) : 1
01-25 02:01:58.187  4621  4819 D Tile.AirplaneModeTile:  handleUpdateState:  value false  state.dim false
01-25 02:01:58.189  4621  4621 D KeyguardFingerPrint: setDisableBIOMETRICBySecurityDialog( false )
01-25 02:01:58.190  3755  7367 E SdpServiceKeeper: isLicensed {pid:4621 uid:10055 userid:0 doPkg:null}
01-25 02:01:58.190  3755  7367 E SdpServiceKeeper: System app. Skip license activation
01-25 02:01:58.190  3755  3755 D ClientCertificateManager Service: updateLockStatus, user.id 0
01-25 02:01:58.190  3755  3755 I         : CCM JNI: In ccm_update_lock_status
01-25 02:01:58.190  3755  3755 I TZ_CCM_C_Initialize: : DEBUG_CONTAINER_PROBLEM Enter TZ_CCM_C_Initialize_TLC!
01-25 02:01:58.190  3755  3755 I TZ_CCM_C_Initialize: : pInitArgs 0x7ffbedde50 has not called C_Init before.
01-25 02:01:58.190  3755  3755 I TZ_CCM_C_Initialize: : &ctx = 0x78bf7fb2c8
01-25 02:01:58.190  3755  3755 E TZ: client_server_communication: comm_request(0x78a75c93a0) pImpl->serverName : CCM 
01-25 02:01:58.190  3755  3755 E TZ: client_server_communication: comm_request(0x78a75c93a0) <IClientServer>pImpl->sconn : 0x78bd23ef40 
01-25 02:01:58.190  3755  3755 E TZ: client_server_communication: comm_request(0x78a75c93a0) <IClientServer>pImpl->sconn->getInterfaceDescriptor() : CCM 
01-25 02:01:58.190  3755  3755 I TZ: client_server_communication: Cmd id = 47, len = 19456
01-25 02:01:58.190  3755  3755 I TZ: client_server_communication: Calling Communicate()
01-25 02:01:58.191  4368  4374 I TLC_SERVER: BnTLCServer::onTransact(2) 16
01-25 02:01:58.191  4368  4374 I TLC_SERVER: COMM
01-25 02:01:58.191  3755  7364 V WindowManager: Relayout Window{7e3faf1d0 u0 StatusBar}: viewVisibility=0 req=1080x1920 WM.LayoutParams{(0,0)(fillxfill) gr=#30 sim=#10 ty=2000 fl=#81840048 fmt=-3 vsysui=0x600 naviIconColor=0}
01-25 02:01:58.192  3755  3775 D WindowManager: set systemUiVisibility of statusbar : vis= 0x408
01-25 02:01:58.192  3755  9977 D TelephonyManager: getAllCellInfo : Caller (PID / UID / TID): 3755 / 1000 / 9977
01-25 02:01:58.193  3755  7364 V WindowOrientationListener: OrientationSensorJudge.getProposedRotation, Rotation: -1
01-25 02:01:58.193  3755  7364 V WindowOrientationListener: OrientationSensorJudge.getProposedRotation, Rotation: -1
01-25 02:01:58.193  3755  7364 V WindowManager: rotationForOrientationLw(orient=1, last=0); user=0  sensorRotation=-1 mLidState=-1 mDockMode=0 mHdmiPlugged=false
01-25 02:01:58.193  3755  7357 E SdpServiceKeeper: isLicensed {pid:4621 uid:10055 userid:0 doPkg:null}
01-25 02:01:58.194  3755  7357 E SdpServiceKeeper: System app. Skip license activation
01-25 02:01:58.196  3755  7368 D CoverManagerWhiteLists: isAllowedToUse : SIGNATURE_MATCH
01-25 02:01:58.196  3755  3755 I TZ_CCM_C_Finalize: : DEBUG_CONTAINER_PROBLEM Exercising TZ_CCM_C_Finalize_TLC
01-25 02:01:58.196  3755  3755 I TZ_CCM_C_Finalize: : There are connections; No C_Finalize for pInitArgs 0x7ffbedde50 
01-25 02:01:58.197  3755  3755 D UniversalCredentialManagerService: inside mBReciever onReceive : android.intent.action.USER_PRESENT
01-25 02:01:58.200  3755  7364 D InputDispatcher: Focus left window: 4621
01-25 02:01:58.200  3755  7364 D InputDispatcher: Focus entered window: 25810
01-25 02:01:58.200  3755  7364 D PowerManagerService: [api] setUserActivityTimeoutOverrideFromWindowManagerInternal: timeoutMillis: -1
01-25 02:01:58.200  3755  7364 D PowerManagerService: [s] getScreenOffTimeoutLocked: 3000 -> 600000
01-25 02:01:58.201  5967 26029 D NfcService: call the applyRouting
01-25 02:01:58.201  3755  7364 D PowerManagerService: [api] setScreenDimDurationOverrideFromWindowManagerInternal: timeoutMillis: -1
01-25 02:01:58.202  4621  4621 D ViewRootImpl@7738be1[StatusBar]: Relayout returned: oldFrame=[0,0][1080,1920] newFrame=[0,0][1080,1920] result=0x1 surface={isValid=true 518760284672} surfaceGenerationChanged=false
01-25 02:01:58.202  3277  5561 D bauth_FPBAuthService: pcf : 0x1011
01-25 02:01:58.203 25810 25810 D ViewRootImpl@c266894[GameActivity]: MSG_WINDOW_FOCUS_CHANGED 1
01-25 02:01:58.203  3277  5561 I TLC_BAUTH: Call FP cmd 0xc (30);1557
01-25 02:01:58.203 25810 25810 D ViewRootImpl@c266894[GameActivity]: mHardwareRenderer.initializeIfNeeded()#2 mSurface={isValid=true -988264448}
01-25 02:01:58.204 25810 25810 V threaded_app: WindowFocusChanged: 0xddd2d960 -- 1
01-25 02:01:58.204  3277  5561 I tlc_communication: Send Trustlet TCI Message;214
01-25 02:01:58.204  3277  5561 I tlc_communication: mcNotify is completed;224
01-25 02:01:58.204  4621  4621 W View    : requestLayout() improperly called by android.widget.TextView{a7250d2 V.ED..... ......ID 0,1841-1080,1920 #7f1303fc app:id/notification_panel_carrier_label} during layout: running second layout pass
01-25 02:01:58.204  4621  4621 I ViewRootImpl@7738be1[StatusBar]: requestLayout is already in process
01-25 02:01:58.206 25810 25830 D UE4     : [2019.01.25-07.01.58:206][  0]LogAndroid: Case APP_CMD_GAINED_FOCUS
01-25 02:01:58.206 25810 25830 D UE4     : LogAndroidEvents: EnqueueAppEvent : 11, 0, tid = 25830
01-25 02:01:58.209  3231  3265 D Sensorhubs: readContextData: 1, 1, 7, 0
01-25 02:01:58.211  3755  4361 D SensorHubManager: onGetSensorHubDataLocked: library(4) = 1, 1, 7, 0
01-25 02:01:58.211  3755  4360 D CAE     : onGetSensorHubData(SensorHubParserProvider.java:94) - onGetSensorHubData Event [event buffer len :4], AP_WAKEUP
01-25 02:01:58.212  3755  4360 I CAE     : parse(SensorHubParserProvider.java:196) - buffer size = 4
01-25 02:01:58.212  3755  4360 I CAE     : parse(SensorHubParserProvider.java:207) - 1, 1, 7, 0,
01-25 02:01:58.212  3755  4360 D CAE     : display(ContextProvider.java:375) - ================= AUTO_ROTATION =================
01-25 02:01:58.212  3755  4360 I CAE     : display(ContextProvider.java:391) - Angle=[0]
01-25 02:01:58.213  3755  4363 D SemContextService: updateContext() : event = Auto Rotation
01-25 02:01:58.215  3755  7347 D SamsungAlarmManager: Cancel Alarm calling from uid:10014 pid :5873 / op:PendingIntent{c195b84: PendingIntentRecord{71510f3 com.google.android.gms broadcastIntent}}
01-25 02:01:58.228  3755  3774 D CompatibilityInfo: mCompatibilityFlags - 0
01-25 02:01:58.228  3755  3774 D CompatibilityInfo: applicationDensity - 420
01-25 02:01:58.228  3755  3774 D CompatibilityInfo: applicationScale - 1.0
01-25 02:01:58.228  3241  3486 V audio_hw_primary: select_devices() output_route "media-speaker" 
01-25 02:01:58.228  3241  3486 I audio_route: > audio_route_apply_path : "gain-recognition-mic"
01-25 02:01:58.228  3241  3486 V audio_hw_primary: select_devices() input_gain "gain-recognition-mic" 
01-25 02:01:58.228  3241  3486 I audio_route: > audio_route_apply_path : "gain-media-speaker"
01-25 02:01:58.229 25810 25810 D SEM_CLIP_SemClipboardManager: isCocktailBarDisplayed : false
01-25 02:01:58.229  3241  3486 V audio_hw_primary: select_devices() output_gain "gain-media-speaker" 
01-25 02:01:58.229  3241  3486 I audio_route: > audio_route_update_mixer : +
01-25 02:01:58.230  3241  3486 I audio_route: > audio_route_update_mixer : changed(0) -
01-25 02:01:58.230  3755  4498 D SdpManagerService: unlock :: Internal... 0
01-25 02:01:58.230  3241  3486 I audio_hw_primary: select_devices - 
01-25 02:01:58.230  3241  3486 V audio_hw_primary: start_output_stream-
01-25 02:01:58.230  3755  4498 D SdpManagerService: SecureUnlock :: User : 0, Type : 1
01-25 02:01:58.230  3755  4498 D SdpManagerService: SecureUnlock :: Quality for user 0 = 65536
01-25 02:01:58.230  3755  4498 D SdpManagerService: SecureUnlock :: Low security level found...!!! 0
01-25 02:01:58.230  3755  4498 D SdpManagerService: unlock :: onDeviceUnLocked from TIMA 0
01-25 02:01:58.230 25810 25810 V InputMethodManager: Starting input: tba=android.view.inputmethod.EditorInfo@73688cf nm : com.GeekTechnique.InfinityStack ic=null
01-25 02:01:58.230 25810 25810 I InputMethodManager: [IMM] startInputInner - mService.startInputOrWindowGainedFocus
01-25 02:01:58.231  3755  4453 D InputMethodManagerService: windowGainedFocus mCurrentFocusedUserId - 0 and mSecureKeypadEnabled-false
01-25 02:01:58.231  3755  4453 V InputMethodManagerService: windowGainedFocus: reason=WINDOW_FOCUS_GAIN client=android.os.BinderProxy@1eee483 inputContext=null missingMethods= attribute=android.view.inputmethod.EditorInfo@3e90f25 nm = com.GeekTechnique.InfinityStack controlFlags=#105 softInputMode=#110 windowFlags=#1810500
01-25 02:01:58.231  3755  4453 V InputMethodManagerService: Unspecified window will hide input
01-25 02:01:58.231  3755  4453 D InputMethodManagerService: mDesktopModeManager null!
01-25 02:01:58.231  3755  4453 V InputMethodManagerService: hideCurrentInputLocked - !shouldHideSoftInput
01-25 02:01:58.232  3755  4498 D TimaService: TIMA3: FipsKeyStore3_init
01-25 02:01:58.232  3755  4453 D InputTransport: Input channel constructed: fd=537
01-25 02:01:58.232  3755  4498 D TimaService: TIMA: in getTimaVersion
01-25 02:01:58.232  3755  4453 D InputTransport: Input channel constructed: fd=540
01-25 02:01:58.232  3755  4498 D TimaService: TIMA: in getTimaStatus
01-25 02:01:58.232  3755  4498 D TimaService: TIMA: in getTimaStatus
01-25 02:01:58.232  3755  4498 I TLC_TZ_KEYSTORE: : TZ_KEYSTORE_fips_initialize
01-25 02:01:58.232  3755  4498 I TLC_TZ_KEYSTORE: : creating new keystore context...
01-25 02:01:58.232  3755  4498 I TLC_TZ_KEYSTORE: : initializing ccm context...
01-25 02:01:58.232  3755  4498 I TLC_TZ_KEYSTORE: : root = 0, root_strlen = 1
01-25 02:01:58.232  3755  4498 I TLC_TZ_KEYSTORE: : process = ffffffff000000000000000000000013, process_strlen = 32
01-25 02:01:58.232  3755  4498 I TZ: mc_tlc_communication: input max_sendmsg_size = 1080
