--------- beginning of main
01-25 02:04:29.480 26845 26845 D SecurityManagerNative: SecurityManagerNative v2.7.2.5 On 64bit PLATFORM With BORINGSSL
01-25 02:04:29.490 26845 26845 E appproc : Enhanced Zygote ASLR: ro.knox.enhance.zygote.aslr != 1. Enhanced Zygote ASLR is DISABLED!
01-25 02:04:29.490 26845 26845 D AndroidRuntime: >>>>>> START com.android.internal.os.RuntimeInit uid 2000 <<<<<<
01-25 02:04:29.497 26845 26845 D AndroidRuntime: CheckJNI is OFF
01-25 02:04:29.503 26845 26845 D AndroidRuntime: addProductProperty: start
01-25 02:04:29.609 26845 26845 I [saiv 1.1]: saiv_OnLoadJNI.cpp(38): _init: Version 1.1 Build # 3532
01-25 02:04:29.609 26845 26845 I [saiv 1.1]: saiv_OnLoadJNI.cpp(43): _init: _init() was called
01-25 02:04:29.650 26845 26845 I MLDAP   : ================================================
01-25 02:04:29.650 26845 26845 I MLDAP   :  MLDAP_LIB v1.1.16
01-25 02:04:29.650 26845 26845 I MLDAP   : ================================================
--------- beginning of system
01-25 02:04:29.671  5679  5679 D io_stats: !@   8,0 r 748291 24871416 w 572113 15429928 d 91816 8793860 f 145838 145803 iot 1010690 626802 th 61440 61440 54636 pt 2280 inp 0 0 63737.851
01-25 02:04:29.726 26845 26845 I TMSDISP : AcsAndroidVirtualDisplayIntfImpl
01-25 02:04:29.769 26845 26845 D ICU     : No timezone override file found: /data/misc/zoneinfo/current/icu/icu_tzdata.dat
01-25 02:04:29.799 26845 26845 I Radio-JNI: register_android_hardware_Radio DONE
01-25 02:04:29.809 26845 26845 D ReflectionHelper: loadKlass() : caller=android.app.Activity.<clinit>:7555 <bottom of call stack> 
01-25 02:04:29.809 26845 26845 D ReflectionHelper: Reflecting method.....  class <onScreenChanged>
01-25 02:04:29.811 26845 26845 E SemAffinityControl: SemAffinityControl: registerfunction enter
01-25 02:04:29.825 26845 26845 D AndroidRuntime: Calling main entry com.android.commands.am.Am
01-25 02:04:29.845  3755  4448 I ActivityManager: START u0 {act=null typ=null flg=0x10000000 cmp=ComponentInfo{com.GeekTechnique.InfinityStack/com.epicgames.ue4.SplashActivity}} from uid 2000 on display 0
01-25 02:04:29.848  3755  4448 D ActivityManager: ActivityRecord() Constructor : multiScreenAttrs=MultiScreenAttrs{mDisplayId=0, mBaseDisplayId=0, mBaseActivity=false}
01-25 02:04:29.850  3755  4448 D ActivityManager: computeStackFocus: stackId=1
01-25 02:04:29.850  3755  4448 D ActivityManager: computeStackFocus: New stack r=ActivityRecord{51b83fdd0 u0 com.GeekTechnique.InfinityStack/com.epicgames.ue4.SplashActivity t-1} stackId=1
01-25 02:04:29.852  3755  4448 D ActivityTrigger: Activity is Triggerred in full screen 
01-25 02:04:29.856  3755  4448 D CompatibilityInfo: mCompatibilityFlags - 0
01-25 02:04:29.856  3755  4448 D CompatibilityInfo: applicationDensity - 420
01-25 02:04:29.856  3755  4448 D CompatibilityInfo: applicationScale - 1.0
01-25 02:04:29.857  3755  4448 D ActivityManager: moveToFront() : reason=startedActivity setFocusedActivity isAttached=true TaskRecord{1a162f9d0 #1112 A=com.GeekTechnique.InfinityStack U=0 StackId=1 sz=1}
01-25 02:04:29.858  3755  4448 D ActivityManager: setFocusStackUnchecked: reason=startedActivity setFocusedActivity focusCandidate=ActivityStack{7046066d0 stackId=1, 4 tasks} caller=com.android.server.am.ActivityStack.moveToFront:874 com.android.server.am.ActivityStackSupervisor.moveActivityStackToFront:2005 
01-25 02:04:29.863  3755  4448 D InputDispatcher: Focused application set to: xxxx
01-25 02:04:29.866  3755  4448 D ActivityManager: resumeTopActivityInnerLocked() : #1 prevTask=TaskRecord{1a162f9d0 #1112 A=com.GeekTechnique.InfinityStack U=0 StackId=1 sz=1} next=ActivityRecord{51b83fdd0 u0 com.GeekTechnique.InfinityStack/com.epicgames.ue4.SplashActivity t1112} mFocusedStack=ActivityStack{7046066d0 stackId=1, 4 tasks}
01-25 02:04:29.867  3755  4448 D ActivityManager: applyOptionsLocked(), pendingOptions : null
01-25 02:04:29.869  3755  4448 D MountService: getExternalStorageMountMode : 3
01-25 02:04:29.870  3755  4448 D MountService: getExternalStorageMountMode : 3
01-25 02:04:29.870  3755  4448 D MountService: getExternalStorageMountMode : final mountMode=3, uid : 10410, packageName : com.GeekTechnique.InfinityStack
01-25 02:04:29.915 26869 26869 E Zygote  : v2
01-25 02:04:29.915 26869 26869 I libpersona: KNOX_SDCARD checking this for 10410
01-25 02:04:29.915 26869 26869 I libpersona: KNOX_SDCARD not a persona
01-25 02:04:29.915  3755  4448 I ActivityManager: Start proc 26869:com.GeekTechnique.InfinityStack/u0a410 for activity com.GeekTechnique.InfinityStack/com.epicgames.ue4.SplashActivity
01-25 02:04:29.918 26869 26869 E Zygote  : accessInfo : 0
01-25 02:04:29.919 26869 26869 W SELinux : SELinux selinux_android_compute_policy_index : Policy Index[2],  Con:u:r:zygote:s0 RAM:SEPF_SECMOBILE_7.0_0009, [-1 -1 -1 -1 0 1]
01-25 02:04:29.922 26845 26845 D AndroidRuntime: Shutting down VM
01-25 02:04:29.923 26869 26869 I SELinux : SELinux: seapp_context_lookup: seinfo=untrusted, level=s0:c512,c768, pkgname=com.GeekTechnique.InfinityStack 
01-25 02:04:29.933 26869 26869 I art     : Late-enabling -Xcheck:jni
01-25 02:04:29.972 26869 26869 D TimaKeyStoreProvider: TimaKeyStore is not enabled: cannot add TimaSignature Service and generateKeyPair Service
01-25 02:04:29.974 26845 26845 I TMSDISP : AcsAndroidVirtualDisplayIntfImpl::~AcsAndroidVirtualDisplayIntfImpl - Enter
01-25 02:04:29.974 26845 26845 I TMSDISP : AcsAndroidVirtualDisplayIntfImpl::~AcsAndroidVirtualDisplayIntfImpl - Enter2
01-25 02:04:29.974 26845 26845 I TMSDISP : AcsAndroidVirtualDisplayIntfImpl::~AcsAndroidVirtualDisplayIntfImpl - mSource2
01-25 02:04:29.974 26845 26845 I TMSDISP : AcsAndroidVirtualDisplayIntfImpl::~AcsAndroidVirtualDisplayIntfImpl - Exit
01-25 02:04:29.976  3755  7367 D CompatibilityInfo: mCompatibilityFlags - 0
01-25 02:04:29.976  3755  7367 D CompatibilityInfo: applicationDensity - 420
01-25 02:04:29.976  3755  7367 D CompatibilityInfo: applicationScale - 1.0
01-25 02:04:29.976  3755  7367 I ActivityManager: DSS on for com.GeekTechnique.InfinityStack and scale is 1.0
01-25 02:04:29.978  3755  7367 D CompatibilityInfo: mCompatibilityFlags - 0
01-25 02:04:29.978  3755  7367 D CompatibilityInfo: applicationDensity - 420
01-25 02:04:29.978  3755  7367 D CompatibilityInfo: applicationScale - 1.0
01-25 02:04:29.994  3755  7367 D CompatibilityInfo: mCompatibilityFlags - 0
01-25 02:04:29.994  3755  7367 D CompatibilityInfo: applicationDensity - 420
01-25 02:04:29.994  3755  7367 D CompatibilityInfo: applicationScale - 1.0
01-25 02:04:29.995  3755  7367 D GameManagerService: sem_perfomance_mode: 0
01-25 02:04:29.996  3755  3755 D GameManagerService: NotifyRunnable. pkg: com.GeekTechnique.InfinityStack, type: 4, isMinimized: false, isTunableApp: false
01-25 02:04:29.996  3755  3755 D GameManagerService: do nothing. mKillNotiCount: 3
01-25 02:04:30.005  6100  6100 D ViewRootImpl@dea20de[LauncherActivity]: mHardwareRenderer.destroy()#1
01-25 02:04:30.007  3755  4444 V WindowManager: Relayout Window{b497154d0 u0 com.sec.android.app.launcher/com.sec.android.app.launcher.activities.LauncherActivity}: viewVisibility=8 req=1080x1920 WM.LayoutParams{(0,0)(fillxfill) sim=#130 ty=1 fl=#81910d02 pfl=0x20000 fmt=-2 wanim=0x103038a vsysui=0x600 needsMenuKey=2 dimDuration=300 naviIconColor=0 sfl=0x40}
01-25 02:04:30.007  3755  7367 D ActivityTrigger: ActivityTrigger activityPauseTrigger 
01-25 02:04:30.007  3755  4444 I WindowManager_SurfaceController: Destroying surface Surface(name=com.sec.android.app.launcher/com.sec.android.app.launcher.activities.LauncherActivity) called by com.android.server.wm.WindowStateAnimator.destroySurface:2907 com.android.server.wm.WindowStateAnimator.destroySurfaceLocked:1120 com.android.server.wm.WindowState.destroyOrSaveSurface:2662 com.android.server.wm.WindowManagerService.tryStartExitingAnimation:3577 com.android.server.wm.WindowManagerService.relayoutWindow:3433 com.android.server.wm.Session.relayout:240 android.view.IWindowSession$Stub.onTransact:288 com.android.server.wm.Session.onTransact:161 
01-25 02:04:30.007  3755  7367 D GameManagerService: sem_perfomance_mode: 0
01-25 02:04:30.008  3219  9867 I SurfaceFlinger: id=3580 Removed MauncherAct (1/6)
01-25 02:04:30.009  3219  3451 I SurfaceFlinger: id=3580 Removed MauncherAct (-2/6)
01-25 02:04:30.013  3755  3755 D GameManagerService: onDisplayChanged. displyId: 0
01-25 02:04:30.013  3755  3755 D GameManagerService: dpi: 420, longPixel: 1920, shortPixel: 1080
01-25 02:04:30.017  6100  6100 D ViewRootImpl@dea20de[LauncherActivity]: Relayout returned: oldFrame=[0,0][1080,1920] newFrame=[0,0][1080,1920] result=0x5 surface={isValid=false 0} surfaceGenerationChanged=true
01-25 02:04:30.018  5967  8175 D ForegroundUtils: could not check pending caller
01-25 02:04:30.018  5967  8175 D ForegroundUtils: could not check pending caller
01-25 02:04:30.020  3755  9977 D GamePkgDataHelper: getGamePkgData(). com.GeekTechnique.InfinityStack
01-25 02:04:30.020  3755  9977 D GameManagerService: identifyGamePackage. com.GeekTechnique.InfinityStack
01-25 02:04:30.020  3755  9977 D GameManagerService: identifyGamePackage. com.GeekTechnique.InfinityStack
01-25 02:04:30.033  3755  9977 D TelephonyManager: getAllCellInfo : Caller (PID / UID / TID): 3755 / 1000 / 9977
01-25 02:04:30.038  6100  6100 D Launcher: onTrimMemory. Level: 20
01-25 02:04:30.093  3755  6065 I ActivityManager: START u0 {act=null typ=null flg=0x10000 cmp=ComponentInfo{com.GeekTechnique.InfinityStack/com.epicgames.ue4.GameActivity}} from uid 10410 on display 0
01-25 02:04:30.095  3755  6065 D ActivityManager: ActivityRecord() Constructor : multiScreenAttrs=MultiScreenAttrs{mDisplayId=0, mBaseDisplayId=0, mBaseActivity=false}
01-25 02:04:30.096  3755  6065 D ActivityManager: moveToFront() : reason=intentActivityFound isAttached=true null
01-25 02:04:30.097  3755  6065 D ActivityManager: moveToFront() : reason=sourceStackToFront isAttached=true null
01-25 02:04:30.100  3755  6065 D ActivityTrigger: Activity is Triggerred in full screen 
01-25 02:04:30.101  3755  6065 D CompatibilityInfo: mCompatibilityFlags - 0
01-25 02:04:30.101  3755  6065 D CompatibilityInfo: applicationDensity - 420
01-25 02:04:30.101  3755  6065 D CompatibilityInfo: applicationScale - 1.0
01-25 02:04:30.101  3755  6065 D ActivityManager: moveToFront() : reason=startedActivity setFocusedActivity isAttached=true TaskRecord{1a162f9d0 #1112 A=com.GeekTechnique.InfinityStack U=0 StackId=1 sz=2}
01-25 02:04:30.103  3755  6065 D InputDispatcher: Focused application set to: xxxx
01-25 02:04:30.104  3755  6065 D ActivityManager: resumeTopActivityInnerLocked() : #1 prevTask=TaskRecord{1a162f9d0 #1112 A=com.GeekTechnique.InfinityStack U=0 StackId=1 sz=2} next=ActivityRecord{375323ed0 u0 com.GeekTechnique.InfinityStack/com.epicgames.ue4.GameActivity t1112} mFocusedStack=ActivityStack{7046066d0 stackId=1, 4 tasks}
01-25 02:04:30.109  3755  5048 W MultiScreenManagerService: moveTaskBackToDisplayIfNeeded(): The task has more than one activity
01-25 02:04:30.146  3755  4521 D MdnieScenarioControlService:  packageName : com.GeekTechnique.InfinityStack    className : com.epicgames.ue4.GameActivity
01-25 02:04:30.155  3755  5085 D ActivityManager: setAppIconInfo(), x : 0, y : 0, width : 0, height : 0, isHomeItem : false
01-25 02:04:30.155  3755  5085 D ActivityManager: resumeTopActivityInnerLocked() : #1 prevTask=null next=ActivityRecord{375323ed0 u0 com.GeekTechnique.InfinityStack/com.epicgames.ue4.GameActivity t1112} mFocusedStack=ActivityStack{7046066d0 stackId=1, 4 tasks}
01-25 02:04:30.160  3755  5085 D CompatibilityInfo: mCompatibilityFlags - 0
01-25 02:04:30.160  3755  5085 D CompatibilityInfo: applicationDensity - 420
01-25 02:04:30.160  3755  5085 D CompatibilityInfo: applicationScale - 1.0
01-25 02:04:30.161  3755  5085 D GameManagerService: sem_perfomance_mode: 0
01-25 02:04:30.161  3755  3755 D GameManagerService: NotifyRunnable. pkg: com.GeekTechnique.InfinityStack, type: 4, isMinimized: false, isTunableApp: false
01-25 02:04:30.161  3755  3755 D GameManagerService: do nothing. mKillNotiCount: 3
01-25 02:04:30.165  3755  5085 D ActivityTrigger: ActivityTrigger activityPauseTrigger 
01-25 02:04:30.165  3755  5085 D GameManagerService: sem_perfomance_mode: 0
01-25 02:04:30.175  3755  9977 D GameManagerService: identifyGamePackage. com.GeekTechnique.InfinityStack
01-25 02:04:30.176  3755  9977 D GameManagerService: identifyGamePackage. com.GeekTechnique.InfinityStack
01-25 02:04:30.180 26869 26869 D OVRPlugin: JNI_OnLoad
01-25 02:04:30.235 26869 26869 D UE4     : Used memory before allocating anything was 52.45MB
01-25 02:04:30.433 26869 26869 D UE4     : In the JNI_OnLoad function
01-25 02:04:30.434 26869 26869 D UE4     : [JNI] - Failed to determine if app purchasing is enabled!
01-25 02:04:30.438 26869 26869 D UE4     : Path found as '/storage/emulated/0'
01-25 02:04:30.438 26869 26869 D UE4     : Font Path found as '/system/fonts/'
01-25 02:04:30.438 26869 26869 D UE4     : In the JNI_OnLoad function 5
01-25 02:04:30.463 26869 26869 V threaded_app: Creating: 0xddd2d960
01-25 02:04:30.463 26869 26887 V threaded_app: Config: mcc=311 mnc=480 lang=en cnt=US orien=1 touch=3 dens=420 keys=1 nav=1 keysHid=3 navHid=0 sdk=24 size=2 long=2 modetype=1 modenight=1
01-25 02:04:30.463 26869 26887 D UE4     : Entering native app glue main function
01-25 02:04:30.463 26869 26887 D UE4     : Created event thread
01-25 02:04:30.463 26869 26887 D UE4     : Entered AndroidMain()
01-25 02:04:30.463 26869 26888 D UE4     : Entering event processing thread engine entry point
01-25 02:04:30.463 26869 26888 D UE4     : Prepared looper for event thread
01-25 02:04:30.463 26869 26888 D UE4     : Passed callback initialization
01-25 02:04:30.463 26869 26888 D UE4     : Passed sensor initialization
01-25 02:04:30.466 26869 26887 D UE4     : Controller interface supported
01-25 02:04:30.467  3755  7362 E SensorService: getSensorList a sensor (MAX86900) without holding its required permission: com.samsung.permission.SSENSOR
01-25 02:04:30.467  3755  7362 I SensorService: Skipped sensor MAX86900 because it requires permission com.samsung.permission.SSENSOR and app op -1
01-25 02:04:30.467  3755  7362 E SensorService: getSensorList a sensor (HRM Ambient Light Canceling) without holding its required permission: com.samsung.permission.HRM_EXT
01-25 02:04:30.467  3755  7362 I SensorService: Skipped sensor HRM Ambient Light Canceling because it requires permission com.samsung.permission.HRM_EXT and app op -1
01-25 02:04:30.467  3755  7362 W ServiceManager: Permission failure: android.permission.BODY_SENSORS from uid=10410 pid=26869
01-25 02:04:30.468  3755  7362 E SensorService: getSensorList a sensor (HRMLED IR) without holding its required permission: android.permission.BODY_SENSORS
01-25 02:04:30.468  3755  7362 I SensorService: Skipped sensor HRMLED IR because it requires permission android.permission.BODY_SENSORS and app op 56
01-25 02:04:30.468  3755  7362 W ServiceManager: Permission failure: android.permission.BODY_SENSORS from uid=10410 pid=26869
01-25 02:04:30.468  3755  7362 E SensorService: getSensorList a sensor (HRMLED RED) without holding its required permission: android.permission.BODY_SENSORS
01-25 02:04:30.468  3755  7362 I SensorService: Skipped sensor HRMLED RED because it requires permission android.permission.BODY_SENSORS and app op 56
01-25 02:04:30.468  3755  7362 E SensorService: getSensorList a sensor (HRM Proximity detecting) without holding its required permission: com.samsung.permission.HRM_EXT
01-25 02:04:30.468  3755  7362 I SensorService: Skipped sensor HRM Proximity detecting because it requires permission com.samsung.permission.HRM_EXT and app op -1
01-25 02:04:30.468  3755  7362 E SensorService: getSensorList a sensor (HRM Sensor) without holding its required permission: com.samsung.permission.SSENSOR
01-25 02:04:30.469  3755  7362 I SensorService: Skipped sensor HRM Sensor because it requires permission com.samsung.permission.SSENSOR and app op -1
01-25 02:04:30.469  3755  7362 W ServiceManager: Permission failure: android.permission.BODY_SENSORS from uid=10410 pid=26869
01-25 02:04:30.469  3755  7362 E SensorService: getSensorList a sensor (HeartRate Sensor) without holding its required permission: android.permission.BODY_SENSORS
01-25 02:04:30.469  3755  7362 I SensorService: Skipped sensor HeartRate Sensor because it requires permission android.permission.BODY_SENSORS and app op 56
01-25 02:04:30.469  3755  7362 E SensorService: getSensorList a sensor (Sensor Diagnostic Monitor) without holding its required permission: com.samsung.permission.SSENSOR
01-25 02:04:30.469  3755  7362 I SensorService: Skipped sensor Sensor Diagnostic Monitor because it requires permission com.samsung.permission.SSENSOR and app op -1
01-25 02:04:30.512 26869 26869 D ViewRootImpl@4bdb50f[GameActivity]: ThreadedRenderer.create() translucent=false
01-25 02:04:30.515  3755  7396 D WindowManager: addWindow: android.view.IWindow$Stub$Proxy@a780cd8 displayId=0
01-25 02:04:30.517  3755  7396 D InputTransport: Input channel constructed: fd=524
01-25 02:04:30.517  3755  7396 D InputTransport: Input channel constructed: fd=530
01-25 02:04:30.518  3755  7396 D WindowManager: openInputChannel mInputChannel: 7834b16 com.GeekTechnique.InfinityStack/com.epicgames.ue4.GameActivity (server)
01-25 02:04:30.523  3755  7396 D InputTransport: Input channel destroyed: fd=530
01-25 02:04:30.525 26869 26869 D InputTransport: Input channel constructed: fd=67
01-25 02:04:30.526 26869 26869 D ViewRootImpl@4bdb50f[GameActivity]: setView = DecorView@a8ad99c[GameActivity] touchMode=true
01-25 02:04:30.529 26869 26869 D UE4     : Target SDK is 26.  This may cause issues if permissions are denied by the user.
01-25 02:04:30.531 26869 26869 D PermissionFragment: Creating PlayGamesFragment
01-25 02:04:30.557  3755  7367 I ActivityManager: START u0 {act=android.content.pm.action.REQUEST_PERMISSIONS typ=null flg=0x0 cmp=ComponentInfo{com.google.android.packageinstaller/com.android.packageinstaller.permission.ui.GrantPermissionsActivity}} from uid 10410 on display 0
01-25 02:04:30.558  3755  7367 W ActivityManager: REQUEST_PERMISSIONS Action.
01-25 02:04:30.558  3755  7367 W ActivityManager: REQUEST_PERMISSIONS Action.
01-25 02:04:30.567  3755  7367 D ActivityManager: ActivityRecord() Constructor : multiScreenAttrs=MultiScreenAttrs{mDisplayId=0, mBaseDisplayId=0, mBaseActivity=false}
01-25 02:04:30.569  3755  7367 D ActivityManager: moveToFront() : reason=sourceStackToFront isAttached=true null
01-25 02:04:30.576  3755  7367 D ActivityTrigger: Activity is Triggerred in full screen 
01-25 02:04:30.579  3755  7367 D CompatibilityInfo: mCompatibilityFlags - 0
01-25 02:04:30.579  3755  7367 D CompatibilityInfo: applicationDensity - 420
01-25 02:04:30.580  3755  7367 D CompatibilityInfo: applicationScale - 1.0
01-25 02:04:30.581  3755  7367 D ActivityManager: moveToFront() : reason=startedActivity setFocusedActivity isAttached=true TaskRecord{1a162f9d0 #1112 A=com.GeekTechnique.InfinityStack U=0 StackId=1 sz=3}
01-25 02:04:30.587  3755  7367 D InputDispatcher: Focused application set to: xxxx
01-25 02:04:30.592  3755  7367 D ActivityManager: resumeTopActivityInnerLocked() : #1 prevTask=TaskRecord{1a162f9d0 #1112 A=com.GeekTechnique.InfinityStack U=0 StackId=1 sz=3} next=ActivityRecord{ccbdc97d0 u0 com.google.android.packageinstaller/com.android.packageinstaller.permission.ui.GrantPermissionsActivity t1112} mFocusedStack=ActivityStack{7046066d0 stackId=1, 4 tasks}
01-25 02:04:30.668  3755  3774 W ActivityManager: Activity pause timeout for ActivityRecord{375323ed0 u0 com.GeekTechnique.InfinityStack/com.epicgames.ue4.GameActivity t1112}
01-25 02:04:30.672  3755  3774 D ActivityManager: resumeTopActivityInnerLocked() : #1 prevTask=null next=ActivityRecord{ccbdc97d0 u0 com.google.android.packageinstaller/com.android.packageinstaller.permission.ui.GrantPermissionsActivity t1112} mFocusedStack=ActivityStack{7046066d0 stackId=1, 4 tasks}
01-25 02:04:30.673  3755  3774 D ActivityManager: applyOptionsLocked(), pendingOptions : null
01-25 02:04:30.712  3755  3774 D CompatibilityInfo: mCompatibilityFlags - 0
01-25 02:04:30.712  3755  3774 D CompatibilityInfo: applicationDensity - 420
01-25 02:04:30.712  3755  3774 D CompatibilityInfo: applicationScale - 1.0
01-25 02:04:30.730  3755  3774 D GameManagerService: sem_perfomance_mode: 0
01-25 02:04:30.730  3755  3755 D GameManagerService: NotifyRunnable. pkg: com.google.android.packageinstaller, type: 4, isMinimized: false, isTunableApp: false
01-25 02:04:30.731  3755  3755 D GameManagerService: do nothing. mKillNotiCount: 3
01-25 02:04:30.733 26869 26869 D UE4     : Vulkan version: 1.0.3
01-25 02:04:30.734 26869 26869 D UE4     : Vulkan level: 1
01-25 02:04:30.737 26869 26869 D UE4     : Found DepthBufferPreference = 0
01-25 02:04:30.737 26869 26869 D UE4     : Found bPackageDataInsideApk = 0
01-25 02:04:30.737 26869 26869 D UE4     : Found ProjectName = StackerGame
01-25 02:04:30.737 26869 26869 D UE4     : Found AppType = 
01-25 02:04:30.737 26869 26869 D UE4     : Found bHasOBBFiles = 0
01-25 02:04:30.737 26869 26869 D UE4     : Found bVerifyOBBOnStartUp = false
01-25 02:04:30.737 26869 26869 D UE4     : UI hiding set to false
01-25 02:04:30.737 26869 26869 D UE4     : BuildConfiguration set to Development
01-25 02:04:30.738 26869 26869 D UE4     : UseExternalFilesDir set to false
01-25 02:04:30.738 26869 26869 D UE4     : AllowIMU set to true
01-25 02:04:30.738 26869 26869 D UE4     : SupportsVulkan set to false
01-25 02:04:30.738 26869 26869 D UE4     : No GearVR mode detected.
01-25 02:04:30.745  3755  4498 D BatteryService: !@BatteryListener : batteryPropertiesChanged!
01-25 02:04:30.746  3755  4498 D BatteryService: level:69, scale:100, status:2, health:2, present:true, voltage: 4117, temperature: 317, technology: Li-ion, AC powered:false, USB powered:true, POGO powered:false, Wireless powered:false, icon:17303694, invalid charger:0, maxChargingCurrent:0, maxChargingVoltage:0, chargeCounter:0
01-25 02:04:30.746  3755  4498 D BatteryService: online:6, current avg:955, charge type:1, power sharing:false, high voltage charger:false, capacity:280000, batterySWSelfDischarging:false, misc_event:0, current_now:981
01-25 02:04:30.746  3755  4498 D BatteryService: stay LED for charging
01-25 02:04:30.746  3755  3755 D BatteryService: Sending ACTION_BATTERY_CHANGED.
01-25 02:04:30.748  3755  3774 D ActivityTrigger: ActivityTrigger activityPauseTrigger 
01-25 02:04:30.748  3755  3774 D GameManagerService: sem_perfomance_mode: 0
01-25 02:04:30.752  3755  3774 D ActivityTrigger: ActivityTrigger activityStopTrigger 
01-25 02:04:30.762  5967  5990 D ForegroundUtils: could not check pending caller
01-25 02:04:30.763  3755  9977 D GamePkgDataHelper: getGamePkgData(). com.google.android.packageinstaller
01-25 02:04:30.764  3755  9977 D GameManagerService: identifyGamePackage. com.google.android.packageinstaller
01-25 02:04:30.772  3755  9977 D GameManagerService: identifyGamePackage. com.google.android.packageinstaller
01-25 02:04:30.774  3755  9977 D GameManagerService: identifyGamePackage. com.google.android.packageinstaller
01-25 02:04:30.776  3755  3755 V UiModeManager: updateLocked: null action, mDockState=0, category=null
01-25 02:04:30.776  3755  3755 D UiModeManager: updateConfigurationLocked: mDockState=0; mCarMode=false; mNightMode=1; uiMode=17
01-25 02:04:30.778  3755  3755 D GameManagerService: new battery level: 69
01-25 02:04:30.780  4621  4621 D KeyguardUpdateMonitor: received broadcast android.intent.action.BATTERY_CHANGED
01-25 02:04:30.781  4621  4621 D KeyguardUpdateMonitor: handleBatteryUpdate
01-25 02:04:30.786  4621  4621 D PowerUI : priorPlugType = 2 mPlugType =  2
01-25 02:04:30.788  4621  4621 D PowerUI.Notification: showChargingNotice oldChargingType : 1 currentChargingType : 1 oldChargingTime : 4333000 mChargingTime : 4322000
01-25 02:04:30.788  4621  4621 D PowerUI.Notification: showChargingNotification()
01-25 02:04:30.793  5021  5021 D PhoneApp: PhoneAppBroadcastReceiver onReceive android.intent.action.BATTERY_CHANGED
01-25 02:04:30.793  5021  5021 D TelephonyExtensionManager: lowBatterySound - isLowBatterySoundScheduled: false
01-25 02:04:30.793  5021  5021 D TelephonyExtensionManager: lowBatterySound - isPlayNow: false
01-25 02:04:30.794  5021  5021 D TelephonyExtensionManager: isSpeakerON - false
01-25 02:04:30.803  5021  5021 D TelephonyExtensionManager: lowBatterySound - batteryStatus: 2
01-25 02:04:30.803  5021  5021 D TelephonyExtensionManager: lowBatterySound - batteryLevel: 69
01-25 02:04:30.803  5021  5021 D TelephonyExtensionManager: lowBatterySound - cancel
01-25 02:04:30.804  3755  7358 D SamsungAlarmManager: Cancel Alarm calling from uid:1001 pid :5021 / op:PendingIntent{ee102a2: PendingIntentRecord{9ab141e com.android.phone broadcastIntent}}
01-25 02:04:30.804  5021  5021 D TelephonyExtension: Not stopping low battery tone
01-25 02:04:30.805  3755  4498 D ApplicationPolicy: isStatusBarNotificationAllowedAsUser: packageName = com.android.systemui,userId = -1
01-25 02:04:30.808  4621  4621 D BatteryMeterDrawable: isSomethingChanged - false
01-25 02:04:30.809  4621  4621 D BatteryMeterDrawable: isSomethingChanged - false
01-25 02:04:30.813  4621  4621 D Tile.FlashlightTile: ACTION_BATTERY_CHANGED - Level :: 69, emEnabled :: false
01-25 02:04:30.830 26869 26869 D libEGL  : loaded /vendor/lib/egl/libGLES_mali.so
01-25 02:04:30.869  4621  4621 D KeyguardServiceBoxContainer: updateCMAS() hasCmasNotification = false, mHasCMAS = false
01-25 02:04:30.894  3755  4521 D MdnieScenarioControlService:  packageName : com.google.android.packageinstaller    className : com.android.packageinstaller.permission.ui.GrantPermissionsActivity
01-25 02:04:30.897 26869 26869 D UE4     : Hardware: SAMSUNG Exynos7420
01-25 02:04:30.897 26869 26869 D UE4     : ro.hardware: samsungexynos7420
01-25 02:04:30.898 26869 26869 D UE4     : Memory: 3662 MB
01-25 02:04:30.903 26869 26896 D UE4     : Used memory: 63164
01-25 02:04:30.903 26869 26869 D UE4     : UseAffinity: false
01-25 02:04:30.903 26869 26869 D UE4     : BigCoreMask: 0xffff
01-25 02:04:30.903 26869 26869 D UE4     : LittleCoreMask: 0x0
01-25 02:04:30.905 26869 26869 D UE4     : APK path: /data/app/com.GeekTechnique.InfinityStack-1/base.apk
01-25 02:04:30.905 26869 26869 D UE4     : OBB in APK: false
01-25 02:04:30.908 26869 26869 D UE4     : InternalFilePath found as '/data/user/0/com.GeekTechnique.InfinityStack/files'
01-25 02:04:30.908 26869 26869 D UE4     : ExternalFilePath found as '/storage/emulated/0/Android/data/com.GeekTechnique.InfinityStack/files'
01-25 02:04:30.909 26869 26869 D UE4     : App is running in Portrait
01-25 02:04:30.909 26869 26869 D UE4     : Android version is 7.0
01-25 02:04:30.910 26869 26869 D UE4     : Android manufacturer is samsung
01-25 02:04:30.910 26869 26869 D UE4     : Android model is SM-N920V
01-25 02:04:30.910 26869 26869 D UE4     : Android build number is NRD90M.N920VVRS3CRH1
01-25 02:04:30.910 26869 26869 D UE4     : OS language is set to en_US
01-25 02:04:30.910 26869 26869 D UE4     : Debugger attached is false
01-25 02:04:30.924  3755  4444 W MultiScreenManagerService: moveTaskBackToDisplayIfNeeded(): The task has more than one activity
01-25 02:04:30.926  3755  4444 D ActivityManager: moveToFront() : reason=finishActivity adjustFocus setFocusedActivity isAttached=true TaskRecord{1a162f9d0 #1112 A=com.GeekTechnique.InfinityStack U=0 StackId=1 sz=3}
01-25 02:04:30.929  3755  4444 D InputDispatcher: Focused application set to: xxxx
01-25 02:04:30.935  3755  7396 D ActivityManager: resumeTopActivityInnerLocked() : #1 prevTask=null next=ActivityRecord{375323ed0 u0 com.GeekTechnique.InfinityStack/com.epicgames.ue4.GameActivity t1112} mFocusedStack=ActivityStack{7046066d0 stackId=1, 4 tasks}
01-25 02:04:30.935 26869 26874 I art     : Compiler allocated 4MB to compile void com.epicgames.ue4.GameActivity.onCreate(android.os.Bundle)
01-25 02:04:30.935  3755  7396 D ActivityManager: applyOptionsLocked(), pendingOptions : null
01-25 02:04:30.939 26869 26874 I art     : Do partial code cache collection, code=13KB, data=31KB
01-25 02:04:30.939 26869 26874 I art     : After code cache collection, code=13KB, data=31KB
01-25 02:04:30.939 26869 26874 I art     : Increasing code cache capacity to 128KB
01-25 02:04:30.943  3755  7396 D ActivityTrigger: ActivityTrigger activityPauseTrigger 
01-25 02:04:30.944  3755  7396 D GameManagerService: sem_perfomance_mode: 0
01-25 02:04:30.946  3755  7396 D GameManagerService: sem_perfomance_mode: 0
01-25 02:04:30.947  3755  3755 D GameManagerService: NotifyRunnable. pkg: com.GeekTechnique.InfinityStack, type: 4, isMinimized: false, isTunableApp: false
01-25 02:04:30.947  3755  3755 D GameManagerService: do nothing. mKillNotiCount: 3
01-25 02:04:30.953 26869 26869 W PopupManager: You have not specified a View to use as content view for popups. Falling back to the Activity content view. Note that this may not work as expected in multi-screen environments
01-25 02:04:30.955 26869 26869 D UE4     : ==============> GameActive.onCreate complete!
01-25 02:04:30.969 26869 26869 V threaded_app: Start: 0xddd2d960
01-25 02:04:30.969  5967  8175 D ForegroundUtils: could not check pending caller
01-25 02:04:30.969 26869 26888 V threaded_app: activityState=10
01-25 02:04:30.969 26869 26888 D UE4     : LogAndroidEvents: EnqueueAppEvent : 9, 0, tid = 26888
01-25 02:04:30.969 26869 26869 D UE4     : Creating console command broadcast listener
01-25 02:04:30.970  3755  7347 D ActivityManager: resumeTopActivityInnerLocked() : #1 prevTask=null next=ActivityRecord{375323ed0 u0 com.GeekTechnique.InfinityStack/com.epicgames.ue4.GameActivity t1112} mFocusedStack=ActivityStack{7046066d0 stackId=1, 4 tasks}
01-25 02:04:30.971 26869 26869 D UE4     : ==================================> Inside onStart function in GameActivity
01-25 02:04:30.974 26869 26869 V threaded_app: Resume: 0xddd2d960
01-25 02:04:30.974 26869 26888 V threaded_app: activityState=11
01-25 02:04:30.974 26869 26888 D UE4     : Case APP_CMD_RESUME
01-25 02:04:30.974 26869 26888 D UE4     : LogAndroidEvents: EnqueueAppEvent : 7, 0, tid = 26888
01-25 02:04:30.974 26869 26869 D UE4     : ==============> [JAVA] AndroidThunkJava_KeepScreenOn(false) - Enabled screen saver
01-25 02:04:30.974 26869 26869 D UE4     : Registering sensor listeners
01-25 02:04:30.990 26869 26869 D SensorManager: registerListener :: 0, K6DS3TR Acceleration Sensor, 20000, 0,  
01-25 02:04:30.991  3755  3766 I Sensors : Mag old sensor_state 1, new sensor_state : 17 en : 1
01-25 02:04:30.998 26869 26869 D SensorManager: registerListener :: 1, AK09911C Magnetic field Sensor, 20000, 0,  
01-25 02:04:30.999  3755  7363 I Sensors : Gyro old sensor_state 17, new sensor_state : 19 en : 1
01-25 02:04:31.006 26869 26869 D SensorManager: registerListener :: 3, K6DS3TR Gyroscope Sensor, 20000, 0,  
01-25 02:04:31.006 26869 26869 D UE4     : App is running in Portrait
01-25 02:04:31.006 26869 26869 D UE4     : ==============> Resuming main init
01-25 02:04:31.013 26869 26887 D UE4     : APK Commandline: ../../../StackerGame/StackerGame.uproject  /Game/Maps/StackMap -Messaging -SessionId=DDA13864453C2991799FC4921C3FB022 -SessionOwner="nope" -SessionName="Launch On Device" -iterative
01-25 02:04:31.014  3755  4344 E Sensors : AccSensor : Meta event
01-25 02:04:31.015 26869 26887 D UE4     : Override Commandline: ../../../StackerGame/StackerGame.uproject  /Game/Maps/StackMap -Messaging -SessionId=FA92A2C346EC859522B0EF86A7014F24 -SessionOwner="nope" -SessionName="Launch On Device" -iterative
01-25 02:04:31.015 26869 26887 D UE4     : Final commandline: ../../../StackerGame/StackerGame.uproject  /Game/Maps/StackMap -Messaging -SessionId=FA92A2C346EC859522B0EF86A7014F24 -SessionOwner="nope" -SessionName="Launch On Device" -iterative
01-25 02:04:31.015 26869 26887 D UE4     : Created sync event
01-25 02:04:31.017 26869 26869 D UE4     : ==============> GameActive.onResume complete!
01-25 02:04:31.029 26869 26869 D ViewRootImpl@c266894[GameActivity]: ThreadedRenderer.create() translucent=true
01-25 02:04:31.032  3755  6281 D WindowManager: addWindow: android.view.IWindow$Stub$Proxy@f70a6ee displayId=0
01-25 02:04:31.034  3755  6281 D InputTransport: Input channel constructed: fd=530
01-25 02:04:31.034  3755  6281 D InputTransport: Input channel constructed: fd=536
01-25 02:04:31.035  3755  6281 D WindowManager: openInputChannel mInputChannel: c17ba1c com.GeekTechnique.InfinityStack/com.epicgames.ue4.GameActivity (server)
01-25 02:04:31.037  3755  6281 D InputTransport: Input channel destroyed: fd=536
01-25 02:04:31.038 26869 26869 D InputTransport: Input channel constructed: fd=73
01-25 02:04:31.038 26869 26869 V threaded_app: InputQueueCreated: 0xddd2d960 -- 0xddd2e860
01-25 02:04:31.038 26869 26888 V threaded_app: APP_CMD_INPUT_CHANGED
01-25 02:04:31.038 26869 26888 V threaded_app: Attaching input queue to looper
01-25 02:04:31.039 26869 26869 D ViewRootImpl@c266894[GameActivity]: setView = DecorView@6afcf3d[GameActivity] touchMode=true
01-25 02:04:31.041  3755  4444 D ActivityManager: post active user change for 0 fullscreen true isHomeActivity() false
01-25 02:04:31.041  3755  4444 D KnoxTimeoutHandler: postActiveUserChange [MsgParam] userId: 0 fullscreen is true showWhenlocked is false isMutiwindowRecord is false multiwindowstyle is 0
01-25 02:04:31.042  3755  3755 D KnoxTimeoutHandler: handleActiveUserChange [MsgParam] userId: 0 fullscreen is true showWhenlocked is false isMutiwindowRecord is false multiwindowstyle is 0
01-25 02:04:31.044  3755  3755 I KnoxTimeoutHandler: Shared devices show user statefalse
01-25 02:04:31.045 26869 26869 V threaded_app: Pause: 0xddd2d960
01-25 02:04:31.046 26869 26888 V threaded_app: activityState=13
01-25 02:04:31.046 26869 26888 D UE4     : Case APP_CMD_PAUSE
01-25 02:04:31.046 26869 26869 D UE4     : Unregistering sensor listeners
01-25 02:04:31.046 26869 26888 D UE4     : LogAndroidEvents: EnqueueAppEvent : 6, 0, tid = 26888
01-25 02:04:31.056  3755  6277 I Sensors : Mag old sensor_state 19, new sensor_state : 3 en : 0
01-25 02:04:31.065  3755  5085 I Sensors : Gyro old sensor_state 3, new sensor_state : 1 en : 0
01-25 02:04:31.074 26869 26869 D SensorManager: unregisterListener ::   
01-25 02:04:31.074 26869 26869 D UE4     : ==============> GameActive.onPause complete!
01-25 02:04:31.076  3755  7396 D ActivityManager: setAppIconInfo(), x : 0, y : 0, width : 0, height : 0, isHomeItem : false
01-25 02:04:31.078  3755  3774 D ActivityTrigger: ActivityTrigger activityStopTrigger 
01-25 02:04:31.080 26869 26869 I Choreographer: Skipped 32 frames!  The application may be doing too much work on its main thread.
01-25 02:04:31.081 26869 26869 D ViewRootImpl@4bdb50f[GameActivity]: dispatchAttachedToWindow
01-25 02:04:31.085  3755  7362 V WindowManager: Relayout Window{7834b16d0 u0 com.GeekTechnique.InfinityStack/com.epicgames.ue4.GameActivity}: viewVisibility=0 req=1079x1856 WM.LayoutParams{(0,0)(fillxfill) gr=#11 sim=#120 ty=2 fl=#1810508 pfl=0x20000 wanim=0x1030001 vsysui=0x400 needsMenuKey=2 naviIconColor=0}
01-25 02:04:31.086  3219  3219 I SurfaceFlinger: id=3582 createSurf (1080x1920),1 flag=404, HameActivit
01-25 02:04:31.104 26869 26869 D ViewRootImpl@4bdb50f[GameActivity]: Relayout returned: oldFrame=[0,0][0,0] newFrame=[0,0][1080,1920] result=0x7 surface={isValid=true -988168192} surfaceGenerationChanged=true
01-25 02:04:31.104  3755  7358 D ActivityManager: resumeTopActivityInnerLocked() : #1 prevTask=null next=ActivityRecord{375323ed0 u0 com.GeekTechnique.InfinityStack/com.epicgames.ue4.GameActivity t1112} mFocusedStack=ActivityStack{7046066d0 stackId=1, 4 tasks}
01-25 02:04:31.104 26869 26869 D ViewRootImpl@4bdb50f[GameActivity]: mHardwareRenderer.initialize() mSurface={isValid=true -988168192} hwInitialized=true
01-25 02:04:31.108  3755  4521 D MdnieScenarioControlService:  packageName : com.GeekTechnique.InfinityStack    className : com.epicgames.ue4.GameActivity
01-25 02:04:31.108 26869 26889 I OpenGLRenderer: Initialized EGL, version 1.4
01-25 02:04:31.109 26869 26889 D OpenGLRenderer: Swap behavior 1
01-25 02:04:31.120 26869 26889 D mali_winsys: EGLint new_window_surface(egl_winsys_display*, void*, EGLSurface, EGLConfig, egl_winsys_surface**, egl_color_buffer_format*, EGLBoolean) returns 0x3000,  [1080x1920]-format:1
01-25 02:04:31.120 26869 26869 D ViewRootImpl@c266894[GameActivity]: dispatchAttachedToWindow
01-25 02:04:31.122  3755  6081 V WindowManager: Relayout Window{c17ba1cd0 u0 com.GeekTechnique.InfinityStack/com.epicgames.ue4.GameActivity}: viewVisibility=0 req=1079x1856 WM.LayoutParams{(0,0)(fillxfill) sim=#10 ty=1 fl=#1810500 pfl=0x20000 fmt=1 wanim=0x1030001 vsysui=0x400 needsMenuKey=2 naviIconColor=0}
01-25 02:04:31.123  3219  3219 I SurfaceFlinger: id=3583 createSurf (1080x1920),1 flag=4, HameActivit
01-25 02:04:31.134  3755  3790 V WindowManager: Now policy hidden: Window{c17ba1cd0 u0 com.GeekTechnique.InfinityStack/com.epicgames.ue4.GameActivity}
01-25 02:04:31.134 26869 26869 D ViewRootImpl@c266894[GameActivity]: Relayout returned: oldFrame=[0,0][0,0] newFrame=[0,0][1080,1920] result=0x7 surface={isValid=true -988166144} surfaceGenerationChanged=true
01-25 02:04:31.135 26869 26869 D ViewRootImpl@c266894[GameActivity]: mHardwareRenderer.initialize() mSurface={isValid=true -988166144} hwInitialized=true
01-25 02:04:31.137 26869 26889 D mali_winsys: EGLint new_window_surface(egl_winsys_display*, void*, EGLSurface, EGLConfig, egl_winsys_surface**, egl_color_buffer_format*, EGLBoolean) returns 0x3000,  [1080x1920]-format:1
01-25 02:04:31.141  3755  4453 D WindowManager: addWindow: android.view.IWindow$Stub$Proxy@e76f625 displayId=0
01-25 02:04:31.143 26869 26874 I art     : Do partial code cache collection, code=14KB, data=32KB
01-25 02:04:31.143 26869 26874 I art     : After code cache collection, code=14KB, data=32KB
01-25 02:04:31.143 26869 26874 I art     : Increasing code cache capacity to 256KB
01-25 02:04:31.145  3755  3766 V WindowManager: Relayout Window{234dabd0 u0 SurfaceView - com.GeekTechnique.InfinityStack/com.epicgames.ue4.GameActivity}: viewVisibility=0 req=1080x1920 WM.LayoutParams{(0,0)(1080x1920) gr=#800033 ty=1001 fl=#4218 pfl=0x10040 fmt=4 naviIconColor=0}
01-25 02:04:31.146  3219  3219 I SurfaceFlinger: id=3584 createSurf (1080x1920),4 flag=404, HameActivit
01-25 02:04:31.147 26869 26874 I art     : Compiler allocated 7MB to compile boolean com.epicgames.ue4.GameActivity.processSystemInfo(java.lang.String, java.lang.String)
01-25 02:04:31.148  3219  3219 I SurfaceFlinger: id=3585 createSurf (1080x1920),-1 flag=20404, HameActivit
01-25 02:04:31.159 26869 26869 D SurfaceView: Relayout returned: oldFrame=[0,0][0,0] newFrame=[0,0][1080,1920] result=0x7 surface={Surface(name=null)/@0x14f2239 isValid=true -988131328}
01-25 02:04:31.160 26869 26869 V threaded_app: NativeWindowCreated: 0xddd2d960 -- 0xc51a5008
01-25 02:04:31.160 26869 26888 V threaded_app: APP_CMD_INIT_WINDOW
01-25 02:04:31.160 26869 26888 D UE4     : Case APP_CMD_INIT_WINDOW
01-25 02:04:31.161 26869 26888 D UE4     : LogAndroidEvents: EnqueueAppEvent : 0, 3306835976, tid = 26888
01-25 02:04:31.162  3755  3790 V WindowManager: Now policy hidden: Window{234dabd0 u0 SurfaceView - com.GeekTechnique.InfinityStack/com.epicgames.ue4.GameActivity}
01-25 02:04:31.164  3755  7363 D WindowManager: finishDrawingWindow: Window{234dabd0 u0 SurfaceView - com.GeekTechnique.InfinityStack/com.epicgames.ue4.GameActivity} mDrawState=DRAW_PENDING
01-25 02:04:31.179 26869 26869 V threaded_app: SaveInstanceState: 0xddd2d960
01-25 02:04:31.179 26869 26888 D UE4     : LogAndroidEvents: EnqueueAppEvent : 12, 0, tid = 26888
01-25 02:04:31.179 26869 26888 V threaded_app: APP_CMD_SAVE_STATE
01-25 02:04:31.181 26869 26869 V threaded_app: Stop: 0xddd2d960
01-25 02:04:31.181 26869 26888 V threaded_app: activityState=14
01-25 02:04:31.181 26869 26888 D UE4     : LogAndroidEvents: EnqueueAppEvent : 8, 0, tid = 26888
01-25 02:04:31.182 26869 26869 D UE4     : ==============> GameActive.onStop complete!
01-25 02:04:31.183 26869 26869 D PermissionFragment: permission granted for android.permission.WRITE_EXTERNAL_STORAGE
01-25 02:04:31.186 26869 26869 V threaded_app: Start: 0xddd2d960
01-25 02:04:31.187 26869 26888 V threaded_app: activityState=10
01-25 02:04:31.187 26869 26888 D UE4     : LogAndroidEvents: EnqueueAppEvent : 9, 0, tid = 26888
01-25 02:04:31.187 26869 26869 D UE4     : Creating console command broadcast listener
01-25 02:04:31.190 26869 26869 D UE4     : ==================================> Inside onStart function in GameActivity
01-25 02:04:31.192 26869 26869 V threaded_app: Resume: 0xddd2d960
01-25 02:04:31.192 26869 26888 V threaded_app: activityState=11
01-25 02:04:31.192 26869 26888 D UE4     : Case APP_CMD_RESUME
01-25 02:04:31.192 26869 26888 D UE4     : LogAndroidEvents: EnqueueAppEvent : 7, 0, tid = 26888
01-25 02:04:31.192 26869 26869 D UE4     : ==============> [JAVA] AndroidThunkJava_KeepScreenOn(false) - Enabled screen saver
01-25 02:04:31.193 26869 26869 D UE4     : Registering sensor listeners
01-25 02:04:31.211 26869 26869 D SensorManager: registerListener :: 0, K6DS3TR Acceleration Sensor, 20000, 0,  
01-25 02:04:31.212  3755  5085 I Sensors : Mag old sensor_state 1, new sensor_state : 17 en : 1
01-25 02:04:31.220 26869 26869 D SensorManager: registerListener :: 1, AK09911C Magnetic field Sensor, 20000, 0,  
01-25 02:04:31.221  3755  6080 I Sensors : Gyro old sensor_state 17, new sensor_state : 19 en : 1
01-25 02:04:31.229 26869 26869 D SensorManager: registerListener :: 3, K6DS3TR Gyroscope Sensor, 20000, 0,  
01-25 02:04:31.230 26869 26869 D UE4     : App is running in Portrait
01-25 02:04:31.230 26869 26869 D UE4     : ==============> Resuming main init
01-25 02:04:31.230 26869 26869 D UE4     : ==============> GameActive.onResume complete!
01-25 02:04:31.231  3755  7396 D ActivityManager: post active user change for 0 fullscreen true isHomeActivity() false
01-25 02:04:31.231  3755  7396 D KnoxTimeoutHandler: postActiveUserChange [MsgParam] userId: 0 fullscreen is true showWhenlocked is false isMutiwindowRecord is false multiwindowstyle is 0
01-25 02:04:31.232  3755  3755 D KnoxTimeoutHandler: handleActiveUserChange [MsgParam] userId: 0 fullscreen is true showWhenlocked is false isMutiwindowRecord is false multiwindowstyle is 0
01-25 02:04:31.232 26869 26869 V threaded_app: Pause: 0xddd2d960
01-25 02:04:31.232 26869 26888 V threaded_app: activityState=13
01-25 02:04:31.233 26869 26888 D UE4     : Case APP_CMD_PAUSE
01-25 02:04:31.233 26869 26888 D UE4     : LogAndroidEvents: EnqueueAppEvent : 6, 0, tid = 26888
01-25 02:04:31.233 26869 26869 D UE4     : Unregistering sensor listeners
01-25 02:04:31.233  3755  3755 I KnoxTimeoutHandler: Shared devices show user statefalse
01-25 02:04:31.237  3755  4344 E Sensors : AccSensor : Meta event
01-25 02:04:31.241  3755  4498 I Sensors : Mag old sensor_state 19, new sensor_state : 3 en : 0
01-25 02:04:31.250  3755  7347 I Sensors : Gyro old sensor_state 3, new sensor_state : 1 en : 0
01-25 02:04:31.257 26869 26869 D SensorManager: unregisterListener ::   
01-25 02:04:31.258 26869 26869 D UE4     : ==============> GameActive.onPause complete!
01-25 02:04:31.260 26869 26869 V threaded_app: SaveInstanceState: 0xddd2d960
01-25 02:04:31.261 26869 26888 D UE4     : LogAndroidEvents: EnqueueAppEvent : 12, 0, tid = 26888
01-25 02:04:31.261 26869 26888 V threaded_app: APP_CMD_SAVE_STATE
01-25 02:04:31.262 26869 26869 V threaded_app: Stop: 0xddd2d960
01-25 02:04:31.262 26869 26888 V threaded_app: activityState=14
01-25 02:04:31.262 26869 26888 D UE4     : LogAndroidEvents: EnqueueAppEvent : 8, 0, tid = 26888
01-25 02:04:31.263 26869 26869 D UE4     : ==============> GameActive.onStop complete!
01-25 02:04:31.263 26869 26869 D ViewRootImpl@4bdb50f[GameActivity]: MSG_RESIZED_REPORT: ci=Rect(0, 0 - 0, 0) vi=Rect(0, 63 - 0, 0) or=1
01-25 02:04:31.271  3755  9977 D GamePkgDataHelper: getGamePkgData(). com.GeekTechnique.InfinityStack
01-25 02:04:31.271  3755  9977 D GameManagerService: identifyGamePackage. com.GeekTechnique.InfinityStack
01-25 02:04:31.272  3755  9977 D GameManagerService: identifyGamePackage. com.GeekTechnique.InfinityStack
01-25 02:04:31.277  3755  9977 D TelephonyManager: getAllCellInfo : Caller (PID / UID / TID): 3755 / 1000 / 9977
01-25 02:04:31.286  3755  9977 D GameManagerService: identifyGamePackage. com.GeekTechnique.InfinityStack
01-25 02:04:31.286  3755  9977 D GameManagerService: identifyGamePackage. com.GeekTechnique.InfinityStack
01-25 02:04:31.308  3755  7368 D WindowManager: finishDrawingWindow: Window{7834b16d0 u0 com.GeekTechnique.InfinityStack/com.epicgames.ue4.GameActivity} mDrawState=DRAW_PENDING
01-25 02:04:31.315  3755  5048 V WindowManager: Relayout Window{c17ba1cd0 u0 com.GeekTechnique.InfinityStack/com.epicgames.ue4.GameActivity}: viewVisibility=0 req=1080x1920 WM.LayoutParams{(0,0)(fillxfill) sim=#110 ty=1 fl=#1810500 pfl=0x20000 fmt=1 wanim=0x1030001 vsysui=0x400 needsMenuKey=2 naviIconColor=0}
01-25 02:04:31.320 26869 26869 D ViewRootImpl@c266894[GameActivity]: Relayout returned: oldFrame=[0,0][1080,1920] newFrame=[0,0][1080,1920] result=0x3 surface={isValid=true -988166144} surfaceGenerationChanged=false
01-25 02:04:31.322  3755  4453 V WindowManager: Relayout Window{234dabd0 u0 SurfaceView - com.GeekTechnique.InfinityStack/com.epicgames.ue4.GameActivity}: viewVisibility=0 req=1080x1920 WM.LayoutParams{(0,0)(1080x1920) gr=#800033 ty=1001 fl=#4218 pfl=0x10040 fmt=4 naviIconColor=0}
01-25 02:04:31.328 26869 26869 D SurfaceView: Relayout returned: oldFrame=[0,0][1080,1920] newFrame=[0,0][1080,1920] result=0x3 surface={Surface(name=null)/@0x14f2239 isValid=true -988129280}
01-25 02:04:31.328  3755  3766 D WindowManager: finishDrawingWindow: Window{234dabd0 u0 SurfaceView - com.GeekTechnique.InfinityStack/com.epicgames.ue4.GameActivity} mDrawState=READY_TO_SHOW
01-25 02:04:31.335  3219  7712 I Layer   : [com.GeekTechnique.InfinityStack/com.epicgames.ue4.GameActivity] addSyncPoint start
01-25 02:04:31.336  3219  7712 I Layer   : [com.GeekTechnique.InfinityStack/com.epicgames.ue4.GameActivity] addSyncPoint end
01-25 02:04:31.336  3219  7712 I Layer   : [com.GeekTechnique.InfinityStack/com.epicgames.ue4.GameActivity] addSyncPoint start
01-25 02:04:31.336  3219  7712 I Layer   : [com.GeekTechnique.InfinityStack/com.epicgames.ue4.GameActivity] addSyncPoint end
01-25 02:04:31.337  3219  3281 I Layer   : [com.GeekTechnique.InfinityStack/com.epicgames.ue4.GameActivity] addSyncPoint start
01-25 02:04:31.337  3219  3281 I Layer   : [com.GeekTechnique.InfinityStack/com.epicgames.ue4.GameActivity] addSyncPoint end
01-25 02:04:31.337  3219  3281 I Layer   : [com.GeekTechnique.InfinityStack/com.epicgames.ue4.GameActivity] addSyncPoint start
01-25 02:04:31.337  3219  3281 I Layer   : [com.GeekTechnique.InfinityStack/com.epicgames.ue4.GameActivity] addSyncPoint end
01-25 02:04:31.348  3755  7395 D WindowManager: finishDrawingWindow: Window{c17ba1cd0 u0 com.GeekTechnique.InfinityStack/com.epicgames.ue4.GameActivity} mDrawState=DRAW_PENDING
01-25 02:04:31.348 26869 26869 D ViewRootImpl@c266894[GameActivity]: MSG_RESIZED_REPORT: ci=Rect(0, 0 - 0, 0) vi=Rect(0, 63 - 0, 0) or=1
01-25 02:04:31.361  3755  3790 D KnoxTimeoutHandler: notifyActivityDrawn [MsgParam] userId: 0 fullscreen is true showWhenlocked is false isMutiwindowRecord is false multiwindowstyle is 1
01-25 02:04:31.361  3755  3755 D KnoxTimeoutHandler: activityDrawn [MsgParam] userId: 0 fullscreen is true showWhenlocked is false isMutiwindowRecord is false multiwindowstyle is 1
01-25 02:04:31.362  3755  7357 I ActivityManager: Activity reported stop, but no longer stopping: ActivityRecord{375323ed0 u0 com.GeekTechnique.InfinityStack/com.epicgames.ue4.GameActivity t1112}
01-25 02:04:31.363  3755  3755 I KnoxTimeoutHandler: SD activityfalse
01-25 02:04:31.363  3755  3755 I KnoxTimeoutHandler: Fullscreen and mCurrent is not KNOX user. Hence hide keyguard
01-25 02:04:31.371 26869 26887 D UE4     : EGL Extensions: 
01-25 02:04:31.371 26869 26887 D UE4     : EGL_KHR_get_all_proc_addresses EGL_ANDROID_presentation_time EGL_KHR_swap_buffers_with_damage EGL_ANDROID_create_native_client_buffer EGL_ANDROID_front_buffer_auto_refresh EGL_KHR_image EGL_KHR_image_base EGL_KHR_gl_texture_2D_image EGL_KHR_gl_texture_cubemap_image EGL_KHR_gl_renderbuffer_image EGL_KHR_fence_sync EGL_KHR_create_context EGL_KHR_config_attribs EGL_KHR_surfaceless_context EGL_EXT_create_context_robustness EGL_ANDROID_image_native_buffer EGL_KHR_wait_sync EGL_ANDROID_recordable EGL_KHR_partial_update EGL_KHR_mutable_render_buffer EGL_EXT_protected_content 
01-25 02:04:31.373  3755  4448 D WindowManager: finishDrawingWindow: Window{c17ba1cd0 u0 com.GeekTechnique.InfinityStack/com.epicgames.ue4.GameActivity} mDrawState=HAS_DRAWN
01-25 02:04:31.374 26869 26887 D UE4     : FAndroidGPUInfo
01-25 02:04:31.374 26869 26887 D UE4     : AndroidEGL::InitSurface 1, 1
01-25 02:04:31.376 26869 26887 D mali_winsys: EGLint new_window_surface(egl_winsys_display*, void*, EGLSurface, EGLConfig, egl_winsys_surface**, egl_color_buffer_format*, EGLBoolean) returns 0x3000,  [8x8]-format:2
01-25 02:04:31.376 26869 26887 D UE4     : AndroidEGL::CreateEGLSurface() 0xe3fb3348
01-25 02:04:31.376 26869 26887 D UE4     : AndroidEGL::CreateEGLSurface(1), auxSurface = eglCreatePbufferSurface(), 8x8
01-25 02:04:31.378 26869 26887 D vulkan  : searching for layers in '/data/app/com.GeekTechnique.InfinityStack-1/lib/arm'
01-25 02:04:31.379 26869 26887 D vulkan  : searching for layers in '/data/app/com.GeekTechnique.InfinityStack-1/base.apk!/lib/armeabi-v7a'
01-25 02:04:31.379 26869 26887 D vulkan  : vulkan api version_1_0 1.0.0
01-25 02:04:31.379 26869 26887 D vulkan  : vulkan header version 13
01-25 02:04:31.724 26869 26887 D UE4     : LogPluginManager: Mounting plugin Paper2D
