01-11 19:30:42.688  3215  3266 I SurfaceFlinger: id=8806 Removed HameActivit (-2/10)
01-11 19:30:42.689  3215  3264 I SurfaceFlinger: id=8807 Removed HameActivit (4/9)
01-11 19:30:42.689  3215  5562 I SurfaceFlinger: id=8807 Removed HameActivit (-2/9)
01-11 19:30:42.708  3757  3770 D InputDispatcher: Focus left window: 20514
01-11 19:30:42.709  3757  3770 D WindowManager: disposeInputChannel mInputChannel: f9df70f com.GeekTechnique.InfinityStack/com.epicgames.ue4.GameActivity (server)
01-11 19:30:42.709  3757  3770 D InputTransport: Input channel destroyed: fd=546
01-11 19:30:42.716  3757  3770 I WindowManager_SurfaceController: Destroying surface Surface(name=com.GeekTechnique.InfinityStack/com.epicgames.ue4.GameActivity) called by com.android.server.wm.WindowStateAnimator.destroySurface:2907 com.android.server.wm.WindowStateAnimator.destroySurfaceLocked:1120 com.android.server.wm.WindowState.removeLocked:1864 com.android.server.wm.WindowManagerService.removeWindowInnerLocked:2934 com.android.server.wm.WindowManagerService.removeWindowLocked:2879 com.android.server.wm.WindowManagerService.removeWindowLocked:2689 com.android.server.wm.AppWindowToken.removeAllWindows:607 com.android.server.wm.AppWindowToken.removeAppFromTaskLocked:369 
01-11 19:30:42.717  3215  3264 I SurfaceFlinger: id=8805 Removed HameActivit (4/8)
01-11 19:30:42.721  3215  5562 I SurfaceFlinger: id=8805 Removed HameActivit (-2/8)
01-11 19:30:42.721  3757  3770 D InputTransport: Input channel destroyed: fd=544
01-11 19:30:42.723  3757  3770 D InputDispatcher: Focused application released
01-11 19:30:42.749  3757  3770 D ActivityManager: moveToFront() : reason=appDied setFocusedActivity isAttached=true TaskRecord{e81ae1cd0 #106 A=com.sec.android.app.launcher U=0 StackId=0 sz=1}
01-11 19:30:42.749  3757  3770 W MultiScreenManagerService: failed to move task TaskRecord{28b273cd0 #513 A=com.GeekTechnique.InfinityStack U=0 StackId=1 sz=0}
01-11 19:30:42.749  3757  3770 D ActivityManager: setFocusStackUnchecked: reason=appDied setFocusedActivity focusCandidate=ActivityStack{50b3b79d0 stackId=0, 2 tasks} caller=com.android.server.am.ActivityStack.moveToFront:874 com.android.server.am.ActivityStackSupervisor.moveActivityStackToFront:2005 
01-11 19:30:42.752  3757  3770 D InputDispatcher: Focused application set to: xxxx
01-11 19:30:42.753  3757  3770 D ActivityManager: resumeTopActivityInnerLocked() : #0 prevTask=null next=ActivityRecord{c3252f0d0 u0 com.sec.android.app.launcher/.activities.LauncherActivity t106} mFocusedStack=ActivityStack{50b3b79d0 stackId=0, 2 tasks}
01-11 19:30:42.755  3757  3770 D CustomFrequencyManagerService: acquireDVFSLockLocked : type : DVFS_MIN_LIMIT  frequency : 2100000  uid : 1000  pid : 3757  pkgName : AMS_APP_HOME@CPU_MIN@7
01-11 19:30:42.756  3757  3770 D ActivityManagerPerformance: AMP_acquire() HOME
01-11 19:30:42.757  3757  3770 D ActivityManager: applyOptionsLocked(), pendingOptions : null
01-11 19:30:42.757  3757  9599 D TelephonyManager: getAllCellInfo : Caller (PID / UID / TID): 3757 / 1000 / 9599
01-11 19:30:42.762  3757  3770 D GameManagerService: sem_perfomance_mode: 0
01-11 19:30:42.762  3757  3757 D GameManagerService: NotifyRunnable. pkg: com.sec.android.app.launcher, type: 4, isMinimized: false, isTunableApp: false
01-11 19:30:42.762  3757  3757 D GameManagerService: do nothing. mKillNotiCount: 3
01-11 19:30:42.774  3757  7201 V WindowManager: Relayout Window{14de1fbd0 u0 com.sec.android.app.launcher/com.sec.android.app.launcher.activities.LauncherActivity}: viewVisibility=0 req=1080x1920 WM.LayoutParams{(0,0)(fillxfill) sim=#130 ty=1 fl=#81910d00 pfl=0x20000 fmt=-2 wanim=0x103038a vsysui=0x600 needsMenuKey=2 dimDuration=0 naviIconColor=0}
01-11 19:30:42.775  3757  3775 D WindowManager: set systemUiVisibility of statusbar : vis= 0x608
01-11 19:30:42.777  3757  7201 D InputDispatcher: Focus entered window: 6176
01-11 19:30:42.777  3757 32085 D WindowManager: adjustSystemUiVisibilityLw : vis= 0x608
01-11 19:30:42.778  6176  6176 D ViewRootImpl@dbcd7d2[LauncherActivity]: Relayout returned: oldFrame=[0,0][1080,1920] newFrame=[0,0][1080,1920] result=0x3 surface={isValid=true 516394466304} surfaceGenerationChanged=true
01-11 19:30:42.778  6176  6176 D ViewRootImpl@dbcd7d2[LauncherActivity]: mHardwareRenderer.initialize() mSurface={isValid=true 516394466304} hwInitialized=true
01-11 19:30:42.784  6176  6556 D mali_winsys: EGLint new_window_surface(egl_winsys_display*, void*, EGLSurface, EGLConfig, egl_winsys_surface**, egl_color_buffer_format*, EGLBoolean) returns 0x3000,  [1080x1920]-format:1
01-11 19:30:42.784  6176  6176 I VerificationLog: onResume
01-11 19:30:42.785  6176  6176 D Launcher: onResume, Launcher: 226668512
01-11 19:30:42.787  3757  7203 D SecContentProvider: query(), uri = 17 selection = isSettingsChangesAllowed
01-11 19:30:42.787  3757  7203 D SecContentProvider: called from com.sec.android.app.launcher
01-11 19:30:42.788  3757  4482 D SecContentProvider: query(), uri = 17 selection = isSettingsChangesAllowed
01-11 19:30:42.788  3757  4482 D SecContentProvider: called from com.sec.android.app.launcher
01-11 19:30:42.791  6176  6176 D Launcher.HomeView: onResume
01-11 19:30:42.796  6176  6176 D capture : ---------checkFileExist land
01-11 19:30:42.796  6176  6176 D capture : currentOrientation: 1 mMainHomeScreenshot: false mMainHomeScreenshotLand: true
01-11 19:30:42.801  6176  6176 D MenuAppsGridFragment: onResume:false
01-11 19:30:42.801  6176  6176 D MenuAppsGridFragment: stateObj = com.android.launcher2.MenuAppsGrid$StateNormal@c85c521
01-11 19:30:42.802  6176  6176 D Launcher.MenuAppsGrid: BlurInfo : false , true
01-11 19:30:42.802  6176  6176 D MenuAppsGridFragment: onResume  no mPendingModelUpdate:false this:MenuAppsGridFragment{f8b2d46 #0 id=0x1020011 APPS}
01-11 19:30:42.803  3757  7204 D ActivityManager: post active user change for 0 fullscreen true isHomeActivity() true
01-11 19:30:42.803  3757  7204 I WallpaperManagerService: switchPersonaWallpaper is called for personaId-0
01-11 19:30:42.803  3757  7204 D KnoxTimeoutHandler: post home show event for user 0
01-11 19:30:42.803  3757  3757 D WallpaperManagerService:  force update = false; persona id = 0; current user =0; current persona = 0
01-11 19:30:42.803  3757  3757 D KnoxKeyguardDelegate: clear Flag
01-11 19:30:42.804  3757  3757 D KnoxTimeoutHandler: handleHomeShow for 0 and current 0
01-11 19:30:42.804  3757  7204 D KnoxTimeoutHandler: postActiveUserChange [MsgParam] userId: 0 fullscreen is true showWhenlocked is false isMutiwindowRecord is false multiwindowstyle is 0
01-11 19:30:42.804  3757  3757 D KnoxTimeoutHandler: handleActiveUserChange [MsgParam] userId: 0 fullscreen is true showWhenlocked is false isMutiwindowRecord is false multiwindowstyle is 0
01-11 19:30:42.804  6176  6176 D ViewRootImpl@dbcd7d2[LauncherActivity]: MSG_WINDOW_FOCUS_CHANGED 1
01-11 19:30:42.804  6176  6176 D ViewRootImpl@dbcd7d2[LauncherActivity]: mHardwareRenderer.initializeIfNeeded()#2 mSurface={isValid=true 516394466304}
01-11 19:30:42.805  3757  3757 I KnoxTimeoutHandler: Shared devices show user statefalse
01-11 19:30:42.805  6176  6176 D SEM_CLIP_SemClipboardManager: isCocktailBarDisplayed : false
01-11 19:30:42.811  6176  6176 V InputMethodManager: Starting input: tba=android.view.inputmethod.EditorInfo@376454c nm : com.sec.android.app.launcher ic=null
01-11 19:30:42.811  6176  6176 I InputMethodManager: [IMM] startInputInner - mService.startInputOrWindowGainedFocus
01-11 19:30:42.812  3757  4469 D InputMethodManagerService: windowGainedFocus mCurrentFocusedUserId - 0 and mSecureKeypadEnabled-false
01-11 19:30:42.812  3757  4469 V InputMethodManagerService: windowGainedFocus: reason=WINDOW_FOCUS_GAIN client=android.os.BinderProxy@3dc5432 inputContext=null missingMethods= attribute=android.view.inputmethod.EditorInfo@7043bc1 nm = com.sec.android.app.launcher controlFlags=#104 softInputMode=#130 windowFlags=#81910d00
01-11 19:30:42.812  3757  4469 V InputMethodManagerService: Unspecified window will hide input
01-11 19:30:42.812  3757  4469 D InputMethodManagerService: mDesktopModeManager null!
01-11 19:30:42.812  3757  4469 V InputMethodManagerService: hideCurrentInputLocked - !shouldHideSoftInput
01-11 19:30:42.813  3757  4469 D InputTransport: Input channel constructed: fd=457
01-11 19:30:42.813  3757  4469 D InputTransport: Input channel destroyed: fd=457
01-11 19:30:42.814  6176  6176 D InputTransport: Input channel constructed: fd=76
01-11 19:30:42.817  3757  2859 V WindowManager: Relayout Window{14de1fbd0 u0 com.sec.android.app.launcher/com.sec.android.app.launcher.activities.LauncherActivity}: viewVisibility=0 req=1080x1920 WM.LayoutParams{(0,0)(fillxfill) sim=#30 ty=1 fl=#81910d00 pfl=0x20000 fmt=-2 wanim=0x103038a vsysui=0x600 needsMenuKey=2 dimDuration=0 naviIconColor=0}
01-11 19:30:42.820  6176  6176 D ViewRootImpl@dbcd7d2[LauncherActivity]: Relayout returned: oldFrame=[0,0][1080,1920] newFrame=[0,0][1080,1920] result=0x1 surface={isValid=true 516394466304} surfaceGenerationChanged=false
01-11 19:30:42.820 10611 10611 W SearchServiceClient: Starting with NO_SESSION handoverId is deprecated. Just don't. You will break.
01-11 19:30:42.820 10611 10611 W SearchServiceClient: com.google.android.apps.gsa.shared.util.common.f: SearchServiceClient: Starting with NO_SESSION handoverId is deprecated. Just don't. You will break.
01-11 19:30:42.820 10611 10611 W SearchServiceClient: 	at com.google.android.apps.gsa.shared.util.common.e.a(SourceFile:43)
01-11 19:30:42.820 10611 10611 W SearchServiceClient: 	at com.google.android.apps.gsa.shared.util.common.e.f(SourceFile:6)
01-11 19:30:42.820 10611 10611 W SearchServiceClient: 	at com.google.android.apps.gsa.search.shared.service.SearchServiceClient.a(SourceFile:119)
01-11 19:30:42.820 10611 10611 W SearchServiceClient: 	at com.google.android.apps.gsa.search.shared.service.SearchServiceClient.mx(SourceFile:103)
01-11 19:30:42.820 10611 10611 W SearchServiceClient: 	at com.google.android.hotword.service.c.ad(SourceFile:18)
01-11 19:30:42.820 10611 10611 W SearchServiceClient: 	at com.google.android.hotword.service.d.run(SourceFile:3)
01-11 19:30:42.820 10611 10611 W SearchServiceClient: 	at android.os.Handler.handleCallback(Handler.java:751)
01-11 19:30:42.820 10611 10611 W SearchServiceClient: 	at android.os.Handler.dispatchMessage(Handler.java:95)
01-11 19:30:42.820 10611 10611 W SearchServiceClient: 	at android.os.Looper.loop(Looper.java:154)
01-11 19:30:42.820 10611 10611 W SearchServiceClient: 	at android.app.ActivityThread.main(ActivityThread.java:6682)
01-11 19:30:42.820 10611 10611 W SearchServiceClient: 	at java.lang.reflect.Method.invoke(Native Method)
01-11 19:30:42.820 10611 10611 W SearchServiceClient: 	at com.android.internal.os.ZygoteInit$MethodAndArgsCaller.run(ZygoteInit.java:1534)
01-11 19:30:42.820 10611 10611 W SearchServiceClient: 	at com.android.internal.os.ZygoteInit.main(ZygoteInit.java:1424)
01-11 19:30:42.826  8465  8465 E FullInputEventModel: onStartInput event aborted: com.touchtype.keyboard.e.p: could not obtain extracted text (class com.touchtype.keyboard.e.p)
01-11 19:30:42.830 10611 10642 E PBSessionCacheImpl: sessionId[46669218767590203] not persisted.
01-11 19:30:42.832 10611 12964 I PBSessionCacheImpl: Deleted sessionId[46669218767590203] from persistence.
01-11 19:30:42.840  3757  7205 D ConnectivityService: filterNetworkStateForUid() uid: 10062 networkInfo: [type: WIFI[] - WIFI, state: CONNECTED/CONNECTED, reason: (unspecified), extra: "wilkinson2.4", failover: false, available: true, roaming: false, metered: false]
01-11 19:30:42.844  3757 29841 D ConnectivityService: filterNetworkStateForUid() uid: 10062 networkInfo: [type: WIFI[] - WIFI, state: CONNECTED/CONNECTED, reason: (unspecified), extra: "wilkinson2.4", failover: false, available: true, roaming: false, metered: false]
01-11 19:30:42.852  3757 31270 D ConnectivityService: filterNetworkStateForUid() uid: 10062 networkInfo: [type: WIFI[] - WIFI, state: CONNECTED/CONNECTED, reason: (unspecified), extra: "wilkinson2.4", failover: false, available: true, roaming: false, metered: false]
01-11 19:30:42.861  3757 10512 D ConnectivityService: filterNetworkStateForUid() uid: 10062 networkInfo: [type: WIFI[] - WIFI, state: CONNECTED/CONNECTED, reason: (unspecified), extra: "wilkinson2.4", failover: false, available: true, roaming: false, metered: false]
01-11 19:30:42.870  3757  5901 D WindowManager: finishDrawingWindow: Window{14de1fbd0 u0 com.sec.android.app.launcher/com.sec.android.app.launcher.activities.LauncherActivity} mDrawState=DRAW_PENDING
01-11 19:30:42.871  4616  4616 D ImageWallpaper: onOffsetsChanged: xOffset=0.0, yOffset=0.0, xOffsetStep=0.0, yOffsetStep=0.0, xPixels=0, yPixels=0
01-11 19:30:42.872  4616  4616 D ImageWallpaper: drawFrame=false rotation=0 mLastRotation=0
01-11 19:30:42.872  4616  4616 D ImageWallpaper: drawFrame:[frame.width()]1080[frame.height()]1920
01-11 19:30:42.872  4616  4616 D ImageWallpaper: surfaceDimensionsChanged=false mLastSurfaceRotation=0 mDisplayWidth=1080 mDisplayHeight=1920
01-11 19:30:42.872  4616  4616 D ImageWallpaper: mNewKeyboard : 0 mLastKeyboard : 0 mForceDraw = false
01-11 19:30:42.872  4616  4616 D ImageWallpaper: redrawNeeded = false, mOffsetsChanged = false
01-11 19:30:42.872  4616  4616 D ImageWallpaper: Suppressed drawFrame since redraw is not needed and offsets have not changed.
01-11 19:30:42.872  4616  4616 D WallpaperService: updateSurface forceRelayout=false redrawNeeded=false myWidth=1080 myHeight=1920 fixedSize=true mWidth=1080 mHeight=1920
01-11 19:30:42.872  4616  4616 D ImageWallpaper: onVisibilityChanged: mVisible, visible=false, true
01-11 19:30:42.872  4616  4616 D ImageWallpaper: Visibility changed to visible=true
01-11 19:30:42.872  4616  4616 D ImageWallpaper: drawFrame=false rotation=0 mLastRotation=0
01-11 19:30:42.872  4616  4616 D ImageWallpaper: drawFrame:[frame.width()]1080[frame.height()]1920
01-11 19:30:42.872  4616  4616 D ImageWallpaper: surfaceDimensionsChanged=false mLastSurfaceRotation=0 mDisplayWidth=1080 mDisplayHeight=1920
01-11 19:30:42.872  4616  4616 D ImageWallpaper: mNewKeyboard : 0 mLastKeyboard : 0 mForceDraw = false
01-11 19:30:42.872  4616  4616 D ImageWallpaper: redrawNeeded = false, mOffsetsChanged = false
01-11 19:30:42.872  4616  4616 D ImageWallpaper: Suppressed drawFrame since redraw is not needed and offsets have not changed.
01-11 19:30:42.874 10611 10642 I MicroDetectionState: Keep running hotword in interactor process
01-11 19:30:42.879  4616  4642 D WallpaperService: resized:[frame]Rect(0, 0 - 1080, 1920) [newConfig] is null
01-11 19:30:42.879  4616  4616 D WallpaperService: MSG_WINDOW_RESIZED
01-11 19:30:42.879  4616  4616 D WallpaperService: updateSurface forceRelayout=true redrawNeeded=false myWidth=1080 myHeight=1920 fixedSize=true mWidth=1080 mHeight=1920
01-11 19:30:42.879  4616  4616 V WallpaperService: Changes: creating=false format=false size=false
01-11 19:30:42.879  3757  3793 D KnoxTimeoutHandler: notifyActivityDrawn [MsgParam] userId: 0 fullscreen is true showWhenlocked is false isMutiwindowRecord is false multiwindowstyle is 0
01-11 19:30:42.879  3757  3757 D KnoxTimeoutHandler: activityDrawn [MsgParam] userId: 0 fullscreen is true showWhenlocked is false isMutiwindowRecord is false multiwindowstyle is 0
01-11 19:30:42.880  3757  3757 I KnoxTimeoutHandler: SD activityfalse
01-11 19:30:42.880  3757  3757 I KnoxTimeoutHandler: Fullscreen and mCurrent is not KNOX user. Hence hide keyguard
01-11 19:30:42.881  3757  2859 V WindowManager: Relayout Window{31dbbd6d0 u0 com.android.systemui.ImageWallpaper}: viewVisibility=0 req=1080x1920 WM.LayoutParams{(0,0)(1080x1920) gr=#800033 ty=2013 fl=#318 fmt=2 wanim=0x10302f2 naviIconColor=0}
01-11 19:30:42.884  4616  4616 V WallpaperService: New surface=Surface(name=null)/@0x510bf7a, frame=Rect(0, 0 - 1080, 1920),relayoutResult=1, mConfiguration={0 1.0 themeSeq = 0 showBtnBg = -1 ?mcc?mnc ?localeList ?layoutDir ?swdp ?wdp ?hdp ?density ?lsize ?long ?orien ?uimode ?night ?touch ?keyb/?/? ?nav/? mkbd/?}
01-11 19:30:42.884  4616  4616 V WallpaperService: Wallpaper size has changed : 1080, 1920
01-11 19:30:42.884  4616  4616 D ImageWallpaper: onOffsetsChanged: xOffset=0.0, yOffset=0.0, xOffsetStep=0.0, yOffsetStep=0.0, xPixels=0, yPixels=0
01-11 19:30:42.885  4616  4616 D ImageWallpaper: drawFrame=false rotation=0 mLastRotation=0
01-11 19:30:42.885  4616  4616 D ImageWallpaper: drawFrame:[frame.width()]1080[frame.height()]1920
01-11 19:30:42.885  4616  4616 D ImageWallpaper: surfaceDimensionsChanged=false mLastSurfaceRotation=0 mDisplayWidth=1080 mDisplayHeight=1920
01-11 19:30:42.885  4616  4616 D ImageWallpaper: mNewKeyboard : 0 mLastKeyboard : 0 mForceDraw = false
01-11 19:30:42.885  4616  4616 D ImageWallpaper: redrawNeeded = false, mOffsetsChanged = false
01-11 19:30:42.885  4616  4616 D ImageWallpaper: Suppressed drawFrame since redraw is not needed and offsets have not changed.
01-11 19:30:43.257  3757  3757 D CustomFrequencyManagerService: releaseDVFSLockLocked : Getting Lock type frm List : DVFS_MIN_LIMIT  frequency : 2100000  uid : 1000  pid : 3757  tag : AMS_APP_HOME@CPU_MIN@7
01-11 19:30:43.388  3757  4354 D SamsungAlarmManager: Expired : 8
01-11 19:30:43.389  3757  4354 I SamsungAlarmManager: setLocked to kernel - T:3 / 20190111T193044, SetElapsed=453684287, nowELAPSED=453682717
01-11 19:30:43.391  3757  4354 V SamsungAlarmManager: Sending to uid : 1000 action=com.android.server.action.UPDATE_TWILIGHT_STATE alarm=Alarm{9dc1bf2 type 1 when 600000 android}
01-11 19:30:43.405  3757  3757 D SamsungAlarmManager: Cancel Alarm calling from uid:1000 pid :3757 / op:PendingIntent{267d243: PendingIntentRecord{33bba74 android broadcastIntent}}
01-11 19:30:43.421  3757  3757 D SamsungAlarmManager: setExact Intent (T:1/F:9/AC:false) 19691231T191000 - CU:1000/CP:3757
01-11 19:30:43.422  3757  3757 I SamsungAlarmManager: setLocked to kernel - T:3 / 20190111T193044, SetElapsed=453683733, nowELAPSED=453682750
01-11 19:30:43.565  3757  3773 I UsageStatsService: User[0] Flushing usage stats to disk
01-11 19:30:43.595  3757  4398 D InputReader: Input event(5): value=1 when=168732470391000
01-11 19:30:43.597  3757  4398 D InputReader: !@notifyKey(116), action=0
01-11 19:30:43.598  3757  4398 D InputManager-JNI: !@interceptKeyBeforeQueueing(116), action=0, interactive=true
01-11 19:30:43.610  3757  4398 I Telecom : TelecomFeature: getContactsPackageName: com.samsung.android.contacts: TSI.iR@atc
01-11 19:30:43.610  3757  4398 I Telecom : com.android.server.telecom.TelecomServiceImpl$1: getSystemDialerPackage: com.samsung.android.contacts: TSI.iR@atc
01-11 19:30:43.611  3757  4398 I Telecom : TelecomFeature: getContactsPackageName: com.samsung.android.contacts: TSI.iR@atc
01-11 19:30:43.611  3757  4398 I Telecom : com.android.server.telecom.TelecomServiceImpl$1: getSystemDialerPackage: com.samsung.android.contacts: TSI.iR@atc
01-11 19:30:43.612  3757  4398 D InputManager-JNI: !@handleInterceptActions(116), action=0, wmActions=0
01-11 19:30:43.785  3757  4398 D InputReader: Input event(5): value=0 when=168732660191000
01-11 19:30:43.785  3757  4398 D InputReader: !@notifyKey(116), action=1
01-11 19:30:43.785  3757  4398 D InputManager-JNI: !@interceptKeyBeforeQueueing(116), action=1, interactive=true
01-11 19:30:43.786  3757  4398 D PowerManagerService: [api] [s] goToSleep: 4 (uid: 1000 pid: 3757) eventTime = 168732470
01-11 19:30:43.786  3757  4398 I PowerManagerService: !@[ps] Screen__Off - 517 :  goToSleep:  (uid: 1000 pid: 3757) (4)
01-11 19:30:43.786  3757  4398 I PowerManagerService: Going to sleep due to power button (uid 1000)...
01-11 19:30:43.786  3757  4398 D InputManager-JNI: setInteractive(false)
01-11 19:30:43.786  3757  4398 D InputManager-JNI: setBlockDeviceFromNative
01-11 19:30:43.787  3757  4398 D InputManager: sBDM(): isSet=false deviceType=1 isForce=true caller=inputdispatcher.forcetouch
01-11 19:30:43.787  3757  4398 D InputManager: sBDM(): requested caller not exist!
01-11 19:30:43.787  3757  4398 D InputReader: mBlockedDevices=0x00000000
01-11 19:30:43.787  3757  4550 D NetworkPolicy: onScreenStateChanged, state: false, reason: 2
01-11 19:30:43.788  3757  3795 D DisplayPowerController: animateScreenStateChange[0]: target=1
01-11 19:30:43.788  3757  3795 D ColorFade: prepare: mode=4
01-11 19:30:43.788  4616 26914 D KeyguardViewMediator: onStartedGoingToSleep(2)
01-11 19:30:43.788  3757  4398 D PowerManagerService: mDisplayReady: false
01-11 19:30:43.788  6176  6176 V InputMethodManager: Starting input: tba=android.view.inputmethod.EditorInfo@740d995 nm : com.sec.android.app.launcher ic=null
01-11 19:30:43.788  6176  6176 I InputMethodManager: [IMM] startInputInner - mService.startInputOrWindowGainedFocus
01-11 19:30:43.788  3757  4398 D InputManager-JNI: !@handleInterceptActions(116), action=1, wmActions=0
01-11 19:30:43.789  3215  3215 I SurfaceFlinger: id=8808 createSurf (1080x1920),2 flag=404, DolorFade
01-11 19:30:43.789  3757  7204 D InputTransport: Input channel constructed: fd=457
01-11 19:30:43.790  3757  7204 D InputTransport: Input channel destroyed: fd=457
01-11 19:30:43.790  6176  6176 D InputTransport: Input channel constructed: fd=78
01-11 19:30:43.790  6176  6176 D InputTransport: Input channel destroyed: fd=76
01-11 19:30:43.792  4616 26914 D KeyguardViewMediator: Lock timeout lockAfterTimeout=5000 policyTimeout=0 displayTimeout=600000
01-11 19:30:43.792  4616 26914 D KeyguardViewMediator: timeout = 5000
01-11 19:30:43.795  8465  8465 E FullInputEventModel: onStartInput event aborted: com.touchtype.keyboard.e.p: could not obtain extracted text (class com.touchtype.keyboard.e.p)
01-11 19:30:43.797  4616 26914 D FactoryTest: checkAutomationTestOption() : option=0
01-11 19:30:43.797  4616 26914 D FactoryTest: checkAutomationTestOption() : mode_screenlock=0
01-11 19:30:43.799  4616 26914 D KeyguardViewMediator: notifyStartedGoingToSleep
01-11 19:30:43.800  4616  4616 D KeyguardFingerPrint: shouldListenForFingerprint ( isFingerprintEnabled = false , mKeyguardIsVisible = false , mDeviceInteractive = true , mBouncer = false , mGoingToSleep = true , mSwitchingUser = false , mFingerprintAlreadyAuthenticated = false , mKeyguardUnlocking = false
01-11 19:30:43.800  4616  4616 D KeyguardFingerPrint: shouldListenForFingerprint ( fingerprint is not enabled. ) 
01-11 19:30:43.800  4616  4616 V KeyguardFingerPrint: stopListeningForFingerprint()
01-11 19:30:43.800  4616  4616 D KeyguardViewMediator: handleNotifyStartedGoingToSleep
01-11 19:30:43.800  3757  3795 D mali_winsys: EGLint new_window_surface(egl_winsys_display*, void*, EGLSurface, EGLConfig, egl_winsys_surface**, egl_color_buffer_format*, EGLBoolean) returns 0x3000,  [1080x1920]-format:1
01-11 19:30:43.831  3757  3795 D ColorFade: ColorFade is ready
01-11 19:30:43.832  3757  3795 D DisplayPowerController: ColorFade: onAnimationStart
01-11 19:30:43.832  3757  3795 D DisplayPowerController: [Dual Screen Compatible] state[0] :2
01-11 19:30:43.880  3757  3774 D CompatibilityInfo: mCompatibilityFlags - 0
01-11 19:30:43.880  3757  3774 D CompatibilityInfo: applicationDensity - 420
01-11 19:30:43.880  3757  3774 D CompatibilityInfo: applicationScale - 1.0
01-11 19:30:43.881  3757  3774 I ActivityManager: Waited long enough for: ServiceRecord{e159171 u0 com.verizon.messaging.vzmsgs/com.verizon.messaging.ott.sdk.service.MessagingService}
01-11 19:30:43.923  3757 32083 D AppWidgetServiceImpl: updateAppWidgetInstanceLocked, merge! widget = AppWidgetId{3:Host{HostId{user:0, app:10081, hostId:1024, pkg:com.sec.android.app.launcher}}:Provider{ProviderId{user:0, app:10062, cmp:ComponentInfo{com.google.android.googlequicksearchbox/com.google.android.googlequicksearchbox.SearchWidgetProvider}}}}
01-11 19:30:43.925  3757  3757 D AppWidgetServiceImpl: handleNotifyUpdateAppWidget, w = AppWidgetId{3:Host{HostId{user:0, app:10081, hostId:1024, pkg:com.sec.android.app.launcher}}:Provider{ProviderId{user:0, app:10062, cmp:ComponentInfo{com.google.android.googlequicksearchbox/com.google.android.googlequicksearchbox.SearchWidgetProvider}}}}, isBlackListWidget = false, mIsPolicySeqNum = true, mIsPolicyTooLarge = true, mIsPolicySkipMerge = true
01-11 19:30:43.925  3757  3757 D AppWidgetServiceImpl: handleNotifyUpdateAppWidget, seqNumber = 29
01-11 19:30:43.933  6176  6176 V LauncherAppWidgetHostView: calculateWidgetSize: (target widgetsize)  using w/h 997 260 span 5 1 (widgetid 2) [current Gridsize : GRID_5x5]
01-11 19:30:43.934  6176  6176 D LauncherAppWidgetHostView: calculateWidgetSize() widget = Weather and Clock(widget id = 2) result hostview size = 1297 x 338
01-11 19:30:43.934  6176  6176 D LauncherAppWidgetHostView: setResizeScaleResult() 1297/ 338 scaleToResize = 0.76869696(widget id = 2)
01-11 19:30:43.934  6176  6176 V LauncherAppWidgetHostView: calculateWidgetSize: (target widgetsize)  using w/h 997 260 span 5 1 (widgetid 3) [current Gridsize : GRID_5x5]
01-11 19:30:43.934  6176  6176 D LauncherAppWidgetHostView: calculateWidgetSize() widget = Google(widget id = 3) result hostview size = 1297 x 338
01-11 19:30:43.934  6176  6176 D LauncherAppWidgetHostView: setResizeScaleResult() 1297/ 338 scaleToResize = 0.76869696(widget id = 3)
01-11 19:30:44.113  3757  4398 D InputReader: Input event(3): value=1 when=168732988903000
01-11 19:30:44.113  3757  4398 D InputReader: Input event(3): value=1 when=168732988903000
01-11 19:30:44.113  3757  4398 I InputReader: Touch event's action is 0x0 (deviceType=0) [pCnt=1, s=0.19076 ] when=168732988903000
01-11 19:30:44.133  3757  3795 D DisplayPowerState: !@ [0] ColorFade entry
01-11 19:30:44.133  3757  3795 D PowerManagerService: [input device light] onColorFadeExit(false)
01-11 19:30:44.134  3757  3795 D DisplayPowerController: ColorFade: onAnimationEnd
01-11 19:30:44.136  3757  3795 D DisplayPowerController: animateScreenStateChange[0]: target=1
01-11 19:30:44.136  3757  3795 D DisplayPowerController: [M OS] 0 REPORTED_TO_POLICY_SCREEN_* -> REPORTED_TO_POLICY_SCREEN_OFF.
01-11 19:30:44.137  3757  4553 D lights  : lcd : 0 +
01-11 19:30:44.137  3757  3795 D ActivityTrigger: ActivityTrigger activityPauseTrigger 
01-11 19:30:44.137  3757  3795 D GameManagerService: sem_perfomance_mode: 0
01-11 19:30:44.139  6176  6176 D Launcher: onPause, Launcher: 226668512
01-11 19:30:44.139  6176  6176 D Launcher.HomeView: onPause
01-11 19:30:44.139  6176  6176 D Launcher.Workspace: exitWidgetResizeMode. isClearResizeFrame is false
01-11 19:30:44.142  3757  4553 D lights  : lcd : 0 -
01-11 19:30:44.188  3757  3795 D SemContextService: removeListener() : Listener = com.samsung.android.hardware.context.SemContextService$Listener@97868d8, Service = Auto Rotation, used = 0
01-11 19:30:44.188  3757  7216 D ActivityManager: clearAppIconInfo()
01-11 19:30:44.189  3757  3795 W CAE     : unregisterCallback(ContextAwareService.java:217) - [unregi 01] Mutex is locked for AUTO_ROTATION
01-11 19:30:44.189  3757  3774 D ActivityTrigger: ActivityTrigger activityStopTrigger 
01-11 19:30:44.190  3757  3795 V CAE     : stop(ContextProvider.java:155)
01-11 19:30:44.192  3757  3795 V CAE     : clear(AutoRotationRunner.java:182)
01-11 19:30:44.193  3757  3795 V CAE     : disable(AutoRotationRunner.java:171)
01-11 19:30:44.194  3757  3795 I CAE     : sendCmdToSensorHub(SensorHubCommManager.java:162) - -78, 7, 0, 0,
01-11 19:30:44.194  3757  3795 D SensorHubManager: SendSensorHubData: send data = -78, 7, 0, 0
01-11 19:30:44.196  3227  3262 D Sensorhubs: sendContextData: -78, 7, 0, 0
01-11 19:30:44.202  6176  6176 D MenuAppsGridFragment: onStop
01-11 19:30:44.202  6176  6176 D Launcher.HomeView: onStop
01-11 19:30:44.203  6176  6176 D capture : ----destroy
01-11 19:30:44.204  3757  3795 D CAE     : getFaultDetectionResult(AutoRotationRunner.java:195) - true
01-11 19:30:44.205  3757  3795 I CAE     : notifyCmdProcessResultObserver(ContextProvider.java:627) - CheckResult = 0, Cause = Success
01-11 19:30:44.210 10611 20167 I PBSessionCacheImpl: Deleted sessionId[46669218767590203] from persistence.
01-11 19:30:44.217  3757  3795 D CAE     : doCommendProcess(ContextAwareService.java:444) - complete notify the operation result.
01-11 19:30:44.220  3757  3795 I CAE     : displayUsedCountForService(ContextAwareService.java:536) - totalCnt = 0, serviceCount = 0, subCollectionCount = 0
01-11 19:30:44.220 10611 10642 W SearchServiceCore: Abort, client detached.
01-11 19:30:44.220  3757  3795 D CAE     : showListenerList(ContextAwareService.java:377) - ===== Context Aware Service List =====
01-11 19:30:44.221  3757  3795 I CAE     : showListenerList(ContextAwareService.java:386) - Listener : com.samsung.android.contextaware.manager.ContextAwareService$Listener@ede0346, Service : ACTIVITY_TRACKER_CURRENT_INFO(1)
01-11 19:30:44.221  3757  3795 I CAE     : showListenerList(ContextAwareService.java:386) - Listener : com.samsung.android.contextaware.manager.ContextAwareService$Listener@ede0346, Service : ACTIVITY_TRACKER(1)
01-11 19:30:44.222  3757  3795 I CAE     : showListenerList(ContextAwareService.java:386) - Listener : com.samsung.android.contextaware.manager.ContextAwareService$Listener@a1e54e0, Service : PEDOMETER(1)
01-11 19:30:44.223  3757  3795 I CAE     : showListenerList(ContextAwareService.java:386) - Listener : com.samsung.android.contextaware.manager.ContextAwareService$Listener@a1e54e0, Service : PEDOMETER_CURRENT_INFO(1)
01-11 19:30:44.223  3757  3795 I CAE     : showListenerList(ContextAwareService.java:386) - Listener : com.samsung.android.contextaware.manager.ContextAwareService$Listener@be8214b, Service : ACTIVITY_TRACKER_BATCH(1)
01-11 19:30:44.224  3757  3795 I CAE     : showListenerList(ContextAwareService.java:386) - Listener : com.samsung.android.contextaware.manager.ContextAwareService$Listener@18edc41, Service : STEP_LEVEL_MONITOR(1)
01-11 19:30:44.225  3757  3795 I CAE     : showListenerList(ContextAwareService.java:386) - Listener : com.samsung.android.contextaware.manager.ContextAwareService$Listener@4e90faf, Service : SENSOR_STATUS_CHECK_RUNNER(1)
01-11 19:30:44.226  3757  3795 W CAE     : unregisterCallback(ContextAwareService.java:252) - [unregi 02] Mutex is unlocked for AUTO_ROTATION
01-11 19:30:44.226  3757  3795 D SemContextService: 	.unregisterCallback : 5, client=
01-11 19:30:44.226  3757  3795 D SemContextService: ===== SemContext Service List =====
01-11 19:30:44.226  3757  3795 D SemContextService: Listener : com.samsung.android.hardware.context.SemContextService$Listener@8069509, Service : Pedometer
01-11 19:30:44.226  3757  3795 D SemContextService: Listener : com.samsung.android.hardware.context.SemContextService$Listener@8069509, Service : Step Level Monitor
01-11 19:30:44.226  3757  3795 D SemContextService: Listener : com.samsung.android.hardware.context.SemContextService$Listener@6fd3728, Service : Activity Batch
01-11 19:30:44.226  3757  3795 D SemContextService: Listener : com.samsung.android.hardware.context.SemContextService$Listener@a5d2fbc, Service : Sensor Status Check
01-11 19:30:44.226  3757  3795 D SemContextService: Listener : com.samsung.android.hardware.context.SemContextService$Listener@a95049f, Service : Activity Tracker
01-11 19:30:44.226  3757  3795 D SemContextManager:   .unregisterListener : listener = android.hardware.scontext.SContextManager$SContextListenerDelegate@1fb3709, service=Auto Rotation
01-11 19:30:44.226  3757  3795 D SContextManager:   .unregisterListener : listener = com.android.server.policy.WindowOrientationListener$OrientationSensorJudge@9949c3f, service=Auto Rotation
01-11 19:30:44.226  3757  3795 V KeyguardServiceDelegate: onScreenTurnedOff()
01-11 19:30:44.227  4616 30756 D KeyguardViewMediator: notifyScreenTurnedOff
01-11 19:30:44.227  4616  4616 D KeyguardViewMediator: handleNotifyScreenTurnedOff
01-11 19:30:44.227  4616  4616 D vol.SecVolumeDialog: onScreenTurnedOff()
01-11 19:30:44.227  4616  4616 D vol.SecVolumeDialog: dismissH reason: 4
01-11 19:30:44.228  4616  4616 D vol.SecVolumeDialog: dismissH : false
01-11 19:30:44.228  3757  3795 D DisplayPowerController: mWindowManagerPolicy.screenTurnedOff(0)
01-11 19:30:44.228  3757  3795 D DisplayPowerController: [Dual Screen Compatible] state[0] :1
01-11 19:30:44.228  3757  3795 D DisplayPowerController: Animating brightness: target=0, rate=0 (PSM:true, AB limit:(-1 ~ -1) MB Limit:(-1 ~ -1))
01-11 19:30:44.231  3757  3795 D DisplayPowerController: animateScreenStateChange[0]: target=1
01-11 19:30:44.231  3757  3795 D DisplayPowerController: [Dual Screen Compatible] state[0] :1
01-11 19:30:44.231  3757  3795 D DisplayPowerController: Animating brightness: target=0, rate=0 (PSM:true, AB limit:(-1 ~ -1) MB Limit:(-1 ~ -1))
01-11 19:30:44.231  3757 10643 I MateSvc|AgentSvcRelay: relay action 0x210002
01-11 19:30:44.232  4616  4616 D LockIcon: state = 0, mLastState = 5, mDeviceInteractive = true, mLastDeviceInteractive = true, mScreenOn = false, mLastScreenOn = true,  force = false
01-11 19:30:44.233  3757 10643 W ActivityManager: Unable to start service Intent { cmp=com.samsung.android.mateagent/.interact.AgentService launchParam=MultiScreenLaunchParams { mDisplayId=0 mFlags=0 } } U=0: not found
01-11 19:30:44.233  3757 20751 D MISC PowerHAL: sysfs_write +: /sys/class/input/event2/device/enabled: 0
01-11 19:30:44.234  3757 20751 D MISC PowerHAL: sysfs_write -: /sys/class/input/event2/device/enabled: 0
01-11 19:30:44.234  3757 20752 D MISC PowerHAL: sysfs_write +: /sys/class/input/event0/device/enabled: 0
01-11 19:30:44.234  3757 20753 D MISC PowerHAL: sysfs_write +: /sys/class/input/event1/device/enabled: 0
01-11 19:30:44.236  3757  4398 D InputReader: Input event(3): value=0 when=168733111544000
01-11 19:30:44.236  3757  4398 D InputReader: Input event(3): value=0 when=168733111544000
01-11 19:30:44.236  3757  4398 I InputReader: Touch event's action is 0x1 (deviceType=0) [pCnt=1, s=] when=168733111544000
01-11 19:30:44.236  3757 20752 D MISC PowerHAL: sysfs_write -: /sys/class/input/event0/device/enabled: 0
01-11 19:30:44.241  3757 20753 D MISC PowerHAL: sysfs_write -: /sys/class/input/event1/device/enabled: 0
01-11 19:30:44.242  3757  3800 D MISC PowerHAL: sysfs_write +: /sys/class/power_supply/battery/lcd: 0
01-11 19:30:44.243  3757  3800 D MISC PowerHAL: sysfs_write -: /sys/class/power_supply/battery/lcd: 0
01-11 19:30:44.243  3757  3800 D DisplayManagerService: !@display_state: ON -> OFF brightness: 0 -> 0
01-11 19:30:44.245  3757  3793 I DisplayManagerService: Display device changed state: "Built-in Screen", OFF
01-11 19:30:44.246  3215  3215 D SurfaceFlinger: Set power mode=0, type=0 flinger=0x7effa88e80
01-11 19:30:44.246  3215  3215 I hwcomposer: int exynos_setPowerMode(struct hwc_composer_device_1 *, int, int):: disp(0), mode(0)
01-11 19:30:44.255  3757  3757 D GameManagerService: onDisplayChanged. displyId: 0
01-11 19:30:44.256  3757  3757 D GameManagerService: dpi: 420, longPixel: 1920, shortPixel: 1080
01-11 19:30:44.284  4616  4616 D ImageWallpaper: onVisibilityChanged: mVisible, visible=true, false
01-11 19:30:44.284  4616  4616 D ImageWallpaper: Visibility changed to visible=false
01-11 19:30:44.404  5689  5689 D io_stats: !@   8,0 r 1956219 59437352 w 1948227 44025988 d 315517 23225888 f 508946 508820 iot 3104190 1736578 th 61440 61440 43080 pt 9550 inp 0 0 168733.278
01-11 19:30:44.405  3757  4354 D SamsungAlarmManager: Expired : 8
01-11 19:30:44.407  3757  4354 I SamsungAlarmManager: setLocked to kernel - T:3 / 20190111T193044, SetElapsed=453684287, nowELAPSED=453683735
01-11 19:30:44.408  3757  4354 V SamsungAlarmManager: Sending to uid : 1000 action=com.android.server.action.UPDATE_TWILIGHT_STATE alarm=Alarm{82b4f9f type 1 when 600000 android}
01-11 19:30:44.419  3757  3757 D SamsungAlarmManager: Cancel Alarm calling from uid:1000 pid :3757 / op:PendingIntent{ad88ec: PendingIntentRecord{33bba74 android broadcastIntent}}
01-11 19:30:44.433  3757  3757 D SamsungAlarmManager: setExact Intent (T:1/F:9/AC:false) 19691231T191000 - CU:1000/CP:3757
01-11 19:30:44.437  3757  3800 D SurfaceControl: Excessive delay in setPowerMode(): 191ms
01-11 19:30:44.438  3757  3800 D PowerManagerUtil: Excessive delay in !@display_state: OFF: 194ms
01-11 19:30:44.438  3757  3795 D DisplayPowerController: animateScreenStateChange[0]: target=1
01-11 19:30:44.438  3757  3800 I libsuspend: !@autosuspend_wakeup_count_enable
01-11 19:30:44.438  3757  3795 D DisplayPowerController: [Dual Screen Compatible] state[0] :1
01-11 19:30:44.438  3757  3800 I libsuspend: !@autosuspend_wakeup_count_enable done
01-11 19:30:44.438  3757  3795 D DisplayPowerController: Animating brightness: target=0, rate=0 (PSM:true, AB limit:(-1 ~ -1) MB Limit:(-1 ~ -1))
01-11 19:30:44.439  3757  3800 D PowerManagerUtil: Excessive delay in DisplayManagerInternal.requestDesiredDisplayState: 209ms
01-11 19:30:44.439  3757  3795 I PowerManagerService: [PWL] Off : 0s ago
01-11 19:30:44.439  3757  3795 I PowerManagerService: [PWL]   PowerManagerService.WakeLocks: ref count=1
01-11 19:30:44.439  3757  3795 I PowerManagerService: [PWL]     mWakeLockSummary : 0x1
01-11 19:30:44.439  3757  3795 I PowerManagerService: [PWL]       PARTIAL_WAKE_LOCK              'AudioIn' (uid=1041, pid=0, ws=WorkSource{10062}) (uid=1041, pid=0, ws=WorkSource{10062}, pkg=audioserver, elapsedTime=83507)
01-11 19:30:44.439  3757  3795 I PowerManagerService: [PWL]       PARTIAL_WAKE_LOCK              'AudioMix' (uid=1041, pid=0, ws=null) (uid=1041, pid=0, ws=null, pkg=audioserver, elapsedTime=16819)
01-11 19:30:44.439  3757  3795 I PowerManagerService: [PWL]   PowerManagerService.Display: ref count=2
01-11 19:30:44.439  3757  3795 I PowerManagerService: [PWL]     mUserActivitySummary : 0x1
01-11 19:30:44.439  3757  3795 I PowerManagerService: [PWL]     mDisplayReady : false
01-11 19:30:44.439  3757  3795 D DisplayPowerController: animateScreenStateChange[0]: target=1
01-11 19:30:44.440  3757  3795 D DisplayPowerController: [Dual Screen Compatible] state[0] :1
01-11 19:30:44.440  3757  3795 D DisplayPowerController: Animating brightness: target=0, rate=0 (PSM:true, AB limit:(-1 ~ -1) MB Limit:(-1 ~ -1))
01-11 19:30:44.440  3757  3795 D PowerManagerService: [s] DisplayPowerCallbacks : onStateChanged()
01-11 19:30:44.440  3757  3795 D PowerManagerService: mDisplayReady: true
01-11 19:30:44.440  3757  3795 D PowerManagerService: [PWL] sb acquire: PowerManagerService.Dozing
01-11 19:30:44.440  3757  3795 D PowerManagerService: [PWL] sb release: PowerManagerService.Display
01-11 19:30:44.440  3757  3795 D PowerManagerService: handleSandman : startDreaming: true  (canDreamLocked: false  canDozeLocked: true)
01-11 19:30:44.440  3757  3795 D PowerManagerService: handleSandman : startDream(true)
01-11 19:30:44.441  3757  3795 E PowerManagerService: handleSandman : startDreaming, but isDreaming false
01-11 19:30:44.441  3757  3795 I PowerManagerService: Sleeping (uid 1000)...
01-11 19:30:44.441  3757  3795 D PowerManagerService: [s] UserActivityState : 1 -> 0
01-11 19:30:44.441  3757  3795 D PowerManagerService: [PWL] sb acquire: PowerManagerService.Broadcasts
01-11 19:30:44.442  3757  3795 D PowerManagerService: [PWL] sb release: PowerManagerService.Dozing
01-11 19:30:44.443  3757  4550 D PersonaManagerService: onfinishedGoingToSleep why = 2
01-11 19:30:44.443  4616  4642 D KeyguardViewMediator: onFinishedGoingToSleep(2)
01-11 19:30:44.443  4616  4642 D KeyguardViewMediator: notifyFinishedGoingToSleep
01-11 19:30:44.444  3757  3805 D PersonaManagerServiceHandler: MSG_ACTION_SCREEN_OFF called
01-11 19:30:44.450  4616  4642 D FactoryTest: checkAutomationTestOption() : option=0
01-11 19:30:44.451  4616  4642 D FactoryTest: checkAutomationTestOption() : mode_screenlock=0
01-11 19:30:44.452  4616  4642 D KeyguardViewMediator: doKeyguard: showing the lock screen
01-11 19:30:44.452  4616  4642 D KeyguardViewMediator: showLocked
01-11 19:30:44.457  4616  4616 D KeyguardViewMediator: handleNotifyFinishedGoingToSleep
01-11 19:30:44.458  4616  4616 D WallpaperViewController: onScreenTurnedOff
01-11 19:30:44.458  4616  4616 D WallpaperViewController: mWallpaperView.onPause()
01-11 19:30:44.461  4616  4616 D KeyguardViewMediator: handleShow
01-11 19:30:44.464  3757  5902 D WallpaperManagerService: getDCMLauncherEnabled false
01-11 19:30:44.465  4616  4616 I StatusBarWindowManager: isExpanded:true, true, false, false, false, false
01-11 19:30:44.465  4616  4616 I StatusBarWindowManager: applyHeight:-1
01-11 19:30:44.468  4616  4616 D KeyguardWallpaperController: mShowing=true, mOccluded=false, mFadingAway=false, match_parent=false
01-11 19:30:44.471  3757  9599 D SSRM:t  : SIOP:: AP = 380, PST = 339 (W:10), CP = 234, CUR = 560, LCD = 0
01-11 19:30:44.473  3757  9599 D ConnectivityService: filterNetworkStateForUid() uid: 1000 networkInfo: [type: WIFI[] - WIFI, state: CONNECTED/CONNECTED, reason: (unspecified), extra: "wilkinson2.4", failover: false, available: true, roaming: false, metered: false]
01-11 19:30:44.473  3757  3757 D LightsService: [api] [SvcLED] setFlashing :: id = 5, color = 0, mode = 10, onMS = 0, offMS = 0,  (uid: 1000 pid: 3757) 
01-11 19:30:44.473  3757  3757 D PowerManagerUtil: fileWriteString to /sys/power/wake_lock, LightsService
01-11 19:30:44.473  4616  4616 V KeyguardUpdateMonitor: *** register callback for com.android.keyguard.KeyguardHostView$1@d98f1fb
01-11 19:30:44.473  4616  4616 V KeyguardUpdateMonitor: *** unregister callback for null
01-11 19:30:44.475  3757  3757 D LightsService: [SvcLED] setSvcLedStateLocked:: SvcLEDState : 0x0 -> 0x10 | SvcLED(id=5) set On
01-11 19:30:44.477  3757  3757 I LightSensor: Light old sensor_state 0, new sensor_state : 512 en : 1
01-11 19:30:44.477  4616  4616 V KeyguardUpdateMonitor: *** register callback for com.android.keyguard.KeyguardSecurityContainer$1@6fbb218
01-11 19:30:44.477  4616  4616 V KeyguardUpdateMonitor: *** unregister callback for null
01-11 19:30:44.477  4616  4616 D KnoxStateMonitor: MDM is not enabled...
01-11 19:30:44.477  4616  4616 V SettingsHelper: *** register listener for com.android.keyguard.KeyguardSecurityContainer$2@ffe5471
01-11 19:30:44.481  4616  4616 D KeyguardSecurityView: doWipeOutIfMaxFailedAttemptsSinceBoot( failedAttemptsBeforeWipe = 15 , failedAttempts = 0 )
01-11 19:30:44.486  3757  3757 D SensorManager: registerListener :: 6, TMD4903 RGB Sensor, 200000, 0,  
01-11 19:30:44.486  3757  3757 D BatteryService: turn on LED for charging
01-11 19:30:44.488  4616  4616 V KeyguardSecurityView: showPrimarySecurityScreen(turningOff=false)
01-11 19:30:44.488  4616  4616 D KeyguardSecurityView: showSecurityScreen(Pattern)
01-11 19:30:44.488  4616  4616 V KeyguardSecurityView: inflating id = 2130968688
01-11 19:30:44.494  3757  9599 D TelephonyManager: getAllCellInfo : Caller (PID / UID / TID): 3757 / 1000 / 9599
01-11 19:30:44.497  4616  4616 V KeyguardUpdateMonitor: *** register callback for com.android.keyguard.KeyguardMessageArea$2@ad2c6ad
01-11 19:30:44.497  4616  4616 V KeyguardUpdateMonitor: *** unregister callback for null
01-11 19:30:44.503  4616  4616 V KeyguardUpdateMonitor: *** register callback for com.android.keyguard.KeyguardMessageArea$2@a6aac30
01-11 19:30:44.503  3757  3757 I CAE     : handleMessage(CaPowerManager.java:182) - AP_SLEEP
01-11 19:30:44.503  4616  4616 V KeyguardUpdateMonitor: *** unregister callback for null
01-11 19:30:44.503  3757  3757 I CAE     : updateApPowerStatus(SensorHubParserProvider.java:451) - AP_SLEEP
01-11 19:30:44.507  3757  9599 D GamePkgDataHelper: getGamePkgData(). com.sec.android.app.launcher
01-11 19:30:44.507  3757  9599 D GameManagerService: identifyGamePackage. com.sec.android.app.launcher
01-11 19:30:44.507  4616  4616 D LockDecoPatternView: LockDecoPatternView()
01-11 19:30:44.508  3757  3757 I CAE     : sendCmdToSensorHub(SensorHubCommManager.java:162) - -76, 13, -46, 0,
01-11 19:30:44.508  3757  3757 D SensorHubManager: SendSensorHubData: send data = -76, 13, -46, 0
01-11 19:30:44.509  3227  3227 D Sensorhubs: sendContextData: -76, 13, -46, 0
01-11 19:30:44.517  4616  4616 W Settings: Setting airplane_mode_on has moved from android.provider.Settings.System to android.provider.Settings.Global, returning read-only global URI.
01-11 19:30:44.517  3757  3757 I CAE     : sendCmdToSensorHub(SensorHubCommManager.java:162) - -63, 14, 0, 30, 44,
01-11 19:30:44.517  3757  3757 D SensorHubManager: SendSensorHubData: send data = -63, 14, 0, 30, 44
01-11 19:30:44.518  3227 28468 D Sensorhubs: sendContextData: -63, 14, 0, 30, 44
01-11 19:30:44.518  3757  9599 D GameManagerService: identifyGamePackage. com.sec.android.app.launcher
01-11 19:30:44.520  3757  9599 D GameManagerService: identifyGamePackage. com.sec.android.app.launcher
01-11 19:30:44.525  3757  4440 I Telecom : TelecomFeature: getContactsPackageName: com.samsung.android.contacts: TSI.iIC@atg
01-11 19:30:44.526  3757  4440 I Telecom : com.android.server.telecom.TelecomServiceImpl$1: getSystemDialerPackage: com.samsung.android.contacts: TSI.iIC@atg
01-11 19:30:44.528  3757  3757 D ClientCertificateManager Service: updateLockStatus, user.id 0
01-11 19:30:44.528  3757  3757 I         : CCM JNI: In ccm_update_lock_status
01-11 19:30:44.528  3757  4440 I Telecom : TelecomFeature: getContactsPackageName: com.samsung.android.contacts: TSI.iIC@atg
01-11 19:30:44.528  3757  3757 I TZ_CCM_C_Initialize: : DEBUG_CONTAINER_PROBLEM Enter TZ_CCM_C_Initialize_TLC!
01-11 19:30:44.528  3757  3757 I TZ_CCM_C_Initialize: : pInitArgs 0x7ff565ad40 has not called C_Init before.
01-11 19:30:44.528  3757  3757 I TZ_CCM_C_Initialize: : &ctx = 0x7851f892c8
01-11 19:30:44.528  3757  4440 I Telecom : com.android.server.telecom.TelecomServiceImpl$1: getSystemDialerPackage: com.samsung.android.contacts: TSI.iIC@atg
01-11 19:30:44.528  3757  3757 E TZ: client_server_communication: comm_request(0x7839440000) pImpl->serverName : CCM 
01-11 19:30:44.528  3757  3757 E TZ: client_server_communication: comm_request(0x7839440000) <IClientServer>pImpl->sconn : 0x78498dcf80 
01-11 19:30:44.528  3757  3757 E TZ: client_server_communication: comm_request(0x7839440000) <IClientServer>pImpl->sconn->getInterfaceDescriptor() : CCM 
01-11 19:30:44.528  3757  3757 I TZ: client_server_communication: Cmd id = 47, len = 19456
01-11 19:30:44.528  3757  3757 I TZ: client_server_communication: Calling Communicate()
01-11 19:30:44.530  4369  4376 I TLC_SERVER: BnTLCServer::onTransact(2) 16
01-11 19:30:44.530  4369  4376 I TLC_SERVER: COMM
01-11 19:30:44.535  3757 32083 I Telecom : TelecomFeature: getContactsPackageName: com.samsung.android.contacts: TSI.iIC@atk
01-11 19:30:44.536  3757 32083 I Telecom : com.android.server.telecom.TelecomServiceImpl$1: getSystemDialerPackage: com.samsung.android.contacts: TSI.iIC@atk
01-11 19:30:44.537  3757  3757 I TZ_CCM_C_Finalize: : DEBUG_CONTAINER_PROBLEM Exercising TZ_CCM_C_Finalize_TLC
01-11 19:30:44.537  3757  3757 I TZ_CCM_C_Finalize: : There are connections; No C_Finalize for pInitArgs 0x7ff565ad40 
01-11 19:30:44.538  3757 32083 I Telecom : TelecomFeature: getContactsPackageName: com.samsung.android.contacts: TSI.iIC@atk
01-11 19:30:44.538  3757 32083 I Telecom : com.android.server.telecom.TelecomServiceImpl$1: getSystemDialerPackage: com.samsung.android.contacts: TSI.iIC@atk
01-11 19:30:44.540  3757  3757 D UniversalCredentialManagerService: inside mBReciever onReceive : android.intent.action.SCREEN_OFF
01-11 19:30:44.541  4616  4616 V KeyguardUpdateMonitor: *** register callback for com.android.keyguard.KeyguardPatternView$2@64bd148
01-11 19:30:44.541  4616  4616 V KeyguardUpdateMonitor: *** unregister callback for null
01-11 19:30:44.542  4616  4616 D LockDecoPatternView: updateChildViewsLook() reason=0
01-11 19:30:44.542  4616  4616 D LockDecoPatternView: loadDecoPatternResources() hasResource=false
01-11 19:30:44.542  3757  3757 D UniversalCredentialManagerService: ****MSG_LOCK_STATUS_UPDATE block started****
01-11 19:30:44.542  3757  3757 D UniversalCredentialManagerService: notifyChangeToPlugin is called for Lock status update...
01-11 19:30:44.542  3757  3757 D UcmService: notifyChangeToPlugin event 15
01-11 19:30:44.542  3757  3757 D UcmService: checkCallerPermissionFor is called for method-notifyChangeToPlugin
01-11 19:30:44.543  3757  3757 I UcmService: checkIfNotify for cs Name = com.samsung.ucs.agent.boot:com.samsung.ucs.agent.boot Package name = com.samsung.ucs.agent.boot
01-11 19:30:44.543  3757  3757 D UcmService: notifying to unmanaged plugin
01-11 19:30:44.545  9678  9690 D BootAgentService: notifyChange eventId-15
01-11 19:30:44.546  3757  3757 D UcmService: activeAgent com.samsung.ucs.agent.boot:com.samsung.ucs.agent.boot notify status - -1
01-11 19:30:44.546  3757  3757 D UcmService: activeAgent status--1
01-11 19:30:44.546  3757  3757 D UniversalCredentialManagerService: ****MSG_LOCK_STATUS_UPDATE block ended****
01-11 19:30:44.554  3757  5063 D WallpaperManagerService: getDCMLauncherEnabled false
01-11 19:30:44.554  4616  4616 I StatusBarWindowManager: isExpanded:true, true, false, false, false, false
01-11 19:30:44.554  4616  4616 I StatusBarWindowManager: applyHeight:-1
01-11 19:30:44.554  3757  3774 D CompatibilityInfo: mCompatibilityFlags - 0
01-11 19:30:44.554  3757  3774 D CompatibilityInfo: applicationDensity - 420
01-11 19:30:44.554  3757  3774 D CompatibilityInfo: applicationScale - 1.0
01-11 19:30:44.561  4616  4616 V KeyguardUpdateMonitor: *** register callback for com.android.keyguard.CarrierText$1@877ffc7
01-11 19:30:44.561  4616  4616 V KeyguardUpdateMonitor: *** unregister callback for null
01-11 19:30:44.561  4616  4616 D CarrierText: updateCarrierText(): 1,DefaultText = No network connection
01-11 19:30:44.568  4616  4616 D CarrierText: Handling (subId=1): READY Verizon Wireless
