01-07 15:43:05.703 13131 13131 V InputMethodManager: Starting input: tba=android.view.inputmethod.EditorInfo@8e88ab0 nm : com.GeekTechnique.InfinityStack ic=null
01-07 15:43:05.709 13131 13155 D UE4     : [2019.01.07-20.43.05:709][  0]LogStats: UGameplayTagsManager::ConstructGameplayTagTree: ImportINI prefixes -  0.000 s
01-07 15:43:05.709 13131 13155 D UE4     : [2019.01.07-20.43.05:709][  0]LogStats: UGameplayTagsManager::ConstructGameplayTagTree: Construct from data asset -  0.000 s
01-07 15:43:05.710 13131 13155 D UE4     : [2019.01.07-20.43.05:709][  0]LogStats: UGameplayTagsManager::ConstructGameplayTagTree: ImportINI -  0.000 s
01-07 15:43:05.710 13131 13155 D UE4     : [2019.01.07-20.43.05:710][  0]LogStats: UGameplayTagsManager::ConstructGameplayTagTree: GameplayTagTreeChangedEvent.Broadcast -  0.000 s
01-07 15:43:05.712  4616  4838 D Tile.AirplaneModeTile: # of NON-poweroff( in servicestate) : 1
01-07 15:43:05.712  4616  4838 D Tile.AirplaneModeTile:  handleUpdateState:  value false  state.dim false
01-07 15:43:05.715  3757 29838 I TZ: mc_tlc_communication: tlc_open() succeeded
01-07 15:43:05.715  3757 29838 I TLC_TZ_KEYSTORE: : ctx = 0x781fc17e60, comm = 0x781fc17da0, sendmsg = 0x7837fa2000, recvmsg = 0x7837fa2440
01-07 15:43:05.715  3757 29838 I TZ_init: : TZ_init: fips_init_TLC sending initialization request...
01-07 15:43:05.715  3757 29838 I TZ_init: : TZ_init: sending initialization request...
01-07 15:43:05.718  3757  3757 D AccessibilityManagerService: readMagniferWindowEnabledSettingLocked() magniferWindowEnabled = false/ userState.mIsMagniferWindowEnabled = false
01-07 15:43:05.718  3757  3757 D KnoxVpnEngineService: Vpn Receiver : android.intent.action.USER_PRESENT
01-07 15:43:05.718  3757  3757 D LightsService: [api] [SvcLED] turnOff:: id = 6 (uid: 1000 pid: 3757) 
01-07 15:43:05.718  3757  3757 D PowerManagerUtil: fileWriteString to /sys/power/wake_lock, LightsService
01-07 15:43:05.718  4616 13307 D KeyguardUpdateMonitor: broadcasted intent= Intent { act=com.samsung.keyguard.KEYGUARD_STATE_UPDATE launchParam=MultiScreenLaunchParams { mDisplayId=0 mFlags=0 } (has extras) }
01-07 15:43:05.719  3757  3757 D LightsService: [SvcLED] setSvcLedStateLocked:: SvcLEDState : 0x0 -> 0x0 | SvcLED(id=6) set Off
01-07 15:43:05.719  3757  3757 I MdnieScenarioControlService: action  :  android.intent.action.USER_PRESENT
01-07 15:43:05.719  4616  4616 I StatusBarWindowManager: isExpanded:true, false, false, true, false, false
01-07 15:43:05.719  4616  4616 I StatusBarWindowManager: applyHeight:-1
01-07 15:43:05.719  4616  4616 I StatusBarWindowManager: isExpanded:true, false, false, true, false, false
01-07 15:43:05.719  4616  4616 I StatusBarWindowManager: applyHeight:-1
01-07 15:43:05.719  3757  3799 D LightsService: [SvcLED] handleForcedSvcLEDTask()
01-07 15:43:05.719  4616  4616 D PhoneStatusBar: disable: < expand icons alerts system_info back home recent clock search quick_settings >
01-07 15:43:05.719  3757  3799 D LightsService: [SvcLED]  setSvcLedLightLocked :: Current SvcLED(id=5) maintains its priority right
01-07 15:43:05.719  4616  4616 D vol.SecVolumeDialog: mBroadcastReceiver : dismiss mLockScreenDialog()
01-07 15:43:05.720  3757  3799 D PowerManagerUtil: fileWriteString to /sys/power/wake_unlock, LightsService
01-07 15:43:05.721  3757  3757 D MdnieScenarioControlService:  packageName : com.GeekTechnique.InfinityStack    className : com.epicgames.ue4.GameActivity
01-07 15:43:05.721  3757  3757 D UniversalCredentialManagerService: ****MSG_LOCK_STATUS_UPDATE block started****
01-07 15:43:05.721  3757  3757 D UniversalCredentialManagerService: notifyChangeToPlugin is called for Lock status update...
01-07 15:43:05.721  3757  3757 D UcmService: notifyChangeToPlugin event 16
01-07 15:43:05.721  3757  3757 D UcmService: checkCallerPermissionFor is called for method-notifyChangeToPlugin
01-07 15:43:05.721  3757  3757 I UcmService: checkIfNotify for cs Name = com.samsung.ucs.agent.boot:com.samsung.ucs.agent.boot Package name = com.samsung.ucs.agent.boot
01-07 15:43:05.721  3757  4447 I KnoxVpnEngineService: vpn handle : Message received
01-07 15:43:05.721  3757  3757 D UcmService: notifying to unmanaged plugin
01-07 15:43:05.722  9678  9689 D BootAgentService: notifyChange eventId-16
01-07 15:43:05.722  4616  4616 D ViewRootImpl@151652b[StatusBar]: MSG_WINDOW_FOCUS_CHANGED 0
01-07 15:43:05.723  3757  3757 D UcmService: activeAgent com.samsung.ucs.agent.boot:com.samsung.ucs.agent.boot notify status - -1
01-07 15:43:05.723  3757  3757 D UcmService: activeAgent status--1
01-07 15:43:05.723  3757  3757 D UniversalCredentialManagerService: ****MSG_LOCK_STATUS_UPDATE block ended****
01-07 15:43:05.723  3757  3757 I PalmMotion: [PALM] SURFACE_MOTION_ENGINE: 1 SURFACE_PALM_TOUCH: 1
01-07 15:43:05.723  3757  3757 I PalmMotion: [PALM] SURFACE_PALM_SWIPE: 1
01-07 15:43:05.723  3757  3757 D PalmMotion: [PALM] SETTINGS : [TOUCH: true] [SWEEP: true]
01-07 15:43:05.723  3757  3757 D PalmMotion: [PALM] ACCEPTED : [noblelte] PALM_CNT : 3, M_TOUCH : 100.0, M_SWEEP : 65.0, E_SWEEP : 2.0, IGNORE_M_SWEEP : false
01-07 15:43:05.732  3757 29838 I TZ_init: : TZ_init: successful initialization
01-07 15:43:05.732  3757 29838 I TLC_TZ_KEYSTORE: fips_self_test: : TZ_KEYSTORE_fips_self_test_START...
01-07 15:43:05.732  4616  4616 I StatusBarWindowManager: isExpanded:true, false, false, false, false, false
01-07 15:43:05.732  4616  4616 I StatusBarWindowManager: applyHeight:63
01-07 15:43:05.733  4616  4616 D KeyguardWallpaperController: mShowing=false, mOccluded=false, mFadingAway=false, match_parent=true
01-07 15:43:05.735  3757 29838 I TLC_TZ_KEYSTORE: fips_self_test: : TZ_KEYSTORE_fips_self_test_END...
01-07 15:43:05.735  3757 29838 E TLC_TZ_KEYSTORE: : Self Test Succeded
01-07 15:43:05.735  3757 29838 I TZ: mc_tlc_communication: tlc_close() was called
01-07 15:43:05.735  3757 29838 I TZ: mc_tlc_communication: Closing the session
01-07 15:43:05.740  3757 31270 D CompatibilityInfo: mCompatibilityFlags - 0
01-07 15:43:05.740  3757 31270 D CompatibilityInfo: applicationDensity - 420
01-07 15:43:05.740  3757 31270 D CompatibilityInfo: applicationScale - 1.0
01-07 15:43:05.757  3757 29838 I TZ: mc_tlc_communication: Freeing message buffer
01-07 15:43:05.758  3757 29838 I TZ: mc_tlc_communication: Closing MobiCore device
01-07 15:43:05.758  3757 29838 I TZ: mc_tlc_communication: tlc_close() succeeded
01-07 15:43:05.758  3757 29838 E TLC_TZ_KEYSTORE: : Count : 1, Ret : 0
01-07 15:43:05.758  3757 29838 E         : TimaKeyStore: tima_check_tzdriver success : 0
01-07 15:43:05.758  3757 29838 D TimaHelper: checkTimaStatus() - Version FIPS3.0, Status0, Validation : true
01-07 15:43:05.760  3757 29838 D TimaService: TIMA3: FipsKeyStore3_init
01-07 15:43:05.760  3757 29838 D TimaService: TIMA: in getTimaVersion
01-07 15:43:05.760  3757 29838 D TimaService: TIMA: in getTimaStatus
01-07 15:43:05.760  3757 29838 D TimaService: TIMA: in getTimaStatus
01-07 15:43:05.760  3757 29838 I TLC_TZ_KEYSTORE: : TZ_KEYSTORE_fips_initialize
01-07 15:43:05.760  3757 29838 I TLC_TZ_KEYSTORE: : creating new keystore context...
01-07 15:43:05.760  3757 29838 I TLC_TZ_KEYSTORE: : initializing ccm context...
01-07 15:43:05.760  3757 29838 I TLC_TZ_KEYSTORE: : root = 0, root_strlen = 1
01-07 15:43:05.760  3757 29838 I TLC_TZ_KEYSTORE: : process = ffffffff000000000000000000000013, process_strlen = 32
01-07 15:43:05.760  3757 29838 I TZ: mc_tlc_communication: input max_sendmsg_size = 1080
01-07 15:43:05.760  3757 29838 I TZ: mc_tlc_communication: input max_recvmsg_size = 1080
01-07 15:43:05.760  3757 29838 I TZ: mc_tlc_communication: root = 0, root_len = 1
01-07 15:43:05.760  3757 29838 I TZ: mc_tlc_communication: process = ffffffff000000000000000000000013, process_strlen = 32
01-07 15:43:05.760  3757 29838 I TZ: mc_tlc_communication: aligned max_sendmsg_size = 1088
01-07 15:43:05.760  3757 29838 I TZ: mc_tlc_communication: aligned max_recvmsg_size = 1088
01-07 15:43:05.760  3757 29838 I TZ: mc_tlc_communication: device_id = 0x0
01-07 15:43:05.760  3757 29838 I TZ: mc_tlc_communication: tlc_open() was called
01-07 15:43:05.761  3757 29838 I TZ: mc_tlc_communication: Opening MobiCore device
01-07 15:43:05.761  3757 29838 I TZ: mc_tlc_communication: Allocating message buffer for TCI
01-07 15:43:05.761  3757 29838 I TZ: mc_tlc_communication: Opening the session
01-07 15:43:05.762  4616  4616 I StatusBarWindowManager: isExpanded:true, false, false, false, false, false
01-07 15:43:05.762  4616  4616 I StatusBarWindowManager: applyHeight:63
01-07 15:43:05.769  3757  4482 D WindowManager: adjustSystemUiVisibilityLw : vis= 0x408
01-07 15:43:05.770  3757  7204 V WindowManager: Relayout Window{8fc7025d0 u0 StatusBar}: viewVisibility=0 req=1080x63 WM.LayoutParams{(0,0)(fillx63) gr=#30 sim=#10 ty=2000 fl=#81840048 fmt=-3 vsysui=0x600 naviIconColor=0}
01-07 15:43:05.772  3757  7202 D CompatibilityInfo: mCompatibilityFlags - 0
01-07 15:43:05.772  3757  7202 D CompatibilityInfo: applicationDensity - 420
01-07 15:43:05.772  3757  7202 D CompatibilityInfo: applicationScale - 1.0
01-07 15:43:05.782 13131 13131 D ViewRootImpl@e972267[GameActivity]: MSG_RESIZED: ci=Rect(0, 0 - 0, 0) vi=Rect(0, 0 - 0, 0) or=1
01-07 15:43:05.782  3757 29838 I TZ: mc_tlc_communication: tlc_open() succeeded
01-07 15:43:05.783  3757 29838 I TLC_TZ_KEYSTORE: : ctx = 0x781fc17e60, comm = 0x781fc17da0, sendmsg = 0x7837fa2000, recvmsg = 0x7837fa2440
01-07 15:43:05.783  3757 29838 I TZ_init: : TZ_init: fips_init_TLC sending initialization request...
01-07 15:43:05.783  3757 29838 I TZ_init: : TZ_init: sending initialization request...
01-07 15:43:05.790  3757 31269 D CompatibilityInfo: mCompatibilityFlags - 0
01-07 15:43:05.790  3757 31269 D CompatibilityInfo: applicationDensity - 420
01-07 15:43:05.790  3757 31269 D CompatibilityInfo: applicationScale - 1.0
01-07 15:43:05.793  4616  4616 D ViewRootImpl@151652b[StatusBar]: Relayout returned: oldFrame=[0,0][1080,1920] newFrame=[0,0][1080,63] result=0x21 surface={isValid=true 516923179520} surfaceGenerationChanged=false
01-07 15:43:05.793  3757 32083 D CompatibilityInfo: mCompatibilityFlags - 0
01-07 15:43:05.793  3757 32083 D CompatibilityInfo: applicationDensity - 420
01-07 15:43:05.793  3757 32083 D CompatibilityInfo: applicationScale - 1.0
01-07 15:43:05.799  3757  3770 D CompatibilityInfo: mCompatibilityFlags - 0
01-07 15:43:05.800  3757  3770 D CompatibilityInfo: applicationDensity - 420
01-07 15:43:05.800  3757  3770 D CompatibilityInfo: applicationScale - 1.0
01-07 15:43:05.809  3757 29838 I TZ_init: : TZ_init: successful initialization
01-07 15:43:05.809  3757 29838 I TLC_TZ_KEYSTORE: fips_self_test: : TZ_KEYSTORE_fips_self_test_START...
01-07 15:43:05.809  3757 32085 D PackageManager: setEnabledSetting : userId = 0 packageName = com.android.settings cmp = com.samsung.android.settings.qstile.PersonalModeTile newState = 1 callingPackage = 1000
01-07 15:43:05.815  4616  4748 D mali_winsys: EGLint new_window_surface(egl_winsys_display*, void*, EGLSurface, EGLConfig, egl_winsys_surface**, egl_color_buffer_format*, EGLBoolean) returns 0x3000,  [1080x63]-format:1
01-07 15:43:05.815  4616  4616 D ViewRootImpl@151652b[StatusBar]: mHardwareRenderer.updateSurface() mSurface={isValid=true 516923179520}
01-07 15:43:05.818  3757 29838 I TLC_TZ_KEYSTORE: fips_self_test: : TZ_KEYSTORE_fips_self_test_END...
01-07 15:43:05.818  3757 29838 E TLC_TZ_KEYSTORE: : Self Test Succeded
01-07 15:43:05.818  3757 29838 I TZ: mc_tlc_communication: tlc_close() was called
01-07 15:43:05.818  3757 29838 I TZ: mc_tlc_communication: Closing the session
01-07 15:43:05.820  3757  3771 D SamsungAlarmManager: setInexact Intent (T:3/F:0/AC:false) 20190107T154320 - CU:10014/CP:7370
01-07 15:43:05.820  3757  3771 I SamsungAlarmManager: setLocked to kernel - T:2 / 20190107T154320, SetElapsed=94423952, nowELAPSED=94408958
01-07 15:43:05.831  4616  4616 D KeyguardWallpaperController: onLayoutChange() v: com.android.systemui.statusbar.BackDropView{669de9 I.E...... ......ID 0,0-1080,63 #7f130417 app:id/backdrop}, bottom : 63, oldBottom : 1920
01-07 15:43:05.831  4616  4616 D KeyguardWallpaperController: mShowing=false, mOccluded=false, mFadingAway=false, match_parent=false
01-07 15:43:05.837  3757 29842 D CompatibilityInfo: mCompatibilityFlags - 0
01-07 15:43:05.837  3757 29842 D CompatibilityInfo: applicationDensity - 420
01-07 15:43:05.837  3757 29842 D CompatibilityInfo: applicationScale - 1.0
01-07 15:43:05.845  3757 29838 I TZ: mc_tlc_communication: Freeing message buffer
01-07 15:43:05.845 13131 13155 D UE4     : [2019.01.07-20.43.05:845][  0]LogInit: Initializing FReadOnlyCVARCache
01-07 15:43:05.845  3757 29838 I TZ: mc_tlc_communication: Closing MobiCore device
01-07 15:43:05.845  3757 29838 I TZ: mc_tlc_communication: tlc_close() succeeded
01-07 15:43:05.845  3757 29838 E TLC_TZ_KEYSTORE: : Count : 1, Ret : 0
01-07 15:43:05.845  3757 29838 E         : TimaKeyStore: tima_check_tzdriver success : 0
01-07 15:43:05.846 13131 13155 D UE4     : [2019.01.07-20.43.05:846][  0]LogAndroidAudio: Warning: SL Entered Init HW
01-07 15:43:05.846 13131 13155 D UE4     : [2019.01.07-20.43.05:846][  0]LogAndroidAudio: Warning: OpenSLES Initializing HW
01-07 15:43:05.846  3757 29838 I FipsTimaKeyStore: CCM is available on this device
01-07 15:43:05.846 13131 13155 D UE4     : [2019.01.07-20.43.05:846][  0]LogAndroidAudio: Warning: OpenSLES Initialized
01-07 15:43:05.846 13131 13155 D UE4     : [2019.01.07-20.43.05:846][  0]LogAndroidAudio: Warning: OpenSLAudioDevice: Allocated 12 sources
01-07 15:43:05.847 13131 13155 D UE4     : [2019.01.07-20.43.05:846][  0]LogInit: FAudioDevice initialized.
01-07 15:43:05.847 13131 13155 D UE4     : [2019.01.07-20.43.05:847][  0]LogAndroid: Mobile HDR: YES
01-07 15:43:05.847 13131 13155 D UE4     : [2019.01.07-20.43.05:847][  0]LogAndroid: Setting Width=720 and Height=1280 (requested scale = 1.000000)
01-07 15:43:05.848 13131 13155 D UE4     : [2019.01.07-20.43.05:848][  0]LogAudio: Warning: Can't increase channels past starting number!
01-07 15:43:05.851 13131 13155 D UE4     : [2019.01.07-20.43.05:851][  0]LogNetVersion: Set ProjectVersion to 1.0.2. Version Checksum will be recalculated on next use.
01-07 15:43:05.852 13131 13155 D UE4     : [2019.01.07-20.43.05:851][  0]LogInit: Texture streaming: Enabled
01-07 15:43:05.857  3757 29838 I FipsTimaKeyStore: CCM is enabled for this user
01-07 15:43:05.857  3757 29838 I FipsTimaKeyStore: in getPkcs11KeyStoreInstance
01-07 15:43:05.859  4616  4616 V hong    : mid yDiff = 382
01-07 15:43:05.859  4616  4616 V hong    : mid yDiff = 382
01-07 15:43:05.859  7370 12170 I MiniDeviceController: [MiniDeviceController-1] Sending text message to XBR-65X900E: (ns=urn:x-cast:com.google.cast.tp.connection, dest=receiver-0) {"type":"CONNECT","package":"gms_cast_prober","origin":{}}
01-07 15:43:05.859  3757 29838 W FipsTimaKeyStore: getSlotIdForCaller returned : 0
01-07 15:43:05.859  7370 12170 I MiniDeviceController: [MiniDeviceController-1] Sending text message to XBR-65X900E: (ns=urn:x-cast:com.google.cast.receiver, dest=receiver-0) {"type":"GET_STATUS","requestId":2}
01-07 15:43:05.859  7370 12170 I MiniDeviceController: [MiniDeviceController-1] Sending text message to XBR-65X900E: (ns=urn:x-cast:com.google.cast.receiver.discovery, dest=receiver-0) {"requestId":3,"type":"GET_DEVICE_INFO"}
01-07 15:43:05.860  3757 29838 D OpenSSLHelper_Pkcs11: OpenSSLEngineHelper- constructor
01-07 15:43:05.860  3757 29838 D OpenSSLHelper_Pkcs11: register_engine function
01-07 15:43:05.860  3757 29838 D [OPENSSL HELPER NATIVE secpkcs11]: registerSSLEngineKeychain registerSSLEngineKeychain is called...
01-07 15:43:05.860  3757 29838 D [SECPKCS11 ENGINE]: a matching Secpkcs11Engine was already initialized: slotId = 0
01-07 15:43:05.860  3757 29838 E OpenSSLHelper_Pkcs11: register_engine success
01-07 15:43:05.860  3757 29838 I FipsTimaKeyStore: successfully added pkcs11 provider to the provider list
01-07 15:43:05.860  3757 29838 D TimaService: TIMA3: FipsKeyStore3_exist
01-07 15:43:05.860  3757 29838 D TimaService: TIMA: in getTimaVersion
01-07 15:43:05.860  3757 29838 D TimaService: TIMA: in getTimaStatus
01-07 15:43:05.860  3757 29838 D TimaService: TIMA: in getTimaStatus
01-07 15:43:05.860  3757 29838 I         : TimaKeyStore: tima_KeyStore3_exist_JNI
01-07 15:43:05.860  3757 29838 I         : TimaKeyStore: callingUid is 1000
01-07 15:43:05.860  3757 29838 E TLC_TZ_KEYSTORE: : Inside TZ_KEYSTORE_encrypt_filename()
01-07 15:43:05.860  3757 29838 I TLC_TZ_KEYSTORE: : creating new keystore context...
01-07 15:43:05.860  3757 29838 I TLC_TZ_KEYSTORE: : initializing ccm context...
01-07 15:43:05.860  3757 29838 I TLC_TZ_KEYSTORE: : root = 0, root_strlen = 1
01-07 15:43:05.860  3757 29838 I TLC_TZ_KEYSTORE: : process = ffffffff000000000000000000000013, process_strlen = 32
01-07 15:43:05.860  3757 29838 I TZ: mc_tlc_communication: input max_sendmsg_size = 1080
01-07 15:43:05.860  3757 29838 I TZ: mc_tlc_communication: input max_recvmsg_size = 1080
01-07 15:43:05.860  3757 29838 I TZ: mc_tlc_communication: root = 0, root_len = 1
01-07 15:43:05.860  3757 29838 I TZ: mc_tlc_communication: process = ffffffff000000000000000000000013, process_strlen = 32
01-07 15:43:05.861  3757 29838 I TZ: mc_tlc_communication: aligned max_sendmsg_size = 1088
01-07 15:43:05.861  3757 29838 I TZ: mc_tlc_communication: aligned max_recvmsg_size = 1088
01-07 15:43:05.861  3757 29838 I TZ: mc_tlc_communication: device_id = 0x0
01-07 15:43:05.861  3757 29838 I TZ: mc_tlc_communication: tlc_open() was called
01-07 15:43:05.861  3757 29838 I TZ: mc_tlc_communication: Opening MobiCore device
01-07 15:43:05.861  3757 29838 I TZ: mc_tlc_communication: Allocating message buffer for TCI
01-07 15:43:05.861  3757 29838 I TZ: mc_tlc_communication: Opening the session
01-07 15:43:05.866  3757 29842 W BroadcastQueue: Permission Denial: broadcasting Intent { act=android.intent.action.USER_PRESENT flg=0x24000010 launchParam=MultiScreenLaunchParams { mDisplayId=0 mFlags=0 } } from com.android.systemui (pid=4616, uid=10055) is not exported from uid 10142 due to receiver com.telecomsys.directedsms.android.SCG/.UserPresentReceiver
01-07 15:43:05.867  3757  7216 D AudioService: getStreamVolume 3 index 80
01-07 15:43:05.869  3757  3771 D AudioService: getStreamVolume 3 index 80
01-07 15:43:05.872  3757  3774 D CompatibilityInfo: mCompatibilityFlags - 0
01-07 15:43:05.872  3757  3774 D CompatibilityInfo: applicationDensity - 420
01-07 15:43:05.872  3757  3774 D CompatibilityInfo: applicationScale - 1.0
01-07 15:43:05.875 13131 13155 D UE4     : [2019.01.07-20.43.05:875][  0]LogAudio: Warning: Can't increase channels past starting number!
01-07 15:43:05.877  3757 29838 I TZ: mc_tlc_communication: tlc_open() succeeded
01-07 15:43:05.877  3757 29838 I TLC_TZ_KEYSTORE: : ctx = 0x781fc17e60, comm = 0x781fc6f5a0, sendmsg = 0x7837fa2000, recvmsg = 0x7837fa2440
01-07 15:43:05.877  3757 29838 I TLC_TZ_COMMON: get_filename: : TZ_COMMON: Get_filename - allow_hashing: 0
01-07 15:43:05.877  3757 29838 I TLC_TZ_COMMON: get_filename: : TZ GetFN : priv_data.in_filename: 1000_KS_SKEY_PersonaPwdResetToken0, len: 34
01-07 15:43:05.877  3757 29838 I TLC_TZ_COMMON: get_filename: : TZ CCM : priv_data.in_fn_len: 34
01-07 15:43:05.877  3757 29838 I TLC_TZ_COMMON: get_filename: : TZ GetFN : Starting
01-07 15:43:05.884 13131 13155 D UE4     : [2019.01.07-20.43.05:884][  0]LogSlate: Updating window title bar state: overlay mode, drag disabled, window buttons hidden, title bar hidden
01-07 15:43:05.884 13131 13155 D UE4     : [2019.01.07-20.43.05:884][  0]LogInit: Display: Game Engine Initialized.
01-07 15:43:05.885 13131 13155 D UE4     : [2019.01.07-20.43.05:885][  0]LogGameplayTags: Display: UGameplayTagsManager::DoneAddingNativeTags. DelegateIsBound: 0
01-07 15:43:05.885 13131 13155 D UE4     : [2019.01.07-20.43.05:885][  0]LogStats: UGameplayTagsManager::ConstructGameplayTagTree: ImportINI prefixes -  0.000 s
01-07 15:43:05.885 13131 13155 D UE4     : [2019.01.07-20.43.05:885][  0]LogStats: UGameplayTagsManager::ConstructGameplayTagTree: Construct from data asset -  0.000 s
01-07 15:43:05.885 13131 13155 D UE4     : [2019.01.07-20.43.05:885][  0]LogStats: UGameplayTagsManager::ConstructGameplayTagTree: ImportINI -  0.000 s
01-07 15:43:05.886 13131 13155 D UE4     : [2019.01.07-20.43.05:886][  0]LogStats: UGameplayTagsManager::ConstructGameplayTagTree: GameplayTagTreeChangedEvent.Broadcast -  0.000 s
01-07 15:43:05.887  3757 29838 I TLC_TZ_COMMON: get_filename: : TZ GetFN : enc filename: 5CF8B0DBD8AB339AFE36575F7DE1A5881144C61E21FA5EC7B0CC0D466C592214EE1DC4C33206AD7D985A1765D9F169D45DC50C534953DDD76CB81EA7E38BA310
01-07 15:43:05.887  3757 29838 I TZ: mc_tlc_communication: tlc_close() was called
01-07 15:43:05.887  3757 29838 I TZ: mc_tlc_communication: Closing the session
01-07 15:43:05.894  3757  7202 D ConnectivityService: filterNetworkStateForUid() uid: 10227 networkInfo: [type: WIFI[] - WIFI, state: CONNECTED/CONNECTED, reason: (unspecified), extra: "wilkinson2.4", failover: false, available: true, roaming: false, metered: false]
01-07 15:43:05.906  3757 29838 I TZ: mc_tlc_communication: Freeing message buffer
01-07 15:43:05.906  3757 29838 I TZ: mc_tlc_communication: Closing MobiCore device
01-07 15:43:05.906  3757 29838 I TZ: mc_tlc_communication: tlc_close() succeeded
01-07 15:43:05.906  3757 29838 E TLC_TZ_KEYSTORE: : Count : 1, Ret : 0
01-07 15:43:05.906  3757 29838 I         : TimaKeyStore: encryptFilename : filename is: 5CF8B0DBD8AB339AFE36575F7DE1A5881144C61E21FA5EC7B0CC0D466C592214EE1DC4C33206AD7D985A1765D9F169D45DC50C534953DDD76CB81EA7E38BA310
01-07 15:43:05.906  3757 29838 I         : TimaKeyStore: /data/misc/fips_tima_keystore/user_0/5CF8B0DBD8AB339AFE36575F7DE1A5881144C61E21FA5EC7B0CC0D466C592214EE1DC4C33206AD7D985A1765D9F169D45DC50C534953DDD76CB81EA7E38BA310 exists
01-07 15:43:05.906  3757 29838 D TimaService: TIMA3: FipsKeyStore3_exist
01-07 15:43:05.907  3757 29838 D TimaService: TIMA: in getTimaVersion
01-07 15:43:05.907  3757 29838 D TimaService: TIMA: in getTimaStatus
01-07 15:43:05.907  3757 29838 D TimaService: TIMA: in getTimaStatus
01-07 15:43:05.907  3757 29838 I         : TimaKeyStore: tima_KeyStore3_exist_JNI
01-07 15:43:05.907  3757 29838 I         : TimaKeyStore: callingUid is 1000
01-07 15:43:05.907  3757 29838 E TLC_TZ_KEYSTORE: : Inside TZ_KEYSTORE_encrypt_filename()
01-07 15:43:05.907  3757 29838 I TLC_TZ_KEYSTORE: : creating new keystore context...
01-07 15:43:05.907  3757 29838 I TLC_TZ_KEYSTORE: : initializing ccm context...
01-07 15:43:05.907  3757 29838 I TLC_TZ_KEYSTORE: : root = 0, root_strlen = 1
01-07 15:43:05.907  3757 29838 I TLC_TZ_KEYSTORE: : process = ffffffff000000000000000000000013, process_strlen = 32
01-07 15:43:05.907  3757 29838 I TZ: mc_tlc_communication: input max_sendmsg_size = 1080
01-07 15:43:05.907  3757 29838 I TZ: mc_tlc_communication: input max_recvmsg_size = 1080
01-07 15:43:05.907  3757 29838 I TZ: mc_tlc_communication: root = 0, root_len = 1
01-07 15:43:05.907  3757 29838 I TZ: mc_tlc_communication: process = ffffffff000000000000000000000013, process_strlen = 32
01-07 15:43:05.907  3757 29838 I TZ: mc_tlc_communication: aligned max_sendmsg_size = 1088
01-07 15:43:05.907  3757 29838 I TZ: mc_tlc_communication: aligned max_recvmsg_size = 1088
01-07 15:43:05.907  3757 29838 I TZ: mc_tlc_communication: device_id = 0x0
01-07 15:43:05.907  3757 29838 I TZ: mc_tlc_communication: tlc_open() was called
01-07 15:43:05.907  3757 29838 I TZ: mc_tlc_communication: Opening MobiCore device
01-07 15:43:05.907  3757 29838 I TZ: mc_tlc_communication: Allocating message buffer for TCI
01-07 15:43:05.907  3757 29838 I TZ: mc_tlc_communication: Opening the session
01-07 15:43:05.921  3757 29838 I TZ: mc_tlc_communication: tlc_open() succeeded
01-07 15:43:05.921  3757 29838 I TLC_TZ_KEYSTORE: : ctx = 0x781fc17e60, comm = 0x781fc6f5a0, sendmsg = 0x7837fa2000, recvmsg = 0x7837fa2440
01-07 15:43:05.921  3757 29838 I TLC_TZ_COMMON: get_filename: : TZ_COMMON: Get_filename - allow_hashing: 0
01-07 15:43:05.921  3757 29838 I TLC_TZ_COMMON: get_filename: : TZ GetFN : priv_data.in_filename: 1000_KS_SKEY_PersonaPwdResetToken0, len: 34
01-07 15:43:05.921  3757 29838 I TLC_TZ_COMMON: get_filename: : TZ CCM : priv_data.in_fn_len: 34
01-07 15:43:05.921  3757 29838 I TLC_TZ_COMMON: get_filename: : TZ GetFN : Starting
01-07 15:43:05.930  3757 29838 I TLC_TZ_COMMON: get_filename: : TZ GetFN : enc filename: 5CF8B0DBD8AB339AFE36575F7DE1A5881144C61E21FA5EC7B0CC0D466C592214EE1DC4C33206AD7D985A1765D9F169D45DC50C534953DDD76CB81EA7E38BA310
01-07 15:43:05.930  3757 29838 I TZ: mc_tlc_communication: tlc_close() was called
01-07 15:43:05.930  3757 29838 I TZ: mc_tlc_communication: Closing the session
01-07 15:43:05.948  3757 29838 I TZ: mc_tlc_communication: Freeing message buffer
01-07 15:43:05.949  3757 29838 I TZ: mc_tlc_communication: Closing MobiCore device
01-07 15:43:05.949  3757 29838 I TZ: mc_tlc_communication: tlc_close() succeeded
01-07 15:43:05.949  3757 29838 E TLC_TZ_KEYSTORE: : Count : 1, Ret : 0
01-07 15:43:05.949  3757 29838 I         : TimaKeyStore: encryptFilename : filename is: 5CF8B0DBD8AB339AFE36575F7DE1A5881144C61E21FA5EC7B0CC0D466C592214EE1DC4C33206AD7D985A1765D9F169D45DC50C534953DDD76CB81EA7E38BA310
01-07 15:43:05.949  3757 29838 I         : TimaKeyStore: /data/misc/fips_tima_keystore/user_0/5CF8B0DBD8AB339AFE36575F7DE1A5881144C61E21FA5EC7B0CC0D466C592214EE1DC4C33206AD7D985A1765D9F169D45DC50C534953DDD76CB81EA7E38BA310 exists
01-07 15:43:05.954  3757 29838 D FipsTimaKeyStore: isAliasAcessPermitted - getSlotIdForCaller returned : -1
01-07 15:43:05.954  3757 29838 D TimaService: TIMA3: FipsKeyStore3_exist
01-07 15:43:05.954  3757 29838 D TimaService: TIMA: in getTimaVersion
01-07 15:43:05.954  3757 29838 D TimaService: TIMA: in getTimaStatus
01-07 15:43:05.954  3757 29838 D TimaService: TIMA: in getTimaStatus
01-07 15:43:05.954  3757 29838 I         : TimaKeyStore: tima_KeyStore3_exist_JNI
01-07 15:43:05.954  3757 29838 I         : TimaKeyStore: callingUid is 1000
01-07 15:43:05.955  3757 29838 E TLC_TZ_KEYSTORE: : Inside TZ_KEYSTORE_encrypt_filename()
01-07 15:43:05.955  3757 29838 I TLC_TZ_KEYSTORE: : creating new keystore context...
01-07 15:43:05.955  3757 29838 I TLC_TZ_KEYSTORE: : initializing ccm context...
01-07 15:43:05.955  3757 29838 I TLC_TZ_KEYSTORE: : root = 0, root_strlen = 1
01-07 15:43:05.955  3757 29838 I TLC_TZ_KEYSTORE: : process = ffffffff000000000000000000000013, process_strlen = 32
01-07 15:43:05.955  3757 29838 I TZ: mc_tlc_communication: input max_sendmsg_size = 1080
01-07 15:43:05.955  3757 29838 I TZ: mc_tlc_communication: input max_recvmsg_size = 1080
01-07 15:43:05.955  3757 29838 I TZ: mc_tlc_communication: root = 0, root_len = 1
01-07 15:43:05.955  3757 29838 I TZ: mc_tlc_communication: process = ffffffff000000000000000000000013, process_strlen = 32
01-07 15:43:05.955  3757 29838 I TZ: mc_tlc_communication: aligned max_sendmsg_size = 1088
01-07 15:43:05.955  3757 29838 I TZ: mc_tlc_communication: aligned max_recvmsg_size = 1088
01-07 15:43:05.955  3757 29838 I TZ: mc_tlc_communication: device_id = 0x0
01-07 15:43:05.955  3757 29838 I TZ: mc_tlc_communication: tlc_open() was called
01-07 15:43:05.955  3757 29838 I TZ: mc_tlc_communication: Opening MobiCore device
01-07 15:43:05.955  3757 29838 I TZ: mc_tlc_communication: Allocating message buffer for TCI
01-07 15:43:05.955  3757 29838 I TZ: mc_tlc_communication: Opening the session
01-07 15:43:05.972  3757 29838 I TZ: mc_tlc_communication: tlc_open() succeeded
01-07 15:43:05.972  3757 29838 I TLC_TZ_KEYSTORE: : ctx = 0x781fc17e60, comm = 0x781fc6f5a0, sendmsg = 0x7837fa2000, recvmsg = 0x7837fa2440
01-07 15:43:05.972  3757 29838 I TLC_TZ_COMMON: get_filename: : TZ_COMMON: Get_filename - allow_hashing: 0
01-07 15:43:05.972  3757 29838 I TLC_TZ_COMMON: get_filename: : TZ GetFN : priv_data.in_filename: 1000_KS_SKEY_PersonaPwdResetToken0, len: 34
01-07 15:43:05.972  3757 29838 I TLC_TZ_COMMON: get_filename: : TZ CCM : priv_data.in_fn_len: 34
01-07 15:43:05.972  3757 29838 I TLC_TZ_COMMON: get_filename: : TZ GetFN : Starting
01-07 15:43:05.976 13131 13155 D UE4     : [2019.01.07-20.43.05:976][  0]LogInit: Display: Starting Game.
01-07 15:43:05.976 13131 13155 D UE4     : [2019.01.07-20.43.05:976][  0]LogNet: Browse: /Game/Maps/StackMap?Name=Player
01-07 15:43:05.978 13131 13155 D UE4     : [2019.01.07-20.43.05:978][  0]LogLoad: LoadMap: /Game/Maps/StackMap?Name=Player
01-07 15:43:05.982  3757 29838 I TLC_TZ_COMMON: get_filename: : TZ GetFN : enc filename: 5CF8B0DBD8AB339AFE36575F7DE1A5881144C61E21FA5EC7B0CC0D466C592214EE1DC4C33206AD7D985A1765D9F169D45DC50C534953DDD76CB81EA7E38BA310
01-07 15:43:05.982  3757 29838 I TZ: mc_tlc_communication: tlc_close() was called
01-07 15:43:05.982  3757 29838 I TZ: mc_tlc_communication: Closing the session
01-07 15:43:05.986  4616  4823 D NetworkController.MobileSignalController(0/1): onSignalStrengthsChanged signalStrength=SignalStrength: 99 99 -120 -160 -120 -1 -1 13 -124 -18 -40 2147483647 2147483647 0x1000 gsm|lte level=1
01-07 15:43:05.986  4616  4823 D NetworkController.MobileSignalController(0/1): getMobileIconGroup(): 13
01-07 15:43:05.986  4616  4823 D NetworkController.MobileSignalController(0/1): updateVZWMobileIconGroup(): 13
01-07 15:43:05.987  5035  5670 D EPDG -- [SMARTWIFI]: onSignalStrengthsChanged: Received signal strength change, phone type is: 2
01-07 15:43:05.987  5035  6446 D EPDG -- [SMARTWIFI]: lastLteRSRP is -119currentLteRSRP is -124
01-07 15:43:05.987  5035  6446 D EPDG -- [SMARTWIFI]: lastLteRSRQ is -18currentLteRSRQ is -18
01-07 15:43:05.987  5035  6446 D EPDG -- [SMARTWIFI]: lastCdmaDb is -16currentCdmaDb is -16
01-07 15:43:05.987  5035  6446 V EPDG -- [SMARTWIFI]: Radio oldest entry removed
01-07 15:43:05.987  5035  6446 V EPDG -- [SMARTWIFI]: New entry : (SignalStrength: 99 99 -120 -160 -120 -1 -1 13 -124 -18 -40 2147483647 2147483647 0x1000 gsm|lte : 0 )
01-07 15:43:05.987  5035  6446 V EPDG -- [SMARTWIFI]: Radio entry added
01-07 15:43:05.991  7370 13281 I MiniDeviceController: [MiniDeviceController-1] Discovery info: {"controlNotifications":1,"deviceCapabilities":2053,"deviceIconUrl":"\/setup\/icon.png","deviceId":"ee56c6c0d568db6554fde8c12f22184a","deviceModel":"BRAVIA 4K GB","friendlyName":"XBR-65X900E","receiverMetricsId":"0703DE217FF763AB","requestId":3,"type":"DEVICE_INFO","wifiProximityId":"FA8FFA044DDD"}
01-07 15:43:05.997  7370 13281 I TcpDeviceProber: notifyProberSuccess Device("XBR-65X900E" (ee56c6c0d568db6554fde8c12f22184a)) supportedCriteria() notSupportedCriteria(%urn:x-cast:com.google.cast.media) statusText(null)
01-07 15:43:06.000  3757 29838 I TZ: mc_tlc_communication: Freeing message buffer
01-07 15:43:06.000  3757 29838 I TZ: mc_tlc_communication: Closing MobiCore device
01-07 15:43:06.000  3757 29838 I TZ: mc_tlc_communication: tlc_close() succeeded
01-07 15:43:06.000  3757 29838 E TLC_TZ_KEYSTORE: : Count : 1, Ret : 0
01-07 15:43:06.000  3757 29838 I         : TimaKeyStore: encryptFilename : filename is: 5CF8B0DBD8AB339AFE36575F7DE1A5881144C61E21FA5EC7B0CC0D466C592214EE1DC4C33206AD7D985A1765D9F169D45DC50C534953DDD76CB81EA7E38BA310
01-07 15:43:06.000  3757 29838 I         : TimaKeyStore: /data/misc/fips_tima_keystore/user_0/5CF8B0DBD8AB339AFE36575F7DE1A5881144C61E21FA5EC7B0CC0D466C592214EE1DC4C33206AD7D985A1765D9F169D45DC50C534953DDD76CB81EA7E38BA310 exists
01-07 15:43:06.000  3757 29838 D TimaService: TIMA3: FipsKeyStore3_exist
01-07 15:43:06.000  3757 29838 D TimaService: TIMA: in getTimaVersion
01-07 15:43:06.000  3757 29838 D TimaService: TIMA: in getTimaStatus
01-07 15:43:06.000  3757 29838 D TimaService: TIMA: in getTimaStatus
01-07 15:43:06.000  3757 29838 I         : TimaKeyStore: tima_KeyStore3_exist_JNI
01-07 15:43:06.000  3757 29838 I         : TimaKeyStore: callingUid is 1000
01-07 15:43:06.000  3757 29838 E TLC_TZ_KEYSTORE: : Inside TZ_KEYSTORE_encrypt_filename()
01-07 15:43:06.000  3757 29838 I TLC_TZ_KEYSTORE: : creating new keystore context...
01-07 15:43:06.000  3757 29838 I TLC_TZ_KEYSTORE: : initializing ccm context...
01-07 15:43:06.000  3757 29838 I TLC_TZ_KEYSTORE: : root = 0, root_strlen = 1
01-07 15:43:06.000  3757 29838 I TLC_TZ_KEYSTORE: : process = ffffffff000000000000000000000013, process_strlen = 32
01-07 15:43:06.000  3757 29838 I TZ: mc_tlc_communication: input max_sendmsg_size = 1080
01-07 15:43:06.000  3757 29838 I TZ: mc_tlc_communication: input max_recvmsg_size = 1080
01-07 15:43:06.000  3757 29838 I TZ: mc_tlc_communication: root = 0, root_len = 1
01-07 15:43:06.000  3757 29838 I TZ: mc_tlc_communication: process = ffffffff000000000000000000000013, process_strlen = 32
01-07 15:43:06.000  3757 29838 I TZ: mc_tlc_communication: aligned max_sendmsg_size = 1088
01-07 15:43:06.000  3757 29838 I TZ: mc_tlc_communication: aligned max_recvmsg_size = 1088
01-07 15:43:06.000  3757 29838 I TZ: mc_tlc_communication: device_id = 0x0
01-07 15:43:06.000  3757 29838 I TZ: mc_tlc_communication: tlc_open() was called
01-07 15:43:06.000  3757 29838 I TZ: mc_tlc_communication: Opening MobiCore device
01-07 15:43:06.000  3757 29838 I TZ: mc_tlc_communication: Allocating message buffer for TCI
01-07 15:43:06.000  3757 29838 I TZ: mc_tlc_communication: Opening the session
01-07 15:43:06.003  4616  4823 D NetworkController.MobileSignalController(0/1): callState:0, callStateByPhone:false voLTECall:false voiceNetTpe:13 dataNetType:13, ine911:false, emergencyCallbackMode:false
01-07 15:43:06.016  3757 29838 I TZ: mc_tlc_communication: tlc_open() succeeded
01-07 15:43:06.016  3757 29838 I TLC_TZ_KEYSTORE: : ctx = 0x781fc17e60, comm = 0x781fc6f5a0, sendmsg = 0x7837fa2000, recvmsg = 0x7837fa2440
01-07 15:43:06.016  3757 29838 I TLC_TZ_COMMON: get_filename: : TZ_COMMON: Get_filename - allow_hashing: 0
01-07 15:43:06.017  3757 29838 I TLC_TZ_COMMON: get_filename: : TZ GetFN : priv_data.in_filename: 1000_KS_SKEY_PersonaPwdResetToken0, len: 34
01-07 15:43:06.017  3757 29838 I TLC_TZ_COMMON: get_filename: : TZ CCM : priv_data.in_fn_len: 34
01-07 15:43:06.017  3757 29838 I TLC_TZ_COMMON: get_filename: : TZ GetFN : Starting
01-07 15:43:06.026  3757 29838 I TLC_TZ_COMMON: get_filename: : TZ GetFN : enc filename: 5CF8B0DBD8AB339AFE36575F7DE1A5881144C61E21FA5EC7B0CC0D466C592214EE1DC4C33206AD7D985A1765D9F169D45DC50C534953DDD76CB81EA7E38BA310
01-07 15:43:06.026  3757 29838 I TZ: mc_tlc_communication: tlc_close() was called
01-07 15:43:06.026  3757 29838 I TZ: mc_tlc_communication: Closing the session
01-07 15:43:06.030  7370  7370 V MediaRouter: Dispatching route change: UserRouteInfo{ name=XBR-65X900E, description=BRAVIA 4K GB, status=null, category=RouteCategory{ name=Devices types=ROUTE_TYPE_USER  groupable=false }, supportedTypes=ROUTE_TYPE_USER , presentationDisplay=null }
01-07 15:43:06.030  7370  7370 V MediaRouter: Dispatching route change: UserRouteInfo{ name=XBR-65X900E, description=BRAVIA 4K GB, status=null, category=RouteCategory{ name=Devices types=ROUTE_TYPE_USER  groupable=false }, supportedTypes=ROUTE_TYPE_USER , presentationDisplay=null }
01-07 15:43:06.032  7370 13281 I CastSocketMultiplexer: Stopping multiplexer...
01-07 15:43:06.043  3757 29838 I TZ: mc_tlc_communication: Freeing message buffer
01-07 15:43:06.043  3757 29838 I TZ: mc_tlc_communication: Closing MobiCore device
01-07 15:43:06.043  3757 29838 I TZ: mc_tlc_communication: tlc_close() succeeded
01-07 15:43:06.043  3757 29838 E TLC_TZ_KEYSTORE: : Count : 1, Ret : 0
01-07 15:43:06.043  3757 29838 I         : TimaKeyStore: encryptFilename : filename is: 5CF8B0DBD8AB339AFE36575F7DE1A5881144C61E21FA5EC7B0CC0D466C592214EE1DC4C33206AD7D985A1765D9F169D45DC50C534953DDD76CB81EA7E38BA310
01-07 15:43:06.043  3757 29838 I         : TimaKeyStore: /data/misc/fips_tima_keystore/user_0/5CF8B0DBD8AB339AFE36575F7DE1A5881144C61E21FA5EC7B0CC0D466C592214EE1DC4C33206AD7D985A1765D9F169D45DC50C534953DDD76CB81EA7E38BA310 exists
01-07 15:43:06.044  3757 29838 D TimaService: TIMA3: FipsKeyStore3_get
01-07 15:43:06.044  3757 29838 D TimaService: TIMA: in getTimaVersion
01-07 15:43:06.044  3757 29838 D TimaService: TIMA: in getTimaStatus
01-07 15:43:06.044  3757 29838 D TimaService: TIMA: in getTimaStatus
01-07 15:43:06.044  3757 29838 I         : TimaKeyStore: tima_KeyStore3_get_JNI
01-07 15:43:06.044  3757 29838 I         : TimaKeyStore: callingUid is 1000
01-07 15:43:06.044  3757 29838 E TLC_TZ_KEYSTORE: : Inside TZ_KEYSTORE_encrypt_filename()
01-07 15:43:06.044  3757 29838 I TLC_TZ_KEYSTORE: : creating new keystore context...
01-07 15:43:06.044  3757 29838 I TLC_TZ_KEYSTORE: : initializing ccm context...
01-07 15:43:06.044  3757 29838 I TLC_TZ_KEYSTORE: : root = 0, root_strlen = 1
01-07 15:43:06.044  3757 29838 I TLC_TZ_KEYSTORE: : process = ffffffff000000000000000000000013, process_strlen = 32
01-07 15:43:06.044  3757 29838 I TZ: mc_tlc_communication: input max_sendmsg_size = 1080
01-07 15:43:06.044  3757 29838 I TZ: mc_tlc_communication: input max_recvmsg_size = 1080
01-07 15:43:06.044  3757 29838 I TZ: mc_tlc_communication: root = 0, root_len = 1
01-07 15:43:06.044  3757 29838 I TZ: mc_tlc_communication: process = ffffffff000000000000000000000013, process_strlen = 32
01-07 15:43:06.044  3757 29838 I TZ: mc_tlc_communication: aligned max_sendmsg_size = 1088
01-07 15:43:06.044  3757 29838 I TZ: mc_tlc_communication: aligned max_recvmsg_size = 1088
01-07 15:43:06.044  3757 29838 I TZ: mc_tlc_communication: device_id = 0x0
01-07 15:43:06.044  3757 29838 I TZ: mc_tlc_communication: tlc_open() was called
01-07 15:43:06.044  3757 29838 I TZ: mc_tlc_communication: Opening MobiCore device
01-07 15:43:06.044  3757 29838 I TZ: mc_tlc_communication: Allocating message buffer for TCI
01-07 15:43:06.044  3757 29838 I TZ: mc_tlc_communication: Opening the session
01-07 15:43:06.058  3757  4532 D WifiWatchdogStateMachine:  [|202] []
01-07 15:43:06.062  3757 29838 I TZ: mc_tlc_communication: tlc_open() succeeded
01-07 15:43:06.062  3757 29838 I TLC_TZ_KEYSTORE: : ctx = 0x781fc17e60, comm = 0x781fc6f5a0, sendmsg = 0x7837fa2000, recvmsg = 0x7837fa2440
01-07 15:43:06.062  3757 29838 I TLC_TZ_COMMON: get_filename: : TZ_COMMON: Get_filename - allow_hashing: 0
01-07 15:43:06.062  3757 29838 I TLC_TZ_COMMON: get_filename: : TZ GetFN : priv_data.in_filename: 1000_KS_SKEY_PersonaPwdResetToken0, len: 34
01-07 15:43:06.062  3757 29838 I TLC_TZ_COMMON: get_filename: : TZ CCM : priv_data.in_fn_len: 34
01-07 15:43:06.062  3757 29838 I TLC_TZ_COMMON: get_filename: : TZ GetFN : Starting
01-07 15:43:06.071  3757 32085 D AudioService: getStreamVolume 3 index 80
01-07 15:43:06.073  3757 29838 I TLC_TZ_COMMON: get_filename: : TZ GetFN : enc filename: 5CF8B0DBD8AB339AFE36575F7DE1A5881144C61E21FA5EC7B0CC0D466C592214EE1DC4C33206AD7D985A1765D9F169D45DC50C534953DDD76CB81EA7E38BA310
01-07 15:43:06.073  3757 29838 I TZ: mc_tlc_communication: tlc_close() was called
01-07 15:43:06.073  3757 29838 I TZ: mc_tlc_communication: Closing the session
01-07 15:43:06.074  3757 10496 D AudioService: getStreamVolume 3 index 80
01-07 15:43:06.101  3757 29838 I TZ: mc_tlc_communication: Freeing message buffer
01-07 15:43:06.102  3757 29838 I TZ: mc_tlc_communication: Closing MobiCore device
01-07 15:43:06.102  3757 29838 I TZ: mc_tlc_communication: tlc_close() succeeded
01-07 15:43:06.102  3757 29838 E TLC_TZ_KEYSTORE: : Count : 1, Ret : 0
01-07 15:43:06.102  3757 29838 I         : TimaKeyStore: encryptFilename : filename is: 5CF8B0DBD8AB339AFE36575F7DE1A5881144C61E21FA5EC7B0CC0D466C592214EE1DC4C33206AD7D985A1765D9F169D45DC50C534953DDD76CB81EA7E38BA310
01-07 15:43:06.102  3757 29838 I TLC_TZ_KEYSTORE: : TZ_KEYSTORE_fips_unwrap_key
01-07 15:43:06.102  3757 29838 I TLC_TZ_KEYSTORE: : creating new keystore context...
01-07 15:43:06.102  3757 29838 I TLC_TZ_KEYSTORE: : initializing ccm context...
01-07 15:43:06.102  3757 29838 I TLC_TZ_KEYSTORE: : root = 0, root_strlen = 1
01-07 15:43:06.102  3757 29838 I TLC_TZ_KEYSTORE: : process = ffffffff000000000000000000000013, process_strlen = 32
01-07 15:43:06.102  3757 29838 I TZ: mc_tlc_communication: input max_sendmsg_size = 1080
01-07 15:43:06.102  3757 29838 I TZ: mc_tlc_communication: input max_recvmsg_size = 1080
01-07 15:43:06.102  3757 29838 I TZ: mc_tlc_communication: root = 0, root_len = 1
01-07 15:43:06.102  3757 29838 I TZ: mc_tlc_communication: process = ffffffff000000000000000000000013, process_strlen = 32
01-07 15:43:06.102  3757 29838 I TZ: mc_tlc_communication: aligned max_sendmsg_size = 1088
01-07 15:43:06.102  3757 29838 I TZ: mc_tlc_communication: aligned max_recvmsg_size = 1088
01-07 15:43:06.102  3757 29838 I TZ: mc_tlc_communication: device_id = 0x0
01-07 15:43:06.102  3757 29838 I TZ: mc_tlc_communication: tlc_open() was called
01-07 15:43:06.102  3757 29838 I TZ: mc_tlc_communication: Opening MobiCore device
01-07 15:43:06.102  3757 29838 I TZ: mc_tlc_communication: Allocating message buffer for TCI
01-07 15:43:06.102  3757 29838 I TZ: mc_tlc_communication: Opening the session
01-07 15:43:06.117  3757 29838 I TZ: mc_tlc_communication: tlc_open() succeeded
01-07 15:43:06.117  3757 29838 I TLC_TZ_KEYSTORE: : ctx = 0x781fc17e60, comm = 0x781fc6f5a0, sendmsg = 0x7837fa2000, recvmsg = 0x7837fa2440
01-07 15:43:06.117  3757 29838 I TLC_TZ_KEYSTORE: unwrap_key: : TZ_KEYSTORE_fips_unwrap_key_TLC...
01-07 15:43:06.117  3757 29838 I TLC_TZ_KEYSTORE: unwrap_key: : TZ_KEYSTORE_unwrap_key_START...
01-07 15:43:06.126  3757 29838 I TLC_TZ_KEYSTORE: unwrap_key: : TZ_KEYSTORE_unwrap_key_END...
01-07 15:43:06.127  3757 29838 I TZ: mc_tlc_communication: tlc_close() was called
01-07 15:43:06.127  3757 29838 I TZ: mc_tlc_communication: Closing the session
01-07 15:43:06.135  4616  4616 V KeyguardDisplayManager: hide (true)
01-07 15:43:06.150  3757 29838 I TZ: mc_tlc_communication: Freeing message buffer
01-07 15:43:06.150  3757 29838 I TZ: mc_tlc_communication: Closing MobiCore device
01-07 15:43:06.150  3757 29838 I TZ: mc_tlc_communication: tlc_close() succeeded
01-07 15:43:06.150  3757 29838 E TLC_TZ_KEYSTORE: : Count : 1, Ret : 0
01-07 15:43:06.151  3757 29838 I         : TimaKeyStore: returning bytearray
01-07 15:43:06.151  3757 29838 D TimaHelper: Found key : PersonaPwdResetToken0 from TIMA keystore
01-07 15:43:06.151  3757 29838 I KeyManagementUtil: retrieveCMK :: Inside
01-07 15:43:06.151  3757 29838 D KeyManagementUtil: verifyKEK :: Inside
01-07 15:43:06.152  3757 29838 D KeyManagementUtil: SND -> {keymanagement_cmd verify_kek}
01-07 15:43:06.153  3236  3278 D SDP_JNI_SKMM2:  [sdp] CALL - VerifyKEK..... 
01-07 15:43:06.153  3236  3278 D SDP_JNI_SKMM2: verifyKEK ..... 
01-07 15:43:06.153  3236  3278 D SDP_JNI_SKMM2: verifyKEK :: id=0, type=MDM
01-07 15:43:06.153  3236  3278 E SDP_DAEMON_SKMM2: int __read_payload(int, void *, size_t)(size:660)
01-07 15:43:06.154  3236  3278 E SKMM_v2.0_Mobicore_Helper: InitMode: 0
01-07 15:43:06.156  3236  3278 D SKMM_v2.0_Mobicore_Helper: Try Trustlet Open Session
01-07 15:43:06.173  3236  3278 I SDP_DAEMON_SKMM2: Initialized Successfully(0)
01-07 15:43:06.213  3236  3278 D SKMM_v2.0_Mobicore_Helper: Send Trustlet TCI Message
01-07 15:43:06.241  3236  3278 D SDP_JNI_SKMM2: verifyKEK ..... End
01-07 15:43:06.241  3757  4422 D KeyManagementUtil: RCV <-
01-07 15:43:06.242  3757 29838 D KeyManagementUtil: RMV <-
01-07 15:43:06.242  3757 29838 D KeyManagementUtil: event called.
01-07 15:43:06.243  3757 29838 D SdpManagerService: cacheMasterKey :: 0
01-07 15:43:06.243  3757 29838 E SDP.CRYPTO: 
01-07 15:43:06.243  3757 29838 E SDP.CRYPTO: int sdp_drv_on_unlocked(int, const char *, int)(0)
01-07 15:43:06.244  3757 29838 E SDP.CRYPTO: Rpri loaded
01-07 15:43:06.244  3757 29838 E SDP.CRYPTO: Dpri loaded
01-07 15:43:06.244  3757 29838 E SDP.CRYPTO: EDpri loaded
01-07 15:43:06.244  3757 29838 E SDP.CRYPTO: sym loaded
01-07 15:43:06.244  3757 29838 E SDP.CRYPTO:     On User Unlock OK, id 0
01-07 15:43:06.244  3757 29838 D SdpManagerService: onStateChange :: Engine Id : 0, State : 2, Roll Size : 0
01-07 15:43:06.244  3757 29838 E SdpManagerService: sendBroadcastAsUser(INTENT_SDP_STATE_CHANGED, state:2)
01-07 15:43:06.244  3757 29838 E SdpManagerService: sendBroadcastAsUser(ACTION_SDP_STATE_CHANGED, state:2)
01-07 15:43:06.245  4616 13298 D KnoxStateMonitor: unlockSdp :: Unlock SDP Successful..!
01-07 15:43:06.267 13131 13155 D UE4     : [2019.01.07-20.43.06:267][  0]LogAIModule: Creating AISystem for world StackMap
01-07 15:43:06.268 13131 13155 D UE4     : [2019.01.07-20.43.06:268][  0]LogLoad: Game class is 'GameModeBase'
01-07 15:43:06.274  3757 29839 D AudioService: getStreamVolume 3 index 80
01-07 15:43:06.276  3757  4482 D AudioService: getStreamVolume 3 index 80
01-07 15:43:06.277 13131 13155 D UE4     : [2019.01.07-20.43.06:277][  0]LogWorld: Bringing World /Game/Maps/StackMap.StackMap up for play (max tick rate 0) at 2019.01.07-15.43.06
01-07 15:43:06.279 13131 13155 D UE4     : [2019.01.07-20.43.06:279][  0]LogWorld: Bringing up level for play took: 0.007510
01-07 15:43:06.280 13131 13155 D UE4     : [2019.01.07-20.43.06:280][  0]LogOnlineIdentity: Display: OSS: FOnlineIdentityGooglePlay::GetPlayerNickname
01-07 15:43:06.282 13131 13155 D UE4     : [2019.01.07-20.43.06:282][  0]LogGameMode: FindPlayerStart: PATHS NOT DEFINED or NO PLAYERSTART with positive rating
01-07 15:43:06.342 13131 13155 D UE4     : [2019.01.07-20.43.06:342][  0]LogUMG: Display: Widget Class GameStartMenu_C - Loaded Fast Template.
01-07 15:43:06.347 13131 13155 D UE4     : [2019.01.07-20.43.06:347][  0]LogPlayerController: Error: InputMode:UIOnly - Attempting to focus Non-Focusable widget SObjectWidget [Widget.cpp(710)]!
01-07 15:43:06.349 13131 13155 D UE4     : [2019.01.07-20.43.06:349][  0]LogLoad: Took 0.370747 seconds to LoadMap(/Game/Maps/StackMap)
01-07 15:43:06.351 13131 13155 D UE4     : [2019.01.07-20.43.06:351][  0]LogSlate: Took 0.000457 seconds to synchronously load lazily loaded font '../../../Engine/Content/EngineFonts/Faces/DroidSansMono.ufont' (77K)
01-07 15:43:06.355 13131 13220 D UE4     : *** JavaEnvDestructor: 13220
01-07 15:43:06.356 13131 13218 D UE4     : AndroidEGL::ResetDisplay()
01-07 15:43:06.356 13131 13218 D UE4     : *** JavaEnvDestructor: 13218
01-07 15:43:06.358  3757  4440 D CustomFrequencyManagerService: releaseDVFSLockLocked : Getting Lock type frm List : DVFS_MIN_LIMIT  frequency : 1000000  uid : 1000  pid : 3757  tag : UNLOCKSCREEN_BOOSTER@2
01-07 15:43:06.366 13131 13155 D UE4     : [2019.01.07-20.43.06:366][  0]LogAndroid: Passed GEngineLoop.Init()
01-07 15:43:06.372 13131 13155 D UE4     : [2019.01.07-20.43.06:372][  0]LogAndroidEvents: Display: DequeueAppEvent : 9, 0
01-07 15:43:06.372 13131 13155 D UE4     : [2019.01.07-20.43.06:372][  0]LogAndroidEvents: Display: DequeueAppEvent : 7, 0
01-07 15:43:06.372 13131 13155 D UE4     : [2019.01.07-20.43.06:372][  0]LogAndroidEvents: Display: DequeueAppEvent : 6, 0
01-07 15:43:06.373 13131 13155 D UE4     : [2019.01.07-20.43.06:373][  0]LogAndroidEvents: Display: DequeueAppEvent : 0, 3268132872
01-07 15:43:06.373 13131 13155 D UE4     : APP_EVENT_STATE_WINDOW_CREATED, 0, 0, 0
01-07 15:43:06.373 13131 13155 D UE4     : [2019.01.07-20.43.06:373][  0]LogAndroidEvents: Display: ExecWindowCreated
01-07 15:43:06.373 13131 13155 D UE4     : AndroidEGL::ReInitWindow()
01-07 15:43:06.373 13131 13155 D UE4     : AndroidEGL::ReInit()
01-07 15:43:06.373 13131 13155 D UE4     : AndroidEGL::ResetDisplay()
01-07 15:43:06.373 13131 13155 D UE4     : AndroidEGL::InitSurface 0, 1
01-07 15:43:06.373 13131 13155 D UE4     : AndroidEGL::CreateEGLSurface() Already initialized: 0xe181f208
01-07 15:43:06.373 13131 13155 D UE4     : ExecWindowCreated, 0, 1, 0
01-07 15:43:06.374 13131 13155 D UE4     : [2019.01.07-20.43.06:373][  0]LogAndroidEvents: Display: DequeueAppEvent : 12, 0
01-07 15:43:06.374 13131 13155 D UE4     : [2019.01.07-20.43.06:374][  0]LogAndroidEvents: Display: DequeueAppEvent : 8, 0
01-07 15:43:06.374 13131 13155 D UE4     : [2019.01.07-20.43.06:374][  0]LogAndroidEvents: Display: DequeueAppEvent : 9, 0
01-07 15:43:06.374 13131 13155 D UE4     : [2019.01.07-20.43.06:374][  0]LogAndroidEvents: Display: DequeueAppEvent : 7, 0
01-07 15:43:06.374 13131 13155 D UE4     : [2019.01.07-20.43.06:374][  0]LogTemp: Android resume audio
01-07 15:43:06.375 13131 13338 D UE4     : [2019.01.07-20.43.06:375][  0]LogRenderer: Reallocating scene render targets to support 720x1280 Format 10 NumSamples 1 (Frame:1).
01-07 15:43:06.376 13131 13155 D UE4     : Registering volume receiver
01-07 15:43:06.383  3757  3770 D AudioService: getStreamVolume 3 index 80
01-07 15:43:06.383 13131 13155 D UE4     : startVolumeReceiver: 8
01-07 15:43:06.383 13131 13155 D UE4     : nativeVolumeEvent(8)
01-07 15:43:06.384 13131 13155 D UE4     : Registering battery receiver
01-07 15:43:06.387 13131 13155 D UE4     : Registering headset receiver
01-07 15:43:06.393 13131 13155 D UE4     : startHeadsetReceiver: 0
01-07 15:43:06.393 13131 13155 D UE4     : nativeHeadsetEvent(0)
01-07 15:43:06.393 13131 13131 D UE4     : Battery: status = 2, rawlevel = 63, scale = 100
01-07 15:43:06.394 13131 13131 D UE4     : nativeBatteryEvent(stat = 2, lvl = 63  temp = 31.40 C)
01-07 15:43:06.394 13131 13131 D UE4     : headsetReceiver::onReceive
01-07 15:43:06.395 13131 13131 D UE4     : nativeHeadsetEvent(0)
01-07 15:43:06.406 13131 13338 D UE4     : [2019.01.07-20.43.06:406][  0]LogRHI: Using OpenGL program LRU cache: 0
01-07 15:43:06.415 13131 13288 D UE4     : *** JavaEnvDestructor: 13288
01-07 15:43:06.477  3757  5062 D AudioService: getStreamVolume 3 index 80
01-07 15:43:06.479  3757  7206 D AudioService: getStreamVolume 3 index 80
01-07 15:43:06.632 13131 13286 D UE4     : *** JavaEnvDestructor: 13286
01-07 15:43:06.633 13131 13287 D UE4     : *** JavaEnvDestructor: 13287
01-07 15:43:06.634 13131 13285 D UE4     : *** JavaEnvDestructor: 13285
01-07 15:43:06.680  3757  7202 D AudioService: getStreamVolume 3 index 80
