01-04 22:12:37.665  3755  6237 I Telecom : TelecomFeature: getContactsPackageName: com.samsung.android.contacts: TSI.iIC@Bgg
01-04 22:12:37.665  3755  6237 I Telecom : com.android.server.telecom.TelecomServiceImpl$1: getSystemDialerPackage: com.samsung.android.contacts: TSI.iIC@Bgg
01-04 22:12:37.667  3755  6237 I Telecom : TelecomFeature: getContactsPackageName: com.samsung.android.contacts: TSI.iIC@Bgg
01-04 22:12:37.667  3755  6237 I Telecom : com.android.server.telecom.TelecomServiceImpl$1: getSystemDialerPackage: com.samsung.android.contacts: TSI.iIC@Bgg
01-04 22:12:37.671  3755  5072 I Telecom : TelecomFeature: getContactsPackageName: com.samsung.android.contacts: TSI.iIC@Bgk
01-04 22:12:37.671  3755  5072 I Telecom : com.android.server.telecom.TelecomServiceImpl$1: getSystemDialerPackage: com.samsung.android.contacts: TSI.iIC@Bgk
01-04 22:12:37.673  3755  5072 I Telecom : TelecomFeature: getContactsPackageName: com.samsung.android.contacts: TSI.iIC@Bgk
01-04 22:12:37.673  3755  5072 I Telecom : com.android.server.telecom.TelecomServiceImpl$1: getSystemDialerPackage: com.samsung.android.contacts: TSI.iIC@Bgk
01-04 22:12:37.679  3755  3772 D CompatibilityInfo: mCompatibilityFlags - 0
01-04 22:12:37.679  3755  3772 D CompatibilityInfo: applicationDensity - 420
01-04 22:12:37.679  3755  3772 D CompatibilityInfo: applicationScale - 1.0
01-04 22:12:37.680  4627  4627 D PhoneStatusBar: setBarState: SHD -> KGRD
01-04 22:12:37.680  3755  7133 D WallpaperManagerService: getDCMLauncherEnabled false
01-04 22:12:37.681  4627  4627 I StatusBarWindowManager: isExpanded:true, true, false, false, false, false
01-04 22:12:37.681  4627  4627 I StatusBarWindowManager: applyHeight:-1
01-04 22:12:37.686  3755  3755 I WifiTrafficPoller: evaluateTrafficStatsPolling
01-04 22:12:37.687 17666 17683 W SearchServiceCore: Abort, client detached.
01-04 22:12:37.696  3755  3755 D LightsService: [api] [SvcLED] turnOff:: id = 6 (uid: 1000 pid: 3755) 
01-04 22:12:37.696  4627  4627 D SwipeDoorsillDetector: reset()com.android.systemui.statusbar.phone.NotificationPanelView.resetViews:864 com.android.systemui.statusbar.phone.PhoneStatusBar.updateKeyguardState:6273 com.android.systemui.statusbar.phone.PhoneStatusBar.showKeyguard:5823 com.android.systemui.statusbar.phone.StatusBarKeyguardViewManager.showBouncerOrKeyguard:232 
01-04 22:12:37.696  3755  3755 D LightsService: [SvcLED] setSvcLedStateLocked:: SvcLEDState : 0x10 -> 0x10 | SvcLED(id=6) set Off
01-04 22:12:37.699  3755  4463 W AlarmManager: Unrecognized alarm listener com.android.server.wifi.WifiConnectivityManager$3@15d1012
01-04 22:12:37.700  3755  3755 D SmartAlertController: ACTION_SCREEN_OFF
01-04 22:12:37.704  3237  3504 D audio_hw_primary: adev_set_parameters: enter: kvpairs: screen_state=off
01-04 22:12:37.705  4627  4627 D PhoneStatusBar/KeyguardBottomAreaView: updateCameraVisibility isCameraDisabled=false
01-04 22:12:37.711  4627  4627 V KeyguardBottomAreaShortcutView: updateLeftPreview
01-04 22:12:37.712  4627  4627 V KeyguardBottomAreaShortcutView: updateRightPreview
01-04 22:12:37.713  3755  3755 D SamsungAlarmManager: setInexact Intent (T:2/F:8/AC:false) 20190104T232337 - CU:1000/CP:3755
01-04 22:12:37.713  3755  4333 I LightSensor: #>LightSensor r=141 g=78 b=86 c=203 atime=245 again=64 lux=84
01-04 22:12:37.714  4627 22766 V KeyguardBottomAreaShortcutView: updateRightPreview - mRightAffordanceView
01-04 22:12:37.714  4627 22766 D ShortcutManager: th = 1 is camera package
01-04 22:12:37.714  3755  3798 D LightsService: [SvcLED]  onSensorChanged::light value = 84
01-04 22:12:37.714  3755  3755 I MdnieScenarioControlService: action  :  android.intent.action.SCREEN_OFF
01-04 22:12:37.715  3755  3798 I LightSensor: Light old sensor_state 512, new sensor_state : 0 en : 0
01-04 22:12:37.722  4627 22765 V KeyguardBottomAreaShortcutView: updateLeftPreview - mLeftAffordanceView
01-04 22:12:37.722  3755  3798 D SensorManager: unregisterListener ::   
01-04 22:12:37.722  3755  3798 D PowerManagerUtil: fileWriteInt to /sys/class/sec/led/led_lowpower, 0
01-04 22:12:37.722  3755  3755 I FingerprintService: onReceive: android.intent.action.SCREEN_OFF
01-04 22:12:37.723  3755  3798 D lights  : led_pattern : 1 +
01-04 22:12:37.724  3755  3755 I BackgroundCompactionService: Schedule Type1 BGCompaction
01-04 22:12:37.726  4627 22766 V PreviewInflater: switching default camera action
01-04 22:12:37.727  3755  3755 D SamsungAlarmManager: setExact Listener (T:2/F:0/AC:false) 20190104T221247 - CU:1000/CP:3755
01-04 22:12:37.727  3755  3755 I SamsungAlarmManager: setLocked to kernel - T:2 / 20190104T221247, SetElapsed=35613823, nowELAPSED=35603826
01-04 22:12:37.728  4627  4627 D KeyguardSecurityView: isNotiClickedOnShadeLocked= false
01-04 22:12:37.729  4627  4627 D PhoneStatusBar: Make expanded visible: expanded visible=false
01-04 22:12:37.729  3755  3798 D lights  : led_pattern : 1 -
01-04 22:12:37.729  3755  6237 D WallpaperManagerService: getDCMLauncherEnabled false
01-04 22:12:37.729  3755  3798 D LightsService: [SvcLED]  setSvcLedLightLocked :: Current SvcLED(id=5) maintains its priority right
01-04 22:12:37.729  3755  3798 D PowerManagerUtil: fileWriteString to /sys/power/wake_unlock, LightsService
01-04 22:12:37.729  4627  4627 I StatusBarWindowManager: isExpanded:true, true, true, false, false, false
01-04 22:12:37.729  4627  4627 I StatusBarWindowManager: applyHeight:-1
01-04 22:12:37.730  4627  4627 D PhoneStatusBar: disable: < expand ICONS* alerts SYSTEM_INFO* back home recent clock search quick_settings >
01-04 22:12:37.730  3755  3755 D SamsungAlarmManager: setInexact Listener (T:2/F:0/AC:false) 20190104T221250 - CU:1000/CP:3755
01-04 22:12:37.730  3755  3798 D SamsungAlarmManager: Cancel Alarm calling from uid:1000 pid :3755 / op:PendingIntent{965e4ac: PendingIntentRecord{516f575 android broadcastIntent}}
01-04 22:12:37.730  4627  4627 D PhoneStatusBar: Make expanded visible: expanded visible=true
01-04 22:12:37.730  4627  4627 I PhoneStatusBar: Make expanded visible:true, true, falsetrue
01-04 22:12:37.731  4627  4627 D WallpaperViewController: mWallpaperView.reset()
01-04 22:12:37.736  3755  3755 D WifiService: unRegisterForSContext() : successful!
01-04 22:12:37.736  3755  3755 D SemContextService: removeListener() : Listener = com.samsung.android.hardware.context.SemContextService$Listener@83460af, Service = Activity Tracker, used = 0
01-04 22:12:37.736  3755  3755 W CAE     : unregisterCallback(ContextAwareService.java:217) - [unregi 01] Mutex is locked for ACTIVITY_TRACKER
01-04 22:12:37.737  4627  4627 D PhoneStatusBar/KeyguardBottomAreaView: updateCameraVisibility isCameraDisabled=false
01-04 22:12:37.737  4627  4627 D KeyguardViewBase: show()
01-04 22:12:37.737  3755  3755 V CAE     : stop(ContextProvider.java:155)
01-04 22:12:37.738  3755  3798 D SamsungAlarmManager: setInexact Intent (T:3/F:8/AC:false) 20190104T222237 - CU:1000/CP:3755
01-04 22:12:37.738  3755  3755 V CAE     : clear(ActivityTrackerRunner.java:108)
01-04 22:12:37.738  3755  3755 V CAE     : disable(ActivityTrackerRunner.java:96)
01-04 22:12:37.741  3755  3755 I CAE     : sendCmdToSensorHub(SensorHubCommManager.java:162) - -78, 26, 0, 0, 0, 0, 0, 0, 0, 0,
01-04 22:12:37.741  3755  3755 D SensorHubManager: SendSensorHubData: send data = -78, 26, 0, 0, 0, 0, 0, 0, 0, 0
01-04 22:12:37.741  3227  3227 D Sensorhubs: sendContextData: -78, 26, 0, 0, 0, 0, 0, 0, 0, 0
01-04 22:12:37.742  4627  4627 V KeyguardSecurityView: showPrimarySecurityScreen(turningOff=false)
01-04 22:12:37.742  4627  4627 D KeyguardSecurityView: showSecurityScreen(Pattern)
01-04 22:12:37.746  3755  7132 D FingerprintService: getEnrolledFingerprints : userId = 0
01-04 22:12:37.747  4627  4627 D KeyguardUpdateMonitor: onKeyguardVisibilityChanged(true)
01-04 22:12:37.747  4627  4627 D KeyguardOwnerInfoView: updateOwnerInfo(hasCMAS): -1
01-04 22:12:37.749  3755  3755 D CAE     : getFaultDetectionResult(ActivityTrackerRunner.java:154) - true
01-04 22:12:37.750  3755  3755 I CAE     : notifyCmdProcessResultObserver(ContextProvider.java:627) - CheckResult = 0, Cause = Success
01-04 22:12:37.752  3755  6008 I Telecom : TelecomFeature: getContactsPackageName: com.samsung.android.contacts: TSI.iIC@Bgo
01-04 22:12:37.752  3755  6008 I Telecom : com.android.server.telecom.TelecomServiceImpl$1: getSystemDialerPackage: com.samsung.android.contacts: TSI.iIC@Bgo
01-04 22:12:37.755  3755  6008 I Telecom : TelecomFeature: getContactsPackageName: com.samsung.android.contacts: TSI.iIC@Bgo
01-04 22:12:37.755  3755  6008 I Telecom : com.android.server.telecom.TelecomServiceImpl$1: getSystemDialerPackage: com.samsung.android.contacts: TSI.iIC@Bgo
01-04 22:12:37.761  3755  5993 I Telecom : TelecomFeature: getContactsPackageName: com.samsung.android.contacts: TSI.iIC@Bgs
01-04 22:12:37.761  3755  5993 I Telecom : com.android.server.telecom.TelecomServiceImpl$1: getSystemDialerPackage: com.samsung.android.contacts: TSI.iIC@Bgs
01-04 22:12:37.763  3755  5993 I Telecom : TelecomFeature: getContactsPackageName: com.samsung.android.contacts: TSI.iIC@Bgs
01-04 22:12:37.763  3755  3755 D CAE     : doCommendProcess(ContextAwareService.java:444) - complete notify the operation result.
01-04 22:12:37.763  3755  5993 I Telecom : com.android.server.telecom.TelecomServiceImpl$1: getSystemDialerPackage: com.samsung.android.contacts: TSI.iIC@Bgs
01-04 22:12:37.764  4627  4627 I KeyguardClockPage: refreshTime(): DefaultSingle2016 hometime:America/New_York locale:en_US hasBG?false, Roaming:false
01-04 22:12:37.764  3755  3755 I CAE     : displayUsedCountForService(ContextAwareService.java:536) - totalCnt = 0, serviceCount = 0, subCollectionCount = 0
01-04 22:12:37.765  3755  3755 D CAE     : showListenerList(ContextAwareService.java:377) - ===== Context Aware Service List =====
01-04 22:12:37.765  3755  3755 I CAE     : showListenerList(ContextAwareService.java:386) - Listener : com.samsung.android.contextaware.manager.ContextAwareService$Listener@a7deb4, Service : ACTIVITY_TRACKER_CURRENT_INFO(1)
01-04 22:12:37.765  3755  3755 I CAE     : showListenerList(ContextAwareService.java:386) - Listener : com.samsung.android.contextaware.manager.ContextAwareService$Listener@2277c7c, Service : PEDOMETER(1)
01-04 22:12:37.766  3755  3755 I CAE     : showListenerList(ContextAwareService.java:386) - Listener : com.samsung.android.contextaware.manager.ContextAwareService$Listener@2277c7c, Service : PEDOMETER_CURRENT_INFO(1)
01-04 22:12:37.766  3755  3755 I CAE     : showListenerList(ContextAwareService.java:386) - Listener : com.samsung.android.contextaware.manager.ContextAwareService$Listener@8ba1657, Service : ACTIVITY_TRACKER_BATCH(1)
01-04 22:12:37.766  3755  3755 I CAE     : showListenerList(ContextAwareService.java:386) - Listener : com.samsung.android.contextaware.manager.ContextAwareService$Listener@378d762, Service : STEP_LEVEL_MONITOR(1)
01-04 22:12:37.767  3755  3755 I CAE     : showListenerList(ContextAwareService.java:386) - Listener : com.samsung.android.contextaware.manager.ContextAwareService$Listener@8e91d3c, Service : SENSOR_STATUS_CHECK_RUNNER(1)
01-04 22:12:37.767  3755  3755 W CAE     : unregisterCallback(ContextAwareService.java:252) - [unregi 02] Mutex is unlocked for ACTIVITY_TRACKER
01-04 22:12:37.767  3755  3755 D SemContextService: 	.unregisterCallback : 4, client=
01-04 22:12:37.767  3755  3755 D SemContextService: ===== SemContext Service List =====
01-04 22:12:37.767  3755  3755 D SemContextService: Listener : com.samsung.android.hardware.context.SemContextService$Listener@74353d6, Service : Pedometer
01-04 22:12:37.767  3755  3755 D SemContextService: Listener : com.samsung.android.hardware.context.SemContextService$Listener@74353d6, Service : Step Level Monitor
01-04 22:12:37.767  3755  3755 D SemContextService: Listener : com.samsung.android.hardware.context.SemContextService$Listener@8543544, Service : Activity Batch
01-04 22:12:37.767  3755  3755 D SemContextService: Listener : com.samsung.android.hardware.context.SemContextService$Listener@a91eac5, Service : Sensor Status Check
01-04 22:12:37.767  3755  3755 D SemContextManager:   .unregisterListener : listener = android.hardware.scontext.SContextManager$SContextListenerDelegate@a96b652, service=Activity Tracker
01-04 22:12:37.767  3755  3755 D SContextManager:   .unregisterListener : listener = com.android.server.wifi.WifiServiceImpl$1@32e85a1, service=Activity Tracker
01-04 22:12:37.773  3755  3769 I Telecom : TelecomFeature: getContactsPackageName: com.samsung.android.contacts: TSI.iIC@Bgw
01-04 22:12:37.773  3755  3769 I Telecom : com.android.server.telecom.TelecomServiceImpl$1: getSystemDialerPackage: com.samsung.android.contacts: TSI.iIC@Bgw
01-04 22:12:37.774  3755  3769 I Telecom : TelecomFeature: getContactsPackageName: com.samsung.android.contacts: TSI.iIC@Bgw
01-04 22:12:37.774  3755  3769 I Telecom : com.android.server.telecom.TelecomServiceImpl$1: getSystemDialerPackage: com.samsung.android.contacts: TSI.iIC@Bgw
01-04 22:12:37.779  3755 10406 I Telecom : TelecomFeature: getContactsPackageName: com.samsung.android.contacts: TSI.iIC@Bg0
01-04 22:12:37.779  3755 10406 I Telecom : com.android.server.telecom.TelecomServiceImpl$1: getSystemDialerPackage: com.samsung.android.contacts: TSI.iIC@Bg0
01-04 22:12:37.780  3755 10406 I Telecom : TelecomFeature: getContactsPackageName: com.samsung.android.contacts: TSI.iIC@Bg0
01-04 22:12:37.781  3755 10406 I Telecom : com.android.server.telecom.TelecomServiceImpl$1: getSystemDialerPackage: com.samsung.android.contacts: TSI.iIC@Bg0
01-04 22:12:37.782  4627  4627 D KeyguardFingerPrint: shouldListenForFingerprint ( isFingerprintEnabled = false , mKeyguardIsVisible = true , mDeviceInteractive = false , mBouncer = false , mGoingToSleep = true , mSwitchingUser = false , mFingerprintAlreadyAuthenticated = false , mKeyguardUnlocking = false
01-04 22:12:37.782  4627  4627 D KeyguardFingerPrint: shouldListenForFingerprint ( fingerprint is not enabled. ) 
01-04 22:12:37.782  4627  4627 V KeyguardFingerPrint: stopListeningForFingerprint()
01-04 22:12:37.782  4627  4627 D KeyguardUpdateMonitor: sendKeyguardStateUpdated(true, false, false)
01-04 22:12:37.783  4627  4627 D KeyguardViewMediator: adjustStatusBarLocked: mShowing=true mOccluded=false isSecure=true --> flags=0x3200000
01-04 22:12:37.785  3755  6005 D PowerManagerService: [api] [s] userActivity : event: 0 flags: 0 (uid: 10055 pid: 4627) eventTime = 13762031
01-04 22:12:37.788  4627  4627 D KeyguardFingerPrint: scheduleStrongAuthTimeout(canceled mStrongAuthNotTimeOutPendingIntent)
01-04 22:12:37.788  3755  6283 D SamsungAlarmManager: Cancel Alarm calling from uid:10055 pid :4627 / op:PendingIntent{7fd5990: PendingIntentRecord{436f253 com.android.systemui broadcastIntent}}
01-04 22:12:37.789  3755  5842 E SdpServiceKeeper: isLicensed {pid:4627 uid:10055 userid:0 doPkg:null}
01-04 22:12:37.789  3755  5842 E SdpServiceKeeper: System app. Skip license activation
01-04 22:12:37.791  3755  4461 I FingerprintService: resetTimeout called from pid=4627
01-04 22:12:37.792  3755  7135 E SdpServiceKeeper: isLicensed {pid:4627 uid:10055 userid:0 doPkg:null}
01-04 22:12:37.792  3755  7135 E SdpServiceKeeper: System app. Skip license activation
01-04 22:12:37.792  4627  4627 D KeyguardFingerPrint: scheduleStrongAuthTimeout(set mStrongAuthNotTimeOutPendingIntent : when = 122003890 )
01-04 22:12:37.794  3755  5843 D SdpManagerService: lockInternal 0
01-04 22:12:37.795  3755  5843 E SDP.CRYPTO:     On Locked OK, id 0
01-04 22:12:37.795  3755  5843 D SdpManagerService: clearCachedMasterKey (CMK) 0
01-04 22:12:37.795  3755  5843 D SdpManagerService: onStateChange :: Engine Id : 0, State : 1, Roll Size : 0
01-04 22:12:37.795  3755  5843 E SdpManagerService: sendBroadcastAsUser(INTENT_SDP_STATE_CHANGED, state:1)
01-04 22:12:37.796  3755  5843 E SdpManagerService: sendBroadcastAsUser(ACTION_SDP_STATE_CHANGED, state:1)
01-04 22:12:37.797  4627 22768 D KnoxStateMonitor: lockSdp :: Lock SDP Successful...!
01-04 22:12:37.797  3755  6282 D SamsungAlarmManager: setExact Intent (T:3/F:1/AC:false) 20190105T221237 - CU:10055/CP:4627
01-04 22:12:37.803  4627  4627 D PhoneStatusBar/KeyguardBottomAreaView: updateCameraVisibility isCameraDisabled=false
01-04 22:12:37.803  4627  4627 V KeyguardBottomAreaShortcutView: onUnlockMethodStateChanged old=false, new=false
01-04 22:12:37.803  4627  4627 D ScrimController: mIsSecure = true
01-04 22:12:37.807  3755 10406 D FingerprintService: getEnrolledFingerprints : userId = 0
01-04 22:12:37.808  4627  4627 V KeyguardDisplayManager: show (false)
01-04 22:12:37.809  4627 22770 I KeyguardViewMediator: notifyScreenOnOffToNotes(com.samsung.android.snote.SCREEN_OFF)
01-04 22:12:37.811  4627  4627 V KeyguardUpdateMonitor: handleFinishedGoingToSleep( requestSessionOpen FP )
01-04 22:12:37.812  3755  6005 V FingerprintService: request(2) called from pid=4627, param = 0, id = 0
01-04 22:12:37.813  3755  3772 D MountService: getExternalStorageMountMode : 1
01-04 22:12:37.813  3755  3772 D MountService: getExternalStorageMountMode : 3
01-04 22:12:37.813  3755  3772 D MountService: getExternalStorageMountMode : final mountMode=1, uid : 10160, packageName : com.samsung.android.snote
01-04 22:12:37.815  3268  3268 V fingerprintd: request()
01-04 22:12:37.815  3268  3268 D bauth_service: req(2)
01-04 22:12:37.817  3268  3268 D bauth_FPBAuthService: FPBAuthService, 6187
01-04 22:12:37.817  3268  3268 I TLC_BAUTH: Call FUNC ID 0x3 , 1;477
01-04 22:12:37.817  3268  3268 I tlc_communication: tlc_open() called;82
01-04 22:12:37.817  3268  3268 I tlc_communication: Opening MobiCore device;86
01-04 22:12:37.820  3268  3268 I tlc_communication: Allocating WSM for TCI;100
01-04 22:12:37.821  3268  3268 I tlc_communication: Opening the session;116
01-04 22:12:37.833 22772 22772 E Zygote  : v2
01-04 22:12:37.834  3755  3772 I ActivityManager: Start proc 22772:com.samsung.android.snote:quicknote/u0a160 for broadcast com.samsung.android.snote/.control.ui.quickmemo.receiver.PenGestureReceiver
01-04 22:12:37.834 22772 22772 I libpersona: KNOX_SDCARD checking this for 10160
01-04 22:12:37.834 22772 22772 I libpersona: KNOX_SDCARD not a persona
01-04 22:12:37.836 22772 22772 E Zygote  : accessInfo : 0
01-04 22:12:37.837 22772 22772 W SELinux : SELinux selinux_android_compute_policy_index : Policy Index[2],  Con:u:r:zygote:s0 RAM:SEPF_SECMOBILE_7.0_0009, [-1 -1 -1 -1 0 1]
01-04 22:12:37.839 22772 22772 I SELinux : SELinux: seapp_context_lookup: seinfo=platform, level=s0:c512,c768, pkgname=com.samsung.android.snote:quicknote 
01-04 22:12:37.873 22772 22772 D TimaKeyStoreProvider: TimaKeyStore is not enabled: cannot add TimaSignature Service and generateKeyPair Service
01-04 22:12:37.877  3755  5842 D CompatibilityInfo: mCompatibilityFlags - 0
01-04 22:12:37.877  3755  5842 D CompatibilityInfo: applicationDensity - 420
01-04 22:12:37.877  3755  5842 D CompatibilityInfo: applicationScale - 1.0
01-04 22:12:37.877  3755  5842 I ActivityManager: DSS on for com.samsung.android.snote and scale is 1.0
01-04 22:12:37.878  3755  5842 D CompatibilityInfo: mCompatibilityFlags - 0
01-04 22:12:37.878  3755  5842 D CompatibilityInfo: applicationDensity - 420
01-04 22:12:37.878  3755  5842 D CompatibilityInfo: applicationScale - 1.0
01-04 22:12:37.883  3755  5842 D CompatibilityInfo: mCompatibilityFlags - 0
01-04 22:12:37.883  3755  5842 D CompatibilityInfo: applicationDensity - 420
01-04 22:12:37.883  3755  5842 D CompatibilityInfo: applicationScale - 1.0
01-04 22:12:37.927 22772 22772 I art     : Starting a blocking GC AddRemoveAppImageSpace
01-04 22:12:37.955 22772 22772 D SNoteApp: process name: com.samsung.android.snote:quicknote
01-04 22:12:37.955 22772 22772 I Variant : getDefinedProductName(), Build.PRODUCT : nobleltevzw
01-04 22:12:37.955 22772 22772 I Variant : getDefinedProductName(), productCode :10
01-04 22:12:37.955 22772 22772 I Variant : initIsActionMemoDeprecated(), isActionMemoDeprecated :false
01-04 22:12:37.964  3755  7132 D RCPManagerService: exchangeData() failure , invalid userId
01-04 22:12:37.965 22772 22772 E HWRecognizer: Handwriting Recognition SDK(Samsung SDK) has not been initialized yet
01-04 22:12:37.965 22772 22772 D Recognizer: HwrSdk version code = 1
01-04 22:12:37.965 22772 22772 D Recognizer: HwrSdk version name = 1.1.0.27
01-04 22:12:37.965 22772 22772 D Recognizer: Library eabi = 1
01-04 22:12:37.965 22772 22772 I Recognizer: 32 bit library will be activated
01-04 22:12:37.965 22772 22772 D Recognizer: Client package name = com.samsung.android.snote
01-04 22:12:37.966 22772 22772 D Recognizer: No SDL apis
01-04 22:12:37.967 22772 22772 D Recognizer: APK Version = 1.2.01
01-04 22:12:37.967 22772 22772 D Recognizer: SDK Version = 1.1.0.27
01-04 22:12:37.967 22772 22772 D RecognitionFacade: Instance is created : HWR
01-04 22:12:37.969  3755  6008 D PackageManager: setEnabledSetting : userId = 0 packageName = com.samsung.android.snote cmp = com.samsung.android.snote.control.ui.quickmemo.service.QuickMemo_Service newState = 0 callingPackage = 10160
01-04 22:12:37.971 22772 22788 D MsbCopyTask: copyResourceFiles(): File count: 6, Current Version : 4
01-04 22:12:37.971 22772 22788 D MsbCopyTask: getFolderSize() : checked 0
01-04 22:12:37.972 22772 22788 D MsbCopyTask: getFolderSize() : files.txt 946
01-04 22:12:37.972 22772 22788 D MsbCopyTask: getFolderSize() : mul-lk-email.res 11592
01-04 22:12:37.972 22772 22788 D MsbCopyTask: getFolderSize() : mul-lk-gesture.res 512
01-04 22:12:37.972 22772 22788 D MsbCopyTask: getFolderSize() : mul-lk-math.res 76064
01-04 22:12:37.973 22772 22788 D MsbCopyTask: getFolderSize() : mul-lk-number.res 3392
01-04 22:12:37.973 22772 22788 D MsbCopyTask: getFolderSize() : mul-lk-number_decimal.res 1636
01-04 22:12:37.973 22772 22788 D MsbCopyTask: getFolderSize() : mul-lk-number_integer.res 1052
01-04 22:12:37.973 22772 22788 D MsbCopyTask: getFolderSize() : mul-lk-number_signed_decimal.res 1708
01-04 22:12:37.973 22772 22788 D MsbCopyTask: getFolderSize() : mul-lk-number_signed_integer.res 1116
01-04 22:12:37.973 22772 22788 D MsbCopyTask: getFolderSize() : mul-lk-ool.res 652
01-04 22:12:37.973 22772 22788 D MsbCopyTask: getFolderSize() : mul-lk-phone_number.res 1876
01-04 22:12:37.973 22772 22788 D MsbCopyTask: getFolderSize() : mul-lk-uri.res 53168
01-04 22:12:37.973 22772 22788 D MsbCopyTask: getFolderSize() : mul-sk-email-rtl.res 5004
01-04 22:12:37.973 22772 22788 D MsbCopyTask: getFolderSize() : mul-sk-email.res 4489
01-04 22:12:37.973 22772 22788 D MsbCopyTask: getFolderSize() : mul-sk-rtl-samsung.res 1063
01-04 22:12:37.973 22772 22788 D MsbCopyTask: getFolderSize() : mul-sk-uri-rtl.res 4885
01-04 22:12:37.974 22772 22788 D MsbCopyTask: getFolderSize() : mul-sk-uri.res 4384
01-04 22:12:37.974 22772 22788 D MsbCopyTask: getFolderSize() : ank-standard.res 94030
01-04 22:12:37.974  3755  5993 D PackageManager: setEnabledSetting : userId = 0 packageName = com.samsung.android.snote cmp = com.samsung.android.snote.control.ui.quickmemo.receiver.PenGestureReceiver newState = 0 callingPackage = 10160
01-04 22:12:37.974 22772 22788 D MsbCopyTask: getFolderSize() : checked 0
01-04 22:12:37.974 22772 22788 D MsbCopyTask: getFolderSize() : files.txt 166
01-04 22:12:37.974 22772 22788 D MsbCopyTask: getFolderSize() : nlg_analyzer.lang 181
01-04 22:12:37.974 22772 22788 D MsbCopyTask: getFolderSize() : shk-analyzer.res 1578
01-04 22:12:37.974 22772 22788 D MsbCopyTask: getFolderSize() : checked 0
01-04 22:12:37.974 22772 22788 D MsbCopyTask: getFolderSize() : files.txt 224
01-04 22:12:37.974 22772 22788 D MsbCopyTask: getFolderSize() : math-ak.lite.res 1559621
01-04 22:12:37.975 22772 22788 D MsbCopyTask: getFolderSize() : math-grm-maw.res 5331
01-04 22:12:37.975 22772 22788 D MsbCopyTask: getFolderSize() : math-grm-standard.res 5051
01-04 22:12:37.975 22772 22788 D MsbCopyTask: getFolderSize() : nlg_math.lang 283
01-04 22:12:37.975 22772 22788 D MsbCopyTask: getFolderSize() : checked 0
01-04 22:12:37.975 22772 22788 D MsbCopyTask: getFolderSize() : files.txt 107
01-04 22:12:37.975 22772 22788 D MsbCopyTask: getFolderSize() : nlg_shape.lang 145
01-04 22:12:37.975 22772 22788 D MsbCopyTask: getFolderSize() : shk-standard.res 1578
01-04 22:12:37.975 22772 22788 D MsbCopyTask: getFolderSize() : ak.res 132942
01-04 22:12:37.975 22772 22788 D MsbCopyTask: getFolderSize() : checked 0
01-04 22:12:37.975 22772 22788 D MsbCopyTask: getFolderSize() : files.txt 100
01-04 22:12:37.976 22772 22788 D MsbCopyTask: getFolderSize() : nlg_symbol.lang 137
01-04 22:12:37.976 22772 22788 D MsbCopyTask: getFolderSize() : resources.txt 2679
01-04 22:12:37.976 22772 22788 D MsbCopyTask: verifyFileSize() : size ok!
01-04 22:12:37.976 22772 22788 D MsbCopyTask: copyResourceFiles(): Some files are missing!
01-04 22:12:37.976 22772 22788 D MsbCopyTask: copyFile sourcePath = myscript/resources
01-04 22:12:37.976 22772 22788 D MsbCopyTask: copyFile targetPath = /data/user/0/com.samsung.android.snote/files/myscript/resources
01-04 22:12:37.977 22772 22788 D MsbCopyTask: copyFile file : resources.zip
01-04 22:12:37.978  3755  6237 D PackageManager: setEnabledSetting : userId = 0 packageName = com.samsung.android.snote cmp = com.samsung.android.snote.control.ui.quickmemo.quickmemowidget.Reminder newState = 0 callingPackage = 10160
01-04 22:12:37.983  3755  6237 D PackageManager: setEnabledSetting : userId = 0 packageName = com.samsung.android.snote cmp = com.samsung.android.snote.control.ui.quickmemo.receiver.ReminderBootReciever newState = 0 callingPackage = 10160
01-04 22:12:37.988  3755  6002 D PackageManager: setEnabledSetting : userId = 0 packageName = com.samsung.android.snote cmp = com.samsung.android.snote.control.ui.quickmemo.service.ReminderService newState = 0 callingPackage = 10160
01-04 22:12:37.990  3268  3268 I tlc_communication: tlc_open() successed;136
01-04 22:12:37.990  3268  3268 I TLC_BAUTH: Check TCI buffer;538
01-04 22:12:37.993  3755  5844 D PackageManager: setEnabledSetting : userId = 0 packageName = com.samsung.android.snote cmp = com.samsung.android.snote.control.ui.quickmemo.quickmemowidget.PushAndAttachWidget newState = 0 callingPackage = 10160
01-04 22:12:37.997  3268  3268 I TLC_BAUTH: Call FP cmd 0x11;327
01-04 22:12:37.997  3268  3268 I tlc_communication: Send Trustlet TCI Message;214
01-04 22:12:37.997  3268  3268 I tlc_communication: mcNotify is completed;224
01-04 22:12:37.998  3268  3268 I tlc_communication: mcWaitNotification is completed;237
01-04 22:12:37.998  3268  3268 I TLC_BAUTH: Check the Trustlet return code is completed;362
01-04 22:12:37.998  3268  3268 I TLC_BAUTH: ion alloc dm;646
01-04 22:12:37.998  3268  3268 I TLC_BAUTH: Call FP cmd 0x12;379
01-04 22:12:37.998  3268  3268 I tlc_communication: Send Trustlet TCI Message;214
01-04 22:12:37.998  3755  3769 D PackageManager: setEnabledSetting : userId = 0 packageName = com.samsung.android.snote cmp = com.samsung.android.snote.control.ui.quickmemo.service.InstantMemo_Service newState = 0 callingPackage = 10160
01-04 22:12:37.998  3268  3268 I tlc_communication: mcNotify is completed;224
01-04 22:12:38.000  3268  3268 I tlc_communication: mcWaitNotification is completed;237
01-04 22:12:38.000  3268  3268 I TLC_BAUTH: Check the Trustlet return code is completed;406
01-04 22:12:38.000  3268  3268 I TLC_BAUTH: FUNC ID 0x3 is completed;675
01-04 22:12:38.000  3268  3268 D         : fprc : rc 
01-04 22:12:38.000  3268  3268 D bauth_FPBAuthSensorControl: FPBAuthSensorControl, 800
01-04 22:12:38.000  3268  3268 D bauth_FPBAuthService: FPBAuthService, 6212
01-04 22:12:38.000  3268  3268 D bauth_FPBAuthSensorControl: FPBAuthSensorControl, 636
01-04 22:12:38.000  3268  3268 D bauth_FPBAuthSensorControl: FPBAuthSensorControl, 644
01-04 22:12:38.002  3268  3268 D bauth_FPBAuthServiceStorage: FPBAuthServiceStorage, 539
01-04 22:12:38.002  3268  3268 I TLC_BAUTH: Call FP cmd 0xc (48);1557
01-04 22:12:38.003  3268  3268 I tlc_communication: Send Trustlet TCI Message;214
01-04 22:12:38.003  3268  3268 I tlc_communication: mcNotify is completed;224
01-04 22:12:38.004  3268  3268 I tlc_communication: mcWaitNotification is completed;237
01-04 22:12:38.004  3268  3268 I TLC_BAUTH: Check the Trustlet return code is completed;1665
01-04 22:12:38.004  3268  3268 D bauth_FPBAuthService: check_opcode status = 5, opcode = 0, func_ret_val = 0, function_status = 0, timeout = 0
01-04 22:12:38.005  3268  3268 I TLC_BAUTH: Call FP cmd 0xc (49);1557
01-04 22:12:38.005  3268  3268 I TLC_BAUTH: Skip cmd : 0xc, opcode : 49;1582
01-04 22:12:38.005  3268  3268 I TLC_BAUTH: Call FP cmd 0xc (37);1557
01-04 22:12:38.005  3268  3268 I TLC_BAUTH: reqUserID = User_0 | User_0;1614
01-04 22:12:38.006  3268  3268 I tlc_communication: Send Trustlet TCI Message;214
01-04 22:12:38.006  3268  3268 I tlc_communication: mcNotify is completed;224
01-04 22:12:38.010 22772 22772 D LocalBroadcast: register() : com.samsung.android.snote.control.a@369b152,android.content.IntentFilter@f73ac23
01-04 22:12:38.010 22772 22772 D PenGestureReceiver: onReceive
01-04 22:12:38.014 22772 22772 D PenGestureReceiver: onReceive - done
01-04 22:12:38.018  3755  7133 I ActivityManager: Killing 22077:com.android.chrome/u0a104 (adj 906): DHA:empty #31
01-04 22:12:38.026  3755  3768 D VoIPInterfaceManager: isVoIPIdle()...
01-04 22:12:38.026  3755  3768 D VoIPInterfaceManager: isVoIPRunningAndDeregi()...
01-04 22:12:38.026  3755  3768 D VoIPInterfaceManager: Not exist call session
01-04 22:12:38.026  3755  3768 D VoIPInterfaceManager:     isVoIPIdle() : No session in db 
01-04 22:12:38.026 22772 22791 D PenGestureReceiver: ScreenOff - PISStart(for Black)
01-04 22:12:38.029  3755  4461 D MountService: getExternalStorageMountMode : 1
01-04 22:12:38.030  3755  4461 D MountService: getExternalStorageMountMode : 3
01-04 22:12:38.030  3755  4461 D MountService: getExternalStorageMountMode : final mountMode=1, uid : 10160, packageName : com.samsung.android.snote
01-04 22:12:38.046  3755  4461 I ActivityManager: Start proc 22792:com.samsung.android.snote:instantMemo/u0a160 for service com.samsung.android.snote/.control.ui.quickmemo.service.InstantMemo_Service
01-04 22:12:38.047 22792 22792 E Zygote  : v2
01-04 22:12:38.047  3755  7135 D ActivityManager: cleanUpApplicationRecord -- 22077
01-04 22:12:38.047 22792 22792 I libpersona: KNOX_SDCARD checking this for 10160
01-04 22:12:38.047 22792 22792 I libpersona: KNOX_SDCARD not a persona
01-04 22:12:38.049  5951 18313 D ForegroundUtils: could not check pending caller
01-04 22:12:38.050 22792 22792 E Zygote  : accessInfo : 0
01-04 22:12:38.051 22792 22792 W SELinux : SELinux selinux_android_compute_policy_index : Policy Index[2],  Con:u:r:zygote:s0 RAM:SEPF_SECMOBILE_7.0_0009, [-1 -1 -1 -1 0 1]
01-04 22:12:38.053 22792 22792 I SELinux : SELinux: seapp_context_lookup: seinfo=platform, level=s0:c512,c768, pkgname=com.samsung.android.snote:instantMemo 
01-04 22:12:38.077 22772 22788 I MsbCopyTask: copyResourceFiles(): success!!
01-04 22:12:38.078 22772 22788 I MsbCopyTask: copyPropertyFiles(): skip!
01-04 22:12:38.084 22792 22792 D TimaKeyStoreProvider: TimaKeyStore is not enabled: cannot add TimaSignature Service and generateKeyPair Service
01-04 22:12:38.087  3755  7132 D CompatibilityInfo: mCompatibilityFlags - 0
01-04 22:12:38.087  3755  7132 D CompatibilityInfo: applicationDensity - 420
01-04 22:12:38.087  3755  7132 D CompatibilityInfo: applicationScale - 1.0
01-04 22:12:38.087  3755  7132 I ActivityManager: DSS on for com.samsung.android.snote and scale is 1.0
01-04 22:12:38.089  3755  7132 D CompatibilityInfo: mCompatibilityFlags - 0
01-04 22:12:38.089  3755  7132 D CompatibilityInfo: applicationDensity - 420
01-04 22:12:38.089  3755  7132 D CompatibilityInfo: applicationScale - 1.0
01-04 22:12:38.094  3755  7132 D CompatibilityInfo: mCompatibilityFlags - 0
01-04 22:12:38.094  3755  7132 D CompatibilityInfo: applicationDensity - 420
01-04 22:12:38.094  3755  7132 D CompatibilityInfo: applicationScale - 1.0
01-04 22:12:38.114  3268  3268 I tlc_communication: mcWaitNotification is completed;237
01-04 22:12:38.114  3268  3268 I TLC_BAUTH: Check the Trustlet return code is completed;1665
01-04 22:12:38.114  3268  3268 D bauth_FPBAuthService: check_opcode status = 5, opcode = 0, func_ret_val = 0, function_status = 0, timeout = 0
01-04 22:12:38.115  3268  3268 I TLC_BAUTH: Call FP cmd 0xc (47);1557
01-04 22:12:38.115  3268  3268 I TLC_BAUTH: reqUserID = User_0 | User_0;1614
01-04 22:12:38.115  3268  3268 I tlc_communication: Send Trustlet TCI Message;214
01-04 22:12:38.115  3268  3268 I tlc_communication: mcNotify is completed;224
01-04 22:12:38.125  3268  3268 I tlc_communication: mcWaitNotification is completed;237
01-04 22:12:38.125  3268  3268 I TLC_BAUTH: Check the Trustlet return code is completed;1665
01-04 22:12:38.125  3268  3268 D bauth_FPBAuthService: check_opcode status = 5, opcode = 0, func_ret_val = 0, function_status = 0, timeout = 0
01-04 22:12:38.126  3755  6005 W FingerprintService: startRequest[2] FP_FINISH (313ms) RESULT: 0
01-04 22:12:38.127  4627  4627 D KeyguardFingerPrint: shouldListenForFingerprint ( isFingerprintEnabled = false , mKeyguardIsVisible = true , mDeviceInteractive = false , mBouncer = false , mGoingToSleep = false , mSwitchingUser = false , mFingerprintAlreadyAuthenticated = false , mKeyguardUnlocking = false
01-04 22:12:38.127  4627  4627 D KeyguardFingerPrint: shouldListenForFingerprint ( fingerprint is not enabled. ) 
01-04 22:12:38.127  4627  4627 V KeyguardFingerPrint: stopListeningForFingerprint()
01-04 22:12:38.127  4627  4627 I Choreographer: Skipped 34 frames!  The application may be doing too much work on its main thread.
01-04 22:12:38.134  3755  6237 V WindowManager: Relayout Window{37fad8ed0 u0 StatusBar}: viewVisibility=0 req=1080x63 WM.LayoutParams{(0,0)(fillxfill) gr=#30 sim=#10 ty=2000 fl=#81860040 pfl=0x400 fmt=-3 or=5 vsysui=0x600 if=0x4 userActivityTimeout=3000 screenDimDuration=0 naviIconColor=0}
01-04 22:12:38.135  3755  3773 D WindowManager: set systemUiVisibility of statusbar : vis= 0x608
01-04 22:12:38.135  3755  6237 V WindowManager: rotationForOrientationLw(orient=5, last=0); user=0  sensorRotation=-1 mLidState=-1 mDockMode=0 mHdmiPlugged=false
01-04 22:12:38.139 22792 22792 I art     : Starting a blocking GC AddRemoveAppImageSpace
01-04 22:12:38.149  3755  6237 D InputDispatcher: Focus left window: 6134
01-04 22:12:38.149  3755  6237 D InputDispatcher: Focus entered window: 4627
01-04 22:12:38.149  3755  6237 D PowerManagerService: [api] setUserActivityTimeoutOverrideFromWindowManagerInternal: timeoutMillis: 3000
01-04 22:12:38.150  3755  6237 D PowerManagerService: [api] setScreenDimDurationOverrideFromWindowManagerInternal: timeoutMillis: 0
01-04 22:12:38.154  3755  3755 D TelephonyManager: getCellLocation : Caller (PID / UID / TID): 3755 / 1000 / 3755
01-04 22:12:38.155  4627  4836 D NetworkController.MobileSignalController(0/1): onSignalStrengthsChanged signalStrength=SignalStrength: 99 99 -120 -160 -120 -1 -1 14 -111 -10 36 2147483647 2147483647 0x2000 gsm|lte level=2
01-04 22:12:38.156  4627  4836 D NetworkController.MobileSignalController(0/1): getMobileIconGroup(): 13
01-04 22:12:38.156  4627  4836 D NetworkController.MobileSignalController(0/1): updateVZWMobileIconGroup(): 13
01-04 22:12:38.161  4627  4627 D ViewRootImpl@432890e[StatusBar]: Relayout returned: oldFrame=[0,0][1080,63] newFrame=[0,0][1080,1920] result=0x21 surface={isValid=true 531796181504} surfaceGenerationChanged=false
01-04 22:12:38.163 22792 22792 D SNoteApp: process name: com.samsung.android.snote:instantMemo
01-04 22:12:38.163 22792 22792 I Variant : getDefinedProductName(), Build.PRODUCT : nobleltevzw
01-04 22:12:38.164 22792 22792 I Variant : getDefinedProductName(), productCode :10
01-04 22:12:38.164 22792 22792 I Variant : initIsActionMemoDeprecated(), isActionMemoDeprecated :false
01-04 22:12:38.168  5039  5668 D EPDG -- [SMARTWIFI]: onSignalStrengthsChanged: Received signal strength change, phone type is: 2
01-04 22:12:38.168  5039  6405 D EPDG -- [SMARTWIFI]: lastLteRSRP is -111currentLteRSRP is -111
01-04 22:12:38.168  5039  6405 D EPDG -- [SMARTWIFI]: lastLteRSRQ is -10currentLteRSRQ is -10
01-04 22:12:38.168  5039  6405 D EPDG -- [SMARTWIFI]: lastCdmaDb is -16currentCdmaDb is -16
01-04 22:12:38.168  5039  6405 V EPDG -- [SMARTWIFI]: Radio oldest entry removed
01-04 22:12:38.168  5039  6405 V EPDG -- [SMARTWIFI]: New entry : (SignalStrength: 99 99 -120 -160 -120 -1 -1 14 -111 -10 36 2147483647 2147483647 0x2000 gsm|lte : 0 )
01-04 22:12:38.168  5039  6405 V EPDG -- [SMARTWIFI]: Radio entry added
01-04 22:12:38.169  4627  4753 D mali_winsys: EGLint new_window_surface(egl_winsys_display*, void*, EGLSurface, EGLConfig, egl_winsys_surface**, egl_color_buffer_format*, EGLBoolean) returns 0x3000,  [1080x1920]-format:1
01-04 22:12:38.169  4627  4627 D ViewRootImpl@432890e[StatusBar]: mHardwareRenderer.updateSurface() mSurface={isValid=true 531796181504}
01-04 22:12:38.172  4627  4836 D NetworkController.MobileSignalController(0/1): callState:0, callStateByPhone:false voLTECall:false voiceNetTpe:13 dataNetType:13, ine911:false, emergencyCallbackMode:false
01-04 22:12:38.173  3755  3768 D RCPManagerService: exchangeData() failure , invalid userId
01-04 22:12:38.175 22792 22792 E HWRecognizer: Handwriting Recognition SDK(Samsung SDK) has not been initialized yet
01-04 22:12:38.175 22792 22792 D Recognizer: HwrSdk version code = 1
01-04 22:12:38.175 22792 22792 D Recognizer: HwrSdk version name = 1.1.0.27
01-04 22:12:38.175 22792 22792 D Recognizer: Library eabi = 1
01-04 22:12:38.175 22792 22792 I Recognizer: 32 bit library will be activated
01-04 22:12:38.175 22792 22792 D Recognizer: Client package name = com.samsung.android.snote
01-04 22:12:38.175  4627  4627 D KeyguardWallpaperController: onLayoutChange() v: com.android.systemui.statusbar.BackDropView{22270e0 I.E...... ......ID 0,0-1080,1920 #7f130417 app:id/backdrop}, bottom : 1920, oldBottom : 63
01-04 22:12:38.175  4627  4627 D KeyguardWallpaperController: mShowing=true, mOccluded=false, mFadingAway=false, match_parent=true
01-04 22:12:38.175 22792 22792 D Recognizer: No SDL apis
01-04 22:12:38.177 22792 22792 D Recognizer: APK Version = 1.2.01
01-04 22:12:38.177 22792 22792 D Recognizer: SDK Version = 1.1.0.27
01-04 22:12:38.177 22792 22792 D RecognitionFacade: Instance is created : HWR
01-04 22:12:38.177  3755  6282 D PackageManager: setEnabledSetting : userId = 0 packageName = com.samsung.android.snote cmp = com.samsung.android.snote.control.ui.quickmemo.service.QuickMemo_Service newState = 0 callingPackage = 10160
01-04 22:12:38.178  3755  3791 V WindowManager: Now policy hidden: Window{2c78cccd0 u0 com.sec.android.app.launcher/com.sec.android.app.launcher.activities.LauncherActivity}
01-04 22:12:38.182  3755  4481 D PackageManager: setEnabledSetting : userId = 0 packageName = com.samsung.android.snote cmp = com.samsung.android.snote.control.ui.quickmemo.receiver.PenGestureReceiver newState = 0 callingPackage = 10160
01-04 22:12:38.184  4627  4627 W View    : requestLayout() improperly called by com.android.systemui.statusbar.ExpandableNotificationRow{1ce4ed6 VFE...C.. ......ID 0,0-1080,746} during layout: running second layout pass
01-04 22:12:38.184  4627  4627 I ViewRootImpl@432890e[StatusBar]: requestLayout is already in process
01-04 22:12:38.186  3755  5993 D WallpaperManagerService: getDCMLauncherEnabled false
01-04 22:12:38.187  3755  6008 D PackageManager: setEnabledSetting : userId = 0 packageName = com.samsung.android.snote cmp = com.samsung.android.snote.control.ui.quickmemo.quickmemowidget.Reminder newState = 0 callingPackage = 10160
01-04 22:12:38.190  4627  4627 I StatusBarWindowManager: isExpanded:true, true, true, false, false, false
01-04 22:12:38.190  4627  4627 I StatusBarWindowManager: applyHeight:-1
01-04 22:12:38.191  3755  6002 D PackageManager: setEnabledSetting : userId = 0 packageName = com.samsung.android.snote cmp = com.samsung.android.snote.control.ui.quickmemo.receiver.ReminderBootReciever newState = 0 callingPackage = 10160
01-04 22:12:38.193  4627  4627 D KeyguardUpdateMonitor: received broadcast android.intent.action.BATTERY_CHANGED
01-04 22:12:38.196  3755 10406 D PackageManager: setEnabledSetting : userId = 0 packageName = com.samsung.android.snote cmp = com.samsung.android.snote.control.ui.quickmemo.service.ReminderService newState = 0 callingPackage = 10160
01-04 22:12:38.199  4627  4627 D PowerUI : priorPlugType = 2 mPlugType =  2
01-04 22:12:38.200  3755  6236 D PackageManager: setEnabledSetting : userId = 0 packageName = com.samsung.android.snote cmp = com.samsung.android.snote.control.ui.quickmemo.quickmemowidget.PushAndAttachWidget newState = 0 callingPackage = 10160
01-04 22:12:38.200  4627  4627 D PowerUI.Notification: showChargingNotice oldChargingType : 1 currentChargingType : 1 oldChargingTime : 3084000 mChargingTime : 3084000
01-04 22:12:38.201  4627  4627 D PowerUI.Notification: There is no change about charging status, so return!
01-04 22:12:38.202  4627  4627 D BatteryMeterDrawable: isSomethingChanged - false
01-04 22:12:38.202  4627  4627 D BatteryMeterDrawable: isSomethingChanged - false
01-04 22:12:38.205  3755  6237 D PackageManager: setEnabledSetting : userId = 0 packageName = com.samsung.android.snote cmp = com.samsung.android.snote.control.ui.quickmemo.service.InstantMemo_Service newState = 0 callingPackage = 10160
01-04 22:12:38.208  4627  4627 D Tile.FlashlightTile: ACTION_BATTERY_CHANGED - Level :: 80, emEnabled :: false
01-04 22:12:38.214 22792 22792 D LocalBroadcast: register() : com.samsung.android.snote.control.a@b95a1b4,android.content.IntentFilter@b32e1dd
01-04 22:12:38.216  4627  4627 D KeyguardCircleAffordanceView: setPreviewView: mRight=false,color=536870912
01-04 22:12:38.216  4627  4627 V KeyguardBottomAreaShortcutView: mLeftAffordanceView preview = null
01-04 22:12:38.217  4627  4627 D KeyguardCircleAffordanceView: setPreviewView: mRight=true,preview=android.widget.AbsoluteLayout{adb3815 I.E...... ......ID 0,0-0,0}
01-04 22:12:38.218  4627  4627 V KeyguardBottomAreaShortcutView: mRightAffordanceView preview = android.widget.AbsoluteLayout{adb3815 I.E...... ......ID 0,0-0,0}
01-04 22:12:38.218  4627  4627 D KeyguardUpdateMonitor: handleKeyguardReset
01-04 22:12:38.219  4627  4627 D KeyguardFingerPrint: shouldListenForFingerprint ( isFingerprintEnabled = false , mKeyguardIsVisible = true , mDeviceInteractive = false , mBouncer = false , mGoingToSleep = false , mSwitchingUser = false , mFingerprintAlreadyAuthenticated = false , mKeyguardUnlocking = false
01-04 22:12:38.219  4627  4627 D KeyguardFingerPrint: shouldListenForFingerprint ( fingerprint is not enabled. ) 
01-04 22:12:38.219  4627  4627 V KeyguardFingerPrint: stopListeningForFingerprint()
01-04 22:12:38.219  4627  4627 D KeyguardUpdateMonitor: handleKeyguardStateUpdated(Bundle[{timeStamp=1546657957782, occluded=false, bouncerShowing=false, showing=true}])
01-04 22:12:38.220  4627  4627 D PhoneStatusBar: disable: < expand ICONS alerts SYSTEM_INFO back HOME* RECENT* clock SEARCH* quick_settings >
01-04 22:12:38.220  4627  4627 D ViewRootImpl@432890e[StatusBar]: MSG_RESIZED_REPORT: ci=Rect(0, 0 - 0, 0) vi=Rect(0, 0 - 0, 0) or=1
01-04 22:12:38.220  4627  4627 D ViewRootImpl@432890e[StatusBar]: MSG_WINDOW_FOCUS_CHANGED 1
01-04 22:12:38.220  4627 22815 D KeyguardUpdateMonitor: broadcasted intent= Intent { act=com.samsung.keyguard.KEYGUARD_STATE_UPDATE launchParam=MultiScreenLaunchParams { mDisplayId=0 mFlags=0 } (has extras) }
01-04 22:12:38.221  4627  4627 D ViewRootImpl@432890e[StatusBar]: mHardwareRenderer.initializeIfNeeded()#2 mSurface={isValid=true 531796181504}
01-04 22:12:38.222 22792 22792 D InstantMemo_Service: onCreate()
01-04 22:12:38.229  4627  4627 V hong    : mid yDiff = 382
01-04 22:12:38.229  4627  4627 V hong    : mid yDiff = 382
