01-23 01:28:46.987 14654 14672 D UE4     : [2019.01.23-06.28.46:987][  0]LogAudio: Warning: Can't increase channels past starting number!
01-23 01:28:46.989 14654 14672 D UE4     : [2019.01.23-06.28.46:989][  0]LogNetVersion: Set ProjectVersion to 1.1.0. Version Checksum will be recalculated on next use.
01-23 01:28:46.989 14654 14672 D UE4     : [2019.01.23-06.28.46:989][  0]LogInit: Texture streaming: Enabled
01-23 01:28:46.995  3757  4354 D CompatibilityInfo: mCompatibilityFlags - 0
01-23 01:28:46.995  3757  4354 D CompatibilityInfo: applicationDensity - 420
01-23 01:28:46.995  3757  4354 D CompatibilityInfo: applicationScale - 1.0
01-23 01:28:47.007 14654 14672 D UE4     : [2019.01.23-06.28.47:007][  0]LogAudio: Warning: Can't increase channels past starting number!
01-23 01:28:47.014 14654 14672 D UE4     : [2019.01.23-06.28.47:014][  0]LogSlate: Updating window title bar state: overlay mode, drag disabled, window buttons hidden, title bar hidden
01-23 01:28:47.015 14654 14672 D UE4     : [2019.01.23-06.28.47:015][  0]LogInit: Display: Game Engine Initialized.
01-23 01:28:47.015 14654 14672 D UE4     : [2019.01.23-06.28.47:015][  0]LogGameplayTags: Display: UGameplayTagsManager::DoneAddingNativeTags. DelegateIsBound: 0
01-23 01:28:47.015 14654 14672 D UE4     : [2019.01.23-06.28.47:015][  0]LogStats: UGameplayTagsManager::ConstructGameplayTagTree: ImportINI prefixes -  0.000 s
01-23 01:28:47.015 14654 14672 D UE4     : [2019.01.23-06.28.47:015][  0]LogStats: UGameplayTagsManager::ConstructGameplayTagTree: Construct from data asset -  0.000 s
01-23 01:28:47.016 14654 14672 D UE4     : [2019.01.23-06.28.47:016][  0]LogStats: UGameplayTagsManager::ConstructGameplayTagTree: ImportINI -  0.000 s
01-23 01:28:47.016 14654 14672 D UE4     : [2019.01.23-06.28.47:016][  0]LogStats: UGameplayTagsManager::ConstructGameplayTagTree: GameplayTagTreeChangedEvent.Broadcast -  0.000 s
01-23 01:28:47.019  3757 29840 D SamsungAlarmManager: setExact Intent (T:3/F:5/AC:false) 20190123T012852 - CU:10059/CP:30510
01-23 01:28:47.020  3757 29840 I SamsungAlarmManager: setLocked to kernel - T:3 / 20190123T012852, SetElapsed=1425572788, nowELAPSED=1425567802
01-23 01:28:47.109 14654 14672 D UE4     : [2019.01.23-06.28.47:109][  0]LogInit: Display: Starting Game.
01-23 01:28:47.109 14654 14672 D UE4     : [2019.01.23-06.28.47:109][  0]LogNet: Browse: /Game/Maps/StackMap?Name=Player
01-23 01:28:47.110 14654 14672 D UE4     : [2019.01.23-06.28.47:110][  0]LogLoad: LoadMap: /Game/Maps/StackMap?Name=Player
01-23 01:28:47.414 14654 14672 D UE4     : [2019.01.23-06.28.47:414][  0]LogAIModule: Creating AISystem for world StackMap
01-23 01:28:47.415 14654 14672 D UE4     : [2019.01.23-06.28.47:415][  0]LogLoad: Game class is 'GameModeBase'
01-23 01:28:47.422 14654 14672 D UE4     : [2019.01.23-06.28.47:422][  0]LogWorld: Bringing World /Game/Maps/StackMap.StackMap up for play (max tick rate 0) at 2019.01.23-01.28.47
01-23 01:28:47.424 14654 14672 D UE4     : [2019.01.23-06.28.47:424][  0]LogWorld: Bringing up level for play took: 0.005136
01-23 01:28:47.425 14654 14672 D UE4     : [2019.01.23-06.28.47:425][  0]LogOnlineIdentity: Display: OSS: FOnlineIdentityGooglePlay::GetPlayerNickname
01-23 01:28:47.426 14654 14672 D UE4     : [2019.01.23-06.28.47:426][  0]LogGameMode: FindPlayerStart: PATHS NOT DEFINED or NO PLAYERSTART with positive rating
01-23 01:28:47.445 14378 14506 D ClClient: Not sending keepalive.  Current connection state=STOPPED
01-23 01:28:47.467 14654 14672 D UE4     : [2019.01.23-06.28.47:466][  0]LogUMG: Display: Widget Class GameStartMenu_C - Loaded Fast Template.
01-23 01:28:47.472 14654 14672 D UE4     : [2019.01.23-06.28.47:472][  0]LogPlayerController: Error: InputMode:UIOnly - Attempting to focus Non-Focusable widget SObjectWidget [Widget.cpp(710)]!
01-23 01:28:47.473 14654 14672 D UE4     : [2019.01.23-06.28.47:473][  0]LogLoad: Took 0.363519 seconds to LoadMap(/Game/Maps/StackMap)
01-23 01:28:47.475 14654 14672 D UE4     : [2019.01.23-06.28.47:475][  0]LogSlate: Took 0.000405 seconds to synchronously load lazily loaded font '../../../Engine/Content/EngineFonts/Faces/DroidSansMono.ufont' (77K)
01-23 01:28:47.478 14654 14725 D UE4     : *** JavaEnvDestructor: 14725
01-23 01:28:47.479 14654 14723 D UE4     : AndroidEGL::ResetDisplay()
01-23 01:28:47.479 14654 14723 D UE4     : *** JavaEnvDestructor: 14723
01-23 01:28:47.489 14654 14672 D UE4     : [2019.01.23-06.28.47:489][  0]LogAndroid: Passed GEngineLoop.Init()
01-23 01:28:47.498 14654 14672 D UE4     : [2019.01.23-06.28.47:498][  0]LogAndroidEvents: Display: DequeueAppEvent : 9, 0
01-23 01:28:47.499 14654 14672 D UE4     : [2019.01.23-06.28.47:499][  0]LogAndroidEvents: Display: DequeueAppEvent : 7, 0
01-23 01:28:47.499 14654 14672 D UE4     : [2019.01.23-06.28.47:499][  0]LogAndroidEvents: Display: DequeueAppEvent : 0, 3268026376
01-23 01:28:47.499 14654 14672 D UE4     : APP_EVENT_STATE_WINDOW_CREATED, 0, 0, 1
01-23 01:28:47.499 14654 14672 D UE4     : [2019.01.23-06.28.47:499][  0]LogAndroidEvents: Display: ExecWindowCreated
01-23 01:28:47.499 14654 14672 D UE4     : AndroidEGL::ReInitWindow()
01-23 01:28:47.499 14654 14672 D UE4     : AndroidEGL::ReInit()
01-23 01:28:47.499 14654 14672 D UE4     : AndroidEGL::ResetDisplay()
01-23 01:28:47.499 14654 14672 D UE4     : AndroidEGL::InitSurface 0, 1
01-23 01:28:47.499 14654 14672 D UE4     : AndroidEGL::CreateEGLSurface() Already initialized: 0xe181f2a8
01-23 01:28:47.499 14654 14763 D UE4     : [2019.01.23-06.28.47:499][  0]LogRenderer: Reallocating scene render targets to support 720x1280 Format 10 NumSamples 1 (Frame:1).
01-23 01:28:47.499 14654 14672 D UE4     : ExecWindowCreated, 0, 1, 1
01-23 01:28:47.499 14654 14672 D UE4     : [2019.01.23-06.28.47:499][  0]LogTemp: Android resume audio
01-23 01:28:47.504 14654 14672 D UE4     : Registering volume receiver
01-23 01:28:47.511  3757 31270 D AudioService: getStreamVolume 3 index 0
01-23 01:28:47.512 14654 14672 D UE4     : startVolumeReceiver: 0
01-23 01:28:47.512 14654 14672 D UE4     : nativeVolumeEvent(0)
01-23 01:28:47.512 14654 14672 D UE4     : Registering battery receiver
01-23 01:28:47.515 14654 14672 D UE4     : Registering headset receiver
01-23 01:28:47.517 14654 14672 D UE4     : startHeadsetReceiver: 0
01-23 01:28:47.517 14654 14672 D UE4     : nativeHeadsetEvent(0)
01-23 01:28:47.518 14654 14654 D UE4     : Battery: status = 2, rawlevel = 65, scale = 100
01-23 01:28:47.518 14654 14654 D UE4     : nativeBatteryEvent(stat = 2, lvl = 65  temp = 31.20 C)
01-23 01:28:47.519 14654 14654 D UE4     : headsetReceiver::onReceive
01-23 01:28:47.519 14654 14654 D UE4     : nativeHeadsetEvent(0)
01-23 01:28:47.525 14654 14763 D UE4     : [2019.01.23-06.28.47:524][  0]LogRHI: Using OpenGL program LRU cache: 0
01-23 01:28:47.608 14654 14744 D UE4     : *** JavaEnvDestructor: 14744
01-23 01:28:47.792 14654 14742 D UE4     : *** JavaEnvDestructor: 14742
01-23 01:28:47.793 14654 14743 D UE4     : *** JavaEnvDestructor: 14743
01-23 01:28:47.794 14654 14741 D UE4     : *** JavaEnvDestructor: 14741
01-23 01:28:47.896 14654 14672 D UE4     : [2019.01.23-06.28.47:896][  0]LogUdpMessaging: Initializing bridge on interface 0.0.0.0:0 to multicast group 230.0.0.1:6666.
01-23 01:28:48.781 14654 14739 D UE4     : *** JavaEnvDestructor: 14739
01-23 01:28:48.784 14654 14740 D UE4     : *** JavaEnvDestructor: 14740
01-23 01:28:48.888 14654 14672 D UE4     : [2019.01.23-06.28.48:887][  0]LogTcpMessaging: Initializing TcpMessaging bridge, listening on 127.0.0.1:6666
01-23 01:28:48.900 14654 14672 D UE4     : [2019.01.23-06.28.48:900][  0]LogAndroid: Display: Low Power Mode Changed: 0
01-23 01:28:48.902 14654 14672 D UE4     : Execution has been resumed!
01-23 01:28:48.902 14654 14672 D UE4     : [2019.01.23-06.28.48:902][  0]LogAndroidEvents: Display: DequeueAppEvent : 6, 0
01-23 01:28:48.907 14654 14770 D UE4     : *** JavaEnvDestructor: 14770
01-23 01:28:49.266  3757  9599 D GameManagerService: identifyGamePackage. com.GeekTechnique.InfinityStack
01-23 01:28:49.594  3757  4458 D WifiStateMachine: Current network is: "wilkinson2.4" , ID is: 30
01-23 01:28:49.594  3757  4458 I WifiStateMachine: IMS calling, current network is always qualified
01-23 01:28:49.911 14654 14768 D UE4     : *** JavaEnvDestructor: 14768
01-23 01:28:49.912 14654 14769 D UE4     : *** JavaEnvDestructor: 14769
01-23 01:28:49.913 14654 14767 D UE4     : *** JavaEnvDestructor: 14767
01-23 01:28:50.528  3757  9599 D GameManagerService: identifyGamePackage. com.GeekTechnique.InfinityStack
01-23 01:28:50.894  5689  5689 D io_stats: !@   8,0 r 6733852 199731896 w 5074467 106811152 d 740310 50361376 f 1261409 1261103 iot 8075890 4689739 th 61440 61440 43788 pt 12380 inp 0 0 469989.464
01-23 01:28:50.896 14654 14771 D UE4     : *** JavaEnvDestructor: 14771
01-23 01:28:50.901 14654 14772 D UE4     : *** JavaEnvDestructor: 14772
01-23 01:28:50.910  6668  6733 D ContactsProvider_EventLog: contents_sample_state: [ contacts(370) data(4042) accounts({vnd.sec.contact.phone (1)=12, com.google (7)=694}) accounts deleted({}) calls([logtype:100 cnt:399, logtype:1150 cnt:101]) countryIso(US) userId(0)  ]

01-23 01:28:50.910  6668  6733 D ContactsProvider_EventLog: contents_sample_state: [ agr({[2 ,2 ,7]=1, [2 ,7 ,2 ,7]=1, [7 ,2 ,7]=4, [7 ,7 ,2]=4, [1 ,7]=5, [7]=52, [7 ,2]=231, [1 ,2 ,7]=7, [2 ,7]=65})  ]

01-23 01:28:50.910  6668  6733 D ContactsProvider_EventLog: contents_sample_state: [ actCnt({android.process.acore=1})  ]
01-23 01:28:50.926  6668  6733 E ContactsProvider_EventLog: Flush buffer to file cnt : 1 size : 0Kb duration : 14ms lastUpdatedAfter : 60158 ms mFlush_time_threasold : 2000 mCurrentSize : 458
01-23 01:28:51.003 14654 14672 D UE4     : Unregistering volume receiver
01-23 01:28:51.004 14654 14672 D UE4     : Unregistering battery receiver
01-23 01:28:51.005 14654 14672 D UE4     : Unregistering headset receiver
01-23 01:28:51.012 14654 14764 D UE4     : *** JavaEnvDestructor: 14764
01-23 01:28:51.013 14654 14763 D UE4     : AndroidEGL::ResetDisplay()
01-23 01:28:51.014 14654 14763 D UE4     : *** JavaEnvDestructor: 14763
01-23 01:28:51.015 14654 14672 D UE4     : [2019.01.23-06.28.51:015][  0]LogTemp: Android pause audio
01-23 01:28:51.018 14654 14672 D UE4     : Execution has been paused...
01-23 01:28:51.018 14654 14672 D UE4     : [2019.01.23-06.28.51:018][  0]LogAndroidEvents: Display: DequeueAppEvent : 11, 0
01-23 01:28:51.018 14654 14672 D UE4     : [2019.01.23-06.28.51:018][  0]LogAndroidEvents: Display: DequeueAppEvent : 7, 0
01-23 01:28:51.054 14654 14672 D UE4     : [2019.01.23-06.28.51:054][  0]LogTemp: Android resume audio
01-23 01:28:51.058 14654 14672 D UE4     : Registering volume receiver
01-23 01:28:51.062  3757  2859 D AudioService: getStreamVolume 3 index 0
01-23 01:28:51.062 14654 14672 D UE4     : startVolumeReceiver: 0
01-23 01:28:51.063 14654 14672 D UE4     : nativeVolumeEvent(0)
01-23 01:28:51.063 14654 14672 D UE4     : Registering battery receiver
01-23 01:28:51.066 14654 14672 D UE4     : Registering headset receiver
01-23 01:28:51.072 14654 14672 D UE4     : startHeadsetReceiver: 0
01-23 01:28:51.072 14654 14654 D UE4     : headsetReceiver::onReceive
01-23 01:28:51.073 14654 14672 D UE4     : nativeHeadsetEvent(0)
01-23 01:28:51.073 14654 14654 D UE4     : nativeHeadsetEvent(0)
01-23 01:28:51.073 14654 14672 D UE4     : [2019.01.23-06.28.51:073][  0]LogUdpMessaging: Initializing bridge on interface 0.0.0.0:0 to multicast group 230.0.0.1:6666.
01-23 01:28:51.087 14654 14672 D UE4     : [2019.01.23-06.28.51:087][  0]LogTcpMessaging: Initializing TcpMessaging bridge, listening on 127.0.0.1:6666
01-23 01:28:51.090 14654 14672 D UE4     : Execution has been resumed!
01-23 01:28:51.151 14654 14777 I         : Increase max job count 60
01-23 01:28:51.500 14654 14777 D UE4     : [2019.01.23-06.28.51:500][  0]LogRHI: JNI Display getPresentationDeadlineNanos=17949152 getAppVsyncOffsetNanos=0 getRefreshRate=59.000000
01-23 01:28:51.500 14654 14777 D UE4     : [2019.01.23-06.28.51:500][  0]LogRHI: Final display timing metrics: DriverRefreshRate=59.0000  DriverRefreshNanos=16949153  DriverDeadlineNanos=16949152  DriverAppVsyncOffsetNanos=0
01-23 01:28:51.500 14654 14777 D UE4     : [2019.01.23-06.28.51:500][  0]LogRHI: AndroidEGL:SwapBuffers Min=0, Max=1, Request=1, ClosestDriver=1, SetDriver=1
01-23 01:28:51.505 14654 14672 D UE4     : [2019.01.23-06.28.51:505][  0]LogSlate: Slate font cache was flushed
01-23 01:28:51.535 14654 14672 D UE4     : [2019.01.23-06.28.51:535][  1]LogSlate: Took 0.000753 seconds to synchronously load lazily loaded font '../../../Engine/Content/EngineFonts/Faces/DroidSansMono.ufont' (77K)
01-23 01:28:51.975  3757  4966 E Watchdog: !@Sync 15660 [23_Jan_01_28_51.974]
01-23 01:28:52.006  3757  4354 D SamsungAlarmManager: Expired : 8
01-23 01:28:52.007  3757  4354 I SamsungAlarmManager: setLocked to kernel - T:3 / 20190123T012900, SetElapsed=1425580782, nowELAPSED=1425572789
01-23 01:28:52.008  3757  4354 V SamsungAlarmManager: Sending to uid : 10059 action=null alarm=Alarm{93c2cc3 type 3 when 1425572788 com.asurion.android.verizon.vms}
01-23 01:28:52.023  3757  4354 D CompatibilityInfo: mCompatibilityFlags - 0
01-23 01:28:52.023  3757  4354 D CompatibilityInfo: applicationDensity - 420
01-23 01:28:52.023  3757  4354 D CompatibilityInfo: applicationScale - 1.0
01-23 01:28:52.054  3757  4473 D SamsungAlarmManager: setExact Intent (T:3/F:5/AC:false) 20190123T012857 - CU:10059/CP:30510
01-23 01:28:52.055  3757  4473 I SamsungAlarmManager: setLocked to kernel - T:3 / 20190123T012857, SetElapsed=1425577822, nowELAPSED=1425572837
01-23 01:28:52.608  3757  4458 D WifiStateMachine: Current network is: "wilkinson2.4" , ID is: 30
01-23 01:28:52.608  3757  4458 I WifiStateMachine: IMS calling, current network is always qualified
01-23 01:28:52.622 14654 14761 I libOpenSLES: Emulating old channel mask behavior (ignoring positional mask 0x3, using default mask 0x3 based on channel count of 2)
01-23 01:28:52.630 14654 14761 W AudioTrack: AUDIO_OUTPUT_FLAG_FAST denied by client; transfer 1, track 44100 Hz, output 48000 Hz
01-23 01:28:52.632  3237 27701 I AudioFlinger: add dynamic flag, can move to deep thread, session 129537
01-23 01:28:52.635 14654 14761 D AudioTrack: Client defaulted notificationFrames to 1181 for frameCount 3544
01-23 01:28:52.637 14654 14761 I AudioTrack: updateAudioTranstionLength FadeIn[0] FadeOut[0] FadeInRing[0]
01-23 01:28:52.637  3237  8662 W AudioPolicyIntefaceImpl: Skipped to add effects on session 129537
01-23 01:28:52.637  3237  8662 I APM_AudioPolicyManager: startOutput() output 21, stream 3, session 129537
01-23 01:28:52.641  3237  3477 D audio_hw_primary: out_set_parameters: enter: kvpairs: routing=2
01-23 01:28:52.641  3237  3477 D AudioFlinger: setCurDevice() 0x2
01-23 01:28:52.645  3237  3477 V audio_hw_primary: start_output_stream+, out->device : 00000002 , out->type = 1
01-23 01:28:52.645  3237  3477 D audio_hw_primary: start_output_stream jack_skip_check false
01-23 01:28:52.646  3237  3477 D audio_hw_primary: start_output_stream (0xe609fee0) out->pcm_device:6 out->config.rate:48000 out->config.format:0 out->period_size:240
01-23 01:28:52.646  3237  3477 D audio_hw_primary: start_output_stream (0xe609fee0) out->config.rate:48000 out->config.format:0 out->period_size:240
01-23 01:28:52.646  3237  3477 I audio_hw_primary: is_voice_wakeup : ret =  0  , wakeup_baby_cry_enabled = 0  ,  wakeup_mic_enabled = 0 
01-23 01:28:52.646  3237  3477 V audio_hw_primary: select_devices output_scenario:0 input_scenario:28 out_snd_device 0x2 in_snd_device:0xb
01-23 01:28:52.646  3237  3477 I audio_route: > audio_route_reset :
01-23 01:28:52.649  3237  3477 I audio_route: > audio_route_apply_path : "recognition-mic"
01-23 01:28:52.651  3237  3477 V audio_hw_primary: select_devices() input_route "recognition-mic" 
01-23 01:28:52.651  3237  3477 I audio_route: > audio_route_apply_path : "media-speaker"
01-23 01:28:52.737  3237  3477 V audio_hw_primary: select_devices() output_route "media-speaker" 
01-23 01:28:52.737  3237  3477 I audio_route: > audio_route_apply_path : "gain-recognition-mic"
01-23 01:28:52.737  3237  3477 V audio_hw_primary: select_devices() input_gain "gain-recognition-mic" 
01-23 01:28:52.737  3237  3477 I audio_route: > audio_route_apply_path : "gain-media-speaker"
01-23 01:28:52.738  3237  3477 V audio_hw_primary: select_devices() output_gain "gain-media-speaker" 
01-23 01:28:52.738  3237  3477 I audio_route: > audio_route_update_mixer : +
01-23 01:28:52.738  3237  3477 I audio_route: > audio_route_update_mixer : changed(0) -
01-23 01:28:52.738  3237  3477 I audio_hw_primary: select_devices - 
01-23 01:28:52.738  3237  3477 V audio_hw_primary: start_output_stream-
01-23 01:28:52.766  3237  3477 I AudioMixer: create resampler src 44100, 2, dst 48000, 2, q 8
01-23 01:28:52.766  3237  3477 D SoundAliveResampler: [SoundAliveResampler] Init+++
01-23 01:28:53.807 14654 14675 D UE4     : Used memory: 219576
01-23 01:28:53.953  3757  4398 D InputReader: Input event(3): value=1 when=469992524098000
01-23 01:28:53.953  3757  4398 D InputReader: Input event(3): value=1 when=469992524098000
01-23 01:28:53.953  3757  4398 I InputReader: Touch event's action is 0x0 (deviceType=0) [pCnt=1, s=0.48675 ] when=469992524098000
01-23 01:28:53.954  3757  4397 I InputDispatcher: Delivering touch to (14654): action: 0x0, toolType: 1
01-23 01:28:53.956 14654 14673 V threaded_app: New input event: type=2
01-23 01:28:53.957 14654 14654 D ViewRootImpl@e972267[GameActivity]: ViewPostImeInputStage processPointer 0
01-23 01:28:53.959 14654 14654 W System  : ClassLoader referenced unknown path: /system/framework/QPerformance.jar
01-23 01:28:53.961 14654 14654 E BoostFramework: BoostFramework() : Exception_1 = java.lang.ClassNotFoundException: Didn't find class "com.qualcomm.qti.Performance" on path: DexPathList[[],nativeLibraryDirectories=[/system/lib, /vendor/lib]]
01-23 01:28:53.961 14654 14654 V BoostFramework: BoostFramework() : mPerf = null
01-23 01:28:53.976 14654 14673 V threaded_app: New input event: type=2
01-23 01:28:53.984  3757  4398 D InputReader: Input event(7): value=1 when=469992555871000
01-23 01:28:53.985  3757  4398 D InputDispatcher: timeDiff is 31ms, cancelling touch
01-23 01:28:53.986  3757  4398 I InputDispatcher: Delivering touch to (14654): action: 0x3, toolType: 1
01-23 01:28:53.987 14654 14673 V threaded_app: New input event: type=2
01-23 01:28:53.988 14654 14673 V threaded_app: New input event: type=2
01-23 01:28:53.991  3757  4398 D SamsungPhoneWindowManager: f.b. a = false hd = false eme = false ksno = false id = -1
01-23 01:28:53.992  3757  4398 V Vibrator: Called semVibrate(int, int, AudioAttributes, Mag) API - PUID: 1000, PackageName: android, token: android.os.Binder@3b5b127, type: 50026, repeat: -1, AudioAttr : null, Mag: TYPE_TOUCH
01-23 01:28:53.992  3757  4398 V VibratorService: vibratePatternMagnitude - package: android, repeat: -1, token: android.os.Binder@3b5b127, mag: 6500, def: 10000
01-23 01:28:53.993  3757  4398 D VibratorService: Turning vibrator off
01-23 01:28:53.995  3757 14796 D VibratorService: vibratorOn() : 7ms, magnitude :6500, f : -1
01-23 01:28:53.997  3757  4397 I InputDispatcher: Delivering key to (14654): action: 0x0 (0)
01-23 01:28:53.998 14654 14673 V threaded_app: New input event: type=1
01-23 01:28:54.000  8465  8465 W SemDesktopModeManager: isDesktopMode: Desktop Mode feature not available
01-23 01:28:54.007 14654 14673 V threaded_app: New input event: type=1
01-23 01:28:54.007 14654 14673 D UE4     : Received keycode: 4, softkey: 0
01-23 01:28:54.007 14654 14673 D UE4     : Received key event: 4
01-23 01:28:54.087  3757  4398 D InputReader: Input event(3): value=0 when=469992658261000
01-23 01:28:54.087  3757  4398 D InputReader: Input event(3): value=0 when=469992658261000
01-23 01:28:54.087  3757  4398 I InputReader: Touch event's action is 0x1 (deviceType=0) [pCnt=1, s=] when=469992658261000
01-23 01:28:54.154  3757  4398 D InputReader: Input event(7): value=0 when=469992725649000
01-23 01:28:54.157  3757  4397 I InputDispatcher: Delivering key to (14654): action: 0x1 (0)
01-23 01:28:54.158 14654 14673 V threaded_app: New input event: type=1
01-23 01:28:54.159 14654 14673 V threaded_app: New input event: type=1
01-23 01:28:54.159 14654 14673 D UE4     : Received keycode: 4, softkey: 0
01-23 01:28:54.159 14654 14673 D UE4     : Received key event: 4
01-23 01:28:54.441  3227  3261 D Sensorhubs: readContextData: 1, 1, 7, 0
01-23 01:28:54.443  3757  4361 D SensorHubManager: onGetSensorHubDataLocked: library(4) = 1, 1, 7, 0
01-23 01:28:54.445  3757  4360 D CAE     : onGetSensorHubData(SensorHubParserProvider.java:94) - onGetSensorHubData Event [event buffer len :4], AP_WAKEUP
01-23 01:28:54.447  3757  4360 I CAE     : parse(SensorHubParserProvider.java:196) - buffer size = 4
01-23 01:28:54.448  3757  4360 I CAE     : parse(SensorHubParserProvider.java:207) - 1, 1, 7, 0,
01-23 01:28:54.451  3757  4360 D CAE     : display(ContextProvider.java:375) - ================= AUTO_ROTATION =================
01-23 01:28:54.452  3757  4360 I CAE     : display(ContextProvider.java:391) - Angle=[0]
01-23 01:28:54.455  3757  4364 D SemContextService: updateContext() : event = Auto Rotation
01-23 01:28:54.455  3757  3757 D SemContextManager: onSemContextChanged() : event = Auto Rotation Angle : 0
01-23 01:28:54.456  3757  3757 D SContextManager: onSContextChanged() : event = Auto Rotation Angle : 0
01-23 01:28:54.456  3757  3757 V WindowOrientationListener: OrientationSensorJudge.onSContextChanged, Rotation: -1
01-23 01:28:54.487  3757  3775 V WindowOrientationListener: OrientationSensorJudge.getProposedRotation, Rotation: 0
01-23 01:28:54.487  3757  3775 V WindowOrientationListener: OrientationSensorJudge.getProposedRotation, Rotation: 0
01-23 01:28:54.487  3757  3775 V WindowManager: rotationForOrientationLw(orient=1, last=0); user=0  sensorRotation=0 mLidState=-1 mDockMode=0 mHdmiPlugged=false
01-23 01:28:54.883  3757  4398 D InputReader: Input event(7): value=1 when=469993454518000
01-23 01:28:54.892  3757  4398 D SamsungPhoneWindowManager: f.b. a = false hd = false eme = false ksno = false id = -1
01-23 01:28:54.893  3757  4398 V Vibrator: Called semVibrate(int, int, AudioAttributes, Mag) API - PUID: 1000, PackageName: android, token: android.os.Binder@3b5b127, type: 50026, repeat: -1, AudioAttr : null, Mag: TYPE_TOUCH
01-23 01:28:54.893  3757  4398 V VibratorService: vibratePatternMagnitude - package: android, repeat: -1, token: android.os.Binder@3b5b127, mag: 6500, def: 10000
01-23 01:28:54.893  3757  4398 D VibratorService: Turning vibrator off
01-23 01:28:54.898  3757 14800 D VibratorService: vibratorOn() : 7ms, magnitude :6500, f : -1
01-23 01:28:54.900  3757  4397 I InputDispatcher: Delivering key to (14654): action: 0x0 (0)
01-23 01:28:54.901 14654 14673 V threaded_app: New input event: type=1
01-23 01:28:54.903  8465  8465 W SemDesktopModeManager: isDesktopMode: Desktop Mode feature not available
01-23 01:28:54.904 14654 14673 V threaded_app: New input event: type=1
01-23 01:28:54.904 14654 14673 D UE4     : Received keycode: 4, softkey: 0
01-23 01:28:54.904 14654 14673 D UE4     : Received key event: 4
01-23 01:28:55.029  3757  4398 D InputReader: Input event(7): value=0 when=469993599988000
01-23 01:28:55.032  3757  4397 I InputDispatcher: Delivering key to (14654): action: 0x1 (0)
01-23 01:28:55.033 14654 14673 V threaded_app: New input event: type=1
01-23 01:28:55.034 14654 14673 V threaded_app: New input event: type=1
01-23 01:28:55.034 14654 14673 D UE4     : Received keycode: 4, softkey: 0
01-23 01:28:55.034 14654 14673 D UE4     : Received key event: 4
01-23 01:28:55.150  3757  4398 D InputReader: Input event(7): value=1 when=469993721655000
01-23 01:28:55.153  3757  4398 D SamsungPhoneWindowManager: f.b. a = false hd = false eme = false ksno = false id = -1
01-23 01:28:55.154  3757  4398 V Vibrator: Called semVibrate(int, int, AudioAttributes, Mag) API - PUID: 1000, PackageName: android, token: android.os.Binder@3b5b127, type: 50026, repeat: -1, AudioAttr : null, Mag: TYPE_TOUCH
01-23 01:28:55.154  3757  4398 V VibratorService: vibratePatternMagnitude - package: android, repeat: -1, token: android.os.Binder@3b5b127, mag: 6500, def: 10000
01-23 01:28:55.154  3757  4398 D VibratorService: Turning vibrator off
01-23 01:28:55.159  3757 14801 D VibratorService: vibratorOn() : 7ms, magnitude :6500, f : -1
01-23 01:28:55.165  3757  4397 I InputDispatcher: Delivering key to (14654): action: 0x0 (0)
01-23 01:28:55.166 14654 14673 V threaded_app: New input event: type=1
01-23 01:28:55.169  8465  8465 W SemDesktopModeManager: isDesktopMode: Desktop Mode feature not available
01-23 01:28:55.171 14654 14673 V threaded_app: New input event: type=1
01-23 01:28:55.172 14654 14673 D UE4     : Received keycode: 4, softkey: 0
01-23 01:28:55.172 14654 14673 D UE4     : Received key event: 4
01-23 01:28:55.296  3757  4398 D InputReader: Input event(7): value=0 when=469993866931000
01-23 01:28:55.300  3757  4397 I InputDispatcher: Delivering key to (14654): action: 0x1 (0)
01-23 01:28:55.301 14654 14673 V threaded_app: New input event: type=1
01-23 01:28:55.302 14654 14673 V threaded_app: New input event: type=1
01-23 01:28:55.302 14654 14673 D UE4     : Received keycode: 4, softkey: 0
01-23 01:28:55.302 14654 14673 D UE4     : Received key event: 4
01-23 01:28:55.368  3757  4398 D InputReader: Input event(7): value=1 when=469993939742000
01-23 01:28:55.371  3757  4398 D SamsungPhoneWindowManager: f.b. a = false hd = false eme = false ksno = false id = -1
01-23 01:28:55.371  3757  4398 V Vibrator: Called semVibrate(int, int, AudioAttributes, Mag) API - PUID: 1000, PackageName: android, token: android.os.Binder@3b5b127, type: 50026, repeat: -1, AudioAttr : null, Mag: TYPE_TOUCH
01-23 01:28:55.371  3757  4398 V VibratorService: vibratePatternMagnitude - package: android, repeat: -1, token: android.os.Binder@3b5b127, mag: 6500, def: 10000
01-23 01:28:55.371  3757  4398 D VibratorService: Turning vibrator off
01-23 01:28:55.377  3757 14804 D VibratorService: vibratorOn() : 7ms, magnitude :6500, f : -1
01-23 01:28:55.383  3757  4397 I InputDispatcher: Delivering key to (14654): action: 0x0 (0)
01-23 01:28:55.384 14654 14673 V threaded_app: New input event: type=1
01-23 01:28:55.385  8465  8465 W SemDesktopModeManager: isDesktopMode: Desktop Mode feature not available
01-23 01:28:55.388 14654 14673 V threaded_app: New input event: type=1
01-23 01:28:55.388 14654 14673 D UE4     : Received keycode: 4, softkey: 0
01-23 01:28:55.388 14654 14673 D UE4     : Received key event: 4
01-23 01:28:55.513  3757  4398 D InputReader: Input event(7): value=0 when=469994085002000
01-23 01:28:55.516  3757  4397 I InputDispatcher: Delivering key to (14654): action: 0x1 (0)
01-23 01:28:55.517 14654 14673 V threaded_app: New input event: type=1
01-23 01:28:55.518 14654 14673 V threaded_app: New input event: type=1
01-23 01:28:55.518 14654 14673 D UE4     : Received keycode: 4, softkey: 0
01-23 01:28:55.518 14654 14673 D UE4     : Received key event: 4
01-23 01:28:55.587  3757  4398 D InputReader: Input event(7): value=1 when=469994157937000
01-23 01:28:55.593  3757  4398 D SamsungPhoneWindowManager: f.b. a = false hd = false eme = false ksno = false id = -1
01-23 01:28:55.593  3757  4398 V Vibrator: Called semVibrate(int, int, AudioAttributes, Mag) API - PUID: 1000, PackageName: android, token: android.os.Binder@3b5b127, type: 50026, repeat: -1, AudioAttr : null, Mag: TYPE_TOUCH
01-23 01:28:55.594  3757  4398 V VibratorService: vibratePatternMagnitude - package: android, repeat: -1, token: android.os.Binder@3b5b127, mag: 6500, def: 10000
01-23 01:28:55.594  3757  4398 D VibratorService: Turning vibrator off
01-23 01:28:55.599  3757 14805 D VibratorService: vibratorOn() : 7ms, magnitude :6500, f : -1
01-23 01:28:55.605  3757  4397 I InputDispatcher: Delivering key to (14654): action: 0x0 (0)
01-23 01:28:55.606 14654 14673 V threaded_app: New input event: type=1
01-23 01:28:55.609  8465  8465 W SemDesktopModeManager: isDesktopMode: Desktop Mode feature not available
01-23 01:28:55.611 14654 14673 V threaded_app: New input event: type=1
01-23 01:28:55.611 14654 14673 D UE4     : Received keycode: 4, softkey: 0
01-23 01:28:55.611 14654 14673 D UE4     : Received key event: 4
01-23 01:28:55.626  3757  4458 D WifiStateMachine: Current network is: "wilkinson2.4" , ID is: 30
01-23 01:28:55.627  3757  4458 I WifiStateMachine: IMS calling, current network is always qualified
01-23 01:28:55.756  3757  4398 D InputReader: Input event(7): value=0 when=469994327627000
01-23 01:28:55.759  3757  4397 I InputDispatcher: Delivering key to (14654): action: 0x1 (0)
01-23 01:28:55.760 14654 14673 V threaded_app: New input event: type=1
01-23 01:28:55.761 14654 14673 V threaded_app: New input event: type=1
01-23 01:28:55.761 14654 14673 D UE4     : Received keycode: 4, softkey: 0
01-23 01:28:55.761 14654 14673 D UE4     : Received key event: 4
01-23 01:28:55.805  3757  4398 D InputReader: Input event(7): value=1 when=469994376086000
01-23 01:28:55.807  3757  4398 D SamsungPhoneWindowManager: f.b. a = false hd = false eme = false ksno = false id = -1
01-23 01:28:55.807  3757  4398 V Vibrator: Called semVibrate(int, int, AudioAttributes, Mag) API - PUID: 1000, PackageName: android, token: android.os.Binder@3b5b127, type: 50026, repeat: -1, AudioAttr : null, Mag: TYPE_TOUCH
01-23 01:28:55.807  3757  4398 V VibratorService: vibratePatternMagnitude - package: android, repeat: -1, token: android.os.Binder@3b5b127, mag: 6500, def: 10000
01-23 01:28:55.807  3757  4398 D VibratorService: Turning vibrator off
01-23 01:28:55.810  3757 14806 D VibratorService: vibratorOn() : 7ms, magnitude :6500, f : -1
01-23 01:28:55.813  3757  4397 I InputDispatcher: Delivering key to (14654): action: 0x0 (0)
01-23 01:28:55.815 14654 14673 V threaded_app: New input event: type=1
01-23 01:28:55.816  8465  8465 W SemDesktopModeManager: isDesktopMode: Desktop Mode feature not available
01-23 01:28:55.817 14654 14673 V threaded_app: New input event: type=1
01-23 01:28:55.817 14654 14673 D UE4     : Received keycode: 4, softkey: 0
01-23 01:28:55.817 14654 14673 D UE4     : Received key event: 4
01-23 01:28:55.860  4616  4823 D NetworkController.MobileSignalController(0/1): onSignalStrengthsChanged signalStrength=SignalStrength: 99 99 -120 -160 -120 -1 -1 13 -113 -9 30 2147483647 2147483647 0x2000 gsm|lte level=2
01-23 01:28:55.873  4616  4823 D NetworkController.MobileSignalController(0/1): getMobileIconGroup(): 13
01-23 01:28:55.873  4616  4823 D NetworkController.MobileSignalController(0/1): updateVZWMobileIconGroup(): 13
01-23 01:28:55.880  5035  5670 D EPDG -- [SMARTWIFI]: onSignalStrengthsChanged: Received signal strength change, phone type is: 2
01-23 01:28:55.881  5035  6446 D EPDG -- [SMARTWIFI]: lastLteRSRP is -111currentLteRSRP is -113
01-23 01:28:55.881  5035  6446 D EPDG -- [SMARTWIFI]: lastLteRSRQ is -9currentLteRSRQ is -9
01-23 01:28:55.881  5035  6446 D EPDG -- [SMARTWIFI]: lastCdmaDb is -16currentCdmaDb is -16
01-23 01:28:55.881  5035  6446 V EPDG -- [SMARTWIFI]: Radio oldest entry removed
01-23 01:28:55.881  5035  6446 V EPDG -- [SMARTWIFI]: New entry : (SignalStrength: 99 99 -120 -160 -120 -1 -1 13 -113 -9 30 2147483647 2147483647 0x2000 gsm|lte : 0 )
01-23 01:28:55.882  5035  6446 V EPDG -- [SMARTWIFI]: Radio entry added
01-23 01:28:55.892  4616  4823 D NetworkController.MobileSignalController(0/1): callState:0, callStateByPhone:false voLTECall:false voiceNetTpe:13 dataNetType:13, ine911:false, emergencyCallbackMode:false
01-23 01:28:55.896  5689  5689 D io_stats: !@   8,0 r 6733858 199732112 w 5074526 106811756 d 740314 50361524 f 1261436 1261130 iot 8076040 4689781 th 61440 61440 43788 pt 12380 inp 0 0 469994.467
01-23 01:28:55.974  3757  4398 D InputReader: Input event(7): value=0 when=469994545791000
01-23 01:28:55.977  3757  4397 I InputDispatcher: Delivering key to (14654): action: 0x1 (0)
01-23 01:28:55.977 14654 14673 V threaded_app: New input event: type=1
01-23 01:28:55.978 14654 14673 V threaded_app: New input event: type=1
01-23 01:28:55.978 14654 14673 D UE4     : Received keycode: 4, softkey: 0
01-23 01:28:55.978 14654 14673 D UE4     : Received key event: 4
01-23 01:28:56.072  3757  4398 D InputReader: Input event(7): value=1 when=469994643142000
01-23 01:28:56.074  3757  4398 D SamsungPhoneWindowManager: f.b. a = false hd = false eme = false ksno = false id = -1
01-23 01:28:56.074  3757  4398 V Vibrator: Called semVibrate(int, int, AudioAttributes, Mag) API - PUID: 1000, PackageName: android, token: android.os.Binder@3b5b127, type: 50026, repeat: -1, AudioAttr : null, Mag: TYPE_TOUCH
01-23 01:28:56.074  3757  4398 V VibratorService: vibratePatternMagnitude - package: android, repeat: -1, token: android.os.Binder@3b5b127, mag: 6500, def: 10000
01-23 01:28:56.074  3757  4398 D VibratorService: Turning vibrator off
01-23 01:28:56.082  3757  4397 I InputDispatcher: Delivering key to (14654): action: 0x0 (0)
01-23 01:28:56.084 14654 14673 V threaded_app: New input event: type=1
01-23 01:28:56.085  8465  8465 W SemDesktopModeManager: isDesktopMode: Desktop Mode feature not available
01-23 01:28:56.086  3757 14810 D VibratorService: vibratorOn() : 7ms, magnitude :6500, f : -1
01-23 01:28:56.086 14654 14673 V threaded_app: New input event: type=1
01-23 01:28:56.086 14654 14673 D UE4     : Received keycode: 4, softkey: 0
01-23 01:28:56.086 14654 14673 D UE4     : Received key event: 4
01-23 01:28:56.241  3757  4398 D InputReader: Input event(7): value=0 when=469994812671000
01-23 01:28:56.244  3757  4397 I InputDispatcher: Delivering key to (14654): action: 0x1 (0)
01-23 01:28:56.244 14654 14673 V threaded_app: New input event: type=1
01-23 01:28:56.245 14654 14673 V threaded_app: New input event: type=1
01-23 01:28:56.245 14654 14673 D UE4     : Received keycode: 4, softkey: 0
01-23 01:28:56.245 14654 14673 D UE4     : Received key event: 4
01-23 01:28:56.290  3757  4398 D InputReader: Input event(7): value=1 when=469994861309000
01-23 01:28:56.293  3757  4398 D SamsungPhoneWindowManager: f.b. a = false hd = false eme = false ksno = false id = -1
01-23 01:28:56.293  3757  4398 V Vibrator: Called semVibrate(int, int, AudioAttributes, Mag) API - PUID: 1000, PackageName: android, token: android.os.Binder@3b5b127, type: 50026, repeat: -1, AudioAttr : null, Mag: TYPE_TOUCH
01-23 01:28:56.293  3757  4398 V VibratorService: vibratePatternMagnitude - package: android, repeat: -1, token: android.os.Binder@3b5b127, mag: 6500, def: 10000
01-23 01:28:56.293  3757  4398 D VibratorService: Turning vibrator off
01-23 01:28:56.301  3757 14811 D VibratorService: vibratorOn() : 7ms, magnitude :6500, f : -1
01-23 01:28:56.302  3757  4397 I InputDispatcher: Delivering key to (14654): action: 0x0 (0)
01-23 01:28:56.304 14654 14673 V threaded_app: New input event: type=1
01-23 01:28:56.305  8465  8465 W SemDesktopModeManager: isDesktopMode: Desktop Mode feature not available
01-23 01:28:56.306 14654 14673 V threaded_app: New input event: type=1
01-23 01:28:56.306 14654 14673 D UE4     : Received keycode: 4, softkey: 0
01-23 01:28:56.306 14654 14673 D UE4     : Received key event: 4
01-23 01:28:56.435  3757  4398 D InputReader: Input event(7): value=0 when=469995006626000
01-23 01:28:56.438  3757  4397 I InputDispatcher: Delivering key to (14654): action: 0x1 (0)
01-23 01:28:56.438 14654 14673 V threaded_app: New input event: type=1
01-23 01:28:56.439 14654 14673 V threaded_app: New input event: type=1
01-23 01:28:56.439 14654 14673 D UE4     : Received keycode: 4, softkey: 0
01-23 01:28:56.439 14654 14673 D UE4     : Received key event: 4
01-23 01:28:56.739  3757 29840 D BatteryService: !@BatteryListener : batteryPropertiesChanged!
01-23 01:28:56.740  3757 29840 D BatteryService: level:65, scale:100, status:2, health:2, present:true, voltage: 3984, temperature: 313, technology: Li-ion, AC powered:false, USB powered:true, POGO powered:false, Wireless powered:false, icon:17303694, invalid charger:0, maxChargingCurrent:0, maxChargingVoltage:0, chargeCounter:0
01-23 01:28:56.741  3757 29840 D BatteryService: online:6, current avg:632, charge type:1, power sharing:false, high voltage charger:false, capacity:280000, batterySWSelfDischarging:false, misc_event:0, current_now:437
01-23 01:28:56.741  3757  3757 D BatteryService: Sending ACTION_BATTERY_CHANGED.
01-23 01:28:56.747  3757  3757 V UiModeManager: updateLocked: null action, mDockState=0, category=null
01-23 01:28:56.748  3757  3757 D UiModeManager: updateConfigurationLocked: mDockState=0; mCarMode=false; mNightMode=1; uiMode=17
01-23 01:28:56.754  3757  3757 D GameManagerService: new battery level: 65
01-23 01:28:56.757  4616  4616 D KeyguardUpdateMonitor: received broadcast android.intent.action.BATTERY_CHANGED
01-23 01:28:56.762  4616  4616 D PowerUI : priorPlugType = 2 mPlugType =  2
01-23 01:28:56.764  4616  4616 D PowerUI.Notification: showChargingNotice oldChargingType : 1 currentChargingType : 1 oldChargingTime : 4898000 mChargingTime : 4888000
01-23 01:28:56.764  4616  4616 D PowerUI.Notification: showChargingNotification()
01-23 01:28:56.767  3757  9599 D SSRM:t  : SIOP:: AP = 380, PST = 330 (W:10), CP = 269, CUR = 444, LCD = 182
01-23 01:28:56.770  5024  5024 D PhoneApp: PhoneAppBroadcastReceiver onReceive android.intent.action.BATTERY_CHANGED
01-23 01:28:56.771  5024  5024 D TelephonyExtensionManager: lowBatterySound - isLowBatterySoundScheduled: false
01-23 01:28:56.771  5024  5024 D TelephonyExtensionManager: lowBatterySound - isPlayNow: false
01-23 01:28:56.771  5024  5024 D TelephonyExtensionManager: isSpeakerON - true
01-23 01:28:56.772  3757  9599 D ConnectivityService: filterNetworkStateForUid() uid: 1000 networkInfo: [type: WIFI[] - WIFI, state: CONNECTED/CONNECTED, reason: (unspecified), extra: "wilkinson2.4", failover: false, available: true, roaming: false, metered: false]
01-23 01:28:56.785 14654 14654 D UE4     : Battery: status = 2, rawlevel = 65, scale = 100
01-23 01:28:56.785 14654 14654 D UE4     : nativeBatteryEvent(stat = 2, lvl = 65  temp = 31.30 C)
01-23 01:28:56.789  3757  3770 D ApplicationPolicy: isStatusBarNotificationAllowedAsUser: packageName = com.android.systemui,userId = -1
01-23 01:28:56.790  5024  5024 D TelephonyExtensionManager: lowBatterySound - batteryStatus: 2
01-23 01:28:56.790  5024  5024 D TelephonyExtensionManager: lowBatterySound - batteryLevel: 65
01-23 01:28:56.790  5024  5024 D TelephonyExtensionManager: lowBatterySound - cancel
01-23 01:28:56.791  3757  3771 D SamsungAlarmManager: Cancel Alarm calling from uid:1001 pid :5024 / op:PendingIntent{9ddc079: PendingIntentRecord{d0134fb com.android.phone broadcastIntent}}
01-23 01:28:56.791  4616  4616 D KeyguardUpdateMonitor: handleBatteryUpdate
01-23 01:28:56.794  5024  5024 D TelephonyExtension: Not stopping low battery tone
01-23 01:28:56.795  4616  4616 D BatteryMeterDrawable: isSomethingChanged - false
01-23 01:28:56.795  4616  4616 D BatteryMeterDrawable: isSomethingChanged - false
01-23 01:28:56.799  4616  4616 D Tile.FlashlightTile: ACTION_BATTERY_CHANGED - Level :: 65, emEnabled :: false
01-23 01:28:56.840  4616  4616 D KeyguardServiceBoxContainer: updateCMAS() hasCmasNotification = false, mHasCMAS = false
01-23 01:28:57.039  3757  4354 D SamsungAlarmManager: Expired : 8
01-23 01:28:57.041  3757  4354 I SamsungAlarmManager: setLocked to kernel - T:3 / 20190123T012900, SetElapsed=1425580782, nowELAPSED=1425577823
01-23 01:28:57.042  3757  4354 V SamsungAlarmManager: Sending to uid : 10059 action=null alarm=Alarm{aa601be type 3 when 1425577822 com.asurion.android.verizon.vms}
01-23 01:28:57.043  4616  4823 D NetworkController.MobileSignalController(0/1): onSignalStrengthsChanged signalStrength=SignalStrength: 99 99 -120 -160 -120 -1 -1 15 -110 -9 48 2147483647 2147483647 0x2000 gsm|lte level=2
01-23 01:28:57.043  4616  4823 D NetworkController.MobileSignalController(0/1): getMobileIconGroup(): 13
01-23 01:28:57.043  4616  4823 D NetworkController.MobileSignalController(0/1): updateVZWMobileIconGroup(): 13
01-23 01:28:57.051  5035  5670 D EPDG -- [SMARTWIFI]: onSignalStrengthsChanged: Received signal strength change, phone type is: 2
01-23 01:28:57.051  5035  6446 D EPDG -- [SMARTWIFI]: lastLteRSRP is -113currentLteRSRP is -110
01-23 01:28:57.051  5035  6446 D EPDG -- [SMARTWIFI]: lastLteRSRQ is -9currentLteRSRQ is -9
01-23 01:28:57.051  5035  6446 D EPDG -- [SMARTWIFI]: lastCdmaDb is -16currentCdmaDb is -16
01-23 01:28:57.051  5035  6446 V EPDG -- [SMARTWIFI]: Radio oldest entry removed
01-23 01:28:57.051  5035  6446 V EPDG -- [SMARTWIFI]: New entry : (SignalStrength: 99 99 -120 -160 -120 -1 -1 15 -110 -9 48 2147483647 2147483647 0x2000 gsm|lte : 0 )
01-23 01:28:57.051  5035  6446 V EPDG -- [SMARTWIFI]: Radio entry added
01-23 01:28:57.057  3757  4354 D CompatibilityInfo: mCompatibilityFlags - 0
01-23 01:28:57.057  3757  4354 D CompatibilityInfo: applicationDensity - 420
01-23 01:28:57.057  3757  4354 D CompatibilityInfo: applicationScale - 1.0
01-23 01:28:57.057  4616  4823 D NetworkController.MobileSignalController(0/1): callState:0, callStateByPhone:false voLTECall:false voiceNetTpe:13 dataNetType:13, ine911:false, emergencyCallbackMode:false
01-23 01:28:57.079  3757  5902 D SamsungAlarmManager: setExact Intent (T:3/F:5/AC:false) 20190123T012902 - CU:10059/CP:30510
01-23 01:28:57.216 12023 12057 I ReschedulableTimer: [#CMH#] ReschedulableTimer started 
01-23 01:28:57.445 14378 14506 D ClClient: Not sending keepalive.  Current connection state=STOPPED
01-23 01:28:58.501  3757  4398 D InputReader: Input event(7): value=1 when=469997072330000
01-23 01:28:58.506  3757  4398 D SamsungPhoneWindowManager: f.b. a = false hd = false eme = false ksno = false id = -1
01-23 01:28:58.508  3757  4398 V Vibrator: Called semVibrate(int, int, AudioAttributes, Mag) API - PUID: 1000, PackageName: android, token: android.os.Binder@3b5b127, type: 50026, repeat: -1, AudioAttr : null, Mag: TYPE_TOUCH
01-23 01:28:58.508  3757  4398 V VibratorService: vibratePatternMagnitude - package: android, repeat: -1, token: android.os.Binder@3b5b127, mag: 6500, def: 10000
01-23 01:28:58.508  3757  4398 D VibratorService: Turning vibrator off
01-23 01:28:58.515  3757 14822 D VibratorService: vibratorOn() : 7ms, magnitude :6500, f : -1
01-23 01:28:58.517  3757  4397 I InputDispatcher: Delivering key to (14654): action: 0x0 (0)
01-23 01:28:58.521 14654 14673 V threaded_app: New input event: type=1
01-23 01:28:58.522  8465  8465 W SemDesktopModeManager: isDesktopMode: Desktop Mode feature not available
01-23 01:28:58.522 14654 14673 V threaded_app: New input event: type=1
01-23 01:28:58.522 14654 14673 D UE4     : Received keycode: 4, softkey: 0
01-23 01:28:58.523 14654 14673 D UE4     : Received key event: 4
01-23 01:28:58.644  3757  4458 D WifiStateMachine: Current network is: "wilkinson2.4" , ID is: 30
01-23 01:28:58.644  3757  4458 I WifiStateMachine: IMS calling, current network is always qualified
01-23 01:28:58.646  3757  4398 D InputReader: Input event(7): value=0 when=469997217860000
01-23 01:28:58.650  3757  4397 I InputDispatcher: Delivering key to (14654): action: 0x1 (0)
01-23 01:28:58.650 14654 14673 V threaded_app: New input event: type=1
01-23 01:28:58.651 14654 14673 V threaded_app: New input event: type=1
01-23 01:28:58.651 14654 14673 D UE4     : Received keycode: 4, softkey: 0
01-23 01:28:58.651 14654 14673 D UE4     : Received key event: 4
01-23 01:28:58.768  3757  4398 D InputReader: Input event(7): value=1 when=469997339308000
01-23 01:28:58.770  3757  4398 D SamsungPhoneWindowManager: f.b. a = false hd = false eme = false ksno = false id = -1
01-23 01:28:58.771  3757  4398 V Vibrator: Called semVibrate(int, int, AudioAttributes, Mag) API - PUID: 1000, PackageName: android, token: android.os.Binder@3b5b127, type: 50026, repeat: -1, AudioAttr : null, Mag: TYPE_TOUCH
01-23 01:28:58.771  3757  4398 V VibratorService: vibratePatternMagnitude - package: android, repeat: -1, token: android.os.Binder@3b5b127, mag: 6500, def: 10000
01-23 01:28:58.771  3757  4398 D VibratorService: Turning vibrator off
01-23 01:28:58.775  3757 14823 D VibratorService: vibratorOn() : 7ms, magnitude :6500, f : -1
01-23 01:28:58.776  3757  4397 I InputDispatcher: Delivering key to (14654): action: 0x0 (0)
01-23 01:28:58.777 14654 14673 V threaded_app: New input event: type=1
01-23 01:28:58.779  8465  8465 W SemDesktopModeManager: isDesktopMode: Desktop Mode feature not available
01-23 01:28:58.781 14654 14673 V threaded_app: New input event: type=1
01-23 01:28:58.782 14654 14673 D UE4     : Received keycode: 4, softkey: 0
01-23 01:28:58.782 14654 14673 D UE4     : Received key event: 4
01-23 01:28:58.938  3757  4398 D InputReader: Input event(7): value=0 when=469997509093000
01-23 01:28:58.941  3757  4397 I InputDispatcher: Delivering key to (14654): action: 0x1 (0)
01-23 01:28:58.942 14654 14673 V threaded_app: New input event: type=1
01-23 01:28:58.944 14654 14673 V threaded_app: New input event: type=1
01-23 01:28:58.944 14654 14673 D UE4     : Received keycode: 4, softkey: 0
01-23 01:28:58.944 14654 14673 D UE4     : Received key event: 4
01-23 01:28:59.789  3757  4398 D InputReader: Input event(3): value=1 when=469998359956000
01-23 01:28:59.789  3757  4398 D InputReader: Input event(3): value=1 when=469998359956000
01-23 01:28:59.789  3757  4398 I InputReader: Touch event's action is 0x0 (deviceType=0) [pCnt=1, s=0.48676 ] when=469998359956000
01-23 01:28:59.790  3757  4397 I InputDispatcher: Delivering touch to (14654): action: 0x0, toolType: 1
01-23 01:28:59.792 14654 14673 V threaded_app: New input event: type=2
01-23 01:28:59.794 14654 14654 D ViewRootImpl@e972267[GameActivity]: ViewPostImeInputStage processPointer 0
01-23 01:28:59.800 14654 14672 D UE4     : [2019.01.23-06.28.59:800][496]LogSlate: FSceneViewport::OnFocusLost() reason 0
01-23 01:28:59.821 14654 14673 V threaded_app: New input event: type=2
01-23 01:28:59.836 14654 14673 V threaded_app: New input event: type=2
01-23 01:28:59.853 14654 14673 V threaded_app: New input event: type=2
01-23 01:28:59.871 14654 14673 V threaded_app: New input event: type=2
01-23 01:28:59.886 14654 14673 V threaded_app: New input event: type=2
01-23 01:28:59.897  3757  4398 D InputReader: Input event(3): value=0 when=469998468279000
01-23 01:28:59.897  3757  4398 D InputReader: Input event(3): value=0 when=469998468279000
01-23 01:28:59.897  3757  4398 I InputReader: Touch event's action is 0x1 (deviceType=0) [pCnt=1, s=] when=469998468279000
01-23 01:28:59.897  3757  4397 I InputDispatcher: Delivering touch to (14654): action: 0x1, toolType: 1
01-23 01:28:59.898 14654 14673 V threaded_app: New input event: type=2
01-23 01:28:59.898 14654 14673 V threaded_app: New input event: type=2
01-23 01:28:59.899 14654 14654 D ViewRootImpl@e972267[GameActivity]: ViewPostImeInputStage processPointer 1
01-23 01:28:59.906 14654 14672 D UE4     : [2019.01.23-06.28.59:906][502]Closing by request
01-23 01:28:59.906 14654 14672 D UE4     : [2019.01.23-06.28.59:906][502]LogWindows: FAndroidMisc::RequestExit(0)
01-23 01:28:59.910 14654 14761 I libOpenSLES: Emulating old channel mask behavior (ignoring positional mask 0x3, using default mask 0x3 based on channel count of 2)
01-23 01:28:59.911 14654 14672 D UE4     : [2019.01.23-06.28.59:910][503]LogAndroid: Exiting
01-23 01:28:59.911 14654 14761 W AudioTrack: AUDIO_OUTPUT_FLAG_FAST denied by client; transfer 1, track 44100 Hz, output 48000 Hz
01-23 01:28:59.911  3237  3486 I AudioFlinger: add dynamic flag, can move to deep thread, session 129545
01-23 01:28:59.913 14654 14761 D AudioTrack: Client defaulted notificationFrames to 1181 for frameCount 3544
01-23 01:28:59.913 14654 14761 I AudioTrack: This process already got info. FadeIn[0] FadeOut[0] FadeInRing[0]
01-23 01:28:59.914  3237  8663 W AudioPolicyIntefaceImpl: Skipped to add effects on session 129545
01-23 01:28:59.914  3237  8663 I APM_AudioPolicyManager: startOutput() output 21, stream 3, session 129545
01-23 01:28:59.914 14654 14826 I AudioTrack: Skip ramp
01-23 01:28:59.919  3237  3477 I AudioMixer: create resampler src 44100, 2, dst 48000, 2, q 8
01-23 01:28:59.919  3237  3477 D SoundAliveResampler: [SoundAliveResampler] Init+++
01-23 01:28:59.928 14654 14761 D UE4     : *** JavaEnvDestructor: 14761
01-23 01:28:59.930 14654 14672 D UE4     : [2019.01.23-06.28.59:930][503]LogAndroidAudio: Warning: OpenSLES Tearing Down HW
01-23 01:28:59.951 14654 14672 D UE4     : [2019.01.23-06.28.59:950][503]LogSlate: Request Window 'Infinity Stack (32-bit Development GLSL_ES2) ' being destroyed
01-23 01:28:59.952 14654 14778 D UE4     : *** JavaEnvDestructor: 14778
01-23 01:28:59.953 14654 14777 D UE4     : AndroidEGL::ResetDisplay()
01-23 01:28:59.953 14654 14777 D UE4     : *** JavaEnvDestructor: 14777
01-23 01:28:59.958 14654 14672 D UE4     : [2019.01.23-06.28.59:958][503]LogSlate: Window 'Infinity Stack (32-bit Development GLSL_ES2) ' being destroyed
01-23 01:28:59.962 14654 14672 D UE4     : [2019.01.23-06.28.59:962][503]LogSlate: Slate User Destroyed.  User Index 0, Is Virtual User: 0
01-23 01:28:59.964 14654 14828 D UE4     : *** JavaEnvDestructor: 14828
01-23 01:28:59.965 14654 14827 D UE4     : AndroidEGL::ResetDisplay()
01-23 01:28:59.965 14654 14827 D UE4     : *** JavaEnvDestructor: 14827
01-23 01:28:59.977 14654 14672 D UE4     : AndroidEGL::ResetDisplay()
01-23 01:28:59.999  3757  4354 D SamsungAlarmManager: Expired : 8
01-23 01:29:00.000  3757  4354 I SamsungAlarmManager: setLocked to kernel - T:3 / 20190123T012902, SetElapsed=1425582850, nowELAPSED=1425580782
01-23 01:29:00.000  3757  4354 V SamsungAlarmManager: Sending to uid : 1000 action=android.intent.action.TIME_TICK alarm=Alarm{53b196c type 3 when 1425580782 android}
01-23 01:29:00.007 14654 14672 D UE4     : AndroidEGL::DestroySurface()
