12-30 13:54:13.710  3759  4395 D InputReader: Input event(3): value=0 when=73208375901000
12-30 13:54:13.710  3759  4395 D InputReader: Input event(3): value=0 when=73208375901000
12-30 13:54:13.710  3759  4395 I InputReader: Touch event's action is 0x1 (deviceType=0) [pCnt=1, s=] when=73208375901000
12-30 13:54:13.711  3759  4394 I InputDispatcher: Delivering touch to (8652): action: 0x1, toolType: 1
12-30 13:54:13.712  8652  8670 V threaded_app: New input event: type=2
12-30 13:54:13.714  8652  8670 V threaded_app: New input event: type=2
12-30 13:54:13.716  8652  8652 D ViewRootImpl@eb23581[GameActivity]: ViewPostImeInputStage processPointer 1
12-30 13:54:13.722  8652  8669 D UE4     : [2018.12.30-18.54.13:722][758]LogUMG: Display: Widget Class Button_C - Loaded Fast Template.
12-30 13:54:13.724  8652  8669 D UE4     : [2018.12.30-18.54.13:724][758]LogUMG: Display: Widget Class ScoreCounter_C - Loaded Fast Template.
12-30 13:54:13.738  8652  8802 I libOpenSLES: Emulating old channel mask behavior (ignoring positional mask 0x3, using default mask 0x3 based on channel count of 2)
12-30 13:54:13.742  8652  8802 W AudioTrack: AUDIO_OUTPUT_FLAG_FAST denied by client; transfer 1, track 44100 Hz, output 48000 Hz
12-30 13:54:13.743  3238 10754 I AudioFlinger: add dynamic flag, can move to deep thread, session 7289
12-30 13:54:13.745  8652  8802 D AudioTrack: Client defaulted notificationFrames to 590 for frameCount 1772
12-30 13:54:13.747  8652  8802 I AudioTrack: updateAudioTranstionLength FadeIn[0] FadeOut[0] FadeInRing[0]
12-30 13:54:13.748  3238  4227 W AudioPolicyIntefaceImpl: Skipped to add effects on session 7289
12-30 13:54:13.748  3238  4227 I APM_AudioPolicyManager: startOutput() output 21, stream 3, session 7289
12-30 13:54:13.750  3238  3481 D audio_hw_primary: out_set_parameters: enter: kvpairs: routing=2
12-30 13:54:13.751  3238  3481 D AudioFlinger: setCurDevice() 0x2
12-30 13:54:13.756  3238  3481 V audio_hw_primary: start_output_stream+, out->device : 00000002 , out->type = 1
12-30 13:54:13.756  3238  3481 D audio_hw_primary: start_output_stream jack_skip_check false
12-30 13:54:13.757  3238  3481 D audio_hw_primary: start_output_stream (0xe98c19a0) out->pcm_device:6 out->config.rate:48000 out->config.format:0 out->period_size:240
12-30 13:54:13.757  3238  3481 D audio_hw_primary: start_output_stream (0xe98c19a0) out->config.rate:48000 out->config.format:0 out->period_size:240
12-30 13:54:13.757  3238  3481 I audio_hw_primary: is_voice_wakeup : ret =  0  , wakeup_baby_cry_enabled = 0  ,  wakeup_mic_enabled = 0 
12-30 13:54:13.757  3238  3481 V audio_hw_primary: select_devices output_scenario:0 input_scenario:28 out_snd_device 0x2 in_snd_device:0xb
12-30 13:54:13.757  3238  3481 I audio_route: > audio_route_reset :
12-30 13:54:13.759  3238  3481 I audio_route: > audio_route_apply_path : "recognition-mic"
12-30 13:54:13.762  3238  3481 V audio_hw_primary: select_devices() input_route "recognition-mic" 
12-30 13:54:13.763  3238  3481 I audio_route: > audio_route_apply_path : "media-speaker"
12-30 13:54:13.841  3238  3481 V audio_hw_primary: select_devices() output_route "media-speaker" 
12-30 13:54:13.841  3238  3481 I audio_route: > audio_route_apply_path : "gain-recognition-mic"
12-30 13:54:13.841  3238  3481 V audio_hw_primary: select_devices() input_gain "gain-recognition-mic" 
12-30 13:54:13.841  3238  3481 I audio_route: > audio_route_apply_path : "gain-media-speaker"
12-30 13:54:13.842  3238  3481 V audio_hw_primary: select_devices() output_gain "gain-media-speaker" 
12-30 13:54:13.842  3238  3481 I audio_route: > audio_route_update_mixer : +
12-30 13:54:13.842  3238  3481 I audio_route: > audio_route_update_mixer : changed(0) -
12-30 13:54:13.842  3238  3481 I audio_hw_primary: select_devices - 
12-30 13:54:13.842  3238  3481 V audio_hw_primary: start_output_stream-
12-30 13:54:13.867  3238  3481 I AudioMixer: create resampler src 44100, 2, dst 48000, 2, q 8
12-30 13:54:13.868  3238  3481 D SoundAliveResampler: [SoundAliveResampler] Init+++
12-30 13:54:13.984  8652  8672 D UE4     : Used memory: 222512
12-30 13:54:13.994  3759  9132 D SSRM:t  : SIOP:: AP = 400, PST = 363 (W:10), CP = 278, CUR = 513, LCD = 115
12-30 13:54:13.999  3759  9132 D ConnectivityService: filterNetworkStateForUid() uid: 1000 networkInfo: [type: WIFI[] - WIFI, state: CONNECTED/CONNECTED, reason: (unspecified), extra: "wilkinson2.4", failover: false, available: true, roaming: false, metered: false]
12-30 13:54:14.080  3759  4357 D SamsungAlarmManager: Expired : 8
12-30 13:54:14.080  3759  4357 I SamsungAlarmManager: setLocked to kernel - T:3 / 20181230T135422, SetElapsed=218514888, nowELAPSED=218506644
12-30 13:54:14.081  3759  4357 V SamsungAlarmManager: Sending to uid : 10059 action=null alarm=Alarm{324049d type 3 when 218506644 com.asurion.android.verizon.vms}
12-30 13:54:14.087  3759  4357 D CompatibilityInfo: mCompatibilityFlags - 0
12-30 13:54:14.087  3759  4357 D CompatibilityInfo: applicationDensity - 420
12-30 13:54:14.087  3759  4357 D CompatibilityInfo: applicationScale - 1.0
12-30 13:54:14.112  3759 17328 D SamsungAlarmManager: setExact Intent (T:3/F:5/AC:false) 20181230T135419 - CU:10059/CP:487
12-30 13:54:14.113  3759 17328 I SamsungAlarmManager: setLocked to kernel - T:3 / 20181230T135419, SetElapsed=218511666, nowELAPSED=218506677
12-30 13:54:14.927  3759  4395 D InputReader: Input event(3): value=1 when=73209592880000
12-30 13:54:14.927  3759  4395 D InputReader: Input event(3): value=1 when=73209592880000
12-30 13:54:14.928  3759  4395 I InputReader: Touch event's action is 0x0 (deviceType=0) [pCnt=1, s=0.7297 ] when=73209592880000
12-30 13:54:14.928  3759  4394 I InputDispatcher: Delivering touch to (8652): action: 0x0, toolType: 1
12-30 13:54:14.929  8652  8670 V threaded_app: New input event: type=2
12-30 13:54:14.933  8652  8652 D ViewRootImpl@eb23581[GameActivity]: ViewPostImeInputStage processPointer 0
12-30 13:54:14.947  8652  8669 D UE4     : [2018.12.30-18.54.14:947][831]LogSlate: FSceneViewport::OnFocusLost() reason 0
12-30 13:54:14.957  8652  8802 I libOpenSLES: Emulating old channel mask behavior (ignoring positional mask 0x4, using default mask 0x1 based on channel count of 1)
12-30 13:54:14.958  8652  8670 V threaded_app: New input event: type=2
12-30 13:54:14.962  8652  8802 W AudioTrack: AUDIO_OUTPUT_FLAG_FAST denied by client; transfer 1, track 32000 Hz, output 48000 Hz
12-30 13:54:14.963  3238  3491 I AudioFlinger: add dynamic flag, can move to deep thread, session 7297
12-30 13:54:14.964  8652  8802 D AudioTrack: Client defaulted notificationFrames to 429 for frameCount 1288
12-30 13:54:14.965  8652  8802 I AudioTrack: This process already got info. FadeIn[0] FadeOut[0] FadeInRing[0]
12-30 13:54:14.966  3238 12663 W AudioPolicyIntefaceImpl: Skipped to add effects on session 7297
12-30 13:54:14.966  3238 12663 I APM_AudioPolicyManager: startOutput() output 21, stream 3, session 7297
12-30 13:54:14.976  8652  8670 V threaded_app: New input event: type=2
12-30 13:54:14.981  3759  4395 D InputReader: Input event(3): value=0 when=73209646275000
12-30 13:54:14.981  3759  4395 D InputReader: Input event(3): value=0 when=73209646275000
12-30 13:54:14.981  3759  4395 I InputReader: Touch event's action is 0x1 (deviceType=0) [pCnt=1, s=] when=73209646275000
12-30 13:54:14.981  3759  4394 I InputDispatcher: Delivering touch to (8652): action: 0x1, toolType: 1
12-30 13:54:14.982  8652  8670 V threaded_app: New input event: type=2
12-30 13:54:14.984  8652  8670 V threaded_app: New input event: type=2
12-30 13:54:14.986  8652  8652 D ViewRootImpl@eb23581[GameActivity]: ViewPostImeInputStage processPointer 1
12-30 13:54:15.000  3238  3481 I AudioMixer: create resampler src 32000, 1, dst 48000, 1, q 8
12-30 13:54:15.000  3238  3481 D SoundAliveResampler: [SoundAliveResampler] Init+++
12-30 13:54:15.124  3759  4465 D WifiStateMachine: Current network is: "wilkinson2.4" , ID is: 30
12-30 13:54:15.124  3759  4465 I WifiStateMachine: IMS calling, current network is always qualified
12-30 13:54:15.542  8652  8871 I AudioTrack: Skip ramp
12-30 13:54:15.641  3238  3362 I APM_AudioPolicyManager: stopOutput() output 21, stream 3, session 7297
12-30 13:54:16.326  3759  4395 D InputReader: Input event(3): value=1 when=73210991156000
12-30 13:54:16.326  3759  4395 D InputReader: Input event(3): value=1 when=73210991156000
12-30 13:54:16.326  3759  4395 I InputReader: Touch event's action is 0x0 (deviceType=0) [pCnt=1, s=0.7298 ] when=73210991156000
12-30 13:54:16.327  3759  4394 I InputDispatcher: Delivering touch to (8652): action: 0x0, toolType: 1
12-30 13:54:16.328  8652  8670 V threaded_app: New input event: type=2
12-30 13:54:16.330  8652  8652 D ViewRootImpl@eb23581[GameActivity]: ViewPostImeInputStage processPointer 0
12-30 13:54:16.345  8652  8670 V threaded_app: New input event: type=2
12-30 13:54:16.360  8652  8670 V threaded_app: New input event: type=2
12-30 13:54:16.372  8652  8802 I libOpenSLES: Emulating old channel mask behavior (ignoring positional mask 0x4, using default mask 0x1 based on channel count of 1)
12-30 13:54:16.373  8652  8802 W AudioTrack: AUDIO_OUTPUT_FLAG_FAST denied by client; transfer 1, track 32000 Hz, output 48000 Hz
12-30 13:54:16.373  3238 12663 I AudioFlinger: add dynamic flag, can move to deep thread, session 7305
12-30 13:54:16.375  8652  8802 D AudioTrack: Client defaulted notificationFrames to 429 for frameCount 1288
12-30 13:54:16.375  8652  8670 V threaded_app: New input event: type=2
12-30 13:54:16.376  8652  8802 I AudioTrack: This process already got info. FadeIn[0] FadeOut[0] FadeInRing[0]
12-30 13:54:16.377  3238  4228 W AudioPolicyIntefaceImpl: Skipped to add effects on session 7305
12-30 13:54:16.377  3238  4228 I APM_AudioPolicyManager: startOutput() output 21, stream 3, session 7305
12-30 13:54:16.379  3759  4395 D InputReader: Input event(3): value=0 when=73211044301000
12-30 13:54:16.379  3759  4395 D InputReader: Input event(3): value=0 when=73211044301000
12-30 13:54:16.379  3759  4395 I InputReader: Touch event's action is 0x1 (deviceType=0) [pCnt=1, s=] when=73211044301000
12-30 13:54:16.379  3759  4394 I InputDispatcher: Delivering touch to (8652): action: 0x1, toolType: 1
12-30 13:54:16.379  8652  8670 V threaded_app: New input event: type=2
12-30 13:54:16.381  8652  8652 D ViewRootImpl@eb23581[GameActivity]: ViewPostImeInputStage processPointer 1
12-30 13:54:16.402  3238  3481 I AudioMixer: create resampler src 32000, 1, dst 48000, 1, q 8
12-30 13:54:16.402  3238  3481 D SoundAliveResampler: [SoundAliveResampler] Init+++
12-30 13:54:16.945  8652  8874 I AudioTrack: Skip ramp
12-30 13:54:17.043  3238  3362 I APM_AudioPolicyManager: stopOutput() output 21, stream 3, session 7305
12-30 13:54:17.506  3759  4395 D InputReader: Input event(3): value=1 when=73212171779000
12-30 13:54:17.506  3759  4395 D InputReader: Input event(3): value=1 when=73212171779000
12-30 13:54:17.506  3759  4395 I InputReader: Touch event's action is 0x0 (deviceType=0) [pCnt=1, s=0.7299 ] when=73212171779000
12-30 13:54:17.507  3759  4394 I InputDispatcher: Delivering touch to (8652): action: 0x0, toolType: 1
12-30 13:54:17.507  8652  8670 V threaded_app: New input event: type=2
12-30 13:54:17.508  8652  8652 D ViewRootImpl@eb23581[GameActivity]: ViewPostImeInputStage processPointer 0
12-30 13:54:17.521  8652  8802 I libOpenSLES: Emulating old channel mask behavior (ignoring positional mask 0x4, using default mask 0x1 based on channel count of 1)
12-30 13:54:17.522  8652  8802 W AudioTrack: AUDIO_OUTPUT_FLAG_FAST denied by client; transfer 1, track 32000 Hz, output 48000 Hz
12-30 13:54:17.522  3238  4228 I AudioFlinger: add dynamic flag, can move to deep thread, session 7313
12-30 13:54:17.523  8652  8802 D AudioTrack: Client defaulted notificationFrames to 429 for frameCount 1288
12-30 13:54:17.523  8652  8802 I AudioTrack: This process already got info. FadeIn[0] FadeOut[0] FadeInRing[0]
12-30 13:54:17.523  3238  4227 W AudioPolicyIntefaceImpl: Skipped to add effects on session 7313
12-30 13:54:17.523  3238  4227 I APM_AudioPolicyManager: startOutput() output 21, stream 3, session 7313
12-30 13:54:17.530  8652  8670 V threaded_app: New input event: type=2
12-30 13:54:17.534  5693  5693 D io_stats: !@   8,0 r 988689 28963192 w 837189 15790196 d 141806 8853312 f 180089 180055 iot 1247320 812743 th 61440 61440 51480 pt 1340 inp 0 0 73212.199
12-30 13:54:17.543  3238  3481 I AudioMixer: create resampler src 32000, 1, dst 48000, 1, q 8
12-30 13:54:17.543  3238  3481 D SoundAliveResampler: [SoundAliveResampler] Init+++
12-30 13:54:17.546  8652  8670 V threaded_app: New input event: type=2
12-30 13:54:17.562  8652  8670 V threaded_app: New input event: type=2
12-30 13:54:17.578  8652  8670 V threaded_app: New input event: type=2
12-30 13:54:17.596  8652  8670 V threaded_app: New input event: type=2
12-30 13:54:17.613  8652  8670 V threaded_app: New input event: type=2
12-30 13:54:17.625  3759  4395 D InputReader: Input event(3): value=0 when=73212290374000
12-30 13:54:17.625  3759  4395 D InputReader: Input event(3): value=0 when=73212290374000
12-30 13:54:17.625  3759  4395 I InputReader: Touch event's action is 0x1 (deviceType=0) [pCnt=1, s=] when=73212290374000
12-30 13:54:17.625  3759  4394 I InputDispatcher: Delivering touch to (8652): action: 0x1, toolType: 1
12-30 13:54:17.626  8652  8670 V threaded_app: New input event: type=2
12-30 13:54:17.630  8652  8652 D ViewRootImpl@eb23581[GameActivity]: ViewPostImeInputStage processPointer 1
12-30 13:54:18.103  8652  8877 I AudioTrack: Skip ramp
12-30 13:54:18.141  3759  4465 D WifiStateMachine: Current network is: "wilkinson2.4" , ID is: 30
12-30 13:54:18.141  3759  4465 I WifiStateMachine: IMS calling, current network is always qualified
12-30 13:54:18.203  3238  3362 I APM_AudioPolicyManager: stopOutput() output 21, stream 3, session 7313
12-30 13:54:18.790  3759  4395 D InputReader: Input event(3): value=1 when=73213455925000
12-30 13:54:18.790  3759  4395 D InputReader: Input event(3): value=1 when=73213455925000
12-30 13:54:18.791  3759  4395 I InputReader: Touch event's action is 0x0 (deviceType=0) [pCnt=1, s=0.7300 ] when=73213455925000
12-30 13:54:18.791  3759  4394 I InputDispatcher: Delivering touch to (8652): action: 0x0, toolType: 1
12-30 13:54:18.792  8652  8670 V threaded_app: New input event: type=2
12-30 13:54:18.795  8652  8652 D ViewRootImpl@eb23581[GameActivity]: ViewPostImeInputStage processPointer 0
12-30 13:54:18.815  8652  8670 V threaded_app: New input event: type=2
12-30 13:54:18.822  8652  8802 I libOpenSLES: Emulating old channel mask behavior (ignoring positional mask 0x4, using default mask 0x1 based on channel count of 1)
12-30 13:54:18.824  8652  8802 W AudioTrack: AUDIO_OUTPUT_FLAG_FAST denied by client; transfer 1, track 44100 Hz, output 48000 Hz
12-30 13:54:18.825  3238  4227 I AudioFlinger: add dynamic flag, can move to deep thread, session 7321
12-30 13:54:18.825  8652  8802 D AudioTrack: Client defaulted notificationFrames to 590 for frameCount 1772
12-30 13:54:18.826  8652  8802 I AudioTrack: This process already got info. FadeIn[0] FadeOut[0] FadeInRing[0]
12-30 13:54:18.827  3238  3491 W AudioPolicyIntefaceImpl: Skipped to add effects on session 7321
12-30 13:54:18.827  3238  3491 I APM_AudioPolicyManager: startOutput() output 21, stream 3, session 7321
12-30 13:54:18.831  8652  8670 V threaded_app: New input event: type=2
12-30 13:54:18.843  3238  3481 I AudioMixer: create resampler src 44100, 1, dst 48000, 1, q 8
12-30 13:54:18.843  3238  3481 D SoundAliveResampler: [SoundAliveResampler] Init+++
12-30 13:54:18.848  8652  8670 V threaded_app: New input event: type=2
12-30 13:54:18.863  8652  8670 V threaded_app: New input event: type=2
12-30 13:54:18.876  3759  4395 D InputReader: Input event(3): value=0 when=73213541864000
12-30 13:54:18.876  3759  4395 D InputReader: Input event(3): value=0 when=73213541864000
12-30 13:54:18.876  3759  4395 I InputReader: Touch event's action is 0x1 (deviceType=0) [pCnt=1, s=] when=73213541864000
12-30 13:54:18.877  3759  4394 I InputDispatcher: Delivering touch to (8652): action: 0x1, toolType: 1
12-30 13:54:18.877  8652  8670 V threaded_app: New input event: type=2
12-30 13:54:18.878  8652  8652 D ViewRootImpl@eb23581[GameActivity]: ViewPostImeInputStage processPointer 1
12-30 13:54:19.102  3759  4357 D SamsungAlarmManager: Expired : 8
12-30 13:54:19.102  3759  4357 I SamsungAlarmManager: setLocked to kernel - T:3 / 20181230T135422, SetElapsed=218514888, nowELAPSED=218511666
12-30 13:54:19.103  3759  4357 V SamsungAlarmManager: Sending to uid : 10059 action=null alarm=Alarm{dc26ce3 type 3 when 218511666 com.asurion.android.verizon.vms}
12-30 13:54:19.109  3759  4357 D CompatibilityInfo: mCompatibilityFlags - 0
12-30 13:54:19.110  3759  4357 D CompatibilityInfo: applicationDensity - 420
12-30 13:54:19.110  3759  4357 D CompatibilityInfo: applicationScale - 1.0
12-30 13:54:19.141  3759  7765 D SamsungAlarmManager: setExact Intent (T:3/F:5/AC:false) 20181230T135424 - CU:10059/CP:487
12-30 13:54:19.463  8652  8880 I AudioTrack: Skip ramp
12-30 13:54:19.563  3238  3362 I APM_AudioPolicyManager: stopOutput() output 21, stream 3, session 7321
12-30 13:54:20.182  3759  4395 D InputReader: Input event(3): value=1 when=73214848031000
12-30 13:54:20.182  3759  4395 D InputReader: Input event(3): value=1 when=73214848031000
12-30 13:54:20.183  3759  4395 I InputReader: Touch event's action is 0x0 (deviceType=0) [pCnt=1, s=0.7301 ] when=73214848031000
12-30 13:54:20.184  3759  4394 I InputDispatcher: Delivering touch to (8652): action: 0x0, toolType: 1
12-30 13:54:20.185  8652  8670 V threaded_app: New input event: type=2
12-30 13:54:20.188  8652  8652 D ViewRootImpl@eb23581[GameActivity]: ViewPostImeInputStage processPointer 0
12-30 13:54:20.206  8652  8802 I libOpenSLES: Emulating old channel mask behavior (ignoring positional mask 0x4, using default mask 0x1 based on channel count of 1)
12-30 13:54:20.207  8652  8802 W AudioTrack: AUDIO_OUTPUT_FLAG_FAST denied by client; transfer 1, track 32000 Hz, output 48000 Hz
12-30 13:54:20.207  3238  3491 I AudioFlinger: add dynamic flag, can move to deep thread, session 7329
12-30 13:54:20.208  8652  8802 D AudioTrack: Client defaulted notificationFrames to 429 for frameCount 1288
12-30 13:54:20.208  8652  8802 I AudioTrack: This process already got info. FadeIn[0] FadeOut[0] FadeInRing[0]
12-30 13:54:20.209  3238  4227 W AudioPolicyIntefaceImpl: Skipped to add effects on session 7329
12-30 13:54:20.209  3238  4227 I APM_AudioPolicyManager: startOutput() output 21, stream 3, session 7329
12-30 13:54:20.216  8652  8670 V threaded_app: New input event: type=2
12-30 13:54:20.223  3238  3481 I AudioMixer: create resampler src 32000, 1, dst 48000, 1, q 8
12-30 13:54:20.223  3238  3481 D SoundAliveResampler: [SoundAliveResampler] Init+++
12-30 13:54:20.233  8652  8670 V threaded_app: New input event: type=2
12-30 13:54:20.250  8652  8670 V threaded_app: New input event: type=2
12-30 13:54:20.268  8652  8670 V threaded_app: New input event: type=2
12-30 13:54:20.279  3759  4395 D InputReader: Input event(3): value=0 when=73214944866000
12-30 13:54:20.279  3759  4395 D InputReader: Input event(3): value=0 when=73214944866000
12-30 13:54:20.279  3759  4395 I InputReader: Touch event's action is 0x1 (deviceType=0) [pCnt=1, s=] when=73214944866000
12-30 13:54:20.280  3759  4394 I InputDispatcher: Delivering touch to (8652): action: 0x1, toolType: 1
12-30 13:54:20.280  8652  8670 V threaded_app: New input event: type=2
12-30 13:54:20.282  8652  8652 D ViewRootImpl@eb23581[GameActivity]: ViewPostImeInputStage processPointer 1
12-30 13:54:20.784  8652  8884 I AudioTrack: Skip ramp
12-30 13:54:20.885  3238  3362 I APM_AudioPolicyManager: stopOutput() output 21, stream 3, session 7329
12-30 13:54:21.165  3759  4465 D WifiStateMachine: Current network is: "wilkinson2.4" , ID is: 30
12-30 13:54:21.165  3759  4465 I WifiStateMachine: IMS calling, current network is always qualified
12-30 13:54:21.330  3759  4395 D InputReader: Input event(3): value=1 when=73215995315000
12-30 13:54:21.330  3759  4395 D InputReader: Input event(3): value=1 when=73215995315000
12-30 13:54:21.330  3759  4395 I InputReader: Touch event's action is 0x0 (deviceType=0) [pCnt=1, s=0.7302 ] when=73215995315000
12-30 13:54:21.330  3759  4394 I InputDispatcher: Delivering touch to (8652): action: 0x0, toolType: 1
12-30 13:54:21.331  8652  8670 V threaded_app: New input event: type=2
12-30 13:54:21.332  8652  8652 D ViewRootImpl@eb23581[GameActivity]: ViewPostImeInputStage processPointer 0
12-30 13:54:21.351  8652  8802 I libOpenSLES: Emulating old channel mask behavior (ignoring positional mask 0x4, using default mask 0x1 based on channel count of 1)
12-30 13:54:21.351  8652  8670 V threaded_app: New input event: type=2
12-30 13:54:21.353  8652  8802 W AudioTrack: AUDIO_OUTPUT_FLAG_FAST denied by client; transfer 1, track 32000 Hz, output 48000 Hz
12-30 13:54:21.353  3238 10754 I AudioFlinger: add dynamic flag, can move to deep thread, session 7337
12-30 13:54:21.354  8652  8802 D AudioTrack: Client defaulted notificationFrames to 429 for frameCount 1288
12-30 13:54:21.354  8652  8802 I AudioTrack: This process already got info. FadeIn[0] FadeOut[0] FadeInRing[0]
12-30 13:54:21.355  3238  3815 W AudioPolicyIntefaceImpl: Skipped to add effects on session 7337
12-30 13:54:21.355  3238  3815 I APM_AudioPolicyManager: startOutput() output 21, stream 3, session 7337
12-30 13:54:21.367  8652  8670 V threaded_app: New input event: type=2
12-30 13:54:21.383  3238  3481 I AudioMixer: create resampler src 32000, 1, dst 48000, 1, q 8
12-30 13:54:21.384  8652  8670 V threaded_app: New input event: type=2
12-30 13:54:21.384  3238  3481 D SoundAliveResampler: [SoundAliveResampler] Init+++
12-30 13:54:21.401  8652  8670 V threaded_app: New input event: type=2
12-30 13:54:21.418  8652  8670 V threaded_app: New input event: type=2
12-30 13:54:21.435  8652  8670 V threaded_app: New input event: type=2
12-30 13:54:21.454  8652  8670 V threaded_app: New input event: type=2
12-30 13:54:21.469  8652  8670 V threaded_app: New input event: type=2
12-30 13:54:21.470  3759  4395 D InputReader: Input event(3): value=0 when=73216135881000
12-30 13:54:21.470  3759  4395 D InputReader: Input event(3): value=0 when=73216135881000
12-30 13:54:21.470  3759  4395 I InputReader: Touch event's action is 0x1 (deviceType=0) [pCnt=1, s=] when=73216135881000
12-30 13:54:21.471  3759  4394 I InputDispatcher: Delivering touch to (8652): action: 0x1, toolType: 1
12-30 13:54:21.472  8652  8670 V threaded_app: New input event: type=2
12-30 13:54:21.474  8652  8652 D ViewRootImpl@eb23581[GameActivity]: ViewPostImeInputStage processPointer 1
12-30 13:54:21.926  8652  8887 I AudioTrack: Skip ramp
12-30 13:54:22.026  3238  3362 I APM_AudioPolicyManager: stopOutput() output 21, stream 3, session 7337
12-30 13:54:22.324  3759  4357 D SamsungAlarmManager: Expired : 8
12-30 13:54:22.325  3759  4357 I SamsungAlarmManager: setLocked to kernel - T:3 / 20181230T135424, SetElapsed=218516692, nowELAPSED=218514889
12-30 13:54:22.326  3759  4357 V SamsungAlarmManager: Sending to uid : 1001 action=com.android.internal.telephony.data-stall alarm=Alarm{bc14d99 type 3 when 218514646 com.android.phone}
12-30 13:54:22.329  3759  4357 V SamsungAlarmManager: Sending to uid : 10014 action=null alarm=Alarm{448d85e type 3 when 218514888 com.google.android.gms}
12-30 13:54:22.349  3759 10288 D CompatibilityInfo: mCompatibilityFlags - 0
12-30 13:54:22.349  3759 10288 D CompatibilityInfo: applicationDensity - 420
12-30 13:54:22.349  3759 10288 D CompatibilityInfo: applicationScale - 1.0
12-30 13:54:22.361  3759  7292 D SamsungAlarmManager: setInexact Intent (T:3/F:8/AC:false) 20181230T135522 - CU:1001/CP:5029
12-30 13:54:22.375  3759  6084 D CompatibilityInfo: mCompatibilityFlags - 0
12-30 13:54:22.375  3759  6084 D CompatibilityInfo: applicationDensity - 420
12-30 13:54:22.375  3759  6084 D CompatibilityInfo: applicationScale - 1.0
12-30 13:54:22.416  3759  4447 D CompatibilityInfo: mCompatibilityFlags - 0
12-30 13:54:22.416  3759  4447 D CompatibilityInfo: applicationDensity - 420
12-30 13:54:22.416  3759  4447 D CompatibilityInfo: applicationScale - 1.0
12-30 13:54:22.453  3759 16760 D CompatibilityInfo: mCompatibilityFlags - 0
12-30 13:54:22.453  3759 16760 D CompatibilityInfo: applicationDensity - 420
12-30 13:54:22.454  3759 16760 D CompatibilityInfo: applicationScale - 1.0
12-30 13:54:22.495  3759  7292 D BatteryService: !@BatteryListener : batteryPropertiesChanged!
12-30 13:54:22.496  3759  7292 D BatteryService: level:39, scale:100, status:2, health:2, present:true, voltage: 3910, temperature: 316, technology: Li-ion, AC powered:false, USB powered:true, POGO powered:false, Wireless powered:false, icon:17303694, invalid charger:0, maxChargingCurrent:0, maxChargingVoltage:0, chargeCounter:0
12-30 13:54:22.496  3759  7292 D BatteryService: online:6, current avg:565, charge type:1, power sharing:false, high voltage charger:false, capacity:280000, batterySWSelfDischarging:false, misc_event:0, current_now:495
12-30 13:54:22.496  3759  3759 D BatteryService: Sending ACTION_BATTERY_CHANGED.
12-30 13:54:22.501  3759  3759 V UiModeManager: updateLocked: null action, mDockState=0, category=null
12-30 13:54:22.501  3759  3759 D UiModeManager: updateConfigurationLocked: mDockState=0; mCarMode=false; mNightMode=1; uiMode=17
12-30 13:54:22.505  3759  3759 D GameManagerService: new battery level: 39
12-30 13:54:22.507  4634  4634 D KeyguardUpdateMonitor: received broadcast android.intent.action.BATTERY_CHANGED
12-30 13:54:22.509  4634  4634 D PowerUI : priorPlugType = 2 mPlugType =  2
12-30 13:54:22.511  4634  4634 D PowerUI.Notification: showChargingNotice oldChargingType : 1 currentChargingType : 1 oldChargingTime : 6598000 mChargingTime : 6598000
12-30 13:54:22.511  4634  4634 D PowerUI.Notification: There is no change about charging status, so return!
12-30 13:54:22.511  4634  4634 D KeyguardUpdateMonitor: handleBatteryUpdate
12-30 13:54:22.512  4634  4634 D BatteryMeterDrawable: isSomethingChanged - false
12-30 13:54:22.513  4634  4634 D BatteryMeterDrawable: isSomethingChanged - false
12-30 13:54:22.515  4634  4634 D Tile.FlashlightTile: ACTION_BATTERY_CHANGED - Level :: 39, emEnabled :: false
12-30 13:54:22.518  5029  5029 D PhoneApp: PhoneAppBroadcastReceiver onReceive android.intent.action.BATTERY_CHANGED
12-30 13:54:22.519  5029  5029 D TelephonyExtensionManager: lowBatterySound - isLowBatterySoundScheduled: false
12-30 13:54:22.519  5029  5029 D TelephonyExtensionManager: lowBatterySound - isPlayNow: false
12-30 13:54:22.521  5029  5029 D TelephonyExtensionManager: isSpeakerON - false
12-30 13:54:22.533  8652  8652 D UE4     : Battery: status = 2, rawlevel = 39, scale = 100
12-30 13:54:22.533  8652  8652 D UE4     : nativeBatteryEvent(stat = 2, lvl = 39  temp = 31.60 C)
12-30 13:54:22.534  3759  4395 D InputReader: Input event(3): value=1 when=73217199352000
12-30 13:54:22.534  3759  4395 D InputReader: Input event(3): value=1 when=73217199352000
12-30 13:54:22.534  3759  4395 I InputReader: Touch event's action is 0x0 (deviceType=0) [pCnt=1, s=0.7303 ] when=73217199352000
12-30 13:54:22.534  5029  5029 D TelephonyExtensionManager: lowBatterySound - batteryStatus: 2
12-30 13:54:22.535  5029  5029 D TelephonyExtensionManager: lowBatterySound - batteryLevel: 39
12-30 13:54:22.535  5029  5029 D TelephonyExtensionManager: lowBatterySound - cancel
12-30 13:54:22.535  3759  4394 I InputDispatcher: Delivering touch to (8652): action: 0x0, toolType: 1
12-30 13:54:22.536  5693  5693 D io_stats: !@   8,0 r 988689 28963192 w 837190 15790200 d 141806 8853312 f 180114 180080 iot 1247410 812746 th 61440 61440 51480 pt 1340 inp 0 0 73217.201
12-30 13:54:22.536  8652  8670 V threaded_app: New input event: type=2
12-30 13:54:22.537  3759  3772 D SamsungAlarmManager: Cancel Alarm calling from uid:1001 pid :5029 / op:PendingIntent{790c5a4: PendingIntentRecord{3268d2c com.android.phone broadcastIntent}}
12-30 13:54:22.538  5029  5029 D TelephonyExtension: Not stopping low battery tone
12-30 13:54:22.538  8652  8652 D ViewRootImpl@eb23581[GameActivity]: ViewPostImeInputStage processPointer 0
12-30 13:54:22.551  8652  8802 I libOpenSLES: Emulating old channel mask behavior (ignoring positional mask 0x4, using default mask 0x1 based on channel count of 1)
12-30 13:54:22.553  8652  8802 W AudioTrack: AUDIO_OUTPUT_FLAG_FAST denied by client; transfer 1, track 32000 Hz, output 48000 Hz
12-30 13:54:22.553  3238  3815 I AudioFlinger: add dynamic flag, can move to deep thread, session 7345
12-30 13:54:22.553  8652  8670 V threaded_app: New input event: type=2
12-30 13:54:22.554  8652  8802 D AudioTrack: Client defaulted notificationFrames to 429 for frameCount 1288
12-30 13:54:22.555  8652  8802 I AudioTrack: This process already got info. FadeIn[0] FadeOut[0] FadeInRing[0]
12-30 13:54:22.561  3238  4227 W AudioPolicyIntefaceImpl: Skipped to add effects on session 7345
12-30 13:54:22.562  3238  4227 I APM_AudioPolicyManager: startOutput() output 21, stream 3, session 7345
12-30 13:54:22.570  8652  8670 V threaded_app: New input event: type=2
12-30 13:54:22.579  3759 10294 D ConnectivityService: filterNetworkStateForUid() uid: 10014 networkInfo: [type: WIFI[] - WIFI, state: CONNECTED/CONNECTED, reason: (unspecified), extra: "wilkinson2.4", failover: false, available: true, roaming: false, metered: false]
12-30 13:54:22.586  3238  3481 I AudioMixer: create resampler src 32000, 1, dst 48000, 1, q 8
12-30 13:54:22.586  3238  3481 D SoundAliveResampler: [SoundAliveResampler] Init+++
12-30 13:54:22.587  8652  8670 V threaded_app: New input event: type=2
12-30 13:54:22.603  8652  8670 V threaded_app: New input event: type=2
12-30 13:54:22.619  8652  8670 V threaded_app: New input event: type=2
12-30 13:54:22.636  8652  8670 V threaded_app: New input event: type=2
12-30 13:54:22.653  8652  8670 V threaded_app: New input event: type=2
12-30 13:54:22.663  3759  4395 D InputReader: Input event(3): value=0 when=73217328678000
12-30 13:54:22.663  3759  4395 D InputReader: Input event(3): value=0 when=73217328678000
12-30 13:54:22.663  3759  4395 I InputReader: Touch event's action is 0x1 (deviceType=0) [pCnt=1, s=] when=73217328678000
12-30 13:54:22.663  3759  4394 I InputDispatcher: Delivering touch to (8652): action: 0x1, toolType: 1
12-30 13:54:22.664  8652  8670 V threaded_app: New input event: type=2
12-30 13:54:22.665  8652  8652 D ViewRootImpl@eb23581[GameActivity]: ViewPostImeInputStage processPointer 1
12-30 13:54:22.724  3759  6073 D SamsungAlarmManager: setInexact Intent (T:3/F:0/AC:false) 20181230T135522 - CU:10014/CP:17758
12-30 13:54:22.993  3759  4971 E Watchdog: !@Sync 2439 [30_Dec_13_54_22.992]
12-30 13:54:23.128  8652  8892 I AudioTrack: Skip ramp
12-30 13:54:23.248  3238  3362 I APM_AudioPolicyManager: stopOutput() output 21, stream 3, session 7345
12-30 13:54:23.524  3759  4395 D InputReader: Input event(3): value=1 when=73218189378000
12-30 13:54:23.524  3759  4395 D InputReader: Input event(3): value=1 when=73218189378000
12-30 13:54:23.524  3759  4395 I InputReader: Touch event's action is 0x0 (deviceType=0) [pCnt=1, s=0.7304 ] when=73218189378000
12-30 13:54:23.525  3759  4394 I InputDispatcher: Delivering touch to (8652): action: 0x0, toolType: 1
12-30 13:54:23.526  3759  4394 D PowerManagerService: [api] userActivityFromNative : 10 (event: 2 flags: 0) eventTime = 73218189
12-30 13:54:23.526  8652  8670 V threaded_app: New input event: type=2
12-30 13:54:23.528  8652  8652 D ViewRootImpl@eb23581[GameActivity]: ViewPostImeInputStage processPointer 0
12-30 13:54:23.555  8652  8670 V threaded_app: New input event: type=2
12-30 13:54:23.562  8652  8802 I libOpenSLES: Emulating old channel mask behavior (ignoring positional mask 0x4, using default mask 0x1 based on channel count of 1)
12-30 13:54:23.564  8652  8802 W AudioTrack: AUDIO_OUTPUT_FLAG_FAST denied by client; transfer 1, track 32000 Hz, output 48000 Hz
12-30 13:54:23.565  3238  4227 I AudioFlinger: add dynamic flag, can move to deep thread, session 7353
12-30 13:54:23.566  8652  8802 D AudioTrack: Client defaulted notificationFrames to 429 for frameCount 1288
12-30 13:54:23.567  8652  8802 I AudioTrack: This process already got info. FadeIn[0] FadeOut[0] FadeInRing[0]
12-30 13:54:23.567  3238  4228 W AudioPolicyIntefaceImpl: Skipped to add effects on session 7353
12-30 13:54:23.567  3238  4228 I APM_AudioPolicyManager: startOutput() output 21, stream 3, session 7353
12-30 13:54:23.571  8652  8670 V threaded_app: New input event: type=2
12-30 13:54:23.588  3238  3481 I AudioMixer: create resampler src 32000, 1, dst 48000, 1, q 8
12-30 13:54:23.588  3238  3481 D SoundAliveResampler: [SoundAliveResampler] Init+++
12-30 13:54:23.589  8652  8670 V threaded_app: New input event: type=2
12-30 13:54:23.605  8652  8670 V threaded_app: New input event: type=2
12-30 13:54:23.611  6663  6770 D ContactsProvider_EventLog: contents_sample_state: [ contacts(368) data(4032) accounts({vnd.sec.contact.phone (1)=12, com.google (7)=692}) accounts deleted({}) calls([logtype:100 cnt:435, logtype:1150 cnt:65]) countryIso(US) userId(0)  ]

12-30 13:54:23.611  6663  6770 D ContactsProvider_EventLog: contents_sample_state: [ agr({[2 ,2 ,7]=1, [2 ,7 ,2 ,7]=1, [7 ,2 ,7]=4, [7 ,7 ,2]=4, [1 ,7]=5, [7]=50, [7 ,2]=231, [1 ,2 ,7]=7, [2 ,7]=65})  ]

12-30 13:54:23.611  6663  6770 D ContactsProvider_EventLog: contents_sample_state: [ actCnt({android.process.acore=2})  ]
12-30 13:54:23.617  6663  6770 E ContactsProvider_EventLog: Flush buffer to file cnt : 1 size : 0Kb duration : 4ms lastUpdatedAfter : 56302 ms mFlush_time_threasold : 2000 mCurrentSize : 457
12-30 13:54:23.622  8652  8670 V threaded_app: New input event: type=2
12-30 13:54:23.639  8652  8670 V threaded_app: New input event: type=2
12-30 13:54:23.655  8652  8670 V threaded_app: New input event: type=2
12-30 13:54:23.671  8652  8670 V threaded_app: New input event: type=2
12-30 13:54:23.675  3759  4395 D InputReader: Input event(3): value=0 when=73218341071000
12-30 13:54:23.676  3759  4395 D InputReader: Input event(3): value=0 when=73218341071000
12-30 13:54:23.676  3759  4395 I InputReader: Touch event's action is 0x1 (deviceType=0) [pCnt=1, s=] when=73218341071000
12-30 13:54:23.676  3759  4394 I InputDispatcher: Delivering touch to (8652): action: 0x1, toolType: 1
12-30 13:54:23.678  8652  8670 V threaded_app: New input event: type=2
12-30 13:54:23.684  8652  8670 V threaded_app: New input event: type=2
12-30 13:54:23.686  8652  8652 D ViewRootImpl@eb23581[GameActivity]: ViewPostImeInputStage processPointer 1
12-30 13:54:23.994  8652  8672 D UE4     : Used memory: 223600
12-30 13:54:24.018  3759  9132 D SSRM:t  : SIOP:: AP = 410, PST = 371 (W:10), CP = 280, CUR = 557, LCD = 115
12-30 13:54:24.020  3759  9132 D ConnectivityService: filterNetworkStateForUid() uid: 1000 networkInfo: [type: WIFI[] - WIFI, state: CONNECTED/CONNECTED, reason: (unspecified), extra: "wilkinson2.4", failover: false, available: true, roaming: false, metered: false]
12-30 13:54:24.128  3759  4357 D SamsungAlarmManager: Expired : 8
12-30 13:54:24.128  3759  4357 I SamsungAlarmManager: setLocked to kernel - T:3 / 20181230T135500, SetElapsed=218552564, nowELAPSED=218516692
12-30 13:54:24.129  3759  4357 V SamsungAlarmManager: Sending to uid : 10059 action=null alarm=Alarm{5b44f0d type 3 when 218516692 com.asurion.android.verizon.vms}
12-30 13:54:24.130  8652  8895 I AudioTrack: Skip ramp
12-30 13:54:24.135  3759  4357 D CompatibilityInfo: mCompatibilityFlags - 0
12-30 13:54:24.136  3759  4357 D CompatibilityInfo: applicationDensity - 420
12-30 13:54:24.136  3759  4357 D CompatibilityInfo: applicationScale - 1.0
12-30 13:54:24.174  3759  5835 D SamsungAlarmManager: setExact Intent (T:3/F:5/AC:false) 20181230T135429 - CU:10059/CP:487
12-30 13:54:24.174  3759  5835 I SamsungAlarmManager: setLocked to kernel - T:3 / 20181230T135429, SetElapsed=218521726, nowELAPSED=218516738
12-30 13:54:24.177  3759  4465 D WifiStateMachine: Current network is: "wilkinson2.4" , ID is: 30
12-30 13:54:24.177  3759  4465 I WifiStateMachine: IMS calling, current network is always qualified
12-30 13:54:24.229  3238  3362 I APM_AudioPolicyManager: stopOutput() output 21, stream 3, session 7353
12-30 13:54:24.686  3759  4395 D InputReader: Input event(3): value=1 when=73219351671000
12-30 13:54:24.686  3759  4395 D InputReader: Input event(3): value=1 when=73219351671000
12-30 13:54:24.687  3759  4395 I InputReader: Touch event's action is 0x0 (deviceType=0) [pCnt=1, s=0.7305 ] when=73219351671000
12-30 13:54:24.687  3759  4394 I InputDispatcher: Delivering touch to (8652): action: 0x0, toolType: 1
12-30 13:54:24.688  8652  8670 V threaded_app: New input event: type=2
12-30 13:54:24.691  8652  8652 D ViewRootImpl@eb23581[GameActivity]: ViewPostImeInputStage processPointer 0
12-30 13:54:24.706  8652  8670 V threaded_app: New input event: type=2
12-30 13:54:24.723  8652  8670 V threaded_app: New input event: type=2
12-30 13:54:24.725  8652  8802 I libOpenSLES: Emulating old channel mask behavior (ignoring positional mask 0x4, using default mask 0x1 based on channel count of 1)
12-30 13:54:24.726  8652  8802 W AudioTrack: AUDIO_OUTPUT_FLAG_FAST denied by client; transfer 1, track 32000 Hz, output 48000 Hz
12-30 13:54:24.726  3238 17425 I AudioFlinger: add dynamic flag, can move to deep thread, session 7361
12-30 13:54:24.727  8652  8802 D AudioTrack: Client defaulted notificationFrames to 429 for frameCount 1288
12-30 13:54:24.728  8652  8802 I AudioTrack: This process already got info. FadeIn[0] FadeOut[0] FadeInRing[0]
12-30 13:54:24.729  3238  4227 W AudioPolicyIntefaceImpl: Skipped to add effects on session 7361
12-30 13:54:24.729  3238  4227 I APM_AudioPolicyManager: startOutput() output 21, stream 3, session 7361
12-30 13:54:24.739  8652  8670 V threaded_app: New input event: type=2
12-30 13:54:24.749  3238  3481 I AudioMixer: create resampler src 32000, 1, dst 48000, 1, q 8
12-30 13:54:24.749  3238  3481 D SoundAliveResampler: [SoundAliveResampler] Init+++
12-30 13:54:24.756  8652  8670 V threaded_app: New input event: type=2
12-30 13:54:24.774  8652  8670 V threaded_app: New input event: type=2
12-30 13:54:24.792  8652  8670 V threaded_app: New input event: type=2
12-30 13:54:24.809  8652  8670 V threaded_app: New input event: type=2
12-30 13:54:24.815  3759  4395 D InputReader: Input event(3): value=0 when=73219481032000
12-30 13:54:24.816  3759  4395 D InputReader: Input event(3): value=0 when=73219481032000
12-30 13:54:24.816  3759  4395 I InputReader: Touch event's action is 0x1 (deviceType=0) [pCnt=1, s=] when=73219481032000
12-30 13:54:24.816  3759  4394 I InputDispatcher: Delivering touch to (8652): action: 0x1, toolType: 1
12-30 13:54:24.818  8652  8670 V threaded_app: New input event: type=2
12-30 13:54:24.819  8652  8670 V threaded_app: New input event: type=2
12-30 13:54:24.820  8652  8652 D ViewRootImpl@eb23581[GameActivity]: ViewPostImeInputStage processPointer 1
12-30 13:54:25.310  8652  8899 I AudioTrack: Skip ramp
12-30 13:54:25.409  3238  3362 I APM_AudioPolicyManager: stopOutput() output 21, stream 3, session 7361
12-30 13:54:25.739  3759  4395 D InputReader: Input event(3): value=1 when=73220404194000
12-30 13:54:25.739  3759  4395 D InputReader: Input event(3): value=1 when=73220404194000
12-30 13:54:25.739  3759  4395 I InputReader: Touch event's action is 0x0 (deviceType=0) [pCnt=1, s=0.7306 ] when=73220404194000
12-30 13:54:25.740  3759  4394 I InputDispatcher: Delivering touch to (8652): action: 0x0, toolType: 1
12-30 13:54:25.741  8652  8670 V threaded_app: New input event: type=2
12-30 13:54:25.744  8652  8652 D ViewRootImpl@eb23581[GameActivity]: ViewPostImeInputStage processPointer 0
12-30 13:54:25.759  8652  8670 V threaded_app: New input event: type=2
12-30 13:54:25.771  8652  8802 I libOpenSLES: Emulating old channel mask behavior (ignoring positional mask 0x4, using default mask 0x1 based on channel count of 1)
12-30 13:54:25.772  8652  8802 W AudioTrack: AUDIO_OUTPUT_FLAG_FAST denied by client; transfer 1, track 44100 Hz, output 48000 Hz
12-30 13:54:25.772  3238  4227 I AudioFlinger: add dynamic flag, can move to deep thread, session 7369
12-30 13:54:25.773  8652  8802 D AudioTrack: Client defaulted notificationFrames to 590 for frameCount 1772
12-30 13:54:25.775  8652  8670 V threaded_app: New input event: type=2
12-30 13:54:25.776  8652  8802 I AudioTrack: This process already got info. FadeIn[0] FadeOut[0] FadeInRing[0]
12-30 13:54:25.776  3238 17425 W AudioPolicyIntefaceImpl: Skipped to add effects on session 7369
12-30 13:54:25.776  3238 17425 I APM_AudioPolicyManager: startOutput() output 21, stream 3, session 7369
12-30 13:54:25.791  8652  8670 V threaded_app: New input event: type=2
12-30 13:54:25.808  8652  8670 V threaded_app: New input event: type=2
12-30 13:54:25.809  3238  3481 I AudioMixer: create resampler src 44100, 1, dst 48000, 1, q 8
12-30 13:54:25.809  3238  3481 D SoundAliveResampler: [SoundAliveResampler] Init+++
12-30 13:54:25.826  8652  8670 V threaded_app: New input event: type=2
12-30 13:54:25.843  8652  8670 V threaded_app: New input event: type=2
12-30 13:54:25.859  8652  8670 V threaded_app: New input event: type=2
12-30 13:54:25.868  3759  4395 D InputReader: Input event(3): value=0 when=73220533596000
12-30 13:54:25.868  3759  4395 D InputReader: Input event(3): value=0 when=73220533596000
12-30 13:54:25.868  3759  4395 I InputReader: Touch event's action is 0x1 (deviceType=0) [pCnt=1, s=] when=73220533596000
12-30 13:54:25.868  3759  4394 I InputDispatcher: Delivering touch to (8652): action: 0x1, toolType: 1
12-30 13:54:25.869  8652  8670 V threaded_app: New input event: type=2
12-30 13:54:25.870  8652  8652 D ViewRootImpl@eb23581[GameActivity]: ViewPostImeInputStage processPointer 1
12-30 13:54:26.411  8652  8902 I AudioTrack: Skip ramp
12-30 13:54:26.511  3238  3362 I APM_AudioPolicyManager: stopOutput() output 21, stream 3, session 7369
12-30 13:54:26.932  3759  4395 D InputReader: Input event(3): value=1 when=73221597340000
12-30 13:54:26.932  3759  4395 D InputReader: Input event(3): value=1 when=73221597340000
12-30 13:54:26.932  3759  4395 I InputReader: Touch event's action is 0x0 (deviceType=0) [pCnt=1, s=0.7307 ] when=73221597340000
12-30 13:54:26.932  3759  4394 I InputDispatcher: Delivering touch to (8652): action: 0x0, toolType: 1
12-30 13:54:26.933  8652  8670 V threaded_app: New input event: type=2
12-30 13:54:26.935  8652  8652 D ViewRootImpl@eb23581[GameActivity]: ViewPostImeInputStage processPointer 0
12-30 13:54:26.947  8652  8802 I libOpenSLES: Emulating old channel mask behavior (ignoring positional mask 0x4, using default mask 0x1 based on channel count of 1)
12-30 13:54:26.948  8652  8802 W AudioTrack: AUDIO_OUTPUT_FLAG_FAST denied by client; transfer 1, track 44100 Hz, output 48000 Hz
12-30 13:54:26.948  3238  4228 I AudioFlinger: add dynamic flag, can move to deep thread, session 7377
12-30 13:54:26.949  8652  8802 D AudioTrack: Client defaulted notificationFrames to 590 for frameCount 1772
12-30 13:54:26.949  8652  8802 I AudioTrack: This process already got info. FadeIn[0] FadeOut[0] FadeInRing[0]
12-30 13:54:26.949  3238  4227 W AudioPolicyIntefaceImpl: Skipped to add effects on session 7377
12-30 13:54:26.949  3238  4227 I APM_AudioPolicyManager: startOutput() output 21, stream 3, session 7377
12-30 13:54:26.960  8652  8670 V threaded_app: New input event: type=2
12-30 13:54:26.971  3238  3481 I AudioMixer: create resampler src 44100, 1, dst 48000, 1, q 8
12-30 13:54:26.971  3238  3481 D SoundAliveResampler: [SoundAliveResampler] Init+++
12-30 13:54:26.976  8652  8670 V threaded_app: New input event: type=2
12-30 13:54:26.993  8652  8670 V threaded_app: New input event: type=2
12-30 13:54:27.010  8652  8670 V threaded_app: New input event: type=2
12-30 13:54:27.026  8652  8670 V threaded_app: New input event: type=2
12-30 13:54:27.043  8652  8670 V threaded_app: New input event: type=2
12-30 13:54:27.061  8652  8670 V threaded_app: New input event: type=2
12-30 13:54:27.061  3759  4395 D InputReader: Input event(3): value=0 when=73221726840000
12-30 13:54:27.061  3759  4395 D InputReader: Input event(3): value=0 when=73221726840000
12-30 13:54:27.061  3759  4395 I InputReader: Touch event's action is 0x1 (deviceType=0) [pCnt=1, s=] when=73221726840000
12-30 13:54:27.062  3759  4394 I InputDispatcher: Delivering touch to (8652): action: 0x1, toolType: 1
12-30 13:54:27.063  8652  8670 V threaded_app: New input event: type=2
12-30 13:54:27.064  8652  8652 D ViewRootImpl@eb23581[GameActivity]: ViewPostImeInputStage processPointer 1
12-30 13:54:27.189  3759  4465 D WifiStateMachine: Current network is: "wilkinson2.4" , ID is: 30
12-30 13:54:27.189  3759  4465 I WifiStateMachine: IMS calling, current network is always qualified
12-30 13:54:27.539  5693  5693 D io_stats: !@   8,0 r 988689 28963192 w 837207 15790724 d 141808 8853320 f 180144 180110 iot 1247530 812759 th 61440 61440 51480 pt 1340 inp 0 0 73222.203
12-30 13:54:27.572  8652  8905 I AudioTrack: Skip ramp
12-30 13:54:27.672  3238  3362 I APM_AudioPolicyManager: stopOutput() output 21, stream 3, session 7377
12-30 13:54:28.087  3759  4395 D InputReader: Input event(3): value=1 when=73222752349000
12-30 13:54:28.087  3759  4395 D InputReader: Input event(3): value=1 when=73222752349000
12-30 13:54:28.087  3759  4395 I InputReader: Touch event's action is 0x0 (deviceType=0) [pCnt=1, s=0.7308 ] when=73222752349000
12-30 13:54:28.088  3759  4394 I InputDispatcher: Delivering touch to (8652): action: 0x0, toolType: 1
12-30 13:54:28.089  8652  8670 V threaded_app: New input event: type=2
12-30 13:54:28.091  8652  8652 D ViewRootImpl@eb23581[GameActivity]: ViewPostImeInputStage processPointer 0
12-30 13:54:28.110  8652  8802 I libOpenSLES: Emulating old channel mask behavior (ignoring positional mask 0x4, using default mask 0x1 based on channel count of 1)
12-30 13:54:28.111  8652  8670 V threaded_app: New input event: type=2
12-30 13:54:28.113  8652  8802 W AudioTrack: AUDIO_OUTPUT_FLAG_FAST denied by client; transfer 1, track 32000 Hz, output 48000 Hz
12-30 13:54:28.113  3238  3238 I AudioFlinger: add dynamic flag, can move to deep thread, session 7385
12-30 13:54:28.114  8652  8802 D AudioTrack: Client defaulted notificationFrames to 429 for frameCount 1288
12-30 13:54:28.115  8652  8802 I AudioTrack: This process already got info. FadeIn[0] FadeOut[0] FadeInRing[0]
12-30 13:54:28.115  3238  4228 W AudioPolicyIntefaceImpl: Skipped to add effects on session 7385
12-30 13:54:28.115  3238  4228 I APM_AudioPolicyManager: startOutput() output 21, stream 3, session 7385
12-30 13:54:28.128  8652  8670 V threaded_app: New input event: type=2
12-30 13:54:28.132  3238  3481 I AudioMixer: create resampler src 32000, 1, dst 48000, 1, q 8
12-30 13:54:28.132  3238  3481 D SoundAliveResampler: [SoundAliveResampler] Init+++
12-30 13:54:28.146  8652  8670 V threaded_app: New input event: type=2
12-30 13:54:28.161  8652  8670 V threaded_app: New input event: type=2
12-30 13:54:28.172  3759  4395 D InputReader: Input event(3): value=0 when=73222838184000
12-30 13:54:28.173  3759  4395 D InputReader: Input event(3): value=0 when=73222838184000
12-30 13:54:28.173  3759  4395 I InputReader: Touch event's action is 0x1 (deviceType=0) [pCnt=1, s=] when=73222838184000
12-30 13:54:28.173  3759  4394 I InputDispatcher: Delivering touch to (8652): action: 0x1, toolType: 1
12-30 13:54:28.173  8652  8670 V threaded_app: New input event: type=2
12-30 13:54:28.174  8652  8670 V threaded_app: New input event: type=2
12-30 13:54:28.175  8652  8652 D ViewRootImpl@eb23581[GameActivity]: ViewPostImeInputStage processPointer 1
12-30 13:54:28.692  8652  8908 I AudioTrack: Skip ramp
12-30 13:54:28.792  3238  3362 I APM_AudioPolicyManager: stopOutput() output 21, stream 3, session 7385
12-30 13:54:29.007 29219 29240 I Finsky  : [1540] com.google.android.finsky.bn.an.run(6): Stats for Executor: BlockingExecutor com.google.android.finsky.bn.ao@86dd73[Running, pool size = 0, active threads = 0, queued tasks = 0, completed tasks = 6]
12-30 13:54:29.065 29219 29240 I Finsky  : [1540] com.google.android.finsky.bn.an.run(6): Stats for Executor: LightweightExecutor com.google.android.finsky.bn.ao@ad78430[Running, pool size = 4, active threads = 0, queued tasks = 0, completed tasks = 56]
12-30 13:54:29.083  3759  4395 D InputReader: Input event(3): value=1 when=73223748628000
12-30 13:54:29.083  3759  4395 D InputReader: Input event(3): value=1 when=73223748628000
12-30 13:54:29.083  3759  4395 I InputReader: Touch event's action is 0x0 (deviceType=0) [pCnt=1, s=0.7309 ] when=73223748628000
12-30 13:54:29.084  3759  4394 I InputDispatcher: Delivering touch to (8652): action: 0x0, toolType: 1
12-30 13:54:29.084  8652  8670 V threaded_app: New input event: type=2
12-30 13:54:29.085  8652  8652 D ViewRootImpl@eb23581[GameActivity]: ViewPostImeInputStage processPointer 0
12-30 13:54:29.110  8652  8802 I libOpenSLES: Emulating old channel mask behavior (ignoring positional mask 0x4, using default mask 0x1 based on channel count of 1)
12-30 13:54:29.111  8652  8802 W AudioTrack: AUDIO_OUTPUT_FLAG_FAST denied by client; transfer 1, track 32000 Hz, output 48000 Hz
12-30 13:54:29.111  3238  3491 I AudioFlinger: add dynamic flag, can move to deep thread, session 7393
12-30 13:54:29.111  8652  8802 D AudioTrack: Client defaulted notificationFrames to 429 for frameCount 1288
12-30 13:54:29.112  8652  8802 I AudioTrack: This process already got info. FadeIn[0] FadeOut[0] FadeInRing[0]
12-30 13:54:29.112  3238  4227 W AudioPolicyIntefaceImpl: Skipped to add effects on session 7393
12-30 13:54:29.112  3238  4227 I APM_AudioPolicyManager: startOutput() output 21, stream 3, session 7393
12-30 13:54:29.113  8652  8670 V threaded_app: New input event: type=2
