12-30 13:53:54.282  3216  5364 I Layer   : [com.GeekTechnique.InfinityStack/com.epicgames.ue4.GameActivity] addSyncPoint end
12-30 13:53:54.282  3216  5364 I Layer   : [com.GeekTechnique.InfinityStack/com.epicgames.ue4.GameActivity] addSyncPoint start
12-30 13:53:54.282  3216  5364 I Layer   : [com.GeekTechnique.InfinityStack/com.epicgames.ue4.GameActivity] addSyncPoint end
12-30 13:53:54.283  3759 17328 D InputDispatcher: Focused application set to: xxxx
12-30 13:53:54.285  3759 17328 D InputDispatcher: Focus entered window: 8652
12-30 13:53:54.286  3759 17328 D ActivityTrigger: ActivityTrigger activityPauseTrigger 
12-30 13:53:54.287  3759 17328 D GameManagerService: sem_perfomance_mode: 0
12-30 13:53:54.291  3759  3772 D WindowManager: finishDrawingWindow: Window{56e8bc0d0 u0 com.GeekTechnique.InfinityStack/com.epicgames.ue4.GameActivity} mDrawState=DRAW_PENDING
12-30 13:53:54.292  8652  8652 D ViewRootImpl@eb23581[GameActivity]: MSG_RESIZED_REPORT: ci=Rect(0, 0 - 0, 0) vi=Rect(0, 0 - 0, 0) or=1
12-30 13:53:54.292  8652  8652 D ViewRootImpl@eb23581[GameActivity]: MSG_WINDOW_FOCUS_CHANGED 1
12-30 13:53:54.292  8652  8652 D ViewRootImpl@eb23581[GameActivity]: mHardwareRenderer.initializeIfNeeded()#2 mSurface={isValid=true -891715584}
12-30 13:53:54.292  8652  8652 V threaded_app: WindowFocusChanged: 0xe37fbbe0 -- 1
12-30 13:53:54.293  8652  8670 D UE4     : LogAndroidEvents: EnqueueAppEvent : 11, 0, tid = 8670
12-30 13:53:54.299  3759  3794 D KnoxTimeoutHandler: notifyActivityDrawn [MsgParam] userId: 0 fullscreen is true showWhenlocked is false isMutiwindowRecord is false multiwindowstyle is 1
12-30 13:53:54.299  3759  3759 D KnoxTimeoutHandler: activityDrawn [MsgParam] userId: 0 fullscreen is true showWhenlocked is false isMutiwindowRecord is false multiwindowstyle is 1
12-30 13:53:54.300  3759  3759 I KnoxTimeoutHandler: SD activityfalse
12-30 13:53:54.300  3759  3759 I KnoxTimeoutHandler: Fullscreen and mCurrent is not KNOX user. Hence hide keyguard
12-30 13:53:54.301  3759  3794 D CustomFrequencyManagerService: acquireDVFSLockLocked : type : DVFS_MIN_LIMIT  frequency : 1704000  uid : 1000  pid : 3759  pkgName : AMS_RESUME_TAIL@CPU_MIN@47
12-30 13:53:54.301  3759  3794 D ActivityManagerPerformance: AMP_acquire() TAIL
12-30 13:53:54.302  3759  3794 D CustomFrequencyManagerService: releaseDVFSLockLocked : Getting Lock type frm List : DVFS_MIN_LIMIT  frequency : 2100000  uid : 1000  pid : 3759  tag : AMS_APP_SWITCH@CPU_MIN@41
12-30 13:53:54.302  3759  3794 D ActivityManagerPerformance: AMP_release() APP_SWITCH
12-30 13:53:54.303  3759  3794 D ViewRootImpl@aaa56d5[InfinityStack]: dispatchDetachedFromWindow
12-30 13:53:54.303  3759  3794 D WindowManager: disposeInputChannel mInputChannel: 8bfd5db Starting com.GeekTechnique.InfinityStack (server)
12-30 13:53:54.307  3759  3794 D InputTransport: Input channel destroyed: fd=421
12-30 13:53:54.307  3759  3794 D InputTransport: Input channel destroyed: fd=475
12-30 13:53:54.307  8652  8669 D UE4     : EGL Extensions: 
12-30 13:53:54.307  8652  8669 D UE4     : EGL_KHR_get_all_proc_addresses EGL_ANDROID_presentation_time EGL_KHR_swap_buffers_with_damage EGL_ANDROID_create_native_client_buffer EGL_ANDROID_front_buffer_auto_refresh EGL_KHR_image EGL_KHR_image_base EGL_KHR_gl_texture_2D_image EGL_KHR_gl_texture_cubemap_image EGL_KHR_gl_renderbuffer_image EGL_KHR_fence_sync EGL_KHR_create_context EGL_KHR_config_attribs EGL_KHR_surfaceless_context EGL_EXT_create_context_robustness EGL_ANDROID_image_native_buffer EGL_KHR_wait_sync EGL_ANDROID_recordable EGL_KHR_partial_update EGL_KHR_mutable_render_buffer EGL_EXT_protected_content 
12-30 13:53:54.308  3759  3794 D ViewRootImpl@1cf661c[ContainerKeyguardScrim]: mHardwareRenderer.destroy()#1
12-30 13:53:54.312  8652  8669 D UE4     : FAndroidGPUInfo
12-30 13:53:54.312  8652  8669 D UE4     : AndroidEGL::InitSurface 1, 1
12-30 13:53:54.312  8652  8652 D SEM_CLIP_SemClipboardManager: isCocktailBarDisplayed : false
12-30 13:53:54.313  8652  8669 D mali_winsys: EGLint new_window_surface(egl_winsys_display*, void*, EGLSurface, EGLConfig, egl_winsys_surface**, egl_color_buffer_format*, EGLBoolean) returns 0x3000,  [8x8]-format:2
12-30 13:53:54.313  8652  8669 D UE4     : AndroidEGL::CreateEGLSurface() 0xe999f2a8
12-30 13:53:54.313  8652  8669 D UE4     : AndroidEGL::CreateEGLSurface(1), auxSurface = eglCreatePbufferSurface(), 8x8
12-30 13:53:54.313  8652  8652 V InputMethodManager: Starting input: tba=android.view.inputmethod.EditorInfo@1f084d6 nm : com.GeekTechnique.InfinityStack ic=null
12-30 13:53:54.313  8652  8652 I InputMethodManager: [IMM] startInputInner - mService.startInputOrWindowGainedFocus
12-30 13:53:54.314  3759  5060 D InputMethodManagerService: windowGainedFocus mCurrentFocusedUserId - 0 and mSecureKeypadEnabled-false
12-30 13:53:54.314  3759  5060 V InputMethodManagerService: windowGainedFocus: reason=WINDOW_FOCUS_GAIN client=android.os.BinderProxy@6b37f8e inputContext=null missingMethods= attribute=android.view.inputmethod.EditorInfo@fe55dbb nm = com.GeekTechnique.InfinityStack controlFlags=#105 softInputMode=#10 windowFlags=#1810500
12-30 13:53:54.314  3759  5060 V InputMethodManagerService: Unspecified window will hide input
12-30 13:53:54.314  3759  5060 D InputMethodManagerService: mDesktopModeManager null!
12-30 13:53:54.314  3759  5060 V InputMethodManagerService: hideCurrentInputLocked - !shouldHideSoftInput
12-30 13:53:54.315  3759  5836 D ActivityManager: resumeTopActivityInnerLocked() : #1 prevTask=null next=ActivityRecord{f978b8dd0 u0 com.GeekTechnique.InfinityStack/com.epicgames.ue4.GameActivity t2446} mFocusedStack=ActivityStack{ef4282dd0 stackId=1, 2 tasks}
12-30 13:53:54.315  3759  5836 D ActivityManager: resumeTopActivityInnerLocked() : #1 prevTask=TaskRecord{448dd60d0 #2446 A=com.GeekTechnique.InfinityStack U=0 StackId=1 sz=3} next=ActivityRecord{f978b8dd0 u0 com.GeekTechnique.InfinityStack/com.epicgames.ue4.GameActivity t2446} mFocusedStack=ActivityStack{ef4282dd0 stackId=1, 2 tasks}
12-30 13:53:54.315  3759  5060 D InputTransport: Input channel constructed: fd=421
12-30 13:53:54.315  3759  5060 D InputTransport: Input channel constructed: fd=475
12-30 13:53:54.316  3759  5060 D InputTransport: Input channel destroyed: fd=475
12-30 13:53:54.316  6110  6110 D InputTransport: Input channel destroyed: fd=81
12-30 13:53:54.316  3759  5836 D CustomFrequencyManagerService: acquireDVFSLockLocked : type : DVFS_MIN_LIMIT  frequency : 1300000  uid : 1000  pid : 3759  pkgName : AMS_ACT_RESUME@CPU_MIN@59
12-30 13:53:54.316  3759  5836 D ActivityManagerPerformance: AMP_acquire() ACT_RESUME
12-30 13:53:54.317  3759  5836 D ActivityManager: applyOptionsLocked(), pendingOptions : null
12-30 13:53:54.317  8652  8669 D vulkan  : searching for layers in '/data/app/com.GeekTechnique.InfinityStack-1/lib/arm'
12-30 13:53:54.317  8652  8669 D vulkan  : searching for layers in '/system/fake-libs'
12-30 13:53:54.317  8652  8669 D vulkan  : searching for layers in '/data/app/com.GeekTechnique.InfinityStack-1/base.apk!/lib/armeabi-v7a'
12-30 13:53:54.318  8652  8669 D vulkan  : vulkan api version_1_0 1.0.0
12-30 13:53:54.318  8652  8669 D vulkan  : vulkan header version 13
12-30 13:53:54.320 16417 24031 D InputTransport: Input channel constructed: fd=61
12-30 13:53:54.325  3759  5836 D GameManagerService: sem_perfomance_mode: 0
12-30 13:53:54.325  3759  3759 D GameManagerService: NotifyRunnable. pkg: com.GeekTechnique.InfinityStack, type: 4, isMinimized: false, isTunableApp: false
12-30 13:53:54.325  3759  3759 D GameManagerService: unexpected mPrevNotiType: -1
12-30 13:53:54.326  3759 17329 D InputTransport: Input channel constructed: fd=532
12-30 13:53:54.327  3759 17329 D InputTransport: Input channel destroyed: fd=532
12-30 13:53:54.327  8652  8664 D InputTransport: Input channel constructed: fd=90
12-30 13:53:54.339  3759  4530 D MdnieScenarioControlService:  packageName : com.GeekTechnique.InfinityStack    className : com.epicgames.ue4.GameActivity
12-30 13:53:54.344  3759  3777 D CompatibilityInfo: mCompatibilityFlags - 0
12-30 13:53:54.344  3759  3777 D CompatibilityInfo: applicationDensity - 420
12-30 13:53:54.344  3759  3777 D CompatibilityInfo: applicationScale - 1.0
12-30 13:53:54.367  3759  3772 D AppWidgetServiceImpl: updateAppWidgetInstanceLocked, merge! widget = AppWidgetId{3:Host{HostId{user:0, app:10081, hostId:1024, pkg:com.sec.android.app.launcher}}:Provider{ProviderId{user:0, app:10062, cmp:ComponentInfo{com.google.android.googlequicksearchbox/com.google.android.googlequicksearchbox.SearchWidgetProvider}}}}
12-30 13:53:54.370  3759  3759 D AppWidgetServiceImpl: handleNotifyUpdateAppWidget, w = AppWidgetId{3:Host{HostId{user:0, app:10081, hostId:1024, pkg:com.sec.android.app.launcher}}:Provider{ProviderId{user:0, app:10062, cmp:ComponentInfo{com.google.android.googlequicksearchbox/com.google.android.googlequicksearchbox.SearchWidgetProvider}}}}, isBlackListWidget = false, mIsPolicySeqNum = true, mIsPolicyTooLarge = true, mIsPolicySkipMerge = true
12-30 13:53:54.370  3759  3759 D AppWidgetServiceImpl: handleNotifyUpdateAppWidget, seqNumber = 29
12-30 13:53:54.371  2862  2880 W SearchServiceCore: Abort, client detached.
12-30 13:53:54.377  3759  7293 D WindowManager: finishDrawingWindow: Window{56e8bc0d0 u0 com.GeekTechnique.InfinityStack/com.epicgames.ue4.GameActivity} mDrawState=HAS_DRAWN
12-30 13:53:54.378  8652  8652 V threaded_app: Resume: 0xe37fbbe0
12-30 13:53:54.378  8652  8670 V threaded_app: activityState=11
12-30 13:53:54.378  8652  8670 D UE4     : Case APP_CMD_RESUME
12-30 13:53:54.378  8652  8670 D UE4     : LogAndroidEvents: EnqueueAppEvent : 7, 0, tid = 8670
12-30 13:53:54.378  8652  8652 D UE4     : ==============> [JAVA] AndroidThunkJava_KeepScreenOn(false) - Enabled screen saver
12-30 13:53:54.379  8652  8652 D UE4     : Registering sensor listeners
12-30 13:53:54.380  3759  7292 I Sensors : Acc old sensor_state 0, new sensor_state : 1 en : 1
12-30 13:53:54.385  6110  6110 V LauncherAppWidgetHostView: calculateWidgetSize: (target widgetsize)  using w/h 997 260 span 5 1 (widgetid 2) [current Gridsize : GRID_5x5]
12-30 13:53:54.386  6110  6110 D LauncherAppWidgetHostView: calculateWidgetSize() widget = Weather and Clock(widget id = 2) result hostview size = 1297 x 338
12-30 13:53:54.386  6110  6110 D LauncherAppWidgetHostView: setResizeScaleResult() 1297/ 338 scaleToResize = 0.76869696(widget id = 2)
12-30 13:53:54.386  6110  6110 V LauncherAppWidgetHostView: calculateWidgetSize: (target widgetsize)  using w/h 997 260 span 5 1 (widgetid 3) [current Gridsize : GRID_5x5]
12-30 13:53:54.386  6110  6110 D LauncherAppWidgetHostView: calculateWidgetSize() widget = Google(widget id = 3) result hostview size = 1297 x 338
12-30 13:53:54.386  6110  6110 D LauncherAppWidgetHostView: setResizeScaleResult() 1297/ 338 scaleToResize = 0.76869696(widget id = 3)
12-30 13:53:54.387  8652  8652 D SensorManager: registerListener :: 0, K6DS3TR Acceleration Sensor, 20000, 0,  
12-30 13:53:54.388  3759 10294 I Sensors : Mag old sensor_state 1, new sensor_state : 17 en : 1
12-30 13:53:54.395  8652  8652 D SensorManager: registerListener :: 1, AK09911C Magnetic field Sensor, 20000, 0,  
12-30 13:53:54.395  3759  4488 I Sensors : Gyro old sensor_state 17, new sensor_state : 19 en : 1
12-30 13:53:54.402  8652  8652 D SensorManager: registerListener :: 3, K6DS3TR Gyroscope Sensor, 20000, 0,  
12-30 13:53:54.402  8652  8652 D UE4     : App is running in Portrait
12-30 13:53:54.403  8652  8652 D UE4     : ==============> Resuming main init
12-30 13:53:54.403  8652  8652 D UE4     : ==============> GameActive.onResume complete!
12-30 13:53:54.403  3759 16756 D ActivityManager: post active user change for 0 fullscreen true isHomeActivity() false
12-30 13:53:54.403  3759 16756 D KnoxTimeoutHandler: postActiveUserChange [MsgParam] userId: 0 fullscreen is true showWhenlocked is false isMutiwindowRecord is false multiwindowstyle is 0
12-30 13:53:54.404  3759  3759 D KnoxTimeoutHandler: handleActiveUserChange [MsgParam] userId: 0 fullscreen is true showWhenlocked is false isMutiwindowRecord is false multiwindowstyle is 0
12-30 13:53:54.404  8652  8652 V InputMethodManager: Starting input: tba=android.view.inputmethod.EditorInfo@f65f357 nm : com.GeekTechnique.InfinityStack ic=null
12-30 13:53:54.405  3759  3759 I KnoxTimeoutHandler: Shared devices show user statefalse
12-30 13:53:54.406  3759 10289 V WindowManager: Relayout Window{56e8bc0d0 u0 com.GeekTechnique.InfinityStack/com.epicgames.ue4.GameActivity}: viewVisibility=0 req=1080x1920 WM.LayoutParams{(0,0)(fillxfill) sim=#110 ty=1 fl=#1810500 fmt=1 wanim=0x1030001 needsMenuKey=2 naviIconColor=0}
12-30 13:53:54.411  8652  8652 D ViewRootImpl@eb23581[GameActivity]: Relayout returned: oldFrame=[0,0][1080,1920] newFrame=[0,0][1080,1920] result=0x1 surface={isValid=true -891715584} surfaceGenerationChanged=false
12-30 13:53:54.415  3759 30978 I ActivityManager: Killing 4176:com.vzw.hss.myverizon/u0a27 (adj 906): DHA:empty #31
12-30 13:53:54.422  5974 11057 D ForegroundUtils: could not check pending caller
12-30 13:53:54.422  3759 30978 D ActivityTrigger: ActivityTrigger activityStopTrigger 
12-30 13:53:54.424  3759 30978 I ActivityManager: Killing 2862:com.google.android.googlequicksearchbox:search/u0a62 (adj 200): remove task
12-30 13:53:54.430  6110  6110 D MenuAppsGridFragment: onStop
12-30 13:53:54.430  6110  6110 D Launcher.HomeView: onStop
12-30 13:53:54.430  6110  6110 D capture : ----destroy
12-30 13:53:54.432  6110  6110 D Launcher: onTrimMemory. Level: 20
12-30 13:53:54.443  3759  5060 I WindowManager_SurfaceController: Destroying surface Surface(name=com.sec.android.app.launcher/com.sec.android.app.launcher.activities.LauncherActivity) called by com.android.server.wm.WindowStateAnimator.destroySurface:2907 com.android.server.wm.WindowStateAnimator.destroySurfaceLocked:1120 com.android.server.wm.WindowState.destroyOrSaveSurface:2662 com.android.server.wm.AppWindowToken.destroySurfaces:423 com.android.server.wm.AppWindowToken.destroySurfaces:387 com.android.server.wm.AppWindowToken.notifyAppStopped:467 com.android.server.wm.WindowManagerService.notifyAppStopped:5304 com.android.server.am.ActivityStack.activityStoppedLocked:1581 
12-30 13:53:54.444  3216  3280 I SurfaceFlinger: id=3334 Removed MauncherAct (1/10)
12-30 13:53:54.444  3216  3278 I SurfaceFlinger: id=3334 Removed MauncherAct (-2/10)
12-30 13:53:54.449  5974  6000 D ForegroundUtils: could not check pending caller
12-30 13:53:54.452  3759 10295 D ActivityManager: cleanUpApplicationRecord -- 4176
12-30 13:53:54.455  5974 11057 D ForegroundUtils: could not check pending caller
12-30 13:53:54.485  3759  3794 I WindowManager_SurfaceController: Destroying surface Surface(name=Starting com.GeekTechnique.InfinityStack) called by com.android.server.wm.WindowStateAnimator.destroySurface:2907 com.android.server.wm.WindowStateAnimator.destroySurfaceLocked:1120 com.android.server.wm.WindowState.destroyOrSaveSurface:2662 com.android.server.wm.AppWindowToken.destroySurfaces:423 com.android.server.wm.AppWindowToken.destroySurfaces:387 com.android.server.wm.WindowStateAnimator.finishExit:686 com.android.server.wm.WindowStateAnimator.stepAnimationLocked:570 com.android.server.wm.WindowAnimator.updateWindowsLocked:439 
12-30 13:53:54.486  3216  5364 I SurfaceFlinger: id=3337 Removed JnfinitySta (5/9)
12-30 13:53:54.490  3216  5364 I SurfaceFlinger: id=3337 Removed JnfinitySta (-2/9)
12-30 13:53:54.551  8652  8669 D UE4     : LogPluginManager: Mounting plugin Paper2D
12-30 13:53:54.556  8652  8669 D UE4     : LogPluginManager: Mounting plugin AISupport
12-30 13:53:54.558  8652  8669 D UE4     : LogPluginManager: Mounting plugin LightPropagationVolume
12-30 13:53:54.559  8652  8669 D UE4     : LogPluginManager: Mounting plugin AssetManagerEditor
12-30 13:53:54.561  8652  8669 D UE4     : LogPluginManager: Mounting plugin CryptoKeys
12-30 13:53:54.562  8652  8669 D UE4     : LogPluginManager: Mounting plugin FacialAnimation
12-30 13:53:54.564  8652  8669 D UE4     : LogPluginManager: Mounting plugin MeshEditor
12-30 13:53:54.565  8652  8669 D UE4     : LogPluginManager: Mounting plugin DatasmithContent
12-30 13:53:54.567  8652  8669 D UE4     : LogPluginManager: Mounting plugin VariantManagerContent
12-30 13:53:54.568  8652  8669 D UE4     : LogPluginManager: Mounting plugin AlembicImporter
12-30 13:53:54.570  8652  8669 D UE4     : LogPluginManager: Mounting plugin AppleImageUtils
12-30 13:53:54.571  8652  8669 D UE4     : LogPluginManager: Mounting plugin AppleVision
12-30 13:53:54.573  8652  8669 D UE4     : LogPluginManager: Mounting plugin BackChannel
12-30 13:53:54.574  8652  8669 D UE4     : LogPluginManager: Mounting plugin CharacterAI
12-30 13:53:54.575  8652  8669 D UE4     : LogPluginManager: Mounting plugin GeometryCache
12-30 13:53:54.577  8652  8669 D UE4     : LogPluginManager: Mounting plugin AndroidMedia
12-30 13:53:54.578  8652  8669 D UE4     : LogPluginManager: Mounting plugin ImgMedia
12-30 13:53:54.579  3759  4530 D MdnieScenarioControlService:  packageName : com.GeekTechnique.InfinityStack    className : com.epicgames.ue4.GameActivity
12-30 13:53:54.580  8652  8669 D UE4     : LogPluginManager: Mounting plugin LinearTimecode
12-30 13:53:54.581  8652  8669 D UE4     : LogPluginManager: Mounting plugin MediaCompositing
12-30 13:53:54.583  8652  8669 D UE4     : LogPluginManager: Mounting plugin TcpMessaging
12-30 13:53:54.584  8652  8669 D UE4     : LogPluginManager: Mounting plugin UdpMessaging
12-30 13:53:54.585  8652  8669 D UE4     : LogPluginManager: Mounting plugin ActorSequence
12-30 13:53:54.587  8652  8669 D UE4     : LogPluginManager: Mounting plugin NetcodeUnitTest
12-30 13:53:54.588  8652  8669 D UE4     : LogPluginManager: Mounting plugin NUTUnrealEngine4
12-30 13:53:54.590  8652  8669 D UE4     : LogPluginManager: Mounting plugin OnlineSubsystemGooglePlay
12-30 13:53:54.591  8652  8669 D UE4     : LogPluginManager: Mounting plugin OnlineSubsystem
12-30 13:53:54.593  8652  8669 D UE4     : LogPluginManager: Mounting plugin OnlineSubsystemNull
12-30 13:53:54.594  8652  8669 D UE4     : LogPluginManager: Mounting plugin OnlineSubsystemUtils
12-30 13:53:54.596  8652  8669 D UE4     : LogPluginManager: Mounting plugin AndroidDeviceProfileSelector
12-30 13:53:54.597  8652  8669 D UE4     : LogPluginManager: Mounting plugin AndroidMoviePlayer
12-30 13:53:54.599  8652  8669 D UE4     : LogPluginManager: Mounting plugin AndroidPermission
12-30 13:53:54.600  8652  8669 D UE4     : LogPluginManager: Mounting plugin ArchVisCharacter
12-30 13:53:54.601  8652  8669 D UE4     : LogPluginManager: Mounting plugin CableComponent
12-30 13:53:54.602  3759  3759 D CustomFrequencyManagerService: releaseDVFSLockLocked : Getting Lock type frm List : DVFS_MIN_LIMIT  frequency : 1704000  uid : 1000  pid : 3759  tag : AMS_RESUME_TAIL@CPU_MIN@47
12-30 13:53:54.603  8652  8669 D UE4     : LogPluginManager: Mounting plugin CustomMeshComponent
12-30 13:53:54.604  8652  8669 D UE4     : LogPluginManager: Mounting plugin EditableMesh
12-30 13:53:54.606  8652  8669 D UE4     : LogPluginManager: Mounting plugin ExampleDeviceProfileSelector
12-30 13:53:54.607  8652  8669 D UE4     : LogPluginManager: Mounting plugin Firebase
12-30 13:53:54.609  8652  8669 D UE4     : LogPluginManager: Mounting plugin GoogleCloudMessaging
12-30 13:53:54.610  8652  8669 D UE4     : LogPluginManager: Mounting plugin LocationServicesBPLibrary
12-30 13:53:54.611  8652  8669 D UE4     : LogPluginManager: Mounting plugin MobilePatchingUtils
12-30 13:53:54.613  8652  8669 D UE4     : LogPluginManager: Mounting plugin OculusVR
12-30 13:53:54.617  8652  8669 D UE4     : LogPluginManager: Mounting plugin PhysXVehicles
12-30 13:53:54.622  8652  8669 D UE4     : LogPluginManager: Mounting plugin ProceduralMeshComponent
12-30 13:53:54.622  3759  4508 D GraphicsStats: Buffer count: 5
12-30 13:53:54.622  3759 16756 D ConnectivityService: ConnectivityService NetworkRequestInfo binderDied(NetworkRequest [ id=232, legacyType=-1, [ Capabilities: INTERNET&NOT_RESTRICTED&TRUSTED] ], android.os.BinderProxy@9a80631)
12-30 13:53:54.623  3759  4474 D InputTransport: Input channel destroyed: fd=514
12-30 13:53:54.623  8652  8669 D UE4     : LogPluginManager: Mounting plugin RuntimePhysXCooking
12-30 13:53:54.624  3759  7291 D ConnectivityService: ConnectivityService NetworkRequestInfo binderDied(NetworkRequest [ id=211, legacyType=-1, [ Capabilities: INTERNET&NOT_RESTRICTED&TRUSTED] ], android.os.BinderProxy@953c116)
12-30 13:53:54.624  3759 16760 D ConnectivityService: ConnectivityService NetworkRequestInfo binderDied(NetworkRequest [ id=233, legacyType=-1, [ Capabilities: INTERNET&NOT_RESTRICTED&TRUSTED] ], android.os.BinderProxy@a821a97)
12-30 13:53:54.624  3759  4495 D ConnectivityService: releasing NetworkRequest NetworkRequest [ id=232, legacyType=-1, [ Capabilities: INTERNET&NOT_RESTRICTED&TRUSTED] ]
12-30 13:53:54.625  3759  5060 D ActivityManager: cleanUpApplicationRecord -- 2862
12-30 13:53:54.625  8652  8669 D UE4     : LogPluginManager: Mounting plugin SteamVR
12-30 13:53:54.625  3759  4495 D ConnectivityService: sending notification RELEASED for NetworkRequest [ id=232, legacyType=-1, [ Capabilities: INTERNET&NOT_RESTRICTED&TRUSTED] ]
12-30 13:53:54.625 16417 16417 D InputTransport: Input channel destroyed: fd=69
12-30 13:53:54.626  3759  4495 E ConnectivityService: RemoteException caught trying to send a callback msg for NetworkRequest [ id=232, legacyType=-1, [ Capabilities: INTERNET&NOT_RESTRICTED&TRUSTED] ]
12-30 13:53:54.626  3759  4495 D ConnectivityService: releasing NetworkRequest NetworkRequest [ id=211, legacyType=-1, [ Capabilities: INTERNET&NOT_RESTRICTED&TRUSTED] ]
12-30 13:53:54.627  3759  4495 D ConnectivityService: sending notification RELEASED for NetworkRequest [ id=211, legacyType=-1, [ Capabilities: INTERNET&NOT_RESTRICTED&TRUSTED] ]
12-30 13:53:54.627  3759  4495 E ConnectivityService: RemoteException caught trying to send a callback msg for NetworkRequest [ id=211, legacyType=-1, [ Capabilities: INTERNET&NOT_RESTRICTED&TRUSTED] ]
12-30 13:53:54.627  3759  4495 D ConnectivityService: releasing NetworkRequest NetworkRequest [ id=233, legacyType=-1, [ Capabilities: INTERNET&NOT_RESTRICTED&TRUSTED] ]
12-30 13:53:54.627  3759  4495 D ConnectivityService: sending notification RELEASED for NetworkRequest [ id=233, legacyType=-1, [ Capabilities: INTERNET&NOT_RESTRICTED&TRUSTED] ]
12-30 13:53:54.628  3759  4495 E ConnectivityService: RemoteException caught trying to send a callback msg for NetworkRequest [ id=233, legacyType=-1, [ Capabilities: INTERNET&NOT_RESTRICTED&TRUSTED] ]
12-30 13:53:54.628  8652  8669 D UE4     : LogStreaming: Display: Took  0.078s to configure plugins.
12-30 13:53:54.629  3759  5060 W ActivityManager: Scheduling restart of crashed service com.google.android.googlequicksearchbox/com.google.android.hotword.service.HotwordService in 1000ms
12-30 13:53:54.629  3759  5060 W ActivityManager: Scheduling restart of crashed service com.google.android.googlequicksearchbox/com.google.android.apps.gsa.search.core.service.SearchService in 11000ms
12-30 13:53:54.630  3759  5060 W ActivityManager: Scheduling restart of crashed service com.google.android.googlequicksearchbox/com.google.android.apps.gsa.search.core.BroadcastListenerService in 21000ms
12-30 13:53:54.631  5974  6004 D ForegroundUtils: could not check pending caller
12-30 13:53:54.664  3759  3779 E libprocessgroup: failed to kill 1 processes for processgroup 2862
12-30 13:53:54.750  8652  8669 D UE4     : LogInit: Using libcurl 7.46.0
12-30 13:53:54.750  8652  8669 D UE4     : LogInit:  - built for arm-unknown-linux-androideabi
12-30 13:53:54.750  8652  8669 D UE4     : LogInit:  - supports SSL with OpenSSL/1.0.1s
12-30 13:53:54.750  8652  8669 D UE4     : LogInit:  - supports HTTP deflate (compression) using libz 1.2.8
12-30 13:53:54.750  8652  8669 D UE4     : LogInit:  - other features:
12-30 13:53:54.750  8652  8669 D UE4     : LogInit:      CURL_VERSION_SSL
12-30 13:53:54.750  8652  8669 D UE4     : LogInit:      CURL_VERSION_LIBZ
12-30 13:53:54.750  8652  8669 D UE4     : LogInit:      CURL_VERSION_IPV6
12-30 13:53:54.750  8652  8669 D UE4     : LogInit:      CURL_VERSION_ASYNCHDNS
12-30 13:53:54.750  8652  8669 D UE4     : LogInit:      CURL_VERSION_TLSAUTH_SRP
12-30 13:53:54.750  3759  9132 D GamePkgDataHelper: getGamePkgData(). com.GeekTechnique.InfinityStack
12-30 13:53:54.751  8652  8669 D UE4     : LogInit:  CurlRequestOptions (configurable via config and command line):
12-30 13:53:54.751  8652  8669 D UE4     : LogInit:  - bVerifyPeer = true  - Libcurl will verify peer certificate
12-30 13:53:54.751  8652  8669 D UE4     : LogInit:  - bUseHttpProxy = false  - Libcurl will NOT use HTTP proxy
12-30 13:53:54.751  8652  8669 D UE4     : LogInit:  - bDontReuseConnections = false  - Libcurl will reuse connections
12-30 13:53:54.751  8652  8669 D UE4     : LogInit:  - MaxHostConnections = 16  - Libcurl will limit the number of connections to a host
12-30 13:53:54.751  8652  8669 D UE4     : LogInit:  - LocalHostAddr = Default
12-30 13:53:54.751  8652  8669 D UE4     : LogInit:  - BufferSize = 65536
12-30 13:53:54.752  3759  9132 D GameManagerService: identifyGamePackage. com.GeekTechnique.InfinityStack
12-30 13:53:54.752  3759  9132 D GameManagerService: identifyGamePackage. com.GeekTechnique.InfinityStack
12-30 13:53:54.752  8652  8669 D UE4     : LogOnline: Display: OSS: OnlineSubsystemGooglePlayModule::StartupModule()
12-30 13:53:54.753  8652  8669 D UE4     : FOnlineSubsystemGooglePlay::Init
12-30 13:53:54.753  3759  9132 D GameManagerService: identifyGamePackage. com.GeekTechnique.InfinityStack
12-30 13:53:54.753  8652  8669 D UE4     : LogOnlineIdentity: Display: OSS: FOnlineIdentityGooglePlay::FOnlineIdentityGooglePlay()
12-30 13:53:54.753  8652  8669 D UE4     : FOnlineSubsystemGooglePlay::IsInAppPurchasingEnabled 0
12-30 13:53:54.753  3759  9132 D GameManagerService: identifyGamePackage. com.GeekTechnique.InfinityStack
12-30 13:53:54.759  8652  8669 D UE4     : LogHMD: App is not packaged for Gear VR
12-30 13:53:54.759  8652  8669 D UE4     : LogInit: Build: ++UE4+Release-4.21-CL-4613538
12-30 13:53:54.759  8652  8669 D UE4     : LogInit: Engine Version: 4.21.1-4613538+++UE4+Release-4.21
12-30 13:53:54.759  8652  8669 D UE4     : LogInit: Compatible Engine Version: 4.21.0-4541578+++UE4+Release-4.21
12-30 13:53:54.759  8652  8669 D UE4     : LogInit: Net CL: 4541578
12-30 13:53:54.759  8652  8669 D UE4     : LogInit: OS: Android (7.0), CPU: SM-N920V, GPU: Mali-T760
12-30 13:53:54.759  8652  8669 D UE4     : LogInit: Compiled (32-bit): Nov 30 2018 05:07:29
12-30 13:53:54.759  8652  8669 D UE4     : LogInit: Compiled with Clang: 3.8.275480 
12-30 13:53:54.759  8652  8669 D UE4     : LogInit: Build Configuration: Development
12-30 13:53:54.759  8652  8669 D UE4     : LogInit: Branch Name: ++UE4+Release-4.21
12-30 13:53:54.759  8652  8669 D UE4     : LogInit: Command Line:   /Game/Maps/StackMap -Messaging -SessionId=A934EC29430147F7C793BAABBFFAB602 -SessionOwner="nope" -SessionName="Launch On Device" -iterative
12-30 13:53:54.760  8652  8669 D UE4     : LogInit: Base Directory: 
12-30 13:53:54.760  8652  8669 D UE4     : LogInit: Installed Engine Build: 0
12-30 13:53:54.760  8652  8669 D UE4     : LogDevObjectVersion: Number of dev versions registered: 22
12-30 13:53:54.760  8652  8669 D UE4     : LogDevObjectVersion:   Dev-Blueprints (B0D832E4-1F89-4F0D-ACCF-7EB736FD4AA2): 10
12-30 13:53:54.760  8652  8669 D UE4     : LogDevObjectVersion:   Dev-Build (E1C64328-A22C-4D53-A36C-8E866417BD8C): 0
12-30 13:53:54.760  8652  8669 D UE4     : LogDevObjectVersion:   Dev-Core (375EC13C-06E4-48FB-B500-84F0262A717E): 2
12-30 13:53:54.760  8652  8669 D UE4     : LogDevObjectVersion:   Dev-Editor (E4B068ED-F494-42E9-A231-DA0B2E46BB41): 26
12-30 13:53:54.760  8652  8669 D UE4     : LogDevObjectVersion:   Dev-Framework (CFFC743F-43B0-4480-9391-14DF171D2073): 34
12-30 13:53:54.760  8652  8669 D UE4     : LogDevObjectVersion:   Dev-Mobile (B02B49B5-BB20-44E9-A304-32B752E40360): 2
12-30 13:53:54.760  8652  8669 D UE4     : LogDevObjectVersion:   Dev-Networking (A4E4105C-59A1-49B5-A7C5-40C4547EDFEE): 0
12-30 13:53:54.760  8652  8669 D UE4     : LogDevObjectVersion:   Dev-Online (39C831C9-5AE6-47DC-9A44-9C173E1C8E7C): 0
12-30 13:53:54.760  8652  8669 D UE4     : LogDevObjectVersion:   Dev-Physics (78F01B33-EBEA-4F98-B9B4-84EACCB95AA2): 0
12-30 13:53:54.760  8652  8669 D UE4     : LogDevObjectVersion:   Dev-Platform (6631380F-2D4D-43E0-8009-CF276956A95A): 0
12-30 13:53:54.760  8652  8669 D UE4     : LogDevObjectVersion:   Dev-Rendering (12F88B9F-8875-4AFC-A67C-D90C383ABD29): 27
12-30 13:53:54.760  8652  8669 D UE4     : LogDevObjectVersion:   Dev-Sequencer (7B5AE74C-D270-4C10-A958-57980B212A5A): 9
12-30 13:53:54.760  8652  8669 D UE4     : LogDevObjectVersion:   Dev-VR (D7296918-1DD6-4BDD-9DE2-64A83CC13884): 2
12-30 13:53:54.760  8652  8669 D UE4     : LogDevObjectVersion:   Dev-LoadTimes (C2A15278-BFE7-4AFE-6C17-90FF531DF755): 1
12-30 13:53:54.760  8652  8669 D UE4     : LogDevObjectVersion:   Private-Geometry (6EACA3D4-40EC-4CC1-B786-8BED09428FC5): 3
12-30 13:53:54.760  8652  8669 D UE4     : LogDevObjectVersion:   Dev-AnimPhys (29E575DD-E0A3-4627-9D10-D276232CDCEA): 17
12-30 13:53:54.760  8652  8669 D UE4     : LogDevObjectVersion:   Dev-Anim (AF43A65D-7FD3-4947-9873-3E8ED9C1BB05): 2
12-30 13:53:54.760  8652  8669 D UE4     : LogDevObjectVersion:   Dev-ReflectionCapture (6B266CEC-1EC7-4B8F-A30B-E4D90942FC07): 1
12-30 13:53:54.760  8652  8669 D UE4     : LogDevObjectVersion:   Dev-Automation (0DF73D61-A23F-47EA-B727-89E90C41499A): 1
12-30 13:53:54.760  8652  8669 D UE4     : LogDevObjectVersion:   FortniteMain (601D1886-AC64-4F84-AA16-D3DE0DEAC7D6): 17
12-30 13:53:54.760  8652  8669 D UE4     : LogDevObjectVersion:   Dev-Enterprise (9DFFBCD6-494F-0158-E221-12823C92A888): 4
12-30 13:53:54.760  8652  8669 D UE4     : LogDevObjectVersion:   Dev-Niagara (F2AED0AC-9AFE-416F-8664-AA7FFA26D6FC): 1
12-30 13:53:54.761  8652  8669 D UE4     : LogStreaming: Display: Took  0.000s to delete old logs.
12-30 13:53:54.799  8652  8669 D UE4     : LogInit: Presizing for max 131072 objects, including 1 objects not considered by GC, pre-allocating 0 bytes for permanent pool.
12-30 13:53:54.801  8652  8669 D UE4     : LogStreaming: Display: Async Loading initialized: Event Driven Loader: true, Async Loading Thread: false, Async Post Load: true
12-30 13:53:54.832  8652  8669 D UE4     : LogInit: Object subsystem initialized
12-30 13:53:54.836  8652  8669 D UE4     : LogConfig: Setting CVar [[con.DebugEarlyDefault:1]]
12-30 13:53:54.837  8652  8669 D UE4     : [2018.12.30-18.53.54:837][  0]LogConfig: Setting CVar [[con.DebugEarlyDefault:1]]
12-30 13:53:54.837  8652  8669 D UE4     : [2018.12.30-18.53.54:837][  0]LogConfig: Applying CVar settings from Section [/Script/Engine.RendererSettings] File [../../../StackerGame/Saved/Config/Android/Engine.ini]
12-30 13:53:54.837  8652  8669 D UE4     : [2018.12.30-18.53.54:837][  0]LogConfig: Setting CVar [[r.GPUCrashDebugging:0]]
12-30 13:53:54.837  8652  8669 D UE4     : [2018.12.30-18.53.54:837][  0]LogConfig: Setting CVar [[r.MobileHDR:0]]
12-30 13:53:54.837  8652  8669 D UE4     : [2018.12.30-18.53.54:837][  0]LogConfig: Setting CVar [[r.Mobile.DisableVertexFog:1]]
12-30 13:53:54.837  8652  8669 D UE4     : [2018.12.30-18.53.54:837][  0]LogConfig: Setting CVar [[r.Shadow.CSM.MaxMobileCascades:2]]
12-30 13:53:54.837  8652  8669 D UE4     : [2018.12.30-18.53.54:837][  0]LogConfig: Setting CVar [[r.MobileMSAA:1]]
12-30 13:53:54.837  8652  8669 D UE4     : [2018.12.30-18.53.54:837][  0]LogConfig: Setting CVar [[r.DiscardUnusedQuality:0]]
12-30 13:53:54.837  8652  8669 D UE4     : [2018.12.30-18.53.54:837][  0]LogConfig: Setting CVar [[r.AllowOcclusionQueries:1]]
12-30 13:53:54.837  8652  8669 D UE4     : [2018.12.30-18.53.54:837][  0]LogConfig: Setting CVar [[r.MinScreenRadiusForLights:0.030000]]
12-30 13:53:54.837  8652  8669 D UE4     : [2018.12.30-18.53.54:837][  0]LogConfig: Setting CVar [[r.MinScreenRadiusForDepthPrepass:0.030000]]
12-30 13:53:54.837  8652  8669 D UE4     : [2018.12.30-18.53.54:837][  0]LogConfig: Setting CVar [[r.MinScreenRadiusForCSMDepth:0.010000]]
12-30 13:53:54.837  8652  8669 D UE4     : [2018.12.30-18.53.54:837][  0]LogConfig: Setting CVar [[r.PrecomputedVisibilityWarning:0]]
12-30 13:53:54.838  8652  8669 D UE4     : [2018.12.30-18.53.54:838][  0]LogConfig: Setting CVar [[r.TextureStreaming:1]]
12-30 13:53:54.838  8652  8669 D UE4     : [2018.12.30-18.53.54:838][  0]LogConfig: Setting CVar [[Compat.UseDXT5NormalMaps:0]]
12-30 13:53:54.838  8652  8669 D UE4     : [2018.12.30-18.53.54:838][  0]LogConfig: Setting CVar [[r.ClearCoatNormal:0]]
12-30 13:53:54.838  8652  8669 D UE4     : [2018.12.30-18.53.54:838][  0]LogConfig: Setting CVar [[r.ReflectionCaptureResolution:128]]
12-30 13:53:54.838  8652  8669 D UE4     : [2018.12.30-18.53.54:838][  0]LogConfig: Setting CVar [[r.ReflectionEnvironmentLightmapMixBasedOnRoughness:1]]
12-30 13:53:54.838  8652  8669 D UE4     : [2018.12.30-18.53.54:838][  0]LogConfig: Setting CVar [[r.ForwardShading:0]]
12-30 13:53:54.838  8652  8669 D UE4     : [2018.12.30-18.53.54:838][  0]LogConfig: Setting CVar [[r.VertexFoggingForOpaque:1]]
12-30 13:53:54.838  8652  8669 D UE4     : [2018.12.30-18.53.54:838][  0]LogConfig: Setting CVar [[r.AllowStaticLighting:1]]
12-30 13:53:54.838  8652  8669 D UE4     : [2018.12.30-18.53.54:838][  0]LogConfig: Setting CVar [[r.NormalMapsForStaticLighting:0]]
12-30 13:53:54.838  8652  8669 D UE4     : [2018.12.30-18.53.54:838][  0]LogConfig: Setting CVar [[r.GenerateMeshDistanceFields:0]]
12-30 13:53:54.838  8652  8669 D UE4     : [2018.12.30-18.53.54:838][  0]LogConfig: Setting CVar [[r.DistanceFieldBuild.EightBit:0]]
12-30 13:53:54.838  8652  8669 D UE4     : [2018.12.30-18.53.54:838][  0]LogConfig: Setting CVar [[r.GenerateLandscapeGIData:0]]
12-30 13:53:54.838  8652  8669 D UE4     : [2018.12.30-18.53.54:838][  0]LogConfig: Setting CVar [[r.DistanceFieldBuild.Compress:0]]
12-30 13:53:54.838  8652  8669 D UE4     : [2018.12.30-18.53.54:838][  0]LogConfig: Setting CVar [[r.TessellationAdaptivePixelsPerTriangle:48.000000]]
12-30 13:53:54.838  8652  8669 D UE4     : [2018.12.30-18.53.54:838][  0]LogConfig: Setting CVar [[r.SeparateTranslucency:0]]
12-30 13:53:54.838  8652  8669 D UE4     : [2018.12.30-18.53.54:838][  0]LogConfig: Setting CVar [[r.TranslucentSortPolicy:0]]
12-30 13:53:54.839  8652  8669 D UE4     : [2018.12.30-18.53.54:838][  0]LogConfig: Setting CVar [[r.CustomDepth:1]]
12-30 13:53:54.839  8652  8669 D UE4     : [2018.12.30-18.53.54:839][  0]LogConfig: Setting CVar [[r.CustomDepthTemporalAAJitter:1]]
12-30 13:53:54.839  8652  8669 D UE4     : [2018.12.30-18.53.54:839][  0]LogConfig: Setting CVar [[r.PostProcessing.PropagateAlpha:1]]
12-30 13:53:54.839  8652  8669 D UE4     : [2018.12.30-18.53.54:839][  0]LogConfig: Setting CVar [[r.DefaultFeature.Bloom:0]]
12-30 13:53:54.839  8652  8669 D UE4     : [2018.12.30-18.53.54:839][  0]LogConfig: Setting CVar [[r.DefaultFeature.AmbientOcclusion:0]]
12-30 13:53:54.839  8652  8669 D UE4     : [2018.12.30-18.53.54:839][  0]LogConfig: Setting CVar [[r.DefaultFeature.AmbientOcclusionStaticFraction:1]]
12-30 13:53:54.839  8652  8669 D UE4     : [2018.12.30-18.53.54:839][  0]LogConfig: Setting CVar [[r.DefaultFeature.AutoExposure:0]]
12-30 13:53:54.839  8652  8669 D UE4     : [2018.12.30-18.53.54:839][  0]LogConfig: Setting CVar [[r.DefaultFeature.AutoExposure.Method:0]]
12-30 13:53:54.839  8652  8669 D UE4     : [2018.12.30-18.53.54:839][  0]LogConfig: Setting CVar [[r.DefaultFeature.MotionBlur:0]]
12-30 13:53:54.839  8652  8669 D UE4     : [2018.12.30-18.53.54:839][  0]LogConfig: Setting CVar [[r.DefaultFeature.LensFlare:0]]
12-30 13:53:54.839  8652  8669 D UE4     : [2018.12.30-18.53.54:839][  0]LogConfig: Setting CVar [[r.DefaultFeature.AntiAliasing:0]]
12-30 13:53:54.839  8652  8669 D UE4     : [2018.12.30-18.53.54:839][  0]LogConfig: Setting CVar [[r.Shadow.UnbuiltPreviewInGame:1]]
12-30 13:53:54.839  8652  8669 D UE4     : [2018.12.30-18.53.54:839][  0]LogConfig: Setting CVar [[r.StencilForLODDither:0]]
12-30 13:53:54.839  8652  8669 D UE4     : [2018.12.30-18.53.54:839][  0]LogConfig: Setting CVar [[r.EarlyZPass:3]]
12-30 13:53:54.840  8652  8669 D UE4     : [2018.12.30-18.53.54:839][  0]LogConfig: Setting CVar [[r.EarlyZPassMovable:1]]
12-30 13:53:54.840  8652  8669 D UE4     : [2018.12.30-18.53.54:840][  0]LogConfig: Setting CVar [[r.EarlyZPassOnlyMaterialMasking:0]]
12-30 13:53:54.840  8652  8669 D UE4     : [2018.12.30-18.53.54:840][  0]LogConfig: Setting CVar [[r.DBuffer:1]]
12-30 13:53:54.840  8652  8669 D UE4     : [2018.12.30-18.53.54:840][  0]LogConfig: Setting CVar [[r.ClearSceneMethod:1]]
12-30 13:53:54.840  8652  8669 D UE4     : [2018.12.30-18.53.54:840][  0]LogConfig: Setting CVar [[r.BasePassOutputsVelocity:0]]
12-30 13:53:54.840  8652  8669 D UE4     : [2018.12.30-18.53.54:840][  0]LogConfig: Setting CVar [[r.SelectiveBasePassOutputs:0]]
12-30 13:53:54.840  8652  8669 D UE4     : [2018.12.30-18.53.54:840][  0]LogConfig: Setting CVar [[r.AllowGlobalClipPlane:0]]
12-30 13:53:54.840  8652  8669 D UE4     : [2018.12.30-18.53.54:840][  0]LogConfig: Setting CVar [[r.GBufferFormat:1]]
12-30 13:53:54.840  8652  8669 D UE4     : [2018.12.30-18.53.54:840][  0]LogConfig: Setting CVar [[r.MorphTarget.Mode:1]]
12-30 13:53:54.840  8652  8669 D UE4     : [2018.12.30-18.53.54:840][  0]LogConfig: Setting CVar [[vr.InstancedStereo:0]]
12-30 13:53:54.840  8652  8669 D UE4     : [2018.12.30-18.53.54:840][  0]LogConfig: Setting CVar [[vr.MultiView:0]]
12-30 13:53:54.840  8652  8669 D UE4     : [2018.12.30-18.53.54:840][  0]LogConfig: Setting CVar [[vr.MobileMultiView:0]]
12-30 13:53:54.840  8652  8669 D UE4     : [2018.12.30-18.53.54:840][  0]LogConfig: Setting CVar [[vr.MobileMultiView.Direct:0]]
12-30 13:53:54.840  8652  8669 D UE4     : [2018.12.30-18.53.54:840][  0]LogConfig: Setting CVar [[vr.MonoscopicFarField:0]]
12-30 13:53:54.840  8652  8669 D UE4     : [2018.12.30-18.53.54:840][  0]LogConfig: Setting CVar [[r.WireframeCullThreshold:5.000000]]
12-30 13:53:54.841  8652  8669 D UE4     : [2018.12.30-18.53.54:840][  0]LogConfig: Setting CVar [[r.SupportStationarySkylight:1]]
12-30 13:53:54.841  8652  8669 D UE4     : [2018.12.30-18.53.54:841][  0]LogConfig: Setting CVar [[r.SupportLowQualityLightmaps:1]]
12-30 13:53:54.841  8652  8669 D UE4     : [2018.12.30-18.53.54:841][  0]LogConfig: Setting CVar [[r.SupportPointLightWholeSceneShadows:1]]
12-30 13:53:54.841  8652  8669 D UE4     : [2018.12.30-18.53.54:841][  0]LogConfig: Setting CVar [[r.SupportAtmosphericFog:1]]
12-30 13:53:54.841  8652  8669 D UE4     : [2018.12.30-18.53.54:841][  0]LogConfig: Setting CVar [[r.SkinCache.CompileShaders:0]]
12-30 13:53:54.841  8652  8669 D UE4     : [2018.12.30-18.53.54:841][  0]LogConfig: Setting CVar [[r.Mobile.EnableStaticAndCSMShadowReceivers:1]]
12-30 13:53:54.841  8652  8669 D UE4     : [2018.12.30-18.53.54:841][  0]LogConfig: Setting CVar [[r.Mobile.AllowDistanceFieldShadows:1]]
12-30 13:53:54.841  8652  8669 D UE4     : [2018.12.30-18.53.54:841][  0]LogConfig: Setting CVar [[r.Mobile.AllowMovableDirectionalLights:1]]
12-30 13:53:54.841  8652  8669 D UE4     : [2018.12.30-18.53.54:841][  0]LogConfig: Setting CVar [[r.MobileNumDynamicPointLights:4]]
12-30 13:53:54.841  8652  8669 D UE4     : [2018.12.30-18.53.54:841][  0]LogConfig: Setting CVar [[r.MobileDynamicPointLightsUseStaticBranch:1]]
12-30 13:53:54.841  8652  8669 D UE4     : [2018.12.30-18.53.54:841][  0]LogConfig: Setting CVar [[r.SkinCache.SceneMemoryLimitInMB:128.000000]]
12-30 13:53:54.841  8652  8669 D UE4     : [2018.12.30-18.53.54:841][  0]LogConfig: Setting CVar [[r.GPUSkin.Limit2BoneInfluences:0]]
12-30 13:53:54.841  8652  8669 D UE4     : [2018.12.30-18.53.54:841][  0]LogConfig: Setting CVar [[r.SupportDepthOnlyIndexBuffers:1]]
12-30 13:53:54.841  8652  8669 D UE4     : [2018.12.30-18.53.54:841][  0]LogConfig: Setting CVar [[r.SupportReversedIndexBuffers:1]]
12-30 13:53:54.841  8652  8669 D UE4     : [2018.12.30-18.53.54:841][  0]LogConfig: Applying CVar settings from Section [/Script/Engine.RendererOverrideSettings] File [../../../StackerGame/Saved/Config/Android/Engine.ini]
12-30 13:53:54.841  8652  8669 D UE4     : [2018.12.30-18.53.54:841][  0]LogConfig: Applying CVar settings from Section [/Script/Engine.StreamingSettings] File [../../../StackerGame/Saved/Config/Android/Engine.ini]
12-30 13:53:54.842  8652  8669 D UE4     : [2018.12.30-18.53.54:841][  0]LogConfig: Setting CVar [[s.MinBulkDataSizeForAsyncLoading:131072]]
12-30 13:53:54.842  8652  8669 D UE4     : [2018.12.30-18.53.54:842][  0]LogConfig: Setting CVar [[s.AsyncLoadingThreadEnabled:0]]
12-30 13:53:54.842  8652  8669 D UE4     : [2018.12.30-18.53.54:842][  0]LogConfig: Setting CVar [[s.EventDrivenLoaderEnabled:1]]
12-30 13:53:54.842  8652  8669 D UE4     : [2018.12.30-18.53.54:842][  0]LogConfig: Setting CVar [[s.WarnIfTimeLimitExceeded:0]]
12-30 13:53:54.842  8652  8669 D UE4     : [2018.12.30-18.53.54:842][  0]LogConfig: Setting CVar [[s.TimeLimitExceededMultiplier:1.5]]
12-30 13:53:54.842  8652  8669 D UE4     : [2018.12.30-18.53.54:842][  0]LogConfig: Setting CVar [[s.TimeLimitExceededMinTime:0.005]]
12-30 13:53:54.842  8652  8669 D UE4     : [2018.12.30-18.53.54:842][  0]LogConfig: Setting CVar [[s.UseBackgroundLevelStreaming:1]]
12-30 13:53:54.842  8652  8669 D UE4     : [2018.12.30-18.53.54:842][  0]LogConfig: Setting CVar [[s.PriorityAsyncLoadingExtraTime:15.0]]
12-30 13:53:54.842  8652  8669 D UE4     : [2018.12.30-18.53.54:842][  0]LogConfig: Setting CVar [[s.LevelStreamingActorsUpdateTimeLimit:5.0]]
12-30 13:53:54.842  8652  8669 D UE4     : [2018.12.30-18.53.54:842][  0]LogConfig: Setting CVar [[s.PriorityLevelStreamingActorsUpdateExtraTime:5.0]]
12-30 13:53:54.842  8652  8669 D UE4     : [2018.12.30-18.53.54:842][  0]LogConfig: Setting CVar [[s.LevelStreamingComponentsRegistrationGranularity:10]]
12-30 13:53:54.842  8652  8669 D UE4     : [2018.12.30-18.53.54:842][  0]LogConfig: Setting CVar [[s.UnregisterComponentsTimeLimit:1.0]]
12-30 13:53:54.842  8652  8669 D UE4     : [2018.12.30-18.53.54:842][  0]LogConfig: Setting CVar [[s.LevelStreamingComponentsUnregistrationGranularity:5]]
12-30 13:53:54.842  8652  8669 D UE4     : [2018.12.30-18.53.54:842][  0]LogConfig: Applying CVar settings from Section [/Script/Engine.GarbageCollectionSettings] File [../../../StackerGame/Saved/Config/Android/Engine.ini]
12-30 13:53:54.842  8652  8669 D UE4     : [2018.12.30-18.53.54:842][  0]LogConfig: Setting CVar [[gc.MaxObjectsNotConsideredByGC:1]]
12-30 13:53:54.842  8652  8669 D UE4     : [2018.12.30-18.53.54:842][  0]LogConfig: Setting CVar [[gc.SizeOfPermanentObjectPool:0]]
12-30 13:53:54.843  8652  8669 D UE4     : [2018.12.30-18.53.54:842][  0]LogConfig: Setting CVar [[gc.FlushStreamingOnGC:0]]
12-30 13:53:54.843  8652  8669 D UE4     : [2018.12.30-18.53.54:843][  0]LogConfig: Setting CVar [[gc.NumRetriesBeforeForcingGC:10]]
12-30 13:53:54.843  8652  8669 D UE4     : [2018.12.30-18.53.54:843][  0]LogConfig: Setting CVar [[gc.AllowParallelGC:1]]
12-30 13:53:54.843  8652  8669 D UE4     : [2018.12.30-18.53.54:843][  0]LogConfig: Setting CVar [[gc.TimeBetweenPurgingPendingKillObjects:61.1]]
12-30 13:53:54.843  8652  8669 D UE4     : [2018.12.30-18.53.54:843][  0]LogConfig: Setting CVar [[gc.MaxObjectsInEditor:8388607]]
12-30 13:53:54.843  8652  8669 D UE4     : [2018.12.30-18.53.54:843][  0]LogConfig: Setting CVar [[gc.IncrementalBeginDestroyEnabled:1]]
12-30 13:53:54.843  8652  8669 D UE4     : [2018.12.30-18.53.54:843][  0]LogConfig: Setting CVar [[gc.CreateGCClusters:1]]
12-30 13:53:54.843  8652  8669 D UE4     : [2018.12.30-18.53.54:843][  0]LogConfig: Setting CVar [[gc.MergeGCClusters:0]]
12-30 13:53:54.843  8652  8669 D UE4     : [2018.12.30-18.53.54:843][  0]LogConfig: Setting CVar [[gc.MinGCClusterSize:5]]
12-30 13:53:54.843  8652  8669 D UE4     : [2018.12.30-18.53.54:843][  0]LogConfig: Setting CVar [[gc.ActorClusteringEnabled:0]]
12-30 13:53:54.843  8652  8669 D UE4     : [2018.12.30-18.53.54:843][  0]LogConfig: Setting CVar [[gc.BlueprintClusteringEnabled:0]]
12-30 13:53:54.843  8652  8669 D UE4     : [2018.12.30-18.53.54:843][  0]LogConfig: Setting CVar [[gc.UseDisregardForGCOnDedicatedServers:0]]
12-30 13:53:54.843  8652  8669 D UE4     : [2018.12.30-18.53.54:843][  0]LogConfig: Setting CVar [[gc.MaxObjectsInGame:131072]]
12-30 13:53:54.843  8652  8669 D UE4     : [2018.12.30-18.53.54:843][  0]LogConfig: Applying CVar settings from Section [/Script/Engine.NetworkSettings] File [../../../StackerGame/Saved/Config/Android/Engine.ini]
12-30 13:53:54.844  8652  8669 D UE4     : [2018.12.30-18.53.54:844][  0]LogAndroid: Mobile HDR: no
12-30 13:53:54.844  8652  8669 D UE4     : [2018.12.30-18.53.54:844][  0]LogAndroid: Setting Width=720 and Height=1280 (requested scale = 1.000000)
12-30 13:53:54.844  8652  8669 D UE4     : [2018.12.30-18.53.54:844][  0]LogConfig: Applying CVar settings from Section [ViewDistanceQuality@3] File [../../../StackerGame/Saved/Config/Android/Scalability.ini]
12-30 13:53:54.844  8652  8669 D UE4     : [2018.12.30-18.53.54:844][  0]LogConfig: Setting CVar [[r.SkeletalMeshLODBias:0]]
12-30 13:53:54.844  8652  8669 D UE4     : [2018.12.30-18.53.54:844][  0]LogConfig: Setting CVar [[r.ViewDistanceScale:1.0]]
12-30 13:53:54.844  8652  8669 D UE4     : [2018.12.30-18.53.54:844][  0]LogConfig: Applying CVar settings from Section [AntiAliasingQuality@3] File [../../../StackerGame/Saved/Config/Android/Scalability.ini]
12-30 13:53:54.844  8652  8669 D UE4     : [2018.12.30-18.53.54:844][  0]LogConfig: Setting CVar [[r.PostProcessAAQuality:4]]
12-30 13:53:54.844  8652  8669 D UE4     : [2018.12.30-18.53.54:844][  0]LogConfig: Applying CVar settings from Section [ShadowQuality@3] File [../../../StackerGame/Saved/Config/Android/Scalability.ini]
12-30 13:53:54.845  8652  8669 D UE4     : [2018.12.30-18.53.54:844][  0]LogConfig: Setting CVar [[r.LightFunctionQuality:1]]
12-30 13:53:54.845  8652  8669 D UE4     : [2018.12.30-18.53.54:845][  0]LogConfig: Setting CVar [[r.ShadowQuality:5]]
12-30 13:53:54.845  8652  8669 D UE4     : [2018.12.30-18.53.54:845][  0]LogConfig: Setting CVar [[r.Shadow.CSM.MaxCascades:10]]
12-30 13:53:54.845  8652  8669 D UE4     : [2018.12.30-18.53.54:845][  0]LogConfig: Setting CVar [[r.Shadow.MaxResolution:2048]]
12-30 13:53:54.845  8652  8669 D UE4     : [2018.12.30-18.53.54:845][  0]LogConfig: Setting CVar [[r.Shadow.MaxCSMResolution:2048]]
12-30 13:53:54.845  8652  8669 D UE4     : [2018.12.30-18.53.54:845][  0]LogConfig: Setting CVar [[r.Shadow.RadiusThreshold:0.01]]
12-30 13:53:54.845  8652  8669 D UE4     : [2018.12.30-18.53.54:845][  0]LogConfig: Setting CVar [[r.Shadow.DistanceScale:1.0]]
12-30 13:53:54.845  8652  8669 D UE4     : [2018.12.30-18.53.54:845][  0]LogConfig: Setting CVar [[r.Shadow.CSM.TransitionScale:1.0]]
12-30 13:53:54.845  8652  8669 D UE4     : [2018.12.30-18.53.54:845][  0]LogConfig: Setting CVar [[r.Shadow.PreShadowResolutionFactor:1.0]]
12-30 13:53:54.845  8652  8669 D UE4     : [2018.12.30-18.53.54:845][  0]LogConfig: Setting CVar [[r.DistanceFieldShadowing:1]]
12-30 13:53:54.845  8652  8669 D UE4     : [2018.12.30-18.53.54:845][  0]LogConfig: Setting CVar [[r.DistanceFieldAO:1]]
12-30 13:53:54.845  8652  8669 D UE4     : [2018.12.30-18.53.54:845][  0]LogConfig: Setting CVar [[r.AOQuality:2]]
12-30 13:53:54.845  8652  8669 D UE4     : [2018.12.30-18.53.54:845][  0]LogConfig: Setting CVar [[r.VolumetricFog:1]]
12-30 13:53:54.845  8652  8669 D UE4     : [2018.12.30-18.53.54:845][  0]LogConfig: Setting CVar [[r.VolumetricFog.GridPixelSize:8]]
12-30 13:53:54.845  8652  8669 D UE4     : [2018.12.30-18.53.54:845][  0]LogConfig: Setting CVar [[r.VolumetricFog.GridSizeZ:128]]
12-30 13:53:54.845  8652  8669 D UE4     : [2018.12.30-18.53.54:845][  0]LogConfig: Setting CVar [[r.VolumetricFog.HistoryMissSupersampleCount:4]]
12-30 13:53:54.845  8652  8669 D UE4     : [2018.12.30-18.53.54:845][  0]LogConfig: Setting CVar [[r.LightMaxDrawDistanceScale:1]]
12-30 13:53:54.846  8652  8669 D UE4     : [2018.12.30-18.53.54:845][  0]LogConfig: Setting CVar [[r.CapsuleShadows:1]]
12-30 13:53:54.846  8652  8669 D UE4     : [2018.12.30-18.53.54:846][  0]LogConfig: Applying CVar settings from Section [PostProcessQuality@3] File [../../../StackerGame/Saved/Config/Android/Scalability.ini]
12-30 13:53:54.846  8652  8669 D UE4     : [2018.12.30-18.53.54:846][  0]LogConfig: Setting CVar [[r.MotionBlurQuality:4]]
12-30 13:53:54.846  8652  8669 D UE4     : [2018.12.30-18.53.54:846][  0]LogConfig: Setting CVar [[r.AmbientOcclusionMipLevelFactor:0.4]]
12-30 13:53:54.846  8652  8669 D UE4     : [2018.12.30-18.53.54:846][  0]LogConfig: Setting CVar [[r.AmbientOcclusionMaxQuality:100]]
12-30 13:53:54.846  8652  8669 D UE4     : [2018.12.30-18.53.54:846][  0]LogConfig: Setting CVar [[r.AmbientOcclusionLevels:-1]]
12-30 13:53:54.846  8652  8669 D UE4     : [2018.12.30-18.53.54:846][  0]LogConfig: Setting CVar [[r.AmbientOcclusionRadiusScale:1.0]]
12-30 13:53:54.846  8652  8669 D UE4     : [2018.12.30-18.53.54:846][  0]LogConfig: Setting CVar [[r.DepthOfFieldQuality:2]]
12-30 13:53:54.846  8652  8669 D UE4     : [2018.12.30-18.53.54:846][  0]LogConfig: Setting CVar [[r.RenderTargetPoolMin:400]]
12-30 13:53:54.846  8652  8669 D UE4     : [2018.12.30-18.53.54:846][  0]LogConfig: Setting CVar [[r.LensFlareQuality:2]]
12-30 13:53:54.846  8652  8669 D UE4     : [2018.12.30-18.53.54:846][  0]LogConfig: Setting CVar [[r.SceneColorFringeQuality:1]]
12-30 13:53:54.846  8652  8669 D UE4     : [2018.12.30-18.53.54:846][  0]LogConfig: Setting CVar [[r.EyeAdaptationQuality:2]]
