01-23 18:21:29.427  3755  6065 D SamsungAlarmManager: Cancel Alarm calling from uid:1001 pid :5021 / op:PendingIntent{f31ca4f: PendingIntentRecord{4292b20 com.android.phone broadcastIntent}}
01-23 18:21:29.428  5021  5021 D TelephonyExtension: Not stopping low battery tone
01-23 18:21:29.430  4621  4621 D BatteryMeterDrawable: isSomethingChanged - false
01-23 18:21:29.430  4621  4621 D BatteryMeterDrawable: isSomethingChanged - false
01-23 18:21:29.432  4621  4621 D KeyguardUpdateMonitor: handleBatteryUpdate
01-23 18:21:29.434  4621  4621 D Tile.FlashlightTile: ACTION_BATTERY_CHANGED - Level :: 93, emEnabled :: false
01-23 18:21:29.438  3755  5048 D AudioService: getStreamVolume 3 index 120
01-23 18:21:29.479  4621  4621 D KeyguardServiceBoxContainer: updateCMAS() hasCmasNotification = false, mHasCMAS = false
01-23 18:21:29.641  3755  7344 D AudioService: getStreamVolume 3 index 120
01-23 18:21:29.800  5679  5679 D io_stats: !@   8,0 r 220359 8100604 w 84041 2444468 d 13072 1525048 f 21170 21168 iot 173300 119632 th 61440 61440 52764 pt 40 inp 0 0 4606.834
01-23 18:21:29.844  3755  7363 D AudioService: getStreamVolume 3 index 120
01-23 18:21:30.021  3755  4415 D InputReader: Input event(3): value=1 when=4607055843000
01-23 18:21:30.021  3755  4415 D InputReader: Input event(3): value=1 when=4607055843000
01-23 18:21:30.021  3755  4415 I InputReader: Touch event's action is 0x0 (deviceType=0) [pCnt=1, s=0.290 ] when=4607055843000
01-23 18:21:30.022  3755  4414 I InputDispatcher: Delivering touch to (26863): action: 0x0, toolType: 1
01-23 18:21:30.023 26863 26881 V threaded_app: New input event: type=2
01-23 18:21:30.027 26863 26863 D ViewRootImpl@c266894[GameActivity]: ViewPostImeInputStage processPointer 0
01-23 18:21:30.030 26863 26863 W System  : ClassLoader referenced unknown path: /system/framework/QPerformance.jar
01-23 18:21:30.038 26863 26863 E BoostFramework: BoostFramework() : Exception_1 = java.lang.ClassNotFoundException: Didn't find class "com.qualcomm.qti.Performance" on path: DexPathList[[],nativeLibraryDirectories=[/system/lib, /vendor/lib]]
01-23 18:21:30.038 26863 26863 V BoostFramework: BoostFramework() : mPerf = null
01-23 18:21:30.047  3755  6281 D AudioService: getStreamVolume 3 index 120
01-23 18:21:30.049 26863 26880 D UE4     : [2019.01.23-23.21.30:048][213]LogSlate: FSceneViewport::OnFocusLost() reason 0
01-23 18:21:30.058 26863 26881 V threaded_app: New input event: type=2
01-23 18:21:30.073 26863 26881 V threaded_app: New input event: type=2
01-23 18:21:30.085  3755  4415 D InputReader: Input event(3): value=0 when=4607120562000
01-23 18:21:30.085  3755  4415 D InputReader: Input event(3): value=0 when=4607120562000
01-23 18:21:30.085  3755  4415 I InputReader: Touch event's action is 0x1 (deviceType=0) [pCnt=1, s=] when=4607120562000
01-23 18:21:30.086  3755  4414 I InputDispatcher: Delivering touch to (26863): action: 0x1, toolType: 1
01-23 18:21:30.086 26863 26881 V threaded_app: New input event: type=2
01-23 18:21:30.086 26863 26881 V threaded_app: New input event: type=2
01-23 18:21:30.088 26863 26863 D ViewRootImpl@c266894[GameActivity]: ViewPostImeInputStage processPointer 1
01-23 18:21:30.111 26863 26880 D UE4     : [2019.01.23-23.21.30:111][216]LogUMG: Display: Widget Class OptionsMenu_C - Loaded Fast Template.
01-23 18:21:30.124 26863 26880 D UE4     : [2019.01.23-23.21.30:124][216]LogSlate: Took 0.000613 seconds to synchronously load lazily loaded font '../../../Engine/Content/EngineFonts/Faces/RobotoBold.ufont' (160K)
01-23 18:21:30.250  3755  4448 D AudioService: getStreamVolume 3 index 120
01-23 18:21:30.452  3755  7347 D AudioService: getStreamVolume 3 index 120
01-23 18:21:30.654  3755  7360 D AudioService: getStreamVolume 3 index 120
01-23 18:21:30.691 26863 26983 I libOpenSLES: Emulating old channel mask behavior (ignoring positional mask 0x3, using default mask 0x3 based on channel count of 2)
01-23 18:21:30.692 26863 26983 W AudioTrack: AUDIO_OUTPUT_FLAG_FAST denied by client; transfer 1, track 44100 Hz, output 48000 Hz
01-23 18:21:30.692  3241  3496 I AudioFlinger: add dynamic flag, can move to deep thread, session 2865
01-23 18:21:30.693 26863 26983 D AudioTrack: Client defaulted notificationFrames to 1181 for frameCount 3544
01-23 18:21:30.694 26863 26983 I AudioTrack: This process already got info. FadeIn[0] FadeOut[0] FadeInRing[0]
01-23 18:21:30.694  3241  3241 W AudioPolicyIntefaceImpl: Skipped to add effects on session 2865
01-23 18:21:30.694  3241  3241 I APM_AudioPolicyManager: startOutput() output 21, stream 3, session 2865
01-23 18:21:30.723  3241  3486 I AudioMixer: create resampler src 44100, 2, dst 48000, 2, q 8
01-23 18:21:30.723  3241  3486 D SoundAliveResampler: [SoundAliveResampler] Init+++
01-23 18:21:30.858  3755  7344 D AudioService: getStreamVolume 3 index 120
01-23 18:21:30.872  3755  4459 D WifiStateMachine: Current network is: "wilkinson2.4" , ID is: 30
01-23 18:21:30.872  3755  4459 I WifiStateMachine: IMS calling, current network is always qualified
01-23 18:21:31.062  3755  6065 D AudioService: getStreamVolume 3 index 120
01-23 18:21:31.105 26863 27053 I AudioTrack: Skip ramp
01-23 18:21:31.168  3755  4415 D InputReader: Input event(7): value=1 when=4608203619000
01-23 18:21:31.177  3755  4415 D SamsungPhoneWindowManager: f.b. a = false hd = false eme = false ksno = false id = -1
01-23 18:21:31.177  3755  4415 V Vibrator: Called semVibrate(int, int, AudioAttributes, Mag) API - PUID: 1000, PackageName: android, token: android.os.Binder@b012913, type: 50026, repeat: -1, AudioAttr : null, Mag: TYPE_TOUCH
01-23 18:21:31.178  3755  4415 V VibratorService: vibratePatternMagnitude - package: android, repeat: -1, token: android.os.Binder@b012913, mag: 6500, def: 10000
01-23 18:21:31.178  3755  4415 D VibratorService: Turning vibrator off
01-23 18:21:31.185  3755  4414 I InputDispatcher: Delivering key to (26863): action: 0x0 (0)
01-23 18:21:31.186 26863 26881 V threaded_app: New input event: type=1
01-23 18:21:31.186  3755 27054 D VibratorService: vibratorOn() : 7ms, magnitude :6500, f : -1
01-23 18:21:31.187  8282  8282 W SemDesktopModeManager: isDesktopMode: Desktop Mode feature not available
01-23 18:21:31.188 26863 26881 V threaded_app: New input event: type=1
01-23 18:21:31.188 26863 26881 D UE4     : Received keycode: 4, softkey: 0
01-23 18:21:31.188 26863 26881 D UE4     : Received key event: 4
01-23 18:21:31.198 26863 26880 D UE4     : [2019.01.23-23.21.31:198][281]LogBlueprintUserMessages: [StackMap_C_4] test
01-23 18:21:31.198 26863 26880 D UE4     : [2019.01.23-23.21.31:198][281]LogBlueprintUserMessages: [StackMap_C_4] test2
01-23 18:21:31.199 26863 26880 D UE4     : [2019.01.23-23.21.31:199][281]LogBlueprintUserMessages: [StackMap_C_4] test4
01-23 18:21:31.200 26863 26880 D UE4     : [2019.01.23-23.21.31:199][281]LogScript: Warning: Accessed None trying to read property K2Node_DynamicCast_AsOptions_Menu
01-23 18:21:31.200 26863 26880 D UE4     : 	StackMap_C /Game/Maps/StackMap.StackMap:PersistentLevel.StackMap_C_4
01-23 18:21:31.200 26863 26880 D UE4     : 	Function /Game/Maps/StackMap.StackMap_C:ExecuteUbergraph_StackMap:027F
01-23 18:21:31.200 26863 26880 D UE4     : [2019.01.23-23.21.31:200][281]LogScript: Warning: Script call stack:
01-23 18:21:31.200 26863 26880 D UE4     : 	Function /Game/Maps/StackMap.StackMap_C:InpActEvt_Android_Back_K2Node_InputKeyEvent_0
01-23 18:21:31.200 26863 26880 D UE4     : 	Function /Game/Maps/StackMap.StackMap_C:ExecuteUbergraph_StackMap
01-23 18:21:31.200 26863 26880 D UE4     : 
01-23 18:21:31.205  3241  3373 I APM_AudioPolicyManager: stopOutput() output 21, stream 3, session 2865
01-23 18:21:31.208 26863 26983 I libOpenSLES: Emulating old channel mask behavior (ignoring positional mask 0x3, using default mask 0x3 based on channel count of 2)
01-23 18:21:31.211 26863 26983 W AudioTrack: AUDIO_OUTPUT_FLAG_FAST denied by client; transfer 1, track 44100 Hz, output 48000 Hz
01-23 18:21:31.212  3241  3241 I AudioFlinger: add dynamic flag, can move to deep thread, session 2873
01-23 18:21:31.215 26863 26983 D AudioTrack: Client defaulted notificationFrames to 1181 for frameCount 3544
01-23 18:21:31.215 26863 26983 I AudioTrack: This process already got info. FadeIn[0] FadeOut[0] FadeInRing[0]
01-23 18:21:31.216  3241  3810 W AudioPolicyIntefaceImpl: Skipped to add effects on session 2873
01-23 18:21:31.216  3241  3810 I APM_AudioPolicyManager: startOutput() output 21, stream 3, session 2873
01-23 18:21:31.245  3241  3486 I AudioMixer: create resampler src 44100, 2, dst 48000, 2, q 8
01-23 18:21:31.245  3241  3486 D SoundAliveResampler: [SoundAliveResampler] Init+++
01-23 18:21:31.266  3755  4444 D AudioService: getStreamVolume 3 index 120
01-23 18:21:31.313 26863 26983 I libOpenSLES: Emulating old channel mask behavior (ignoring positional mask 0x3, using default mask 0x3 based on channel count of 2)
01-23 18:21:31.314 26863 26983 W AudioTrack: AUDIO_OUTPUT_FLAG_FAST denied by client; transfer 1, track 44100 Hz, output 48000 Hz
01-23 18:21:31.314  3241  3496 I AudioFlinger: add dynamic flag, can move to deep thread, session 2881
01-23 18:21:31.316 26863 26983 D AudioTrack: Client defaulted notificationFrames to 1181 for frameCount 3544
01-23 18:21:31.317 26863 26983 I AudioTrack: This process already got info. FadeIn[0] FadeOut[0] FadeInRing[0]
01-23 18:21:31.318  3241  9518 W AudioPolicyIntefaceImpl: Skipped to add effects on session 2881
01-23 18:21:31.318  3241  9518 I APM_AudioPolicyManager: startOutput() output 21, stream 3, session 2881
01-23 18:21:31.347  3241  3486 I AudioMixer: create resampler src 44100, 2, dst 48000, 2, q 8
01-23 18:21:31.348  3241  3486 D SoundAliveResampler: [SoundAliveResampler] Init+++
01-23 18:21:31.387  3755  4415 D InputReader: Input event(7): value=0 when=4608422219000
01-23 18:21:31.390  3755  4414 I InputDispatcher: Delivering key to (26863): action: 0x1 (0)
01-23 18:21:31.391 26863 26881 V threaded_app: New input event: type=1
01-23 18:21:31.392 26863 26881 V threaded_app: New input event: type=1
01-23 18:21:31.393 26863 26881 D UE4     : Received keycode: 4, softkey: 0
01-23 18:21:31.393 26863 26881 D UE4     : Received key event: 4
01-23 18:21:31.393 26863 27055 I AudioTrack: Skip ramp
01-23 18:21:31.426 26863 26983 I libOpenSLES: Emulating old channel mask behavior (ignoring positional mask 0x3, using default mask 0x3 based on channel count of 2)
01-23 18:21:31.427 26863 26983 W AudioTrack: AUDIO_OUTPUT_FLAG_FAST denied by client; transfer 1, track 44100 Hz, output 48000 Hz
01-23 18:21:31.428  3241 11448 I AudioFlinger: add dynamic flag, can move to deep thread, session 2889
01-23 18:21:31.428 26863 26983 D AudioTrack: Client defaulted notificationFrames to 1181 for frameCount 3544
01-23 18:21:31.429 26863 26983 I AudioTrack: This process already got info. FadeIn[0] FadeOut[0] FadeInRing[0]
01-23 18:21:31.429  3241  3810 W AudioPolicyIntefaceImpl: Skipped to add effects on session 2889
01-23 18:21:31.429  3241  3810 I APM_AudioPolicyManager: startOutput() output 21, stream 3, session 2889
01-23 18:21:31.461  3241  3486 I AudioMixer: create resampler src 44100, 2, dst 48000, 2, q 8
01-23 18:21:31.462  3241  3486 D SoundAliveResampler: [SoundAliveResampler] Init+++
01-23 18:21:31.471  3755  7358 D AudioService: getStreamVolume 3 index 120
01-23 18:21:31.486  3241  3373 I APM_AudioPolicyManager: stopOutput() output 21, stream 3, session 2873
01-23 18:21:31.507 26863 27056 I AudioTrack: Skip ramp
01-23 18:21:31.540 26863 26983 I libOpenSLES: Emulating old channel mask behavior (ignoring positional mask 0x3, using default mask 0x3 based on channel count of 2)
01-23 18:21:31.540 26863 26983 W AudioTrack: AUDIO_OUTPUT_FLAG_FAST denied by client; transfer 1, track 44100 Hz, output 48000 Hz
01-23 18:21:31.541  3241 18202 I AudioFlinger: add dynamic flag, can move to deep thread, session 2897
01-23 18:21:31.541 26863 26983 D AudioTrack: Client defaulted notificationFrames to 1181 for frameCount 3544
01-23 18:21:31.542 26863 26983 I AudioTrack: This process already got info. FadeIn[0] FadeOut[0] FadeInRing[0]
01-23 18:21:31.542  3241  3241 W AudioPolicyIntefaceImpl: Skipped to add effects on session 2897
01-23 18:21:31.542  3241  3241 I APM_AudioPolicyManager: startOutput() output 21, stream 3, session 2897
01-23 18:21:31.577  3241  3486 I AudioMixer: create resampler src 44100, 2, dst 48000, 2, q 8
01-23 18:21:31.578  3241  3486 D SoundAliveResampler: [SoundAliveResampler] Init+++
01-23 18:21:31.607  3241  3373 I APM_AudioPolicyManager: stopOutput() output 21, stream 3, session 2881
01-23 18:21:31.610 26863 27057 I AudioTrack: Skip ramp
01-23 18:21:31.654  3755  4415 D InputReader: Input event(7): value=1 when=4608689742000
01-23 18:21:31.659 26863 26983 I libOpenSLES: Emulating old channel mask behavior (ignoring positional mask 0x3, using default mask 0x3 based on channel count of 2)
01-23 18:21:31.663 26863 26983 W AudioTrack: AUDIO_OUTPUT_FLAG_FAST denied by client; transfer 1, track 44100 Hz, output 48000 Hz
01-23 18:21:31.663  3241  3810 I AudioFlinger: add dynamic flag, can move to deep thread, session 2905
01-23 18:21:31.665 26863 26983 D AudioTrack: Client defaulted notificationFrames to 1181 for frameCount 3544
01-23 18:21:31.667 26863 26983 I AudioTrack: This process already got info. FadeIn[0] FadeOut[0] FadeInRing[0]
01-23 18:21:31.670  3241 18202 W AudioPolicyIntefaceImpl: Skipped to add effects on session 2905
01-23 18:21:31.670  3241 18202 I APM_AudioPolicyManager: startOutput() output 21, stream 3, session 2905
01-23 18:21:31.673  3755  4415 D SamsungPhoneWindowManager: f.b. a = false hd = false eme = false ksno = false id = -1
01-23 18:21:31.673  3755  4415 V Vibrator: Called semVibrate(int, int, AudioAttributes, Mag) API - PUID: 1000, PackageName: android, token: android.os.Binder@b012913, type: 50026, repeat: -1, AudioAttr : null, Mag: TYPE_TOUCH
01-23 18:21:31.673  3755  4415 V VibratorService: vibratePatternMagnitude - package: android, repeat: -1, token: android.os.Binder@b012913, mag: 6500, def: 10000
01-23 18:21:31.674  3755  4415 D VibratorService: Turning vibrator off
01-23 18:21:31.684  3755  7364 D AudioService: getStreamVolume 3 index 120
01-23 18:21:31.685  3755 27060 D VibratorService: vibratorOn() : 7ms, magnitude :6500, f : -1
01-23 18:21:31.689  3755  4414 I InputDispatcher: Delivering key to (26863): action: 0x0 (0)
01-23 18:21:31.689 26863 26881 V threaded_app: New input event: type=1
01-23 18:21:31.691  8282  8282 W SemDesktopModeManager: isDesktopMode: Desktop Mode feature not available
01-23 18:21:31.691 26863 26881 V threaded_app: New input event: type=1
01-23 18:21:31.692 26863 26881 D UE4     : Received keycode: 4, softkey: 0
01-23 18:21:31.692 26863 26881 D UE4     : Received key event: 4
01-23 18:21:31.708  3241  3373 I APM_AudioPolicyManager: stopOutput() output 21, stream 3, session 2889
01-23 18:21:31.708  3241  3486 I AudioMixer: create resampler src 44100, 2, dst 48000, 2, q 8
01-23 18:21:31.708  3241  3486 D SoundAliveResampler: [SoundAliveResampler] Init+++
01-23 18:21:31.710 26863 26880 D UE4     : [2019.01.23-23.21.31:710][312]LogBlueprintUserMessages: [StackMap_C_4] test
01-23 18:21:31.710 26863 26880 D UE4     : [2019.01.23-23.21.31:710][312]LogBlueprintUserMessages: [StackMap_C_4] test2
01-23 18:21:31.711 26863 26880 D UE4     : [2019.01.23-23.21.31:710][312]LogBlueprintUserMessages: [StackMap_C_4] test4
01-23 18:21:31.711 26863 26880 D UE4     : [2019.01.23-23.21.31:711][312]LogScript: Warning: Accessed None trying to read property K2Node_DynamicCast_AsOptions_Menu
01-23 18:21:31.711 26863 26880 D UE4     : 	StackMap_C /Game/Maps/StackMap.StackMap:PersistentLevel.StackMap_C_4
01-23 18:21:31.711 26863 26880 D UE4     : 	Function /Game/Maps/StackMap.StackMap_C:ExecuteUbergraph_StackMap:027F
01-23 18:21:31.711 26863 26880 D UE4     : [2019.01.23-23.21.31:711][312]LogScript: Warning: Script call stack:
01-23 18:21:31.711 26863 26880 D UE4     : 	Function /Game/Maps/StackMap.StackMap_C:InpActEvt_Android_Back_K2Node_InputKeyEvent_0
01-23 18:21:31.711 26863 26880 D UE4     : 	Function /Game/Maps/StackMap.StackMap_C:ExecuteUbergraph_StackMap
01-23 18:21:31.711 26863 26880 D UE4     : 
01-23 18:21:31.739  3755  4354 D SamsungAlarmManager: Expired : 8
01-23 18:21:31.740  3755  4354 I SamsungAlarmManager: setLocked to kernel - T:3 / 20190123T182137, SetElapsed=9281270, nowELAPSED=9275849
01-23 18:21:31.740  3755  4354 V SamsungAlarmManager: Sending to uid : 10059 action=null alarm=Alarm{bf165dc type 3 when 9275849 com.asurion.android.verizon.vms}
01-23 18:21:31.747  3755  4354 D CompatibilityInfo: mCompatibilityFlags - 0
01-23 18:21:31.747  3755  4354 D CompatibilityInfo: applicationDensity - 420
01-23 18:21:31.747  3755  4354 D CompatibilityInfo: applicationScale - 1.0
01-23 18:21:31.751  3755  4415 D InputReader: Input event(7): value=0 when=4608786606000
01-23 18:21:31.753 26863 27058 I AudioTrack: Skip ramp
01-23 18:21:31.755  3755  4414 I InputDispatcher: Delivering key to (26863): action: 0x1 (0)
01-23 18:21:31.756 26863 26881 V threaded_app: New input event: type=1
01-23 18:21:31.758 26863 26881 V threaded_app: New input event: type=1
01-23 18:21:31.758 26863 26881 D UE4     : Received keycode: 4, softkey: 0
01-23 18:21:31.758 26863 26881 D UE4     : Received key event: 4
01-23 18:21:31.765  3755  6281 D SamsungAlarmManager: setExact Intent (T:3/F:5/AC:false) 20190123T182136 - CU:10059/CP:6576
01-23 18:21:31.766  3755  6281 I SamsungAlarmManager: setLocked to kernel - T:3 / 20190123T182136, SetElapsed=9280869, nowELAPSED=9275875
01-23 18:21:31.851  3241  3373 I APM_AudioPolicyManager: stopOutput() output 21, stream 3, session 2897
01-23 18:21:31.871 26863 27059 I AudioTrack: Skip ramp
01-23 18:21:31.887  3755  7362 D AudioService: getStreamVolume 3 index 120
01-23 18:21:31.897  3755  4415 D InputReader: Input event(7): value=1 when=4608932583000
01-23 18:21:31.899  3755  4415 D SamsungPhoneWindowManager: f.b. a = false hd = false eme = false ksno = false id = -1
01-23 18:21:31.899  3755  4415 V Vibrator: Called semVibrate(int, int, AudioAttributes, Mag) API - PUID: 1000, PackageName: android, token: android.os.Binder@b012913, type: 50026, repeat: -1, AudioAttr : null, Mag: TYPE_TOUCH
01-23 18:21:31.899  3755  4415 V VibratorService: vibratePatternMagnitude - package: android, repeat: -1, token: android.os.Binder@b012913, mag: 6500, def: 10000
01-23 18:21:31.899  3755  4415 D VibratorService: Turning vibrator off
01-23 18:21:31.902  3755 27064 D VibratorService: vibratorOn() : 7ms, magnitude :6500, f : -1
01-23 18:21:31.904  3755  4414 I InputDispatcher: Delivering key to (26863): action: 0x0 (0)
01-23 18:21:31.905 26863 26881 V threaded_app: New input event: type=1
01-23 18:21:31.907  8282  8282 W SemDesktopModeManager: isDesktopMode: Desktop Mode feature not available
01-23 18:21:31.908 26863 26881 V threaded_app: New input event: type=1
01-23 18:21:31.908 26863 26881 D UE4     : Received keycode: 4, softkey: 0
01-23 18:21:31.908 26863 26881 D UE4     : Received key event: 4
01-23 18:21:31.923 26863 26880 D UE4     : [2019.01.23-23.21.31:923][325]LogBlueprintUserMessages: [StackMap_C_4] test
01-23 18:21:31.923 26863 26880 D UE4     : [2019.01.23-23.21.31:923][325]LogBlueprintUserMessages: [StackMap_C_4] test2
01-23 18:21:31.923 26863 26880 D UE4     : [2019.01.23-23.21.31:923][325]LogBlueprintUserMessages: [StackMap_C_4] test4
01-23 18:21:31.924 26863 26880 D UE4     : [2019.01.23-23.21.31:923][325]LogScript: Warning: Accessed None trying to read property K2Node_DynamicCast_AsOptions_Menu
01-23 18:21:31.924 26863 26880 D UE4     : 	StackMap_C /Game/Maps/StackMap.StackMap:PersistentLevel.StackMap_C_4
01-23 18:21:31.924 26863 26880 D UE4     : 	Function /Game/Maps/StackMap.StackMap_C:ExecuteUbergraph_StackMap:027F
01-23 18:21:31.924 26863 26880 D UE4     : [2019.01.23-23.21.31:924][325]LogScript: Warning: Script call stack:
01-23 18:21:31.924 26863 26880 D UE4     : 	Function /Game/Maps/StackMap.StackMap_C:InpActEvt_Android_Back_K2Node_InputKeyEvent_0
01-23 18:21:31.924 26863 26880 D UE4     : 	Function /Game/Maps/StackMap.StackMap_C:ExecuteUbergraph_StackMap
01-23 18:21:31.924 26863 26880 D UE4     : 
01-23 18:21:31.970  3755  4415 D InputReader: Input event(7): value=0 when=4609005226000
01-23 18:21:31.971  3241  3373 I APM_AudioPolicyManager: stopOutput() output 21, stream 3, session 2905
01-23 18:21:31.973  3755  4414 I InputDispatcher: Delivering key to (26863): action: 0x1 (0)
01-23 18:21:31.973 26863 26881 V threaded_app: New input event: type=1
01-23 18:21:31.973 26863 26881 V threaded_app: New input event: type=1
01-23 18:21:31.974 26863 26881 D UE4     : Received keycode: 4, softkey: 0
01-23 18:21:31.974 26863 26881 D UE4     : Received key event: 4
01-23 18:21:32.089  3755  4498 D AudioService: getStreamVolume 3 index 120
01-23 18:21:32.091  3755  4415 D InputReader: Input event(7): value=1 when=4609126693000
01-23 18:21:32.093  3755  4415 D SamsungPhoneWindowManager: f.b. a = false hd = false eme = false ksno = false id = -1
01-23 18:21:32.093  3755  4415 V Vibrator: Called semVibrate(int, int, AudioAttributes, Mag) API - PUID: 1000, PackageName: android, token: android.os.Binder@b012913, type: 50026, repeat: -1, AudioAttr : null, Mag: TYPE_TOUCH
01-23 18:21:32.094  3755  4415 V VibratorService: vibratePatternMagnitude - package: android, repeat: -1, token: android.os.Binder@b012913, mag: 6500, def: 10000
01-23 18:21:32.094  3755  4415 D VibratorService: Turning vibrator off
01-23 18:21:32.098  3755 27065 D VibratorService: vibratorOn() : 7ms, magnitude :6500, f : -1
01-23 18:21:32.100  3755  4414 I InputDispatcher: Delivering key to (26863): action: 0x0 (0)
01-23 18:21:32.101 26863 26881 V threaded_app: New input event: type=1
01-23 18:21:32.102  8282  8282 W SemDesktopModeManager: isDesktopMode: Desktop Mode feature not available
01-23 18:21:32.103 26863 26881 V threaded_app: New input event: type=1
01-23 18:21:32.103 26863 26881 D UE4     : Received keycode: 4, softkey: 0
01-23 18:21:32.103 26863 26881 D UE4     : Received key event: 4
01-23 18:21:32.120 26863 26880 D UE4     : [2019.01.23-23.21.32:120][337]LogBlueprintUserMessages: [StackMap_C_4] test
01-23 18:21:32.120 26863 26880 D UE4     : [2019.01.23-23.21.32:120][337]LogBlueprintUserMessages: [StackMap_C_4] test2
01-23 18:21:32.120 26863 26880 D UE4     : [2019.01.23-23.21.32:120][337]LogBlueprintUserMessages: [StackMap_C_4] test4
01-23 18:21:32.120 26863 26880 D UE4     : [2019.01.23-23.21.32:120][337]LogScript: Warning: Accessed None trying to read property K2Node_DynamicCast_AsOptions_Menu
01-23 18:21:32.121 26863 26880 D UE4     : 	StackMap_C /Game/Maps/StackMap.StackMap:PersistentLevel.StackMap_C_4
01-23 18:21:32.121 26863 26880 D UE4     : 	Function /Game/Maps/StackMap.StackMap_C:ExecuteUbergraph_StackMap:027F
01-23 18:21:32.121 26863 26880 D UE4     : [2019.01.23-23.21.32:121][337]LogScript: Warning: Script call stack:
01-23 18:21:32.121 26863 26880 D UE4     : 	Function /Game/Maps/StackMap.StackMap_C:InpActEvt_Android_Back_K2Node_InputKeyEvent_0
01-23 18:21:32.121 26863 26880 D UE4     : 	Function /Game/Maps/StackMap.StackMap_C:ExecuteUbergraph_StackMap
01-23 18:21:32.121 26863 26880 D UE4     : 
01-23 18:21:32.164  3755  4415 D InputReader: Input event(7): value=0 when=4609199225000
01-23 18:21:32.168  3755  4414 I InputDispatcher: Delivering key to (26863): action: 0x1 (0)
01-23 18:21:32.168 26863 26881 V threaded_app: New input event: type=1
01-23 18:21:32.169 26863 26881 V threaded_app: New input event: type=1
01-23 18:21:32.169 26863 26881 D UE4     : Received keycode: 4, softkey: 0
01-23 18:21:32.169 26863 26881 D UE4     : Received key event: 4
01-23 18:21:32.290  3755  5085 D AudioService: getStreamVolume 3 index 120
01-23 18:21:32.310  3755  4415 D InputReader: Input event(7): value=1 when=4609345222000
01-23 18:21:32.312  3755  4415 D SamsungPhoneWindowManager: f.b. a = false hd = false eme = false ksno = false id = -1
01-23 18:21:32.313  3755  4415 V Vibrator: Called semVibrate(int, int, AudioAttributes, Mag) API - PUID: 1000, PackageName: android, token: android.os.Binder@b012913, type: 50026, repeat: -1, AudioAttr : null, Mag: TYPE_TOUCH
01-23 18:21:32.313  3755  4415 V VibratorService: vibratePatternMagnitude - package: android, repeat: -1, token: android.os.Binder@b012913, mag: 6500, def: 10000
01-23 18:21:32.313  3755  4415 D VibratorService: Turning vibrator off
01-23 18:21:32.316  3755 27066 D VibratorService: vibratorOn() : 7ms, magnitude :6500, f : -1
01-23 18:21:32.319 26863 26881 V threaded_app: New input event: type=1
01-23 18:21:32.320  3755  4414 I InputDispatcher: Delivering key to (26863): action: 0x0 (0)
01-23 18:21:32.321  8282  8282 W SemDesktopModeManager: isDesktopMode: Desktop Mode feature not available
01-23 18:21:32.323 26863 26881 V threaded_app: New input event: type=1
01-23 18:21:32.323 26863 26881 D UE4     : Received keycode: 4, softkey: 0
01-23 18:21:32.324 26863 26881 D UE4     : Received key event: 4
01-23 18:21:32.340 26863 26880 D UE4     : [2019.01.23-23.21.32:339][350]LogBlueprintUserMessages: [StackMap_C_4] test
01-23 18:21:32.340 26863 26880 D UE4     : [2019.01.23-23.21.32:340][350]LogBlueprintUserMessages: [StackMap_C_4] test2
01-23 18:21:32.340 26863 26880 D UE4     : [2019.01.23-23.21.32:340][350]LogBlueprintUserMessages: [StackMap_C_4] test4
01-23 18:21:32.340 26863 26880 D UE4     : [2019.01.23-23.21.32:340][350]LogScript: Warning: Accessed None trying to read property K2Node_DynamicCast_AsOptions_Menu
01-23 18:21:32.340 26863 26880 D UE4     : 	StackMap_C /Game/Maps/StackMap.StackMap:PersistentLevel.StackMap_C_4
01-23 18:21:32.340 26863 26880 D UE4     : 	Function /Game/Maps/StackMap.StackMap_C:ExecuteUbergraph_StackMap:027F
01-23 18:21:32.340 26863 26880 D UE4     : [2019.01.23-23.21.32:340][350]LogScript: Warning: Script call stack:
01-23 18:21:32.340 26863 26880 D UE4     : 	Function /Game/Maps/StackMap.StackMap_C:InpActEvt_Android_Back_K2Node_InputKeyEvent_0
01-23 18:21:32.340 26863 26880 D UE4     : 	Function /Game/Maps/StackMap.StackMap_C:ExecuteUbergraph_StackMap
01-23 18:21:32.340 26863 26880 D UE4     : 
01-23 18:21:32.358  3755  4415 D InputReader: Input event(7): value=0 when=4609393785000
01-23 18:21:32.362  3755  4414 I InputDispatcher: Delivering key to (26863): action: 0x1 (0)
01-23 18:21:32.363 26863 26881 V threaded_app: New input event: type=1
01-23 18:21:32.363 26863 26881 V threaded_app: New input event: type=1
01-23 18:21:32.363 26863 26881 D UE4     : Received keycode: 4, softkey: 0
01-23 18:21:32.364 26863 26881 D UE4     : Received key event: 4
01-23 18:21:32.492  3755  7363 D AudioService: getStreamVolume 3 index 120
01-23 18:21:32.529  3755  4415 D InputReader: Input event(7): value=1 when=4609563898000
01-23 18:21:32.532  3755  4415 D SamsungPhoneWindowManager: f.b. a = false hd = false eme = false ksno = false id = -1
01-23 18:21:32.533  3755  4415 V Vibrator: Called semVibrate(int, int, AudioAttributes, Mag) API - PUID: 1000, PackageName: android, token: android.os.Binder@b012913, type: 50026, repeat: -1, AudioAttr : null, Mag: TYPE_TOUCH
01-23 18:21:32.533  3755  4415 V VibratorService: vibratePatternMagnitude - package: android, repeat: -1, token: android.os.Binder@b012913, mag: 6500, def: 10000
01-23 18:21:32.533  3755  4415 D VibratorService: Turning vibrator off
01-23 18:21:32.536  3755 27067 D VibratorService: vibratorOn() : 7ms, magnitude :6500, f : -1
01-23 18:21:32.541  3755  4414 I InputDispatcher: Delivering key to (26863): action: 0x0 (0)
01-23 18:21:32.542 26863 26881 V threaded_app: New input event: type=1
01-23 18:21:32.546  8282  8282 W SemDesktopModeManager: isDesktopMode: Desktop Mode feature not available
01-23 18:21:32.547 26863 26881 V threaded_app: New input event: type=1
01-23 18:21:32.547 26863 26881 D UE4     : Received keycode: 4, softkey: 0
01-23 18:21:32.547 26863 26881 D UE4     : Received key event: 4
01-23 18:21:32.554 26863 26880 D UE4     : [2019.01.23-23.21.32:554][363]LogBlueprintUserMessages: [StackMap_C_4] test
01-23 18:21:32.554 26863 26880 D UE4     : [2019.01.23-23.21.32:554][363]LogBlueprintUserMessages: [StackMap_C_4] test2
01-23 18:21:32.555 26863 26880 D UE4     : [2019.01.23-23.21.32:555][363]LogBlueprintUserMessages: [StackMap_C_4] test4
01-23 18:21:32.555 26863 26880 D UE4     : [2019.01.23-23.21.32:555][363]LogScript: Warning: Accessed None trying to read property K2Node_DynamicCast_AsOptions_Menu
01-23 18:21:32.555 26863 26880 D UE4     : 	StackMap_C /Game/Maps/StackMap.StackMap:PersistentLevel.StackMap_C_4
01-23 18:21:32.555 26863 26880 D UE4     : 	Function /Game/Maps/StackMap.StackMap_C:ExecuteUbergraph_StackMap:027F
01-23 18:21:32.555 26863 26880 D UE4     : [2019.01.23-23.21.32:555][363]LogScript: Warning: Script call stack:
01-23 18:21:32.555 26863 26880 D UE4     : 	Function /Game/Maps/StackMap.StackMap_C:InpActEvt_Android_Back_K2Node_InputKeyEvent_0
01-23 18:21:32.555 26863 26880 D UE4     : 	Function /Game/Maps/StackMap.StackMap_C:ExecuteUbergraph_StackMap
01-23 18:21:32.555 26863 26880 D UE4     : 
01-23 18:21:32.577  3755  4415 D InputReader: Input event(7): value=0 when=4609612126000
01-23 18:21:32.580  3755  4414 I InputDispatcher: Delivering key to (26863): action: 0x1 (0)
01-23 18:21:32.580 26863 26881 V threaded_app: New input event: type=1
01-23 18:21:32.581 26863 26881 V threaded_app: New input event: type=1
01-23 18:21:32.581 26863 26881 D UE4     : Received keycode: 4, softkey: 0
01-23 18:21:32.581 26863 26881 D UE4     : Received key event: 4
01-23 18:21:32.694  3755  7343 D AudioService: getStreamVolume 3 index 120
01-23 18:21:32.897  3755  6281 D AudioService: getStreamVolume 3 index 120
01-23 18:21:33.099  3755  5048 D AudioService: getStreamVolume 3 index 120
01-23 18:21:33.301  3755  6080 D AudioService: getStreamVolume 3 index 120
01-23 18:21:33.504  3755  5085 D AudioService: getStreamVolume 3 index 120
01-23 18:21:33.705  3755  7357 D AudioService: getStreamVolume 3 index 120
01-23 18:21:33.882  3755  4459 D WifiStateMachine: Current network is: "wilkinson2.4" , ID is: 30
01-23 18:21:33.882  3755  4459 I WifiStateMachine: IMS calling, current network is always qualified
01-23 18:21:33.908  3755  3767 D AudioService: getStreamVolume 3 index 120
01-23 18:21:34.111  3755  7396 D AudioService: getStreamVolume 3 index 120
01-23 18:21:34.314  3755  4453 D AudioService: getStreamVolume 3 index 120
01-23 18:21:34.517  3755  7362 D AudioService: getStreamVolume 3 index 120
01-23 18:21:34.718  3755  7347 D AudioService: getStreamVolume 3 index 120
01-23 18:21:34.803  5679  5679 D io_stats: !@   8,0 r 220359 8100604 w 84080 2444824 d 13076 1525072 f 21195 21193 iot 173390 119644 th 61440 61440 52764 pt 40 inp 0 0 4611.838
01-23 18:21:34.921  3755  7358 D AudioService: getStreamVolume 3 index 120
01-23 18:21:35.124  3755  7357 D AudioService: getStreamVolume 3 index 120
01-23 18:21:35.326  3755  7364 D AudioService: getStreamVolume 3 index 120
01-23 18:21:35.528  3755  4453 D AudioService: getStreamVolume 3 index 120
01-23 18:21:35.643  3755  4415 D InputReader: Input event(7): value=1 when=4612678082000
01-23 18:21:35.652  3755  4415 D SamsungPhoneWindowManager: f.b. a = false hd = false eme = false ksno = false id = -1
01-23 18:21:35.652  3755  4415 V Vibrator: Called semVibrate(int, int, AudioAttributes, Mag) API - PUID: 1000, PackageName: android, token: android.os.Binder@b012913, type: 50026, repeat: -1, AudioAttr : null, Mag: TYPE_TOUCH
01-23 18:21:35.653  3755  4415 V VibratorService: vibratePatternMagnitude - package: android, repeat: -1, token: android.os.Binder@b012913, mag: 6500, def: 10000
01-23 18:21:35.653  3755  4415 D VibratorService: Turning vibrator off
01-23 18:21:35.659  3755 27074 D VibratorService: vibratorOn() : 7ms, magnitude :6500, f : -1
01-23 18:21:35.660  3755  4414 I InputDispatcher: Delivering key to (26863): action: 0x0 (0)
01-23 18:21:35.662 26863 26881 V threaded_app: New input event: type=1
01-23 18:21:35.663  8282  8282 W SemDesktopModeManager: isDesktopMode: Desktop Mode feature not available
01-23 18:21:35.665 26863 26881 V threaded_app: New input event: type=1
01-23 18:21:35.665 26863 26881 D UE4     : Received keycode: 4, softkey: 0
01-23 18:21:35.665 26863 26881 D UE4     : Received key event: 4
01-23 18:21:35.676 26863 26880 D UE4     : [2019.01.23-23.21.35:676][550]LogBlueprintUserMessages: [StackMap_C_4] test
01-23 18:21:35.677 26863 26880 D UE4     : [2019.01.23-23.21.35:677][550]LogBlueprintUserMessages: [StackMap_C_4] test2
01-23 18:21:35.677 26863 26880 D UE4     : [2019.01.23-23.21.35:677][550]LogBlueprintUserMessages: [StackMap_C_4] test4
01-23 18:21:35.677 26863 26880 D UE4     : [2019.01.23-23.21.35:677][550]LogScript: Warning: Accessed None trying to read property K2Node_DynamicCast_AsOptions_Menu
01-23 18:21:35.677 26863 26880 D UE4     : 	StackMap_C /Game/Maps/StackMap.StackMap:PersistentLevel.StackMap_C_4
01-23 18:21:35.677 26863 26880 D UE4     : 	Function /Game/Maps/StackMap.StackMap_C:ExecuteUbergraph_StackMap:027F
01-23 18:21:35.677 26863 26880 D UE4     : [2019.01.23-23.21.35:677][550]LogScript: Warning: Script call stack:
01-23 18:21:35.677 26863 26880 D UE4     : 	Function /Game/Maps/StackMap.StackMap_C:InpActEvt_Android_Back_K2Node_InputKeyEvent_0
01-23 18:21:35.677 26863 26880 D UE4     : 	Function /Game/Maps/StackMap.StackMap_C:ExecuteUbergraph_StackMap
01-23 18:21:35.677 26863 26880 D UE4     : 
01-23 18:21:35.726  3755  3755 D TelephonyManager: getCellLocation : Caller (PID / UID / TID): 3755 / 1000 / 3755
01-23 18:21:35.734  4621  4806 D NetworkController.MobileSignalController(0/1): onSignalStrengthsChanged signalStrength=SignalStrength: 99 99 -120 -160 -120 -1 -1 18 -107 -12 8 2147483647 2147483647 0x3000 gsm|lte level=3
01-23 18:21:35.735  4621  4806 D NetworkController.MobileSignalController(0/1): getMobileIconGroup(): 13
01-23 18:21:35.735  4621  4806 D NetworkController.MobileSignalController(0/1): updateVZWMobileIconGroup(): 13
01-23 18:21:35.740  3755  6080 D AudioService: getStreamVolume 3 index 120
01-23 18:21:35.740  5032  5668 D EPDG -- [SMARTWIFI]: onSignalStrengthsChanged: Received signal strength change, phone type is: 2
01-23 18:21:35.740  5032  6400 D EPDG -- [SMARTWIFI]: lastLteRSRP is -103currentLteRSRP is -107
01-23 18:21:35.740  5032  6400 D EPDG -- [SMARTWIFI]: lastLteRSRQ is -12currentLteRSRQ is -12
01-23 18:21:35.740  5032  6400 D EPDG -- [SMARTWIFI]: lastCdmaDb is -16currentCdmaDb is -16
01-23 18:21:35.740  5032  6400 V EPDG -- [SMARTWIFI]: Radio oldest entry removed
01-23 18:21:35.741  5032  6400 V EPDG -- [SMARTWIFI]: New entry : (SignalStrength: 99 99 -120 -160 -120 -1 -1 18 -107 -12 8 2147483647 2147483647 0x3000 gsm|lte : 0 )
01-23 18:21:35.741  5032  6400 V EPDG -- [SMARTWIFI]: Radio entry added
01-23 18:21:35.747  4621  4806 D NetworkController.MobileSignalController(0/1): callState:0, callStateByPhone:false voLTECall:false voiceNetTpe:13 dataNetType:13, ine911:false, emergencyCallbackMode:false
01-23 18:21:35.764  3755  4415 D InputReader: Input event(7): value=0 when=4612799189000
01-23 18:21:35.767  3755  4414 I InputDispatcher: Delivering key to (26863): action: 0x1 (0)
01-23 18:21:35.768 26863 26881 V threaded_app: New input event: type=1
01-23 18:21:35.768 26863 26881 V threaded_app: New input event: type=1
01-23 18:21:35.768 26863 26881 D UE4     : Received keycode: 4, softkey: 0
01-23 18:21:35.768 26863 26881 D UE4     : Received key event: 4
01-23 18:21:35.941  3755  5085 D AudioService: getStreamVolume 3 index 120
01-23 18:21:36.145  3755  7358 D AudioService: getStreamVolume 3 index 120
01-23 18:21:36.345 26395 26522 D ClClient: Not sending keepalive.  Current connection state=STOPPED
01-23 18:21:36.347  3755  7343 D AudioService: getStreamVolume 3 index 120
01-23 18:21:36.553  3755  6281 D AudioService: getStreamVolume 3 index 120
01-23 18:21:36.748  3755  9977 D SSRM:t  : SIOP:: AP = 410, PST = 350 (W:10), CP = 261, CUR = 611, LCD = 154
01-23 18:21:36.750  3755  9977 D ConnectivityService: filterNetworkStateForUid() uid: 1000 networkInfo: [type: WIFI[] - WIFI, state: CONNECTED/CONNECTED, reason: (unspecified), extra: "wilkinson2.4", failover: false, available: true, roaming: false, metered: false]
01-23 18:21:36.755  3755  4453 D AudioService: getStreamVolume 3 index 120
01-23 18:21:36.759  3755  4354 D SamsungAlarmManager: Expired : 8
01-23 18:21:36.760  3755  4354 I SamsungAlarmManager: setLocked to kernel - T:3 / 20190123T182137, SetElapsed=9281270, nowELAPSED=9280869
01-23 18:21:36.760  3755  4354 V SamsungAlarmManager: Sending to uid : 10059 action=null alarm=Alarm{e5d35ba type 3 when 9280869 com.asurion.android.verizon.vms}
01-23 18:21:36.767  3755  4354 I ActivityManager: Killing 26344:com.android.externalstorage/u0a10 (adj 906): DHA:empty #31
01-23 18:21:36.770  3755  4354 D CompatibilityInfo: mCompatibilityFlags - 0
01-23 18:21:36.770  3755  4354 D CompatibilityInfo: applicationDensity - 420
01-23 18:21:36.770  3755  4354 D CompatibilityInfo: applicationScale - 1.0
01-23 18:21:36.791  3755  7395 D ActivityManager: cleanUpApplicationRecord -- 26344
01-23 18:21:36.793  5967  8175 D ForegroundUtils: could not check pending caller
01-23 18:21:36.802  3755  6081 D SamsungAlarmManager: setExact Intent (T:3/F:5/AC:false) 20190123T182141 - CU:10059/CP:6576
01-23 18:21:36.892  3755  4459 D WifiStateMachine: Current network is: "wilkinson2.4" , ID is: 30
01-23 18:21:36.892  3755  4459 I WifiStateMachine: IMS calling, current network is always qualified
01-23 18:21:36.957  3755  7344 D AudioService: getStreamVolume 3 index 120
01-23 18:21:36.964  3755  4415 D InputReader: Input event(3): value=1 when=4613999465000
01-23 18:21:36.964  3755  4415 D InputReader: Input event(3): value=1 when=4613999465000
01-23 18:21:36.964  3755  4415 I InputReader: Touch event's action is 0x0 (deviceType=0) [pCnt=1, s=0.291 ] when=4613999465000
01-23 18:21:36.965  3755  4414 I InputDispatcher: Delivering touch to (26863): action: 0x0, toolType: 1
01-23 18:21:36.966 26863 26881 V threaded_app: New input event: type=2
01-23 18:21:36.970 26863 26863 D ViewRootImpl@c266894[GameActivity]: ViewPostImeInputStage processPointer 0
01-23 18:21:36.983 26863 26881 V threaded_app: New input event: type=2
01-23 18:21:37.001 26863 26881 V threaded_app: New input event: type=2
01-23 18:21:37.018  3755  4415 D InputReader: Input event(3): value=0 when=4614053367000
01-23 18:21:37.018  3755  4415 D InputReader: Input event(3): value=0 when=4614053367000
01-23 18:21:37.018  3755  4415 I InputReader: Touch event's action is 0x1 (deviceType=0) [pCnt=1, s=] when=4614053367000
01-23 18:21:37.018 26863 26881 V threaded_app: New input event: type=2
01-23 18:21:37.018  3755  4414 I InputDispatcher: Delivering touch to (26863): action: 0x1, toolType: 1
01-23 18:21:37.019 26863 26881 V threaded_app: New input event: type=2
01-23 18:21:37.021 26863 26863 D ViewRootImpl@c266894[GameActivity]: ViewPostImeInputStage processPointer 1
01-23 18:21:37.031 26863 26983 I libOpenSLES: Emulating old channel mask behavior (ignoring positional mask 0x3, using default mask 0x3 based on channel count of 2)
01-23 18:21:37.032 26863 26983 W AudioTrack: AUDIO_OUTPUT_FLAG_FAST denied by client; transfer 1, track 44100 Hz, output 48000 Hz
01-23 18:21:37.035  3241  3810 I AudioFlinger: add dynamic flag, can move to deep thread, session 2913
01-23 18:21:37.035 26863 26983 D AudioTrack: Client defaulted notificationFrames to 1181 for frameCount 3544
01-23 18:21:37.036 26863 26983 I AudioTrack: This process already got info. FadeIn[0] FadeOut[0] FadeInRing[0]
01-23 18:21:37.037  3241 11448 W AudioPolicyIntefaceImpl: Skipped to add effects on session 2913
01-23 18:21:37.037  3241 11448 I APM_AudioPolicyManager: startOutput() output 21, stream 3, session 2913
01-23 18:21:37.037 26863 27082 I AudioTrack: Skip ramp
01-23 18:21:37.051  3241  3486 I AudioMixer: create resampler src 44100, 2, dst 48000, 2, q 8
01-23 18:21:37.051  3241  3486 D SoundAliveResampler: [SoundAliveResampler] Init+++
01-23 18:21:37.160  3755  7364 D AudioService: getStreamVolume 3 index 120
01-23 18:21:37.160  3755  4354 D SamsungAlarmManager: Expired : 8
01-23 18:21:37.165  3755  4354 D SamsungAlarmManager: setInexact Intent (T:3/F:0/AC:false) 20190123T182423 - CU:1000/CP:3755
01-23 18:21:37.166  3755  4354 I SamsungAlarmManager: setLocked to kernel - T:3 / 20190123T182141, SetElapsed=9285898, nowELAPSED=9281276
01-23 18:21:37.169  3755  4354 V SamsungAlarmManager: Sending to uid : 10032 action=com.samsung.android.app.shealth.tracker.pedometer.PedometerService.HBA alarm=Alarm{e1d03c8 type 3 when 9267447 com.sec.android.app.shealth}
01-23 18:21:37.171  3241  3373 I APM_AudioPolicyManager: stopOutput() output 21, stream 3, session 2913
01-23 18:21:37.178  3755  4354 V SamsungAlarmManager: Sending to uid : 1001 action=com.android.internal.telephony.data-stall alarm=Alarm{e31bc61 type 3 when 9280919 com.android.phone}
01-23 18:21:37.181  3755  4354 V SamsungAlarmManager: Sending to uid : 10014 action=null alarm=Alarm{698f386 type 3 when 9281270 com.google.android.gms}
01-23 18:21:37.190 11696 11696 I PedometerService: onStartCommand  true, true, false
01-23 18:21:37.196  3755  7396 D CompatibilityInfo: mCompatibilityFlags - 0
01-23 18:21:37.196  3755  7396 D CompatibilityInfo: applicationDensity - 420
01-23 18:21:37.197  3755  7396 D CompatibilityInfo: applicationScale - 1.0
01-23 18:21:37.197  3755  6281 D SemContext.CaeProvider.SensorStatusCheckImpl: Sensor Check Event is null!!
01-23 18:21:37.197  3755  6281 D SemContextService: requestToUpdate() : service = Sensor Status Check
01-23 18:21:37.202 11696 11696 D SemContextManager:   .requestToUpdate : listener = com.samsung.android.app.shealth.tracker.pedometer.service.wrapper.ActivitySensorDelegator$SemContextListenerWrapper@caae012, service=Sensor Status Check
01-23 18:21:37.213  3755  5048 D CompatibilityInfo: mCompatibilityFlags - 0
01-23 18:21:37.213  3755  5048 D CompatibilityInfo: applicationDensity - 420
01-23 18:21:37.214  3755  5048 D CompatibilityInfo: applicationScale - 1.0
01-23 18:21:37.218  3755  6277 D SamsungAlarmManager: setInexact Intent (T:3/F:8/AC:false) 20190123T182237 - CU:1001/CP:5021
01-23 18:21:37.255  3755  5047 D CompatibilityInfo: mCompatibilityFlags - 0
01-23 18:21:37.255  3755  5047 D CompatibilityInfo: applicationDensity - 420
01-23 18:21:37.255  3755  5047 D CompatibilityInfo: applicationScale - 1.0
01-23 18:21:37.259  3755  5085 D ConnectivityService: filterNetworkStateForUid() uid: 10014 networkInfo: [type: WIFI[] - WIFI, state: CONNECTED/CONNECTED, reason: (unspecified), extra: "wilkinson2.4", failover: false, available: true, roaming: false, metered: false]
01-23 18:21:37.276  3755  7367 D CompatibilityInfo: mCompatibilityFlags - 0
01-23 18:21:37.276  3755  7367 D CompatibilityInfo: applicationDensity - 420
01-23 18:21:37.276  3755  7367 D CompatibilityInfo: applicationScale - 1.0
01-23 18:21:37.325  3755  4453 D CompatibilityInfo: mCompatibilityFlags - 0
01-23 18:21:37.325  3755  4453 D CompatibilityInfo: applicationDensity - 420
01-23 18:21:37.325  3755  4453 D CompatibilityInfo: applicationScale - 1.0
01-23 18:21:37.362  3755  7343 D AudioService: getStreamVolume 3 index 120
01-23 18:21:37.399  3755  5085 D ConnectivityService: filterNetworkStateForUid() uid: 10014 networkInfo: [type: WIFI[] - WIFI, state: CONNECTED/CONNECTED, reason: (unspecified), extra: "wilkinson2.4", failover: false, available: true, roaming: false, metered: false]
01-23 18:21:37.558  3755  6080 D SamsungAlarmManager: setInexact Intent (T:3/F:0/AC:false) 20190123T182237 - CU:10014/CP:5873
01-23 18:21:37.565  3755  7368 D AudioService: getStreamVolume 3 index 120
01-23 18:21:37.769  3755  7363 D AudioService: getStreamVolume 3 index 120
01-23 18:21:37.972  3755  7364 D AudioService: getStreamVolume 3 index 120
01-23 18:21:37.991  3755  4963 E Watchdog: !@Sync 153 [23_Jan_18_21_37.991]
01-23 18:21:38.129  3755  4532 D WifiWatchdogStateMachine:  [|209] []
01-23 18:21:38.174  3755  6281 D AudioService: getStreamVolume 3 index 120
01-23 18:21:38.280  3755  3755 D TelephonyManager: getCellLocation : Caller (PID / UID / TID): 3755 / 1000 / 3755
01-23 18:21:38.282  4621  4806 D NetworkController.MobileSignalController(0/1): onSignalStrengthsChanged signalStrength=SignalStrength: 99 99 -120 -160 -120 -1 -1 18 -107 -12 16 2147483647 2147483647 0x3000 gsm|lte level=3
01-23 18:21:38.283  4621  4806 D NetworkController.MobileSignalController(0/1): getMobileIconGroup(): 13
01-23 18:21:38.283  4621  4806 D NetworkController.MobileSignalController(0/1): updateVZWMobileIconGroup(): 13
01-23 18:21:38.293  5032  5668 D EPDG -- [SMARTWIFI]: onSignalStrengthsChanged: Received signal strength change, phone type is: 2
01-23 18:21:38.293  5032  6400 D EPDG -- [SMARTWIFI]: lastLteRSRP is -107currentLteRSRP is -107
01-23 18:21:38.293  5032  6400 D EPDG -- [SMARTWIFI]: lastLteRSRQ is -12currentLteRSRQ is -12
01-23 18:21:38.293  5032  6400 D EPDG -- [SMARTWIFI]: lastCdmaDb is -16currentCdmaDb is -16
01-23 18:21:38.293  5032  6400 V EPDG -- [SMARTWIFI]: Radio oldest entry removed
01-23 18:21:38.293  5032  6400 V EPDG -- [SMARTWIFI]: New entry : (SignalStrength: 99 99 -120 -160 -120 -1 -1 18 -107 -12 16 2147483647 2147483647 0x3000 gsm|lte : 0 )
01-23 18:21:38.293  5032  6400 V EPDG -- [SMARTWIFI]: Radio entry added
01-23 18:21:38.309  4621  4806 D NetworkController.MobileSignalController(0/1): callState:0, callStateByPhone:false voLTECall:false voiceNetTpe:13 dataNetType:13, ine911:false, emergencyCallbackMode:false
01-23 18:21:38.377  3755  6081 D AudioService: getStreamVolume 3 index 120
01-23 18:21:38.580  3755  7360 D AudioService: getStreamVolume 3 index 120
01-23 18:21:38.783  3755  7357 D AudioService: getStreamVolume 3 index 120
01-23 18:21:38.985  3755  7343 D AudioService: getStreamVolume 3 index 120
01-23 18:21:39.160 26863 26883 D UE4     : Used memory: 230360
01-23 18:21:39.188  3755  6065 D AudioService: getStreamVolume 3 index 120
01-23 18:21:39.391  3755  7362 D AudioService: getStreamVolume 3 index 120
01-23 18:21:39.427  3755  4448 D BatteryService: !@BatteryListener : batteryPropertiesChanged!
01-23 18:21:39.428  3755  4448 D BatteryService: level:93, scale:100, status:2, health:2, present:true, voltage: 4179, temperature: 291, technology: Li-ion, AC powered:false, USB powered:true, POGO powered:false, Wireless powered:false, icon:17303694, invalid charger:0, maxChargingCurrent:0, maxChargingVoltage:0, chargeCounter:0
01-23 18:21:39.428  3755  4448 D BatteryService: online:6, current avg:432, charge type:1, power sharing:false, high voltage charger:false, capacity:280000, batterySWSelfDischarging:false, misc_event:0, current_now:337
01-23 18:21:39.428  3755  3755 D BatteryService: Sending ACTION_BATTERY_CHANGED.
01-23 18:21:39.431  3755  3755 V UiModeManager: updateLocked: null action, mDockState=0, category=null
01-23 18:21:39.431  3755  3755 D UiModeManager: updateConfigurationLocked: mDockState=0; mCarMode=false; mNightMode=1; uiMode=17
01-23 18:21:39.433  3755  3755 D GameManagerService: new battery level: 93
01-23 18:21:39.436  4621  4621 D KeyguardUpdateMonitor: received broadcast android.intent.action.BATTERY_CHANGED
01-23 18:21:39.436  4621  4621 D KeyguardUpdateMonitor: handleBatteryUpdate
01-23 18:21:39.438  4621  4621 D PowerUI : priorPlugType = 2 mPlugType =  2
01-23 18:21:39.440  4621  4621 D PowerUI.Notification: showChargingNotice oldChargingType : 1 currentChargingType : 1 oldChargingTime : 389000 mChargingTime : 2216000
01-23 18:21:39.440  4621  4621 D PowerUI.Notification: showChargingNotification()
01-23 18:21:39.444  5021  5021 D PhoneApp: PhoneAppBroadcastReceiver onReceive android.intent.action.BATTERY_CHANGED
01-23 18:21:39.444  5021  5021 D TelephonyExtensionManager: lowBatterySound - isLowBatterySoundScheduled: false
01-23 18:21:39.444  5021  5021 D TelephonyExtensionManager: lowBatterySound - isPlayNow: false
01-23 18:21:39.446  5021  5021 D TelephonyExtensionManager: isSpeakerON - false
01-23 18:21:39.459  5021  5021 D TelephonyExtensionManager: lowBatterySound - batteryStatus: 2
01-23 18:21:39.459  5021  5021 D TelephonyExtensionManager: lowBatterySound - batteryLevel: 93
01-23 18:21:39.459  5021  5021 D TelephonyExtensionManager: lowBatterySound - cancel
01-23 18:21:39.460  3755  7344 D SamsungAlarmManager: Cancel Alarm calling from uid:1001 pid :5021 / op:PendingIntent{c517fd1: PendingIntentRecord{4292b20 com.android.phone broadcastIntent}}
01-23 18:21:39.461  5021  5021 D TelephonyExtension: Not stopping low battery tone
01-23 18:21:39.462  3755  7358 D ApplicationPolicy: isStatusBarNotificationAllowedAsUser: packageName = com.android.systemui,userId = -1
01-23 18:21:39.465  4621  4621 D BatteryMeterDrawable: isSomethingChanged - false
01-23 18:21:39.465  4621  4621 D BatteryMeterDrawable: isSomethingChanged - false
01-23 18:21:39.469  4621  4621 D Tile.FlashlightTile: ACTION_BATTERY_CHANGED - Level :: 93, emEnabled :: false
01-23 18:21:39.517  4621  4621 D KeyguardServiceBoxContainer: updateCMAS() hasCmasNotification = false, mHasCMAS = false
01-23 18:21:39.598  3755  6081 D AudioService: getStreamVolume 3 index 120
01-23 18:21:39.800  3755  7367 D AudioService: getStreamVolume 3 index 120
01-23 18:21:39.807  5679  5679 D io_stats: !@   8,0 r 220359 8100604 w 84141 2445816 d 13079 1525084 f 21236 21234 iot 173560 119671 th 61440 61440 52764 pt 40 inp 0 0 4616.841
01-23 18:21:39.907  3755  4459 D WifiStateMachine: Current network is: "wilkinson2.4" , ID is: 30
01-23 18:21:39.908  3755  4459 I WifiStateMachine: IMS calling, current network is always qualified
01-23 18:21:40.003  3755  7363 D AudioService: getStreamVolume 3 index 120
01-23 18:21:40.206  3755  6065 D AudioService: getStreamVolume 3 index 120
01-23 18:21:40.410  3755  6080 D AudioService: getStreamVolume 3 index 120
01-23 18:21:40.614  3755  4498 D AudioService: getStreamVolume 3 index 120
