01-07 15:43:06.682  3757  4440 D AudioService: getStreamVolume 3 index 80
01-07 15:43:06.735 13131 13155 D UE4     : [2019.01.07-20.43.06:735][  0]LogUdpMessaging: Initializing bridge on interface 0.0.0.0:0 to multicast group 230.0.0.1:6666.
01-07 15:43:06.883  3757  5902 D AudioService: getStreamVolume 3 index 80
01-07 15:43:06.885  3757 29840 D AudioService: getStreamVolume 3 index 80
01-07 15:43:07.086  3757  7205 D AudioService: getStreamVolume 3 index 80
01-07 15:43:07.088  3757 29839 D AudioService: getStreamVolume 3 index 80
01-07 15:43:07.104  4616  4823 D NetworkController.MobileSignalController(0/1): onSignalStrengthsChanged signalStrength=SignalStrength: 99 99 -120 -160 -120 -1 -1 13 -124 -18 -40 2147483647 2147483647 0x1000 gsm|lte level=1
01-07 15:43:07.104  4616  4823 D NetworkController.MobileSignalController(0/1): getMobileIconGroup(): 13
01-07 15:43:07.104  4616  4823 D NetworkController.MobileSignalController(0/1): updateVZWMobileIconGroup(): 13
01-07 15:43:07.117  5035  5670 D EPDG -- [SMARTWIFI]: onSignalStrengthsChanged: Received signal strength change, phone type is: 2
01-07 15:43:07.117  5035  6446 D EPDG -- [SMARTWIFI]: lastLteRSRP is -124currentLteRSRP is -124
01-07 15:43:07.118  5035  6446 D EPDG -- [SMARTWIFI]: lastLteRSRQ is -18currentLteRSRQ is -18
01-07 15:43:07.118  5035  6446 D EPDG -- [SMARTWIFI]: lastCdmaDb is -16currentCdmaDb is -16
01-07 15:43:07.118  5035  6446 V EPDG -- [SMARTWIFI]: Radio oldest entry removed
01-07 15:43:07.118  5035  6446 V EPDG -- [SMARTWIFI]: New entry : (SignalStrength: 99 99 -120 -160 -120 -1 -1 13 -124 -18 -40 2147483647 2147483647 0x1000 gsm|lte : 0 )
01-07 15:43:07.118  5035  6446 V EPDG -- [SMARTWIFI]: Radio entry added
01-07 15:43:07.123  4616  4823 D NetworkController.MobileSignalController(0/1): callState:0, callStateByPhone:false voLTECall:false voiceNetTpe:13 dataNetType:13, ine911:false, emergencyCallbackMode:false
01-07 15:43:07.131  5035  6445 D EPDG -- [MODEM]: message length is  9
01-07 15:43:07.132  5035  6445 D EPDG -- [MODEM]: countRead is 7 offset is 7remaining is 0
01-07 15:43:07.132  5035  6445 D EPDG -- EpdgIpcMessageFactory: ipcMainCmd: 8
01-07 15:43:07.132  5035  6445 D EPDG -- [UTILS]: isUSerBinary: true
01-07 15:43:07.133  5035  6445 D EPDG -- [RILRECEIVER]: [Rx]: Main: IPC_NET_CMD Sub: IPC_NET_REGIST
01-07 15:43:07.133  5035  6445 D EPDG -- [RILRECEIVER]: [Rx]: Param: FF 03 
01-07 15:43:07.133  5035  6445 I EPDG -- [RILRECEIVER]: RX [NET_REGIST] -- RESPONSE -- EPDG AVAILABLE
01-07 15:43:07.133  5035  6445 D EPDG -- [NETIPCMESSAGE]: encodeNetRegist
01-07 15:43:07.133  5035  6445 D EPDG -- [UTILS]: isUSerBinary: true
01-07 15:43:07.134  5035  6445 D EPDG -- [IPCDISPATCHER]: [Tx]: Main: IPC_NET_CMD Sub: IPC_NET_REGIST Cmd Type: IPC_CMD_RESP
01-07 15:43:07.134  5035  6445 D EPDG -- [IPCDISPATCHER]: [Tx]: Param: 30 03 02 00 00 00 00 00 00 00 00 00 00 
01-07 15:43:07.134  5035  6445 D EPDG -- [MODEM]: EpdgModem instance already exists !
01-07 15:43:07.135  5035  6442 D EPDG -- [MODEM]: Successfully written to RIL
01-07 15:43:07.135  5035  5670 D EPDG -- [EPDGService]: Event received: RIL_EPDG_STATUS_QUERY
01-07 15:43:07.135  5035  5670 D EPDG -- [EPDGService]: handleMessage: cid - 2
01-07 15:43:07.156  5035  6445 D EPDG -- [MODEM]: message length is  9
01-07 15:43:07.157  5035  6445 D EPDG -- [MODEM]: countRead is 7 offset is 7remaining is 0
01-07 15:43:07.157  5035  6445 D EPDG -- EpdgIpcMessageFactory: ipcMainCmd: 8
01-07 15:43:07.157  5035  6445 D EPDG -- [UTILS]: isUSerBinary: true
01-07 15:43:07.157  5035  6445 D EPDG -- [RILRECEIVER]: [Rx]: Main: IPC_NET_CMD Sub: IPC_NET_REGIST
01-07 15:43:07.157  5035  6445 D EPDG -- [RILRECEIVER]: [Rx]: Param: FF 03 
01-07 15:43:07.157  5035  6445 I EPDG -- [RILRECEIVER]: RX [NET_REGIST] -- RESPONSE -- EPDG AVAILABLE
01-07 15:43:07.157  5035  6445 D EPDG -- [NETIPCMESSAGE]: encodeNetRegist
01-07 15:43:07.157  5035  6445 D EPDG -- [UTILS]: isUSerBinary: true
01-07 15:43:07.158  5035  6445 D EPDG -- [IPCDISPATCHER]: [Tx]: Main: IPC_NET_CMD Sub: IPC_NET_REGIST Cmd Type: IPC_CMD_RESP
01-07 15:43:07.158  5035  6445 D EPDG -- [IPCDISPATCHER]: [Tx]: Param: 30 03 02 00 00 00 00 00 00 00 00 00 00 
01-07 15:43:07.159  5035  6445 D EPDG -- [MODEM]: EpdgModem instance already exists !
01-07 15:43:07.159  5035  6442 D EPDG -- [MODEM]: Successfully written to RIL
01-07 15:43:07.159  5035  5670 D EPDG -- [EPDGService]: Event received: RIL_EPDG_STATUS_QUERY
01-07 15:43:07.159  5035  5670 D EPDG -- [EPDGService]: handleMessage: cid - 2
01-07 15:43:07.191  4616  4823 D NetworkController.MobileSignalController(0/1): onCellLocationChanged
01-07 15:43:07.193  3757  4986 D SLocation: onCellLocationChanged 1 / 0
01-07 15:43:07.194  5010  5010 D PdnController: onCellLocationChanged:
01-07 15:43:07.194  5010  5010 D RegiMgrBase: onCellLocationChanged:
01-07 15:43:07.194  5010  5010 D VolteServiceModule: onCellLocationChanged:
01-07 15:43:07.194  5010  5302 D RegiMgrBase: handleMessage: EVENT_CELL_LOCATION_CHANGED
01-07 15:43:07.198  5010  5302 D PaniGenerator: generate: network=13, fallbackPlmn=311480
01-07 15:43:07.198  3757  4986 D TelephonyManager: getAllCellInfo : Caller (PID / UID / TID): 3757 / 1000 / 4986
01-07 15:43:07.208  5010  5302 D PaniGenerator: Don't use getDataPlmn if not in CS:1x and PS:LTE
01-07 15:43:07.212  5010  5302 D PaniGenerator: generate: change to NW PLMN(311480)
01-07 15:43:07.212  5010  5302 D TelephonyManager: getCellLocation : Caller (PID / UID / TID): 5010 / 1000 / 5302
01-07 15:43:07.215  3757  6777 D TelephonyManager: getCellLocation : Caller (PID / UID / TID): 3757 / 1000 / 6777
01-07 15:43:07.221  5010  5302 D TelephonyManager: getCellLocation : Caller (PID / UID / TID): 5010 / 1000 / 5302
01-07 15:43:07.225  3757  4986 D SLocation: cellList : 7
01-07 15:43:07.230  3757  4986 W SLocation: handleEvent ENTER : currentDirection 1
01-07 15:43:07.232  3757  4986 W SLocation: handleEvent EXIT : currentDirection 2
01-07 15:43:07.233  5010  5302 D TelephonyManager: getCellLocation : Caller (PID / UID / TID): 5010 / 1000 / 5302
01-07 15:43:07.234  3757  4986 W SLocation: handleEvent EXIT : currentDirection 2
01-07 15:43:07.236  3757  4986 W SLocation: handleEvent EXIT : currentDirection 2
01-07 15:43:07.238  3757  4986 W SLocation: handleEvent EXIT : currentDirection 2
01-07 15:43:07.240  3757  4986 W SLocation: handleEvent EXIT : currentDirection 2
01-07 15:43:07.242  3757  4986 W SLocation: handleEvent EXIT : currentDirection 2
01-07 15:43:07.244  3757  4986 W SLocation: handleEvent EXIT : currentDirection 2
01-07 15:43:07.244  5010  5873 D ImsSettingsProvider: insert at content://com.sec.ims.settings/debugconfig
01-07 15:43:07.244  5010  5873 D ImsSettingsProvider: match 21
01-07 15:43:07.247  3757  4986 W SLocation: handleEvent EXIT : currentDirection 2
01-07 15:43:07.248  3757  4986 W SLocation: handleEvent EXIT : currentDirection 2
01-07 15:43:07.249  5010  5873 D ImsSettingsProvider: insert : caller id : 5010, name : com.sec.imsservice
01-07 15:43:07.249  5010  5873 D DebugConfigStorage: insert()
01-07 15:43:07.250  3757  4986 W SLocation: handleEvent EXIT : currentDirection 2
01-07 15:43:07.252  3757  4986 W SLocation: handleEvent ENTER : currentDirection 1
01-07 15:43:07.253  3757  4986 W SLocation: handleEvent EXIT : currentDirection 2
01-07 15:43:07.255  3757  4986 W SLocation: handleEvent EXIT : currentDirection 2
01-07 15:43:07.256  3757  4986 W SLocation: handleEvent EXIT : currentDirection 2
01-07 15:43:07.258  3757  4986 W SLocation: handleEvent EXIT : currentDirection 2
01-07 15:43:07.260  3757  4986 W SLocation: handleEvent EXIT : currentDirection 2
01-07 15:43:07.261  5010  5873 D ImsSettingsProvider: match 21
01-07 15:43:07.261  5010  5873 D ImsSettingsProvider: query Uri[content://com.sec.ims.settings/debugconfig], selection [null]
01-07 15:43:07.261  5010  5873 D DebugConfigStorage: query()
01-07 15:43:07.262  5010  5873 D StackIF : updatePani: 12294 pani: [3GPP-E-UTRAN-FDD;utran-cell-id-3gpp=311480ae072a7b016]
01-07 15:43:07.262  5010  5875 D StackIF.Sender: handleMessage: what 1
01-07 15:43:07.263  5010  5875 D SECIMSJ : [0809]> REQUEST_UPDATE_PANI
01-07 15:43:07.263  3232  3355 E [IMS6.0]: ImsEventLoop: select (1), errno (11)
01-07 15:43:07.263  3232  3355 I [IMS6.0]: DispatchUpdatePani()
01-07 15:43:07.264  3232  3358 E [IMS6.0]: IMS_onResponse() Resp Id:600
01-07 15:43:07.264  3232  3358 I [IMS6.0]: ResponseGeneralResponse()
01-07 15:43:07.264  3232  3358 I [IMS6.0]: ResponseGeneralResponse() handle:3006
01-07 15:43:07.264  5010  5876 D SECIMSJ : [0809]< REQUEST_UPDATE_PANI
01-07 15:43:07.264  5010  5876 D StackIF : processResponse: reqId 84
01-07 15:43:07.264  5010  5876 D StackIF : processResponse: handle 12294 result REQUEST_SUCCESS reason REASON_NO_ERROR
01-07 15:43:07.287  3757 31269 D AudioService: getStreamVolume 3 index 80
01-07 15:43:07.290  3757  3770 D AudioService: getStreamVolume 3 index 80
01-07 15:43:07.306  3757  4986 W SLocation: handleEvent ENTER : currentDirection 1
01-07 15:43:07.307  3757  4986 W SLocation: handleEvent EXIT : currentDirection 2
01-07 15:43:07.309  3757  4986 W SLocation: handleEvent ENTER : currentDirection 1
01-07 15:43:07.311  3757  4986 W SLocation: handleEvent EXIT : currentDirection 2
01-07 15:43:07.313  3757  4986 W SLocation: handleEvent EXIT : currentDirection 2
01-07 15:43:07.314  3757  4986 W SLocation: handleEvent EXIT : currentDirection 2
01-07 15:43:07.316  3757  4986 W SLocation: handleEvent EXIT : currentDirection 2
01-07 15:43:07.318  3757  4986 W SLocation: handleEvent EXIT : currentDirection 2
01-07 15:43:07.320  3757  4986 W SLocation: handleEvent ENTER : currentDirection 1
01-07 15:43:07.494  3757  5063 D AudioService: getStreamVolume 3 index 80
01-07 15:43:07.502  3757  4469 D AudioService: getStreamVolume 3 index 80
01-07 15:43:07.552  3757  9599 D GameManagerService: identifyGamePackage. com.GeekTechnique.InfinityStack
01-07 15:43:07.577 13131 13282 D UE4     : *** JavaEnvDestructor: 13282
01-07 15:43:07.579 13131 13283 D UE4     : *** JavaEnvDestructor: 13283
01-07 15:43:07.635  3757 32084 D AlarmManager: setTimeZone : America/New_York calling from uid: 1001 pid :5024
01-07 15:43:07.636  3757 32084 W SamsungAlarmManager: setTimeZone : America/New_York CU:1001/CP:5024
01-07 15:43:07.636  3757 32084 D AlarmManagerService: Kernel timezone updated to 300 minutes west of GMT
01-07 15:43:07.683 13131 13155 D UE4     : [2019.01.07-20.43.07:683][  0]LogTcpMessaging: Initializing TcpMessaging bridge, listening on 127.0.0.1:6666
01-07 15:43:07.687 13131 13155 D UE4     : [2019.01.07-20.43.07:687][  0]LogAndroid: Display: Low Power Mode Changed: 0
01-07 15:43:07.689 13131 13155 D UE4     : Execution has been resumed!
01-07 15:43:07.689 13131 13155 D UE4     : [2019.01.07-20.43.07:689][  0]LogAndroidEvents: Display: DequeueAppEvent : 6, 0
01-07 15:43:07.697  3757 32085 D AudioService: getStreamVolume 3 index 80
01-07 15:43:07.705  3757 10496 D AudioService: getStreamVolume 3 index 80
01-07 15:43:07.708  3757  4458 D WifiStateMachine: Current network is: "wilkinson2.4" , ID is: 30
01-07 15:43:07.708  3757  4458 I WifiStateMachine: IMS calling, current network is always qualified
01-07 15:43:07.747 13131 13344 D UE4     : *** JavaEnvDestructor: 13344
01-07 15:43:07.904  3757  7203 D AudioService: getStreamVolume 3 index 80
01-07 15:43:07.911  3757 29841 D AudioService: getStreamVolume 3 index 80
01-07 15:43:08.112  3757 31269 D AudioService: getStreamVolume 3 index 80
01-07 15:43:08.119  3757  3770 D AudioService: getStreamVolume 3 index 80
01-07 15:43:08.203 11668 11706 D oneconnect[1.0.00-39][100000039] : BleHelper.MSG_INTENT_LCD_ON - SCREEN_ON when user = 0
01-07 15:43:08.214  3757 29840 D MountService: getExternalStorageMountMode : 1
01-07 15:43:08.214  3757 29840 D MountService: getExternalStorageMountMode : 3
01-07 15:43:08.215  3757 29840 D MountService: getExternalStorageMountMode : final mountMode=1, uid : 10284, packageName : com.samsung.android.oneconnect
01-07 15:43:08.265  3757 29840 I ActivityManager: Start proc 13361:com.samsung.android.oneconnect/u0a284 for content provider com.samsung.android.oneconnect/.external.ExternalSettingsProvider
01-07 15:43:08.266  3757 29840 W ActivityManager: Slow operation: 57ms so far, now at getContentProviderImpl: after start process
01-07 15:43:08.266 13361 13361 E Zygote  : v2
01-07 15:43:08.266  3757 29840 W ActivityManager: Slow operation: 57ms so far, now at getContentProviderImpl: updating data structures
01-07 15:43:08.266 13361 13361 I libpersona: KNOX_SDCARD checking this for 10284
01-07 15:43:08.266 13361 13361 I libpersona: KNOX_SDCARD not a persona
01-07 15:43:08.266  3757 29840 W ActivityManager: Slow operation: 57ms so far, now at getContentProviderImpl: done!
01-07 15:43:08.269 13361 13361 E Zygote  : accessInfo : 0
01-07 15:43:08.272 13361 13361 W SELinux : SELinux selinux_android_compute_policy_index : Policy Index[2],  Con:u:r:zygote:s0 RAM:SEPF_SECMOBILE_7.0_0009, [-1 -1 -1 -1 0 1]
01-07 15:43:08.274 13361 13361 I SELinux : SELinux: seapp_context_lookup: seinfo=platform, level=s0:c512,c768, pkgname=com.samsung.android.oneconnect 
01-07 15:43:08.313 13361 13361 D TimaKeyStoreProvider: TimaKeyStore is not enabled: cannot add TimaSignature Service and generateKeyPair Service
01-07 15:43:08.315  3757 10512 D AudioService: getStreamVolume 3 index 80
01-07 15:43:08.316  3757  2858 D CompatibilityInfo: mCompatibilityFlags - 0
01-07 15:43:08.316  3757  2858 D CompatibilityInfo: applicationDensity - 420
01-07 15:43:08.316  3757  2858 D CompatibilityInfo: applicationScale - 1.0
01-07 15:43:08.317  3757  2858 I ActivityManager: DSS on for com.samsung.android.oneconnect and scale is 1.0
01-07 15:43:08.318  3757  2858 D CompatibilityInfo: mCompatibilityFlags - 0
01-07 15:43:08.319  3757  2858 D CompatibilityInfo: applicationDensity - 420
01-07 15:43:08.319  3757  2858 D CompatibilityInfo: applicationScale - 1.0
01-07 15:43:08.322  3757  6272 D AudioService: getStreamVolume 3 index 80
01-07 15:43:08.369 13361 13361 I art     : Starting a blocking GC AddRemoveAppImageSpace
01-07 15:43:08.371 13361 13361 W System  : ClassLoader referenced unknown path: /system/app/QuickConnect/lib/arm64
01-07 15:43:08.396 13361 13361 V oneconnect: QcApplication.onCreate - 
01-07 15:43:08.396 13361 13361 V oneconnect: QcApplication.setDeviceVisibilityTileEnable - QcSupport true
01-07 15:43:08.405 11668 11706 D oneconnect[1.0.00-39][100000039] : BleHelper.startScan - [needScanQcBg]false || [needScanQcFG]false || [needScanCentral]false || [needScanNearby]true
01-07 15:43:08.423 11668 11706 D oneconnect[1.0.00-39][100000039] : PermissionUtil.hasPermission - android.permission.ACCESS_FINE_LOCATION: true
01-07 15:43:08.438 11668 11706 D oneconnect[1.0.00-39][100000039] : BleHelper.startScan - old:16-> new:18
01-07 15:43:08.438 11668 11706 I oneconnect[1.0.00-39][100000039] : BleHelper.stopLeScan - call BleScanner.stopScan()
01-07 15:43:08.444 11668 11706 D BluetoothAdapter: STATE_BLE_ON
01-07 15:43:08.445 11668 11706 D BluetoothAdapter: appoCount is = 0
01-07 15:43:08.446 11668 11706 D BluetoothAdapter: STATE_BLE_ON
01-07 15:43:08.446 11668 11706 D BluetoothLeScanner: could not find callback wrapper
01-07 15:43:08.447 11668 11706 D oneconnect[1.0.00-39][100000039] : BleHelper.stopLeScan - call BleScanner.stopScan() complete
01-07 15:43:08.518  3757  7201 D AudioService: getStreamVolume 3 index 80
01-07 15:43:08.525  3757 29841 D AudioService: getStreamVolume 3 index 80
01-07 15:43:08.547 11668 11706 I oneconnect[1.0.00-39][100000039] : BleHelper.startScan - add mScanFilter_NEARBY
01-07 15:43:08.548 11668 11706 D oneconnect[1.0.00-39][100000039] : BleHelper.getMyScanPreferences - set Background Scan
01-07 15:43:08.548 11668 11706 D BluetoothLeScanner: Start Scan
01-07 15:43:08.550 11668 11706 D BluetoothAdapter: STATE_BLE_ON
01-07 15:43:08.552 11668 11706 D BluetoothAdapter: appoCount is = 0
01-07 15:43:08.554 11668 11706 D BluetoothAdapter: STATE_BLE_ON
01-07 15:43:08.557 11668 11706 D BluetoothAdapter: STATE_BLE_ON
01-07 15:43:08.560 11668 11706 D BluetoothAdapter: STATE_BLE_ON
01-07 15:43:08.561 11668 11706 D BluetoothAdapter: appoCount is = 0
01-07 15:43:08.567  4561  5146 D BtGatt.GattService: registerClient() - UUID=699f9b35-1e69-458a-9656-31e862cacb91
01-07 15:43:08.620  5689  5689 D io_stats: !@   8,0 r 401035 13235580 w 284480 5052740 d 36810 1897724 f 65706 65681 iot 393570 248452 th 61440 61440 57476 pt 3340 inp 0 1 20210.850
01-07 15:43:08.674  4561  4688 D BtGatt.GattService: onClientRegistered() - UUID=699f9b35-1e69-458a-9656-31e862cacb91, clientIf=5, status=0
01-07 15:43:08.677 11668 11681 D BluetoothLeScanner: onClientRegistered() - status=0 clientIf=5 mClientIf=0
01-07 15:43:08.681  4561  4580 D BtGatt.GattService: start scan with filters
01-07 15:43:08.691  4561  4580 D BluetoothAdapter: STATE_BLE_ON
01-07 15:43:08.695  4561  4580 D BluetoothAdapter: appoCount is = 0
01-07 15:43:08.697  4561  4580 D BluetoothAdapter: STATE_BLE_ON
01-07 15:43:08.700  4561  4580 D BtGatt.GattService: getScanSettings
01-07 15:43:08.704  4561  4580 D BtGatt.GattService: Is it foreground application = false
01-07 15:43:08.704  4561  4580 D BtGatt.GattService: Its a background application running with Low Power scan mode
01-07 15:43:08.717  4561  5184 E BtGatt.GattService: [GSIM LOG]: gsimLogHandler: com.samsung.android.oneconnect, msg: MESSAGE_START_SCAN
01-07 15:43:08.718 11668 11706 D oneconnect[1.0.00-39][100000039] : BleHelper.startScan - call BleScanner.startScan() complete
01-07 15:43:08.718  4561  5167 D BtGatt.ScanManager: handling starting scan
01-07 15:43:08.720  4561  5167 D BluetoothAdapter: STATE_BLE_ON
01-07 15:43:08.721  4561  5167 D BluetoothAdapter: STATE_BLE_ON
01-07 15:43:08.724  3757  2859 D AudioService: getStreamVolume 3 index 80
01-07 15:43:08.724  4561  5167 D BluetoothAdapter: appoCount is = 0
01-07 15:43:08.727  4561  5167 D BluetoothAdapter: STATE_BLE_ON
01-07 15:43:08.730  4561  5167 D BluetoothAdapter: STATE_BLE_ON
01-07 15:43:08.732  4561  5167 D BluetoothAdapter: appoCount is = 0
01-07 15:43:08.732  3757 32083 D AudioService: getStreamVolume 3 index 80
01-07 15:43:08.733  4561  5167 D BluetoothAdapter: STATE_BLE_ON
01-07 15:43:08.734  4561  5167 D BluetoothAdapter: STATE_BLE_ON
01-07 15:43:08.736  4561  5167 D BluetoothAdapter: appoCount is = 0
01-07 15:43:08.744  4561  4688 D BtGatt.GattService: onScanFilterEnableDisabled() - clientIf=5, status=0, action=1
01-07 15:43:08.744  4561  4688 D BtGatt.ScanManager: callback done for clientIf - 5 status - 0
01-07 15:43:08.745  4561  5167 D BtGatt.ScanManager: set filter index= 30 for clientIf= 5
01-07 15:43:08.745  4561  5167 D BtGatt.ScanManager: addFilterToController: 5
01-07 15:43:08.748 13131 13342 D UE4     : *** JavaEnvDestructor: 13342
01-07 15:43:08.748  4561  4688 D BtGatt.GattService: onScanFilterConfig() - clientIf=5, action = 0 status = 0, filterType=5, availableSpace=43
01-07 15:43:08.748  4561  4688 D BtGatt.ScanManager: callback done for clientIf - 5 status - 0
01-07 15:43:08.749  4561  5167 D BtGatt.ScanManager: High Rssi Filter value is = -128
01-07 15:43:08.749  4561  5167 D BtGatt.ScanManager: Low Rssi Filter value is = -128
01-07 15:43:08.749 13131 13343 D UE4     : *** JavaEnvDestructor: 13343
01-07 15:43:08.749  4561  5167 D BtGatt.ScanManager: configureFilterParamter 500 10000 1 0scanFilterRssiThreshold = -128trackableScanFilterRssiThreshold = -128matchmode is =1
01-07 15:43:08.750 13131 13341 D UE4     : *** JavaEnvDestructor: 13341
01-07 15:43:08.751  4561  4688 D BtGatt.GattService: onScanFilterParamsConfigured() - clientIf=5, status=0, action=0, availableSpace=27
01-07 15:43:08.751  4561  4688 D BtGatt.ScanManager: callback done for clientIf - 5 status - 0
01-07 15:43:08.751  4561  5167 D BtGatt.ScanManager: configureRegularScanParams() - queue=2
01-07 15:43:08.751  4561  5167 I BtGatt.ScanManager: custom scan scanMode = 100
01-07 15:43:08.751  4561  5167 I BtGatt.ScanManager: New scan mode custom scan scanInterval = 3120scanWindow = 160
01-07 15:43:08.752  4561  5167 E BtGatt.ScanManager: default value of curScanSetting 0 is choosen
01-07 15:43:08.752  4561  5167 I BtGatt.ScanManager: newScanMode = 5newcurScanSetting = 0
01-07 15:43:08.752  4561  5167 I BtGatt.ScanManager: comparing = 5 with = 0
01-07 15:43:08.752  4561  5167 I BtGatt.ScanManager: custom scan scanMode = 100
01-07 15:43:08.752  4561  5167 I BtGatt.ScanManager: New scan mode custom scan scanInterval = 3120scanWindow = 60
01-07 15:43:08.752  4561  5167 I BtGatt.ScanManager: current scan mode custom scan scanInterval = 3120scanWindow = 160
01-07 15:43:08.752  4561  5167 I BtGatt.ScanManager: newScanMode = 1newcurScanSetting = 5
01-07 15:43:08.752  4561  5167 D BtGatt.ScanManager: configureRegularScanParams() - ScanSetting Scan mode=100 mLastConfiguredScanSetting=100
01-07 15:43:08.752  4561  5167 D BtGatt.ScanManager: configureRegularScanParams - scanInterval = 4992configureRegularScanParams - scanWindow = 256
01-07 15:43:08.754  4561  4688 D BtGatt.GattService: onScanParamSetupCompleted() status=0, clientIf=4
01-07 15:43:08.756  4561  4688 D BtGatt.GattService: onScanParamSetupCompleted : 0
01-07 15:43:08.912  3757  9599 D GameManagerService: identifyGamePackage. com.GeekTechnique.InfinityStack
01-07 15:43:08.934  3757  7216 D AudioService: getStreamVolume 3 index 80
01-07 15:43:08.938  3757 32085 D AudioService: getStreamVolume 3 index 80
01-07 15:43:09.141  3757  4473 D AudioService: getStreamVolume 3 index 80
01-07 15:43:09.147  3757 29840 D AudioService: getStreamVolume 3 index 80
01-07 15:43:09.347  3757  4482 D AudioService: getStreamVolume 3 index 80
01-07 15:43:09.354  3757 31269 D AudioService: getStreamVolume 3 index 80
01-07 15:43:09.458  4616  4823 D NetworkController.MobileSignalController(0/1): onSignalStrengthsChanged signalStrength=SignalStrength: 99 99 -120 -160 -120 -1 -1 14 -119 -17 8 2147483647 2147483647 0x1000 gsm|lte level=1
01-07 15:43:09.459  4616  4823 D NetworkController.MobileSignalController(0/1): getMobileIconGroup(): 13
01-07 15:43:09.459  4616  4823 D NetworkController.MobileSignalController(0/1): updateVZWMobileIconGroup(): 13
01-07 15:43:09.471  5035  5670 D EPDG -- [SMARTWIFI]: onSignalStrengthsChanged: Received signal strength change, phone type is: 2
01-07 15:43:09.472  5035  6446 D EPDG -- [SMARTWIFI]: lastLteRSRP is -124currentLteRSRP is -119
01-07 15:43:09.472  5035  6446 D EPDG -- [SMARTWIFI]: lastLteRSRQ is -18currentLteRSRQ is -17
01-07 15:43:09.472  5035  6446 D EPDG -- [SMARTWIFI]: lastCdmaDb is -16currentCdmaDb is -16
01-07 15:43:09.472  5035  6446 V EPDG -- [SMARTWIFI]: Radio oldest entry removed
01-07 15:43:09.472  5035  6446 V EPDG -- [SMARTWIFI]: New entry : (SignalStrength: 99 99 -120 -160 -120 -1 -1 14 -119 -17 8 2147483647 2147483647 0x1000 gsm|lte : 0 )
01-07 15:43:09.472  5035  6446 V EPDG -- [SMARTWIFI]: Radio entry added
01-07 15:43:09.475  4616  4823 D NetworkController.MobileSignalController(0/1): callState:0, callStateByPhone:false voLTECall:false voiceNetTpe:13 dataNetType:13, ine911:false, emergencyCallbackMode:false
01-07 15:43:09.546  3757  4354 D SamsungAlarmManager: Expired : 8
01-07 15:43:09.547  3757  4354 V SamsungAlarmManager: Sending to uid : 10059 action=null alarm=Alarm{c54211d type 3 when 94412684 com.asurion.android.verizon.vms}
01-07 15:43:09.556  3757  5062 D AudioService: getStreamVolume 3 index 80
01-07 15:43:09.563  3757 31270 D AudioService: getStreamVolume 3 index 80
01-07 15:43:09.572  3757  4354 D CompatibilityInfo: mCompatibilityFlags - 0
01-07 15:43:09.572  3757  4354 D CompatibilityInfo: applicationDensity - 420
01-07 15:43:09.572  3757  4354 D CompatibilityInfo: applicationScale - 1.0
01-07 15:43:09.595  3757  5901 D SamsungAlarmManager: setExact Intent (T:3/F:5/AC:false) 20190107T154314 - CU:10059/CP:6745
01-07 15:43:09.596  3757  5901 I SamsungAlarmManager: setLocked to kernel - T:3 / 20190107T154314, SetElapsed=94417725, nowELAPSED=94412734
01-07 15:43:09.685 13131 13359 D UE4     : *** JavaEnvDestructor: 13359
01-07 15:43:09.688 13131 13360 D UE4     : *** JavaEnvDestructor: 13360
01-07 15:43:09.760  3757  7201 D AudioService: getStreamVolume 3 index 80
01-07 15:43:09.767  3757 29841 D AudioService: getStreamVolume 3 index 80
01-07 15:43:09.792 13131 13155 D UE4     : Unregistering volume receiver
01-07 15:43:09.795 13131 13155 D UE4     : Unregistering battery receiver
01-07 15:43:09.796  3252  3743 D Netd    : Iface wlan0 link up
01-07 15:43:09.796  4595  4595 I wpa_supplicant: nl80211: Received scan results (14 BSSes)
01-07 15:43:09.803 13131 13155 D UE4     : Unregistering headset receiver
01-07 15:43:09.803  3757  3791 D Tethering: interfaceLinkStateChanged wlan0, true
01-07 15:43:09.803  3757  3791 D Tethering: interfaceStatusChanged wlan0, true
01-07 15:43:09.804  3757  4486 D SamsungAlarmManager: Cancel Alarm calling from uid:1000 pid :3757 / listener:android.app.AlarmManager$ListenerWrapper@7c50fef
01-07 15:43:09.807  5035  5049 D EPDG -- [NETMGMT]: Interface wlan0 link up
01-07 15:43:09.808 13131 13339 D UE4     : *** JavaEnvDestructor: 13339
01-07 15:43:09.812  5035  5670 D EPDG -- [EPDGService]: Interface wlan0 link up
01-07 15:43:09.812 13131 13338 D UE4     : AndroidEGL::ResetDisplay()
01-07 15:43:09.812  5035  5670 D EPDG -- [EPDGService]: mobileIntfPrefix is rmnet_data
01-07 15:43:09.812  5035  5670 D EPDG -- [EPDGService]: Not Mobile Interface. Ignoring Interface State Change Event
01-07 15:43:09.814 13131 13338 D UE4     : *** JavaEnvDestructor: 13338
01-07 15:43:09.820 13131 13155 D UE4     : [2019.01.07-20.43.09:820][  0]LogTemp: Android pause audio
01-07 15:43:09.824 13131 13155 D UE4     : Execution has been paused...
01-07 15:43:09.824 13131 13155 D UE4     : [2019.01.07-20.43.09:824][  0]LogAndroidEvents: Display: DequeueAppEvent : 12, 0
01-07 15:43:09.824 13131 13155 D UE4     : [2019.01.07-20.43.09:824][  0]LogAndroidEvents: Display: DequeueAppEvent : 8, 0
01-07 15:43:09.825 13131 13155 D UE4     : [2019.01.07-20.43.09:825][  0]LogAndroidEvents: Display: DequeueAppEvent : 9, 0
01-07 15:43:09.825 13131 13155 D UE4     : [2019.01.07-20.43.09:825][  0]LogAndroidEvents: Display: DequeueAppEvent : 7, 0
01-07 15:43:09.859 11668 11668 D oneconnect[1.0.00-39][100000039] : P2pHelper.onReceive - SCAN_RESULTS_AVAILABLE_ACTION
01-07 15:43:09.865 13131 13155 D UE4     : [2019.01.07-20.43.09:865][  0]LogTemp: Android resume audio
01-07 15:43:09.866 13131 13155 D UE4     : Registering volume receiver
01-07 15:43:09.875  3757  3774 D CompatibilityInfo: mCompatibilityFlags - 0
01-07 15:43:09.875  3757  3774 D CompatibilityInfo: applicationDensity - 420
01-07 15:43:09.875  3757  3774 D CompatibilityInfo: applicationScale - 1.0
01-07 15:43:09.877  3757  3757 D ConnectivityService: filterNetworkStateForUid() uid: 1000 networkInfo: [type: WIFI[] - WIFI, state: CONNECTED/CONNECTED, reason: (unspecified), extra: "wilkinson2.4", failover: false, available: true, roaming: false, metered: false]
01-07 15:43:09.880  3757  4469 D AudioService: getStreamVolume 3 index 80
01-07 15:43:09.880  3757  3757 I WifiNotificationController: showVzwEapAkaNetworkFoundNotification: false
01-07 15:43:09.881  3757  3757 I WifiNotificationController: remove VzwEapAkaNetworkFoundNotification
01-07 15:43:09.881  3757  3757 D WifiNotificationController: showWifiNotificationForVzw show : true, id : 17303771
01-07 15:43:09.881  3757  3757 D ApplicationPolicy: isStatusBarNotificationAllowedAsUser: packageName = android,userId = -1
01-07 15:43:09.882  3757  3757 D WifiDefaultApController: checkDefaultAptoCopy: mNeedtoAddVendorAp( REQUEST_FROM_REBOOT ) general info file exists? ( false )
01-07 15:43:09.887  3757  5062 D CompatibilityInfo: mCompatibilityFlags - 0
01-07 15:43:09.887  3757  5062 D CompatibilityInfo: applicationDensity - 420
01-07 15:43:09.887  3757  5062 D CompatibilityInfo: applicationScale - 1.0
01-07 15:43:09.887 13131 13155 D UE4     : startVolumeReceiver: 8
01-07 15:43:09.887 13131 13155 D UE4     : nativeVolumeEvent(8)
01-07 15:43:09.888 13131 13155 D UE4     : Registering battery receiver
01-07 15:43:09.900 13131 13155 D UE4     : Registering headset receiver
01-07 15:43:09.903 13131 13131 D UE4     : headsetReceiver::onReceive
01-07 15:43:09.904 13131 13131 D UE4     : nativeHeadsetEvent(0)
01-07 15:43:09.904 13131 13155 D UE4     : startHeadsetReceiver: 0
01-07 15:43:09.904 13131 13155 D UE4     : nativeHeadsetEvent(0)
01-07 15:43:09.905 13131 13155 D UE4     : [2019.01.07-20.43.09:905][  0]LogUdpMessaging: Initializing bridge on interface 0.0.0.0:0 to multicast group 230.0.0.1:6666.
01-07 15:43:09.913 13131 13155 D UE4     : [2019.01.07-20.43.09:913][  0]LogTcpMessaging: Initializing TcpMessaging bridge, listening on 127.0.0.1:6666
01-07 15:43:09.916 13131 13155 D UE4     : Execution has been resumed!
01-07 15:43:09.916 13131 13155 D UE4     : [2019.01.07-20.43.09:916][  0]LogAndroidEvents: Display: DequeueAppEvent : 11, 0
01-07 15:43:09.918  3757 29839 D CompatibilityInfo: mCompatibilityFlags - 0
01-07 15:43:09.918  3757 29839 D CompatibilityInfo: applicationDensity - 420
01-07 15:43:09.918  3757 29839 D CompatibilityInfo: applicationScale - 1.0
01-07 15:43:09.923  3757  4482 D MountService: getExternalStorageMountMode : 1
01-07 15:43:09.923  3757  4482 D MountService: getExternalStorageMountMode : 3
01-07 15:43:09.923  3757  4482 D MountService: getExternalStorageMountMode : final mountMode=1, uid : 10027, packageName : com.vzw.hss.myverizon
01-07 15:43:09.931  4616  4616 D KeyguardServiceBoxContainer: updateCMAS() hasCmasNotification = false, mHasCMAS = false
01-07 15:43:09.943  3757  4482 I ActivityManager: Start proc 13393:com.vzw.hss.myverizon/u0a27 for broadcast com.vzw.hss.myverizon/com.vzw.mobilefirst.inStore.receiver.MFWifiScanReceiver
01-07 15:43:09.945 13393 13393 E Zygote  : v2
01-07 15:43:09.945 13393 13393 I libpersona: KNOX_SDCARD checking this for 10027
01-07 15:43:09.945 13393 13393 I libpersona: KNOX_SDCARD not a persona
01-07 15:43:09.950 13393 13393 E Zygote  : accessInfo : 0
01-07 15:43:09.952 13393 13393 W SELinux : SELinux selinux_android_compute_policy_index : Policy Index[2],  Con:u:r:zygote:s0 RAM:SEPF_SECMOBILE_7.0_0009, [-1 -1 -1 -1 0 1]
01-07 15:43:09.955 13393 13393 I SELinux : SELinux: seapp_context_lookup: seinfo=untrusted, level=s0:c512,c768, pkgname=com.vzw.hss.myverizon 
01-07 15:43:09.963  3757  4469 D AudioService: getStreamVolume 3 index 80
01-07 15:43:09.969  3757 10512 D AudioService: getStreamVolume 3 index 80
01-07 15:43:09.989 13393 13393 D TimaKeyStoreProvider: TimaKeyStore is not enabled: cannot add TimaSignature Service and generateKeyPair Service
01-07 15:43:09.991 13131 13384 I         : Increase max job count 60
01-07 15:43:09.992  3757  7216 D CompatibilityInfo: mCompatibilityFlags - 0
01-07 15:43:09.992  3757  7216 D CompatibilityInfo: applicationDensity - 420
01-07 15:43:09.992  3757  7216 D CompatibilityInfo: applicationScale - 1.0
01-07 15:43:09.992  3757  7216 I ActivityManager: DSS on for com.vzw.hss.myverizon and scale is 1.0
01-07 15:43:09.994  3757  7216 D CompatibilityInfo: mCompatibilityFlags - 0
01-07 15:43:09.994  3757  7216 D CompatibilityInfo: applicationDensity - 420
01-07 15:43:09.994  3757  7216 D CompatibilityInfo: applicationScale - 1.0
01-07 15:43:10.001  3757  7216 D CompatibilityInfo: mCompatibilityFlags - 0
01-07 15:43:10.001  3757  7216 D CompatibilityInfo: applicationDensity - 420
01-07 15:43:10.001  3757  7216 D CompatibilityInfo: applicationScale - 1.0
01-07 15:43:10.065 13393 13393 I art     : Starting a blocking GC AddRemoveAppImageSpace
01-07 15:43:10.091 13393 13393 I MultiDex: VM with version 2.1.0 has multidex support
01-07 15:43:10.091 13393 13393 I MultiDex: Installing application
01-07 15:43:10.091 13393 13393 I MultiDex: VM has multidex support, MultiDex support library is disabled.
01-07 15:43:10.101 13393 13393 I MultiDex: Installing application
01-07 15:43:10.101 13393 13393 I MultiDex: VM has multidex support, MultiDex support library is disabled.
01-07 15:43:10.111 13393 13393 D FirebaseApp: com.google.firebase.auth.FirebaseAuth is not linked. Skipping initialization.
01-07 15:43:10.125  3757  5063 D CompatibilityInfo: mCompatibilityFlags - 0
01-07 15:43:10.126  3757  5063 D CompatibilityInfo: applicationDensity - 420
01-07 15:43:10.126  3757  5063 D CompatibilityInfo: applicationScale - 1.0
01-07 15:43:10.136 13393 13393 I FA      : App measurement is starting up, version: 11020
01-07 15:43:10.136 13393 13393 I FA      : To enable debug logging run: adb shell setprop log.tag.FA VERBOSE
01-07 15:43:10.152 13393 13393 I FA      : To enable faster debug mode event logging run:
01-07 15:43:10.152 13393 13393 I FA      :   adb shell setprop debug.firebase.analytics.app com.vzw.hss.myverizon
01-07 15:43:10.153 13393 13408 I DynamiteModule: Considering local module com.google.android.gms.flags:2 and remote module com.google.android.gms.flags:3
01-07 15:43:10.153 13393 13408 I DynamiteModule: Selected remote version of com.google.android.gms.flags, version >= 3
01-07 15:43:10.155  3757  2858 D SamsungAlarmManager: Cancel Alarm calling from uid:10027 pid :13393 / op:PendingIntent{55b2fb6: PendingIntentRecord{d20f4b7 com.vzw.hss.myverizon broadcastIntent}}
01-07 15:43:10.158 13393 13393 I FirebaseInitProvider: FirebaseApp initialization successful
01-07 15:43:10.166  3757  5063 D AudioService: getStreamVolume 3 index 80
01-07 15:43:10.168 13393 13408 W System  : ClassLoader referenced unknown path: 
01-07 15:43:10.171  3757  4469 D AudioService: getStreamVolume 3 index 80
01-07 15:43:10.175  3757  6272 D ConnectivityService: filterNetworkStateForUid() uid: 10027 networkInfo: [type: WIFI[] - WIFI, state: CONNECTED/CONNECTED, reason: (unspecified), extra: "wilkinson2.4", failover: false, available: true, roaming: false, metered: false]
01-07 15:43:10.178 13393 13393 D crs     : instance of EmptyLogHandler created.
01-07 15:43:10.185  3757 32085 D CompatibilityInfo: mCompatibilityFlags - 0
01-07 15:43:10.185  3757 32085 D CompatibilityInfo: applicationDensity - 420
01-07 15:43:10.185  3757 32085 D CompatibilityInfo: applicationScale - 1.0
01-07 15:43:10.251 13393 13418 D com.vzw.utils.AppIndexingService: AppIndexingService call 
01-07 15:43:10.260 13393 13408 W System  : ClassLoader referenced unknown path: /data/user_de/0/com.google.android.gms/app_chimera/m/000000a0/n/armeabi-v7a
01-07 15:43:10.260 13393 13408 W System  : ClassLoader referenced unknown path: /data/user_de/0/com.google.android.gms/app_chimera/m/000000a0/n/armeabi
01-07 15:43:10.261  3757 29841 D CompatibilityInfo: mCompatibilityFlags - 0
01-07 15:43:10.261  3757 29841 D CompatibilityInfo: applicationDensity - 420
01-07 15:43:10.262  3757 29841 D CompatibilityInfo: applicationScale - 1.0
01-07 15:43:10.285 13393 13408 W DynamiteModule: Local module descriptor class for com.google.android.gms.crash not found.
01-07 15:43:10.294 13393 13408 I DynamiteModule: Considering local module com.google.android.gms.crash:0 and remote module com.google.android.gms.crash:215
01-07 15:43:10.294 13393 13408 I DynamiteModule: Selected remote version of com.google.android.gms.crash, version >= 215
01-07 15:43:10.295  3757  6272 D ConnectivityService: filterNetworkStateForUid() uid: 10027 networkInfo: [type: WIFI[] - WIFI, state: CONNECTED/CONNECTED, reason: (unspecified), extra: "wilkinson2.4", failover: false, available: true, roaming: false, metered: false]
01-07 15:43:10.306 13393 13408 I FirebaseCrashApiImpl: FirebaseCrashApiImpl created by ClassLoader ad[DexPathList[[zip file "/data/user_de/0/com.google.android.gms/app_chimera/m/000000a0/DynamiteModulesC.apk"],nativeLibraryDirectories=[/data/user_de/0/com.google.android.gms/app_chimera/m/000000a0/n/armeabi-v7a, /data/user_de/0/com.google.android.gms/app_chimera/m/000000a0/n/armeabi, /system/lib, /vendor/lib]]]
01-07 15:43:10.306 13393 13408 I FirebaseCrash: FirebaseCrash reporting loaded - com.google.android.gms.internal.ml@8c7b581
01-07 15:43:10.337  3757  7201 D CompatibilityInfo: mCompatibilityFlags - 0
01-07 15:43:10.337  3757  7201 D CompatibilityInfo: applicationDensity - 420
01-07 15:43:10.337  3757  7201 D CompatibilityInfo: applicationScale - 1.0
01-07 15:43:10.352 13393 13409 I DynamiteModule: Considering local module com.google.android.gms.flags:2 and remote module com.google.android.gms.flags:3
01-07 15:43:10.352 13393 13409 I DynamiteModule: Selected remote version of com.google.android.gms.flags, version >= 3
01-07 15:43:10.370  3757  5902 D AudioService: getStreamVolume 3 index 80
01-07 15:43:10.370 13393 13409 W DynamiteModule: Local module descriptor class for com.google.android.gms.crash not found.
01-07 15:43:10.373  3757  4482 D AudioService: getStreamVolume 3 index 80
01-07 15:43:10.394  3757  5901 D ConnectivityService: filterNetworkStateForUid() uid: 10027 networkInfo: [type: WIFI[] - WIFI, state: CONNECTED/CONNECTED, reason: (unspecified), extra: "wilkinson2.4", failover: false, available: true, roaming: false, metered: false]
01-07 15:43:10.406 13393 13409 I FirebaseCrashApiImpl: FirebaseCrash reporting API initialized
01-07 15:43:10.406 13393 13409 I FirebaseCrash: FirebaseCrash reporting initialized com.google.android.gms.internal.ml@8c7b581
01-07 15:43:10.406 13393 13409 D FirebaseCrash: Firebase Analytics Listener for Firebase Crash is initialized
01-07 15:43:10.429  3757  4530 E WifiWatchdogStateMachine: Unhandled message { when=-1ms what=135238 target=com.android.internal.util.StateMachine$SmHandler } in state ValidNonSwitchableState
01-07 15:43:10.572  3757  4473 D AudioService: getStreamVolume 3 index 80
01-07 15:43:10.575  3757 29839 D AudioService: getStreamVolume 3 index 80
01-07 15:43:10.578  3757  9599 D GameManagerService: identifyGamePackage. com.GeekTechnique.InfinityStack
01-07 15:43:10.584 13131 13384 D UE4     : [2019.01.07-20.43.10:584][  0]LogRHI: JNI Display getPresentationDeadlineNanos=17949152 getAppVsyncOffsetNanos=0 getRefreshRate=59.000000
01-07 15:43:10.584 13131 13384 D UE4     : [2019.01.07-20.43.10:584][  0]LogRHI: Final display timing metrics: DriverRefreshRate=59.0000  DriverRefreshNanos=16949153  DriverDeadlineNanos=16949152  DriverAppVsyncOffsetNanos=0
01-07 15:43:10.585 13131 13384 D UE4     : [2019.01.07-20.43.10:585][  0]LogRHI: AndroidEGL:SwapBuffers Min=0, Max=1, Request=1, ClosestDriver=1, SetDriver=1
01-07 15:43:10.589 13131 13155 D UE4     : [2019.01.07-20.43.10:589][  0]LogSlate: Slate font cache was flushed
01-07 15:43:10.618 13131 13155 D UE4     : [2019.01.07-20.43.10:618][  1]LogSlate: Took 0.004064 seconds to synchronously load lazily loaded font '../../../Engine/Content/EngineFonts/Faces/DroidSansMono.ufont' (77K)
01-07 15:43:10.726  3757  4458 D WifiStateMachine: Current network is: "wilkinson2.4" , ID is: 30
01-07 15:43:10.726  3757  4458 I WifiStateMachine: IMS calling, current network is always qualified
01-07 15:43:10.774  3757  3770 D AudioService: getStreamVolume 3 index 80
01-07 15:43:10.777  3757 31269 D AudioService: getStreamVolume 3 index 80
01-07 15:43:10.835 23664 13428 I EventLogSendingHelper: Sending log events.
01-07 15:43:10.978  3757  6272 D AudioService: getStreamVolume 3 index 80
01-07 15:43:10.980  3757 31270 D AudioService: getStreamVolume 3 index 80
01-07 15:43:11.179  3757  7216 D AudioService: getStreamVolume 3 index 80
01-07 15:43:11.182  3757  5062 D AudioService: getStreamVolume 3 index 80
01-07 15:43:11.383  3757  4473 D AudioService: getStreamVolume 3 index 80
01-07 15:43:11.385  3757 29839 D AudioService: getStreamVolume 3 index 80
01-07 15:43:11.585  3757  2859 D AudioService: getStreamVolume 3 index 80
01-07 15:43:11.588  3757  5063 D AudioService: getStreamVolume 3 index 80
01-07 15:43:11.706 13131 13323 I libOpenSLES: Emulating old channel mask behavior (ignoring positional mask 0x3, using default mask 0x3 based on channel count of 2)
01-07 15:43:11.721 13131 13323 W AudioTrack: AUDIO_OUTPUT_FLAG_FAST denied by client; transfer 1, track 44100 Hz, output 48000 Hz
01-07 15:43:11.724  3237  3813 I AudioFlinger: add dynamic flag, can move to deep thread, session 3473
01-07 15:43:11.734 13131 13323 D AudioTrack: Client defaulted notificationFrames to 590 for frameCount 1772
01-07 15:43:11.736 13131 13323 I AudioTrack: updateAudioTranstionLength FadeIn[0] FadeOut[0] FadeInRing[0]
01-07 15:43:11.737  3237 22865 W AudioPolicyIntefaceImpl: Skipped to add effects on session 3473
01-07 15:43:11.737  3237 22865 I APM_AudioPolicyManager: startOutput() output 21, stream 3, session 3473
01-07 15:43:11.739  3237  3477 D audio_hw_primary: out_set_parameters: enter: kvpairs: routing=2
01-07 15:43:11.740  3237  3477 D AudioFlinger: setCurDevice() 0x2
01-07 15:43:11.742  3237  3477 V audio_hw_primary: start_output_stream+, out->device : 00000002 , out->type = 1
01-07 15:43:11.742  3237  3477 D audio_hw_primary: start_output_stream jack_skip_check false
01-07 15:43:11.743  3237  3477 D audio_hw_primary: start_output_stream (0xe60a0260) out->pcm_device:6 out->config.rate:48000 out->config.format:0 out->period_size:240
01-07 15:43:11.743  3237  3477 D audio_hw_primary: start_output_stream (0xe60a0260) out->config.rate:48000 out->config.format:0 out->period_size:240
01-07 15:43:11.743  3237  3477 I audio_hw_primary: is_voice_wakeup : ret =  0  , wakeup_baby_cry_enabled = 0  ,  wakeup_mic_enabled = 0 
01-07 15:43:11.743  3237  3477 V audio_hw_primary: select_devices output_scenario:0 input_scenario:28 out_snd_device 0x2 in_snd_device:0xb
01-07 15:43:11.743  3237  3477 I audio_route: > audio_route_reset :
01-07 15:43:11.744  3237  3477 I audio_route: > audio_route_apply_path : "recognition-mic"
01-07 15:43:11.747  3237  3477 V audio_hw_primary: select_devices() input_route "recognition-mic" 
01-07 15:43:11.747  3237  3477 I audio_route: > audio_route_apply_path : "media-speaker"
01-07 15:43:11.762 13131 13155 D UE4     : [2019.01.07-20.43.11:762][ 66]LogAudio: Warning: Waited 49.834915ms for audio thread.
01-07 15:43:11.762 13131 13155 D UE4     : [2019.01.07-20.43.11:762][ 66]LogAudio: Warning: Waited 50.289082ms for audio thread.
01-07 15:43:11.790  3757  4482 D AudioService: getStreamVolume 3 index 80
01-07 15:43:11.792  3757  7206 D AudioService: getStreamVolume 3 index 80
01-07 15:43:11.839  3237  3477 V audio_hw_primary: select_devices() output_route "media-speaker" 
01-07 15:43:11.839  3237  3477 I audio_route: > audio_route_apply_path : "gain-recognition-mic"
01-07 15:43:11.839  3237  3477 V audio_hw_primary: select_devices() input_gain "gain-recognition-mic" 
01-07 15:43:11.839  3237  3477 I audio_route: > audio_route_apply_path : "gain-media-speaker"
01-07 15:43:11.839  3237  3477 V audio_hw_primary: select_devices() output_gain "gain-media-speaker" 
01-07 15:43:11.839  3237  3477 I audio_route: > audio_route_update_mixer : +
01-07 15:43:11.840  3237  3477 I audio_route: > audio_route_update_mixer : changed(0) -
01-07 15:43:11.840  3237  3477 I audio_hw_primary: select_devices - 
01-07 15:43:11.840  3237  3477 V audio_hw_primary: start_output_stream-
01-07 15:43:11.865  3237  3477 I AudioMixer: create resampler src 44100, 2, dst 48000, 2, q 8
01-07 15:43:11.866  3237  3477 D SoundAliveResampler: [SoundAliveResampler] Init+++
01-07 15:43:11.993  3757  3771 D AudioService: getStreamVolume 3 index 80
01-07 15:43:11.995  3757  7216 D AudioService: getStreamVolume 3 index 80
01-07 15:43:12.195  3757  7203 D AudioService: getStreamVolume 3 index 80
01-07 15:43:12.196  3757  7202 D AudioService: getStreamVolume 3 index 80
01-07 15:43:12.262 13131 13158 D UE4     : Used memory: 222668
01-07 15:43:12.398  3757  7205 D AudioService: getStreamVolume 3 index 80
01-07 15:43:12.400  3757 29840 D AudioService: getStreamVolume 3 index 80
01-07 15:43:12.600  3757  3770 D AudioService: getStreamVolume 3 index 80
01-07 15:43:12.602  3757 29841 D AudioService: getStreamVolume 3 index 80
01-07 15:43:12.802  3757  4482 D AudioService: getStreamVolume 3 index 80
01-07 15:43:12.804  3757 10512 D AudioService: getStreamVolume 3 index 80
01-07 15:43:13.003  3757 10496 D AudioService: getStreamVolume 3 index 80
01-07 15:43:13.005  3757  4473 D AudioService: getStreamVolume 3 index 80
01-07 15:43:13.039  3757  7202 D BatteryService: !@BatteryListener : batteryPropertiesChanged!
01-07 15:43:13.040  3757  7202 D BatteryService: level:63, scale:100, status:2, health:2, present:true, voltage: 4067, temperature: 312, technology: Li-ion, AC powered:false, USB powered:true, POGO powered:false, Wireless powered:false, icon:17303694, invalid charger:0, maxChargingCurrent:0, maxChargingVoltage:0, chargeCounter:0
01-07 15:43:13.040  3757  7202 D BatteryService: online:6, current avg:635, charge type:1, power sharing:false, high voltage charger:false, capacity:280000, batterySWSelfDischarging:false, misc_event:0, current_now:639
01-07 15:43:13.041  3757  3757 D BatteryService: Sending ACTION_BATTERY_CHANGED.
01-07 15:43:13.047  3757  3757 V UiModeManager: updateLocked: null action, mDockState=0, category=null
01-07 15:43:13.047  3757  3757 D UiModeManager: updateConfigurationLocked: mDockState=0; mCarMode=false; mNightMode=1; uiMode=17
01-07 15:43:13.048  3757  3757 D GameManagerService: new battery level: 63
01-07 15:43:13.053  4616  4616 D KeyguardUpdateMonitor: received broadcast android.intent.action.BATTERY_CHANGED
01-07 15:43:13.053  4616  4616 D KeyguardUpdateMonitor: handleBatteryUpdate
01-07 15:43:13.057  4616  4616 D PowerUI : priorPlugType = 2 mPlugType =  2
01-07 15:43:13.059  4616  4616 D PowerUI.Notification: showChargingNotice oldChargingType : 1 currentChargingType : 1 oldChargingTime : 4718000 mChargingTime : 4708000
01-07 15:43:13.059  4616  4616 D PowerUI.Notification: showChargingNotification()
01-07 15:43:13.063  5024  5024 D PhoneApp: PhoneAppBroadcastReceiver onReceive android.intent.action.BATTERY_CHANGED
01-07 15:43:13.063  5024  5024 D TelephonyExtensionManager: lowBatterySound - isLowBatterySoundScheduled: false
01-07 15:43:13.063  5024  5024 D TelephonyExtensionManager: lowBatterySound - isPlayNow: false
01-07 15:43:13.066  5024  5024 D TelephonyExtensionManager: isSpeakerON - false
01-07 15:43:13.075 13131 13131 D UE4     : Battery: status = 2, rawlevel = 63, scale = 100
01-07 15:43:13.075 13131 13131 D UE4     : nativeBatteryEvent(stat = 2, lvl = 63  temp = 31.20 C)
01-07 15:43:13.080  5024  5024 D TelephonyExtensionManager: lowBatterySound - batteryStatus: 2
01-07 15:43:13.080  5024  5024 D TelephonyExtensionManager: lowBatterySound - batteryLevel: 63
01-07 15:43:13.080  5024  5024 D TelephonyExtensionManager: lowBatterySound - cancel
01-07 15:43:13.081  3757 29841 D SamsungAlarmManager: Cancel Alarm calling from uid:1001 pid :5024 / op:PendingIntent{e68de54: PendingIntentRecord{c145766 com.android.phone broadcastIntent}}
01-07 15:43:13.082  5024  5024 D TelephonyExtension: Not stopping low battery tone
01-07 15:43:13.084  3757 31269 D ApplicationPolicy: isStatusBarNotificationAllowedAsUser: packageName = com.android.systemui,userId = -1
01-07 15:43:13.088  4616  4616 D BatteryMeterDrawable: isSomethingChanged - false
01-07 15:43:13.089  4616  4616 D BatteryMeterDrawable: isSomethingChanged - false
01-07 15:43:13.096  4616  4616 D Tile.FlashlightTile: ACTION_BATTERY_CHANGED - Level :: 63, emEnabled :: false
01-07 15:43:13.143  4616  4616 D KeyguardServiceBoxContainer: updateCMAS() hasCmasNotification = false, mHasCMAS = false
01-07 15:43:13.207  3757  7202 D AudioService: getStreamVolume 3 index 80
01-07 15:43:13.210  3757 29838 D AudioService: getStreamVolume 3 index 80
01-07 15:43:13.300  4616  4823 D NetworkController.MobileSignalController(0/1): onSignalStrengthsChanged signalStrength=SignalStrength: 99 99 -120 -160 -120 -1 -1 15 -119 -17 -15 2147483647 2147483647 0x1000 gsm|lte level=1
01-07 15:43:13.300  4616  4823 D NetworkController.MobileSignalController(0/1): getMobileIconGroup(): 13
01-07 15:43:13.300  4616  4823 D NetworkController.MobileSignalController(0/1): updateVZWMobileIconGroup(): 13
01-07 15:43:13.308  5035  5670 D EPDG -- [SMARTWIFI]: onSignalStrengthsChanged: Received signal strength change, phone type is: 2
01-07 15:43:13.308  5035  6446 D EPDG -- [SMARTWIFI]: lastLteRSRP is -119currentLteRSRP is -119
01-07 15:43:13.308  5035  6446 D EPDG -- [SMARTWIFI]: lastLteRSRQ is -17currentLteRSRQ is -17
01-07 15:43:13.308  5035  6446 D EPDG -- [SMARTWIFI]: lastCdmaDb is -16currentCdmaDb is -16
01-07 15:43:13.309  5035  6446 V EPDG -- [SMARTWIFI]: Radio oldest entry removed
01-07 15:43:13.309  5035  6446 V EPDG -- [SMARTWIFI]: New entry : (SignalStrength: 99 99 -120 -160 -120 -1 -1 15 -119 -17 -15 2147483647 2147483647 0x1000 gsm|lte : 0 )
01-07 15:43:13.309  5035  6446 V EPDG -- [SMARTWIFI]: Radio entry added
01-07 15:43:13.312  4616  4823 D NetworkController.MobileSignalController(0/1): callState:0, callStateByPhone:false voLTECall:false voiceNetTpe:13 dataNetType:13, ine911:false, emergencyCallbackMode:false
01-07 15:43:13.409  3757 29841 D AudioService: getStreamVolume 3 index 80
01-07 15:43:13.412  3757 31269 D AudioService: getStreamVolume 3 index 80
01-07 15:43:13.614  3757  4469 D AudioService: getStreamVolume 3 index 80
01-07 15:43:13.623  3757  2858 D AudioService: getStreamVolume 3 index 80
01-07 15:43:13.624  5689  5689 D io_stats: !@   8,0 r 401041 13235660 w 284569 5053808 d 36818 1897896 f 65747 65722 iot 393710 248487 th 61440 61440 57476 pt 3340 inp 0 0 20215.856
01-07 15:43:13.687  3757  4398 D InputReader: Input event(3): value=1 when=20215918773000
01-07 15:43:13.687  3757  4398 D InputReader: Input event(3): value=1 when=20215918773000
01-07 15:43:13.688  3757  4398 I InputReader: Touch event's action is 0x0 (deviceType=0) [pCnt=1, s=0.2557 ] when=20215918773000
01-07 15:43:13.689  3757  4397 I InputDispatcher: Delivering touch to (13131): action: 0x0, toolType: 1
01-07 15:43:13.691 13131 13156 V threaded_app: New input event: type=2
