01-25 02:01:57.347  3755  3755 I CAE     : showListenerList(ContextAwareService.java:386) - Listener : com.samsung.android.contextaware.manager.ContextAwareService$Listener@164059b, Service : ACTIVITY_TRACKER(1)
01-25 02:01:57.347  3755  3755 I CAE     : showListenerList(ContextAwareService.java:386) - Listener : com.samsung.android.contextaware.manager.ContextAwareService$Listener@6ee68c, Service : AUTO_BRIGHTNESS(1)
01-25 02:01:57.348  3755  3755 W CAE     : registerCallback(ContextAwareService.java:191) - [regi 02] Mutex is unlocked for ACTIVITY_TRACKER
01-25 02:01:57.348  3755  3755 D SemContextService: 	.registerCallback : 5, client=
01-25 02:01:57.348  3755  3755 D SemContextService: ===== SemContext Service List =====
01-25 02:01:57.348  3755  3755 D SemContextService: Listener : com.samsung.android.hardware.context.SemContextService$Listener@712ee71, Service : Step Level Monitor
01-25 02:01:57.348  3755  3755 D SemContextService: Listener : com.samsung.android.hardware.context.SemContextService$Listener@712ee71, Service : Pedometer
01-25 02:01:57.348  3755  3755 D SemContextService: Listener : com.samsung.android.hardware.context.SemContextService$Listener@dbfae30, Service : Activity Batch
01-25 02:01:57.348  3755  3755 D SemContextService: Listener : com.samsung.android.hardware.context.SemContextService$Listener@e1b8403, Service : Sensor Status Check
01-25 02:01:57.348  3755  3755 D SemContextService: Listener : com.samsung.android.hardware.context.SemContextService$Listener@5bf01d5, Service : Auto Brightness
01-25 02:01:57.348  3755  3755 D SemContextService: Listener : com.samsung.android.hardware.context.SemContextService$Listener@169df78, Service : Activity Tracker
01-25 02:01:57.348  3755  3755 D SemContextManager:   .registerListener : listener = android.hardware.scontext.SContextManager$SContextListenerDelegate@357a111, service=Activity Tracker
01-25 02:01:57.348  3755  3755 D SContextManager:   .registerListener : listener = com.android.server.wifi.WifiServiceImpl$1@11625aa, service=Activity Tracker
01-25 02:01:57.349  3755  3755 W CAE     : getContextInfo(ContextAwareService.java:468) - [getContext 01] Mutex is locked for ACTIVITY_TRACKER_CURRENT_INFO
01-25 02:01:57.350  3755  3755 V CAE     : enable(ActivityTrackerCurrentInfoRunner.java:178)
01-25 02:01:57.350  3755  3755 V CAE     : clear(ActivityTrackerCurrentInfoRunner.java:202)
01-25 02:01:57.351  3755  3755 I CAE     : sendCmdToSensorHub(SensorHubCommManager.java:162) - -72, 26, 1, 0,
01-25 02:01:57.351  3755  3755 D SensorHubManager: SendSensorHubData: send data = -72, 26, 1, 0
01-25 02:01:57.351  3231 12685 D Sensorhubs: sendContextData: -72, 26, 1, 0
01-25 02:01:57.351 25810 25829 D UE4     : [2019.01.25-07.01.57:351][  0]LogAndroid: Display: Low Power Mode Changed: 0
01-25 02:01:57.351 25810 25829 D UE4     : Execution has been resumed!
01-25 02:01:57.351 25810 25829 D UE4     : [2019.01.25-07.01.57:351][  0]LogAndroidEvents: Display: DequeueAppEvent : 6, 0
01-25 02:01:57.354  5021  5216 I System.out: Broadcasting: Intent { act=com.sec.android.LTE_WIDEBAND_INFO flg=0x10000000 launchParam=MultiScreenLaunchParams { mDisplayId=0 mFlags=0 } (has extras) }
01-25 02:01:57.358  4621  4806 D NetworkController: onReceive: intent=Intent { act=com.sec.android.LTE_WIDEBAND_INFO flg=0x10000010 launchParam=MultiScreenLaunchParams { mDisplayId=0 mFlags=0 } bqHint=0 (has extras) }
01-25 02:01:57.359  3755  3755 D CAE     : getFaultDetectionResult(ActivityTrackerCurrentInfoRunner.java:214) - true
01-25 02:01:57.360  3755  3755 I CAE     : notifyCmdProcessResultObserver(ContextProvider.java:627) - CheckResult = 0, Cause = Success
01-25 02:01:57.361  4621  4806 D NetworkController.MobileSignalController(0/1): LTE WIDEBAND : mCurrentState.isCAIndicator = false oldCAIndicator = false
01-25 02:01:57.361  4621  4806 D NetworkController.MobileSignalController(0/1): onSignalStrengthsChanged signalStrength=SignalStrength: 99 99 -120 -160 -120 -1 -1 18 -104 -10 50 2147483647 2147483647 0x3000 gsm|lte level=3
01-25 02:01:57.361  4621  4806 D NetworkController.MobileSignalController(0/1): getMobileIconGroup(): 13
01-25 02:01:57.361  4621  4806 D NetworkController.MobileSignalController(0/1): updateVZWMobileIconGroup(): 13
01-25 02:01:57.364  5032  5668 D EPDG -- [SMARTWIFI]: onSignalStrengthsChanged: Received signal strength change, phone type is: 2
01-25 02:01:57.364  5021 25007 I System.out: Broadcast completed: result=0
01-25 02:01:57.365  5032  6400 D EPDG -- [SMARTWIFI]: lastLteRSRP is -104currentLteRSRP is -104
01-25 02:01:57.365  5032  6400 D EPDG -- [SMARTWIFI]: lastLteRSRQ is -10currentLteRSRQ is -10
01-25 02:01:57.365  5032  6400 D EPDG -- [SMARTWIFI]: lastCdmaDb is -16currentCdmaDb is -16
01-25 02:01:57.365  5032  6400 V EPDG -- [SMARTWIFI]: Radio oldest entry removed
01-25 02:01:57.365  5032  6400 V EPDG -- [SMARTWIFI]: New entry : (SignalStrength: 99 99 -120 -160 -120 -1 -1 18 -104 -10 50 2147483647 2147483647 0x3000 gsm|lte : 0 )
01-25 02:01:57.365  5032  6400 V EPDG -- [SMARTWIFI]: Radio entry added
01-25 02:01:57.365 25810 25945 D UE4     : *** JavaEnvDestructor: 25945
01-25 02:01:57.367  4621  4806 D NetworkController.MobileSignalController(0/1): callState:0, callStateByPhone:false voLTECall:false voiceNetTpe:13 dataNetType:13, ine911:false, emergencyCallbackMode:false
01-25 02:01:57.369  5032  5668 D EPDG -- [SMARTWIFI]: onSignalStrengthsChanged: Received signal strength change, phone type is: 2
01-25 02:01:57.369  5032  6400 D EPDG -- [SMARTWIFI]: lastLteRSRP is -104currentLteRSRP is -104
01-25 02:01:57.370  5032  6400 D EPDG -- [SMARTWIFI]: lastLteRSRQ is -10currentLteRSRQ is -10
01-25 02:01:57.370  5032  6400 D EPDG -- [SMARTWIFI]: lastCdmaDb is -16currentCdmaDb is -16
01-25 02:01:57.370  5032  6400 V EPDG -- [SMARTWIFI]: Radio oldest entry removed
01-25 02:01:57.370  5032  6400 V EPDG -- [SMARTWIFI]: New entry : (SignalStrength: 99 99 -120 -160 -120 -1 -1 18 -104 -10 50 2147483647 2147483647 0x3000 gsm|lte : 0 )
01-25 02:01:57.370  5032  6400 V EPDG -- [SMARTWIFI]: Radio entry added
01-25 02:01:57.370  5032  6399 D EPDG -- [MODEM]: message length is  9
01-25 02:01:57.370  5032  6399 D EPDG -- [MODEM]: countRead is 7 offset is 7remaining is 0
01-25 02:01:57.371  5032  6399 D EPDG -- EpdgIpcMessageFactory: ipcMainCmd: 8
01-25 02:01:57.371  5032  6399 D EPDG -- [UTILS]: isUSerBinary: true
01-25 02:01:57.371  3755  3755 W CAE     : getContextInfo(ContextAwareService.java:522) - [getContext 02] Mutex is unlocked for ACTIVITY_TRACKER_CURRENT_INFO
01-25 02:01:57.371  3755  3755 D SemContextService: requestToUpdate() : service = Activity Tracker
01-25 02:01:57.371  5032  6399 D EPDG -- [RILRECEIVER]: [Rx]: Main: IPC_NET_CMD Sub: IPC_NET_REGIST
01-25 02:01:57.371  3755  3755 D SemContextManager:   .requestToUpdate : listener = android.hardware.scontext.SContextManager$SContextListenerDelegate@357a111, service=Activity Tracker
01-25 02:01:57.371  5032  6399 D EPDG -- [RILRECEIVER]: [Rx]: Param: FF 03 
01-25 02:01:57.371  5032  6399 I EPDG -- [RILRECEIVER]: RX [NET_REGIST] -- RESPONSE -- EPDG AVAILABLE
01-25 02:01:57.371  5032  6399 D EPDG -- [NETIPCMESSAGE]: encodeNetRegist
01-25 02:01:57.372  3755  3774 D CompatibilityInfo: mCompatibilityFlags - 0
01-25 02:01:57.372  5032  6399 D EPDG -- [UTILS]: isUSerBinary: true
01-25 02:01:57.372  3755  3774 D CompatibilityInfo: applicationDensity - 420
01-25 02:01:57.372  3755  3774 D CompatibilityInfo: applicationScale - 1.0
01-25 02:01:57.372  3231  3265 D Sensorhubs: readContextData: 1, 1, 26, 1, 1, -126, 76, 25, 1, 1
01-25 02:01:57.372  3755  4361 D SensorHubManager: onGetSensorHubDataLocked: library(10) = 1, 1, 26, 1, 1, -126, 76, 25, 1, 1
01-25 02:01:57.373  5032  6399 D EPDG -- [IPCDISPATCHER]: [Tx]: Main: IPC_NET_CMD Sub: IPC_NET_REGIST Cmd Type: IPC_CMD_RESP
01-25 02:01:57.373  5032  6399 D EPDG -- [IPCDISPATCHER]: [Tx]: Param: 30 03 02 00 00 00 00 00 00 00 00 00 00 
01-25 02:01:57.373  5032  6399 D EPDG -- [MODEM]: EpdgModem instance already exists !
01-25 02:01:57.373  5032  6398 D EPDG -- [MODEM]: Successfully written to RIL
01-25 02:01:57.373  5032  5668 D EPDG -- [EPDGService]: Event received: RIL_EPDG_STATUS_QUERY
01-25 02:01:57.373  3755  4360 D CAE     : onGetSensorHubData(SensorHubParserProvider.java:94) - onGetSensorHubData Event [event buffer len :10], AP_WAKEUP
01-25 02:01:57.373  5032  5668 D EPDG -- [EPDGService]: handleMessage: cid - 2
01-25 02:01:57.374  3755  4360 I CAE     : parse(SensorHubParserProvider.java:196) - buffer size = 10
01-25 02:01:57.375  3755  3755 I FingerprintService: handleAcquired : acquiredInfo=10001
01-25 02:01:57.375  3755  4360 I CAE     : parse(SensorHubParserProvider.java:207) - 1, 1, 26, 1, 1, -126, 76, 25, 1, 1,
01-25 02:01:57.375  3755  3755 D TelephonyManager: getCellLocation : Caller (PID / UID / TID): 3755 / 1000 / 3755
01-25 02:01:57.375 23425 23425 D [WeatherWidget(15061)]  AutoRefreshReceiver: {[43EB1C024052B99D53E991930172379613F1DDEBA8981688ED2B3D727735919C70C5D7BBF5F50DDC0CF8C19D95633ACD7E4A65BD04C0F25CEB4C410885D1A56202B0B922715AB19814BFCF7276BE09FC]}
01-25 02:01:57.376  3755  7364 D ConnectivityService: filterNetworkStateForUid() uid: 10184 networkInfo: [type: WIFI[] - WIFI, state: CONNECTED/CONNECTED, reason: (unspecified), extra: "wilkinson2.4", failover: false, available: true, roaming: false, metered: false]
01-25 02:01:57.376  3755  4360 D CAE     : display(ContextProvider.java:375) - ================= ACTIVITY_TRACKER =================
01-25 02:01:57.377  3755  4360 I CAE     : display(ContextProvider.java:391) - Accuracy=[1], OperationMode=[0], ActivityType=[1], TimeStamp=[1548399716377]
01-25 02:01:57.377 23425 23425 D [WeatherWidget(15061)]  AutoRefresh: {[A9E3247E6374877349C1CACD1460A265047B4B2A8D20B86E535A74106B5E6A0A318C3719B498E2BF9C7AF2698CA594848F08ADD8A2511B1553E93A28557AA4003EEA54A693F24BBF50FE4F5CB87D566F]}
01-25 02:01:57.378  3755  4363 D SemContextService: updateContext() : event = Activity Tracker
01-25 02:01:57.381 23425 23425 D [WeatherWidget(15061)]  WidgetCount: {[58A211B6B849F6AF6FA5E7616FBE3EE98829A5398C07564C0DB3BFB5D240ABC2]}
01-25 02:01:57.382 23425 23425 D [WeatherWidget(15061)]  WidgetCount: {[CCB0E3EE44F2E0E1B203CCF447EC08807DF4714E0771C754FA3E35B5E7EAE40E]}
01-25 02:01:57.383  3755  3755 D TelephonyManager: getCellLocation : Caller (PID / UID / TID): 3755 / 1000 / 3755
01-25 02:01:57.383  4621  4806 D NetworkController.MobileSignalController(0/1): onSignalStrengthsChanged signalStrength=SignalStrength: 99 99 -120 -160 -120 -1 -1 18 -104 -10 50 2147483647 2147483647 0x3000 gsm|lte level=3
01-25 02:01:57.383  4621  4806 D NetworkController.MobileSignalController(0/1): getMobileIconGroup(): 13
01-25 02:01:57.383  4621  4806 D NetworkController.MobileSignalController(0/1): updateVZWMobileIconGroup(): 13
01-25 02:01:57.385 23425 23425 E [WeatherWidget(15061)]  WidgetCount: {[374860753549FBD2F918DC857B953F313E9B8F988E44851CE755F67D26C95D016AF425B8FD52D50AAADE15BD72796BD97B25BA6B1BDCA76BF677FE6939A5017D668B9E8EC407FA006075FF844D51C8FD9400AEE403E6DEC7D3F815F25E43901867B355D5E1B80C22A076B997AD520968371ABDEBA654476CC49C0CCD33CEA4A489A0C57739E14E2A476B42DA7A26D30D59D7DA05154E3563CAAA0A17792969B155FEA6E50C9AD41B085C7EFF1598DA8F490909B7EAB9742EC344F539A191602F]}
01-25 02:01:57.386  4621  4806 D NetworkController.MobileSignalController(0/1): callState:0, callStateByPhone:false voLTECall:false voiceNetTpe:13 dataNetType:13, ine911:false, emergencyCallbackMode:false
01-25 02:01:57.387 23425 23425 W [WeatherWidget(15061)]  AutoRefresh: {[D53A15B67DB17F41440E345CD99455465D14694CE8A1269A7EAEFB5F96F16958FCB3D277A8B58C501F891D03498ECC9427A8A1B0948A5E10DA07EA8EC78439C75EBAA6F21FEB79925A2942C24267D985]}
01-25 02:01:57.388  3755  3797 D SurfaceControl: Excessive delay in setPowerMode(): 265ms
01-25 02:01:57.388  3755  3797 D PowerManagerUtil: Excessive delay in !@display_state: ON: 266ms
01-25 02:01:57.388 23425 23425 D [WeatherWidget(15061)]  AutoRefresh: {[DD8FBC6D54171C39FC146F4B92E3003C5649E9338C118EF80D124C9BCEAD78BA033BED019E63FB366286FDFAC7F09798]}
01-25 02:01:57.389  3755  3792 D DisplayPowerController: animateScreenStateChange[0]: target=2
01-25 02:01:57.389  3755  3792 D DisplayPowerController: animateScreenStateChange[0]: return as screen on blocked
01-25 02:01:57.390 23425 23425 D [WeatherWidget(15061)]  DB L2: {[610591C4E30FED4A153FF198DAC84EFEE3319B0D622FD4A19809E90ED3C1398368D658B139FCCB8B9564F5B4E9CB634E5A33668E7EB5287F38BEB5210FDAF7EC]}
01-25 02:01:57.392  3231  3265 D Sensorhubs: readContextData: 1, 1, 26, 1, 1, -126, 76, 25, 1, 1
01-25 02:01:57.393 23425 23425 D [WeatherWidget(15061)]  : {[E9BDC1AC9F9B078A92B3F309630276C89F9B6E52C087A495B97355481F2FDE5B58A757A09967AB7BD9E1187CEA5BB356FACBD4A552A7402C88647F970C513A69]}
01-25 02:01:57.394 23425 23425 D [WeatherWidget(15061)]  DB L2: {[610591C4E30FED4A153FF198DAC84EFE259FA03515F619060291D19B9A2E73CB46DA064369D1073FED4BA9669B425DCACF438A7ED227F4C518865702CC96F81C]}
01-25 02:01:57.395 23425 23425 D [WeatherWidget(15061)]  DB L2: {[610591C4E30FED4A153FF198DAC84EFE1A65FB0EE8B7C5763A9CB231BC13495C3914C78DEB3E3844BDB3328DEE027C3FE88F0C9C87E5820C79CB094954516AFB]}
01-25 02:01:57.399 23425 23425 D [WeatherWidget(15061)]  DB L2: {[610591C4E30FED4A153FF198DAC84EFEE3319B0D622FD4A19809E90ED3C1398368D658B139FCCB8B9564F5B4E9CB634EB7BBE3D03C63AEED49E396C6494F4414]}
01-25 02:01:57.400 23425 23425 D [WeatherWidget(15061)]  : {[E9BDC1AC9F9B078A92B3F309630276C89F9B6E52C087A495B97355481F2FDE5B58A757A09967AB7BD9E1187CEA5BB356FACBD4A552A7402C88647F970C513A69]}
01-25 02:01:57.400 23425 23425 D [WeatherWidget(15061)]  AutoRefresh: {[6085FEB5CD30F2E1C044828754B85C01721392526B334AEF3377E50B3CE9E986AB46B0A12D0075ED2D58180F5A083832]}
01-25 02:01:57.401 23425 23425 D [WeatherWidget(15061)]  AutoRefresh: {[68AAD060E684063EFCB6ADB215EA574A65DD9AAB63BC77D5138EDD06ED7F03325FC699ABDF378EC8BAF11A844BB9C929]}
01-25 02:01:57.401 23425 23425 D [WeatherWidget(15061)]  AutoRefresh: {[F67DC00F53FD5CE2FA393625B6A8E3DE72288451EDFC40A20486BB5642EB86DFDB39C5C9E7688813B8D32DA4270F152E]}
01-25 02:01:57.401  5032  6399 D EPDG -- [MODEM]: message length is  9
01-25 02:01:57.401  5032  6399 D EPDG -- [MODEM]: countRead is 7 offset is 7remaining is 0
01-25 02:01:57.402  5032  6399 D EPDG -- EpdgIpcMessageFactory: ipcMainCmd: 8
01-25 02:01:57.402  5032  6399 D EPDG -- [UTILS]: isUSerBinary: true
01-25 02:01:57.402 23425 23425 D [WeatherWidget(15061)]  AutoRefresh: {[32BBB3D68833B07C743FEFF010431B836EE0B06B187539E8FD079DC8A1721F2DAB6B2B38646181500569A108ACAF2B35285C3FDD3F55AA5E46A0FB232E13D039]}
01-25 02:01:57.402  5032  6399 D EPDG -- [RILRECEIVER]: [Rx]: Main: IPC_NET_CMD Sub: IPC_NET_REGIST
01-25 02:01:57.402  5032  6399 D EPDG -- [RILRECEIVER]: [Rx]: Param: FF 03 
01-25 02:01:57.402  5032  6399 I EPDG -- [RILRECEIVER]: RX [NET_REGIST] -- RESPONSE -- EPDG AVAILABLE
01-25 02:01:57.402  5032  6399 D EPDG -- [NETIPCMESSAGE]: encodeNetRegist
01-25 02:01:57.402  5032  6399 D EPDG -- [UTILS]: isUSerBinary: true
01-25 02:01:57.402 23425 23425 D [WeatherWidget(15061)]  AutoRefresh: {[9B644277DED53DD25932524C385943327EFEBCE57D6BB6C096E6E42D5C8130CD262680B7AC7C69B33DD9D313F0ED3F6B]}
01-25 02:01:57.402  5032  6399 D EPDG -- [IPCDISPATCHER]: [Tx]: Main: IPC_NET_CMD Sub: IPC_NET_REGIST Cmd Type: IPC_CMD_RESP
01-25 02:01:57.402  5032  6399 D EPDG -- [IPCDISPATCHER]: [Tx]: Param: 30 03 02 00 00 00 00 00 00 00 00 00 00 
01-25 02:01:57.402  5032  6399 D EPDG -- [MODEM]: EpdgModem instance already exists !
01-25 02:01:57.403  5032  5668 D EPDG -- [EPDGService]: Event received: RIL_EPDG_STATUS_QUERY
01-25 02:01:57.403  5032  5668 D EPDG -- [EPDGService]: handleMessage: cid - 2
01-25 02:01:57.403  5032  6398 D EPDG -- [MODEM]: Successfully written to RIL
01-25 02:01:57.409  3755  3792 D DisplayPowerController: [Dual Screen Compatible] state[0] :2
01-25 02:01:57.409  3755  4361 D SensorHubManager: onGetSensorHubDataLocked: library(10) = 1, 1, 26, 1, 1, -126, 76, 25, 1, 1
01-25 02:01:57.409  3755 25992 D MISC PowerHAL: sysfs_write +: /sys/class/input/event0/device/enabled: 1
01-25 02:01:57.409  3755  5085 D WindowManager: finishDrawingWindow: Window{7e3faf1d0 u0 StatusBar} mDrawState=DRAW_PENDING
01-25 02:01:57.409  3755  3792 D DisplayPowerController: getFinalBrightness : Summary is 148 -> 148
01-25 02:01:57.410  3755  3792 D DisplayPowerController: Animating brightness: target=148, rate=2000 (PSM:true, AB limit:(-1 ~ -1) MB Limit:(-1 ~ -1))
01-25 02:01:57.410  3755 25995 D MISC PowerHAL: sysfs_write +: /sys/class/input/event1/device/enabled: 1
01-25 02:01:57.411  4621  4621 D KeyguardFingerPrint: onAuthenticationAcquired() = 10001
01-25 02:01:57.411  3755 25991 D MISC PowerHAL: sysfs_write +: /sys/class/input/event2/device/enabled: 1
01-25 02:01:57.411  4621  4621 D KeyguardFingerPrint: fingerprint applyBooster
01-25 02:01:57.411  3755 25991 D MISC PowerHAL: sysfs_write -: /sys/class/input/event2/device/enabled: 1
01-25 02:01:57.415  3755  4360 D CAE     : onGetSensorHubData(SensorHubParserProvider.java:94) - onGetSensorHubData Event [event buffer len :10], AP_WAKEUP
01-25 02:01:57.416  3755  4360 I CAE     : parse(SensorHubParserProvider.java:196) - buffer size = 10
01-25 02:01:57.416  3755  3775 W CAE     : setCAProperty(ContextAwareService.java:589) - [setProperty 01] Mutex is locked for AUTO_ROTATION
01-25 02:01:57.416  3755  4360 I CAE     : parse(SensorHubParserProvider.java:207) - 1, 1, 26, 1, 1, -126, 76, 25, 1, 1,
01-25 02:01:57.417  3755  3775 I CAE     : setPropertyValue(AutoRotationRunner.java:119) - Device Type = 0.0
01-25 02:01:57.417  3755  4360 D CAE     : display(ContextProvider.java:375) - ================= ACTIVITY_TRACKER =================
01-25 02:01:57.417  3755  3775 I CAE     : setCAProperty(ContextAwareService.java:594) - result : true
01-25 02:01:57.418  3755  4360 I CAE     : display(ContextProvider.java:391) - Accuracy=[1], OperationMode=[0], ActivityType=[1], TimeStamp=[1548399716377]
01-25 02:01:57.418  3755  7347 D PowerManagerService: [api] [s] userActivity : event: 0 flags: 0 (uid: 10055 pid: 4621) eventTime = 63585598
01-25 02:01:57.418  3755  3775 W CAE     : setCAProperty(ContextAwareService.java:595) - [setProperty 02] Mutex is unlocked for AUTO_ROTATION
01-25 02:01:57.420  3755  4363 D SemContextService: updateContext() : event = Activity Tracker
01-25 02:01:57.422  3755  3755 D SemContextManager: onSemContextChanged() : event = Activity Tracker
01-25 02:01:57.422  3755  3755 D SemContextManager: onSemContextChanged() : event = Activity Tracker
01-25 02:01:57.423  3755  3755 D SContextManager: onSContextChanged() : event = Activity Tracker
01-25 02:01:57.423  3755  3755 D WifiService: onSContextChanged(): status - 1, mPrevActivityStatus - -1, accuracy - 1
01-25 02:01:57.423  3755  3755 D WifiStateMachine: setActivityStatus() : status - 1
01-25 02:01:57.423  3755  3755 D SContextManager: onSContextChanged() : event = Activity Tracker
01-25 02:01:57.423  3755  3755 D WifiService: onSContextChanged(): status - 1, mPrevActivityStatus - 1, accuracy - 1
01-25 02:01:57.425  3755  3775 W CAE     : registerCallback(ContextAwareService.java:155) - [regi 01] Mutex is locked for AUTO_ROTATION
01-25 02:01:57.426  3755  7395 D CompatibilityInfo: mCompatibilityFlags - 0
01-25 02:01:57.426  3755  7395 D CompatibilityInfo: applicationDensity - 420
01-25 02:01:57.426  3755  7395 D CompatibilityInfo: applicationScale - 1.0
01-25 02:01:57.427  3755  3775 V CAE     : start(ContextProvider.java:128)
01-25 02:01:57.432  3755  7363 D CompatibilityInfo: mCompatibilityFlags - 0
01-25 02:01:57.432  3755  7363 D CompatibilityInfo: applicationDensity - 420
01-25 02:01:57.432  3755  7363 D CompatibilityInfo: applicationScale - 1.0
01-25 02:01:57.434 23425 23425 D [WeatherWidget(15061)]  WeatherScreenReceiver: {[AE44B1CAE710C9799F38EE823B33FC6FD1758E066E5B1B99A2F7EE69509032FEEB075795FA0CFCF2F5C15479C41947E9750870FC7DC1D73237312BEFAFD09EFB]}
01-25 02:01:57.436  3755  3775 V CAE     : clear(AutoRotationRunner.java:182)
01-25 02:01:57.439  5032  6399 D EPDG -- [MODEM]: message length is  9
01-25 02:01:57.439  4621  4621 I ViewCaptureUtil: Capture the lockscreen
01-25 02:01:57.439  5032  6399 D EPDG -- [MODEM]: countRead is 7 offset is 7remaining is 0
01-25 02:01:57.439  5032  6399 D EPDG -- EpdgIpcMessageFactory: ipcMainCmd: 8
01-25 02:01:57.440  5032  6399 D EPDG -- [UTILS]: isUSerBinary: true
01-25 02:01:57.440  5032  6399 D EPDG -- [RILRECEIVER]: [Rx]: Main: IPC_NET_CMD Sub: IPC_NET_REGIST
01-25 02:01:57.440  5032  6399 D EPDG -- [RILRECEIVER]: [Rx]: Param: FF 03 
01-25 02:01:57.440  5032  6399 I EPDG -- [RILRECEIVER]: RX [NET_REGIST] -- RESPONSE -- EPDG AVAILABLE
01-25 02:01:57.440  5032  6399 D EPDG -- [NETIPCMESSAGE]: encodeNetRegist
01-25 02:01:57.440  5032  6399 D EPDG -- [UTILS]: isUSerBinary: true
01-25 02:01:57.440  3755  3775 V CAE     : enable(AutoRotationRunner.java:158)
01-25 02:01:57.441  5032  6399 D EPDG -- [IPCDISPATCHER]: [Tx]: Main: IPC_NET_CMD Sub: IPC_NET_REGIST Cmd Type: IPC_CMD_RESP
01-25 02:01:57.441  5032  6399 D EPDG -- [IPCDISPATCHER]: [Tx]: Param: 30 03 02 00 00 00 00 00 00 00 00 00 00 
01-25 02:01:57.441  5032  6399 D EPDG -- [MODEM]: EpdgModem instance already exists !
01-25 02:01:57.441  5032  6398 D EPDG -- [MODEM]: Successfully written to RIL
01-25 02:01:57.441  3277 25962 I tlc_communication: mcWaitNotification is completed;237
01-25 02:01:57.441  3277 25962 I TLC_BAUTH: Check the Trustlet return code is completed;1288
01-25 02:01:57.441  3277 25962 D bauth_FPBAuthService: check_opcode status = 2, opcode = 4, func_ret_val = 0, function_status = 1, timeout = -1
01-25 02:01:57.441  3277 25962 D bauth_FPBAuthService: FPBAuthService, 1191
01-25 02:01:57.441  3277 25962 D bauth_FPBAuthSensorControl: FPBAuthSensorControl, 432
01-25 02:01:57.442  3277 25962 D bauth_FPBAuthSensorControl: FPBAuthSensorControl, 390
01-25 02:01:57.442  3277 25962 D bauth_FPBAuthService: FPBAuthService, 1208
01-25 02:01:57.442  5032  5668 D EPDG -- [EPDGService]: Event received: RIL_EPDG_STATUS_QUERY
01-25 02:01:57.442  5032  5668 D EPDG -- [EPDGService]: handleMessage: cid - 2
01-25 02:01:57.445  3277 25962 D bauth_FPBAuthSensorControl: FPBAuthSensorControl, 552
01-25 02:01:57.445  3755  3775 I CAE     : sendCmdToSensorHub(SensorHubCommManager.java:162) - -79, 7, 0, 0,
01-25 02:01:57.446  3755  3775 D SensorHubManager: SendSensorHubData: send data = -79, 7, 0, 0
01-25 02:01:57.447  3231  3231 D Sensorhubs: sendContextData: -79, 7, 0, 0
01-25 02:01:57.455  3755  3775 D CAE     : getFaultDetectionResult(AutoRotationRunner.java:195) - true
01-25 02:01:57.455  3755  3775 I CAE     : notifyCmdProcessResultObserver(ContextProvider.java:627) - CheckResult = 0, Cause = Success
01-25 02:01:57.457 23425 23425 D [WeatherWidget(15061)]  WidgetCount: {[58A211B6B849F6AF6FA5E7616FBE3EE98829A5398C07564C0DB3BFB5D240ABC2]}
01-25 02:01:57.458 23425 23425 D [WeatherWidget(15061)]  WidgetCount: {[CCB0E3EE44F2E0E1B203CCF447EC08807DF4714E0771C754FA3E35B5E7EAE40E]}
01-25 02:01:57.461 23425 23425 D [WeatherWidget(15061)]  WidgetCount: {[2186A9543452C41452D43BCFD5226C4BA24310F8C8A6AE911E2720EA3C7BA04739C257A7FDCA4ECD086B1A59118E54A843347CCAA559B7F1D4FF7B228FB898B1]}
01-25 02:01:57.463  3755  3755 D PersonaManagerService: ACTION_SCREEN_ON onReceive
01-25 02:01:57.466  3755  3804 D PersonaManagerServiceHandler: MSG_ACTION_SCREEN_ON called
01-25 02:01:57.467  3755  3775 D CAE     : doCommendProcess(ContextAwareService.java:444) - complete notify the operation result.
01-25 02:01:57.468  3755  7343 D CompatibilityInfo: mCompatibilityFlags - 0
01-25 02:01:57.468  3755  7343 D CompatibilityInfo: applicationDensity - 420
01-25 02:01:57.468  3755  7343 D CompatibilityInfo: applicationScale - 1.0
01-25 02:01:57.473  3755  3775 I CAE     : displayUsedCountForService(ContextAwareService.java:536) - totalCnt = 1, serviceCount = 1, subCollectionCount = 0
01-25 02:01:57.473  3755  3775 D CAE     : showListenerList(ContextAwareService.java:377) - ===== Context Aware Service List =====
01-25 02:01:57.474  3755  3775 I CAE     : showListenerList(ContextAwareService.java:386) - Listener : com.samsung.android.contextaware.manager.ContextAwareService$Listener@57a7418, Service : PEDOMETER(1)
01-25 02:01:57.475  3755  3775 I CAE     : showListenerList(ContextAwareService.java:386) - Listener : com.samsung.android.contextaware.manager.ContextAwareService$Listener@ead6f73, Service : ACTIVITY_TRACKER_BATCH(1)
01-25 02:01:57.476  3755  3775 I CAE     : showListenerList(ContextAwareService.java:386) - Listener : com.samsung.android.contextaware.manager.ContextAwareService$Listener@acffaa9, Service : STEP_LEVEL_MONITOR(1)
01-25 02:01:57.476  3755  7344 D CompatibilityInfo: mCompatibilityFlags - 0
01-25 02:01:57.476  3755  7344 D CompatibilityInfo: applicationDensity - 420
01-25 02:01:57.476  3755  7344 D CompatibilityInfo: applicationScale - 1.0
01-25 02:01:57.477  3755  3775 I CAE     : showListenerList(ContextAwareService.java:386) - Listener : com.samsung.android.contextaware.manager.ContextAwareService$Listener@fac7cb2, Service : SENSOR_STATUS_CHECK_RUNNER(1)
01-25 02:01:57.478  3755  3775 I CAE     : showListenerList(ContextAwareService.java:386) - Listener : com.samsung.android.contextaware.manager.ContextAwareService$Listener@164059b, Service : ACTIVITY_TRACKER_CURRENT_INFO(1)
01-25 02:01:57.479  4560  4560 D BtGatt.GattService: LCD turned on
01-25 02:01:57.479  3755  3775 I CAE     : showListenerList(ContextAwareService.java:386) - Listener : com.samsung.android.contextaware.manager.ContextAwareService$Listener@164059b, Service : ACTIVITY_TRACKER(1)
01-25 02:01:57.480  4560  5167 D BtGatt.ScanManager: handleLcdOnIntent
01-25 02:01:57.480  4560  5167 D BtGatt.ScanManager: handleLcdOnIntent
01-25 02:01:57.480  3755  3775 I CAE     : showListenerList(ContextAwareService.java:386) - Listener : com.samsung.android.contextaware.manager.ContextAwareService$Listener@6ee68c, Service : AUTO_BRIGHTNESS(1)
01-25 02:01:57.480  3755  3775 I CAE     : showListenerList(ContextAwareService.java:386) - Listener : com.samsung.android.contextaware.manager.ContextAwareService$Listener@49347b7, Service : AUTO_ROTATION(1)
01-25 02:01:57.481  3755  3775 W CAE     : registerCallback(ContextAwareService.java:191) - [regi 02] Mutex is unlocked for AUTO_ROTATION
01-25 02:01:57.481  3755  3775 D SemContextService: 	.registerCallback : 6, client=
01-25 02:01:57.481  3755  3775 D SemContextService: ===== SemContext Service List =====
01-25 02:01:57.481  3755  3775 D SemContextService: Listener : com.samsung.android.hardware.context.SemContextService$Listener@712ee71, Service : Step Level Monitor
01-25 02:01:57.481  3755  3775 D SemContextService: Listener : com.samsung.android.hardware.context.SemContextService$Listener@712ee71, Service : Pedometer
01-25 02:01:57.481  3755  3775 D SemContextService: Listener : com.samsung.android.hardware.context.SemContextService$Listener@dbfae30, Service : Activity Batch
01-25 02:01:57.481  3755  3775 D SemContextService: Listener : com.samsung.android.hardware.context.SemContextService$Listener@e1b8403, Service : Sensor Status Check
01-25 02:01:57.481  3755  3775 D SemContextService: Listener : com.samsung.android.hardware.context.SemContextService$Listener@5bf01d5, Service : Auto Brightness
01-25 02:01:57.481  3755  3775 D SemContextService: Listener : com.samsung.android.hardware.context.SemContextService$Listener@169df78, Service : Activity Tracker
01-25 02:01:57.481  3755  3775 D SemContextService: Listener : com.samsung.android.hardware.context.SemContextService$Listener@1197b24, Service : Auto Rotation
01-25 02:01:57.481  3755  3775 D SemContextManager:   .registerListener : listener = android.hardware.scontext.SContextManager$SContextListenerDelegate@5b1e0cc, service=Auto Rotation
01-25 02:01:57.481  3755  3775 D SContextManager:   .registerListener : listener = com.android.server.policy.WindowOrientationListener$OrientationSensorJudge@7f927a3, service=Auto Rotation
01-25 02:01:57.481  3755  3775 D DisplayPowerController: [api] WindowManagerPolicy.ScreenOnListener : Received onScreenOn().
01-25 02:01:57.482  3755  3792 I DisplayPowerController: Unblocked screen on after 364 ms
01-25 02:01:57.482  3755  3792 D DisplayPowerController: animateScreenStateChange[0]: target=2
01-25 02:01:57.482  3755  3792 D ColorFade: prepare: mode=2
01-25 02:01:57.482  3755  3792 D ColorFade: ColorFade is already prepared
01-25 02:01:57.482  3755  3792 D DisplayPowerController: ColorFade: onAnimationStart
01-25 02:01:57.482  3755  3792 D DisplayPowerState: !@ [0] ColorFade exit
01-25 02:01:57.482  3755  3792 D PowerManagerService: [input device light] onColorFadeExit(true)
01-25 02:01:57.483  3755  3792 D DisplayPowerController: [Dual Screen Compatible] state[0] :2
01-25 02:01:57.483  3755  3792 D AutomaticBrightnessController: [DAB] no lux value from sensor manager
01-25 02:01:57.483  3755  4550 D AutomaticBrightnessController: [DAB] setLightSensorEnabled : unregisterListenerRunnable
01-25 02:01:57.483  3755  3792 D DisplayPowerController: getFinalBrightness : Summary is 148 -> 148
01-25 02:01:57.483  3755  3792 D DisplayPowerController: Animating brightness: target=148, rate=2000 (PSM:true, AB limit:(-1 ~ -1) MB Limit:(-1 ~ -1))
01-25 02:01:57.483  3755  3792 D DisplayPowerState: Requesting new screen state: [0] state=ON, backlight (By colorFade)=148
01-25 02:01:57.483 23425 23425 D [WeatherWidget(15061)]  WeatherService: {[9487F20DCED78CE73EA66807BB270FD3E62FA8D486253144167A6949370A3CD8]}
01-25 02:01:57.483  3755  3792 D DisplayPowerController: [Dual Screen Compatible] state[0] :2
01-25 02:01:57.483  3755  3792 D DisplayPowerController: getFinalBrightness : Summary is 148 -> 148
01-25 02:01:57.484  3755  4550 D SemContextService: removeListener() : Listener = com.samsung.android.hardware.context.SemContextService$Listener@5bf01d5, Service = Auto Brightness, used = 0
01-25 02:01:57.484  3755  3792 D DisplayPowerController: Animating brightness: target=148, rate=2000 (PSM:true, AB limit:(-1 ~ -1) MB Limit:(-1 ~ -1))
01-25 02:01:57.484  3755  4551 D DisplayPowerState: Updating screen state [0]: state=ON, backlight (by ColorFade)=148
01-25 02:01:57.484 23425 23425 D [WeatherWidget(15061)]  : {[3AE6950019B083611567B0F9442DB03E36B37708FCADB7FDDBA670B1362D994454BFFFDA2568816BBDDA6DD60F644DCF]}
01-25 02:01:57.484  3755  4551 D lights  : lcd : 148 +
01-25 02:01:57.484  3755  4550 W CAE     : unregisterCallback(ContextAwareService.java:217) - [unregi 01] Mutex is locked for AUTO_BRIGHTNESS
01-25 02:01:57.485  3755  4550 V CAE     : stop(ContextProvider.java:155)
01-25 02:01:57.486 23425 23425 D [WeatherWidget(15061)]  : {[A1AF0F6A1A65A89C43D705938923D0FE0259CBA56E4484DDAF167EE897E0098D214B31210E90A8E4D761DF2724951166F2287DB34D772530C5896F56ACED7599AED9BD5F8E06D85E0BA64E4B88436A115FC76B78E1B4BBBE980A3FD96EB08D70EB3BE3E2BB2EC21FF0F36FC1E0C697F1]}
01-25 02:01:57.491  3755  4551 D lights  : lcd : 148 -
01-25 02:01:57.495 23425 23425 D [WeatherWidget(15061)]  WeatherService: {[44BE909F148A112BE24DB9207B7094FC3FC96DDEE23640287DA5ACAB1D582780247AD6051A6DEB776FBEE4CC777897AD]}
01-25 02:01:57.495  3755  4550 V CAE     : clear(AutoBrightnessRunner.java:267)
01-25 02:01:57.496  3755  4550 V CAE     : disable(AutoBrightnessRunner.java:256)
01-25 02:01:57.496  3755  4550 I CAE     : sendCmdToSensorHub(SensorHubCommManager.java:162) - -78, 48, 0, 0,
01-25 02:01:57.497  3755  4550 D SensorHubManager: SendSensorHubData: send data = -78, 48, 0, 0
01-25 02:01:57.497  3231  3266 D Sensorhubs: sendContextData: -78, 48, 0, 0
01-25 02:01:57.501 23425 23425 W Settings: Setting data_roaming has moved from android.provider.Settings.Secure to android.provider.Settings.Global.
01-25 02:01:57.502 23425 23425 D [WeatherWidget(15061)]  RoamingUtil: {[D5984B6ED8EBD0D73FB67FEB395BAAC73F219977E266B99BFD20FE5B7E3463847E3B63D34100EA2FDE5D491F7660E834A06868EFA0E6868FEA46A0B406848524]}
01-25 02:01:57.508  3755  4550 D CAE     : getFaultDetectionResult(AutoBrightnessRunner.java:281) - true
01-25 02:01:57.508 23425 23425 D [WeatherWidget(15061)]  WeatherService: {[EC3334F14841398C8B464A72D0E61AB7C19CA34DF69EC42A7BD50FF01EB06E70CB5057E333274446F281A2D0E6349EA2]}
01-25 02:01:57.508  3755  4550 I CAE     : notifyCmdProcessResultObserver(ContextProvider.java:627) - CheckResult = 0, Cause = Success
01-25 02:01:57.509 23425 23425 D [WeatherWidget(15061)]  WeatherAppWidget: {[9C41A2EAFAAB2EF4F8363256C22FE8ADE74F100B9CC487BE27E8F8A137E768022F3D75E4272B69C004B1ABF10C0F2210143AA65B58B0C7B8B0AA82129EA61300ACE1FEEB8AE1B3C007EB73257700FEB4C83357904C34359E6B7F99DFAFFAE5B5ED5A5635FC04D229F5EEB63A6D89559EBE95942ABBCB979FCA0BD97B1C2A838A]}
01-25 02:01:57.511 23425 23425 D [WeatherWidget(15061)]  : {[4C0512EFA0AB4990F6AA1DF592AD92A7F0B9EF71550DD16C356391DD9598536C]}
01-25 02:01:57.511 23425 23425 D [WeatherWidget(15061)]  : {[60F9DFBE0DDF665D78B93B355C69FD16FD82FBECAFC71D5DC70E8ABB3824B9582234AD038886808B2E7B2600E0220D8BE8A853685EF6E90C12176907908AD1737EA9980A151C821AE64ADECB1FD68FC0201B657D72E980D477D98F74E5B061CB717CE9EA74172678781AA7A2C9859440]}
01-25 02:01:57.517  3755  6080 D CompatibilityInfo: mCompatibilityFlags - 0
01-25 02:01:57.517  3755  6080 D CompatibilityInfo: applicationDensity - 420
01-25 02:01:57.517  3755  6080 D CompatibilityInfo: applicationScale - 1.0
01-25 02:01:57.524  3755  4550 D CAE     : doCommendProcess(ContextAwareService.java:444) - complete notify the operation result.
01-25 02:01:57.527 23425 23425 D [WeatherWidget(15061)]  WeatherAppWidget2x1: {[9C41A2EAFAAB2EF4F8363256C22FE8AD24D3616384EBEB10D68DCF98DD19E13C8DAEC659FCF79C4F6DA3AFAC23ED58EA3D4378042F5849EE7FB8C870D83CEAC0FF8D7CB56B4EBFCE49B698FEAD4F8865221971923C18F12719644D45976617AED33BB6A15515C3F60A8531A75A13C2AF7D95698B2F985693F00ECCAE55872FE3]}
01-25 02:01:57.530  5021  5021 D PhoneApp: PhoneAppBroadcastReceiver onReceive android.intent.action.ANY_DATA_STATE
01-25 02:01:57.531  5021  5021 D PhoneApp: mReceiver: ACTION_ANY_DATA_CONNECTION_STATE_CHANGED
01-25 02:01:57.531  5021  5021 D PhoneApp: - state: CONNECTED apnType= ims
01-25 02:01:57.531  5021  5021 D PhoneApp: - reason: SCREEN_ON
01-25 02:01:57.531  5021  5021 D PhoneApp: - subId: 1
01-25 02:01:57.531  5021  5021 D PhoneApp: - phoneId: 0
01-25 02:01:57.531  5021  5021 I PhoneApp: Phone.REASON_ROAMING_ON : roamingOn
01-25 02:01:57.532  5021  5021 I PhoneApp: PhoneConstants.STATE_CHANGE_REASON_KEY : SCREEN_ON
01-25 02:01:57.532  5021  5021 D PhoneApp: disconnectedDueToRoaming = false PhoneUtils.isDataRoaming() = false
01-25 02:01:57.532  5021  5021 I TelephonyExtensionManager: state - CONNECTED
01-25 02:01:57.532  5021  5021 D FileWriteThread_Telephony: FileWriteThread : threadType = 3
01-25 02:01:57.532  3755  4550 I CAE     : displayUsedCountForService(ContextAwareService.java:536) - totalCnt = 0, serviceCount = 0, subCollectionCount = 0
01-25 02:01:57.532  3755  4550 D CAE     : showListenerList(ContextAwareService.java:377) - ===== Context Aware Service List =====
01-25 02:01:57.533  3755  4550 I CAE     : showListenerList(ContextAwareService.java:386) - Listener : com.samsung.android.contextaware.manager.ContextAwareService$Listener@57a7418, Service : PEDOMETER(1)
01-25 02:01:57.534  5021  5021 D PhoneApp: PhoneAppBroadcastReceiver onReceive android.intent.action.ANY_DATA_STATE
01-25 02:01:57.535  3755  4550 I CAE     : showListenerList(ContextAwareService.java:386) - Listener : com.samsung.android.contextaware.manager.ContextAwareService$Listener@ead6f73, Service : ACTIVITY_TRACKER_BATCH(1)
01-25 02:01:57.535  5021 26005 D FileWriteThread_Telephony: dataChargingCutOff : data_call = 48
01-25 02:01:57.535  3755  4550 I CAE     : showListenerList(ContextAwareService.java:386) - Listener : com.samsung.android.contextaware.manager.ContextAwareService$Listener@acffaa9, Service : STEP_LEVEL_MONITOR(1)
01-25 02:01:57.536 23425 23425 D [WeatherWidget(15061)]  : {[907D161D855C099E8A312E5C2BBE6025535DBBB5BBD827FC6E63D75F709CFBF954AE0885C52E41F05277D5DF3BE7D89405855AAA9A62A3E6274E1ABA76517016]}
01-25 02:01:57.536  5021  5021 D PhoneApp: mReceiver: ACTION_ANY_DATA_CONNECTION_STATE_CHANGED
01-25 02:01:57.536  5021  5021 D PhoneApp: - state: CONNECTED apnType= default
01-25 02:01:57.536  5021  5021 D PhoneApp: - reason: SCREEN_ON
01-25 02:01:57.536  5021  5021 D PhoneApp: - subId: 1
01-25 02:01:57.536  3755  4550 I CAE     : showListenerList(ContextAwareService.java:386) - Listener : com.samsung.android.contextaware.manager.ContextAwareService$Listener@fac7cb2, Service : SENSOR_STATUS_CHECK_RUNNER(1)
01-25 02:01:57.536  5021  5021 D PhoneApp: - phoneId: 0
01-25 02:01:57.536  5021  5021 I PhoneApp: Phone.REASON_ROAMING_ON : roamingOn
01-25 02:01:57.536  5021  5021 I PhoneApp: PhoneConstants.STATE_CHANGE_REASON_KEY : SCREEN_ON
01-25 02:01:57.537 23425 23425 D [WeatherWidget(15061)]  WeatherAppWidget2x1: {[9C41A2EAFAAB2EF4F8363256C22FE8AD176C2E70281622FE10C55CE4F020D91847EBF4B34973709DA9F468F8024D59099B1123845E09A0FAC59473FA9ED60953]}
01-25 02:01:57.537  5021  5021 D PhoneApp: disconnectedDueToRoaming = false PhoneUtils.isDataRoaming() = false
01-25 02:01:57.537  5021  5021 I TelephonyExtensionManager: state - CONNECTED
01-25 02:01:57.537  5021  5021 D FileWriteThread_Telephony: FileWriteThread : threadType = 2
01-25 02:01:57.537  3755  4550 I CAE     : showListenerList(ContextAwareService.java:386) - Listener : com.samsung.android.contextaware.manager.ContextAwareService$Listener@164059b, Service : ACTIVITY_TRACKER_CURRENT_INFO(1)
01-25 02:01:57.538  3755  4550 I CAE     : showListenerList(ContextAwareService.java:386) - Listener : com.samsung.android.contextaware.manager.ContextAwareService$Listener@164059b, Service : ACTIVITY_TRACKER(1)
01-25 02:01:57.539  3755  4550 I CAE     : showListenerList(ContextAwareService.java:386) - Listener : com.samsung.android.contextaware.manager.ContextAwareService$Listener@49347b7, Service : AUTO_ROTATION(1)
01-25 02:01:57.540  3755  4550 W CAE     : unregisterCallback(ContextAwareService.java:252) - [unregi 02] Mutex is unlocked for AUTO_BRIGHTNESS
01-25 02:01:57.540  3755  4550 D SemContextService: 	.unregisterCallback : 6, client=
01-25 02:01:57.540  3755  4550 D SemContextService: ===== SemContext Service List =====
01-25 02:01:57.540  3755  4550 D SemContextService: Listener : com.samsung.android.hardware.context.SemContextService$Listener@712ee71, Service : Step Level Monitor
01-25 02:01:57.540  3755  4550 D SemContextService: Listener : com.samsung.android.hardware.context.SemContextService$Listener@712ee71, Service : Pedometer
01-25 02:01:57.540  3755  4550 D SemContextService: Listener : com.samsung.android.hardware.context.SemContextService$Listener@dbfae30, Service : Activity Batch
01-25 02:01:57.540  3755  4550 D SemContextService: Listener : com.samsung.android.hardware.context.SemContextService$Listener@e1b8403, Service : Sensor Status Check
01-25 02:01:57.540  3755  4550 D SemContextService: Listener : com.samsung.android.hardware.context.SemContextService$Listener@169df78, Service : Activity Tracker
01-25 02:01:57.540  3755  4550 D SemContextService: Listener : com.samsung.android.hardware.context.SemContextService$Listener@1197b24, Service : Auto Rotation
01-25 02:01:57.540  3755  4550 D SemContextManager:   .unregisterListener : listener = android.hardware.scontext.SContextManager$SContextListenerDelegate@8dbf1b1, service=Auto Brightness
01-25 02:01:57.541  3755  4550 D SContextManager:   .unregisterListener : listener = com.android.server.display.AutomaticBrightnessController$5@11bb8c3, service=Auto Brightness
01-25 02:01:57.541  3755  4550 D PowerManagerUtil: Excessive delay in SensorHubAutoBrightnessEnabled::unregisterListener done: 58ms
01-25 02:01:57.543  5021 26006 D FileWriteThread_Telephony: dataChargingCutOff : data_call = 49
01-25 02:01:57.545  4621  4806 D NetworkController.MobileSignalController(0/1): onDataActivity: direction=0
01-25 02:01:57.545  5032  5668 D EPDG -- [EPDGService]: onDataActivity: direction=0
01-25 02:01:57.547  3755  3767 D CompatibilityInfo: mCompatibilityFlags - 0
01-25 02:01:57.547  3755  3767 D CompatibilityInfo: applicationDensity - 420
01-25 02:01:57.547  3755  3767 D CompatibilityInfo: applicationScale - 1.0
01-25 02:01:57.549 23425 23425 D [WeatherWidget(15061)]  EasyWeatherAppWidget: {[48948B2BE5213A6D5B0C9B7747497512CAC38177609B2B6F1F16DB965D7D43410EDA2D444ACBA386E91E1FA6B3C38870128DD346C4D39F4B310AAEB16D5215E65B3E04A593E577F60D76D1932AD9EADD16B356DA517EF1B193C3C2443D58583FF4130EE2B5F5334C0BA0A0CCF7224CD6C07C390FD15A32A436637D0FACABFEA4]}
01-25 02:01:57.551  4621  4806 D NetworkController.MobileSignalController(0/1): onDataActivity: direction=0
01-25 02:01:57.551  5032  5668 D EPDG -- [EPDGService]: onDataActivity: direction=0
01-25 02:01:57.551 23425 23425 D [WeatherWidget(15061)]  : {[907D161D855C099E8A312E5C2BBE6025535DBBB5BBD827FC6E63D75F709CFBF954AE0885C52E41F05277D5DF3BE7D89405855AAA9A62A3E6274E1ABA76517016]}
01-25 02:01:57.552  3755  4444 D SamsungAlarmManager: Cancel Alarm calling from uid:1001 pid :5021 / op:PendingIntent{8052590: PendingIntentRecord{bb6f00 com.android.phone broadcastIntent}}
01-25 02:01:57.552 23425 23425 D [WeatherWidget(15061)]  EasyWeatherAppWidget: {[48948B2BE5213A6D5B0C9B7747497512D7646A5A57C4B1820BB1D39DF9F23EA3D05ADA26DF3F5FEC4FA6AFC9EED5963485B3863BE45B906B9F93E60E1BD5AC1F]}
01-25 02:01:57.560  3755  7347 D CompatibilityInfo: mCompatibilityFlags - 0
01-25 02:01:57.560  3755  7347 D CompatibilityInfo: applicationDensity - 420
01-25 02:01:57.560  3755  7347 D CompatibilityInfo: applicationScale - 1.0
01-25 02:01:57.570  3755 25992 D MISC PowerHAL: sysfs_write -: /sys/class/input/event0/device/enabled: 1
01-25 02:01:57.573  3755  3755 D CompatibilityInfo: mCompatibilityFlags - 0
01-25 02:01:57.574  3755  3755 D CompatibilityInfo: applicationDensity - 420
01-25 02:01:57.574  3755  3755 D CompatibilityInfo: applicationScale - 1.0
01-25 02:01:57.582  3755  6065 D SamsungAlarmManager: setInexact Intent (T:3/F:8/AC:false) 20190125T020257 - CU:1001/CP:5021
01-25 02:01:57.584  3277 25962 D bauth_FPBAuthSensorControl: FPBAuthSensorControl, 474
01-25 02:01:57.585  3277 25962 D bauth_FPBAuthSensorControl: FPBAuthSensorControl, 390
01-25 02:01:57.585  3277 25962 D bauth_FPBAuthSensorControl: FPBAuthSensorControl, 432
01-25 02:01:57.585  3277 25962 D bauth_FPBAuthService: FPBAuthService, 1340
01-25 02:01:57.585  3277 25962 D bauth_FPBAuthService: FPBAuthService, 1351
01-25 02:01:57.587  3277 25962 D bauth_FPBAuthSensorControl: FPBAuthSensorControl, 552
01-25 02:01:57.587  3277 25962 D bauth_FPBAuthService: FPBAuthService, 3388
01-25 02:01:57.587  3277 25962 I TLC_BAUTH: Call FP cmd 0x6;1222
01-25 02:01:57.587  3277 25962 I tlc_communication: Send Trustlet TCI Message;214
01-25 02:01:57.587  3277 25962 I tlc_communication: mcNotify is completed;224
01-25 02:01:57.592  3755  3755 D SamsungAlarmManager: Cancel Alarm calling from uid:1000 pid :3755 / op:PendingIntent{66d632a: PendingIntentRecord{e564544 android broadcastIntent}}
01-25 02:01:57.594  3755  3755 D SamsungAlarmManager: Cancel Alarm calling from uid:1000 pid :3755 / op:PendingIntent{d46351b: PendingIntentRecord{83af214 android broadcastIntent}}
01-25 02:01:57.600  3755 25995 D MISC PowerHAL: sysfs_write -: /sys/class/input/event1/device/enabled: 1
01-25 02:01:57.600  5007  5863 D VolteServiceModule: onSreenOnOffChanged: on =1
01-25 02:01:57.600  5007  5863 D StackIF : updateScreenOnOff: on 1
01-25 02:01:57.601  3755  3797 D MISC PowerHAL: sysfs_write +: /sys/class/power_supply/battery/lcd: 1
01-25 02:01:57.601  3755  3797 D MISC PowerHAL: sysfs_write -: /sys/class/power_supply/battery/lcd: 1
01-25 02:01:57.601  3755  3797 D PowerManagerService-JNI: Excessive delay in MISC setInteractive(true) while turning screen on: 212ms
01-25 02:01:57.601  3755  3797 D PowerManagerUtil: Excessive delay in nativeSetInteractive(true): 213ms
01-25 02:01:57.601  5007  5810 D StackIF.Sender: handleMessage: what 1
01-25 02:01:57.601  5007  5810 D SECIMSJ : [1190]> REQUEST_UPDATE_COMMON_CONFIG
01-25 02:01:57.601  3755  3797 D PowerManagerUtil: Excessive delay in DisplayManagerInternal.requestDesiredDisplayState: 479ms
01-25 02:01:57.602  3236  3348 E [IMS6.0]: ImsEventLoop: select (1), errno (11)
01-25 02:01:57.602  3236  3348 I [IMS6.0]: DispatchUpdateCommonConfig()
01-25 02:01:57.602  3236  3353 E [IMS6.0]: IMS_onResponse() Resp Id:101
01-25 02:01:57.602  3236  3353 I [IMS6.0]: ResponseGeneralResponse()
01-25 02:01:57.602  3236  3353 I [IMS6.0]: ResponseGeneralResponse() handle:0
01-25 02:01:57.603  5007  5812 D SECIMSJ : [1190]< REQUEST_UPDATE_COMMON_CONFIG
01-25 02:01:57.603  5007  5812 D StackIF : processResponse: reqId 2
01-25 02:01:57.603  5007  5812 D StackIF : processResponse: handle 0 result REQUEST_SUCCESS reason REASON_NO_ERROR
01-25 02:01:57.604  5967  5967 D NfcService: Top activity class name = com.epicgames.ue4.GameActivity
01-25 02:01:57.604  5967  5967 D NfcService: FactoryTestApp is not running, keep going
01-25 02:01:57.605  3755  4448 D CoverManagerWhiteLists: isAllowedToUse : SIGNATURE_MATCH
01-25 02:01:57.607  5967  5967 I NfcService: When receiving ACTION_SCREEN_ON, S view cover is already opened. So screenState is ON_LOCKED by isKeyguardLocked()
01-25 02:01:57.612  5032  5668 D EPDG -- [EPDGService]: getIsSimCardRemoved: returning: false
01-25 02:01:57.612  5032  5668 D EPDG -- [EPDGService]: getIsScreenOn: returning: true
01-25 02:01:57.612  5032  5668 D EPDG -- [EpdgServerSelection]: isEpdgServerDnsValid(): returning resulttrue
01-25 02:01:57.612  5032  5668 D EPDG -- [UTILS]: isEnhancedEpdg : false
01-25 02:01:57.612  5967 26008 D NfcService: call the applyRouting
01-25 02:01:57.617  5929  5929 I HwDetectorWithState: #performNextHotwordAction action: 0
01-25 02:01:57.620  3241 11448 I APM_AudioPolicyManager: getInputForAttr() source 1999, samplingRate 16000, format 1, channelMask 10,session 18217, flags 0
01-25 02:01:57.624  3755  5085 I EDMNativeHelperService: isMicrophoneEnabled
01-25 02:01:57.625  3241 11448 V audio_hw_primary: adev_open_input_stream: request sample_rate:16000
01-25 02:01:57.625  3241 11448 V audio_hw_primary: in->requested_rate:16000, pcm_config_in.rate:48000 in->config.channels=2
01-25 02:01:57.625  3241 11448 D audio_hw_primary: adev_open_input_stream: preprocessing_latency = 0
01-25 02:01:57.625  3241 11448 I audio_hw_primary: adev_open_input_stream: input is null, set new input stream
01-25 02:01:57.627  3241 26010 I AudioFlinger: AudioFlinger's thread 0xeb903b80 ready to run
01-25 02:01:57.641  3241 11448 I APM_AudioPolicyManager: startInput() input 1574
01-25 02:01:57.642  3241 26010 D audio_hw_primary: in_set_parameters: enter: kvpairs: input_source=6;routing=-2147483644
01-25 02:01:57.643  3241 26010 V audio_hw_primary: set_processing_type: input_source(6), processing_type(0)
01-25 02:01:57.643  3241 26010 I audio_hw_primary: do_in_standby : in->standby 1
01-25 02:01:57.643  3241 26010 I samsungRecord: [samsungrecord] MicCalonoff 1
01-25 02:01:57.643  3241 26010 V audio_hw_primary: in_set_parameters: exit: status(0)
01-25 02:01:57.655  3241 26010 V audio_hw_primary: start_input_stream: set_hw_echoReference_enable(false)
01-25 02:01:57.655  3241 26010 W audio_hw_primary: start_input_stream echoReference effect is not supported.
01-25 02:01:57.656  3755  3792 D DisplayPowerController: ColorFade: onAnimationEnd
01-25 02:01:57.657  3755  3792 D DisplayPowerController: animateScreenStateChange[0]: target=2
01-25 02:01:57.660  5929 24398 I HotwordRecognitionRnr: Starting hotword detection.
01-25 02:01:57.665  3219  3281 I SurfaceFlinger: id=3569 Removed DolorFade (8/8)
01-25 02:01:57.667  3219  3451 I SurfaceFlinger: id=3569 Removed DolorFade (-2/8)
01-25 02:01:57.668  3755  3792 D PowerManagerUtil: Excessive delay in ColorFade : dismiss: 11ms
01-25 02:01:57.668  3755  3792 D DisplayPowerController: [Dual Screen Compatible] state[0] :2
01-25 02:01:57.668  3755  3792 D DisplayPowerController: getFinalBrightness : Summary is 148 -> 148
01-25 02:01:57.668  3755  3792 D DisplayPowerController: Animating brightness: target=148, rate=2000 (PSM:true, AB limit:(-1 ~ -1) MB Limit:(-1 ~ -1))
01-25 02:01:57.668  3755  3792 D DisplayPowerController: [M OS] 0 Notify policy about screen turned on.
01-25 02:01:57.668  3755  3792 D DisplayPowerController: [M OS] 0 REPORTED_TO_POLICY_SCREEN_TURNING_ON -> REPORTED_TO_POLICY_SCREEN_ON.
01-25 02:01:57.668  3755  3792 V KeyguardServiceDelegate: onScreenTurnedOn()
01-25 02:01:57.668  3755  3792 D PowerManagerService: [s] DisplayPowerCallbacks : onStateChanged()
01-25 02:01:57.668  4621  6725 D KeyguardViewMediator: notifyScreenTurnedOn
01-25 02:01:57.668  3755  3792 D PowerManagerService: mDisplayReady: true
01-25 02:01:57.668  4621  4621 D KeyguardViewMediator: handleNotifyScreenTurnedOn
01-25 02:01:57.672  5873  6549 W GCoreFlp: No location to return for getLastLocation()
01-25 02:01:57.693  4621  4621 D LockIcon: state = 0, mLastState = 0, mDeviceInteractive = true, mLastDeviceInteractive = true, mScreenOn = true, mLastScreenOn = false,  force = false
01-25 02:01:57.701  3755  3766 W AlarmManager: Window length 1152921504606846975ms suspiciously long; limiting to 1 hour
01-25 02:01:57.709  3755  3766 D SamsungAlarmManager: setInexact Intent (T:2/F:0/AC:false) 19301114T094001 - CU:10014/CP:5873
01-25 02:01:57.719  3241 26010 D audio_hw_primary: start_input_stream (0xed19f000) in->config.rate:48000 in->config.format:0
01-25 02:01:57.720  3241 26010 D PreProcess: new SamsungRecord
01-25 02:01:57.720  3241 26010 D PreProcess: new NS
01-25 02:01:57.720  3241 26010 I samsungRecord: [samsungrecord] SamsungRecInit 
01-25 02:01:57.720  3241 26010 D AudioInfo: can not find AudioDataPath for fileName:/miccalib.txt
01-25 02:01:57.720  3241 26010 I samsungRecord: [samsungrecordMIC]Use HardCoding Values
01-25 02:01:57.721  3241 26010 I samsungRecord: [samsungrecordMIC]Use HardCoding Values
01-25 02:01:57.722  3241 26010 D AudioInfo: can not find AudioDataPath for fileName:/samsungrec.txt
