01-09 16:06:59.499  4616  4823 D NetworkController.MobileSignalController(0/1): updateVZWMobileIconGroup(): 13
01-09 16:06:59.500  5035  5670 D EPDG -- [SMARTWIFI]: onSignalStrengthsChanged: Received signal strength change, phone type is: 2
01-09 16:06:59.501  5035  6446 D EPDG -- [SMARTWIFI]: lastLteRSRP is -104currentLteRSRP is -106
01-09 16:06:59.501  5035  6446 D EPDG -- [SMARTWIFI]: lastLteRSRQ is -12currentLteRSRQ is -12
01-09 16:06:59.501  5035  6446 D EPDG -- [SMARTWIFI]: lastCdmaDb is -16currentCdmaDb is -16
01-09 16:06:59.501  5035  6446 V EPDG -- [SMARTWIFI]: Radio oldest entry removed
01-09 16:06:59.501  5035  6446 V EPDG -- [SMARTWIFI]: New entry : (SignalStrength: 99 99 -120 -160 -120 -1 -1 18 -106 -12 50 2147483647 2147483647 0x3000 gsm|lte : 0 )
01-09 16:06:59.501  5035  6446 V EPDG -- [SMARTWIFI]: Radio entry added
01-09 16:06:59.511  4616  4823 D NetworkController.MobileSignalController(0/1): callState:0, callStateByPhone:false voLTECall:false voiceNetTpe:13 dataNetType:13, ine911:false, emergencyCallbackMode:false
01-09 16:06:59.515  5035  5670 D EPDG -- [SMARTWIFI]: onSignalStrengthsChanged: Received signal strength change, phone type is: 2
01-09 16:06:59.515  5035  6446 D EPDG -- [SMARTWIFI]: lastLteRSRP is -106currentLteRSRP is -106
01-09 16:06:59.515  5035  6446 D EPDG -- [SMARTWIFI]: lastLteRSRQ is -12currentLteRSRQ is -12
01-09 16:06:59.515  5035  6446 D EPDG -- [SMARTWIFI]: lastCdmaDb is -16currentCdmaDb is -16
01-09 16:06:59.515  5035  6446 V EPDG -- [SMARTWIFI]: Radio oldest entry removed
01-09 16:06:59.515  5035  6446 V EPDG -- [SMARTWIFI]: New entry : (SignalStrength: 99 99 -120 -160 -120 -1 -1 18 -106 -12 50 2147483647 2147483647 0x3000 gsm|lte : 0 )
01-09 16:06:59.515  5035  6446 V EPDG -- [SMARTWIFI]: Radio entry added
01-09 16:06:59.528  4616  4823 D NetworkController.MobileSignalController(0/1): onSignalStrengthsChanged signalStrength=SignalStrength: 99 99 -120 -160 -120 -1 -1 18 -106 -12 50 2147483647 2147483647 0x3000 gsm|lte level=3
01-09 16:06:59.528  4616  4823 D NetworkController.MobileSignalController(0/1): getMobileIconGroup(): 13
01-09 16:06:59.528  4616  4823 D NetworkController.MobileSignalController(0/1): updateVZWMobileIconGroup(): 13
01-09 16:06:59.534  4616  4823 D NetworkController.MobileSignalController(0/1): callState:0, callStateByPhone:false voLTECall:false voiceNetTpe:13 dataNetType:13, ine911:false, emergencyCallbackMode:false
01-09 16:06:59.567  3757  3770 D AudioService: getStreamVolume 3 index 120
01-09 16:06:59.773  3757 31269 D AudioService: getStreamVolume 3 index 120
01-09 16:06:59.837 23288 23402 D ClClient: Not sending keepalive.  Current connection state=STOPPED
01-09 16:06:59.987  3757 29841 D AudioService: getStreamVolume 3 index 120
01-09 16:07:00.000  3757  4354 D SamsungAlarmManager: Expired : 8
01-09 16:07:00.002  3757  4354 I SamsungAlarmManager: setLocked to kernel - T:3 / 20190109T160927, SetElapsed=268796298, nowELAPSED=268648817
01-09 16:07:00.196  3757  7206 D AudioService: getStreamVolume 3 index 120
01-09 16:07:00.408  3757 29838 D AudioService: getStreamVolume 3 index 120
01-09 16:07:00.614  3757  7205 D AudioService: getStreamVolume 3 index 120
01-09 16:07:00.817  3757  4473 D AudioService: getStreamVolume 3 index 120
01-09 16:07:01.020  3757  4469 D AudioService: getStreamVolume 3 index 120
01-09 16:07:01.065  5689  5689 D io_stats: !@   8,0 r 1293466 39937936 w 1148128 26472188 d 182656 14490000 f 323032 322939 iot 1936080 1053568 th 61440 61440 46984 pt 8330 inp 0 0 103888.259
01-09 16:07:01.226  3757  3771 D AudioService: getStreamVolume 3 index 120
01-09 16:07:01.434  3757  4440 D AudioService: getStreamVolume 3 index 120
01-09 16:07:01.652  3757  7216 D AudioService: getStreamVolume 3 index 120
01-09 16:07:01.869  3757  7202 D AudioService: getStreamVolume 3 index 120
01-09 16:07:01.888  3757  4966 E Watchdog: !@Sync 3461 [09_Jan_16_07_01.877]
01-09 16:07:01.940  6668  6733 D ContactsProvider_EventLog: contents_sample_state: [ contacts(369) data(4037) accounts({vnd.sec.contact.phone (1)=12, com.google (7)=693}) accounts deleted({}) calls([logtype:100 cnt:428, logtype:1150 cnt:72]) countryIso(US) userId(0)  ]

01-09 16:07:01.940  6668  6733 D ContactsProvider_EventLog: contents_sample_state: [ agr({[2 ,2 ,7]=1, [2 ,7 ,2 ,7]=1, [7 ,2 ,7]=4, [7 ,7 ,2]=4, [1 ,7]=5, [7]=51, [7 ,2]=231, [1 ,2 ,7]=7, [2 ,7]=65})  ]

01-09 16:07:01.940  6668  6733 D ContactsProvider_EventLog: contents_sample_state: [ actCnt({android.process.acore=1})  ]
01-09 16:07:01.972  6668  6733 E ContactsProvider_EventLog: Flush buffer to file cnt : 1 size : 0Kb duration : 25ms lastUpdatedAfter : 60327 ms mFlush_time_threasold : 2000 mCurrentSize : 457
01-09 16:07:02.073  3757  5062 D AudioService: getStreamVolume 3 index 120
01-09 16:07:02.285  3757 32084 D AudioService: getStreamVolume 3 index 120
01-09 16:07:02.495  3757  5063 D AudioService: getStreamVolume 3 index 120
01-09 16:07:02.698  3757 29839 D AudioService: getStreamVolume 3 index 120
01-09 16:07:02.907  3757  3770 D AudioService: getStreamVolume 3 index 120
01-09 16:07:03.019  3757  4354 D SamsungAlarmManager: Expired : 4
01-09 16:07:03.022  3757  4354 I SamsungAlarmManager: setLocked to kernel - T:2 / 20190109T160800, SetElapsed=268708814, nowELAPSED=268651837
01-09 16:07:03.025  3757  4354 V SamsungAlarmManager: Sending to uid : 1000 action=android.intent.action.TIME_TICK alarm=Alarm{566d53e type 3 when 268648815 android}
01-09 16:07:03.044  3757  4354 V SamsungAlarmManager: Sending to uid : 10035 action=com.sec.spp.push.ACTION_SEND_PING_MESSAGE alarm=Alarm{db5df9f type 2 when 268651834 com.sec.spp.push}
01-09 16:07:03.046  3757  4354 V SamsungAlarmManager: Sending to uid : 10059 action=null alarm=Alarm{48cd8ec type 3 when 268616298 com.asurion.android.verizon.vms}
01-09 16:07:03.054  3757  3774 I ActivityManager: Killing 26643:com.android.documentsui/u0a114 (adj 906): DHA:empty #31
01-09 16:07:03.057  3757  3774 D CompatibilityInfo: mCompatibilityFlags - 0
01-09 16:07:03.057  3757  3774 D CompatibilityInfo: applicationDensity - 420
01-09 16:07:03.057  3757  3774 D CompatibilityInfo: applicationScale - 1.0
01-09 16:07:03.073  3757  4354 D CompatibilityInfo: mCompatibilityFlags - 0
01-09 16:07:03.074  3757  4354 D CompatibilityInfo: applicationDensity - 420
01-09 16:07:03.074  3757  4354 D CompatibilityInfo: applicationScale - 1.0
01-09 16:07:03.080  3757  4354 V SamsungAlarmManager: Sending to uid : 10032 action=com.samsung.android.app.shealth.tracker.pedometer.PedometerService.HBA alarm=Alarm{977074a type 3 when 268637555 com.sec.android.app.shealth}
01-09 16:07:03.086  3757  4354 V SamsungAlarmManager: Sending to uid : 10014 action=null alarm=Alarm{922d6bb type 3 when 268639926 com.google.android.gms}
01-09 16:07:03.086 11359 11359 I PedometerService: onStartCommand  true, true, false
01-09 16:07:03.089  3757  4482 D SemContext.CaeProvider.SensorStatusCheckImpl: requestToUpdate SensorHub Reset Cnt : 0
01-09 16:07:03.089  3757  4482 D SemContext.CaeProvider.SensorStatusCheckImpl: SensorHub Reset Cnt : 0
01-09 16:07:03.089  3757  4482 D SemContext.CaeProvider.SensorStatusCheckImpl: LastEventMap sensorHubEvent TimeStamp address : 0 - 0
01-09 16:07:03.089  3757  4482 D SemContext.CaeProvider.SensorStatusCheckImpl: LastEventMap sensorHubEvent TimeStamp address : 1 - 0
01-09 16:07:03.089  3757  4482 D SemContext.CaeProvider.SensorStatusCheckImpl: LastEventMap sensorHubEvent TimeStamp address : 2 - 0
01-09 16:07:03.089  3757  4482 D SemContext.CaeProvider.SensorStatusCheckImpl: LastEventMap sensorHubEvent TimeStamp address : 3 - 0
01-09 16:07:03.089  3757  4482 D SemContext.CaeProvider.SensorStatusCheckImpl: LastEventMap sensorHubEvent TimeStamp address : 4 - 0
01-09 16:07:03.089  3757  4482 D SemContext.CaeProvider.SensorStatusCheckImpl: LastEventMap sensorHubEvent TimeStamp address : 5 - 0
01-09 16:07:03.089  3757  4482 D SemContext.CaeProvider.SensorStatusCheckImpl: LastEventMap sensorHubEvent TimeStamp address : 6 - 0
01-09 16:07:03.089  3757  4482 D SemContext.CaeProvider.SensorStatusCheckImpl: LastEventMap sensorHubEvent TimeStamp address : 7 - 0
01-09 16:07:03.089  3757  4482 D SemContext.CaeProvider.SensorStatusCheckImpl: LastEventMap sensorHubEvent TimeStamp address : 8 - 0
01-09 16:07:03.089  3757  4482 D SemContext.CaeProvider.SensorStatusCheckImpl: LastEventMap sensorHubEvent TimeStamp address : 9 - 0
01-09 16:07:03.090  3757  4482 D SemContextService: updateContext() : event = Sensor Status Check
01-09 16:07:03.090  3757  4482 D SemContext.CaeProvider.SensorStatusCheckImpl: initialize Last Event!!
01-09 16:07:03.090  3757  4482 D SemContextService: requestToUpdate() : service = Sensor Status Check
01-09 16:07:03.091 11359 11359 D SemContextManager:   .requestToUpdate : listener = com.samsung.android.app.shealth.tracker.pedometer.service.wrapper.ActivitySensorDelegator$SemContextListenerWrapper@d8899a1, service=Sensor Status Check
01-09 16:07:03.093  3757  3757 D SamsungAlarmManager: setExact Intent (T:3/F:1/AC:false) 20190109T160759 - CU:1000/CP:3757
01-09 16:07:03.094  3757  3757 I SamsungAlarmManager: setLocked to kernel - T:3 / 20190109T160759, SetElapsed=268708814, nowELAPSED=268651909
01-09 16:07:03.096  4616  4616 D KeyguardUpdateMonitor: received broadcast android.intent.action.TIME_TICK
01-09 16:07:03.097  4616  4616 D KeyguardUpdateMonitor: handleTimeUpdate#start
01-09 16:07:03.097  4616  4616 I KeyguardClockPage: refreshTime(): DefaultSingle2016 hometime:America/New_York locale:en_US hasBG?false, Roaming:false
01-09 16:07:03.109  4616  4616 D KeyguardUpdateMonitor: handleTimeUpdate#end
01-09 16:07:03.111 11359 11359 D SemContextManager: onSemContextChanged() : event = Sensor Status Check
01-09 16:07:03.111  3757  2859 D AudioService: getStreamVolume 3 index 120
01-09 16:07:03.126  4616  4616 D SystemUI_Clock: Clock received ACTION_TIME_TICK : start
01-09 16:07:03.130  4616  4616 D SystemUI_Clock: Clock received ACTION_TIME_TICK : end
01-09 16:07:03.138  3757  7216 D SamsungAlarmManager: setExact Intent (T:2/F:5/AC:false) 20190109T160843 - CU:10035/CP:12862
01-09 16:07:03.146  3757  7204 D CompatibilityInfo: mCompatibilityFlags - 0
01-09 16:07:03.146  3757  7204 D CompatibilityInfo: applicationDensity - 420
01-09 16:07:03.148  4616  4616 D TextClock: TextClock received ACTION_TIME_TICK : start
01-09 16:07:03.149  4616  4616 D TextClock: TextClock received ACTION_TIME_TICK : end
01-09 16:07:03.149  3757  7204 D CompatibilityInfo: applicationScale - 1.0
01-09 16:07:03.156  3757  7202 D SamsungAlarmManager: setExact Intent (T:3/F:5/AC:false) 20190109T160708 - CU:10059/CP:15240
01-09 16:07:03.156  3757  7202 I SamsungAlarmManager: setLocked to kernel - T:3 / 20190109T160708, SetElapsed=268656946, nowELAPSED=268651971
01-09 16:07:03.158  4616  4616 D TextClock: TextClock received ACTION_TIME_TICK : start
01-09 16:07:03.159  4616  4616 D TextClock: TextClock received ACTION_TIME_TICK : end
01-09 16:07:03.171  3757  5063 D ActivityManager: cleanUpApplicationRecord -- 26643
01-09 16:07:03.176  6011  6027 D ForegroundUtils: could not check pending caller
01-09 16:07:03.183  4616  4616 D TextClock: TextClock received ACTION_TIME_TICK : start
01-09 16:07:03.184  4616  4616 D TextClock: TextClock received ACTION_TIME_TICK : end
01-09 16:07:03.186  4616  4616 V hong    : mid yDiff = 382
01-09 16:07:03.186  4616  4616 V hong    : mid yDiff = 382
01-09 16:07:03.196  3757  5901 D CompatibilityInfo: mCompatibilityFlags - 0
01-09 16:07:03.196  3757  5901 D CompatibilityInfo: applicationDensity - 420
01-09 16:07:03.196  3757  5901 D CompatibilityInfo: applicationScale - 1.0
01-09 16:07:03.210  4616  4616 D SystemUI_DateView: DateView received ACTION_TIME_TICK : start
01-09 16:07:03.211  4616  4616 D SystemUI_DateView: DateView received ACTION_TIME_TICK : end
01-09 16:07:03.212  3757  7206 D CompatibilityInfo: mCompatibilityFlags - 0
01-09 16:07:03.212  3757  7206 D CompatibilityInfo: applicationDensity - 420
01-09 16:07:03.212  3757  7206 D CompatibilityInfo: applicationScale - 1.0
01-09 16:07:03.212  4616  4616 V hong    : mid yDiff = 382
01-09 16:07:03.213  4616  4616 V hong    : mid yDiff = 382
01-09 16:07:03.223  3757  7205 D MountService: getExternalStorageMountMode : 1
01-09 16:07:03.223  3757  7205 D MountService: getExternalStorageMountMode : 3
01-09 16:07:03.223  3757  7205 D MountService: getExternalStorageMountMode : final mountMode=1, uid : 10035, packageName : com.sec.spp.push
01-09 16:07:03.224  4616  4616 D TextClock: TextClock received ACTION_TIME_TICK : start
01-09 16:07:03.226  4616  4616 D TextClock: TextClock received ACTION_TIME_TICK : end
01-09 16:07:03.253  3757  7205 I ActivityManager: Start proc 27996:com.sec.spp.push:RemoteDlcProcess/u0a35 for broadcast com.sec.spp.push/.dlc.sender.DlcRequestReceiver
01-09 16:07:03.258 27996 27996 E Zygote  : v2
01-09 16:07:03.258 27996 27996 I libpersona: KNOX_SDCARD checking this for 10035
01-09 16:07:03.258 27996 27996 I libpersona: KNOX_SDCARD not a persona
01-09 16:07:03.261 27996 27996 E Zygote  : accessInfo : 0
01-09 16:07:03.263 27996 27996 W SELinux : SELinux selinux_android_compute_policy_index : Policy Index[2],  Con:u:r:zygote:s0 RAM:SEPF_SECMOBILE_7.0_0009, [-1 -1 -1 -1 0 1]
01-09 16:07:03.266 27996 27996 I SELinux : SELinux: seapp_context_lookup: seinfo=samsung, level=s0:c512,c768, pkgname=com.sec.spp.push:RemoteDlcProcess 
01-09 16:07:03.286  4616  4616 D TextClock: TextClock received ACTION_TIME_TICK : start
01-09 16:07:03.287  4616  4616 D TextClock: TextClock received ACTION_TIME_TICK : end
01-09 16:07:03.295  3757 32085 D CompatibilityInfo: mCompatibilityFlags - 0
01-09 16:07:03.295  3757 32085 D CompatibilityInfo: applicationDensity - 420
01-09 16:07:03.295  3757 32085 D CompatibilityInfo: applicationScale - 1.0
01-09 16:07:03.307  4616  4616 D DateTimeView: DateTimeView received ACTION_TIME_TICK : start
01-09 16:07:03.310  3757 32083 D CompatibilityInfo: mCompatibilityFlags - 0
01-09 16:07:03.310  3757 32083 D CompatibilityInfo: applicationDensity - 420
01-09 16:07:03.310  3757 32083 D CompatibilityInfo: applicationScale - 1.0
01-09 16:07:03.325  3757  7203 D AudioService: getStreamVolume 3 index 120
01-09 16:07:03.327  4616  4616 D DateTimeView: DateTimeView received ACTION_TIME_TICK : end
01-09 16:07:03.330 27996 27996 D TimaKeyStoreProvider: TimaKeyStore is not enabled: cannot add TimaSignature Service and generateKeyPair Service
01-09 16:07:03.336  6176  6176 D TextClock: TextClock received ACTION_TIME_TICK : start
01-09 16:07:03.338  6176  6176 D TextClock: TextClock received ACTION_TIME_TICK : end
01-09 16:07:03.339  4616  4823 D NetworkController.MobileSignalController(0/1): onSignalStrengthsChanged signalStrength=SignalStrength: 99 99 -120 -160 -120 -1 -1 19 -105 -11 50 2147483647 2147483647 0x3000 gsm|lte level=3
01-09 16:07:03.340  4616  4823 D NetworkController.MobileSignalController(0/1): getMobileIconGroup(): 13
01-09 16:07:03.340  4616  4823 D NetworkController.MobileSignalController(0/1): updateVZWMobileIconGroup(): 13
01-09 16:07:03.342  6176  6176 D TextClock: TextClock received ACTION_TIME_TICK : start
01-09 16:07:03.342  6176  6176 D TextClock: TextClock received ACTION_TIME_TICK : end
01-09 16:07:03.344  3757 29840 D CompatibilityInfo: mCompatibilityFlags - 0
01-09 16:07:03.344  3757 29840 D CompatibilityInfo: applicationDensity - 420
01-09 16:07:03.344  3757 29840 D CompatibilityInfo: applicationScale - 1.0
01-09 16:07:03.344  3757 29840 I ActivityManager: DSS on for com.sec.spp.push and scale is 1.0
01-09 16:07:03.346  3757 29840 D CompatibilityInfo: mCompatibilityFlags - 0
01-09 16:07:03.346  3757 29840 D CompatibilityInfo: applicationDensity - 420
01-09 16:07:03.346  3757 29840 D CompatibilityInfo: applicationScale - 1.0
01-09 16:07:03.349  5035  5670 D EPDG -- [SMARTWIFI]: onSignalStrengthsChanged: Received signal strength change, phone type is: 2
01-09 16:07:03.350  5035  6446 D EPDG -- [SMARTWIFI]: lastLteRSRP is -106currentLteRSRP is -105
01-09 16:07:03.350  5035  6446 D EPDG -- [SMARTWIFI]: lastLteRSRQ is -12currentLteRSRQ is -11
01-09 16:07:03.350  5035  6446 D EPDG -- [SMARTWIFI]: lastCdmaDb is -16currentCdmaDb is -16
01-09 16:07:03.350  5035  6446 V EPDG -- [SMARTWIFI]: Radio oldest entry removed
01-09 16:07:03.350  5035  6446 V EPDG -- [SMARTWIFI]: New entry : (SignalStrength: 99 99 -120 -160 -120 -1 -1 19 -105 -11 50 2147483647 2147483647 0x3000 gsm|lte : 0 )
01-09 16:07:03.350  5035  6446 V EPDG -- [SMARTWIFI]: Radio entry added
01-09 16:07:03.355  3757 29840 D CompatibilityInfo: mCompatibilityFlags - 0
01-09 16:07:03.355  3757 29840 D CompatibilityInfo: applicationDensity - 420
01-09 16:07:03.355  3757 29840 D CompatibilityInfo: applicationScale - 1.0
01-09 16:07:03.355  4616  4823 D NetworkController.MobileSignalController(0/1): callState:0, callStateByPhone:false voLTECall:false voiceNetTpe:13 dataNetType:13, ine911:false, emergencyCallbackMode:false
01-09 16:07:03.362  3757  4482 D CompatibilityInfo: mCompatibilityFlags - 0
01-09 16:07:03.362  3757  4482 D CompatibilityInfo: applicationDensity - 420
01-09 16:07:03.362  3757  4482 D CompatibilityInfo: applicationScale - 1.0
01-09 16:07:03.363  6176  6176 D TextClock: TextClock received ACTION_TIME_TICK : start
01-09 16:07:03.364  6176  6176 D TextClock: TextClock received ACTION_TIME_TICK : end
01-09 16:07:03.365 12862 18717 E SPPClientService: [b] __PingReply__
01-09 16:07:03.369  3757  4469 D SamsungAlarmManager: Cancel Alarm calling from uid:10035 pid :12862 / op:PendingIntent{a19a708: PendingIntentRecord{e497d8 com.sec.spp.push broadcastIntent}}
01-09 16:07:03.372  3757  4469 I SamsungAlarmManager: setLocked to kernel - T:2 / 20190109T160800, SetElapsed=268708815, nowELAPSED=268652186
01-09 16:07:03.373  6176  6176 D TextClock: TextClock received ACTION_TIME_TICK : start
01-09 16:07:03.374  6176  6176 D TextClock: TextClock received ACTION_TIME_TICK : end
01-09 16:07:03.382  6176  6176 D TextClock: TextClock received ACTION_TIME_TICK : start
01-09 16:07:03.383  6176  6176 D TextClock: TextClock received ACTION_TIME_TICK : end
01-09 16:07:03.385 27996 27996 I art     : Starting a blocking GC AddRemoveAppImageSpace
01-09 16:07:03.387  6176  6176 D TextClock: TextClock received ACTION_TIME_TICK : start
01-09 16:07:03.387 27996 27996 W System  : ClassLoader referenced unknown path: /data/app/com.sec.spp.push-2/lib/arm64
01-09 16:07:03.388  6176  6176 D TextClock: TextClock received ACTION_TIME_TICK : end
01-09 16:07:03.391  6176  6176 D TextClock: TextClock received ACTION_TIME_TICK : start
01-09 16:07:03.391  6176  6176 D TextClock: TextClock received ACTION_TIME_TICK : end
01-09 16:07:03.400  3757 32084 D CompatibilityInfo: mCompatibilityFlags - 0
01-09 16:07:03.400  3757 32084 D CompatibilityInfo: applicationDensity - 420
01-09 16:07:03.400  3757 32084 D CompatibilityInfo: applicationScale - 1.0
01-09 16:07:03.402 27996 27996 D SPPClientService: Create
01-09 16:07:03.404  6176  6176 D TextClock: TextClock received ACTION_TIME_TICK : start
01-09 16:07:03.405  6176  6176 D TextClock: TextClock received ACTION_TIME_TICK : end
01-09 16:07:03.407  6176  6176 D TextClock: TextClock received ACTION_TIME_TICK : start
01-09 16:07:03.407  6176  6176 D TextClock: TextClock received ACTION_TIME_TICK : end
01-09 16:07:03.413 27996 28019 D SPPClientService: Create DLC
01-09 16:07:03.413 27996 28019 E SPPClientService: ShipBuild Binary : True
01-09 16:07:03.425  3757  7205 D CompatibilityInfo: mCompatibilityFlags - 0
01-09 16:07:03.425  3757  7205 D CompatibilityInfo: applicationDensity - 420
01-09 16:07:03.425  3757  7205 D CompatibilityInfo: applicationScale - 1.0
01-09 16:07:03.431  3757 29840 D SamsungAlarmManager: Cancel Alarm calling from uid:10035 pid :27996 / op:PendingIntent{c9a3dd: PendingIntentRecord{fb64b52 com.sec.spp.push broadcastIntent}}
01-09 16:07:03.432 23288 28023 D EventNotificationJob: Running EventNotificationJob, isDetail=true
01-09 16:07:03.437  3757 31269 D CompatibilityInfo: mCompatibilityFlags - 0
01-09 16:07:03.437  3757 31269 D CompatibilityInfo: applicationDensity - 420
01-09 16:07:03.437  3757 31269 D CompatibilityInfo: applicationScale - 1.0
01-09 16:07:03.439  3757 29842 D ConnectivityService: filterNetworkStateForUid() uid: 10035 networkInfo: [type: WIFI[] - WIFI, state: CONNECTED/CONNECTED, reason: (unspecified), extra: "wilkinson2.4", failover: false, available: true, roaming: false, metered: false]
01-09 16:07:03.439 23288 28023 D EventNotificationJob:   finished processing events.
01-09 16:07:03.441  3757  4482 D CompatibilityInfo: mCompatibilityFlags - 0
01-09 16:07:03.441  3757  4482 D CompatibilityInfo: applicationDensity - 420
01-09 16:07:03.441  3757  4482 D CompatibilityInfo: applicationScale - 1.0
01-09 16:07:03.449  3757 32085 D ConnectivityService: filterNetworkStateForUid() uid: 10035 networkInfo: [type: WIFI[] - WIFI, state: CONNECTED/CONNECTED, reason: (unspecified), extra: "wilkinson2.4", failover: false, available: true, roaming: false, metered: false]
01-09 16:07:03.455  3757  7203 D SamsungAlarmManager: Cancel Alarm calling from uid:10035 pid :12862 / op:PendingIntent{cd44f20: PendingIntentRecord{a771a36 com.sec.spp.push broadcastIntent}}
01-09 16:07:03.458  3757  4469 D CompatibilityInfo: mCompatibilityFlags - 0
01-09 16:07:03.458  3757  4469 D CompatibilityInfo: applicationDensity - 420
01-09 16:07:03.458  3757  4469 D CompatibilityInfo: applicationScale - 1.0
01-09 16:07:03.464  3757  5902 D ConnectivityService: filterNetworkStateForUid() uid: 10035 networkInfo: [type: WIFI[] - WIFI, state: CONNECTED/CONNECTED, reason: (unspecified), extra: "wilkinson2.4", failover: false, available: true, roaming: false, metered: false]
01-09 16:07:03.473  3757  3770 I ActivityManager: Killing 26467:com.samsung.android.samsungpass/u0a266 (adj 906): DHA:empty #31
01-09 16:07:03.476  3757 29840 D SamsungAlarmManager: setExact Intent (T:2/F:5/AC:false) 20190109T162656 - CU:10035/CP:12862
01-09 16:07:03.482  3757 29838 D CompatibilityInfo: mCompatibilityFlags - 0
01-09 16:07:03.482  3757 29838 D CompatibilityInfo: applicationDensity - 420
01-09 16:07:03.483  3757 29838 D CompatibilityInfo: applicationScale - 1.0
01-09 16:07:03.492  3757 32083 D ConnectivityService: filterNetworkStateForUid() uid: 10014 networkInfo: [type: WIFI[] - WIFI, state: CONNECTED/CONNECTED, reason: (unspecified), extra: "wilkinson2.4", failover: false, available: true, roaming: false, metered: false]
01-09 16:07:03.495  3757  3771 D CompatibilityInfo: mCompatibilityFlags - 0
01-09 16:07:03.496  3757  3771 D CompatibilityInfo: applicationDensity - 420
01-09 16:07:03.496  3757  3771 D CompatibilityInfo: applicationScale - 1.0
01-09 16:07:03.497  3757  7205 D ActivityManager: cleanUpApplicationRecord -- 26467
01-09 16:07:03.500  6011  6027 D ForegroundUtils: could not check pending caller
01-09 16:07:03.509  3757  4482 D CompatibilityInfo: mCompatibilityFlags - 0
01-09 16:07:03.510  3757  4482 D CompatibilityInfo: applicationDensity - 420
01-09 16:07:03.510  3757  4482 D CompatibilityInfo: applicationScale - 1.0
01-09 16:07:03.530  3757  7201 D AudioService: getStreamVolume 3 index 120
01-09 16:07:03.618  3757 31270 D SamsungAlarmManager: setInexact Intent (T:3/F:0/AC:false) 20190109T160803 - CU:10014/CP:5918
01-09 16:07:03.619  3757 31270 I SamsungAlarmManager: setLocked to kernel - T:2 / 20190109T160803, SetElapsed=268712427, nowELAPSED=268652434
01-09 16:07:03.734  3757 29839 D AudioService: getStreamVolume 3 index 120
01-09 16:07:03.905  3757 10512 D BatteryService: !@BatteryListener : batteryPropertiesChanged!
01-09 16:07:03.908  3757 10512 D BatteryService: level:96, scale:100, status:2, health:2, present:true, voltage: 4301, temperature: 306, technology: Li-ion, AC powered:false, USB powered:true, POGO powered:false, Wireless powered:false, icon:17303694, invalid charger:0, maxChargingCurrent:0, maxChargingVoltage:0, chargeCounter:0
01-09 16:07:03.908  3757 10512 D BatteryService: online:6, current avg:682, charge type:1, power sharing:false, high voltage charger:false, capacity:280000, batterySWSelfDischarging:false, misc_event:0, current_now:844
01-09 16:07:03.908  3757 10512 D BatteryService: stay LED for charging
01-09 16:07:03.908  3757  3757 D BatteryService: Sending ACTION_BATTERY_CHANGED.
01-09 16:07:03.922  3757  3757 V UiModeManager: updateLocked: null action, mDockState=0, category=null
01-09 16:07:03.923  3757  3757 D UiModeManager: updateConfigurationLocked: mDockState=0; mCarMode=false; mNightMode=1; uiMode=17
01-09 16:07:03.931  3757  3757 D GameManagerService: new battery level: 96
01-09 16:07:03.934  4616  4616 D KeyguardUpdateMonitor: received broadcast android.intent.action.BATTERY_CHANGED
01-09 16:07:03.934  4616  4616 D KeyguardUpdateMonitor: handleBatteryUpdate
01-09 16:07:03.938  3757  5902 D AudioService: getStreamVolume 3 index 120
01-09 16:07:03.940  4616  4616 D PowerUI : priorPlugType = 2 mPlugType =  2
01-09 16:07:03.944  4616  4616 D PowerUI.Notification: showChargingNotice oldChargingType : 1 currentChargingType : 1 oldChargingTime : 796000 mChargingTime : 1036000
01-09 16:07:03.944  4616  4616 D PowerUI.Notification: showChargingNotification()
01-09 16:07:03.948  5024  5024 D PhoneApp: PhoneAppBroadcastReceiver onReceive android.intent.action.BATTERY_CHANGED
01-09 16:07:03.948  5024  5024 D TelephonyExtensionManager: lowBatterySound - isLowBatterySoundScheduled: false
01-09 16:07:03.948  5024  5024 D TelephonyExtensionManager: lowBatterySound - isPlayNow: false
01-09 16:07:03.949  5024  5024 D TelephonyExtensionManager: isSpeakerON - true
01-09 16:07:03.961  5024  5024 D TelephonyExtensionManager: lowBatterySound - batteryStatus: 2
01-09 16:07:03.961  5024  5024 D TelephonyExtensionManager: lowBatterySound - batteryLevel: 96
01-09 16:07:03.961  5024  5024 D TelephonyExtensionManager: lowBatterySound - cancel
01-09 16:07:03.962  3757 29840 D SamsungAlarmManager: Cancel Alarm calling from uid:1001 pid :5024 / op:PendingIntent{e7f3d4c: PendingIntentRecord{7032f18 com.android.phone broadcastIntent}}
01-09 16:07:03.963  5024  5024 D TelephonyExtension: Not stopping low battery tone
01-09 16:07:03.964  3757 29841 D ApplicationPolicy: isStatusBarNotificationAllowedAsUser: packageName = com.android.systemui,userId = -1
01-09 16:07:03.968  4616  4616 D BatteryMeterDrawable: isSomethingChanged - false
01-09 16:07:03.969  4616  4616 D BatteryMeterDrawable: isSomethingChanged - false
01-09 16:07:03.972  4616  4616 D Tile.FlashlightTile: ACTION_BATTERY_CHANGED - Level :: 96, emEnabled :: false
01-09 16:07:04.028  4616  4616 D KeyguardServiceBoxContainer: updateCMAS() hasCmasNotification = false, mHasCMAS = false
01-09 16:07:04.144  3757  5901 D AudioService: getStreamVolume 3 index 120
01-09 16:07:04.347  3757  5902 D AudioService: getStreamVolume 3 index 120
01-09 16:07:04.549  3757  5063 D AudioService: getStreamVolume 3 index 120
01-09 16:07:04.621  3757  9599 D SSRM:t  : SIOP:: AP = 340, PST = 363 (W:10), CP = 273, CUR = 123, LCD = 0
01-09 16:07:04.622  3757  9599 D ConnectivityService: filterNetworkStateForUid() uid: 1000 networkInfo: [type: WIFI[] - WIFI, state: CONNECTED/CONNECTED, reason: (unspecified), extra: "wilkinson2.4", failover: false, available: true, roaming: false, metered: false]
01-09 16:07:04.761  3757  7205 D AudioService: getStreamVolume 3 index 120
01-09 16:07:04.970  3757  7206 D AudioService: getStreamVolume 3 index 120
01-09 16:07:05.177  3757 29840 D AudioService: getStreamVolume 3 index 120
01-09 16:07:05.384  3757  2859 D AudioService: getStreamVolume 3 index 120
01-09 16:07:05.591  3757 31270 D AudioService: getStreamVolume 3 index 120
01-09 16:07:05.796  3757  4482 D AudioService: getStreamVolume 3 index 120
01-09 16:07:05.864 27387 27413 D UE4     : Used memory: 173456
01-09 16:07:06.002  3757  7204 D AudioService: getStreamVolume 3 index 120
01-09 16:07:06.072  5689  5689 D io_stats: !@   8,0 r 1293477 39938100 w 1148215 26473424 d 182665 14490096 f 323078 322985 iot 1936240 1053602 th 61440 61440 46984 pt 8330 inp 0 0 103893.265
01-09 16:07:06.211  3757 32083 D AudioService: getStreamVolume 3 index 120
01-09 16:07:06.399 22026 22040 I Finsky  : [3384] com.google.android.finsky.bn.an.run(6): Stats for Executor: BlockingExecutor com.google.android.finsky.bn.ao@b116f39[Running, pool size = 1, active threads = 0, queued tasks = 0, completed tasks = 12]
01-09 16:07:06.411 22026 22040 I Finsky  : [3384] com.google.android.finsky.bn.an.run(6): Stats for Executor: LightweightExecutor com.google.android.finsky.bn.ao@565e97e[Running, pool size = 4, active threads = 0, queued tasks = 0, completed tasks = 56]
01-09 16:07:06.414  3757  4440 D AudioService: getStreamVolume 3 index 120
01-09 16:07:06.587 22026 22040 I Finsky  : [3384] com.google.android.finsky.bn.an.run(6): Stats for Executor: bgExecutor com.google.android.finsky.bn.ao@efcfedf[Running, pool size = 4, active threads = 0, queued tasks = 0, completed tasks = 10]
01-09 16:07:06.605 22026 22040 I Finsky  : [3384] com.google.android.finsky.bn.an.run(6): Stats for Executor: SimChangeExecutor com.google.android.finsky.bn.ao@6daa72c[Running, pool size = 1, active threads = 1, queued tasks = 4, completed tasks = 0]
01-09 16:07:06.618  3757  4469 D AudioService: getStreamVolume 3 index 120
01-09 16:07:06.824  3757 29839 D AudioService: getStreamVolume 3 index 120
01-09 16:07:06.880 22026 22040 I Finsky  : [3384] com.google.android.finsky.bn.an.run(6): Stats for Executor: Db-xternal_referrer_status.db com.google.android.finsky.bn.ao@210c5f5[Running, pool size = 0, active threads = 0, queued tasks = 0, completed tasks = 1]
01-09 16:07:06.884 22026 22040 I Finsky  : [3384] com.google.android.finsky.bn.an.run(6): Stats for Executor: Db-split_install_service com.google.android.finsky.bn.ao@df31f8a[Running, pool size = 0, active threads = 0, queued tasks = 0, completed tasks = 2]
01-09 16:07:06.888 22026 22040 I Finsky  : [3384] com.google.android.finsky.bn.an.run(6): Stats for Executor: SplitInstallBackgroundThread com.google.android.finsky.bn.ao@2dca9fb[Running, pool size = 0, active threads = 0, queued tasks = 0, completed tasks = 1]
01-09 16:07:06.904 22026 22040 I Finsky  : [3384] com.google.android.finsky.bn.an.run(6): Stats for Executor: StorageAwareDownloadServiceManagerSpaceChecker com.google.android.finsky.bn.ao@6e10a18[Running, pool size = 0, active threads = 0, queued tasks = 0, completed tasks = 0]
01-09 16:07:07.028  3757  7203 D AudioService: getStreamVolume 3 index 120
01-09 16:07:07.172 22026 22040 I Finsky  : [3384] com.google.android.finsky.bn.an.run(6): Stats for Executor: InstallBackgroundThread com.google.android.finsky.bn.ao@574cc71[Running, pool size = 0, active threads = 0, queued tasks = 0, completed tasks = 1]
01-09 16:07:07.181 22026 22040 I Finsky  : [3384] com.google.android.finsky.bn.an.run(6): Stats for Executor: Db-install_service com.google.android.finsky.bn.ao@96baa56[Running, pool size = 0, active threads = 0, queued tasks = 0, completed tasks = 0]
01-09 16:07:07.190 22026 22040 I Finsky  : [3384] com.google.android.finsky.bn.an.run(6): Stats for Executor: InstallBackgroundThread com.google.android.finsky.bn.ao@541ead7[Running, pool size = 0, active threads = 0, queued tasks = 0, completed tasks = 0]
01-09 16:07:07.230  3757  5901 D AudioService: getStreamVolume 3 index 120
01-09 16:07:07.435  3757 32084 D AudioService: getStreamVolume 3 index 120
01-09 16:07:07.642  3757 29842 D AudioService: getStreamVolume 3 index 120
01-09 16:07:07.847  3757  4473 D AudioService: getStreamVolume 3 index 120
01-09 16:07:08.056  3757  3770 D AudioService: getStreamVolume 3 index 120
01-09 16:07:08.131  3757  4354 D SamsungAlarmManager: Expired : 8
01-09 16:07:08.132  3757  4354 I SamsungAlarmManager: setLocked to kernel - T:3 / 20190109T160759, SetElapsed=268708814, nowELAPSED=268656947
01-09 16:07:08.213 22026 22040 I Finsky  : [3384] com.google.android.finsky.bn.an.run(6): Stats for Executor: Db-user_languages_store com.google.android.finsky.bn.ao@be8afc4[Running, pool size = 0, active threads = 0, queued tasks = 0, completed tasks = 1]
01-09 16:07:08.259  3757  2859 D AudioService: getStreamVolume 3 index 120
01-09 16:07:08.348 22026 22040 I Finsky  : [3384] com.google.android.finsky.bn.an.run(6): Stats for Executor: InstallBackgroundThread com.google.android.finsky.bn.ao@d38bead[Running, pool size = 0, active threads = 0, queued tasks = 0, completed tasks = 0]
01-09 16:07:08.354 22026 22040 I Finsky  : [3384] com.google.android.finsky.bn.an.run(6): Stats for Executor: InstallBackgroundThread com.google.android.finsky.bn.ao@21015e2[Running, pool size = 0, active threads = 0, queued tasks = 0, completed tasks = 0]
01-09 16:07:08.469  3757  7202 D AudioService: getStreamVolume 3 index 120
01-09 16:07:08.683  3757  7216 D AudioService: getStreamVolume 3 index 120
01-09 16:07:08.890  3757  5062 D AudioService: getStreamVolume 3 index 120
01-09 16:07:09.104  3757 10512 D AudioService: getStreamVolume 3 index 120
01-09 16:07:09.312  3757  7201 D AudioService: getStreamVolume 3 index 120
01-09 16:07:09.516  3757  6272 D AudioService: getStreamVolume 3 index 120
01-09 16:07:09.721  3757 32084 D AudioService: getStreamVolume 3 index 120
01-09 16:07:09.837 23288 23402 D ClClient: Not sending keepalive.  Current connection state=STOPPED
01-09 16:07:09.930  3757 29842 D AudioService: getStreamVolume 3 index 120
01-09 16:07:10.136  3757  4473 D AudioService: getStreamVolume 3 index 120
01-09 16:07:10.343  3757  3770 D AudioService: getStreamVolume 3 index 120
01-09 16:07:10.550  3757 29840 D AudioService: getStreamVolume 3 index 120
01-09 16:07:10.752  3757  2859 D AudioService: getStreamVolume 3 index 120
01-09 16:07:10.956  3757 31270 D AudioService: getStreamVolume 3 index 120
01-09 16:07:11.078  5689  5689 D io_stats: !@   8,0 r 1293477 39938100 w 1148227 26473692 d 182665 14490096 f 323102 323009 iot 1936350 1053610 th 61440 61440 46984 pt 8330 inp 0 0 103898.270
01-09 16:07:11.159  3757  4482 D AudioService: getStreamVolume 3 index 120
01-09 16:07:11.366  3757  7202 D AudioService: getStreamVolume 3 index 120
01-09 16:07:11.575  3757 32083 D AudioService: getStreamVolume 3 index 120
01-09 16:07:11.782  3757  7204 D AudioService: getStreamVolume 3 index 120
01-09 16:07:11.985  3757  5062 D AudioService: getStreamVolume 3 index 120
01-09 16:07:12.191  3757 10512 D AudioService: getStreamVolume 3 index 120
01-09 16:07:12.399  3757  7201 D AudioService: getStreamVolume 3 index 120
01-09 16:07:12.610  3757  6272 D AudioService: getStreamVolume 3 index 120
01-09 16:07:12.816  3757 32084 D AudioService: getStreamVolume 3 index 120
01-09 16:07:13.024  3757 29842 D AudioService: getStreamVolume 3 index 120
01-09 16:07:13.227  3757  3770 D AudioService: getStreamVolume 3 index 120
01-09 16:07:13.431  3757 29840 D AudioService: getStreamVolume 3 index 120
01-09 16:07:13.635  3757  2859 D AudioService: getStreamVolume 3 index 120
01-09 16:07:13.840  3757 31270 D AudioService: getStreamVolume 3 index 120
01-09 16:07:13.968  3757 10496 D BatteryService: !@BatteryListener : batteryPropertiesChanged!
01-09 16:07:13.969  3757 10496 D BatteryService: level:96, scale:100, status:2, health:2, present:true, voltage: 4285, temperature: 305, technology: Li-ion, AC powered:false, USB powered:true, POGO powered:false, Wireless powered:false, icon:17303694, invalid charger:0, maxChargingCurrent:0, maxChargingVoltage:0, chargeCounter:0
01-09 16:07:13.969  3757 10496 D BatteryService: online:6, current avg:677, charge type:1, power sharing:false, high voltage charger:false, capacity:280000, batterySWSelfDischarging:false, misc_event:0, current_now:665
01-09 16:07:13.970  3757 10496 D BatteryService: stay LED for charging
01-09 16:07:13.970  3757  3757 D BatteryService: Sending ACTION_BATTERY_CHANGED.
01-09 16:07:13.979  3757  3757 V UiModeManager: updateLocked: null action, mDockState=0, category=null
01-09 16:07:13.979  3757  3757 D UiModeManager: updateConfigurationLocked: mDockState=0; mCarMode=false; mNightMode=1; uiMode=17
01-09 16:07:13.982  3757  3757 D GameManagerService: new battery level: 96
01-09 16:07:13.987  4616  4616 D KeyguardUpdateMonitor: received broadcast android.intent.action.BATTERY_CHANGED
01-09 16:07:13.992  4616  4616 D PowerUI : priorPlugType = 2 mPlugType =  2
01-09 16:07:13.996  4616  4616 D PowerUI.Notification: showChargingNotice oldChargingType : 1 currentChargingType : 1 oldChargingTime : 1036000 mChargingTime : 766000
01-09 16:07:13.996  4616  4616 D PowerUI.Notification: showChargingNotification()
01-09 16:07:14.001  5024  5024 D PhoneApp: PhoneAppBroadcastReceiver onReceive android.intent.action.BATTERY_CHANGED
01-09 16:07:14.001  5024  5024 D TelephonyExtensionManager: lowBatterySound - isLowBatterySoundScheduled: false
01-09 16:07:14.001  5024  5024 D TelephonyExtensionManager: lowBatterySound - isPlayNow: false
01-09 16:07:14.002  5024  5024 D TelephonyExtensionManager: isSpeakerON - true
01-09 16:07:14.018  5024  5024 D TelephonyExtensionManager: lowBatterySound - batteryStatus: 2
01-09 16:07:14.018  5024  5024 D TelephonyExtensionManager: lowBatterySound - batteryLevel: 96
01-09 16:07:14.018  5024  5024 D TelephonyExtensionManager: lowBatterySound - cancel
01-09 16:07:14.018  3757 29839 D ApplicationPolicy: isStatusBarNotificationAllowedAsUser: packageName = com.android.systemui,userId = -1
01-09 16:07:14.018  3757  7201 D SamsungAlarmManager: Cancel Alarm calling from uid:1001 pid :5024 / op:PendingIntent{5a27195: PendingIntentRecord{7032f18 com.android.phone broadcastIntent}}
01-09 16:07:14.019  4616  4616 D KeyguardUpdateMonitor: handleBatteryUpdate
01-09 16:07:14.021  5024  5024 D TelephonyExtension: Not stopping low battery tone
01-09 16:07:14.022  4616  4616 D BatteryMeterDrawable: isSomethingChanged - false
01-09 16:07:14.022  4616  4616 D BatteryMeterDrawable: isSomethingChanged - false
01-09 16:07:14.025  4616  4616 D Tile.FlashlightTile: ACTION_BATTERY_CHANGED - Level :: 96, emEnabled :: false
01-09 16:07:14.042  3757 29842 D AudioService: getStreamVolume 3 index 120
01-09 16:07:14.081  4616  4616 D KeyguardServiceBoxContainer: updateCMAS() hasCmasNotification = false, mHasCMAS = false
01-09 16:07:14.244  3757 32083 D AudioService: getStreamVolume 3 index 120
01-09 16:07:14.447  3757  7204 D AudioService: getStreamVolume 3 index 120
01-09 16:07:14.663  3757  7216 D AudioService: getStreamVolume 3 index 120
01-09 16:07:14.671  3757  9599 D SSRM:t  : SIOP:: AP = 340, PST = 363 (W:10), CP = 272, CUR = 103, LCD = 0
01-09 16:07:14.677  3757  9599 D ConnectivityService: filterNetworkStateForUid() uid: 1000 networkInfo: [type: WIFI[] - WIFI, state: CONNECTED/CONNECTED, reason: (unspecified), extra: "wilkinson2.4", failover: false, available: true, roaming: false, metered: false]
01-09 16:07:14.901  3757  4440 D AudioService: getStreamVolume 3 index 120
01-09 16:07:15.118  3757 10512 D AudioService: getStreamVolume 3 index 120
01-09 16:07:15.326  3757  7201 D AudioService: getStreamVolume 3 index 120
01-09 16:07:15.534  3757  6272 D AudioService: getStreamVolume 3 index 120
01-09 16:07:15.737  3757  5063 D AudioService: getStreamVolume 3 index 120
01-09 16:07:15.831 27387 27413 D UE4     : Used memory: 173456
01-09 16:07:15.942  3757  7205 D AudioService: getStreamVolume 3 index 120
01-09 16:07:16.085  5689  5689 D io_stats: !@   8,0 r 1293477 39938100 w 1148239 26473764 d 182665 14490096 f 323130 323037 iot 1936480 1053618 th 61440 61440 46984 pt 8330 inp 0 0 103903.276
01-09 16:07:16.150  3757  7206 D AudioService: getStreamVolume 3 index 120
01-09 16:07:16.367  3757  3771 D AudioService: getStreamVolume 3 index 120
01-09 16:07:16.581  3757 29841 D AudioService: getStreamVolume 3 index 120
01-09 16:07:16.785  3757 29838 D AudioService: getStreamVolume 3 index 120
01-09 16:07:16.964 22026 22040 I Finsky  : [3384] com.google.android.finsky.bn.an.run(6): Stats for Executor: Db-notification_cache com.google.android.finsky.bn.ao@6505d73[Running, pool size = 0, active threads = 0, queued tasks = 0, completed tasks = 4]
01-09 16:07:16.988  3757 10496 D AudioService: getStreamVolume 3 index 120
01-09 16:07:16.992 22026 22040 I Finsky  : [3384] com.google.android.finsky.bn.an.run(6): Stats for Executor: VerifyAppsDataStore com.google.android.finsky.bn.ao@6a30430[Running, pool size = 0, active threads = 0, queued tasks = 0, completed tasks = 2]
01-09 16:07:17.004 22026 22040 I Finsky  : [3384] com.google.android.finsky.bn.an.run(6): Stats for Executor: Db-verify_apps.db com.google.android.finsky.bn.ao@bcf98a9[Running, pool size = 0, active threads = 0, queued tasks = 0, completed tasks = 1]
01-09 16:07:17.194  3757 32085 D AudioService: getStreamVolume 3 index 120
01-09 16:07:17.400  3757  2858 D AudioService: getStreamVolume 3 index 120
01-09 16:07:17.410  4616  4823 D NetworkController.MobileSignalController(0/1): onSignalStrengthsChanged signalStrength=SignalStrength: 99 99 -120 -160 -120 -1 -1 18 -106 -12 36 2147483647 2147483647 0x2000 gsm|lte level=2
01-09 16:07:17.410  4616  4823 D NetworkController.MobileSignalController(0/1): getMobileIconGroup(): 13
01-09 16:07:17.410  4616  4823 D NetworkController.MobileSignalController(0/1): updateVZWMobileIconGroup(): 13
01-09 16:07:17.415  5035  5670 D EPDG -- [SMARTWIFI]: onSignalStrengthsChanged: Received signal strength change, phone type is: 2
01-09 16:07:17.415  5035  6446 D EPDG -- [SMARTWIFI]: lastLteRSRP is -105currentLteRSRP is -106
01-09 16:07:17.415  5035  6446 D EPDG -- [SMARTWIFI]: lastLteRSRQ is -11currentLteRSRQ is -12
01-09 16:07:17.415  5035  6446 D EPDG -- [SMARTWIFI]: lastCdmaDb is -16currentCdmaDb is -16
01-09 16:07:17.415  5035  6446 V EPDG -- [SMARTWIFI]: Radio oldest entry removed
01-09 16:07:17.415  5035  6446 V EPDG -- [SMARTWIFI]: New entry : (SignalStrength: 99 99 -120 -160 -120 -1 -1 18 -106 -12 36 2147483647 2147483647 0x2000 gsm|lte : 0 )
01-09 16:07:17.415  5035  6446 V EPDG -- [SMARTWIFI]: Radio entry added
01-09 16:07:17.419  4616  4823 D NetworkController.MobileSignalController(0/1): callState:0, callStateByPhone:false voLTECall:false voiceNetTpe:13 dataNetType:13, ine911:false, emergencyCallbackMode:false
01-09 16:07:17.607  3757  4440 D AudioService: getStreamVolume 3 index 120
01-09 16:07:17.814  3757 10512 D AudioService: getStreamVolume 3 index 120
01-09 16:07:18.022  3757  7201 D AudioService: getStreamVolume 3 index 120
01-09 16:07:18.225  3757  5063 D AudioService: getStreamVolume 3 index 120
01-09 16:07:18.364 22026 22040 I Finsky  : [3384] com.google.android.finsky.bn.an.run(6): Stats for Executor: Db-scheduler com.google.android.finsky.bn.ao@39dae2e[Running, pool size = 0, active threads = 0, queued tasks = 0, completed tasks = 17]
01-09 16:07:18.368  3252  3742 E NetlinkEvent: NetlinkEvent::FindParam(): Parameter 'LABEL' not found
01-09 16:07:18.369  3252  3742 E NetlinkEvent: NetlinkEvent::FindParam(): Parameter 'UID' not found
01-09 16:07:18.391  5035  5049 D EPDG -- [NETMGMT]: Interface Data activity changed : label: 1 : active: false
01-09 16:07:18.402 22026 22040 I Finsky  : [3384] com.google.android.finsky.bn.an.run(6): Stats for Executor: InstallQueueDatabaseManager com.google.android.finsky.bn.ao@ac95dcf[Running, pool size = 0, active threads = 0, queued tasks = 0, completed tasks = 7]
01-09 16:07:18.427  3757  7206 D AudioService: getStreamVolume 3 index 120
01-09 16:07:18.632  3757 29840 D AudioService: getStreamVolume 3 index 120
01-09 16:07:18.835  3757 29838 D AudioService: getStreamVolume 3 index 120
01-09 16:07:19.045  3757 10496 D AudioService: getStreamVolume 3 index 120
01-09 16:07:19.259  3757 32085 D AudioService: getStreamVolume 3 index 120
01-09 16:07:19.472  3757 31269 D AudioService: getStreamVolume 3 index 120
01-09 16:07:19.679  3757  4469 D AudioService: getStreamVolume 3 index 120
01-09 16:07:19.837 23288 23402 D ClClient: Not sending keepalive.  Current connection state=STOPPED
01-09 16:07:19.886  3757  5062 D AudioService: getStreamVolume 3 index 120
01-09 16:07:20.020  5035  5670 D EPDG -- [SMARTWIFI]: onSignalStrengthsChanged: Received signal strength change, phone type is: 2
01-09 16:07:20.021  5035  6446 D EPDG -- [SMARTWIFI]: lastLteRSRP is -106currentLteRSRP is -105
01-09 16:07:20.021  5035  6446 D EPDG -- [SMARTWIFI]: lastLteRSRQ is -12currentLteRSRQ is -12
01-09 16:07:20.021  5035  6446 D EPDG -- [SMARTWIFI]: lastCdmaDb is -16currentCdmaDb is -16
01-09 16:07:20.021  5035  6446 V EPDG -- [SMARTWIFI]: Radio oldest entry removed
01-09 16:07:20.021  5035  6446 V EPDG -- [SMARTWIFI]: New entry : (SignalStrength: 99 99 -120 -160 -120 -1 -1 19 -105 -12 36 2147483647 2147483647 0x3000 gsm|lte : 0 )
01-09 16:07:20.021  5035  6446 V EPDG -- [SMARTWIFI]: Radio entry added
01-09 16:07:20.024  4616  4823 D NetworkController.MobileSignalController(0/1): onSignalStrengthsChanged signalStrength=SignalStrength: 99 99 -120 -160 -120 -1 -1 19 -105 -12 36 2147483647 2147483647 0x3000 gsm|lte level=3
01-09 16:07:20.024  4616  4823 D NetworkController.MobileSignalController(0/1): getMobileIconGroup(): 13
01-09 16:07:20.024  4616  4823 D NetworkController.MobileSignalController(0/1): updateVZWMobileIconGroup(): 13
01-09 16:07:20.032  4616  4823 D NetworkController.MobileSignalController(0/1): callState:0, callStateByPhone:false voLTECall:false voiceNetTpe:13 dataNetType:13, ine911:false, emergencyCallbackMode:false
01-09 16:07:20.088  3757  6272 D AudioService: getStreamVolume 3 index 120
01-09 16:07:20.295  3757  5063 D AudioService: getStreamVolume 3 index 120
01-09 16:07:20.501  3757  7205 D AudioService: getStreamVolume 3 index 120
01-09 16:07:20.703  3757  4473 D AudioService: getStreamVolume 3 index 120
01-09 16:07:20.909  3757  3770 D AudioService: getStreamVolume 3 index 120
01-09 16:07:21.115  5689  5689 D io_stats: !@   8,0 r 1293477 39938100 w 1148242 26473792 d 182665 14490096 f 323155 323062 iot 1936570 1053622 th 61440 61440 46984 pt 8330 inp 0 0 103908.307
01-09 16:07:21.123  3757 29840 D AudioService: getStreamVolume 3 index 120
01-09 16:07:21.328  3757  2859 D AudioService: getStreamVolume 3 index 120
01-09 16:07:21.535  3757 31270 D AudioService: getStreamVolume 3 index 120
01-09 16:07:21.740  3757  4482 D AudioService: getStreamVolume 3 index 120
01-09 16:07:21.944  3757  7202 D AudioService: getStreamVolume 3 index 120
01-09 16:07:22.147  3757 32083 D AudioService: getStreamVolume 3 index 120
01-09 16:07:22.351  3757  7204 D AudioService: getStreamVolume 3 index 120
01-09 16:07:22.550  5035  5670 D EPDG -- [SMARTWIFI]: onSignalStrengthsChanged: Received signal strength change, phone type is: 2
01-09 16:07:22.550  5035  6446 D EPDG -- [SMARTWIFI]: lastLteRSRP is -105currentLteRSRP is -106
01-09 16:07:22.551  5035  6446 D EPDG -- [SMARTWIFI]: lastLteRSRQ is -12currentLteRSRQ is -12
01-09 16:07:22.551  5035  6446 D EPDG -- [SMARTWIFI]: lastCdmaDb is -16currentCdmaDb is -16
01-09 16:07:22.551  5035  6446 V EPDG -- [SMARTWIFI]: Radio oldest entry removed
01-09 16:07:22.551  5035  6446 V EPDG -- [SMARTWIFI]: New entry : (SignalStrength: 99 99 -120 -160 -120 -1 -1 18 -106 -12 32 2147483647 2147483647 0x3000 gsm|lte : 0 )
01-09 16:07:22.551  5035  6446 V EPDG -- [SMARTWIFI]: Radio entry added
01-09 16:07:22.551  4616  4823 D NetworkController.MobileSignalController(0/1): onSignalStrengthsChanged signalStrength=SignalStrength: 99 99 -120 -160 -120 -1 -1 18 -106 -12 32 2147483647 2147483647 0x3000 gsm|lte level=3
01-09 16:07:22.551  4616  4823 D NetworkController.MobileSignalController(0/1): getMobileIconGroup(): 13
01-09 16:07:22.551  4616  4823 D NetworkController.MobileSignalController(0/1): updateVZWMobileIconGroup(): 13
01-09 16:07:22.554  3757  5062 D AudioService: getStreamVolume 3 index 120
01-09 16:07:22.559  4616  4823 D NetworkController.MobileSignalController(0/1): callState:0, callStateByPhone:false voLTECall:false voiceNetTpe:13 dataNetType:13, ine911:false, emergencyCallbackMode:false
01-09 16:07:22.759  3757  5901 D AudioService: getStreamVolume 3 index 120
01-09 16:07:22.968  3757 32084 D AudioService: getStreamVolume 3 index 120
01-09 16:07:23.171  3757 29842 D AudioService: getStreamVolume 3 index 120
01-09 16:07:23.385  3757  7206 D AudioService: getStreamVolume 3 index 120
01-09 16:07:23.596  3757  3771 D AudioService: getStreamVolume 3 index 120
01-09 16:07:23.801  3757 29841 D AudioService: getStreamVolume 3 index 120
01-09 16:07:24.009  3757 29838 D AudioService: getStreamVolume 3 index 120
01-09 16:07:24.042  3757 31270 D BatteryService: !@BatteryListener : batteryPropertiesChanged!
01-09 16:07:24.043  3757 31270 D BatteryService: level:97, scale:100, status:2, health:2, present:true, voltage: 4286, temperature: 304, technology: Li-ion, AC powered:false, USB powered:true, POGO powered:false, Wireless powered:false, icon:17303694, invalid charger:0, maxChargingCurrent:0, maxChargingVoltage:0, chargeCounter:0
01-09 16:07:24.043  3757 31270 D BatteryService: online:6, current avg:670, charge type:1, power sharing:false, high voltage charger:false, capacity:280000, batterySWSelfDischarging:false, misc_event:0, current_now:678
01-09 16:07:24.043  3757 31270 D BatteryService: stay LED for charging
01-09 16:07:24.044  3757  3757 D BatteryService: Sending ACTION_BATTERY_CHANGED.
01-09 16:07:24.050  3757  3795 D PowerManagerService: [PSM] lowPowerModeEnabled: true (mLowPowerModeSetting: true, mIsPowered: true, mAutoLowPowerModeConfigured: false, mBatteryLevel: 97, mLowBatteryTriggerLevel: 0, mUltraPowerSavingModeEnabled: false, mEmergencyModeEnabled: false)
01-09 16:07:24.054  3757  9599 D ConnectivityService: filterNetworkStateForUid() uid: 1000 networkInfo: [type: WIFI[] - WIFI, state: CONNECTED/CONNECTED, reason: (unspecified), extra: "wilkinson2.4", failover: false, available: true, roaming: false, metered: false]
01-09 16:07:24.055  3757  9599 D ConnectivityService: filterNetworkStateForUid() uid: 1000 networkInfo: [type: MOBILE[] - MOBILE, state: DISCONNECTED/DISCONNECTED, reason: (unspecified), extra: (none), failover: false, available: true, roaming: false, metered: false]
