--------- beginning of system
01-17 17:22:24.533  3757  3770 D AudioService: getStreamVolume 3 index 120
01-17 17:22:24.613  3757 32084 D AudioService: getStreamVolume 3 index 120
01-17 17:22:24.736  3757  7216 D AudioService: getStreamVolume 3 index 120
01-17 17:22:24.810  3757  5063 D AudioService: getStreamVolume 3 index 120
01-17 17:22:24.818  3757 10496 D AudioService: getStreamVolume 3 index 120
01-17 17:22:24.939  3757  7205 D AudioService: getStreamVolume 3 index 120
01-17 17:22:25.022  3757 29842 D AudioService: getStreamVolume 3 index 120
01-17 17:22:25.142  3757 31270 D AudioService: getStreamVolume 3 index 120
01-17 17:22:25.225  3757  2859 D AudioService: getStreamVolume 3 index 120
--------- beginning of main
01-17 17:22:25.264 12612 12612 D SecurityManagerNative: SecurityManagerNative v2.7.2.5 On 64bit PLATFORM With BORINGSSL
01-17 17:22:25.270 12612 12612 E appproc : Enhanced Zygote ASLR: ro.knox.enhance.zygote.aslr != 1. Enhanced Zygote ASLR is DISABLED!
01-17 17:22:25.270 12612 12612 D AndroidRuntime: >>>>>> START com.android.internal.os.RuntimeInit uid 2000 <<<<<<
01-17 17:22:25.274 12612 12612 D AndroidRuntime: CheckJNI is OFF
01-17 17:22:25.277 12612 12612 D AndroidRuntime: addProductProperty: start
01-17 17:22:25.347  3757 29840 D AudioService: getStreamVolume 3 index 120
01-17 17:22:25.431  3757  4469 D AudioService: getStreamVolume 3 index 120
01-17 17:22:25.518 12612 12612 I [saiv 1.1]: saiv_OnLoadJNI.cpp(38): _init: Version 1.1 Build # 3532
01-17 17:22:25.518 12612 12612 I [saiv 1.1]: saiv_OnLoadJNI.cpp(43): _init: _init() was called
01-17 17:22:25.550  3757 32083 D AudioService: getStreamVolume 3 index 120
01-17 17:22:25.565 12612 12612 I MLDAP   : ================================================
01-17 17:22:25.565 12612 12612 I MLDAP   :  MLDAP_LIB v1.1.16
01-17 17:22:25.565 12612 12612 I MLDAP   : ================================================
01-17 17:22:25.634  3757 10512 D AudioService: getStreamVolume 3 index 120
01-17 17:22:25.653 12612 12612 I TMSDISP : AcsAndroidVirtualDisplayIntfImpl
01-17 17:22:25.699 12612 12612 D ICU     : No timezone override file found: /data/misc/zoneinfo/current/icu/icu_tzdata.dat
01-17 17:22:25.733 12612 12612 I Radio-JNI: register_android_hardware_Radio DONE
01-17 17:22:25.744 12612 12612 D ReflectionHelper: loadKlass() : caller=android.app.Activity.<clinit>:7555 <bottom of call stack> 
01-17 17:22:25.744 12612 12612 D ReflectionHelper: Reflecting method.....  class <onScreenChanged>
01-17 17:22:25.745 12612 12612 E SemAffinityControl: SemAffinityControl: registerfunction enter
01-17 17:22:25.753  3757  5062 D AudioService: getStreamVolume 3 index 120
01-17 17:22:25.760 12612 12612 D AndroidRuntime: Calling main entry com.android.commands.am.Am
01-17 17:22:25.773  3757  5063 I ActivityManager: START u0 {act=null typ=null flg=0x10000000 cmp=ComponentInfo{com.GeekTechnique.InfinityStack/com.epicgames.ue4.SplashActivity}} from uid 2000 on display 0
01-17 17:22:25.782  3757  5063 D ActivityManager: ActivityRecord() Constructor : multiScreenAttrs=MultiScreenAttrs{mDisplayId=0, mBaseDisplayId=0, mBaseActivity=false}
01-17 17:22:25.784  3757  5063 D CustomFrequencyManagerService: acquireDVFSLockLocked : type : DVFS_MIN_LIMIT  frequency : 2100000  uid : 1000  pid : 3757  pkgName : AMS_APP_SWITCH@CPU_MIN@45
01-17 17:22:25.786  3757  9599 D TelephonyManager: getAllCellInfo : Caller (PID / UID / TID): 3757 / 1000 / 9599
01-17 17:22:25.794  3757  5063 D ActivityManagerPerformance: AMP_acquire() APP_SWITCH
01-17 17:22:25.795  3757  5063 D ActivityManager: computeStackFocus: stackId=1
01-17 17:22:25.795  3757  5063 D ActivityManager: computeStackFocus: New stack r=ActivityRecord{d6c9e2dd0 u0 com.GeekTechnique.InfinityStack/com.epicgames.ue4.SplashActivity t-1} stackId=1
01-17 17:22:25.795  3757  5063 D ActivityTrigger: Activity is Triggerred in full screen 
01-17 17:22:25.796  3757  5063 D CompatibilityInfo: mCompatibilityFlags - 0
01-17 17:22:25.796  3757  5063 D CompatibilityInfo: applicationDensity - 420
01-17 17:22:25.796  3757  5063 D CompatibilityInfo: applicationScale - 1.0
01-17 17:22:25.796  3757  5063 D ActivityManager: moveToFront() : reason=startedActivity setFocusedActivity isAttached=true TaskRecord{821f029d0 #741 A=com.GeekTechnique.InfinityStack U=0 StackId=1 sz=1}
01-17 17:22:25.797  3757  5063 D ActivityManager: setFocusStackUnchecked: reason=startedActivity setFocusedActivity focusCandidate=ActivityStack{e83cb46d0 stackId=1, 9 tasks} caller=com.android.server.am.ActivityStack.moveToFront:874 com.android.server.am.ActivityStackSupervisor.moveActivityStackToFront:2005 
01-17 17:22:25.798  3757  5063 D InputDispatcher: Focused application set to: xxxx
01-17 17:22:25.799  3757  5063 D InputDispatcher: Focus left window: 6176
01-17 17:22:25.800  3757  5063 D ActivityManager: resumeTopActivityInnerLocked() : #1 prevTask=TaskRecord{821f029d0 #741 A=com.GeekTechnique.InfinityStack U=0 StackId=1 sz=1} next=ActivityRecord{d6c9e2dd0 u0 com.GeekTechnique.InfinityStack/com.epicgames.ue4.SplashActivity t741} mFocusedStack=ActivityStack{e83cb46d0 stackId=1, 9 tasks}
01-17 17:22:25.800  3757  5063 D ActivityTrigger: ActivityTrigger activityPauseTrigger 
01-17 17:22:25.800  3757  5063 D GameManagerService: sem_perfomance_mode: 0
01-17 17:22:25.802  6176  6176 D Launcher: onPause, Launcher: 226668512
01-17 17:22:25.802  6176  6176 D Launcher.HomeView: onPause
01-17 17:22:25.803  6176  6176 D Launcher.Workspace: exitWidgetResizeMode. isClearResizeFrame is false
01-17 17:22:25.805  3757  7205 D ActivityManager: clearAppIconInfo()
01-17 17:22:25.805  3757  7205 D ActivityManager: resumeTopActivityInnerLocked() : #1 prevTask=TaskRecord{e81ae1cd0 #106 A=com.sec.android.app.launcher U=0 StackId=0 sz=1} next=ActivityRecord{d6c9e2dd0 u0 com.GeekTechnique.InfinityStack/com.epicgames.ue4.SplashActivity t741} mFocusedStack=ActivityStack{e83cb46d0 stackId=1, 9 tasks}
01-17 17:22:25.805  3757  7205 D ActivityManager: applyOptionsLocked(), pendingOptions : null
01-17 17:22:25.806 12612 12612 D AndroidRuntime: Shutting down VM
01-17 17:22:25.807  3757  7205 D MountService: getExternalStorageMountMode : 3
01-17 17:22:25.807  3757  7205 D MountService: getExternalStorageMountMode : 3
01-17 17:22:25.807  3757  7205 D MountService: getExternalStorageMountMode : final mountMode=3, uid : 10390, packageName : com.GeekTechnique.InfinityStack
01-17 17:22:25.814  3757  6272 D AudioService: getStreamVolume 3 index 120
01-17 17:22:25.827 12625 12625 E Zygote  : v2
01-17 17:22:25.827 12625 12625 I libpersona: KNOX_SDCARD checking this for 10390
01-17 17:22:25.827 12625 12625 I libpersona: KNOX_SDCARD not a persona
01-17 17:22:25.827  3757  7205 I ActivityManager: Start proc 12625:com.GeekTechnique.InfinityStack/u0a390 for activity com.GeekTechnique.InfinityStack/com.epicgames.ue4.SplashActivity
01-17 17:22:25.828 12625 12625 E Zygote  : accessInfo : 0
01-17 17:22:25.828  3757  3793 D WindowManager: addWindow: android.view.ViewRootImpl$W@1fba36b displayId=0
01-17 17:22:25.828  3757  3793 D InputTransport: Input channel constructed: fd=552
01-17 17:22:25.828  3757  3793 D InputTransport: Input channel constructed: fd=553
01-17 17:22:25.829 12625 12625 W SELinux : SELinux selinux_android_compute_policy_index : Policy Index[2],  Con:u:r:zygote:s0 RAM:SEPF_SECMOBILE_7.0_0009, [-1 -1 -1 -1 0 1]
01-17 17:22:25.829  3757  3793 D WindowManager: openInputChannel mInputChannel: 3b15ec8 Starting com.GeekTechnique.InfinityStack (server)
01-17 17:22:25.829  3757  3793 D ViewRootImpl@61558ba[InfinityStack]: setView = DecorView@4167b61[InfinityStack] touchMode=true
01-17 17:22:25.830 12625 12625 I SELinux : SELinux: seapp_context_lookup: seinfo=untrusted, level=s0:c512,c768, pkgname=com.GeekTechnique.InfinityStack 
01-17 17:22:25.833  6176  6176 D ViewRootImpl@dbcd7d2[LauncherActivity]: MSG_WINDOW_FOCUS_CHANGED 0
01-17 17:22:25.834  6176  6176 D SEM_CLIP_SemClipboardManager: isCocktailBarDisplayed : false
01-17 17:22:25.834 12625 12625 I art     : Late-enabling -Xcheck:jni
01-17 17:22:25.836 12612 12612 I TMSDISP : AcsAndroidVirtualDisplayIntfImpl::~AcsAndroidVirtualDisplayIntfImpl - Enter
01-17 17:22:25.836 12612 12612 I TMSDISP : AcsAndroidVirtualDisplayIntfImpl::~AcsAndroidVirtualDisplayIntfImpl - Enter2
01-17 17:22:25.836 12612 12612 I TMSDISP : AcsAndroidVirtualDisplayIntfImpl::~AcsAndroidVirtualDisplayIntfImpl - mSource2
01-17 17:22:25.836 12612 12612 I TMSDISP : AcsAndroidVirtualDisplayIntfImpl::~AcsAndroidVirtualDisplayIntfImpl - Exit
01-17 17:22:25.836  3757  7203 D AudioService: getStreamVolume 3 index 120
01-17 17:22:25.844  3442  1433 I PBSessionCacheImpl: Deleted sessionId[15139623794382686] from persistence.
01-17 17:22:25.846  3442  3503 W SearchServiceCore: Abort, client detached.
01-17 17:22:25.846  3442  3503 W SearchServiceCore: Abort, client detached.
01-17 17:22:25.850  3757  3793 D ViewRootImpl@61558ba[InfinityStack]: dispatchAttachedToWindow
01-17 17:22:25.850  3757  3793 V WindowManager: Relayout Window{3b15ec8d0 u0 Starting com.GeekTechnique.InfinityStack}: viewVisibility=0 req=1079x1856 WM.LayoutParams{(0,0)(fillxfill) sim=#20 ty=3 fl=#1830518 pfl=0x20011 wanim=0x1030001 vsysui=0x400 needsMenuKey=2 naviIconColor=0}
01-17 17:22:25.850  3215  3215 I SurfaceFlinger: id=13360 createSurf (1x1),1 flag=404, JnfinitySta
01-17 17:22:25.866  3757  3793 D ViewRootImpl@61558ba[InfinityStack]: Relayout returned: oldFrame=[0,0][0,0] newFrame=[0,0][1080,1920] result=0x27 surface={isValid=true 515818646528} surfaceGenerationChanged=true
01-17 17:22:25.866 12625 12625 D TimaKeyStoreProvider: TimaKeyStore is not enabled: cannot add TimaSignature Service and generateKeyPair Service
01-17 17:22:25.869  3757  7206 D CompatibilityInfo: mCompatibilityFlags - 0
01-17 17:22:25.870  3757  7206 D CompatibilityInfo: applicationDensity - 420
01-17 17:22:25.870  3757  7206 D CompatibilityInfo: applicationScale - 1.0
01-17 17:22:25.870  3757  7206 I ActivityManager: DSS on for com.GeekTechnique.InfinityStack and scale is 1.0
01-17 17:22:25.871  3757  7206 D CompatibilityInfo: mCompatibilityFlags - 0
01-17 17:22:25.871  3757  7206 D CompatibilityInfo: applicationDensity - 420
01-17 17:22:25.871  3757  7206 D CompatibilityInfo: applicationScale - 1.0
01-17 17:22:25.877  3757  7206 D CompatibilityInfo: mCompatibilityFlags - 0
01-17 17:22:25.877  3757  7206 D CompatibilityInfo: applicationDensity - 420
01-17 17:22:25.877  3757  7206 D CompatibilityInfo: applicationScale - 1.0
01-17 17:22:25.877  3757  7206 D GameManagerService: sem_perfomance_mode: 0
01-17 17:22:25.877  3757  3757 D GameManagerService: NotifyRunnable. pkg: com.GeekTechnique.InfinityStack, type: 4, isMinimized: false, isTunableApp: false
01-17 17:22:25.877  3757  3757 D GameManagerService: do nothing. mKillNotiCount: 3
01-17 17:22:25.881  6011  6027 D ForegroundUtils: could not check pending caller
01-17 17:22:25.883 11161 11173 I ServiceManager: [#CMH#]   FaceService already paused:
01-17 17:22:25.883 11161 11173 I ServiceManager: [#CMH#]   IPService already paused:
01-17 17:22:25.883 11161 11173 I ServiceManager: [#CMH#]   StoryService already paused:
01-17 17:22:25.884  3757  3793 D WindowManager: finishDrawingWindow: Window{3b15ec8d0 u0 Starting com.GeekTechnique.InfinityStack} mDrawState=DRAW_PENDING
01-17 17:22:25.884  3757  3793 D ViewRootImpl@61558ba[InfinityStack]: MSG_RESIZED_REPORT: ci=Rect(0, 0 - 0, 0) vi=Rect(0, 63 - 0, 0) or=1
01-17 17:22:25.886  3757  3793 D WindowManager: finishDrawingWindow: Window{3b15ec8d0 u0 Starting com.GeekTechnique.InfinityStack} mDrawState=COMMIT_DRAW_PENDING
01-17 17:22:25.892  3757  3775 D WindowManager: set systemUiVisibility of statusbar : vis= 0x408
01-17 17:22:25.894  4616 30756 D WallpaperService: resized:[frame]Rect(0, 0 - 1080, 1920) [newConfig] is null
01-17 17:22:25.894  4616  4616 D WallpaperService: MSG_WINDOW_RESIZED
01-17 17:22:25.894  4616  4616 D WallpaperService: updateSurface forceRelayout=true redrawNeeded=false myWidth=1080 myHeight=1920 fixedSize=true mWidth=1080 mHeight=1920
01-17 17:22:25.894  4616  4616 V WallpaperService: Changes: creating=false format=false size=false
01-17 17:22:25.894  3757  4473 D WindowManager: adjustSystemUiVisibilityLw : vis= 0x408
01-17 17:22:25.895  3757 10496 V WindowManager: Relayout Window{31dbbd6d0 u0 com.android.systemui.ImageWallpaper}: viewVisibility=0 req=1080x1920 WM.LayoutParams{(0,0)(1080x1920) gr=#800033 ty=2013 fl=#318 fmt=2 wanim=0x10302f2 naviIconColor=0}
01-17 17:22:25.898  4616  4616 V WallpaperService: New surface=Surface(name=null)/@0x510bf7a, frame=Rect(0, 0 - 1080, 1920),relayoutResult=1, mConfiguration={0 1.0 themeSeq = 0 showBtnBg = -1 ?mcc?mnc ?localeList ?layoutDir ?swdp ?wdp ?hdp ?density ?lsize ?long ?orien ?uimode ?night ?touch ?keyb/?/? ?nav/? mkbd/?}
01-17 17:22:25.898  4616  4616 V WallpaperService: Wallpaper size has changed : 1080, 1920
01-17 17:22:25.899  4616  4616 D ImageWallpaper: onOffsetsChanged: xOffset=0.0, yOffset=0.0, xOffsetStep=0.0, yOffsetStep=0.0, xPixels=0, yPixels=0
01-17 17:22:25.899  4616  4616 D ImageWallpaper: drawFrame=false rotation=0 mLastRotation=0
01-17 17:22:25.899  4616  4616 D ImageWallpaper: drawFrame:[frame.width()]1080[frame.height()]1920
01-17 17:22:25.899  4616  4616 D ImageWallpaper: surfaceDimensionsChanged=false mLastSurfaceRotation=0 mDisplayWidth=1080 mDisplayHeight=1920
01-17 17:22:25.899  4616  4616 D ImageWallpaper: mNewKeyboard : 0 mLastKeyboard : 0 mForceDraw = false
01-17 17:22:25.899  4616  4616 D ImageWallpaper: redrawNeeded = false, mOffsetsChanged = false
01-17 17:22:25.899  4616  4616 D ImageWallpaper: Suppressed drawFrame since redraw is not needed and offsets have not changed.
01-17 17:22:25.901  3757  3793 D ViewRootImpl@61558ba[InfinityStack]: MSG_RESIZED: ci=Rect(0, 0 - 0, 0) vi=Rect(0, 0 - 0, 0) or=1
01-17 17:22:25.904  4616  4616 D SwipeDoorsillDetector: reset()com.android.systemui.statusbar.phone.NotificationPanelView.resetViews:864 com.android.systemui.statusbar.phone.PanelBar.collapsePanel:173 com.android.systemui.statusbar.phone.PhoneStatusBar.setWindowState:4340 com.android.systemui.statusbar.CommandQueue$H.handleMessage:678 
01-17 17:22:25.907  6176  6176 D ViewRootImpl@dbcd7d2[LauncherActivity]: mHardwareRenderer.destroy()#1
01-17 17:22:25.908  3757  4440 V WindowManager: Relayout Window{14de1fbd0 u0 com.sec.android.app.launcher/com.sec.android.app.launcher.activities.LauncherActivity}: viewVisibility=8 req=1080x1920 WM.LayoutParams{(0,0)(fillxfill) sim=#30 ty=1 fl=#81910d00 pfl=0x20000 fmt=-2 wanim=0x103038a vsysui=0x600 needsMenuKey=2 dimDuration=0 naviIconColor=0}
01-17 17:22:25.912  6176  6176 D ViewRootImpl@dbcd7d2[LauncherActivity]: Relayout returned: oldFrame=[0,0][1080,1920] newFrame=[0,0][1080,1920] result=0x5 surface={isValid=false 0} surfaceGenerationChanged=true
01-17 17:22:25.919  3757  9599 D GamePkgDataHelper: getGamePkgData(). com.GeekTechnique.InfinityStack
01-17 17:22:25.919  3757  9599 D GameManagerService: identifyGamePackage. com.GeekTechnique.InfinityStack
01-17 17:22:25.919  3757  9599 D GameManagerService: identifyGamePackage. com.GeekTechnique.InfinityStack
01-17 17:22:25.922  3757  9599 D GameManagerService: identifyGamePackage. com.GeekTechnique.InfinityStack
01-17 17:22:25.922  3757  9599 D GameManagerService: identifyGamePackage. com.GeekTechnique.InfinityStack
01-17 17:22:25.937  5689  5689 D io_stats: !@   8,0 r 4175678 123866844 w 3452310 76093048 d 524180 38113684 f 861044 860844 iot 5485740 3185048 th 61440 61440 43892 pt 10480 inp 1 0 307833.563
01-17 17:22:25.954  3757 29838 D AudioService: getStreamVolume 3 index 120
01-17 17:22:25.972  3757  7202 I ActivityManager: START u0 {act=null typ=null flg=0x10000 cmp=ComponentInfo{com.GeekTechnique.InfinityStack/com.epicgames.ue4.GameActivity}} from uid 10390 on display 0
01-17 17:22:25.973  3757  7202 D ActivityManager: ActivityRecord() Constructor : multiScreenAttrs=MultiScreenAttrs{mDisplayId=0, mBaseDisplayId=0, mBaseActivity=false}
01-17 17:22:25.973  3757  7202 D ActivityManager: moveToFront() : reason=intentActivityFound isAttached=true null
01-17 17:22:25.974  3757  7202 D ActivityManager: moveToFront() : reason=sourceStackToFront isAttached=true null
01-17 17:22:25.975  3757  7202 D ActivityTrigger: Activity is Triggerred in full screen 
01-17 17:22:25.976  3757  7202 D CompatibilityInfo: mCompatibilityFlags - 0
01-17 17:22:25.976  3757  7202 D CompatibilityInfo: applicationDensity - 420
01-17 17:22:25.976  3757  7202 D CompatibilityInfo: applicationScale - 1.0
01-17 17:22:25.976  3757  7202 D ActivityManager: moveToFront() : reason=startedActivity setFocusedActivity isAttached=true TaskRecord{821f029d0 #741 A=com.GeekTechnique.InfinityStack U=0 StackId=1 sz=2}
01-17 17:22:25.977  3757  7202 D InputDispatcher: Focused application set to: xxxx
01-17 17:22:25.977  3757  7202 D ActivityManager: resumeTopActivityInnerLocked() : #1 prevTask=TaskRecord{821f029d0 #741 A=com.GeekTechnique.InfinityStack U=0 StackId=1 sz=2} next=ActivityRecord{cba4512d0 u0 com.GeekTechnique.InfinityStack/com.epicgames.ue4.GameActivity t741} mFocusedStack=ActivityStack{e83cb46d0 stackId=1, 9 tasks}
01-17 17:22:25.977  3757  7202 D ActivityTrigger: ActivityTrigger activityPauseTrigger 
01-17 17:22:25.977  3757  7202 D GameManagerService: sem_perfomance_mode: 0
01-17 17:22:25.980  3757  3775 D WindowManager: set systemUiVisibility of statusbar : vis= 0x408
01-17 17:22:25.982  3757  7206 W MultiScreenManagerService: moveTaskBackToDisplayIfNeeded(): The task has more than one activity
01-17 17:22:26.013  3757  4521 D MdnieScenarioControlService:  packageName : com.GeekTechnique.InfinityStack    className : com.epicgames.ue4.GameActivity
01-17 17:22:26.014  3757  7203 D ActivityManager: setAppIconInfo(), x : 0, y : 0, width : 0, height : 0, isHomeItem : false
01-17 17:22:26.015  3757  7203 D ActivityManager: resumeTopActivityInnerLocked() : #1 prevTask=TaskRecord{821f029d0 #741 A=com.GeekTechnique.InfinityStack U=0 StackId=1 sz=2} next=ActivityRecord{cba4512d0 u0 com.GeekTechnique.InfinityStack/com.epicgames.ue4.GameActivity t741} mFocusedStack=ActivityStack{e83cb46d0 stackId=1, 9 tasks}
01-17 17:22:26.015  3757  7203 D ActivityManager: applyOptionsLocked(), pendingOptions : null
01-17 17:22:26.019  3757  7203 D CompatibilityInfo: mCompatibilityFlags - 0
01-17 17:22:26.019  3757  7203 D CompatibilityInfo: applicationDensity - 420
01-17 17:22:26.019  3757  7203 D CompatibilityInfo: applicationScale - 1.0
01-17 17:22:26.020  3757  7203 D GameManagerService: sem_perfomance_mode: 0
01-17 17:22:26.020  3757  3757 D GameManagerService: NotifyRunnable. pkg: com.GeekTechnique.InfinityStack, type: 4, isMinimized: false, isTunableApp: false
01-17 17:22:26.020  3757  3757 D GameManagerService: do nothing. mKillNotiCount: 3
01-17 17:22:26.037  3757 29839 D AudioService: getStreamVolume 3 index 120
01-17 17:22:26.058 12625 12625 D OVRPlugin: JNI_OnLoad
01-17 17:22:26.155  3757 32085 D AudioService: getStreamVolume 3 index 120
01-17 17:22:26.238  3757  5902 D AudioService: getStreamVolume 3 index 120
01-17 17:22:26.359  3757 10496 D AudioService: getStreamVolume 3 index 120
01-17 17:22:26.364  3757  4458 D WifiStateMachine: Current network is: "wilkinson2.4" , ID is: 30
01-17 17:22:26.364  3757  4458 I WifiStateMachine: IMS calling, current network is always qualified
01-17 17:22:26.367  4616  4616 D ImageWallpaper: onVisibilityChanged: mVisible, visible=true, false
01-17 17:22:26.367  4616  4616 D ImageWallpaper: Visibility changed to visible=false
01-17 17:22:26.424 12625 12625 D UE4     : Used memory before allocating anything was 51.36MB
01-17 17:22:26.439  3757 29841 D AudioService: getStreamVolume 3 index 120
01-17 17:22:26.560  3757  7203 D AudioService: getStreamVolume 3 index 120
01-17 17:22:26.640  3757 29839 D AudioService: getStreamVolume 3 index 120
01-17 17:22:26.761  3757 32083 D AudioService: getStreamVolume 3 index 120
01-17 17:22:26.816  3757  3770 D AudioService: getStreamVolume 3 index 120
01-17 17:22:26.841  3757 32084 D AudioService: getStreamVolume 3 index 120
01-17 17:22:26.850  3757  3774 D CompatibilityInfo: mCompatibilityFlags - 0
01-17 17:22:26.850  3757  3774 D CompatibilityInfo: applicationDensity - 420
01-17 17:22:26.850  3757  3774 D CompatibilityInfo: applicationScale - 1.0
01-17 17:22:26.864  3757 10496 D AppWidgetServiceImpl: updateAppWidgetInstanceLocked, merge! widget = AppWidgetId{3:Host{HostId{user:0, app:10081, hostId:1024, pkg:com.sec.android.app.launcher}}:Provider{ProviderId{user:0, app:10062, cmp:ComponentInfo{com.google.android.googlequicksearchbox/com.google.android.googlequicksearchbox.SearchWidgetProvider}}}}
01-17 17:22:26.865  3757  3757 D AppWidgetServiceImpl: handleNotifyUpdateAppWidget, w = AppWidgetId{3:Host{HostId{user:0, app:10081, hostId:1024, pkg:com.sec.android.app.launcher}}:Provider{ProviderId{user:0, app:10062, cmp:ComponentInfo{com.google.android.googlequicksearchbox/com.google.android.googlequicksearchbox.SearchWidgetProvider}}}}, isBlackListWidget = false, mIsPolicySeqNum = true, mIsPolicyTooLarge = true, mIsPolicySkipMerge = true
01-17 17:22:26.865  3757  3757 D AppWidgetServiceImpl: handleNotifyUpdateAppWidget, seqNumber = 29
01-17 17:22:26.865  3442  3503 W SearchServiceCore: Abort, client detached.
01-17 17:22:26.865  3442  3503 W SearchServiceCore: Abort, client detached.
01-17 17:22:26.880  6176  6176 V LauncherAppWidgetHostView: calculateWidgetSize: (target widgetsize)  using w/h 997 260 span 5 1 (widgetid 2) [current Gridsize : GRID_5x5]
01-17 17:22:26.880  6176  6176 D LauncherAppWidgetHostView: calculateWidgetSize() widget = Weather and Clock(widget id = 2) result hostview size = 1297 x 338
01-17 17:22:26.880  6176  6176 D LauncherAppWidgetHostView: setResizeScaleResult() 1297/ 338 scaleToResize = 0.76869696(widget id = 2)
01-17 17:22:26.880  6176  6176 V LauncherAppWidgetHostView: calculateWidgetSize: (target widgetsize)  using w/h 997 260 span 5 1 (widgetid 3) [current Gridsize : GRID_5x5]
01-17 17:22:26.880  6176  6176 D LauncherAppWidgetHostView: calculateWidgetSize() widget = Google(widget id = 3) result hostview size = 1297 x 338
01-17 17:22:26.880  6176  6176 D LauncherAppWidgetHostView: setResizeScaleResult() 1297/ 338 scaleToResize = 0.76869696(widget id = 3)
01-17 17:22:26.963  3757  7204 D AudioService: getStreamVolume 3 index 120
01-17 17:22:26.984 12625 12625 D UE4     : In the JNI_OnLoad function
01-17 17:22:26.984 12625 12625 D UE4     : [JNI] - Failed to determine if app purchasing is enabled!
01-17 17:22:26.986 12625 12625 D UE4     : Path found as '/storage/emulated/0'
01-17 17:22:26.986 12625 12625 D UE4     : Font Path found as '/system/fonts/'
01-17 17:22:26.986 12625 12625 D UE4     : In the JNI_OnLoad function 5
01-17 17:22:26.999 12625 12625 V threaded_app: Creating: 0xdb87bb40
01-17 17:22:27.000 12625 12643 V threaded_app: Config: mcc=311 mnc=480 lang=en cnt=US orien=1 touch=3 dens=420 keys=1 nav=1 keysHid=3 navHid=0 sdk=24 size=2 long=2 modetype=1 modenight=1
01-17 17:22:27.000 12625 12643 D UE4     : Entering native app glue main function
01-17 17:22:27.000 12625 12643 D UE4     : Created event thread
01-17 17:22:27.000 12625 12643 D UE4     : Entered AndroidMain()
01-17 17:22:27.000 12625 12644 D UE4     : Entering event processing thread engine entry point
01-17 17:22:27.000 12625 12644 D UE4     : Prepared looper for event thread
01-17 17:22:27.000 12625 12644 D UE4     : Passed callback initialization
01-17 17:22:27.000 12625 12644 D UE4     : Passed sensor initialization
01-17 17:22:27.001  3757  7202 E SensorService: getSensorList a sensor (MAX86900) without holding its required permission: com.samsung.permission.SSENSOR
01-17 17:22:27.002  3757  7202 I SensorService: Skipped sensor MAX86900 because it requires permission com.samsung.permission.SSENSOR and app op -1
01-17 17:22:27.002  3757  7202 E SensorService: getSensorList a sensor (HRM Ambient Light Canceling) without holding its required permission: com.samsung.permission.HRM_EXT
01-17 17:22:27.002  3757  7202 I SensorService: Skipped sensor HRM Ambient Light Canceling because it requires permission com.samsung.permission.HRM_EXT and app op -1
01-17 17:22:27.002  3757  7202 W ServiceManager: Permission failure: android.permission.BODY_SENSORS from uid=10390 pid=12625
01-17 17:22:27.002  3757  7202 E SensorService: getSensorList a sensor (HRMLED IR) without holding its required permission: android.permission.BODY_SENSORS
01-17 17:22:27.002  3757  7202 I SensorService: Skipped sensor HRMLED IR because it requires permission android.permission.BODY_SENSORS and app op 56
01-17 17:22:27.002 12625 12643 D UE4     : Controller interface supported
01-17 17:22:27.002  3757  7202 W ServiceManager: Permission failure: android.permission.BODY_SENSORS from uid=10390 pid=12625
01-17 17:22:27.002  3757  7202 E SensorService: getSensorList a sensor (HRMLED RED) without holding its required permission: android.permission.BODY_SENSORS
01-17 17:22:27.002  3757  7202 I SensorService: Skipped sensor HRMLED RED because it requires permission android.permission.BODY_SENSORS and app op 56
01-17 17:22:27.002  3757  7202 E SensorService: getSensorList a sensor (HRM Proximity detecting) without holding its required permission: com.samsung.permission.HRM_EXT
01-17 17:22:27.002  3757  7202 I SensorService: Skipped sensor HRM Proximity detecting because it requires permission com.samsung.permission.HRM_EXT and app op -1
01-17 17:22:27.002  3757  7202 E SensorService: getSensorList a sensor (HRM Sensor) without holding its required permission: com.samsung.permission.SSENSOR
01-17 17:22:27.002  3757  7202 I SensorService: Skipped sensor HRM Sensor because it requires permission com.samsung.permission.SSENSOR and app op -1
01-17 17:22:27.002  3757  7202 W ServiceManager: Permission failure: android.permission.BODY_SENSORS from uid=10390 pid=12625
01-17 17:22:27.002  3757  7202 E SensorService: getSensorList a sensor (HeartRate Sensor) without holding its required permission: android.permission.BODY_SENSORS
01-17 17:22:27.002  3757  7202 I SensorService: Skipped sensor HeartRate Sensor because it requires permission android.permission.BODY_SENSORS and app op 56
01-17 17:22:27.002  3757  7202 E SensorService: getSensorList a sensor (Sensor Diagnostic Monitor) without holding its required permission: com.samsung.permission.SSENSOR
01-17 17:22:27.002  3757  7202 I SensorService: Skipped sensor Sensor Diagnostic Monitor because it requires permission com.samsung.permission.SSENSOR and app op -1
01-17 17:22:27.027 12625 12625 D ViewRootImpl@c9e8dee[GameActivity]: ThreadedRenderer.create() translucent=false
01-17 17:22:27.028  3757  7216 D WindowManager: addWindow: android.view.IWindow$Stub$Proxy@23d690c displayId=0
01-17 17:22:27.029  3757  7216 D InputTransport: Input channel constructed: fd=544
01-17 17:22:27.029  3757  7216 D InputTransport: Input channel constructed: fd=556
01-17 17:22:27.029  3757  7216 D WindowManager: openInputChannel mInputChannel: 1d5646a com.GeekTechnique.InfinityStack/com.epicgames.ue4.GameActivity (server)
01-17 17:22:27.031  3757  7216 D InputTransport: Input channel destroyed: fd=556
01-17 17:22:27.032 12625 12625 D InputTransport: Input channel constructed: fd=67
01-17 17:22:27.032 12625 12625 D ViewRootImpl@c9e8dee[GameActivity]: setView = DecorView@2d5228f[GameActivity] touchMode=true
01-17 17:22:27.033 12625 12625 D UE4     : Target SDK is 26.  This may cause issues if permissions are denied by the user.
01-17 17:22:27.042 12625 12625 D PermissionFragment: Creating PlayGamesFragment
01-17 17:22:27.042  3757  5063 D AudioService: getStreamVolume 3 index 120
01-17 17:22:27.052  3757  5901 I ActivityManager: START u0 {act=android.content.pm.action.REQUEST_PERMISSIONS typ=null flg=0x0 cmp=ComponentInfo{com.google.android.packageinstaller/com.android.packageinstaller.permission.ui.GrantPermissionsActivity}} from uid 10390 on display 0
01-17 17:22:27.052  3757  5901 W ActivityManager: REQUEST_PERMISSIONS Action.
01-17 17:22:27.052  3757  5901 W ActivityManager: REQUEST_PERMISSIONS Action.
01-17 17:22:27.053  3757  5901 D ActivityManager: ActivityRecord() Constructor : multiScreenAttrs=MultiScreenAttrs{mDisplayId=0, mBaseDisplayId=0, mBaseActivity=false}
01-17 17:22:27.055  3757  5901 D CustomFrequencyManagerService: releaseDVFSLockLocked : Getting Lock type frm List : DVFS_MIN_LIMIT  frequency : 2100000  uid : 1000  pid : 3757  tag : AMS_APP_SWITCH@CPU_MIN@45
01-17 17:22:27.055  3757  5901 D CustomFrequencyManagerService: acquireDVFSLockLocked : type : DVFS_MIN_LIMIT  frequency : 2100000  uid : 1000  pid : 3757  pkgName : AMS_APP_SWITCH@CPU_MIN@45
01-17 17:22:27.056  3757  5901 D ActivityManagerPerformance: AMP_acquire() APP_SWITCH
01-17 17:22:27.056  3757  5901 D ActivityManager: moveToFront() : reason=sourceStackToFront isAttached=true null
01-17 17:22:27.057  3757  5901 D ActivityTrigger: Activity is Triggerred in full screen 
01-17 17:22:27.058  3757  5901 D CompatibilityInfo: mCompatibilityFlags - 0
01-17 17:22:27.058  3757  5901 D CompatibilityInfo: applicationDensity - 420
01-17 17:22:27.058  3757  5901 D CompatibilityInfo: applicationScale - 1.0
01-17 17:22:27.058  3757  5901 D ActivityManager: moveToFront() : reason=startedActivity setFocusedActivity isAttached=true TaskRecord{821f029d0 #741 A=com.GeekTechnique.InfinityStack U=0 StackId=1 sz=3}
01-17 17:22:27.059  3757  5901 D InputDispatcher: Focused application set to: xxxx
01-17 17:22:27.059  3757  5901 D ActivityManager: resumeTopActivityInnerLocked() : #1 prevTask=TaskRecord{821f029d0 #741 A=com.GeekTechnique.InfinityStack U=0 StackId=1 sz=3} next=ActivityRecord{703d5bd0 u0 com.google.android.packageinstaller/com.android.packageinstaller.permission.ui.GrantPermissionsActivity t741} mFocusedStack=ActivityStack{e83cb46d0 stackId=1, 9 tasks}
01-17 17:22:27.060  3757  5901 D ActivityTrigger: ActivityTrigger activityPauseTrigger 
01-17 17:22:27.060  3757  5901 D GameManagerService: sem_perfomance_mode: 0
01-17 17:22:27.068 12625 12625 D UE4     : Vulkan version: 1.0.3
01-17 17:22:27.069 12625 12625 D UE4     : Vulkan level: 1
01-17 17:22:27.070 12625 12625 D UE4     : Found DepthBufferPreference = 0
01-17 17:22:27.070 12625 12625 D UE4     : Found bPackageDataInsideApk = 0
01-17 17:22:27.070 12625 12625 D UE4     : Found ProjectName = StackerGame
01-17 17:22:27.070 12625 12625 D UE4     : Found AppType = 
01-17 17:22:27.070 12625 12625 D UE4     : Found bHasOBBFiles = 0
01-17 17:22:27.070 12625 12625 D UE4     : Found bVerifyOBBOnStartUp = false
01-17 17:22:27.070 12625 12625 D UE4     : UI hiding set to false
01-17 17:22:27.070 12625 12625 D UE4     : BuildConfiguration set to Development
01-17 17:22:27.071 12625 12625 D UE4     : UseExternalFilesDir set to false
01-17 17:22:27.071 12625 12625 D UE4     : AllowIMU set to true
01-17 17:22:27.071 12625 12625 D UE4     : SupportsVulkan set to false
01-17 17:22:27.071 12625 12625 D UE4     : No GearVR mode detected.
01-17 17:22:27.120 12625 12625 D libEGL  : loaded /vendor/lib/egl/libGLES_mali.so
01-17 17:22:27.136 12625 12646 D UE4     : Used memory: 63124
01-17 17:22:27.156 12625 12625 D UE4     : Hardware: SAMSUNG Exynos7420
01-17 17:22:27.156 12625 12625 D UE4     : ro.hardware: samsungexynos7420
01-17 17:22:27.157 12625 12625 D UE4     : Memory: 3662 MB
01-17 17:22:27.161 12625 12625 D UE4     : UseAffinity: false
01-17 17:22:27.161 12625 12625 D UE4     : BigCoreMask: 0xffff
01-17 17:22:27.161 12625 12625 D UE4     : LittleCoreMask: 0x0
01-17 17:22:27.162 12625 12625 D UE4     : APK path: /data/app/com.GeekTechnique.InfinityStack-1/base.apk
01-17 17:22:27.162 12625 12625 D UE4     : OBB in APK: false
01-17 17:22:27.164  3757  2858 D AudioService: getStreamVolume 3 index 120
01-17 17:22:27.165 12625 12625 D UE4     : InternalFilePath found as '/data/user/0/com.GeekTechnique.InfinityStack/files'
01-17 17:22:27.165 12625 12625 D UE4     : ExternalFilePath found as '/storage/emulated/0/Android/data/com.GeekTechnique.InfinityStack/files'
01-17 17:22:27.166 12625 12625 D UE4     : App is running in Portrait
01-17 17:22:27.174 12625 12625 D UE4     : Android version is 7.0
01-17 17:22:27.174 12625 12625 D UE4     : Android manufacturer is samsung
01-17 17:22:27.174 12625 12625 D UE4     : Android model is SM-N920V
01-17 17:22:27.174 12625 12625 D UE4     : Android build number is NRD90M.N920VVRS3CRH1
01-17 17:22:27.174 12625 12625 D UE4     : OS language is set to en_US
01-17 17:22:27.174 12625 12625 D UE4     : Debugger attached is false
01-17 17:22:27.179 12625 12630 I art     : Compiler allocated 4MB to compile void com.epicgames.ue4.GameActivity.onCreate(android.os.Bundle)
01-17 17:22:27.186 12625 12630 I art     : Do partial code cache collection, code=13KB, data=31KB
01-17 17:22:27.186 12625 12630 I art     : After code cache collection, code=13KB, data=31KB
01-17 17:22:27.186 12625 12630 I art     : Increasing code cache capacity to 128KB
01-17 17:22:27.227 12625 12625 W PopupManager: You have not specified a View to use as content view for popups. Falling back to the Activity content view. Note that this may not work as expected in multi-screen environments
01-17 17:22:27.228 12625 12625 D UE4     : ==============> GameActive.onCreate complete!
01-17 17:22:27.229 12625 12625 V threaded_app: Start: 0xdb87bb40
01-17 17:22:27.229 12625 12644 V threaded_app: activityState=10
01-17 17:22:27.229 12625 12625 D UE4     : Creating console command broadcast listener
01-17 17:22:27.229 12625 12644 D UE4     : LogAndroidEvents: EnqueueAppEvent : 9, 0, tid = 12644
01-17 17:22:27.231 12625 12625 D UE4     : ==================================> Inside onStart function in GameActivity
01-17 17:22:27.237 12625 12625 V threaded_app: Resume: 0xdb87bb40
01-17 17:22:27.237 12625 12644 V threaded_app: activityState=11
01-17 17:22:27.237 12625 12644 D UE4     : Case APP_CMD_RESUME
01-17 17:22:27.237 12625 12644 D UE4     : LogAndroidEvents: EnqueueAppEvent : 7, 0, tid = 12644
01-17 17:22:27.237 12625 12625 D UE4     : ==============> [JAVA] AndroidThunkJava_KeepScreenOn(false) - Enabled screen saver
01-17 17:22:27.237 12625 12625 D UE4     : Registering sensor listeners
01-17 17:22:27.239  3757 31270 I Sensors : Acc old sensor_state 0, new sensor_state : 1 en : 1
01-17 17:22:27.242  3757  7203 D AudioService: getStreamVolume 3 index 120
01-17 17:22:27.246 12625 12625 D SensorManager: registerListener :: 0, K6DS3TR Acceleration Sensor, 20000, 0,  
01-17 17:22:27.246  3757  3771 I Sensors : Mag old sensor_state 1, new sensor_state : 17 en : 1
01-17 17:22:27.253 12625 12625 D SensorManager: registerListener :: 1, AK09911C Magnetic field Sensor, 20000, 0,  
01-17 17:22:27.254  3757 29839 I Sensors : Gyro old sensor_state 17, new sensor_state : 19 en : 1
01-17 17:22:27.259  3757  3766 I art     : Background partial concurrent mark sweep GC freed 127382(7MB) AllocSpace objects, 29(620KB) LOS objects, 17% free, 74MB/90MB, paused 3.088ms total 244.653ms
01-17 17:22:27.261 12625 12625 D SensorManager: registerListener :: 3, K6DS3TR Gyroscope Sensor, 20000, 0,  
01-17 17:22:27.261 12625 12625 D UE4     : App is running in Portrait
01-17 17:22:27.261 12625 12625 D UE4     : ==============> Resuming main init
01-17 17:22:27.265 12625 12643 D UE4     : APK Commandline: ../../../StackerGame/StackerGame.uproject  /Game/Maps/StackMap -Messaging -SessionId=EEBBDFE54E17642C8EBB6197B24FEBD3 -SessionOwner="nope" -SessionName="Launch On Device" -iterative
01-17 17:22:27.265 12625 12643 D UE4     : Override Commandline: ../../../StackerGame/StackerGame.uproject  /Game/Maps/StackMap -Messaging -SessionId=5534A9F34277F524843D0291CCF7DA72 -SessionOwner="nope" -SessionName="Launch On Device" -iterative
01-17 17:22:27.265 12625 12643 D UE4     : Final commandline: ../../../StackerGame/StackerGame.uproject  /Game/Maps/StackMap -Messaging -SessionId=5534A9F34277F524843D0291CCF7DA72 -SessionOwner="nope" -SessionName="Launch On Device" -iterative
01-17 17:22:27.265 12625 12643 D UE4     : Created sync event
01-17 17:22:27.272 12625 12625 D UE4     : ==============> GameActive.onResume complete!
01-17 17:22:27.278 12625 12625 D ViewRootImpl@e972267[GameActivity]: ThreadedRenderer.create() translucent=true
01-17 17:22:27.279  3757 29838 D WindowManager: addWindow: android.view.IWindow$Stub$Proxy@f58b70d displayId=0
01-17 17:22:27.280  3757 29838 D InputTransport: Input channel constructed: fd=556
01-17 17:22:27.280  3757 29838 D InputTransport: Input channel constructed: fd=564
01-17 17:22:27.281  3757 29838 D WindowManager: openInputChannel mInputChannel: d96fcd3 com.GeekTechnique.InfinityStack/com.epicgames.ue4.GameActivity (server)
01-17 17:22:27.282  3757 29838 D InputTransport: Input channel destroyed: fd=564
01-17 17:22:27.282 12625 12625 D InputTransport: Input channel constructed: fd=73
01-17 17:22:27.282 12625 12625 V threaded_app: InputQueueCreated: 0xdb87bb40 -- 0xdb87ca40
01-17 17:22:27.282 12625 12644 V threaded_app: APP_CMD_INPUT_CHANGED
01-17 17:22:27.282 12625 12644 V threaded_app: Attaching input queue to looper
01-17 17:22:27.283 12625 12625 D ViewRootImpl@e972267[GameActivity]: setView = DecorView@57f3814[GameActivity] touchMode=true
01-17 17:22:27.283  3757  3770 D ActivityManager: post active user change for 0 fullscreen true isHomeActivity() false
01-17 17:22:27.283  3757  3770 D KnoxTimeoutHandler: postActiveUserChange [MsgParam] userId: 0 fullscreen is true showWhenlocked is false isMutiwindowRecord is false multiwindowstyle is 0
01-17 17:22:27.284  3757  3757 D KnoxTimeoutHandler: handleActiveUserChange [MsgParam] userId: 0 fullscreen is true showWhenlocked is false isMutiwindowRecord is false multiwindowstyle is 0
01-17 17:22:27.284 12625 12625 D ViewRootImpl@c9e8dee[GameActivity]: dispatchAttachedToWindow
01-17 17:22:27.285  3757  3757 I KnoxTimeoutHandler: Shared devices show user statefalse
01-17 17:22:27.290  3757 32083 V WindowManager: Relayout Window{1d5646ad0 u0 com.GeekTechnique.InfinityStack/com.epicgames.ue4.GameActivity}: viewVisibility=0 req=1079x1856 WM.LayoutParams{(0,0)(fillxfill) gr=#11 sim=#120 ty=2 fl=#1810508 pfl=0x20000 wanim=0x1030001 vsysui=0x400 needsMenuKey=2 naviIconColor=0}
01-17 17:22:27.291  3215  3215 I SurfaceFlinger: id=13361 createSurf (1x1),1 flag=404, HameActivit
01-17 17:22:27.298 12625 12625 D ViewRootImpl@c9e8dee[GameActivity]: Relayout returned: oldFrame=[0,0][0,0] newFrame=[0,0][1080,1920] result=0x27 surface={isValid=true -1026449408} surfaceGenerationChanged=true
01-17 17:22:27.298 12625 12625 D ViewRootImpl@c9e8dee[GameActivity]: mHardwareRenderer.initialize() mSurface={isValid=true -1026449408} hwInitialized=true
01-17 17:22:27.299 12625 12645 I OpenGLRenderer: Initialized EGL, version 1.4
01-17 17:22:27.299 12625 12645 D OpenGLRenderer: Swap behavior 1
01-17 17:22:27.303 12625 12645 D mali_winsys: EGLint new_window_surface(egl_winsys_display*, void*, EGLSurface, EGLConfig, egl_winsys_surface**, egl_color_buffer_format*, EGLBoolean) returns 0x3000,  [1080x1920]-format:1
01-17 17:22:27.307 12625 12625 D ViewRootImpl@e972267[GameActivity]: dispatchAttachedToWindow
01-17 17:22:27.307  3757  5902 V WindowManager: Relayout Window{d96fcd3d0 u0 com.GeekTechnique.InfinityStack/com.epicgames.ue4.GameActivity}: viewVisibility=0 req=1079x1856 WM.LayoutParams{(0,0)(fillxfill) sim=#10 ty=1 fl=#1810500 pfl=0x20000 fmt=1 wanim=0x1030001 vsysui=0x400 needsMenuKey=2 naviIconColor=0}
01-17 17:22:27.308  3215  3215 I SurfaceFlinger: id=13362 createSurf (1080x1920),1 flag=4, HameActivit
01-17 17:22:27.312 12625 12625 D ViewRootImpl@e972267[GameActivity]: Relayout returned: oldFrame=[0,0][0,0] newFrame=[0,0][1080,1920] result=0x7 surface={isValid=true -1026447360} surfaceGenerationChanged=true
01-17 17:22:27.312 12625 12625 D ViewRootImpl@e972267[GameActivity]: mHardwareRenderer.initialize() mSurface={isValid=true -1026447360} hwInitialized=true
01-17 17:22:27.313 12625 12645 D mali_winsys: EGLint new_window_surface(egl_winsys_display*, void*, EGLSurface, EGLConfig, egl_winsys_surface**, egl_color_buffer_format*, EGLBoolean) returns 0x3000,  [1080x1920]-format:1
01-17 17:22:27.314  3757  7216 D WindowManager: addWindow: android.view.IWindow$Stub$Proxy@8842010 displayId=0
01-17 17:22:27.315  3757  4473 V WindowManager: Relayout Window{776dd0ed0 u0 SurfaceView - com.GeekTechnique.InfinityStack/com.epicgames.ue4.GameActivity}: viewVisibility=0 req=1080x1920 WM.LayoutParams{(0,0)(1080x1920) gr=#800033 ty=1001 fl=#4218 pfl=0x10040 fmt=4 naviIconColor=0}
01-17 17:22:27.315  3215  3215 I SurfaceFlinger: id=13363 createSurf (1080x1920),4 flag=404, HameActivit
01-17 17:22:27.316  3215  3215 I SurfaceFlinger: id=13364 createSurf (1080x1920),-1 flag=20404, HameActivit
01-17 17:22:27.320 12625 12625 D SurfaceView: Relayout returned: oldFrame=[0,0][0,0] newFrame=[0,0][1080,1920] result=0x7 surface={Surface(name=null)/@0x921c180 isValid=true -1026301952}
01-17 17:22:27.320 12625 12625 V threaded_app: NativeWindowCreated: 0xdb87bb40 -- 0xc2d3e008
01-17 17:22:27.320 12625 12644 V threaded_app: APP_CMD_INIT_WINDOW
01-17 17:22:27.320 12625 12644 D UE4     : Case APP_CMD_INIT_WINDOW
01-17 17:22:27.320 12625 12644 D UE4     : LogAndroidEvents: EnqueueAppEvent : 0, 3268665352, tid = 12644
01-17 17:22:27.320  3757 10496 D WindowManager: finishDrawingWindow: Window{776dd0ed0 u0 SurfaceView - com.GeekTechnique.InfinityStack/com.epicgames.ue4.GameActivity} mDrawState=DRAW_PENDING
01-17 17:22:27.325 12625 12625 V threaded_app: Pause: 0xdb87bb40
01-17 17:22:27.325 12625 12644 V threaded_app: activityState=13
01-17 17:22:27.325 12625 12644 D UE4     : Case APP_CMD_PAUSE
01-17 17:22:27.325 12625 12644 D UE4     : LogAndroidEvents: EnqueueAppEvent : 6, 0, tid = 12644
01-17 17:22:27.325 12625 12625 D UE4     : Unregistering sensor listeners
01-17 17:22:27.325  3757 29842 I Sensors : Acc old sensor_state 19, new sensor_state : 18 en : 0
01-17 17:22:27.332  3757  6272 I Sensors : Mag old sensor_state 18, new sensor_state : 2 en : 0
01-17 17:22:27.339  3757 29841 I Sensors : Gyro old sensor_state 2, new sensor_state : 0 en : 0
01-17 17:22:27.346 12625 12625 D SensorManager: unregisterListener ::   
01-17 17:22:27.346 12625 12625 D UE4     : ==============> GameActive.onPause complete!
01-17 17:22:27.347  3757  5901 D ActivityManager: resumeTopActivityInnerLocked() : #1 prevTask=TaskRecord{821f029d0 #741 A=com.GeekTechnique.InfinityStack U=0 StackId=1 sz=3} next=ActivityRecord{703d5bd0 u0 com.google.android.packageinstaller/com.android.packageinstaller.permission.ui.GrantPermissionsActivity t741} mFocusedStack=ActivityStack{e83cb46d0 stackId=1, 9 tasks}
01-17 17:22:27.347  3757  5901 D ActivityManager: applyOptionsLocked(), pendingOptions : null
01-17 17:22:27.354  3757  5901 D CompatibilityInfo: mCompatibilityFlags - 0
01-17 17:22:27.354  3757  5901 D CompatibilityInfo: applicationDensity - 420
01-17 17:22:27.354  3757  5901 D CompatibilityInfo: applicationScale - 1.0
01-17 17:22:27.355  3757  5901 D GameManagerService: sem_perfomance_mode: 0
01-17 17:22:27.355  3757  3757 D GameManagerService: NotifyRunnable. pkg: com.google.android.packageinstaller, type: 4, isMinimized: false, isTunableApp: false
01-17 17:22:27.355  3757  3757 D GameManagerService: do nothing. mKillNotiCount: 3
01-17 17:22:27.359  6011 20825 D ForegroundUtils: could not check pending caller
01-17 17:22:27.360 12625 12625 D ViewRootImpl@c9e8dee[GameActivity]: MSG_RESIZED_REPORT: ci=Rect(0, 0 - 0, 0) vi=Rect(0, 0 - 0, 0) or=1
01-17 17:22:27.361  3757  9599 D GamePkgDataHelper: getGamePkgData(). com.google.android.packageinstaller
01-17 17:22:27.361  3757  9599 D GameManagerService: identifyGamePackage. com.google.android.packageinstaller
01-17 17:22:27.365  3757  9599 D TelephonyManager: getAllCellInfo : Caller (PID / UID / TID): 3757 / 1000 / 9599
01-17 17:22:27.366  3757  3771 D AudioService: getStreamVolume 3 index 120
01-17 17:22:27.372  3757  9599 D GameManagerService: identifyGamePackage. com.google.android.packageinstaller
01-17 17:22:27.373  3757  9599 D GameManagerService: identifyGamePackage. com.google.android.packageinstaller
01-17 17:22:27.389 12625 12630 I art     : Do partial code cache collection, code=14KB, data=32KB
01-17 17:22:27.391 12625 12630 I art     : After code cache collection, code=14KB, data=32KB
01-17 17:22:27.391 12625 12630 I art     : Increasing code cache capacity to 256KB
01-17 17:22:27.396 12625 12630 I art     : Compiler allocated 7MB to compile boolean com.epicgames.ue4.GameActivity.processSystemInfo(java.lang.String, java.lang.String)
01-17 17:22:27.397  3757  2859 D WindowManager: finishDrawingWindow: Window{1d5646ad0 u0 com.GeekTechnique.InfinityStack/com.epicgames.ue4.GameActivity} mDrawState=DRAW_PENDING
01-17 17:22:27.401  3757  4440 V WindowManager: Relayout Window{d96fcd3d0 u0 com.GeekTechnique.InfinityStack/com.epicgames.ue4.GameActivity}: viewVisibility=0 req=1080x1920 WM.LayoutParams{(0,0)(fillxfill) sim=#10 ty=1 fl=#1810500 pfl=0x20000 fmt=1 wanim=0x1030001 vsysui=0x400 needsMenuKey=2 naviIconColor=0}
01-17 17:22:27.405 12625 12625 D ViewRootImpl@e972267[GameActivity]: Relayout returned: oldFrame=[0,0][1080,1920] newFrame=[0,0][1080,1920] result=0x1 surface={isValid=true -1026447360} surfaceGenerationChanged=false
01-17 17:22:27.406  3757  5063 V WindowManager: Relayout Window{776dd0ed0 u0 SurfaceView - com.GeekTechnique.InfinityStack/com.epicgames.ue4.GameActivity}: viewVisibility=0 req=1080x1920 WM.LayoutParams{(0,0)(1080x1920) gr=#800033 ty=1001 fl=#4218 pfl=0x10040 fmt=4 naviIconColor=0}
01-17 17:22:27.410 12625 12625 D SurfaceView: Relayout returned: oldFrame=[0,0][1080,1920] newFrame=[0,0][1080,1920] result=0x1 surface={Surface(name=null)/@0x921c180 isValid=true -1026299904}
01-17 17:22:27.411  3757 10496 D WindowManager: finishDrawingWindow: Window{776dd0ed0 u0 SurfaceView - com.GeekTechnique.InfinityStack/com.epicgames.ue4.GameActivity} mDrawState=READY_TO_SHOW
01-17 17:22:27.415  3215 15153 I Layer   : [com.GeekTechnique.InfinityStack/com.epicgames.ue4.GameActivity] addSyncPoint start
01-17 17:22:27.415  3215 15153 I Layer   : [com.GeekTechnique.InfinityStack/com.epicgames.ue4.GameActivity] addSyncPoint end
01-17 17:22:27.415  3215 15153 I Layer   : [com.GeekTechnique.InfinityStack/com.epicgames.ue4.GameActivity] addSyncPoint start
01-17 17:22:27.415  3215 15153 I Layer   : [com.GeekTechnique.InfinityStack/com.epicgames.ue4.GameActivity] addSyncPoint end
01-17 17:22:27.416  3215  4549 I Layer   : [com.GeekTechnique.InfinityStack/com.epicgames.ue4.GameActivity] addSyncPoint start
01-17 17:22:27.416  3215  4549 I Layer   : [com.GeekTechnique.InfinityStack/com.epicgames.ue4.GameActivity] addSyncPoint end
01-17 17:22:27.416  3215  4549 I Layer   : [com.GeekTechnique.InfinityStack/com.epicgames.ue4.GameActivity] addSyncPoint start
01-17 17:22:27.416  3215  4549 I Layer   : [com.GeekTechnique.InfinityStack/com.epicgames.ue4.GameActivity] addSyncPoint end
01-17 17:22:27.430  3757  7205 D WindowManager: finishDrawingWindow: Window{d96fcd3d0 u0 com.GeekTechnique.InfinityStack/com.epicgames.ue4.GameActivity} mDrawState=DRAW_PENDING
01-17 17:22:27.430 12625 12625 D ViewRootImpl@e972267[GameActivity]: MSG_RESIZED_REPORT: ci=Rect(0, 0 - 0, 0) vi=Rect(0, 0 - 0, 0) or=1
01-17 17:22:27.433  3215  4549 I Layer   : [com.GeekTechnique.InfinityStack/com.epicgames.ue4.GameActivity] addSyncPoint start
01-17 17:22:27.433  3215  4549 I Layer   : [com.GeekTechnique.InfinityStack/com.epicgames.ue4.GameActivity] addSyncPoint end
01-17 17:22:27.433  3215  4549 I Layer   : [com.GeekTechnique.InfinityStack/com.epicgames.ue4.GameActivity] addSyncPoint start
01-17 17:22:27.433  3215  4549 I Layer   : [com.GeekTechnique.InfinityStack/com.epicgames.ue4.GameActivity] addSyncPoint end
01-17 17:22:27.436  3215  5562 I Layer   : [com.GeekTechnique.InfinityStack/com.epicgames.ue4.GameActivity] addSyncPoint start
01-17 17:22:27.436  3215  5562 I Layer   : [com.GeekTechnique.InfinityStack/com.epicgames.ue4.GameActivity] addSyncPoint end
01-17 17:22:27.436  3215  5562 I Layer   : [com.GeekTechnique.InfinityStack/com.epicgames.ue4.GameActivity] addSyncPoint start
01-17 17:22:27.436  3215  5562 I Layer   : [com.GeekTechnique.InfinityStack/com.epicgames.ue4.GameActivity] addSyncPoint end
01-17 17:22:27.437  3757  3793 D KnoxTimeoutHandler: notifyActivityDrawn [MsgParam] userId: 0 fullscreen is true showWhenlocked is false isMutiwindowRecord is false multiwindowstyle is 1
01-17 17:22:27.437  3757  3757 D KnoxTimeoutHandler: activityDrawn [MsgParam] userId: 0 fullscreen is true showWhenlocked is false isMutiwindowRecord is false multiwindowstyle is 1
01-17 17:22:27.438  3757  3757 I KnoxTimeoutHandler: SD activityfalse
01-17 17:22:27.438  3757  3757 I KnoxTimeoutHandler: Fullscreen and mCurrent is not KNOX user. Hence hide keyguard
01-17 17:22:27.439  3757  3793 D CustomFrequencyManagerService: acquireDVFSLockLocked : type : DVFS_MIN_LIMIT  frequency : 1704000  uid : 1000  pid : 3757  pkgName : AMS_RESUME_TAIL@CPU_MIN@51
01-17 17:22:27.439  3757  3793 D ActivityManagerPerformance: AMP_acquire() TAIL
01-17 17:22:27.439  3757  3793 D CustomFrequencyManagerService: releaseDVFSLockLocked : Getting Lock type frm List : DVFS_MIN_LIMIT  frequency : 2100000  uid : 1000  pid : 3757  tag : AMS_APP_SWITCH@CPU_MIN@45
01-17 17:22:27.439  3757  3793 D ActivityManagerPerformance: AMP_release() APP_SWITCH
01-17 17:22:27.439  3757  3793 D ViewRootImpl@61558ba[InfinityStack]: dispatchDetachedFromWindow
01-17 17:22:27.439  3757  3793 D WindowManager: disposeInputChannel mInputChannel: 3b15ec8 Starting com.GeekTechnique.InfinityStack (server)
01-17 17:22:27.442  3215  5562 I Layer   : [com.GeekTechnique.InfinityStack/com.epicgames.ue4.GameActivity] addSyncPoint start
01-17 17:22:27.442  3215  5562 I Layer   : [com.GeekTechnique.InfinityStack/com.epicgames.ue4.GameActivity] addSyncPoint end
01-17 17:22:27.442  3215  5562 I Layer   : [com.GeekTechnique.InfinityStack/com.epicgames.ue4.GameActivity] addSyncPoint start
