01-07 16:27:05.768  3757  4354 V SamsungAlarmManager: Sending to uid : 1000 listener=android.app.AlarmManager$ListenerWrapper@3180f4c alarm=Alarm{81949bc type 2 when 97048202 android}
01-07 16:27:05.768  3757  4354 V SamsungAlarmManager: Sending to uid : 1000 listener=android.app.AlarmManager$ListenerWrapper@4cfcde0 alarm=Alarm{aa3dd45 type 2 when 97048202 android}
01-07 16:27:05.769  3757  4354 V SamsungAlarmManager: Sending to uid : 1000 listener=android.app.AlarmManager$ListenerWrapper@bb0ba87 alarm=Alarm{d8e6c9a type 2 when 97048202 android}
01-07 16:27:05.769  3757  4354 V SamsungAlarmManager: Sending to uid : 1000 listener=android.app.AlarmManager$ListenerWrapper@b96ce98 alarm=Alarm{3d759cb type 2 when 97048202 android}
01-07 16:27:05.769  3757  4354 V SamsungAlarmManager: Sending to uid : 1000 listener=android.app.AlarmManager$ListenerWrapper@270dc8 alarm=Alarm{e0f45a8 type 2 when 97048202 android}
01-07 16:27:05.770  3757  4354 V SamsungAlarmManager: Sending to uid : 1000 listener=android.app.AlarmManager$ListenerWrapper@80614aa alarm=Alarm{baa08c1 type 2 when 97048202 android}
01-07 16:27:05.770  3757  4354 V SamsungAlarmManager: Sending to uid : 1000 listener=android.app.AlarmManager$ListenerWrapper@7ad1908 alarm=Alarm{c56b866 type 2 when 97048202 android}
01-07 16:27:05.770  3757  4354 V SamsungAlarmManager: Sending to uid : 1000 listener=android.app.AlarmManager$ListenerWrapper@a4f3a6f alarm=Alarm{1ffc7a7 type 2 when 97048202 android}
01-07 16:27:05.771  3757  4354 V SamsungAlarmManager: Sending to uid : 1000 listener=android.app.AlarmManager$ListenerWrapper@aa3b662 alarm=Alarm{ae71454 type 2 when 97048202 android}
01-07 16:27:05.772  3757  4354 V SamsungAlarmManager: Sending to uid : 1000 listener=android.app.AlarmManager$ListenerWrapper@824fc5a alarm=Alarm{98d6ffd type 2 when 97048202 android}
01-07 16:27:05.773  3757  4354 V SamsungAlarmManager: Sending to uid : 1000 listener=android.app.AlarmManager$ListenerWrapper@80e0867 alarm=Alarm{405f4f2 type 2 when 97048202 android}
01-07 16:27:05.774  3757  4354 V SamsungAlarmManager: Sending to uid : 1000 listener=android.app.AlarmManager$ListenerWrapper@126fbe4 alarm=Alarm{c573743 type 2 when 97048202 android}
01-07 16:27:05.774  3757  4354 V SamsungAlarmManager: Sending to uid : 1000 listener=android.app.AlarmManager$ListenerWrapper@abb0d86 alarm=Alarm{4cb21c0 type 2 when 97048202 android}
01-07 16:27:05.775  3757  4354 V SamsungAlarmManager: Sending to uid : 1000 listener=android.app.AlarmManager$ListenerWrapper@b0eae6b alarm=Alarm{9460ef9 type 2 when 97048202 android}
01-07 16:27:05.775  3757  4354 V SamsungAlarmManager: Sending to uid : 1000 listener=android.app.AlarmManager$ListenerWrapper@82523ac alarm=Alarm{8fa6e3e type 2 when 97048202 android}
01-07 16:27:05.775  3757  4354 V SamsungAlarmManager: Sending to uid : 1000 listener=android.app.AlarmManager$ListenerWrapper@b67c647 alarm=Alarm{22c049f type 2 when 97048202 android}
01-07 16:27:05.776  3757  4354 V SamsungAlarmManager: Sending to uid : 1000 listener=android.app.AlarmManager$ListenerWrapper@b833e74 alarm=Alarm{82099ec type 2 when 97048202 android}
01-07 16:27:05.777  3757  4354 V SamsungAlarmManager: Sending to uid : 1000 listener=android.app.AlarmManager$ListenerWrapper@a74b07b alarm=Alarm{d4fa1b5 type 2 when 97048202 android}
01-07 16:27:05.777  3757  4354 V SamsungAlarmManager: Sending to uid : 1000 listener=android.app.AlarmManager$ListenerWrapper@ccea71c alarm=Alarm{52b304a type 2 when 97048202 android}
01-07 16:27:05.778  3757  4354 V SamsungAlarmManager: Sending to uid : 1000 listener=android.app.AlarmManager$ListenerWrapper@b507fe3 alarm=Alarm{f564bbb type 2 when 97048202 android}
01-07 16:27:05.779  3757  4354 V SamsungAlarmManager: Sending to uid : 1000 listener=android.app.AlarmManager$ListenerWrapper@50ad6ae alarm=Alarm{7368d8 type 2 when 97048202 android}
01-07 16:27:05.779  3757  4354 V SamsungAlarmManager: Sending to uid : 1000 listener=android.app.AlarmManager$ListenerWrapper@a5ec89b alarm=Alarm{a25a431 type 2 when 97048202 android}
01-07 16:27:05.779  3757  4354 V SamsungAlarmManager: Sending to uid : 1000 listener=android.app.AlarmManager$ListenerWrapper@9df9016 alarm=Alarm{8f40716 type 2 when 97048202 android}
01-07 16:27:05.780 23224 23354 I libOpenSLES: Emulating old channel mask behavior (ignoring positional mask 0x3, using default mask 0x3 based on channel count of 2)
01-07 16:27:05.780  3757  4354 V SamsungAlarmManager: Sending to uid : 1000 listener=android.app.AlarmManager$ListenerWrapper@893d957 alarm=Alarm{b13e897 type 2 when 97048202 android}
01-07 16:27:05.780  3757  4354 V SamsungAlarmManager: Sending to uid : 1000 listener=android.app.AlarmManager$ListenerWrapper@7de2d52 alarm=Alarm{4223a84 type 2 when 97048202 android}
01-07 16:27:05.781  3757  4354 V SamsungAlarmManager: Sending to uid : 1000 listener=android.app.AlarmManager$ListenerWrapper@6fbcddd alarm=Alarm{67f526d type 2 when 97048202 android}
01-07 16:27:05.781 23224 23354 W AudioTrack: AUDIO_OUTPUT_FLAG_FAST denied by client; transfer 1, track 44100 Hz, output 48000 Hz
01-07 16:27:05.782  3757  4354 V SamsungAlarmManager: Sending to uid : 1000 listener=android.app.AlarmManager$ListenerWrapper@8dcc9e alarm=Alarm{ca17ea2 type 2 when 97048202 android}
01-07 16:27:05.782  3237  3813 I AudioFlinger: add dynamic flag, can move to deep thread, session 3649
01-07 16:27:05.783  3757  4354 V SamsungAlarmManager: Sending to uid : 1000 listener=android.app.AlarmManager$ListenerWrapper@3b876f1 alarm=Alarm{8a47733 type 2 when 97048202 android}
01-07 16:27:05.783  3757  4354 V SamsungAlarmManager: Sending to uid : 1000 listener=android.app.AlarmManager$ListenerWrapper@17f9c11 alarm=Alarm{eca7af0 type 2 when 97048202 android}
01-07 16:27:05.784 23224 23354 D AudioTrack: Client defaulted notificationFrames to 590 for frameCount 1772
01-07 16:27:05.784  3757  4354 V SamsungAlarmManager: Sending to uid : 1000 listener=android.app.AlarmManager$ListenerWrapper@b12b3f3 alarm=Alarm{34ba869 type 2 when 97048202 android}
01-07 16:27:05.785  3757  4354 V SamsungAlarmManager: Sending to uid : 1000 listener=android.app.AlarmManager$ListenerWrapper@ad47823 alarm=Alarm{ebce2ee type 2 when 97048202 android}
01-07 16:27:05.785 23224 23354 I AudioTrack: This process already got info. FadeIn[0] FadeOut[0] FadeInRing[0]
01-07 16:27:05.785  3757  4354 V SamsungAlarmManager: Sending to uid : 1000 listener=android.app.AlarmManager$ListenerWrapper@740294a alarm=Alarm{5a5538f type 2 when 97048202 android}
01-07 16:27:05.785  3757  4354 V SamsungAlarmManager: Sending to uid : 1000 listener=android.app.AlarmManager$ListenerWrapper@16c6ad9 alarm=Alarm{674561c type 2 when 97048202 android}
01-07 16:27:05.786  3757  4354 V SamsungAlarmManager: Sending to uid : 1000 listener=android.app.AlarmManager$ListenerWrapper@b08d176 alarm=Alarm{76d6225 type 2 when 97048202 android}
01-07 16:27:05.787  3757  4354 V SamsungAlarmManager: Sending to uid : 1000 listener=android.app.AlarmManager$ListenerWrapper@4bb8e5 alarm=Alarm{b183ffa type 2 when 97048202 android}
01-07 16:27:05.787  3757  4354 V SamsungAlarmManager: Sending to uid : 1000 listener=android.app.AlarmManager$ListenerWrapper@128deb5 alarm=Alarm{22d99ab type 2 when 97048202 android}
01-07 16:27:05.788  3757  4354 V SamsungAlarmManager: Sending to uid : 1000 listener=android.app.AlarmManager$ListenerWrapper@68fdf25 alarm=Alarm{77eb808 type 2 when 97048202 android}
01-07 16:27:05.788  3757  4354 V SamsungAlarmManager: Sending to uid : 1001 action=com.android.internal.telephony.data-stall alarm=Alarm{b36fba1 type 3 when 97036539 com.android.phone}
01-07 16:27:05.789  3237 22865 W AudioPolicyIntefaceImpl: Skipped to add effects on session 3649
01-07 16:27:05.789  3237 22865 I APM_AudioPolicyManager: startOutput() output 21, stream 3, session 3649
01-07 16:27:05.790  3757  4354 V SamsungAlarmManager: Sending to uid : 10014 action=null alarm=Alarm{69a61c6 type 3 when 97036917 com.google.android.gms}
01-07 16:27:05.804  3757 29842 D CompatibilityInfo: mCompatibilityFlags - 0
01-07 16:27:05.804  3757 29842 D CompatibilityInfo: applicationDensity - 420
01-07 16:27:05.804  3757 29842 D CompatibilityInfo: applicationScale - 1.0
01-07 16:27:05.806  3757  3757 D SamsungAlarmManager: setInexact Listener (T:2/F:0/AC:false) 20190107T164205 - CU:1000/CP:3757
01-07 16:27:05.808  3237  3477 I AudioMixer: create resampler src 44100, 2, dst 48000, 2, q 8
01-07 16:27:05.813  3237  3477 D SoundAliveResampler: [SoundAliveResampler] Init+++
01-07 16:27:05.815  3757  3757 D SamsungAlarmManager: setInexact Listener (T:2/F:0/AC:false) 20190107T164205 - CU:1000/CP:3757
01-07 16:27:05.821  3757  2859 D CompatibilityInfo: mCompatibilityFlags - 0
01-07 16:27:05.821  3757  2859 D CompatibilityInfo: applicationDensity - 420
01-07 16:27:05.821  3757  2859 D CompatibilityInfo: applicationScale - 1.0
01-07 16:27:05.827  3757  7203 D SamsungAlarmManager: setInexact Intent (T:3/F:8/AC:false) 20190107T162805 - CU:1001/CP:5024
01-07 16:27:05.835  3757  3757 D SamsungAlarmManager: setInexact Listener (T:2/F:0/AC:false) 20190107T164205 - CU:1000/CP:3757
01-07 16:27:05.838  3757  3757 D SamsungAlarmManager: setInexact Listener (T:2/F:0/AC:false) 20190107T164205 - CU:1000/CP:3757
01-07 16:27:05.842  3757  3757 D SamsungAlarmManager: setInexact Listener (T:2/F:0/AC:false) 20190107T164205 - CU:1000/CP:3757
01-07 16:27:05.852  3757 31269 D CompatibilityInfo: mCompatibilityFlags - 0
01-07 16:27:05.853  3757 31269 D CompatibilityInfo: applicationDensity - 420
01-07 16:27:05.853  3757 31269 D CompatibilityInfo: applicationScale - 1.0
01-07 16:27:05.854  3757  3757 D SamsungAlarmManager: setInexact Listener (T:2/F:0/AC:false) 20190107T164205 - CU:1000/CP:3757
01-07 16:27:05.863  3757  4482 D CompatibilityInfo: mCompatibilityFlags - 0
01-07 16:27:05.863  3757  4482 D CompatibilityInfo: applicationDensity - 420
01-07 16:27:05.864  3757  4482 D CompatibilityInfo: applicationScale - 1.0
01-07 16:27:05.866  3757  3757 D SamsungAlarmManager: setInexact Listener (T:2/F:0/AC:false) 20190107T164205 - CU:1000/CP:3757
01-07 16:27:05.873  3757  3757 D SamsungAlarmManager: setInexact Listener (T:2/F:0/AC:false) 20190107T164205 - CU:1000/CP:3757
01-07 16:27:05.877  3757  3757 D SamsungAlarmManager: setInexact Listener (T:2/F:0/AC:false) 20190107T164205 - CU:1000/CP:3757
01-07 16:27:05.879  3757  3757 D SamsungAlarmManager: setInexact Listener (T:2/F:0/AC:false) 20190107T164205 - CU:1000/CP:3757
01-07 16:27:05.881  3757  3757 D SamsungAlarmManager: setInexact Listener (T:2/F:0/AC:false) 20190107T164205 - CU:1000/CP:3757
01-07 16:27:05.882  3757  3757 D SamsungAlarmManager: setInexact Listener (T:2/F:0/AC:false) 20190107T164205 - CU:1000/CP:3757
01-07 16:27:05.884  3757  3757 D SamsungAlarmManager: setInexact Listener (T:2/F:0/AC:false) 20190107T164205 - CU:1000/CP:3757
01-07 16:27:05.886  3757  3757 D SamsungAlarmManager: setInexact Listener (T:2/F:0/AC:false) 20190107T164205 - CU:1000/CP:3757
01-07 16:27:05.888  3757  3757 D SamsungAlarmManager: setInexact Listener (T:2/F:0/AC:false) 20190107T164205 - CU:1000/CP:3757
01-07 16:27:05.890  3757  3757 D SamsungAlarmManager: setInexact Listener (T:2/F:0/AC:false) 20190107T164205 - CU:1000/CP:3757
01-07 16:27:05.891  3757  3757 D SamsungAlarmManager: setInexact Listener (T:2/F:0/AC:false) 20190107T164205 - CU:1000/CP:3757
01-07 16:27:05.894  3757  3757 D SamsungAlarmManager: setInexact Listener (T:2/F:0/AC:false) 20190107T164205 - CU:1000/CP:3757
01-07 16:27:05.896  3757  3757 D SamsungAlarmManager: setInexact Listener (T:2/F:0/AC:false) 20190107T164205 - CU:1000/CP:3757
01-07 16:27:05.897  3757  3757 D SamsungAlarmManager: setInexact Listener (T:2/F:0/AC:false) 20190107T164205 - CU:1000/CP:3757
01-07 16:27:05.899  3757  3757 D SamsungAlarmManager: setInexact Listener (T:2/F:0/AC:false) 20190107T164205 - CU:1000/CP:3757
01-07 16:27:05.901  3757  3757 D SamsungAlarmManager: setInexact Listener (T:2/F:0/AC:false) 20190107T164205 - CU:1000/CP:3757
01-07 16:27:05.903  3757  3757 D SamsungAlarmManager: setInexact Listener (T:2/F:0/AC:false) 20190107T164205 - CU:1000/CP:3757
01-07 16:27:05.905  3757  3757 D SamsungAlarmManager: setInexact Listener (T:2/F:0/AC:false) 20190107T164205 - CU:1000/CP:3757
01-07 16:27:05.906  3757  3757 D SamsungAlarmManager: setInexact Listener (T:2/F:0/AC:false) 20190107T164205 - CU:1000/CP:3757
01-07 16:27:05.913  3757 29840 D CompatibilityInfo: mCompatibilityFlags - 0
01-07 16:27:05.913  3757 29840 D CompatibilityInfo: applicationDensity - 420
01-07 16:27:05.913  3757 29840 D CompatibilityInfo: applicationScale - 1.0
01-07 16:27:05.915  3757  3757 D SamsungAlarmManager: setInexact Listener (T:2/F:0/AC:false) 20190107T164205 - CU:1000/CP:3757
01-07 16:27:05.917  3757  3757 D SamsungAlarmManager: setInexact Listener (T:2/F:0/AC:false) 20190107T164205 - CU:1000/CP:3757
01-07 16:27:05.918  3757  3757 D SamsungAlarmManager: setInexact Listener (T:2/F:0/AC:false) 20190107T164205 - CU:1000/CP:3757
01-07 16:27:05.920  3757  3757 D SamsungAlarmManager: setInexact Listener (T:2/F:0/AC:false) 20190107T164205 - CU:1000/CP:3757
01-07 16:27:05.922  3757  3757 D SamsungAlarmManager: setInexact Listener (T:2/F:0/AC:false) 20190107T164205 - CU:1000/CP:3757
01-07 16:27:05.923  3757  3757 D SamsungAlarmManager: setInexact Listener (T:2/F:0/AC:false) 20190107T164205 - CU:1000/CP:3757
01-07 16:27:05.925  3757  3757 D SamsungAlarmManager: setInexact Listener (T:2/F:0/AC:false) 20190107T164205 - CU:1000/CP:3757
01-07 16:27:05.927  3757  3757 D SamsungAlarmManager: setInexact Listener (T:2/F:0/AC:false) 20190107T164205 - CU:1000/CP:3757
01-07 16:27:05.929  3757  3757 D SamsungAlarmManager: setInexact Listener (T:2/F:0/AC:false) 20190107T164205 - CU:1000/CP:3757
01-07 16:27:05.930  3757  3757 D SamsungAlarmManager: setInexact Listener (T:2/F:0/AC:false) 20190107T164205 - CU:1000/CP:3757
01-07 16:27:05.932  3757  3757 D SamsungAlarmManager: setInexact Listener (T:2/F:0/AC:false) 20190107T164205 - CU:1000/CP:3757
01-07 16:27:05.933  3757  3757 D SamsungAlarmManager: setInexact Listener (T:2/F:0/AC:false) 20190107T164205 - CU:1000/CP:3757
01-07 16:27:05.934  3757  3757 D SamsungAlarmManager: setInexact Listener (T:2/F:0/AC:false) 20190107T164205 - CU:1000/CP:3757
01-07 16:27:05.936  3757  3757 D SamsungAlarmManager: setInexact Listener (T:2/F:0/AC:false) 20190107T164205 - CU:1000/CP:3757
01-07 16:27:05.938  3757  3757 D SamsungAlarmManager: setInexact Listener (T:2/F:0/AC:false) 20190107T164205 - CU:1000/CP:3757
01-07 16:27:05.940  3757  3757 D SamsungAlarmManager: setInexact Listener (T:2/F:0/AC:false) 20190107T164205 - CU:1000/CP:3757
01-07 16:27:05.941  3757  3757 D SamsungAlarmManager: setInexact Listener (T:2/F:0/AC:false) 20190107T164205 - CU:1000/CP:3757
01-07 16:27:05.943  3757  3757 D SamsungAlarmManager: setInexact Listener (T:2/F:0/AC:false) 20190107T164205 - CU:1000/CP:3757
01-07 16:27:05.944  3757  3757 D SamsungAlarmManager: setInexact Listener (T:2/F:0/AC:false) 20190107T164205 - CU:1000/CP:3757
01-07 16:27:05.947  3757  3757 D SamsungAlarmManager: setInexact Listener (T:2/F:0/AC:false) 20190107T164205 - CU:1000/CP:3757
01-07 16:27:05.948  3757  3757 D SamsungAlarmManager: setInexact Listener (T:2/F:0/AC:false) 20190107T164205 - CU:1000/CP:3757
01-07 16:27:05.949  3757  3757 D SamsungAlarmManager: setInexact Listener (T:2/F:0/AC:false) 20190107T164205 - CU:1000/CP:3757
01-07 16:27:05.951  3757  3757 D SamsungAlarmManager: setInexact Listener (T:2/F:0/AC:false) 20190107T164205 - CU:1000/CP:3757
01-07 16:27:05.952  3757  3757 D SamsungAlarmManager: setInexact Listener (T:2/F:0/AC:false) 20190107T164205 - CU:1000/CP:3757
01-07 16:27:05.954  3757  3757 D SamsungAlarmManager: setInexact Listener (T:2/F:0/AC:false) 20190107T164205 - CU:1000/CP:3757
01-07 16:27:05.955  3757  3757 D SamsungAlarmManager: setInexact Listener (T:2/F:0/AC:false) 20190107T164205 - CU:1000/CP:3757
01-07 16:27:05.957  3757  3757 D SamsungAlarmManager: setInexact Listener (T:2/F:0/AC:false) 20190107T164205 - CU:1000/CP:3757
01-07 16:27:05.958  3757  3757 D SamsungAlarmManager: setInexact Listener (T:2/F:0/AC:false) 20190107T164205 - CU:1000/CP:3757
01-07 16:27:05.960  3757  3757 D SamsungAlarmManager: setInexact Listener (T:2/F:0/AC:false) 20190107T164205 - CU:1000/CP:3757
01-07 16:27:05.962  3757  3757 D SamsungAlarmManager: setInexact Listener (T:2/F:0/AC:false) 20190107T164205 - CU:1000/CP:3757
01-07 16:27:05.963  3757  3757 D SamsungAlarmManager: setInexact Listener (T:2/F:0/AC:false) 20190107T164205 - CU:1000/CP:3757
01-07 16:27:05.965  3757  3757 D SamsungAlarmManager: setInexact Listener (T:2/F:0/AC:false) 20190107T164205 - CU:1000/CP:3757
01-07 16:27:05.966  3757  3757 D SamsungAlarmManager: setInexact Listener (T:2/F:0/AC:false) 20190107T164205 - CU:1000/CP:3757
01-07 16:27:05.968  3757  3757 D SamsungAlarmManager: setInexact Listener (T:2/F:0/AC:false) 20190107T164205 - CU:1000/CP:3757
01-07 16:27:05.970  3757  3757 D SamsungAlarmManager: setInexact Listener (T:2/F:0/AC:false) 20190107T164205 - CU:1000/CP:3757
01-07 16:27:05.971  3757  3757 D SamsungAlarmManager: setInexact Listener (T:2/F:0/AC:false) 20190107T164205 - CU:1000/CP:3757
01-07 16:27:05.973  3757  3757 D SamsungAlarmManager: setInexact Listener (T:2/F:0/AC:false) 20190107T164205 - CU:1000/CP:3757
01-07 16:27:05.975  3757  3757 D SamsungAlarmManager: setInexact Listener (T:2/F:0/AC:false) 20190107T164205 - CU:1000/CP:3757
01-07 16:27:05.977  3757  3757 D SamsungAlarmManager: setInexact Listener (T:2/F:0/AC:false) 20190107T164205 - CU:1000/CP:3757
01-07 16:27:05.978  3757  3757 D SamsungAlarmManager: setInexact Listener (T:2/F:0/AC:false) 20190107T164205 - CU:1000/CP:3757
01-07 16:27:05.980  3757  3757 D SamsungAlarmManager: setInexact Listener (T:2/F:0/AC:false) 20190107T164205 - CU:1000/CP:3757
01-07 16:27:05.981  3757  3757 D SamsungAlarmManager: setInexact Listener (T:2/F:0/AC:false) 20190107T164205 - CU:1000/CP:3757
01-07 16:27:05.983  3757  3757 D SamsungAlarmManager: setInexact Listener (T:2/F:0/AC:false) 20190107T164205 - CU:1000/CP:3757
01-07 16:27:05.984  3757  3757 D SamsungAlarmManager: setInexact Listener (T:2/F:0/AC:false) 20190107T164205 - CU:1000/CP:3757
01-07 16:27:05.986  3757  3757 D SamsungAlarmManager: setInexact Listener (T:2/F:0/AC:false) 20190107T164205 - CU:1000/CP:3757
01-07 16:27:05.988  3757  3757 D SamsungAlarmManager: setInexact Listener (T:2/F:0/AC:false) 20190107T164205 - CU:1000/CP:3757
01-07 16:27:05.990  3757  3757 D SamsungAlarmManager: setInexact Listener (T:2/F:0/AC:false) 20190107T164205 - CU:1000/CP:3757
01-07 16:27:05.991  3757  2858 D ConnectivityService: filterNetworkStateForUid() uid: 10014 networkInfo: [type: WIFI[] - WIFI, state: CONNECTED/CONNECTED, reason: (unspecified), extra: "wilkinson2.4", failover: false, available: true, roaming: false, metered: false]
01-07 16:27:05.993  3757  3757 D SamsungAlarmManager: setInexact Listener (T:2/F:0/AC:false) 20190107T164205 - CU:1000/CP:3757
01-07 16:27:05.994  3757  3757 D SamsungAlarmManager: setInexact Listener (T:2/F:0/AC:false) 20190107T164205 - CU:1000/CP:3757
01-07 16:27:05.996  3757  3757 D SamsungAlarmManager: setInexact Listener (T:2/F:0/AC:false) 20190107T164205 - CU:1000/CP:3757
01-07 16:27:05.998  3757  3757 D SamsungAlarmManager: setInexact Listener (T:2/F:0/AC:false) 20190107T164205 - CU:1000/CP:3757
01-07 16:27:06.000  3757  3757 D SamsungAlarmManager: setInexact Listener (T:2/F:0/AC:false) 20190107T164205 - CU:1000/CP:3757
01-07 16:27:06.001  3757  3757 D SamsungAlarmManager: setInexact Listener (T:2/F:0/AC:false) 20190107T164205 - CU:1000/CP:3757
01-07 16:27:06.003  3757  3757 D SamsungAlarmManager: setInexact Listener (T:2/F:0/AC:false) 20190107T164205 - CU:1000/CP:3757
01-07 16:27:06.005  3757  3757 D SamsungAlarmManager: setInexact Listener (T:2/F:0/AC:false) 20190107T164205 - CU:1000/CP:3757
01-07 16:27:06.007  3757  3757 D SamsungAlarmManager: setInexact Listener (T:2/F:0/AC:false) 20190107T164205 - CU:1000/CP:3757
01-07 16:27:06.009  3757  3757 D SamsungAlarmManager: setInexact Listener (T:2/F:0/AC:false) 20190107T164205 - CU:1000/CP:3757
01-07 16:27:06.011  3757  3757 D SamsungAlarmManager: setInexact Listener (T:2/F:0/AC:false) 20190107T164205 - CU:1000/CP:3757
01-07 16:27:06.013  3757  3757 D SamsungAlarmManager: setInexact Listener (T:2/F:0/AC:false) 20190107T164205 - CU:1000/CP:3757
01-07 16:27:06.014  3757  3757 D SamsungAlarmManager: setInexact Listener (T:2/F:0/AC:false) 20190107T164205 - CU:1000/CP:3757
01-07 16:27:06.016  3757  3757 D SamsungAlarmManager: setInexact Listener (T:2/F:0/AC:false) 20190107T164205 - CU:1000/CP:3757
01-07 16:27:06.018  3757  3757 D SamsungAlarmManager: setInexact Listener (T:2/F:0/AC:false) 20190107T164205 - CU:1000/CP:3757
01-07 16:27:06.019  3757  3757 D SamsungAlarmManager: setInexact Listener (T:2/F:0/AC:false) 20190107T164205 - CU:1000/CP:3757
01-07 16:27:06.022  3757  3757 D SamsungAlarmManager: setInexact Listener (T:2/F:0/AC:false) 20190107T164205 - CU:1000/CP:3757
01-07 16:27:06.024  3757  3757 D SamsungAlarmManager: setInexact Listener (T:2/F:0/AC:false) 20190107T164205 - CU:1000/CP:3757
01-07 16:27:06.025  3757  3757 D SamsungAlarmManager: setInexact Listener (T:2/F:0/AC:false) 20190107T164205 - CU:1000/CP:3757
01-07 16:27:06.122  3757  7201 D SamsungAlarmManager: setInexact Intent (T:3/F:0/AC:false) 20190107T162806 - CU:10014/CP:5918
01-07 16:27:06.237  3757  4458 D WifiStateMachine: Current network is: "wilkinson2.4" , ID is: 30
01-07 16:27:06.237  3757  4458 I WifiStateMachine: IMS calling, current network is always qualified
01-07 16:27:06.268 23224 23399 I AudioTrack: Skip ramp
01-07 16:27:06.364  3757  4398 D InputReader: Input event(3): value=1 when=21008250060000
01-07 16:27:06.364  3757  4398 D InputReader: Input event(3): value=1 when=21008250060000
01-07 16:27:06.364  3757  4398 I InputReader: Touch event's action is 0x0 (deviceType=0) [pCnt=1, s=0.2592 ] when=21008250060000
01-07 16:27:06.365  3757  4397 I InputDispatcher: Delivering touch to (23224): action: 0x0, toolType: 1
01-07 16:27:06.365 23224 23245 V threaded_app: New input event: type=2
01-07 16:27:06.368 23224 23224 D ViewRootImpl@e972267[GameActivity]: ViewPostImeInputStage processPointer 0
01-07 16:27:06.368  3237  3352 I APM_AudioPolicyManager: stopOutput() output 21, stream 3, session 3649
01-07 16:27:06.381 23224 23354 I libOpenSLES: Emulating old channel mask behavior (ignoring positional mask 0x3, using default mask 0x3 based on channel count of 2)
01-07 16:27:06.383 23224 23354 W AudioTrack: AUDIO_OUTPUT_FLAG_FAST denied by client; transfer 1, track 44100 Hz, output 48000 Hz
01-07 16:27:06.383  3237  3486 I AudioFlinger: add dynamic flag, can move to deep thread, session 3657
01-07 16:27:06.385 23224 23354 D AudioTrack: Client defaulted notificationFrames to 590 for frameCount 1772
01-07 16:27:06.386 23224 23354 I AudioTrack: This process already got info. FadeIn[0] FadeOut[0] FadeInRing[0]
01-07 16:27:06.387  3237 17217 W AudioPolicyIntefaceImpl: Skipped to add effects on session 3657
01-07 16:27:06.387  3237 17217 I APM_AudioPolicyManager: startOutput() output 21, stream 3, session 3657
01-07 16:27:06.395 23224 23245 V threaded_app: New input event: type=2
01-07 16:27:06.408  3237  3477 I AudioMixer: create resampler src 44100, 2, dst 48000, 2, q 8
01-07 16:27:06.408  3237  3477 D SoundAliveResampler: [SoundAliveResampler] Init+++
01-07 16:27:06.416 23224 23245 V threaded_app: New input event: type=2
01-07 16:27:06.429 23224 23245 V threaded_app: New input event: type=2
01-07 16:27:06.441  5689  5689 D io_stats: !@   8,0 r 414859 13572420 w 300805 5655616 d 40965 2288932 f 68836 68807 iot 417250 264176 th 61440 61440 48264 pt 3510 inp 0 0 21008.326
01-07 16:27:06.445 23224 23245 V threaded_app: New input event: type=2
01-07 16:27:06.461 23224 23245 V threaded_app: New input event: type=2
01-07 16:27:06.478 23224 23245 V threaded_app: New input event: type=2
01-07 16:27:06.495 23224 23354 I libOpenSLES: Emulating old channel mask behavior (ignoring positional mask 0x3, using default mask 0x3 based on channel count of 2)
01-07 16:27:06.495 23224 23245 V threaded_app: New input event: type=2
01-07 16:27:06.498 23224 23354 W AudioTrack: AUDIO_OUTPUT_FLAG_FAST denied by client; transfer 1, track 44100 Hz, output 48000 Hz
01-07 16:27:06.498  3237  3812 I AudioFlinger: add dynamic flag, can move to deep thread, session 3665
01-07 16:27:06.500 23224 23354 D AudioTrack: Client defaulted notificationFrames to 590 for frameCount 1772
01-07 16:27:06.501 23224 23354 I AudioTrack: This process already got info. FadeIn[0] FadeOut[0] FadeInRing[0]
01-07 16:27:06.501  3237  3237 W AudioPolicyIntefaceImpl: Skipped to add effects on session 3665
01-07 16:27:06.501  3237  3237 I APM_AudioPolicyManager: startOutput() output 21, stream 3, session 3665
01-07 16:27:06.514 23224 23245 V threaded_app: New input event: type=2
01-07 16:27:06.528 23224 23245 V threaded_app: New input event: type=2
01-07 16:27:06.531  3237  3477 I AudioMixer: create resampler src 44100, 2, dst 48000, 2, q 8
01-07 16:27:06.532  3237  3477 D SoundAliveResampler: [SoundAliveResampler] Init+++
01-07 16:27:06.544 23224 23245 V threaded_app: New input event: type=2
01-07 16:27:06.560 23224 23245 V threaded_app: New input event: type=2
01-07 16:27:06.577 23224 23245 V threaded_app: New input event: type=2
01-07 16:27:06.594 23224 23245 V threaded_app: New input event: type=2
01-07 16:27:06.595 23224 23401 I AudioTrack: Skip ramp
01-07 16:27:06.601 23224 23354 I libOpenSLES: Emulating old channel mask behavior (ignoring positional mask 0x3, using default mask 0x3 based on channel count of 2)
01-07 16:27:06.602 23224 23354 W AudioTrack: AUDIO_OUTPUT_FLAG_FAST denied by client; transfer 1, track 44100 Hz, output 48000 Hz
01-07 16:27:06.602  3237  3486 I AudioFlinger: add dynamic flag, can move to deep thread, session 3673
01-07 16:27:06.603 23224 23354 D AudioTrack: Client defaulted notificationFrames to 590 for frameCount 1772
01-07 16:27:06.603 23224 23354 I AudioTrack: This process already got info. FadeIn[0] FadeOut[0] FadeInRing[0]
01-07 16:27:06.603  3237 17217 W AudioPolicyIntefaceImpl: Skipped to add effects on session 3673
01-07 16:27:06.603  3237 17217 I APM_AudioPolicyManager: startOutput() output 21, stream 3, session 3673
01-07 16:27:06.611 23224 23245 V threaded_app: New input event: type=2
01-07 16:27:06.627 23224 23245 V threaded_app: New input event: type=2
01-07 16:27:06.635  3237  3477 I AudioMixer: create resampler src 44100, 2, dst 48000, 2, q 8
01-07 16:27:06.636  3237  3477 D SoundAliveResampler: [SoundAliveResampler] Init+++
01-07 16:27:06.644 23224 23245 V threaded_app: New input event: type=2
01-07 16:27:06.661 23224 23245 V threaded_app: New input event: type=2
01-07 16:27:06.680 23224 23245 V threaded_app: New input event: type=2
01-07 16:27:06.695 23224 23245 V threaded_app: New input event: type=2
01-07 16:27:06.699  3237  3352 I APM_AudioPolicyManager: stopOutput() output 21, stream 3, session 3657
01-07 16:27:06.706 23224 23354 I libOpenSLES: Emulating old channel mask behavior (ignoring positional mask 0x3, using default mask 0x3 based on channel count of 2)
01-07 16:27:06.707 23224 23354 W AudioTrack: AUDIO_OUTPUT_FLAG_FAST denied by client; transfer 1, track 44100 Hz, output 48000 Hz
01-07 16:27:06.708  3237 27701 I AudioFlinger: add dynamic flag, can move to deep thread, session 3681
01-07 16:27:06.710 23224 23245 V threaded_app: New input event: type=2
01-07 16:27:06.714 23224 23354 D AudioTrack: Client defaulted notificationFrames to 590 for frameCount 1772
01-07 16:27:06.714 23224 23354 I AudioTrack: This process already got info. FadeIn[0] FadeOut[0] FadeInRing[0]
01-07 16:27:06.715  3237  3237 W AudioPolicyIntefaceImpl: Skipped to add effects on session 3681
01-07 16:27:06.715  3237  3237 I APM_AudioPolicyManager: startOutput() output 21, stream 3, session 3681
01-07 16:27:06.727 23224 23245 V threaded_app: New input event: type=2
01-07 16:27:06.739  3237  3477 I AudioMixer: create resampler src 44100, 2, dst 48000, 2, q 8
01-07 16:27:06.740 23224 23402 I AudioTrack: Skip ramp
01-07 16:27:06.740  3237  3477 D SoundAliveResampler: [SoundAliveResampler] Init+++
01-07 16:27:06.743 23224 23245 V threaded_app: New input event: type=2
01-07 16:27:06.760 23224 23245 V threaded_app: New input event: type=2
01-07 16:27:06.776 23224 23245 V threaded_app: New input event: type=2
01-07 16:27:06.788  3757  4398 D InputReader: Input event(3): value=0 when=21008674008000
01-07 16:27:06.788  3757  4398 D InputReader: Input event(3): value=0 when=21008674008000
01-07 16:27:06.789  3757  4398 I InputReader: Touch event's action is 0x1 (deviceType=0) [pCnt=1, s=] when=21008674008000
01-07 16:27:06.789  3757  4397 I InputDispatcher: Delivering touch to (23224): action: 0x1, toolType: 1
01-07 16:27:06.790 23224 23245 V threaded_app: New input event: type=2
01-07 16:27:06.793 23224 23245 V threaded_app: New input event: type=2
01-07 16:27:06.797 23224 23224 D ViewRootImpl@e972267[GameActivity]: ViewPostImeInputStage processPointer 1
01-07 16:27:06.822 23224 23403 I AudioTrack: Skip ramp
01-07 16:27:06.841  3237  3352 I APM_AudioPolicyManager: stopOutput() output 21, stream 3, session 3665
01-07 16:27:06.894  4616  4823 D NetworkController.MobileSignalController(0/1): onSignalStrengthsChanged signalStrength=SignalStrength: 99 99 -120 -160 -120 -1 -1 14 -123 -17 -33 2147483647 2147483647 0x1000 gsm|lte level=1
01-07 16:27:06.895  4616  4823 D NetworkController.MobileSignalController(0/1): getMobileIconGroup(): 13
01-07 16:27:06.895  4616  4823 D NetworkController.MobileSignalController(0/1): updateVZWMobileIconGroup(): 13
01-07 16:27:06.902  5035  5670 D EPDG -- [SMARTWIFI]: onSignalStrengthsChanged: Received signal strength change, phone type is: 2
01-07 16:27:06.902  5035  6446 D EPDG -- [SMARTWIFI]: lastLteRSRP is -120currentLteRSRP is -123
01-07 16:27:06.902  5035  6446 D EPDG -- [SMARTWIFI]: lastLteRSRQ is -16currentLteRSRQ is -17
01-07 16:27:06.902  5035  6446 D EPDG -- [SMARTWIFI]: lastCdmaDb is -16currentCdmaDb is -16
01-07 16:27:06.902  5035  6446 V EPDG -- [SMARTWIFI]: Radio oldest entry removed
01-07 16:27:06.903  5035  6446 V EPDG -- [SMARTWIFI]: New entry : (SignalStrength: 99 99 -120 -160 -120 -1 -1 14 -123 -17 -33 2147483647 2147483647 0x1000 gsm|lte : 0 )
01-07 16:27:06.903  5035  6446 V EPDG -- [SMARTWIFI]: Radio entry added
01-07 16:27:06.906  4616  4823 D NetworkController.MobileSignalController(0/1): callState:0, callStateByPhone:false voLTECall:false voiceNetTpe:13 dataNetType:13, ine911:false, emergencyCallbackMode:false
01-07 16:27:06.921  3237  3352 I APM_AudioPolicyManager: stopOutput() output 21, stream 3, session 3673
01-07 16:27:06.921 23224 23404 I AudioTrack: Skip ramp
01-07 16:27:07.021  3237  3352 I APM_AudioPolicyManager: stopOutput() output 21, stream 3, session 3681
01-07 16:27:07.046  3757  4398 D InputReader: Input event(3): value=1 when=21008932111000
01-07 16:27:07.046  3757  4398 D InputReader: Input event(3): value=1 when=21008932111000
01-07 16:27:07.047  3757  4398 I InputReader: Touch event's action is 0x0 (deviceType=0) [pCnt=1, s=0.2593 ] when=21008932111000
01-07 16:27:07.047  3757  4397 I InputDispatcher: Delivering touch to (23224): action: 0x0, toolType: 1
01-07 16:27:07.048 23224 23245 V threaded_app: New input event: type=2
01-07 16:27:07.050 23224 23224 D ViewRootImpl@e972267[GameActivity]: ViewPostImeInputStage processPointer 0
01-07 16:27:07.075 23224 23245 V threaded_app: New input event: type=2
01-07 16:27:07.094 23224 23245 V threaded_app: New input event: type=2
01-07 16:27:07.108 23224 23245 V threaded_app: New input event: type=2
01-07 16:27:07.126 23224 23245 V threaded_app: New input event: type=2
01-07 16:27:07.143 23224 23245 V threaded_app: New input event: type=2
01-07 16:27:07.159 23224 23245 V threaded_app: New input event: type=2
01-07 16:27:07.175 23224 23245 V threaded_app: New input event: type=2
01-07 16:27:07.191 23224 23245 V threaded_app: New input event: type=2
01-07 16:27:07.208 23224 23245 V threaded_app: New input event: type=2
01-07 16:27:07.225 23224 23245 V threaded_app: New input event: type=2
01-07 16:27:07.242 23224 23245 V threaded_app: New input event: type=2
01-07 16:27:07.258 23224 23245 V threaded_app: New input event: type=2
01-07 16:27:07.275 23224 23245 V threaded_app: New input event: type=2
01-07 16:27:07.291 23224 23245 V threaded_app: New input event: type=2
01-07 16:27:07.308 23224 23245 V threaded_app: New input event: type=2
01-07 16:27:07.325 23224 23245 V threaded_app: New input event: type=2
01-07 16:27:07.340 23224 23245 V threaded_app: New input event: type=2
01-07 16:27:07.358 23224 23245 V threaded_app: New input event: type=2
01-07 16:27:07.375 23224 23245 V threaded_app: New input event: type=2
01-07 16:27:07.391 23224 23245 V threaded_app: New input event: type=2
01-07 16:27:07.409 23224 23245 V threaded_app: New input event: type=2
01-07 16:27:07.424 23224 23245 V threaded_app: New input event: type=2
01-07 16:27:07.440 23224 23245 V threaded_app: New input event: type=2
01-07 16:27:07.458 23224 23245 V threaded_app: New input event: type=2
01-07 16:27:07.475 23224 23245 V threaded_app: New input event: type=2
01-07 16:27:07.490 23224 23245 V threaded_app: New input event: type=2
01-07 16:27:07.507 23224 23245 V threaded_app: New input event: type=2
01-07 16:27:07.523 23224 23245 V threaded_app: New input event: type=2
01-07 16:27:07.540 23224 23245 V threaded_app: New input event: type=2
01-07 16:27:07.557 23224 23245 V threaded_app: New input event: type=2
01-07 16:27:07.572 23224 23245 V threaded_app: New input event: type=2
01-07 16:27:07.593 23224 23245 V threaded_app: New input event: type=2
01-07 16:27:07.607 23224 23245 V threaded_app: New input event: type=2
01-07 16:27:07.611  3757  4398 D InputReader: Input event(3): value=0 when=21009496557000
01-07 16:27:07.611  3757  4398 D InputReader: Input event(3): value=0 when=21009496557000
01-07 16:27:07.611  3757  4398 I InputReader: Touch event's action is 0x1 (deviceType=0) [pCnt=1, s=] when=21009496557000
01-07 16:27:07.612  3757  4397 I InputDispatcher: Delivering touch to (23224): action: 0x1, toolType: 1
01-07 16:27:07.613 23224 23245 V threaded_app: New input event: type=2
01-07 16:27:07.614 23224 23245 V threaded_app: New input event: type=2
01-07 16:27:07.617 23224 23224 D ViewRootImpl@e972267[GameActivity]: ViewPostImeInputStage processPointer 1
01-07 16:27:08.213  3757  4398 D InputReader: Input event(3): value=1 when=21010098706000
01-07 16:27:08.213  3757  4398 D InputReader: Input event(3): value=1 when=21010098706000
01-07 16:27:08.213  3757  4398 I InputReader: Touch event's action is 0x0 (deviceType=0) [pCnt=1, s=0.2594 ] when=21010098706000
01-07 16:27:08.214  3757  4397 I InputDispatcher: Delivering touch to (23224): action: 0x0, toolType: 1
01-07 16:27:08.216 23224 23245 V threaded_app: New input event: type=2
01-07 16:27:08.217 23224 23224 D ViewRootImpl@e972267[GameActivity]: ViewPostImeInputStage processPointer 0
01-07 16:27:08.221 23224 23244 D UE4     : [2019.01.07-21.27.08:221][424]LogSlate: FSceneViewport::OnFocusLost() reason 0
01-07 16:27:08.235 23224 23245 V threaded_app: New input event: type=2
01-07 16:27:08.252 23224 23245 V threaded_app: New input event: type=2
01-07 16:27:08.268 23224 23245 V threaded_app: New input event: type=2
01-07 16:27:08.286 23224 23245 V threaded_app: New input event: type=2
01-07 16:27:08.305 23224 23245 V threaded_app: New input event: type=2
01-07 16:27:08.319 23224 23245 V threaded_app: New input event: type=2
01-07 16:27:08.333  3757  4398 D InputReader: Input event(3): value=0 when=21010218412000
01-07 16:27:08.333  3757  4398 D InputReader: Input event(3): value=0 when=21010218412000
01-07 16:27:08.333  3757  4398 I InputReader: Touch event's action is 0x1 (deviceType=0) [pCnt=1, s=] when=21010218412000
01-07 16:27:08.333  3757  4397 I InputDispatcher: Delivering touch to (23224): action: 0x1, toolType: 1
01-07 16:27:08.335 23224 23245 V threaded_app: New input event: type=2
01-07 16:27:08.340 23224 23224 D ViewRootImpl@e972267[GameActivity]: ViewPostImeInputStage processPointer 1
01-07 16:27:08.375 23224 23354 I libOpenSLES: Emulating old channel mask behavior (ignoring positional mask 0x3, using default mask 0x3 based on channel count of 2)
01-07 16:27:08.379  3237  3812 I AudioFlinger: add dynamic flag, can move to deep thread, session 3689
01-07 16:27:08.381 23224 23354 D AudioTrack: Client defaulted notificationFrames to 240 for frameCount 480
01-07 16:27:08.383 23224 23354 I AudioTrack: This process already got info. FadeIn[0] FadeOut[0] FadeInRing[0]
01-07 16:27:08.383  3237 22865 W AudioPolicyIntefaceImpl: Skipped to add effects on session 3689
01-07 16:27:08.383  3237 22865 I APM_AudioPolicyManager: startOutput() output 21, stream 3, session 3689
01-07 16:27:08.384 23224 23412 I AudioTrack: Skip ramp
01-07 16:27:08.481  3237  3352 I APM_AudioPolicyManager: stopOutput() output 21, stream 3, session 3689
01-07 16:27:08.928  3757  4354 D SamsungAlarmManager: Expired : 8
01-07 16:27:08.928  3757  4354 V SamsungAlarmManager: Sending to uid : 10059 action=null alarm=Alarm{112b258 type 3 when 97051392 com.asurion.android.verizon.vms}
01-07 16:27:08.932  3757  4354 D CompatibilityInfo: mCompatibilityFlags - 0
01-07 16:27:08.932  3757  4354 D CompatibilityInfo: applicationDensity - 420
01-07 16:27:08.932  3757  4354 D CompatibilityInfo: applicationScale - 1.0
01-07 16:27:08.961  3757  7201 D SamsungAlarmManager: setExact Intent (T:3/F:5/AC:false) 20190107T162713 - CU:10059/CP:6745
01-07 16:27:08.961  3757  7201 I SamsungAlarmManager: setLocked to kernel - T:3 / 20190107T162713, SetElapsed=97056420, nowELAPSED=97051425
01-07 16:27:09.037  3757  4398 D InputReader: Input event(3): value=1 when=21010922378000
01-07 16:27:09.037  3757  4398 D InputReader: Input event(3): value=1 when=21010922378000
01-07 16:27:09.037  3757  4398 I InputReader: Touch event's action is 0x0 (deviceType=0) [pCnt=1, s=0.2595 ] when=21010922378000
01-07 16:27:09.038  3757  4397 I InputDispatcher: Delivering touch to (23224): action: 0x0, toolType: 1
01-07 16:27:09.039 23224 23245 V threaded_app: New input event: type=2
01-07 16:27:09.041 23224 23224 D ViewRootImpl@e972267[GameActivity]: ViewPostImeInputStage processPointer 0
01-07 16:27:09.064 23224 23245 V threaded_app: New input event: type=2
01-07 16:27:09.083 23224 23245 V threaded_app: New input event: type=2
01-07 16:27:09.096 23224 23245 V threaded_app: New input event: type=2
01-07 16:27:09.112 23224 23245 V threaded_app: New input event: type=2
01-07 16:27:09.129 23224 23245 V threaded_app: New input event: type=2
01-07 16:27:09.145 23224 23245 V threaded_app: New input event: type=2
01-07 16:27:09.163 23224 23245 V threaded_app: New input event: type=2
01-07 16:27:09.167  3757  4398 D InputReader: Input event(3): value=0 when=21011052653000
01-07 16:27:09.167  3757  4398 D InputReader: Input event(3): value=0 when=21011052653000
01-07 16:27:09.167  3757  4398 I InputReader: Touch event's action is 0x1 (deviceType=0) [pCnt=1, s=] when=21011052653000
01-07 16:27:09.167  3757  4397 I InputDispatcher: Delivering touch to (23224): action: 0x1, toolType: 1
01-07 16:27:09.168 23224 23245 V threaded_app: New input event: type=2
01-07 16:27:09.172 23224 23224 D ViewRootImpl@e972267[GameActivity]: ViewPostImeInputStage processPointer 1
01-07 16:27:09.200 23224 23354 I libOpenSLES: Emulating old channel mask behavior (ignoring positional mask 0x3, using default mask 0x3 based on channel count of 2)
01-07 16:27:09.202  3237 27701 I AudioFlinger: add dynamic flag, can move to deep thread, session 3697
01-07 16:27:09.204 23224 23354 D AudioTrack: Client defaulted notificationFrames to 240 for frameCount 480
01-07 16:27:09.205 23224 23354 I AudioTrack: This process already got info. FadeIn[0] FadeOut[0] FadeInRing[0]
01-07 16:27:09.206  3237  3486 W AudioPolicyIntefaceImpl: Skipped to add effects on session 3697
01-07 16:27:09.206  3237  3486 I APM_AudioPolicyManager: startOutput() output 21, stream 3, session 3697
01-07 16:27:09.238 23224 23417 I AudioTrack: Skip ramp
01-07 16:27:09.251  3757  4458 D WifiStateMachine: Current network is: "wilkinson2.4" , ID is: 30
01-07 16:27:09.251  3757  4458 I WifiStateMachine: IMS calling, current network is always qualified
01-07 16:27:09.296  3237  3352 I APM_AudioPolicyManager: stopOutput() output 21, stream 3, session 3697
01-07 16:27:09.448  4616  4823 D NetworkController.MobileSignalController(0/1): onSignalStrengthsChanged signalStrength=SignalStrength: 99 99 -120 -160 -120 -1 -1 13 -121 -17 -20 2147483647 2147483647 0x1000 gsm|lte level=1
01-07 16:27:09.448  4616  4823 D NetworkController.MobileSignalController(0/1): getMobileIconGroup(): 13
01-07 16:27:09.448  4616  4823 D NetworkController.MobileSignalController(0/1): updateVZWMobileIconGroup(): 13
01-07 16:27:09.453  5035  5670 D EPDG -- [SMARTWIFI]: onSignalStrengthsChanged: Received signal strength change, phone type is: 2
01-07 16:27:09.454  5035  6446 D EPDG -- [SMARTWIFI]: lastLteRSRP is -123currentLteRSRP is -121
01-07 16:27:09.454  5035  6446 D EPDG -- [SMARTWIFI]: lastLteRSRQ is -17currentLteRSRQ is -17
01-07 16:27:09.454  5035  6446 D EPDG -- [SMARTWIFI]: lastCdmaDb is -16currentCdmaDb is -16
01-07 16:27:09.454  5035  6446 V EPDG -- [SMARTWIFI]: Radio oldest entry removed
01-07 16:27:09.454  5035  6446 V EPDG -- [SMARTWIFI]: New entry : (SignalStrength: 99 99 -120 -160 -120 -1 -1 13 -121 -17 -20 2147483647 2147483647 0x1000 gsm|lte : 0 )
01-07 16:27:09.454  5035  6446 V EPDG -- [SMARTWIFI]: Radio entry added
01-07 16:27:09.455  4616  4823 D NetworkController.MobileSignalController(0/1): callState:0, callStateByPhone:false voLTECall:false voiceNetTpe:13 dataNetType:13, ine911:false, emergencyCallbackMode:false
01-07 16:27:10.077  3757  4398 D InputReader: Input event(3): value=1 when=21011962829000
01-07 16:27:10.077  3757  4398 D InputReader: Input event(3): value=1 when=21011962829000
01-07 16:27:10.077  3757  4398 I InputReader: Touch event's action is 0x0 (deviceType=0) [pCnt=1, s=0.2596 ] when=21011962829000
01-07 16:27:10.078  3757  4397 I InputDispatcher: Delivering touch to (23224): action: 0x0, toolType: 1
01-07 16:27:10.079 23224 23245 V threaded_app: New input event: type=2
01-07 16:27:10.080 23224 23224 D ViewRootImpl@e972267[GameActivity]: ViewPostImeInputStage processPointer 0
01-07 16:27:10.107 23224 23245 V threaded_app: New input event: type=2
01-07 16:27:10.123 23224 23245 V threaded_app: New input event: type=2
01-07 16:27:10.140 23224 23245 V threaded_app: New input event: type=2
01-07 16:27:10.157 23224 23245 V threaded_app: New input event: type=2
01-07 16:27:10.173 23224 23245 V threaded_app: New input event: type=2
01-07 16:27:10.191 23224 23245 V threaded_app: New input event: type=2
01-07 16:27:10.197  3757  4398 D InputReader: Input event(3): value=0 when=21012082426000
01-07 16:27:10.197  3757  4398 D InputReader: Input event(3): value=0 when=21012082426000
01-07 16:27:10.197  3757  4398 I InputReader: Touch event's action is 0x1 (deviceType=0) [pCnt=1, s=] when=21012082426000
01-07 16:27:10.198  3757  4397 I InputDispatcher: Delivering touch to (23224): action: 0x1, toolType: 1
01-07 16:27:10.199 23224 23245 V threaded_app: New input event: type=2
01-07 16:27:10.199 23224 23245 V threaded_app: New input event: type=2
01-07 16:27:10.201 23224 23224 D ViewRootImpl@e972267[GameActivity]: ViewPostImeInputStage processPointer 1
01-07 16:27:10.217 23224 23354 I libOpenSLES: Emulating old channel mask behavior (ignoring positional mask 0x3, using default mask 0x3 based on channel count of 2)
01-07 16:27:10.218  3237  3813 I AudioFlinger: add dynamic flag, can move to deep thread, session 3705
01-07 16:27:10.220 23224 23354 D AudioTrack: Client defaulted notificationFrames to 240 for frameCount 480
01-07 16:27:10.221 23224 23354 I AudioTrack: This process already got info. FadeIn[0] FadeOut[0] FadeInRing[0]
01-07 16:27:10.221  3237 22864 W AudioPolicyIntefaceImpl: Skipped to add effects on session 3705
01-07 16:27:10.221  3237 22864 I APM_AudioPolicyManager: startOutput() output 21, stream 3, session 3705
01-07 16:27:10.252 23224 23421 I AudioTrack: Skip ramp
01-07 16:27:10.316  3237  3352 I APM_AudioPolicyManager: stopOutput() output 21, stream 3, session 3705
01-07 16:27:11.353  3227  3261 D Sensorhubs: readContextData: 1, 1, 7, -1
01-07 16:27:11.354  3757  4361 D SensorHubManager: onGetSensorHubDataLocked: library(4) = 1, 1, 7, -1
01-07 16:27:11.355  3757  4360 D CAE     : onGetSensorHubData(SensorHubParserProvider.java:94) - onGetSensorHubData Event [event buffer len :4], AP_WAKEUP
01-07 16:27:11.356  3757  4360 I CAE     : parse(SensorHubParserProvider.java:196) - buffer size = 4
01-07 16:27:11.356  3757  4360 I CAE     : parse(SensorHubParserProvider.java:207) - 1, 1, 7, -1,
01-07 16:27:11.357  3757  4360 D CAE     : display(ContextProvider.java:375) - ================= AUTO_ROTATION =================
01-07 16:27:11.357  3757  4360 I CAE     : display(ContextProvider.java:391) - Angle=[-1]
01-07 16:27:11.361  3757  4364 D SemContextService: updateContext() : event = Auto Rotation
01-07 16:27:11.361  3757  3757 D SemContextManager: onSemContextChanged() : event = Auto Rotation Angle : -1
01-07 16:27:11.361  3757  3757 D SContextManager: onSContextChanged() : event = Auto Rotation Angle : -1
01-07 16:27:11.362  3757  3757 V WindowOrientationListener: OrientationSensorJudge.onSContextChanged, Rotation: -1
01-07 16:27:11.444  5689  5689 D io_stats: !@   8,0 r 414859 13572420 w 300850 5655932 d 40968 2288944 f 68863 68834 iot 417340 264186 th 61440 61440 48264 pt 3510 inp 0 0 21013.329
01-07 16:27:11.882  3757  4398 D InputReader: Input event(3): value=1 when=21013767974000
01-07 16:27:11.882  3757  4398 D InputReader: Input event(3): value=1 when=21013767974000
01-07 16:27:11.883  3757  4398 I InputReader: Touch event's action is 0x0 (deviceType=0) [pCnt=1, s=0.2597 ] when=21013767974000
01-07 16:27:11.883  3757  4397 I InputDispatcher: Delivering touch to (23224): action: 0x0, toolType: 1
01-07 16:27:11.884  3757  4397 D PowerManagerService: [api] userActivityFromNative : 10 (event: 2 flags: 0) eventTime = 21013767
01-07 16:27:11.885 23224 23245 V threaded_app: New input event: type=2
01-07 16:27:11.886 23224 23224 D ViewRootImpl@e972267[GameActivity]: ViewPostImeInputStage processPointer 0
01-07 16:27:11.905 23224 23245 V threaded_app: New input event: type=2
01-07 16:27:11.921 23224 23245 V threaded_app: New input event: type=2
01-07 16:27:11.936 23224 23245 V threaded_app: New input event: type=2
01-07 16:27:11.970 23224 23245 V threaded_app: New input event: type=2
01-07 16:27:12.004 23224 23245 V threaded_app: New input event: type=2
01-07 16:27:12.019 23224 23245 V threaded_app: New input event: type=2
01-07 16:27:12.023  3757  4398 D InputReader: Input event(3): value=0 when=21013908399000
01-07 16:27:12.023  3757  4398 D InputReader: Input event(3): value=0 when=21013908399000
01-07 16:27:12.023  3757  4398 I InputReader: Touch event's action is 0x1 (deviceType=0) [pCnt=1, s=] when=21013908399000
01-07 16:27:12.023  3757  4397 I InputDispatcher: Delivering touch to (23224): action: 0x1, toolType: 1
01-07 16:27:12.023 23224 23245 V threaded_app: New input event: type=2
01-07 16:27:12.027 23224 23224 D ViewRootImpl@e972267[GameActivity]: ViewPostImeInputStage processPointer 1
01-07 16:27:12.269  3757  4458 D WifiStateMachine: Current network is: "wilkinson2.4" , ID is: 30
01-07 16:27:12.270  3757  4458 I WifiStateMachine: IMS calling, current network is always qualified
01-07 16:27:12.384  3757  4398 D InputReader: Input event(3): value=1 when=21014269810000
01-07 16:27:12.384  3757  4398 D InputReader: Input event(3): value=1 when=21014269810000
01-07 16:27:12.384  3757  4398 I InputReader: Touch event's action is 0x0 (deviceType=0) [pCnt=1, s=0.2598 ] when=21014269810000
01-07 16:27:12.386  3757  4397 I InputDispatcher: Delivering touch to (23224): action: 0x0, toolType: 1
01-07 16:27:12.386 23224 23245 V threaded_app: New input event: type=2
01-07 16:27:12.388 23224 23224 D ViewRootImpl@e972267[GameActivity]: ViewPostImeInputStage processPointer 0
01-07 16:27:12.403 23224 23245 V threaded_app: New input event: type=2
01-07 16:27:12.421 23224 23245 V threaded_app: New input event: type=2
01-07 16:27:12.436 23224 23245 V threaded_app: New input event: type=2
01-07 16:27:12.453 23224 23245 V threaded_app: New input event: type=2
01-07 16:27:12.469 23224 23245 V threaded_app: New input event: type=2
01-07 16:27:12.485 23224 23245 V threaded_app: New input event: type=2
01-07 16:27:12.502 23224 23245 V threaded_app: New input event: type=2
01-07 16:27:12.520 23224 23245 V threaded_app: New input event: type=2
01-07 16:27:12.538 23224 23245 V threaded_app: New input event: type=2
01-07 16:27:12.547  3757  4398 D InputReader: Input event(3): value=0 when=21014432737000
01-07 16:27:12.547  3757  4398 D InputReader: Input event(3): value=0 when=21014432737000
01-07 16:27:12.547  3757  4398 I InputReader: Touch event's action is 0x1 (deviceType=0) [pCnt=1, s=] when=21014432737000
01-07 16:27:12.547  3757  4397 I InputDispatcher: Delivering touch to (23224): action: 0x1, toolType: 1
01-07 16:27:12.548 23224 23245 V threaded_app: New input event: type=2
01-07 16:27:12.552 23224 23245 V threaded_app: New input event: type=2
01-07 16:27:12.554 23224 23224 D ViewRootImpl@e972267[GameActivity]: ViewPostImeInputStage processPointer 1
01-07 16:27:13.021  3757  4398 D InputReader: Input event(3): value=1 when=21014907155000
01-07 16:27:13.021  3757  4398 D InputReader: Input event(3): value=1 when=21014907155000
01-07 16:27:13.022  3757  4398 I InputReader: Touch event's action is 0x0 (deviceType=0) [pCnt=1, s=0.2599 ] when=21014907155000
01-07 16:27:13.022  3757  4397 I InputDispatcher: Delivering touch to (23224): action: 0x0, toolType: 1
