01-17 17:22:49.149  3757  7204 D AudioService: getStreamVolume 3 index 120
01-17 17:22:49.249  3757  4469 D AudioService: getStreamVolume 3 index 120
01-17 17:22:49.351  3757  7216 D AudioService: getStreamVolume 3 index 120
01-17 17:22:49.451  3757 32084 D AudioService: getStreamVolume 3 index 120
01-17 17:22:49.554  3757 29842 D AudioService: getStreamVolume 3 index 120
01-17 17:22:49.653  3757  6272 D AudioService: getStreamVolume 3 index 120
01-17 17:22:49.699  3757  4373 I TLC_TIMA_PKM_measure_kernel: TIMA: response_id = 3
01-17 17:22:49.699  3757  4373 I TLC_TIMA_PKM_measure_kernel: TIMA: response ret = 0, result_ondemand = MSG=Kernel Verification Success;
01-17 17:22:49.756  3757 10496 D AudioService: getStreamVolume 3 index 120
01-17 17:22:49.855  3757  3771 D AudioService: getStreamVolume 3 index 120
01-17 17:22:49.873  3757  7204 D AudioService: getStreamVolume 3 index 120
01-17 17:22:49.959  3757 31269 D AudioService: getStreamVolume 3 index 120
01-17 17:22:50.057  3757 29840 D AudioService: getStreamVolume 3 index 120
01-17 17:22:50.159  3757  4469 D BatteryService: !@BatteryListener : batteryPropertiesChanged!
01-17 17:22:50.160  3757  4469 D BatteryService: level:99, scale:100, status:2, health:2, present:true, voltage: 4291, temperature: 304, technology: Li-ion, AC powered:false, USB powered:true, POGO powered:false, Wireless powered:false, icon:17303694, invalid charger:0, maxChargingCurrent:0, maxChargingVoltage:0, chargeCounter:0
01-17 17:22:50.160  3757  4469 D BatteryService: online:6, current avg:475, charge type:1, power sharing:false, high voltage charger:false, capacity:280000, batterySWSelfDischarging:false, misc_event:0, current_now:530
01-17 17:22:50.161  3757  3757 D BatteryService: Sending ACTION_BATTERY_CHANGED.
01-17 17:22:50.164  3757 32085 D AudioService: getStreamVolume 3 index 120
01-17 17:22:50.167  3757  3757 V UiModeManager: updateLocked: null action, mDockState=0, category=null
01-17 17:22:50.167  3757  3757 D UiModeManager: updateConfigurationLocked: mDockState=0; mCarMode=false; mNightMode=1; uiMode=17
01-17 17:22:50.168  3757  3757 D GameManagerService: new battery level: 99
01-17 17:22:50.171  4616  4616 D KeyguardUpdateMonitor: received broadcast android.intent.action.BATTERY_CHANGED
01-17 17:22:50.173  4616  4616 D PowerUI : priorPlugType = 2 mPlugType =  2
01-17 17:22:50.174  4616  4616 D PowerUI.Notification: showChargingNotice oldChargingType : 1 currentChargingType : 1 oldChargingTime : 270000 mChargingTime : 451000
01-17 17:22:50.174  4616  4616 D PowerUI.Notification: showChargingNotification()
01-17 17:22:50.179  5024  5024 D PhoneApp: PhoneAppBroadcastReceiver onReceive android.intent.action.BATTERY_CHANGED
01-17 17:22:50.179  5024  5024 D TelephonyExtensionManager: lowBatterySound - isLowBatterySoundScheduled: false
01-17 17:22:50.179  5024  5024 D TelephonyExtensionManager: lowBatterySound - isPlayNow: false
01-17 17:22:50.180  5024  5024 D TelephonyExtensionManager: isSpeakerON - true
01-17 17:22:50.186  4561  4561 V HeadsetService: HeadsetService - Received Intent.ACTION_BATTERY_CHANGED
01-17 17:22:50.186  4561 15058 D HeadsetStateMachine: Disconnected process message: 10, size: 0
01-17 17:22:50.192 12625 12625 D UE4     : Battery: status = 2, rawlevel = 99, scale = 100
01-17 17:22:50.192 12625 12625 D UE4     : nativeBatteryEvent(stat = 2, lvl = 99  temp = 30.40 C)
01-17 17:22:50.195  5024  5024 D TelephonyExtensionManager: lowBatterySound - batteryStatus: 2
01-17 17:22:50.195  5024  5024 D TelephonyExtensionManager: lowBatterySound - batteryLevel: 99
01-17 17:22:50.195  5024  5024 D TelephonyExtensionManager: lowBatterySound - cancel
01-17 17:22:50.196  3757  6272 D SamsungAlarmManager: Cancel Alarm calling from uid:1001 pid :5024 / op:PendingIntent{b73be64: PendingIntentRecord{1e8a511 com.android.phone broadcastIntent}}
01-17 17:22:50.197  5024  5024 D TelephonyExtension: Not stopping low battery tone
01-17 17:22:50.197  3757  7201 D ApplicationPolicy: isStatusBarNotificationAllowedAsUser: packageName = com.android.systemui,userId = -1
01-17 17:22:50.198  4616  4616 D KeyguardUpdateMonitor: handleBatteryUpdate
01-17 17:22:50.204  4616  4616 D BatteryMeterDrawable: isSomethingChanged - false
01-17 17:22:50.204  4616  4616 D BatteryMeterDrawable: isSomethingChanged - false
01-17 17:22:50.211  4616  4616 D Tile.FlashlightTile: ACTION_BATTERY_CHANGED - Level :: 99, emEnabled :: false
01-17 17:22:50.247  4616  4616 D KeyguardServiceBoxContainer: updateCMAS() hasCmasNotification = false, mHasCMAS = false
01-17 17:22:50.259  3757  7203 D AudioService: getStreamVolume 3 index 120
01-17 17:22:50.367  3757 10512 D AudioService: getStreamVolume 3 index 120
01-17 17:22:50.461  3757  7216 D AudioService: getStreamVolume 3 index 120
01-17 17:22:50.497  3757  4458 D WifiStateMachine: Current network is: "wilkinson2.4" , ID is: 30
01-17 17:22:50.497  3757  4458 I WifiStateMachine: IMS calling, current network is always qualified
01-17 17:22:50.570  3757 32084 D AudioService: getStreamVolume 3 index 120
01-17 17:22:50.663  3757  4440 D AudioService: getStreamVolume 3 index 120
01-17 17:22:50.774  3757  7201 D AudioService: getStreamVolume 3 index 120
01-17 17:22:50.865  3757 29841 D AudioService: getStreamVolume 3 index 120
01-17 17:22:50.875  3757  5063 D AudioService: getStreamVolume 3 index 120
01-17 17:22:50.951  5689  5689 D io_stats: !@   8,0 r 4176930 124003664 w 3452545 76097324 d 524201 38114492 f 861192 860992 iot 5487420 3186214 th 61440 61440 43892 pt 10480 inp 0 0 307858.576
01-17 17:22:50.976  3757 29839 D AudioService: getStreamVolume 3 index 120
01-17 17:22:51.069  3757  2859 D AudioService: getStreamVolume 3 index 120
01-17 17:22:51.177  3757  4482 D AudioService: getStreamVolume 3 index 120
01-17 17:22:51.272  3757  2858 D AudioService: getStreamVolume 3 index 120
01-17 17:22:51.380  3757 32085 D AudioService: getStreamVolume 3 index 120
01-17 17:22:51.475  3757 29838 D AudioService: getStreamVolume 3 index 120
01-17 17:22:51.583  3757  7202 D AudioService: getStreamVolume 3 index 120
01-17 17:22:51.677  3757  6272 D AudioService: getStreamVolume 3 index 120
01-17 17:22:51.785  3757  7206 D AudioService: getStreamVolume 3 index 120
01-17 17:22:51.878  3757 29841 D AudioService: getStreamVolume 3 index 120
01-17 17:22:51.880  3757  5062 D AudioService: getStreamVolume 3 index 120
01-17 17:22:51.988  3757  7204 D AudioService: getStreamVolume 3 index 120
01-17 17:22:52.083  3757 31269 D AudioService: getStreamVolume 3 index 120
01-17 17:22:52.189  3757 29840 D AudioService: getStreamVolume 3 index 120
01-17 17:22:52.286  3757  7203 D AudioService: getStreamVolume 3 index 120
01-17 17:22:52.391  3757  3770 D AudioService: getStreamVolume 3 index 120
01-17 17:22:52.489  3757  7216 D AudioService: getStreamVolume 3 index 120
01-17 17:22:52.594  3757 32084 D AudioService: getStreamVolume 3 index 120
01-17 17:22:52.692  3757 32083 D AudioService: getStreamVolume 3 index 120
01-17 17:22:52.797  3757  7201 D AudioService: getStreamVolume 3 index 120
01-17 17:22:52.880  3757 31270 D AudioService: getStreamVolume 3 index 120
01-17 17:22:52.894  3757  5063 D AudioService: getStreamVolume 3 index 120
01-17 17:22:52.987  9215  9234 I Finsky  : [8880] com.google.android.finsky.bo.an.run(6): Stats for Executor: BlockingExecutor com.google.android.finsky.bo.ao@bc5b0ce[Running, pool size = 0, active threads = 0, queued tasks = 0, completed tasks = 6]
01-17 17:22:52.988  9215  9234 I Finsky  : [8880] com.google.android.finsky.bo.an.run(6): Stats for Executor: LightweightExecutor com.google.android.finsky.bo.ao@c5f3bef[Running, pool size = 4, active threads = 0, queued tasks = 0, completed tasks = 56]
01-17 17:22:52.998  3757  3771 D AudioService: getStreamVolume 3 index 120
01-17 17:22:53.097  3757  2859 D AudioService: getStreamVolume 3 index 120
01-17 17:22:53.174  9215  9234 I Finsky  : [8880] com.google.android.finsky.bo.an.run(6): Stats for Executor: bgExecutor com.google.android.finsky.bo.ao@2a986fc[Running, pool size = 4, active threads = 0, queued tasks = 0, completed tasks = 10]
01-17 17:22:53.179  9215  9234 I Finsky  : [8880] com.google.android.finsky.bo.an.run(6): Stats for Executor: SimChangeExecutor com.google.android.finsky.bo.ao@c377185[Running, pool size = 1, active threads = 1, queued tasks = 4, completed tasks = 0]
01-17 17:22:53.188  4616  4823 D NetworkController.MobileSignalController(0/1): onSignalStrengthsChanged signalStrength=SignalStrength: 99 99 -120 -160 -120 -1 -1 19 -105 -12 40 2147483647 2147483647 0x3000 gsm|lte level=3
01-17 17:22:53.188  4616  4823 D NetworkController.MobileSignalController(0/1): getMobileIconGroup(): 13
01-17 17:22:53.189  4616  4823 D NetworkController.MobileSignalController(0/1): updateVZWMobileIconGroup(): 13
01-17 17:22:53.193  5035  5670 D EPDG -- [SMARTWIFI]: onSignalStrengthsChanged: Received signal strength change, phone type is: 2
01-17 17:22:53.193  5035  6446 D EPDG -- [SMARTWIFI]: lastLteRSRP is -107currentLteRSRP is -105
01-17 17:22:53.193  5035  6446 D EPDG -- [SMARTWIFI]: lastLteRSRQ is -13currentLteRSRQ is -12
01-17 17:22:53.193  5035  6446 D EPDG -- [SMARTWIFI]: lastCdmaDb is -16currentCdmaDb is -16
01-17 17:22:53.193  5035  6446 V EPDG -- [SMARTWIFI]: Radio oldest entry removed
01-17 17:22:53.193  5035  6446 V EPDG -- [SMARTWIFI]: New entry : (SignalStrength: 99 99 -120 -160 -120 -1 -1 19 -105 -12 40 2147483647 2147483647 0x3000 gsm|lte : 0 )
01-17 17:22:53.193  5035  6446 V EPDG -- [SMARTWIFI]: Radio entry added
01-17 17:22:53.196  4616  4823 D NetworkController.MobileSignalController(0/1): callState:0, callStateByPhone:false voLTECall:false voiceNetTpe:13 dataNetType:13, ine911:false, emergencyCallbackMode:false
01-17 17:22:53.207  3757  2858 D AudioService: getStreamVolume 3 index 120
01-17 17:22:53.238  3757  4354 D SamsungAlarmManager: Expired : 8
01-17 17:22:53.239  3757  4354 I SamsungAlarmManager: setLocked to kernel - T:3 / 20190117T172300, SetElapsed=964426281, nowELAPSED=964419519
01-17 17:22:53.239  3757  4354 V SamsungAlarmManager: Sending to uid : 10059 action=null alarm=Alarm{9a2b8cd type 3 when 964419519 com.asurion.android.verizon.vms}
01-17 17:22:53.246  3757  4354 D CompatibilityInfo: mCompatibilityFlags - 0
01-17 17:22:53.246  3757  4354 D CompatibilityInfo: applicationDensity - 420
01-17 17:22:53.246  3757  4354 D CompatibilityInfo: applicationScale - 1.0
01-17 17:22:53.271  3757  7202 D SamsungAlarmManager: setExact Intent (T:3/F:5/AC:false) 20190117T172258 - CU:10059/CP:9342
01-17 17:22:53.272  3757  7202 I SamsungAlarmManager: setLocked to kernel - T:3 / 20190117T172258, SetElapsed=964424542, nowELAPSED=964419553
01-17 17:22:53.298  3757  6272 D AudioService: getStreamVolume 3 index 120
01-17 17:22:53.355  9215  9234 I Finsky  : [8880] com.google.android.finsky.bo.an.run(6): Stats for Executor: Db-split_install_service com.google.android.finsky.bo.ao@a100bda[Running, pool size = 0, active threads = 0, queued tasks = 0, completed tasks = 1]
01-17 17:22:53.361  9215  9234 I Finsky  : [8880] com.google.android.finsky.bo.an.run(6): Stats for Executor: SplitInstallBackgroundThread com.google.android.finsky.bo.ao@10da80b[Running, pool size = 0, active threads = 0, queued tasks = 0, completed tasks = 0]
01-17 17:22:53.378  9215  9234 I Finsky  : [8880] com.google.android.finsky.bo.an.run(6): Stats for Executor: StorageAwareDownloadServiceManagerSpaceChecker com.google.android.finsky.bo.ao@f8616e8[Running, pool size = 0, active threads = 0, queued tasks = 0, completed tasks = 0]
01-17 17:22:53.410  3757  7206 D AudioService: getStreamVolume 3 index 120
01-17 17:22:53.415  9215  9247 I PlayCommon: [8892] com.google.android.play.b.g.d(132): Preparing logs for uploading
01-17 17:22:53.419  3757 10496 D ConnectivityService: filterNetworkStateForUid() uid: 10029 networkInfo: [type: WIFI[] - WIFI, state: CONNECTED/CONNECTED, reason: (unspecified), extra: "wilkinson2.4", failover: false, available: true, roaming: false, metered: false]
01-17 17:22:53.426  9215  9247 I PlayCommon: [8892] com.google.android.play.b.x.a(9): Connecting to server for timestamp: https://play.googleapis.com/play/log/timestamp
01-17 17:22:53.458  9215  9247 I System.out: (HTTPLog)-Static: isSBSettingEnabled false
01-17 17:22:53.458  9215  9247 I System.out: (HTTPLog)-Static: isSBSettingEnabled false
01-17 17:22:53.461  3252  3746 D EnterpriseController: netId is 0
01-17 17:22:53.462  3252  3746 D Netd    : getNetworkForDns: using netid 611 for uid 10029
01-17 17:22:53.462  3252  3746 D DnsProxyListener: DNSDBG::dns addrinfo af 0
01-17 17:22:53.501  3757 29839 D AudioService: getStreamVolume 3 index 120
01-17 17:22:53.507  3757  4458 D WifiStateMachine: Current network is: "wilkinson2.4" , ID is: 30
01-17 17:22:53.507  3757  4458 I WifiStateMachine: IMS calling, current network is always qualified
01-17 17:22:53.560  3757  3774 D CompatibilityInfo: mCompatibilityFlags - 0
01-17 17:22:53.560  3757  3774 D CompatibilityInfo: applicationDensity - 420
01-17 17:22:53.560  3757  3774 D CompatibilityInfo: applicationScale - 1.0
01-17 17:22:53.574  3757 29840 D CompatibilityInfo: mCompatibilityFlags - 0
01-17 17:22:53.574  3757 29840 D CompatibilityInfo: applicationDensity - 420
01-17 17:22:53.574  9215  9234 I Finsky  : [8880] com.google.android.finsky.bo.an.run(6): Stats for Executor: InstallBackgroundThread com.google.android.finsky.bo.ao@682a101[Running, pool size = 0, active threads = 0, queued tasks = 0, completed tasks = 1]
01-17 17:22:53.575  3757 29840 D CompatibilityInfo: applicationScale - 1.0
01-17 17:22:53.582  3757 10512 D CompatibilityInfo: mCompatibilityFlags - 0
01-17 17:22:53.582  3757 10512 D CompatibilityInfo: applicationDensity - 420
01-17 17:22:53.582  3757 10512 D CompatibilityInfo: applicationScale - 1.0
01-17 17:22:53.591  9215  9234 I Finsky  : [8880] com.google.android.finsky.bo.an.run(6): Stats for Executor: Db-install_service com.google.android.finsky.bo.ao@a730ba6[Running, pool size = 0, active threads = 0, queued tasks = 0, completed tasks = 0]
01-17 17:22:53.596  3757 32085 D CompatibilityInfo: mCompatibilityFlags - 0
01-17 17:22:53.596  9215  9234 I Finsky  : [8880] com.google.android.finsky.bo.an.run(6): Stats for Executor: InstallBackgroundThread com.google.android.finsky.bo.ao@d19b994[Running, pool size = 0, active threads = 0, queued tasks = 0, completed tasks = 0]
01-17 17:22:53.596  3757 32085 D CompatibilityInfo: applicationDensity - 420
01-17 17:22:53.596  3757 32085 D CompatibilityInfo: applicationScale - 1.0
01-17 17:22:53.610  3757  7216 D CompatibilityInfo: mCompatibilityFlags - 0
01-17 17:22:53.610  3757  7216 D CompatibilityInfo: applicationDensity - 420
01-17 17:22:53.610  3757  7216 D CompatibilityInfo: applicationScale - 1.0
01-17 17:22:53.612  3757  7202 D AudioService: getStreamVolume 3 index 120
01-17 17:22:53.624  3757  5902 D CompatibilityInfo: mCompatibilityFlags - 0
01-17 17:22:53.624  3757  5902 D CompatibilityInfo: applicationDensity - 420
01-17 17:22:53.625  3757  5902 D CompatibilityInfo: applicationScale - 1.0
01-17 17:22:53.626  8597  8597 I DMT-DropBoxReceiver: Received : android.intent.action.DROPBOX_ENTRY_ADDED
01-17 17:22:53.650  3757 31270 D CompatibilityInfo: mCompatibilityFlags - 0
01-17 17:22:53.650  3757 31270 D CompatibilityInfo: applicationDensity - 420
01-17 17:22:53.650  3757 31270 D CompatibilityInfo: applicationScale - 1.0
01-17 17:22:53.669  3757  5062 D CompatibilityInfo: mCompatibilityFlags - 0
01-17 17:22:53.669  3757  5062 D CompatibilityInfo: applicationDensity - 420
01-17 17:22:53.669  3757  5062 D CompatibilityInfo: applicationScale - 1.0
01-17 17:22:53.703  3757  4482 D AudioService: getStreamVolume 3 index 120
01-17 17:22:53.759  3757 29842 D ConnectivityService: filterNetworkStateForUid() uid: 10014 networkInfo: [type: WIFI[] - WIFI, state: CONNECTED/CONNECTED, reason: (unspecified), extra: "wilkinson2.4", failover: false, available: true, roaming: false, metered: false]
01-17 17:22:53.814  3757  5062 D AudioService: getStreamVolume 3 index 120
01-17 17:22:53.882  3757 32084 D AudioService: getStreamVolume 3 index 120
01-17 17:22:53.905  3757 29842 D AudioService: getStreamVolume 3 index 120
01-17 17:22:53.947  9215  9234 I Finsky  : [8880] com.google.android.finsky.bo.an.run(6): Stats for Executor: Db-user_languages_store com.google.android.finsky.bo.ao@6f74c3d[Running, pool size = 0, active threads = 0, queued tasks = 0, completed tasks = 1]
01-17 17:22:54.017  3757  6272 D AudioService: getStreamVolume 3 index 120
01-17 17:22:54.106  3757  7206 D AudioService: getStreamVolume 3 index 120
01-17 17:22:54.169  9215  9234 I Finsky  : [8880] com.google.android.finsky.bo.an.run(6): Stats for Executor: InstallBackgroundThread com.google.android.finsky.bo.ao@4b43c32[Running, pool size = 0, active threads = 0, queued tasks = 0, completed tasks = 0]
01-17 17:22:54.171  9215  9234 I Finsky  : [8880] com.google.android.finsky.bo.an.run(6): Stats for Executor: InstallBackgroundThread com.google.android.finsky.bo.ao@bc10d83[Running, pool size = 0, active threads = 0, queued tasks = 0, completed tasks = 0]
01-17 17:22:54.220  3757  4473 D AudioService: getStreamVolume 3 index 120
01-17 17:22:54.309  3757 29841 D AudioService: getStreamVolume 3 index 120
01-17 17:22:54.422  3757 31270 D AudioService: getStreamVolume 3 index 120
01-17 17:22:54.511  3757  3771 D AudioService: getStreamVolume 3 index 120
01-17 17:22:54.624  3757  7204 D AudioService: getStreamVolume 3 index 120
01-17 17:22:54.714  3757 31269 D AudioService: getStreamVolume 3 index 120
01-17 17:22:54.827  3757 29840 D AudioService: getStreamVolume 3 index 120
01-17 17:22:54.884  3757 32084 D AudioService: getStreamVolume 3 index 120
01-17 17:22:54.916  3757  4440 D AudioService: getStreamVolume 3 index 120
01-17 17:22:55.029  3757 32083 D AudioService: getStreamVolume 3 index 120
01-17 17:22:55.117  3757 10496 D AudioService: getStreamVolume 3 index 120
01-17 17:22:55.233  3757  7205 D AudioService: getStreamVolume 3 index 120
01-17 17:22:55.298  9215  9247 I PlayCommon: [8892] com.google.android.play.b.g.a(325): Connecting to server: https://play.googleapis.com/play/log?format=raw&proto_v2=true
01-17 17:22:55.300  9215  9247 I System.out: (HTTPLog)-Static: isSBSettingEnabled false
01-17 17:22:55.301  9215  9247 I System.out: (HTTPLog)-Static: isSBSettingEnabled false
01-17 17:22:55.320  3757 29841 D AudioService: getStreamVolume 3 index 120
01-17 17:22:55.353  9215  9247 I PlayCommon: [8892] com.google.android.play.b.g.a(416): Successfully uploaded logs.
01-17 17:22:55.436  3757 29839 D AudioService: getStreamVolume 3 index 120
01-17 17:22:55.522  3757  3771 D AudioService: getStreamVolume 3 index 120
01-17 17:22:55.638  3757  7204 D AudioService: getStreamVolume 3 index 120
01-17 17:22:55.724  3757  7203 D AudioService: getStreamVolume 3 index 120
01-17 17:22:55.841  3757 10512 D AudioService: getStreamVolume 3 index 120
01-17 17:22:55.887  3757  7202 D AudioService: getStreamVolume 3 index 120
01-17 17:22:55.927  3757 29842 D AudioService: getStreamVolume 3 index 120
01-17 17:22:55.953  5689  5689 D io_stats: !@   8,0 r 4176934 124003704 w 3452549 76097436 d 524201 38114492 f 861218 861018 iot 5487500 3186221 th 61440 61440 43892 pt 10480 inp 0 0 307863.578
01-17 17:22:56.043  3757  7206 D AudioService: getStreamVolume 3 index 120
01-17 17:22:56.130  3757  5902 D AudioService: getStreamVolume 3 index 120
01-17 17:22:56.246  3757  4473 D AudioService: getStreamVolume 3 index 120
01-17 17:22:56.332  3757 29841 D AudioService: getStreamVolume 3 index 120
01-17 17:22:56.449  3757 29839 D AudioService: getStreamVolume 3 index 120
01-17 17:22:56.523  3757  4458 D WifiStateMachine: Current network is: "wilkinson2.4" , ID is: 30
01-17 17:22:56.523  3757  4458 I WifiStateMachine: IMS calling, current network is always qualified
01-17 17:22:56.534  3757  7204 D AudioService: getStreamVolume 3 index 120
01-17 17:22:56.652  3757 31269 D AudioService: getStreamVolume 3 index 120
01-17 17:22:56.737  3757 10512 D AudioService: getStreamVolume 3 index 120
01-17 17:22:56.854  3757 32085 D AudioService: getStreamVolume 3 index 120
01-17 17:22:56.891  3757 29842 D AudioService: getStreamVolume 3 index 120
01-17 17:22:56.940  3757  7201 D AudioService: getStreamVolume 3 index 120
01-17 17:22:57.056  3757  5902 D AudioService: getStreamVolume 3 index 120
01-17 17:22:57.141  3757  5063 D AudioService: getStreamVolume 3 index 120
01-17 17:22:57.214 12625 12646 D UE4     : Used memory: 219092
01-17 17:22:57.258  3757 29841 D AudioService: getStreamVolume 3 index 120
01-17 17:22:57.344  3757  5901 D AudioService: getStreamVolume 3 index 120
01-17 17:22:57.462  3757  2859 D AudioService: getStreamVolume 3 index 120
01-17 17:22:57.545  3757  4482 D AudioService: getStreamVolume 3 index 120
01-17 17:22:57.664  3757  2858 D AudioService: getStreamVolume 3 index 120
01-17 17:22:57.748  3757 10512 D AudioService: getStreamVolume 3 index 120
01-17 17:22:57.865  3757 32085 D AudioService: getStreamVolume 3 index 120
01-17 17:22:57.892  3757 29842 D AudioService: getStreamVolume 3 index 120
01-17 17:22:57.951  3757  7206 D AudioService: getStreamVolume 3 index 120
01-17 17:22:58.067  3757  5902 D AudioService: getStreamVolume 3 index 120
01-17 17:22:58.153  3757  5063 D AudioService: getStreamVolume 3 index 120
01-17 17:22:58.233  3757  9599 D SSRM:t  : SIOP:: AP = 410, PST = 351 (W:10), CP = 266, CUR = 525, LCD = 110
01-17 17:22:58.235  3757  9599 D ConnectivityService: filterNetworkStateForUid() uid: 1000 networkInfo: [type: WIFI[] - WIFI, state: CONNECTED/CONNECTED, reason: (unspecified), extra: "wilkinson2.4", failover: false, available: true, roaming: false, metered: false]
01-17 17:22:58.261  3757  4354 D SamsungAlarmManager: Expired : 8
01-17 17:22:58.262  3757  4354 I SamsungAlarmManager: setLocked to kernel - T:3 / 20190117T172300, SetElapsed=964426281, nowELAPSED=964424543
01-17 17:22:58.263  3757  4354 V SamsungAlarmManager: Sending to uid : 10059 action=null alarm=Alarm{d6c9a00 type 3 when 964424542 com.asurion.android.verizon.vms}
01-17 17:22:58.272  3757 31270 D AudioService: getStreamVolume 3 index 120
01-17 17:22:58.272  3757  4354 D CompatibilityInfo: mCompatibilityFlags - 0
01-17 17:22:58.272  3757  4354 D CompatibilityInfo: applicationDensity - 420
01-17 17:22:58.272  3757  4354 D CompatibilityInfo: applicationScale - 1.0
01-17 17:22:58.297  3757  3771 D SamsungAlarmManager: setExact Intent (T:3/F:5/AC:false) 20190117T172303 - CU:10059/CP:9342
01-17 17:22:58.356  3757  4469 D AudioService: getStreamVolume 3 index 120
01-17 17:22:58.474  3757  2858 D AudioService: getStreamVolume 3 index 120
01-17 17:22:58.557  3757 32085 D AudioService: getStreamVolume 3 index 120
01-17 17:22:58.678  3757 32084 D AudioService: getStreamVolume 3 index 120
01-17 17:22:58.758  3757 29842 D AudioService: getStreamVolume 3 index 120
01-17 17:22:58.880  3757 29839 D AudioService: getStreamVolume 3 index 120
01-17 17:22:58.893  3757  5901 D AudioService: getStreamVolume 3 index 120
01-17 17:22:58.962  3757  2859 D AudioService: getStreamVolume 3 index 120
01-17 17:22:59.082  3757  4482 D AudioService: getStreamVolume 3 index 120
01-17 17:22:59.167  3757  2858 D AudioService: getStreamVolume 3 index 120
01-17 17:22:59.284  3757 10512 D AudioService: getStreamVolume 3 index 120
01-17 17:22:59.369  3757 32085 D AudioService: getStreamVolume 3 index 120
01-17 17:22:59.487  3757  4440 D AudioService: getStreamVolume 3 index 120
01-17 17:22:59.542  3757  4458 D WifiStateMachine: Current network is: "wilkinson2.4" , ID is: 30
01-17 17:22:59.542  3757  4458 I WifiStateMachine: IMS calling, current network is always qualified
01-17 17:22:59.572  3757 32083 D AudioService: getStreamVolume 3 index 120
01-17 17:22:59.599  5035  5670 D EPDG -- [SMARTWIFI]: onSignalStrengthsChanged: Received signal strength change, phone type is: 2
01-17 17:22:59.599  5035  6446 D EPDG -- [SMARTWIFI]: lastLteRSRP is -105currentLteRSRP is -105
01-17 17:22:59.599  5035  6446 D EPDG -- [SMARTWIFI]: lastLteRSRQ is -12currentLteRSRQ is -12
01-17 17:22:59.599  5035  6446 D EPDG -- [SMARTWIFI]: lastCdmaDb is -16currentCdmaDb is -16
01-17 17:22:59.599  5035  6446 V EPDG -- [SMARTWIFI]: Radio oldest entry removed
01-17 17:22:59.599  5035  6446 V EPDG -- [SMARTWIFI]: New entry : (SignalStrength: 99 99 -120 -160 -120 -1 -1 19 -105 -12 40 2147483647 2147483647 0x3000 gsm|lte : 0 )
01-17 17:22:59.599  5035  6446 V EPDG -- [SMARTWIFI]: Radio entry added
01-17 17:22:59.600  4616  4823 D NetworkController.MobileSignalController(0/1): onSignalStrengthsChanged signalStrength=SignalStrength: 99 99 -120 -160 -120 -1 -1 19 -105 -12 40 2147483647 2147483647 0x3000 gsm|lte level=3
01-17 17:22:59.600  4616  4823 D NetworkController.MobileSignalController(0/1): getMobileIconGroup(): 13
01-17 17:22:59.600  4616  4823 D NetworkController.MobileSignalController(0/1): updateVZWMobileIconGroup(): 13
01-17 17:22:59.606  4616  4823 D NetworkController.MobileSignalController(0/1): callState:0, callStateByPhone:false voLTECall:false voiceNetTpe:13 dataNetType:13, ine911:false, emergencyCallbackMode:false
01-17 17:22:59.689  3757 10496 D AudioService: getStreamVolume 3 index 120
01-17 17:22:59.775  3757 31270 D AudioService: getStreamVolume 3 index 120
01-17 17:22:59.893  3757  7204 D AudioService: getStreamVolume 3 index 120
01-17 17:22:59.898  3757  4482 D AudioService: getStreamVolume 3 index 120
01-17 17:22:59.978  3757 31269 D AudioService: getStreamVolume 3 index 120
01-17 17:23:00.000  3757  4354 D SamsungAlarmManager: Expired : 8
01-17 17:23:00.001  3757  4354 I SamsungAlarmManager: setLocked to kernel - T:3 / 20190117T172303, SetElapsed=964429566, nowELAPSED=964426282
01-17 17:23:00.002  3757  4354 V SamsungAlarmManager: Sending to uid : 1000 action=android.intent.action.TIME_TICK alarm=Alarm{e0b407e type 3 when 964426281 android}
01-17 17:23:00.018  3757  3757 D SamsungAlarmManager: setExact Intent (T:3/F:1/AC:false) 20190117T172359 - CU:1000/CP:3757
01-17 17:23:00.021  4616  4616 D KeyguardUpdateMonitor: received broadcast android.intent.action.TIME_TICK
01-17 17:23:00.023  4616  4616 D KeyguardUpdateMonitor: handleTimeUpdate#start
01-17 17:23:00.024  4616  4616 I KeyguardClockPage: refreshTime(): DefaultSingle2016 hometime:America/New_York locale:en_US hasBG?false, Roaming:false
01-17 17:23:00.040  4616  4616 D KeyguardUpdateMonitor: handleTimeUpdate#end
01-17 17:23:00.040  4616  4616 D SystemUI_Clock: Clock received ACTION_TIME_TICK : start
01-17 17:23:00.047  4616  4616 D SystemUI_Clock: Clock received ACTION_TIME_TICK : end
01-17 17:23:00.071  4616  4616 D TextClock: TextClock received ACTION_TIME_TICK : start
01-17 17:23:00.073  4616  4616 D TextClock: TextClock received ACTION_TIME_TICK : end
01-17 17:23:00.076  4616  4616 D TextClock: TextClock received ACTION_TIME_TICK : start
01-17 17:23:00.078  4616  4616 D TextClock: TextClock received ACTION_TIME_TICK : end
01-17 17:23:00.091  4616  4616 D TextClock: TextClock received ACTION_TIME_TICK : start
01-17 17:23:00.092  4616  4616 D TextClock: TextClock received ACTION_TIME_TICK : end
01-17 17:23:00.095  3757 32083 D AudioService: getStreamVolume 3 index 120
01-17 17:23:00.097  4616  4616 V hong    : mid yDiff = 382
01-17 17:23:00.097  4616  4616 V hong    : mid yDiff = 382
01-17 17:23:00.105  4616  4616 D SystemUI_DateView: DateView received ACTION_TIME_TICK : start
01-17 17:23:00.106  4616  4616 D SystemUI_DateView: DateView received ACTION_TIME_TICK : end
01-17 17:23:00.107  4616  4616 V hong    : mid yDiff = 382
01-17 17:23:00.107  4616  4616 V hong    : mid yDiff = 382
01-17 17:23:00.108  4616  4616 D TextClock: TextClock received ACTION_TIME_TICK : start
01-17 17:23:00.109  4616  4616 D TextClock: TextClock received ACTION_TIME_TICK : end
01-17 17:23:00.115  4616  4616 D TextClock: TextClock received ACTION_TIME_TICK : start
01-17 17:23:00.115  4616  4616 D TextClock: TextClock received ACTION_TIME_TICK : end
01-17 17:23:00.123  6176  6176 D TextClock: TextClock received ACTION_TIME_TICK : start
01-17 17:23:00.126  6176  6176 D TextClock: TextClock received ACTION_TIME_TICK : end
01-17 17:23:00.130  6176  6176 D TextClock: TextClock received ACTION_TIME_TICK : start
01-17 17:23:00.131  6176  6176 D TextClock: TextClock received ACTION_TIME_TICK : end
01-17 17:23:00.136  6176  6176 D TextClock: TextClock received ACTION_TIME_TICK : start
01-17 17:23:00.137  6176  6176 D TextClock: TextClock received ACTION_TIME_TICK : end
01-17 17:23:00.140  6176  6176 D TextClock: TextClock received ACTION_TIME_TICK : start
01-17 17:23:00.145  6176  6176 D TextClock: TextClock received ACTION_TIME_TICK : end
01-17 17:23:00.150  6176  6176 V LauncherAppWidgetHostView: calculateWidgetSize: (target widgetsize)  using w/h 997 260 span 5 1 (widgetid 2) [current Gridsize : GRID_5x5]
01-17 17:23:00.150  6176  6176 D LauncherAppWidgetHostView: calculateWidgetSize() widget = Weather and Clock(widget id = 2) result hostview size = 1297 x 338
01-17 17:23:00.150  6176  6176 D LauncherAppWidgetHostView: setResizeScaleResult() 1297/ 338 scaleToResize = 0.76869696(widget id = 2)
01-17 17:23:00.155  6176  6176 V LauncherAppWidgetHostView: calculateWidgetSize: (target widgetsize)  using w/h 997 260 span 5 1 (widgetid 3) [current Gridsize : GRID_5x5]
01-17 17:23:00.155  6176  6176 D LauncherAppWidgetHostView: calculateWidgetSize() widget = Google(widget id = 3) result hostview size = 1297 x 338
01-17 17:23:00.156  6176  6176 D LauncherAppWidgetHostView: setResizeScaleResult() 1297/ 338 scaleToResize = 0.76869696(widget id = 3)
01-17 17:23:00.167  6176  6176 D TextClock: TextClock received ACTION_TIME_TICK : start
01-17 17:23:00.168  6176  6176 D TextClock: TextClock received ACTION_TIME_TICK : end
01-17 17:23:00.170  6176  6176 D TextClock: TextClock received ACTION_TIME_TICK : start
01-17 17:23:00.170  6176  6176 D TextClock: TextClock received ACTION_TIME_TICK : end
01-17 17:23:00.176  6176  6176 D TextClock: TextClock received ACTION_TIME_TICK : start
01-17 17:23:00.177  6176  6176 D TextClock: TextClock received ACTION_TIME_TICK : end
01-17 17:23:00.179  3757 10496 D AudioService: getStreamVolume 3 index 120
01-17 17:23:00.180  6176  6176 V LauncherAppWidgetHostView: calculateWidgetSize: (target widgetsize)  using w/h 997 260 span 5 1 (widgetid 2) [current Gridsize : GRID_5x5]
01-17 17:23:00.180  6176  6176 D LauncherAppWidgetHostView: calculateWidgetSize() widget = Weather and Clock(widget id = 2) result hostview size = 1297 x 338
01-17 17:23:00.180  6176  6176 D LauncherAppWidgetHostView: setResizeScaleResult() 1297/ 338 scaleToResize = 0.76869696(widget id = 2)
01-17 17:23:00.181  6176  6176 V LauncherAppWidgetHostView: calculateWidgetSize: (target widgetsize)  using w/h 997 260 span 5 1 (widgetid 3) [current Gridsize : GRID_5x5]
01-17 17:23:00.182  6176  6176 D LauncherAppWidgetHostView: calculateWidgetSize() widget = Google(widget id = 3) result hostview size = 1297 x 338
01-17 17:23:00.182  6176  6176 D LauncherAppWidgetHostView: setResizeScaleResult() 1297/ 338 scaleToResize = 0.76869696(widget id = 3)
01-17 17:23:00.182  6176  6176 D TextClock: TextClock received ACTION_TIME_TICK : start
01-17 17:23:00.183  6176  6176 D TextClock: TextClock received ACTION_TIME_TICK : end
01-17 17:23:00.186  6176  6176 D TextClock: TextClock received ACTION_TIME_TICK : start
01-17 17:23:00.187  6176  6176 D TextClock: TextClock received ACTION_TIME_TICK : end
01-17 17:23:00.190  4616  4616 D DateTimeView: DateTimeView received ACTION_TIME_TICK : start
01-17 17:23:00.197  4616  4616 D DateTimeView: DateTimeView received ACTION_TIME_TICK : end
01-17 17:23:00.203  9035  9035 D [WeatherWidget(15061)]  WeatherService: {[B73D43639EB27FAA34EF41A6129C1FA787B8DDA06B4FC8C3DFFF289A8228DE1D07957C4CB0877FB29CB85D37C68D39BF076A5D6720D2DA7CE46EF7EA2858EC07]}
01-17 17:23:00.206  9035  9035 D [WeatherWidget(15061)]  : {[3AE6950019B083611567B0F9442DB03E36B37708FCADB7FDDBA670B1362D994454BFFFDA2568816BBDDA6DD60F644DCF]}
01-17 17:23:00.207  9035  9035 D [WeatherWidget(15061)]  DB L2: {[610591C4E30FED4A153FF198DAC84EFEE3319B0D622FD4A19809E90ED3C1398368D658B139FCCB8B9564F5B4E9CB634E3939A65C96C4D1D84AED1C0819144A7E]}
01-17 17:23:00.208  9035  9035 D [WeatherWidget(15061)]  : {[E9BDC1AC9F9B078A92B3F309630276C89F9B6E52C087A495B97355481F2FDE5B58A757A09967AB7BD9E1187CEA5BB356FACBD4A552A7402C88647F970C513A69]}
01-17 17:23:00.212  9035  9035 D [WeatherWidget(15061)]  DB L2: {[610591C4E30FED4A153FF198DAC84EFE259FA03515F619060291D19B9A2E73CB46DA064369D1073FED4BA9669B425DCAB54E61F7E4E9BE3C9BA0A05EF9058745]}
01-17 17:23:00.214  9035  9035 D [WeatherWidget(15061)]  DB L2: {[610591C4E30FED4A153FF198DAC84EFE1A65FB0EE8B7C5763A9CB231BC13495CB45D83972E6FC08AD51A20216788CFF1AA6647AD980EDC49E713E8BF2AADEB1B]}
01-17 17:23:00.218  9035  9035 D [WeatherWidget(15061)]  : {[3AE6950019B083611567B0F9442DB03EF4A0ECA9EDEEE1C6764DEF6294C10F4F0BAD60A0CC696E8D15537EBE77D0F441F941FE30DFEB6E45A2BAA0295B86238B6B5477898ADD292C8EB7917680951853]}
01-17 17:23:00.221  9035  9035 D [WeatherWidget(15061)]  : {[A1AF0F6A1A65A89C43D705938923D0FE0259CBA56E4484DDAF167EE897E0098D214B31210E90A8E4D761DF2724951166F2287DB34D772530C5896F56ACED75995DBA67D8B41962A6D8426F900A51C7B137D551C085540D9B15A5633410F20000C49FC9004840C863740D1D50E1A523CD]}
01-17 17:23:00.224  9035  9035 D [WeatherWidget(15061)]  : {[4C0512EFA0AB4990F6AA1DF592AD92A7F0B9EF71550DD16C356391DD9598536C]}
01-17 17:23:00.240  3757 31270 D BatteryService: !@BatteryListener : batteryPropertiesChanged!
01-17 17:23:00.240  3757 31270 D BatteryService: level:99, scale:100, status:2, health:2, present:true, voltage: 4280, temperature: 303, technology: Li-ion, AC powered:false, USB powered:true, POGO powered:false, Wireless powered:false, icon:17303694, invalid charger:0, maxChargingCurrent:0, maxChargingVoltage:0, chargeCounter:0
01-17 17:23:00.240  3757 31270 D BatteryService: online:6, current avg:466, charge type:1, power sharing:false, high voltage charger:false, capacity:280000, batterySWSelfDischarging:false, misc_event:0, current_now:424
01-17 17:23:00.241  3757  3757 D BatteryService: Sending ACTION_BATTERY_CHANGED.
01-17 17:23:00.244  3757  3757 V UiModeManager: updateLocked: null action, mDockState=0, category=null
01-17 17:23:00.245  3757  3757 D UiModeManager: updateConfigurationLocked: mDockState=0; mCarMode=false; mNightMode=1; uiMode=17
01-17 17:23:00.246  3757  3757 D GameManagerService: new battery level: 99
01-17 17:23:00.251  4616  4616 D KeyguardUpdateMonitor: received broadcast android.intent.action.BATTERY_CHANGED
01-17 17:23:00.251  4616  4616 D KeyguardUpdateMonitor: handleBatteryUpdate
01-17 17:23:00.254  4616  4616 D PowerUI : priorPlugType = 2 mPlugType =  2
01-17 17:23:00.256  4616  4616 D PowerUI.Notification: showChargingNotice oldChargingType : 1 currentChargingType : 1 oldChargingTime : 451000 mChargingTime : 270000
01-17 17:23:00.257  4616  4616 D PowerUI.Notification: showChargingNotification()
01-17 17:23:00.261  5024  5024 D PhoneApp: PhoneAppBroadcastReceiver onReceive android.intent.action.BATTERY_CHANGED
01-17 17:23:00.261  5024  5024 D TelephonyExtensionManager: lowBatterySound - isLowBatterySoundScheduled: false
01-17 17:23:00.261  5024  5024 D TelephonyExtensionManager: lowBatterySound - isPlayNow: false
01-17 17:23:00.261  5024  5024 D TelephonyExtensionManager: isSpeakerON - true
01-17 17:23:00.269  4561  4561 V HeadsetService: HeadsetService - Received Intent.ACTION_BATTERY_CHANGED
01-17 17:23:00.269  4561 15058 D HeadsetStateMachine: Disconnected process message: 10, size: 0
01-17 17:23:00.275 12625 12625 D UE4     : Battery: status = 2, rawlevel = 99, scale = 100
01-17 17:23:00.275 12625 12625 D UE4     : nativeBatteryEvent(stat = 2, lvl = 99  temp = 30.30 C)
01-17 17:23:00.277  5024  5024 D TelephonyExtensionManager: lowBatterySound - batteryStatus: 2
01-17 17:23:00.277  5024  5024 D TelephonyExtensionManager: lowBatterySound - batteryLevel: 99
01-17 17:23:00.277  5024  5024 D TelephonyExtensionManager: lowBatterySound - cancel
01-17 17:23:00.278  3757  2858 D SamsungAlarmManager: Cancel Alarm calling from uid:1001 pid :5024 / op:PendingIntent{7e509df: PendingIntentRecord{1e8a511 com.android.phone broadcastIntent}}
01-17 17:23:00.279  5024  5024 D TelephonyExtension: Not stopping low battery tone
01-17 17:23:00.279  3757 31269 D ApplicationPolicy: isStatusBarNotificationAllowedAsUser: packageName = com.android.systemui,userId = -1
01-17 17:23:00.282  4616  4616 D BatteryMeterDrawable: isSomethingChanged - false
01-17 17:23:00.282  4616  4616 D BatteryMeterDrawable: isSomethingChanged - false
01-17 17:23:00.286  4616  4616 D Tile.FlashlightTile: ACTION_BATTERY_CHANGED - Level :: 99, emEnabled :: false
01-17 17:23:00.298  3757  7202 D AudioService: getStreamVolume 3 index 120
01-17 17:23:00.338  4616  4616 D KeyguardServiceBoxContainer: updateCMAS() hasCmasNotification = false, mHasCMAS = false
01-17 17:23:00.382  3757  5062 D AudioService: getStreamVolume 3 index 120
01-17 17:23:00.499  3757  5901 D AudioService: getStreamVolume 3 index 120
01-17 17:23:00.584  3757  7204 D AudioService: getStreamVolume 3 index 120
01-17 17:23:00.701  3757  7203 D AudioService: getStreamVolume 3 index 120
01-17 17:23:00.787  3757 29838 D AudioService: getStreamVolume 3 index 120
01-17 17:23:00.900  3757  3770 D AudioService: getStreamVolume 3 index 120
01-17 17:23:00.902  3757 32083 D AudioService: getStreamVolume 3 index 120
01-17 17:23:00.956  5689  5689 D io_stats: !@   8,0 r 4176934 124003704 w 3452579 76097836 d 524212 38114544 f 861247 861047 iot 5487630 3186231 th 61440 61440 43892 pt 10480 inp 0 1 307868.582
01-17 17:23:00.989  3757  4440 D AudioService: getStreamVolume 3 index 120
01-17 17:23:01.105  3757  5063 D AudioService: getStreamVolume 3 index 120
01-17 17:23:01.191  3757  4473 D AudioService: getStreamVolume 3 index 120
01-17 17:23:01.308  3757  7216 D AudioService: getStreamVolume 3 index 120
01-17 17:23:01.394  3757 29839 D AudioService: getStreamVolume 3 index 120
01-17 17:23:01.512  3757 31269 D AudioService: getStreamVolume 3 index 120
01-17 17:23:01.595  3757 29840 D AudioService: getStreamVolume 3 index 120
01-17 17:23:01.714  3757 32084 D AudioService: getStreamVolume 3 index 120
01-17 17:23:01.796  3757  3770 D AudioService: getStreamVolume 3 index 120
01-17 17:23:01.903  3757  5902 D AudioService: getStreamVolume 3 index 120
01-17 17:23:01.918  3757  7206 D AudioService: getStreamVolume 3 index 120
01-17 17:23:01.998  3757  7205 D AudioService: getStreamVolume 3 index 120
01-17 17:23:02.120  3757 29841 D AudioService: getStreamVolume 3 index 120
01-17 17:23:02.201  3757  5062 D AudioService: getStreamVolume 3 index 120
01-17 17:23:02.323  3757  7204 D AudioService: getStreamVolume 3 index 120
01-17 17:23:02.403  3757  4482 D AudioService: getStreamVolume 3 index 120
01-17 17:23:02.526  3757  2858 D AudioService: getStreamVolume 3 index 120
01-17 17:23:02.554  3757  4458 D WifiStateMachine: Current network is: "wilkinson2.4" , ID is: 30
01-17 17:23:02.554  3757  4458 I WifiStateMachine: IMS calling, current network is always qualified
01-17 17:23:02.605  3757 29838 D AudioService: getStreamVolume 3 index 120
01-17 17:23:02.727  3757 32085 D AudioService: getStreamVolume 3 index 120
01-17 17:23:02.807  3757  7202 D AudioService: getStreamVolume 3 index 120
01-17 17:23:02.904  3757  6272 D AudioService: getStreamVolume 3 index 120
01-17 17:23:02.929  3757  5063 D AudioService: getStreamVolume 3 index 120
01-17 17:23:03.009  3757  4473 D AudioService: getStreamVolume 3 index 120
01-17 17:23:03.130  3757  7216 D AudioService: getStreamVolume 3 index 120
01-17 17:23:03.216  3757 29839 D AudioService: getStreamVolume 3 index 120
01-17 17:23:03.285  3757  4354 D SamsungAlarmManager: Expired : 8
01-17 17:23:03.287  3757  4354 I SamsungAlarmManager: setLocked to kernel - T:3 / 20190117T172338, SetElapsed=964465012, nowELAPSED=964429567
01-17 17:23:03.287  3757  4354 V SamsungAlarmManager: Sending to uid : 10059 action=null alarm=Alarm{701562c type 3 when 964429566 com.asurion.android.verizon.vms}
01-17 17:23:03.299  3757  4354 D CompatibilityInfo: mCompatibilityFlags - 0
01-17 17:23:03.300  3757  4354 D CompatibilityInfo: applicationDensity - 420
01-17 17:23:03.300  3757  4354 D CompatibilityInfo: applicationScale - 1.0
01-17 17:23:03.331  3757  2859 D SamsungAlarmManager: setExact Intent (T:3/F:5/AC:false) 20190117T172308 - CU:10059/CP:9342
01-17 17:23:03.333  3757  2859 I SamsungAlarmManager: setLocked to kernel - T:3 / 20190117T172308, SetElapsed=964434597, nowELAPSED=964429614
01-17 17:23:03.333  3757  4469 D AudioService: getStreamVolume 3 index 120
01-17 17:23:03.417  3757 29840 D AudioService: getStreamVolume 3 index 120
01-17 17:23:03.476  9215  9234 I Finsky  : [8880] com.google.android.finsky.bo.an.run(6): Stats for Executor: VerifyAppsDataStore com.google.android.finsky.bo.ao@b116f39[Running, pool size = 0, active threads = 0, queued tasks = 0, completed tasks = 2]
01-17 17:23:03.478  9215  9234 I Finsky  : [8880] com.google.android.finsky.bo.an.run(6): Stats for Executor: Db-verify_apps.db com.google.android.finsky.bo.ao@565e97e[Running, pool size = 0, active threads = 0, queued tasks = 0, completed tasks = 1]
01-17 17:23:03.536  3757 32084 D AudioService: getStreamVolume 3 index 120
01-17 17:23:03.605  9215  9234 I Finsky  : [8880] com.google.android.finsky.bo.an.run(6): Stats for Executor: Db-notification_cache com.google.android.finsky.bo.ao@efcfedf[Running, pool size = 0, active threads = 0, queued tasks = 0, completed tasks = 1]
01-17 17:23:03.613  6668  6733 D ContactsProvider_EventLog: contents_sample_state: [ contacts(369) data(4037) accounts({vnd.sec.contact.phone (1)=12, com.google (7)=693}) accounts deleted({}) calls([logtype:100 cnt:400, logtype:1150 cnt:100]) countryIso(US) userId(0)  ]

01-17 17:23:03.613  6668  6733 D ContactsProvider_EventLog: contents_sample_state: [ agr({[2 ,2 ,7]=1, [2 ,7 ,2 ,7]=1, [7 ,2 ,7]=4, [7 ,7 ,2]=4, [1 ,7]=5, [7]=51, [7 ,2]=231, [1 ,2 ,7]=7, [2 ,7]=65})  ]

01-17 17:23:03.613  6668  6733 D ContactsProvider_EventLog: contents_sample_state: [ actCnt({android.process.acore=1})  ]
01-17 17:23:03.619  3757  3770 D AudioService: getStreamVolume 3 index 120
01-17 17:23:03.620  6668  6733 E ContactsProvider_EventLog: Flush buffer to file cnt : 1 size : 0Kb duration : 5ms lastUpdatedAfter : 60131 ms mFlush_time_threasold : 2000 mCurrentSize : 458
01-17 17:23:03.740  3757 32083 D AudioService: getStreamVolume 3 index 120
01-17 17:23:03.824  3757  6272 D AudioService: getStreamVolume 3 index 120
01-17 17:23:03.907  3757  7205 D AudioService: getStreamVolume 3 index 120
01-17 17:23:03.942  3757 29841 D AudioService: getStreamVolume 3 index 120
01-17 17:23:04.027  3757  5062 D AudioService: getStreamVolume 3 index 120
01-17 17:23:04.144  3757  2859 D AudioService: getStreamVolume 3 index 120
01-17 17:23:04.231  3757 31269 D AudioService: getStreamVolume 3 index 120
01-17 17:23:04.332  9215  9234 I Finsky  : [8880] com.google.android.finsky.bo.an.run(6): Stats for Executor: Db-scheduler com.google.android.finsky.bo.ao@210c5f5[Running, pool size = 0, active threads = 0, queued tasks = 0, completed tasks = 3]
01-17 17:23:04.347  3757 29838 D AudioService: getStreamVolume 3 index 120
01-17 17:23:04.374  9215  9234 I Finsky  : [8880] com.google.android.finsky.bo.an.run(6): Stats for Executor: InstallQueueDatabaseManager com.google.android.finsky.bo.ao@df31f8a[Running, pool size = 0, active threads = 0, queued tasks = 0, completed tasks = 1]
01-17 17:23:04.435  3757  7202 D AudioService: getStreamVolume 3 index 120
01-17 17:23:04.549  3757 29842 D AudioService: getStreamVolume 3 index 120
01-17 17:23:04.636  3757  7201 D AudioService: getStreamVolume 3 index 120
01-17 17:23:04.751  3757  7206 D AudioService: getStreamVolume 3 index 120
01-17 17:23:04.841  3757  4473 D AudioService: getStreamVolume 3 index 120
01-17 17:23:04.909  3757  7216 D AudioService: getStreamVolume 3 index 120
01-17 17:23:04.953  3757  5901 D AudioService: getStreamVolume 3 index 120
01-17 17:23:05.045  3757  4482 D AudioService: getStreamVolume 3 index 120
01-17 17:23:05.156  3757  7203 D AudioService: getStreamVolume 3 index 120
01-17 17:23:05.248  3757 29838 D AudioService: getStreamVolume 3 index 120
01-17 17:23:05.358  3757  7202 D AudioService: getStreamVolume 3 index 120
01-17 17:23:05.451  3757 29842 D AudioService: getStreamVolume 3 index 120
01-17 17:23:05.562  3757  7201 D AudioService: getStreamVolume 3 index 120
01-17 17:23:05.572  3757  4458 D WifiStateMachine: Current network is: "wilkinson2.4" , ID is: 30
01-17 17:23:05.573  3757  4458 I WifiStateMachine: IMS calling, current network is always qualified
01-17 17:23:05.654  3757  5902 D AudioService: getStreamVolume 3 index 120
01-17 17:23:05.765  3757 10496 D AudioService: getStreamVolume 3 index 120
01-17 17:23:05.856  3757  7205 D AudioService: getStreamVolume 3 index 120
01-17 17:23:05.913  3757 29841 D AudioService: getStreamVolume 3 index 120
01-17 17:23:05.958  5689  5689 D io_stats: !@   8,0 r 4176934 124003704 w 3452604 76098040 d 524213 38114548 f 861274 861074 iot 5487720 3186238 th 61440 61440 43892 pt 10480 inp 0 0 307873.584
01-17 17:23:05.967  3757  5901 D AudioService: getStreamVolume 3 index 120
01-17 17:23:06.060  3757  4482 D AudioService: getStreamVolume 3 index 120
01-17 17:23:06.171  3757 31269 D AudioService: getStreamVolume 3 index 120
01-17 17:23:06.261  3757 29840 D AudioService: getStreamVolume 3 index 120
01-17 17:23:06.374  3757 32084 D AudioService: getStreamVolume 3 index 120
01-17 17:23:06.463  3757  3770 D AudioService: getStreamVolume 3 index 120
01-17 17:23:06.576  3757  4440 D AudioService: getStreamVolume 3 index 120
01-17 17:23:06.667  3757  5063 D AudioService: getStreamVolume 3 index 120
01-17 17:23:06.781  3757  7205 D AudioService: getStreamVolume 3 index 120
01-17 17:23:06.869  3757 31270 D AudioService: getStreamVolume 3 index 120
01-17 17:23:06.916  3757 29839 D AudioService: getStreamVolume 3 index 120
01-17 17:23:06.983  3757  4482 D AudioService: getStreamVolume 3 index 120
01-17 17:23:07.071  3757  7203 D AudioService: getStreamVolume 3 index 120
01-17 17:23:07.186  3757 10512 D AudioService: getStreamVolume 3 index 120
01-17 17:23:07.218 12625 12646 D UE4     : Used memory: 219260
01-17 17:23:07.267  4616  4823 D NetworkController.MobileSignalController(0/1): onSignalStrengthsChanged signalStrength=SignalStrength: 99 99 -120 -160 -120 -1 -1 18 -106 -12 16 2147483647 2147483647 0x3000 gsm|lte level=3
01-17 17:23:07.267  4616  4823 D NetworkController.MobileSignalController(0/1): getMobileIconGroup(): 13
01-17 17:23:07.267  4616  4823 D NetworkController.MobileSignalController(0/1): updateVZWMobileIconGroup(): 13
01-17 17:23:07.272  5035  5670 D EPDG -- [SMARTWIFI]: onSignalStrengthsChanged: Received signal strength change, phone type is: 2
01-17 17:23:07.272  5035  6446 D EPDG -- [SMARTWIFI]: lastLteRSRP is -105currentLteRSRP is -106
01-17 17:23:07.272  5035  6446 D EPDG -- [SMARTWIFI]: lastLteRSRQ is -12currentLteRSRQ is -12
01-17 17:23:07.272  5035  6446 D EPDG -- [SMARTWIFI]: lastCdmaDb is -16currentCdmaDb is -16
01-17 17:23:07.273  5035  6446 V EPDG -- [SMARTWIFI]: Radio oldest entry removed
01-17 17:23:07.273  5035  6446 V EPDG -- [SMARTWIFI]: New entry : (SignalStrength: 99 99 -120 -160 -120 -1 -1 18 -106 -12 16 2147483647 2147483647 0x3000 gsm|lte : 0 )
01-17 17:23:07.273  5035  6446 V EPDG -- [SMARTWIFI]: Radio entry added
01-17 17:23:07.273  4616  4823 D NetworkController.MobileSignalController(0/1): callState:0, callStateByPhone:false voLTECall:false voiceNetTpe:13 dataNetType:13, ine911:false, emergencyCallbackMode:false
01-17 17:23:07.276  3757 32083 D AudioService: getStreamVolume 3 index 120
01-17 17:23:07.387  3757  7206 D AudioService: getStreamVolume 3 index 120
01-17 17:23:07.479  3757 10496 D AudioService: getStreamVolume 3 index 120
01-17 17:23:07.590  3757 31270 D AudioService: getStreamVolume 3 index 120
01-17 17:23:07.681  3757  7216 D AudioService: getStreamVolume 3 index 120
01-17 17:23:07.793  3757  3771 D AudioService: getStreamVolume 3 index 120
01-17 17:23:07.883  3757  2859 D AudioService: getStreamVolume 3 index 120
01-17 17:23:07.917  3757  4482 D AudioService: getStreamVolume 3 index 120
01-17 17:23:07.994  3757 32085 D AudioService: getStreamVolume 3 index 120
01-17 17:23:08.085  3757 31269 D AudioService: getStreamVolume 3 index 120
01-17 17:23:08.198  3757 32083 D AudioService: getStreamVolume 3 index 120
01-17 17:23:08.256  3757  9599 D SSRM:t  : SIOP:: AP = 410, PST = 358 (W:10), CP = 268, CUR = 535, LCD = 110
01-17 17:23:08.258  3757  9599 D ConnectivityService: filterNetworkStateForUid() uid: 1000 networkInfo: [type: WIFI[] - WIFI, state: CONNECTED/CONNECTED, reason: (unspecified), extra: "wilkinson2.4", failover: false, available: true, roaming: false, metered: false]
01-17 17:23:08.289  3757  4440 D AudioService: getStreamVolume 3 index 120
01-17 17:23:08.316  3757  4354 D SamsungAlarmManager: Expired : 8
01-17 17:23:08.317  3757  4354 I SamsungAlarmManager: setLocked to kernel - T:3 / 20190117T172338, SetElapsed=964465012, nowELAPSED=964434598
01-17 17:23:08.318  3757  4354 V SamsungAlarmManager: Sending to uid : 10059 action=null alarm=Alarm{116e68a type 3 when 964434597 com.asurion.android.verizon.vms}
01-17 17:23:08.323  3757  4354 D CompatibilityInfo: mCompatibilityFlags - 0
01-17 17:23:08.323  3757  4354 D CompatibilityInfo: applicationDensity - 420
01-17 17:23:08.323  3757  4354 D CompatibilityInfo: applicationScale - 1.0
01-17 17:23:08.341  3757  5063 D SamsungAlarmManager: setExact Intent (T:3/F:5/AC:false) 20190117T172313 - CU:10059/CP:9342
01-17 17:23:08.342  3757  5063 I SamsungAlarmManager: setLocked to kernel - T:3 / 20190117T172313, SetElapsed=964439614, nowELAPSED=964434623
01-17 17:23:08.402  3757 29841 D AudioService: getStreamVolume 3 index 120
01-17 17:23:08.489  3757 29839 D AudioService: getStreamVolume 3 index 120
