--------- beginning of system
12-30 13:53:52.345  3759  4508 D BatteryService: !@BatteryListener : batteryPropertiesChanged!
12-30 13:53:52.345  3759  4508 D BatteryService: level:39, scale:100, status:2, health:2, present:true, voltage: 3951, temperature: 317, technology: Li-ion, AC powered:false, USB powered:true, POGO powered:false, Wireless powered:false, icon:17303694, invalid charger:0, maxChargingCurrent:0, maxChargingVoltage:0, chargeCounter:0
12-30 13:53:52.345  3759  4508 D BatteryService: online:6, current avg:753, charge type:1, power sharing:false, high voltage charger:false, capacity:280000, batterySWSelfDischarging:false, misc_event:0, current_now:757
12-30 13:53:52.346  3759  3759 D BatteryService: Sending ACTION_BATTERY_CHANGED.
12-30 13:53:52.349  3759  3759 V UiModeManager: updateLocked: null action, mDockState=0, category=null
12-30 13:53:52.349  3759  3759 D UiModeManager: updateConfigurationLocked: mDockState=0; mCarMode=false; mNightMode=1; uiMode=17
12-30 13:53:52.351  3759  3759 D GameManagerService: new battery level: 39
--------- beginning of main
12-30 13:53:52.353  4634  4634 D KeyguardUpdateMonitor: received broadcast android.intent.action.BATTERY_CHANGED
12-30 13:53:52.353  4634  4634 D KeyguardUpdateMonitor: handleBatteryUpdate
12-30 13:53:52.355  4634  4634 D PowerUI : priorPlugType = 2 mPlugType =  2
12-30 13:53:52.356  4634  4634 D PowerUI.Notification: showChargingNotice oldChargingType : 1 currentChargingType : 1 oldChargingTime : 6619000 mChargingTime : 6608000
12-30 13:53:52.356  4634  4634 D PowerUI.Notification: showChargingNotification()
12-30 13:53:52.359  5029  5029 D PhoneApp: PhoneAppBroadcastReceiver onReceive android.intent.action.BATTERY_CHANGED
12-30 13:53:52.359  5029  5029 D TelephonyExtensionManager: lowBatterySound - isLowBatterySoundScheduled: false
12-30 13:53:52.359  5029  5029 D TelephonyExtensionManager: lowBatterySound - isPlayNow: false
12-30 13:53:52.360  5029  5029 D TelephonyExtensionManager: isSpeakerON - false
12-30 13:53:52.367  3759 10291 D ApplicationPolicy: isStatusBarNotificationAllowedAsUser: packageName = com.android.systemui,userId = -1
12-30 13:53:52.369  4634  4634 D BatteryMeterDrawable: isSomethingChanged - false
12-30 13:53:52.370  5029  5029 D TelephonyExtensionManager: lowBatterySound - batteryStatus: 2
12-30 13:53:52.370  4634  4634 D BatteryMeterDrawable: isSomethingChanged - false
12-30 13:53:52.370  5029  5029 D TelephonyExtensionManager: lowBatterySound - batteryLevel: 39
12-30 13:53:52.370  5029  5029 D TelephonyExtensionManager: lowBatterySound - cancel
12-30 13:53:52.371  3759 10295 D SamsungAlarmManager: Cancel Alarm calling from uid:1001 pid :5029 / op:PendingIntent{c7e8bc7: PendingIntentRecord{3268d2c com.android.phone broadcastIntent}}
12-30 13:53:52.371  5029  5029 D TelephonyExtension: Not stopping low battery tone
12-30 13:53:52.373  4634  4634 D Tile.FlashlightTile: ACTION_BATTERY_CHANGED - Level :: 39, emEnabled :: false
12-30 13:53:52.414  4634  4634 D KeyguardServiceBoxContainer: updateCMAS() hasCmasNotification = false, mHasCMAS = false
12-30 13:53:52.525  5693  5693 D io_stats: !@   8,0 r 986816 28892100 w 836817 15775256 d 141586 8850508 f 179913 179879 iot 1245970 812136 th 61440 61440 51480 pt 1340 inp 0 0 73187.190
12-30 13:53:52.874  8639  8639 D SecurityManagerNative: SecurityManagerNative v2.7.2.5 On 64bit PLATFORM With BORINGSSL
12-30 13:53:52.881  8639  8639 E appproc : Enhanced Zygote ASLR: ro.knox.enhance.zygote.aslr != 1. Enhanced Zygote ASLR is DISABLED!
12-30 13:53:52.881  8639  8639 D AndroidRuntime: >>>>>> START com.android.internal.os.RuntimeInit uid 2000 <<<<<<
12-30 13:53:52.885  8639  8639 D AndroidRuntime: CheckJNI is OFF
12-30 13:53:52.888  8639  8639 D AndroidRuntime: addProductProperty: start
12-30 13:53:52.968  8639  8639 I [saiv 1.1]: saiv_OnLoadJNI.cpp(38): _init: Version 1.1 Build # 3532
12-30 13:53:52.968  8639  8639 I [saiv 1.1]: saiv_OnLoadJNI.cpp(43): _init: _init() was called
12-30 13:53:52.991  3759  4971 E Watchdog: !@Sync 2438 [30_Dec_13_53_52.991]
12-30 13:53:53.003  8639  8639 I MLDAP   : ================================================
12-30 13:53:53.003  8639  8639 I MLDAP   :  MLDAP_LIB v1.1.16
12-30 13:53:53.003  8639  8639 I MLDAP   : ================================================
12-30 13:53:53.079  8639  8639 I TMSDISP : AcsAndroidVirtualDisplayIntfImpl
12-30 13:53:53.123  8639  8639 D ICU     : No timezone override file found: /data/misc/zoneinfo/current/icu/icu_tzdata.dat
12-30 13:53:53.154  8639  8639 I Radio-JNI: register_android_hardware_Radio DONE
12-30 13:53:53.165  8639  8639 D ReflectionHelper: loadKlass() : caller=android.app.Activity.<clinit>:7555 <bottom of call stack> 
12-30 13:53:53.165  8639  8639 D ReflectionHelper: Reflecting method.....  class <onScreenChanged>
12-30 13:53:53.167  8639  8639 E SemAffinityControl: SemAffinityControl: registerfunction enter
12-30 13:53:53.183  8639  8639 D AndroidRuntime: Calling main entry com.android.commands.am.Am
12-30 13:53:53.208  3759  7293 I ActivityManager: START u0 {act=null typ=null flg=0x10000000 cmp=ComponentInfo{com.GeekTechnique.InfinityStack/com.epicgames.ue4.SplashActivity}} from uid 2000 on display 0
12-30 13:53:53.226  3759  7293 D ActivityManager: ActivityRecord() Constructor : multiScreenAttrs=MultiScreenAttrs{mDisplayId=0, mBaseDisplayId=0, mBaseActivity=false}
12-30 13:53:53.233  3759  7293 D CustomFrequencyManagerService: acquireDVFSLockLocked : type : DVFS_MIN_LIMIT  frequency : 2100000  uid : 1000  pid : 3759  pkgName : AMS_APP_SWITCH@CPU_MIN@41
12-30 13:53:53.236  3759  9132 D TelephonyManager: getAllCellInfo : Caller (PID / UID / TID): 3759 / 1000 / 9132
12-30 13:53:53.236  3759  7293 D ActivityManagerPerformance: AMP_acquire() APP_SWITCH
12-30 13:53:53.237  3759  7293 D ActivityManager: computeStackFocus: stackId=1
12-30 13:53:53.237  3759  7293 D ActivityManager: computeStackFocus: New stack r=ActivityRecord{36255f4d0 u0 com.GeekTechnique.InfinityStack/com.epicgames.ue4.SplashActivity t-1} stackId=1
12-30 13:53:53.238  3759  7293 D ActivityTrigger: Activity is Triggerred in full screen 
12-30 13:53:53.239  3759  7293 D CompatibilityInfo: mCompatibilityFlags - 0
12-30 13:53:53.239  3759  7293 D CompatibilityInfo: applicationDensity - 420
12-30 13:53:53.239  3759  7293 D CompatibilityInfo: applicationScale - 1.0
12-30 13:53:53.240  3759  7293 D ActivityManager: moveToFront() : reason=startedActivity setFocusedActivity isAttached=true TaskRecord{448dd60d0 #2446 A=com.GeekTechnique.InfinityStack U=0 StackId=1 sz=1}
12-30 13:53:53.240  3759  7293 D ActivityManager: setFocusStackUnchecked: reason=startedActivity setFocusedActivity focusCandidate=ActivityStack{ef4282dd0 stackId=1, 2 tasks} caller=com.android.server.am.ActivityStack.moveToFront:874 com.android.server.am.ActivityStackSupervisor.moveActivityStackToFront:2005 
12-30 13:53:53.242  3759  7293 D InputDispatcher: Focused application set to: xxxx
12-30 13:53:53.243  3759  7293 D InputDispatcher: Focus left window: 6110
12-30 13:53:53.244  3759  7293 D ActivityManager: resumeTopActivityInnerLocked() : #1 prevTask=TaskRecord{448dd60d0 #2446 A=com.GeekTechnique.InfinityStack U=0 StackId=1 sz=1} next=ActivityRecord{36255f4d0 u0 com.GeekTechnique.InfinityStack/com.epicgames.ue4.SplashActivity t2446} mFocusedStack=ActivityStack{ef4282dd0 stackId=1, 2 tasks}
12-30 13:53:53.244  3759  7293 D ActivityTrigger: ActivityTrigger activityPauseTrigger 
12-30 13:53:53.245  3759  7293 D GameManagerService: sem_perfomance_mode: 0
12-30 13:53:53.248  6110  6110 D Launcher: onPause, Launcher: 42940074
12-30 13:53:53.248  6110  6110 D Launcher.HomeView: onPause
12-30 13:53:53.248  6110  6110 D Launcher.Workspace: exitWidgetResizeMode. isClearResizeFrame is false
12-30 13:53:53.250  8639  8639 D AndroidRuntime: Shutting down VM
12-30 13:53:53.250  3759  4447 D ActivityManager: clearAppIconInfo()
12-30 13:53:53.251  3759  4447 D ActivityManager: resumeTopActivityInnerLocked() : #1 prevTask=TaskRecord{fd2402ed0 #2315 A=com.sec.android.app.launcher U=0 StackId=0 sz=1} next=ActivityRecord{36255f4d0 u0 com.GeekTechnique.InfinityStack/com.epicgames.ue4.SplashActivity t2446} mFocusedStack=ActivityStack{ef4282dd0 stackId=1, 2 tasks}
12-30 13:53:53.251  3759  4447 D ActivityManager: applyOptionsLocked(), pendingOptions : null
12-30 13:53:53.252  3759  4447 D MountService: getExternalStorageMountMode : 3
12-30 13:53:53.252  3759  4447 D MountService: getExternalStorageMountMode : 3
12-30 13:53:53.252  3759  4447 D MountService: getExternalStorageMountMode : final mountMode=3, uid : 10343, packageName : com.GeekTechnique.InfinityStack
12-30 13:53:53.264  3759  3794 D WindowManager: addWindow: android.view.ViewRootImpl$W@eba0eea displayId=0
12-30 13:53:53.265  3759  3794 D InputTransport: Input channel constructed: fd=421
12-30 13:53:53.265  3759  3794 D InputTransport: Input channel constructed: fd=475
12-30 13:53:53.265  3759  3794 D WindowManager: openInputChannel mInputChannel: 8bfd5db Starting com.GeekTechnique.InfinityStack (server)
12-30 13:53:53.266  3759  3794 D ViewRootImpl@aaa56d5[InfinityStack]: setView = DecorView@f38f878[InfinityStack] touchMode=true
12-30 13:53:53.267  8652  8652 E Zygote  : v2
12-30 13:53:53.268  3759  4447 I ActivityManager: Start proc 8652:com.GeekTechnique.InfinityStack/u0a343 for activity com.GeekTechnique.InfinityStack/com.epicgames.ue4.SplashActivity
12-30 13:53:53.273  8652  8652 I libpersona: KNOX_SDCARD checking this for 10343
12-30 13:53:53.273  8652  8652 I libpersona: KNOX_SDCARD not a persona
12-30 13:53:53.273  3759  3777 I ActivityManager: Killing 2343:com.samsung.android.oneconnect/u0a284 (adj 906): DHA:empty #31
12-30 13:53:53.274  3759  3794 D ViewRootImpl@aaa56d5[InfinityStack]: dispatchAttachedToWindow
12-30 13:53:53.274  8652  8652 E Zygote  : accessInfo : 0
12-30 13:53:53.274  3759  3794 V WindowManager: Relayout Window{8bfd5dbd0 u0 Starting com.GeekTechnique.InfinityStack}: viewVisibility=0 req=1079x1856 WM.LayoutParams{(0,0)(fillxfill) sim=#20 ty=3 fl=#1830518 pfl=0x11 wanim=0x1030001 needsMenuKey=2 naviIconColor=0}
12-30 13:53:53.275  8652  8652 W SELinux : SELinux selinux_android_compute_policy_index : Policy Index[2],  Con:u:r:zygote:s0 RAM:SEPF_SECMOBILE_7.0_0009, [-1 -1 -1 -1 0 1]
12-30 13:53:53.275  6110  6110 D ViewRootImpl@97a5374[LauncherActivity]: MSG_WINDOW_FOCUS_CHANGED 0
12-30 13:53:53.276  3216  3216 I SurfaceFlinger: id=3337 createSurf (1x1),1 flag=404, JnfinitySta
12-30 13:53:53.276  8652  8652 I SELinux : SELinux: seapp_context_lookup: seinfo=untrusted, level=s0:c512,c768, pkgname=com.GeekTechnique.InfinityStack 
12-30 13:53:53.277  6110  6110 D SEM_CLIP_SemClipboardManager: isCocktailBarDisplayed : false
12-30 13:53:53.281  8652  8652 I art     : Late-enabling -Xcheck:jni
12-30 13:53:53.282  8639  8639 I TMSDISP : AcsAndroidVirtualDisplayIntfImpl::~AcsAndroidVirtualDisplayIntfImpl - Enter
12-30 13:53:53.282  8639  8639 I TMSDISP : AcsAndroidVirtualDisplayIntfImpl::~AcsAndroidVirtualDisplayIntfImpl - Enter2
12-30 13:53:53.282  8639  8639 I TMSDISP : AcsAndroidVirtualDisplayIntfImpl::~AcsAndroidVirtualDisplayIntfImpl - mSource2
12-30 13:53:53.282  8639  8639 I TMSDISP : AcsAndroidVirtualDisplayIntfImpl::~AcsAndroidVirtualDisplayIntfImpl - Exit
12-30 13:53:53.291  3759  3794 D ViewRootImpl@aaa56d5[InfinityStack]: Relayout returned: oldFrame=[0,0][0,0] newFrame=[0,0][1080,1920] result=0x27 surface={isValid=true 503541673472} surfaceGenerationChanged=true
12-30 13:53:53.296  3759 16760 D ActivityManager: cleanUpApplicationRecord -- 2343
12-30 13:53:53.298  5974 11057 D ForegroundUtils: could not check pending caller
12-30 13:53:53.306  3759  7794 D ConnectivityService: filterNetworkStateForUid() uid: 10029 networkInfo: [type: WIFI[] - WIFI, state: CONNECTED/CONNECTED, reason: (unspecified), extra: "wilkinson2.4", failover: false, available: true, roaming: false, metered: false]
12-30 13:53:53.307  3759  4508 D ConnectivityService: filterNetworkStateForUid() uid: 10029 networkInfo: [type: WIFI[] - WIFI, state: CONNECTED/CONNECTED, reason: (unspecified), extra: "wilkinson2.4", failover: false, available: true, roaming: false, metered: false]
12-30 13:53:53.314  3759  3794 D WindowManager: finishDrawingWindow: Window{8bfd5dbd0 u0 Starting com.GeekTechnique.InfinityStack} mDrawState=DRAW_PENDING
12-30 13:53:53.314  3759  3794 D ViewRootImpl@aaa56d5[InfinityStack]: MSG_RESIZED_REPORT: ci=Rect(0, 0 - 0, 0) vi=Rect(0, 63 - 0, 0) or=1
12-30 13:53:53.315  8652  8652 D TimaKeyStoreProvider: TimaKeyStore is not enabled: cannot add TimaSignature Service and generateKeyPair Service
12-30 13:53:53.316  3759  3794 D WindowManager: finishDrawingWindow: Window{8bfd5dbd0 u0 Starting com.GeekTechnique.InfinityStack} mDrawState=COMMIT_DRAW_PENDING
12-30 13:53:53.318  3759  4474 D CompatibilityInfo: mCompatibilityFlags - 0
12-30 13:53:53.318  3759  4474 D CompatibilityInfo: applicationDensity - 420
12-30 13:53:53.318  3759  4474 D CompatibilityInfo: applicationScale - 1.0
12-30 13:53:53.318  3759  4474 I ActivityManager: DSS on for com.GeekTechnique.InfinityStack and scale is 1.0
12-30 13:53:53.320  3759  4474 D CompatibilityInfo: mCompatibilityFlags - 0
12-30 13:53:53.320  3759  4474 D CompatibilityInfo: applicationDensity - 420
12-30 13:53:53.321  3759  4474 D CompatibilityInfo: applicationScale - 1.0
12-30 13:53:53.324  2862  7943 I PBSessionCacheImpl: Deleted sessionId[12588755238223196] from persistence.
12-30 13:53:53.328  3759  4474 D CompatibilityInfo: mCompatibilityFlags - 0
12-30 13:53:53.328  3759  4474 D CompatibilityInfo: applicationDensity - 420
12-30 13:53:53.328  3759  4474 D CompatibilityInfo: applicationScale - 1.0
12-30 13:53:53.329  3759  4474 D GameManagerService: sem_perfomance_mode: 0
12-30 13:53:53.329  3759  3759 D GameManagerService: NotifyRunnable. pkg: com.GeekTechnique.InfinityStack, type: 4, isMinimized: false, isTunableApp: false
12-30 13:53:53.329  3759  3759 D GameManagerService: unexpected mPrevNotiType: -1
12-30 13:53:53.338  2862  2880 W SearchServiceCore: Abort, client detached.
12-30 13:53:53.346  6110  6110 D ViewRootImpl@97a5374[LauncherActivity]: mHardwareRenderer.destroy()#1
12-30 13:53:53.346  4634  4651 D WallpaperService: resized:[frame]Rect(0, 0 - 1080, 1920) [newConfig] is null
12-30 13:53:53.346  4634  4634 D WallpaperService: MSG_WINDOW_RESIZED
12-30 13:53:53.347  4634  4634 D WallpaperService: updateSurface forceRelayout=true redrawNeeded=false myWidth=1080 myHeight=1920 fixedSize=true mWidth=1080 mHeight=1920
12-30 13:53:53.347  4634  4634 V WallpaperService: Changes: creating=false format=false size=false
12-30 13:53:53.347  5974  6004 D ForegroundUtils: could not check pending caller
12-30 13:53:53.349  3759  6076 V WindowManager: Relayout Window{7e7520fd0 u0 com.sec.android.app.launcher/com.sec.android.app.launcher.activities.LauncherActivity}: viewVisibility=8 req=1080x1920 WM.LayoutParams{(0,0)(fillxfill) sim=#130 ty=1 fl=#81910d00 pfl=0x20000 fmt=-2 wanim=0x103038a vsysui=0x600 needsMenuKey=2 dimDuration=0 naviIconColor=0}
12-30 13:53:53.351  3759  3778 D WindowManager: set systemUiVisibility of statusbar : vis= 0x0
12-30 13:53:53.355  3759  6065 V WindowManager: Relayout Window{2d48a66d0 u0 com.android.systemui.ImageWallpaper}: viewVisibility=0 req=1080x1920 WM.LayoutParams{(0,0)(1080x1920) gr=#800033 ty=2013 fl=#318 fmt=2 wanim=0x10302f2 naviIconColor=0}
12-30 13:53:53.355  6110  6110 D ViewRootImpl@97a5374[LauncherActivity]: Relayout returned: oldFrame=[0,0][1080,1920] newFrame=[0,0][1080,1920] result=0x5 surface={isValid=false 0} surfaceGenerationChanged=true
12-30 13:53:53.359  4634  4634 V WallpaperService: New surface=Surface(name=null)/@0xaa8c9f8, frame=Rect(0, 0 - 1080, 1920),relayoutResult=1, mConfiguration={0 1.0 themeSeq = 0 showBtnBg = -1 ?mcc?mnc ?localeList ?layoutDir ?swdp ?wdp ?hdp ?density ?lsize ?long ?orien ?uimode ?night ?touch ?keyb/?/? ?nav/? mkbd/?}
12-30 13:53:53.359  4634  4634 V WallpaperService: Wallpaper size has changed : 1080, 1920
12-30 13:53:53.359  4634  4634 D ImageWallpaper: onOffsetsChanged: xOffset=0.0, yOffset=0.0, xOffsetStep=0.0, yOffsetStep=0.0, xPixels=0, yPixels=0
12-30 13:53:53.360  3759  3794 D ViewRootImpl@aaa56d5[InfinityStack]: MSG_RESIZED: ci=Rect(0, 0 - 0, 0) vi=Rect(0, 0 - 0, 0) or=1
12-30 13:53:53.360  4634  4634 D ImageWallpaper: drawFrame=false rotation=0 mLastRotation=0
12-30 13:53:53.360  4634  4634 D ImageWallpaper: drawFrame:[frame.width()]1080[frame.height()]1920
12-30 13:53:53.361  4634  4634 D ImageWallpaper: surfaceDimensionsChanged=false mLastSurfaceRotation=0 mDisplayWidth=-1 mDisplayHeight=-1
12-30 13:53:53.361  4634  4634 D ImageWallpaper: mNewKeyboard : 0 mLastKeyboard : 0 mForceDraw = false
12-30 13:53:53.361  4634  4634 D ImageWallpaper: redrawNeeded = false, mOffsetsChanged = false
12-30 13:53:53.361  4634  4634 D ImageWallpaper: Suppressed drawFrame since redraw is not needed and offsets have not changed.
12-30 13:53:53.361  4634  4634 D BarTransitions.PhoneStatusBarView: MODE_TRANSPARENT -> MODE_OPAQUE animate=false
12-30 13:53:53.362  3759  7293 D WindowManager: adjustSystemUiVisibilityLw : vis= 0x0
12-30 13:53:53.374  4634  4634 D SwipeDoorsillDetector: reset()com.android.systemui.statusbar.phone.NotificationPanelView.resetViews:864 com.android.systemui.statusbar.phone.PanelBar.collapsePanel:173 com.android.systemui.statusbar.phone.PhoneStatusBar.setWindowState:4340 com.android.systemui.statusbar.CommandQueue$H.handleMessage:678 
12-30 13:53:53.374  3759  9132 D GamePkgDataHelper: getGamePkgData(). com.GeekTechnique.InfinityStack
12-30 13:53:53.377  3759  9132 D GameManagerService: identifyGamePackage. com.GeekTechnique.InfinityStack
12-30 13:53:53.377  3759  9132 D GameManagerService: identifyGamePackage. com.GeekTechnique.InfinityStack
12-30 13:53:53.379  3759  9132 D GameManagerService: identifyGamePackage. com.GeekTechnique.InfinityStack
12-30 13:53:53.379  3759  9132 D GameManagerService: identifyGamePackage. com.GeekTechnique.InfinityStack
12-30 13:53:53.401  3759  4508 I ActivityManager: START u0 {act=null typ=null flg=0x10000 cmp=ComponentInfo{com.GeekTechnique.InfinityStack/com.epicgames.ue4.GameActivity}} from uid 10343 on display 0
12-30 13:53:53.403  3759  4508 D ActivityManager: ActivityRecord() Constructor : multiScreenAttrs=MultiScreenAttrs{mDisplayId=0, mBaseDisplayId=0, mBaseActivity=false}
12-30 13:53:53.403  3759  4508 D ActivityManager: moveToFront() : reason=intentActivityFound isAttached=true null
12-30 13:53:53.404  3759  4508 D ActivityManager: moveToFront() : reason=sourceStackToFront isAttached=true null
12-30 13:53:53.405  3759  4508 D ActivityTrigger: Activity is Triggerred in full screen 
12-30 13:53:53.405  3759  4508 D CompatibilityInfo: mCompatibilityFlags - 0
12-30 13:53:53.405  3759  4508 D CompatibilityInfo: applicationDensity - 420
12-30 13:53:53.405  3759  4508 D CompatibilityInfo: applicationScale - 1.0
12-30 13:53:53.406  3759  4508 D ActivityManager: moveToFront() : reason=startedActivity setFocusedActivity isAttached=true TaskRecord{448dd60d0 #2446 A=com.GeekTechnique.InfinityStack U=0 StackId=1 sz=2}
12-30 13:53:53.406  3759  4508 D InputDispatcher: Focused application set to: xxxx
12-30 13:53:53.407  3759  4508 D ActivityManager: resumeTopActivityInnerLocked() : #1 prevTask=TaskRecord{448dd60d0 #2446 A=com.GeekTechnique.InfinityStack U=0 StackId=1 sz=2} next=ActivityRecord{f978b8dd0 u0 com.GeekTechnique.InfinityStack/com.epicgames.ue4.GameActivity t2446} mFocusedStack=ActivityStack{ef4282dd0 stackId=1, 2 tasks}
12-30 13:53:53.407  3759  4508 D ActivityTrigger: ActivityTrigger activityPauseTrigger 
12-30 13:53:53.407  3759  4508 D GameManagerService: sem_perfomance_mode: 0
12-30 13:53:53.410  3759  3778 D WindowManager: set systemUiVisibility of statusbar : vis= 0x0
12-30 13:53:53.411  3759  5836 W MultiScreenManagerService: moveTaskBackToDisplayIfNeeded(): The task has more than one activity
12-30 13:53:53.441  3759  6084 D ActivityManager: setAppIconInfo(), x : 0, y : 0, width : 0, height : 0, isHomeItem : false
12-30 13:53:53.442  3759  6084 D ActivityManager: resumeTopActivityInnerLocked() : #1 prevTask=TaskRecord{448dd60d0 #2446 A=com.GeekTechnique.InfinityStack U=0 StackId=1 sz=2} next=ActivityRecord{f978b8dd0 u0 com.GeekTechnique.InfinityStack/com.epicgames.ue4.GameActivity t2446} mFocusedStack=ActivityStack{ef4282dd0 stackId=1, 2 tasks}
12-30 13:53:53.442  3759  6084 D ActivityManager: applyOptionsLocked(), pendingOptions : null
12-30 13:53:53.446  3759  6084 D CompatibilityInfo: mCompatibilityFlags - 0
12-30 13:53:53.446  3759  6084 D CompatibilityInfo: applicationDensity - 420
12-30 13:53:53.446  3759  6084 D CompatibilityInfo: applicationScale - 1.0
12-30 13:53:53.446  3759  6084 D GameManagerService: sem_perfomance_mode: 0
12-30 13:53:53.446  3759  3759 D GameManagerService: NotifyRunnable. pkg: com.GeekTechnique.InfinityStack, type: 4, isMinimized: false, isTunableApp: false
12-30 13:53:53.447  3759  3759 D GameManagerService: unexpected mPrevNotiType: -1
12-30 13:53:53.460  8652  8652 W linker  : /data/app/com.GeekTechnique.InfinityStack-1/lib/arm/libOVRPlugin.so: is missing DT_SONAME will use basename as a replacement: "libOVRPlugin.so"
12-30 13:53:53.464  8652  8652 D OVRPlugin: JNI_OnLoad
12-30 13:53:53.479  3759  4530 D MdnieScenarioControlService:  packageName : com.GeekTechnique.InfinityStack    className : com.epicgames.ue4.GameActivity
12-30 13:53:53.529  8652  8652 D UE4     : Used memory before allocating anything was 53.29MB
12-30 13:53:53.744  8652  8652 D UE4     : In the JNI_OnLoad function
12-30 13:53:53.744  8652  8652 D UE4     : [JNI] - Failed to determine if app purchasing is enabled!
12-30 13:53:53.747  8652  8652 D UE4     : Path found as '/storage/emulated/0'
12-30 13:53:53.747  8652  8652 D UE4     : Font Path found as '/system/fonts/'
12-30 13:53:53.747  8652  8652 D UE4     : In the JNI_OnLoad function 5
12-30 13:53:53.777  8652  8652 V threaded_app: Creating: 0xe37fbbe0
12-30 13:53:53.777  8652  8669 V threaded_app: Config: mcc=311 mnc=480 lang=en cnt=US orien=1 touch=3 dens=420 keys=1 nav=1 keysHid=3 navHid=0 sdk=24 size=2 long=2 modetype=1 modenight=1
12-30 13:53:53.778  8652  8669 D UE4     : Entering native app glue main function
12-30 13:53:53.778  8652  8669 D UE4     : Created event thread
12-30 13:53:53.778  8652  8670 D UE4     : Entering event processing thread engine entry point
12-30 13:53:53.778  8652  8669 D UE4     : Entered AndroidMain()
12-30 13:53:53.778  8652  8670 D UE4     : Prepared looper for event thread
12-30 13:53:53.778  8652  8670 D UE4     : Passed callback initialization
12-30 13:53:53.778  8652  8670 D UE4     : Passed sensor initialization
12-30 13:53:53.780  8652  8669 D UE4     : Controller interface supported
12-30 13:53:53.781  3759 16756 W ServiceManager: Permission failure: com.samsung.permission.SSENSOR from uid=10343 pid=8652
12-30 13:53:53.781  3759 16756 D PermissionCache: checking com.samsung.permission.SSENSOR for uid=10343 => denied (375 us)
12-30 13:53:53.781  3759 16756 E SensorService: getSensorList a sensor (MAX86900) without holding its required permission: com.samsung.permission.SSENSOR
12-30 13:53:53.781  3759 16756 I SensorService: Skipped sensor MAX86900 because it requires permission com.samsung.permission.SSENSOR and app op -1
12-30 13:53:53.781  3759 16756 W ServiceManager: Permission failure: com.samsung.permission.HRM_EXT from uid=10343 pid=8652
12-30 13:53:53.781  3759 16756 D PermissionCache: checking com.samsung.permission.HRM_EXT for uid=10343 => denied (130 us)
12-30 13:53:53.781  3759 16756 E SensorService: getSensorList a sensor (HRM Ambient Light Canceling) without holding its required permission: com.samsung.permission.HRM_EXT
12-30 13:53:53.781  3759 16756 I SensorService: Skipped sensor HRM Ambient Light Canceling because it requires permission com.samsung.permission.HRM_EXT and app op -1
12-30 13:53:53.781  3759 16756 W ServiceManager: Permission failure: android.permission.BODY_SENSORS from uid=10343 pid=8652
12-30 13:53:53.781  3759 16756 E SensorService: getSensorList a sensor (HRMLED IR) without holding its required permission: android.permission.BODY_SENSORS
12-30 13:53:53.781  3759 16756 I SensorService: Skipped sensor HRMLED IR because it requires permission android.permission.BODY_SENSORS and app op 56
12-30 13:53:53.782  3759 16756 W ServiceManager: Permission failure: android.permission.BODY_SENSORS from uid=10343 pid=8652
12-30 13:53:53.782  3759 16756 E SensorService: getSensorList a sensor (HRMLED RED) without holding its required permission: android.permission.BODY_SENSORS
12-30 13:53:53.782  3759 16756 I SensorService: Skipped sensor HRMLED RED because it requires permission android.permission.BODY_SENSORS and app op 56
12-30 13:53:53.782  3759 16756 E SensorService: getSensorList a sensor (HRM Proximity detecting) without holding its required permission: com.samsung.permission.HRM_EXT
12-30 13:53:53.782  3759 16756 I SensorService: Skipped sensor HRM Proximity detecting because it requires permission com.samsung.permission.HRM_EXT and app op -1
12-30 13:53:53.782  3759 16756 E SensorService: getSensorList a sensor (HRM Sensor) without holding its required permission: com.samsung.permission.SSENSOR
12-30 13:53:53.782  3759 16756 I SensorService: Skipped sensor HRM Sensor because it requires permission com.samsung.permission.SSENSOR and app op -1
12-30 13:53:53.782  3759 16756 W ServiceManager: Permission failure: android.permission.BODY_SENSORS from uid=10343 pid=8652
12-30 13:53:53.782  3759 16756 E SensorService: getSensorList a sensor (HeartRate Sensor) without holding its required permission: android.permission.BODY_SENSORS
12-30 13:53:53.782  3759 16756 I SensorService: Skipped sensor HeartRate Sensor because it requires permission android.permission.BODY_SENSORS and app op 56
12-30 13:53:53.782  3759 16756 E SensorService: getSensorList a sensor (Sensor Diagnostic Monitor) without holding its required permission: com.samsung.permission.SSENSOR
12-30 13:53:53.782  3759 16756 I SensorService: Skipped sensor Sensor Diagnostic Monitor because it requires permission com.samsung.permission.SSENSOR and app op -1
12-30 13:53:53.806  4634  4634 D ImageWallpaper: onVisibilityChanged: mVisible, visible=true, false
12-30 13:53:53.806  4634  4634 D ImageWallpaper: Visibility changed to visible=false
12-30 13:53:53.809  8652  8652 D ViewRootImpl@a4fedf0[GameActivity]: ThreadedRenderer.create() translucent=false
12-30 13:53:53.810  3759 30979 D WindowManager: addWindow: android.view.IWindow$Stub$Proxy@11ec3af displayId=0
12-30 13:53:53.810  3759 30979 D InputTransport: Input channel constructed: fd=407
12-30 13:53:53.810  3759 30979 D InputTransport: Input channel constructed: fd=527
12-30 13:53:53.810  3759 30979 D WindowManager: openInputChannel mInputChannel: def9f45 com.GeekTechnique.InfinityStack/com.epicgames.ue4.GameActivity (server)
12-30 13:53:53.811  3759 30979 D InputTransport: Input channel destroyed: fd=527
12-30 13:53:53.812  8652  8652 D InputTransport: Input channel constructed: fd=67
12-30 13:53:53.812  8652  8652 D ViewRootImpl@a4fedf0[GameActivity]: setView = DecorView@6279f69[GameActivity] touchMode=true
12-30 13:53:53.814  8652  8652 D PermissionFragment: Creating PlayGamesFragment
12-30 13:53:53.825  3759 17329 I ActivityManager: START u0 {act=android.content.pm.action.REQUEST_PERMISSIONS typ=null flg=0x0 cmp=ComponentInfo{com.google.android.packageinstaller/com.android.packageinstaller.permission.ui.GrantPermissionsActivity}} from uid 10343 on display 0
12-30 13:53:53.825  3759 17329 W ActivityManager: REQUEST_PERMISSIONS Action.
12-30 13:53:53.825  3759 17329 W ActivityManager: REQUEST_PERMISSIONS Action.
12-30 13:53:53.829  3759 17329 D ActivityManager: ActivityRecord() Constructor : multiScreenAttrs=MultiScreenAttrs{mDisplayId=0, mBaseDisplayId=0, mBaseActivity=false}
12-30 13:53:53.831  3759 17329 D CustomFrequencyManagerService: releaseDVFSLockLocked : Getting Lock type frm List : DVFS_MIN_LIMIT  frequency : 2100000  uid : 1000  pid : 3759  tag : AMS_APP_SWITCH@CPU_MIN@41
12-30 13:53:53.831  3759 17329 D CustomFrequencyManagerService: acquireDVFSLockLocked : type : DVFS_MIN_LIMIT  frequency : 2100000  uid : 1000  pid : 3759  pkgName : AMS_APP_SWITCH@CPU_MIN@41
12-30 13:53:53.837  3759 17329 D ActivityManagerPerformance: AMP_acquire() APP_SWITCH
12-30 13:53:53.837  3759 17329 D ActivityManager: moveToFront() : reason=sourceStackToFront isAttached=true null
12-30 13:53:53.838  3759 17329 D ActivityTrigger: Activity is Triggerred in full screen 
12-30 13:53:53.839  3759 17329 D CompatibilityInfo: mCompatibilityFlags - 0
12-30 13:53:53.839  3759 17329 D CompatibilityInfo: applicationDensity - 420
12-30 13:53:53.839  3759 17329 D CompatibilityInfo: applicationScale - 1.0
12-30 13:53:53.839  3759 17329 D ActivityManager: moveToFront() : reason=startedActivity setFocusedActivity isAttached=true TaskRecord{448dd60d0 #2446 A=com.GeekTechnique.InfinityStack U=0 StackId=1 sz=3}
12-30 13:53:53.840  3759 17329 D InputDispatcher: Focused application set to: xxxx
12-30 13:53:53.840  3759 17329 D ActivityManager: resumeTopActivityInnerLocked() : #1 prevTask=TaskRecord{448dd60d0 #2446 A=com.GeekTechnique.InfinityStack U=0 StackId=1 sz=3} next=ActivityRecord{5ec069ad0 u0 com.google.android.packageinstaller/com.android.packageinstaller.permission.ui.GrantPermissionsActivity t2446} mFocusedStack=ActivityStack{ef4282dd0 stackId=1, 2 tasks}
12-30 13:53:53.840  3759 17329 D ActivityTrigger: ActivityTrigger activityPauseTrigger 
12-30 13:53:53.841  3759 17329 D GameManagerService: sem_perfomance_mode: 0
12-30 13:53:53.848  8652  8652 D UE4     : Vulkan version: 1.0.3
12-30 13:53:53.848  8652  8652 D UE4     : Vulkan level: 1
12-30 13:53:53.849  8652  8652 D UE4     : Found DepthBufferPreference = 0
12-30 13:53:53.849  8652  8652 D UE4     : Found bPackageDataInsideApk = 0
12-30 13:53:53.850  8652  8652 D UE4     : Found ProjectName = StackerGame
12-30 13:53:53.850  8652  8652 D UE4     : Found AppType = 
12-30 13:53:53.850  8652  8652 D UE4     : Found bHasOBBFiles = 0
12-30 13:53:53.850  8652  8652 D UE4     : Found bVerifyOBBOnStartUp = false
12-30 13:53:53.850  8652  8652 D UE4     : UI hiding set to false
12-30 13:53:53.850  8652  8652 D UE4     : BuildConfiguration set to Development
12-30 13:53:53.850  8652  8652 D UE4     : UseExternalFilesDir set to false
12-30 13:53:53.850  8652  8652 D UE4     : AllowIMU set to true
12-30 13:53:53.850  8652  8652 D UE4     : SupportsVulkan set to false
12-30 13:53:53.850  8652  8652 D UE4     : No GearVR mode detected.
12-30 13:53:53.882  8652  8652 D libEGL  : loaded /vendor/lib/egl/libGLES_mali.so
12-30 13:53:53.926  8652  8652 D UE4     : Hardware: SAMSUNG Exynos7420
12-30 13:53:53.926  8652  8652 D UE4     : ro.hardware: samsungexynos7420
12-30 13:53:53.926  8652  8672 D UE4     : Used memory: 64888
12-30 13:53:53.927  8652  8652 D UE4     : Memory: 3662 MB
12-30 13:53:53.931  8652  8652 D UE4     : UseAffinity: false
12-30 13:53:53.931  8652  8652 D UE4     : BigCoreMask: 0xffff
12-30 13:53:53.931  8652  8652 D UE4     : LittleCoreMask: 0x0
12-30 13:53:53.933  8652  8652 D UE4     : APK path: /data/app/com.GeekTechnique.InfinityStack-1/base.apk
12-30 13:53:53.933  8652  8652 D UE4     : OBB in APK: false
12-30 13:53:53.935  8652  8652 D UE4     : InternalFilePath found as '/data/user/0/com.GeekTechnique.InfinityStack/files'
12-30 13:53:53.935  8652  8652 D UE4     : ExternalFilePath found as '/storage/emulated/0/Android/data/com.GeekTechnique.InfinityStack/files'
12-30 13:53:53.935  8652  8652 D UE4     : App is running in Portrait
12-30 13:53:53.936  8652  8652 D UE4     : Android version is 7.0
12-30 13:53:53.936  8652  8652 D UE4     : Android manufacturer is samsung
12-30 13:53:53.936  8652  8652 D UE4     : Android model is SM-N920V
12-30 13:53:53.936  8652  8652 D UE4     : Android build number is NRD90M.N920VVRS3CRH1
12-30 13:53:53.936  8652  8652 D UE4     : OS language is set to en_US
12-30 13:53:53.936  8652  8652 D UE4     : Debugger attached is false
12-30 13:53:53.937  8652  8657 I art     : Do partial code cache collection, code=0B, data=16KB
12-30 13:53:53.937  8652  8657 I art     : After code cache collection, code=0B, data=16KB
12-30 13:53:53.937  8652  8657 I art     : Increasing code cache capacity to 128KB
12-30 13:53:53.939  8652  8657 I art     : Compiler allocated 4MB to compile void com.epicgames.ue4.GameActivity.onCreate(android.os.Bundle)
12-30 13:53:53.955  3759  9132 D SSRM:t  : SIOP:: AP = 370, PST = 349 (W:10), CP = 276, CUR = 336, LCD = 115
12-30 13:53:53.956  3759  9132 D ConnectivityService: filterNetworkStateForUid() uid: 1000 networkInfo: [type: WIFI[] - WIFI, state: CONNECTED/CONNECTED, reason: (unspecified), extra: "wilkinson2.4", failover: false, available: true, roaming: false, metered: false]
12-30 13:53:53.991  8652  8652 W PopupManager: You have not specified a View to use as content view for popups. Falling back to the Activity content view. Note that this may not work as expected in multi-screen environments
12-30 13:53:53.991  3759  4357 D SamsungAlarmManager: Expired : 8
12-30 13:53:53.991  3759  4465 D WifiStateMachine: Current network is: "wilkinson2.4" , ID is: 30
12-30 13:53:53.991  3759  4465 I WifiStateMachine: IMS calling, current network is always qualified
12-30 13:53:53.992  3759  4357 I SamsungAlarmManager: setLocked to kernel - T:3 / 20181230T135400, SetElapsed=218492564, nowELAPSED=218486555
12-30 13:53:53.992  3759  4357 V SamsungAlarmManager: Sending to uid : 10059 action=null alarm=Alarm{4efeac1 type 3 when 218486555 com.asurion.android.verizon.vms}
12-30 13:53:53.993  8652  8652 D UE4     : ==============> GameActive.onCreate complete!
12-30 13:53:53.997  3759  4357 D CompatibilityInfo: mCompatibilityFlags - 0
12-30 13:53:53.997  3759  4357 D CompatibilityInfo: applicationDensity - 420
12-30 13:53:53.997  3759  4357 D CompatibilityInfo: applicationScale - 1.0
12-30 13:53:54.000  8652  8652 V threaded_app: Start: 0xe37fbbe0
12-30 13:53:54.000  8652  8670 V threaded_app: activityState=10
12-30 13:53:54.000  8652  8652 D UE4     : Creating console command broadcast listener
12-30 13:53:54.000  8652  8670 D UE4     : LogAndroidEvents: EnqueueAppEvent : 9, 0, tid = 8670
12-30 13:53:54.003  8652  8652 D UE4     : ==================================> Inside onStart function in GameActivity
12-30 13:53:54.006  8652  8652 V threaded_app: Resume: 0xe37fbbe0
12-30 13:53:54.006  8652  8670 V threaded_app: activityState=11
12-30 13:53:54.006  8652  8670 D UE4     : Case APP_CMD_RESUME
12-30 13:53:54.006  8652  8670 D UE4     : LogAndroidEvents: EnqueueAppEvent : 7, 0, tid = 8670
12-30 13:53:54.006  8652  8652 D UE4     : ==============> [JAVA] AndroidThunkJava_KeepScreenOn(false) - Enabled screen saver
12-30 13:53:54.006  8652  8652 D UE4     : Registering sensor listeners
12-30 13:53:54.009  3759 17328 I Sensors : Acc old sensor_state 0, new sensor_state : 1 en : 1
12-30 13:53:54.010  3759 10291 D SamsungAlarmManager: setExact Intent (T:3/F:5/AC:false) 20181230T135359 - CU:10059/CP:487
12-30 13:53:54.010  3759 10291 I SamsungAlarmManager: setLocked to kernel - T:3 / 20181230T135359, SetElapsed=218491571, nowELAPSED=218486574
12-30 13:53:54.017  8652  8652 D SensorManager: registerListener :: 0, K6DS3TR Acceleration Sensor, 20000, 0,  
12-30 13:53:54.017  3759 10295 I Sensors : Mag old sensor_state 1, new sensor_state : 17 en : 1
12-30 13:53:54.024  8652  8652 D SensorManager: registerListener :: 1, AK09911C Magnetic field Sensor, 20000, 0,  
12-30 13:53:54.025  3759  7291 I Sensors : Gyro old sensor_state 17, new sensor_state : 19 en : 1
12-30 13:53:54.032  8652  8652 D SensorManager: registerListener :: 3, K6DS3TR Gyroscope Sensor, 20000, 0,  
12-30 13:53:54.032  8652  8652 D UE4     : App is running in Portrait
12-30 13:53:54.032  8652  8652 D UE4     : ==============> Resuming main init
12-30 13:53:54.033  8652  8669 D UE4     : APK Commandline: ../../../StackerGame/StackerGame.uproject  /Game/Maps/StackMap -Messaging -SessionId=A934EC29430147F7C793BAABBFFAB602 -SessionOwner="nope" -SessionName="Launch On Device" -iterative
12-30 13:53:54.033  8652  8669 D UE4     : Override Commandline: ../../../StackerGame/StackerGame.uproject  /Game/Maps/StackMap -Messaging -SessionId=A934EC29430147F7C793BAABBFFAB602 -SessionOwner="nope" -SessionName="Launch On Device" -iterative
12-30 13:53:54.034  8652  8669 D UE4     : Final commandline: ../../../StackerGame/StackerGame.uproject  /Game/Maps/StackMap -Messaging -SessionId=A934EC29430147F7C793BAABBFFAB602 -SessionOwner="nope" -SessionName="Launch On Device" -iterative
12-30 13:53:54.034  8652  8669 D UE4     : Created sync event
12-30 13:53:54.043  8652  8652 D UE4     : ==============> GameActive.onResume complete!
12-30 13:53:54.046  8652  8652 D ViewRootImpl@eb23581[GameActivity]: ThreadedRenderer.create() translucent=true
12-30 13:53:54.047  3759  6073 D WindowManager: addWindow: android.view.IWindow$Stub$Proxy@33ccef2 displayId=0
12-30 13:53:54.047  3759  6073 D InputTransport: Input channel constructed: fd=528
12-30 13:53:54.047  3759  6073 D InputTransport: Input channel constructed: fd=536
12-30 13:53:54.048  3759  6073 D WindowManager: openInputChannel mInputChannel: 56e8bc0 com.GeekTechnique.InfinityStack/com.epicgames.ue4.GameActivity (server)
12-30 13:53:54.048  3759  6073 D InputTransport: Input channel destroyed: fd=536
12-30 13:53:54.049  8652  8652 D InputTransport: Input channel constructed: fd=73
12-30 13:53:54.049  8652  8652 V threaded_app: InputQueueCreated: 0xe37fbbe0 -- 0xe37fcae0
12-30 13:53:54.049  8652  8670 V threaded_app: APP_CMD_INPUT_CHANGED
12-30 13:53:54.049  8652  8670 V threaded_app: Attaching input queue to looper
12-30 13:53:54.049  8652  8652 D ViewRootImpl@eb23581[GameActivity]: setView = DecorView@f44626[GameActivity] touchMode=true
12-30 13:53:54.050  3759  5835 D ActivityManager: post active user change for 0 fullscreen true isHomeActivity() false
12-30 13:53:54.050  3759  5835 D KnoxTimeoutHandler: postActiveUserChange [MsgParam] userId: 0 fullscreen is true showWhenlocked is false isMutiwindowRecord is false multiwindowstyle is 0
12-30 13:53:54.050  3759  3759 D KnoxTimeoutHandler: handleActiveUserChange [MsgParam] userId: 0 fullscreen is true showWhenlocked is false isMutiwindowRecord is false multiwindowstyle is 0
12-30 13:53:54.051  3759  3759 I KnoxTimeoutHandler: Shared devices show user statefalse
12-30 13:53:54.051  8652  8652 D ViewRootImpl@a4fedf0[GameActivity]: dispatchAttachedToWindow
12-30 13:53:54.052  3759  7793 V WindowManager: Relayout Window{def9f45d0 u0 com.GeekTechnique.InfinityStack/com.epicgames.ue4.GameActivity}: viewVisibility=0 req=1079x1856 WM.LayoutParams{(0,0)(fillxfill) gr=#11 sim=#120 ty=2 fl=#1810508 wanim=0x1030001 needsMenuKey=2 naviIconColor=0}
12-30 13:53:54.053  3216  3216 I SurfaceFlinger: id=3338 createSurf (1x1),1 flag=404, HameActivit
12-30 13:53:54.072  8652  8652 D ViewRootImpl@a4fedf0[GameActivity]: Relayout returned: oldFrame=[0,0][0,0] newFrame=[0,0][1080,1920] result=0x27 surface={isValid=true -889223168} surfaceGenerationChanged=true
12-30 13:53:54.072  8652  8652 D ViewRootImpl@a4fedf0[GameActivity]: mHardwareRenderer.initialize() mSurface={isValid=true -889223168} hwInitialized=true
12-30 13:53:54.073  8652  8671 I OpenGLRenderer: Initialized EGL, version 1.4
12-30 13:53:54.073  8652  8671 D OpenGLRenderer: Swap behavior 1
12-30 13:53:54.079  8652  8671 D mali_winsys: EGLint new_window_surface(egl_winsys_display*, void*, EGLSurface, EGLConfig, egl_winsys_surface**, egl_color_buffer_format*, EGLBoolean) returns 0x3000,  [1080x1920]-format:1
12-30 13:53:54.088  8652  8652 D ViewRootImpl@eb23581[GameActivity]: dispatchAttachedToWindow
12-30 13:53:54.089  3759 10289 V WindowManager: Relayout Window{56e8bc0d0 u0 com.GeekTechnique.InfinityStack/com.epicgames.ue4.GameActivity}: viewVisibility=0 req=1079x1856 WM.LayoutParams{(0,0)(fillxfill) sim=#10 ty=1 fl=#1810500 fmt=1 wanim=0x1030001 needsMenuKey=2 naviIconColor=0}
12-30 13:53:54.089  3216  3216 I SurfaceFlinger: id=3339 createSurf (1080x1920),1 flag=4, HameActivit
12-30 13:53:54.093  8652  8652 D ViewRootImpl@eb23581[GameActivity]: Relayout returned: oldFrame=[0,0][0,0] newFrame=[0,0][1080,1920] result=0x7 surface={isValid=true -891715584} surfaceGenerationChanged=true
12-30 13:53:54.094  8652  8652 D ViewRootImpl@eb23581[GameActivity]: mHardwareRenderer.initialize() mSurface={isValid=true -891715584} hwInitialized=true
12-30 13:53:54.095  8652  8671 D mali_winsys: EGLint new_window_surface(egl_winsys_display*, void*, EGLSurface, EGLConfig, egl_winsys_surface**, egl_color_buffer_format*, EGLBoolean) returns 0x3000,  [1080x1920]-format:1
12-30 13:53:54.102  3759  3771 D WindowManager: addWindow: android.view.IWindow$Stub$Proxy@52630f9 displayId=0
12-30 13:53:54.105  3759 16760 V WindowManager: Relayout Window{98df69fd0 u0 SurfaceView - com.GeekTechnique.InfinityStack/com.epicgames.ue4.GameActivity}: viewVisibility=0 req=1080x1920 WM.LayoutParams{(0,0)(1080x1920) gr=#800033 ty=1001 fl=#4218 pfl=0x10040 fmt=4 naviIconColor=0}
12-30 13:53:54.105  3216  3216 I SurfaceFlinger: id=3340 createSurf (1080x1920),4 flag=404, HameActivit
12-30 13:53:54.106  3216  3216 I SurfaceFlinger: id=3341 createSurf (1080x1920),-1 flag=20404, HameActivit
12-30 13:53:54.114  8652  8652 D SurfaceView: Relayout returned: oldFrame=[0,0][0,0] newFrame=[0,0][1080,1920] result=0x7 surface={Surface(name=null)/@0xe4e9eb2 isValid=true -891713536}
12-30 13:53:54.114  8652  8652 V threaded_app: NativeWindowCreated: 0xe37fbbe0 -- 0xcad98808
12-30 13:53:54.115  8652  8670 V threaded_app: APP_CMD_INIT_WINDOW
12-30 13:53:54.115  8652  8670 D UE4     : Case APP_CMD_INIT_WINDOW
12-30 13:53:54.115  8652  8670 D UE4     : LogAndroidEvents: EnqueueAppEvent : 0, 3403253768, tid = 8670
12-30 13:53:54.116  3759 30979 D WindowManager: finishDrawingWindow: Window{98df69fd0 u0 SurfaceView - com.GeekTechnique.InfinityStack/com.epicgames.ue4.GameActivity} mDrawState=DRAW_PENDING
12-30 13:53:54.122  8652  8652 V threaded_app: Pause: 0xe37fbbe0
12-30 13:53:54.122  8652  8670 V threaded_app: activityState=13
12-30 13:53:54.122  8652  8670 D UE4     : Case APP_CMD_PAUSE
12-30 13:53:54.122  8652  8670 D UE4     : LogAndroidEvents: EnqueueAppEvent : 6, 0, tid = 8670
12-30 13:53:54.123  8652  8652 D UE4     : Unregistering sensor listeners
12-30 13:53:54.123  3759  7794 I Sensors : Acc old sensor_state 19, new sensor_state : 18 en : 0
12-30 13:53:54.130  3759  4508 I Sensors : Mag old sensor_state 18, new sensor_state : 2 en : 0
12-30 13:53:54.137  3759  5836 I Sensors : Gyro old sensor_state 2, new sensor_state : 0 en : 0
12-30 13:53:54.144  8652  8652 D SensorManager: unregisterListener ::   
12-30 13:53:54.145  8652  8652 D UE4     : ==============> GameActive.onPause complete!
12-30 13:53:54.146  3759 17329 D ActivityManager: resumeTopActivityInnerLocked() : #1 prevTask=TaskRecord{448dd60d0 #2446 A=com.GeekTechnique.InfinityStack U=0 StackId=1 sz=3} next=ActivityRecord{5ec069ad0 u0 com.google.android.packageinstaller/com.android.packageinstaller.permission.ui.GrantPermissionsActivity t2446} mFocusedStack=ActivityStack{ef4282dd0 stackId=1, 2 tasks}
12-30 13:53:54.146  3759 17329 D ActivityManager: applyOptionsLocked(), pendingOptions : null
12-30 13:53:54.147  3759 17329 D MountService: getExternalStorageMountMode : 2
12-30 13:53:54.147  3759 17329 D MountService: getExternalStorageMountMode : 3
12-30 13:53:54.148  3759 17329 D MountService: getExternalStorageMountMode : final mountMode=2, uid : 10028, packageName : com.google.android.packageinstaller
12-30 13:53:54.163  8701  8701 E Zygote  : v2
12-30 13:53:54.163  8701  8701 I libpersona: KNOX_SDCARD checking this for 10028
12-30 13:53:54.163  8701  8701 I libpersona: KNOX_SDCARD not a persona
12-30 13:53:54.163  3759 17329 I ActivityManager: Start proc 8701:com.google.android.packageinstaller/u0a28 for activity com.google.android.packageinstaller/com.android.packageinstaller.permission.ui.GrantPermissionsActivity
12-30 13:53:54.164  8701  8701 E Zygote  : accessInfo : 0
12-30 13:53:54.165  8701  8701 W SELinux : SELinux selinux_android_compute_policy_index : Policy Index[2],  Con:u:r:zygote:s0 RAM:SEPF_SECMOBILE_7.0_0009, [-1 -1 -1 -1 0 1]
12-30 13:53:54.166  8701  8701 I SELinux : SELinux: seapp_context_lookup: seinfo=untrusted, level=s0:c512,c768, pkgname=com.google.android.packageinstaller 
12-30 13:53:54.167  8652  8652 D ViewRootImpl@a4fedf0[GameActivity]: MSG_RESIZED_REPORT: ci=Rect(0, 0 - 0, 0) vi=Rect(0, 0 - 0, 0) or=1
12-30 13:53:54.167  8652  8657 I art     : Do partial code cache collection, code=14KB, data=32KB
12-30 13:53:54.167  8652  8657 I art     : After code cache collection, code=14KB, data=32KB
12-30 13:53:54.167  8652  8657 I art     : Increasing code cache capacity to 256KB
12-30 13:53:54.172  8652  8657 I art     : Compiler allocated 7MB to compile boolean com.epicgames.ue4.GameActivity.processSystemInfo(java.lang.String, java.lang.String)
12-30 13:53:54.191  8701  8701 D TimaKeyStoreProvider: TimaKeyStore is not enabled: cannot add TimaSignature Service and generateKeyPair Service
12-30 13:53:54.193  3759 10288 D CompatibilityInfo: mCompatibilityFlags - 0
12-30 13:53:54.193  3759 10288 D CompatibilityInfo: applicationDensity - 420
12-30 13:53:54.193  3759 10288 D CompatibilityInfo: applicationScale - 1.0
12-30 13:53:54.193  3759 10288 I ActivityManager: DSS on for com.google.android.packageinstaller and scale is 1.0
12-30 13:53:54.195  3759 10288 D CompatibilityInfo: mCompatibilityFlags - 0
12-30 13:53:54.195  3759 10288 D CompatibilityInfo: applicationDensity - 420
12-30 13:53:54.195  3759 10288 D CompatibilityInfo: applicationScale - 1.0
12-30 13:53:54.203  3759 10288 D CompatibilityInfo: mCompatibilityFlags - 0
12-30 13:53:54.203  3759 10288 D CompatibilityInfo: applicationDensity - 420
12-30 13:53:54.203  3759 10288 D CompatibilityInfo: applicationScale - 1.0
12-30 13:53:54.203  3759 10288 D GameManagerService: sem_perfomance_mode: 0
12-30 13:53:54.204  3759  3759 D GameManagerService: NotifyRunnable. pkg: com.google.android.packageinstaller, type: 4, isMinimized: false, isTunableApp: false
12-30 13:53:54.204  3759  3759 D GameManagerService: unexpected mPrevNotiType: -1
12-30 13:53:54.208  5974  6000 D ForegroundUtils: could not check pending caller
12-30 13:53:54.208  3759  9132 D GamePkgDataHelper: getGamePkgData(). com.google.android.packageinstaller
12-30 13:53:54.210  3759  9132 D GameManagerService: identifyGamePackage. com.google.android.packageinstaller
12-30 13:53:54.212  3759  9132 D TelephonyManager: getAllCellInfo : Caller (PID / UID / TID): 3759 / 1000 / 9132
12-30 13:53:54.219  3759  9132 D GameManagerService: identifyGamePackage. com.google.android.packageinstaller
12-30 13:53:54.219  3759  9132 D GameManagerService: identifyGamePackage. com.google.android.packageinstaller
12-30 13:53:54.225  3759  3772 D WindowManager: finishDrawingWindow: Window{def9f45d0 u0 com.GeekTechnique.InfinityStack/com.epicgames.ue4.GameActivity} mDrawState=DRAW_PENDING
12-30 13:53:54.229  3759  7293 V WindowManager: Relayout Window{56e8bc0d0 u0 com.GeekTechnique.InfinityStack/com.epicgames.ue4.GameActivity}: viewVisibility=0 req=1080x1920 WM.LayoutParams{(0,0)(fillxfill) sim=#10 ty=1 fl=#1810500 fmt=1 wanim=0x1030001 needsMenuKey=2 naviIconColor=0}
12-30 13:53:54.233  8701  8701 W System  : ClassLoader referenced unknown path: /system/priv-app/GooglePackageInstaller/lib/arm64
12-30 13:53:54.235  8652  8652 D ViewRootImpl@eb23581[GameActivity]: Relayout returned: oldFrame=[0,0][1080,1920] newFrame=[0,0][1080,1920] result=0x1 surface={isValid=true -891715584} surfaceGenerationChanged=false
12-30 13:53:54.237  3759  4447 V WindowManager: Relayout Window{98df69fd0 u0 SurfaceView - com.GeekTechnique.InfinityStack/com.epicgames.ue4.GameActivity}: viewVisibility=0 req=1080x1920 WM.LayoutParams{(0,0)(1080x1920) gr=#800033 ty=1001 fl=#4218 pfl=0x10040 fmt=4 naviIconColor=0}
12-30 13:53:54.243  8652  8652 D SurfaceView: Relayout returned: oldFrame=[0,0][1080,1920] newFrame=[0,0][1080,1920] result=0x1 surface={Surface(name=null)/@0xe4e9eb2 isValid=true -891678720}
12-30 13:53:54.244  3759  6084 D WindowManager: finishDrawingWindow: Window{98df69fd0 u0 SurfaceView - com.GeekTechnique.InfinityStack/com.epicgames.ue4.GameActivity} mDrawState=READY_TO_SHOW
12-30 13:53:54.254  3216  3278 I Layer   : [com.GeekTechnique.InfinityStack/com.epicgames.ue4.GameActivity] addSyncPoint start
12-30 13:53:54.254  3216  3278 I Layer   : [com.GeekTechnique.InfinityStack/com.epicgames.ue4.GameActivity] addSyncPoint end
12-30 13:53:54.254  3216  3278 I Layer   : [com.GeekTechnique.InfinityStack/com.epicgames.ue4.GameActivity] addSyncPoint start
12-30 13:53:54.254  3216  3278 I Layer   : [com.GeekTechnique.InfinityStack/com.epicgames.ue4.GameActivity] addSyncPoint end
12-30 13:53:54.255  3216 16796 I Layer   : [com.GeekTechnique.InfinityStack/com.epicgames.ue4.GameActivity] addSyncPoint start
12-30 13:53:54.255  3216 16796 I Layer   : [com.GeekTechnique.InfinityStack/com.epicgames.ue4.GameActivity] addSyncPoint end
12-30 13:53:54.255  3216 16796 I Layer   : [com.GeekTechnique.InfinityStack/com.epicgames.ue4.GameActivity] addSyncPoint start
12-30 13:53:54.255  3216 16796 I Layer   : [com.GeekTechnique.InfinityStack/com.epicgames.ue4.GameActivity] addSyncPoint end
12-30 13:53:54.276  3759 17328 W MultiScreenManagerService: moveTaskBackToDisplayIfNeeded(): The task has more than one activity
12-30 13:53:54.278  3759 17328 D ActivityManager: moveToFront() : reason=finishActivity adjustFocus setFocusedActivity isAttached=true TaskRecord{448dd60d0 #2446 A=com.GeekTechnique.InfinityStack U=0 StackId=1 sz=3}
12-30 13:53:54.282  3216  5364 I Layer   : [com.GeekTechnique.InfinityStack/com.epicgames.ue4.GameActivity] addSyncPoint start
