01-18 20:40:39.217 19457 19457 I libpersona: KNOX_SDCARD not a persona
01-18 20:40:39.218 19457 19457 E Zygote  : accessInfo : 0
01-18 20:40:39.224  7370 19454 W ChimeraUtils: Non Chimera context
01-18 20:40:39.226 19457 19457 W SELinux : SELinux selinux_android_compute_policy_index : Policy Index[2],  Con:u:r:zygote:s0 RAM:SEPF_SECMOBILE_7.0_0009, [-1 -1 -1 -1 0 1]
01-18 20:40:39.227  7370 19454 W ChimeraUtils: Non Chimera context
01-18 20:40:39.229 19457 19457 I SELinux : SELinux: seapp_context_lookup: seinfo=untrusted, level=s0:c512,c768, pkgname=com.motricity.verizon.ssodownloadable 
01-18 20:40:39.248  7370 19464 I SystemUpdate: [Execution,InstallationEventIntentOperation] Handling event of type 6.
01-18 20:40:39.256  3757  5902 D SamsungAlarmManager: setExact Intent (T:0/F:5/AC:false) 20190119T000000 - CU:10014/CP:7370
01-18 20:40:39.264 19457 19457 D TimaKeyStoreProvider: TimaKeyStore is not enabled: cannot add TimaSignature Service and generateKeyPair Service
01-18 20:40:39.266  3757  7205 D AudioService: getStreamVolume 3 index 70
01-18 20:40:39.267  3757 32084 D CompatibilityInfo: mCompatibilityFlags - 0
01-18 20:40:39.267  3757 32084 D CompatibilityInfo: applicationDensity - 420
01-18 20:40:39.267  3757 32084 D CompatibilityInfo: applicationScale - 1.0
01-18 20:40:39.267  3757 32084 I ActivityManager: DSS on for com.motricity.verizon.ssodownloadable and scale is 1.0
01-18 20:40:39.268  3757 32084 D CompatibilityInfo: mCompatibilityFlags - 0
01-18 20:40:39.268  3757 32084 D CompatibilityInfo: applicationDensity - 420
01-18 20:40:39.268  3757 32084 D CompatibilityInfo: applicationScale - 1.0
01-18 20:40:39.277  3757 32084 D CompatibilityInfo: mCompatibilityFlags - 0
01-18 20:40:39.277  3757 32084 D CompatibilityInfo: applicationDensity - 420
01-18 20:40:39.277  3757 32084 D CompatibilityInfo: applicationScale - 1.0
01-18 20:40:39.280  3757 29840 D SamsungAlarmManager: setInexact Intent (T:1/F:0/AC:false) 19220203T183831 - CU:10014/CP:7370
01-18 20:40:39.287  7370 19454 I SystemUpdate: [Execution,InstallationIntentOperation] Received intent: Intent { act=com.google.android.gms.update.INSTALL_UPDATE cat=[targeted_intent_op_prefix:.update.execution.InstallationIntentOperation] cmp=com.google.android.gms/.chimera.GmsIntentOperationService launchParam=MultiScreenLaunchParams { mDisplayId=0 mFlags=0 } }.
01-18 20:40:39.288  7370 19454 I SystemUpdate: [Execution,ExecutionManager] Action finished-execution executed for 0.00 seconds.
01-18 20:40:39.294 19457 19457 I art     : Starting a blocking GC AddRemoveAppImageSpace
01-18 20:40:39.295 19457 19457 W System  : ClassLoader referenced unknown path: /system/priv-app/VzwSilentSSOEngine_VZW/lib/arm
01-18 20:40:39.325  3757  7206 D CompatibilityInfo: mCompatibilityFlags - 0
01-18 20:40:39.325  3757  7206 D CompatibilityInfo: applicationDensity - 420
01-18 20:40:39.325  3757  7206 D CompatibilityInfo: applicationScale - 1.0
01-18 20:40:39.328  3757 29840 D MountService: getExternalStorageMountMode : 1
01-18 20:40:39.328  3757 29840 D MountService: getExternalStorageMountMode : 3
01-18 20:40:39.328  3757 29840 D MountService: getExternalStorageMountMode : final mountMode=1, uid : 10084, packageName : com.osp.app.signin
01-18 20:40:39.329  3233 19394 I art     : Starting a blocking GC HeapTrim
01-18 20:40:39.349  3757 29840 I ActivityManager: Start proc 19474:com.osp.app.signin/u0a84 for broadcast com.osp.app.signin/com.osp.broadcastreceiver.StdBroadcastReceiver
01-18 20:40:39.349 19474 19474 E Zygote  : v2
01-18 20:40:39.349 19474 19474 I libpersona: KNOX_SDCARD checking this for 10084
01-18 20:40:39.349 19474 19474 I libpersona: KNOX_SDCARD not a persona
01-18 20:40:39.351 19474 19474 E Zygote  : accessInfo : 0
01-18 20:40:39.352 19474 19474 W SELinux : SELinux selinux_android_compute_policy_index : Policy Index[2],  Con:u:r:zygote:s0 RAM:SEPF_SECMOBILE_7.0_0009, [-1 -1 -1 -1 0 1]
01-18 20:40:39.354 19474 19474 I SELinux : SELinux: seapp_context_lookup: seinfo=untrusted, level=s0:c512,c768, pkgname=com.osp.app.signin 
01-18 20:40:39.382 19474 19474 D TimaKeyStoreProvider: TimaKeyStore is not enabled: cannot add TimaSignature Service and generateKeyPair Service
01-18 20:40:39.386  3757 10496 D CompatibilityInfo: mCompatibilityFlags - 0
01-18 20:40:39.386  3757 10496 D CompatibilityInfo: applicationDensity - 420
01-18 20:40:39.386  3757 10496 D CompatibilityInfo: applicationScale - 1.0
01-18 20:40:39.386  3757 10496 I ActivityManager: DSS on for com.osp.app.signin and scale is 1.0
01-18 20:40:39.388  3757 10496 D CompatibilityInfo: mCompatibilityFlags - 0
01-18 20:40:39.388  3757 10496 D CompatibilityInfo: applicationDensity - 420
01-18 20:40:39.388  3757 10496 D CompatibilityInfo: applicationScale - 1.0
01-18 20:40:39.394  3757 10496 D CompatibilityInfo: mCompatibilityFlags - 0
01-18 20:40:39.394  3757 10496 D CompatibilityInfo: applicationDensity - 420
01-18 20:40:39.394  3757 10496 D CompatibilityInfo: applicationScale - 1.0
01-18 20:40:39.446  3757  4482 D SamsungAlarmManager: setInexact Intent (T:2/F:0/AC:false) 20190124T181543 - CU:10067/CP:19457
01-18 20:40:39.477 19474 19474 I art     : Starting a blocking GC AddRemoveAppImageSpace
01-18 20:40:39.480 19474 19474 W System  : ClassLoader referenced unknown path: /system/priv-app/SamsungAccount_Dream/lib/arm64
01-18 20:40:39.515 19474 19474 I SA      : [SSP] onCreated
01-18 20:40:39.545 19474 19474 D SamsungAnalytics:1.8.22: cf feature is supported
01-18 20:40:39.549 19474 19474 D SamsungAnalytics:1.8.22: [Tracker] Tracker start:1.8.22
01-18 20:40:39.550 19474 19474 I SA      : LBE isSupportBixbyModel() default
01-18 20:40:39.558 19474 19474 I SA      : [TPM] There is no property file
01-18 20:40:39.559 19474 19474 I SA      : [SCU] isHaveSA() - true
01-18 20:40:39.560 19474 19474 I SA      : [TPM] getModelProperty : null
01-18 20:40:39.560 19474 19474 I SA      : [TPM] getCSCProperty : null
01-18 20:40:39.564 19474 19474 I SA      : support phone number id : true
01-18 20:40:39.567 19474 19474 I SA      : [SS] samsung account already signed in
01-18 20:40:39.568 19474 19474 I SA      : [SCU] isHaveSA() - true
01-18 20:40:39.572  3757  5062 D ConnectivityService: filterNetworkStateForUid() uid: 10084 networkInfo: [type: WIFI[] - WIFI, state: CONNECTED/CONNECTED, reason: (unspecified), extra: "wilkinson2.4", failover: false, available: true, roaming: false, metered: false]
01-18 20:40:39.573 19474 19474 I SA      : [SCU] == networkStateCheck == true
01-18 20:40:39.573 19474 19474 I SA      : [DirServerUtil] isRetryAvailable = true
01-18 20:40:39.573 19474 19474 I SA      : [SS] no success marketing info data
01-18 20:40:39.574 19474 19474 D BixbyApi_0.1.6: Version Name:2.2.03-46
01-18 20:40:39.576 19474 19474 I SA      : [SBR] StdBroadcastReceiver received Intent of  action.TIME_SET.
01-18 20:40:39.576 19474 19474 I SA      : [DM] init START
01-18 20:40:39.578 19474 19474 I SA      : [DM] SetupWizard doesn't exist
01-18 20:40:39.579 19474 19474 I SA      : [DM] This device is not a Vodafone
01-18 20:40:39.583 19474 19474 W ResourceType: No package identifier when getting value for resource number 0x00000000
01-18 20:40:39.584 19474 19474 W ResourceType: No package identifier when getting value for resource number 0x00000000
01-18 20:40:39.584 19474 19474 W ResourceType: No package identifier when getting value for resource number 0x00000000
01-18 20:40:39.584 19474 19474 W ResourceType: No package identifier when getting value for resource number 0x00000000
01-18 20:40:39.585 19474 19474 W ResourceType: No package identifier when getting value for resource number 0x00000000
01-18 20:40:39.585 19474 19474 W ResourceType: No package identifier when getting value for resource number 0x00000000
01-18 20:40:39.585 19474 19474 W ResourceType: No package identifier when getting value for resource number 0x00000000
01-18 20:40:39.586 19474 19474 W ResourceType: No package identifier when getting value for resource number 0x00000000
01-18 20:40:39.586 19474 19474 W ResourceType: No package identifier when getting value for resource number 0x00000000
01-18 20:40:39.586 19474 19474 W ResourceType: No package identifier when getting value for resource number 0x00000000
01-18 20:40:39.587 19474 19474 W ResourceType: No package identifier when getting value for resource number 0x00000000
01-18 20:40:39.587 19474 19474 W ResourceType: Failure getting entry for 0x7f0b0002 (t=10 e=2) (error -75)
01-18 20:40:39.587 19474 19474 W ResourceType: No package identifier when getting value for resource number 0x00000000
01-18 20:40:39.588 19474 19474 W ResourceType: No package identifier when getting value for resource number 0x00000000
01-18 20:40:39.588 19474 19474 W ResourceType: No package identifier when getting value for resource number 0x00000000
01-18 20:40:39.588 19474 19474 W ResourceType: No package identifier when getting value for resource number 0x00000000
01-18 20:40:39.588 19474 19474 W ResourceType: No package identifier when getting value for resource number 0x00000000
01-18 20:40:39.589 19474 19474 W ResourceType: No package identifier when getting value for resource number 0x00000000
01-18 20:40:39.589 19474 19474 W ResourceType: No package identifier when getting value for resource number 0x00000000
01-18 20:40:39.589 19474 19474 W ResourceType: No package identifier when getting value for resource number 0x00000000
01-18 20:40:39.590 19474 19474 W ResourceType: No package identifier when getting value for resource number 0x00000000
01-18 20:40:39.590 19474 19474 W ResourceType: No package identifier when getting value for resource number 0x00000000
01-18 20:40:39.590 19474 19474 W ResourceType: No package identifier when getting value for resource number 0x00000000
01-18 20:40:39.591 19474 19474 W ResourceType: No package identifier when getting value for resource number 0x00000000
01-18 20:40:39.591 19474 19474 W ResourceType: No package identifier when getting value for resource number 0x00000000
01-18 20:40:39.591 19474 19474 W ResourceType: No package identifier when getting value for resource number 0x00000000
01-18 20:40:39.592 19474 19474 W ResourceType: No package identifier when getting value for resource number 0x00000000
01-18 20:40:39.592 19474 19474 W ResourceType: No package identifier when getting value for resource number 0x00000000
01-18 20:40:39.592 19474 19474 W ResourceType: No package identifier when getting value for resource number 0x00000000
01-18 20:40:39.592 19474 19474 W ResourceType: No package identifier when getting value for resource number 0x00000000
01-18 20:40:39.593 19474 19474 W ResourceType: Failure getting entry for 0x7f0b0005 (t=10 e=5) (error -75)
01-18 20:40:39.593 19474 19474 W ResourceType: No package identifier when getting value for resource number 0x00000000
01-18 20:40:39.593 19474 19474 W ResourceType: No package identifier when getting value for resource number 0x00000000
01-18 20:40:39.594 19474 19474 W ResourceType: No package identifier when getting value for resource number 0x00000000
01-18 20:40:39.594 19474 19474 W ResourceType: No package identifier when getting value for resource number 0x00000000
01-18 20:40:39.594 19474 19474 W ResourceType: No package identifier when getting value for resource number 0x00000000
01-18 20:40:39.595 19474 19474 W ResourceType: No package identifier when getting value for resource number 0x00000000
01-18 20:40:39.595 19474 19474 W ResourceType: No package identifier when getting value for resource number 0x00000000
01-18 20:40:39.595 19474 19474 W ResourceType: No package identifier when getting value for resource number 0x00000000
01-18 20:40:39.596 19474 19474 W ResourceType: No package identifier when getting value for resource number 0x00000000
01-18 20:40:39.596 19474 19474 W ResourceType: No package identifier when getting value for resource number 0x00000000
01-18 20:40:39.596 19474 19474 W ResourceType: No package identifier when getting value for resource number 0x00000000
01-18 20:40:39.596 19474 19474 W ResourceType: No package identifier when getting value for resource number 0x00000000
01-18 20:40:39.597 19474 19474 W ResourceType: No package identifier when getting value for resource number 0x00000000
01-18 20:40:39.597 19474 19474 W ResourceType: No package identifier when getting value for resource number 0x00000000
01-18 20:40:39.597 19474 19474 W ResourceType: No package identifier when getting value for resource number 0x00000000
01-18 20:40:39.598 19474 19474 W ResourceType: No package identifier when getting value for resource number 0x00000000
01-18 20:40:39.598 19474 19474 W ResourceType: No package identifier when getting value for resource number 0x00000000
01-18 20:40:39.598 19474 19474 I SA      : support phone number id : true
01-18 20:40:39.598 19474 19474 I SA      : [DM] Supports Ref Jpn : true
01-18 20:40:39.599 19474 19474 I SA      : [DM] init END
01-18 20:40:39.630  3757  6272 D MountService: getExternalStorageMountMode : 1
01-18 20:40:39.630  3757  6272 D MountService: getExternalStorageMountMode : 3
01-18 20:40:39.631  3757  6272 D MountService: getExternalStorageMountMode : final mountMode=1, uid : 1000, packageName : com.policydm
01-18 20:40:39.649 19496 19496 E Zygote  : v2
01-18 20:40:39.650 19496 19496 I libpersona: KNOX_SDCARD checking this for 1000
01-18 20:40:39.650 19496 19496 I libpersona: KNOX_SDCARD not a persona
01-18 20:40:39.650  3757  6272 I ActivityManager: Start proc 19496:com.policydm/1000 for broadcast com.policydm/com.sec.android.policyagent.RegistrationReceiver
01-18 20:40:39.652 19496 19496 E Zygote  : accessInfo : 0
01-18 20:40:39.654 19496 19496 W SELinux : SELinux selinux_android_compute_policy_index : Policy Index[2],  Con:u:r:zygote:s0 RAM:SEPF_SECMOBILE_7.0_0009, [-1 -1 -1 -1 0 1]
01-18 20:40:39.655  3757  6272 I ActivityManager: Killing 18143:com.samsung.android.spdfnote/u0a279 (adj 906): DHA:empty #31
01-18 20:40:39.656 19496 19496 I SELinux : SELinux: seapp_context_lookup: seinfo=platform, pkgname=com.policydm 
01-18 20:40:39.699  3757  5901 D ActivityManager: cleanUpApplicationRecord -- 18143
01-18 20:40:39.702  6011  6027 D ForegroundUtils: could not check pending caller
01-18 20:40:39.703 19496 19496 D TimaKeyStoreProvider: TimaKeyStore is not enabled: cannot add TimaSignature Service and generateKeyPair Service
01-18 20:40:39.706  3757  4469 D CompatibilityInfo: mCompatibilityFlags - 0
01-18 20:40:39.706  3757  4469 D CompatibilityInfo: applicationDensity - 420
01-18 20:40:39.706  3757  4469 D CompatibilityInfo: applicationScale - 1.0
01-18 20:40:39.706  3757  4469 I ActivityManager: DSS on for com.policydm and scale is 1.0
01-18 20:40:39.709  3757  4469 D CompatibilityInfo: mCompatibilityFlags - 0
01-18 20:40:39.709  3757  4469 D CompatibilityInfo: applicationDensity - 420
01-18 20:40:39.709  3757  4469 D CompatibilityInfo: applicationScale - 1.0
01-18 20:40:39.715  3757  4469 D CompatibilityInfo: mCompatibilityFlags - 0
01-18 20:40:39.715  3757  4469 D CompatibilityInfo: applicationDensity - 420
01-18 20:40:39.715  3757  4469 D CompatibilityInfo: applicationScale - 1.0
01-18 20:40:39.738 19496 19496 I art     : Starting a blocking GC AddRemoveAppImageSpace
01-18 20:40:39.740 19496 19496 W System  : ClassLoader referenced unknown path: /system/priv-app/SPDClient/lib/arm64
01-18 20:40:39.768 19496 19496 I FOTA    : [lllIIIIIIlllIlIIIIII(108/llIIIIlllllIIllIIllI)] oms: /customer.xml
01-18 20:40:39.768 19496 19496 I FOTA    : [lllIIIIIIlllIlIIIIII(199/lllIlIlIIIllIIlIllIl)] read default : /system/csc/customer.xml
01-18 20:40:39.783 19496 19496 I FOTA    : [com.sec.android.policyagent.PolicyApplication(36/onCreate)] PolicyApplication onCreated!
01-18 20:40:39.804 19496 19496 I DBG_POLICYDM: [com.policydm.db.llIIIIlllllIIllIIllI(186/llIIIIlllllIIllIIllI)] try read dbString
01-18 20:40:39.818 19496 19496 I DBG_POLICYDM: [com.policydm.db.XDB(231/IllIlIIIIlIIlIIIllIl)] xdbDMffs_Init
01-18 20:40:39.884 19496 19496 I DBG_POLICYDM: [com.policydm.XDMService(163/llIIIIlllllIIllIIllI)] xdmUIHandelerInit
01-18 20:40:39.891 19496 19496 I DBG_POLICYDM: [com.policydm.db.IIIlIIllIlIIllIlllII(455/IIIIIIlIIIllllllIlII)] xdbGetFUMOStatus : 0
01-18 20:40:39.893 19496 19496 I DBG_POLICYDM: [com.policydm.XDMService(587/llIlIllllllllllllllI)] get NotibarState : 0
01-18 20:40:39.895 19496 19496 I DBG_POLICYDM: [com.policydm.db.IIIIllIlIIlIIIIlllIl(52/llIIIIlllllIIllIIllI)] doesn't exist target file: /data/security/sepolicy
01-18 20:40:39.896 19496 19496 I DBG_POLICYDM: [com.policydm.db.IIIIllIlIIlIIIIlllIl(52/llIIIIlllllIIllIIllI)] doesn't exist target file: /data/security/seapp_contexts
01-18 20:40:39.896 19496 19496 I DBG_POLICYDM: [com.policydm.db.IIIIllIlIIlIIIIlllIl(52/llIIIIlllllIIllIIllI)] doesn't exist target file: /data/security/property_contexts
01-18 20:40:39.897 19496 19496 I DBG_POLICYDM: [com.policydm.db.IIIIllIlIIlIIIIlllIl(52/llIIIIlllllIIllIIllI)] doesn't exist target file: /data/security/file_contexts.bin
01-18 20:40:39.897 19496 19496 I DBG_POLICYDM: [com.policydm.db.IIIIllIlIIlIIIIlllIl(52/llIIIIlllllIIllIIllI)] doesn't exist target file: /data/security/service_contexts
01-18 20:40:39.898 19496 19496 I DBG_POLICYDM: [com.policydm.db.IIIIllIlIIlIIIIlllIl(52/llIIIIlllllIIllIIllI)] doesn't exist target file: /data/security/mac_permissions.xml
01-18 20:40:39.898 19496 19496 I DBG_POLICYDM: [com.sec.android.policyagent.RegistrationReceiver(41/llIIIIlllllIIllIIllI)] RegistrationReceiver onReceive! action = android.intent.action.TIME_SET
01-18 20:40:39.907 19496 19496 I DBG_POLICYDM: [com.sec.android.policyagent.RegistrationReceiver(85/llIIIIlllllIIllIIllI)] Already device registered...
01-18 20:40:39.908 19496 19496 I DBG_POLICYDM: [com.sec.android.policyagent.RegistrationReceiver(295/lllIlIlIIIllIIlIllIl)] OMC not Supported model
01-18 20:40:39.913 19496 19496 I DBG_POLICYDM: [llllIlIIIIIlIlllllIl(115/llIlIIIIlIIIIIlIlIII)] Next polling time:2017/09/27/15:31:08
01-18 20:40:39.913 19496 19496 I DBG_POLICYDM: [llllIlIIIIIlIlllllIl(116/llIlIIIIlIIIIIlIlIII)] Polling time is not vaild
01-18 20:40:39.914 19496 19496 I DBG_POLICYDM: [com.sec.android.policyagent.RegistrationReceiver(254/llIIIIlllllIIllIIllI)] Heartbeat settings is activated.
01-18 20:40:39.915 19496 19496 I DBG_POLICYDM: [llIllIIlIIIIIIIllllI(52/llllIIIllIlIIIIllllI)] Next heartbeat time:2017/09/27/03:32:12
01-18 20:40:39.915 19496 19496 I DBG_POLICYDM: [llIllIIlIIIIIIIllllI(58/llllIIIllIlIIIIllllI)] heartbeat time is not vaild
01-18 20:40:39.921  3757  5062 D CompatibilityInfo: mCompatibilityFlags - 0
01-18 20:40:39.921  3757  5062 D CompatibilityInfo: applicationDensity - 420
01-18 20:40:39.921  3757  5062 D CompatibilityInfo: applicationScale - 1.0
01-18 20:40:39.936  3757  3770 D CompatibilityInfo: mCompatibilityFlags - 0
01-18 20:40:39.937  3757  3770 D CompatibilityInfo: applicationDensity - 420
01-18 20:40:39.937  3757  3770 D CompatibilityInfo: applicationScale - 1.0
01-18 20:40:39.940 19322 19322 D BlueLightFilterService: Broadcast Receiver: TIME_SET or TIMEZONE_CHANGED
01-18 20:40:39.948 19322 19322 D BlueLightFilterService: TIME_SET or TIMEZONE_CHANGED
01-18 20:40:39.950  3757  5063 D MountService: getExternalStorageMountMode : 1
01-18 20:40:39.950  3757  5063 D MountService: getExternalStorageMountMode : 3
01-18 20:40:39.950  3757  5063 D MountService: getExternalStorageMountMode : final mountMode=1, uid : 10285, packageName : com.samsung.android.calendar
01-18 20:40:39.971 19517 19517 E Zygote  : v2
01-18 20:40:39.972 19517 19517 I libpersona: KNOX_SDCARD checking this for 10285
01-18 20:40:39.972 19517 19517 I libpersona: KNOX_SDCARD not a persona
01-18 20:40:39.973  3757  5063 I ActivityManager: Start proc 19517:com.samsung.android.calendar/u0a285 for broadcast com.samsung.android.calendar/com.android.calendar.alerts.receiver.AlertActionReceiver
01-18 20:40:39.977  3757  5063 I ActivityManager: Killing 18314:com.enhance.gameservice/u0a128 (adj 906): DHA:empty #31
01-18 20:40:39.981 19517 19517 E Zygote  : accessInfo : 0
01-18 20:40:39.982 19517 19517 W SELinux : SELinux selinux_android_compute_policy_index : Policy Index[2],  Con:u:r:zygote:s0 RAM:SEPF_SECMOBILE_7.0_0009, [-1 -1 -1 -1 0 1]
01-18 20:40:39.984 19517 19517 I SELinux : SELinux: seapp_context_lookup: seinfo=platform, level=s0:c512,c768, pkgname=com.samsung.android.calendar 
01-18 20:40:40.019  3757  2859 D ActivityManager: cleanUpApplicationRecord -- 18314
01-18 20:40:40.020 19517 19517 D TimaKeyStoreProvider: TimaKeyStore is not enabled: cannot add TimaSignature Service and generateKeyPair Service
01-18 20:40:40.021  6011  6033 D ForegroundUtils: could not check pending caller
01-18 20:40:40.028  3757  4473 D CompatibilityInfo: mCompatibilityFlags - 0
01-18 20:40:40.028  3757  4473 D CompatibilityInfo: applicationDensity - 420
01-18 20:40:40.028  3757  4473 D CompatibilityInfo: applicationScale - 1.0
01-18 20:40:40.028  3757  4473 I ActivityManager: DSS on for com.samsung.android.calendar and scale is 1.0
01-18 20:40:40.029  3757  4473 D CompatibilityInfo: mCompatibilityFlags - 0
01-18 20:40:40.030  3757  4473 D CompatibilityInfo: applicationDensity - 420
01-18 20:40:40.030  3757  4473 D CompatibilityInfo: applicationScale - 1.0
01-18 20:40:40.037  3757  4473 D CompatibilityInfo: mCompatibilityFlags - 0
01-18 20:40:40.037  3757  4473 D CompatibilityInfo: applicationDensity - 420
01-18 20:40:40.037  3757  4473 D CompatibilityInfo: applicationScale - 1.0
01-18 20:40:40.057 19517 19517 W System  : ClassLoader referenced unknown path: /system/app/SamsungCalendar_Stable/lib/arm64
01-18 20:40:40.073 19517 19517 I MultiDex: VM with version 2.1.0 has multidex support
01-18 20:40:40.073 19517 19517 I MultiDex: install
01-18 20:40:40.073 19517 19517 I MultiDex: VM has multidex support, MultiDex support library is disabled.
01-18 20:40:40.093 19517 19517 D SamsungAnalytics:1.8.22: cf feature is supported
01-18 20:40:40.097 19517 19517 D SamsungAnalytics:1.8.22: [Tracker] Tracker start:1.8.22
01-18 20:40:40.114  3757  7201 D CompatibilityInfo: mCompatibilityFlags - 0
01-18 20:40:40.114  3757  7201 D CompatibilityInfo: applicationDensity - 420
01-18 20:40:40.115  3757  7201 D CompatibilityInfo: applicationScale - 1.0
01-18 20:40:40.119  3757  3770 D CompatibilityInfo: mCompatibilityFlags - 0
01-18 20:40:40.119  3757  3770 D CompatibilityInfo: applicationDensity - 420
01-18 20:40:40.119  3757  3770 D CompatibilityInfo: applicationScale - 1.0
01-18 20:40:40.120 19517 19533 D SPlannerAlarm: [AlertMainService] android.intent.action.TIME_SET
01-18 20:40:40.129  3757 32085 D MountService: getExternalStorageMountMode : 3
01-18 20:40:40.129  3757 32085 D MountService: getExternalStorageMountMode : 3
01-18 20:40:40.129  3757 32085 D MountService: getExternalStorageMountMode : final mountMode=3, uid : 10042, packageName : com.android.providers.calendar
01-18 20:40:40.147  3757 32085 I ActivityManager: Start proc 19535:com.android.providers.calendar/u0a42 for content provider com.android.providers.calendar/.CalendarProvider2
01-18 20:40:40.148 19535 19535 E Zygote  : v2
01-18 20:40:40.148 19535 19535 I libpersona: KNOX_SDCARD checking this for 10042
01-18 20:40:40.148 19535 19535 I libpersona: KNOX_SDCARD not a persona
01-18 20:40:40.149 19535 19535 E Zygote  : accessInfo : 0
01-18 20:40:40.150 19535 19535 W SELinux : SELinux selinux_android_compute_policy_index : Policy Index[2],  Con:u:r:zygote:s0 RAM:SEPF_SECMOBILE_7.0_0009, [-1 -1 -1 -1 0 1]
01-18 20:40:40.151  3757  7216 D CompatibilityInfo: mCompatibilityFlags - 0
01-18 20:40:40.151  3757  7216 D CompatibilityInfo: applicationDensity - 420
01-18 20:40:40.151  3757  7216 D CompatibilityInfo: applicationScale - 1.0
01-18 20:40:40.152 19535 19535 I SELinux : SELinux: seapp_context_lookup: seinfo=release, level=s0:c512,c768, pkgname=com.android.providers.calendar 
01-18 20:40:40.166  3757 10512 D SamsungAlarmManager: Cancel Alarm calling from uid:10285 pid :19517 / op:PendingIntent{4c0050f: PendingIntentRecord{fe6e99c com.samsung.android.calendar broadcastIntent}}
01-18 20:40:40.174  3757 29839 D CompatibilityInfo: mCompatibilityFlags - 0
01-18 20:40:40.174  3757 29839 D CompatibilityInfo: applicationDensity - 420
01-18 20:40:40.174  3757 29839 D CompatibilityInfo: applicationScale - 1.0
01-18 20:40:40.181  3757  7203 D SamsungAlarmManager: Cancel Alarm calling from uid:10285 pid :19517 / op:PendingIntent{b272fa5: PendingIntentRecord{fe6e99c com.samsung.android.calendar broadcastIntent}}
01-18 20:40:40.186 19535 19535 D TimaKeyStoreProvider: TimaKeyStore is not enabled: cannot add TimaSignature Service and generateKeyPair Service
01-18 20:40:40.189  3757  5901 D CompatibilityInfo: mCompatibilityFlags - 0
01-18 20:40:40.189  3757  5901 D CompatibilityInfo: applicationDensity - 420
01-18 20:40:40.189  3757  5901 D CompatibilityInfo: applicationScale - 1.0
01-18 20:40:40.189  3757  5901 I ActivityManager: DSS on for com.android.providers.calendar and scale is 1.0
01-18 20:40:40.191  3757  5901 D CompatibilityInfo: mCompatibilityFlags - 0
01-18 20:40:40.191  3757  5901 D CompatibilityInfo: applicationDensity - 420
01-18 20:40:40.191  3757  5901 D CompatibilityInfo: applicationScale - 1.0
01-18 20:40:40.202  3757  4469 D CompatibilityInfo: mCompatibilityFlags - 0
01-18 20:40:40.202  3757  4469 D CompatibilityInfo: applicationDensity - 420
01-18 20:40:40.202  3757  4469 D CompatibilityInfo: applicationScale - 1.0
01-18 20:40:40.212  3757  5902 D CompatibilityInfo: mCompatibilityFlags - 0
01-18 20:40:40.212  3757  5902 D CompatibilityInfo: applicationDensity - 420
01-18 20:40:40.212  3757  5902 D CompatibilityInfo: applicationScale - 1.0
01-18 20:40:40.220  3757  2859 D SamsungAlarmManager: Cancel Alarm calling from uid:10285 pid :19517 / op:PendingIntent{ed1bf7a: PendingIntentRecord{fe6e99c com.samsung.android.calendar broadcastIntent}}
01-18 20:40:40.223 19535 19535 I art     : Starting a blocking GC AddRemoveAppImageSpace
01-18 20:40:40.224 19535 19535 W System  : ClassLoader referenced unknown path: /system/priv-app/SecCalendarProvider_NOTSTICKER/lib/arm64
01-18 20:40:40.227  3757 10512 D CompatibilityInfo: mCompatibilityFlags - 0
01-18 20:40:40.227  3757 10512 D CompatibilityInfo: applicationDensity - 420
01-18 20:40:40.227  3757 10512 D CompatibilityInfo: applicationScale - 1.0
01-18 20:40:40.236  3757 29839 D CompatibilityInfo: mCompatibilityFlags - 0
01-18 20:40:40.236  3757 29839 D CompatibilityInfo: applicationDensity - 420
01-18 20:40:40.236  3757 29839 D CompatibilityInfo: applicationScale - 1.0
01-18 20:40:40.246  3757  6272 D MountService: getExternalStorageMountMode : 1
01-18 20:40:40.246  3757  6272 D MountService: getExternalStorageMountMode : 3
01-18 20:40:40.246  3757  6272 D MountService: getExternalStorageMountMode : final mountMode=1, uid : 10263, packageName : com.samsung.android.messaging
01-18 20:40:40.264 19549 19549 E Zygote  : v2
01-18 20:40:40.264 19549 19549 I libpersona: KNOX_SDCARD checking this for 10263
01-18 20:40:40.264 19549 19549 I libpersona: KNOX_SDCARD not a persona
01-18 20:40:40.265  3757  6272 I ActivityManager: Start proc 19549:com.samsung.android.messaging/u0a263 for broadcast com.samsung.android.messaging/com.android.mms.transaction.MessagingNotification
01-18 20:40:40.266 19549 19549 E Zygote  : accessInfo : 0
01-18 20:40:40.268 19549 19549 W SELinux : SELinux selinux_android_compute_policy_index : Policy Index[2],  Con:u:r:zygote:s0 RAM:SEPF_SECMOBILE_7.0_0009, [-1 -1 -1 -1 0 1]
01-18 20:40:40.270 19549 19549 I SELinux : SELinux: seapp_context_lookup: seinfo=platform, level=s0:c512,c768, pkgname=com.samsung.android.messaging 
01-18 20:40:40.281  3757  7203 D AudioService: getStreamVolume 3 index 70
01-18 20:40:40.301 19549 19549 D TimaKeyStoreProvider: TimaKeyStore is not enabled: cannot add TimaSignature Service and generateKeyPair Service
01-18 20:40:40.301  3757  5062 D CompatibilityInfo: mCompatibilityFlags - 0
01-18 20:40:40.301  3757  5062 D CompatibilityInfo: applicationDensity - 420
01-18 20:40:40.301  3757  5062 D CompatibilityInfo: applicationScale - 1.0
01-18 20:40:40.306  3757  7216 D CompatibilityInfo: mCompatibilityFlags - 0
01-18 20:40:40.306  3757  7216 D CompatibilityInfo: applicationDensity - 420
01-18 20:40:40.306  3757  7216 D CompatibilityInfo: applicationScale - 1.0
01-18 20:40:40.306  3757  7216 I ActivityManager: DSS on for com.samsung.android.messaging and scale is 1.0
01-18 20:40:40.309  3757  7216 D CompatibilityInfo: mCompatibilityFlags - 0
01-18 20:40:40.309  3757  7216 D CompatibilityInfo: applicationDensity - 420
01-18 20:40:40.309  3757  7216 D CompatibilityInfo: applicationScale - 1.0
01-18 20:40:40.320  3757  7216 D CompatibilityInfo: mCompatibilityFlags - 0
01-18 20:40:40.320  3757  7216 D CompatibilityInfo: applicationDensity - 420
01-18 20:40:40.320  3757  7216 D CompatibilityInfo: applicationScale - 1.0
01-18 20:40:40.345  4616  4823 D NetworkController.MobileSignalController(0/1): onSignalStrengthsChanged signalStrength=SignalStrength: 99 99 -120 -160 -120 -1 -1 13 -121 -13 148 2147483647 2147483647 0x3000 gsm|lte level=3
01-18 20:40:40.345  4616  4823 D NetworkController.MobileSignalController(0/1): getMobileIconGroup(): 13
01-18 20:40:40.345  4616  4823 D NetworkController.MobileSignalController(0/1): updateVZWMobileIconGroup(): 13
01-18 20:40:40.352  5035  5670 D EPDG -- [SMARTWIFI]: onSignalStrengthsChanged: Received signal strength change, phone type is: 2
01-18 20:40:40.352  5035  6446 D EPDG -- [SMARTWIFI]: lastLteRSRP is -109currentLteRSRP is -121
01-18 20:40:40.352  5035  6446 D EPDG -- [SMARTWIFI]: lastLteRSRQ is -11currentLteRSRQ is -13
01-18 20:40:40.352  5035  6446 D EPDG -- [SMARTWIFI]: lastCdmaDb is -16currentCdmaDb is -16
01-18 20:40:40.352  5035  6446 V EPDG -- [SMARTWIFI]: Radio oldest entry removed
01-18 20:40:40.353  5035  6446 V EPDG -- [SMARTWIFI]: New entry : (SignalStrength: 99 99 -120 -160 -120 -1 -1 13 -121 -13 148 2147483647 2147483647 0x3000 gsm|lte : 0 )
01-18 20:40:40.353  5035  6446 V EPDG -- [SMARTWIFI]: Radio entry added
01-18 20:40:40.355  4616  4823 D NetworkController.MobileSignalController(0/1): callState:0, callStateByPhone:false voLTECall:false voiceNetTpe:13 dataNetType:13, ine911:false, emergencyCallbackMode:false
01-18 20:40:40.382 19549 19549 I art     : Starting a blocking GC AddRemoveAppImageSpace
01-18 20:40:40.385 19549 19549 W System  : ClassLoader referenced unknown path: /system/priv-app/Messaging_Common/lib/arm64
01-18 20:40:40.440 19517 19533 D ScoverManager: serviceVersion : 17367040
01-18 20:40:40.440  3757  5062 D CoverManagerWhiteLists: isAllowedToUse : SIGNATURE_MATCH
01-18 20:40:40.446 19549 19549 D Mms/MmsApp: [start]    onCreate() consume time = 0.0
01-18 20:40:40.448  3757 29842 I ActivityManager: Killing 18857:com.google.android.partnersetup/u0a17 (adj 906): DHA:empty #31
01-18 20:40:40.455 19549 19549 D Mms/DbVersion: TP version = 157
01-18 20:40:40.455 19549 19549 E Mms/DbVersion: queryDbVersion,Elapsed time : 4.003625 ms
01-18 20:40:40.455 19549 19549 D Mms/DbVersion: MmsSmsDbVersion = 157
01-18 20:40:40.456 19549 19549 D Mms/CsVersion: CS sdk version = 1
01-18 20:40:40.456 19549 19549 E Mms/CsVersion: queryCsVersion,Elapsed time : 0.875375 ms
01-18 20:40:40.456 19549 19549 D Mms/CsVersion: CsVersion = 1
01-18 20:40:40.457 19549 19574 D Mms/ArtClassLoader: init before art first
01-18 20:40:40.458 19549 19576 D Mms/ArtClassLoader: init before art third
01-18 20:40:40.458 19549 19575 D Mms/ArtClassLoader: init before art second
01-18 20:40:40.465 19549 19549 D Mms/MmsApp: onCreate() com.samsung.android.messaging
01-18 20:40:40.465 19549 19549 D Mms/MmsApp: setDefaultPreference() China floating Message is enabled : false
01-18 20:40:40.466 19549 19576 D Mms/ArtClassLoader: init [DONE] art
01-18 20:40:40.468 19549 19549 D Mms/MmsConfig: [start]    MmsConfig.init() consume time = 21.239667
01-18 20:40:40.472 19549 19549 D Mms/MmsConfig: sPref_EMServiceStatus =false sIsInitializedEMStatus = false
01-18 20:40:40.472  3757 32085 D ActivityManager: cleanUpApplicationRecord -- 18857
01-18 20:40:40.475  6011  6027 D ForegroundUtils: could not check pending caller
01-18 20:40:40.476 19549 19549 D Mms/MmsConfig: Load Resize quality : 100
01-18 20:40:40.478 19549 19549 D Mms/SimStateHelper: isTempSwap() false, sConfigOmcVersion = 0
01-18 20:40:40.479 19549 19549 D Mms/MmsConfig: SupportPlayDuringCall = true
01-18 20:40:40.483 19549 19579 D Mms/PackageInfo: com.samsung.android.smartcallprovider is not installed
01-18 20:40:40.483 19549 19549 D Mms/MmsConfig:  enable multiwindow = false
01-18 20:40:40.484 19549 19549 D Mms/MmsConfig: isCustomTheme packageName=null
01-18 20:40:40.484 19549 19549 D Mms/MmsConfig: isCustomTheme : false
01-18 20:40:40.486  5024  7785 D TP/MmsSmsProvider: query, match:2117, calling pid = 19549, accessRestricted = false
01-18 20:40:40.490 19549 19575 D Mms/ArtClassLoader: init [DONE] art
01-18 20:40:40.491  5024  7785 D TP/MmsSmsProvider: query, match 2117:Elapsed time : 6.069 ms
01-18 20:40:40.491 19549 19549 D Mms/MmsConfig: [end]    init() consume time = 21.497917
01-18 20:40:40.491 19549 19549 D Mms/MmsApp: setDefaultPreferenceCmas, enalbeCmas=true, readAgain=false, provider=3
01-18 20:40:40.502 19549 19574 D Mms/TelephonyPermission: start operation mode monitor
01-18 20:40:40.502 19549 19574 D Mms/TelephonyPermission: User ID is null set current User Id
01-18 20:40:40.510 19549 19549 D a_0025  : Bixby Supported:false
01-18 20:40:40.511 19549 19549 D Mms/Contact: [start]    init() consume time = 21.528125
01-18 20:40:40.513 19549 19549 D Mms/Contact: [end]    init consume time = 1.880708
01-18 20:40:40.527 19549 19549 D Mms/MmsApp: getImsManager create a ImsManager
01-18 20:40:40.529 19549 19583 D Mms/Migration: before migration status :2
01-18 20:40:40.531 19549 19549 D ImsManager: Register Receiver for Restart
01-18 20:40:40.535 19549 19549 D Mms/MmsApp: getImsManager onConnected()
01-18 20:40:40.535 19549 19549 D Mms/MmsApp: initWhitePage
01-18 20:40:40.536 19549 19549 D Mms/PackageInfo: com.sgmc.phonenumberlocatorservice is not installed
01-18 20:40:40.536 19549 19549 D Mms/MmsApp: [end]    onCreate() consume time = 23.924042
01-18 20:40:40.537  5024  7823 D TP/MmsSmsProvider: query, match:13, calling pid = 19549, accessRestricted = false
01-18 20:40:40.540  5024  7823 D TP/MmsSmsProvider: query, match 13:Elapsed time : 3.816 ms
01-18 20:40:40.541  5024 29627 D TP/SmsProvider: query,matched:0, calling pid = 19549
01-18 20:40:40.547  5024 29627 D TP/SmsProvider: query, match 0:Elapsed time : 5.439 ms
01-18 20:40:40.554  3757  6272 D CompatibilityInfo: mCompatibilityFlags - 0
01-18 20:40:40.554  3757  6272 D CompatibilityInfo: applicationDensity - 420
01-18 20:40:40.554  3757  6272 D CompatibilityInfo: applicationScale - 1.0
01-18 20:40:40.556 19549 19583 D Mms/TelephonyUtils: hasIccCard simSlot = 0, returnValue = true
01-18 20:40:40.558 18923 18923 I [SC]SCloudReceiver: onReceive: android.intent.action.TIME_SET
01-18 20:40:40.565 18923 19584 I [SC]MetaManager: getDBValues - started.
01-18 20:40:40.567  3757 29842 D MountService: getExternalStorageMountMode : 1
01-18 20:40:40.567 18923 19584 I [SC]RequestProvider: query - started.
01-18 20:40:40.567  3757 29842 D MountService: getExternalStorageMountMode : 3
01-18 20:40:40.567  3757 29842 D MountService: getExternalStorageMountMode : final mountMode=1, uid : 1000, packageName : com.samsung.android.securitylogagent
01-18 20:40:40.571 18923 19584 I [SC]MetaManager: getPreviousSysTime - 1547859711217
01-18 20:40:40.571 18923 19584 I [SC]MetaManager: getDBValues - started.
01-18 20:40:40.571 19549 19574 D Mms/TelephonyPermission: default sms is not samsung's, return false
01-18 20:40:40.571 19549 19574 D Mms/TelephonyPermission: isDefault false
01-18 20:40:40.572 18923 19584 I [SC]RequestProvider: query - started.
01-18 20:40:40.572 19549 19583 D Mms/TelephonyUtils: hasIccCard simSlot = 1, returnValue = false
01-18 20:40:40.572 19549 19583 D Mms/TelephonyUtils: initInsertedSimNum = 1 and Sim1 true and Sim2 false
01-18 20:40:40.573 19549 19574 D Mms/TelephonyPermission: Already have a write permission
01-18 20:40:40.578 18923 19584 I [SC]MetaManager: getPreviousElapsedTime - 1060344872
01-18 20:40:40.591  3757 29842 I ActivityManager: Start proc 19586:com.samsung.android.securitylogagent/1000 for broadcast com.samsung.android.securitylogagent/.receivers.DateTimeChangedReceiver
01-18 20:40:40.598 19586 19586 E Zygote  : v2
01-18 20:40:40.599 19549 19574 D Mms/ArtClassLoader: init [DONE] art
01-18 20:40:40.602 19586 19586 I libpersona: KNOX_SDCARD checking this for 1000
01-18 20:40:40.602 19586 19586 I libpersona: KNOX_SDCARD not a persona
01-18 20:40:40.602 19549 19583 D Mms:transaction: roaming -> false (slotId = 0)
01-18 20:40:40.603 19549 19583 D Mms:transaction: [NotificationTransaction] getAutoDownloadState simSlot : 0
01-18 20:40:40.603 19549 19583 D Mms:transaction: isIgnoreNationalRoaming() = false
01-18 20:40:40.603 19549 19583 D Mms:transaction: auto download without roaming -> true
01-18 20:40:40.603 19549 19583 D Mms:transaction: [NotificationTransaction] getAutoDownloadState alwaysAuto : false, roaming : false
01-18 20:40:40.604 19549 19549 D Mms:transaction: Service state changed: Bundle[mParcelledData.dataSize=1736]
01-18 20:40:40.605 19586 19586 E Zygote  : accessInfo : 0
01-18 20:40:40.605 19549 19583 D Mms:transaction: roaming -> false (slotId = 1)
01-18 20:40:40.606 19549 19583 D Mms:transaction: [NotificationTransaction] getAutoDownloadState simSlot : 1
01-18 20:40:40.606 19549 19583 D Mms:transaction: isIgnoreNationalRoaming() = false
01-18 20:40:40.606 19549 19583 D Mms:transaction: auto download without roaming slot2 -> true
01-18 20:40:40.606 19549 19583 D Mms:transaction: [NotificationTransaction] getAutoDownloadState alwaysAutoSlot2 : false, roaming : false
01-18 20:40:40.606 19549 19583 D Mms:transaction: auto download during roaming secondary -> false
01-18 20:40:40.606 18923 19584 I [SC] Time Manager : Time Difference stored. TIME_DIFFERENCE : 18685812513, PREVIOUS_SYS_TIME : 1547862040600, PREVIOUS_ELAPSED_TIME1062673416
01-18 20:40:40.606 19549 19583 D Mms:transaction: mAutoDownload ------> true
01-18 20:40:40.606 19549 19583 D Mms:transaction: DownloadManager.init() done
01-18 20:40:40.607 19586 19586 W SELinux : SELinux selinux_android_compute_policy_index : Policy Index[2],  Con:u:r:zygote:s0 RAM:SEPF_SECMOBILE_7.0_0009, [-1 -1 -1 -1 0 1]
01-18 20:40:40.608 19586 19586 I SELinux : SELinux: seapp_context_lookup: seinfo=platform, pkgname=com.samsung.android.securitylogagent 
01-18 20:40:40.613  3757 29838 D SecContentProvider: query(), uri = 17 selection = isSettingsChangesAllowed
01-18 20:40:40.615  3757 29838 D SecContentProvider: called from android.uid.samsungcloud:5009
01-18 20:40:40.615 19549 19583 D Mms/MessageUtils: initContactImage
01-18 20:40:40.616 19549 19549 D Mms/MethodReflector: newFromBundle is called
01-18 20:40:40.619 18923 19584 I [SC]UriParser: URL: content://com.samsung.android.scloud.request/setting/PREVIOUS_ELAPSED_TIME
01-18 20:40:40.630 18923 19584 I [SC]MetaManager: updateDBValueL PREVIOUS_ELAPSED_TIME[value=1062673416] [1]
01-18 20:40:40.630 18923 19584 I [SC]UriParser: URL: content://com.samsung.android.scloud.request/setting/PREVIOUS_SYS_TIME
01-18 20:40:40.631 19549 19549 D Mms:transaction: roaming ------> false, mSimSlot = 0
01-18 20:40:40.632 18923 19584 I [SC]MetaManager: updateDBValueL PREVIOUS_SYS_TIME[value=1547862040600] [1]
01-18 20:40:40.634  6176  6176 V LauncherAppWidgetHostView: calculateWidgetSize: (target widgetsize)  using w/h 997 260 span 5 1 (widgetid 2) [current Gridsize : GRID_5x5]
01-18 20:40:40.634  6176  6176 D LauncherAppWidgetHostView: calculateWidgetSize() widget = Weather and Clock(widget id = 2) result hostview size = 1297 x 338
01-18 20:40:40.634  6176  6176 D LauncherAppWidgetHostView: setResizeScaleResult() 1297/ 338 scaleToResize = 0.76869696(widget id = 2)
01-18 20:40:40.639  6176  6176 V LauncherAppWidgetHostView: calculateWidgetSize: (target widgetsize)  using w/h 997 260 span 5 1 (widgetid 3) [current Gridsize : GRID_5x5]
01-18 20:40:40.639  6176  6176 D LauncherAppWidgetHostView: calculateWidgetSize() widget = Google(widget id = 3) result hostview size = 1297 x 338
01-18 20:40:40.639  6176  6176 D LauncherAppWidgetHostView: setResizeScaleResult() 1297/ 338 scaleToResize = 0.76869696(widget id = 3)
01-18 20:40:40.642 19586 19586 D TimaKeyStoreProvider: TimaKeyStore is not enabled: cannot add TimaSignature Service and generateKeyPair Service
01-18 20:40:40.645 19549 19549 D Mms:transaction: roaming -> false (slotId = 0)
01-18 20:40:40.645 19549 19549 D Mms:transaction: [NotificationTransaction] getAutoDownloadState simSlot : 0
01-18 20:40:40.645 19549 19549 D Mms:transaction: isIgnoreNationalRoaming() = false
01-18 20:40:40.645 19549 19549 D Mms:transaction: auto download without roaming -> true
01-18 20:40:40.645 19549 19549 D Mms:transaction: [NotificationTransaction] getAutoDownloadState alwaysAuto : false, roaming : false
01-18 20:40:40.645 19549 19549 D Mms:transaction: mAutoDownload ------> true
01-18 20:40:40.645  3757  7216 D CompatibilityInfo: mCompatibilityFlags - 0
01-18 20:40:40.645  3757  7216 D CompatibilityInfo: applicationDensity - 420
01-18 20:40:40.645  3757  7216 D CompatibilityInfo: applicationScale - 1.0
01-18 20:40:40.645  3757  7216 I ActivityManager: DSS on for com.samsung.android.securitylogagent and scale is 1.0
01-18 20:40:40.647  3757  7216 D CompatibilityInfo: mCompatibilityFlags - 0
01-18 20:40:40.647  3757  7216 D CompatibilityInfo: applicationDensity - 420
01-18 20:40:40.647  3757  7216 D CompatibilityInfo: applicationScale - 1.0
01-18 20:40:40.649  4616  4616 V hong    : mid yDiff = 382
01-18 20:40:40.649  4616  4616 V hong    : mid yDiff = 382
01-18 20:40:40.655  3757  7216 D CompatibilityInfo: mCompatibilityFlags - 0
01-18 20:40:40.655  3757  2859 D PackageManager: setEnabledSetting : userId = 0 packageName = com.samsung.android.messaging cmp = com.android.mms.ui.ComposeMessageMms newState = 1 callingPackage = 10263
01-18 20:40:40.655  3757  7216 D CompatibilityInfo: applicationDensity - 420
01-18 20:40:40.655  3757  7216 D CompatibilityInfo: applicationScale - 1.0
01-18 20:40:40.665  3757 29839 D PackageManager: setEnabledSetting : userId = 0 packageName = com.samsung.android.messaging cmp = com.android.mms.ui.ComposeMessageMmsNoVItem newState = 2 callingPackage = 10263
01-18 20:40:40.666  3757 32085 D PackageManager: setEnabledSetting : userId = 0 packageName = com.samsung.android.messaging cmp = com.android.mms.ui.RcsTransferContent newState = 2 callingPackage = 10263
01-18 20:40:40.666  3757 10496 D PackageManager: setEnabledSetting : userId = 0 packageName = com.samsung.android.messaging cmp = com.android.mms.ui.TmoTransferContent newState = 2 callingPackage = 10263
01-18 20:40:40.667  3757  7203 D PackageManager: setEnabledSetting : userId = 0 packageName = com.samsung.android.messaging cmp = com.android.mms.ui.TransferContent newState = 2 callingPackage = 10263
01-18 20:40:40.673  3757  5902 D PackageManager: setEnabledSetting : userId = 0 packageName = com.samsung.android.messaging cmp = com.android.mms.freemessage.EnhancedMessageEsuReceiver newState = 1 callingPackage = 10263
01-18 20:40:40.680 19586 19586 I art     : Starting a blocking GC AddRemoveAppImageSpace
01-18 20:40:40.681 19549 19549 D Mms/TelephonyUtils: ACTION_SIM_STATE_CHANGED
01-18 20:40:40.681 19549 19549 D Mms/TelephonyUtils: mSimStateReceiver(): simStatus = LOADED
01-18 20:40:40.681 19549 19549 D Mms/TelephonyUtils: getMultiSimCardCapability : 0, 0
01-18 20:40:40.682 19586 19586 W System  : ClassLoader referenced unknown path: /system/app/SecurityLogAgent/lib/arm64
01-18 20:40:40.686 19549 19583 D Mms/Conversation: [start]    init() consume time = 149.639541
01-18 20:40:40.687 19549 19549 D Mms/TelephonyUtils: getMultiSimCardCapability = 1
01-18 20:40:40.687 19549 19549 D Mms/TelephonyUtils: mSimStateReceiver() LOADED simCap : 1
01-18 20:40:40.690  5024 27597 D TP/MmsSmsProvider: delete, match:1, calling pid = 19549
01-18 20:40:40.690  5024 27597 D TP/MmsSmsProvider: deleteConversation threadId: 9223372036854775807
01-18 20:40:40.691  5024 27597 V TP/MmsSmsProvider: deleteConversation delete_sys_msg: true finalSelection=thread_id = 9223372036854775807
01-18 20:40:40.694 19549 19549 I Mms/TelephonyUtils: getSmsc pref_key_manage_smsc_address:"1903702
01-18 20:40:40.704  5024 27597 I TP/MmsSmsProvider: delete messages table selection : (thread_id = 9223372036854775807) AND (box_type = 3) null
01-18 20:40:40.706 19586 19586 D SecurityLogAgent: DateTimeReceiver : Date/Time Change Received
01-18 20:40:40.707  5024 27597 D TP/MmsSmsProvider: delete URI_CONVERSATIONS_MESSAGES affectedRows=0 isIntegrated=false
01-18 20:40:40.707  5024 27597 V TP/MmsSmsDatabaseHelper: updateThread(): threadId=9223372036854775807, isCheckThreadValidation=true, needImUpdate=1
01-18 20:40:40.709 19586 19586 D SecurityLogAgent: KnoxConfiguration : Current State = 1
01-18 20:40:40.709 19586 19586 D SecurityLogAgent: KnoxConfiguration : Current State Mapping Found 
01-18 20:40:40.709 19586 19586 D SecurityLogAgent: StateMachine : Current State = 1
01-18 20:40:40.716  3757  5063 D ConnectivityService: filterNetworkStateForUid() uid: 1000 networkInfo: [type: WIFI[] - WIFI, state: CONNECTED/CONNECTED, reason: (unspecified), extra: "wilkinson2.4", failover: false, available: true, roaming: false, metered: false]
01-18 20:40:40.717 19586 19586 D SecurityLogAgent: DateTimeReceiver : network = true
01-18 20:40:40.717 19586 19586 D SecurityLogAgent: DateTimeReceiver : is file present = true
01-18 20:40:40.717 19586 19586 D SecurityLogAgent: DateTimeReceiver : current Time mills = 1547862040717
01-18 20:40:40.717 19586 19586 D SecurityLogAgent: DateTimeReceiver : get activation time = 1481324233027
01-18 20:40:40.717 19586 19586 D SecurityLogAgent: DateTimeReceiver : security report = 0
01-18 20:40:40.718  3757  3770 D ConnectivityService: filterNetworkStateForUid() uid: 1000 networkInfo: [type: WIFI[] - WIFI, state: CONNECTED/CONNECTED, reason: (unspecified), extra: "wilkinson2.4", failover: false, available: true, roaming: false, metered: false]
01-18 20:40:40.724  3757  6272 D CompatibilityInfo: mCompatibilityFlags - 0
01-18 20:40:40.724  3757  6272 D CompatibilityInfo: applicationDensity - 420
01-18 20:40:40.724  3757  6272 D CompatibilityInfo: applicationScale - 1.0
01-18 20:40:40.725  5024 27597 V TP/MmsSmsDatabaseHelper: updateThreadView(): sUpgradeVersion = 0, db.getVersion() = 157
01-18 20:40:40.732 19549 19561 W art     : Suspending all threads took: 8.571ms
01-18 20:40:40.732  5024 27597 V TP/MmsSmsDatabaseHelper: updateThread(): end, affectedRows = 0
01-18 20:40:40.732  5024 27597 D TP/MmsSmsProvider: delete URI_CONVERSATIONS_MESSAGES affectedRows=0
01-18 20:40:40.732  5024 27597 D TP/MmsSmsProvider: delete threadId: 9223372036854775807
01-18 20:40:40.732  5024 27597 D TP/MmsSmsProvider: delete, match 1:Elapsed time : 42.850 ms
01-18 20:40:40.732  5024 27597 D TP/MmsSmsProvider: need read changed broadcast:false
01-18 20:40:40.733 19549 19583 D Mms/Conversation: [end]    init consume time = 46.897959
01-18 20:40:40.734 19549 19583 D Mms/DbVersion: add COLUMN_SECRET_MESSAGE
01-18 20:40:40.734 19549 19583 E Mms/DbVersion: createMessagesProjection,Elapsed time : 0.628834 ms
01-18 20:40:40.741 19549 19583 D Mms/MessagingNotificationLight: [start]    init() consume time = 8.263208
01-18 20:40:40.745 19549 19583 D Mms/MessagingNotificationLight: [end]    init consume time = 3.830042
01-18 20:40:40.745 19549 19583 D Mms/SpamFilter: [start]    SpamFilter fill() begin consume time = 0.171291
01-18 20:40:40.770  5024  6242 D TP/MmsSmsProvider: query, match:4000, calling pid = 19549, accessRestricted = false
01-18 20:40:40.770  5024 17681 D TP/MmsSmsProvider: query, match:400, calling pid = 19549, accessRestricted = false
01-18 20:40:40.775  5024  6242 D TP/MmsSmsProvider: query, match 4000:Elapsed time : 4.499 ms
01-18 20:40:40.776  3757  3770 D SamsungAlarmManager: Cancel Alarm calling from uid:10201 pid :19351 / op:PendingIntent{96a44c9: PendingIntentRecord{faab7ce com.sec.android.app.clockpackage broadcastIntent}}
01-18 20:40:40.778  3757  6272 D SamsungAlarmManager: Cancel Alarm calling from uid:10201 pid :19351 / op:PendingIntent{70536ef: PendingIntentRecord{fcf65fc com.sec.android.app.clockpackage broadcastIntent}}
01-18 20:40:40.800  3757 10512 D CompatibilityInfo: mCompatibilityFlags - 0
01-18 20:40:40.800  3757 10512 D CompatibilityInfo: applicationDensity - 420
01-18 20:40:40.800  3757 10512 D CompatibilityInfo: applicationScale - 1.0
01-18 20:40:40.814  3757  7203 D CompatibilityInfo: mCompatibilityFlags - 0
01-18 20:40:40.814  3757  7203 D CompatibilityInfo: applicationDensity - 420
01-18 20:40:40.814  3757  7203 D CompatibilityInfo: applicationScale - 1.0
01-18 20:40:40.820  3757  2858 D CompatibilityInfo: mCompatibilityFlags - 0
01-18 20:40:40.820  3757  2858 D CompatibilityInfo: applicationDensity - 420
01-18 20:40:40.820  3757  2858 D CompatibilityInfo: applicationScale - 1.0
01-18 20:40:40.832 19549 19583 D Mms/SpamFilter: [end]    SpamFilter fill() finished consume time = 87.031959
01-18 20:40:40.834 19549 19604 E Mms/DbUtils: rebuild done, 0 drafts,Elapsed time : 93.44938 ms
01-18 20:40:40.845  3757  5062 D SamsungAlarmManager: setInexact Intent (T:0/F:0/AC:false) 20190119T000000 - CU:10032/CP:18715
01-18 20:40:40.865  3757 29839 D SamsungAlarmManager: setInexact Intent (T:0/F:0/AC:false) 20190119T030000 - CU:10032/CP:18715
01-18 20:40:40.865  5024 29628 D TP/MmsSmsProvider: query, match:0, calling pid = 19549, accessRestricted = false
01-18 20:40:40.865  5024 29628 V TP/MmsSmsProvider: getSimpleConversations entered.
01-18 20:40:40.869  5024 29628 D TP/MmsSmsProvider: query, match 0:Elapsed time : 4.799 ms
