01-23 01:28:44.079 14654 14672 D UE4     : FAndroidGPUInfo
01-23 01:28:44.079  3757  4482 D InputTransport: Input channel constructed: fd=548
01-23 01:28:44.079 14654 14672 D UE4     : AndroidEGL::InitSurface 1, 1
01-23 01:28:44.079  3757  4482 D InputTransport: Input channel destroyed: fd=548
01-23 01:28:44.080  8465 14471 D InputTransport: Input channel constructed: fd=70
01-23 01:28:44.081 14654 14672 D mali_winsys: EGLint new_window_surface(egl_winsys_display*, void*, EGLSurface, EGLConfig, egl_winsys_surface**, egl_color_buffer_format*, EGLBoolean) returns 0x3000,  [8x8]-format:2
01-23 01:28:44.081  3757  4469 D InputTransport: Input channel constructed: fd=457
01-23 01:28:44.081 14654 14672 D UE4     : AndroidEGL::CreateEGLSurface() 0xe181f2a8
01-23 01:28:44.081 14654 14672 D UE4     : AndroidEGL::CreateEGLSurface(1), auxSurface = eglCreatePbufferSurface(), 8x8
01-23 01:28:44.081  3757  4469 D InputTransport: Input channel destroyed: fd=457
01-23 01:28:44.082 14654 14667 D InputTransport: Input channel constructed: fd=89
01-23 01:28:44.082 14654 14654 V InputMethodManager: Starting input: tba=android.view.inputmethod.EditorInfo@6abb2d nm : com.GeekTechnique.InfinityStack ic=null
01-23 01:28:44.084 14654 14654 D PermissionFragment: permission granted for android.permission.WRITE_EXTERNAL_STORAGE
01-23 01:28:44.085 14654 14672 D vulkan  : searching for layers in '/data/app/com.GeekTechnique.InfinityStack-1/lib/arm'
01-23 01:28:44.085 14654 14672 D vulkan  : searching for layers in '/data/app/com.GeekTechnique.InfinityStack-1/base.apk!/lib/armeabi-v7a'
01-23 01:28:44.085 14654 14672 D vulkan  : vulkan api version_1_0 1.0.0
01-23 01:28:44.085 14654 14672 D vulkan  : vulkan header version 13
01-23 01:28:44.092  3757  3771 D GameManagerService: sem_perfomance_mode: 0
01-23 01:28:44.092  3757  3757 D GameManagerService: NotifyRunnable. pkg: com.GeekTechnique.InfinityStack, type: 4, isMinimized: false, isTunableApp: false
01-23 01:28:44.092  3757  3757 D GameManagerService: do nothing. mKillNotiCount: 3
01-23 01:28:44.100  3757  4521 D MdnieScenarioControlService:  packageName : com.GeekTechnique.InfinityStack    className : com.epicgames.ue4.GameActivity
01-23 01:28:44.100 14654 14654 V threaded_app: Resume: 0xdb87bb40
01-23 01:28:44.100 14654 14673 V threaded_app: activityState=11
01-23 01:28:44.100 14654 14673 D UE4     : Case APP_CMD_RESUME
01-23 01:28:44.100 14654 14673 D UE4     : LogAndroidEvents: EnqueueAppEvent : 7, 0, tid = 14673
01-23 01:28:44.178 14654 14654 D UE4     : ==============> [JAVA] AndroidThunkJava_KeepScreenOn(false) - Enabled screen saver
01-23 01:28:44.179 14654 14654 D UE4     : Registering sensor listeners
01-23 01:28:44.180  3757  4440 I Sensors : Acc old sensor_state 0, new sensor_state : 1 en : 1
01-23 01:28:44.187 14654 14654 D SensorManager: registerListener :: 0, K6DS3TR Acceleration Sensor, 20000, 0,  
01-23 01:28:44.187  3757 10496 I Sensors : Mag old sensor_state 1, new sensor_state : 17 en : 1
01-23 01:28:44.188  3757  3774 D CompatibilityInfo: mCompatibilityFlags - 0
01-23 01:28:44.188  3757  3774 D CompatibilityInfo: applicationDensity - 420
01-23 01:28:44.188  3757  3774 D CompatibilityInfo: applicationScale - 1.0
01-23 01:28:44.195 14654 14654 D SensorManager: registerListener :: 1, AK09911C Magnetic field Sensor, 20000, 0,  
01-23 01:28:44.196  3757 31269 I Sensors : Gyro old sensor_state 17, new sensor_state : 19 en : 1
01-23 01:28:44.203 14654 14654 D SensorManager: registerListener :: 3, K6DS3TR Gyroscope Sensor, 20000, 0,  
01-23 01:28:44.203 14654 14654 D UE4     : App is running in Portrait
01-23 01:28:44.203 14654 14654 D UE4     : ==============> Resuming main init
01-23 01:28:44.203 14654 14654 D UE4     : ==============> GameActive.onResume complete!
01-23 01:28:44.204  3757 29842 D ActivityManager: post active user change for 0 fullscreen true isHomeActivity() false
01-23 01:28:44.204  3757 29842 D KnoxTimeoutHandler: postActiveUserChange [MsgParam] userId: 0 fullscreen is true showWhenlocked is false isMutiwindowRecord is false multiwindowstyle is 0
01-23 01:28:44.204  3757  3757 D KnoxTimeoutHandler: handleActiveUserChange [MsgParam] userId: 0 fullscreen is true showWhenlocked is false isMutiwindowRecord is false multiwindowstyle is 0
01-23 01:28:44.206  3757  3757 I KnoxTimeoutHandler: Shared devices show user statefalse
01-23 01:28:44.207  3757  3793 I WindowManager_SurfaceController: Destroying surface Surface(name=Starting com.GeekTechnique.InfinityStack) called by com.android.server.wm.WindowStateAnimator.destroySurface:2907 com.android.server.wm.WindowStateAnimator.destroySurfaceLocked:1120 com.android.server.wm.WindowState.destroyOrSaveSurface:2662 com.android.server.wm.AppWindowToken.destroySurfaces:423 com.android.server.wm.AppWindowToken.destroySurfaces:387 com.android.server.wm.WindowStateAnimator.finishExit:686 com.android.server.wm.WindowStateAnimator.stepAnimationLocked:570 com.android.server.wm.WindowAnimator.updateWindowsLocked:439 
01-23 01:28:44.207  3215  5562 I SurfaceFlinger: id=21708 Removed JnfinitySta (8/11)
01-23 01:28:44.212  3757  7203 V WindowManager: Relayout Window{9538199d0 u0 com.GeekTechnique.InfinityStack/com.epicgames.ue4.GameActivity}: viewVisibility=0 req=1080x1920 WM.LayoutParams{(0,0)(fillxfill) sim=#110 ty=1 fl=#1810500 pfl=0x20000 fmt=1 wanim=0x1030001 vsysui=0x400 needsMenuKey=2 naviIconColor=0}
01-23 01:28:44.215  3215  4549 I SurfaceFlinger: id=21708 Removed JnfinitySta (-2/11)
01-23 01:28:44.215 14654 14654 D ViewRootImpl@e972267[GameActivity]: Relayout returned: oldFrame=[0,0][1080,1920] newFrame=[0,0][1080,1920] result=0x1 surface={isValid=true -1026971648} surfaceGenerationChanged=false
01-23 01:28:44.225  6011  6027 D ForegroundUtils: could not check pending caller
01-23 01:28:44.230  3757  7204 D AppWidgetServiceImpl: updateAppWidgetInstanceLocked, merge! widget = AppWidgetId{3:Host{HostId{user:0, app:10081, hostId:1024, pkg:com.sec.android.app.launcher}}:Provider{ProviderId{user:0, app:10062, cmp:ComponentInfo{com.google.android.googlequicksearchbox/com.google.android.googlequicksearchbox.SearchWidgetProvider}}}}
01-23 01:28:44.231  3757  3757 D AppWidgetServiceImpl: handleNotifyUpdateAppWidget, w = AppWidgetId{3:Host{HostId{user:0, app:10081, hostId:1024, pkg:com.sec.android.app.launcher}}:Provider{ProviderId{user:0, app:10062, cmp:ComponentInfo{com.google.android.googlequicksearchbox/com.google.android.googlequicksearchbox.SearchWidgetProvider}}}}, isBlackListWidget = false, mIsPolicySeqNum = true, mIsPolicyTooLarge = true, mIsPolicySkipMerge = true
01-23 01:28:44.231  3757  3757 D AppWidgetServiceImpl: handleNotifyUpdateAppWidget, seqNumber = 29
01-23 01:28:44.232  6423  6447 W SearchServiceCore: Abort, client detached.
01-23 01:28:44.239  6176  6176 V LauncherAppWidgetHostView: calculateWidgetSize: (target widgetsize)  using w/h 997 260 span 5 1 (widgetid 2) [current Gridsize : GRID_5x5]
01-23 01:28:44.240  6176  6176 D LauncherAppWidgetHostView: calculateWidgetSize() widget = Weather and Clock(widget id = 2) result hostview size = 1297 x 338
01-23 01:28:44.240  6176  6176 D LauncherAppWidgetHostView: setResizeScaleResult() 1297/ 338 scaleToResize = 0.76869696(widget id = 2)
01-23 01:28:44.240  6176  6176 V LauncherAppWidgetHostView: calculateWidgetSize: (target widgetsize)  using w/h 997 260 span 5 1 (widgetid 3) [current Gridsize : GRID_5x5]
01-23 01:28:44.240  6176  6176 D LauncherAppWidgetHostView: calculateWidgetSize() widget = Google(widget id = 3) result hostview size = 1297 x 338
01-23 01:28:44.240  6176  6176 D LauncherAppWidgetHostView: setResizeScaleResult() 1297/ 338 scaleToResize = 0.76869696(widget id = 3)
01-23 01:28:44.318  3757  3757 D CustomFrequencyManagerService: releaseDVFSLockLocked : Getting Lock type frm List : DVFS_MIN_LIMIT  frequency : 1704000  uid : 1000  pid : 3757  tag : AMS_RESUME_TAIL@CPU_MIN@51
01-23 01:28:44.356  3757  4521 D MdnieScenarioControlService:  packageName : com.GeekTechnique.InfinityStack    className : com.epicgames.ue4.GameActivity
01-23 01:28:44.393 14654 14672 D UE4     : LogPluginManager: Mounting plugin Paper2D
01-23 01:28:44.397 14654 14672 D UE4     : LogPluginManager: Mounting plugin AISupport
01-23 01:28:44.399 14654 14672 D UE4     : LogPluginManager: Mounting plugin LightPropagationVolume
01-23 01:28:44.400 14654 14672 D UE4     : LogPluginManager: Mounting plugin AssetManagerEditor
01-23 01:28:44.402 14654 14672 D UE4     : LogPluginManager: Mounting plugin CryptoKeys
01-23 01:28:44.403 14654 14672 D UE4     : LogPluginManager: Mounting plugin FacialAnimation
01-23 01:28:44.405 14654 14672 D UE4     : LogPluginManager: Mounting plugin MeshEditor
01-23 01:28:44.406 14654 14672 D UE4     : LogPluginManager: Mounting plugin DatasmithContent
01-23 01:28:44.408 14654 14672 D UE4     : LogPluginManager: Mounting plugin VariantManagerContent
01-23 01:28:44.409 14654 14672 D UE4     : LogPluginManager: Mounting plugin AlembicImporter
01-23 01:28:44.411 14654 14672 D UE4     : LogPluginManager: Mounting plugin AppleImageUtils
01-23 01:28:44.412 14654 14672 D UE4     : LogPluginManager: Mounting plugin AppleVision
01-23 01:28:44.414 14654 14672 D UE4     : LogPluginManager: Mounting plugin BackChannel
01-23 01:28:44.415 14654 14672 D UE4     : LogPluginManager: Mounting plugin CharacterAI
01-23 01:28:44.416 14654 14672 D UE4     : LogPluginManager: Mounting plugin GeometryCache
01-23 01:28:44.418 14654 14672 D UE4     : LogPluginManager: Mounting plugin AndroidMedia
01-23 01:28:44.419 14654 14672 D UE4     : LogPluginManager: Mounting plugin ImgMedia
01-23 01:28:44.421 14654 14672 D UE4     : LogPluginManager: Mounting plugin LinearTimecode
01-23 01:28:44.422 14654 14672 D UE4     : LogPluginManager: Mounting plugin MediaCompositing
01-23 01:28:44.424 14654 14672 D UE4     : LogPluginManager: Mounting plugin TcpMessaging
01-23 01:28:44.425 14654 14672 D UE4     : LogPluginManager: Mounting plugin UdpMessaging
01-23 01:28:44.426 14654 14672 D UE4     : LogPluginManager: Mounting plugin ActorSequence
01-23 01:28:44.428 14654 14672 D UE4     : LogPluginManager: Mounting plugin NetcodeUnitTest
01-23 01:28:44.429 14654 14672 D UE4     : LogPluginManager: Mounting plugin NUTUnrealEngine4
01-23 01:28:44.431 14654 14672 D UE4     : LogPluginManager: Mounting plugin OnlineSubsystemGooglePlay
01-23 01:28:44.432 14654 14672 D UE4     : LogPluginManager: Mounting plugin OnlineSubsystem
01-23 01:28:44.434 14654 14672 D UE4     : LogPluginManager: Mounting plugin OnlineSubsystemNull
01-23 01:28:44.435 14654 14672 D UE4     : LogPluginManager: Mounting plugin OnlineSubsystemUtils
01-23 01:28:44.437 14654 14672 D UE4     : LogPluginManager: Mounting plugin AndroidDeviceProfileSelector
01-23 01:28:44.438 14654 14672 D UE4     : LogPluginManager: Mounting plugin AndroidMoviePlayer
01-23 01:28:44.440 14654 14672 D UE4     : LogPluginManager: Mounting plugin AndroidPermission
01-23 01:28:44.441 14654 14672 D UE4     : LogPluginManager: Mounting plugin ArchVisCharacter
01-23 01:28:44.443 14654 14672 D UE4     : LogPluginManager: Mounting plugin CableComponent
01-23 01:28:44.444 14654 14672 D UE4     : LogPluginManager: Mounting plugin CustomMeshComponent
01-23 01:28:44.445 14654 14672 D UE4     : LogPluginManager: Mounting plugin EditableMesh
01-23 01:28:44.447 14654 14672 D UE4     : LogPluginManager: Mounting plugin ExampleDeviceProfileSelector
01-23 01:28:44.448 14654 14672 D UE4     : LogPluginManager: Mounting plugin Firebase
01-23 01:28:44.450 14654 14672 D UE4     : LogPluginManager: Mounting plugin GoogleCloudMessaging
01-23 01:28:44.451 14654 14672 D UE4     : LogPluginManager: Mounting plugin LocationServicesBPLibrary
01-23 01:28:44.453 14654 14672 D UE4     : LogPluginManager: Mounting plugin MobilePatchingUtils
01-23 01:28:44.454 14654 14672 D UE4     : LogPluginManager: Mounting plugin OculusVR
01-23 01:28:44.459 14654 14672 D UE4     : LogPluginManager: Mounting plugin PhysXVehicles
01-23 01:28:44.463 14654 14672 D UE4     : LogPluginManager: Mounting plugin ProceduralMeshComponent
01-23 01:28:44.464 14654 14672 D UE4     : LogPluginManager: Mounting plugin RuntimePhysXCooking
01-23 01:28:44.466 14654 14672 D UE4     : LogPluginManager: Mounting plugin SteamVR
01-23 01:28:44.468 14654 14672 D UE4     : LogStreaming: Display: Took  0.076s to configure plugins.
01-23 01:28:44.526  3757  9599 D GamePkgDataHelper: getGamePkgData(). com.GeekTechnique.InfinityStack
01-23 01:28:44.526  3757  9599 D GameManagerService: identifyGamePackage. com.GeekTechnique.InfinityStack
01-23 01:28:44.526  3757  9599 D GameManagerService: identifyGamePackage. com.GeekTechnique.InfinityStack
01-23 01:28:44.529  3757  9599 D TelephonyManager: getAllCellInfo : Caller (PID / UID / TID): 3757 / 1000 / 9599
01-23 01:28:44.534  3757  9599 D GameManagerService: identifyGamePackage. com.GeekTechnique.InfinityStack
01-23 01:28:44.534  3757  9599 D GameManagerService: identifyGamePackage. com.GeekTechnique.InfinityStack
01-23 01:28:44.555 14654 14672 D UE4     : LogInit: Using libcurl 7.46.0
01-23 01:28:44.555 14654 14672 D UE4     : LogInit:  - built for arm-unknown-linux-androideabi
01-23 01:28:44.555 14654 14672 D UE4     : LogInit:  - supports SSL with OpenSSL/1.0.1s
01-23 01:28:44.555 14654 14672 D UE4     : LogInit:  - supports HTTP deflate (compression) using libz 1.2.8
01-23 01:28:44.555 14654 14672 D UE4     : LogInit:  - other features:
01-23 01:28:44.555 14654 14672 D UE4     : LogInit:      CURL_VERSION_SSL
01-23 01:28:44.555 14654 14672 D UE4     : LogInit:      CURL_VERSION_LIBZ
01-23 01:28:44.555 14654 14672 D UE4     : LogInit:      CURL_VERSION_IPV6
01-23 01:28:44.555 14654 14672 D UE4     : LogInit:      CURL_VERSION_ASYNCHDNS
01-23 01:28:44.555 14654 14672 D UE4     : LogInit:      CURL_VERSION_TLSAUTH_SRP
01-23 01:28:44.555 14654 14672 D UE4     : LogInit:  CurlRequestOptions (configurable via config and command line):
01-23 01:28:44.555 14654 14672 D UE4     : LogInit:  - bVerifyPeer = true  - Libcurl will verify peer certificate
01-23 01:28:44.555 14654 14672 D UE4     : LogInit:  - bUseHttpProxy = false  - Libcurl will NOT use HTTP proxy
01-23 01:28:44.556 14654 14672 D UE4     : LogInit:  - bDontReuseConnections = false  - Libcurl will reuse connections
01-23 01:28:44.556 14654 14672 D UE4     : LogInit:  - MaxHostConnections = 16  - Libcurl will limit the number of connections to a host
01-23 01:28:44.556 14654 14672 D UE4     : LogInit:  - LocalHostAddr = Default
01-23 01:28:44.556 14654 14672 D UE4     : LogInit:  - BufferSize = 65536
01-23 01:28:44.557 14654 14672 D UE4     : LogOnline: Display: OSS: OnlineSubsystemGooglePlayModule::StartupModule()
01-23 01:28:44.557 14654 14672 D UE4     : FOnlineSubsystemGooglePlay::Init
01-23 01:28:44.558 14654 14672 D UE4     : LogOnlineIdentity: Display: OSS: FOnlineIdentityGooglePlay::FOnlineIdentityGooglePlay()
01-23 01:28:44.558 14654 14672 D UE4     : FOnlineSubsystemGooglePlay::IsInAppPurchasingEnabled 0
01-23 01:28:44.564 14654 14672 D UE4     : LogHMD: App is not packaged for Gear VR
01-23 01:28:44.564 14654 14672 D UE4     : LogInit: Build: ++UE4+Release-4.21-CL-4613538
01-23 01:28:44.564 14654 14672 D UE4     : LogInit: Engine Version: 4.21.1-4613538+++UE4+Release-4.21
01-23 01:28:44.564 14654 14672 D UE4     : LogInit: Compatible Engine Version: 4.21.0-4541578+++UE4+Release-4.21
01-23 01:28:44.564 14654 14672 D UE4     : LogInit: Net CL: 4541578
01-23 01:28:44.564 14654 14672 D UE4     : LogInit: OS: Android (7.0), CPU: SM-N920V, GPU: Mali-T760
01-23 01:28:44.564 14654 14672 D UE4     : LogInit: Compiled (32-bit): Nov 30 2018 05:07:29
01-23 01:28:44.564 14654 14672 D UE4     : LogInit: Compiled with Clang: 3.8.275480 
01-23 01:28:44.564 14654 14672 D UE4     : LogInit: Build Configuration: Development
01-23 01:28:44.564 14654 14672 D UE4     : LogInit: Branch Name: ++UE4+Release-4.21
01-23 01:28:44.564 14654 14672 D UE4     : LogInit: Command Line:   /Game/Maps/StackMap -Messaging -SessionId=2C8FE2C342DC4D288BA3809849CC52EC -SessionOwner="nope" -SessionName="Launch On Device" -iterative
01-23 01:28:44.564 14654 14672 D UE4     : LogInit: Base Directory: 
01-23 01:28:44.564 14654 14672 D UE4     : LogInit: Installed Engine Build: 0
01-23 01:28:44.564 14654 14672 D UE4     : LogDevObjectVersion: Number of dev versions registered: 22
01-23 01:28:44.565 14654 14672 D UE4     : LogDevObjectVersion:   Dev-Blueprints (B0D832E4-1F89-4F0D-ACCF-7EB736FD4AA2): 10
01-23 01:28:44.565 14654 14672 D UE4     : LogDevObjectVersion:   Dev-Build (E1C64328-A22C-4D53-A36C-8E866417BD8C): 0
01-23 01:28:44.565 14654 14672 D UE4     : LogDevObjectVersion:   Dev-Core (375EC13C-06E4-48FB-B500-84F0262A717E): 2
01-23 01:28:44.565 14654 14672 D UE4     : LogDevObjectVersion:   Dev-Editor (E4B068ED-F494-42E9-A231-DA0B2E46BB41): 26
01-23 01:28:44.565 14654 14672 D UE4     : LogDevObjectVersion:   Dev-Framework (CFFC743F-43B0-4480-9391-14DF171D2073): 34
01-23 01:28:44.565 14654 14672 D UE4     : LogDevObjectVersion:   Dev-Mobile (B02B49B5-BB20-44E9-A304-32B752E40360): 2
01-23 01:28:44.565 14654 14672 D UE4     : LogDevObjectVersion:   Dev-Networking (A4E4105C-59A1-49B5-A7C5-40C4547EDFEE): 0
01-23 01:28:44.565 14654 14672 D UE4     : LogDevObjectVersion:   Dev-Online (39C831C9-5AE6-47DC-9A44-9C173E1C8E7C): 0
01-23 01:28:44.565 14654 14672 D UE4     : LogDevObjectVersion:   Dev-Physics (78F01B33-EBEA-4F98-B9B4-84EACCB95AA2): 0
01-23 01:28:44.565 14654 14672 D UE4     : LogDevObjectVersion:   Dev-Platform (6631380F-2D4D-43E0-8009-CF276956A95A): 0
01-23 01:28:44.565 14654 14672 D UE4     : LogDevObjectVersion:   Dev-Rendering (12F88B9F-8875-4AFC-A67C-D90C383ABD29): 27
01-23 01:28:44.565 14654 14672 D UE4     : LogDevObjectVersion:   Dev-Sequencer (7B5AE74C-D270-4C10-A958-57980B212A5A): 9
01-23 01:28:44.565 14654 14672 D UE4     : LogDevObjectVersion:   Dev-VR (D7296918-1DD6-4BDD-9DE2-64A83CC13884): 2
01-23 01:28:44.565 14654 14672 D UE4     : LogDevObjectVersion:   Dev-LoadTimes (C2A15278-BFE7-4AFE-6C17-90FF531DF755): 1
01-23 01:28:44.565 14654 14672 D UE4     : LogDevObjectVersion:   Private-Geometry (6EACA3D4-40EC-4CC1-B786-8BED09428FC5): 3
01-23 01:28:44.565 14654 14672 D UE4     : LogDevObjectVersion:   Dev-AnimPhys (29E575DD-E0A3-4627-9D10-D276232CDCEA): 17
01-23 01:28:44.565 14654 14672 D UE4     : LogDevObjectVersion:   Dev-Anim (AF43A65D-7FD3-4947-9873-3E8ED9C1BB05): 2
01-23 01:28:44.565 14654 14672 D UE4     : LogDevObjectVersion:   Dev-ReflectionCapture (6B266CEC-1EC7-4B8F-A30B-E4D90942FC07): 1
01-23 01:28:44.565 14654 14672 D UE4     : LogDevObjectVersion:   Dev-Automation (0DF73D61-A23F-47EA-B727-89E90C41499A): 1
01-23 01:28:44.565 14654 14672 D UE4     : LogDevObjectVersion:   FortniteMain (601D1886-AC64-4F84-AA16-D3DE0DEAC7D6): 17
01-23 01:28:44.565 14654 14672 D UE4     : LogDevObjectVersion:   Dev-Enterprise (9DFFBCD6-494F-0158-E221-12823C92A888): 4
01-23 01:28:44.565 14654 14672 D UE4     : LogDevObjectVersion:   Dev-Niagara (F2AED0AC-9AFE-416F-8664-AA7FFA26D6FC): 1
01-23 01:28:44.566 14654 14672 D UE4     : LogStreaming: Display: Took  0.001s to delete old logs.
01-23 01:28:44.606 14654 14672 D UE4     : LogInit: Presizing for max 131072 objects, including 1 objects not considered by GC, pre-allocating 0 bytes for permanent pool.
01-23 01:28:44.608 14654 14672 D UE4     : LogStreaming: Display: Async Loading initialized: Event Driven Loader: true, Async Loading Thread: false, Async Post Load: true
01-23 01:28:44.639 14654 14672 D UE4     : LogInit: Object subsystem initialized
01-23 01:28:44.644 14654 14672 D UE4     : LogConfig: Setting CVar [[con.DebugEarlyDefault:1]]
01-23 01:28:44.645 14654 14672 D UE4     : [2019.01.23-06.28.44:645][  0]LogConfig: Setting CVar [[con.DebugEarlyDefault:1]]
01-23 01:28:44.645 14654 14672 D UE4     : [2019.01.23-06.28.44:645][  0]LogConfig: Applying CVar settings from Section [/Script/Engine.RendererSettings] File [../../../StackerGame/Saved/Config/Android/Engine.ini]
01-23 01:28:44.645 14654 14672 D UE4     : [2019.01.23-06.28.44:645][  0]LogConfig: Setting CVar [[r.GPUCrashDebugging:0]]
01-23 01:28:44.645 14654 14672 D UE4     : [2019.01.23-06.28.44:645][  0]LogConfig: Setting CVar [[r.MobileHDR:1]]
01-23 01:28:44.645 14654 14672 D UE4     : [2019.01.23-06.28.44:645][  0]LogConfig: Setting CVar [[r.Mobile.DisableVertexFog:1]]
01-23 01:28:44.645 14654 14672 D UE4     : [2019.01.23-06.28.44:645][  0]LogConfig: Setting CVar [[r.Shadow.CSM.MaxMobileCascades:2]]
01-23 01:28:44.645 14654 14672 D UE4     : [2019.01.23-06.28.44:645][  0]LogConfig: Setting CVar [[r.MobileMSAA:1]]
01-23 01:28:44.645 14654 14672 D UE4     : [2019.01.23-06.28.44:645][  0]LogConfig: Setting CVar [[r.DiscardUnusedQuality:0]]
01-23 01:28:44.645 14654 14672 D UE4     : [2019.01.23-06.28.44:645][  0]LogConfig: Setting CVar [[r.AllowOcclusionQueries:1]]
01-23 01:28:44.646 14654 14672 D UE4     : [2019.01.23-06.28.44:645][  0]LogConfig: Setting CVar [[r.MinScreenRadiusForLights:0.030000]]
01-23 01:28:44.646 14654 14672 D UE4     : [2019.01.23-06.28.44:646][  0]LogConfig: Setting CVar [[r.MinScreenRadiusForDepthPrepass:0.030000]]
01-23 01:28:44.646 14654 14672 D UE4     : [2019.01.23-06.28.44:646][  0]LogConfig: Setting CVar [[r.MinScreenRadiusForCSMDepth:0.010000]]
01-23 01:28:44.646 14654 14672 D UE4     : [2019.01.23-06.28.44:646][  0]LogConfig: Setting CVar [[r.PrecomputedVisibilityWarning:0]]
01-23 01:28:44.646 14654 14672 D UE4     : [2019.01.23-06.28.44:646][  0]LogConfig: Setting CVar [[r.TextureStreaming:1]]
01-23 01:28:44.646 14654 14672 D UE4     : [2019.01.23-06.28.44:646][  0]LogConfig: Setting CVar [[Compat.UseDXT5NormalMaps:0]]
01-23 01:28:44.646 14654 14672 D UE4     : [2019.01.23-06.28.44:646][  0]LogConfig: Setting CVar [[r.ClearCoatNormal:0]]
01-23 01:28:44.646 14654 14672 D UE4     : [2019.01.23-06.28.44:646][  0]LogConfig: Setting CVar [[r.ReflectionCaptureResolution:128]]
01-23 01:28:44.646 14654 14672 D UE4     : [2019.01.23-06.28.44:646][  0]LogConfig: Setting CVar [[r.ReflectionEnvironmentLightmapMixBasedOnRoughness:1]]
01-23 01:28:44.646 14654 14672 D UE4     : [2019.01.23-06.28.44:646][  0]LogConfig: Setting CVar [[r.ForwardShading:0]]
01-23 01:28:44.646 14654 14672 D UE4     : [2019.01.23-06.28.44:646][  0]LogConfig: Setting CVar [[r.VertexFoggingForOpaque:1]]
01-23 01:28:44.646 14654 14672 D UE4     : [2019.01.23-06.28.44:646][  0]LogConfig: Setting CVar [[r.AllowStaticLighting:1]]
01-23 01:28:44.646 14654 14672 D UE4     : [2019.01.23-06.28.44:646][  0]LogConfig: Setting CVar [[r.NormalMapsForStaticLighting:0]]
01-23 01:28:44.646 14654 14672 D UE4     : [2019.01.23-06.28.44:646][  0]LogConfig: Setting CVar [[r.GenerateMeshDistanceFields:0]]
01-23 01:28:44.646 14654 14672 D UE4     : [2019.01.23-06.28.44:646][  0]LogConfig: Setting CVar [[r.DistanceFieldBuild.EightBit:0]]
01-23 01:28:44.646 14654 14672 D UE4     : [2019.01.23-06.28.44:646][  0]LogConfig: Setting CVar [[r.GenerateLandscapeGIData:0]]
01-23 01:28:44.646 14654 14672 D UE4     : [2019.01.23-06.28.44:646][  0]LogConfig: Setting CVar [[r.DistanceFieldBuild.Compress:0]]
01-23 01:28:44.647 14654 14672 D UE4     : [2019.01.23-06.28.44:647][  0]LogConfig: Setting CVar [[r.TessellationAdaptivePixelsPerTriangle:48.000000]]
01-23 01:28:44.647 14654 14672 D UE4     : [2019.01.23-06.28.44:647][  0]LogConfig: Setting CVar [[r.SeparateTranslucency:0]]
01-23 01:28:44.647 14654 14672 D UE4     : [2019.01.23-06.28.44:647][  0]LogConfig: Setting CVar [[r.TranslucentSortPolicy:0]]
01-23 01:28:44.647 14654 14672 D UE4     : [2019.01.23-06.28.44:647][  0]LogConfig: Setting CVar [[r.CustomDepth:1]]
01-23 01:28:44.647 14654 14672 D UE4     : [2019.01.23-06.28.44:647][  0]LogConfig: Setting CVar [[r.CustomDepthTemporalAAJitter:1]]
01-23 01:28:44.647 14654 14672 D UE4     : [2019.01.23-06.28.44:647][  0]LogConfig: Setting CVar [[r.PostProcessing.PropagateAlpha:1]]
01-23 01:28:44.647 14654 14672 D UE4     : [2019.01.23-06.28.44:647][  0]LogConfig: Setting CVar [[r.DefaultFeature.Bloom:0]]
01-23 01:28:44.647 14654 14672 D UE4     : [2019.01.23-06.28.44:647][  0]LogConfig: Setting CVar [[r.DefaultFeature.AmbientOcclusion:0]]
01-23 01:28:44.647 14654 14672 D UE4     : [2019.01.23-06.28.44:647][  0]LogConfig: Setting CVar [[r.DefaultFeature.AmbientOcclusionStaticFraction:1]]
01-23 01:28:44.647 14654 14672 D UE4     : [2019.01.23-06.28.44:647][  0]LogConfig: Setting CVar [[r.DefaultFeature.AutoExposure:0]]
01-23 01:28:44.647 14654 14672 D UE4     : [2019.01.23-06.28.44:647][  0]LogConfig: Setting CVar [[r.DefaultFeature.AutoExposure.Method:0]]
01-23 01:28:44.647 14654 14672 D UE4     : [2019.01.23-06.28.44:647][  0]LogConfig: Setting CVar [[r.DefaultFeature.MotionBlur:0]]
01-23 01:28:44.647 14654 14672 D UE4     : [2019.01.23-06.28.44:647][  0]LogConfig: Setting CVar [[r.DefaultFeature.LensFlare:0]]
01-23 01:28:44.647 14654 14672 D UE4     : [2019.01.23-06.28.44:647][  0]LogConfig: Setting CVar [[r.DefaultFeature.AntiAliasing:0]]
01-23 01:28:44.647 14654 14672 D UE4     : [2019.01.23-06.28.44:647][  0]LogConfig: Setting CVar [[r.Shadow.UnbuiltPreviewInGame:1]]
01-23 01:28:44.647 14654 14672 D UE4     : [2019.01.23-06.28.44:647][  0]LogConfig: Setting CVar [[r.StencilForLODDither:0]]
01-23 01:28:44.648 14654 14672 D UE4     : [2019.01.23-06.28.44:647][  0]LogConfig: Setting CVar [[r.EarlyZPass:3]]
01-23 01:28:44.648 14654 14672 D UE4     : [2019.01.23-06.28.44:648][  0]LogConfig: Setting CVar [[r.EarlyZPassMovable:1]]
01-23 01:28:44.648 14654 14672 D UE4     : [2019.01.23-06.28.44:648][  0]LogConfig: Setting CVar [[r.EarlyZPassOnlyMaterialMasking:0]]
01-23 01:28:44.648 14654 14672 D UE4     : [2019.01.23-06.28.44:648][  0]LogConfig: Setting CVar [[r.DBuffer:1]]
01-23 01:28:44.648 14654 14672 D UE4     : [2019.01.23-06.28.44:648][  0]LogConfig: Setting CVar [[r.ClearSceneMethod:1]]
01-23 01:28:44.648 14654 14672 D UE4     : [2019.01.23-06.28.44:648][  0]LogConfig: Setting CVar [[r.BasePassOutputsVelocity:0]]
01-23 01:28:44.648 14654 14672 D UE4     : [2019.01.23-06.28.44:648][  0]LogConfig: Setting CVar [[r.SelectiveBasePassOutputs:0]]
01-23 01:28:44.648 14654 14672 D UE4     : [2019.01.23-06.28.44:648][  0]LogConfig: Setting CVar [[r.AllowGlobalClipPlane:0]]
01-23 01:28:44.648 14654 14672 D UE4     : [2019.01.23-06.28.44:648][  0]LogConfig: Setting CVar [[r.GBufferFormat:1]]
01-23 01:28:44.648 14654 14672 D UE4     : [2019.01.23-06.28.44:648][  0]LogConfig: Setting CVar [[r.MorphTarget.Mode:1]]
01-23 01:28:44.648 14654 14672 D UE4     : [2019.01.23-06.28.44:648][  0]LogConfig: Setting CVar [[vr.InstancedStereo:0]]
01-23 01:28:44.648 14654 14672 D UE4     : [2019.01.23-06.28.44:648][  0]LogConfig: Setting CVar [[vr.MultiView:0]]
01-23 01:28:44.649 14654 14672 D UE4     : [2019.01.23-06.28.44:648][  0]LogConfig: Setting CVar [[vr.MobileMultiView:0]]
01-23 01:28:44.649 14654 14672 D UE4     : [2019.01.23-06.28.44:649][  0]LogConfig: Setting CVar [[vr.MobileMultiView.Direct:0]]
01-23 01:28:44.649 14654 14672 D UE4     : [2019.01.23-06.28.44:649][  0]LogConfig: Setting CVar [[vr.MonoscopicFarField:0]]
01-23 01:28:44.649 14654 14672 D UE4     : [2019.01.23-06.28.44:649][  0]LogConfig: Setting CVar [[r.WireframeCullThreshold:5.000000]]
01-23 01:28:44.649 14654 14672 D UE4     : [2019.01.23-06.28.44:649][  0]LogConfig: Setting CVar [[r.SupportStationarySkylight:1]]
01-23 01:28:44.649 14654 14672 D UE4     : [2019.01.23-06.28.44:649][  0]LogConfig: Setting CVar [[r.SupportLowQualityLightmaps:1]]
01-23 01:28:44.649 14654 14672 D UE4     : [2019.01.23-06.28.44:649][  0]LogConfig: Setting CVar [[r.SupportPointLightWholeSceneShadows:1]]
01-23 01:28:44.649 14654 14672 D UE4     : [2019.01.23-06.28.44:649][  0]LogConfig: Setting CVar [[r.SupportAtmosphericFog:1]]
01-23 01:28:44.649 14654 14672 D UE4     : [2019.01.23-06.28.44:649][  0]LogConfig: Setting CVar [[r.SkinCache.CompileShaders:0]]
01-23 01:28:44.649 14654 14672 D UE4     : [2019.01.23-06.28.44:649][  0]LogConfig: Setting CVar [[r.Mobile.EnableStaticAndCSMShadowReceivers:1]]
01-23 01:28:44.649 14654 14672 D UE4     : [2019.01.23-06.28.44:649][  0]LogConfig: Setting CVar [[r.Mobile.AllowDistanceFieldShadows:1]]
01-23 01:28:44.649 14654 14672 D UE4     : [2019.01.23-06.28.44:649][  0]LogConfig: Setting CVar [[r.Mobile.AllowMovableDirectionalLights:1]]
01-23 01:28:44.649 14654 14672 D UE4     : [2019.01.23-06.28.44:649][  0]LogConfig: Setting CVar [[r.MobileNumDynamicPointLights:4]]
01-23 01:28:44.649 14654 14672 D UE4     : [2019.01.23-06.28.44:649][  0]LogConfig: Setting CVar [[r.MobileDynamicPointLightsUseStaticBranch:1]]
01-23 01:28:44.649 14654 14672 D UE4     : [2019.01.23-06.28.44:649][  0]LogConfig: Setting CVar [[r.SkinCache.SceneMemoryLimitInMB:128.000000]]
01-23 01:28:44.649 14654 14672 D UE4     : [2019.01.23-06.28.44:649][  0]LogConfig: Setting CVar [[r.GPUSkin.Limit2BoneInfluences:0]]
01-23 01:28:44.649 14654 14672 D UE4     : [2019.01.23-06.28.44:649][  0]LogConfig: Setting CVar [[r.SupportDepthOnlyIndexBuffers:1]]
01-23 01:28:44.650 14654 14672 D UE4     : [2019.01.23-06.28.44:649][  0]LogConfig: Setting CVar [[r.SupportReversedIndexBuffers:1]]
01-23 01:28:44.650 14654 14672 D UE4     : [2019.01.23-06.28.44:650][  0]LogConfig: Applying CVar settings from Section [/Script/Engine.RendererOverrideSettings] File [../../../StackerGame/Saved/Config/Android/Engine.ini]
01-23 01:28:44.650 14654 14672 D UE4     : [2019.01.23-06.28.44:650][  0]LogConfig: Applying CVar settings from Section [/Script/Engine.StreamingSettings] File [../../../StackerGame/Saved/Config/Android/Engine.ini]
01-23 01:28:44.650 14654 14672 D UE4     : [2019.01.23-06.28.44:650][  0]LogConfig: Setting CVar [[s.MinBulkDataSizeForAsyncLoading:131072]]
01-23 01:28:44.650 14654 14672 D UE4     : [2019.01.23-06.28.44:650][  0]LogConfig: Setting CVar [[s.AsyncLoadingThreadEnabled:0]]
01-23 01:28:44.650 14654 14672 D UE4     : [2019.01.23-06.28.44:650][  0]LogConfig: Setting CVar [[s.EventDrivenLoaderEnabled:1]]
01-23 01:28:44.650 14654 14672 D UE4     : [2019.01.23-06.28.44:650][  0]LogConfig: Setting CVar [[s.WarnIfTimeLimitExceeded:0]]
01-23 01:28:44.650 14654 14672 D UE4     : [2019.01.23-06.28.44:650][  0]LogConfig: Setting CVar [[s.TimeLimitExceededMultiplier:1.5]]
01-23 01:28:44.650 14654 14672 D UE4     : [2019.01.23-06.28.44:650][  0]LogConfig: Setting CVar [[s.TimeLimitExceededMinTime:0.005]]
01-23 01:28:44.650 14654 14672 D UE4     : [2019.01.23-06.28.44:650][  0]LogConfig: Setting CVar [[s.UseBackgroundLevelStreaming:1]]
01-23 01:28:44.650 14654 14672 D UE4     : [2019.01.23-06.28.44:650][  0]LogConfig: Setting CVar [[s.PriorityAsyncLoadingExtraTime:15.0]]
01-23 01:28:44.650 14654 14672 D UE4     : [2019.01.23-06.28.44:650][  0]LogConfig: Setting CVar [[s.LevelStreamingActorsUpdateTimeLimit:5.0]]
01-23 01:28:44.650 14654 14672 D UE4     : [2019.01.23-06.28.44:650][  0]LogConfig: Setting CVar [[s.PriorityLevelStreamingActorsUpdateExtraTime:5.0]]
01-23 01:28:44.650 14654 14672 D UE4     : [2019.01.23-06.28.44:650][  0]LogConfig: Setting CVar [[s.LevelStreamingComponentsRegistrationGranularity:10]]
01-23 01:28:44.650 14654 14672 D UE4     : [2019.01.23-06.28.44:650][  0]LogConfig: Setting CVar [[s.UnregisterComponentsTimeLimit:1.0]]
01-23 01:28:44.650 14654 14672 D UE4     : [2019.01.23-06.28.44:650][  0]LogConfig: Setting CVar [[s.LevelStreamingComponentsUnregistrationGranularity:5]]
01-23 01:28:44.651 14654 14672 D UE4     : [2019.01.23-06.28.44:651][  0]LogConfig: Applying CVar settings from Section [/Script/Engine.GarbageCollectionSettings] File [../../../StackerGame/Saved/Config/Android/Engine.ini]
01-23 01:28:44.651 14654 14672 D UE4     : [2019.01.23-06.28.44:651][  0]LogConfig: Setting CVar [[gc.MaxObjectsNotConsideredByGC:1]]
01-23 01:28:44.651 14654 14672 D UE4     : [2019.01.23-06.28.44:651][  0]LogConfig: Setting CVar [[gc.SizeOfPermanentObjectPool:0]]
01-23 01:28:44.651 14654 14672 D UE4     : [2019.01.23-06.28.44:651][  0]LogConfig: Setting CVar [[gc.FlushStreamingOnGC:0]]
01-23 01:28:44.651 14654 14672 D UE4     : [2019.01.23-06.28.44:651][  0]LogConfig: Setting CVar [[gc.NumRetriesBeforeForcingGC:10]]
01-23 01:28:44.651 14654 14672 D UE4     : [2019.01.23-06.28.44:651][  0]LogConfig: Setting CVar [[gc.AllowParallelGC:1]]
01-23 01:28:44.651 14654 14672 D UE4     : [2019.01.23-06.28.44:651][  0]LogConfig: Setting CVar [[gc.TimeBetweenPurgingPendingKillObjects:61.1]]
01-23 01:28:44.651 14654 14672 D UE4     : [2019.01.23-06.28.44:651][  0]LogConfig: Setting CVar [[gc.MaxObjectsInEditor:8388607]]
01-23 01:28:44.651 14654 14672 D UE4     : [2019.01.23-06.28.44:651][  0]LogConfig: Setting CVar [[gc.IncrementalBeginDestroyEnabled:1]]
01-23 01:28:44.651 14654 14672 D UE4     : [2019.01.23-06.28.44:651][  0]LogConfig: Setting CVar [[gc.CreateGCClusters:1]]
01-23 01:28:44.651 14654 14672 D UE4     : [2019.01.23-06.28.44:651][  0]LogConfig: Setting CVar [[gc.MergeGCClusters:0]]
01-23 01:28:44.651 14654 14672 D UE4     : [2019.01.23-06.28.44:651][  0]LogConfig: Setting CVar [[gc.MinGCClusterSize:5]]
01-23 01:28:44.651 14654 14672 D UE4     : [2019.01.23-06.28.44:651][  0]LogConfig: Setting CVar [[gc.ActorClusteringEnabled:0]]
01-23 01:28:44.651 14654 14672 D UE4     : [2019.01.23-06.28.44:651][  0]LogConfig: Setting CVar [[gc.BlueprintClusteringEnabled:0]]
01-23 01:28:44.651 14654 14672 D UE4     : [2019.01.23-06.28.44:651][  0]LogConfig: Setting CVar [[gc.UseDisregardForGCOnDedicatedServers:0]]
01-23 01:28:44.651 14654 14672 D UE4     : [2019.01.23-06.28.44:651][  0]LogConfig: Setting CVar [[gc.MaxObjectsInGame:131072]]
01-23 01:28:44.652 14654 14672 D UE4     : [2019.01.23-06.28.44:652][  0]LogConfig: Applying CVar settings from Section [/Script/Engine.NetworkSettings] File [../../../StackerGame/Saved/Config/Android/Engine.ini]
01-23 01:28:44.652 14654 14672 D UE4     : [2019.01.23-06.28.44:652][  0]LogAndroid: Mobile HDR: YES
01-23 01:28:44.652 14654 14672 D UE4     : [2019.01.23-06.28.44:652][  0]LogAndroid: Setting Width=720 and Height=1280 (requested scale = 1.000000)
01-23 01:28:44.652 14654 14672 D UE4     : [2019.01.23-06.28.44:652][  0]LogConfig: Applying CVar settings from Section [ViewDistanceQuality@3] File [../../../StackerGame/Saved/Config/Android/Scalability.ini]
01-23 01:28:44.652 14654 14672 D UE4     : [2019.01.23-06.28.44:652][  0]LogConfig: Setting CVar [[r.SkeletalMeshLODBias:0]]
01-23 01:28:44.652 14654 14672 D UE4     : [2019.01.23-06.28.44:652][  0]LogConfig: Setting CVar [[r.ViewDistanceScale:1.0]]
01-23 01:28:44.653 14654 14672 D UE4     : [2019.01.23-06.28.44:653][  0]LogConfig: Applying CVar settings from Section [AntiAliasingQuality@3] File [../../../StackerGame/Saved/Config/Android/Scalability.ini]
01-23 01:28:44.653 14654 14672 D UE4     : [2019.01.23-06.28.44:653][  0]LogConfig: Setting CVar [[r.PostProcessAAQuality:4]]
01-23 01:28:44.653 14654 14672 D UE4     : [2019.01.23-06.28.44:653][  0]LogConfig: Applying CVar settings from Section [ShadowQuality@3] File [../../../StackerGame/Saved/Config/Android/Scalability.ini]
01-23 01:28:44.653 14654 14672 D UE4     : [2019.01.23-06.28.44:653][  0]LogConfig: Setting CVar [[r.LightFunctionQuality:1]]
01-23 01:28:44.653 14654 14672 D UE4     : [2019.01.23-06.28.44:653][  0]LogConfig: Setting CVar [[r.ShadowQuality:5]]
01-23 01:28:44.653 14654 14672 D UE4     : [2019.01.23-06.28.44:653][  0]LogConfig: Setting CVar [[r.Shadow.CSM.MaxCascades:10]]
01-23 01:28:44.653 14654 14672 D UE4     : [2019.01.23-06.28.44:653][  0]LogConfig: Setting CVar [[r.Shadow.MaxResolution:2048]]
01-23 01:28:44.653 14654 14672 D UE4     : [2019.01.23-06.28.44:653][  0]LogConfig: Setting CVar [[r.Shadow.MaxCSMResolution:2048]]
01-23 01:28:44.653 14654 14672 D UE4     : [2019.01.23-06.28.44:653][  0]LogConfig: Setting CVar [[r.Shadow.RadiusThreshold:0.01]]
01-23 01:28:44.653 14654 14672 D UE4     : [2019.01.23-06.28.44:653][  0]LogConfig: Setting CVar [[r.Shadow.DistanceScale:1.0]]
01-23 01:28:44.653 14654 14672 D UE4     : [2019.01.23-06.28.44:653][  0]LogConfig: Setting CVar [[r.Shadow.CSM.TransitionScale:1.0]]
01-23 01:28:44.653 14654 14672 D UE4     : [2019.01.23-06.28.44:653][  0]LogConfig: Setting CVar [[r.Shadow.PreShadowResolutionFactor:1.0]]
01-23 01:28:44.653 14654 14672 D UE4     : [2019.01.23-06.28.44:653][  0]LogConfig: Setting CVar [[r.DistanceFieldShadowing:1]]
01-23 01:28:44.653 14654 14672 D UE4     : [2019.01.23-06.28.44:653][  0]LogConfig: Setting CVar [[r.DistanceFieldAO:1]]
01-23 01:28:44.653 14654 14672 D UE4     : [2019.01.23-06.28.44:653][  0]LogConfig: Setting CVar [[r.AOQuality:2]]
01-23 01:28:44.653 14654 14672 D UE4     : [2019.01.23-06.28.44:653][  0]LogConfig: Setting CVar [[r.VolumetricFog:1]]
01-23 01:28:44.653 14654 14672 D UE4     : [2019.01.23-06.28.44:653][  0]LogConfig: Setting CVar [[r.VolumetricFog.GridPixelSize:8]]
01-23 01:28:44.654 14654 14672 D UE4     : [2019.01.23-06.28.44:654][  0]LogConfig: Setting CVar [[r.VolumetricFog.GridSizeZ:128]]
01-23 01:28:44.654 14654 14672 D UE4     : [2019.01.23-06.28.44:654][  0]LogConfig: Setting CVar [[r.VolumetricFog.HistoryMissSupersampleCount:4]]
01-23 01:28:44.654 14654 14672 D UE4     : [2019.01.23-06.28.44:654][  0]LogConfig: Setting CVar [[r.LightMaxDrawDistanceScale:1]]
01-23 01:28:44.654 14654 14672 D UE4     : [2019.01.23-06.28.44:654][  0]LogConfig: Setting CVar [[r.CapsuleShadows:1]]
01-23 01:28:44.654 14654 14672 D UE4     : [2019.01.23-06.28.44:654][  0]LogConfig: Applying CVar settings from Section [PostProcessQuality@3] File [../../../StackerGame/Saved/Config/Android/Scalability.ini]
01-23 01:28:44.654 14654 14672 D UE4     : [2019.01.23-06.28.44:654][  0]LogConfig: Setting CVar [[r.MotionBlurQuality:4]]
01-23 01:28:44.654 14654 14672 D UE4     : [2019.01.23-06.28.44:654][  0]LogConfig: Setting CVar [[r.AmbientOcclusionMipLevelFactor:0.4]]
01-23 01:28:44.654 14654 14672 D UE4     : [2019.01.23-06.28.44:654][  0]LogConfig: Setting CVar [[r.AmbientOcclusionMaxQuality:100]]
01-23 01:28:44.654 14654 14672 D UE4     : [2019.01.23-06.28.44:654][  0]LogConfig: Setting CVar [[r.AmbientOcclusionLevels:-1]]
01-23 01:28:44.654 14654 14672 D UE4     : [2019.01.23-06.28.44:654][  0]LogConfig: Setting CVar [[r.AmbientOcclusionRadiusScale:1.0]]
01-23 01:28:44.654 14654 14672 D UE4     : [2019.01.23-06.28.44:654][  0]LogConfig: Setting CVar [[r.DepthOfFieldQuality:2]]
01-23 01:28:44.654 14654 14672 D UE4     : [2019.01.23-06.28.44:654][  0]LogConfig: Setting CVar [[r.RenderTargetPoolMin:400]]
01-23 01:28:44.654 14654 14672 D UE4     : [2019.01.23-06.28.44:654][  0]LogConfig: Setting CVar [[r.LensFlareQuality:2]]
01-23 01:28:44.654 14654 14672 D UE4     : [2019.01.23-06.28.44:654][  0]LogConfig: Setting CVar [[r.SceneColorFringeQuality:1]]
01-23 01:28:44.654 14654 14672 D UE4     : [2019.01.23-06.28.44:654][  0]LogConfig: Setting CVar [[r.EyeAdaptationQuality:2]]
01-23 01:28:44.654 14654 14672 D UE4     : [2019.01.23-06.28.44:654][  0]LogConfig: Setting CVar [[r.BloomQuality:5]]
01-23 01:28:44.655 14654 14672 D UE4     : [2019.01.23-06.28.44:654][  0]LogConfig: Setting CVar [[r.FastBlurThreshold:100]]
01-23 01:28:44.655 14654 14672 D UE4     : [2019.01.23-06.28.44:655][  0]LogConfig: Setting CVar [[r.Upscale.Quality:3]]
01-23 01:28:44.655 14654 14672 D UE4     : [2019.01.23-06.28.44:655][  0]LogConfig: Setting CVar [[r.Tonemapper.GrainQuantization:1]]
01-23 01:28:44.655 14654 14672 D UE4     : [2019.01.23-06.28.44:655][  0]LogConfig: Setting CVar [[r.LightShaftQuality:1]]
01-23 01:28:44.655 14654 14672 D UE4     : [2019.01.23-06.28.44:655][  0]LogConfig: Setting CVar [[r.Filter.SizeScale:1]]
01-23 01:28:44.655 14654 14672 D UE4     : [2019.01.23-06.28.44:655][  0]LogConfig: Setting CVar [[r.Tonemapper.Quality:5]]
01-23 01:28:44.655 14654 14672 D UE4     : [2019.01.23-06.28.44:655][  0]LogConfig: Setting CVar [[r.DOF.Gather.AccumulatorQuality:1        ; higher gathering accumulator quality]]
01-23 01:28:44.655 14654 14672 D UE4     : [2019.01.23-06.28.44:655][  0]LogConfig: Setting CVar [[r.DOF.Gather.PostfilterMethod:1          ; Median3x3 postfilering method]]
01-23 01:28:44.655 14654 14672 D UE4     : [2019.01.23-06.28.44:655][  0]LogConfig: Setting CVar [[r.DOF.Gather.EnableBokehSettings:0       ; no bokeh simulation when gathering]]
01-23 01:28:44.655 14654 14672 D UE4     : [2019.01.23-06.28.44:655][  0]LogConfig: Setting CVar [[r.DOF.Gather.RingCount:4                 ; medium number of samples when gathering]]
01-23 01:28:44.655 14654 14672 D UE4     : [2019.01.23-06.28.44:655][  0]LogConfig: Setting CVar [[r.DOF.Scatter.ForegroundCompositing:1    ; additive foreground scattering]]
01-23 01:28:44.655 14654 14672 D UE4     : [2019.01.23-06.28.44:655][  0]LogConfig: Setting CVar [[r.DOF.Scatter.BackgroundCompositing:2    ; additive background scattering]]
01-23 01:28:44.655 14654 14672 D UE4     : [2019.01.23-06.28.44:655][  0]LogConfig: Setting CVar [[r.DOF.Scatter.EnableBokehSettings:1      ; bokeh simulation when scattering]]
01-23 01:28:44.655 14654 14672 D UE4     : [2019.01.23-06.28.44:655][  0]LogConfig: Setting CVar [[r.DOF.Scatter.MaxSpriteRatio:0.1         ; only a maximum of 10% of scattered bokeh]]
01-23 01:28:44.655 14654 14672 D UE4     : [2019.01.23-06.28.44:655][  0]LogConfig: Setting CVar [[r.DOF.Recombine.Quality:1                ; cheap slight out of focus]]
01-23 01:28:44.655 14654 14672 D UE4     : [2019.01.23-06.28.44:655][  0]LogConfig: Setting CVar [[r.DOF.Recombine.EnableBokehSettings:0    ; no bokeh simulation on slight out of focus]]
01-23 01:28:44.655 14654 14672 D UE4     : [2019.01.23-06.28.44:655][  0]LogConfig: Setting CVar [[r.DOF.TemporalAAQuality:1                ; more stable temporal accumulation]]
01-23 01:28:44.656 14654 14672 D UE4     : [2019.01.23-06.28.44:656][  0]LogConfig: Setting CVar [[r.DOF.Kernel.MaxForegroundRadius:0.025]]
01-23 01:28:44.656 14654 14672 D UE4     : [2019.01.23-06.28.44:656][  0]LogConfig: Setting CVar [[r.DOF.Kernel.MaxBackgroundRadius:0.025]]
01-23 01:28:44.656 14654 14672 D UE4     : [2019.01.23-06.28.44:656][  0]LogConfig: Applying CVar settings from Section [TextureQuality@3] File [../../../StackerGame/Saved/Config/Android/Scalability.ini]
01-23 01:28:44.656 14654 14672 D UE4     : [2019.01.23-06.28.44:656][  0]LogConfig: Setting CVar [[r.Streaming.MipBias:0]]
01-23 01:28:44.656 14654 14672 D UE4     : [2019.01.23-06.28.44:656][  0]LogConfig: Setting CVar [[r.Streaming.AmortizeCPUToGPUCopy:0]]
01-23 01:28:44.656 14654 14672 D UE4     : [2019.01.23-06.28.44:656][  0]LogConfig: Setting CVar [[r.Streaming.MaxNumTexturesToStreamPerFrame:0]]
01-23 01:28:44.656 14654 14672 D UE4     : [2019.01.23-06.28.44:656][  0]LogConfig: Setting CVar [[r.Streaming.Boost:1]]
01-23 01:28:44.656 14654 14672 D UE4     : [2019.01.23-06.28.44:656][  0]LogConfig: Setting CVar [[r.MaxAnisotropy:8]]
01-23 01:28:44.656 14654 14672 D UE4     : [2019.01.23-06.28.44:656][  0]LogConfig: Setting CVar [[r.Streaming.LimitPoolSizeToVRAM:0]]
01-23 01:28:44.656 14654 14672 D UE4     : [2019.01.23-06.28.44:656][  0]LogConfig: Setting CVar [[r.Streaming.PoolSize:1000]]
01-23 01:28:44.656 14654 14672 D UE4     : [2019.01.23-06.28.44:656][  0]LogConfig: Setting CVar [[r.Streaming.MaxEffectiveScreenSize:0]]
01-23 01:28:44.656 14654 14672 D UE4     : [2019.01.23-06.28.44:656][  0]LogConfig: Applying CVar settings from Section [EffectsQuality@3] File [../../../StackerGame/Saved/Config/Android/Scalability.ini]
01-23 01:28:44.656 14654 14672 D UE4     : [2019.01.23-06.28.44:656][  0]LogConfig: Setting CVar [[r.TranslucencyLightingVolumeDim:64]]
01-23 01:28:44.656 14654 14672 D UE4     : [2019.01.23-06.28.44:656][  0]LogConfig: Setting CVar [[r.RefractionQuality:2]]
01-23 01:28:44.656 14654 14672 D UE4     : [2019.01.23-06.28.44:656][  0]LogConfig: Setting CVar [[r.SSR.Quality:3]]
01-23 01:28:44.656 14654 14672 D UE4     : [2019.01.23-06.28.44:656][  0]LogConfig: Setting CVar [[r.SceneColorFormat:4]]
01-23 01:28:44.657 14654 14672 D UE4     : [2019.01.23-06.28.44:656][  0]LogConfig: Setting CVar [[r.DetailMode:2]]
01-23 01:28:44.657 14654 14672 D UE4     : [2019.01.23-06.28.44:657][  0]LogConfig: Setting CVar [[r.TranslucencyVolumeBlur:1]]
01-23 01:28:44.657 14654 14672 D UE4     : [2019.01.23-06.28.44:657][  0]LogConfig: Setting CVar [[r.MaterialQualityLevel:1 ; High quality]]
01-23 01:28:44.657 14654 14672 D UE4     : [2019.01.23-06.28.44:657][  0]LogConfig: Setting CVar [[r.SSS.Scale:1]]
01-23 01:28:44.657 14654 14672 D UE4     : [2019.01.23-06.28.44:657][  0]LogConfig: Setting CVar [[r.SSS.SampleSet:2]]
01-23 01:28:44.657 14654 14672 D UE4     : [2019.01.23-06.28.44:657][  0]LogConfig: Setting CVar [[r.SSS.Quality:1]]
01-23 01:28:44.657 14654 14672 D UE4     : [2019.01.23-06.28.44:657][  0]LogConfig: Setting CVar [[r.SSS.HalfRes:1]]
01-23 01:28:44.657 14654 14672 D UE4     : [2019.01.23-06.28.44:657][  0]LogConfig: Setting CVar [[r.EmitterSpawnRateScale:1.0]]
01-23 01:28:44.657 14654 14672 D UE4     : [2019.01.23-06.28.44:657][  0]LogConfig: Setting CVar [[r.ParticleLightQuality:2]]
01-23 01:28:44.657 14654 14672 D UE4     : [2019.01.23-06.28.44:657][  0]LogConfig: Applying CVar settings from Section [FoliageQuality@3] File [../../../StackerGame/Saved/Config/Android/Scalability.ini]
01-23 01:28:44.657 14654 14672 D UE4     : [2019.01.23-06.28.44:657][  0]LogConfig: Setting CVar [[foliage.DensityScale:1.0]]
01-23 01:28:44.657 14654 14672 D UE4     : [2019.01.23-06.28.44:657][  0]LogConfig: Setting CVar [[grass.DensityScale:1.0]]
01-23 01:28:44.658 14654 14672 D UE4     : [2019.01.23-06.28.44:658][  0]LogAndroid: Vulkan not available as project packaged without bSupportsVulkan or bSupportsVulkanSM5.
01-23 01:28:44.697 14654 14672 D UE4     : [2019.01.23-06.28.44:697][  0]LogAndroid: Checking 32 rules from DeviceProfile ini file.
01-23 01:28:44.697 14654 14672 D UE4     : [2019.01.23-06.28.44:697][  0]LogAndroid:   Default profile: Android_Default
01-23 01:28:44.697 14654 14672 D UE4     : [2019.01.23-06.28.44:697][  0]LogAndroid:   GpuFamily: Mali-T760
01-23 01:28:44.697 14654 14672 D UE4     : [2019.01.23-06.28.44:697][  0]LogAndroid:   GlVersion: OpenGL ES 3.2 v1.r15p0-00rel0.68b65ac7cf15907aeb95fa944f39eef2
01-23 01:28:44.697 14654 14672 D UE4     : [2019.01.23-06.28.44:697][  0]LogAndroid:   VulkanAvailable: false
01-23 01:28:44.697 14654 14672 D UE4     : [2019.01.23-06.28.44:697][  0]LogAndroid:   VulkanVersion: 1.0.26
01-23 01:28:44.697 14654 14672 D UE4     : [2019.01.23-06.28.44:697][  0]LogAndroid:   AndroidVersion: 7.0
01-23 01:28:44.697 14654 14672 D UE4     : [2019.01.23-06.28.44:697][  0]LogAndroid:   DeviceMake: samsung
01-23 01:28:44.697 14654 14672 D UE4     : [2019.01.23-06.28.44:697][  0]LogAndroid:   DeviceModel: SM-N920V
01-23 01:28:44.697 14654 14672 D UE4     : [2019.01.23-06.28.44:697][  0]LogAndroid:   DeviceBuildNumber: NRD90M.N920VVRS3CRH1
01-23 01:28:44.697 14654 14672 D UE4     : [2019.01.23-06.28.44:697][  0]LogAndroid:   UsingHoudini: false
01-23 01:28:44.727 14654 14672 D UE4     : [2019.01.23-06.28.44:727][  0]LogAndroid: Selected Device Profile: [Android_Mali_T7xx]
01-23 01:28:44.727 14654 14672 D UE4     : [2019.01.23-06.28.44:727][  0]LogInit: Applying CVar settings loaded from the selected device profile: [Android_Mali_T7xx]
01-23 01:28:44.728 14654 14672 D UE4     : [2019.01.23-06.28.44:728][  0]LogHAL: Display: Platform has ~ 3 GB [3840643072 / 4294967296 / 4], which maps to Smaller [LargestMinGB=8, LargerMinGB=6, DefaultMinGB=4, SmallerMinGB=3, SmallestMinGB=0)
01-23 01:28:44.728 14654 14672 D UE4     : [2019.01.23-06.28.44:728][  0]LogInit: Going up to parent DeviceProfile [Android_High]
01-23 01:28:44.728 14654 14672 D UE4     : [2019.01.23-06.28.44:728][  0]LogConfig: Setting CVar [[r.BloomQuality:1]]
01-23 01:28:44.728 14654 14672 D UE4     : [2019.01.23-06.28.44:728][  0]LogConfig: Setting CVar [[r.DepthOfFieldQuality:1]]
01-23 01:28:44.729 14654 14672 D UE4     : [2019.01.23-06.28.44:728][  0]LogConfig: Setting CVar [[r.LightShaftQuality:1]]
01-23 01:28:44.729 14654 14672 D UE4     : [2019.01.23-06.28.44:729][  0]LogConfig: Setting CVar [[r.RefractionQuality:1]]
01-23 01:28:44.729 14654 14672 D UE4     : [2019.01.23-06.28.44:729][  0]LogConfig: Setting CVar [[r.MobileContentScaleFactor:1.0]]
01-23 01:28:44.729 14654 14672 D UE4     : [2019.01.23-06.28.44:729][  0]LogInit: Going up to parent DeviceProfile [Android]
01-23 01:28:44.729 14654 14672 D UE4     : [2019.01.23-06.28.44:729][  0]LogConfig: Setting CVar [[r.ShadowQuality:2]]
01-23 01:28:44.729 14654 14672 D UE4     : [2019.01.23-06.28.44:729][  0]LogConfig: Setting CVar [[slate.AbsoluteIndices:1]]
01-23 01:28:44.729 14654 14672 D UE4     : [2019.01.23-06.28.44:729][  0]LogConfig: Setting CVar [[r.Vulkan.DelayAcquireBackBuffer:0]]
01-23 01:28:44.729 14654 14672 D UE4     : [2019.01.23-06.28.44:729][  0]LogConfig: Setting CVar [[r.Vulkan.RobustBufferAccess:1]]
01-23 01:28:44.729 14654 14672 D UE4     : [2019.01.23-06.28.44:729][  0]LogConfig: Setting CVar [[r.Vulkan.DescriptorSetLayoutMode:2]]
01-23 01:28:44.729 14654 14672 D UE4     : [2019.01.23-06.28.44:729][  0]LogInit: Going up to parent DeviceProfile []
01-23 01:28:44.730 14654 14672 D UE4     : [2019.01.23-06.28.44:730][  0]LogConfig: Applying CVar settings from Section [ViewDistanceQuality@3] File [../../../StackerGame/Saved/Config/Android/Scalability.ini]
01-23 01:28:44.730 14654 14672 D UE4     : [2019.01.23-06.28.44:730][  0]LogConfig: Setting CVar [[r.SkeletalMeshLODBias:0]]
01-23 01:28:44.730 14654 14672 D UE4     : [2019.01.23-06.28.44:730][  0]LogConfig: Setting CVar [[r.ViewDistanceScale:1.0]]
01-23 01:28:44.730 14654 14672 D UE4     : [2019.01.23-06.28.44:730][  0]LogConfig: Applying CVar settings from Section [AntiAliasingQuality@3] File [../../../StackerGame/Saved/Config/Android/Scalability.ini]
01-23 01:28:44.730 14654 14672 D UE4     : [2019.01.23-06.28.44:730][  0]LogConfig: Setting CVar [[r.PostProcessAAQuality:4]]
