01-11 19:39:45.697  5035  6446 V EPDG -- [SMARTWIFI]: Radio entry added
01-11 19:39:45.700  4616  4823 D NetworkController.MobileSignalController(0/1): callState:0, callStateByPhone:false voLTECall:false voiceNetTpe:13 dataNetType:13, ine911:false, emergencyCallbackMode:false
01-11 19:39:46.845  4616  4823 D NetworkController.MobileSignalController(0/1): onSignalStrengthsChanged signalStrength=SignalStrength: 99 99 -120 -160 -120 -1 -1 14 -120 -14 -20 2147483647 2147483647 0x1000 gsm|lte level=1
01-11 19:39:46.845  4616  4823 D NetworkController.MobileSignalController(0/1): getMobileIconGroup(): 13
01-11 19:39:46.845  4616  4823 D NetworkController.MobileSignalController(0/1): updateVZWMobileIconGroup(): 13
01-11 19:39:46.849  5035  5670 D EPDG -- [SMARTWIFI]: onSignalStrengthsChanged: Received signal strength change, phone type is: 2
01-11 19:39:46.849  5035  6446 D EPDG -- [SMARTWIFI]: lastLteRSRP is -121currentLteRSRP is -120
01-11 19:39:46.849  5035  6446 D EPDG -- [SMARTWIFI]: lastLteRSRQ is -15currentLteRSRQ is -14
01-11 19:39:46.849  5035  6446 D EPDG -- [SMARTWIFI]: lastCdmaDb is -16currentCdmaDb is -16
01-11 19:39:46.849  5035  6446 V EPDG -- [SMARTWIFI]: Radio oldest entry removed
01-11 19:39:46.849  5035  6446 V EPDG -- [SMARTWIFI]: New entry : (SignalStrength: 99 99 -120 -160 -120 -1 -1 14 -120 -14 -20 2147483647 2147483647 0x1000 gsm|lte : 0 )
01-11 19:39:46.849  5035  6446 V EPDG -- [SMARTWIFI]: Radio entry added
01-11 19:39:46.853  4616  4823 D NetworkController.MobileSignalController(0/1): callState:0, callStateByPhone:false voLTECall:false voiceNetTpe:13 dataNetType:13, ine911:false, emergencyCallbackMode:false
01-11 19:39:48.448  3757 29840 D BatteryService: !@BatteryListener : batteryPropertiesChanged!
01-11 19:39:48.449  3757 29840 D BatteryService: level:68, scale:100, status:2, health:2, present:true, voltage: 4154, temperature: 278, technology: Li-ion, AC powered:false, USB powered:true, POGO powered:false, Wireless powered:false, icon:17303694, invalid charger:0, maxChargingCurrent:0, maxChargingVoltage:0, chargeCounter:0
01-11 19:39:48.449  3757 29840 D BatteryService: online:6, current avg:965, charge type:1, power sharing:false, high voltage charger:false, capacity:280000, batterySWSelfDischarging:false, misc_event:0, current_now:1008
01-11 19:39:48.449  3757 29840 D BatteryService: stay LED for charging
01-11 19:39:48.451  3757  3757 D BatteryService: Sending ACTION_BATTERY_CHANGED.
01-11 19:39:48.462  3757  3757 V UiModeManager: updateLocked: null action, mDockState=0, category=null
01-11 19:39:48.462  3757  3757 D UiModeManager: updateConfigurationLocked: mDockState=0; mCarMode=false; mNightMode=1; uiMode=17
01-11 19:39:48.464  3757  3757 D GameManagerService: new battery level: 68
01-11 19:39:48.468  4616  4616 D KeyguardUpdateMonitor: received broadcast android.intent.action.BATTERY_CHANGED
01-11 19:39:48.472  4616  4616 D PowerUI : priorPlugType = 2 mPlugType =  2
01-11 19:39:48.476  4616  4616 D PowerUI.Notification: showChargingNotice oldChargingType : 1 currentChargingType : 1 oldChargingTime : 4600000 mChargingTime : 4589000
01-11 19:39:48.476  4616  4616 D PowerUI.Notification: showChargingNotification()
01-11 19:39:48.480  5024  5024 D PhoneApp: PhoneAppBroadcastReceiver onReceive android.intent.action.BATTERY_CHANGED
01-11 19:39:48.480  5024  5024 D TelephonyExtensionManager: lowBatterySound - isLowBatterySoundScheduled: false
01-11 19:39:48.481  5024  5024 D TelephonyExtensionManager: lowBatterySound - isPlayNow: false
01-11 19:39:48.481  5024  5024 D TelephonyExtensionManager: isSpeakerON - true
01-11 19:39:48.492  5024  5024 D TelephonyExtensionManager: lowBatterySound - batteryStatus: 2
01-11 19:39:48.492  5024  5024 D TelephonyExtensionManager: lowBatterySound - batteryLevel: 68
01-11 19:39:48.492  5024  5024 D TelephonyExtensionManager: lowBatterySound - cancel
01-11 19:39:48.493  3757  3770 D SamsungAlarmManager: Cancel Alarm calling from uid:1001 pid :5024 / op:PendingIntent{864285c: PendingIntentRecord{a39a255 com.android.phone broadcastIntent}}
01-11 19:39:48.494  5024  5024 D TelephonyExtension: Not stopping low battery tone
01-11 19:39:48.495  3757 29842 D ApplicationPolicy: isStatusBarNotificationAllowedAsUser: packageName = com.android.systemui,userId = -1
01-11 19:39:48.496  4616  4616 D KeyguardUpdateMonitor: handleBatteryUpdate
01-11 19:39:48.499  4616  4616 D BatteryMeterDrawable: isSomethingChanged - false
01-11 19:39:48.500  4616  4616 D BatteryMeterDrawable: isSomethingChanged - false
01-11 19:39:48.506  4616  4616 D Tile.FlashlightTile: ACTION_BATTERY_CHANGED - Level :: 68, emEnabled :: false
01-11 19:39:48.551  4616  4616 D KeyguardServiceBoxContainer: updateCMAS() hasCmasNotification = false, mHasCMAS = false
01-11 19:39:48.742  5689  5689 D io_stats: !@   8,0 r 1961759 59591088 w 1951898 44112960 d 315822 23235100 f 510301 510175 iot 3111510 1740010 th 61440 61440 43080 pt 9550 inp 0 0 168963.575
01-11 19:39:50.206  3757  4354 D SamsungAlarmManager: Expired : 8
01-11 19:39:50.220  3757  4354 D SamsungAlarmManager: setInexact Intent (T:3/F:0/AC:false) 20190111T194238 - CU:1000/CP:3757
01-11 19:39:50.225  3757  4354 I SamsungAlarmManager: setLocked to kernel - T:3 / 20190111T194155, SetElapsed=454354969, nowELAPSED=454229553
01-11 19:39:50.806  5035  5670 D EPDG -- [SMARTWIFI]: onSignalStrengthsChanged: Received signal strength change, phone type is: 2
01-11 19:39:50.806  5035  6446 D EPDG -- [SMARTWIFI]: lastLteRSRP is -120currentLteRSRP is -120
01-11 19:39:50.806  5035  6446 D EPDG -- [SMARTWIFI]: lastLteRSRQ is -14currentLteRSRQ is -15
01-11 19:39:50.806  5035  6446 D EPDG -- [SMARTWIFI]: lastCdmaDb is -16currentCdmaDb is -16
01-11 19:39:50.806  5035  6446 V EPDG -- [SMARTWIFI]: Radio oldest entry removed
01-11 19:39:50.807  5035  6446 V EPDG -- [SMARTWIFI]: New entry : (SignalStrength: 99 99 -120 -160 -120 -1 -1 15 -120 -15 -40 2147483647 2147483647 0x1000 gsm|lte : 0 )
01-11 19:39:50.807  5035  6446 V EPDG -- [SMARTWIFI]: Radio entry added
01-11 19:39:50.808  4616  4823 D NetworkController.MobileSignalController(0/1): onSignalStrengthsChanged signalStrength=SignalStrength: 99 99 -120 -160 -120 -1 -1 15 -120 -15 -40 2147483647 2147483647 0x1000 gsm|lte level=1
01-11 19:39:50.808  4616  4823 D NetworkController.MobileSignalController(0/1): getMobileIconGroup(): 13
01-11 19:39:50.808  4616  4823 D NetworkController.MobileSignalController(0/1): updateVZWMobileIconGroup(): 13
01-11 19:39:50.817  4616  4823 D NetworkController.MobileSignalController(0/1): callState:0, callStateByPhone:false voLTECall:false voiceNetTpe:13 dataNetType:13, ine911:false, emergencyCallbackMode:false
01-11 19:39:52.003 19734 19748 I Finsky  : [5756] com.google.android.finsky.bn.an.run(6): Stats for Executor: BlockingExecutor com.google.android.finsky.bn.ao@67d37c7[Running, pool size = 0, active threads = 0, queued tasks = 0, completed tasks = 9]
01-11 19:39:52.004 19734 19748 I Finsky  : [5756] com.google.android.finsky.bn.an.run(6): Stats for Executor: LightweightExecutor com.google.android.finsky.bn.ao@53991f4[Running, pool size = 4, active threads = 0, queued tasks = 0, completed tasks = 56]
01-11 19:39:52.186 19734 19748 I Finsky  : [5756] com.google.android.finsky.bn.an.run(6): Stats for Executor: bgExecutor com.google.android.finsky.bn.ao@ab3ad1d[Running, pool size = 4, active threads = 0, queued tasks = 0, completed tasks = 10]
01-11 19:39:52.210 19734 19748 I Finsky  : [5756] com.google.android.finsky.bn.an.run(6): Stats for Executor: SimChangeExecutor com.google.android.finsky.bn.ao@eadbb92[Running, pool size = 1, active threads = 1, queued tasks = 4, completed tasks = 0]
01-11 19:39:52.349 19734 19748 I Finsky  : [5756] com.google.android.finsky.bn.an.run(6): Stats for Executor: Db-xternal_referrer_status.db com.google.android.finsky.bn.ao@40b8963[Running, pool size = 0, active threads = 0, queued tasks = 0, completed tasks = 1]
01-11 19:39:52.383 19734 19748 I Finsky  : [5756] com.google.android.finsky.bn.an.run(6): Stats for Executor: Db-split_install_service com.google.android.finsky.bn.ao@257d960[Running, pool size = 0, active threads = 0, queued tasks = 0, completed tasks = 5]
01-11 19:39:52.398 19734 19748 I Finsky  : [5756] com.google.android.finsky.bn.an.run(6): Stats for Executor: SplitInstallBackgroundThread com.google.android.finsky.bn.ao@3e2fe19[Running, pool size = 0, active threads = 0, queued tasks = 0, completed tasks = 1]
01-11 19:39:52.420 19734 19772 I PlayCommon: [5767] com.google.android.play.b.g.d(132): Preparing logs for uploading
01-11 19:39:52.424  3757  7204 D ConnectivityService: filterNetworkStateForUid() uid: 10029 networkInfo: [type: WIFI[] - WIFI, state: CONNECTED/CONNECTED, reason: (unspecified), extra: "wilkinson2.4", failover: false, available: true, roaming: false, metered: false]
01-11 19:39:52.428 19734 19748 I Finsky  : [5756] com.google.android.finsky.bn.an.run(6): Stats for Executor: StorageAwareDownloadServiceManagerSpaceChecker com.google.android.finsky.bn.ao@167fede[Running, pool size = 0, active threads = 0, queued tasks = 0, completed tasks = 0]
01-11 19:39:52.440 19734 19772 I PlayCommon: [5767] com.google.android.play.b.x.a(9): Connecting to server for timestamp: https://play.googleapis.com/play/log/timestamp
01-11 19:39:52.445 19734 19772 I System.out: (HTTPLog)-Static: isSBSettingEnabled false
01-11 19:39:52.446 19734 19772 I System.out: (HTTPLog)-Static: isSBSettingEnabled false
01-11 19:39:52.449  3252  3746 D EnterpriseController: netId is 0
01-11 19:39:52.450  3252  3746 D Netd    : getNetworkForDns: using netid 555 for uid 10029
01-11 19:39:52.450  3252  3746 D DnsProxyListener: DNSDBG::dns addrinfo af 0
01-11 19:39:52.573  3757  3774 D CompatibilityInfo: mCompatibilityFlags - 0
01-11 19:39:52.573  3757  3774 D CompatibilityInfo: applicationDensity - 420
01-11 19:39:52.573  3757  3774 D CompatibilityInfo: applicationScale - 1.0
01-11 19:39:52.598  3757  3770 D CompatibilityInfo: mCompatibilityFlags - 0
01-11 19:39:52.598  3757  3770 D CompatibilityInfo: applicationDensity - 420
01-11 19:39:52.598  3757  3770 D CompatibilityInfo: applicationScale - 1.0
01-11 19:39:52.604  3757 29842 D CompatibilityInfo: mCompatibilityFlags - 0
01-11 19:39:52.604  3757 29842 D CompatibilityInfo: applicationDensity - 420
01-11 19:39:52.604  3757 29842 D CompatibilityInfo: applicationScale - 1.0
01-11 19:39:52.616  3757 10512 D CompatibilityInfo: mCompatibilityFlags - 0
01-11 19:39:52.616  3757 10512 D CompatibilityInfo: applicationDensity - 420
01-11 19:39:52.616  3757 10512 D CompatibilityInfo: applicationScale - 1.0
01-11 19:39:52.622  3757 32085 D CompatibilityInfo: mCompatibilityFlags - 0
01-11 19:39:52.623  3757 32085 D CompatibilityInfo: applicationDensity - 420
01-11 19:39:52.623  3757 32085 D CompatibilityInfo: applicationScale - 1.0
01-11 19:39:52.630 26905 26905 I DMT-DropBoxReceiver: Received : android.intent.action.DROPBOX_ENTRY_ADDED
01-11 19:39:52.655 19734 19772 I PlayCommon: [5767] com.google.android.play.b.g.a(325): Connecting to server: https://play.googleapis.com/play/log?format=raw&proto_v2=true
01-11 19:39:52.657 19734 19772 I System.out: (HTTPLog)-Static: isSBSettingEnabled false
01-11 19:39:52.658 19734 19772 I System.out: (HTTPLog)-Static: isSBSettingEnabled false
01-11 19:39:52.666  3757  4469 D CompatibilityInfo: mCompatibilityFlags - 0
01-11 19:39:52.667  3757  4469 D CompatibilityInfo: applicationDensity - 420
01-11 19:39:52.667  3757  4469 D CompatibilityInfo: applicationScale - 1.0
01-11 19:39:52.686  3757  7216 D CompatibilityInfo: mCompatibilityFlags - 0
01-11 19:39:52.686  3757  7216 D CompatibilityInfo: applicationDensity - 420
01-11 19:39:52.686  3757  7216 D CompatibilityInfo: applicationScale - 1.0
01-11 19:39:52.690 19734 19748 I Finsky  : [5756] com.google.android.finsky.bn.an.run(6): Stats for Executor: Db-scheduler com.google.android.finsky.bn.ao@6a358bf[Running, pool size = 0, active threads = 0, queued tasks = 0, completed tasks = 11]
01-11 19:39:52.700  3757  4440 D CompatibilityInfo: mCompatibilityFlags - 0
01-11 19:39:52.700  3757  4440 D CompatibilityInfo: applicationDensity - 420
01-11 19:39:52.700  3757  4440 D CompatibilityInfo: applicationScale - 1.0
01-11 19:39:52.713 19734 19772 I PlayCommon: [5767] com.google.android.play.b.g.a(416): Successfully uploaded logs.
01-11 19:39:52.716 19734 19748 I Finsky  : [5756] com.google.android.finsky.bn.an.run(6): Stats for Executor: Db-frosting.db com.google.android.finsky.bn.ao@b512b8c[Running, pool size = 0, active threads = 0, queued tasks = 0, completed tasks = 3]
01-11 19:39:52.720 19734 19748 I Finsky  : [5756] com.google.android.finsky.bn.an.run(6): Stats for Executor: Db-notification_cache com.google.android.finsky.bn.ao@71c62d5[Running, pool size = 0, active threads = 0, queued tasks = 0, completed tasks = 4]
01-11 19:39:52.777  3757  5062 D ConnectivityService: filterNetworkStateForUid() uid: 10014 networkInfo: [type: WIFI[] - WIFI, state: CONNECTED/CONNECTED, reason: (unspecified), extra: "wilkinson2.4", failover: false, available: true, roaming: false, metered: false]
01-11 19:39:52.790  3757  9599 D SSRM:t  : SIOP:: AP = 290, PST = 293 (W:12), CP = 230, CUR = 112, LCD = 0
01-11 19:39:52.791  3757  9599 D ConnectivityService: filterNetworkStateForUid() uid: 1000 networkInfo: [type: WIFI[] - WIFI, state: CONNECTED/CONNECTED, reason: (unspecified), extra: "wilkinson2.4", failover: false, available: true, roaming: false, metered: false]
01-11 19:39:53.298 19734 19748 I Finsky  : [5756] com.google.android.finsky.bn.an.run(6): Stats for Executor: InstallQueueDatabaseManager com.google.android.finsky.bn.ao@2f12aea[Running, pool size = 0, active threads = 0, queued tasks = 0, completed tasks = 7]
01-11 19:39:53.333  4616  4823 D NetworkController.MobileSignalController(0/1): onSignalStrengthsChanged signalStrength=SignalStrength: 99 99 -120 -160 -120 -1 -1 14 -120 -15 -13 2147483647 2147483647 0x1000 gsm|lte level=1
01-11 19:39:53.333  4616  4823 D NetworkController.MobileSignalController(0/1): getMobileIconGroup(): 13
01-11 19:39:53.334  4616  4823 D NetworkController.MobileSignalController(0/1): updateVZWMobileIconGroup(): 13
01-11 19:39:53.337  5035  5670 D EPDG -- [SMARTWIFI]: onSignalStrengthsChanged: Received signal strength change, phone type is: 2
01-11 19:39:53.338  5035  6446 D EPDG -- [SMARTWIFI]: lastLteRSRP is -120currentLteRSRP is -120
01-11 19:39:53.338  5035  6446 D EPDG -- [SMARTWIFI]: lastLteRSRQ is -15currentLteRSRQ is -15
01-11 19:39:53.338  5035  6446 D EPDG -- [SMARTWIFI]: lastCdmaDb is -16currentCdmaDb is -16
01-11 19:39:53.338  5035  6446 V EPDG -- [SMARTWIFI]: Radio oldest entry removed
01-11 19:39:53.338  5035  6446 V EPDG -- [SMARTWIFI]: New entry : (SignalStrength: 99 99 -120 -160 -120 -1 -1 14 -120 -15 -13 2147483647 2147483647 0x1000 gsm|lte : 0 )
01-11 19:39:53.338  5035  6446 V EPDG -- [SMARTWIFI]: Radio entry added
01-11 19:39:53.340  4616  4823 D NetworkController.MobileSignalController(0/1): callState:0, callStateByPhone:false voLTECall:false voiceNetTpe:13 dataNetType:13, ine911:false, emergencyCallbackMode:false
01-11 19:39:53.497 19734 19748 I Finsky  : [5756] com.google.android.finsky.bn.an.run(6): Stats for Executor: InstallBackgroundThread com.google.android.finsky.bn.ao@6bec1db[Running, pool size = 0, active threads = 0, queued tasks = 0, completed tasks = 0]
01-11 19:39:53.504 19734 19748 I Finsky  : [5756] com.google.android.finsky.bn.an.run(6): Stats for Executor: Db-install_service com.google.android.finsky.bn.ao@8ab7478[Running, pool size = 0, active threads = 0, queued tasks = 0, completed tasks = 0]
01-11 19:39:53.507 19734 19748 I Finsky  : [5756] com.google.android.finsky.bn.an.run(6): Stats for Executor: InstallBackgroundThread com.google.android.finsky.bn.ao@b4d5751[Running, pool size = 0, active threads = 0, queued tasks = 0, completed tasks = 0]
01-11 19:39:53.617 19734 19748 I Finsky  : [5756] com.google.android.finsky.bn.an.run(6): Stats for Executor: Db-scheduler_logging_store.db com.google.android.finsky.bn.ao@a2f0bb6[Running, pool size = 0, active threads = 0, queued tasks = 0, completed tasks = 2]
01-11 19:39:53.751  5689  5689 D io_stats: !@   8,0 r 1961818 59593228 w 1951922 44113164 d 315822 23235100 f 510328 510202 iot 3111630 1740028 th 61440 61440 43080 pt 9550 inp 0 0 168968.586
01-11 19:39:54.308 22791 22820 D UE4     : Used memory: 171900
01-11 19:39:54.560  5035  5670 D EPDG -- [SMARTWIFI]: onSignalStrengthsChanged: Received signal strength change, phone type is: 2
01-11 19:39:54.560  5035  6446 D EPDG -- [SMARTWIFI]: lastLteRSRP is -120currentLteRSRP is -121
01-11 19:39:54.560  5035  6446 D EPDG -- [SMARTWIFI]: lastLteRSRQ is -15currentLteRSRQ is -14
01-11 19:39:54.560  5035  6446 D EPDG -- [SMARTWIFI]: lastCdmaDb is -16currentCdmaDb is -16
01-11 19:39:54.560  5035  6446 V EPDG -- [SMARTWIFI]: Radio oldest entry removed
01-11 19:39:54.560  5035  6446 V EPDG -- [SMARTWIFI]: New entry : (SignalStrength: 99 99 -120 -160 -120 -1 -1 13 -121 -14 -20 2147483647 2147483647 0x1000 gsm|lte : 0 )
01-11 19:39:54.561  5035  6446 V EPDG -- [SMARTWIFI]: Radio entry added
01-11 19:39:54.564  3757  4398 D InputReader: Input event(5): value=1 when=168969400333000
01-11 19:39:54.565  3757  4398 D InputReader: !@notifyKey(172), action=0
01-11 19:39:54.566  3757  4398 D InputManager-JNI: !@interceptKeyBeforeQueueing(172), action=0, interactive=false
01-11 19:39:54.576  3757  4398 D SamsungPhoneWindowManager: mWakeUpBooster.acquire()
01-11 19:39:54.579  3757  4398 D PowerManagerService: [api] [s] wakeUpWithReason (uid: 1000 pid: 3757) eventTime = 168969400 event = 1
01-11 19:39:54.579  3757  4398 I PowerManagerService: !@[ps] Screen__On  - 520 :  wakeUpWithReason: 1 (uid: 1000 pid: 3757) (1)
01-11 19:39:54.579  3757  4398 I PowerManagerService: Waking up from sleep (uid 1000)...
01-11 19:39:54.580  3757  4550 D NetworkPolicy: onScreenStateChanged, state: true, reason: 1
01-11 19:39:54.580  3757  4398 D InputManager-JNI: setInteractive(true)
01-11 19:39:54.581  3757  4398 D InputReader: Device ID 3: Releasing active all slots palm because the phone became interactive
01-11 19:39:54.581  4616  4823 D NetworkController.MobileSignalController(0/1): onSignalStrengthsChanged signalStrength=SignalStrength: 99 99 -120 -160 -120 -1 -1 13 -121 -14 -20 2147483647 2147483647 0x1000 gsm|lte level=1
01-11 19:39:54.581  4616  4823 D NetworkController.MobileSignalController(0/1): getMobileIconGroup(): 13
01-11 19:39:54.581  4616  4823 D NetworkController.MobileSignalController(0/1): updateVZWMobileIconGroup(): 13
01-11 19:39:54.583  3757  4550 V KeyguardServiceDelegate: onStartedWakingUp() reason:1
01-11 19:39:54.584  3757  4398 D PowerManagerService: [PWL] sb acquire: PowerManagerService.Broadcasts
01-11 19:39:54.586  3757  4398 D PowerManagerService: [s] UserActivityState : 0 -> 1
01-11 19:39:54.587  3757  3795 D DisplayPowerController: animateScreenStateChange[0]: target=2
01-11 19:39:54.587  3757  3795 D DisplayPowerController: [M OS] 0 REPORTED_TO_POLICY_SCREEN_OFF -> REPORTED_TO_POLICY_SCREEN_TURNING_ON.
01-11 19:39:54.587  3757  3795 I DisplayPowerController: Blocking screen on until initial contents have been drawn.
01-11 19:39:54.587  3757  3795 V KeyguardServiceDelegate: onScreenTurnedOn(showListener = com.android.server.policy.PhoneWindowManager$2@f7e3f8c)
01-11 19:39:54.588  3757  4398 D PowerManagerService: mDisplayReady: false
01-11 19:39:54.588  3757  4398 D PowerManagerService: [PWL] sb acquire: PowerManagerService.Display
01-11 19:39:54.589  3757  4398 D InputManager-JNI: !@handleInterceptActions(172), action=0, wmActions=0
01-11 19:39:54.589  3757  4398 D InputManager-JNI: Disable repeat for home key when device wake up
01-11 19:39:54.594  3757  4550 D PowerManagerNotifier: handleEarlyInteractiveChange reason = 1
01-11 19:39:54.595  4616  4647 D KeyguardViewMediator: onStartedWakingUpWithReason, seq = 521 why = 1
01-11 19:39:54.595  4616  4647 D KeyguardViewMediator: notifyStartedWakingUp
01-11 19:39:54.596  4616  4616 D KeyguardViewMediator: handleNotifyWakingUp
01-11 19:39:54.599  3757  3795 D DisplayPowerController: mWindowManagerPolicy.screenTurningOn(mPendingScreenOnUnblocker, 0)
01-11 19:39:54.599  3757  3795 D DisplayPowerController: animateScreenStateChange[0]: return as screen on blocked
01-11 19:39:54.599  3757  3795 D DisplayPowerController: [Dual Screen Compatible] state[0] :2
01-11 19:39:54.599  3757  3795 D AutomaticBrightnessController: [DAB] no lux value from sensor manager
01-11 19:39:54.599  3757  3795 D DisplayPowerController: getFinalBrightness : Summary is 119 -> 119
01-11 19:39:54.599  3757  3795 D DisplayPowerController: Animating brightness: target=119, rate=0 (PSM:true, AB limit:(-1 ~ -1) MB Limit:(-1 ~ -1))
01-11 19:39:54.600  3757  3795 D DisplayPowerController: animateScreenStateChange[0]: target=2
01-11 19:39:54.600  3757  3795 D DisplayPowerController: animateScreenStateChange[0]: return as screen on blocked
01-11 19:39:54.600  3757  3795 D DisplayPowerController: [Dual Screen Compatible] state[0] :2
01-11 19:39:54.600  3757  3795 D DisplayPowerController: getFinalBrightness : Summary is 119 -> 119
01-11 19:39:54.600  3757  3795 D DisplayPowerController: Animating brightness: target=119, rate=2000 (PSM:true, AB limit:(-1 ~ -1) MB Limit:(-1 ~ -1))
01-11 19:39:54.601  3757  4552 D AutomaticBrightnessController: [DAB] setLightSensorEnabled : registerListenerRunnable
01-11 19:39:54.603  3757  3800 I libsuspend: !@autosuspend_wakeup_count_disable
01-11 19:39:54.603  3757  3800 I libsuspend: !@autosuspend_wakeup_count_disable done
01-11 19:39:54.604  3757  3800 D DisplayManagerService: !@display_state: OFF -> ON brightness: 0 -> 0
01-11 19:39:54.605  3757  3793 I DisplayManagerService: Display device changed state: "Built-in Screen", ON
01-11 19:39:54.609  3757  3757 D GameManagerService: onDisplayChanged. displyId: 0
01-11 19:39:54.609  3757  3757 D GameManagerService: dpi: 420, longPixel: 1920, shortPixel: 1080
01-11 19:39:54.618  3757  4552 W CAE     : setCAProperty(ContextAwareService.java:589) - [setProperty 01] Mutex is locked for AUTO_BRIGHTNESS
01-11 19:39:54.633  3215  3215 D SurfaceFlinger: Set power mode=2, type=0 flinger=0x7effa88e80
01-11 19:39:54.633  3215  3215 I hwcomposer: int exynos_setPowerMode(struct hwc_composer_device_1 *, int, int):: disp(0), mode(2)
01-11 19:39:54.637  3757  4552 I CAE     : setPropertyValue(AutoBrightnessRunner.java:126) - Mode = 0
01-11 19:39:54.647  3757  4552 I CAE     : sendCmdToSensorHub(SensorHubCommManager.java:162) - -63, 23, 48, 1, 0,
01-11 19:39:54.648  3757  4552 D SensorHubManager: SendSensorHubData: send data = -63, 23, 48, 1, 0
01-11 19:39:54.650  3227 28469 D Sensorhubs: sendContextData: -63, 23, 48, 1, 0
01-11 19:39:54.653  4616  4616 D KeyguardFingerPrint: shouldListenForFingerprint ( isFingerprintEnabled = true , mKeyguardIsVisible = true , mDeviceInteractive = true , mBouncer = false , mGoingToSleep = false , mSwitchingUser = false , mFingerprintAlreadyAuthenticated = false , mKeyguardUnlocking = false
01-11 19:39:54.660  3757  4552 I CAE     : setCAProperty(ContextAwareService.java:594) - result : true
01-11 19:39:54.661  3757  4552 W CAE     : setCAProperty(ContextAwareService.java:595) - [setProperty 02] Mutex is unlocked for AUTO_BRIGHTNESS
01-11 19:39:54.661  3757  4552 W CAE     : registerCallback(ContextAwareService.java:155) - [regi 01] Mutex is locked for AUTO_BRIGHTNESS
01-11 19:39:54.663  3757  4552 V CAE     : start(ContextProvider.java:128)
01-11 19:39:54.667  3757  4552 V CAE     : clear(AutoBrightnessRunner.java:267)
01-11 19:39:54.668  3757  4552 V CAE     : enable(AutoBrightnessRunner.java:243)
01-11 19:39:54.669  3757  4552 I CAE     : sendCmdToSensorHub(SensorHubCommManager.java:162) - -79, 48, 0,
01-11 19:39:54.669  3757  4552 D SensorHubManager: SendSensorHubData: send data = -79, 48, 0
01-11 19:39:54.670  4616  4647 D KeyguardViewMediator: notifyScreenOn
01-11 19:39:54.674  3227  3262 D Sensorhubs: sendContextData: -79, 48, 0
01-11 19:39:54.675  4616  4616 V KeyguardFingerPrint: startListeningForFingerprint()
01-11 19:39:54.676  4616  4823 D NetworkController.MobileSignalController(0/1): callState:0, callStateByPhone:false voLTECall:false voiceNetTpe:13 dataNetType:13, ine911:false, emergencyCallbackMode:false
01-11 19:39:54.679  3757  4473 D FingerprintService: getEnrolledFingerprints : userId = 0
01-11 19:39:54.680  3757  3770 I FingerprintService: authenticate: groudId=0 from pid=4616
01-11 19:39:54.682  3757  4552 D CAE     : getFaultDetectionResult(AutoBrightnessRunner.java:281) - true
01-11 19:39:54.683  3757  4552 I CAE     : notifyCmdProcessResultObserver(ContextProvider.java:627) - CheckResult = 0, Cause = Success
01-11 19:39:54.685  4616  4616 D LockIcon: state = 0, mLastState = 0, mDeviceInteractive = true, mLastDeviceInteractive = true, mScreenOn = false, mLastScreenOn = false,  force = false
01-11 19:39:54.689  4616 24115 I KeyguardViewMediator: notifyScreenOnOffToNotes(com.samsung.android.snote.SCREEN_ON)
01-11 19:39:54.695  3757  4552 D CAE     : doCommendProcess(ContextAwareService.java:444) - complete notify the operation result.
01-11 19:39:54.699  3757  4552 I CAE     : displayUsedCountForService(ContextAwareService.java:536) - totalCnt = 1, serviceCount = 1, subCollectionCount = 0
01-11 19:39:54.700  3757  4552 D CAE     : showListenerList(ContextAwareService.java:377) - ===== Context Aware Service List =====
01-11 19:39:54.701  3757  3757 V SamsungAlarmManager: Sending to uid : 1000 action=com.android.server.action.UPDATE_TWILIGHT_STATE alarm=Alarm{d48f978 type 1 when 600000 android}
01-11 19:39:54.701  3757  4552 I CAE     : showListenerList(ContextAwareService.java:386) - Listener : com.samsung.android.contextaware.manager.ContextAwareService$Listener@ede0346, Service : ACTIVITY_TRACKER_CURRENT_INFO(1)
01-11 19:39:54.701  3757  4552 I CAE     : showListenerList(ContextAwareService.java:386) - Listener : com.samsung.android.contextaware.manager.ContextAwareService$Listener@a1e54e0, Service : PEDOMETER(1)
01-11 19:39:54.702  4616  4616 D KeyguardViewMediator: handleNotifyScreenTurningOn
01-11 19:39:54.702  3757  4552 I CAE     : showListenerList(ContextAwareService.java:386) - Listener : com.samsung.android.contextaware.manager.ContextAwareService$Listener@a1e54e0, Service : PEDOMETER_CURRENT_INFO(1)
01-11 19:39:54.702  3757  3757 V SamsungAlarmManager: Sending to uid : 1000 action=android.intent.action.TIME_TICK alarm=Alarm{ee4f851 type 3 when 454179328 android}
01-11 19:39:54.703  3757  4552 I CAE     : showListenerList(ContextAwareService.java:386) - Listener : com.samsung.android.contextaware.manager.ContextAwareService$Listener@be8214b, Service : ACTIVITY_TRACKER_BATCH(1)
01-11 19:39:54.703  3757  4398 D InputReader: Input event(5): value=0 when=168969540112000
01-11 19:39:54.703  3757  4398 D InputReader: !@notifyKey(172), action=1
01-11 19:39:54.703  3757  4398 D InputManager-JNI: !@interceptKeyBeforeQueueing(172), action=1, interactive=true
01-11 19:39:54.704  3757  4552 I CAE     : showListenerList(ContextAwareService.java:386) - Listener : com.samsung.android.contextaware.manager.ContextAwareService$Listener@18edc41, Service : STEP_LEVEL_MONITOR(1)
01-11 19:39:54.704 20785 20785 D InstantMemo_Service: mScreenReceiver
01-11 19:39:54.704  3757  4552 I CAE     : showListenerList(ContextAwareService.java:386) - Listener : com.samsung.android.contextaware.manager.ContextAwareService$Listener@4e90faf, Service : SENSOR_STATUS_CHECK_RUNNER(1)
01-11 19:39:54.704 20785 20785 D InstantMemo_Service: onReceive mScreenStatuscom.samsung.android.snote.SCREEN_ON
01-11 19:39:54.704 20785 20785 D InstantMemo_Service: mPISCloseReceiver close()
01-11 19:39:54.705 20785 20785 D InstantMemo_Service: preInitService Close
01-11 19:39:54.705  3757  3757 V SamsungAlarmManager: Sending to uid : 10059 action=null alarm=Alarm{268a9b7 type 3 when 454179928 com.asurion.android.verizon.vms}
01-11 19:39:54.705  3757  4398 D InputManager-JNI: !@handleInterceptActions(172), action=1, wmActions=1
01-11 19:39:54.705 20785 20785 D InstantMemo_Service: doStopSelf() mDestroy is false mReStart is 0
01-11 19:39:54.705  3757  4552 I CAE     : showListenerList(ContextAwareService.java:386) - Listener : com.samsung.android.contextaware.manager.ContextAwareService$Listener@acc98b6, Service : AUTO_BRIGHTNESS(1)
01-11 19:39:54.705  3757  4552 W CAE     : registerCallback(ContextAwareService.java:191) - [regi 02] Mutex is unlocked for AUTO_BRIGHTNESS
01-11 19:39:54.706  3757  4552 D SemContextService: 	.registerCallback : 4, client=
01-11 19:39:54.706  3757  4552 D SemContextService: ===== SemContext Service List =====
01-11 19:39:54.706  3757  4552 D SemContextService: Listener : com.samsung.android.hardware.context.SemContextService$Listener@8069509, Service : Pedometer
01-11 19:39:54.706  3757  4552 D SemContextService: Listener : com.samsung.android.hardware.context.SemContextService$Listener@8069509, Service : Step Level Monitor
01-11 19:39:54.706  3757  4552 D SemContextService: Listener : com.samsung.android.hardware.context.SemContextService$Listener@6fd3728, Service : Activity Batch
01-11 19:39:54.706  3757  4552 D SemContextService: Listener : com.samsung.android.hardware.context.SemContextService$Listener@a5d2fbc, Service : Sensor Status Check
01-11 19:39:54.706  3757  4552 D SemContextService: Listener : com.samsung.android.hardware.context.SemContextService$Listener@4d03524, Service : Auto Brightness
01-11 19:39:54.706  3757  4552 D SemContextManager:   .registerListener : listener = android.hardware.scontext.SContextManager$SContextListenerDelegate@bab1b51, service=Auto Brightness
01-11 19:39:54.706  3757  4552 D SContextManager:   .registerListener : listener = com.android.server.display.AutomaticBrightnessController$5@265e6d5, service=Auto Brightness
01-11 19:39:54.707  3757  4552 D PowerManagerUtil: Excessive delay in SensorHubAutoBrightnessEnabled::registerListener done: 107ms
01-11 19:39:54.712  3757  4397 I WindowManager: Ignoring HOME; down is not pressed.
01-11 19:39:54.713 20785 20785 D ViewRootImpl@2afd1ba[InstantMemo_Service]: mHardwareRenderer.destroy()#4
01-11 19:39:54.714  3757  4440 I Sensors : Proximity old sensor_state 1, new sensor_state : 129 en : 1
01-11 19:39:54.714  3757  3757 D CompatibilityInfo: mCompatibilityFlags - 0
01-11 19:39:54.714  3757  3757 D CompatibilityInfo: applicationDensity - 420
01-11 19:39:54.715  3757  3757 D CompatibilityInfo: applicationScale - 1.0
01-11 19:39:54.715  3757  3757 V SamsungAlarmManager: Sending to uid : 10032 action=com.samsung.android.app.shealth.tracker.pedometer.PedometerService.HBA alarm=Alarm{6018a42 type 3 when 454217555 com.sec.android.app.shealth}
01-11 19:39:54.717  5024  5209 I System.out: Broadcasting: Intent { act=android.intent.action.LTE_SMS_STATUS launchParam=MultiScreenLaunchParams { mDisplayId=0 mFlags=0 } (has extras) }
01-11 19:39:54.718  3757  3757 V SamsungAlarmManager: Sending to uid : 10014 action=null alarm=Alarm{7d42a53 type 3 when 454229533 com.google.android.gms}
01-11 19:39:54.721 20785 20785 D InstantMemo_Service: doStopSelf() - end
01-11 19:39:54.722 20785 20785 D ViewRootImpl@2afd1ba[InstantMemo_Service]: dispatchDetachedFromWindow
01-11 19:39:54.723  3757  7204 D WindowManager: disposeInputChannel mInputChannel: 6c921f1 com.samsung.android.snote.control.ui.quickmemo.service.InstantMemo_Service (server)
01-11 19:39:54.724  3757  7204 W AppOps  : Finishing op nesting under-run: uid 10160 pkg com.samsung.android.snote code 64 time=0 duration=0 nesting=0
01-11 19:39:54.724 11359 11359 I PedometerService: onStartCommand  true, true, false
01-11 19:39:54.727  3757  4473 D SemContext.CaeProvider.SensorStatusCheckImpl: requestToUpdate SensorHub Reset Cnt : 0
01-11 19:39:54.727  3757  4473 D SemContext.CaeProvider.SensorStatusCheckImpl: SensorHub Reset Cnt : 0
01-11 19:39:54.727  3757  4473 D SemContext.CaeProvider.SensorStatusCheckImpl: LastEventMap sensorHubEvent TimeStamp address : 0 - 0
01-11 19:39:54.727  3757  4473 D SemContext.CaeProvider.SensorStatusCheckImpl: LastEventMap sensorHubEvent TimeStamp address : 1 - 0
01-11 19:39:54.727  3757  4473 D SemContext.CaeProvider.SensorStatusCheckImpl: LastEventMap sensorHubEvent TimeStamp address : 2 - 0
01-11 19:39:54.727  3757  4473 D SemContext.CaeProvider.SensorStatusCheckImpl: LastEventMap sensorHubEvent TimeStamp address : 3 - 0
01-11 19:39:54.727  3757  4473 D SemContext.CaeProvider.SensorStatusCheckImpl: LastEventMap sensorHubEvent TimeStamp address : 4 - 0
01-11 19:39:54.727  3757  4473 D SemContext.CaeProvider.SensorStatusCheckImpl: LastEventMap sensorHubEvent TimeStamp address : 5 - 0
01-11 19:39:54.727  3757  4473 D SemContext.CaeProvider.SensorStatusCheckImpl: LastEventMap sensorHubEvent TimeStamp address : 6 - 0
01-11 19:39:54.727  3757  4473 D SemContext.CaeProvider.SensorStatusCheckImpl: LastEventMap sensorHubEvent TimeStamp address : 7 - 0
01-11 19:39:54.727  3757  4473 D SemContext.CaeProvider.SensorStatusCheckImpl: LastEventMap sensorHubEvent TimeStamp address : 8 - 0
01-11 19:39:54.727  3757  4473 D SemContext.CaeProvider.SensorStatusCheckImpl: LastEventMap sensorHubEvent TimeStamp address : 9 - 0
01-11 19:39:54.728  3757  4473 D SemContextService: updateContext() : event = Sensor Status Check
01-11 19:39:54.728  3757  4473 D SemContext.CaeProvider.SensorStatusCheckImpl: initialize Last Event!!
01-11 19:39:54.728  3757  4473 D SemContextService: requestToUpdate() : service = Sensor Status Check
01-11 19:39:54.729  4616  4616 D SensorManager: registerListener :: 5, TMD4903 Proximity Sensor, 20000, 0,  
01-11 19:39:54.729  3757  7204 D InputTransport: Input channel destroyed: fd=547
01-11 19:39:54.729  4616  4616 D KeyguardServiceBoxContainer: refreshTime()
01-11 19:39:54.730  4616  4616 I KeyguardClockPage: refreshTime(): DefaultSingle2016 hometime:America/New_York locale:en_US hasBG?false, Roaming:false
01-11 19:39:54.730 20785 20785 D InputTransport: Input channel destroyed: fd=61
01-11 19:39:54.731 20785 20785 D InstantMemo_Service: onDestroy()
01-11 19:39:54.731  3268  3268 D bauth_service: BAuthService, 371
01-11 19:39:54.731  3268  3268 D bauth_FPBAuthService: thread id : 3, preenroll_flag : 0, nd cnt : 0
01-11 19:39:54.732 20785 20785 E SpenGLInView: setPageDoc is closed
01-11 19:39:54.732  3268  3268 D bauth_service: BAuthService, 390
01-11 19:39:54.732 20785 20785 D SPen_Library: GLCanvas static jboolean SPen::GLCanvasGlue::setPageDoc(JNIEnv*, jclass, jlong, jobject, jboolean) canvas = -612074896 pageDoc = 0 isUpdate = false
01-11 19:39:54.732 20785 20785 E SPen_Library: virtual bool SPen::WorkerThreadImpl::WaitForExecution(). Worker is on pause (Queued task: 0). No task executed executed.
01-11 19:39:54.732 20785 20785 D spe_log : static void SPen::BitmapGL::destroyGLBitmap(SPen::BitmapGL*) bitmap is null
01-11 19:39:54.732 20785 20785 D spe_log : static void SPen::BitmapGL::destroyGLBitmap(SPen::BitmapGL*) bitmap is null
01-11 19:39:54.732 20785 20785 D SPen_Library: SetPageDoc: PageDoc is null..
01-11 19:39:54.732 20785 20785 D SPen_Library: GLCanvas static void SPen::GLCanvasGlue::finalize(JNIEnv*, jclass, jlong) canvas = -612074896
01-11 19:39:54.732 20785 20785 D SPen_Library: GLCanvas virtual void SPen::GLCanvas::ClearData()
01-11 19:39:54.732 20785 20785 E SPen_Library: virtual bool SPen::WorkerThreadImpl::WaitForExecution(). Worker is on pause (Queued task: 5). No task executed executed.
01-11 19:39:54.732 20785 20785 D SPen_Library: virtual SPen::WorkerThreadImpl::~WorkerThreadImpl() Cleanup
01-11 19:39:54.732 20785 20785 E SPen_Library: virtual bool SPen::WorkerThreadImpl::WaitForExecution(). Worker is on pause (Queued task: 0). No task executed executed.
01-11 19:39:54.732 20785 20785 E SPen_Library: virtual bool SPen::WorkerThreadImpl::WaitForExecution(). Worker is on pause (Queued task: 0). No task executed executed.
01-11 19:39:54.732 20785 20785 D spe_log : static void SPen::BitmapGL::destroyGLBitmap(SPen::BitmapGL*) bitmap is null
01-11 19:39:54.732 20785 20785 D spe_log : static void SPen::BitmapGL::destroyGLBitmap(SPen::BitmapGL*) bitmap is null
01-11 19:39:54.732 20785 20785 D SPen_Library: SetPageDoc: PageDoc is null..
01-11 19:39:54.732 20785 20785 D SPen_Library: virtual SPen::WorkerThreadImpl::~WorkerThreadImpl() Cleanup
01-11 19:39:54.732 20785 20785 D spe_log : static void SPen::BitmapGL::destroyGLBitmap(SPen::BitmapGL*) bitmap is null
01-11 19:39:54.732 20785 20785 D spe_log : static void SPen::BitmapGL::destroyGLBitmap(SPen::BitmapGL*) bitmap is null
01-11 19:39:54.732 20785 20785 D spe_log : static void SPen::BitmapGL::destroyGLBitmap(SPen::BitmapGL*) bitmap is null
01-11 19:39:54.732 20785 20785 D spe_log : static void SPen::BitmapGL::destroyGLBitmap(SPen::BitmapGL*) bitmap is null
01-11 19:39:54.732 20785 20785 D spe_log : static void SPen::BitmapGL::destroyGLBitmap(SPen::BitmapGL*) bitmap is null
01-11 19:39:54.732 20785 20785 D spe_log : static void SPen::BitmapGL::destroyGLBitmap(SPen::BitmapGL*) bitmap is null
01-11 19:39:54.732 20785 20785 D spe_log : static void SPen::BitmapGL::destroyGLBitmap(SPen::BitmapGL*) bitmap is null
01-11 19:39:54.732 20785 20785 D spe_log : static void SPen::BitmapGL::destroyGLBitmap(SPen::BitmapGL*) bitmap is null
01-11 19:39:54.732 20785 20785 D spe_log : static void SPen::BitmapGL::destroyGLBitmap(SPen::BitmapGL*) bitmap is null
01-11 19:39:54.732 20785 20785 D spe_log : static void SPen::BitmapGL::destroyGLBitmap(SPen::BitmapGL*) bitmap is null
01-11 19:39:54.732  3757  3757 D FingerprintService: ClientMonitor: 10000000000000000000000000010111
01-11 19:39:54.732 20785 20785 D spe_log : static void SPen::BitmapGL::destroyGLBitmap(SPen::BitmapGL*) bitmap is null
01-11 19:39:54.732 20785 20785 D spe_log : static void SPen::BitmapGL::destroyGLBitmap(SPen::BitmapGL*) bitmap is null
01-11 19:39:54.732 20785 20785 D spe_log : -----  SPen::PageEffectManager::~PageEffectManager()
01-11 19:39:54.732 20785 20785 D spe_log : ----- void SPen::PageEffectManager::destroyEffect()
01-11 19:39:54.732 20785 20785 E SPen_Library: virtual bool SPen::WorkerThreadImpl::WaitForExecution(). Worker is on pause (Queued task: 10). No task executed executed.
01-11 19:39:54.732 20785 20785 D SPen_Library: TextView SPen::TextView::~TextView()
01-11 19:39:54.732 20785 20785 D SPen_Library: TextDrawing SPen::TextDrawing::~TextDrawing()
01-11 19:39:54.733 20785 20785 D SPen_Library: TextView SPen::TextView::~TextView()
01-11 19:39:54.733 20785 20785 D SPen_Library: TextDrawing SPen::TextDrawing::~TextDrawing()
01-11 19:39:54.733 20785 20785 D SPen_Library: TextView SPen::TextView::~TextView()
01-11 19:39:54.733 20785 20785 D SPen_Library: TextDrawing SPen::TextDrawing::~TextDrawing()
01-11 19:39:54.733 20785 20785 D SPen_Library: TextView SPen::TextView::~TextView()
01-11 19:39:54.733 20785 20785 D SPen_Library: TextDrawing SPen::TextDrawing::~TextDrawing()
01-11 19:39:54.733 20785 20785 I PluginManager: unloadPlugin()
01-11 19:39:54.733 20785 20785 I PluginManager: InkPen
01-11 19:39:54.733 20785 20785 D SPen_Library: InkPenSkia virtual SPen::InkPenSkia::~InkPenSkia()
01-11 19:39:54.733 20785 20785 I PluginManager: unloadPlugin() is completed
01-11 19:39:54.733 20785 20785 D SPen_Library: virtual SPen::WorkerThreadImpl::~WorkerThreadImpl() Cleanup
01-11 19:39:54.733 20785 20785 D SPen_Library: void SPen::ShaderManager::CheckEmpty() All shaders was cleaned
01-11 19:39:54.733 20785 20785 D SPen_Library: Canvas virtual void SPen::GLCanvas::ClearData() completed
01-11 19:39:54.734  3268  3268 V fingerprintd: authenticate(sid=0, gid=0)
01-11 19:39:54.734  3268  3268 D bauth_service: BAuthService, 324
01-11 19:39:54.734  3268  3268 D bauth_service: BAuthService, 54
01-11 19:39:54.735  4616  4616 D WallpaperViewController: onScreenTurningOn
01-11 19:39:54.735  4616  4616 D WallpaperViewController: mWallpaperView.onResume()
01-11 19:39:54.735  4616  4616 D KeyguardViewMediator: IKeyguardDrawnCallback.onDrawn()
01-11 19:39:54.735  3757  4482 I NotificationService: cancelToast pkg=com.samsung.android.snote callback=android.app.ITransientNotification$Stub$Proxy@96d7f90
01-11 19:39:54.735  3757  4482 W NotificationService: Toast already cancelled. pkg=com.samsung.android.snote callback=android.app.ITransientNotification$Stub$Proxy@96d7f90
01-11 19:39:54.735  3757  6272 V KeyguardServiceDelegate: **** SHOWN CALLED ****
01-11 19:39:54.735 20785 20785 V ZoomPad : stop
01-11 19:39:54.735 20785 20785 V ZoomPad : syn close
01-11 19:39:54.735  3268 24128 D bauth_FPBAuthService: FPBAuthService, 649
01-11 19:39:54.736  3268 24128 D bauth_FPBAuthSensorControl: FPBAuthSensorControl, 304
01-11 19:39:54.736  3268 24128 D bauth_FPBAuthService: FPBAuthService, 666
01-11 19:39:54.736  3268 24128 D bauth_FPBAuthService: FPBAuthService, 3123
01-11 19:39:54.736  3268 24128 I TLC_BAUTH: Call FUNC ID 0x3 , 1;477
01-11 19:39:54.736  3268 24128 I TLC_BAUTH: input memory already allocated;579
01-11 19:39:54.736  3268 24128 I TLC_BAUTH: output memory already allocated;606
01-11 19:39:54.736  3268 24128 I TLC_BAUTH: Call FP cmd 0x11;327
01-11 19:39:54.736  3268 24128 I tlc_communication: Send Trustlet TCI Message;214
01-11 19:39:54.736  3268 24128 I tlc_communication: mcNotify is completed;224
01-11 19:39:54.736  3757 29842 I Sensors : Acc old sensor_state 129, new sensor_state : 128 en : 0
01-11 19:39:54.737  3757  7204 D SamsungAlarmManager: setExact Intent (T:3/F:5/AC:false) 20190111T193959 - CU:10059/CP:15240
01-11 19:39:54.737  3757  7204 I SamsungAlarmManager: setLocked to kernel - T:3 / 20190111T193959, SetElapsed=454239057, nowELAPSED=454234065
01-11 19:39:54.738  3268 24128 I tlc_communication: mcWaitNotification is completed;237
01-11 19:39:54.738  3268 24128 I TLC_BAUTH: Check the Trustlet return code is completed;362
01-11 19:39:54.738  3268 24128 I TLC_BAUTH: ion alloc dm;646
01-11 19:39:54.738  3268 24128 I TLC_BAUTH: Call FP cmd 0x12;379
01-11 19:39:54.738  3268 24128 I tlc_communication: Send Trustlet TCI Message;214
01-11 19:39:54.738  3268 24128 I tlc_communication: mcNotify is completed;224
01-11 19:39:54.739 11359 11359 D SemContextManager:   .requestToUpdate : listener = com.samsung.android.app.shealth.tracker.pedometer.service.wrapper.ActivitySensorDelegator$SemContextListenerWrapper@d8899a1, service=Sensor Status Check
01-11 19:39:54.742  3268 24128 I tlc_communication: mcWaitNotification is completed;237
01-11 19:39:54.742  3268 24128 I TLC_BAUTH: Check the Trustlet return code is completed;406
01-11 19:39:54.742  3268 24128 I TLC_BAUTH: FUNC ID 0x3 is completed;675
01-11 19:39:54.742  3268 24128 D bauth_FPBAuthService: FPBAuthService, 694
01-11 19:39:54.744 20785 20785 D SensorManager: unregisterListener ::   
01-11 19:39:54.744 20785 20785 D InstantMemo_Service: onDestroy() - end
01-11 19:39:54.745  3268  3268 D bauth_Worker: Worker, 48
01-11 19:39:54.745  3268  3268 D bauth_FPBAuthService: thread id : 3, preenroll_flag : 0, nd cnt : 0
01-11 19:39:54.745  3268  3268 D bauth_service: BAuthService, 365
01-11 19:39:54.745 11359 11359 D SemContextManager: onSemContextChanged() : event = Sensor Status Check
01-11 19:39:54.745  3757  3757 W FingerprintService: startAuthentication FP_FINISH (13ms) RESULT: 0
01-11 19:39:54.748  3268 24128 D bauth_FPBAuthSensorControl: FPBAuthSensorControl, 346
01-11 19:39:54.748  3268 24128 D bauth_FPBAuthService: FPBAuthService, 706
01-11 19:39:54.748  3268 24128 D bauth_FPBAuthService: FPBAuthService, 3142
01-11 19:39:54.751  3757  4332 I Sensors : ProximitySensor - 8(cm)
01-11 19:39:54.752  3268 24128 D bauth_FPBAuthSensorControl: FPBAuthSensorControl, 552
01-11 19:39:54.752  3268 24128 I TLC_BAUTH: Call FP cmd 0x1;841
01-11 19:39:54.752  3268 24128 I tlc_communication: Send Trustlet TCI Message;214
01-11 19:39:54.752  3268 24128 I tlc_communication: mcNotify is completed;224
01-11 19:39:54.754  3757  3757 D CompatibilityInfo: mCompatibilityFlags - 0
01-11 19:39:54.754  3757  3757 D CompatibilityInfo: applicationDensity - 420
01-11 19:39:54.754  3757  3757 D CompatibilityInfo: applicationScale - 1.0
01-11 19:39:54.759  4616  4616 D SensorManager: Proximity, val = 8.0  [far]
01-11 19:39:54.759  4616  4616 D ViewRootImpl@151652b[StatusBar]: MSG_RESIZED_REPORT: ci=Rect(0, 0 - 0, 0) vi=Rect(0, 0 - 0, 0) or=1
01-11 19:39:54.761  3757  7206 D CompatibilityInfo: mCompatibilityFlags - 0
01-11 19:39:54.761  3757  7206 D CompatibilityInfo: applicationDensity - 420
01-11 19:39:54.761  3757  7206 D CompatibilityInfo: applicationScale - 1.0
01-11 19:39:54.762  3757  3757 D SamsungAlarmManager: setExact Intent (T:3/F:1/AC:false) 20190111T194000 - CU:1000/CP:3757
01-11 19:39:54.762  3757  3757 V AlarmManager: ___SyncScheduler (v3) ACTIVATED___
01-11 19:39:54.762  3757  3757 V AlarmManagerEXT: <AppSync3 Whitelist>
01-11 19:39:54.762  3757  3757 V AlarmManagerEXT: (AppSync) com.sec.spp.push : 1200(1180)
01-11 19:39:54.762  3757  3757 V AlarmManagerEXT: (AppSync) ### 1 added ###
01-11 19:39:54.773  5024 29626 I System.out: Broadcast completed: result=0
01-11 19:39:54.779  5024  5209 I System.out: Broadcasting: Intent { act=com.sec.android.LTE_WIDEBAND_INFO flg=0x10000000 launchParam=MultiScreenLaunchParams { mDisplayId=0 mFlags=0 } (has extras) }
01-11 19:39:54.783  3757  3757 D SamsungAlarmManager: Cancel Alarm calling from uid:1000 pid :3757 / op:PendingIntent{3ba1f9a: PendingIntentRecord{33bba74 android broadcastIntent}}
01-11 19:39:54.785  3757  3757 D SamsungAlarmManager: setExact Intent (T:1/F:9/AC:false) 19691231T191000 - CU:1000/CP:3757
01-11 19:39:54.786  3757  3757 I SamsungAlarmManager: setLocked to kernel - T:3 / 20190111T193955, SetElapsed=454235111, nowELAPSED=454234113
01-11 19:39:54.786  4616  4823 D NetworkController.MobileSignalController(0/1): onSignalStrengthsChanged signalStrength=SignalStrength: 99 99 -120 -160 -120 -1 -1 13 -121 -14 -20 2147483647 2147483647 0x1000 gsm|lte level=1
01-11 19:39:54.786  4616  4823 D NetworkController.MobileSignalController(0/1): getMobileIconGroup(): 13
01-11 19:39:54.786  4616  4823 D NetworkController.MobileSignalController(0/1): updateVZWMobileIconGroup(): 13
01-11 19:39:54.788  3757  9599 D GameManagerService: identifyGamePackage. com.GeekTechnique.InfinityStack
01-11 19:39:54.794  5035  5670 D EPDG -- [SMARTWIFI]: onSignalStrengthsChanged: Received signal strength change, phone type is: 2
01-11 19:39:54.795  5035  6446 D EPDG -- [SMARTWIFI]: lastLteRSRP is -121currentLteRSRP is -121
01-11 19:39:54.796  5035  6446 D EPDG -- [SMARTWIFI]: lastLteRSRQ is -14currentLteRSRQ is -14
01-11 19:39:54.796  5035  6446 D EPDG -- [SMARTWIFI]: lastCdmaDb is -16currentCdmaDb is -16
01-11 19:39:54.796  5035  6446 V EPDG -- [SMARTWIFI]: Radio oldest entry removed
01-11 19:39:54.796  5035  6446 V EPDG -- [SMARTWIFI]: New entry : (SignalStrength: 99 99 -120 -160 -120 -1 -1 13 -121 -14 -20 2147483647 2147483647 0x1000 gsm|lte : 0 )
01-11 19:39:54.796  5035  6446 V EPDG -- [SMARTWIFI]: Radio entry added
01-11 19:39:54.798  3757  9599 D SSRM:t  : SIOP:: AP = 290, PST = 293 (W:14), CP = 230, CUR = 120, LCD = 0
01-11 19:39:54.798  5035  6445 D EPDG -- [MODEM]: message length is  9
01-11 19:39:54.798  3757  3757 D LightsService: [api] [SvcLED] turnOff:: id = 5 (uid: 1000 pid: 3757) 
01-11 19:39:54.798  3757  3757 D PowerManagerUtil: fileWriteString to /sys/power/wake_lock, LightsService
01-11 19:39:54.798  5035  6445 D EPDG -- [MODEM]: countRead is 7 offset is 7remaining is 0
01-11 19:39:54.799  3757  3757 D LightsService: [SvcLED] setSvcLedStateLocked:: SvcLEDState : 0x10 -> 0x0 | SvcLED(id=5) set Off
01-11 19:39:54.799  3757  3757 D BatteryService: turn off LED
01-11 19:39:54.799  5035  6445 D EPDG -- EpdgIpcMessageFactory: ipcMainCmd: 8
01-11 19:39:54.799  5035  6445 D EPDG -- [UTILS]: isUSerBinary: true
01-11 19:39:54.799  3757  9599 D ConnectivityService: filterNetworkStateForUid() uid: 1000 networkInfo: [type: WIFI[] - WIFI, state: CONNECTED/CONNECTED, reason: (unspecified), extra: "wilkinson2.4", failover: false, available: true, roaming: false, metered: false]
01-11 19:39:54.800  4616  4823 D NetworkController.MobileSignalController(0/1): callState:0, callStateByPhone:false voLTECall:false voiceNetTpe:13 dataNetType:13, ine911:false, emergencyCallbackMode:false
01-11 19:39:54.801  5035  6445 D EPDG -- [RILRECEIVER]: [Rx]: Main: IPC_NET_CMD Sub: IPC_NET_REGIST
01-11 19:39:54.801  5035  6445 D EPDG -- [RILRECEIVER]: [Rx]: Param: FF 03 
01-11 19:39:54.801  3757  3799 D LightsService: [SvcLED] handleForcedSvcLEDTask()
01-11 19:39:54.801  5035  6445 I EPDG -- [RILRECEIVER]: RX [NET_REGIST] -- RESPONSE -- EPDG AVAILABLE
01-11 19:39:54.801  3757  3799 D lights  : led_pattern : 0 +
01-11 19:39:54.801  5035  6445 D EPDG -- [NETIPCMESSAGE]: encodeNetRegist
01-11 19:39:54.801  5035  6445 D EPDG -- [UTILS]: isUSerBinary: true
01-11 19:39:54.802  5035  5670 D EPDG -- [SMARTWIFI]: onSignalStrengthsChanged: Received signal strength change, phone type is: 2
01-11 19:39:54.802  5035  6445 D EPDG -- [IPCDISPATCHER]: [Tx]: Main: IPC_NET_CMD Sub: IPC_NET_REGIST Cmd Type: IPC_CMD_RESP
01-11 19:39:54.802  5035  6446 D EPDG -- [SMARTWIFI]: lastLteRSRP is -121currentLteRSRP is -121
01-11 19:39:54.802  5035  6446 D EPDG -- [SMARTWIFI]: lastLteRSRQ is -14currentLteRSRQ is -14
01-11 19:39:54.802  5035  6446 D EPDG -- [SMARTWIFI]: lastCdmaDb is -16currentCdmaDb is -16
01-11 19:39:54.802  5035  6446 V EPDG -- [SMARTWIFI]: Radio oldest entry removed
01-11 19:39:54.803  5035  6445 D EPDG -- [IPCDISPATCHER]: [Tx]: Param: 30 03 02 00 00 00 00 00 00 00 00 00 00 
01-11 19:39:54.803  5035  6446 V EPDG -- [SMARTWIFI]: New entry : (SignalStrength: 99 99 -120 -160 -120 -1 -1 13 -121 -14 -20 2147483647 2147483647 0x1000 gsm|lte : 0 )
01-11 19:39:54.803  5035  6446 V EPDG -- [SMARTWIFI]: Radio entry added
01-11 19:39:54.803  5035  6445 D EPDG -- [MODEM]: EpdgModem instance already exists !
01-11 19:39:54.804  3757  3799 D lights  : led_pattern : 0 -
