01-11 16:55:22.909  3757  4354 D CompatibilityInfo: applicationScale - 1.0
01-11 16:55:22.930 11131 11223 D ClClient: Not sending keepalive.  Current connection state=STOPPED
01-11 16:55:22.954  3757 29840 D SamsungAlarmManager: setExact Intent (T:3/F:5/AC:false) 20190111T165527 - CU:10059/CP:15240
01-11 16:55:22.955  3757 29840 I SamsungAlarmManager: setLocked to kernel - T:3 / 20190111T165527, SetElapsed=444368433, nowELAPSED=444363452
01-11 16:55:24.549  3757  2859 D BatteryService: !@BatteryListener : batteryPropertiesChanged!
01-11 16:55:24.551  3757  2859 D BatteryService: level:49, scale:100, status:2, health:2, present:true, voltage: 3921, temperature: 299, technology: Li-ion, AC powered:false, USB powered:true, POGO powered:false, Wireless powered:false, icon:17303694, invalid charger:0, maxChargingCurrent:0, maxChargingVoltage:0, chargeCounter:0
01-11 16:55:24.551  3757  2859 D BatteryService: online:6, current avg:442, charge type:1, power sharing:false, high voltage charger:false, capacity:280000, batterySWSelfDischarging:false, misc_event:0, current_now:502
01-11 16:55:24.551  3757  3757 D BatteryService: Sending ACTION_BATTERY_CHANGED.
01-11 16:55:24.557  3757  3757 V UiModeManager: updateLocked: null action, mDockState=0, category=null
01-11 16:55:24.557  3757  3757 D UiModeManager: updateConfigurationLocked: mDockState=0; mCarMode=false; mNightMode=1; uiMode=17
01-11 16:55:24.559  3757  3757 D GameManagerService: new battery level: 49
01-11 16:55:24.563  4616  4616 D KeyguardUpdateMonitor: received broadcast android.intent.action.BATTERY_CHANGED
01-11 16:55:24.563  4616  4616 D KeyguardUpdateMonitor: handleBatteryUpdate
01-11 16:55:24.570  4616  4616 D PowerUI : priorPlugType = 2 mPlugType =  2
01-11 16:55:24.572  4616  4616 D PowerUI.Notification: showChargingNotice oldChargingType : 1 currentChargingType : 1 oldChargingTime : 6320000 mChargingTime : 6320000
01-11 16:55:24.572  4616  4616 D PowerUI.Notification: There is no change about charging status, so return!
01-11 16:55:24.575  4616  4616 D BatteryMeterDrawable: isSomethingChanged - false
01-11 16:55:24.575  4616  4616 D BatteryMeterDrawable: isSomethingChanged - false
01-11 16:55:24.579  5024  5024 D PhoneApp: PhoneAppBroadcastReceiver onReceive android.intent.action.BATTERY_CHANGED
01-11 16:55:24.579  5024  5024 D TelephonyExtensionManager: lowBatterySound - isLowBatterySoundScheduled: false
01-11 16:55:24.579  5024  5024 D TelephonyExtensionManager: lowBatterySound - isPlayNow: false
01-11 16:55:24.580  5024  5024 D TelephonyExtensionManager: isSpeakerON - true
01-11 16:55:24.581  4616  4616 D Tile.FlashlightTile: ACTION_BATTERY_CHANGED - Level :: 49, emEnabled :: false
01-11 16:55:24.598 26102 26102 D UE4     : Battery: status = 2, rawlevel = 49, scale = 100
01-11 16:55:24.599 26102 26102 D UE4     : nativeBatteryEvent(stat = 2, lvl = 49  temp = 29.90 C)
01-11 16:55:24.602  5024  5024 D TelephonyExtensionManager: lowBatterySound - batteryStatus: 2
01-11 16:55:24.602  5024  5024 D TelephonyExtensionManager: lowBatterySound - batteryLevel: 49
01-11 16:55:24.602  5024  5024 D TelephonyExtensionManager: lowBatterySound - cancel
01-11 16:55:24.603  3757  4473 D SamsungAlarmManager: Cancel Alarm calling from uid:1001 pid :5024 / op:PendingIntent{9f588ba: PendingIntentRecord{a39a255 com.android.phone broadcastIntent}}
01-11 16:55:24.603  5024  5024 D TelephonyExtension: Not stopping low battery tone
01-11 16:55:24.914  3757  4458 D WifiStateMachine: Current network is: "wilkinson2.4" , ID is: 30
01-11 16:55:24.914  3757  4458 I WifiStateMachine: IMS calling, current network is always qualified
01-11 16:55:26.002  5689  5689 D io_stats: !@   8,0 r 1916797 58328076 w 1918994 43210892 d 310716 22786136 f 500864 500738 iot 3051820 1706375 th 61440 61440 43080 pt 9550 inp 0 0 165852.643
01-11 16:55:27.316  3757  9599 D SSRM:t  : SIOP:: AP = 450, PST = 425 (W:12), CP = 274, CUR = 688, LCD = 119
01-11 16:55:27.318  3757  9599 D ConnectivityService: filterNetworkStateForUid() uid: 1000 networkInfo: [type: WIFI[] - WIFI, state: CONNECTED/CONNECTED, reason: (unspecified), extra: "wilkinson2.4", failover: false, available: true, roaming: false, metered: false]
01-11 16:55:27.774 26102 26132 D UE4     : Used memory: 221360
01-11 16:55:27.936  3757  4354 D SamsungAlarmManager: Expired : 8
01-11 16:55:27.936  3757  4354 I SamsungAlarmManager: setLocked to kernel - T:3 / 20190111T165550, SetElapsed=444390800, nowELAPSED=444368433
01-11 16:55:27.937  3757  4354 V SamsungAlarmManager: Sending to uid : 10059 action=null alarm=Alarm{710136b type 3 when 444368433 com.asurion.android.verizon.vms}
01-11 16:55:27.940  3757  4458 D WifiStateMachine: Current network is: "wilkinson2.4" , ID is: 30
01-11 16:55:27.940  3757  4458 I WifiStateMachine: IMS calling, current network is always qualified
01-11 16:55:27.946  3757  4354 D CompatibilityInfo: mCompatibilityFlags - 0
01-11 16:55:27.947  3757  4354 D CompatibilityInfo: applicationDensity - 420
01-11 16:55:27.947  3757  4354 D CompatibilityInfo: applicationScale - 1.0
01-11 16:55:27.970  3757 29840 D SamsungAlarmManager: setExact Intent (T:3/F:5/AC:false) 20190111T165532 - CU:10059/CP:15240
01-11 16:55:27.972  3757 29840 I SamsungAlarmManager: setLocked to kernel - T:3 / 20190111T165532, SetElapsed=444373458, nowELAPSED=444368469
01-11 16:55:30.967  3757  4458 D WifiStateMachine: Current network is: "wilkinson2.4" , ID is: 30
01-11 16:55:30.967  3757  4458 I WifiStateMachine: IMS calling, current network is always qualified
01-11 16:55:31.004  5689  5689 D io_stats: !@   8,0 r 1916797 58328076 w 1919007 43210952 d 310716 22786136 f 500888 500762 iot 3051910 1706378 th 61440 61440 43080 pt 9550 inp 0 0 165857.645
01-11 16:55:31.408  3757  4966 E Watchdog: !@Sync 5526 [11_Jan_16_55_31.407]
01-11 16:55:32.931 11131 11223 D ClClient: Not sending keepalive.  Current connection state=STOPPED
01-11 16:55:32.961  3757  4354 D SamsungAlarmManager: Expired : 8
01-11 16:55:32.962  3757  4354 I SamsungAlarmManager: setLocked to kernel - T:3 / 20190111T165550, SetElapsed=444390800, nowELAPSED=444373459
01-11 16:55:32.963  3757  4354 V SamsungAlarmManager: Sending to uid : 10059 action=null alarm=Alarm{4d86b61 type 3 when 444373458 com.asurion.android.verizon.vms}
01-11 16:55:32.976  3757  4354 D CompatibilityInfo: mCompatibilityFlags - 0
01-11 16:55:32.976  3757  4354 D CompatibilityInfo: applicationDensity - 420
01-11 16:55:32.977  3757  4354 D CompatibilityInfo: applicationScale - 1.0
01-11 16:55:33.022  3757 32083 D SamsungAlarmManager: setExact Intent (T:3/F:5/AC:false) 20190111T165538 - CU:10059/CP:15240
01-11 16:55:33.023  3757 32083 I SamsungAlarmManager: setLocked to kernel - T:3 / 20190111T165538, SetElapsed=444378502, nowELAPSED=444373520
01-11 16:55:33.999  3757  4458 D WifiStateMachine: Current network is: "wilkinson2.4" , ID is: 30
01-11 16:55:34.000  3757  4458 I WifiStateMachine: IMS calling, current network is always qualified
01-11 16:55:34.615  3757  2858 D BatteryService: !@BatteryListener : batteryPropertiesChanged!
01-11 16:55:34.616  3757  2858 D BatteryService: level:49, scale:100, status:2, health:2, present:true, voltage: 3911, temperature: 299, technology: Li-ion, AC powered:false, USB powered:true, POGO powered:false, Wireless powered:false, icon:17303694, invalid charger:0, maxChargingCurrent:0, maxChargingVoltage:0, chargeCounter:0
01-11 16:55:34.616  3757  2858 D BatteryService: online:6, current avg:449, charge type:1, power sharing:false, high voltage charger:false, capacity:280000, batterySWSelfDischarging:false, misc_event:0, current_now:397
01-11 16:55:34.617  3757  3757 D BatteryService: Sending ACTION_BATTERY_CHANGED.
01-11 16:55:34.620  3757  3757 V UiModeManager: updateLocked: null action, mDockState=0, category=null
01-11 16:55:34.621  3757  3757 D UiModeManager: updateConfigurationLocked: mDockState=0; mCarMode=false; mNightMode=1; uiMode=17
01-11 16:55:34.621  3757  3757 D GameManagerService: new battery level: 49
01-11 16:55:34.623  4616  4616 D KeyguardUpdateMonitor: received broadcast android.intent.action.BATTERY_CHANGED
01-11 16:55:34.624  4616  4616 D KeyguardUpdateMonitor: handleBatteryUpdate
01-11 16:55:34.628  4616  4616 D PowerUI : priorPlugType = 2 mPlugType =  2
01-11 16:55:34.631  4616  4616 D PowerUI.Notification: showChargingNotice oldChargingType : 1 currentChargingType : 1 oldChargingTime : 6320000 mChargingTime : 6310000
01-11 16:55:34.632  4616  4616 D PowerUI.Notification: showChargingNotification()
01-11 16:55:34.640  5024  5024 D PhoneApp: PhoneAppBroadcastReceiver onReceive android.intent.action.BATTERY_CHANGED
01-11 16:55:34.641  5024  5024 D TelephonyExtensionManager: lowBatterySound - isLowBatterySoundScheduled: false
01-11 16:55:34.641  5024  5024 D TelephonyExtensionManager: lowBatterySound - isPlayNow: false
01-11 16:55:34.642  5024  5024 D TelephonyExtensionManager: isSpeakerON - true
01-11 16:55:34.658  5024  5024 D TelephonyExtensionManager: lowBatterySound - batteryStatus: 2
01-11 16:55:34.658  5024  5024 D TelephonyExtensionManager: lowBatterySound - batteryLevel: 49
01-11 16:55:34.658  5024  5024 D TelephonyExtensionManager: lowBatterySound - cancel
01-11 16:55:34.662  3757 10496 D SamsungAlarmManager: Cancel Alarm calling from uid:1001 pid :5024 / op:PendingIntent{69a7b47: PendingIntentRecord{a39a255 com.android.phone broadcastIntent}}
01-11 16:55:34.663  5024  5024 D TelephonyExtension: Not stopping low battery tone
01-11 16:55:34.664  3757 32084 D ApplicationPolicy: isStatusBarNotificationAllowedAsUser: packageName = com.android.systemui,userId = -1
01-11 16:55:34.666  4616  4616 D BatteryMeterDrawable: isSomethingChanged - false
01-11 16:55:34.666  4616  4616 D BatteryMeterDrawable: isSomethingChanged - false
01-11 16:55:34.679  4616  4616 D Tile.FlashlightTile: ACTION_BATTERY_CHANGED - Level :: 49, emEnabled :: false
01-11 16:55:34.726  4616  4616 D KeyguardServiceBoxContainer: updateCMAS() hasCmasNotification = false, mHasCMAS = false
01-11 16:55:36.007  5689  5689 D io_stats: !@   8,0 r 1916797 58328076 w 1919014 43211008 d 310716 22786136 f 500917 500791 iot 3052000 1706389 th 61440 61440 43080 pt 9550 inp 0 1 165862.649
01-11 16:55:37.027  3757  4458 D WifiStateMachine: Current network is: "wilkinson2.4" , ID is: 30
01-11 16:55:37.027  3757  4458 I WifiStateMachine: IMS calling, current network is always qualified
01-11 16:55:37.342  3757  9599 D SSRM:t  : SIOP:: AP = 450, PST = 432 (W:12), CP = 276, CUR = 677, LCD = 119
01-11 16:55:37.344  3757  9599 D ConnectivityService: filterNetworkStateForUid() uid: 1000 networkInfo: [type: WIFI[] - WIFI, state: CONNECTED/CONNECTED, reason: (unspecified), extra: "wilkinson2.4", failover: false, available: true, roaming: false, metered: false]
01-11 16:55:37.757 26102 26132 D UE4     : Used memory: 221324
01-11 16:55:38.005  3757  4354 D SamsungAlarmManager: Expired : 8
01-11 16:55:38.006  3757  4354 I SamsungAlarmManager: setLocked to kernel - T:3 / 20190111T165550, SetElapsed=444390800, nowELAPSED=444378503
01-11 16:55:38.007  3757  4354 V SamsungAlarmManager: Sending to uid : 10059 action=null alarm=Alarm{1404f74 type 3 when 444378502 com.asurion.android.verizon.vms}
01-11 16:55:38.014  3757  4354 D CompatibilityInfo: mCompatibilityFlags - 0
01-11 16:55:38.015  3757  4354 D CompatibilityInfo: applicationDensity - 420
01-11 16:55:38.015  3757  4354 D CompatibilityInfo: applicationScale - 1.0
01-11 16:55:38.047  3757 29841 D SamsungAlarmManager: setExact Intent (T:3/F:5/AC:false) 20190111T165543 - CU:10059/CP:15240
01-11 16:55:38.051  3757 29841 I SamsungAlarmManager: setLocked to kernel - T:3 / 20190111T165543, SetElapsed=444383531, nowELAPSED=444378548
01-11 16:55:40.047  3757  4458 D WifiStateMachine: Current network is: "wilkinson2.4" , ID is: 30
01-11 16:55:40.047  3757  4458 I WifiStateMachine: IMS calling, current network is always qualified
01-11 16:55:41.012  5689  5689 D io_stats: !@   8,0 r 1916797 58328076 w 1919017 43211032 d 310716 22786136 f 500943 500817 iot 3052070 1706393 th 61440 61440 43080 pt 9550 inp 0 0 165867.652
01-11 16:55:42.930 11131 11223 D ClClient: Not sending keepalive.  Current connection state=STOPPED
01-11 16:55:42.950  3237  3477 D AudioFlinger: mixer(0xe6903880) Spend too much time to write: delta 34(effect 1, stage 0)
01-11 16:55:42.972  3237  3477 D AudioFlinger: mixer(0xe6903880) throttle end: throttle time(7)
01-11 16:55:43.034  3757  4354 D SamsungAlarmManager: Expired : 8
01-11 16:55:43.036  3757  4354 I SamsungAlarmManager: setLocked to kernel - T:3 / 20190111T165550, SetElapsed=444390800, nowELAPSED=444383533
01-11 16:55:43.036  3757  4354 V SamsungAlarmManager: Sending to uid : 10059 action=null alarm=Alarm{6707512 type 3 when 444383531 com.asurion.android.verizon.vms}
01-11 16:55:43.047  3757  4354 D CompatibilityInfo: mCompatibilityFlags - 0
01-11 16:55:43.047  3757  4354 D CompatibilityInfo: applicationDensity - 420
01-11 16:55:43.047  3757  4354 D CompatibilityInfo: applicationScale - 1.0
01-11 16:55:43.077  3757  4458 D WifiStateMachine: Current network is: "wilkinson2.4" , ID is: 30
01-11 16:55:43.077  3757  4458 I WifiStateMachine: IMS calling, current network is always qualified
01-11 16:55:43.082  3757 29840 D SamsungAlarmManager: setExact Intent (T:3/F:5/AC:false) 20190111T165548 - CU:10059/CP:15240
01-11 16:55:43.083  3757 29840 I SamsungAlarmManager: setLocked to kernel - T:3 / 20190111T165548, SetElapsed=444388566, nowELAPSED=444383580
01-11 16:55:44.692  3757  4440 D BatteryService: !@BatteryListener : batteryPropertiesChanged!
01-11 16:55:44.693  3757  4440 D BatteryService: level:49, scale:100, status:2, health:2, present:true, voltage: 3926, temperature: 299, technology: Li-ion, AC powered:false, USB powered:true, POGO powered:false, Wireless powered:false, icon:17303694, invalid charger:0, maxChargingCurrent:0, maxChargingVoltage:0, chargeCounter:0
01-11 16:55:44.693  3757  4440 D BatteryService: online:6, current avg:463, charge type:1, power sharing:false, high voltage charger:false, capacity:280000, batterySWSelfDischarging:false, misc_event:0, current_now:548
01-11 16:55:44.693  3757  3757 D BatteryService: Sending ACTION_BATTERY_CHANGED.
01-11 16:55:44.697  3757  3757 V UiModeManager: updateLocked: null action, mDockState=0, category=null
01-11 16:55:44.697  3757  3757 D UiModeManager: updateConfigurationLocked: mDockState=0; mCarMode=false; mNightMode=1; uiMode=17
01-11 16:55:44.698  3757  3757 D GameManagerService: new battery level: 49
01-11 16:55:44.700  4616  4616 D KeyguardUpdateMonitor: received broadcast android.intent.action.BATTERY_CHANGED
01-11 16:55:44.700  4616  4616 D KeyguardUpdateMonitor: handleBatteryUpdate
01-11 16:55:44.703  4616  4616 D PowerUI : priorPlugType = 2 mPlugType =  2
01-11 16:55:44.704  4616  4616 D PowerUI.Notification: showChargingNotice oldChargingType : 1 currentChargingType : 1 oldChargingTime : 6310000 mChargingTime : 6310000
01-11 16:55:44.705  4616  4616 D PowerUI.Notification: There is no change about charging status, so return!
01-11 16:55:44.706  4616  4616 D BatteryMeterDrawable: isSomethingChanged - false
01-11 16:55:44.706  4616  4616 D BatteryMeterDrawable: isSomethingChanged - false
01-11 16:55:44.712  5024  5024 D PhoneApp: PhoneAppBroadcastReceiver onReceive android.intent.action.BATTERY_CHANGED
01-11 16:55:44.712  5024  5024 D TelephonyExtensionManager: lowBatterySound - isLowBatterySoundScheduled: false
01-11 16:55:44.713  5024  5024 D TelephonyExtensionManager: lowBatterySound - isPlayNow: false
01-11 16:55:44.714  5024  5024 D TelephonyExtensionManager: isSpeakerON - true
01-11 16:55:44.715  4616  4616 D Tile.FlashlightTile: ACTION_BATTERY_CHANGED - Level :: 49, emEnabled :: false
01-11 16:55:44.746  5024  5024 D TelephonyExtensionManager: lowBatterySound - batteryStatus: 2
01-11 16:55:44.746  5024  5024 D TelephonyExtensionManager: lowBatterySound - batteryLevel: 49
01-11 16:55:44.746  5024  5024 D TelephonyExtensionManager: lowBatterySound - cancel
01-11 16:55:44.747  3757 29839 D SamsungAlarmManager: Cancel Alarm calling from uid:1001 pid :5024 / op:PendingIntent{7cceee0: PendingIntentRecord{a39a255 com.android.phone broadcastIntent}}
01-11 16:55:44.748  5024  5024 D TelephonyExtension: Not stopping low battery tone
01-11 16:55:46.017  5689  5689 D io_stats: !@   8,0 r 1916797 58328076 w 1919019 43211044 d 310716 22786136 f 500967 500841 iot 3052190 1706398 th 61440 61440 43080 pt 9550 inp 0 0 165872.658
01-11 16:55:46.094  3757  4458 D WifiStateMachine: Current network is: "wilkinson2.4" , ID is: 30
01-11 16:55:46.094  3757  4458 I WifiStateMachine: IMS calling, current network is always qualified
01-11 16:55:47.378  3757  9599 D SSRM:t  : SIOP:: AP = 450, PST = 440 (W:14), CP = 277, CUR = 667, LCD = 119
01-11 16:55:47.380  3757  9599 D H       : limitCPUFreq:: freq = 1896000
01-11 16:55:47.388  3757  9599 D CustomFrequencyManagerService: acquireDVFSLockLocked : type : DVFS_MAX_LIMIT  frequency : 1896000  uid : 1000  pid : 3757  pkgName : SIOP_ARM_MAX@20
01-11 16:55:47.389  3757  9599 D H       : limitGPUFreq:: freq = 600
01-11 16:55:47.401  3757  9599 D ConnectivityService: filterNetworkStateForUid() uid: 1000 networkInfo: [type: WIFI[] - WIFI, state: CONNECTED/CONNECTED, reason: (unspecified), extra: "wilkinson2.4", failover: false, available: true, roaming: false, metered: false]
01-11 16:55:47.761 26102 26132 D UE4     : Used memory: 221160
01-11 16:55:48.014  7370 22131 I CastDatabase: Saving the database
01-11 16:55:48.067  7370 22131 E SQLiteDatabase: Error inserting is_responding_to_probe=0 last_probed_timestamp_millis=0 device_id=ee56c6c0d568db6554fde8c12f22184a probing_error_code=0 number_of_probed_times=0 network_id=null
01-11 16:55:48.067  7370 22131 E SQLiteDatabase: android.database.sqlite.SQLiteConstraintException: NOT NULL constraint failed: ProbedNetwork.network_id (code 1299)
01-11 16:55:48.067  7370 22131 E SQLiteDatabase: #################################################################
01-11 16:55:48.067  7370 22131 E SQLiteDatabase: Error Code : 1299 (SQLITE_CONSTRAINT_NOTNULL)
01-11 16:55:48.067  7370 22131 E SQLiteDatabase: Caused By : Abort due to constraint violation.
01-11 16:55:48.067  7370 22131 E SQLiteDatabase: 	(NOT NULL constraint failed: ProbedNetwork.network_id (code 1299))
01-11 16:55:48.067  7370 22131 E SQLiteDatabase: #################################################################
01-11 16:55:48.067  7370 22131 E SQLiteDatabase: 	at android.database.sqlite.SQLiteConnection.nativeExecuteForLastInsertedRowId(Native Method)
01-11 16:55:48.067  7370 22131 E SQLiteDatabase: 	at android.database.sqlite.SQLiteConnection.executeForLastInsertedRowId(SQLiteConnection.java:862)
01-11 16:55:48.067  7370 22131 E SQLiteDatabase: 	at android.database.sqlite.SQLiteSession.executeForLastInsertedRowId(SQLiteSession.java:788)
01-11 16:55:48.067  7370 22131 E SQLiteDatabase: 	at android.database.sqlite.SQLiteStatement.executeInsert(SQLiteStatement.java:86)
01-11 16:55:48.067  7370 22131 E SQLiteDatabase: 	at android.database.sqlite.SQLiteDatabase.insertWithOnConflict(SQLiteDatabase.java:1852)
01-11 16:55:48.067  7370 22131 E SQLiteDatabase: 	at android.database.sqlite.SQLiteDatabase.replace(SQLiteDatabase.java:1768)
01-11 16:55:48.067  7370 22131 E SQLiteDatabase: 	at ofu.b(:com.google.android.gms@14799019@14.7.99 (040400-223214910):21)
01-11 16:55:48.067  7370 22131 E SQLiteDatabase: 	at ofq.b(:com.google.android.gms@14799019@14.7.99 (040400-223214910):30)
01-11 16:55:48.067  7370 22131 E SQLiteDatabase: 	at oed.run(Unknown Source)
01-11 16:55:48.067  7370 22131 E SQLiteDatabase: 	at java.util.concurrent.Executors$RunnableAdapter.call(Executors.java:428)
01-11 16:55:48.067  7370 22131 E SQLiteDatabase: 	at java.util.concurrent.FutureTask.run(FutureTask.java:237)
01-11 16:55:48.067  7370 22131 E SQLiteDatabase: 	at rab.run(:com.google.android.gms@14799019@14.7.99 (040400-223214910):21)
01-11 16:55:48.067  7370 22131 E SQLiteDatabase: 	at java.util.concurrent.ThreadPoolExecutor.runWorker(ThreadPoolExecutor.java:1133)
01-11 16:55:48.067  7370 22131 E SQLiteDatabase: 	at java.util.concurrent.ThreadPoolExecutor$Worker.run(ThreadPoolExecutor.java:607)
01-11 16:55:48.067  7370 22131 E SQLiteDatabase: 	at rgd.run(:com.google.android.gms@14799019@14.7.99 (040400-223214910))
01-11 16:55:48.067  7370 22131 E SQLiteDatabase: 	at java.lang.Thread.run(Thread.java:762)
01-11 16:55:48.069  7370 22131 E SQLiteCastStore: Unable to insert probedNetwork: CastProbedNetwork. Network ID: null, isDeviceRespondingToProbe: false, lastProbedTimestampMillis: 0, probingErrorCode: 0, numberOfProbedTimes: 0.
01-11 16:55:48.069  3757  4354 D SamsungAlarmManager: Expired : 8
01-11 16:55:48.070  3757  4354 I SamsungAlarmManager: setLocked to kernel - T:3 / 20190111T165550, SetElapsed=444390800, nowELAPSED=444388567
01-11 16:55:48.071  3757  4354 V SamsungAlarmManager: Sending to uid : 10059 action=null alarm=Alarm{44a2599 type 3 when 444388566 com.asurion.android.verizon.vms}
01-11 16:55:48.074  7370 22131 I SQLiteCastStore: [CastNetworkInfo] saved: 2, skipped: 0, [CastDeviceInfo]: saved 2, skipped 0, Paired Guest Mode DeviceInfo] saved: 0, skipped: 0. [ProbedNetworks]: saved 1, skipped: 1, [ProbedSocketAddress]: saved 0, skipped: 0
01-11 16:55:48.077  3757  4354 D CompatibilityInfo: mCompatibilityFlags - 0
01-11 16:55:48.077  3757  4354 D CompatibilityInfo: applicationDensity - 420
01-11 16:55:48.077  3757  4354 D CompatibilityInfo: applicationScale - 1.0
01-11 16:55:48.100  3757  5902 D SamsungAlarmManager: setExact Intent (T:3/F:5/AC:false) 20190111T165553 - CU:10059/CP:15240
01-11 16:55:48.191  3757 10512 D ConnectivityService: filterNetworkStateForUid() uid: 10014 networkInfo: [type: WIFI[] - WIFI, state: CONNECTED/CONNECTED, reason: (unspecified), extra: "wilkinson2.4", failover: false, available: true, roaming: false, metered: false]
01-11 16:55:49.105  3757  4458 D WifiStateMachine: Current network is: "wilkinson2.4" , ID is: 30
01-11 16:55:49.105  3757  4458 I WifiStateMachine: IMS calling, current network is always qualified
01-11 16:55:49.676  3757  4532 D WifiWatchdogStateMachine:  [|216] []
01-11 16:55:50.303  3757  4354 D SamsungAlarmManager: Expired : 8
01-11 16:55:50.305  3757  4354 I SamsungAlarmManager: setLocked to kernel - T:3 / 20190111T165553, SetElapsed=444393587, nowELAPSED=444390802
01-11 16:55:50.306  3757  4354 V SamsungAlarmManager: Sending to uid : 1001 action=com.android.internal.telephony.data-stall alarm=Alarm{db58c3f type 3 when 444390422 com.android.phone}
01-11 16:55:50.308  3757  4354 V SamsungAlarmManager: Sending to uid : 10014 action=null alarm=Alarm{ec2190c type 3 when 444390800 com.google.android.gms}
01-11 16:55:50.341  3757 29838 D CompatibilityInfo: mCompatibilityFlags - 0
01-11 16:55:50.341  3757 29838 D CompatibilityInfo: applicationDensity - 420
01-11 16:55:50.341  3757 29838 D CompatibilityInfo: applicationScale - 1.0
01-11 16:55:50.351  3757  4469 D CompatibilityInfo: mCompatibilityFlags - 0
01-11 16:55:50.351  3757  4469 D CompatibilityInfo: applicationDensity - 420
01-11 16:55:50.351  3757  4469 D CompatibilityInfo: applicationScale - 1.0
01-11 16:55:50.365  3757  7216 D SamsungAlarmManager: setInexact Intent (T:3/F:8/AC:false) 20190111T165650 - CU:1001/CP:5024
01-11 16:55:50.394  3757  2859 D CompatibilityInfo: mCompatibilityFlags - 0
01-11 16:55:50.395  3757  2859 D CompatibilityInfo: applicationDensity - 420
01-11 16:55:50.395  3757  2859 D CompatibilityInfo: applicationScale - 1.0
01-11 16:55:50.419  3757  5901 D CompatibilityInfo: mCompatibilityFlags - 0
01-11 16:55:50.419  3757  5901 D CompatibilityInfo: applicationDensity - 420
01-11 16:55:50.420  3757  5901 D CompatibilityInfo: applicationScale - 1.0
01-11 16:55:50.505  3757  7204 D CompatibilityInfo: mCompatibilityFlags - 0
01-11 16:55:50.506  3757  7204 D CompatibilityInfo: applicationDensity - 420
01-11 16:55:50.506  3757  7204 D CompatibilityInfo: applicationScale - 1.0
01-11 16:55:50.606  3757 29839 D ConnectivityService: filterNetworkStateForUid() uid: 10014 networkInfo: [type: WIFI[] - WIFI, state: CONNECTED/CONNECTED, reason: (unspecified), extra: "wilkinson2.4", failover: false, available: true, roaming: false, metered: false]
01-11 16:55:50.831  3757  3770 D SamsungAlarmManager: setInexact Intent (T:3/F:0/AC:false) 20190111T165650 - CU:10014/CP:5918
01-11 16:55:51.021  5689  5689 D io_stats: !@   8,0 r 1916842 58329048 w 1919031 43211184 d 310716 22786136 f 500996 500870 iot 3052270 1706413 th 61440 61440 43080 pt 9550 inp 0 0 165877.662
01-11 16:55:52.120  3757  4458 D WifiStateMachine: Current network is: "wilkinson2.4" , ID is: 30
01-11 16:55:52.121  3757  4458 I WifiStateMachine: IMS calling, current network is always qualified
01-11 16:55:52.937 11131 11223 D ClClient: Not sending keepalive.  Current connection state=STOPPED
01-11 16:55:53.090  3757  4354 D SamsungAlarmManager: Expired : 8
01-11 16:55:53.091  3757  4354 I SamsungAlarmManager: setLocked to kernel - T:3 / 20190111T165559, SetElapsed=444400497, nowELAPSED=444393588
01-11 16:55:53.091  3757  4354 V SamsungAlarmManager: Sending to uid : 10059 action=null alarm=Alarm{b03a34b type 3 when 444393587 com.asurion.android.verizon.vms}
01-11 16:55:53.100  3757  4354 D CompatibilityInfo: mCompatibilityFlags - 0
01-11 16:55:53.100  3757  4354 D CompatibilityInfo: applicationDensity - 420
01-11 16:55:53.100  3757  4354 D CompatibilityInfo: applicationScale - 1.0
01-11 16:55:53.129  3757 10512 D SamsungAlarmManager: setExact Intent (T:3/F:5/AC:false) 20190111T165558 - CU:10059/CP:15240
01-11 16:55:53.130  3757 10512 I SamsungAlarmManager: setLocked to kernel - T:3 / 20190111T165558, SetElapsed=444398618, nowELAPSED=444393627
01-11 16:55:54.763  3757 32084 D BatteryService: !@BatteryListener : batteryPropertiesChanged!
01-11 16:55:54.764  3757 32084 D BatteryService: level:49, scale:100, status:2, health:2, present:true, voltage: 3921, temperature: 301, technology: Li-ion, AC powered:false, USB powered:true, POGO powered:false, Wireless powered:false, icon:17303694, invalid charger:0, maxChargingCurrent:0, maxChargingVoltage:0, chargeCounter:0
01-11 16:55:54.764  3757 32084 D BatteryService: online:6, current avg:449, charge type:1, power sharing:false, high voltage charger:false, capacity:280000, batterySWSelfDischarging:false, misc_event:0, current_now:484
01-11 16:55:54.764  3757  3757 D BatteryService: Sending ACTION_BATTERY_CHANGED.
01-11 16:55:54.770  3757  3757 V UiModeManager: updateLocked: null action, mDockState=0, category=null
01-11 16:55:54.770  3757  3757 D UiModeManager: updateConfigurationLocked: mDockState=0; mCarMode=false; mNightMode=1; uiMode=17
01-11 16:55:54.771  3757  3757 D GameManagerService: new battery level: 49
01-11 16:55:54.774  4616  4616 D KeyguardUpdateMonitor: received broadcast android.intent.action.BATTERY_CHANGED
01-11 16:55:54.774  4616  4616 D KeyguardUpdateMonitor: handleBatteryUpdate
01-11 16:55:54.784  4616  4616 D PowerUI : priorPlugType = 2 mPlugType =  2
01-11 16:55:54.786  4616  4616 D PowerUI.Notification: showChargingNotice oldChargingType : 1 currentChargingType : 1 oldChargingTime : 6310000 mChargingTime : 6299000
01-11 16:55:54.787  4616  4616 D PowerUI.Notification: showChargingNotification()
01-11 16:55:54.794  5024  5024 D PhoneApp: PhoneAppBroadcastReceiver onReceive android.intent.action.BATTERY_CHANGED
01-11 16:55:54.794  5024  5024 D TelephonyExtensionManager: lowBatterySound - isLowBatterySoundScheduled: false
01-11 16:55:54.794  5024  5024 D TelephonyExtensionManager: lowBatterySound - isPlayNow: false
01-11 16:55:54.795  5024  5024 D TelephonyExtensionManager: isSpeakerON - true
01-11 16:55:54.810 26102 26102 D UE4     : Battery: status = 2, rawlevel = 49, scale = 100
01-11 16:55:54.811 26102 26102 D UE4     : nativeBatteryEvent(stat = 2, lvl = 49  temp = 30.10 C)
01-11 16:55:54.813  5024  5024 D TelephonyExtensionManager: lowBatterySound - batteryStatus: 2
01-11 16:55:54.813  5024  5024 D TelephonyExtensionManager: lowBatterySound - batteryLevel: 49
01-11 16:55:54.813  5024  5024 D TelephonyExtensionManager: lowBatterySound - cancel
01-11 16:55:54.814  3757  7216 D SamsungAlarmManager: Cancel Alarm calling from uid:1001 pid :5024 / op:PendingIntent{40b2e41: PendingIntentRecord{a39a255 com.android.phone broadcastIntent}}
01-11 16:55:54.814  5024  5024 D TelephonyExtension: Not stopping low battery tone
01-11 16:55:54.815  3757  4482 D ApplicationPolicy: isStatusBarNotificationAllowedAsUser: packageName = com.android.systemui,userId = -1
01-11 16:55:54.817  4616  4616 D BatteryMeterDrawable: isSomethingChanged - false
01-11 16:55:54.817  4616  4616 D BatteryMeterDrawable: isSomethingChanged - false
01-11 16:55:54.820  4616  4616 D Tile.FlashlightTile: ACTION_BATTERY_CHANGED - Level :: 49, emEnabled :: false
01-11 16:55:54.867  4616  4616 D KeyguardServiceBoxContainer: updateCMAS() hasCmasNotification = false, mHasCMAS = false
01-11 16:55:55.143  3757  4458 D WifiStateMachine: Current network is: "wilkinson2.4" , ID is: 30
01-11 16:55:55.143  3757  4458 I WifiStateMachine: IMS calling, current network is always qualified
01-11 16:55:56.025  5689  5689 D io_stats: !@   8,0 r 1916842 58329048 w 1919044 43211452 d 310716 22786136 f 501025 500899 iot 3052370 1706423 th 61440 61440 43080 pt 9550 inp 0 0 165882.665
01-11 16:55:57.145 25095 25123 I Finsky  : [5684] com.google.android.finsky.bn.an.run(6): Stats for Executor: BlockingExecutor com.google.android.finsky.bn.ao@b116f39[Running, pool size = 0, active threads = 0, queued tasks = 0, completed tasks = 6]
01-11 16:55:57.153 25095 25123 I Finsky  : [5684] com.google.android.finsky.bn.an.run(6): Stats for Executor: LightweightExecutor com.google.android.finsky.bn.ao@565e97e[Running, pool size = 4, active threads = 0, queued tasks = 0, completed tasks = 56]
01-11 16:55:57.431 25095 25123 I Finsky  : [5684] com.google.android.finsky.bn.an.run(6): Stats for Executor: bgExecutor com.google.android.finsky.bn.ao@efcfedf[Running, pool size = 4, active threads = 0, queued tasks = 0, completed tasks = 10]
01-11 16:55:57.433 25095 25123 I Finsky  : [5684] com.google.android.finsky.bn.an.run(6): Stats for Executor: SimChangeExecutor com.google.android.finsky.bn.ao@6daa72c[Running, pool size = 1, active threads = 1, queued tasks = 4, completed tasks = 0]
01-11 16:55:57.434  3757  9599 D SSRM:t  : SIOP:: AP = 450, PST = 445 (W:14), CP = 277, CUR = 681, LCD = 119
01-11 16:55:57.438  3757  9599 D ConnectivityService: filterNetworkStateForUid() uid: 1000 networkInfo: [type: WIFI[] - WIFI, state: CONNECTED/CONNECTED, reason: (unspecified), extra: "wilkinson2.4", failover: false, available: true, roaming: false, metered: false]
01-11 16:55:57.641 25095 25123 I Finsky  : [5684] com.google.android.finsky.bn.an.run(6): Stats for Executor: Db-xternal_referrer_status.db com.google.android.finsky.bn.ao@210c5f5[Running, pool size = 0, active threads = 0, queued tasks = 0, completed tasks = 0]
01-11 16:55:57.663 25095 25123 I Finsky  : [5684] com.google.android.finsky.bn.an.run(6): Stats for Executor: Db-split_install_service com.google.android.finsky.bn.ao@df31f8a[Running, pool size = 0, active threads = 0, queued tasks = 0, completed tasks = 1]
01-11 16:55:57.665 25095 25123 I Finsky  : [5684] com.google.android.finsky.bn.an.run(6): Stats for Executor: SplitInstallBackgroundThread com.google.android.finsky.bn.ao@2dca9fb[Running, pool size = 0, active threads = 0, queued tasks = 0, completed tasks = 0]
01-11 16:55:57.680 25095 25158 I PlayCommon: [5695] com.google.android.play.b.g.d(132): Preparing logs for uploading
01-11 16:55:57.681  3757  5901 D ConnectivityService: filterNetworkStateForUid() uid: 10029 networkInfo: [type: WIFI[] - WIFI, state: CONNECTED/CONNECTED, reason: (unspecified), extra: "wilkinson2.4", failover: false, available: true, roaming: false, metered: false]
01-11 16:55:57.682  3757  5901 D ConnectivityService: Returning unblocked NetworkInfo to uid=10029
01-11 16:55:57.698 25095 25123 I Finsky  : [5684] com.google.android.finsky.bn.an.run(6): Stats for Executor: StorageAwareDownloadServiceManagerSpaceChecker com.google.android.finsky.bn.ao@6e10a18[Running, pool size = 0, active threads = 0, queued tasks = 0, completed tasks = 0]
01-11 16:55:57.701 25095 25158 I PlayCommon: [5695] com.google.android.play.b.x.a(9): Connecting to server for timestamp: https://play.googleapis.com/play/log/timestamp
01-11 16:55:57.723 25095 25158 I System.out: (HTTPLog)-Static: isSBSettingEnabled false
01-11 16:55:57.723 25095 25158 I System.out: (HTTPLog)-Static: isSBSettingEnabled false
01-11 16:55:57.727  3252  3746 D EnterpriseController: netId is 0
01-11 16:55:57.727  3252  3746 D Netd    : getNetworkForDns: using netid 555 for uid 10029
01-11 16:55:57.727  3252  3746 D DnsProxyListener: DNSDBG::dns addrinfo af 0
01-11 16:55:57.752 26102 26132 D UE4     : Used memory: 221628
01-11 16:55:57.843  3757  3774 D CompatibilityInfo: mCompatibilityFlags - 0
01-11 16:55:57.843  3757  3774 D CompatibilityInfo: applicationDensity - 420
01-11 16:55:57.843  3757  3774 D CompatibilityInfo: applicationScale - 1.0
01-11 16:55:57.858  3757  5902 D CompatibilityInfo: mCompatibilityFlags - 0
01-11 16:55:57.858  3757  5902 D CompatibilityInfo: applicationDensity - 420
01-11 16:55:57.858  3757  5902 D CompatibilityInfo: applicationScale - 1.0
01-11 16:55:57.868  3757  4473 D CompatibilityInfo: mCompatibilityFlags - 0
01-11 16:55:57.868  3757  4473 D CompatibilityInfo: applicationDensity - 420
01-11 16:55:57.868  3757  4473 D CompatibilityInfo: applicationScale - 1.0
01-11 16:55:57.890  3757 29842 D CompatibilityInfo: mCompatibilityFlags - 0
01-11 16:55:57.891  3757 29842 D CompatibilityInfo: applicationDensity - 420
01-11 16:55:57.891  3757 29842 D CompatibilityInfo: applicationScale - 1.0
01-11 16:55:57.905 25095 25158 I PlayCommon: [5695] com.google.android.play.b.g.a(325): Connecting to server: https://play.googleapis.com/play/log?format=raw&proto_v2=true
01-11 16:55:57.906 25095 25158 I System.out: (HTTPLog)-Static: isSBSettingEnabled false
01-11 16:55:57.907 25095 25158 I System.out: (HTTPLog)-Static: isSBSettingEnabled false
01-11 16:55:57.931  3757 29839 D CompatibilityInfo: mCompatibilityFlags - 0
01-11 16:55:57.931  3757 29839 D CompatibilityInfo: applicationDensity - 420
01-11 16:55:57.931  3757 29839 D CompatibilityInfo: applicationScale - 1.0
01-11 16:55:57.940 25095 25123 I Finsky  : [5684] com.google.android.finsky.bn.an.run(6): Stats for Executor: InstallBackgroundThread com.google.android.finsky.bn.ao@574cc71[Running, pool size = 0, active threads = 0, queued tasks = 0, completed tasks = 1]
01-11 16:55:57.947 25095 25123 I Finsky  : [5684] com.google.android.finsky.bn.an.run(6): Stats for Executor: Db-install_service com.google.android.finsky.bn.ao@96baa56[Running, pool size = 0, active threads = 0, queued tasks = 0, completed tasks = 0]
01-11 16:55:57.951  3757  4473 D CompatibilityInfo: mCompatibilityFlags - 0
01-11 16:55:57.951  3757  4473 D CompatibilityInfo: applicationDensity - 420
01-11 16:55:57.951  3757  4473 D CompatibilityInfo: applicationScale - 1.0
01-11 16:55:57.952 25095 25123 I Finsky  : [5684] com.google.android.finsky.bn.an.run(6): Stats for Executor: InstallBackgroundThread com.google.android.finsky.bn.ao@541ead7[Running, pool size = 0, active threads = 0, queued tasks = 0, completed tasks = 0]
01-11 16:55:57.955 26905 26905 I DMT-DropBoxReceiver: Received : android.intent.action.DROPBOX_ENTRY_ADDED
01-11 16:55:57.961  3757  7216 D CompatibilityInfo: mCompatibilityFlags - 0
01-11 16:55:57.961  3757  7216 D CompatibilityInfo: applicationDensity - 420
01-11 16:55:57.961  3757  7216 D CompatibilityInfo: applicationScale - 1.0
01-11 16:55:57.969 25095 25158 I PlayCommon: [5695] com.google.android.play.b.g.a(416): Successfully uploaded logs.
01-11 16:55:58.121  3757  4354 D SamsungAlarmManager: Expired : 8
01-11 16:55:58.122  3757  4354 I SamsungAlarmManager: setLocked to kernel - T:3 / 20190111T165600, SetElapsed=444400497, nowELAPSED=444398619
01-11 16:55:58.123  3757  4354 V SamsungAlarmManager: Sending to uid : 10059 action=null alarm=Alarm{3bb8fca type 3 when 444398618 com.asurion.android.verizon.vms}
01-11 16:55:58.134  3757  4354 D CompatibilityInfo: mCompatibilityFlags - 0
01-11 16:55:58.134  3757  4354 D CompatibilityInfo: applicationDensity - 420
01-11 16:55:58.134  3757  4354 D CompatibilityInfo: applicationScale - 1.0
01-11 16:55:58.164  3757  3770 D SamsungAlarmManager: setExact Intent (T:3/F:5/AC:false) 20190111T165603 - CU:10059/CP:15240
01-11 16:55:58.165  3757  4458 D WifiStateMachine: Current network is: "wilkinson2.4" , ID is: 30
01-11 16:55:58.165  3757  4458 I WifiStateMachine: IMS calling, current network is always qualified
01-11 16:55:58.240 25095 25123 I Finsky  : [5684] com.google.android.finsky.bn.an.run(6): Stats for Executor: Db-user_languages_store com.google.android.finsky.bn.ao@be8afc4[Running, pool size = 0, active threads = 0, queued tasks = 0, completed tasks = 1]
01-11 16:55:58.326 25095 25123 I Finsky  : [5684] com.google.android.finsky.bn.an.run(6): Stats for Executor: InstallBackgroundThread com.google.android.finsky.bn.ao@d38bead[Running, pool size = 0, active threads = 0, queued tasks = 0, completed tasks = 0]
01-11 16:55:58.333 25095 25123 I Finsky  : [5684] com.google.android.finsky.bn.an.run(6): Stats for Executor: InstallBackgroundThread com.google.android.finsky.bn.ao@21015e2[Running, pool size = 0, active threads = 0, queued tasks = 0, completed tasks = 0]
01-11 16:56:00.000  3757  4354 D SamsungAlarmManager: Expired : 8
01-11 16:56:00.001  3757  4354 I SamsungAlarmManager: setLocked to kernel - T:3 / 20190111T165603, SetElapsed=444403650, nowELAPSED=444400498
01-11 16:56:00.003  3757  4354 V SamsungAlarmManager: Sending to uid : 1000 action=android.intent.action.TIME_TICK alarm=Alarm{21d9458 type 3 when 444400497 android}
01-11 16:56:00.027  3757  3757 D SamsungAlarmManager: setExact Intent (T:3/F:1/AC:false) 20190111T165700 - CU:1000/CP:3757
01-11 16:56:00.033  4616  4616 D KeyguardUpdateMonitor: received broadcast android.intent.action.TIME_TICK
01-11 16:56:00.033  4616  4616 D KeyguardUpdateMonitor: handleTimeUpdate#start
01-11 16:56:00.033  4616  4616 I KeyguardClockPage: refreshTime(): DefaultSingle2016 hometime:America/New_York locale:en_US hasBG?false, Roaming:false
01-11 16:56:00.056  4616  4616 D KeyguardUpdateMonitor: handleTimeUpdate#end
01-11 16:56:00.056  4616  4616 D SystemUI_Clock: Clock received ACTION_TIME_TICK : start
01-11 16:56:00.063  4616  4616 D SystemUI_Clock: Clock received ACTION_TIME_TICK : end
01-11 16:56:00.073  4616  4616 D TextClock: TextClock received ACTION_TIME_TICK : start
01-11 16:56:00.074  4616  4616 D TextClock: TextClock received ACTION_TIME_TICK : end
01-11 16:56:00.080  4616  4616 D TextClock: TextClock received ACTION_TIME_TICK : start
01-11 16:56:00.082  4616  4616 D TextClock: TextClock received ACTION_TIME_TICK : end
01-11 16:56:00.110  4616  4616 D TextClock: TextClock received ACTION_TIME_TICK : start
01-11 16:56:00.112  4616  4616 D TextClock: TextClock received ACTION_TIME_TICK : end
01-11 16:56:00.118  4616  4616 V hong    : mid yDiff = 382
01-11 16:56:00.118  4616  4616 V hong    : mid yDiff = 382
01-11 16:56:00.123  4616  4616 D SystemUI_DateView: DateView received ACTION_TIME_TICK : start
01-11 16:56:00.124  4616  4616 D SystemUI_DateView: DateView received ACTION_TIME_TICK : end
01-11 16:56:00.125  4616  4616 V hong    : mid yDiff = 382
01-11 16:56:00.125  4616  4616 V hong    : mid yDiff = 382
01-11 16:56:00.127  4616  4616 D TextClock: TextClock received ACTION_TIME_TICK : start
01-11 16:56:00.128  4616  4616 D TextClock: TextClock received ACTION_TIME_TICK : end
01-11 16:56:00.133  4616  4616 D TextClock: TextClock received ACTION_TIME_TICK : start
01-11 16:56:00.134  4616  4616 D TextClock: TextClock received ACTION_TIME_TICK : end
01-11 16:56:00.147  6176  6176 D TextClock: TextClock received ACTION_TIME_TICK : start
01-11 16:56:00.148  6176  6176 D TextClock: TextClock received ACTION_TIME_TICK : end
01-11 16:56:00.157  6176  6176 D TextClock: TextClock received ACTION_TIME_TICK : start
01-11 16:56:00.157  6176  6176 D TextClock: TextClock received ACTION_TIME_TICK : end
01-11 16:56:00.162  6176  6176 D TextClock: TextClock received ACTION_TIME_TICK : start
01-11 16:56:00.162  6176  6176 D TextClock: TextClock received ACTION_TIME_TICK : end
01-11 16:56:00.168  6176  6176 D TextClock: TextClock received ACTION_TIME_TICK : start
01-11 16:56:00.172  6176  6176 D TextClock: TextClock received ACTION_TIME_TICK : end
01-11 16:56:00.178  6176  6176 D TextClock: TextClock received ACTION_TIME_TICK : start
01-11 16:56:00.179  6176  6176 D TextClock: TextClock received ACTION_TIME_TICK : end
01-11 16:56:00.189  6176  6176 D TextClock: TextClock received ACTION_TIME_TICK : start
01-11 16:56:00.191  6176  6176 D TextClock: TextClock received ACTION_TIME_TICK : end
01-11 16:56:00.194  6176  6176 D TextClock: TextClock received ACTION_TIME_TICK : start
01-11 16:56:00.196  6176  6176 D TextClock: TextClock received ACTION_TIME_TICK : end
01-11 16:56:00.201  6176  6176 D TextClock: TextClock received ACTION_TIME_TICK : start
01-11 16:56:00.201  6176  6176 D TextClock: TextClock received ACTION_TIME_TICK : end
01-11 16:56:00.210  6176  6176 D TextClock: TextClock received ACTION_TIME_TICK : start
01-11 16:56:00.211  6176  6176 D TextClock: TextClock received ACTION_TIME_TICK : end
01-11 16:56:00.228  3757  3774 D CompatibilityInfo: mCompatibilityFlags - 0
01-11 16:56:00.229 11131 26618 D EventNotificationJob: Running EventNotificationJob, isDetail=true
01-11 16:56:00.229  3757  3774 D CompatibilityInfo: applicationDensity - 420
01-11 16:56:00.230  3757  3774 D CompatibilityInfo: applicationScale - 1.0
01-11 16:56:00.234  4616  4616 D DateTimeView: DateTimeView received ACTION_TIME_TICK : start
01-11 16:56:00.238  4616  4616 D DateTimeView: DateTimeView received ACTION_TIME_TICK : end
01-11 16:56:00.248 11131 26618 D EventNotificationJob:   finished processing events.
01-11 16:56:00.255 25446 25446 D [WeatherWidget(15061)]  WeatherService: {[B73D43639EB27FAA34EF41A6129C1FA787B8DDA06B4FC8C3DFFF289A8228DE1D07957C4CB0877FB29CB85D37C68D39BF076A5D6720D2DA7CE46EF7EA2858EC07]}
01-11 16:56:00.257 25446 25446 D [WeatherWidget(15061)]  : {[3AE6950019B083611567B0F9442DB03E36B37708FCADB7FDDBA670B1362D994454BFFFDA2568816BBDDA6DD60F644DCF]}
01-11 16:56:00.260 25446 25446 D [WeatherWidget(15061)]  DB L2: {[610591C4E30FED4A153FF198DAC84EFEE3319B0D622FD4A19809E90ED3C1398368D658B139FCCB8B9564F5B4E9CB634EBE5A1E0689026D27426FD1032E1EC250]}
01-11 16:56:00.261 25446 25446 D [WeatherWidget(15061)]  : {[E9BDC1AC9F9B078A92B3F309630276C89F9B6E52C087A495B97355481F2FDE5B58A757A09967AB7BD9E1187CEA5BB356FACBD4A552A7402C88647F970C513A69]}
01-11 16:56:00.263  3757  2859 D CompatibilityInfo: mCompatibilityFlags - 0
01-11 16:56:00.263 25446 25446 D [WeatherWidget(15061)]  DB L2: {[610591C4E30FED4A153FF198DAC84EFE259FA03515F619060291D19B9A2E73CB46DA064369D1073FED4BA9669B425DCA9C618BA0EF237B76DFC7F9EAED8200B8]}
01-11 16:56:00.263  3757  2859 D CompatibilityInfo: applicationDensity - 420
01-11 16:56:00.263  3757  2859 D CompatibilityInfo: applicationScale - 1.0
01-11 16:56:00.265 25446 25446 D [WeatherWidget(15061)]  DB L2: {[610591C4E30FED4A153FF198DAC84EFE1A65FB0EE8B7C5763A9CB231BC13495C0980BD17AB2024B4E3F440D28DAC546B9048651D0E8DA4FE8D8A25D8804B2B5F]}
01-11 16:56:00.269 25446 25446 D [WeatherWidget(15061)]  : {[3AE6950019B083611567B0F9442DB03EF4A0ECA9EDEEE1C6764DEF6294C10F4F0BAD60A0CC696E8D15537EBE77D0F441F941FE30DFEB6E45A2BAA0295B86238B6B5477898ADD292C8EB7917680951853]}
01-11 16:56:00.278 25446 25446 D [WeatherWidget(15061)]  : {[A1AF0F6A1A65A89C43D705938923D0FE0259CBA56E4484DDAF167EE897E0098D214B31210E90A8E4D761DF2724951166F2287DB34D772530C5896F56ACED759975FF35F9B0D69F512E6FBEE71C4908CBCA94844D307FE8C3EA4E56FA207C5718752ECCBBA4E55916EDDB9350EE4382D6]}
01-11 16:56:00.282 25446 25446 D [WeatherWidget(15061)]  : {[4C0512EFA0AB4990F6AA1DF592AD92A7F0B9EF71550DD16C356391DD9598536C]}
01-11 16:56:00.283  3757  3771 D CompatibilityInfo: mCompatibilityFlags - 0
01-11 16:56:00.283  3757  3771 D CompatibilityInfo: applicationDensity - 420
01-11 16:56:00.284  3757  3771 D CompatibilityInfo: applicationScale - 1.0
01-11 16:56:01.029  5689  5689 D io_stats: !@   8,0 r 1916877 58329588 w 1919089 43211896 d 310720 22786160 f 501054 500928 iot 3052480 1706440 th 61440 61440 43080 pt 9550 inp 0 0 165887.670
01-11 16:56:01.187  3757  4458 D WifiStateMachine: Current network is: "wilkinson2.4" , ID is: 30
01-11 16:56:01.188  3757  4458 I WifiStateMachine: IMS calling, current network is always qualified
01-11 16:56:01.409  3757  4966 E Watchdog: !@Sync 5527 [11_Jan_16_56_01.409]
01-11 16:56:02.930 11131 11223 D ClClient: Not sending keepalive.  Current connection state=STOPPED
01-11 16:56:03.153  3757  4354 D SamsungAlarmManager: Expired : 8
01-11 16:56:03.154  3757  4354 I SamsungAlarmManager: setLocked to kernel - T:3 / 20190111T165650, SetElapsed=444451313, nowELAPSED=444403651
01-11 16:56:03.156  3757  4354 V SamsungAlarmManager: Sending to uid : 10059 action=null alarm=Alarm{ddb29b1 type 3 when 444403650 com.asurion.android.verizon.vms}
01-11 16:56:03.163  3757  4354 D CompatibilityInfo: mCompatibilityFlags - 0
01-11 16:56:03.163  3757  4354 D CompatibilityInfo: applicationDensity - 420
01-11 16:56:03.163  3757  4354 D CompatibilityInfo: applicationScale - 1.0
01-11 16:56:03.195  3757  7202 D SamsungAlarmManager: setExact Intent (T:3/F:5/AC:false) 20190111T165608 - CU:10059/CP:15240
01-11 16:56:03.196  3757  7202 I SamsungAlarmManager: setLocked to kernel - T:3 / 20190111T165608, SetElapsed=444408680, nowELAPSED=444403693
01-11 16:56:04.213  3757  4458 D WifiStateMachine: Current network is: "wilkinson2.4" , ID is: 30
01-11 16:56:04.213  3757  4458 I WifiStateMachine: IMS calling, current network is always qualified
01-11 16:56:04.817  3757  2858 D BatteryService: !@BatteryListener : batteryPropertiesChanged!
01-11 16:56:04.818  3757  2858 D BatteryService: level:49, scale:100, status:2, health:2, present:true, voltage: 3928, temperature: 300, technology: Li-ion, AC powered:false, USB powered:true, POGO powered:false, Wireless powered:false, icon:17303694, invalid charger:0, maxChargingCurrent:0, maxChargingVoltage:0, chargeCounter:0
01-11 16:56:04.818  3757  2858 D BatteryService: online:6, current avg:449, charge type:1, power sharing:false, high voltage charger:false, capacity:280000, batterySWSelfDischarging:false, misc_event:0, current_now:475
01-11 16:56:04.818  3757  3757 D BatteryService: Sending ACTION_BATTERY_CHANGED.
01-11 16:56:04.825  3757  3757 V UiModeManager: updateLocked: null action, mDockState=0, category=null
01-11 16:56:04.825  3757  3757 D UiModeManager: updateConfigurationLocked: mDockState=0; mCarMode=false; mNightMode=1; uiMode=17
01-11 16:56:04.833  3757  3757 D GameManagerService: new battery level: 49
01-11 16:56:04.839  4616  4616 D KeyguardUpdateMonitor: received broadcast android.intent.action.BATTERY_CHANGED
01-11 16:56:04.840  4616  4616 D KeyguardUpdateMonitor: handleBatteryUpdate
01-11 16:56:04.846  4616  4616 D PowerUI : priorPlugType = 2 mPlugType =  2
01-11 16:56:04.857  4616  4616 D PowerUI.Notification: showChargingNotice oldChargingType : 1 currentChargingType : 1 oldChargingTime : 6299000 mChargingTime : 6299000
01-11 16:56:04.858  4616  4616 D PowerUI.Notification: There is no change about charging status, so return!
01-11 16:56:04.861  4616  4616 D BatteryMeterDrawable: isSomethingChanged - false
01-11 16:56:04.864  4616  4616 D BatteryMeterDrawable: isSomethingChanged - false
01-11 16:56:04.867  5024  5024 D PhoneApp: PhoneAppBroadcastReceiver onReceive android.intent.action.BATTERY_CHANGED
01-11 16:56:04.867  5024  5024 D TelephonyExtensionManager: lowBatterySound - isLowBatterySoundScheduled: false
01-11 16:56:04.867  5024  5024 D TelephonyExtensionManager: lowBatterySound - isPlayNow: false
01-11 16:56:04.868  5024  5024 D TelephonyExtensionManager: isSpeakerON - true
01-11 16:56:04.883 26102 26102 D UE4     : Battery: status = 2, rawlevel = 49, scale = 100
01-11 16:56:04.883 26102 26102 D UE4     : nativeBatteryEvent(stat = 2, lvl = 49  temp = 30.00 C)
01-11 16:56:04.885  5024  5024 D TelephonyExtensionManager: lowBatterySound - batteryStatus: 2
01-11 16:56:04.885  5024  5024 D TelephonyExtensionManager: lowBatterySound - batteryLevel: 49
01-11 16:56:04.885  5024  5024 D TelephonyExtensionManager: lowBatterySound - cancel
01-11 16:56:04.886  3757  5902 D SamsungAlarmManager: Cancel Alarm calling from uid:1001 pid :5024 / op:PendingIntent{dd6aa17: PendingIntentRecord{a39a255 com.android.phone broadcastIntent}}
01-11 16:56:04.887  5024  5024 D TelephonyExtension: Not stopping low battery tone
01-11 16:56:04.898  4616  4616 D Tile.FlashlightTile: ACTION_BATTERY_CHANGED - Level :: 49, emEnabled :: false
01-11 16:56:05.432  6668  6733 D ContactsProvider_EventLog: contents_sample_state: [ contacts(369) data(4037) accounts({vnd.sec.contact.phone (1)=12, com.google (7)=693}) accounts deleted({}) calls([logtype:100 cnt:405, logtype:1150 cnt:95]) countryIso(US) userId(0)  ]

01-11 16:56:05.432  6668  6733 D ContactsProvider_EventLog: contents_sample_state: [ agr({[2 ,2 ,7]=1, [2 ,7 ,2 ,7]=1, [7 ,2 ,7]=4, [7 ,7 ,2]=4, [1 ,7]=5, [7]=51, [7 ,2]=231, [1 ,2 ,7]=7, [2 ,7]=65})  ]

01-11 16:56:05.432  6668  6733 D ContactsProvider_EventLog: contents_sample_state: [ actCnt({android.process.acore=1})  ]
01-11 16:56:05.436  6668  6733 E ContactsProvider_EventLog: Flush buffer to file cnt : 1 size : 0Kb duration : 3ms lastUpdatedAfter : 60135 ms mFlush_time_threasold : 2000 mCurrentSize : 457
01-11 16:56:06.033  5689  5689 D io_stats: !@   8,0 r 1916877 58329588 w 1919132 43212360 d 310730 22786204 f 501081 500955 iot 3052570 1706453 th 61440 61440 43080 pt 9550 inp 0 0 165892.674
