12-30 19:42:22.665  3759  3771 D ActivityManager: applyOptionsLocked(), pendingOptions : null
12-30 19:42:22.670  3759  3771 V WindowOrientationListener: OrientationSensorJudge.getProposedRotation, Rotation: 0
12-30 19:42:22.670  3759  3771 V WindowOrientationListener: OrientationSensorJudge.getProposedRotation, Rotation: 0
12-30 19:42:22.670  3759  3771 V WindowManager: rotationForOrientationLw(orient=-1, last=0); user=0  sensorRotation=0 mLidState=-1 mDockMode=0 mHdmiPlugged=false
12-30 19:42:22.673 26462 26462 D ViewRootImpl@b635769[SubPageActivity]: mHardwareRenderer.destroy()#1
12-30 19:42:22.673  3759  3771 D GameManagerService: sem_perfomance_mode: 0
12-30 19:42:22.673  3759  3759 D GameManagerService: NotifyRunnable. pkg: com.okcupid.okcupid, type: 4, isMinimized: false, isTunableApp: false
12-30 19:42:22.673  3759  3759 D GameManagerService: unexpected mPrevNotiType: -1
12-30 19:42:22.674  3759  6065 V WindowManager: Relayout Window{9783ff4d0 u0 com.okcupid.okcupid/com.okcupid.okcupid.ui.base.SubPageActivity}: viewVisibility=4 req=1080x1920 WM.LayoutParams{(0,0)(fillxfill) sim=#111 ty=1 fl=#81810100 pfl=0x20000 wanim=0x1030465 vsysui=0x600 needsMenuKey=2 naviIconColor=0}
12-30 19:42:22.677 26462 26462 D ViewRootImpl@b635769[SubPageActivity]: Relayout returned: oldFrame=[0,0][1080,1920] newFrame=[0,0][1080,1920] result=0x1 surface={isValid=false 0} surfaceGenerationChanged=false
12-30 19:42:22.687  5974  6004 D ForegroundUtils: could not check pending caller
12-30 19:42:22.688  3759  9132 D GamePkgDataHelper: getGamePkgData(). com.okcupid.okcupid
12-30 19:42:22.688  3759  3778 D WindowManager: set systemUiVisibility of statusbar : vis= 0x608
12-30 19:42:22.688  3759  9132 D GameManagerService: identifyGamePackage. com.okcupid.okcupid
12-30 19:42:22.689  3759  9132 D GameManagerService: identifyGamePackage. com.okcupid.okcupid
12-30 19:42:22.690  3759  3794 D KnoxTimeoutHandler: notifyActivityDrawn [MsgParam] userId: 0 fullscreen is true showWhenlocked is false isMutiwindowRecord is false multiwindowstyle is 1
12-30 19:42:22.690  3759  3759 D KnoxTimeoutHandler: activityDrawn [MsgParam] userId: 0 fullscreen is true showWhenlocked is false isMutiwindowRecord is false multiwindowstyle is 1
12-30 19:42:22.691  3759 10288 D SamsungAlarmManager: Cancel Alarm calling from uid:10339 pid :26462 / op:PendingIntent{591ad1e: PendingIntentRecord{4fa09ff com.okcupid.okcupid broadcastIntent}}
12-30 19:42:22.692  3759  9132 D GameManagerService: identifyGamePackage. com.okcupid.okcupid
12-30 19:42:22.692  3759 10291 W AlarmManager: Suspiciously short interval 10000 millis; expanding to 60 seconds
12-30 19:42:22.693  3759  3759 I KnoxTimeoutHandler: SD activityfalse
12-30 19:42:22.693  3759  3759 I KnoxTimeoutHandler: Fullscreen and mCurrent is not KNOX user. Hence hide keyguard
12-30 19:42:22.693  4634  4634 D BarTransitions.PhoneStatusBarView: MODE_OPAQUE -> MODE_TRANSPARENT animate=false
12-30 19:42:22.694  3759  9132 D TelephonyManager: getAllCellInfo : Caller (PID / UID / TID): 3759 / 1000 / 9132
12-30 19:42:22.695  3759 10295 D SamsungAlarmManager: Cancel Alarm calling from uid:10339 pid :26462 / op:PendingIntent{7bc23cc: PendingIntentRecord{4fa09ff com.okcupid.okcupid broadcastIntent}}
12-30 19:42:22.696  3216  3216 I SurfaceFlinger: id=3560 createSurf (1080x1920),-1 flag=20004, TubPageActi
12-30 19:42:22.699 26462 26462 D AppStateCollector: Reconnect location services
12-30 19:42:22.699  3759  3771 D LocationManagerService: request 23c4e5b passive Request[POWER_NONE passive fastest=0 num=1] from com.okcupid.okcupid(10339)
12-30 19:42:22.700  3759  3771 D LocationManagerService: provider request: passive ProviderRequest[ON interval=0]
12-30 19:42:22.702  3759 10291 D SamsungAlarmManager: setInexact Intent (T:1/F:0/AC:false) 20181230T194232 - CU:10339/CP:26462
12-30 19:42:22.706  3759  4357 D SamsungAlarmManager: Expired : 8
12-30 19:42:22.706  3759  4357 I SamsungAlarmManager: setLocked to kernel - T:3 / 20181230T194223, SetElapsed=239393951, nowELAPSED=239393451
12-30 19:42:22.707  3759  4357 V SamsungAlarmManager: Sending to uid : 1000 action=com.android.server.action.UPDATE_TWILIGHT_STATE alarm=Alarm{3ef471b type 1 when 600000 android}
12-30 19:42:22.709  3759  7292 D WindowManager: adjustSystemUiVisibilityLw : vis= 0x608
12-30 19:42:22.713 26462 26557 I System.out: (HTTPLog)-Static: isSBSettingEnabled false
12-30 19:42:22.713 26462 26557 I System.out: (HTTPLog)-Static: isSBSettingEnabled false
12-30 19:42:22.717  3759  3759 D SamsungAlarmManager: Cancel Alarm calling from uid:1000 pid :3759 / op:PendingIntent{e6db0b8: PendingIntentRecord{92446ee android broadcastIntent}}
12-30 19:42:22.719  3759  7293 D ConnectivityService: filterNetworkStateForUid() uid: 10339 networkInfo: [type: WIFI[] - WIFI, state: CONNECTED/CONNECTED, reason: (unspecified), extra: "wilkinson2.4", failover: false, available: true, roaming: false, metered: false]
12-30 19:42:22.719  3759  4508 D ConnectivityService: filterNetworkStateForUid() uid: 10339 networkInfo: [type: WIFI[] - WIFI, state: CONNECTED/CONNECTED, reason: (unspecified), extra: "wilkinson2.4", failover: false, available: true, roaming: false, metered: false]
12-30 19:42:22.719  3759  3759 D SamsungAlarmManager: setExact Intent (T:1/F:9/AC:false) 19691231T191000 - CU:1000/CP:3759
12-30 19:42:22.728  3759 10288 D ActivityManager: post active user change for 0 fullscreen true isHomeActivity() false
12-30 19:42:22.728  3759 10288 D KnoxTimeoutHandler: postActiveUserChange [MsgParam] userId: 0 fullscreen is true showWhenlocked is false isMutiwindowRecord is false multiwindowstyle is 0
12-30 19:42:22.728  3759  3759 D KnoxTimeoutHandler: handleActiveUserChange [MsgParam] userId: 0 fullscreen is true showWhenlocked is false isMutiwindowRecord is false multiwindowstyle is 0
12-30 19:42:22.729  3759  3759 I KnoxTimeoutHandler: Shared devices show user statefalse
12-30 19:42:22.731 26462 26462 D TextView: setTypeface with style : 0
12-30 19:42:22.731 26462 26462 D TextView: setTypeface with style : 0
12-30 19:42:22.731 26462 26462 D TextView: setTypeface with style : 0
12-30 19:42:22.732 26462 26462 D TextView: setTypeface with style : 0
12-30 19:42:22.732 26462 26462 D TextView: setTypeface with style : 0
12-30 19:42:22.732 26462 26462 D TextView: setTypeface with style : 0
12-30 19:42:22.732 26462 26462 D TextView: setTypeface with style : 0
12-30 19:42:22.733 26462 26462 D TextView: setTypeface with style : 0
12-30 19:42:22.733 26462 26462 D TextView: setTypeface with style : 0
12-30 19:42:22.733 26462 26462 D TextView: setTypeface with style : 0
12-30 19:42:22.733 26462 26462 D TextView: setTypeface with style : 0
12-30 19:42:22.734 26462 26462 D TextView: setTypeface with style : 0
12-30 19:42:22.734 26462 26462 D TextView: setTypeface with style : 0
12-30 19:42:22.734 26462 26462 D TextView: setTypeface with style : 0
12-30 19:42:22.734 26462 26462 D TextView: setTypeface with style : 0
12-30 19:42:22.737  3759  6071 V WindowManager: Relayout Window{9783ff4d0 u0 com.okcupid.okcupid/com.okcupid.okcupid.ui.base.SubPageActivity}: viewVisibility=0 req=1080x1920 WM.LayoutParams{(0,0)(fillxfill) sim=#111 ty=1 fl=#81810100 pfl=0x20000 wanim=0x1030465 vsysui=0x600 needsMenuKey=2 naviIconColor=0}
12-30 19:42:22.740  3759  6071 D InputDispatcher: Focus entered window: 26462
12-30 19:42:22.741 26462 26462 D ViewRootImpl@b635769[SubPageActivity]: Relayout returned: oldFrame=[0,0][1080,1920] newFrame=[0,0][1080,1920] result=0x3 surface={isValid=true 503209453056} surfaceGenerationChanged=true
12-30 19:42:22.741 26462 26462 D ViewRootImpl@b635769[SubPageActivity]: mHardwareRenderer.initialize() mSurface={isValid=true 503209453056} hwInitialized=true
12-30 19:42:22.746 26462 26571 D mali_winsys: EGLint new_window_surface(egl_winsys_display*, void*, EGLSurface, EGLConfig, egl_winsys_surface**, egl_color_buffer_format*, EGLBoolean) returns 0x3000,  [1080x1920]-format:1
12-30 19:42:22.764  3759  3772 D WindowManager: finishDrawingWindow: Window{9783ff4d0 u0 com.okcupid.okcupid/com.okcupid.okcupid.ui.base.SubPageActivity} mDrawState=HAS_DRAWN
12-30 19:42:22.765 26462 26462 D ViewRootImpl@b635769[SubPageActivity]: MSG_WINDOW_FOCUS_CHANGED 1
12-30 19:42:22.765 26462 26462 D ViewRootImpl@b635769[SubPageActivity]: mHardwareRenderer.initializeIfNeeded()#2 mSurface={isValid=true 503209453056}
12-30 19:42:22.765 26462 26462 D SEM_CLIP_SemClipboardManager: isCocktailBarDisplayed : false
12-30 19:42:22.766 26462 26462 V InputMethodManager: Starting input: tba=android.view.inputmethod.EditorInfo@feb3eeb nm : com.okcupid.okcupid ic=null
12-30 19:42:22.766 26462 26462 I InputMethodManager: [IMM] startInputInner - mService.startInputOrWindowGainedFocus
12-30 19:42:22.766  3759  3771 D InputMethodManagerService: windowGainedFocus mCurrentFocusedUserId - 0 and mSecureKeypadEnabled-false
12-30 19:42:22.768  3759  3771 V InputMethodManagerService: windowGainedFocus: reason=WINDOW_FOCUS_GAIN client=android.os.BinderProxy@dd90a9a inputContext=null missingMethods= attribute=android.view.inputmethod.EditorInfo@6dc7e91 nm = com.okcupid.okcupid controlFlags=#105 softInputMode=#111 windowFlags=#81810100
12-30 19:42:22.768  3759  3771 V InputMethodManagerService: Window asks to unchanged
12-30 19:42:22.768  3759  3771 D InputTransport: Input channel constructed: fd=407
12-30 19:42:22.768  3759  3771 D InputTransport: Input channel destroyed: fd=407
12-30 19:42:22.768 26462 26462 D InputTransport: Input channel constructed: fd=194
12-30 19:42:22.772 16417 16417 E FullInputEventModel: onStartInput event aborted: com.touchtype.keyboard.e.p: could not obtain extracted text (class com.touchtype.keyboard.e.p)
12-30 19:42:22.796  5693  5693 D io_stats: !@   8,0 r 1163875 34112836 w 914103 17622564 d 154235 9856752 f 207818 207780 iot 1409880 888885 th 61440 61440 51480 pt 1340 inp 0 0 78094.533
12-30 19:42:22.817  3759  9132 D GameManagerService: identifyGamePackage. com.okcupid.okcupid
12-30 19:42:22.818  3759  4530 D MdnieScenarioControlService:  packageName : com.okcupid.okcupid    className : com.okcupid.okcupid.ui.base.SubPageActivity
12-30 19:42:22.879  3759  7765 D CompatibilityInfo: mCompatibilityFlags - 0
12-30 19:42:22.879  3759  7765 D CompatibilityInfo: applicationDensity - 420
12-30 19:42:22.879  3759  7765 D CompatibilityInfo: applicationScale - 1.0
12-30 19:42:22.890 26462 27406 E ActivityThread: Failed to find provider info for com.facebook.katana.provider.AttributionIdProvider
12-30 19:42:22.898  3759  4447 D ConnectivityService: filterNetworkStateForUid() uid: 10339 networkInfo: [type: WIFI_P2P[] - WIFI_P2P, state: DISCONNECTED/DISCONNECTED, reason: (unspecified), extra: (none), failover: false, available: true, roaming: false, metered: false]
12-30 19:42:22.899  3759  3772 D ConnectivityService: filterNetworkStateForUid() uid: 10339 networkInfo: [type: MOBILE[LTE] - MOBILE, state: CONNECTED/CONNECTED, reason: connected, extra: VZWIMS, failover: false, available: true, roaming: false, metered: false]
12-30 19:42:22.908 26462 27406 I System.out: (HTTPLog)-Static: isSBSettingEnabled false
12-30 19:42:22.908 26462 27406 I System.out: (HTTPLog)-Static: isSBSettingEnabled false
12-30 19:42:22.910  3251  3744 D EnterpriseController: netId is 0
12-30 19:42:22.910  3251  3744 D Netd    : getNetworkForDns: using netid 541 for uid 10339
12-30 19:42:22.910  3251  3744 D DnsProxyListener: DNSDBG::dns addrinfo af 0
12-30 19:42:23.089  3759  3794 I WindowManager_SurfaceController: Destroying surface Surface(name=com.okcupid.okcupid/com.okcupid.okcupid.ui.base.SubPageActivity_dim) called by com.android.server.wm.WindowStateAnimator.finishExit:593 com.android.server.wm.AppWindowAnimator.stepAnimationLocked:493 com.android.server.wm.WindowAnimator.updateAppWindowsLocked:227 com.android.server.wm.WindowAnimator.animateLocked:919 com.android.server.wm.WindowAnimator.-wrap0:-1 com.android.server.wm.WindowAnimator$1.doFrame:180 android.view.Choreographer$CallbackRecord.run:925 android.view.Choreographer.doCallbacks:702 
12-30 19:42:23.089  3216  3278 I SurfaceFlinger: id=3560 Removed TubPageActi (1/6)
12-30 19:42:23.090  3216  3280 I SurfaceFlinger: id=3560 Removed TubPageActi (-2/6)
12-30 19:42:23.095  3759  3794 D CustomFrequencyManagerService: releaseDVFSLockLocked : Getting Lock type frm List : DVFS_MIN_LIMIT  frequency : 1300000  uid : 1000  pid : 3759  tag : AMS_ACT_RESUME@CPU_MIN@59
12-30 19:42:23.095  3759  3794 D ActivityManagerPerformance: AMP_release() ACT_RESUME
12-30 19:42:23.197 26462 26462 D TextView: setTypeface with style : 0
12-30 19:42:23.199 26462 26462 D TextView: setTypeface with style : 0
12-30 19:42:23.200 26462 26462 D TextView: setTypeface with style : 0
12-30 19:42:23.202 26462 26462 D TextView: setTypeface with style : 0
12-30 19:42:23.203 26462 26462 D TextView: setTypeface with style : 0
12-30 19:42:23.204 26462 26462 D TextView: setTypeface with style : 0
12-30 19:42:23.205 26462 26462 D TextView: setTypeface with style : 0
12-30 19:42:23.206  3759  4357 D SamsungAlarmManager: Expired : 8
12-30 19:42:23.207 26462 26462 D TextView: setTypeface with style : 0
12-30 19:42:23.207  3759  4357 I SamsungAlarmManager: setLocked to kernel - T:3 / 20181230T194223, SetElapsed=239394462, nowELAPSED=239393952
12-30 19:42:23.207  3759  4357 V SamsungAlarmManager: Sending to uid : 10059 action=null alarm=Alarm{33972cd type 3 when 239393951 com.asurion.android.verizon.vms}
12-30 19:42:23.207 26462 26462 D TextView: setTypeface with style : 0
12-30 19:42:23.209 26462 26462 D TextView: setTypeface with style : 0
12-30 19:42:23.210 26462 26462 D TextView: setTypeface with style : 0
12-30 19:42:23.211 26462 26462 D TextView: setTypeface with style : 0
12-30 19:42:23.212 26462 26462 D TextView: setTypeface with style : 0
12-30 19:42:23.214 26462 26462 D TextView: setTypeface with style : 0
12-30 19:42:23.215 26462 26462 D TextView: setTypeface with style : 0
12-30 19:42:23.217  3759  4357 D CompatibilityInfo: mCompatibilityFlags - 0
12-30 19:42:23.217  3759  4357 D CompatibilityInfo: applicationDensity - 420
12-30 19:42:23.217  3759  4357 D CompatibilityInfo: applicationScale - 1.0
12-30 19:42:23.231  3759  5836 D ConnectivityService: filterNetworkStateForUid() uid: 10339 networkInfo: [type: WIFI[] - WIFI, state: CONNECTED/CONNECTED, reason: (unspecified), extra: "wilkinson2.4", failover: false, available: true, roaming: false, metered: false]
12-30 19:42:23.250  3759 30979 D SamsungAlarmManager: setExact Intent (T:3/F:5/AC:false) 20181230T194228 - CU:10059/CP:487
12-30 19:42:23.251 26462 26462 D TextView: setTypeface with style : 0
12-30 19:42:23.252 26462 26462 D TextView: setTypeface with style : 0
12-30 19:42:23.252 26462 26462 D TextView: setTypeface with style : 0
12-30 19:42:23.252 26462 26462 D TextView: setTypeface with style : 0
12-30 19:42:23.253 26462 26462 D TextView: setTypeface with style : 0
12-30 19:42:23.253 26462 26462 D TextView: setTypeface with style : 0
12-30 19:42:23.253 26462 26462 D TextView: setTypeface with style : 0
12-30 19:42:23.254 26462 26462 D TextView: setTypeface with style : 0
12-30 19:42:23.254 26462 26462 D TextView: setTypeface with style : 0
12-30 19:42:23.254 26462 26462 D TextView: setTypeface with style : 0
12-30 19:42:23.254 26462 26462 D TextView: setTypeface with style : 0
12-30 19:42:23.255 26462 26462 D TextView: setTypeface with style : 0
12-30 19:42:23.255 26462 26462 D TextView: setTypeface with style : 0
12-30 19:42:23.255 26462 26462 D TextView: setTypeface with style : 0
12-30 19:42:23.256 26462 26462 D TextView: setTypeface with style : 0
12-30 19:42:23.258  3759  5060 D ConnectivityService: filterNetworkStateForUid() uid: 10339 networkInfo: [type: WIFI[] - WIFI, state: CONNECTED/CONNECTED, reason: (unspecified), extra: "wilkinson2.4", failover: false, available: true, roaming: false, metered: false]
12-30 19:42:23.717  3759  4357 D SamsungAlarmManager: Expired : 8
12-30 19:42:23.719  3759  4357 I SamsungAlarmManager: setLocked to kernel - T:3 / 20181230T194228, SetElapsed=239398990, nowELAPSED=239394463
12-30 19:42:23.719  3759  4357 V SamsungAlarmManager: Sending to uid : 1000 action=com.android.server.action.UPDATE_TWILIGHT_STATE alarm=Alarm{5357e93 type 1 when 600000 android}
12-30 19:42:23.733  3759  3759 I ActivityManager: Killing 26412:com.vzw.hss.myverizon/u0a27 (adj 906): DHA:empty #31
12-30 19:42:23.743  3759  3759 D SamsungAlarmManager: Cancel Alarm calling from uid:1000 pid :3759 / op:PendingIntent{d09ded0: PendingIntentRecord{92446ee android broadcastIntent}}
12-30 19:42:23.753  3759  3759 D SamsungAlarmManager: setExact Intent (T:1/F:9/AC:false) 19691231T191000 - CU:1000/CP:3759
12-30 19:42:23.754  3759  3759 I SamsungAlarmManager: setLocked to kernel - T:3 / 20181230T194224, SetElapsed=239395488, nowELAPSED=239394499
12-30 19:42:23.785  3759  3772 D PowerManagerService: [api] handleWakeLockDeath : release WakeLock : PARTIAL_WAKE_LOCK              'wake:com.vzw.hss.myverizon/com.vzw.utils.AppIndexingService' (uid=10027, pid=26412, ws=null) (uid=10027, pid=26412, ws=null, pkg=com.vzw.hss.myverizon, elapsedTime=56664)
12-30 19:42:23.786  3759 30978 D ActivityManager: cleanUpApplicationRecord -- 26412
12-30 19:42:23.789  5974  6000 D ForegroundUtils: could not check pending caller
