01-09 22:55:19.202 14150 14150 D [WeatherWidget(15061)]  DB L1: {[AAC4384C35CA6909274880C63FD2B8C5C23F90F1E4FCAD3137C9B25E5485CF6C13D974915DCB27183E51FA33C65CACB2A061B318F1F74A74674F0B4ACF6C7E20B0CD1743F8B6B4E861956A85CAA80C62F5B98A6684D79D53973D991E2EC703A7]}
01-09 22:55:19.202  4616 15943 D KeyguardUpdateMonitor: broadcasted intent= Intent { act=com.samsung.keyguard.KEYGUARD_STATE_UPDATE launchParam=MultiScreenLaunchParams { mDisplayId=0 mFlags=0 } (has extras) }
01-09 22:55:19.202 14150 14150 D [WeatherWidget(15061)]  : {[236FFFA4FE6D378EDABD8749C406D4B6A127CB045CCFDB9314AC05EAE1D47870A2E94DB8C8A61F49144BFA2AA418C6CB03AF4DCF7E061BD0E4C59EDC58D66A7C]}
01-09 22:55:19.202  4616  4616 D SwipeDoorsillDetector: reset()com.android.systemui.statusbar.phone.NotificationPanelView.resetViews:864 com.android.systemui.statusbar.phone.PanelBar.collapsePanel:173 com.android.systemui.statusbar.phone.PhoneStatusBar.makeExpandedInvisible:4151 com.android.systemui.statusbar.phone.PhoneStatusBarView$1.run:52 
01-09 22:55:19.203  4616  4616 D KeyguardCircleAffordanceView: setPreviewView: mRight=true,preview=null
01-09 22:55:19.205 15538 15557 D UE4     : startHeadsetReceiver: 0
01-09 22:55:19.205 15538 15557 D UE4     : nativeHeadsetEvent(0)
01-09 22:55:19.205 15538 15557 D UE4     : [2019.01.10-03.55.19:205][  0]LogUdpMessaging: Initializing bridge on interface 0.0.0.0:0 to multicast group 230.0.0.1:6666.
01-09 22:55:19.206 15538 15538 D UE4     : headsetReceiver::onReceive
01-09 22:55:19.206 15538 15538 D UE4     : nativeHeadsetEvent(0)
01-09 22:55:19.209 14150 14150 D [WeatherWidget(15061)]  DB L1: {[AAC4384C35CA6909274880C63FD2B8C5A462A2CAF1D2168DFBD0BFB7C3C67E3C2986049420BBF8D2AA8FBFE7C2AB191F78D32B4958B9D0D0F1260DCF8992C92F]}
01-09 22:55:19.211 14150 14170 D [WeatherWidget(15061)]  DB L2: {[610591C4E30FED4A153FF198DAC84EFE6F1D44755CF8086DF3C2DE9D0EB12E2B157D468535EC2E114A046E291FEFC685CAC3125BE9C7AC2FBD4FDD05F031FD2E]}
01-09 22:55:19.213 14150 14150 D [WeatherWidget(15061)]  AutoRefresh: {[656B50FBE32434E5C34DC69BA05CF68A1F5A34DAE49A17B090005D6FB04F510B09AF5F36030E7DAC2FC1222152EE4885D69CBDE1994E23742793313F10E5F73E]}
01-09 22:55:19.213 14150 14150 D [WeatherWidget(15061)]  WeatherWidgetApplication: {[A28FDC01DC6076B0F48F82E46560372DF984DB20BA50DE5106EF77BE29A4A07822F8651FC438E618EE50C53E3387D62FD8FE553E3AD07B1AC30F75ADA8D98978]}
01-09 22:55:19.214 14150 14150 D [WeatherWidget(15061)]  WeatherService: {[F5837F4AEE74F4A0BE2DA219DB8493357DAAA0059575D4DB84A550544EBABA109659CD7E4FDACB33F04AA3D5A39054A5]}
01-09 22:55:19.214 14150 14150 D [WeatherWidget(15061)]  WeatherService: {[F5837F4AEE74F4A0BE2DA219DB8493351B88DE4260E090FB68145ED3CC6C04108017CF8762BECC77DC0D078666AC4DEAFD0E46DCCE24B2D07B02150AB0347CEC]}
01-09 22:55:19.216 14150 14150 D [WeatherWidget(15061)]  WeatherDataBroadcaster: {[F66E3CA8B365B88F6D0BA25F503D93427D1FAD8019823FD6B0641781B8A1ED05A4FD86F72186BB2CEB3A75E10D8875724582EB1C120B48BFFC43D212E4B50F24]}
01-09 22:55:19.216  4616  4616 I StatusBarWindowManager: isExpanded:true, false, false, true, false, false
01-09 22:55:19.216  4616  4616 I StatusBarWindowManager: applyHeight:-1
01-09 22:55:19.216  4616  4616 I StatusBarWindowManager: isExpanded:true, false, false, true, false, false
01-09 22:55:19.216  4616  4616 I StatusBarWindowManager: applyHeight:-1
01-09 22:55:19.217 15538 15557 D UE4     : [2019.01.10-03.55.19:217][  0]LogTcpMessaging: Initializing TcpMessaging bridge, listening on 127.0.0.1:6666
01-09 22:55:19.217  4616  4616 D PhoneStatusBar: disable: < expand icons alerts system_info back home recent clock search quick_settings >
01-09 22:55:19.217  4616  4616 D ViewRootImpl@151652b[StatusBar]: MSG_WINDOW_FOCUS_CHANGED 0
01-09 22:55:19.220 14150 14150 D [WeatherWidget(15061)]  WeatherDataBroadcaster: {[F66E3CA8B365B88F6D0BA25F503D9342C58674B0038411943BEB3F574F3FFB7DAA90C102DC8A6DEC46749CE929A3E45DB1FFD99F854BBA262835541919CF7EBF]}
01-09 22:55:19.222 15538 15557 D UE4     : Execution has been resumed!
01-09 22:55:19.222 15538 15557 D UE4     : [2019.01.10-03.55.19:222][  0]LogAndroidEvents: Display: DequeueAppEvent : 11, 0
01-09 22:55:19.223  8465  8465 E FullInputEventModel: onStartInput event aborted: com.touchtype.keyboard.e.p: could not obtain extracted text (class com.touchtype.keyboard.e.p)
01-09 22:55:19.225  4616  4616 D vol.SecVolumeDialog: mBroadcastReceiver : dismiss mLockScreenDialog()
01-09 22:55:19.231  3757  3757 D AccessibilityManagerService: readMagniferWindowEnabledSettingLocked() magniferWindowEnabled = false/ userState.mIsMagniferWindowEnabled = false
01-09 22:55:19.231  3757  3757 D KnoxVpnEngineService: Vpn Receiver : android.intent.action.USER_PRESENT
01-09 22:55:19.232 14150 14150 D [WeatherWidget(15061)]  : {[F94ED683F63ECF3992D12E979C8867BDFC40F8DB60A67D1E4DE818A7EF673754EBEB13026006AFA72C809F4057C112ED4BE5EFD3A65A49DEF51F3683EF7D81FB]}
01-09 22:55:19.233  3757  3757 D UniversalCredentialManagerService: ****MSG_LOCK_STATUS_UPDATE block started****
01-09 22:55:19.233  3757  3757 D UniversalCredentialManagerService: notifyChangeToPlugin is called for Lock status update...
01-09 22:55:19.233  3757  4447 I KnoxVpnEngineService: vpn handle : Message received
01-09 22:55:19.233  3757  3757 D UcmService: notifyChangeToPlugin event 16
01-09 22:55:19.233  3757  3757 D UcmService: checkCallerPermissionFor is called for method-notifyChangeToPlugin
01-09 22:55:19.233  3757  3757 I UcmService: checkIfNotify for cs Name = com.samsung.ucs.agent.boot:com.samsung.ucs.agent.boot Package name = com.samsung.ucs.agent.boot
01-09 22:55:19.233  3757  3757 D UcmService: notifying to unmanaged plugin
01-09 22:55:19.234  9678  9689 D BootAgentService: notifyChange eventId-16
01-09 22:55:19.234  3757  2859 I TZ: mc_tlc_communication: tlc_open() succeeded
01-09 22:55:19.234  3757  3757 D UcmService: activeAgent com.samsung.ucs.agent.boot:com.samsung.ucs.agent.boot notify status - -1
01-09 22:55:19.234  3757  3757 D UcmService: activeAgent status--1
01-09 22:55:19.234  3757  2859 I TLC_TZ_KEYSTORE: : ctx = 0x783a270f20, comm = 0x783a270f00, sendmsg = 0x7837fba000, recvmsg = 0x7837fba440
01-09 22:55:19.234  3757  3757 D UniversalCredentialManagerService: ****MSG_LOCK_STATUS_UPDATE block ended****
01-09 22:55:19.234  3757  2859 I TZ_init: : TZ_init: fips_init_TLC sending initialization request...
01-09 22:55:19.234  3757  2859 I TZ_init: : TZ_init: sending initialization request...
01-09 22:55:19.234  3757  3757 D LightsService: [api] [SvcLED] turnOff:: id = 6 (uid: 1000 pid: 3757) 
01-09 22:55:19.234  3757  3757 D PowerManagerUtil: fileWriteString to /sys/power/wake_lock, LightsService
01-09 22:55:19.235  3757  3757 D LightsService: [SvcLED] setSvcLedStateLocked:: SvcLEDState : 0x0 -> 0x0 | SvcLED(id=6) set Off
01-09 22:55:19.235  3757  3757 I MdnieScenarioControlService: action  :  android.intent.action.USER_PRESENT
01-09 22:55:19.235  3227  3261 D Sensorhubs: readContextData: 1, 1, 7, 0
01-09 22:55:19.235 14150 14150 D [WeatherWidget(15061)]  DB L1: {[AAC4384C35CA6909274880C63FD2B8C580A03B62F9CBF03726AF4E04F09763BC4980EFD947CAFB61606864BF81064C4F5E8C85042F98134731AB61510FB39AE8]}
01-09 22:55:19.236  3757  3799 D LightsService: [SvcLED] handleForcedSvcLEDTask()
01-09 22:55:19.236  3757  3799 D LightsService: [SvcLED]  setSvcLedLightLocked :: Current SvcLED(id=5) maintains its priority right
01-09 22:55:19.236  3757  3799 D PowerManagerUtil: fileWriteString to /sys/power/wake_unlock, LightsService
01-09 22:55:19.236  3757  4361 D SensorHubManager: onGetSensorHubDataLocked: library(4) = 1, 1, 7, 0
01-09 22:55:19.236 14150 14150 D [WeatherWidget(15061)]  : {[71C0730068FFCE8242180DBA2D2BC7479F86E9678A79391F96C827C3F8ACA124102FAEBCA50CBF201439BFC501718C3C63ACA706ECDF9D5A98271706FD8DB2B9B4C87F52F9FCD54CC53BDD957FBF9AC4]}
01-09 22:55:19.237 14150 14150 D [WeatherWidget(15061)]  : {[236FFFA4FE6D378EDABD8749C406D4B6704CAD26277FEC44C7E31C0D1A0DCCA7B2EEFD5C2A539946454EEEABA00B149BD184FB3A0A14BDC44C5FB2E09811FB16]}
01-09 22:55:19.237  3757  4360 D CAE     : onGetSensorHubData(SensorHubParserProvider.java:94) - onGetSensorHubData Event [event buffer len :4], AP_WAKEUP
01-09 22:55:19.237  3757  3757 D MdnieScenarioControlService:  packageName : com.GeekTechnique.InfinityStack    className : com.epicgames.ue4.GameActivity
01-09 22:55:19.237  3757  3757 I PalmMotion: [PALM] SURFACE_MOTION_ENGINE: 1 SURFACE_PALM_TOUCH: 1
01-09 22:55:19.237  3757  3757 I PalmMotion: [PALM] SURFACE_PALM_SWIPE: 1
01-09 22:55:19.237  3757  3757 D PalmMotion: [PALM] SETTINGS : [TOUCH: true] [SWEEP: true]
01-09 22:55:19.237  3757  4360 I CAE     : parse(SensorHubParserProvider.java:196) - buffer size = 4
01-09 22:55:19.237  3757  3757 D PalmMotion: [PALM] ACCEPTED : [noblelte] PALM_CNT : 3, M_TOUCH : 100.0, M_SWEEP : 65.0, E_SWEEP : 2.0, IGNORE_M_SWEEP : false
01-09 22:55:19.237 14150 14150 D [WeatherWidget(15061)]  DB L1: {[AAC4384C35CA6909274880C63FD2B8C5C23F90F1E4FCAD3137C9B25E5485CF6C348F3541DC6F0478DF237FE9AD45E11BDE2CA243F1853ED99529BCA72592CDFB8A6E74BD57AFD1C307B6BBD94B9D8ACD4F432F25449EFA02657925966C2448DC]}
01-09 22:55:19.238  3757  4360 I CAE     : parse(SensorHubParserProvider.java:207) - 1, 1, 7, 0,
01-09 22:55:19.238 14150 14150 D [WeatherWidget(15061)]  DB L1: {[AAC4384C35CA6909274880C63FD2B8C5C23F90F1E4FCAD3137C9B25E5485CF6C538168E0D1ECD3861D4182213CF2513028E610BF1E9E4FD1DF7C7281407D7CED13DB6E49F75AED01A0E114CBDFB39A67CFFD154735542493D6ECD648A6220312]}
01-09 22:55:19.238  3757  4360 D CAE     : display(ContextProvider.java:375) - ================= AUTO_ROTATION =================
01-09 22:55:19.239  3757  4360 I CAE     : display(ContextProvider.java:391) - Angle=[0]
01-09 22:55:19.239 14150 14150 D [WeatherWidget(15061)]  DB L1: {[AAC4384C35CA6909274880C63FD2B8C5C23F90F1E4FCAD3137C9B25E5485CF6C9A18A5150FE9A5379C8ABDA4D4CBE47A1A7A3481160F98823F4EC223979FF69C954EF9D73A1711DE086930B3217949FDB9635ACB30B14237FAEFE6C4BBB57131]}
01-09 22:55:19.239 14150 14150 D [WeatherWidget(15061)]  : {[236FFFA4FE6D378EDABD8749C406D4B69D0A9D225945D25F48121A1CC6C01DF094D19169E13D0E4C03FECB9D2A3D56296184E5B0DBE0A6A584694FB7EA9944819019E9D8587F544DCFD32C3C8EFF96F96F96BE4E551D4F1BBE5AFFBDF624C7D1]}
01-09 22:55:19.239  3757  4364 D SemContextService: updateContext() : event = Auto Rotation
01-09 22:55:19.240  3757  3757 D SemContextManager: onSemContextChanged() : event = Auto Rotation Angle : 0
01-09 22:55:19.240  3757  3757 D SContextManager: onSContextChanged() : event = Auto Rotation Angle : 0
01-09 22:55:19.240 14150 14150 D [WeatherWidget(15061)]  DB L1: {[AAC4384C35CA6909274880C63FD2B8C5C23F90F1E4FCAD3137C9B25E5485CF6C04B58065F767A1E727736B7A9F657ADABABA8A3807ABC4FC389BB6364B2E589FBE3BE1A55EAB28120A91F2479C457302C2128A6AFD1ADE9823D7E17E9FCC2D0B]}
01-09 22:55:19.240  3757  3757 V WindowOrientationListener: OrientationSensorJudge.onSContextChanged, Rotation: 0
01-09 22:55:19.240  3757  3775 V WindowOrientationListener: OrientationSensorJudge.getProposedRotation, Rotation: 0
01-09 22:55:19.241  3757  3775 V WindowOrientationListener: OrientationSensorJudge.getProposedRotation, Rotation: 0
01-09 22:55:19.241  3757  3775 V WindowManager: rotationForOrientationLw(orient=1, last=0); user=0  sensorRotation=0 mLidState=-1 mDockMode=0 mHdmiPlugged=false
01-09 22:55:19.241 14150 14150 D [WeatherWidget(15061)]  DB L1: {[AAC4384C35CA6909274880C63FD2B8C5C23F90F1E4FCAD3137C9B25E5485CF6C4E5BA4848164573A0D8DDF6B424095B2782C62A52195DE2896D9FAA55807284A48A3006F3B435C1F027919290C2C85FF06674762FF3EAB764C996594FA1EB999]}
01-09 22:55:19.248 15538 15557 D UE4     : [2019.01.10-03.55.19:248][  0]LogAndroid: Mobile HDR: YES
01-09 22:55:19.248 15538 15557 D UE4     : [2019.01.10-03.55.19:248][  0]LogAndroid: Setting Width=720 and Height=1280 (requested scale = 1.000000)
01-09 22:55:19.249 14150 14150 D [WeatherWidget(15061)]  DB L1: {[AAC4384C35CA6909274880C63FD2B8C5C23F90F1E4FCAD3137C9B25E5485CF6C09A99A452FA42992A9FD660CDD41D31BF4C99DF0A8016B25512F3019FC1626046F2EE206E03BDC99B5A2F240D73D0D8B367360C57862CC6B6A0E9CB228B877E2]}
01-09 22:55:19.250 14150 14150 D [WeatherWidget(15061)]  : {[236FFFA4FE6D378EDABD8749C406D4B6CB913B8A746B23D80C4BDF1D854D18D94B64F3924BC8A399202BEA461AEB2E3552CCDCEA960F905BC1C1EE983F7893EAC0252D3FE4332FAE86F0AF7F3CB4FB6332A12789D75D2730470F7540F2B08332]}
01-09 22:55:19.250  4616  4616 I StatusBarWindowManager: isExpanded:true, false, false, true, false, false
01-09 22:55:19.250  4616  4616 I StatusBarWindowManager: applyHeight:-1
01-09 22:55:19.250  4616  4616 I StatusBarWindowManager: isExpanded:true, false, false, false, false, false
01-09 22:55:19.250  4616  4616 I StatusBarWindowManager: applyHeight:63
01-09 22:55:19.250 14150 14150 D [WeatherWidget(15061)]  DB L1: {[AAC4384C35CA6909274880C63FD2B8C5C23F90F1E4FCAD3137C9B25E5485CF6C2F9003FA49A57870540CBA585D8DC95013D838F79CE4D70B77E9A5B09158EA80413AD2FCE1719049EF3D890ECE64D8ACF307185D65DAD33F16665609E75D4721]}
01-09 22:55:19.251 14150 14150 D [WeatherWidget(15061)]  DB L1: {[AAC4384C35CA6909274880C63FD2B8C5C23F90F1E4FCAD3137C9B25E5485CF6CA040C380D86F10755707BFAA1338AAC5CC6B8A3F72F4BC2B07EE11AA67468C5B0BF3A6A9BF5D1C2F3B7C496E54FE93C78BC75C722830A6C6C69CF6493ABE6519]}
01-09 22:55:19.252  3757  2859 I TZ_init: : TZ_init: successful initialization
01-09 22:55:19.252  3757  2859 I TLC_TZ_KEYSTORE: fips_self_test: : TZ_KEYSTORE_fips_self_test_START...
01-09 22:55:19.252  4616  4616 D KeyguardWallpaperController: mShowing=false, mOccluded=false, mFadingAway=false, match_parent=true
01-09 22:55:19.253  3757  3766 I art     : Background sticky concurrent mark sweep GC freed 160569(10MB) AllocSpace objects, 65(1736KB) LOS objects, 15% free, 69MB/82MB, paused 3.427ms total 166.269ms
01-09 22:55:19.253 14150 14150 D [WeatherWidget(15061)]  DB L1: {[AAC4384C35CA6909274880C63FD2B8C5C23F90F1E4FCAD3137C9B25E5485CF6CBBB1EE48456625F5AB4010678ECC6E5753A55372298FCFE64B69CC3C49F632938E33E203C82ADFBABADDB2F90A63D2C34EFDE766B29B25C2DB94DEF18599D6F4]}
01-09 22:55:19.253 14150 14150 D [WeatherWidget(15061)]  : {[D8B67A630FC69F6878F4940FB3583768052411F5F66E06F8F3AAA69568CF7E1ECD416608BDB340CE687087BF3ED8588DD5FCA35DAA677E16FA61B5E0A088D57C]}
01-09 22:55:19.254 14150 14150 D [WeatherWidget(15061)]  : {[6196E932785D7B6DA324519BF748CFB1003C0F136CD6138B2804742237792082940DC9F69E16FD2EAFB16126B350C08D500D8F694C9BE45407F26C242528F395E5F9EB9C6656677C8BBDDD61A39CF7A2]}
01-09 22:55:19.257  3757  2859 I TLC_TZ_KEYSTORE: fips_self_test: : TZ_KEYSTORE_fips_self_test_END...
01-09 22:55:19.257  3757  2859 E TLC_TZ_KEYSTORE: : Self Test Succeded
01-09 22:55:19.257  3757  2859 I TZ: mc_tlc_communication: tlc_close() was called
01-09 22:55:19.257  3757  2859 I TZ: mc_tlc_communication: Closing the session
01-09 22:55:19.259 14150 14150 D [WeatherWidget(15061)]  : {[859EC4DAD3474A9CEBA32F62EB1268E89447C581EB66ADF4CBF2E33379D62BB200627BEE6E49C1C46D43520D6A9DA2633D9EC564D0D993AB7B8EA5EBDBBD41A4795C01E020EA395E6700CC2AC3AC1A2D723CD2CE549DEF46F3BA2E74146001D5123963746E6732A50F3D961DA60996A5]}
01-09 22:55:19.259 14150 14150 D [WeatherWidget(15061)]  : {[859EC4DAD3474A9CEBA32F62EB1268E89447C581EB66ADF4CBF2E33379D62BB279EDA8E071F27C9197642CEA5FDDAFF720ED12FFBF4F6D9DA2E47FB2D01969ABC3EF9057A40F28AE5F5E0833F295394D904569326162E239FAB07097147B633A]}
01-09 22:55:19.264  3757  3774 D CompatibilityInfo: mCompatibilityFlags - 0
01-09 22:55:19.265  3757  3774 D CompatibilityInfo: applicationDensity - 420
01-09 22:55:19.265  3757  3774 D CompatibilityInfo: applicationScale - 1.0
01-09 22:55:19.268 14150 14150 D [WeatherWidget(15061)]  : {[859EC4DAD3474A9CEBA32F62EB1268E89447C581EB66ADF4CBF2E33379D62BB200627BEE6E49C1C46D43520D6A9DA2638CF3D0CB913190B1FBFE16B4076611FD4E3A345D9B6523D6C70871768F9F36803969FA98636C86BDD96A50A5C332E314]}
01-09 22:55:19.269 14150 14150 D [WeatherWidget(15061)]  : {[859EC4DAD3474A9CEBA32F62EB1268E89447C581EB66ADF4CBF2E33379D62BB279EDA8E071F27C9197642CEA5FDDAFF7710C3872B8D73A78AE1CF06ECC505D472FC0AE196F2354D5F39CCE3448FCBC8BD03E113D9F93BE8CE7C7767706D11EAB]}
01-09 22:55:19.270 14150 14150 D [WeatherWidget(15061)]  : {[859EC4DAD3474A9CEBA32F62EB1268E89447C581EB66ADF4CBF2E33379D62BB200627BEE6E49C1C46D43520D6A9DA2630CCD81D41050E9D711EBCA3575D3F84BB9C0C08A239F728882FBE41A16B69551D86E0F53134885C04A184C7343C69186E849C0DC393EBCFBF383825B59D6728F]}
01-09 22:55:19.271 14150 14150 D [WeatherWidget(15061)]  : {[859EC4DAD3474A9CEBA32F62EB1268E89447C581EB66ADF4CBF2E33379D62BB28B35DE955CB55CCA3966639978F926BA1ABF1B2AD9AE2A3F21A7E891A6250C7A6F3262A9596E65E972CCE0C7A50406DB3FC88E05E37AB7C94AEBC3F0859280C7]}
01-09 22:55:19.273  3757 15928 I BarTender:BatteryStatsDumper: writing to daily db completed
01-09 22:55:19.273  3757  7205 D WindowManager: adjustSystemUiVisibilityLw : vis= 0x408
01-09 22:55:19.276 14150 14150 D [WeatherWidget(15061)]  : {[859EC4DAD3474A9CEBA32F62EB1268E89447C581EB66ADF4CBF2E33379D62BB2E8CF3207F8897E5BA2D90BDF02DBD917AFBE957E5547295A090B4F4ED3CBDF1F26D4A1517409F4BB9B5BF084A773920BCA343D97867AB51E74B2C7ACB7935FE5B87DAA6421391CC411C1907645D47357]}
01-09 22:55:19.282  3757 32085 D CompatibilityInfo: mCompatibilityFlags - 0
01-09 22:55:19.282  3757 32085 D CompatibilityInfo: applicationDensity - 420
01-09 22:55:19.282  3757 32085 D CompatibilityInfo: applicationScale - 1.0
01-09 22:55:19.284  3757  2859 I TZ: mc_tlc_communication: Freeing message buffer
01-09 22:55:19.284  3757  2859 I TZ: mc_tlc_communication: Closing MobiCore device
01-09 22:55:19.284  3757  2859 I TZ: mc_tlc_communication: tlc_close() succeeded
01-09 22:55:19.284  3757  2859 E TLC_TZ_KEYSTORE: : Count : 1, Ret : 0
01-09 22:55:19.284  3757  2859 E         : TimaKeyStore: tima_check_tzdriver success : 0
01-09 22:55:19.285  3757  2859 D TimaHelper: checkTimaStatus() - Version FIPS3.0, Status0, Validation : true
01-09 22:55:19.287  3757  2859 D TimaService: TIMA3: FipsKeyStore3_init
01-09 22:55:19.287  3757  2859 D TimaService: TIMA: in getTimaVersion
01-09 22:55:19.287  3757  2859 D TimaService: TIMA: in getTimaStatus
01-09 22:55:19.287  3757  2859 D TimaService: TIMA: in getTimaStatus
01-09 22:55:19.287  3757  2859 I TLC_TZ_KEYSTORE: : TZ_KEYSTORE_fips_initialize
01-09 22:55:19.287  3757  2859 I TLC_TZ_KEYSTORE: : creating new keystore context...
01-09 22:55:19.287  3757  2859 I TLC_TZ_KEYSTORE: : initializing ccm context...
01-09 22:55:19.287  3757  2859 I TLC_TZ_KEYSTORE: : root = 0, root_strlen = 1
01-09 22:55:19.287  3757  2859 I TLC_TZ_KEYSTORE: : process = ffffffff000000000000000000000013, process_strlen = 32
01-09 22:55:19.287  3757  2859 I TZ: mc_tlc_communication: input max_sendmsg_size = 1080
01-09 22:55:19.287  3757  2859 I TZ: mc_tlc_communication: input max_recvmsg_size = 1080
01-09 22:55:19.287  3757 15928 I BarTender:BatteryStatsDumper: writing to weekly db completed
01-09 22:55:19.287  3757  2859 I TZ: mc_tlc_communication: root = 0, root_len = 1
01-09 22:55:19.287  3757  2859 I TZ: mc_tlc_communication: process = ffffffff000000000000000000000013, process_strlen = 32
01-09 22:55:19.287  3757  2859 I TZ: mc_tlc_communication: aligned max_sendmsg_size = 1088
01-09 22:55:19.287  3757  2859 I TZ: mc_tlc_communication: aligned max_recvmsg_size = 1088
01-09 22:55:19.287  3757  2859 I TZ: mc_tlc_communication: device_id = 0x0
01-09 22:55:19.287  3757  2859 I TZ: mc_tlc_communication: tlc_open() was called
01-09 22:55:19.287  3757  2859 I TZ: mc_tlc_communication: Opening MobiCore device
01-09 22:55:19.287  3757  2859 I TZ: mc_tlc_communication: Allocating message buffer for TCI
01-09 22:55:19.287  3757  2859 I TZ: mc_tlc_communication: Opening the session
01-09 22:55:19.288  3757 15928 I BarTender:BatteryStatsDumper: refreshstats completed
01-09 22:55:19.288  3757 15928 I BarTender:GATHERERBATTSTATS: set - time:1547092519288
01-09 22:55:19.288  3757 15928 I BarTender:ANALYZERBATTSTATS: Observer from Gatherer - time:1547092519288
01-09 22:55:19.288  3757  4355 I BarTender:ANALYZERBATTSTATS: MSG_TYPE_BARTENDER_CHECK_POWER::
01-09 22:55:19.288  3757  4355 I BarTender:BatteryStatsDBHelper: checkForPowerThreshold called : 1547092519288
01-09 22:55:19.292 15538 15939 I         : Increase max job count 60
01-09 22:55:19.297  3757  7202 D SamsungAlarmManager: Cancel Alarm calling from uid:10285 pid :14211 / op:PendingIntent{4121942: PendingIntentRecord{c40ad88 com.samsung.android.calendar broadcastIntent}}
01-09 22:55:19.298  3757  7216 V WindowManager: Relayout Window{8fc7025d0 u0 StatusBar}: viewVisibility=0 req=1080x63 WM.LayoutParams{(0,0)(fillx63) gr=#30 sim=#10 ty=2000 fl=#81840048 fmt=-3 vsysui=0x600 naviIconColor=0}
01-09 22:55:19.301 14150 14150 D [WeatherWidget(15061)]  : {[859EC4DAD3474A9CEBA32F62EB1268E89447C581EB66ADF4CBF2E33379D62BB200627BEE6E49C1C46D43520D6A9DA2631AE852A791496D084DE0B9D0873A09AD84EE4CD2475EB59B2C856455E4C07AF7370489C023478F27AE960535F4D9EB62]}
01-09 22:55:19.301 14150 14150 D [WeatherWidget(15061)]  : {[8BC4E8BC56DCF4A2B44928B44EA3EC272AC51AD3212828074E22C0BFA364D8C1AF34FBB70000726709021D661026C530]}
01-09 22:55:19.302 14150 14150 D [WeatherWidget(15061)]  EasyWeatherAppWidget: {[48948B2BE5213A6D5B0C9B7747497512CAC38177609B2B6F1F16DB965D7D4341B1541B87C6181E221DCA8F8BB1F9D4D3456F8EE6A230B3455E2E3689882139CE089CAD8B6D9CA66D991882A46D7A779482FBE9E9ADE06532CB5AE26B026FA296BBC1EA9634D46CF6B61A41C0D35E9A6ED551B296AEA4765EB639BC2A95644EA9]}
01-09 22:55:19.304  3757  2859 I TZ: mc_tlc_communication: tlc_open() succeeded
01-09 22:55:19.304  3757  2859 I TLC_TZ_KEYSTORE: : ctx = 0x783a270f20, comm = 0x783a270f00, sendmsg = 0x7837fba000, recvmsg = 0x7837fba440
01-09 22:55:19.304  3757  2859 I TZ_init: : TZ_init: fips_init_TLC sending initialization request...
01-09 22:55:19.304  3757  2859 I TZ_init: : TZ_init: sending initialization request...
01-09 22:55:19.306 14150 14150 D [WeatherWidget(15061)]  : {[907D161D855C099E8A312E5C2BBE6025535DBBB5BBD827FC6E63D75F709CFBF954AE0885C52E41F05277D5DF3BE7D89405855AAA9A62A3E6274E1ABA76517016]}
01-09 22:55:19.306 14150 14150 D [WeatherWidget(15061)]  EasyWeatherAppWidget: {[48948B2BE5213A6D5B0C9B7747497512D7646A5A57C4B1820BB1D39DF9F23EA3D05ADA26DF3F5FEC4FA6AFC9EED5963485B3863BE45B906B9F93E60E1BD5AC1F]}
01-09 22:55:19.309  3757 32083 D CompatibilityInfo: mCompatibilityFlags - 0
01-09 22:55:19.309  3757 32083 D CompatibilityInfo: applicationDensity - 420
01-09 22:55:19.309  3757 32083 D CompatibilityInfo: applicationScale - 1.0
01-09 22:55:19.311 14150 14150 D [WeatherWidget(15061)]  DB L1: {[AAC4384C35CA6909274880C63FD2B8C5C23F90F1E4FCAD3137C9B25E5485CF6C4F74484C3BA66DB27FBD563F62CC65F6AB34833B5192A6CF3F78F22C48926CC087B679699D82923A2D4ECF2410CAAD11597DE52BF147D67A73C66025CABB5C82]}
01-09 22:55:19.311 14150 14150 D [WeatherWidget(15061)]  DB L2: {[610591C4E30FED4A153FF198DAC84EFE47CBCC65AAE9E67390CD4125BE4F36A22BF1BCF32B7F2D963CC39538329CF743FBA1C42D2539032F075A8D25FFE6761E]}
01-09 22:55:19.312 14150 14150 D [WeatherWidget(15061)]  : {[E9BDC1AC9F9B078A92B3F309630276C89F9B6E52C087A495B97355481F2FDE5B58A757A09967AB7BD9E1187CEA5BB356FACBD4A552A7402C88647F970C513A69]}
01-09 22:55:19.312 14150 14150 D [WeatherWidget(15061)]  : {[5FC4320581A8AC15DE22E16C22104154DDB37EC6622F7E91D9C1CCFAC2B2EF80F93C376ECC4FBB424F7FF28F4280227D1063659EE6F758E11ADEAD4D645272AD156DA11F73679F84DB00211BC9BD0E996CDBFDE5284C99F18C37D604139E4036C3A840E8DBD9F9FB7D432B2F90E74077F8482C827ACE3117621E7CF3D5690D24]}
01-09 22:55:19.312 14150 14150 D [WeatherWidget(15061)]  DB L2: {[610591C4E30FED4A153FF198DAC84EFE89A6E224C02E8A83ACCF55D6C9B30C810D133EC2E912EEB0D3A811F3C218B14D29B149573DDC0677536A2458CA868085]}
01-09 22:55:19.313 15538 15538 D ViewRootImpl@e972267[GameActivity]: MSG_RESIZED: ci=Rect(0, 0 - 0, 0) vi=Rect(0, 0 - 0, 0) or=1
01-09 22:55:19.313 14150 14150 D [WeatherWidget(15061)]  : {[236FFFA4FE6D378EDABD8749C406D4B6704CAD26277FEC44C7E31C0D1A0DCCA7B2EEFD5C2A539946454EEEABA00B149BD184FB3A0A14BDC44C5FB2E09811FB16]}
01-09 22:55:19.313 14150 14150 D [WeatherWidget(15061)]  DB L1: {[AAC4384C35CA6909274880C63FD2B8C5C23F90F1E4FCAD3137C9B25E5485CF6C3F8CD26EBF8CDEF7D7B3FC7626A1EF566444B51613E84EE9E03D8FB61CEF9E0D135D5A754865EF2A2C8C1CDA8A1528BBCB232A1B35D779617CC9FD23485FAAE2]}
01-09 22:55:19.314 14150 14150 D [WeatherWidget(15061)]  DB L1: {[AAC4384C35CA6909274880C63FD2B8C5C23F90F1E4FCAD3137C9B25E5485CF6C2E1DD94499A26E2EB47E06FD4E47B685FCACCD016AC2B39C7B8EE655F683C5892D4F8FA3C2224A56DCD463ECD1B28FADCC6085C5C83E0F98328C812A2368E338]}
01-09 22:55:19.315 14150 14150 D [WeatherWidget(15061)]  DB L1: {[AAC4384C35CA6909274880C63FD2B8C5C23F90F1E4FCAD3137C9B25E5485CF6C4F4B34808AA035D0788FEDF2608D4266B620D093210814469790E975D51A147E5254A0407E169960A26E5923AF475D0FB88BB57DE97FCAD6B308811B14E72CCC]}
01-09 22:55:19.315 14150 14150 D [WeatherWidget(15061)]  : {[236FFFA4FE6D378EDABD8749C406D4B69D0A9D225945D25F48121A1CC6C01DF094D19169E13D0E4C03FECB9D2A3D56296184E5B0DBE0A6A584694FB7EA9944819019E9D8587F544DCFD32C3C8EFF96F96F96BE4E551D4F1BBE5AFFBDF624C7D1]}
01-09 22:55:19.316 14150 14150 E [WeatherWidget(15061)]  : {[2199EA5540A978CF17D17C413568550AD4BAB8F3CC7B6E7B1F57271E9DB2E3B4EFB2331D03CB1080D541ED3A459C40D58B8BE1E09C9D17723ECF142F3ABDB479]}
01-09 22:55:19.317  3757  2859 I TZ_init: : TZ_init: successful initialization
01-09 22:55:19.317  3757  2859 I TLC_TZ_KEYSTORE: fips_self_test: : TZ_KEYSTORE_fips_self_test_START...
01-09 22:55:19.319  4616  4616 D ViewRootImpl@151652b[StatusBar]: Relayout returned: oldFrame=[0,0][1080,1920] newFrame=[0,0][1080,63] result=0x21 surface={isValid=true 516923179520} surfaceGenerationChanged=false
01-09 22:55:19.321  3757  2859 I TLC_TZ_KEYSTORE: fips_self_test: : TZ_KEYSTORE_fips_self_test_END...
01-09 22:55:19.321  3757  2859 E TLC_TZ_KEYSTORE: : Self Test Succeded
01-09 22:55:19.321  3757  2859 I TZ: mc_tlc_communication: tlc_close() was called
01-09 22:55:19.321  3757  2859 I TZ: mc_tlc_communication: Closing the session
01-09 22:55:19.325 14150 14150 D [WeatherWidget(15061)]  : {[5FC4320581A8AC15DE22E16C221041549B89670F554876AFA717848BCC794F0D040BEE6CAB134A6403B8351E1EC12C68BF82D6D5402EAB08580328B38303C581350D44B7CCA5FF8EAEACDC910C9DDD4E]}
01-09 22:55:19.326 14150 14150 D [WeatherWidget(15061)]  DB L2: {[610591C4E30FED4A153FF198DAC84EFE91ED32EFEA7D734C6C9656FF251B8ABD1F6CEB0D3CE7525A72979BB41971408F]}
01-09 22:55:19.326 14150 14150 D [WeatherWidget(15061)]  DB L1: {[AAC4384C35CA6909274880C63FD2B8C5C23F90F1E4FCAD3137C9B25E5485CF6C0FCEEE65C28FEC30531CCCC99278A395B2D39CC565C84C4CA48BAEDDA4D0340332F7A4A10311BAF7A17E1F8E6AF398228A0ED2DC58846BADDA8FABC379D714F5]}
01-09 22:55:19.327 14150 14150 D [WeatherWidget(15061)]  DB L1: {[AAC4384C35CA6909274880C63FD2B8C5C23F90F1E4FCAD3137C9B25E5485CF6CFC46529DE40D74FBD2125836B273F9C5DA8415093E03569F3252B1DC015A6A3123AA3BBF183B402E0CFC2ECB5ED5DDD35F1F980D0AAA51AEF0AABD33F8E3626B]}
01-09 22:55:19.330 14150 14150 D [WeatherWidget(15061)]  DB L1: {[AAC4384C35CA6909274880C63FD2B8C5C23F90F1E4FCAD3137C9B25E5485CF6CDAA6BC0322D3B0726BAD9FE8277013C12C6F51C404AADA41BAE7FAAA659C1F80B6F75B6036CC47A9D3F5E73DA9A1C847B1C9B120D68C96E949BB7E8AC8FE6773]}
01-09 22:55:19.331 14150 14150 D [WeatherWidget(15061)]  : {[236FFFA4FE6D378EDABD8749C406D4B6CB913B8A746B23D80C4BDF1D854D18D94B64F3924BC8A399202BEA461AEB2E3552CCDCEA960F905BC1C1EE983F7893EAC0252D3FE4332FAE86F0AF7F3CB4FB6332A12789D75D2730470F7540F2B08332]}
01-09 22:55:19.332 14150 14150 D [WeatherWidget(15061)]  DB L1: {[AAC4384C35CA6909274880C63FD2B8C5C23F90F1E4FCAD3137C9B25E5485CF6CDAB3E1B7E60FF8E8ABD991233B66506A327573B4441726B62C04DD9E69332A713D711E26DB40650E7CFE5406219284268B3FF887536DEE2C1D2AA2839E4CE97E]}
01-09 22:55:19.332  4616  4748 D mali_winsys: EGLint new_window_surface(egl_winsys_display*, void*, EGLSurface, EGLConfig, egl_winsys_surface**, egl_color_buffer_format*, EGLBoolean) returns 0x3000,  [1080x63]-format:1
01-09 22:55:19.332  4616  4616 D ViewRootImpl@151652b[StatusBar]: mHardwareRenderer.updateSurface() mSurface={isValid=true 516923179520}
01-09 22:55:19.333 14150 14150 D [WeatherWidget(15061)]  DB L1: {[AAC4384C35CA6909274880C63FD2B8C5C23F90F1E4FCAD3137C9B25E5485CF6CCDFC4E46E0669E1E7A3B1C28F99AB3B499FF64EC896685AFA5FC92DC0A8C5B7CA0376599CDE92C2BAC23045A145FFEFDEC4A30F87BA5CE1EEE131BC400CAD3E6]}
01-09 22:55:19.334  4616  4616 D KeyguardWallpaperController: onLayoutChange() v: com.android.systemui.statusbar.BackDropView{669de9 I.E...... ......ID 0,0-1080,63 #7f130417 app:id/backdrop}, bottom : 63, oldBottom : 1920
01-09 22:55:19.334  4616  4616 D KeyguardWallpaperController: mShowing=false, mOccluded=false, mFadingAway=false, match_parent=false
01-09 22:55:19.335 14150 14150 D [WeatherWidget(15061)]  : {[5FC4320581A8AC15DE22E16C22104154496EBE65220962430D2723814A1A91851013DA0B7487CD49538138C3F753EFD7]}
01-09 22:55:19.338  3757  2858 D CompatibilityInfo: mCompatibilityFlags - 0
01-09 22:55:19.338  3757  2858 D CompatibilityInfo: applicationDensity - 420
01-09 22:55:19.338  3757  2858 D CompatibilityInfo: applicationScale - 1.0
01-09 22:55:19.342  3757  2859 I TZ: mc_tlc_communication: Freeing message buffer
01-09 22:55:19.342  3757  2859 I TZ: mc_tlc_communication: Closing MobiCore device
01-09 22:55:19.342  3757  2859 I TZ: mc_tlc_communication: tlc_close() succeeded
01-09 22:55:19.343  3757  2859 E TLC_TZ_KEYSTORE: : Count : 1, Ret : 0
01-09 22:55:19.343  3757  2859 E         : TimaKeyStore: tima_check_tzdriver success : 0
01-09 22:55:19.343  3757  2859 I FipsTimaKeyStore: CCM is available on this device
01-09 22:55:19.347  4616  4616 V hong    : mid yDiff = 382
01-09 22:55:19.347  4616  4616 V hong    : mid yDiff = 382
01-09 22:55:19.355  3268  5563 D bauth_FPBAuthService: pcf : 0x1011
01-09 22:55:19.355  3757  5063 D CompatibilityInfo: mCompatibilityFlags - 0
01-09 22:55:19.356  3757  5063 D CompatibilityInfo: applicationDensity - 420
01-09 22:55:19.356  3757  5063 D CompatibilityInfo: applicationScale - 1.0
01-09 22:55:19.356  3268  5563 I TLC_BAUTH: Call FP cmd 0xc (30);1557
01-09 22:55:19.357  3268  5563 I tlc_communication: Send Trustlet TCI Message;214
01-09 22:55:19.357  3268  5563 I tlc_communication: mcNotify is completed;224
01-09 22:55:19.359  3757  2859 I FipsTimaKeyStore: CCM is enabled for this user
01-09 22:55:19.359  3757  2859 I FipsTimaKeyStore: in getPkcs11KeyStoreInstance
01-09 22:55:19.361  3757  2859 W FipsTimaKeyStore: getSlotIdForCaller returned : 0
01-09 22:55:19.366  3757  2859 D OpenSSLHelper_Pkcs11: OpenSSLEngineHelper- constructor
01-09 22:55:19.366  3757  2859 D OpenSSLHelper_Pkcs11: register_engine function
01-09 22:55:19.366  3757  2859 D [OPENSSL HELPER NATIVE secpkcs11]: registerSSLEngineKeychain registerSSLEngineKeychain is called...
01-09 22:55:19.366  3757  2859 D [SECPKCS11 ENGINE]: a matching Secpkcs11Engine was already initialized: slotId = 0
01-09 22:55:19.366  3757  2859 E OpenSSLHelper_Pkcs11: register_engine success
01-09 22:55:19.366  3757  2859 I FipsTimaKeyStore: successfully added pkcs11 provider to the provider list
01-09 22:55:19.366  3757  2859 D TimaService: TIMA3: FipsKeyStore3_exist
01-09 22:55:19.366  3757  2859 D TimaService: TIMA: in getTimaVersion
01-09 22:55:19.366  3757  2859 D TimaService: TIMA: in getTimaStatus
01-09 22:55:19.366  3757  2859 D TimaService: TIMA: in getTimaStatus
01-09 22:55:19.366  3757  2859 I         : TimaKeyStore: tima_KeyStore3_exist_JNI
01-09 22:55:19.366  3757  2859 I         : TimaKeyStore: callingUid is 1000
01-09 22:55:19.366  3757  2859 E TLC_TZ_KEYSTORE: : Inside TZ_KEYSTORE_encrypt_filename()
01-09 22:55:19.366  3757  2859 I TLC_TZ_KEYSTORE: : creating new keystore context...
01-09 22:55:19.366  3757  2859 I TLC_TZ_KEYSTORE: : initializing ccm context...
01-09 22:55:19.366  3757  2859 I TLC_TZ_KEYSTORE: : root = 0, root_strlen = 1
01-09 22:55:19.366  3757  2859 I TLC_TZ_KEYSTORE: : process = ffffffff000000000000000000000013, process_strlen = 32
01-09 22:55:19.366  3757  2859 I TZ: mc_tlc_communication: input max_sendmsg_size = 1080
01-09 22:55:19.366  3757  2859 I TZ: mc_tlc_communication: input max_recvmsg_size = 1080
01-09 22:55:19.366  3757  2859 I TZ: mc_tlc_communication: root = 0, root_len = 1
01-09 22:55:19.366  3757  2859 I TZ: mc_tlc_communication: process = ffffffff000000000000000000000013, process_strlen = 32
01-09 22:55:19.366  3757  2859 I TZ: mc_tlc_communication: aligned max_sendmsg_size = 1088
01-09 22:55:19.366  3757  2859 I TZ: mc_tlc_communication: aligned max_recvmsg_size = 1088
01-09 22:55:19.366  3757  2859 I TZ: mc_tlc_communication: device_id = 0x0
01-09 22:55:19.366  3757  2859 I TZ: mc_tlc_communication: tlc_open() was called
01-09 22:55:19.366  3757  2859 I TZ: mc_tlc_communication: Opening MobiCore device
01-09 22:55:19.366  3757  2859 I TZ: mc_tlc_communication: Allocating message buffer for TCI
01-09 22:55:19.366  3757  2859 I TZ: mc_tlc_communication: Opening the session
01-09 22:55:19.371  3757  7206 D CompatibilityInfo: mCompatibilityFlags - 0
01-09 22:55:19.371  3757  7206 D CompatibilityInfo: applicationDensity - 420
01-09 22:55:19.371  3757  7206 D CompatibilityInfo: applicationScale - 1.0
01-09 22:55:19.380  3757 32084 D CompatibilityInfo: mCompatibilityFlags - 0
01-09 22:55:19.380  3757 32084 D CompatibilityInfo: applicationDensity - 420
01-09 22:55:19.380  3757 32084 D CompatibilityInfo: applicationScale - 1.0
01-09 22:55:19.384  3268  5563 I tlc_communication: mcWaitNotification is completed;237
01-09 22:55:19.385  3268  5563 I TLC_BAUTH: Check the Trustlet return code is completed;1665
01-09 22:55:19.385  3268  5563 D bauth_FPBAuthService: check_opcode status = 5, opcode = 0, func_ret_val = 0, function_status = 0, timeout = 0
01-09 22:55:19.385  3268  5563 I TLC_BAUTH: Call FUNC ID 0x4;693
01-09 22:55:19.387  3757  5901 D CompatibilityInfo: mCompatibilityFlags - 0
01-09 22:55:19.387  3757  5901 D CompatibilityInfo: applicationDensity - 420
01-09 22:55:19.387  3757  5901 D CompatibilityInfo: applicationScale - 1.0
01-09 22:55:19.394  3757 29842 D CompatibilityInfo: mCompatibilityFlags - 0
01-09 22:55:19.394  3757 29842 D CompatibilityInfo: applicationDensity - 420
01-09 22:55:19.394  3757 29842 D CompatibilityInfo: applicationScale - 1.0
01-09 22:55:19.405  3757  2859 I TZ: mc_tlc_communication: tlc_open() succeeded
01-09 22:55:19.405  3757  2859 I TLC_TZ_KEYSTORE: : ctx = 0x783a270f20, comm = 0x783a270e00, sendmsg = 0x7837fba000, recvmsg = 0x7837fba440
01-09 22:55:19.405  3757  2859 I TLC_TZ_COMMON: get_filename: : TZ_COMMON: Get_filename - allow_hashing: 0
01-09 22:55:19.405  3757  2859 I TLC_TZ_COMMON: get_filename: : TZ GetFN : priv_data.in_filename: 1000_KS_SKEY_PersonaPwdResetToken0, len: 34
01-09 22:55:19.405  3757  2859 I TLC_TZ_COMMON: get_filename: : TZ CCM : priv_data.in_fn_len: 34
01-09 22:55:19.405  3757  2859 I TLC_TZ_COMMON: get_filename: : TZ GetFN : Starting
01-09 22:55:19.407  3757  4482 D PackageManager: setEnabledSetting : userId = 0 packageName = com.android.settings cmp = com.samsung.android.settings.qstile.PersonalModeTile newState = 1 callingPackage = 1000
01-09 22:55:19.413  3268  5563 I tlc_communication: tlc_close() called;149
01-09 22:55:19.413  3268  5563 I tlc_communication: Closing the session;153
01-09 22:55:19.421  3757 29840 D CompatibilityInfo: mCompatibilityFlags - 0
01-09 22:55:19.421  3757 29840 D CompatibilityInfo: applicationDensity - 420
01-09 22:55:19.421  3757 29840 D CompatibilityInfo: applicationScale - 1.0
01-09 22:55:19.426  3757  7204 D SamsungAlarmManager: setInexact Intent (T:3/F:0/AC:false) 20190109T225534 - CU:10014/CP:7370
01-09 22:55:19.426  3757  7204 I SamsungAlarmManager: setLocked to kernel - T:2 / 20190109T225534, SetElapsed=293166417, nowELAPSED=293151435
01-09 22:55:19.439  3757 31269 W BroadcastQueue: Permission Denial: broadcasting Intent { act=android.intent.action.USER_PRESENT flg=0x24000010 launchParam=MultiScreenLaunchParams { mDisplayId=0 mFlags=0 } } from com.android.systemui (pid=4616, uid=10055) is not exported from uid 10142 due to receiver com.telecomsys.directedsms.android.SCG/.UserPresentReceiver
01-09 22:55:19.447  3757  3774 D CompatibilityInfo: mCompatibilityFlags - 0
01-09 22:55:19.447  3757  3774 D CompatibilityInfo: applicationDensity - 420
01-09 22:55:19.447  3757  3774 D CompatibilityInfo: applicationScale - 1.0
01-09 22:55:19.463  3268  5563 I tlc_communication: Free WSM;171
01-09 22:55:19.463  3268  5563 I tlc_communication: Closing MobiCore device;189
01-09 22:55:19.465  3757  2859 I TLC_TZ_COMMON: get_filename: : TZ GetFN : enc filename: 5CF8B0DBD8AB339AFE36575F7DE1A5881144C61E21FA5EC7B0CC0D466C592214EE1DC4C33206AD7D985A1765D9F169D45DC50C534953DDD76CB81EA7E38BA310
01-09 22:55:19.466  3757  2859 I TZ: mc_tlc_communication: tlc_close() was called
01-09 22:55:19.466  3757  2859 I TZ: mc_tlc_communication: Closing the session
01-09 22:55:19.483  3268  5563 I tlc_communication: tlc_close() successed;202
01-09 22:55:19.483  3268  5563 I TLC_BAUTH: FUNC ID 0x4 is completed;823
01-09 22:55:19.483  3268  5563 D bauth_FPBAuthSensorControl: FPBAuthSensorControl, 304
01-09 22:55:19.483  3268  5563 D bauth_FPBAuthService: FPBAuthService, 681
01-09 22:55:19.483  3268  5563 D bauth_FPBAuthService: FPBAuthService, 7470
01-09 22:55:19.483  3268  5563 D bauth_service: BAuthService, 85
01-09 22:55:19.483  3268  5563 D bauth_FPBAuthService: FPBAuthService, 7265
01-09 22:55:19.485  3757  2859 I TZ: mc_tlc_communication: Freeing message buffer
01-09 22:55:19.485  3757  2859 I TZ: mc_tlc_communication: Closing MobiCore device
01-09 22:55:19.485  3757  2859 I TZ: mc_tlc_communication: tlc_close() succeeded
01-09 22:55:19.485  3757  2859 E TLC_TZ_KEYSTORE: : Count : 1, Ret : 0
01-09 22:55:19.485  3757  2859 I         : TimaKeyStore: encryptFilename : filename is: 5CF8B0DBD8AB339AFE36575F7DE1A5881144C61E21FA5EC7B0CC0D466C592214EE1DC4C33206AD7D985A1765D9F169D45DC50C534953DDD76CB81EA7E38BA310
01-09 22:55:19.485  3757  2859 I         : TimaKeyStore: /data/misc/fips_tima_keystore/user_0/5CF8B0DBD8AB339AFE36575F7DE1A5881144C61E21FA5EC7B0CC0D466C592214EE1DC4C33206AD7D985A1765D9F169D45DC50C534953DDD76CB81EA7E38BA310 exists
01-09 22:55:19.485  3757  2859 D TimaService: TIMA3: FipsKeyStore3_exist
01-09 22:55:19.485  3757  2859 D TimaService: TIMA: in getTimaVersion
01-09 22:55:19.485  3757  2859 D TimaService: TIMA: in getTimaStatus
01-09 22:55:19.485  3757  2859 D TimaService: TIMA: in getTimaStatus
01-09 22:55:19.485  3757  2859 I         : TimaKeyStore: tima_KeyStore3_exist_JNI
01-09 22:55:19.485  3757  2859 I         : TimaKeyStore: callingUid is 1000
01-09 22:55:19.485  3757  2859 E TLC_TZ_KEYSTORE: : Inside TZ_KEYSTORE_encrypt_filename()
01-09 22:55:19.485  3757  2859 I TLC_TZ_KEYSTORE: : creating new keystore context...
01-09 22:55:19.485  3757  2859 I TLC_TZ_KEYSTORE: : initializing ccm context...
01-09 22:55:19.485  3757  2859 I TLC_TZ_KEYSTORE: : root = 0, root_strlen = 1
01-09 22:55:19.485  3757  2859 I TLC_TZ_KEYSTORE: : process = ffffffff000000000000000000000013, process_strlen = 32
01-09 22:55:19.485  3757  2859 I TZ: mc_tlc_communication: input max_sendmsg_size = 1080
01-09 22:55:19.485  3757  2859 I TZ: mc_tlc_communication: input max_recvmsg_size = 1080
01-09 22:55:19.485  3757  2859 I TZ: mc_tlc_communication: root = 0, root_len = 1
01-09 22:55:19.485  3757  2859 I TZ: mc_tlc_communication: process = ffffffff000000000000000000000013, process_strlen = 32
01-09 22:55:19.485  3757  2859 I TZ: mc_tlc_communication: aligned max_sendmsg_size = 1088
01-09 22:55:19.485  3757  2859 I TZ: mc_tlc_communication: aligned max_recvmsg_size = 1088
01-09 22:55:19.485  3757  2859 I TZ: mc_tlc_communication: device_id = 0x0
01-09 22:55:19.485  3757  2859 I TZ: mc_tlc_communication: tlc_open() was called
01-09 22:55:19.485  3757  2859 I TZ: mc_tlc_communication: Opening MobiCore device
01-09 22:55:19.485  3757  2859 I TZ: mc_tlc_communication: Allocating message buffer for TCI
01-09 22:55:19.486  3757  2859 I TZ: mc_tlc_communication: Opening the session
01-09 22:55:19.499  3757 10496 D ConnectivityService: filterNetworkStateForUid() uid: 10227 networkInfo: [type: WIFI[] - WIFI, state: CONNECTED/CONNECTED, reason: (unspecified), extra: "wilkinson2.4", failover: false, available: true, roaming: false, metered: false]
01-09 22:55:19.504  3757  2859 I TZ: mc_tlc_communication: tlc_open() succeeded
01-09 22:55:19.504  3757  2859 I TLC_TZ_KEYSTORE: : ctx = 0x783a270f20, comm = 0x783a270e00, sendmsg = 0x7837fba000, recvmsg = 0x7837fba440
01-09 22:55:19.504  3757  2859 I TLC_TZ_COMMON: get_filename: : TZ_COMMON: Get_filename - allow_hashing: 0
01-09 22:55:19.504  3757  2859 I TLC_TZ_COMMON: get_filename: : TZ GetFN : priv_data.in_filename: 1000_KS_SKEY_PersonaPwdResetToken0, len: 34
01-09 22:55:19.504  3757  2859 I TLC_TZ_COMMON: get_filename: : TZ CCM : priv_data.in_fn_len: 34
01-09 22:55:19.504  3757  2859 I TLC_TZ_COMMON: get_filename: : TZ GetFN : Starting
01-09 22:55:19.510  3757 32083 D CompatibilityInfo: mCompatibilityFlags - 0
01-09 22:55:19.511  3757 32083 D CompatibilityInfo: applicationDensity - 420
01-09 22:55:19.511  3757 32083 D CompatibilityInfo: applicationScale - 1.0
01-09 22:55:19.511  3757  2859 I TLC_TZ_COMMON: get_filename: : TZ GetFN : enc filename: 5CF8B0DBD8AB339AFE36575F7DE1A5881144C61E21FA5EC7B0CC0D466C592214EE1DC4C33206AD7D985A1765D9F169D45DC50C534953DDD76CB81EA7E38BA310
01-09 22:55:19.511  3757  2859 I TZ: mc_tlc_communication: tlc_close() was called
01-09 22:55:19.511  3757  2859 I TZ: mc_tlc_communication: Closing the session
01-09 22:55:19.522 14150 14150 D [WeatherWidget(15061)]  WeatherAppWidget: {[9C41A2EAFAAB2EF4F8363256C22FE8ADE74F100B9CC487BE27E8F8A137E76802E102F9D59FA0FE5D5C25C7A69BD618C8ACB881EE1D34AC3AD9E67ABCB35FA610D7751E5CD3FC2FDCA4C6CD409ADEB30EDB0744D693E61D0F90FBC87B128C5B617324AD63F75C1F88EE32DA805155814E]}
01-09 22:55:19.524 14150 14150 D [WeatherWidget(15061)]  : {[4C0512EFA0AB4990F6AA1DF592AD92A7F0B9EF71550DD16C356391DD9598536C]}
01-09 22:55:19.525 14150 14150 D [WeatherWidget(15061)]  : {[60F9DFBE0DDF665D78B93B355C69FD168E15DA7F897E321EF38F7087B836C8D362E8F9AB736278DF3AB5FF4C71B937EE9C8C49CAED42916BF2ABEA3846A15093DF33DAB90BD59B893C1173B89399B9E53CDEA37E7577FB94F551E876D6DC468E]}
01-09 22:55:19.526 14150 14150 D [WeatherWidget(15061)]  : {[9CE2F3DEF0EB8239E7173934CC09B9E757DE44ACE5366257F344D287889F9E96A68C3BA64025C2DF7A292A27442586FD2FADD4B451F44E8E4B69E4036140806354B17B45A601739A14F58872325CD31E779504AA6B5C39B3B30927A8C862BBB1D636C3125B84C074A01D13FDACF35281FD58FFB49BBF8157F2A4609E333381DC3671C924C6AF34AF0AA1D30FDC170853A91D2B2D6DE91B1E9D71BEF10599803CDD5899C8E5E85B45BE1BD6A72FC114A4A2374A31FEFE78E7BDD7186AB43AA6D3E6AEE8B22557D27F97F2BA4A1ED49655A53C82A8C449ABC62227FAB3F4ED37BC570FDBD3098A7D98E7927572DC583EA0]}
01-09 22:55:19.527 14150 14150 D [WeatherWidget(15061)]  : {[92814B0137E99BC1A45799D2DF2DAFD83A90D0369E5261C256E9236009B90AF93102C9204285E779911B0A5260A23C245E74F3C56E9790760016E17A78A5351E620ABA6DD04E0BBC5BEB0BE5BCB996C15E4CCEB222DCD8ACBD64D148B8E63FF2863828B305279E9681EA47CB6EA2A991]}
01-09 22:55:19.527 14150 14150 D [WeatherWidget(15061)]  : {[AB2EA232D9D918C5DCF18761D4838C31104B8E91A5A763C5694710FFAD965B7D]}
01-09 22:55:19.528 14150 14150 D [WeatherWidget(15061)]  : {[15C09394A4E9AFE55A5C62F22AB3FC596F042F71D50D29517626203C1B5A081E1575B704CCD205238E47B82C2F87C3F6]}
01-09 22:55:19.528 14150 14150 D [WeatherWidget(15061)]  : {[59F4E8D154FA78031E153DE0D941ACE8947ECD727D686F7FF92D2F0FC224CC9A]}
01-09 22:55:19.529  3757  2859 I TZ: mc_tlc_communication: Freeing message buffer
01-09 22:55:19.529  3757  2859 I TZ: mc_tlc_communication: Closing MobiCore device
01-09 22:55:19.529  3757  2859 I TZ: mc_tlc_communication: tlc_close() succeeded
01-09 22:55:19.529  3757  2859 E TLC_TZ_KEYSTORE: : Count : 1, Ret : 0
01-09 22:55:19.529  3757  2859 I         : TimaKeyStore: encryptFilename : filename is: 5CF8B0DBD8AB339AFE36575F7DE1A5881144C61E21FA5EC7B0CC0D466C592214EE1DC4C33206AD7D985A1765D9F169D45DC50C534953DDD76CB81EA7E38BA310
01-09 22:55:19.529  3757  2859 I         : TimaKeyStore: /data/misc/fips_tima_keystore/user_0/5CF8B0DBD8AB339AFE36575F7DE1A5881144C61E21FA5EC7B0CC0D466C592214EE1DC4C33206AD7D985A1765D9F169D45DC50C534953DDD76CB81EA7E38BA310 exists
01-09 22:55:19.529 14150 14150 D [WeatherWidget(15061)]  : {[92814B0137E99BC1A45799D2DF2DAFD83A90D0369E5261C256E9236009B90AF93102C9204285E779911B0A5260A23C245E74F3C56E9790760016E17A78A5351E620ABA6DD04E0BBC5BEB0BE5BCB996C15E4CCEB222DCD8ACBD64D148B8E63FF2863828B305279E9681EA47CB6EA2A991]}
01-09 22:55:19.530 14150 14150 D [WeatherWidget(15061)]  DB L1: {[AAC4384C35CA6909274880C63FD2B8C5C23F90F1E4FCAD3137C9B25E5485CF6C756788176666E3817212558554D18279EFA4D4816D5B89CD511B1F9D32024AFB9B62B9B49771699AB96527FA605A96C7428808EB8DC30EF1292032A514362B49]}
01-09 22:55:19.530  3757  2859 D FipsTimaKeyStore: isAliasAcessPermitted - getSlotIdForCaller returned : -1
01-09 22:55:19.530  3757  2859 D TimaService: TIMA3: FipsKeyStore3_exist
01-09 22:55:19.530  3757  2859 D TimaService: TIMA: in getTimaVersion
01-09 22:55:19.530  3757  2859 D TimaService: TIMA: in getTimaStatus
01-09 22:55:19.530  3757  2859 D TimaService: TIMA: in getTimaStatus
01-09 22:55:19.530  3757  2859 I         : TimaKeyStore: tima_KeyStore3_exist_JNI
01-09 22:55:19.530  3757  2859 I         : TimaKeyStore: callingUid is 1000
01-09 22:55:19.530  3757  2859 E TLC_TZ_KEYSTORE: : Inside TZ_KEYSTORE_encrypt_filename()
01-09 22:55:19.530  3757  2859 I TLC_TZ_KEYSTORE: : creating new keystore context...
01-09 22:55:19.530  3757  2859 I TLC_TZ_KEYSTORE: : initializing ccm context...
01-09 22:55:19.530  3757  2859 I TLC_TZ_KEYSTORE: : root = 0, root_strlen = 1
01-09 22:55:19.530  3757  2859 I TLC_TZ_KEYSTORE: : process = ffffffff000000000000000000000013, process_strlen = 32
01-09 22:55:19.530  3757  2859 I TZ: mc_tlc_communication: input max_sendmsg_size = 1080
01-09 22:55:19.530  3757  2859 I TZ: mc_tlc_communication: input max_recvmsg_size = 1080
01-09 22:55:19.530  3757  2859 I TZ: mc_tlc_communication: root = 0, root_len = 1
01-09 22:55:19.530  3757  2859 I TZ: mc_tlc_communication: process = ffffffff000000000000000000000013, process_strlen = 32
01-09 22:55:19.530  3757  2859 I TZ: mc_tlc_communication: aligned max_sendmsg_size = 1088
01-09 22:55:19.530  3757  2859 I TZ: mc_tlc_communication: aligned max_recvmsg_size = 1088
01-09 22:55:19.530  3757  2859 I TZ: mc_tlc_communication: device_id = 0x0
01-09 22:55:19.530  3757  2859 I TZ: mc_tlc_communication: tlc_open() was called
01-09 22:55:19.530  3757  2859 I TZ: mc_tlc_communication: Opening MobiCore device
01-09 22:55:19.530  3757  2859 I TZ: mc_tlc_communication: Allocating message buffer for TCI
01-09 22:55:19.531  3757  2859 I TZ: mc_tlc_communication: Opening the session
01-09 22:55:19.532 14150 14150 D [WeatherWidget(15061)]  DB L1: {[AAC4384C35CA6909274880C63FD2B8C580A03B62F9CBF03726AF4E04F09763BC70639A87623C9644CC91C564DF61D5FFD6A564F345AEDD2FC637EFA1D0890DFA]}
01-09 22:55:19.532 14150 14150 D [WeatherWidget(15061)]  DB L2: {[610591C4E30FED4A153FF198DAC84EFE2DCA64F7D3931DC9B2BF4F09069D18B2BEB4D87F566242A241E7FAF106B141FFBCA6424F620C608EB00C9A211EAB6C89]}
01-09 22:55:19.533 14150 14150 D [WeatherWidget(15061)]  : {[5996EF099FC0F34ED8933B9995473FDED202967BF4BAF497ED98BD1013E2EEAF9BBE67BFF187987F2BABB50CE278C770]}
01-09 22:55:19.533 14150 14150 D [WeatherWidget(15061)]  : {[BD1693628C029252CA095FEF8F76FB8C539598E2A2EC5ABD453EC4CE5E63D453DBF6198B31C9A83BA74935A3A5928488]}
01-09 22:55:19.533 14150 14150 D [WeatherWidget(15061)]  DB L2: {[610591C4E30FED4A153FF198DAC84EFEE3319B0D622FD4A19809E90ED3C1398368D658B139FCCB8B9564F5B4E9CB634E8FC67C678E1FD7767BBA36EAD0E6C0FD]}
01-09 22:55:19.534 14150 14150 D [WeatherWidget(15061)]  : {[E9BDC1AC9F9B078A92B3F309630276C89F9B6E52C087A495B97355481F2FDE5B58A757A09967AB7BD9E1187CEA5BB356FACBD4A552A7402C88647F970C513A69]}
01-09 22:55:19.534 14150 14150 D [WeatherWidget(15061)]  : {[D8993B48F5FD9B7A71D8615D2329D19831F0A74A0A012330746D4C85901923EC69EB218C1E2A8BAB5D68704D277342DC]}
01-09 22:55:19.535 14150 14150 D [WeatherWidget(15061)]  : {[9C1073CE82D9D334C812CB80328F71A308EED20030F641D17F48B30F1B500A82]}
01-09 22:55:19.535 14150 14150 D [WeatherWidget(15061)]  : {[1FCD247B1B468B541089CDB282555A1CAFBBAA4A6237F21D24FDB8D4BBA99CFA5621CC8348493446A06E82586171CC94]}
01-09 22:55:19.536 14150 14150 D [WeatherWidget(15061)]  : {[490D55564B5675E444E8C95C5EC590FE6B85D26C8567267E8F65BA76FB680B1EC9424358B64A64B59C59E0777C5E6D35]}
01-09 22:55:19.536 14150 14150 D [WeatherWidget(15061)]  : {[CD3A5B2C74BC1DAD147333218241B1E2BCFE655EBA7042BEC194CB74F5CE4851167F282537419E8C5B10F57730E27337]}
01-09 22:55:19.537 14150 14150 D [WeatherWidget(15061)]  DB L2: {[610591C4E30FED4A153FF198DAC84EFEE3319B0D622FD4A19809E90ED3C1398368D658B139FCCB8B9564F5B4E9CB634EAEB5D3DD5DDD4E73700B72505132108E]}
01-09 22:55:19.537 14150 14150 D [WeatherWidget(15061)]  : {[E9BDC1AC9F9B078A92B3F309630276C89F9B6E52C087A495B97355481F2FDE5B58A757A09967AB7BD9E1187CEA5BB356FACBD4A552A7402C88647F970C513A69]}
01-09 22:55:19.537 14150 14150 D [WeatherWidget(15061)]  DB L2: {[610591C4E30FED4A153FF198DAC84EFE259FA03515F619060291D19B9A2E73CB46DA064369D1073FED4BA9669B425DCAE5EFFAC0D85E9AB7267A75861B56A6A7]}
01-09 22:55:19.538 14150 14150 D [WeatherWidget(15061)]  DB L2: {[610591C4E30FED4A153FF198DAC84EFE1A65FB0EE8B7C5763A9CB231BC13495C3914C78DEB3E3844BDB3328DEE027C3FD1B4F94DDC0573F76103AF67185333D1]}
01-09 22:55:19.539 14150 14150 D [WeatherWidget(15061)]  : {[DFD94D30EABD30B99C8E6B65B7E5E9E8C1CC814BB8E01A1E672D69F2337595306D821D52B117BFB2B7725BA186A553C2]}
01-09 22:55:19.540 14150 14150 D [WeatherWidget(15061)]  DB L2: {[610591C4E30FED4A153FF198DAC84EFE34105AC04224A27A6EA4D87EAF16DF76B52CD5EF9AE8CDBACF25F24E6EA3A49DCF9E2D6253370B2B9CAA151DBCA9CBE0]}
01-09 22:55:19.540 14150 14150 D [WeatherWidget(15061)]  : {[0E8A41EEBD23A8CDC74AF20A1577A23791B87F716BC65ACCEAEEE7E1F1D9E8F70CF8D16B6F652A06E336413549345898]}
01-09 22:55:19.541 14150 14150 D [WeatherWidget(15061)]  DB L2: {[610591C4E30FED4A153FF198DAC84EFEE3319B0D622FD4A19809E90ED3C1398368D658B139FCCB8B9564F5B4E9CB634E57E6837D48B7D92A7174B6A8963A8185]}
01-09 22:55:19.541 14150 14150 D [WeatherWidget(15061)]  : {[E9BDC1AC9F9B078A92B3F309630276C89F9B6E52C087A495B97355481F2FDE5B58A757A09967AB7BD9E1187CEA5BB356FACBD4A552A7402C88647F970C513A69]}
