01-18 20:40:40.879  3757  7205 D SamsungAlarmManager: setInexact Intent (T:0/F:0/AC:false) 20190119T155454 - CU:10032/CP:18715
01-18 20:40:40.887  3757  3770 D CompatibilityInfo: mCompatibilityFlags - 0
01-18 20:40:40.887  3757  3770 D CompatibilityInfo: applicationDensity - 420
01-18 20:40:40.887  3757  3770 D CompatibilityInfo: applicationScale - 1.0
01-18 20:40:40.898  3757  3770 I ActivityManager: Killing 18884:com.samsung.android.app.mirrorlink/1000 (adj 906): DHA:empty #31
01-18 20:40:40.909  3757 29842 D CompatibilityInfo: mCompatibilityFlags - 0
01-18 20:40:40.910  3757 29842 D CompatibilityInfo: applicationDensity - 420
01-18 20:40:40.910  3757 29842 D CompatibilityInfo: applicationScale - 1.0
01-18 20:40:40.913 18698 18709 D BadgeProvider: query, [selection] : package=?
01-18 20:40:40.915  4374  4374 D [WeatherWidget(15061)]  WeatherAppWidget: {[9C41A2EAFAAB2EF4F8363256C22FE8AD77C418E007EEAF217F7124782512510D3DC121FCB77306FE7127BA74F1B0B2263162F8175D3AB80C01DCB061E048404284B6ED6EF7460983E12AF5C7E8EB668D]}
01-18 20:40:40.917  4374  4374 D [WeatherWidget(15061)]  : {[4C0512EFA0AB4990F6AA1DF592AD92A7F0B9EF71550DD16C356391DD9598536C]}
01-18 20:40:40.918  4374  4374 D [WeatherWidget(15061)]  : {[60F9DFBE0DDF665D78B93B355C69FD160E06EEF8FC2A52BF92B4CAF1C2E98DFA65FD10C58785C8D8AF79E0DB61875E922F9D5A11F46A3D587BF92AE2A2A64824]}
01-18 20:40:40.919  3757  7204 D ActivityManager: cleanUpApplicationRecord -- 18884
01-18 20:40:40.920  6011 20825 D ForegroundUtils: could not check pending caller
01-18 20:40:40.923 19549 19583 D Mms/MessagingNotificationLight: checkBadgeCount unreadCount=14 badgeCount=0
01-18 20:40:40.924 19549 19583 D Mms/MessagingNotification: [start]    nonBlockingUpdateMessageIndicator() consume time = 91.351583
01-18 20:40:40.928  3757  5902 D CompatibilityInfo: mCompatibilityFlags - 0
01-18 20:40:40.928  3757  5902 D CompatibilityInfo: applicationDensity - 420
01-18 20:40:40.928  3757  5902 D CompatibilityInfo: applicationScale - 1.0
01-18 20:40:40.929 19549 19606 D Mms/MessagingNotification: sDisableVibrateForCamera = false
01-18 20:40:40.929 19549 19606 D Mms/TelephonyPermission: mUserId = 0
01-18 20:40:40.930 19549 19606 D Mms/TelephonyPermission: isDefault false
01-18 20:40:40.930  4374  4374 D [WeatherWidget(15061)]  WeatherAppWidget2x1: {[9C41A2EAFAAB2EF4F8363256C22FE8AD24D3616384EBEB10D68DCF98DD19E13C2ED62FCF5A5ABC8C98548E280619092A4B69730C683EBFAD6328BC4136EED9EFAF52EB79C1262872A6080D1C60DCB58B]}
01-18 20:40:40.937  4374  4374 D [WeatherWidget(15061)]  : {[907D161D855C099E8A312E5C2BBE6025535DBBB5BBD827FC6E63D75F709CFBF954AE0885C52E41F05277D5DF3BE7D89405855AAA9A62A3E6274E1ABA76517016]}
01-18 20:40:40.939  4374  4374 D [WeatherWidget(15061)]  WeatherAppWidget2x1: {[9C41A2EAFAAB2EF4F8363256C22FE8AD176C2E70281622FE10C55CE4F020D91847EBF4B34973709DA9F468F8024D59099B1123845E09A0FAC59473FA9ED60953]}
01-18 20:40:40.946  3757  4473 D CompatibilityInfo: mCompatibilityFlags - 0
01-18 20:40:40.946  3757  4473 D CompatibilityInfo: applicationDensity - 420
01-18 20:40:40.946  3757  4473 D CompatibilityInfo: applicationScale - 1.0
01-18 20:40:40.948  4374  4374 D [WeatherWidget(15061)]  EasyWeatherAppWidget: {[48948B2BE5213A6D5B0C9B7747497512CAC38177609B2B6F1F16DB965D7D434113F0C78E16FC0EE40A12DE22D3E2874C9DE4F9CF5EA1287E2F4D8082CDF20C605B7005227A4907194FA8A3A877B47282]}
01-18 20:40:40.953  5024 29626 D TP/SmsProvider: query,matched:26, calling pid = 19549
01-18 20:40:40.953  4374  4374 D [WeatherWidget(15061)]  : {[907D161D855C099E8A312E5C2BBE6025535DBBB5BBD827FC6E63D75F709CFBF954AE0885C52E41F05277D5DF3BE7D89405855AAA9A62A3E6274E1ABA76517016]}
01-18 20:40:40.955  4374  4374 D [WeatherWidget(15061)]  EasyWeatherAppWidget: {[48948B2BE5213A6D5B0C9B7747497512D7646A5A57C4B1820BB1D39DF9F23EA3D05ADA26DF3F5FEC4FA6AFC9EED5963485B3863BE45B906B9F93E60E1BD5AC1F]}
01-18 20:40:40.957  5024 29626 D TP/SmsProvider: query, match 26:Elapsed time : 4.384 ms
01-18 20:40:40.959  3757  5063 D MountService: getExternalStorageMountMode : 1
01-18 20:40:40.959  3757  5063 D MountService: getExternalStorageMountMode : 3
01-18 20:40:40.959  3757  5063 D MountService: getExternalStorageMountMode : final mountMode=1, uid : 1000, packageName : com.sec.knox.switcher
01-18 20:40:40.963  5024  6892 D TP/MmsSmsProvider: query, match:200, calling pid = 19549, accessRestricted = false
01-18 20:40:40.981 19608 19608 E Zygote  : v2
01-18 20:40:40.981 19608 19608 I libpersona: KNOX_SDCARD checking this for 1000
01-18 20:40:40.981 19608 19608 I libpersona: KNOX_SDCARD not a persona
01-18 20:40:40.982  3757  5063 I ActivityManager: Start proc 19608:com.sec.knox.switcher/1000 for broadcast com.sec.knox.switcher/.knoxusage.KnoxUsageReceiver
01-18 20:40:40.983 19608 19608 E Zygote  : accessInfo : 0
01-18 20:40:40.983 19608 19608 W SELinux : SELinux selinux_android_compute_policy_index : Policy Index[2],  Con:u:r:zygote:s0 RAM:SEPF_SECMOBILE_7.0_0009, [-1 -1 -1 -1 0 1]
01-18 20:40:40.985 19608 19608 I SELinux : SELinux: seapp_context_lookup: seinfo=platform, pkgname=com.sec.knox.switcher 
01-18 20:40:40.986  5024  6892 D TP/MmsSmsProvider: query, match 200:Elapsed time : 23.521 ms
01-18 20:40:41.024  3757  7216 D MountService: getExternalStorageMountMode : 3
01-18 20:40:41.025  3757  7216 D MountService: getExternalStorageMountMode : 3
01-18 20:40:41.025  3757  7216 D MountService: getExternalStorageMountMode : final mountMode=3, uid : 5002, packageName : com.samsung.android.communicationservice
01-18 20:40:41.028 19608 19608 D TimaKeyStoreProvider: TimaKeyStore is not enabled: cannot add TimaSignature Service and generateKeyPair Service
01-18 20:40:41.030  5024  5041 D TP/MmsSmsProvider: query, match:37, calling pid = 19549, accessRestricted = false
01-18 20:40:41.041  5024 29627 D TP/MmsProvider: query uri=content://mms/inbox, match=2, calling pid = 19549
01-18 20:40:41.050 19621 19621 E Zygote  : v2
01-18 20:40:41.050  3757  7216 I ActivityManager: Start proc 19621:com.samsung.android.communicationservice/5002 for service com.samsung.android.communicationservice/.ITransactionManagerService
01-18 20:40:41.050 19621 19621 I libpersona: KNOX_SDCARD checking this for 5002
01-18 20:40:41.050 19621 19621 I libpersona: KNOX_SDCARD not a persona
01-18 20:40:41.050  3757  4440 D CompatibilityInfo: mCompatibilityFlags - 0
01-18 20:40:41.050  3757  4440 D CompatibilityInfo: applicationDensity - 420
01-18 20:40:41.050  3757  4440 D CompatibilityInfo: applicationScale - 1.0
01-18 20:40:41.050  3757  4440 I ActivityManager: DSS on for com.sec.knox.switcher and scale is 1.0
01-18 20:40:41.051 19621 19621 E Zygote  : accessInfo : 0
01-18 20:40:41.052 19621 19621 W SELinux : SELinux selinux_android_compute_policy_index : Policy Index[2],  Con:u:r:zygote:s0 RAM:SEPF_SECMOBILE_7.0_0009, [-1 -1 -1 -1 0 1]
01-18 20:40:41.052  3757  4440 D CompatibilityInfo: mCompatibilityFlags - 0
01-18 20:40:41.052  3757  4440 D CompatibilityInfo: applicationDensity - 420
01-18 20:40:41.052  3757  4440 D CompatibilityInfo: applicationScale - 1.0
01-18 20:40:41.059 19621 19621 I SELinux : SELinux: seapp_context_lookup: seinfo=platform, level=s0:c512,c768, pkgname=com.samsung.android.communicationservice 
01-18 20:40:41.065  3757  4440 D CompatibilityInfo: mCompatibilityFlags - 0
01-18 20:40:41.065 19549 19583 D SamsungAnalytics:1.8.25: cf feature is supported
01-18 20:40:41.065  3757  4440 D CompatibilityInfo: applicationDensity - 420
01-18 20:40:41.065  3757  4440 D CompatibilityInfo: applicationScale - 1.0
01-18 20:40:41.067  5024 29627 D TP/MmsProvider: query uri=content://mms/inbox, match=2:Elapsed time : 26.296 ms
01-18 20:40:41.068  5024  5041 D TP/MmsSmsProvider: query, match 37:Elapsed time : 26.986 ms
01-18 20:40:41.072 19549 19583 D SamsungAnalytics:1.8.25: [Tracker] Tracker start:1.8.25
01-18 20:40:41.080 19608 19608 W System  : ClassLoader referenced unknown path: /system/app/KnoxSwitcher/lib/arm64
01-18 20:40:41.092  5024  6242 D TP/MmsSmsProvider: query, match:2105, calling pid = 19549, accessRestricted = false
01-18 20:40:41.093  5024  6242 V TP/MmsSmsProvider: getImConversations
01-18 20:40:41.097  5024 17681 D TP/MmsProvider: query uri=content://mms/907/addr, match=13, calling pid = 19549
01-18 20:40:41.101 19608 19608 D KnoxUsageDB: getInstance - KnoxUsageDBHelper
01-18 20:40:41.101 19608 19608 D KnoxUsageDB: null == mDbHelperInstance - KnoxUsageDBHelper
01-18 20:40:41.101 19621 19621 D TimaKeyStoreProvider: TimaKeyStore is not enabled: cannot add TimaSignature Service and generateKeyPair Service
01-18 20:40:41.101 19608 19608 D ShareFileProvider: ShareFileProvider | onCreate [0]
01-18 20:40:41.101 19608 19608 D ShareFileDBHelper: getInstance - ShareFileDBHelper
01-18 20:40:41.102 19608 19608 D ShareFileDBHelper: null == mDbHelperInstance - ShareFileDBHelper
01-18 20:40:41.102 19608 19608 D ShareFileDBHelper: ShareFileDBHelper - Constructor
01-18 20:40:41.104  5024  6242 D TP/MmsSmsProvider: query, match 2105:Elapsed time : 6.495 ms
01-18 20:40:41.104  5024 17681 D TP/MmsProvider: query uri=content://mms/907/addr, match=13:Elapsed time : 6.951 ms
01-18 20:40:41.105  3757  4482 D CompatibilityInfo: mCompatibilityFlags - 0
01-18 20:40:41.105  3757  4482 D CompatibilityInfo: applicationDensity - 420
01-18 20:40:41.105  3757  4482 D CompatibilityInfo: applicationScale - 1.0
01-18 20:40:41.105  3757  4482 I ActivityManager: DSS on for com.samsung.android.communicationservice and scale is 1.0
01-18 20:40:41.106 19608 19608 I usagelog: received in receiver
01-18 20:40:41.106 19608 19608 I KnoxUsageLogPro: KnoxUsageReceiver onReceive :android.intent.action.TIME_SET myUserId=0
01-18 20:40:41.107  3757  4482 D CompatibilityInfo: mCompatibilityFlags - 0
01-18 20:40:41.107  3757  4482 D CompatibilityInfo: applicationDensity - 420
01-18 20:40:41.107  3757  4482 D CompatibilityInfo: applicationScale - 1.0
01-18 20:40:41.114  3757  4482 D CompatibilityInfo: mCompatibilityFlags - 0
01-18 20:40:41.114  3757  4482 D CompatibilityInfo: applicationDensity - 420
01-18 20:40:41.114  3757  4482 D CompatibilityInfo: applicationScale - 1.0
01-18 20:40:41.117 19608 19608 I KnoxUsageLogPro: premStatus:2
01-18 20:40:41.123 19608 19608 I KnoxUsageLogPro: isEulaShown : false
01-18 20:40:41.123 19608 19608 I KnoxUsageLogPro: KnoxUsageReceiver onReceive : not Processible, just return
01-18 20:40:41.131  3757  7202 D CompatibilityInfo: mCompatibilityFlags - 0
01-18 20:40:41.131  3757  7202 D CompatibilityInfo: applicationDensity - 420
01-18 20:40:41.131  3757  7202 D CompatibilityInfo: applicationScale - 1.0
01-18 20:40:41.136 19549 19606 D Mms/MessagingNotification: blockingUpdateMessageIndicator() isMuteThread : false newMsgThreadId : -2isIm=false
01-18 20:40:41.143 19621 19621 I art     : Starting a blocking GC AddRemoveAppImageSpace
01-18 20:40:41.144 19621 19621 W System  : ClassLoader referenced unknown path: /system/priv-app/MsgCommService/lib/arm64
01-18 20:40:41.160  5024  7823 D TP/MmsProvider: query uri=content://mms/906/addr, match=13, calling pid = 19549
01-18 20:40:41.163  5024  5271 D TP/SmsProvider: query,matched:51, calling pid = 19549
01-18 20:40:41.164 19621 19621 D CS/CommunicationServiceApp: init() called
01-18 20:40:41.168  3757  3771 D CompatibilityInfo: mCompatibilityFlags - 0
01-18 20:40:41.168  3757  3771 D CompatibilityInfo: applicationDensity - 420
01-18 20:40:41.168  3757  3771 D CompatibilityInfo: applicationScale - 1.0
01-18 20:40:41.171  5024  7823 D TP/MmsProvider: query uri=content://mms/906/addr, match=13:Elapsed time : 7.931 ms
01-18 20:40:41.171  5024  5271 D TP/SmsProvider: query, match 51:Elapsed time : 8.598 ms
01-18 20:40:41.175  3757  2859 D MountService: getExternalStorageMountMode : 1
01-18 20:40:41.175  3757  2859 D MountService: getExternalStorageMountMode : 3
01-18 20:40:41.175  3757  2859 D MountService: getExternalStorageMountMode : final mountMode=1, uid : 10218, packageName : com.amazon.mShop.android.shopping
01-18 20:40:41.175 19621 19621 D CS/Config: sMessagePackageName = com.samsung.android.messaging
01-18 20:40:41.175 19621 19621 D CS/Config: Load Resize quality : 100
01-18 20:40:41.194 19639 19639 E Zygote  : v2
01-18 20:40:41.195 19639 19639 I libpersona: KNOX_SDCARD checking this for 10218
01-18 20:40:41.195 19639 19639 I libpersona: KNOX_SDCARD not a persona
01-18 20:40:41.197  3757  2859 I ActivityManager: Start proc 19639:com.amazon.mShop.android.shopping/u0a218 for broadcast com.amazon.mShop.android.shopping/com.amazon.identity.auth.device.storage.LambortishClock$ChangeTimestampsBroadcastReceiver
01-18 20:40:41.198 19639 19639 E Zygote  : accessInfo : 0
01-18 20:40:41.199 19639 19639 W SELinux : SELinux selinux_android_compute_policy_index : Policy Index[2],  Con:u:r:zygote:s0 RAM:SEPF_SECMOBILE_7.0_0009, [-1 -1 -1 -1 0 1]
01-18 20:40:41.202 19639 19639 I SELinux : SELinux: seapp_context_lookup: seinfo=untrusted, level=s0:c512,c768, pkgname=com.amazon.mShop.android.shopping 
01-18 20:40:41.203 19621 19621 D CS/CscParser: getOmcCustomerPath() : mps_nwCode= mps_code=
01-18 20:40:41.204 19621 19621 E CS/CscParser: mps_code.dat does not exist
01-18 20:40:41.204 19621 19621 E CS/CscParser: customer_path =/system/csc/customer.xml
01-18 20:40:41.204 19621 19621 E CS/CscParser: fileName + /system/csc/customer.xml
01-18 20:40:41.210  3757  5063 I ActivityManager: Killing 18378:com.samsung.android.asksmanager/u0a236 (adj 906): DHA:empty #31
01-18 20:40:41.213 19621 19621 D CS/CscParser: getNetworkName: MCCMNC = 311480  gid1 = bae0000000000000
01-18 20:40:41.213 19621 19621 D CS/CscParser: getOmcCustomerPath() : mps_nwCode= mps_code=
01-18 20:40:41.213 19621 19621 E CS/CscParser: mps_code.dat does not exist
01-18 20:40:41.213 19621 19621 E CS/CscParser: customer_path =/system/csc/customer.xml
01-18 20:40:41.213 19621 19621 E CS/CscParser: fileName + /system/csc/customer.xml
01-18 20:40:41.216 19621 19621 D CS/CscParser: getInstance fileName =/system/csc/customer.xml
01-18 20:40:41.216 19621 19621 D CS/CscParser: getNetworkName: Found matched network name by 311480
01-18 20:40:41.216 19621 19621 D CS/CscParser: getOmcCustomerPath() : mps_nwCode= mps_code=
01-18 20:40:41.216 19621 19621 E CS/CscParser: mps_code.dat does not exist
01-18 20:40:41.216 19621 19621 E CS/CscParser: customer_path =/system/csc/customer.xml
01-18 20:40:41.217 19621 19621 E CS/CscParser: fileName + /system/csc/customer.xml
01-18 20:40:41.219 19621 19621 D CS/CscParser: getInstance fileName =/system/csc/customer.xml
01-18 20:40:41.219 19621 19621 D CS/Config: isSmsOverIpSupported: Found matched network name by VZW
01-18 20:40:41.219 19621 19621 D CS/Config: EnableSMSoverIP : true
01-18 20:40:41.220 19621 19621 D CS/CscParser: getOmcCustomerPath() : mps_nwCode= mps_code=
01-18 20:40:41.220 19621 19621 E CS/CscParser: mps_code.dat does not exist
01-18 20:40:41.220 19621 19621 E CS/CscParser: customer_path =/system/csc/customer.xml
01-18 20:40:41.220 19621 19621 E CS/CscParser: fileName + /system/csc/customer.xml
01-18 20:40:41.222 19549 19606 D Mms/MessageUtils: isCurrentUserOwner true
01-18 20:40:41.222 19621 19621 D CS/CscParser: getInstance fileName =/system/csc/customer.xml
01-18 20:40:41.223 19621 19621 D CS/CscParser: getUaUap : tyep = MessageUserAgent
01-18 20:40:41.223 19621 19621 D CS/CscParser: getNbMMSView : Nb = 1
01-18 20:40:41.223 19621 19621 D CS/CscParser: getOmcCustomerPath() : mps_nwCode= mps_code=
01-18 20:40:41.223 19621 19621 E CS/CscParser: mps_code.dat does not exist
01-18 20:40:41.223 19621 19621 E CS/CscParser: customer_path =/system/csc/customer.xml
01-18 20:40:41.223 19621 19621 E CS/CscParser: fileName + /system/csc/customer.xml
01-18 20:40:41.226 19621 19621 D CS/CscParser: getInstance fileName =/system/csc/customer.xml
01-18 20:40:41.226 19621 19621 D CS/CscParser: getUaUap: MessageUserAgent = samn920v
01-18 20:40:41.226 19621 19621 D CS/Config: loadUserAgentFromCSC : cscUa = samn920v
01-18 20:40:41.226 19621 19621 D CS/CscParser: getOmcCustomerPath() : mps_nwCode= mps_code=
01-18 20:40:41.226 19621 19621 E CS/CscParser: mps_code.dat does not exist
01-18 20:40:41.226 19621 19621 E CS/CscParser: customer_path =/system/csc/customer.xml
01-18 20:40:41.226 19621 19621 E CS/CscParser: fileName + /system/csc/customer.xml
01-18 20:40:41.229 19621 19621 D CS/CscParser: getInstance fileName =/system/csc/customer.xml
01-18 20:40:41.229 19621 19621 D CS/CscParser: getUaUap : tyep = MessageUaProfUrl
01-18 20:40:41.229 19621 19621 D CS/CscParser: getNbMMSView : Nb = 1
01-18 20:40:41.229 19621 19621 D CS/CscParser: getOmcCustomerPath() : mps_nwCode= mps_code=
01-18 20:40:41.229 19621 19621 E CS/CscParser: mps_code.dat does not exist
01-18 20:40:41.229 19621 19621 E CS/CscParser: customer_path =/system/csc/customer.xml
01-18 20:40:41.229 19621 19621 E CS/CscParser: fileName + /system/csc/customer.xml
01-18 20:40:41.232 19621 19621 D CS/CscParser: getInstance fileName =/system/csc/customer.xml
01-18 20:40:41.232 19621 19621 D CS/CscParser: getUaUap: MessageUaProfUrl = http://uaprof.vtext.com/sam/n920v/n920v.xml
01-18 20:40:41.232 19621 19621 D CS/Config: loadUaProfUrlFromCSC : cscUapUrl = http://uaprof.vtext.com/sam/n920v/n920v.xml
01-18 20:40:41.232 19621 19621 D CS/Config: loadFreeMessageFeatures
01-18 20:40:41.235  3757  7216 D MountService: getExternalStorageMountMode : 3
01-18 20:40:41.235  3757  7216 D MountService: getExternalStorageMountMode : 3
01-18 20:40:41.236  3757  7216 D MountService: getExternalStorageMountMode : final mountMode=3, uid : 5011, packageName : com.samsung.android.coreapps
01-18 20:40:41.239 19639 19639 D TimaKeyStoreProvider: TimaKeyStore is not enabled: cannot add TimaSignature Service and generateKeyPair Service
01-18 20:40:41.250  5024  7785 D TP/MmsProvider: query uri=content://mms/904/addr, match=13, calling pid = 19549
01-18 20:40:41.256  5024  5041 D TP/MmsSmsProvider: query, match:910, calling pid = 19549, accessRestricted = false
01-18 20:40:41.258  5024  5041 D TP/MmsSmsProvider: getBlockingInfo() result=0
01-18 20:40:41.262 19652 19652 E Zygote  : v2
01-18 20:40:41.262 19652 19652 I libpersona: KNOX_SDCARD checking this for 5011
01-18 20:40:41.262 19652 19652 I libpersona: KNOX_SDCARD not a persona
01-18 20:40:41.264  3757  7216 I ActivityManager: Start proc 19652:com.samsung.android.coreapps/5011 for content provider com.samsung.android.coreapps/.easysignup.db.EasySignUpProviderPublic
01-18 20:40:41.264 19652 19652 E Zygote  : accessInfo : 0
01-18 20:40:41.264 19652 19652 W SELinux : SELinux selinux_android_compute_policy_index : Policy Index[2],  Con:u:r:zygote:s0 RAM:SEPF_SECMOBILE_7.0_0009, [-1 -1 -1 -1 0 1]
01-18 20:40:41.265  3757 10496 D ActivityManager: cleanUpApplicationRecord -- 18378
01-18 20:40:41.266 19652 19652 I SELinux : SELinux: seapp_context_lookup: seinfo=platform, level=s0:c512,c768, pkgname=com.samsung.android.coreapps 
01-18 20:40:41.270  3757 32083 D CompatibilityInfo: mCompatibilityFlags - 0
01-18 20:40:41.270  3757 32083 D CompatibilityInfo: applicationDensity - 420
01-18 20:40:41.270  3757 32083 D CompatibilityInfo: applicationScale - 1.0
01-18 20:40:41.270  3757 32083 I ActivityManager: DSS on for com.amazon.mShop.android.shopping and scale is 1.0
01-18 20:40:41.273  3757 32083 D CompatibilityInfo: mCompatibilityFlags - 0
01-18 20:40:41.273  3757 32083 D CompatibilityInfo: applicationDensity - 420
01-18 20:40:41.273  3757 32083 D CompatibilityInfo: applicationScale - 1.0
01-18 20:40:41.281  3757 32083 D CompatibilityInfo: mCompatibilityFlags - 0
01-18 20:40:41.281  3757 32083 D CompatibilityInfo: applicationDensity - 420
01-18 20:40:41.281  3757 32083 D CompatibilityInfo: applicationScale - 1.0
01-18 20:40:41.283  6011 20825 D ForegroundUtils: could not check pending caller
01-18 20:40:41.283  5024  7785 D TP/MmsProvider: query uri=content://mms/904/addr, match=13:Elapsed time : 27.192 ms
01-18 20:40:41.284  5024  5041 D TP/MmsSmsProvider: query, match 910:Elapsed time : 27.450 ms
01-18 20:40:41.285  3757  7205 D AudioService: getStreamVolume 3 index 70
01-18 20:40:41.290 19549 19606 D Mms/MessagingNotification: getBlockingInfo result=0
01-18 20:40:41.299 19549 19606 D Mms/MessagingNotification: isBlockingModeEnabled() = false, Zen mode = 0
01-18 20:40:41.301 19549 19606 D Mms/MessageUtils: isCurrentUserOwner true
01-18 20:40:41.307 19652 19652 D TimaKeyStoreProvider: TimaKeyStore is not enabled: cannot add TimaSignature Service and generateKeyPair Service
01-18 20:40:41.309 19549 19606 D Mms/MessageUtils: isCurrentUserOwner true
01-18 20:40:41.310  3757  5062 D CompatibilityInfo: mCompatibilityFlags - 0
01-18 20:40:41.311  3757  5062 D CompatibilityInfo: applicationDensity - 420
01-18 20:40:41.311  3757  5062 D CompatibilityInfo: applicationScale - 1.0
01-18 20:40:41.311  3757  5062 I ActivityManager: DSS on for com.samsung.android.coreapps and scale is 1.0
01-18 20:40:41.313  3757  5062 D CompatibilityInfo: mCompatibilityFlags - 0
01-18 20:40:41.313  3757  5062 D CompatibilityInfo: applicationDensity - 420
01-18 20:40:41.313  3757  5062 D CompatibilityInfo: applicationScale - 1.0
01-18 20:40:41.315  5024  6911 D TP/MmsProvider: query uri=content://mms/903/addr, match=13, calling pid = 19549
01-18 20:40:41.328  5024  6911 D TP/MmsProvider: query uri=content://mms/903/addr, match=13:Elapsed time : 12.759 ms
01-18 20:40:41.330 19549 19606 D Mms/MessageUtils: isCurrentUserOwner true
01-18 20:40:41.334 19549 19606 D Mms/MessagingNotificationLight: setBadgeCount(), count=0
01-18 20:40:41.334 19549 19606 D Mms/MessagingNotification: sendCoverUpdateBrodcast Cover count=zero update broadcast. sEnableNotification = true
01-18 20:40:41.343  3757  3774 D CompatibilityInfo: mCompatibilityFlags - 0
01-18 20:40:41.343  3757  3774 D CompatibilityInfo: applicationDensity - 420
01-18 20:40:41.343  3757  3774 D CompatibilityInfo: applicationScale - 1.0
01-18 20:40:41.346 18698 18698 D BadgeCountReceiver: badge intent : Intent { act=com.sec.intent.action.BADGE_COUNT_UPDATE flg=0x10000010 cmp=com.sec.android.provider.badge/.BadgeCountReceiver launchParam=MultiScreenLaunchParams { mDisplayId=0 mFlags=0 } bqHint=0 (has extras) }
01-18 20:40:41.346 18698 18698 D BadgeCountReceiver: packageName: com.samsung.android.messaging, className: com.android.mms.ui.ConversationComposer, count: 0
01-18 20:40:41.351 19639 19639 I art     : Starting a blocking GC AddRemoveAppImageSpace
01-18 20:40:41.354  6176  6176 D LauncherApplication: onChange: mBadgeRefreshHandler removeCallbacks
01-18 20:40:41.355 18698 18698 D MethodReflector: notifyChange is called
01-18 20:40:41.357  6176  6176 D LauncherApplication: onChange: mBadgeRefreshHandler removeCallbacks
01-18 20:40:41.358 18698 18698 D BadgeProvider: sendNotify entered. [uri] : content://com.sec.badge/apps
01-18 20:40:41.358 18698 18698 D BadgeProvider: sendNotify, [notify] : null
01-18 20:40:41.359 18698 18698 D BadgeProvider: update, getCallingPackage() : com.sec.android.provider.badge
01-18 20:40:41.359 18698 18698 D BadgeProvider: update, [uri] : content://com.sec.badge/apps
01-18 20:40:41.359 18698 18698 D BadgeProvider: update, [uri.query] : null
01-18 20:40:41.359 18698 18698 D BadgeProvider: update, [BadgeCount] : badgecount=0
01-18 20:40:41.359 18698 18698 D BadgeProvider: update, [UpdateCount] : 1
01-18 20:40:41.365  5024 20906 D TP/MmsProvider: query uri=content://mms/902/addr, match=13, calling pid = 19549
01-18 20:40:41.370  5024 20906 D TP/MmsProvider: query uri=content://mms/902/addr, match=13:Elapsed time : 5.006 ms
01-18 20:40:41.378 19549 19606 D Mms/TelephonyUtils: getInsertedSimNum = 1
01-18 20:40:41.382 19549 19606 D Mms/MessagingNotification: remove alarm
01-18 20:40:41.383  3757  7203 D SamsungAlarmManager: Cancel Alarm calling from uid:10263 pid :19549 / op:PendingIntent{cf714e7: PendingIntentRecord{f3c7894 com.samsung.android.messaging broadcastIntent}}
01-18 20:40:41.398  5024  5271 D TP/MmsProvider: query uri=content://mms/900/addr, match=13, calling pid = 19549
01-18 20:40:41.401  5024  5271 D TP/MmsProvider: query uri=content://mms/900/addr, match=13:Elapsed time : 4.015 ms
01-18 20:40:41.410  5024 29626 D TP/SmsProvider: query,matched:0, calling pid = 19549
01-18 20:40:41.413 19639 19639 V ApplicationStateListener: Application is created at time: 1547862041412
01-18 20:40:41.415  5024 29626 D TP/SmsProvider: query, match 0:Elapsed time : 3.872 ms
01-18 20:40:41.417 19549 19667 D Mms/MessagingNotification: updateAllHistoryAsRead()
01-18 20:40:41.424  6668  6733 E ContactsProvider_EventLog: Flush buffer to file cnt : 1 size : 0Kb duration : 7ms lastUpdatedAfter : 32544 ms mFlush_time_threasold : 2000 mCurrentSize : 188
01-18 20:40:41.436  5024  5039 D TP/MmsProvider: query uri=content://mms/898/addr, match=13, calling pid = 19549
01-18 20:40:41.468  3757  4458 D WifiStateMachine: Current network is: "wilkinson2.4" , ID is: 30
01-18 20:40:41.468  3757  4458 I WifiStateMachine: IMS calling, current network is always qualified
01-18 20:40:41.472 19639 19639 I com.amazon.device.crashmanager.CrashDetectionHelper: Installing crash detector as default exception handler.
01-18 20:40:41.475  3757  7202 D ConnectivityService: filterNetworkStateForUid() uid: 10218 networkInfo: [type: WIFI[] - WIFI, state: CONNECTED/CONNECTED, reason: (unspecified), extra: "wilkinson2.4", failover: false, available: true, roaming: false, metered: false]
01-18 20:40:41.475  3757  7202 D ConnectivityService: Returning unblocked NetworkInfo to uid=10218
01-18 20:40:41.484 19652 19652 I art     : Starting a blocking GC AddRemoveAppImageSpace
01-18 20:40:41.484 19549 19606 D Mms/MessagingNotification: getSmsNewDeliveryInfo
01-18 20:40:41.485  5024  5039 D TP/MmsProvider: query uri=content://mms/898/addr, match=13:Elapsed time : 49.285 ms
01-18 20:40:41.488 19652 19652 W System  : ClassLoader referenced unknown path: /system/app/CoreApps_SDK_2017/lib/arm64
01-18 20:40:41.489 19549 19606 D Mms/MessagingNotification: [end]    nonBlockingUpdateMessageIndicator() consume time = 565.732584
01-18 20:40:41.491 19639 19670 I DPLogger: DPLogger - Name was too long. Truncating; original name: AbstractDetArtifactProcessor, truncated name: AbstractDetArtifactProc
01-18 20:40:41.491 19639 19670 I DPLogger: DPLogger - Name was too long. Truncating; original name: JavaCrashArtifactProcessor, truncated name: JavaCrashArtifactProces
01-18 20:40:41.517 19652 19652 D Interface SE-SDL: SystemProperties
01-18 20:40:41.517 19652 19652 I ApiInterface: Context is null: isSemAvalable: true
01-18 20:40:41.520 19652 19652 D SystemPropertiesRef: Key: ro.product_ship, Output :true
01-18 20:40:41.522  3757  4473 D ConnectivityService: filterNetworkStateForUid() uid: 10218 networkInfo: [type: WIFI[] - WIFI, state: CONNECTED/CONNECTED, reason: (unspecified), extra: "wilkinson2.4", failover: false, available: true, roaming: false, metered: false]
01-18 20:40:41.522 19652 19652 D CoreApps: SEC_LOG - true
01-18 20:40:41.522 19652 19652 D Interface SE-SDL: Log
01-18 20:40:41.522 19652 19652 I ApiInterface: isSemAvalable: true
01-18 20:40:41.523 19652 19652 D Interface SE-SDL: FloatingFeature
01-18 20:40:41.523 19652 19652 I ApiInterface: isSemAvalable: true
01-18 20:40:41.526 19652 19652 D LibSE Log: SEC_LOG - true
01-18 20:40:41.526 19652 19652 D SystemPropertiesRef: Key: ro.product.model, Output :SM-N920V
01-18 20:40:41.526 19652 19652 D SystemPropertiesRef: Key: ro.product.name, Output :nobleltevzw
01-18 20:40:41.526 19652 19652 D SystemPropertiesRef: Key: ro.csc.sales_code, Output :VZW
01-18 20:40:41.527 19652 19652 D Interface SE-SDL: MultiSimManager
01-18 20:40:41.527 19652 19652 I ApiInterface: isSemAvalable: true
01-18 20:40:41.528 19639 19670 I DPLogger: DPLogger - Name was too long. Truncating; original name: TComm.HttpClientSrrManager, truncated name: TComm.HttpClientSrrMana
01-18 20:40:41.531 19639 19670 I ArtifactUploader: uploadCrashEntries - Finished uploading artifacts. Uploaded 0 artifacts.;
01-18 20:40:41.535 19652 19652 D Interface SE-SDL: CscFeature
01-18 20:40:41.535 19652 19652 I ApiInterface: isSemAvalable: true
01-18 20:40:41.539  5024 29627 D TP/MmsProvider: query uri=content://mms/897/addr, match=13, calling pid = 19549
01-18 20:40:41.542  5024 29627 D TP/MmsProvider: query uri=content://mms/897/addr, match=13:Elapsed time : 3.979 ms
01-18 20:40:41.551 19652 19652 D Interface SE-SDL: SystemProperties
01-18 20:40:41.552 19652 19652 I ApiInterface: Context is null: isSemAvailable: true
01-18 20:40:41.554 19652 19652 I ApiInterface: Context is null: isSemAvailable: true
01-18 20:40:41.554 19652 19652 D Interface SE-SDL: Log
01-18 20:40:41.554 19652 19652 I ApiInterface: isSemAvailable: true
01-18 20:40:41.557  6176  6176 D LauncherApplication: run: mBadgeRefreshHandler reloadBadges
01-18 20:40:41.558  6176  6176 D Launcher.Model: reloadBadges entered.
01-18 20:40:41.558 19652 19652 D Interface SE-SDL: FloatingFeature
01-18 20:40:41.558 19652 19652 I ApiInterface: isSemAvailable: true
01-18 20:40:41.558 19652 19652 D LibSE Log: SEC_LOG - true
01-18 20:40:41.569  5024  7785 D TP/MmsProvider: query uri=content://mms/896/addr, match=13, calling pid = 19549
01-18 20:40:41.574  5024  7785 D TP/MmsProvider: query uri=content://mms/896/addr, match=13:Elapsed time : 4.654 ms
01-18 20:40:41.583 18698 18709 D BadgeProvider: query, [selection] : null
01-18 20:40:41.586  3757  7201 D ConnectivityService: filterNetworkStateForUid() uid: 5011 networkInfo: [type: MOBILE[] - MOBILE, state: DISCONNECTED/DISCONNECTED, reason: (unspecified), extra: (none), failover: false, available: true, roaming: false, metered: false]
01-18 20:40:41.586  3757  7201 W NetworkIdentity: Active mobile network without subscriber!
01-18 20:40:41.590  6176  6283 D BadgeCache: 1. updateBadgeCounts: com.samsung.android.email.provider = 0
01-18 20:40:41.590  6176  6283 D BadgeCache: 1. updateBadgeCounts: com.samsung.vvm = 18
01-18 20:40:41.590  6176  6283 D BadgeCache: 2. updateBadgeCounts: com.samsung.vvm/.vvmapp.VVMApplication = 18
01-18 20:40:41.590  6176  6283 D BadgeCache: 1. updateBadgeCounts: com.android.mms = 0
01-18 20:40:41.590  6176  6283 D BadgeCache: 1. updateBadgeCounts: com.facebook.katana = 0
01-18 20:40:41.590  6176  6283 D BadgeCache: 1. updateBadgeCounts: com.sec.android.app.cmas = 0
01-18 20:40:41.590  6176  6283 D BadgeCache: 1. updateBadgeCounts: org.lichess.mobileapp = 0
01-18 20:40:41.590  6176  6283 D BadgeCache: 1. updateBadgeCounts: com.sec.android.app.shealth = 0
01-18 20:40:41.590  6176  6283 D BadgeCache: 1. updateBadgeCounts: com.android.contacts = 0
01-18 20:40:41.590  6176  6283 D BadgeCache: 1. updateBadgeCounts: com.jquiz.comptia_aplus = 20
01-18 20:40:41.590  6176  6283 D BadgeCache: 2. updateBadgeCounts: com.jquiz.comptia_aplus/com.jquiz.StartActivity = 20
01-18 20:40:41.590  6176  6283 D BadgeCache: 1. updateBadgeCounts: com.samsung.android.spay = 1
01-18 20:40:41.591  6176  6283 D BadgeCache: 2. updateBadgeCounts: com.samsung.android.spay/.ui.SpayMainActivity = 1
01-18 20:40:41.591  6176  6283 D BadgeCache: 1. updateBadgeCounts: com.sec.android.app.samsungapps = 0
01-18 20:40:41.591  6176  6283 D BadgeCache: 1. updateBadgeCounts: com.abtnprojects.ambatana = 0
01-18 20:40:41.591  6176  6283 D BadgeCache: 1. updateBadgeCounts: com.brisk.jpay = 0
01-18 20:40:41.591  6176  6283 D BadgeCache: 1. updateBadgeCounts: com.notdoppler.crashofcars = 0
01-18 20:40:41.591  6176  6283 D BadgeCache: 1. updateBadgeCounts: org.thoughtcrime.securesms = 0
01-18 20:40:41.591  6176  6283 D BadgeCache: 1. updateBadgeCounts: com.brisk.jpay = 0
01-18 20:40:41.591  6176  6283 D BadgeCache: 1. updateBadgeCounts: com.verizon.messaging.vzmsgs = 14
01-18 20:40:41.591  6176  6283 D BadgeCache: 2. updateBadgeCounts: com.verizon.messaging.vzmsgs/com.verizon.mms.ui.activity.Provisioning = 14
01-18 20:40:41.591  6176  6283 D BadgeCache: 1. updateBadgeCounts: com.samsung.android.lool = 0
01-18 20:40:41.591  6176  6283 D BadgeCache: 1. updateBadgeCounts: com.android.settings = 0
01-18 20:40:41.591  6176  6283 D BadgeCache: 1. updateBadgeCounts: com.samsung.android.contacts = 0
01-18 20:40:41.591  6176  6283 D BadgeCache: 1. updateBadgeCounts: com.microsoft.office.outlook = 95
01-18 20:40:41.591  6176  6283 D BadgeCache: 2. updateBadgeCounts: com.microsoft.office.outlook/.MainActivity = 95
01-18 20:40:41.591  6176  6283 D BadgeCache: 1. updateBadgeCounts: com.android.vending = 0
01-18 20:40:41.591  6176  6283 D BadgeCache: 1. updateBadgeCounts: com.samsung.android.messaging = 0
01-18 20:40:41.591  6176  6283 D BadgeCache: 1. updateBadgeCounts: com.dropbox.android = 0
01-18 20:40:41.591  6176  6283 D BadgeCache: 1. updateBadgeCounts: com.sololearn = 0
01-18 20:40:41.592 19652 19652 D Interface SE-SDL: MultiSimManager
01-18 20:40:41.592  6176  6283 D BadgeCache: 1. updateBadgeCounts: com.facebook.orca = 1
01-18 20:40:41.592 19652 19652 I ApiInterface: isSemAvailable: true
01-18 20:40:41.592  6176  6283 D BadgeCache: 2. updateBadgeCounts: com.facebook.orca/.auth.StartScreenActivity = 1
01-18 20:40:41.592  6176  6283 D BadgeCache: 1. updateBadgeCounts: com.google.android.youtube = 5
01-18 20:40:41.592  6176  6283 D BadgeCache: 2. updateBadgeCounts: com.google.android.youtube/.app.honeycomb.Shell$HomeActivity = 5
01-18 20:40:41.592  6176  6283 D BadgeCache: 1. updateBadgeCounts: com.asurion.android.verizon.vms = 3
01-18 20:40:41.592  6176  6283 D BadgeCache: 2. updateBadgeCounts: com.asurion.android.verizon.vms/com.asurion.android.verizon.vmsp.activity.MainActivity = 3
01-18 20:40:41.592  6176  6283 D BadgeCache: 1. updateBadgeCounts: com.instagram.android = 1
01-18 20:40:41.592  6176  6283 D BadgeCache: 2. updateBadgeCounts: com.instagram.android/.activity.MainTabActivity = 1
01-18 20:40:41.592  6176  6283 D BadgeCache: 1. updateBadgeCounts: com.twitter.android = 0
01-18 20:40:41.592  6176  6283 D BadgeCache: 1. updateBadgeCounts: org.telegram.messenger = 1
01-18 20:40:41.592  6176  6283 D BadgeCache: 2. updateBadgeCounts: org.telegram.messenger/org.telegram.ui.LaunchActivity = 1
01-18 20:40:41.593  6176  6283 D BadgeCache: 1. updateBadgeCounts: com.zynga.wwf2.free = 1
01-18 20:40:41.593  6176  6283 D BadgeCache: 2. updateBadgeCounts: com.zynga.wwf2.free/com.zynga.words2.ui.launch.Words2LaunchActivity = 1
01-18 20:40:41.593  6176  6283 D BadgeCache: 1. updateBadgeCounts: com.zynga.words = 0
01-18 20:40:41.593  6176  6283 D BadgeCache: 1. updateBadgeCounts: com.amazon.mShop.android.shopping = 0
01-18 20:40:41.593  6176  6283 D BadgeCache: 1. updateBadgeCounts: com.blockfolio.blockfolio = 0
01-18 20:40:41.593  6176  6283 D BadgeCache: 1. updateBadgeCounts: com.skype.raider = 0
01-18 20:40:41.593  6176  6283 D BadgeCache: 1. updateBadgeCounts: com.reddit.frontpage = 0
01-18 20:40:41.599  6176  6283 D BadgeCache: updated Badged:13
01-18 20:40:41.599  6176  6283 D BadgeCache: updateBadgeCounts:13
01-18 20:40:41.600  6176  6283 D Launcher.Model: reloadBadges, badges count : 13
01-18 20:40:41.602  6176  6283 D Launcher.Model: appItems:0 homeItems:0
01-18 20:40:41.603 19639 19639 D PluginParser: Loading configuration with prefix com.amazon.platform.plugin.
01-18 20:40:41.605 19639 19639 D PluginParser: Adding configuration for meta-data key 'com.amazon.platform.plugin.httpUrlDeepLink' = com.amazon.mShop.android.shopping:xml/deeplinking_weblabs
01-18 20:40:41.605 19639 19639 D PluginParser: Loading configuration from com.amazon.mShop.android.shopping:xml/deeplinking_weblabs
01-18 20:40:41.606 19639 19639 D PluginParser: Adding configuration for meta-data key 'com.amazon.platform.plugin.amazonStore' = com.amazon.mShop.android.shopping:xml/amazon_store_weblab_plugin
01-18 20:40:41.606 19639 19639 D PluginParser: Loading configuration from com.amazon.mShop.android.shopping:xml/amazon_store_weblab_plugin
01-18 20:40:41.607 19639 19639 D PluginParser: Adding configuration for meta-data key 'com.amazon.platform.plugin.botsaiPlugins' = com.amazon.mShop.android.shopping:array/botsaiplugins
01-18 20:40:41.607 19639 19639 D PluginParser: Loading configuration from com.amazon.mShop.android.shopping:array/botsaiplugins
01-18 20:40:41.607 19639 19639 W ResourceType: Requesting resource 0x7f08000c failed because it is complex
01-18 20:40:41.610 19639 19639 D PluginParser: Loading configuration from com.amazon.mShop.android.shopping:xml/chathead_plugin
01-18 20:40:41.611  5024  6242 D TP/MmsProvider: query uri=content://mms/894/addr, match=13, calling pid = 19549
01-18 20:40:41.611 19639 19639 D PluginParser: Loading configuration from com.amazon.mShop.android.shopping:xml/chathead_weblab
01-18 20:40:41.612 19639 19639 D PluginParser: Adding configuration for meta-data key 'com.amazon.platform.plugin.chrome' = com.amazon.mShop.android.shopping:xml/appx_weblabs
01-18 20:40:41.612 19639 19639 D PluginParser: Loading configuration from com.amazon.mShop.android.shopping:xml/appx_weblabs
01-18 20:40:41.613 19639 19639 D PluginParser: Adding configuration for meta-data key 'com.amazon.platform.plugin.searchLibPlugins' = com.amazon.mShop.android.shopping:array/search_plugins
01-18 20:40:41.613 19639 19639 D PluginParser: Loading configuration from com.amazon.mShop.android.shopping:array/search_plugins
01-18 20:40:41.613 19639 19639 W ResourceType: Requesting resource 0x7f08001a failed because it is complex
01-18 20:40:41.614 19639 19639 D PluginParser: Loading configuration from com.amazon.mShop.android.shopping:xml/search_weblabs
01-18 20:40:41.614 19639 19639 D PluginParser: Adding configuration for meta-data key 'com.amazon.platform.plugin.a9vsPlugins' = com.amazon.mShop.android.shopping:array/weblab_plugins
01-18 20:40:41.614 19639 19639 D PluginParser: Loading configuration from com.amazon.mShop.android.shopping:array/weblab_plugins
01-18 20:40:41.614 19639 19639 W ResourceType: Requesting resource 0x7f08002e failed because it is complex
01-18 20:40:41.614 19639 19639 D PluginParser: Loading configuration from com.amazon.mShop.android.shopping:xml/modes_weblab_plugin
01-18 20:40:41.615 19639 19639 D PluginParser: Adding configuration for meta-data key 'com.amazon.platform.plugin.core' = com.amazon.mShop.android.shopping:xml/core_plugin
01-18 20:40:41.615 19639 19639 D PluginParser: Loading configuration from com.amazon.mShop.android.shopping:xml/core_plugin
01-18 20:40:41.615 19639 19639 D PluginParser: Adding access for plugin: com.amazon.platform.core
01-18 20:40:41.616 19639 19639 D PluginParser: Adding access for plugin: com.amazon.mShop.android.startup
01-18 20:40:41.616 19639 19639 D PluginParser: Adding configuration for meta-data key 'com.amazon.platform.plugin.weblab' = com.amazon.mShop.android.shopping:xml/weblab_plugin
01-18 20:40:41.616 19639 19639 D PluginParser: Loading configuration from com.amazon.mShop.android.shopping:xml/weblab_plugin
01-18 20:40:41.616 19639 19639 D PluginParser: Adding configuration for meta-data key 'com.amazon.platform.plugin.outboundMarketingPlugins' = com.amazon.mShop.android.shopping:array/outbound_marketing_plugins
01-18 20:40:41.616 19639 19639 D PluginParser: Loading configuration from com.amazon.mShop.android.shopping:array/outbound_marketing_plugins
01-18 20:40:41.616 19639 19639 W ResourceType: Requesting resource 0x7f080018 failed because it is complex
01-18 20:40:41.616 19639 19639 D PluginParser: Loading configuration from com.amazon.mShop.android.shopping:xml/outbound_marketing_weblab
01-18 20:40:41.617  5024  6242 D TP/MmsProvider: query uri=content://mms/894/addr, match=13:Elapsed time : 5.573 ms
01-18 20:40:41.617 19639 19639 D PluginParser: Adding configuration for meta-data key 'com.amazon.platform.plugin.a9vsARViewPlugins' = com.amazon.mShop.android.shopping:array/arview_weblab_plugins
01-18 20:40:41.617 19639 19639 D PluginParser: Loading configuration from com.amazon.mShop.android.shopping:array/arview_weblab_plugins
01-18 20:40:41.617 19639 19639 W ResourceType: Requesting resource 0x7f08000b failed because it is complex
01-18 20:40:41.617 19639 19639 D PluginParser: Loading configuration from com.amazon.mShop.android.shopping:xml/a9vs_weblab_plugin
01-18 20:40:41.617 19639 19639 D PluginParser: Adding configuration for meta-data key 'com.amazon.platform.plugin.phoneLibPlugins' = com.amazon.mShop.android.shopping:array/plugins
01-18 20:40:41.617 19639 19639 D PluginParser: Loading configuration from com.amazon.mShop.android.shopping:array/plugins
01-18 20:40:41.617 19639 19639 W ResourceType: Requesting resource 0x7f080019 failed because it is complex
01-18 20:40:41.618 19639 19639 D PluginParser: Loading configuration from com.amazon.mShop.android.shopping:xml/phonelib_plugin
01-18 20:40:41.618 19639 19639 D PluginParser: Loading configuration from com.amazon.mShop.android.shopping:xml/startup_plugin
01-18 20:40:41.618 19639 19639 D PluginParser: Adding access for plugin: com.amazon.mShop.android.net
01-18 20:40:41.618 19639 19639 D PluginParser: Adding access for plugin: com.amazon.mShop.android.startup
01-18 20:40:41.618 19639 19639 D PluginParser: Adding access for plugin: com.amazon.mShop.fling.startup
01-18 20:40:41.618 19639 19639 D PluginParser: Adding access for plugin: com.amazon.mShop.pushnotification.startup
01-18 20:40:41.618 19639 19639 D PluginParser: Adding access for plugin: com.amazon.mShop.CustomerInfo
01-18 20:40:41.618 19639 19639 D PluginParser: Adding access for plugin: com.amazon.mShop.freshLib.startup
01-18 20:40:41.618 19639 19639 D PluginParser: Loading configuration from com.amazon.mShop.android.shopping:xml/networking_plugin
01-18 20:40:41.619 19639 19639 D PluginParser: Loading configuration from com.amazon.mShop.android.shopping:xml/core_team_weblabs
01-18 20:40:41.619 19639 19677 I WebViewFactory: Loading com.android.chrome version 71.0.3578.99 (code 357809952)
01-18 20:40:41.619 19639 19639 D PluginParser: Loading configuration from com.amazon.mShop.android.shopping:xml/push_notification_weblabs
01-18 20:40:41.619 19639 19639 D PluginParser: Loading configuration from com.amazon.mShop.android.shopping:xml/push_notification_startup_plugin
01-18 20:40:41.619 19639 19639 D PluginParser: Loading configuration from com.amazon.mShop.android.shopping:xml/customer_info_plugin
01-18 20:40:41.620 19639 19639 D PluginParser: Loading configuration from com.amazon.mShop.android.shopping:xml/alexa_plugin
01-18 20:40:41.620 19639 19639 D PluginParser: Loading configuration from com.amazon.mShop.android.shopping:xml/amazon_business_weblabs
01-18 20:40:41.621 19639 19639 D PluginParser: Adding configuration for meta-data key 'com.amazon.platform.plugin.startPlugins' = com.amazon.mShop.android.shopping:xml/startup_weblabs
01-18 20:40:41.622 19639 19639 D PluginParser: Loading configuration from com.amazon.mShop.android.shopping:xml/startup_weblabs
01-18 20:40:41.622 19639 19639 D PluginParser: Adding configuration for meta-data key 'com.amazon.platform.plugin.alexa' = com.amazon.mShop.android.shopping:array/alexa_plugins
01-18 20:40:41.622 19639 19639 D PluginParser: Loading configuration from com.amazon.mShop.android.shopping:array/alexa_plugins
01-18 20:40:41.622 19639 19639 W ResourceType: Requesting resource 0x7f080008 failed because it is complex
01-18 20:40:41.622 19639 19639 D PluginParser: Loading configuration from com.amazon.mShop.android.shopping:xml/alexa_weblabs
01-18 20:40:41.623 19639 19639 D PluginParser: Adding configuration for meta-data key 'com.amazon.platform.plugin.fling' = com.amazon.mShop.android.shopping:array/fling_plugins
01-18 20:40:41.623 19639 19639 D PluginParser: Loading configuration from com.amazon.mShop.android.shopping:array/fling_plugins
01-18 20:40:41.623 19639 19639 W ResourceType: Requesting resource 0x7f08000e failed because it is complex
01-18 20:40:41.623 19639 19639 D PluginParser: Loading configuration from com.amazon.mShop.android.shopping:xml/fling_startup_plugin
01-18 20:40:41.623 19639 19639 D PluginParser: Loading configuration from com.amazon.mShop.android.shopping:xml/fling_weblab_plugin
01-18 20:40:41.624 19639 19639 D PluginParser: Adding configuration for meta-data key 'com.amazon.platform.plugin.ssnap' = com.amazon.mShop.android.shopping:xml/ssnap_plugin
01-18 20:40:41.624 19639 19639 D PluginParser: Loading configuration from com.amazon.mShop.android.shopping:xml/ssnap_plugin
01-18 20:40:41.624 19639 19639 D PluginParser: Adding configuration for meta-data key 'com.amazon.platform.plugin.freshLib' = com.amazon.mShop.android.shopping:array/fresh_plugins
01-18 20:40:41.624 19639 19639 D PluginParser: Loading configuration from com.amazon.mShop.android.shopping:array/fresh_plugins
01-18 20:40:41.624 19639 19639 W ResourceType: Requesting resource 0x7f08000f failed because it is complex
01-18 20:40:41.624 19639 19639 D PluginParser: Loading configuration from com.amazon.mShop.android.shopping:xml/fresh_startup_plugin
01-18 20:40:41.625 19639 19639 D PluginParser: Done loading configuration with prefix com.amazon.platform.plugin.
01-18 20:40:41.625 19639 19639 I RegistryFactory: ExtensionRegistryImpl{7 extension points, 31 extensions} initialized in 15ms
01-18 20:40:41.655  5024  5341 D TP/MmsProvider: query uri=content://mms/893/addr, match=13, calling pid = 19549
01-18 20:40:41.661  5024  5341 D TP/MmsProvider: query uri=content://mms/893/addr, match=13:Elapsed time : 5.731 ms
01-18 20:40:41.669 19652 19652 D SystemPropertiesRef: Key: persist.omc.sales_code, Output :
01-18 20:40:41.669 19652 19652 D SystemPropertiesRef: Key: ro.csc.sales_code, Output :VZW
01-18 20:40:41.697  5024  5039 D TP/MmsProvider: query uri=content://mms/891/addr, match=13, calling pid = 19549
01-18 20:40:41.701  5024  5039 D TP/MmsProvider: query uri=content://mms/891/addr, match=13:Elapsed time : 6.300 ms
01-18 20:40:41.703 19652 19652 D SystemPropertiesRef: Key: ro.product.name, Output :nobleltevzw
01-18 20:40:41.703 19652 19652 D SystemPropertiesRef: Key: ro.build.type, Output :user
01-18 20:40:41.711 19621 19621 D EasySignUpManager: isJoined - join sids : 
01-18 20:40:41.712 19621 19621 D EasySignUpManager: isJoined : serviceId (2) is joined false
01-18 20:40:41.714 19621 19621 D CS/Config: getEasySignUpStatus - sIsAuthEasySignUp(isJoined(SERVICE_ID_RSHARE)) = false
01-18 20:40:41.716 19621 19621 D EasySignUpManager: userSerialNumber = 0
01-18 20:40:41.729 19621 19621 D EasySignUpManager: serviceId : 1, features : -1
01-18 20:40:41.736  5024  7823 D TP/MmsProvider: query uri=content://mms/890/addr, match=13, calling pid = 19549
01-18 20:40:41.737 19639 19677 I cr_LibraryLoader: Time to load native libraries: 8 ms (timestamps 8047-8055)
01-18 20:40:41.739  3757  4398 D InputReader: Input event(3): value=1 when=343938058279000
01-18 20:40:41.739  3757  4398 D InputReader: Input event(3): value=1 when=343938058279000
01-18 20:40:41.740  3757  4398 I InputReader: Touch event's action is 0x0 (deviceType=0) [pCnt=1, s=0.34284 ] when=343938058279000
01-18 20:40:41.741  5024  7823 D TP/MmsProvider: query uri=content://mms/890/addr, match=13:Elapsed time : 4.710 ms
01-18 20:40:41.741  3757  4397 I InputDispatcher: Delivering touch to (19089): action: 0x0, toolType: 1
01-18 20:40:41.742  3757  4397 D PowerManagerService: [api] userActivityFromNative : 10 (event: 2 flags: 0) eventTime = 343938058
01-18 20:40:41.743 19089 19108 V threaded_app: New input event: type=2
01-18 20:40:41.746 19089 19089 D ViewRootImpl@e972267[GameActivity]: ViewPostImeInputStage processPointer 0
01-18 20:40:41.754  5024  5034 I art     : Background sticky concurrent mark sweep GC freed 92958(5MB) AllocSpace objects, 5(88KB) LOS objects, 34% free, 12MB/18MB, paused 765us total 117.004ms
01-18 20:40:41.756 19639 19687 W System  : ClassLoader referenced unknown path: 
01-18 20:40:41.764  3757 29839 D MountService: getExternalStorageMountMode : 3
01-18 20:40:41.764  3757 29839 D MountService: getExternalStorageMountMode : 3
01-18 20:40:41.764  3757 29839 D MountService: getExternalStorageMountMode : final mountMode=3, uid : 10104, packageName : com.android.chrome
01-18 20:40:41.766 19089 19108 V threaded_app: New input event: type=2
01-18 20:40:41.769 19639 19677 I chromium: [INFO:library_loader_hooks.cc(36)] Chromium logging enabled: level = 0, default verbosity = 0
01-18 20:40:41.769 19639 19677 I cr_LibraryLoader: Expected native library version number "71.0.3578.99", actual native library version number "71.0.3578.99"
01-18 20:40:41.780 19089 19108 V threaded_app: New input event: type=2
01-18 20:40:41.790  5024 29628 D TP/MmsProvider: query uri=content://mms/889/addr, match=13, calling pid = 19549
01-18 20:40:41.796 19089 19108 V threaded_app: New input event: type=2
01-18 20:40:41.799  3757 29839 I ActivityManager: Start proc 19689:com.android.chrome:webview_service/u0a104 for service com.android.chrome/org.chromium.android_webview.services.VariationsSeedServer
01-18 20:40:41.799 19689 19689 E Zygote  : v2
01-18 20:40:41.799 19689 19689 I libpersona: KNOX_SDCARD checking this for 10104
01-18 20:40:41.799 19689 19689 I libpersona: KNOX_SDCARD not a persona
01-18 20:40:41.800  5024 29628 D TP/MmsProvider: query uri=content://mms/889/addr, match=13:Elapsed time : 10.742 ms
01-18 20:40:41.802 19621 19621 D EasySignUpManager: getServiceStatus - sids : 
01-18 20:40:41.802 19621 19621 D EasySignUpManager: getServiceStatus : serviceId (1) is OFF
01-18 20:40:41.803 19621 19621 D EasySignUpManager: userSerialNumber = 0
01-18 20:40:41.803 19689 19689 E Zygote  : accessInfo : 0
01-18 20:40:41.804 19689 19689 W SELinux : SELinux selinux_android_compute_policy_index : Policy Index[2],  Con:u:r:zygote:s0 RAM:SEPF_SECMOBILE_7.0_0009, [-1 -1 -1 -1 0 1]
01-18 20:40:41.809 19689 19689 I SELinux : SELinux: seapp_context_lookup: seinfo=chrome, level=s0:c512,c768, pkgname=com.android.chrome:webview_service 
01-18 20:40:41.813 19089 19108 V threaded_app: New input event: type=2
01-18 20:40:41.815 19639 19639 W art     : Before Android 4.1, method double java.util.concurrent.ThreadLocalRandom.internalNextDouble(double, double) would have incorrectly overridden the package-private method in java.util.Random
