01-25 01:25:26.448  9665  9683 D UE4     : [2019.01.25-06.25.26:448][418]LogLoad: Game class is 'GameModeBase'
01-25 01:25:26.452  9665  9683 D UE4     : [2019.01.25-06.25.26:452][418]LogWorld: Bringing World /Game/Maps/StackMap.StackMap up for play (max tick rate 0) at 2019.01.25-01.25.26
01-25 01:25:26.453  9665  9683 D UE4     : [2019.01.25-06.25.26:453][418]LogWorld: Bringing up level for play took: 0.002913
01-25 01:25:26.454  9665  9683 D UE4     : [2019.01.25-06.25.26:454][418]LogOnlineIdentity: Display: OSS: FOnlineIdentityGooglePlay::GetPlayerNickname
01-25 01:25:26.455  9665  9683 D UE4     : [2019.01.25-06.25.26:455][418]LogGameMode: FindPlayerStart: PATHS NOT DEFINED or NO PLAYERSTART with positive rating
01-25 01:25:26.487  9665  9683 D UE4     : [2019.01.25-06.25.26:487][418]LogUMG: Display: Widget Class GameStartMenu_C - Loaded Fast Template.
01-25 01:25:26.490  9665  9683 D UE4     : [2019.01.25-06.25.26:490][418]LogLevel: Warning: EnableInput on a LevelScript actor can not be specified for only one PlayerController.  Enabling for all PlayerControllers.
01-25 01:25:26.493  9665  9683 D UE4     : [2019.01.25-06.25.26:493][418]LogLoad: Took 0.469808 seconds to LoadMap(/Game/Maps/StackMap)
01-25 01:25:26.499  9665  9683 D UE4     : [2019.01.25-06.25.26:498][418]LogSlate: Took 0.000915 seconds to synchronously load lazily loaded font '../../../Engine/Content/EngineFonts/Faces/DroidSansMono.ufont' (77K)
01-25 01:25:26.520  9665  9683 D UE4     : [2019.01.25-06.25.26:519][419]LogSlate: Took 0.000442 seconds to synchronously load lazily loaded font '../../../Engine/Content/EngineFonts/Faces/DroidSansMono.ufont' (77K)
01-25 01:25:26.640  5679  5679 D io_stats: !@   8,0 r 738085 24594588 w 549612 14420144 d 84500 7936392 f 138249 138217 iot 963910 597970 th 61440 61440 60516 pt 700 inp 0 0 61395.012
01-25 01:25:27.632  9665  9786 I libOpenSLES: Emulating old channel mask behavior (ignoring positional mask 0x3, using default mask 0x3 based on channel count of 2)
01-25 01:25:27.634  9665  9786 W AudioTrack: AUDIO_OUTPUT_FLAG_FAST denied by client; transfer 1, track 44100 Hz, output 48000 Hz
01-25 01:25:27.635  3241  3810 I AudioFlinger: add dynamic flag, can move to deep thread, session 16289
01-25 01:25:27.638  9665  9786 D AudioTrack: Client defaulted notificationFrames to 590 for frameCount 1772
01-25 01:25:27.646  9665  9786 I AudioTrack: This process already got info. FadeIn[0] FadeOut[0] FadeInRing[0]
01-25 01:25:27.647  3241  3496 W AudioPolicyIntefaceImpl: Skipped to add effects on session 16289
01-25 01:25:27.647  3241  3496 I APM_AudioPolicyManager: startOutput() output 21, stream 3, session 16289
01-25 01:25:27.652  3241  3486 D audio_hw_primary: out_set_parameters: enter: kvpairs: routing=2
01-25 01:25:27.652  3241  3486 I audio_hw_primary: out_set_parameters adev->out_device:2
01-25 01:25:27.652  3241  3486 I audio_hw_primary: is_voice_wakeup : ret =  0  , wakeup_baby_cry_enabled = 0  ,  wakeup_mic_enabled = 0 
01-25 01:25:27.652  3241  3486 V audio_hw_primary: select_devices output_scenario:0 input_scenario:28 out_snd_device 0x2 in_snd_device:0xb
01-25 01:25:27.652  3241  3486 I audio_hw_primary: select_devices - do not update mixer_path
01-25 01:25:27.652  3241  3486 D AudioFlinger: setCurDevice() 0x2
01-25 01:25:27.688  3241  3486 I AudioMixer: create resampler src 44100, 2, dst 48000, 2, q 8
01-25 01:25:27.688  3241  3486 D SoundAliveResampler: [SoundAliveResampler] Init+++
01-25 01:25:28.827  3755  4459 D WifiStateMachine: Current network is: "wilkinson2.4" , ID is: 30
01-25 01:25:28.828  3755  4459 I WifiStateMachine: IMS calling, current network is always qualified
01-25 01:25:29.531  3755  4354 D SamsungAlarmManager: Expired : 8
01-25 01:25:29.532  3755  4354 I SamsungAlarmManager: setLocked to kernel - T:3 / 20190125T012600, SetElapsed=121152119, nowELAPSED=121121651
01-25 01:25:29.534  3755  4354 V SamsungAlarmManager: Sending to uid : 10059 action=null alarm=Alarm{14e88d3 type 3 when 121121650 com.asurion.android.verizon.vms}
01-25 01:25:29.543  3755  4354 D CompatibilityInfo: mCompatibilityFlags - 0
01-25 01:25:29.543  3755  4354 D CompatibilityInfo: applicationDensity - 420
01-25 01:25:29.543  3755  4354 D CompatibilityInfo: applicationScale - 1.0
01-25 01:25:29.579  3755  7368 D SamsungAlarmManager: setExact Intent (T:3/F:5/AC:false) 20190125T012534 - CU:10059/CP:6576
01-25 01:25:29.580  3755  7368 I SamsungAlarmManager: setLocked to kernel - T:3 / 20190125T012534, SetElapsed=121126691, nowELAPSED=121121699
01-25 01:25:30.484  3755  4415 D InputReader: Input event(3): value=1 when=61398856856000
01-25 01:25:30.484  3755  4415 D InputReader: Input event(3): value=1 when=61398856856000
01-25 01:25:30.484  3755  4415 I InputReader: Touch event's action is 0x0 (deviceType=0) [pCnt=1, s=0.5572 ] when=61398856856000
01-25 01:25:30.485  3755  4414 I InputDispatcher: Delivering touch to (9665): action: 0x0, toolType: 1
01-25 01:25:30.486  9665  9684 V threaded_app: New input event: type=2
01-25 01:25:30.487  9665  9665 D ViewRootImpl@c266894[GameActivity]: ViewPostImeInputStage processPointer 0
01-25 01:25:30.496  9665  9683 D UE4     : [2019.01.25-06.25.30:496][645]LogSlate: FSceneViewport::OnFocusLost() reason 0
01-25 01:25:30.517  9665  9684 V threaded_app: New input event: type=2
01-25 01:25:30.533  9665  9684 V threaded_app: New input event: type=2
01-25 01:25:30.556  9665  9684 V threaded_app: New input event: type=2
01-25 01:25:30.560  3755  4415 D InputReader: Input event(3): value=0 when=61398932539000
01-25 01:25:30.560  3755  4415 D InputReader: Input event(3): value=0 when=61398932539000
01-25 01:25:30.560  3755  4415 I InputReader: Touch event's action is 0x1 (deviceType=0) [pCnt=1, s=] when=61398932539000
01-25 01:25:30.561  3755  4414 I InputDispatcher: Delivering touch to (9665): action: 0x1, toolType: 1
01-25 01:25:30.561  9665  9684 V threaded_app: New input event: type=2
01-25 01:25:30.565  9665  9665 D ViewRootImpl@c266894[GameActivity]: ViewPostImeInputStage processPointer 1
01-25 01:25:30.581  9665  9683 D UE4     : [2019.01.25-06.25.30:581][649]Closing by request
01-25 01:25:30.582  9665  9683 D UE4     : [2019.01.25-06.25.30:581][649]LogWindows: FAndroidMisc::RequestExit(0)
01-25 01:25:30.590  9665  9786 I libOpenSLES: Emulating old channel mask behavior (ignoring positional mask 0x3, using default mask 0x3 based on channel count of 2)
01-25 01:25:30.591  9665  9786 W AudioTrack: AUDIO_OUTPUT_FLAG_FAST denied by client; transfer 1, track 44100 Hz, output 48000 Hz
01-25 01:25:30.592  3241  3241 I AudioFlinger: add dynamic flag, can move to deep thread, session 16297
01-25 01:25:30.592  9665  9786 D AudioTrack: Client defaulted notificationFrames to 590 for frameCount 1772
01-25 01:25:30.593  9665  9786 I AudioTrack: This process already got info. FadeIn[0] FadeOut[0] FadeInRing[0]
01-25 01:25:30.593  3241  9518 W AudioPolicyIntefaceImpl: Skipped to add effects on session 16297
01-25 01:25:30.593  3241  9518 I APM_AudioPolicyManager: startOutput() output 21, stream 3, session 16297
01-25 01:25:30.594  9665 10071 I AudioTrack: Skip ramp
01-25 01:25:30.597  9665  9683 D UE4     : [2019.01.25-06.25.30:597][650]LogAndroid: Exiting
01-25 01:25:30.605  9665  9786 D UE4     : *** JavaEnvDestructor: 9786
01-25 01:25:30.606  9665  9683 I AudioTrack: Skip ramp
01-25 01:25:30.608  9665  9683 D UE4     : [2019.01.25-06.25.30:607][650]LogAndroidAudio: Warning: OpenSLES Tearing Down HW
01-25 01:25:30.620  9665  9683 D UE4     : [2019.01.25-06.25.30:620][650]LogSlate: Request Window 'Infinity Stack (32-bit Development GLSL_ES2) ' being destroyed
01-25 01:25:30.626  9665  9883 D UE4     : *** JavaEnvDestructor: 9883
01-25 01:25:30.628  9665  9882 D UE4     : AndroidEGL::ResetDisplay()
01-25 01:25:30.628  9665  9882 D UE4     : *** JavaEnvDestructor: 9882
01-25 01:25:30.631  9665  9683 D UE4     : [2019.01.25-06.25.30:631][650]LogSlate: Window 'Infinity Stack (32-bit Development GLSL_ES2) ' being destroyed
01-25 01:25:30.636  9665  9683 D UE4     : [2019.01.25-06.25.30:636][650]LogSlate: Slate User Destroyed.  User Index 0, Is Virtual User: 0
01-25 01:25:30.637  9665 10073 D UE4     : *** JavaEnvDestructor: 10073
01-25 01:25:30.638  9665 10072 D UE4     : AndroidEGL::ResetDisplay()
01-25 01:25:30.638  9665 10072 D UE4     : *** JavaEnvDestructor: 10072
01-25 01:25:30.645  9665  9683 D UE4     : AndroidEGL::ResetDisplay()
01-25 01:25:30.675  9665  9683 D UE4     : AndroidEGL::DestroySurface()
01-25 01:25:30.679  9665  9683 D UE4     : [2019.01.25-06.25.30:678][650]LogMoviePlayer: Shutting down movie player
01-25 01:25:30.680  9665  9719 D UE4     : *** JavaEnvDestructor: 9719
01-25 01:25:30.680  3241  3373 I APM_AudioPolicyManager: stopOutput() output 21, stream 3, session 16289
01-25 01:25:30.680  3241  3373 I APM_AudioPolicyManager: stopOutput() output 21, stream 3, session 16297
01-25 01:25:30.680  3241  3373 I APM_AudioPolicyManager: write_logging() stream(3) device(0x2) time(-1163399530676437610458593034131400785447594353114795489605159787290648725415818762824395099943710808597114011636179321402427211965291427625922987484715162072905753759945016891923186355334449962170273771440253205181844367995024965632.00) volume(0.00)
01-25 01:25:30.681  9665  9709 D UE4     : *** JavaEnvDestructor: 9709
01-25 01:25:30.681  9665  9710 D UE4     : *** JavaEnvDestructor: 9710
01-25 01:25:30.681  9665  9712 D UE4     : *** JavaEnvDestructor: 9712
01-25 01:25:30.681  9665  9716 D UE4     : *** JavaEnvDestructor: 9716
01-25 01:25:30.681  9665  9706 D UE4     : *** JavaEnvDestructor: 9706
01-25 01:25:30.682  9665  9717 D UE4     : *** JavaEnvDestructor: 9717
01-25 01:25:30.682  9665  9715 D UE4     : *** JavaEnvDestructor: 9715
01-25 01:25:30.682  9665  9711 D UE4     : *** JavaEnvDestructor: 9711
01-25 01:25:30.683  9665  9714 D UE4     : *** JavaEnvDestructor: 9714
01-25 01:25:30.683  9665  9713 D UE4     : *** JavaEnvDestructor: 9713
01-25 01:25:30.684  9665  9707 D UE4     : *** JavaEnvDestructor: 9707
01-25 01:25:30.685  9665  9718 D UE4     : *** JavaEnvDestructor: 9718
01-25 01:25:30.686  9665  9683 D UE4     : [2019.01.25-06.25.30:686][650]LogAndroid: Exiting is over
01-25 01:25:30.686  9665  9683 D UE4     : [2019.01.25-06.25.30:686][650]LogWindows: FAndroidMisc::RequestExit(1)
01-25 01:25:30.710  9665  9683 I art     : System.exit called, status: 0
01-25 01:25:30.711  9665  9683 I AndroidRuntime: VM exiting with result code 0, cleanup skipped.
01-25 01:25:30.865  3755  4448 I WindowManager: WIN DEATH: Window{f0fb6d8d0 u0 com.GeekTechnique.InfinityStack/com.epicgames.ue4.GameActivity}
01-25 01:25:30.866  3755  3767 D GraphicsStats: Buffer count: 7
01-25 01:25:30.868  3755  3766 I ActivityManager: Process com.GeekTechnique.InfinityStack (pid 9665) has died(208,1589)
01-25 01:25:30.869  3755  3766 D ActivityManager: cleanUpApplicationRecord -- 9665
01-25 01:25:30.869  3755  4453 D InputTransport: Input channel destroyed: fd=403
01-25 01:25:30.870  3755  4448 D WindowManager: disposeInputChannel mInputChannel: f0fb6d8 com.GeekTechnique.InfinityStack/com.epicgames.ue4.GameActivity (server)
01-25 01:25:30.874  3755  3766 W ActivityManager: Force removing ActivityRecord{90f0a9ad0 u0 com.GeekTechnique.InfinityStack/com.epicgames.ue4.GameActivity t1106}: app died, no saved state
01-25 01:25:30.875  3755  3766 W MultiScreenManagerService: moveTaskBackToDisplayIfNeeded(): root is not base activity
01-25 01:25:30.875  8282  8282 D InputTransport: Input channel destroyed: fd=54
01-25 01:25:30.878  3755  7368 I Sensors : Mag old sensor_state 19, new sensor_state : 3 en : 0
01-25 01:25:30.878  5967  5990 D ForegroundUtils: could not check pending caller
01-25 01:25:30.882  3755  3766 D GameManagerService: sem_perfomance_mode: 0
01-25 01:25:30.886  3755  7368 I Sensors : Gyro old sensor_state 3, new sensor_state : 1 en : 0
01-25 01:25:30.895  3755  4448 D InputDispatcher: Focus left window: 9665
01-25 01:25:30.895  3755  4448 D InputTransport: Input channel destroyed: fd=527
01-25 01:25:30.896  3755  4448 D InputTransport: Input channel constructed: fd=403
01-25 01:25:30.897  3755  4448 D InputTransport: Input channel constructed: fd=475
01-25 01:25:30.897  3755  4448 D WindowManager: openInputChannel mInputChannel: f0fb6d8 com.GeekTechnique.InfinityStack/com.epicgames.ue4.GameActivity (server)
01-25 01:25:30.898  3755  4448 D InputDispatcher: Focus entered window: 9665
01-25 01:25:30.899  3755  7362 I WindowManager: WIN DEATH: Window{edf0e97d0 u0 SurfaceView - com.GeekTechnique.InfinityStack/com.epicgames.ue4.GameActivity}
01-25 01:25:30.900  3755  7362 I WindowManager_SurfaceController: Destroying surface Surface(name=SurfaceView - com.GeekTechnique.InfinityStack/com.epicgames.ue4.GameActivity) called by com.android.server.wm.WindowStateAnimator.destroySurface:2907 com.android.server.wm.WindowStateAnimator.destroySurfaceLocked:1120 com.android.server.wm.WindowState.removeLocked:1864 com.android.server.wm.WindowManagerService.removeWindowInnerLocked:2934 com.android.server.wm.WindowManagerService.removeWindowLocked:2879 com.android.server.wm.WindowState$DeathRecipient.binderDied:2304 android.os.BinderProxy.sendDeathNotice:701 <bottom of call stack> 
01-25 01:25:30.902  3219  3281 I SurfaceFlinger: id=3529 Removed HameActivit (6/10)
01-25 01:25:30.903  3219  3284 I SurfaceFlinger: id=3530 Removed HameActivit (5/9)
01-25 01:25:30.903  3219  3284 I SurfaceFlinger: id=3529 Removed HameActivit (-2/9)
01-25 01:25:30.904  3219  3451 I SurfaceFlinger: id=3530 Removed HameActivit (-2/9)
01-25 01:25:30.919  3755  3766 D InputDispatcher: Focus left window: 9665
01-25 01:25:30.920  3755  3766 D WindowManager: disposeInputChannel mInputChannel: f0fb6d8 com.GeekTechnique.InfinityStack/com.epicgames.ue4.GameActivity (server)
01-25 01:25:30.920  3755  3766 D InputTransport: Input channel destroyed: fd=475
01-25 01:25:30.921  3755  3766 I WindowManager_SurfaceController: Destroying surface Surface(name=com.GeekTechnique.InfinityStack/com.epicgames.ue4.GameActivity) called by com.android.server.wm.WindowStateAnimator.destroySurface:2907 com.android.server.wm.WindowStateAnimator.destroySurfaceLocked:1120 com.android.server.wm.WindowState.removeLocked:1864 com.android.server.wm.WindowManagerService.removeWindowInnerLocked:2934 com.android.server.wm.WindowManagerService.removeWindowLocked:2879 com.android.server.wm.WindowManagerService.removeWindowLocked:2689 com.android.server.wm.AppWindowToken.removeAllWindows:607 com.android.server.wm.AppWindowToken.removeAppFromTaskLocked:369 
01-25 01:25:30.922  3219  3451 I SurfaceFlinger: id=3528 Removed HameActivit (5/8)
01-25 01:25:30.925  3219  9867 I SurfaceFlinger: id=3528 Removed HameActivit (-2/8)
01-25 01:25:30.926  3755  3766 D InputTransport: Input channel destroyed: fd=403
01-25 01:25:30.928  3755  3766 D InputDispatcher: Focused application released
01-25 01:25:30.931  3755  3766 D ActivityManager: resumeTopActivityInnerLocked() : #1 prevTask=null next=ActivityRecord{904815dd0 u0 com.google.android.youtube/com.google.android.apps.youtube.app.WatchWhileActivity t1103} mFocusedStack=ActivityStack{7046066d0 stackId=1, 3 tasks}
01-25 01:25:30.933  3755  3766 D CustomFrequencyManagerService: acquireDVFSLockLocked : type : DVFS_MIN_LIMIT  frequency : 1300000  uid : 1000  pid : 3755  pkgName : AMS_ACT_RESUME@CPU_MIN@13
01-25 01:25:30.936  3755  3766 D ActivityManagerPerformance: AMP_acquire() ACT_RESUME
01-25 01:25:30.936  3755  3766 D ActivityManager: applyOptionsLocked(), pendingOptions : null
01-25 01:25:30.941  3755  3766 V WindowOrientationListener: OrientationSensorJudge.getProposedRotation, Rotation: 0
01-25 01:25:30.941  3755  3766 V WindowOrientationListener: OrientationSensorJudge.getProposedRotation, Rotation: 0
01-25 01:25:30.941  3755  3766 V WindowManager: rotationForOrientationLw(orient=-1, last=0); user=0  sensorRotation=0 mLidState=-1 mDockMode=0 mHdmiPlugged=false
01-25 01:25:30.944  3755  3766 D GameManagerService: sem_perfomance_mode: 0
01-25 01:25:30.944  3755  3755 D GameManagerService: NotifyRunnable. pkg: com.google.android.youtube, type: 4, isMinimized: false, isTunableApp: false
01-25 01:25:30.944  3755  3755 D GameManagerService: do nothing. mKillNotiCount: 3
01-25 01:25:30.955  3755  7343 V WindowManager: Relayout Window{b07c3e0d0 u0 SurfaceView - com.google.android.youtube/com.google.android.apps.youtube.app.WatchWhileActivity}: viewVisibility=0 req=1920x1080 WM.LayoutParams{(21,1601)(353x197) gr=#800033 ty=1001 fl=#4218 pfl=0x12040 fmt=4 naviIconColor=0}
01-25 01:25:30.958  4839  4839 D SurfaceView: Relayout returned: oldFrame=[21,1601][374,1798] newFrame=[21,1601][374,1798] result=0x3 surface={Surface(name=null)/@0xdea0713 isValid=true 517395516416}
01-25 01:25:30.959  3755  7367 D WindowManager: finishDrawingWindow: Window{b07c3e0d0 u0 SurfaceView - com.google.android.youtube/com.google.android.apps.youtube.app.WatchWhileActivity} mDrawState=DRAW_PENDING
01-25 01:25:30.965  3755  3790 D KnoxTimeoutHandler: notifyActivityDrawn [MsgParam] userId: 0 fullscreen is true showWhenlocked is false isMutiwindowRecord is false multiwindowstyle is 1
01-25 01:25:30.965  3755  3755 D KnoxTimeoutHandler: activityDrawn [MsgParam] userId: 0 fullscreen is true showWhenlocked is false isMutiwindowRecord is false multiwindowstyle is 1
01-25 01:25:30.966  3755  3755 I KnoxTimeoutHandler: SD activityfalse
01-25 01:25:30.966  3755  3755 I KnoxTimeoutHandler: Fullscreen and mCurrent is not KNOX user. Hence hide keyguard
01-25 01:25:30.968  3219  3219 I SurfaceFlinger: id=3531 createSurf (1080x1920),-1 flag=20004, XatchWhileA
01-25 01:25:30.975  3755  6080 V WindowManager: Relayout Window{4de9271d0 u0 com.google.android.youtube/com.google.android.apps.youtube.app.WatchWhileActivity}: viewVisibility=0 req=1080x1920 WM.LayoutParams{(0,0)(fillxfill) sim=#10 ty=1 fl=#81810100 pfl=0x20000 fmt=-3 wanim=0x1030465 vsysui=0x1700 sysuil=true needsMenuKey=2 naviIconColor=0}
01-25 01:25:30.976  3755  3775 D WindowManager: set systemUiVisibility of statusbar : vis= 0x1708
01-25 01:25:30.980  3755  6080 D InputDispatcher: Focus entered window: 4839
01-25 01:25:30.980  3755  6279 D WindowManager: adjustSystemUiVisibilityLw : vis= 0x1708
01-25 01:25:30.981  4839  4839 D ViewRootImpl@4279139[WatchWhileActivity]: Relayout returned: oldFrame=[0,0][1080,1920] newFrame=[0,0][1080,1920] result=0x3 surface={isValid=true 517395520000} surfaceGenerationChanged=true
01-25 01:25:30.981  4839  4839 D ViewRootImpl@4279139[WatchWhileActivity]: mHardwareRenderer.initialize() mSurface={isValid=true 517395520000} hwInitialized=true
01-25 01:25:30.983  4839  5010 D mali_winsys: EGLint new_window_surface(egl_winsys_display*, void*, EGLSurface, EGLConfig, egl_winsys_surface**, egl_color_buffer_format*, EGLBoolean) returns 0x3000,  [1080x1920]-format:1
01-25 01:25:30.994  3755  7363 D ActivityManager: post active user change for 0 fullscreen true isHomeActivity() false
01-25 01:25:30.994  3755  7363 D KnoxTimeoutHandler: postActiveUserChange [MsgParam] userId: 0 fullscreen is true showWhenlocked is false isMutiwindowRecord is false multiwindowstyle is 0
01-25 01:25:30.994  3755  3755 D KnoxTimeoutHandler: handleActiveUserChange [MsgParam] userId: 0 fullscreen is true showWhenlocked is false isMutiwindowRecord is false multiwindowstyle is 0
01-25 01:25:30.995  3755  3755 I KnoxTimeoutHandler: Shared devices show user statefalse
01-25 01:25:30.995  3755  7395 V WindowManager: Relayout Window{4de9271d0 u0 com.google.android.youtube/com.google.android.apps.youtube.app.WatchWhileActivity}: viewVisibility=0 req=1080x1920 WM.LayoutParams{(0,0)(fillxfill) sim=#110 ty=1 fl=#81810100 pfl=0x20000 fmt=-3 wanim=0x1030465 vsysui=0x1700 needsMenuKey=2 naviIconColor=0}
01-25 01:25:31.004  4839  4839 D ViewRootImpl@4279139[WatchWhileActivity]: Relayout returned: oldFrame=[0,0][1080,1920] newFrame=[0,0][1080,1920] result=0x1 surface={isValid=true 517395520000} surfaceGenerationChanged=false
01-25 01:25:31.022  3219  7712 I Layer   : [com.google.android.youtube/com.google.android.apps.youtube.app.WatchWhileActivity] addSyncPoint start
01-25 01:25:31.022  3219  7712 I Layer   : [com.google.android.youtube/com.google.android.apps.youtube.app.WatchWhileActivity] addSyncPoint end
01-25 01:25:31.022  3219  7712 I Layer   : [com.google.android.youtube/com.google.android.apps.youtube.app.WatchWhileActivity] addSyncPoint start
01-25 01:25:31.022  3219  7712 I Layer   : [com.google.android.youtube/com.google.android.apps.youtube.app.WatchWhileActivity] addSyncPoint end
01-25 01:25:31.030  3755  5047 D WindowManager: finishDrawingWindow: Window{4de9271d0 u0 com.google.android.youtube/com.google.android.apps.youtube.app.WatchWhileActivity} mDrawState=DRAW_PENDING
01-25 01:25:31.030  4839  4839 D ViewRootImpl@4279139[WatchWhileActivity]: MSG_WINDOW_FOCUS_CHANGED 1
01-25 01:25:31.030  4839  4839 D ViewRootImpl@4279139[WatchWhileActivity]: mHardwareRenderer.initializeIfNeeded()#2 mSurface={isValid=true 517395520000}
01-25 01:25:31.032  3219  3281 I Layer   : [com.google.android.youtube/com.google.android.apps.youtube.app.WatchWhileActivity] addSyncPoint start
01-25 01:25:31.032  3219  3281 I Layer   : [com.google.android.youtube/com.google.android.apps.youtube.app.WatchWhileActivity] addSyncPoint end
01-25 01:25:31.032  3219  3281 I Layer   : [com.google.android.youtube/com.google.android.apps.youtube.app.WatchWhileActivity] addSyncPoint start
01-25 01:25:31.032  3219  3281 I Layer   : [com.google.android.youtube/com.google.android.apps.youtube.app.WatchWhileActivity] addSyncPoint end
01-25 01:25:31.035  3219  3219 D hwcutils: MppFactory::MppFactory()
01-25 01:25:31.035  3219  3219 D         : virtual LibMpp *MppFactory::CreateMpp(int, int, int, int) dev(4) mode(0) drm(0), 
01-25 01:25:31.035  3219  3219 D libexynosgscaler: LibMpp::LibMpp()
01-25 01:25:31.039  4839  4839 V InputMethodManager: Starting input: tba=android.view.inputmethod.EditorInfo@1fe3d1a nm : com.google.android.youtube ic=null
01-25 01:25:31.039  4839  4839 I InputMethodManager: [IMM] startInputInner - mService.startInputOrWindowGainedFocus
01-25 01:25:31.040  3755  6277 D InputMethodManagerService: windowGainedFocus mCurrentFocusedUserId - 0 and mSecureKeypadEnabled-false
01-25 01:25:31.040  3755  6277 V InputMethodManagerService: windowGainedFocus: reason=WINDOW_FOCUS_GAIN client=android.os.BinderProxy@d778d8a inputContext=null missingMethods= attribute=android.view.inputmethod.EditorInfo@c943f4b nm = com.google.android.youtube controlFlags=#105 softInputMode=#110 windowFlags=#81810100
01-25 01:25:31.040  3755  6277 V InputMethodManagerService: Unspecified window will hide input
01-25 01:25:31.040  3755  6277 D InputMethodManagerService: mDesktopModeManager null!
01-25 01:25:31.040  3755  6277 V InputMethodManagerService: hideCurrentInputLocked - !shouldHideSoftInput
01-25 01:25:31.041  3755  6277 D InputTransport: Input channel constructed: fd=357
01-25 01:25:31.041  3755  6277 D InputTransport: Input channel destroyed: fd=357
01-25 01:25:31.041  4839  4839 D InputTransport: Input channel constructed: fd=127
01-25 01:25:31.044  8282  8282 E FullInputEventModel: onStartInput event aborted: com.touchtype.keyboard.e.p: could not obtain extracted text (class com.touchtype.keyboard.e.p)
01-25 01:25:31.368  3755  3790 I WindowManager_SurfaceController: Destroying surface Surface(name=com.google.android.youtube/com.google.android.apps.youtube.app.WatchWhileActivity_dim) called by com.android.server.wm.WindowStateAnimator.finishExit:593 com.android.server.wm.AppWindowAnimator.stepAnimationLocked:493 com.android.server.wm.WindowAnimator.updateAppWindowsLocked:227 com.android.server.wm.WindowAnimator.animateLocked:919 com.android.server.wm.WindowAnimator.-wrap0:-1 com.android.server.wm.WindowAnimator$1.doFrame:180 android.view.Choreographer$CallbackRecord.run:925 android.view.Choreographer.doCallbacks:702 
01-25 01:25:31.368  3219  9867 I SurfaceFlinger: id=3531 Removed XatchWhileA (1/8)
01-25 01:25:31.368  3219  3284 I SurfaceFlinger: id=3531 Removed XatchWhileA (-2/8)
01-25 01:25:31.375  3755  3790 D CustomFrequencyManagerService: releaseDVFSLockLocked : Getting Lock type frm List : DVFS_MIN_LIMIT  frequency : 1300000  uid : 1000  pid : 3755  tag : AMS_ACT_RESUME@CPU_MIN@13
01-25 01:25:31.375  3755  3790 D ActivityManagerPerformance: AMP_release() ACT_RESUME
01-25 01:25:31.645  5679  5679 D io_stats: !@   8,0 r 738085 24594588 w 549632 14420308 d 84502 7936400 f 138275 138243 iot 963990 597977 th 61440 61440 60516 pt 700 inp 0 0 61400.016
01-25 01:25:31.854  3755  4459 D WifiStateMachine: Current network is: "wilkinson2.4" , ID is: 30
01-25 01:25:31.854  3755  4459 I WifiStateMachine: IMS calling, current network is always qualified
01-25 01:25:31.998  3755  4415 D InputReader: Input event(5): value=1 when=61400370320000
01-25 01:25:31.999  3755  4415 D InputReader: !@notifyKey(116), action=0
01-25 01:25:32.000  3755  4415 D InputManager-JNI: !@interceptKeyBeforeQueueing(116), action=0, interactive=true
01-25 01:25:32.007  3755  4415 I Telecom : TelecomFeature: getContactsPackageName: com.samsung.android.contacts: TSI.iR@EXI
01-25 01:25:32.008  3755  4415 I Telecom : com.android.server.telecom.TelecomServiceImpl$1: getSystemDialerPackage: com.samsung.android.contacts: TSI.iR@EXI
01-25 01:25:32.008  3755  4415 I Telecom : TelecomFeature: getContactsPackageName: com.samsung.android.contacts: TSI.iR@EXI
01-25 01:25:32.008  3755  4415 I Telecom : com.android.server.telecom.TelecomServiceImpl$1: getSystemDialerPackage: com.samsung.android.contacts: TSI.iR@EXI
01-25 01:25:32.009  3755  4415 D InputManager-JNI: !@handleInterceptActions(116), action=0, wmActions=0
01-25 01:25:32.127  3755  4415 D InputReader: Input event(5): value=0 when=61400500182000
01-25 01:25:32.127  3755  4415 D InputReader: !@notifyKey(116), action=1
01-25 01:25:32.128  3755  4415 D InputManager-JNI: !@interceptKeyBeforeQueueing(116), action=1, interactive=true
01-25 01:25:32.129  3755  4415 D PowerManagerService: [api] [s] goToSleep: 4 (uid: 1000 pid: 3755) eventTime = 61400370
01-25 01:25:32.129  3755  4415 I PowerManagerService: !@[ps] Screen__Off - 160 :  goToSleep:  (uid: 1000 pid: 3755) (4)
01-25 01:25:32.129  3755  4415 I PowerManagerService: Going to sleep due to power button (uid 1000)...
01-25 01:25:32.129  3755  4415 D InputManager-JNI: setInteractive(false)
01-25 01:25:32.130  3755  4415 D InputManager-JNI: setBlockDeviceFromNative
01-25 01:25:32.130  3755  4415 D InputManager: sBDM(): isSet=false deviceType=1 isForce=true caller=inputdispatcher.forcetouch
01-25 01:25:32.130  3755  4548 D NetworkPolicy: onScreenStateChanged, state: false, reason: 2
01-25 01:25:32.130  3755  4415 D InputManager: sBDM(): requested caller not exist!
01-25 01:25:32.130  3755  4415 D InputReader: mBlockedDevices=0x00000000
01-25 01:25:32.130  3755  4415 D PowerManagerService: mDisplayReady: false
01-25 01:25:32.130  3755  3792 D DisplayPowerController: animateScreenStateChange[0]: target=1
01-25 01:25:32.130  3755  3792 D ColorFade: prepare: mode=4
01-25 01:25:32.131  4621  2573 D KeyguardViewMediator: onStartedGoingToSleep(2)
01-25 01:25:32.131  3755  4415 D InputManager-JNI: !@handleInterceptActions(116), action=1, wmActions=0
01-25 01:25:32.131  4839  4839 V InputMethodManager: Starting input: tba=android.view.inputmethod.EditorInfo@bfa204b nm : com.google.android.youtube ic=null
01-25 01:25:32.131  4839  4839 I InputMethodManager: [IMM] startInputInner - mService.startInputOrWindowGainedFocus
01-25 01:25:32.131  3219  3219 I SurfaceFlinger: id=3532 createSurf (1080x1920),2 flag=404, DolorFade
01-25 01:25:32.132  3755  4498 D InputTransport: Input channel constructed: fd=357
01-25 01:25:32.132  3755  4498 D InputTransport: Input channel destroyed: fd=357
01-25 01:25:32.132  4839  4839 D InputTransport: Input channel constructed: fd=132
01-25 01:25:32.132  4839  4839 D InputTransport: Input channel destroyed: fd=127
01-25 01:25:32.134  4621  2573 D KeyguardViewMediator: Lock timeout lockAfterTimeout=5000 policyTimeout=0 displayTimeout=600000
01-25 01:25:32.134  4621  2573 D KeyguardViewMediator: timeout = 5000
01-25 01:25:32.134  8282  8282 E FullInputEventModel: onStartInput event aborted: com.touchtype.keyboard.e.p: could not obtain extracted text (class com.touchtype.keyboard.e.p)
01-25 01:25:32.137  3755  3792 D mali_winsys: EGLint new_window_surface(egl_winsys_display*, void*, EGLSurface, EGLConfig, egl_winsys_surface**, egl_color_buffer_format*, EGLBoolean) returns 0x3000,  [1080x1920]-format:1
01-25 01:25:32.142  4621  2573 D FactoryTest: checkAutomationTestOption() : option=0
01-25 01:25:32.142  4621  2573 D FactoryTest: checkAutomationTestOption() : mode_screenlock=0
01-25 01:25:32.145  3241 19486 I APM_AudioPolicyManager: getSituationVolume: isBTConnected:0 isHeadConnected:0
01-25 01:25:32.146  3241 18202 W AudioPolicyIntefaceImpl: getOutputForAttr uid 10055 tried to pass itself off as 1000
01-25 01:25:32.147  4621  2573 W AudioTrack: AUDIO_OUTPUT_FLAG_FAST denied by client; transfer 4, track 44100 Hz, output 48000 Hz
01-25 01:25:32.148  3241 11448 I AudioFlinger: add dynamic flag, can move to deep thread, session 16305
01-25 01:25:32.148  3241 11448 W AudioFlinger: TrackBase uid 10055 tried to pass itself off as 1000
01-25 01:25:32.149  3241  9518 W AudioPolicyIntefaceImpl: Skipped to add effects on session 16305
01-25 01:25:32.149  3241  9518 I APM_AudioPolicyManager: startOutput() output 21, stream 1, session 16305
01-25 01:25:32.152  3241  3486 D audio_hw_primary: out_set_parameters: enter: kvpairs: routing=2
01-25 01:25:32.152  3241  3486 I audio_hw_primary: out_set_parameters adev->out_device:2
01-25 01:25:32.152  3241  3486 I audio_hw_primary: is_voice_wakeup : ret =  0  , wakeup_baby_cry_enabled = 0  ,  wakeup_mic_enabled = 0 
01-25 01:25:32.152  3241  3486 V audio_hw_primary: select_devices output_scenario:0 input_scenario:28 out_snd_device 0x2 in_snd_device:0xb
01-25 01:25:32.152  3241  3486 I audio_hw_primary: select_devices - do not update mixer_path
01-25 01:25:32.152  3241  3486 D AudioFlinger: setCurDevice() 0x2
01-25 01:25:32.154  4621  2573 D KeyguardViewMediator: notifyStartedGoingToSleep
01-25 01:25:32.156  4621  4621 D KeyguardFingerPrint: shouldListenForFingerprint ( isFingerprintEnabled = false , mKeyguardIsVisible = false , mDeviceInteractive = true , mBouncer = false , mGoingToSleep = true , mSwitchingUser = false , mFingerprintAlreadyAuthenticated = false , mKeyguardUnlocking = false
01-25 01:25:32.156  4621  4621 D KeyguardFingerPrint: shouldListenForFingerprint ( fingerprint is not enabled. ) 
01-25 01:25:32.156  4621  4621 V KeyguardFingerPrint: stopListeningForFingerprint()
01-25 01:25:32.156  4621  4621 D KeyguardViewMediator: handleNotifyStartedGoingToSleep
01-25 01:25:32.169  3241  3486 I AudioMixer: create resampler src 44100, 2, dst 48000, 2, q 8
01-25 01:25:32.169  3241  3486 D SoundAliveResampler: [SoundAliveResampler] Init+++
01-25 01:25:32.170  3755  3792 D ColorFade: ColorFade is ready
01-25 01:25:32.170  3755  3792 D DisplayPowerController: ColorFade: onAnimationStart
01-25 01:25:32.170  3755  3792 D DisplayPowerController: [Dual Screen Compatible] state[0] :2
01-25 01:25:32.209  3219  3219 D libexynosgscaler: virtual CGscaler::~CGscaler()
01-25 01:25:32.209  3219  3219 D libexynosgscaler: virtual LibMpp::~LibMpp()
01-25 01:25:32.209  3219  3219 D         : virtual MppFactory::~MppFactory()
01-25 01:25:32.295  3755  5047 D AudioService: getStreamVolume 3 index 110
01-25 01:25:32.303  3755  3774 D CompatibilityInfo: mCompatibilityFlags - 0
01-25 01:25:32.303  3755  3774 D CompatibilityInfo: applicationDensity - 420
01-25 01:25:32.303  3755  3774 D CompatibilityInfo: applicationScale - 1.0
01-25 01:25:32.470  3755  3792 D DisplayPowerState: !@ [0] ColorFade entry
01-25 01:25:32.470  3755  3792 D PowerManagerService: [input device light] onColorFadeExit(false)
01-25 01:25:32.470  3755  3792 D DisplayPowerController: ColorFade: onAnimationEnd
01-25 01:25:32.472  3755  3792 D DisplayPowerController: animateScreenStateChange[0]: target=1
01-25 01:25:32.472  3755  3792 D DisplayPowerController: [M OS] 0 REPORTED_TO_POLICY_SCREEN_* -> REPORTED_TO_POLICY_SCREEN_OFF.
01-25 01:25:32.472  3755  4551 D lights  : lcd : 0 +
01-25 01:25:32.473  3755  3792 D ActivityTrigger: ActivityTrigger activityPauseTrigger 
01-25 01:25:32.473  3755  3792 D GameManagerService: sem_perfomance_mode: 0
01-25 01:25:32.478  3755  4551 D lights  : lcd : 0 -
01-25 01:25:32.499  3241  3373 I APM_AudioPolicyManager: stopOutput() output 21, stream 1, session 16305
01-25 01:25:32.518  3755  5085 D ActivityManager: setAppIconInfo(), x : 131, y : 506, width : 255, height : 305, isHomeItem : false
01-25 01:25:32.518  3755  3792 D SemContextService: removeListener() : Listener = com.samsung.android.hardware.context.SemContextService$Listener@4c4fff8, Service = Auto Rotation, used = 0
01-25 01:25:32.519  3755  3774 D ActivityTrigger: ActivityTrigger activityStopTrigger 
01-25 01:25:32.519  3755  3792 W CAE     : unregisterCallback(ContextAwareService.java:217) - [unregi 01] Mutex is locked for AUTO_ROTATION
01-25 01:25:32.521  3755  3792 V CAE     : stop(ContextProvider.java:155)
01-25 01:25:32.522  3755  3792 V CAE     : clear(AutoRotationRunner.java:182)
01-25 01:25:32.523  3755  3792 V CAE     : disable(AutoRotationRunner.java:171)
01-25 01:25:32.524  3755  3792 I CAE     : sendCmdToSensorHub(SensorHubCommManager.java:162) - -78, 7, 0, 0,
01-25 01:25:32.524  3755  3792 D SensorHubManager: SendSensorHubData: send data = -78, 7, 0, 0
01-25 01:25:32.526  3231  3266 D Sensorhubs: sendContextData: -78, 7, 0, 0
01-25 01:25:32.534  3755  3792 D CAE     : getFaultDetectionResult(AutoRotationRunner.java:195) - true
01-25 01:25:32.535  3755  3792 I CAE     : notifyCmdProcessResultObserver(ContextProvider.java:627) - CheckResult = 0, Cause = Success
01-25 01:25:32.543  3755  7367 D ConnectivityService: filterNetworkStateForUid() uid: 10187 networkInfo: [type: WIFI[] - WIFI, state: CONNECTED/CONNECTED, reason: (unspecified), extra: "wilkinson2.4", failover: false, available: true, roaming: false, metered: false]
01-25 01:25:32.548  3755  3792 D CAE     : doCommendProcess(ContextAwareService.java:444) - complete notify the operation result.
01-25 01:25:32.549  4839  9110 I ACodec  : [OMX.google.aac.decoder] Now Executing->Idle
01-25 01:25:32.550  3755  3792 I CAE     : displayUsedCountForService(ContextAwareService.java:536) - totalCnt = 0, serviceCount = 0, subCollectionCount = 0
01-25 01:25:32.550  3755  3792 D CAE     : showListenerList(ContextAwareService.java:377) - ===== Context Aware Service List =====
01-25 01:25:32.551  3755  3792 I CAE     : showListenerList(ContextAwareService.java:386) - Listener : com.samsung.android.contextaware.manager.ContextAwareService$Listener@57a7418, Service : PEDOMETER(1)
01-25 01:25:32.552  3755  3792 I CAE     : showListenerList(ContextAwareService.java:386) - Listener : com.samsung.android.contextaware.manager.ContextAwareService$Listener@ead6f73, Service : ACTIVITY_TRACKER_BATCH(1)
01-25 01:25:32.552  3755  3792 I CAE     : showListenerList(ContextAwareService.java:386) - Listener : com.samsung.android.contextaware.manager.ContextAwareService$Listener@acffaa9, Service : STEP_LEVEL_MONITOR(1)
01-25 01:25:32.553  3755  3792 I CAE     : showListenerList(ContextAwareService.java:386) - Listener : com.samsung.android.contextaware.manager.ContextAwareService$Listener@fac7cb2, Service : SENSOR_STATUS_CHECK_RUNNER(1)
01-25 01:25:32.555  3755  3792 I CAE     : showListenerList(ContextAwareService.java:386) - Listener : com.samsung.android.contextaware.manager.ContextAwareService$Listener@164059b, Service : ACTIVITY_TRACKER_CURRENT_INFO(1)
01-25 01:25:32.555  3755  3792 I CAE     : showListenerList(ContextAwareService.java:386) - Listener : com.samsung.android.contextaware.manager.ContextAwareService$Listener@164059b, Service : ACTIVITY_TRACKER(1)
01-25 01:25:32.556  3755  3792 W CAE     : unregisterCallback(ContextAwareService.java:252) - [unregi 02] Mutex is unlocked for AUTO_ROTATION
01-25 01:25:32.556  3755  3792 D SemContextService: 	.unregisterCallback : 5, client=
01-25 01:25:32.556  3755  3792 D SemContextService: ===== SemContext Service List =====
01-25 01:25:32.556  4839  9110 I ACodec  : [OMX.google.aac.decoder] Now Idle->Loaded
01-25 01:25:32.556  3755  3792 D SemContextService: Listener : com.samsung.android.hardware.context.SemContextService$Listener@712ee71, Service : Step Level Monitor
01-25 01:25:32.556  3755  3792 D SemContextService: Listener : com.samsung.android.hardware.context.SemContextService$Listener@712ee71, Service : Pedometer
01-25 01:25:32.556  3755  3792 D SemContextService: Listener : com.samsung.android.hardware.context.SemContextService$Listener@dbfae30, Service : Activity Batch
01-25 01:25:32.556  4839  9110 I ACodec  : [OMX.google.aac.decoder] Now Loaded
01-25 01:25:32.556  3755  3792 D SemContextService: Listener : com.samsung.android.hardware.context.SemContextService$Listener@e1b8403, Service : Sensor Status Check
01-25 01:25:32.556  3755  3792 D SemContextService: Listener : com.samsung.android.hardware.context.SemContextService$Listener@580ff0c, Service : Activity Tracker
01-25 01:25:32.556  4839  9110 I ACodec  :  [OMX.google.aac.decoder] Now kWhatShutdownCompleted event : 8445
01-25 01:25:32.556  3755  3792 D SemContextManager:   .unregisterListener : listener = android.hardware.scontext.SContextManager$SContextListenerDelegate@5b1e0cc, service=Auto Rotation
01-25 01:25:32.557  3755  3792 D SContextManager:   .unregisterListener : listener = com.android.server.policy.WindowOrientationListener$OrientationSensorJudge@7f927a3, service=Auto Rotation
01-25 01:25:32.557  4839  9110 I MediaCodec: Codec shutdown complete
01-25 01:25:32.557  3755  3792 V KeyguardServiceDelegate: onScreenTurnedOff()
01-25 01:25:32.559  4621  5100 D KeyguardViewMediator: notifyScreenTurnedOff
01-25 01:25:32.560  4621  4621 D KeyguardViewMediator: handleNotifyScreenTurnedOff
01-25 01:25:32.561  4621  4621 D vol.SecVolumeDialog: onScreenTurnedOff()
01-25 01:25:32.561  3755  3792 D DisplayPowerController: mWindowManagerPolicy.screenTurnedOff(0)
01-25 01:25:32.561  3755  3792 D DisplayPowerController: [Dual Screen Compatible] state[0] :1
01-25 01:25:32.561  4621  4621 D vol.SecVolumeDialog: dismissH reason: 4
01-25 01:25:32.561  3755  3792 D DisplayPowerController: Animating brightness: target=0, rate=0 (PSM:true, AB limit:(-1 ~ -1) MB Limit:(-1 ~ -1))
01-25 01:25:32.561  3755  9708 I MateSvc|AgentSvcRelay: relay action 0x210002
01-25 01:25:32.562  4621  4621 D vol.SecVolumeDialog: dismissH : false
01-25 01:25:32.562  3755  9708 W ActivityManager: Unable to start service Intent { cmp=com.samsung.android.mateagent/.interact.AgentService launchParam=MultiScreenLaunchParams { mDisplayId=0 mFlags=0 } } U=0: not found
01-25 01:25:32.562  3755  3792 D DisplayPowerController: animateScreenStateChange[0]: target=1
01-25 01:25:32.562  3755  3792 D DisplayPowerController: [Dual Screen Compatible] state[0] :1
01-25 01:25:32.563  3755  3792 D DisplayPowerController: Animating brightness: target=0, rate=0 (PSM:true, AB limit:(-1 ~ -1) MB Limit:(-1 ~ -1))
01-25 01:25:32.563  3755 10081 D MISC PowerHAL: sysfs_write +: /sys/class/input/event2/device/enabled: 0
01-25 01:25:32.563  3755 10081 D MISC PowerHAL: sysfs_write -: /sys/class/input/event2/device/enabled: 0
01-25 01:25:32.564  3755 10082 D MISC PowerHAL: sysfs_write +: /sys/class/input/event0/device/enabled: 0
01-25 01:25:32.564  3755 10083 D MISC PowerHAL: sysfs_write +: /sys/class/input/event1/device/enabled: 0
01-25 01:25:32.566  3755 10082 D MISC PowerHAL: sysfs_write -: /sys/class/input/event0/device/enabled: 0
01-25 01:25:32.569  4621  4621 D LockIcon: state = 0, mLastState = 0, mDeviceInteractive = true, mLastDeviceInteractive = true, mScreenOn = false, mLastScreenOn = true,  force = false
01-25 01:25:32.572  4839  9110 I ACodec  :  [OMX.google.aac.decoder] Now uninitialized
01-25 01:25:32.572  4839  9110 I ACodec  :  [] Now kWhatShutdownCompleted event : 8445
01-25 01:25:32.573  4839  9110 I MediaCodec: Codec shutdown complete
01-25 01:25:32.573  3755 10083 D MISC PowerHAL: sysfs_write -: /sys/class/input/event1/device/enabled: 0
01-25 01:25:32.574  3755  3797 D MISC PowerHAL: sysfs_write +: /sys/class/power_supply/battery/lcd: 0
01-25 01:25:32.575  3755  3797 D MISC PowerHAL: sysfs_write -: /sys/class/power_supply/battery/lcd: 0
01-25 01:25:32.575  3755  3797 D DisplayManagerService: !@display_state: ON -> OFF brightness: 0 -> 0
01-25 01:25:32.576  3755  3790 I DisplayManagerService: Display device changed state: "Built-in Screen", OFF
01-25 01:25:32.577  3219  3219 D SurfaceFlinger: Set power mode=0, type=0 flinger=0x755b088940
01-25 01:25:32.577  3219  3219 I hwcomposer: int exynos_setPowerMode(struct hwc_composer_device_1 *, int, int):: disp(0), mode(0)
01-25 01:25:32.583  3755  3755 D GameManagerService: onDisplayChanged. displyId: 0
01-25 01:25:32.583  3755  3755 D GameManagerService: dpi: 420, longPixel: 1920, shortPixel: 1080
01-25 01:25:32.595  3755  5047 D ConnectivityService: filterNetworkStateForUid() uid: 10187 networkInfo: [type: WIFI[] - WIFI, state: CONNECTED/CONNECTED, reason: (unspecified), extra: "wilkinson2.4", failover: false, available: true, roaming: false, metered: false]
01-25 01:25:32.607  3755  3766 D ConnectivityService: filterNetworkStateForUid() uid: 10187 networkInfo: [type: WIFI[] - WIFI, state: CONNECTED/CONNECTED, reason: (unspecified), extra: "wilkinson2.4", failover: false, available: true, roaming: false, metered: false]
01-25 01:25:32.629  3755  5047 D AudioService: getStreamVolume 3 index 110
01-25 01:25:32.632  3755  5085 D MediaSessionRecord: setPlaybackState oldState:1, newState:0, packageName:com.google.android.youtube
01-25 01:25:32.632  4621  4708 D vol.MediaSessions: updateRemoteControllerH null
01-25 01:25:32.633  4621  4708 D vol.MediaSessions: onActiveSessionsUpdatedH n=0
01-25 01:25:32.634  4621  4708 D vol.MediaSessions: Removing YouTube sentRemote=false
01-25 01:25:32.634  4621  4708 D vol.MediaSessions: onActiveSessionsUpdatedH n=0
01-25 01:25:32.635  4621  4708 D vol.MediaSessions: updateRemoteControllerH null
01-25 01:25:32.635  4621  4708 D vol.MediaSessions: onActiveSessionsUpdatedH n=0
01-25 01:25:32.636  4621  4708 D vol.MediaSessions: onActiveSessionsUpdatedH n=0
01-25 01:25:32.639  4839  4915 W YouTube : Pinging https://s.youtube.com/api/stats/watchtime?cl=230461177&of=lbdBJ1DOpxK8WLWMXMXNaA&fexp=11202606%2C11206652%2C11207906%2C11209588%2C11210174%2C11210480%2C11210485%2C23701349%2C23710476%2C23721898%2C23726564%2C23728352%2C23738542%2C23744176%2C23750989%2C23751767%2C23752869%2C23752994%2C23754502%2C23755886%2C23755898%2C23758087%2C23760462%2C23760559%2C23761607%2C23762649%2C23764065%2C23764184%2C23768011%2C23772610%2C23773174%2C23773258%2C23775738%2C23775770%2C23776679%2C23777853%2C23779936%2C23781413%2C23782011%2C23782173%2C23782285%2C23783213%2C23783369%2C23783454%2C23784589%2C23785132%2C23786554%2C23786611%2C23786637%2C23787449%2C23789431%2C23789737%2C23789809%2C23790114%2C9406013%2C9425363%2C9448413%2C9449243%2C9456940%2C9469074%2C9474356%2C9479784%2C9485000&plid=AAWAQjUMM3Je7v28&el=detailpage&ei=uahKXL7dIZzYj-8P6dul2AM&len=690&ns=yt&vm=CAEQARgE&cpn=qsiBSHA1AA2vrPOu&ver=2&csdk=24&cbrand=samsung&c=android&cbrver=13.50.52&cmodel=SM-N920V&cplatform=mobile&cver=13.50.52&cbr=com.google.android.youtube&cosver=7.0&cos=Android&cplayer=ANDROID_EXOPLAYER&rt=804.4&lact=1606&fmt=248&afmt=140&state=paused&st=690.0&uao=0&volume=73&et=690.0&vis=1&conn=3&rti=1058.2&docid=(scrubbed)&referrer=(scrubbed)
01-25 01:25:32.654  3755  7343 D CompatibilityInfo: mCompatibilityFlags - 0
01-25 01:25:32.654  3755  7343 D CompatibilityInfo: applicationDensity - 420
01-25 01:25:32.654  3755  7343 D CompatibilityInfo: applicationScale - 1.0
01-25 01:25:32.655  3755  6281 I Sensors : Acc old sensor_state 1, new sensor_state : 0 en : 0
01-25 01:25:32.661  5873  5873 W ChimeraUtils: Non Chimera context
01-25 01:25:32.663  4839  4839 D SensorManager: unregisterListener ::   
01-25 01:25:32.670  3755  5085 D ConnectivityService: filterNetworkStateForUid() uid: 10187 networkInfo: [type: WIFI[] - WIFI, state: CONNECTED/CONNECTED, reason: (unspecified), extra: "wilkinson2.4", failover: false, available: true, roaming: false, metered: false]
01-25 01:25:32.673  3755  7362 D ConnectivityService: filterNetworkStateForUid() uid: 10187 networkInfo: [type: WIFI[] - WIFI, state: CONNECTED/CONNECTED, reason: (unspecified), extra: "wilkinson2.4", failover: false, available: true, roaming: false, metered: false]
01-25 01:25:32.689  3755  7344 V WindowManager: Relayout Window{4de9271d0 u0 com.google.android.youtube/com.google.android.apps.youtube.app.WatchWhileActivity}: viewVisibility=0 req=1080x1920 WM.LayoutParams{(0,0)(fillxfill) sim=#10 ty=1 fl=#81810100 pfl=0x20000 fmt=-3 wanim=0x1030465 vsysui=0x1700 sysuil=true needsMenuKey=2 naviIconColor=0}
01-25 01:25:32.698  4839  4839 D ViewRootImpl@4279139[WatchWhileActivity]: Relayout returned: oldFrame=[0,0][1080,1920] newFrame=[0,0][1080,1920] result=0x1 surface={isValid=true 517395520000} surfaceGenerationChanged=false
01-25 01:25:32.718  3219  3284 I Layer   : [com.google.android.youtube/com.google.android.apps.youtube.app.WatchWhileActivity] addSyncPoint start
01-25 01:25:32.718  3219  3284 I Layer   : [com.google.android.youtube/com.google.android.apps.youtube.app.WatchWhileActivity] addSyncPoint end
01-25 01:25:32.718  3219  3284 I Layer   : [com.google.android.youtube/com.google.android.apps.youtube.app.WatchWhileActivity] addSyncPoint start
01-25 01:25:32.718  3219  3284 I Layer   : [com.google.android.youtube/com.google.android.apps.youtube.app.WatchWhileActivity] addSyncPoint end
01-25 01:25:32.718  3755  7395 D AudioService: getStreamVolume 3 index 110
01-25 01:25:32.720  3755  7367 D AudioService: getStreamVolume 3 index 110
01-25 01:25:32.737  3755  3797 D SurfaceControl: Excessive delay in setPowerMode(): 161ms
01-25 01:25:32.738  3755  3797 D PowerManagerUtil: Excessive delay in !@display_state: OFF: 163ms
01-25 01:25:32.738  3755  3797 I libsuspend: !@autosuspend_wakeup_count_enable
01-25 01:25:32.738  3755  3797 I libsuspend: !@autosuspend_wakeup_count_enable done
01-25 01:25:32.738  3755  3797 D PowerManagerUtil: Excessive delay in DisplayManagerInternal.requestDesiredDisplayState: 176ms
01-25 01:25:32.738  3755  3792 D DisplayPowerController: animateScreenStateChange[0]: target=1
01-25 01:25:32.739  3755  3792 D DisplayPowerController: [Dual Screen Compatible] state[0] :1
01-25 01:25:32.739  3755  3792 D DisplayPowerController: Animating brightness: target=0, rate=0 (PSM:true, AB limit:(-1 ~ -1) MB Limit:(-1 ~ -1))
01-25 01:25:32.739  3755  3792 I PowerManagerService: [PWL] Off : 0s ago
01-25 01:25:32.739  3755  3792 I PowerManagerService: [PWL]   PowerManagerService.WakeLocks: ref count=1
01-25 01:25:32.739  3755  3792 I PowerManagerService: [PWL]     mWakeLockSummary : 0x1
01-25 01:25:32.739  3755  3792 I PowerManagerService: [PWL]       PARTIAL_WAKE_LOCK              'ScheduleScanReminder' (uid=10059, pid=6576, ws=null) (uid=10059, pid=6576, ws=null, pkg=com.asurion.android.verizon.vms, elapsedTime=418898)
01-25 01:25:32.739  3755  3792 I PowerManagerService: [PWL]       PARTIAL_WAKE_LOCK              'AudioIn' (uid=1041, pid=0, ws=WorkSource{10062}) (uid=1041, pid=0, ws=WorkSource{10062}, pkg=audioserver, elapsedTime=269314)
01-25 01:25:32.739  3755  3792 I PowerManagerService: [PWL]       PARTIAL_WAKE_LOCK              'AudioMix' (uid=1041, pid=0, ws=null) (uid=1041, pid=0, ws=null, pkg=audioserver, elapsedTime=29307)
01-25 01:25:32.739  3755  3792 I PowerManagerService: [PWL]       PARTIAL_WAKE_LOCK              'AudioMix' (uid=1041, pid=0, ws=null) (uid=1041, pid=0, ws=null, pkg=audioserver, elapsedTime=190)
01-25 01:25:32.739  3755  3792 I PowerManagerService: [PWL]   PowerManagerService.Display: ref count=2
01-25 01:25:32.739  3755  3792 I PowerManagerService: [PWL]     mUserActivitySummary : 0x1
01-25 01:25:32.739  3755  3792 I PowerManagerService: [PWL]     mDisplayReady : false
01-25 01:25:32.739  3755  3792 D DisplayPowerController: animateScreenStateChange[0]: target=1
01-25 01:25:32.740  3755  3792 D DisplayPowerController: [Dual Screen Compatible] state[0] :1
01-25 01:25:32.740  3755  3792 D DisplayPowerController: Animating brightness: target=0, rate=0 (PSM:true, AB limit:(-1 ~ -1) MB Limit:(-1 ~ -1))
01-25 01:25:32.740  3755  3792 D PowerManagerService: [s] DisplayPowerCallbacks : onStateChanged()
01-25 01:25:32.740  3755  3792 D PowerManagerService: mDisplayReady: true
01-25 01:25:32.740  3755  3792 D PowerManagerService: [PWL] sb acquire: PowerManagerService.Dozing
01-25 01:25:32.740  3755  3792 D PowerManagerService: [PWL] sb release: PowerManagerService.Display
01-25 01:25:32.740  3755  3792 D PowerManagerService: handleSandman : startDreaming: true  (canDreamLocked: false  canDozeLocked: true)
01-25 01:25:32.740  3755  3792 D PowerManagerService: handleSandman : startDream(true)
01-25 01:25:32.744  3755  7368 D CompatibilityInfo: mCompatibilityFlags - 0
01-25 01:25:32.744  3755  7368 D CompatibilityInfo: applicationDensity - 420
01-25 01:25:32.744  3755  7368 D CompatibilityInfo: applicationScale - 1.0
01-25 01:25:32.745  3755  3792 E PowerManagerService: handleSandman : startDreaming, but isDreaming false
01-25 01:25:32.745  3755  3792 I PowerManagerService: Sleeping (uid 1000)...
01-25 01:25:32.745  3755  3792 D PowerManagerService: [s] UserActivityState : 1 -> 0
01-25 01:25:32.746  3755  3792 D PowerManagerService: [PWL] sb acquire: PowerManagerService.Broadcasts
01-25 01:25:32.746  3755  3792 D PowerManagerService: [PWL] sb release: PowerManagerService.Dozing
01-25 01:25:32.746  3755  4548 D PersonaManagerService: onfinishedGoingToSleep why = 2
01-25 01:25:32.747  4621  2573 D KeyguardViewMediator: onFinishedGoingToSleep(2)
