01-09 22:55:19.542 14150 14150 D [WeatherWidget(15061)]  DB L2: {[610591C4E30FED4A153FF198DAC84EFE259FA03515F619060291D19B9A2E73CB46DA064369D1073FED4BA9669B425DCA1DDB58C33ACF61BA86094F486812280C]}
01-09 22:55:19.542 14150 14150 D [WeatherWidget(15061)]  DB L2: {[610591C4E30FED4A153FF198DAC84EFE1A65FB0EE8B7C5763A9CB231BC13495CEEBC25F910065AF9C872A2F4E2BBC79236F267B671C5E2AB840586FA86C4D2EE]}
01-09 22:55:19.543 14150 14150 D [WeatherWidget(15061)]  : {[4E5D5C4244EADDBCDA19A1AC7B26969AC122CA82D70BF5134F46159523EC92F746C4CC9CE8750321D511FD264A16901A]}
01-09 22:55:19.546 14150 14150 D [WeatherWidget(15061)]  : {[6962E010A53E2D3751CD098CFC73BF657588F3F4788A26999E31E1752D4FF827A6718F58026175104C8EBE5B055B7F4E]}
01-09 22:55:19.547 14150 14150 D [WeatherWidget(15061)]  : {[E65FB96B7B517D18451E52AC3AC95EAE1C55837DF224D2E04BE512E5B91DAEEC3CBF89DC032BF37FFE88B84E22AF77A9]}
01-09 22:55:19.547 14150 14150 D [WeatherWidget(15061)]  : {[7EC14F8BB6636439449F06DA0EA7F05EA7C6F9B614AB48073A569CEF12D3C828]}
01-09 22:55:19.547  3757  2859 I TZ: mc_tlc_communication: tlc_open() succeeded
01-09 22:55:19.548  3757  2859 I TLC_TZ_KEYSTORE: : ctx = 0x783a270f20, comm = 0x783a270e00, sendmsg = 0x7837fba000, recvmsg = 0x7837fba440
01-09 22:55:19.548  3757  2859 I TLC_TZ_COMMON: get_filename: : TZ_COMMON: Get_filename - allow_hashing: 0
01-09 22:55:19.548 14150 14150 D [WeatherWidget(15061)]  DB L2: {[610591C4E30FED4A153FF198DAC84EFEE3319B0D622FD4A19809E90ED3C1398368D658B139FCCB8B9564F5B4E9CB634E2F5137A9B12E6FB6CA781FE071327395]}
01-09 22:55:19.548  3757  2859 I TLC_TZ_COMMON: get_filename: : TZ GetFN : priv_data.in_filename: 1000_KS_SKEY_PersonaPwdResetToken0, len: 34
01-09 22:55:19.548  3757  2859 I TLC_TZ_COMMON: get_filename: : TZ CCM : priv_data.in_fn_len: 34
01-09 22:55:19.548  3757  2859 I TLC_TZ_COMMON: get_filename: : TZ GetFN : Starting
01-09 22:55:19.548 14150 14150 D [WeatherWidget(15061)]  : {[E9BDC1AC9F9B078A92B3F309630276C89F9B6E52C087A495B97355481F2FDE5B58A757A09967AB7BD9E1187CEA5BB356FACBD4A552A7402C88647F970C513A69]}
01-09 22:55:19.549 14150 14150 D [WeatherWidget(15061)]  DB L2: {[610591C4E30FED4A153FF198DAC84EFE259FA03515F619060291D19B9A2E73CB46DA064369D1073FED4BA9669B425DCA54104EA9F8BF89EA93432E0C49424F4A]}
01-09 22:55:19.549 14150 14150 D [WeatherWidget(15061)]  DB L2: {[610591C4E30FED4A153FF198DAC84EFE1A65FB0EE8B7C5763A9CB231BC13495CAF613EFA9447403F6BB9CE09A1869F2FB5E2F39096A457A09E794DB605F02D46]}
01-09 22:55:19.551 14150 14150 D [WeatherWidget(15061)]  : {[A3D0376F110ED1708C277D8494D333F60FEAA5C695DC06C5BCC463A68D8759B59561AC759D3F668AF78C1B1218B957E3A811DE095895007FDDE939F900F3C7DC]}
01-09 22:55:19.551 14150 14150 D [WeatherWidget(15061)]  : {[57479E78314F38F7DB3EE477BEF7D670BB43903225A8E2C8ECAC2DCBEE8B3FAFB784B410249FD3F46ED9F19EBBCCC60C]}
01-09 22:55:19.552 14150 14150 D [WeatherWidget(15061)]  : {[AB2EA232D9D918C5DCF18761D4838C31104B8E91A5A763C5694710FFAD965B7D]}
01-09 22:55:19.552 14150 14150 D [WeatherWidget(15061)]  DB L2: {[610591C4E30FED4A153FF198DAC84EFEE3319B0D622FD4A19809E90ED3C1398368D658B139FCCB8B9564F5B4E9CB634ECAFB96FBA94E60D7BAD0D35566BB4041]}
01-09 22:55:19.553 14150 14150 D [WeatherWidget(15061)]  : {[E9BDC1AC9F9B078A92B3F309630276C89F9B6E52C087A495B97355481F2FDE5B58A757A09967AB7BD9E1187CEA5BB356FACBD4A552A7402C88647F970C513A69]}
01-09 22:55:19.553 14150 14150 D [WeatherWidget(15061)]  : {[038FBE6A0C1C9C4D400219E8B85B450684640AA3F6A989087DE001E389A08436]}
01-09 22:55:19.553 14150 14150 D [WeatherWidget(15061)]  : {[55815A80F8D7EB03565E3F8393CFF9E918AD5F915CD5FAE51E5B2FF14F5C1A4B1563130EEBFC107F9855B4CB50427F22]}
01-09 22:55:19.554 14150 14150 D [WeatherWidget(15061)]  DB L2: {[610591C4E30FED4A153FF198DAC84EFEE3319B0D622FD4A19809E90ED3C1398368D658B139FCCB8B9564F5B4E9CB634E9A3F12859A691271A88DB4C963E566F8]}
01-09 22:55:19.554 14150 14150 D [WeatherWidget(15061)]  : {[E9BDC1AC9F9B078A92B3F309630276C89F9B6E52C087A495B97355481F2FDE5B58A757A09967AB7BD9E1187CEA5BB356FACBD4A552A7402C88647F970C513A69]}
01-09 22:55:19.555 14150 14150 D [WeatherWidget(15061)]  DB L2: {[610591C4E30FED4A153FF198DAC84EFE259FA03515F619060291D19B9A2E73CB46DA064369D1073FED4BA9669B425DCAAF279F009C787569CB4A5E05AD2995D5]}
01-09 22:55:19.555 14150 14150 D [WeatherWidget(15061)]  DB L2: {[610591C4E30FED4A153FF198DAC84EFE1A65FB0EE8B7C5763A9CB231BC13495C5672F8163A455D7E85FD196FF6122AD67D2C4EDCF39A0A6914D843A2CAA83160]}
01-09 22:55:19.557 14150 14150 D [WeatherWidget(15061)]  : {[65D4E43CEE7D8C0CDA49BFB88BB89A27968B4E49378209C95B4CB8E9297D0BA730FA01A5373506856C1611EE9F8D9F8F]}
01-09 22:55:19.557 14150 14150 D [WeatherWidget(15061)]  : {[59EA6A3DBAD270A161BB723EFF01548F9DD24336AF7B48BD918089CB2F6B87C0E00BEE977C0A4EA4DB8910CFEBD6D0CA]}
01-09 22:55:19.558  3757  2859 I TLC_TZ_COMMON: get_filename: : TZ GetFN : enc filename: 5CF8B0DBD8AB339AFE36575F7DE1A5881144C61E21FA5EC7B0CC0D466C592214EE1DC4C33206AD7D985A1765D9F169D45DC50C534953DDD76CB81EA7E38BA310
01-09 22:55:19.558 14150 14150 D [WeatherWidget(15061)]  : {[C779B23635AEA1DE19D8E21946A84D7EBF6E42F665CE93E080A88758086C57A204B626741D37765E2B1BEC958BE1CEAD]}
01-09 22:55:19.558  3757  2859 I TZ: mc_tlc_communication: tlc_close() was called
01-09 22:55:19.558  3757  2859 I TZ: mc_tlc_communication: Closing the session
01-09 22:55:19.560 14150 14150 D [WeatherWidget(15061)]  : {[B778DD2FBB910D9C0BC35536CD290B67B9F22D4F1CD949F4ACA881B9EAE6663F]}
01-09 22:55:19.560 14150 14150 D [WeatherWidget(15061)]  DB L2: {[610591C4E30FED4A153FF198DAC84EFEE3319B0D622FD4A19809E90ED3C1398368D658B139FCCB8B9564F5B4E9CB634ECA631AF9DF676BE125BE1839FA2BAA69]}
01-09 22:55:19.561 14150 14150 D [WeatherWidget(15061)]  : {[E9BDC1AC9F9B078A92B3F309630276C89F9B6E52C087A495B97355481F2FDE5B58A757A09967AB7BD9E1187CEA5BB356FACBD4A552A7402C88647F970C513A69]}
01-09 22:55:19.561 14150 14150 D [WeatherWidget(15061)]  DB L2: {[610591C4E30FED4A153FF198DAC84EFE259FA03515F619060291D19B9A2E73CB46DA064369D1073FED4BA9669B425DCA5332A6D67E3B854AB5F34BD162D7FD36]}
01-09 22:55:19.561 14150 14150 D [WeatherWidget(15061)]  DB L2: {[610591C4E30FED4A153FF198DAC84EFE1A65FB0EE8B7C5763A9CB231BC13495C5F8E5509D71E51BE8445C5E5CB1D2D69FF78CA7ABFAAA58FE8CE29C0D31AB365]}
01-09 22:55:19.562 14150 14150 D [WeatherWidget(15061)]  : {[AB2EA232D9D918C5DCF18761D4838C31104B8E91A5A763C5694710FFAD965B7D]}
01-09 22:55:19.566 14150 14150 D [WeatherWidget(15061)]  : {[6A7C0127EA4BBB302979E48D8BC3D458C7DE07B497371FE61B6D6EC2B5F9E5AC5E0C55D1CCD366DBEAB355787EDAEBF20C8FB4917F3F4A37D9C85AC20F7D9452D86864766944E6351860EE4FDE58C1C5006098AB3F3F5182B4D179D1C7327601]}
01-09 22:55:19.575  3757  2859 I TZ: mc_tlc_communication: Freeing message buffer
01-09 22:55:19.575  3757  2859 I TZ: mc_tlc_communication: Closing MobiCore device
01-09 22:55:19.575  3757  2859 I TZ: mc_tlc_communication: tlc_close() succeeded
01-09 22:55:19.575  3757  2859 E TLC_TZ_KEYSTORE: : Count : 1, Ret : 0
01-09 22:55:19.575  3757  2859 I         : TimaKeyStore: encryptFilename : filename is: 5CF8B0DBD8AB339AFE36575F7DE1A5881144C61E21FA5EC7B0CC0D466C592214EE1DC4C33206AD7D985A1765D9F169D45DC50C534953DDD76CB81EA7E38BA310
01-09 22:55:19.575  3757  2859 I         : TimaKeyStore: /data/misc/fips_tima_keystore/user_0/5CF8B0DBD8AB339AFE36575F7DE1A5881144C61E21FA5EC7B0CC0D466C592214EE1DC4C33206AD7D985A1765D9F169D45DC50C534953DDD76CB81EA7E38BA310 exists
01-09 22:55:19.576  3757  2859 D TimaService: TIMA3: FipsKeyStore3_exist
01-09 22:55:19.576  3757  2859 D TimaService: TIMA: in getTimaVersion
01-09 22:55:19.576  3757  2859 D TimaService: TIMA: in getTimaStatus
01-09 22:55:19.576  3757  2859 D TimaService: TIMA: in getTimaStatus
01-09 22:55:19.576  3757  2859 I         : TimaKeyStore: tima_KeyStore3_exist_JNI
01-09 22:55:19.576  3757  2859 I         : TimaKeyStore: callingUid is 1000
01-09 22:55:19.576  3757  2859 E TLC_TZ_KEYSTORE: : Inside TZ_KEYSTORE_encrypt_filename()
01-09 22:55:19.576  3757  2859 I TLC_TZ_KEYSTORE: : creating new keystore context...
01-09 22:55:19.576  3757  2859 I TLC_TZ_KEYSTORE: : initializing ccm context...
01-09 22:55:19.576  3757  2859 I TLC_TZ_KEYSTORE: : root = 0, root_strlen = 1
01-09 22:55:19.576  3757  2859 I TLC_TZ_KEYSTORE: : process = ffffffff000000000000000000000013, process_strlen = 32
01-09 22:55:19.576  3757  2859 I TZ: mc_tlc_communication: input max_sendmsg_size = 1080
01-09 22:55:19.576  3757  2859 I TZ: mc_tlc_communication: input max_recvmsg_size = 1080
01-09 22:55:19.576  3757  2859 I TZ: mc_tlc_communication: root = 0, root_len = 1
01-09 22:55:19.576  3757  2859 I TZ: mc_tlc_communication: process = ffffffff000000000000000000000013, process_strlen = 32
01-09 22:55:19.576  3757  2859 I TZ: mc_tlc_communication: aligned max_sendmsg_size = 1088
01-09 22:55:19.576  3757  2859 I TZ: mc_tlc_communication: aligned max_recvmsg_size = 1088
01-09 22:55:19.576  3757  2859 I TZ: mc_tlc_communication: device_id = 0x0
01-09 22:55:19.576  3757  2859 I TZ: mc_tlc_communication: tlc_open() was called
01-09 22:55:19.576  3757  2859 I TZ: mc_tlc_communication: Opening MobiCore device
01-09 22:55:19.576  3757  2859 I TZ: mc_tlc_communication: Allocating message buffer for TCI
01-09 22:55:19.576  3757  2859 I TZ: mc_tlc_communication: Opening the session
01-09 22:55:19.577 14150 14150 D [WeatherWidget(15061)]  : {[AB2EA232D9D918C5DCF18761D4838C31104B8E91A5A763C5694710FFAD965B7D]}
01-09 22:55:19.577 14150 14150 D [WeatherWidget(15061)]  : {[47835F44FEC2C7BBFBE7512D1F4A504EBD404C1A429956ABCB46767BFEF0647C]}
01-09 22:55:19.577 14150 14150 D [WeatherWidget(15061)]  DB L2: {[610591C4E30FED4A153FF198DAC84EFEE3319B0D622FD4A19809E90ED3C1398368D658B139FCCB8B9564F5B4E9CB634E15571913B999571412BC81CA2C78A07C]}
01-09 22:55:19.578 14150 14150 D [WeatherWidget(15061)]  : {[E9BDC1AC9F9B078A92B3F309630276C89F9B6E52C087A495B97355481F2FDE5B58A757A09967AB7BD9E1187CEA5BB356FACBD4A552A7402C88647F970C513A69]}
01-09 22:55:19.578 14150 14150 D [WeatherWidget(15061)]  DB L2: {[610591C4E30FED4A153FF198DAC84EFE259FA03515F619060291D19B9A2E73CB46DA064369D1073FED4BA9669B425DCAF2800CD49BDA925C450AF84033B187A7]}
01-09 22:55:19.579 14150 14150 D [WeatherWidget(15061)]  DB L2: {[610591C4E30FED4A153FF198DAC84EFE1A65FB0EE8B7C5763A9CB231BC13495CD31242F2BDFDEBE03BA53E862DFE9789BE6992A9FC1763CCD3A0C5FBA349A7E9]}
01-09 22:55:19.585 14150 14150 D [WeatherWidget(15061)]  : {[A1AF0F6A1A65A89C43D705938923D0FEED5EA035ED6D20B759619BC00C9935D6831863E46609C00F8BD79F5366D18B84]}
01-09 22:55:19.585 14150 14150 D [WeatherWidget(15061)]  DateTimeUtil: {[A1AF0F6A1A65A89C43D705938923D0FE9DF34BB466E70FF7FD832CE714038F3A3776BB1F62D62DA80DD4A92EF35C4CD445754706FA22E18EA6EE4C5DFE5A8D8015F0293E3BBCCD400BE3EBF7F361FA015C5BF469B8015F45DCCBBB10EAB95175382FDFA3F596721B33D0989943534607]}
01-09 22:55:19.586 14150 14150 D [WeatherWidget(15061)]  : {[6C8BD4E604DF95F636C08F656DA275D4BC565E39B2BCB4A04CE7139F6599A9E6CD3B13AF3FD97B3403BBDB704954B784]}
01-09 22:55:19.587 14150 14150 D [WeatherWidget(15061)]  : {[AB2EA232D9D918C5DCF18761D4838C31104B8E91A5A763C5694710FFAD965B7D]}
01-09 22:55:19.587 14150 14150 D [WeatherWidget(15061)]  : {[C53CE27E092CD8BA4DFBF93175A1A85054BAB1668233A3939C20BCCE4C4E64AD]}
01-09 22:55:19.587 14150 14150 D [WeatherWidget(15061)]  DB L2: {[610591C4E30FED4A153FF198DAC84EFEE3319B0D622FD4A19809E90ED3C1398368D658B139FCCB8B9564F5B4E9CB634E69B10989457E152E4337E9D975335D5B]}
01-09 22:55:19.588 14150 14150 D [WeatherWidget(15061)]  : {[E9BDC1AC9F9B078A92B3F309630276C89F9B6E52C087A495B97355481F2FDE5B58A757A09967AB7BD9E1187CEA5BB356FACBD4A552A7402C88647F970C513A69]}
01-09 22:55:19.588 14150 14150 D [WeatherWidget(15061)]  DB L2: {[610591C4E30FED4A153FF198DAC84EFE259FA03515F619060291D19B9A2E73CB46DA064369D1073FED4BA9669B425DCAD722A8EEF9CBB09B388805A8159283D6]}
01-09 22:55:19.589 14150 14150 D [WeatherWidget(15061)]  DB L2: {[610591C4E30FED4A153FF198DAC84EFE1A65FB0EE8B7C5763A9CB231BC13495C0980BD17AB2024B4E3F440D28DAC546BB9F364A68CBD0F5982AB501ECDC4CAA7]}
01-09 22:55:19.590 14150 14150 D [WeatherWidget(15061)]  : {[948A6EB1C0DA2798C54B3301BBDD45C0694648AA603980A166E458521D7F57068DD819869022A35A0407A2DC433DED9DDD1A9BFB11AE030A756CE09B0BE96FB8]}
01-09 22:55:19.590 14150 14150 D [WeatherWidget(15061)]  DB L2: {[610591C4E30FED4A153FF198DAC84EFEE3319B0D622FD4A19809E90ED3C1398368D658B139FCCB8B9564F5B4E9CB634EFC8A91A2A2082A24D45D754D65EEF961]}
01-09 22:55:19.591  3757  2859 I TZ: mc_tlc_communication: tlc_open() succeeded
01-09 22:55:19.591 14150 14150 D [WeatherWidget(15061)]  : {[E9BDC1AC9F9B078A92B3F309630276C89F9B6E52C087A495B97355481F2FDE5B58A757A09967AB7BD9E1187CEA5BB356FACBD4A552A7402C88647F970C513A69]}
01-09 22:55:19.591  3757  2859 I TLC_TZ_KEYSTORE: : ctx = 0x783a270f20, comm = 0x783a270e00, sendmsg = 0x7837fba000, recvmsg = 0x7837fba440
01-09 22:55:19.591  3757  2859 I TLC_TZ_COMMON: get_filename: : TZ_COMMON: Get_filename - allow_hashing: 0
01-09 22:55:19.591  3757  2859 I TLC_TZ_COMMON: get_filename: : TZ GetFN : priv_data.in_filename: 1000_KS_SKEY_PersonaPwdResetToken0, len: 34
01-09 22:55:19.591  3757  2859 I TLC_TZ_COMMON: get_filename: : TZ CCM : priv_data.in_fn_len: 34
01-09 22:55:19.591  3757  2859 I TLC_TZ_COMMON: get_filename: : TZ GetFN : Starting
01-09 22:55:19.591 14150 14150 D [WeatherWidget(15061)]  : {[9965EFA5A36BD1E3837939C6B9E80AA76D2E78EA3FD07038785F5CB313A0CE7A30B7D7AC7D0E7781ED148AECE3F71A76]}
01-09 22:55:19.592 14150 14150 D [WeatherWidget(15061)]  DB L2: {[610591C4E30FED4A153FF198DAC84EFEE3319B0D622FD4A19809E90ED3C1398368D658B139FCCB8B9564F5B4E9CB634E7DD6FEBAD5285838C710C65EE6E4FEB3]}
01-09 22:55:19.593 14150 14150 D [WeatherWidget(15061)]  : {[E9BDC1AC9F9B078A92B3F309630276C89F9B6E52C087A495B97355481F2FDE5B58A757A09967AB7BD9E1187CEA5BB356FACBD4A552A7402C88647F970C513A69]}
01-09 22:55:19.593 14150 14150 D [WeatherWidget(15061)]  DB L2: {[610591C4E30FED4A153FF198DAC84EFE259FA03515F619060291D19B9A2E73CB46DA064369D1073FED4BA9669B425DCA2CDBEC4BD9A1DC6EEE46B4024DEC8F45]}
01-09 22:55:19.597 14150 14150 D [WeatherWidget(15061)]  : {[AB2EA232D9D918C5DCF18761D4838C31104B8E91A5A763C5694710FFAD965B7D]}
01-09 22:55:19.598 14150 14150 D [WeatherWidget(15061)]  : {[4DDAD4FFEC751211057A46C65D5CC8CB940267D64149B4EA741F4074EDA0F3C3]}
01-09 22:55:19.599 14150 14150 D [WeatherWidget(15061)]  : {[8A6B22D311CC62E1DFE8D83ADE676BAF5784C7E08D8E6335AA252FCF3CA5BDE0]}
01-09 22:55:19.599 14150 14150 D [WeatherWidget(15061)]  : {[AB2EA232D9D918C5DCF18761D4838C31104B8E91A5A763C5694710FFAD965B7D]}
01-09 22:55:19.600 14150 14150 D [WeatherWidget(15061)]  : {[AB2EA232D9D918C5DCF18761D4838C31104B8E91A5A763C5694710FFAD965B7D]}
01-09 22:55:19.600  3757  2859 I TLC_TZ_COMMON: get_filename: : TZ GetFN : enc filename: 5CF8B0DBD8AB339AFE36575F7DE1A5881144C61E21FA5EC7B0CC0D466C592214EE1DC4C33206AD7D985A1765D9F169D45DC50C534953DDD76CB81EA7E38BA310
01-09 22:55:19.600  3757  2859 I TZ: mc_tlc_communication: tlc_close() was called
01-09 22:55:19.600  3757  2859 I TZ: mc_tlc_communication: Closing the session
01-09 22:55:19.600 14150 14150 D [WeatherWidget(15061)]  DB L2: {[610591C4E30FED4A153FF198DAC84EFE34105AC04224A27A6EA4D87EAF16DF76B52CD5EF9AE8CDBACF25F24E6EA3A49D4E16D607B9579CB8F28E17B614808326]}
01-09 22:55:19.601 14150 14150 D [WeatherWidget(15061)]  DB L2: {[610591C4E30FED4A153FF198DAC84EFEE3319B0D622FD4A19809E90ED3C1398368D658B139FCCB8B9564F5B4E9CB634E2F26BE68F63556D8DF19D8BB21B67B5E]}
01-09 22:55:19.601 14150 14150 D [WeatherWidget(15061)]  : {[E9BDC1AC9F9B078A92B3F309630276C89F9B6E52C087A495B97355481F2FDE5B58A757A09967AB7BD9E1187CEA5BB356FACBD4A552A7402C88647F970C513A69]}
01-09 22:55:19.602 14150 14150 D [WeatherWidget(15061)]  DB L2: {[610591C4E30FED4A153FF198DAC84EFE259FA03515F619060291D19B9A2E73CB46DA064369D1073FED4BA9669B425DCA2A71E48B7F12859D9E0861D77BAD149F]}
01-09 22:55:19.602 14150 14150 D [WeatherWidget(15061)]  DB L2: {[610591C4E30FED4A153FF198DAC84EFE1A65FB0EE8B7C5763A9CB231BC13495C0980BD17AB2024B4E3F440D28DAC546BBB8DA59BC6470D8581DE23724885A595]}
01-09 22:55:19.607  3757 29840 D AppWidgetServiceImpl: updateAppWidgetInstanceLocked, full update widget = AppWidgetId{2:Host{HostId{user:0, app:10081, hostId:1024, pkg:com.sec.android.app.launcher}}:Provider{ProviderId{user:0, app:10184, cmp:ComponentInfo{com.sec.android.daemonapp/com.sec.android.daemonapp.appwidget.WeatherAppWidget}}}}
01-09 22:55:19.609  3757  3757 D AppWidgetServiceImpl: handleNotifyUpdateAppWidget, w = AppWidgetId{2:Host{HostId{user:0, app:10081, hostId:1024, pkg:com.sec.android.app.launcher}}:Provider{ProviderId{user:0, app:10184, cmp:ComponentInfo{com.sec.android.daemonapp/com.sec.android.daemonapp.appwidget.WeatherAppWidget}}}}, isBlackListWidget = false, mIsPolicySeqNum = true, mIsPolicyTooLarge = true, mIsPolicySkipMerge = true
01-09 22:55:19.609  3757  3757 D AppWidgetServiceImpl: handleNotifyUpdateAppWidget, seqNumber = 110
01-09 22:55:19.611  3757  7204 D CompatibilityInfo: mCompatibilityFlags - 0
01-09 22:55:19.611  3757  7204 D CompatibilityInfo: applicationDensity - 420
01-09 22:55:19.611  3757  7204 D CompatibilityInfo: applicationScale - 1.0
01-09 22:55:19.618  4616  4616 V KeyguardDisplayManager: hide (true)
01-09 22:55:19.618  3757  2859 I TZ: mc_tlc_communication: Freeing message buffer
01-09 22:55:19.618  3757  2859 I TZ: mc_tlc_communication: Closing MobiCore device
01-09 22:55:19.618  3757  2859 I TZ: mc_tlc_communication: tlc_close() succeeded
01-09 22:55:19.618  3757  2859 E TLC_TZ_KEYSTORE: : Count : 1, Ret : 0
01-09 22:55:19.618  3757  2859 I         : TimaKeyStore: encryptFilename : filename is: 5CF8B0DBD8AB339AFE36575F7DE1A5881144C61E21FA5EC7B0CC0D466C592214EE1DC4C33206AD7D985A1765D9F169D45DC50C534953DDD76CB81EA7E38BA310
01-09 22:55:19.618  3757  2859 I         : TimaKeyStore: /data/misc/fips_tima_keystore/user_0/5CF8B0DBD8AB339AFE36575F7DE1A5881144C61E21FA5EC7B0CC0D466C592214EE1DC4C33206AD7D985A1765D9F169D45DC50C534953DDD76CB81EA7E38BA310 exists
01-09 22:55:19.618  3757  2859 D TimaService: TIMA3: FipsKeyStore3_get
01-09 22:55:19.618  3757  2859 D TimaService: TIMA: in getTimaVersion
01-09 22:55:19.618  3757  2859 D TimaService: TIMA: in getTimaStatus
01-09 22:55:19.618  3757  2859 D TimaService: TIMA: in getTimaStatus
01-09 22:55:19.618  3757  2859 I         : TimaKeyStore: tima_KeyStore3_get_JNI
01-09 22:55:19.618  3757  2859 I         : TimaKeyStore: callingUid is 1000
01-09 22:55:19.618  3757  2859 E TLC_TZ_KEYSTORE: : Inside TZ_KEYSTORE_encrypt_filename()
01-09 22:55:19.618  3757  2859 I TLC_TZ_KEYSTORE: : creating new keystore context...
01-09 22:55:19.618  3757  2859 I TLC_TZ_KEYSTORE: : initializing ccm context...
01-09 22:55:19.618  3757  2859 I TLC_TZ_KEYSTORE: : root = 0, root_strlen = 1
01-09 22:55:19.618  3757  2859 I TLC_TZ_KEYSTORE: : process = ffffffff000000000000000000000013, process_strlen = 32
01-09 22:55:19.618  3757  2859 I TZ: mc_tlc_communication: input max_sendmsg_size = 1080
01-09 22:55:19.618  3757  2859 I TZ: mc_tlc_communication: input max_recvmsg_size = 1080
01-09 22:55:19.619  3757  2859 I TZ: mc_tlc_communication: root = 0, root_len = 1
01-09 22:55:19.619  3757  2859 I TZ: mc_tlc_communication: process = ffffffff000000000000000000000013, process_strlen = 32
01-09 22:55:19.619  3757  2859 I TZ: mc_tlc_communication: aligned max_sendmsg_size = 1088
01-09 22:55:19.619  3757  2859 I TZ: mc_tlc_communication: aligned max_recvmsg_size = 1088
01-09 22:55:19.619  3757  2859 I TZ: mc_tlc_communication: device_id = 0x0
01-09 22:55:19.619  3757  2859 I TZ: mc_tlc_communication: tlc_open() was called
01-09 22:55:19.619  3757  2859 I TZ: mc_tlc_communication: Opening MobiCore device
01-09 22:55:19.619  3757  2859 I TZ: mc_tlc_communication: Allocating message buffer for TCI
01-09 22:55:19.619  3757  2859 I TZ: mc_tlc_communication: Opening the session
01-09 22:55:19.633  3757  2859 I TZ: mc_tlc_communication: tlc_open() succeeded
01-09 22:55:19.633  3757  2859 I TLC_TZ_KEYSTORE: : ctx = 0x783a270f20, comm = 0x783a270e00, sendmsg = 0x7837fba000, recvmsg = 0x7837fba440
01-09 22:55:19.633  3757  2859 I TLC_TZ_COMMON: get_filename: : TZ_COMMON: Get_filename - allow_hashing: 0
01-09 22:55:19.633  3757  2859 I TLC_TZ_COMMON: get_filename: : TZ GetFN : priv_data.in_filename: 1000_KS_SKEY_PersonaPwdResetToken0, len: 34
01-09 22:55:19.633  3757  2859 I TLC_TZ_COMMON: get_filename: : TZ CCM : priv_data.in_fn_len: 34
01-09 22:55:19.633  3757  2859 I TLC_TZ_COMMON: get_filename: : TZ GetFN : Starting
01-09 22:55:19.643  3757  2859 I TLC_TZ_COMMON: get_filename: : TZ GetFN : enc filename: 5CF8B0DBD8AB339AFE36575F7DE1A5881144C61E21FA5EC7B0CC0D466C592214EE1DC4C33206AD7D985A1765D9F169D45DC50C534953DDD76CB81EA7E38BA310
01-09 22:55:19.643  3757  2859 I TZ: mc_tlc_communication: tlc_close() was called
01-09 22:55:19.643  3757  2859 I TZ: mc_tlc_communication: Closing the session
01-09 22:55:19.659  3757  2859 I TZ: mc_tlc_communication: Freeing message buffer
01-09 22:55:19.659  3757  2859 I TZ: mc_tlc_communication: Closing MobiCore device
01-09 22:55:19.659  3757  2859 I TZ: mc_tlc_communication: tlc_close() succeeded
01-09 22:55:19.659  3757  2859 E TLC_TZ_KEYSTORE: : Count : 1, Ret : 0
01-09 22:55:19.660  3757  2859 I         : TimaKeyStore: encryptFilename : filename is: 5CF8B0DBD8AB339AFE36575F7DE1A5881144C61E21FA5EC7B0CC0D466C592214EE1DC4C33206AD7D985A1765D9F169D45DC50C534953DDD76CB81EA7E38BA310
01-09 22:55:19.660  3757  2859 I TLC_TZ_KEYSTORE: : TZ_KEYSTORE_fips_unwrap_key
01-09 22:55:19.660  3757  2859 I TLC_TZ_KEYSTORE: : creating new keystore context...
01-09 22:55:19.660  3757  2859 I TLC_TZ_KEYSTORE: : initializing ccm context...
01-09 22:55:19.660  3757  2859 I TLC_TZ_KEYSTORE: : root = 0, root_strlen = 1
01-09 22:55:19.660  3757  2859 I TLC_TZ_KEYSTORE: : process = ffffffff000000000000000000000013, process_strlen = 32
01-09 22:55:19.660  3757  2859 I TZ: mc_tlc_communication: input max_sendmsg_size = 1080
01-09 22:55:19.660  3757  2859 I TZ: mc_tlc_communication: input max_recvmsg_size = 1080
01-09 22:55:19.660  3757  2859 I TZ: mc_tlc_communication: root = 0, root_len = 1
01-09 22:55:19.660  3757  2859 I TZ: mc_tlc_communication: process = ffffffff000000000000000000000013, process_strlen = 32
01-09 22:55:19.660  3757  2859 I TZ: mc_tlc_communication: aligned max_sendmsg_size = 1088
01-09 22:55:19.660  3757  2859 I TZ: mc_tlc_communication: aligned max_recvmsg_size = 1088
01-09 22:55:19.660  3757  2859 I TZ: mc_tlc_communication: device_id = 0x0
01-09 22:55:19.660  3757  2859 I TZ: mc_tlc_communication: tlc_open() was called
01-09 22:55:19.660  3757  2859 I TZ: mc_tlc_communication: Opening MobiCore device
01-09 22:55:19.660  3757  2859 I TZ: mc_tlc_communication: Allocating message buffer for TCI
01-09 22:55:19.660  3757  2859 I TZ: mc_tlc_communication: Opening the session
01-09 22:55:19.666 14150 14150 D [WeatherWidget(15061)]  WeatherAppWidget2x1: {[9C41A2EAFAAB2EF4F8363256C22FE8AD24D3616384EBEB10D68DCF98DD19E13CD615C2B7C4C3CF5D96B8B4F9C0795E5FA6C25064BAB8F7B1977A7EA885056E9E19FE0944094362EAA715E51EF2A02A34216020B7CB2993A02DE1DA77EB5D433C18AA87FFF857E4089EEB31E065D250D8]}
01-09 22:55:19.675  3757  2859 I TZ: mc_tlc_communication: tlc_open() succeeded
01-09 22:55:19.675  3757  2859 I TLC_TZ_KEYSTORE: : ctx = 0x783a270f20, comm = 0x783a270e00, sendmsg = 0x7837fba000, recvmsg = 0x7837fba440
01-09 22:55:19.675  3757  2859 I TLC_TZ_KEYSTORE: unwrap_key: : TZ_KEYSTORE_fips_unwrap_key_TLC...
01-09 22:55:19.675  3757  2859 I TLC_TZ_KEYSTORE: unwrap_key: : TZ_KEYSTORE_unwrap_key_START...
01-09 22:55:19.686  3757  2859 I TLC_TZ_KEYSTORE: unwrap_key: : TZ_KEYSTORE_unwrap_key_END...
01-09 22:55:19.686  3757  2859 I TZ: mc_tlc_communication: tlc_close() was called
01-09 22:55:19.686  3757  2859 I TZ: mc_tlc_communication: Closing the session
01-09 22:55:19.696 14150 14150 D [WeatherWidget(15061)]  : {[907D161D855C099E8A312E5C2BBE6025535DBBB5BBD827FC6E63D75F709CFBF954AE0885C52E41F05277D5DF3BE7D89405855AAA9A62A3E6274E1ABA76517016]}
01-09 22:55:19.697 14150 14150 D [WeatherWidget(15061)]  WeatherAppWidget2x1: {[9C41A2EAFAAB2EF4F8363256C22FE8AD176C2E70281622FE10C55CE4F020D91847EBF4B34973709DA9F468F8024D59099B1123845E09A0FAC59473FA9ED60953]}
01-09 22:55:19.702  3757  2859 I TZ: mc_tlc_communication: Freeing message buffer
01-09 22:55:19.702  3757  2859 I TZ: mc_tlc_communication: Closing MobiCore device
01-09 22:55:19.702  3757  2859 I TZ: mc_tlc_communication: tlc_close() succeeded
01-09 22:55:19.702  3757  2859 E TLC_TZ_KEYSTORE: : Count : 1, Ret : 0
01-09 22:55:19.702  3757  2859 I         : TimaKeyStore: returning bytearray
01-09 22:55:19.703  3757  2859 D TimaHelper: Found key : PersonaPwdResetToken0 from TIMA keystore
01-09 22:55:19.703  3757  2859 I KeyManagementUtil: retrieveCMK :: Inside
01-09 22:55:19.703  3757  2859 D KeyManagementUtil: verifyKEK :: Inside
01-09 22:55:19.704  3757  2859 D KeyManagementUtil: SND -> {keymanagement_cmd verify_kek}
01-09 22:55:19.704  3236  3278 D SDP_JNI_SKMM2:  [sdp] CALL - VerifyKEK..... 
01-09 22:55:19.704  3236  3278 D SDP_JNI_SKMM2: verifyKEK ..... 
01-09 22:55:19.704  3236  3278 D SDP_JNI_SKMM2: verifyKEK :: id=0, type=MDM
01-09 22:55:19.704  3236  3278 E SDP_DAEMON_SKMM2: int __read_payload(int, void *, size_t)(size:660)
01-09 22:55:19.705  3236  3278 E SKMM_v2.0_Mobicore_Helper: InitMode: 0
01-09 22:55:19.706  3236  3278 D SKMM_v2.0_Mobicore_Helper: Try Trustlet Open Session
01-09 22:55:19.711 15538 15939 D UE4     : [2019.01.10-03.55.19:711][  0]LogRHI: JNI Display getPresentationDeadlineNanos=17949152 getAppVsyncOffsetNanos=0 getRefreshRate=59.000000
01-09 22:55:19.711 15538 15939 D UE4     : [2019.01.10-03.55.19:711][  0]LogRHI: Final display timing metrics: DriverRefreshRate=59.0000  DriverRefreshNanos=16949153  DriverDeadlineNanos=16949152  DriverAppVsyncOffsetNanos=0
01-09 22:55:19.711 15538 15939 D UE4     : [2019.01.10-03.55.19:711][  0]LogRHI: AndroidEGL:SwapBuffers Min=0, Max=1, Request=1, ClosestDriver=1, SetDriver=1
01-09 22:55:19.714 15538 15557 D UE4     : [2019.01.10-03.55.19:714][  0]LogSlate: Slate font cache was flushed
01-09 22:55:19.719  3236  3278 I SDP_DAEMON_SKMM2: Initialized Successfully(0)
01-09 22:55:19.732 15538 15557 D UE4     : [2019.01.10-03.55.19:732][  1]LogSlate: Took 0.000703 seconds to synchronously load lazily loaded font '../../../Engine/Content/EngineFonts/Faces/DroidSansMono.ufont' (77K)
01-09 22:55:19.756  3236  3278 D SKMM_v2.0_Mobicore_Helper: Send Trustlet TCI Message
01-09 22:55:19.787  3236  3278 D SDP_JNI_SKMM2: verifyKEK ..... End
01-09 22:55:19.787  3757  4422 D KeyManagementUtil: RCV <-
01-09 22:55:19.788  3757  2859 D KeyManagementUtil: RMV <-
01-09 22:55:19.788  3757  2859 D KeyManagementUtil: event called.
01-09 22:55:19.789  3757  2859 D SdpManagerService: cacheMasterKey :: 0
01-09 22:55:19.789  3757  2859 E SDP.CRYPTO: 
01-09 22:55:19.789  3757  2859 E SDP.CRYPTO: int sdp_drv_on_unlocked(int, const char *, int)(0)
01-09 22:55:19.790  3757  2859 E SDP.CRYPTO: Rpri loaded
01-09 22:55:19.790  3757  2859 E SDP.CRYPTO: Dpri loaded
01-09 22:55:19.790  3757  2859 E SDP.CRYPTO: EDpri loaded
01-09 22:55:19.790  3757  2859 E SDP.CRYPTO: sym loaded
01-09 22:55:19.790  3757  2859 E SDP.CRYPTO:     On User Unlock OK, id 0
01-09 22:55:19.790  3757  2859 D SdpManagerService: onStateChange :: Engine Id : 0, State : 2, Roll Size : 0
01-09 22:55:19.790  3757  2859 E SdpManagerService: sendBroadcastAsUser(INTENT_SDP_STATE_CHANGED, state:2)
01-09 22:55:19.791  3757  2859 E SdpManagerService: sendBroadcastAsUser(ACTION_SDP_STATE_CHANGED, state:2)
01-09 22:55:19.791  4616 15937 D KnoxStateMonitor: unlockSdp :: Unlock SDP Successful..!
01-09 22:55:19.838  3757  4532 D WifiWatchdogStateMachine:  [|204] []
01-09 22:55:19.980  3757  4473 D CustomFrequencyManagerService: releaseDVFSLockLocked : Getting Lock type frm List : DVFS_MIN_LIMIT  frequency : 1000000  uid : 1000  pid : 3757  tag : UNLOCKSCREEN_BOOSTER@2
01-09 22:55:20.832 15538 15641 I libOpenSLES: Emulating old channel mask behavior (ignoring positional mask 0x3, using default mask 0x3 based on channel count of 2)
01-09 22:55:20.838 15538 15641 W AudioTrack: AUDIO_OUTPUT_FLAG_FAST denied by client; transfer 1, track 44100 Hz, output 48000 Hz
01-09 22:55:20.839  3237 17217 I AudioFlinger: add dynamic flag, can move to deep thread, session 33657
01-09 22:55:20.842 15538 15641 D AudioTrack: Client defaulted notificationFrames to 1181 for frameCount 3544
01-09 22:55:20.845 15538 15641 I AudioTrack: updateAudioTranstionLength FadeIn[0] FadeOut[0] FadeInRing[0]
01-09 22:55:20.847  3237  8662 W AudioPolicyIntefaceImpl: Skipped to add effects on session 33657
01-09 22:55:20.847  3237  8662 I APM_AudioPolicyManager: startOutput() output 21, stream 3, session 33657
01-09 22:55:20.850  3237  3477 D audio_hw_primary: out_set_parameters: enter: kvpairs: routing=2
01-09 22:55:20.850  3237  3477 D AudioFlinger: setCurDevice() 0x2
01-09 22:55:20.852  3237  3477 V audio_hw_primary: start_output_stream+, out->device : 00000002 , out->type = 1
01-09 22:55:20.852  3237  3477 D audio_hw_primary: start_output_stream jack_skip_check false
01-09 22:55:20.853  3237  3477 D audio_hw_primary: start_output_stream (0xe60a0260) out->pcm_device:6 out->config.rate:48000 out->config.format:0 out->period_size:240
01-09 22:55:20.853  3237  3477 D audio_hw_primary: start_output_stream (0xe60a0260) out->config.rate:48000 out->config.format:0 out->period_size:240
01-09 22:55:20.853  3237  3477 I audio_hw_primary: is_voice_wakeup : ret =  0  , wakeup_baby_cry_enabled = 0  ,  wakeup_mic_enabled = 0 
01-09 22:55:20.853  3237  3477 V audio_hw_primary: select_devices output_scenario:0 input_scenario:28 out_snd_device 0x2 in_snd_device:0xb
01-09 22:55:20.853  3237  3477 I audio_route: > audio_route_reset :
01-09 22:55:20.854  3237  3477 I audio_route: > audio_route_apply_path : "recognition-mic"
01-09 22:55:20.857  3237  3477 V audio_hw_primary: select_devices() input_route "recognition-mic" 
01-09 22:55:20.857  3237  3477 I audio_route: > audio_route_apply_path : "media-speaker"
01-09 22:55:20.933  3237  3477 V audio_hw_primary: select_devices() output_route "media-speaker" 
01-09 22:55:20.933  3237  3477 I audio_route: > audio_route_apply_path : "gain-recognition-mic"
01-09 22:55:20.933  3237  3477 V audio_hw_primary: select_devices() input_gain "gain-recognition-mic" 
01-09 22:55:20.933  3237  3477 I audio_route: > audio_route_apply_path : "gain-media-speaker"
01-09 22:55:20.934  3237  3477 V audio_hw_primary: select_devices() output_gain "gain-media-speaker" 
01-09 22:55:20.934  3237  3477 I audio_route: > audio_route_update_mixer : +
01-09 22:55:20.934  3237  3477 I audio_route: > audio_route_update_mixer : changed(0) -
01-09 22:55:20.934  3237  3477 I audio_hw_primary: select_devices - 
01-09 22:55:20.934  3237  3477 V audio_hw_primary: start_output_stream-
01-09 22:55:20.974  3237  3477 I AudioMixer: create resampler src 44100, 2, dst 48000, 2, q 8
01-09 22:55:20.974  3237  3477 D SoundAliveResampler: [SoundAliveResampler] Init+++
01-09 22:55:21.475  3757  4458 D WifiStateMachine: Current network is: "wilkinson2.4" , ID is: 30
01-09 22:55:21.475  3757  4458 I WifiStateMachine: IMS calling, current network is always qualified
01-09 22:55:21.869 11668 11706 D oneconnect[1.0.00-39][100000039] : BleHelper.MSG_INTENT_LCD_ON - SCREEN_ON when user = 0
01-09 22:55:21.889 11668 11706 D oneconnect[1.0.00-39][100000039] : BleHelper.startScan - [needScanQcBg]false || [needScanQcFG]false || [needScanCentral]false || [needScanNearby]true
01-09 22:55:21.902 11668 11706 D oneconnect[1.0.00-39][100000039] : PermissionUtil.hasPermission - android.permission.ACCESS_FINE_LOCATION: true
01-09 22:55:21.915 11668 11706 D oneconnect[1.0.00-39][100000039] : BleHelper.startScan - old:16-> new:18
01-09 22:55:21.916 11668 11706 I oneconnect[1.0.00-39][100000039] : BleHelper.stopLeScan - call BleScanner.stopScan()
01-09 22:55:21.918 11668 11706 D BluetoothAdapter: STATE_BLE_ON
01-09 22:55:21.919 11668 11706 D BluetoothAdapter: appoCount is = 0
01-09 22:55:21.921 11668 11706 D BluetoothAdapter: STATE_BLE_ON
01-09 22:55:21.921 11668 11706 D BluetoothLeScanner: could not find callback wrapper
01-09 22:55:21.921 11668 11706 D oneconnect[1.0.00-39][100000039] : BleHelper.stopLeScan - call BleScanner.stopScan() complete
01-09 22:55:22.021 11668 11706 I oneconnect[1.0.00-39][100000039] : BleHelper.startScan - add mScanFilter_NEARBY
01-09 22:55:22.021 11668 11706 D oneconnect[1.0.00-39][100000039] : BleHelper.getMyScanPreferences - set Background Scan
01-09 22:55:22.022 11668 11706 D BluetoothLeScanner: Start Scan
01-09 22:55:22.023 11668 11706 D BluetoothAdapter: STATE_BLE_ON
01-09 22:55:22.024 11668 11706 D BluetoothAdapter: appoCount is = 0
01-09 22:55:22.025 11668 11706 D BluetoothAdapter: STATE_BLE_ON
01-09 22:55:22.026 11668 11706 D BluetoothAdapter: STATE_BLE_ON
01-09 22:55:22.029 11668 11706 D BluetoothAdapter: STATE_BLE_ON
01-09 22:55:22.030 11668 11706 D BluetoothAdapter: appoCount is = 0
01-09 22:55:22.033  4561  4576 D BtGatt.GattService: registerClient() - UUID=98e58e8a-e8b9-4e3c-8dd3-d14aac647d18
01-09 22:55:22.138  4561  4688 D BtGatt.GattService: onClientRegistered() - UUID=98e58e8a-e8b9-4e3c-8dd3-d14aac647d18, clientIf=5, status=0
01-09 22:55:22.139 11668 11823 D BluetoothLeScanner: onClientRegistered() - status=0 clientIf=5 mClientIf=0
01-09 22:55:22.140  4561 16197 D BtGatt.GattService: start scan with filters
01-09 22:55:22.142  4561 16197 D BluetoothAdapter: STATE_BLE_ON
01-09 22:55:22.144  4561 16197 D BluetoothAdapter: appoCount is = 0
01-09 22:55:22.144  4561 16197 D BluetoothAdapter: STATE_BLE_ON
01-09 22:55:22.147  4561 16197 D BtGatt.GattService: getScanSettings
01-09 22:55:22.149  4561 16197 D BtGatt.GattService: Is it foreground application = false
01-09 22:55:22.149  4561 16197 D BtGatt.GattService: Its a background application running with Low Power scan mode
01-09 22:55:22.153  4561  5184 E BtGatt.GattService: [GSIM LOG]: gsimLogHandler: com.samsung.android.oneconnect, msg: MESSAGE_START_SCAN
01-09 22:55:22.153 11668 11706 D oneconnect[1.0.00-39][100000039] : BleHelper.startScan - call BleScanner.startScan() complete
01-09 22:55:22.154  4561  5167 D BtGatt.ScanManager: handling starting scan
01-09 22:55:22.155  4561  5167 D BluetoothAdapter: STATE_BLE_ON
01-09 22:55:22.156  4561  5167 D BluetoothAdapter: STATE_BLE_ON
01-09 22:55:22.157  4561  5167 D BluetoothAdapter: appoCount is = 0
01-09 22:55:22.158  4561  5167 D BluetoothAdapter: STATE_BLE_ON
01-09 22:55:22.159  4561  5167 D BluetoothAdapter: STATE_BLE_ON
01-09 22:55:22.160  4561  5167 D BluetoothAdapter: appoCount is = 0
01-09 22:55:22.162  4561  5167 D BluetoothAdapter: STATE_BLE_ON
01-09 22:55:22.164  4561  5167 D BluetoothAdapter: STATE_BLE_ON
01-09 22:55:22.166  4561  5167 D BluetoothAdapter: appoCount is = 0
01-09 22:55:22.174  4561  4688 D BtGatt.GattService: onScanFilterEnableDisabled() - clientIf=5, status=0, action=1
01-09 22:55:22.174  4561  4688 D BtGatt.ScanManager: callback done for clientIf - 5 status - 0
01-09 22:55:22.174  4561  5167 D BtGatt.ScanManager: set filter index= 13 for clientIf= 5
01-09 22:55:22.174  4561  5167 D BtGatt.ScanManager: addFilterToController: 5
01-09 22:55:22.175  4561  4688 D BtGatt.GattService: onScanFilterConfig() - clientIf=5, action = 0 status = 0, filterType=5, availableSpace=43
01-09 22:55:22.175  4561  4688 D BtGatt.ScanManager: callback done for clientIf - 5 status - 0
01-09 22:55:22.176  4561  5167 D BtGatt.ScanManager: High Rssi Filter value is = -128
01-09 22:55:22.176  4561  5167 D BtGatt.ScanManager: Low Rssi Filter value is = -128
01-09 22:55:22.176  4561  5167 D BtGatt.ScanManager: configureFilterParamter 500 10000 1 0scanFilterRssiThreshold = -128trackableScanFilterRssiThreshold = -128matchmode is =1
01-09 22:55:22.177  4561  4688 D BtGatt.GattService: onScanFilterParamsConfigured() - clientIf=5, status=0, action=0, availableSpace=27
01-09 22:55:22.177  4561  4688 D BtGatt.ScanManager: callback done for clientIf - 5 status - 0
01-09 22:55:22.177  4561  5167 D BtGatt.ScanManager: configureRegularScanParams() - queue=2
01-09 22:55:22.177  4561  5167 I BtGatt.ScanManager: custom scan scanMode = 100
01-09 22:55:22.177  4561  5167 I BtGatt.ScanManager: New scan mode custom scan scanInterval = 3120scanWindow = 160
01-09 22:55:22.177  4561  5167 E BtGatt.ScanManager: default value of curScanSetting 0 is choosen
01-09 22:55:22.177  4561  5167 I BtGatt.ScanManager: newScanMode = 5newcurScanSetting = 0
01-09 22:55:22.177  4561  5167 I BtGatt.ScanManager: comparing = 5 with = 0
01-09 22:55:22.177  4561  5167 I BtGatt.ScanManager: custom scan scanMode = 100
01-09 22:55:22.178  4561  5167 I BtGatt.ScanManager: New scan mode custom scan scanInterval = 3120scanWindow = 60
01-09 22:55:22.178  4561  5167 I BtGatt.ScanManager: current scan mode custom scan scanInterval = 3120scanWindow = 160
01-09 22:55:22.178  4561  5167 I BtGatt.ScanManager: newScanMode = 1newcurScanSetting = 5
01-09 22:55:22.178  4561  5167 D BtGatt.ScanManager: configureRegularScanParams() - ScanSetting Scan mode=100 mLastConfiguredScanSetting=100
01-09 22:55:22.178  4561  5167 D BtGatt.ScanManager: configureRegularScanParams - scanInterval = 4992configureRegularScanParams - scanWindow = 256
01-09 22:55:22.179  4561  4688 D BtGatt.GattService: onScanParamSetupCompleted() status=0, clientIf=4
01-09 22:55:22.180  4561  4688 D BtGatt.GattService: onScanParamSetupCompleted : 0
01-09 22:55:22.533  5689  5689 D io_stats: !@   8,0 r 1403580 43165584 w 1267990 29634140 d 209272 16295032 f 362735 362632 iot 2170410 1167434 th 61440 61440 43888 pt 9490 inp 0 0 112349.697
01-09 22:55:22.553  3757  4398 D InputReader: Input event(3): value=1 when=112349718393000
01-09 22:55:22.553  3757  4398 D InputReader: Input event(3): value=1 when=112349718393000
01-09 22:55:22.554  3757  4398 I InputReader: Touch event's action is 0x0 (deviceType=0) [pCnt=1, s=0.11964 ] when=112349718393000
01-09 22:55:22.556  3757  4397 I InputDispatcher: Delivering touch to (15538): action: 0x0, toolType: 1
01-09 22:55:22.558 15538 15558 V threaded_app: New input event: type=2
01-09 22:55:22.560 15538 15538 D ViewRootImpl@e972267[GameActivity]: ViewPostImeInputStage processPointer 0
01-09 22:55:22.562 15538 15538 W System  : ClassLoader referenced unknown path: /system/framework/QPerformance.jar
01-09 22:55:22.565 15538 15538 E BoostFramework: BoostFramework() : Exception_1 = java.lang.ClassNotFoundException: Didn't find class "com.qualcomm.qti.Performance" on path: DexPathList[[],nativeLibraryDirectories=[/system/lib, /vendor/lib]]
01-09 22:55:22.565 15538 15538 V BoostFramework: BoostFramework() : mPerf = null
01-09 22:55:22.572 15538 15557 D UE4     : [2019.01.10-03.55.22:572][170]LogSlate: FSceneViewport::OnFocusLost() reason 0
01-09 22:55:22.576  3757  5063 D SamsungAlarmManager: setExact Intent (T:0/F:8/AC:false) 20190109T225522 - CU:1000/CP:15408
01-09 22:55:22.576  3757  5063 I SamsungAlarmManager: setLocked to kernel - T:2 / 20190109T225523, SetElapsed=293155577, nowELAPSED=293154585
01-09 22:55:22.579 15408 15483 D PaymentFramework: getConfig(): 
01-09 22:55:22.581 15408 15483 W ContextImpl: Calling a method in the system process without a qualified user: android.app.ContextImpl.bindService:1474 android.content.ContextWrapper.bindService:688 com.samsung.android.spayfw.appinterface.PaymentFramework.bindService:3237 com.samsung.android.spayfw.appinterface.PaymentFramework.createService:3180 com.samsung.android.spayfw.appinterface.PaymentFramework.getConfig:2639 
01-09 22:55:22.586 15538 15558 V threaded_app: New input event: type=2
01-09 22:55:22.591  3757  7206 D CompatibilityInfo: mCompatibilityFlags - 0
01-09 22:55:22.592  3757  7206 D CompatibilityInfo: applicationDensity - 420
01-09 22:55:22.592  3757  7206 D CompatibilityInfo: applicationScale - 1.0
01-09 22:55:22.593 15408 15483 D PaymentFramework: Service Bind Attempted
01-09 22:55:22.593 15408 15483 D PaymentFramework: scheduleBindTimer: scheduling bind timer 
01-09 22:55:22.595 15408 15483 W PaymentFramework: PaymentFramework not ready yet
01-09 22:55:22.599  3757 29840 D PackageManager: setEnabledSetting : userId = 0 packageName = com.samsung.android.spayfw cmp = com.samsung.android.spayfw.core.PackageStateReceiver newState = 1 callingPackage = 1000
01-09 22:55:22.602 15538 15558 V threaded_app: New input event: type=2
01-09 22:55:22.606  3757  7205 D PackageManager: setEnabledSetting : userId = 0 packageName = com.samsung.android.spayfw cmp = com.samsung.android.spayfw.fraud.FraudReceiver newState = 1 callingPackage = 1000
01-09 22:55:22.612  3757 32084 D PackageManager: setEnabledSetting : userId = 0 packageName = com.samsung.android.spayfw cmp = com.samsung.android.spayfw.core.PFGenericReceiver newState = 1 callingPackage = 1000
01-09 22:55:22.617 15538 15558 V threaded_app: New input event: type=2
01-09 22:55:22.618  3757 32085 D PackageManager: setEnabledSetting : userId = 0 packageName = com.samsung.android.spayfw cmp = com.samsung.android.spayfw.core.UpdateReceiver newState = 1 callingPackage = 1000
01-09 22:55:22.623 15408 15408 D SystemPropertiesWrapper: it's se device
01-09 22:55:22.624 15408 15408 D SystemPropertiesWrapper: it's se device
01-09 22:55:22.624 15408 15408 D SystemPropertiesWrapper: it's se device
01-09 22:55:22.625 15408 15408 D SystemPropertiesWrapper: it's se device
01-09 22:55:22.626  3757  7203 D PackageManager: setEnabledSetting : userId = 0 packageName = com.samsung.android.spayfw cmp = com.samsung.android.spayfw.core.hce.SPayHCEService newState = 1 callingPackage = 1000
01-09 22:55:22.628  3757  4398 D InputReader: Input event(3): value=0 when=112349793498000
01-09 22:55:22.628  3757  4398 D InputReader: Input event(3): value=0 when=112349793498000
01-09 22:55:22.628  3757  4398 I InputReader: Touch event's action is 0x1 (deviceType=0) [pCnt=1, s=] when=112349793498000
01-09 22:55:22.629  3757  4397 I InputDispatcher: Delivering touch to (15538): action: 0x1, toolType: 1
01-09 22:55:22.629 15538 15558 V threaded_app: New input event: type=2
01-09 22:55:22.630 15538 15558 V threaded_app: New input event: type=2
01-09 22:55:22.631 15538 15538 D ViewRootImpl@e972267[GameActivity]: ViewPostImeInputStage processPointer 1
01-09 22:55:22.633  3757  5062 D PackageManager: setEnabledSetting : userId = 0 packageName = com.samsung.android.spayfw cmp = com.samsung.android.spayfw.core.hce.SPayHCEReceiver newState = 1 callingPackage = 1000
01-09 22:55:22.640  3757  2859 D PackageManager: setEnabledSetting : userId = 0 packageName = com.samsung.android.spayfw cmp = com.samsung.android.analytics.AnalyticFrameworkService newState = 1 callingPackage = 1000
01-09 22:55:22.645 15538 15641 I libOpenSLES: Emulating old channel mask behavior (ignoring positional mask 0x3, using default mask 0x3 based on channel count of 2)
01-09 22:55:22.646 15538 15641 W AudioTrack: AUDIO_OUTPUT_FLAG_FAST denied by client; transfer 1, track 44100 Hz, output 48000 Hz
01-09 22:55:22.646  3237 17217 I AudioFlinger: add dynamic flag, can move to deep thread, session 33665
01-09 22:55:22.646  3757  4469 D PackageManager: setEnabledSetting : userId = 0 packageName = com.samsung.android.spayfw cmp = com.samsung.android.spayfw.payprovider.TokenReplenishReceiver newState = 1 callingPackage = 1000
01-09 22:55:22.647 15538 15641 D AudioTrack: Client defaulted notificationFrames to 1181 for frameCount 3544
01-09 22:55:22.648 15538 15641 I AudioTrack: This process already got info. FadeIn[0] FadeOut[0] FadeInRing[0]
01-09 22:55:22.648  3237  3812 W AudioPolicyIntefaceImpl: Skipped to add effects on session 33665
01-09 22:55:22.649  3237  3812 I APM_AudioPolicyManager: startOutput() output 21, stream 3, session 33665
01-09 22:55:22.657 15408 15408 I PaymentFramework: Connected! Name: com.samsung.android.spayfw.core.PaymentFrameworkService
01-09 22:55:22.657 15408 15408 D PaymentFramework: resetBindTimer: timerTask cancel return true 
01-09 22:55:22.657 15408 15408 D PaymentFramework: resetBindTimer: resetCount 
01-09 22:55:22.657 15408 15408 D PaymentFramework: notifyAndDeleteRequests: 
01-09 22:55:22.657 15408 15408 D PaymentFramework: notifyAndDeleteRequests: opt: 33
01-09 22:55:22.657 15408 15408 E PaymentFramework: notifyAndDeleteRequests: callback is null
01-09 22:55:22.681  3237  3477 I AudioMixer: create resampler src 44100, 2, dst 48000, 2, q 8
01-09 22:55:22.681  3237  3477 D SoundAliveResampler: [SoundAliveResampler] Init+++
01-09 22:55:22.739  4616  4823 D NetworkController.MobileSignalController(0/1): onSignalStrengthsChanged signalStrength=SignalStrength: 99 99 -120 -160 -120 -1 -1 13 -121 -14 -7 2147483647 2147483647 0x1000 gsm|lte level=1
01-09 22:55:22.739  4616  4823 D NetworkController.MobileSignalController(0/1): getMobileIconGroup(): 13
01-09 22:55:22.739  4616  4823 D NetworkController.MobileSignalController(0/1): updateVZWMobileIconGroup(): 13
01-09 22:55:22.752  5035  5670 D EPDG -- [SMARTWIFI]: onSignalStrengthsChanged: Received signal strength change, phone type is: 2
01-09 22:55:22.753  5035  6446 D EPDG -- [SMARTWIFI]: lastLteRSRP is -120currentLteRSRP is -121
01-09 22:55:22.754  5035  6446 D EPDG -- [SMARTWIFI]: lastLteRSRQ is -15currentLteRSRQ is -14
01-09 22:55:22.754  5035  6446 D EPDG -- [SMARTWIFI]: lastCdmaDb is -16currentCdmaDb is -16
01-09 22:55:22.754  5035  6446 V EPDG -- [SMARTWIFI]: Radio oldest entry removed
01-09 22:55:22.754  5035  6446 V EPDG -- [SMARTWIFI]: New entry : (SignalStrength: 99 99 -120 -160 -120 -1 -1 13 -121 -14 -7 2147483647 2147483647 0x1000 gsm|lte : 0 )
01-09 22:55:22.754  5035  6446 V EPDG -- [SMARTWIFI]: Radio entry added
01-09 22:55:22.755  4616  4823 D NetworkController.MobileSignalController(0/1): callState:0, callStateByPhone:false voLTECall:false voiceNetTpe:13 dataNetType:13, ine911:false, emergencyCallbackMode:false
01-09 22:55:23.290 15538 15557 D UE4     : [2019.01.10-03.55.23:290][213]LogUMG: Display: Widget Class Button_C - Loaded Fast Template.
01-09 22:55:23.294 15538 15557 D UE4     : [2019.01.10-03.55.23:294][213]LogUMG: Display: Widget Class ScoreCounter_C - Loaded Fast Template.
01-09 22:55:23.310 15538 15641 I AudioTrack: Skip ramp
01-09 22:55:23.316 15538 15641 I libOpenSLES: Emulating old channel mask behavior (ignoring positional mask 0x3, using default mask 0x3 based on channel count of 2)
01-09 22:55:23.316 15538 15557 D UE4     : [2019.01.10-03.55.23:316][213]LogSlate: Took 0.001379 seconds to synchronously load lazily loaded font '../../../Engine/Content/EngineFonts/Faces/RobotoBold.ufont' (160K)
01-09 22:55:23.318 15538 15641 W AudioTrack: AUDIO_OUTPUT_FLAG_FAST denied by client; transfer 1, track 44100 Hz, output 48000 Hz
01-09 22:55:23.318  3237 22865 I AudioFlinger: add dynamic flag, can move to deep thread, session 33673
01-09 22:55:23.319 15538 15641 D AudioTrack: Client defaulted notificationFrames to 1181 for frameCount 3544
01-09 22:55:23.320 15538 15641 I AudioTrack: This process already got info. FadeIn[0] FadeOut[0] FadeInRing[0]
01-09 22:55:23.320  3237  8663 W AudioPolicyIntefaceImpl: Skipped to add effects on session 33673
01-09 22:55:23.320  3237  8663 I APM_AudioPolicyManager: startOutput() output 21, stream 3, session 33673
01-09 22:55:23.321  3757  4354 D SamsungAlarmManager: Expired : 8
01-09 22:55:23.323  3757  4354 V SamsungAlarmManager: Sending to uid : 10059 action=null alarm=Alarm{9071bbc type 3 when 293155330 com.asurion.android.verizon.vms}
01-09 22:55:23.330  3757  4354 D CompatibilityInfo: mCompatibilityFlags - 0
01-09 22:55:23.330  3757  4354 D CompatibilityInfo: applicationDensity - 420
01-09 22:55:23.330  3757  4354 D CompatibilityInfo: applicationScale - 1.0
01-09 22:55:23.349  3757  7206 D SamsungAlarmManager: setExact Intent (T:3/F:5/AC:false) 20190109T225528 - CU:10059/CP:15240
01-09 22:55:23.351  3237  3477 I AudioMixer: create resampler src 44100, 2, dst 48000, 2, q 8
01-09 22:55:23.352  3237  3477 D SoundAliveResampler: [SoundAliveResampler] Init+++
01-09 22:55:23.413  3237  3352 I APM_AudioPolicyManager: stopOutput() output 21, stream 3, session 33657
01-09 22:55:23.465 21778 21778 I wpa_supplicant: nl80211: Received scan results (13 BSSes)
01-09 22:55:23.466  3252  3743 D Netd    : Iface wlan0 link up
01-09 22:55:23.470  3757  3791 D Tethering: interfaceLinkStateChanged wlan0, true
01-09 22:55:23.470  3757  3791 D Tethering: interfaceStatusChanged wlan0, true
01-09 22:55:23.472  5035  5048 D EPDG -- [NETMGMT]: Interface wlan0 link up
01-09 22:55:23.473  5035  5670 D EPDG -- [EPDGService]: Interface wlan0 link up
01-09 22:55:23.475  3757  4486 D SamsungAlarmManager: Cancel Alarm calling from uid:1000 pid :3757 / listener:android.app.AlarmManager$ListenerWrapper@8e899cf
01-09 22:55:23.475  5035  5670 D EPDG -- [EPDGService]: mobileIntfPrefix is rmnet_data
01-09 22:55:23.475  5035  5670 D EPDG -- [EPDGService]: Not Mobile Interface. Ignoring Interface State Change Event
01-09 22:55:23.481  3757  4486 I SamsungAlarmManager: setLocked to kernel - T:2 / 20190109T225522, SetElapsed=293154577, nowELAPSED=293155489
01-09 22:55:23.481  3757  4354 D SamsungAlarmManager: Expired : 4
01-09 22:55:23.482  3757  4354 I SamsungAlarmManager: setLocked to kernel - T:2 / 20190109T225538, SetElapsed=293170145, nowELAPSED=293155490
01-09 22:55:23.482  3757  4354 I SamsungAlarmManager: setLocked to kernel - T:3 / 20190109T225528, SetElapsed=293160351, nowELAPSED=293155490
01-09 22:55:23.482  3757  4354 V SamsungAlarmManager: Sending to uid : 1000 action=com.samsung.android.action.START_SERVICE alarm=Alarm{36d8e9a type 0 when 1547092522568 com.samsung.android.spayfw}
01-09 22:55:23.486 15408 15483 D PaymentFramework: getConfig(): 
01-09 22:55:23.507  3757  3757 D WifiDefaultApController: checkDefaultAptoCopy: mNeedtoAddVendorAp( REQUEST_FROM_REBOOT ) general info file exists? ( false )
01-09 22:55:23.513 11668 11668 D oneconnect[1.0.00-39][100000039] : P2pHelper.onReceive - SCAN_RESULTS_AVAILABLE_ACTION
01-09 22:55:23.520  3757  3774 D CompatibilityInfo: mCompatibilityFlags - 0
01-09 22:55:23.520  3757  3774 D CompatibilityInfo: applicationDensity - 420
01-09 22:55:23.520  3757  3774 D CompatibilityInfo: applicationScale - 1.0
