01-18 20:40:16.401  3757  4354 V SamsungAlarmManager: Sending to uid : 10032 action=com.samsung.android.app.shealth.tracker.pedometer.PedometerService.HBA alarm=Alarm{d415fae type 3 when 1062617555 com.sec.android.app.shealth}
01-18 20:40:16.401 19089 19107 D UE4     : [2019.01.19-01.40.16:401][  0]LogConfig: Setting CVar [[r.SceneColorFringeQuality:1]]
01-18 20:40:16.401 19089 19107 D UE4     : [2019.01.19-01.40.16:401][  0]LogConfig: Setting CVar [[r.EyeAdaptationQuality:2]]
01-18 20:40:16.401 19089 19107 D UE4     : [2019.01.19-01.40.16:401][  0]LogConfig: Setting CVar [[r.BloomQuality:5]]
01-18 20:40:16.401 19089 19107 D UE4     : [2019.01.19-01.40.16:401][  0]LogConfig: Setting CVar [[r.FastBlurThreshold:100]]
01-18 20:40:16.401 19089 19107 D UE4     : [2019.01.19-01.40.16:401][  0]LogConfig: Setting CVar [[r.Upscale.Quality:3]]
01-18 20:40:16.401 19089 19107 D UE4     : [2019.01.19-01.40.16:401][  0]LogConfig: Setting CVar [[r.Tonemapper.GrainQuantization:1]]
01-18 20:40:16.401 19089 19107 D UE4     : [2019.01.19-01.40.16:401][  0]LogConfig: Setting CVar [[r.LightShaftQuality:1]]
01-18 20:40:16.401 19089 19107 D UE4     : [2019.01.19-01.40.16:401][  0]LogConfig: Setting CVar [[r.Filter.SizeScale:1]]
01-18 20:40:16.402 19089 19107 D UE4     : [2019.01.19-01.40.16:402][  0]LogConfig: Setting CVar [[r.Tonemapper.Quality:5]]
01-18 20:40:16.402 19089 19107 D UE4     : [2019.01.19-01.40.16:402][  0]LogConfig: Setting CVar [[r.DOF.Gather.AccumulatorQuality:1        ; higher gathering accumulator quality]]
01-18 20:40:16.402 19089 19107 D UE4     : [2019.01.19-01.40.16:402][  0]LogConfig: Setting CVar [[r.DOF.Gather.PostfilterMethod:1          ; Median3x3 postfilering method]]
01-18 20:40:16.402 19089 19107 D UE4     : [2019.01.19-01.40.16:402][  0]LogConfig: Setting CVar [[r.DOF.Gather.EnableBokehSettings:0       ; no bokeh simulation when gathering]]
01-18 20:40:16.402 19089 19107 D UE4     : [2019.01.19-01.40.16:402][  0]LogConfig: Setting CVar [[r.DOF.Gather.RingCount:4                 ; medium number of samples when gathering]]
01-18 20:40:16.402 19089 19107 D UE4     : [2019.01.19-01.40.16:402][  0]LogConfig: Setting CVar [[r.DOF.Scatter.ForegroundCompositing:1    ; additive foreground scattering]]
01-18 20:40:16.402 19089 19107 D UE4     : [2019.01.19-01.40.16:402][  0]LogConfig: Setting CVar [[r.DOF.Scatter.BackgroundCompositing:2    ; additive background scattering]]
01-18 20:40:16.402 19089 19107 D UE4     : [2019.01.19-01.40.16:402][  0]LogConfig: Setting CVar [[r.DOF.Scatter.EnableBokehSettings:1      ; bokeh simulation when scattering]]
01-18 20:40:16.402 19089 19107 D UE4     : [2019.01.19-01.40.16:402][  0]LogConfig: Setting CVar [[r.DOF.Scatter.MaxSpriteRatio:0.1         ; only a maximum of 10% of scattered bokeh]]
01-18 20:40:16.402 19089 19107 D UE4     : [2019.01.19-01.40.16:402][  0]LogConfig: Setting CVar [[r.DOF.Recombine.Quality:1                ; cheap slight out of focus]]
01-18 20:40:16.402 19089 19107 D UE4     : [2019.01.19-01.40.16:402][  0]LogConfig: Setting CVar [[r.DOF.Recombine.EnableBokehSettings:0    ; no bokeh simulation on slight out of focus]]
01-18 20:40:16.402 19089 19107 D UE4     : [2019.01.19-01.40.16:402][  0]LogConfig: Setting CVar [[r.DOF.TemporalAAQuality:1                ; more stable temporal accumulation]]
01-18 20:40:16.402 19089 19107 D UE4     : [2019.01.19-01.40.16:402][  0]LogConfig: Setting CVar [[r.DOF.Kernel.MaxForegroundRadius:0.025]]
01-18 20:40:16.402 19089 19107 D UE4     : [2019.01.19-01.40.16:402][  0]LogConfig: Setting CVar [[r.DOF.Kernel.MaxBackgroundRadius:0.025]]
01-18 20:40:16.402  3757  4354 V SamsungAlarmManager: Sending to uid : 1001 action=com.android.internal.telephony.data-stall alarm=Alarm{e90f14f type 3 when 1062650055 com.android.phone}
01-18 20:40:16.402 19089 19107 D UE4     : [2019.01.19-01.40.16:402][  0]LogConfig: Applying CVar settings from Section [TextureQuality@3] File [../../../StackerGame/Saved/Config/Android/Scalability.ini]
01-18 20:40:16.402 19089 19107 D UE4     : [2019.01.19-01.40.16:402][  0]LogConfig: Setting CVar [[r.Streaming.MipBias:0]]
01-18 20:40:16.403 19089 19107 D UE4     : [2019.01.19-01.40.16:402][  0]LogConfig: Setting CVar [[r.Streaming.AmortizeCPUToGPUCopy:0]]
01-18 20:40:16.403 19089 19107 D UE4     : [2019.01.19-01.40.16:403][  0]LogConfig: Setting CVar [[r.Streaming.MaxNumTexturesToStreamPerFrame:0]]
01-18 20:40:16.403 19089 19107 D UE4     : [2019.01.19-01.40.16:403][  0]LogConfig: Setting CVar [[r.Streaming.Boost:1]]
01-18 20:40:16.403 19089 19107 D UE4     : [2019.01.19-01.40.16:403][  0]LogConfig: Setting CVar [[r.MaxAnisotropy:8]]
01-18 20:40:16.403 19089 19107 D UE4     : [2019.01.19-01.40.16:403][  0]LogConfig: Setting CVar [[r.Streaming.LimitPoolSizeToVRAM:0]]
01-18 20:40:16.403 19089 19107 D UE4     : [2019.01.19-01.40.16:403][  0]LogConfig: Setting CVar [[r.Streaming.PoolSize:1000]]
01-18 20:40:16.403 19089 19107 D UE4     : [2019.01.19-01.40.16:403][  0]LogConfig: Setting CVar [[r.Streaming.MaxEffectiveScreenSize:0]]
01-18 20:40:16.403 19089 19107 D UE4     : [2019.01.19-01.40.16:403][  0]LogConfig: Applying CVar settings from Section [EffectsQuality@3] File [../../../StackerGame/Saved/Config/Android/Scalability.ini]
01-18 20:40:16.403 19089 19107 D UE4     : [2019.01.19-01.40.16:403][  0]LogConfig: Setting CVar [[r.TranslucencyLightingVolumeDim:64]]
01-18 20:40:16.403 19089 19107 D UE4     : [2019.01.19-01.40.16:403][  0]LogConfig: Setting CVar [[r.RefractionQuality:2]]
01-18 20:40:16.403 11359 11359 I PedometerService: onStartCommand  true, true, false
01-18 20:40:16.403 19089 19107 D UE4     : [2019.01.19-01.40.16:403][  0]LogConfig: Setting CVar [[r.SSR.Quality:3]]
01-18 20:40:16.403 19089 19107 D UE4     : [2019.01.19-01.40.16:403][  0]LogConfig: Setting CVar [[r.SceneColorFormat:4]]
01-18 20:40:16.403 19089 19107 D UE4     : [2019.01.19-01.40.16:403][  0]LogConfig: Setting CVar [[r.DetailMode:2]]
01-18 20:40:16.403 19089 19107 D UE4     : [2019.01.19-01.40.16:403][  0]LogConfig: Setting CVar [[r.TranslucencyVolumeBlur:1]]
01-18 20:40:16.403 19089 19107 D UE4     : [2019.01.19-01.40.16:403][  0]LogConfig: Setting CVar [[r.MaterialQualityLevel:1 ; High quality]]
01-18 20:40:16.403 19089 19107 D UE4     : [2019.01.19-01.40.16:403][  0]LogConfig: Setting CVar [[r.SSS.Scale:1]]
01-18 20:40:16.403 19089 19107 D UE4     : [2019.01.19-01.40.16:403][  0]LogConfig: Setting CVar [[r.SSS.SampleSet:2]]
01-18 20:40:16.404 19089 19107 D UE4     : [2019.01.19-01.40.16:403][  0]LogConfig: Setting CVar [[r.SSS.Quality:1]]
01-18 20:40:16.404 19089 19107 D UE4     : [2019.01.19-01.40.16:404][  0]LogConfig: Setting CVar [[r.SSS.HalfRes:1]]
01-18 20:40:16.404 19089 19107 D UE4     : [2019.01.19-01.40.16:404][  0]LogConfig: Setting CVar [[r.EmitterSpawnRateScale:1.0]]
01-18 20:40:16.404 19089 19107 D UE4     : [2019.01.19-01.40.16:404][  0]LogConfig: Setting CVar [[r.ParticleLightQuality:2]]
01-18 20:40:16.404 19089 19107 D UE4     : [2019.01.19-01.40.16:404][  0]LogConfig: Applying CVar settings from Section [FoliageQuality@3] File [../../../StackerGame/Saved/Config/Android/Scalability.ini]
01-18 20:40:16.404 19089 19107 D UE4     : [2019.01.19-01.40.16:404][  0]LogConfig: Setting CVar [[foliage.DensityScale:1.0]]
01-18 20:40:16.404 19089 19107 D UE4     : [2019.01.19-01.40.16:404][  0]LogConfig: Setting CVar [[grass.DensityScale:1.0]]
01-18 20:40:16.404  3757  7216 D SemContext.CaeProvider.SensorStatusCheckImpl: requestToUpdate SensorHub Reset Cnt : 0
01-18 20:40:16.404  3757  7216 D SemContext.CaeProvider.SensorStatusCheckImpl: SensorHub Reset Cnt : 0
01-18 20:40:16.404  3757  7216 D SemContext.CaeProvider.SensorStatusCheckImpl: LastEventMap sensorHubEvent TimeStamp address : 0 - 0
01-18 20:40:16.404  3757  7216 D SemContext.CaeProvider.SensorStatusCheckImpl: LastEventMap sensorHubEvent TimeStamp address : 1 - 0
01-18 20:40:16.404  3757  7216 D SemContext.CaeProvider.SensorStatusCheckImpl: LastEventMap sensorHubEvent TimeStamp address : 2 - 0
01-18 20:40:16.404  3757  7216 D SemContext.CaeProvider.SensorStatusCheckImpl: LastEventMap sensorHubEvent TimeStamp address : 3 - 0
01-18 20:40:16.404  3757  7216 D SemContext.CaeProvider.SensorStatusCheckImpl: LastEventMap sensorHubEvent TimeStamp address : 4 - 0
01-18 20:40:16.404  3757  7216 D SemContext.CaeProvider.SensorStatusCheckImpl: LastEventMap sensorHubEvent TimeStamp address : 5 - 0
01-18 20:40:16.404  3757  7216 D SemContext.CaeProvider.SensorStatusCheckImpl: LastEventMap sensorHubEvent TimeStamp address : 6 - 0
01-18 20:40:16.404  3757  7216 D SemContext.CaeProvider.SensorStatusCheckImpl: LastEventMap sensorHubEvent TimeStamp address : 7 - 0
01-18 20:40:16.404  3757  7216 D SemContext.CaeProvider.SensorStatusCheckImpl: LastEventMap sensorHubEvent TimeStamp address : 8 - 0
01-18 20:40:16.404  3757  7216 D SemContext.CaeProvider.SensorStatusCheckImpl: LastEventMap sensorHubEvent TimeStamp address : 9 - 0
01-18 20:40:16.405  3757  7216 D SemContextService: updateContext() : event = Sensor Status Check
01-18 20:40:16.405  3757  7216 D SemContext.CaeProvider.SensorStatusCheckImpl: initialize Last Event!!
01-18 20:40:16.405  3757  7216 D SemContextService: requestToUpdate() : service = Sensor Status Check
01-18 20:40:16.405 19089 19107 D UE4     : [2019.01.19-01.40.16:405][  0]LogAndroid: Vulkan not available as project packaged without bSupportsVulkan or bSupportsVulkanSM5.
01-18 20:40:16.405 11359 11359 D SemContextManager:   .requestToUpdate : listener = com.samsung.android.app.shealth.tracker.pedometer.service.wrapper.ActivitySensorDelegator$SemContextListenerWrapper@d8899a1, service=Sensor Status Check
01-18 20:40:16.406  3757  3757 D SamsungAlarmManager: setInexact Listener (T:2/F:0/AC:false) 20190118T204857 - CU:1000/CP:3757
01-18 20:40:16.413 11359 11359 D SemContextManager: onSemContextChanged() : event = Sensor Status Check
01-18 20:40:16.414  3757  3757 D CompatibilityInfo: mCompatibilityFlags - 0
01-18 20:40:16.414  3757  3757 D CompatibilityInfo: applicationDensity - 420
01-18 20:40:16.414  3757  3757 D CompatibilityInfo: applicationScale - 1.0
01-18 20:40:16.423  3757 10496 D SamsungAlarmManager: setInexact Intent (T:3/F:8/AC:false) 20190118T204116 - CU:1001/CP:5024
01-18 20:40:16.425 18214 18214 I Finsky  : [1] com.google.android.finsky.scheduler.JobSchedulerEngine$PhoneskyJobSchedulerJobService.onStartJob(8): onJobSchedulerWakeup with jobId 9000
01-18 20:40:16.434  3757  7205 D SamsungAlarmManager: setInexact Intent (T:2/F:0/AC:false) 20190119T084016 - CU:10029/CP:18214
01-18 20:40:16.435 18214 18214 I Finsky  : [1] com.google.android.finsky.scheduler.ad.a(41): Scheduling fallback in 43199991 (absolute: 1105850081)
01-18 20:40:16.443  3757  6272 D SamsungAlarmManager: setInexact Intent (T:2/F:0/AC:false) 20190119T144016 - CU:10029/CP:18214
01-18 20:40:16.443 19089 19107 D UE4     : [2019.01.19-01.40.16:443][  0]LogAndroid: Checking 32 rules from DeviceProfile ini file.
01-18 20:40:16.443 19089 19107 D UE4     : [2019.01.19-01.40.16:443][  0]LogAndroid:   Default profile: Android_Default
01-18 20:40:16.443 19089 19107 D UE4     : [2019.01.19-01.40.16:443][  0]LogAndroid:   GpuFamily: Mali-T760
01-18 20:40:16.443 18214 18214 I Finsky  : [1] com.google.android.finsky.scheduler.ad.a(41): Scheduling fallback in 64799992 (absolute: 1127450091)
01-18 20:40:16.443 19089 19107 D UE4     : [2019.01.19-01.40.16:443][  0]LogAndroid:   GlVersion: OpenGL ES 3.2 v1.r15p0-00rel0.68b65ac7cf15907aeb95fa944f39eef2
01-18 20:40:16.444 19089 19107 D UE4     : [2019.01.19-01.40.16:443][  0]LogAndroid:   VulkanAvailable: false
01-18 20:40:16.444 19089 19107 D UE4     : [2019.01.19-01.40.16:444][  0]LogAndroid:   VulkanVersion: 1.0.26
01-18 20:40:16.444 19089 19107 D UE4     : [2019.01.19-01.40.16:444][  0]LogAndroid:   AndroidVersion: 7.0
01-18 20:40:16.444 19089 19107 D UE4     : [2019.01.19-01.40.16:444][  0]LogAndroid:   DeviceMake: samsung
01-18 20:40:16.444 19089 19107 D UE4     : [2019.01.19-01.40.16:444][  0]LogAndroid:   DeviceModel: SM-N920V
01-18 20:40:16.444 19089 19107 D UE4     : [2019.01.19-01.40.16:444][  0]LogAndroid:   DeviceBuildNumber: NRD90M.N920VVRS3CRH1
01-18 20:40:16.444 19089 19107 D UE4     : [2019.01.19-01.40.16:444][  0]LogAndroid:   UsingHoudini: false
01-18 20:40:16.445  3757  5062 D ConnectivityService: filterNetworkStateForUid() uid: 10029 networkInfo: [type: WIFI[] - WIFI, state: CONNECTED/CONNECTED, reason: (unspecified), extra: "wilkinson2.4", failover: false, available: true, roaming: false, metered: false]
01-18 20:40:16.446  3757  4469 D ConnectivityService: filterNetworkStateForUid() uid: 10029 networkInfo: [type: WIFI[] - WIFI, state: CONNECTED/CONNECTED, reason: (unspecified), extra: "wilkinson2.4", failover: false, available: true, roaming: false, metered: false]
01-18 20:40:16.447  3757  3774 D CompatibilityInfo: mCompatibilityFlags - 0
01-18 20:40:16.447  3757  3774 D CompatibilityInfo: applicationDensity - 420
01-18 20:40:16.447  3757  3774 D CompatibilityInfo: applicationScale - 1.0
01-18 20:40:16.452  3757  7202 D CompatibilityInfo: mCompatibilityFlags - 0
01-18 20:40:16.452  3757  7202 D CompatibilityInfo: applicationDensity - 420
01-18 20:40:16.452  3757  7202 D CompatibilityInfo: applicationScale - 1.0
01-18 20:40:16.455  3757 31270 D CompatibilityInfo: mCompatibilityFlags - 0
01-18 20:40:16.455  3757 31270 D CompatibilityInfo: applicationDensity - 420
01-18 20:40:16.455  3757 31270 D CompatibilityInfo: applicationScale - 1.0
01-18 20:40:16.459  3757  4458 D WifiStateMachine: Current network is: "wilkinson2.4" , ID is: 30
01-18 20:40:16.459  3757  4458 I WifiStateMachine: IMS calling, current network is always qualified
01-18 20:40:16.460 18214 18247 I System.out: (HTTPLog)-Static: isSBSettingEnabled false
01-18 20:40:16.460 18214 18247 I System.out: (HTTPLog)-Static: isSBSettingEnabled false
01-18 20:40:16.464  3757  4440 D CompatibilityInfo: mCompatibilityFlags - 0
01-18 20:40:16.464  3757  4440 D CompatibilityInfo: applicationDensity - 420
01-18 20:40:16.464  3757  4440 D CompatibilityInfo: applicationScale - 1.0
01-18 20:40:16.467  8597  8597 I DMT-DropBoxReceiver: Received : android.intent.action.DROPBOX_ENTRY_ADDED
01-18 20:40:16.476  3757  7203 D ConnectivityService: filterNetworkStateForUid() uid: 10029 networkInfo: [type: WIFI[] - WIFI, state: CONNECTED/CONNECTED, reason: (unspecified), extra: "wilkinson2.4", failover: false, available: true, roaming: false, metered: false]
01-18 20:40:16.477  3757 10512 D ConnectivityService: filterNetworkStateForUid() uid: 10029 networkInfo: [type: WIFI[] - WIFI, state: CONNECTED/CONNECTED, reason: (unspecified), extra: "wilkinson2.4", failover: false, available: true, roaming: false, metered: false]
01-18 20:40:16.479 18214 18214 I Finsky  : [1] com.google.android.finsky.scheduler.al.handleMessage(16): DeviceState: DeviceState{currentTime=1547862016474, isCharging=true, isIdle=false, netAny=true, netNotRoaming=true, netUnmetered=true}
01-18 20:40:16.480 19089 19107 D UE4     : [2019.01.19-01.40.16:480][  0]LogAndroid: Selected Device Profile: [Android_Mali_T7xx]
01-18 20:40:16.480 19089 19107 D UE4     : [2019.01.19-01.40.16:480][  0]LogInit: Applying CVar settings loaded from the selected device profile: [Android_Mali_T7xx]
01-18 20:40:16.481 19089 19107 D UE4     : [2019.01.19-01.40.16:481][  0]LogHAL: Display: Platform has ~ 3 GB [3840643072 / 4294967296 / 4], which maps to Smaller [LargestMinGB=8, LargerMinGB=6, DefaultMinGB=4, SmallerMinGB=3, SmallestMinGB=0)
01-18 20:40:16.481 19089 19107 D UE4     : [2019.01.19-01.40.16:481][  0]LogInit: Going up to parent DeviceProfile [Android_High]
01-18 20:40:16.482 19089 19107 D UE4     : [2019.01.19-01.40.16:482][  0]LogConfig: Setting CVar [[r.BloomQuality:1]]
01-18 20:40:16.482 19089 19107 D UE4     : [2019.01.19-01.40.16:482][  0]LogConfig: Setting CVar [[r.DepthOfFieldQuality:1]]
01-18 20:40:16.482 19089 19107 D UE4     : [2019.01.19-01.40.16:482][  0]LogConfig: Setting CVar [[r.LightShaftQuality:1]]
01-18 20:40:16.482 19089 19107 D UE4     : [2019.01.19-01.40.16:482][  0]LogConfig: Setting CVar [[r.RefractionQuality:1]]
01-18 20:40:16.482 19089 19107 D UE4     : [2019.01.19-01.40.16:482][  0]LogConfig: Setting CVar [[r.MobileContentScaleFactor:1.0]]
01-18 20:40:16.482 19089 19107 D UE4     : [2019.01.19-01.40.16:482][  0]LogInit: Going up to parent DeviceProfile [Android]
01-18 20:40:16.482 19089 19107 D UE4     : [2019.01.19-01.40.16:482][  0]LogConfig: Setting CVar [[r.ShadowQuality:2]]
01-18 20:40:16.482 19089 19107 D UE4     : [2019.01.19-01.40.16:482][  0]LogConfig: Setting CVar [[slate.AbsoluteIndices:1]]
01-18 20:40:16.482 19089 19107 D UE4     : [2019.01.19-01.40.16:482][  0]LogConfig: Setting CVar [[r.Vulkan.DelayAcquireBackBuffer:0]]
01-18 20:40:16.482 19089 19107 D UE4     : [2019.01.19-01.40.16:482][  0]LogConfig: Setting CVar [[r.Vulkan.RobustBufferAccess:1]]
01-18 20:40:16.483 19089 19107 D UE4     : [2019.01.19-01.40.16:483][  0]LogConfig: Setting CVar [[r.Vulkan.DescriptorSetLayoutMode:2]]
01-18 20:40:16.483 19089 19107 D UE4     : [2019.01.19-01.40.16:483][  0]LogInit: Going up to parent DeviceProfile []
01-18 20:40:16.483 19089 19107 D UE4     : [2019.01.19-01.40.16:483][  0]LogConfig: Applying CVar settings from Section [ViewDistanceQuality@3] File [../../../StackerGame/Saved/Config/Android/Scalability.ini]
01-18 20:40:16.483 19089 19107 D UE4     : [2019.01.19-01.40.16:483][  0]LogConfig: Setting CVar [[r.SkeletalMeshLODBias:0]]
01-18 20:40:16.483 19089 19107 D UE4     : [2019.01.19-01.40.16:483][  0]LogConfig: Setting CVar [[r.ViewDistanceScale:1.0]]
01-18 20:40:16.483 19089 19107 D UE4     : [2019.01.19-01.40.16:483][  0]LogConfig: Applying CVar settings from Section [AntiAliasingQuality@3] File [../../../StackerGame/Saved/Config/Android/Scalability.ini]
01-18 20:40:16.483 19089 19107 D UE4     : [2019.01.19-01.40.16:483][  0]LogConfig: Setting CVar [[r.PostProcessAAQuality:4]]
01-18 20:40:16.483 19089 19107 D UE4     : [2019.01.19-01.40.16:483][  0]LogConfig: Applying CVar settings from Section [ShadowQuality@3] File [../../../StackerGame/Saved/Config/Android/Scalability.ini]
01-18 20:40:16.483 19089 19107 D UE4     : [2019.01.19-01.40.16:483][  0]LogConfig: Setting CVar [[r.LightFunctionQuality:1]]
01-18 20:40:16.483 19089 19107 D UE4     : [2019.01.19-01.40.16:483][  0]LogConfig: Setting CVar [[r.ShadowQuality:5]]
01-18 20:40:16.484 19089 19107 D UE4     : [2019.01.19-01.40.16:484][  0]LogConsoleManager: Setting the console variable 'r.ShadowQuality' with 'SetByScalability' was ignored as it is lower priority than the previous 'SetByDeviceProfile'. Value remains '2'
01-18 20:40:16.484 19089 19107 D UE4     : [2019.01.19-01.40.16:484][  0]LogConfig: Setting CVar [[r.Shadow.CSM.MaxCascades:10]]
01-18 20:40:16.484 19089 19107 D UE4     : [2019.01.19-01.40.16:484][  0]LogConfig: Setting CVar [[r.Shadow.MaxResolution:2048]]
01-18 20:40:16.484 19089 19107 D UE4     : [2019.01.19-01.40.16:484][  0]LogConfig: Setting CVar [[r.Shadow.MaxCSMResolution:2048]]
01-18 20:40:16.484 19089 19107 D UE4     : [2019.01.19-01.40.16:484][  0]LogConfig: Setting CVar [[r.Shadow.RadiusThreshold:0.01]]
01-18 20:40:16.484 19089 19107 D UE4     : [2019.01.19-01.40.16:484][  0]LogConfig: Setting CVar [[r.Shadow.DistanceScale:1.0]]
01-18 20:40:16.484 19089 19107 D UE4     : [2019.01.19-01.40.16:484][  0]LogConfig: Setting CVar [[r.Shadow.CSM.TransitionScale:1.0]]
01-18 20:40:16.484 19089 19107 D UE4     : [2019.01.19-01.40.16:484][  0]LogConfig: Setting CVar [[r.Shadow.PreShadowResolutionFactor:1.0]]
01-18 20:40:16.484 19089 19107 D UE4     : [2019.01.19-01.40.16:484][  0]LogConfig: Setting CVar [[r.DistanceFieldShadowing:1]]
01-18 20:40:16.484 19089 19107 D UE4     : [2019.01.19-01.40.16:484][  0]LogConfig: Setting CVar [[r.DistanceFieldAO:1]]
01-18 20:40:16.484 19089 19107 D UE4     : [2019.01.19-01.40.16:484][  0]LogConfig: Setting CVar [[r.AOQuality:2]]
01-18 20:40:16.484 19089 19107 D UE4     : [2019.01.19-01.40.16:484][  0]LogConfig: Setting CVar [[r.VolumetricFog:1]]
01-18 20:40:16.484 19089 19107 D UE4     : [2019.01.19-01.40.16:484][  0]LogConfig: Setting CVar [[r.VolumetricFog.GridPixelSize:8]]
01-18 20:40:16.484 19089 19107 D UE4     : [2019.01.19-01.40.16:484][  0]LogConfig: Setting CVar [[r.VolumetricFog.GridSizeZ:128]]
01-18 20:40:16.484 19089 19107 D UE4     : [2019.01.19-01.40.16:484][  0]LogConfig: Setting CVar [[r.VolumetricFog.HistoryMissSupersampleCount:4]]
01-18 20:40:16.484 19089 19107 D UE4     : [2019.01.19-01.40.16:484][  0]LogConfig: Setting CVar [[r.LightMaxDrawDistanceScale:1]]
01-18 20:40:16.485 19089 19107 D UE4     : [2019.01.19-01.40.16:484][  0]LogConfig: Setting CVar [[r.CapsuleShadows:1]]
01-18 20:40:16.485 19089 19107 D UE4     : [2019.01.19-01.40.16:485][  0]LogConfig: Applying CVar settings from Section [PostProcessQuality@3] File [../../../StackerGame/Saved/Config/Android/Scalability.ini]
01-18 20:40:16.485 19089 19107 D UE4     : [2019.01.19-01.40.16:485][  0]LogConfig: Setting CVar [[r.MotionBlurQuality:4]]
01-18 20:40:16.485 19089 19107 D UE4     : [2019.01.19-01.40.16:485][  0]LogConfig: Setting CVar [[r.AmbientOcclusionMipLevelFactor:0.4]]
01-18 20:40:16.485 19089 19107 D UE4     : [2019.01.19-01.40.16:485][  0]LogConfig: Setting CVar [[r.AmbientOcclusionMaxQuality:100]]
01-18 20:40:16.485 19089 19107 D UE4     : [2019.01.19-01.40.16:485][  0]LogConfig: Setting CVar [[r.AmbientOcclusionLevels:-1]]
01-18 20:40:16.485 19089 19107 D UE4     : [2019.01.19-01.40.16:485][  0]LogConfig: Setting CVar [[r.AmbientOcclusionRadiusScale:1.0]]
01-18 20:40:16.485 19089 19107 D UE4     : [2019.01.19-01.40.16:485][  0]LogConfig: Setting CVar [[r.DepthOfFieldQuality:2]]
01-18 20:40:16.485 19089 19107 D UE4     : [2019.01.19-01.40.16:485][  0]LogConsoleManager: Setting the console variable 'r.DepthOfFieldQuality' with 'SetByScalability' was ignored as it is lower priority than the previous 'SetByDeviceProfile'. Value remains '1'
01-18 20:40:16.485 19089 19107 D UE4     : [2019.01.19-01.40.16:485][  0]LogConfig: Setting CVar [[r.RenderTargetPoolMin:400]]
01-18 20:40:16.485 19089 19107 D UE4     : [2019.01.19-01.40.16:485][  0]LogConfig: Setting CVar [[r.LensFlareQuality:2]]
01-18 20:40:16.485 19089 19107 D UE4     : [2019.01.19-01.40.16:485][  0]LogConfig: Setting CVar [[r.SceneColorFringeQuality:1]]
01-18 20:40:16.485 19089 19107 D UE4     : [2019.01.19-01.40.16:485][  0]LogConfig: Setting CVar [[r.EyeAdaptationQuality:2]]
01-18 20:40:16.485 19089 19107 D UE4     : [2019.01.19-01.40.16:485][  0]LogConfig: Setting CVar [[r.BloomQuality:5]]
01-18 20:40:16.485 19089 19107 D UE4     : [2019.01.19-01.40.16:485][  0]LogConsoleManager: Setting the console variable 'r.BloomQuality' with 'SetByScalability' was ignored as it is lower priority than the previous 'SetByDeviceProfile'. Value remains '1'
01-18 20:40:16.485 19089 19107 D UE4     : [2019.01.19-01.40.16:485][  0]LogConfig: Setting CVar [[r.FastBlurThreshold:100]]
01-18 20:40:16.485 19089 19107 D UE4     : [2019.01.19-01.40.16:485][  0]LogConfig: Setting CVar [[r.Upscale.Quality:3]]
01-18 20:40:16.486 19089 19107 D UE4     : [2019.01.19-01.40.16:486][  0]LogConfig: Setting CVar [[r.Tonemapper.GrainQuantization:1]]
01-18 20:40:16.486 19089 19107 D UE4     : [2019.01.19-01.40.16:486][  0]LogConfig: Setting CVar [[r.LightShaftQuality:1]]
01-18 20:40:16.486 19089 19107 D UE4     : [2019.01.19-01.40.16:486][  0]LogConsoleManager: Setting the console variable 'r.LightShaftQuality' with 'SetByScalability' was ignored as it is lower priority than the previous 'SetByDeviceProfile'. Value remains '1'
01-18 20:40:16.486 18214 18288 I Finsky  : [9830] com.google.android.finsky.scheduler.bp.b(89): Jobs in database: 1-1337 12-1 26-1414141414 
01-18 20:40:16.486 19089 19107 D UE4     : [2019.01.19-01.40.16:486][  0]LogConfig: Setting CVar [[r.Filter.SizeScale:1]]
01-18 20:40:16.486 19089 19107 D UE4     : [2019.01.19-01.40.16:486][  0]LogConfig: Setting CVar [[r.Tonemapper.Quality:5]]
01-18 20:40:16.486 19089 19107 D UE4     : [2019.01.19-01.40.16:486][  0]LogConfig: Setting CVar [[r.DOF.Gather.AccumulatorQuality:1        ; higher gathering accumulator quality]]
01-18 20:40:16.486 19089 19107 D UE4     : [2019.01.19-01.40.16:486][  0]LogConfig: Setting CVar [[r.DOF.Gather.PostfilterMethod:1          ; Median3x3 postfilering method]]
01-18 20:40:16.486 19089 19107 D UE4     : [2019.01.19-01.40.16:486][  0]LogConfig: Setting CVar [[r.DOF.Gather.EnableBokehSettings:0       ; no bokeh simulation when gathering]]
01-18 20:40:16.486 19089 19107 D UE4     : [2019.01.19-01.40.16:486][  0]LogConfig: Setting CVar [[r.DOF.Gather.RingCount:4                 ; medium number of samples when gathering]]
01-18 20:40:16.486 19089 19107 D UE4     : [2019.01.19-01.40.16:486][  0]LogConfig: Setting CVar [[r.DOF.Scatter.ForegroundCompositing:1    ; additive foreground scattering]]
01-18 20:40:16.486 19089 19107 D UE4     : [2019.01.19-01.40.16:486][  0]LogConfig: Setting CVar [[r.DOF.Scatter.BackgroundCompositing:2    ; additive background scattering]]
01-18 20:40:16.486 19089 19107 D UE4     : [2019.01.19-01.40.16:486][  0]LogConfig: Setting CVar [[r.DOF.Scatter.EnableBokehSettings:1      ; bokeh simulation when scattering]]
01-18 20:40:16.486 19089 19107 D UE4     : [2019.01.19-01.40.16:486][  0]LogConfig: Setting CVar [[r.DOF.Scatter.MaxSpriteRatio:0.1         ; only a maximum of 10% of scattered bokeh]]
01-18 20:40:16.486 19089 19107 D UE4     : [2019.01.19-01.40.16:486][  0]LogConfig: Setting CVar [[r.DOF.Recombine.Quality:1                ; cheap slight out of focus]]
01-18 20:40:16.486 19089 19107 D UE4     : [2019.01.19-01.40.16:486][  0]LogConfig: Setting CVar [[r.DOF.Recombine.EnableBokehSettings:0    ; no bokeh simulation on slight out of focus]]
01-18 20:40:16.487 19089 19107 D UE4     : [2019.01.19-01.40.16:487][  0]LogConfig: Setting CVar [[r.DOF.TemporalAAQuality:1                ; more stable temporal accumulation]]
01-18 20:40:16.487 19089 19107 D UE4     : [2019.01.19-01.40.16:487][  0]LogConfig: Setting CVar [[r.DOF.Kernel.MaxForegroundRadius:0.025]]
01-18 20:40:16.487 19089 19107 D UE4     : [2019.01.19-01.40.16:487][  0]LogConfig: Setting CVar [[r.DOF.Kernel.MaxBackgroundRadius:0.025]]
01-18 20:40:16.487 19089 19107 D UE4     : [2019.01.19-01.40.16:487][  0]LogConfig: Applying CVar settings from Section [TextureQuality@3] File [../../../StackerGame/Saved/Config/Android/Scalability.ini]
01-18 20:40:16.487 19089 19107 D UE4     : [2019.01.19-01.40.16:487][  0]LogConfig: Setting CVar [[r.Streaming.MipBias:0]]
01-18 20:40:16.487 19089 19107 D UE4     : [2019.01.19-01.40.16:487][  0]LogConfig: Setting CVar [[r.Streaming.AmortizeCPUToGPUCopy:0]]
01-18 20:40:16.487 19089 19107 D UE4     : [2019.01.19-01.40.16:487][  0]LogConfig: Setting CVar [[r.Streaming.MaxNumTexturesToStreamPerFrame:0]]
01-18 20:40:16.487 19089 19107 D UE4     : [2019.01.19-01.40.16:487][  0]LogConfig: Setting CVar [[r.Streaming.Boost:1]]
01-18 20:40:16.487 19089 19107 D UE4     : [2019.01.19-01.40.16:487][  0]LogConfig: Setting CVar [[r.MaxAnisotropy:8]]
01-18 20:40:16.487 19089 19107 D UE4     : [2019.01.19-01.40.16:487][  0]LogConfig: Setting CVar [[r.Streaming.LimitPoolSizeToVRAM:0]]
01-18 20:40:16.487 19089 19107 D UE4     : [2019.01.19-01.40.16:487][  0]LogConfig: Setting CVar [[r.Streaming.PoolSize:1000]]
01-18 20:40:16.487 19089 19107 D UE4     : [2019.01.19-01.40.16:487][  0]LogConfig: Setting CVar [[r.Streaming.MaxEffectiveScreenSize:0]]
01-18 20:40:16.487 19089 19107 D UE4     : [2019.01.19-01.40.16:487][  0]LogConfig: Applying CVar settings from Section [EffectsQuality@3] File [../../../StackerGame/Saved/Config/Android/Scalability.ini]
01-18 20:40:16.487 19089 19107 D UE4     : [2019.01.19-01.40.16:487][  0]LogConfig: Setting CVar [[r.TranslucencyLightingVolumeDim:64]]
01-18 20:40:16.487 19089 19107 D UE4     : [2019.01.19-01.40.16:487][  0]LogConfig: Setting CVar [[r.RefractionQuality:2]]
01-18 20:40:16.488 19089 19107 D UE4     : [2019.01.19-01.40.16:488][  0]LogConsoleManager: Setting the console variable 'r.RefractionQuality' with 'SetByScalability' was ignored as it is lower priority than the previous 'SetByDeviceProfile'. Value remains '1'
01-18 20:40:16.488 19089 19107 D UE4     : [2019.01.19-01.40.16:488][  0]LogConfig: Setting CVar [[r.SSR.Quality:3]]
01-18 20:40:16.488 19089 19107 D UE4     : [2019.01.19-01.40.16:488][  0]LogConfig: Setting CVar [[r.SceneColorFormat:4]]
01-18 20:40:16.488 19089 19107 D UE4     : [2019.01.19-01.40.16:488][  0]LogConfig: Setting CVar [[r.DetailMode:2]]
01-18 20:40:16.488 19089 19107 D UE4     : [2019.01.19-01.40.16:488][  0]LogConfig: Setting CVar [[r.TranslucencyVolumeBlur:1]]
01-18 20:40:16.488 19089 19107 D UE4     : [2019.01.19-01.40.16:488][  0]LogConfig: Setting CVar [[r.MaterialQualityLevel:1 ; High quality]]
01-18 20:40:16.488 19089 19107 D UE4     : [2019.01.19-01.40.16:488][  0]LogConfig: Setting CVar [[r.SSS.Scale:1]]
01-18 20:40:16.488 19089 19107 D UE4     : [2019.01.19-01.40.16:488][  0]LogConfig: Setting CVar [[r.SSS.SampleSet:2]]
01-18 20:40:16.488 19089 19107 D UE4     : [2019.01.19-01.40.16:488][  0]LogConfig: Setting CVar [[r.SSS.Quality:1]]
01-18 20:40:16.488 19089 19107 D UE4     : [2019.01.19-01.40.16:488][  0]LogConfig: Setting CVar [[r.SSS.HalfRes:1]]
01-18 20:40:16.488 19089 19107 D UE4     : [2019.01.19-01.40.16:488][  0]LogConfig: Setting CVar [[r.EmitterSpawnRateScale:1.0]]
01-18 20:40:16.488 19089 19107 D UE4     : [2019.01.19-01.40.16:488][  0]LogConfig: Setting CVar [[r.ParticleLightQuality:2]]
01-18 20:40:16.488 19089 19107 D UE4     : [2019.01.19-01.40.16:488][  0]LogConfig: Applying CVar settings from Section [FoliageQuality@3] File [../../../StackerGame/Saved/Config/Android/Scalability.ini]
01-18 20:40:16.488 19089 19107 D UE4     : [2019.01.19-01.40.16:488][  0]LogConfig: Setting CVar [[foliage.DensityScale:1.0]]
01-18 20:40:16.489 19089 19107 D UE4     : [2019.01.19-01.40.16:489][  0]LogConfig: Setting CVar [[grass.DensityScale:1.0]]
01-18 20:40:16.489 19089 19107 D UE4     : [2019.01.19-01.40.16:489][  0]LogConfig: Applying CVar settings from Section [Startup] File [../../../Engine/Config/ConsoleVariables.ini]
01-18 20:40:16.489 18214 18214 I Finsky  : [1] com.google.android.finsky.scheduler.ag.a(59): Running job: 12-1
01-18 20:40:16.489 19089 19107 D UE4     : [2019.01.19-01.40.16:489][  0]LogConfig: Setting CVar [[net.UseAdaptiveNetUpdateFrequency:0]]
01-18 20:40:16.489 19089 19107 D UE4     : [2019.01.19-01.40.16:489][  0]LogConfig: Applying CVar settings from Section [ConsoleVariables] File [../../../StackerGame/Saved/Config/Android/Engine.ini]
01-18 20:40:16.490 19089 19107 D UE4     : [2019.01.19-01.40.16:490][  0]LogConfig: Setting CVar [[r.AllowOcclusionQueries:0]]
01-18 20:40:16.490 19089 19107 D UE4     : [2019.01.19-01.40.16:490][  0]LogConfig: Setting CVar [[Slate.CacheRenderData:0]]
01-18 20:40:16.490 19089 19107 D UE4     : [2019.01.19-01.40.16:490][  0]LogConfig: Setting CVar [[r.VSync:1]]
01-18 20:40:16.490 18214 18214 I Finsky  : [1] com.google.android.finsky.contentsync.ContentSyncJob.a(24): ContentSyncJob started
01-18 20:40:16.490 19089 19107 D UE4     : [2019.01.19-01.40.16:490][  0]LogConfig: Setting CVar [[r.ParallelShadows:0]]
01-18 20:40:16.492 18214 18214 I Finsky  : [1] com.google.android.finsky.scheduler.ag.a(105): RunningQueue size: 1, PendingQueue size: 0
01-18 20:40:16.492 18214 18214 I Finsky  : [1] com.google.android.finsky.scheduler.ag.a(116): Running queue: 12-1 
01-18 20:40:16.493 19089 19107 D UE4     : [2019.01.19-01.40.16:493][  0]LogInit: Memory total: Physical=3662.72MB (4GB approx) Available=1575.73MB PageSize=4.0KB
01-18 20:40:16.495 19089 19107 D UE4     : [2019.01.19-01.40.16:495][  0]LogInit: Using OS detected language (en-US).
01-18 20:40:16.495 19089 19107 D UE4     : [2019.01.19-01.40.16:495][  0]LogInit: Using OS detected locale (en-US).
01-18 20:40:16.496 19089 19107 D UE4     : [2019.01.19-01.40.16:496][  0]LogTextLocalizationManager: No specific localization for 'en-US' exists, so the 'en' localization will be used.
01-18 20:40:16.504  5971  5971 I HwDetectorWithState: #performNextHotwordAction action: 1
01-18 20:40:16.576  3757 32083 D SamsungAlarmManager: Cancel Alarm calling from uid:10014 pid :7370 / op:PendingIntent{3008f74: PendingIntentRecord{766390 com.google.android.gms broadcastIntent}}
01-18 20:40:16.585  7370 17454 I Icing   : Indexing com.google.android.gms-internal.3p:MusicGroup from com.google.android.gms
01-18 20:40:16.615 19089 19107 D UE4     : [2019.01.19-01.40.16:615][  0]LogStreaming: Display: Took  0.120s to InitEngineTextLocalization.
01-18 20:40:16.640 19089 19107 D UE4     : [2019.01.19-01.40.16:640][  0]LogSlate: New Slate User Created.  User Index 0, Is Virtual User: 0
01-18 20:40:16.640 19089 19107 D UE4     : [2019.01.19-01.40.16:640][  0]LogSlate: Slate User Registered.  User Index 0, Is Virtual User: 0
01-18 20:40:16.641 19089 19107 D UE4     : [2019.01.19-01.40.16:641][  0]LogAndroid: VulkanRHI will NOT be used:
01-18 20:40:16.641 19089 19107 D UE4     : [2019.01.19-01.40.16:641][  0]LogAndroid:  ** Vulkan support is not available (Driver, RHI or shaders are missing, or disabled by cmdline, see above logging for details)
01-18 20:40:16.641 19089 19107 D UE4     : [2019.01.19-01.40.16:641][  0]LogAndroid: OpenGL ES will be used.
01-18 20:40:16.641 19089 19107 D UE4     : FPlatformOpenGLDevice:Init
01-18 20:40:16.641 19089 19107 D UE4     : AndroidEGL::InitSurface 0, 1
01-18 20:40:16.641 19089 19107 D UE4     : [JAVA] - SetDesiredViewSize width=720 and height=1280
01-18 20:40:16.641 19089 19107 D UE4     : AndroidEGL::CreateEGLSurface() Already initialized: 0xe181f2a8
01-18 20:40:16.642 19089 19107 D UE4     : [2019.01.19-01.40.16:642][  0]LogRHI: Extension eglPresentationTimeANDROID Present
01-18 20:40:16.642 19089 19107 D UE4     : [2019.01.19-01.40.16:642][  0]LogRHI: Extension eglGetNextFrameIdANDROID Not Present
01-18 20:40:16.642 19089 19107 D UE4     : [2019.01.19-01.40.16:642][  0]LogRHI: Extension eglGetCompositorTimingANDROID Not Present
01-18 20:40:16.642 19089 19107 D UE4     : [2019.01.19-01.40.16:642][  0]LogRHI: Extension eglGetFrameTimestampsANDROID Not Present
01-18 20:40:16.642 19089 19107 D UE4     : [2019.01.19-01.40.16:642][  0]LogRHI: Extension eglQueryTimestampSupportedANDROID Not Present
01-18 20:40:16.642 19089 19107 D UE4     : [2019.01.19-01.40.16:642][  0]LogRHI: Extension eglGetCompositorTimingSupportedANDROID Not Present
01-18 20:40:16.642 19089 19107 D UE4     : [2019.01.19-01.40.16:642][  0]LogRHI: Extension eglGetFrameTimestampsSupportedANDROID Not Present
01-18 20:40:16.647 19089 19107 D UE4     : [2019.01.19-01.40.16:647][  0]LogRHI: Initializing OpenGL RHI
01-18 20:40:16.647 19089 19107 D UE4     : [2019.01.19-01.40.16:647][  0]LogRHI:   GL_VENDOR: ARM
01-18 20:40:16.648 19089 19107 D UE4     : [2019.01.19-01.40.16:647][  0]LogRHI:   GL_RENDERER: Mali-T760
01-18 20:40:16.648 19089 19107 D UE4     : [2019.01.19-01.40.16:648][  0]LogRHI:   GL_VERSION: OpenGL ES 3.2 v1.r15p0-00rel0.68b65ac7cf15907aeb95fa944f39eef2
01-18 20:40:16.648 19089 19107 D UE4     : [2019.01.19-01.40.16:648][  0]LogRHI:   GL_SHADING_LANGUAGE_VERSION: OpenGL ES GLSL ES 3.20
01-18 20:40:16.648 19089 19107 D UE4     : [2019.01.19-01.40.16:648][  0]LogRHI: OpenGL Extensions:
01-18 20:40:16.648 19089 19107 D UE4     : [2019.01.19-01.40.16:648][  0]LogRHI:   GL_EXT_debug_marker
01-18 20:40:16.648 19089 19107 D UE4     : [2019.01.19-01.40.16:648][  0]LogRHI:   GL_ARM_rgba8
01-18 20:40:16.648 19089 19107 D UE4     : [2019.01.19-01.40.16:648][  0]LogRHI:   GL_ARM_mali_shader_binary
01-18 20:40:16.648 19089 19107 D UE4     : [2019.01.19-01.40.16:648][  0]LogRHI:   GL_OES_depth24
01-18 20:40:16.648 19089 19107 D UE4     : [2019.01.19-01.40.16:648][  0]LogRHI:   GL_OES_depth_texture
01-18 20:40:16.648 19089 19107 D UE4     : [2019.01.19-01.40.16:648][  0]LogRHI:   GL_OES_depth_texture_cube_map
01-18 20:40:16.648 19089 19107 D UE4     : [2019.01.19-01.40.16:648][  0]LogRHI:   GL_OES_packed_depth_stencil
01-18 20:40:16.648 19089 19107 D UE4     : [2019.01.19-01.40.16:648][  0]LogRHI:   GL_OES_rgb8_rgba8
01-18 20:40:16.648 19089 19107 D UE4     : [2019.01.19-01.40.16:648][  0]LogRHI:   GL_EXT_read_format_bgra
01-18 20:40:16.648 19089 19107 D UE4     : [2019.01.19-01.40.16:648][  0]LogRHI:   GL_OES_compressed_paletted_texture
01-18 20:40:16.648 19089 19107 D UE4     : [2019.01.19-01.40.16:648][  0]LogRHI:   GL_OES_compressed_ETC1_RGB8_texture
01-18 20:40:16.648 19089 19107 D UE4     : [2019.01.19-01.40.16:648][  0]LogRHI:   GL_OES_standard_derivatives
01-18 20:40:16.649 19089 19107 D UE4     : [2019.01.19-01.40.16:648][  0]LogRHI:   GL_OES_EGL_image
01-18 20:40:16.649 19089 19107 D UE4     : [2019.01.19-01.40.16:649][  0]LogRHI:   GL_OES_EGL_image_external
01-18 20:40:16.649 19089 19107 D UE4     : [2019.01.19-01.40.16:649][  0]LogRHI:   GL_OES_EGL_image_external_essl3
01-18 20:40:16.649 19089 19107 D UE4     : [2019.01.19-01.40.16:649][  0]LogRHI:   GL_OES_EGL_sync
01-18 20:40:16.649 19089 19107 D UE4     : [2019.01.19-01.40.16:649][  0]LogRHI:   GL_OES_texture_npot
01-18 20:40:16.649 19089 19107 D UE4     : [2019.01.19-01.40.16:649][  0]LogRHI:   GL_OES_vertex_half_float
01-18 20:40:16.649 19089 19107 D UE4     : [2019.01.19-01.40.16:649][  0]LogRHI:   GL_OES_required_internalformat
01-18 20:40:16.649 19089 19107 D UE4     : [2019.01.19-01.40.16:649][  0]LogRHI:   GL_OES_vertex_array_object
01-18 20:40:16.649 19089 19107 D UE4     : [2019.01.19-01.40.16:649][  0]LogRHI:   GL_OES_mapbuffer
01-18 20:40:16.649 19089 19107 D UE4     : [2019.01.19-01.40.16:649][  0]LogRHI:   GL_EXT_texture_format_BGRA8888
01-18 20:40:16.649 19089 19107 D UE4     : [2019.01.19-01.40.16:649][  0]LogRHI:   GL_EXT_texture_rg
01-18 20:40:16.649 19089 19107 D UE4     : [2019.01.19-01.40.16:649][  0]LogRHI:   GL_EXT_texture_type_2_10_10_10_REV
01-18 20:40:16.649 19089 19107 D UE4     : [2019.01.19-01.40.16:649][  0]LogRHI:   GL_OES_fbo_render_mipmap
01-18 20:40:16.649 19089 19107 D UE4     : [2019.01.19-01.40.16:649][  0]LogRHI:   GL_OES_element_index_uint
01-18 20:40:16.649 19089 19107 D UE4     : [2019.01.19-01.40.16:649][  0]LogRHI:   GL_EXT_shadow_samplers
01-18 20:40:16.649 19089 19107 D UE4     : [2019.01.19-01.40.16:649][  0]LogRHI:   GL_OES_texture_compression_astc
01-18 20:40:16.649 19089 19107 D UE4     : [2019.01.19-01.40.16:649][  0]LogRHI:   GL_KHR_texture_compression_astc_ldr
01-18 20:40:16.649 19089 19107 D UE4     : [2019.01.19-01.40.16:649][  0]LogRHI:   GL_KHR_texture_compression_astc_hdr
01-18 20:40:16.649 19089 19107 D UE4     : [2019.01.19-01.40.16:649][  0]LogRHI:   GL_KHR_texture_compression_astc_sliced_3d
01-18 20:40:16.649 19089 19107 D UE4     : [2019.01.19-01.40.16:649][  0]LogRHI:   GL_KHR_debug
01-18 20:40:16.650 19089 19107 D UE4     : [2019.01.19-01.40.16:650][  0]LogRHI:   GL_EXT_occlusion_query_boolean
01-18 20:40:16.650 19089 19107 D UE4     : [2019.01.19-01.40.16:650][  0]LogRHI:   GL_EXT_disjoint_timer_query
01-18 20:40:16.650 19089 19107 D UE4     : [2019.01.19-01.40.16:650][  0]LogRHI:   GL_EXT_blend_minmax
01-18 20:40:16.650 19089 19107 D UE4     : [2019.01.19-01.40.16:650][  0]LogRHI:   GL_EXT_discard_framebuffer
01-18 20:40:16.650 19089 19107 D UE4     : [2019.01.19-01.40.16:650][  0]LogRHI:   GL_OES_get_program_binary
01-18 20:40:16.650 19089 19107 D UE4     : [2019.01.19-01.40.16:650][  0]LogRHI:   GL_OES_texture_3D
01-18 20:40:16.650 19089 19107 D UE4     : [2019.01.19-01.40.16:650][  0]LogRHI:   GL_EXT_texture_storage
01-18 20:40:16.650 19089 19107 D UE4     : [2019.01.19-01.40.16:650][  0]LogRHI:   GL_EXT_multisampled_render_to_texture
01-18 20:40:16.650 19089 19107 D UE4     : [2019.01.19-01.40.16:650][  0]LogRHI:   GL_OES_surfaceless_context
01-18 20:40:16.650 19089 19107 D UE4     : [2019.01.19-01.40.16:650][  0]LogRHI:   GL_OES_texture_stencil8
01-18 20:40:16.650 19089 19107 D UE4     : [2019.01.19-01.40.16:650][  0]LogRHI:   GL_EXT_shader_pixel_local_storage
01-18 20:40:16.650 19089 19107 D UE4     : [2019.01.19-01.40.16:650][  0]LogRHI:   GL_ARM_shader_framebuffer_fetch
01-18 20:40:16.650 19089 19107 D UE4     : [2019.01.19-01.40.16:650][  0]LogRHI:   GL_ARM_shader_framebuffer_fetch_depth_stencil
01-18 20:40:16.650 19089 19107 D UE4     : [2019.01.19-01.40.16:650][  0]LogRHI:   GL_ARM_mali_program_binary
01-18 20:40:16.650 19089 19107 D UE4     : [2019.01.19-01.40.16:650][  0]LogRHI:   GL_EXT_sRGB
01-18 20:40:16.650 19089 19107 D UE4     : [2019.01.19-01.40.16:650][  0]LogRHI:   GL_EXT_sRGB_write_control
01-18 20:40:16.650 19089 19107 D UE4     : [2019.01.19-01.40.16:650][  0]LogRHI:   GL_EXT_texture_sRGB_decode
01-18 20:40:16.650 19089 19107 D UE4     : [2019.01.19-01.40.16:650][  0]LogRHI:   GL_EXT_texture_sRGB_R8
01-18 20:40:16.650 19089 19107 D UE4     : [2019.01.19-01.40.16:650][  0]LogRHI:   GL_EXT_texture_sRGB_RG8
01-18 20:40:16.651 19089 19107 D UE4     : [2019.01.19-01.40.16:651][  0]LogRHI:   GL_KHR_blend_equation_advanced
01-18 20:40:16.651 19089 19107 D UE4     : [2019.01.19-01.40.16:651][  0]LogRHI:   GL_KHR_blend_equation_advanced_coherent
01-18 20:40:16.651 19089 19107 D UE4     : [2019.01.19-01.40.16:651][  0]LogRHI:   GL_OES_texture_storage_multisample_2d_array
01-18 20:40:16.651 19089 19107 D UE4     : [2019.01.19-01.40.16:651][  0]LogRHI:   GL_OES_shader_image_atomic
01-18 20:40:16.651 19089 19107 D UE4     : [2019.01.19-01.40.16:651][  0]LogRHI:   GL_EXT_robustness
01-18 20:40:16.651 19089 19107 D UE4     : [2019.01.19-01.40.16:651][  0]LogRHI:   GL_EXT_draw_buffers_indexed
01-18 20:40:16.651 19089 19107 D UE4     : [2019.01.19-01.40.16:651][  0]LogRHI:   GL_OES_draw_buffers_indexed
01-18 20:40:16.651 19089 19107 D UE4     : [2019.01.19-01.40.16:651][  0]LogRHI:   GL_EXT_texture_border_clamp
01-18 20:40:16.651 19089 19107 D UE4     : [2019.01.19-01.40.16:651][  0]LogRHI:   GL_OES_texture_border_clamp
01-18 20:40:16.651 19089 19107 D UE4     : [2019.01.19-01.40.16:651][  0]LogRHI:   GL_EXT_texture_cube_map_array
01-18 20:40:16.651 19089 19107 D UE4     : [2019.01.19-01.40.16:651][  0]LogRHI:   GL_OES_texture_cube_map_array
01-18 20:40:16.651 19089 19107 D UE4     : [2019.01.19-01.40.16:651][  0]LogRHI:   GL_OES_sample_variables
01-18 20:40:16.651 19089 19107 D UE4     : [2019.01.19-01.40.16:651][  0]LogRHI:   GL_OES_sample_shading
01-18 20:40:16.651 19089 19107 D UE4     : [2019.01.19-01.40.16:651][  0]LogRHI:   GL_OES_shader_multisample_interpolation
01-18 20:40:16.651 19089 19107 D UE4     : [2019.01.19-01.40.16:651][  0]LogRHI:   GL_EXT_shader_io_blocks
01-18 20:40:16.651 19089 19107 D UE4     : [2019.01.19-01.40.16:651][  0]LogRHI:   GL_OES_shader_io_blocks
01-18 20:40:16.652 19089 19107 D UE4     : [2019.01.19-01.40.16:651][  0]LogRHI:   GL_EXT_tessellation_shader
01-18 20:40:16.652 19089 19107 D UE4     : [2019.01.19-01.40.16:652][  0]LogRHI:   GL_OES_tessellation_shader
01-18 20:40:16.652 19089 19107 D UE4     : [2019.01.19-01.40.16:652][  0]LogRHI:   GL_EXT_primitive_bounding_box
01-18 20:40:16.652 19089 19107 D UE4     : [2019.01.19-01.40.16:652][  0]LogRHI:   GL_OES_primitive_bounding_box
01-18 20:40:16.652 19089 19107 D UE4     : [2019.01.19-01.40.16:652][  0]LogRHI:   GL_EXT_geometry_shader
01-18 20:40:16.652 19089 19107 D UE4     : [2019.01.19-01.40.16:652][  0]LogRHI:   GL_OES_geometry_shader
01-18 20:40:16.652 19089 19107 D UE4     : [2019.01.19-01.40.16:652][  0]LogRHI:   GL_ANDROID_extension_pack_es31a
01-18 20:40:16.652 19089 19107 D UE4     : [2019.01.19-01.40.16:652][  0]LogRHI:   GL_EXT_gpu_shader5
01-18 20:40:16.652 19089 19107 D UE4     : [2019.01.19-01.40.16:652][  0]LogRHI:   GL_OES_gpu_shader5
01-18 20:40:16.652 19089 19107 D UE4     : [2019.01.19-01.40.16:652][  0]LogRHI:   GL_EXT_texture_buffer
01-18 20:40:16.652 19089 19107 D UE4     : [2019.01.19-01.40.16:652][  0]LogRHI:   GL_OES_texture_buffer
01-18 20:40:16.652 19089 19107 D UE4     : [2019.01.19-01.40.16:652][  0]LogRHI:   GL_EXT_copy_image
01-18 20:40:16.652 19089 19107 D UE4     : [2019.01.19-01.40.16:652][  0]LogRHI:   GL_OES_copy_image
01-18 20:40:16.652 19089 19107 D UE4     : [2019.01.19-01.40.16:652][  0]LogRHI:   GL_EXT_color_buffer_half_float
01-18 20:40:16.652 19089 19107 D UE4     : [2019.01.19-01.40.16:652][  0]LogRHI:   GL_EXT_color_buffer_float
01-18 20:40:16.652 19089 19107 D UE4     : [2019.01.19-01.40.16:652][  0]LogRHI:   GL_EXT_YUV_target
01-18 20:40:16.652 19089 19107 D UE4     : [2019.01.19-01.40.16:652][  0]LogRHI:   GL_OVR_multiview
01-18 20:40:16.652 19089 19107 D UE4     : [2019.01.19-01.40.16:652][  0]LogRHI:   GL_OVR_multiview2
01-18 20:40:16.652 19089 19107 D UE4     : [2019.01.19-01.40.16:652][  0]LogRHI:   GL_OVR_multiview_multisampled_render_to_texture
01-18 20:40:16.652 19089 19107 D UE4     : [2019.01.19-01.40.16:652][  0]LogRHI:   GL_KHR_robustness
01-18 20:40:16.653 19089 19107 D UE4     : [2019.01.19-01.40.16:652][  0]LogRHI:   GL_KHR_robust_buffer_access_behavior
01-18 20:40:16.653 19089 19107 D UE4     : [2019.01.19-01.40.16:653][  0]LogRHI:   GL_EXT_draw_elements_base_vertex
01-18 20:40:16.653 19089 19107 D UE4     : [2019.01.19-01.40.16:653][  0]LogRHI:   GL_OES_draw_elements_base_vertex
01-18 20:40:16.653 19089 19107 D UE4     : [2019.01.19-01.40.16:653][  0]LogRHI:   GL_EXT_protected_textures
01-18 20:40:16.653 19089 19107 D UE4     : [2019.01.19-01.40.16:653][  0]LogRHI:   GL_MAX_VERTEX_ATTRIBS: 16
01-18 20:40:16.653 19089 19107 D UE4     : [2019.01.19-01.40.16:653][  0]LogRHI:   GL_MAX_VARYING_VECTORS: 15
01-18 20:40:16.653 19089 19107 D UE4     : [2019.01.19-01.40.16:653][  0]LogRHI:   GL_MAX_VERTEX_UNIFORM_VECTORS: 1024
01-18 20:40:16.653 19089 19107 D UE4     : [2019.01.19-01.40.16:653][  0]LogRHI:   GL_MAX_FRAGMENT_UNIFORM_VECTORS: 1024
01-18 20:40:16.654 19089 19107 D UE4     : [2019.01.19-01.40.16:654][  0]LogRHI: Fragment shader lowp precision: 10
01-18 20:40:16.654 19089 19107 D UE4     : [2019.01.19-01.40.16:654][  0]LogRHI: Fragment shader mediump precision: 10
01-18 20:40:16.654 19089 19107 D UE4     : [2019.01.19-01.40.16:654][  0]LogRHI: Fragment shader highp precision: 23
01-18 20:40:16.655 19089 19107 D UE4     : [2019.01.19-01.40.16:655][  0]LogRHI: Support for 8x MSAA detected
01-18 20:40:16.655 19089 19107 D UE4     : [2019.01.19-01.40.16:655][  0]LogRHI: Image external enabled: ImageExternalESSL300
01-18 20:40:16.656 19089 19107 D UE4     : [2019.01.19-01.40.16:656][  0]LogRHI: Device supports mobile multi-view.
01-18 20:40:16.657 19089 19107 D UE4     : [2019.01.19-01.40.16:657][  0]LogRHI:   GL_MAX_TEXTURE_SIZE: 8192
01-18 20:40:16.657 19089 19107 D UE4     : [2019.01.19-01.40.16:657][  0]LogRHI:   GL_MAX_CUBE_MAP_TEXTURE_SIZE: 4096
01-18 20:40:16.657 19089 19107 D UE4     : [2019.01.19-01.40.16:657][  0]LogRHI:   GL_MAX_ARRAY_TEXTURE_LAYERS: 256
01-18 20:40:16.657 19089 19107 D UE4     : [2019.01.19-01.40.16:657][  0]LogRHI:   GL_MAX_RENDERBUFFER_SIZE: 8192
01-18 20:40:16.657 19089 19107 D UE4     : [2019.01.19-01.40.16:657][  0]LogRHI:   GL_MAX_TEXTURE_IMAGE_UNITS: 16
01-18 20:40:16.657 19089 19107 D UE4     : [2019.01.19-01.40.16:657][  0]LogRHI:   GL_MAX_DRAW_BUFFERS: 4
01-18 20:40:16.657 19089 19107 D UE4     : [2019.01.19-01.40.16:657][  0]LogRHI:   GL_MAX_COLOR_ATTACHMENTS: 1
01-18 20:40:16.657 19089 19107 D UE4     : [2019.01.19-01.40.16:657][  0]LogRHI:   GL_MAX_SAMPLES: 1
01-18 20:40:16.657 19089 19107 D UE4     : [2019.01.19-01.40.16:657][  0]LogRHI:   GL_MAX_COLOR_TEXTURE_SAMPLES: 1
01-18 20:40:16.657 19089 19107 D UE4     : [2019.01.19-01.40.16:657][  0]LogRHI:   GL_MAX_DEPTH_TEXTURE_SAMPLES: 1
01-18 20:40:16.657 19089 19107 D UE4     : [2019.01.19-01.40.16:657][  0]LogRHI:   GL_MAX_INTEGER_SAMPLES: 1
01-18 20:40:16.657 19089 19107 D UE4     : [2019.01.19-01.40.16:657][  0]LogRHI:   GL_MAX_COMBINED_TEXTURE_IMAGE_UNITS: 96
01-18 20:40:16.658 19089 19107 D UE4     : [2019.01.19-01.40.16:658][  0]LogRHI:   GL_MAX_VERTEX_ATTRIBS: 16
01-18 20:40:16.658 19089 19107 D UE4     : [2019.01.19-01.40.16:658][  0]LogRHI: OpenGL MajorVersion = 2, MinorVersion = 0, ShaderPlatform = GLSL_ES2, FeatureLevel = ES2
01-18 20:40:16.658 19089 19107 D UE4     : [2019.01.19-01.40.16:658][  0]LogRHI: PLATFORM_ANDROID
01-18 20:40:16.658 19089 19107 D UE4     : [2019.01.19-01.40.16:658][  0]LogRHI: Enabling program binary cache as /storage/emulated/0/Android/data/com.GeekTechnique.InfinityStack/files/ProgramBinaryCache/GLSL_ES2_60D556DEDF0DE1EBDD6379802F1CD396F0CC8D40
01-18 20:40:16.658 19089 19107 D UE4     : [2019.01.19-01.40.16:658][  0]LogRHI: FOpenGLProgramBinaryCache will be initialized when ShaderPipelineCache opens its file
01-18 20:40:16.668 19089 19107 D UE4     : [2019.01.19-01.40.16:668][  0]LogRHI: Texture pool is 1000 MB (of 0 MB total graphics mem)
01-18 20:40:16.668 19089 19107 D UE4     : [2019.01.19-01.40.16:668][  0]LogRHI: Display: Testing for shader compiler compatibility
01-18 20:40:16.673 19089 19107 D UE4     : [2019.01.19-01.40.16:672][  0]LogRHI: Display: Shaders compile fine no need to enable hacks
01-18 20:40:16.673 19089 19107 D UE4     : [2019.01.19-01.40.16:673][  0]LogRHI: Display: Testing for round() function availability
01-18 20:40:16.674 19089 19107 D UE4     : [2019.01.19-01.40.16:674][  0]LogRHI: Warning: Disabling the need for the round() function hack
01-18 20:40:16.674  3757  4354 D SamsungAlarmManager: Expired : 8
01-18 20:40:16.674 19089 19107 D UE4     : [2019.01.19-01.40.16:674][  0]LogShaderLibrary: Display: Failed to load Shared Shader Library: Global and no native library supported.
01-18 20:40:16.675 19089 19107 D UE4     : [2019.01.19-01.40.16:674][  0]LogShaderLibrary: Display: Failed to load Shared Shader Library: Global_SC and no native library supported.
01-18 20:40:16.675 19089 19107 D UE4     : [2019.01.19-01.40.16:675][  0]LogShaderLibrary: Display: Failed to load Shared Shader Library: Paper2D and no native library supported.
