01-07 16:27:30.337 23224 23245 V threaded_app: New input event: type=2
01-07 16:27:30.338 23224 23224 D ViewRootImpl@e972267[GameActivity]: ViewPostImeInputStage processPointer 0
01-07 16:27:30.353 23224 23245 V threaded_app: New input event: type=2
01-07 16:27:30.366  3757  4458 D WifiStateMachine: Current network is: "wilkinson2.4" , ID is: 30
01-07 16:27:30.367  3757  4458 I WifiStateMachine: IMS calling, current network is always qualified
01-07 16:27:30.370 23224 23245 V threaded_app: New input event: type=2
01-07 16:27:30.403 23224 23245 V threaded_app: New input event: type=2
01-07 16:27:30.420 23224 23245 V threaded_app: New input event: type=2
01-07 16:27:30.432  3757  4398 D InputReader: Input event(3): value=0 when=21032317319000
01-07 16:27:30.432  3757  4398 D InputReader: Input event(3): value=0 when=21032317319000
01-07 16:27:30.432  3757  4398 I InputReader: Touch event's action is 0x1 (deviceType=0) [pCnt=1, s=] when=21032317319000
01-07 16:27:30.432  3757  4397 I InputDispatcher: Delivering touch to (23224): action: 0x1, toolType: 1
01-07 16:27:30.433 23224 23245 V threaded_app: New input event: type=2
01-07 16:27:30.434 23224 23245 V threaded_app: New input event: type=2
01-07 16:27:30.438 23224 23224 D ViewRootImpl@e972267[GameActivity]: ViewPostImeInputStage processPointer 1
01-07 16:27:30.473 23224 23354 I libOpenSLES: Emulating old channel mask behavior (ignoring positional mask 0x3, using default mask 0x3 based on channel count of 2)
01-07 16:27:30.475  3237  3813 I AudioFlinger: add dynamic flag, can move to deep thread, session 3817
01-07 16:27:30.478 23224 23354 W AudioTrack: AUDIO_OUTPUT_FLAG_FAST denied by server; frameCount 1924
01-07 16:27:30.478 23224 23354 D AudioTrack: Client defaulted notificationFrames to 962 for frameCount 1924
01-07 16:27:30.479 23224 23354 I AudioTrack: This process already got info. FadeIn[0] FadeOut[0] FadeInRing[0]
01-07 16:27:30.480  3237 22865 W AudioPolicyIntefaceImpl: Skipped to add effects on session 3817
01-07 16:27:30.480  3237 22865 I APM_AudioPolicyManager: startOutput() output 21, stream 3, session 3817
01-07 16:27:30.494  3237  3477 D audio_hw_primary: out_set_parameters: enter: kvpairs: routing=2
01-07 16:27:30.494  3237  3477 I audio_hw_primary: out_set_parameters adev->out_device:2
01-07 16:27:30.494  3237  3477 I audio_hw_primary: is_voice_wakeup : ret =  0  , wakeup_baby_cry_enabled = 0  ,  wakeup_mic_enabled = 0 
01-07 16:27:30.494  3237  3477 V audio_hw_primary: select_devices output_scenario:0 input_scenario:28 out_snd_device 0x2 in_snd_device:0xb
01-07 16:27:30.494  3237  3477 I audio_hw_primary: select_devices - do not update mixer_path
01-07 16:27:30.494  3237  3477 D AudioFlinger: setCurDevice() 0x2
01-07 16:27:30.496 23224 23504 I AudioTrack: Skip ramp
01-07 16:27:30.601  3237  3352 I APM_AudioPolicyManager: stopOutput() output 21, stream 3, session 3817
01-07 16:27:30.602  3237  3352 I APM_AudioPolicyManager: write_logging() stream(3) device(0x2) time(-111971987942761366801228096553124772976417047148126624633039799719562748302471042943470110228941127547215348718071507935393032705407437114991931120397806019097344031635305141108960862875961601818624.00) volume(0.00)
01-07 16:27:31.151  3757  4398 D InputReader: Input event(3): value=1 when=21033036742000
01-07 16:27:31.151  3757  4398 D InputReader: Input event(3): value=1 when=21033036742000
01-07 16:27:31.152  3757  4398 I InputReader: Touch event's action is 0x0 (deviceType=0) [pCnt=1, s=0.2618 ] when=21033036742000
01-07 16:27:31.152  3757  4397 I InputDispatcher: Delivering touch to (23224): action: 0x0, toolType: 1
01-07 16:27:31.154 23224 23245 V threaded_app: New input event: type=2
01-07 16:27:31.155  3757  3775 I MultiWindowEdgeDetector: getEdgeFlags: 1, [124.5,58.5], w=39, h=63, screenWidth=1080, caller=com.samsung.android.multiwindow.MultiWindowEdgeDetector.onTouchEvent:78 com.android.server.wm.TaskTapPointerEventListener.onPointerEvent:97 com.android.server.wm.PointerEventDispatcher.onInputEvent:53 android.view.InputEventReceiver.dispatchInputEvent:185 android.os.MessageQueue.nativePollOnce:-2 
01-07 16:27:31.157  3757  3775 I MultiWindowEdgeDetector: getEdgeFlags: 1, [124.5,58.5], w=39, h=63, screenWidth=1080, caller=com.samsung.android.multiwindow.MultiWindowEdgeDetector.onTouchEvent:78 com.android.server.wm.MultiWindowPointerEventListenerImpl.onPointerEvent:242 com.android.server.wm.PointerEventDispatcher.onInputEvent:53 android.view.InputEventReceiver.dispatchInputEvent:185 android.os.MessageQueue.nativePollOnce:-2 
01-07 16:27:31.158 23224 23224 D ViewRootImpl@e972267[GameActivity]: ViewPostImeInputStage processPointer 0
01-07 16:27:31.158  3757  3775 I MultiWindowEdgeDetector: getEdgeFlags: 1, [124.5,58.5], w=39, h=63, screenWidth=1080, caller=com.samsung.android.multiwindow.MultiWindowEdgeDetector.onTouchEvent:78 com.android.server.policy.SystemGesturesPointerEventListener.onPointerEvent:117 com.android.server.wm.PointerEventDispatcher.onInputEvent:53 android.view.InputEventReceiver.dispatchInputEvent:185 android.os.MessageQueue.nativePollOnce:-2 
01-07 16:27:31.171 23224 23245 V threaded_app: New input event: type=2
01-07 16:27:31.187 23224 23245 V threaded_app: New input event: type=2
01-07 16:27:31.204 23224 23245 V threaded_app: New input event: type=2
01-07 16:27:31.216  3757  4398 D InputReader: Input event(3): value=0 when=21033101283000
01-07 16:27:31.216  3757  4398 D InputReader: Input event(3): value=0 when=21033101283000
01-07 16:27:31.216  3757  4398 I InputReader: Touch event's action is 0x1 (deviceType=0) [pCnt=1, s=] when=21033101283000
01-07 16:27:31.216  3757  4397 I InputDispatcher: Delivering touch to (23224): action: 0x1, toolType: 1
01-07 16:27:31.217 23224 23245 V threaded_app: New input event: type=2
01-07 16:27:31.217 23224 23245 V threaded_app: New input event: type=2
01-07 16:27:31.218 23224 23224 D ViewRootImpl@e972267[GameActivity]: ViewPostImeInputStage processPointer 1
01-07 16:27:31.412  3227  3261 D Sensorhubs: readContextData: 1, 1, 7, -1
01-07 16:27:31.413  3757  4361 D SensorHubManager: onGetSensorHubDataLocked: library(4) = 1, 1, 7, -1
01-07 16:27:31.414  3757  4360 D CAE     : onGetSensorHubData(SensorHubParserProvider.java:94) - onGetSensorHubData Event [event buffer len :4], AP_WAKEUP
01-07 16:27:31.415  3757  4360 I CAE     : parse(SensorHubParserProvider.java:196) - buffer size = 4
01-07 16:27:31.415  3757  4360 I CAE     : parse(SensorHubParserProvider.java:207) - 1, 1, 7, -1,
01-07 16:27:31.417  3757  4360 D CAE     : display(ContextProvider.java:375) - ================= AUTO_ROTATION =================
01-07 16:27:31.417  3757  4360 I CAE     : display(ContextProvider.java:391) - Angle=[-1]
01-07 16:27:31.419  3757  4364 D SemContextService: updateContext() : event = Auto Rotation
01-07 16:27:31.419  3757  3757 D SemContextManager: onSemContextChanged() : event = Auto Rotation Angle : -1
01-07 16:27:31.419  3757  3757 D SContextManager: onSContextChanged() : event = Auto Rotation Angle : -1
01-07 16:27:31.420  3757  3757 V WindowOrientationListener: OrientationSensorJudge.onSContextChanged, Rotation: -1
01-07 16:27:31.456  5689  5689 D io_stats: !@   8,0 r 414864 13572692 w 301038 5658504 d 41013 2289204 f 69019 68990 iot 417940 264308 th 61440 61440 48264 pt 3510 inp 0 0 21033.341
01-07 16:27:31.539  3227  3261 D Sensorhubs: readContextData: 1, 1, 7, 0
01-07 16:27:31.540  3757  4361 D SensorHubManager: onGetSensorHubDataLocked: library(4) = 1, 1, 7, 0
01-07 16:27:31.542  3757  4360 D CAE     : onGetSensorHubData(SensorHubParserProvider.java:94) - onGetSensorHubData Event [event buffer len :4], AP_WAKEUP
01-07 16:27:31.543  3757  4360 I CAE     : parse(SensorHubParserProvider.java:196) - buffer size = 4
01-07 16:27:31.543  3757  4360 I CAE     : parse(SensorHubParserProvider.java:207) - 1, 1, 7, 0,
01-07 16:27:31.545  3757  4360 D CAE     : display(ContextProvider.java:375) - ================= AUTO_ROTATION =================
01-07 16:27:31.547  3757  4360 I CAE     : display(ContextProvider.java:391) - Angle=[0]
01-07 16:27:31.548  3757  4364 D SemContextService: updateContext() : event = Auto Rotation
01-07 16:27:31.549  3757  3757 D SemContextManager: onSemContextChanged() : event = Auto Rotation Angle : 0
01-07 16:27:31.550  3757  3757 D SContextManager: onSContextChanged() : event = Auto Rotation Angle : 0
01-07 16:27:31.551  3757  3757 V WindowOrientationListener: OrientationSensorJudge.onSContextChanged, Rotation: -1
01-07 16:27:31.593  3227  3261 D Sensorhubs: readContextData: 1, 1, 7, -1
01-07 16:27:31.594  3757  4361 D SensorHubManager: onGetSensorHubDataLocked: library(4) = 1, 1, 7, -1
01-07 16:27:31.595  3757  4360 D CAE     : onGetSensorHubData(SensorHubParserProvider.java:94) - onGetSensorHubData Event [event buffer len :4], AP_WAKEUP
01-07 16:27:31.595  3757  4360 I CAE     : parse(SensorHubParserProvider.java:196) - buffer size = 4
01-07 16:27:31.596  3757  4360 I CAE     : parse(SensorHubParserProvider.java:207) - 1, 1, 7, -1,
01-07 16:27:31.597  3757  4360 D CAE     : display(ContextProvider.java:375) - ================= AUTO_ROTATION =================
01-07 16:27:31.597  3757  4360 I CAE     : display(ContextProvider.java:391) - Angle=[-1]
01-07 16:27:31.598  3757  4364 D SemContextService: updateContext() : event = Auto Rotation
01-07 16:27:31.598  3757  3757 D SemContextManager: onSemContextChanged() : event = Auto Rotation Angle : -1
01-07 16:27:31.598  3757  3757 D SContextManager: onSContextChanged() : event = Auto Rotation Angle : -1
01-07 16:27:31.599  3757  3757 V WindowOrientationListener: OrientationSensorJudge.onSContextChanged, Rotation: -1
01-07 16:27:31.653  3227  3261 D Sensorhubs: readContextData: 1, 1, 7, 0
01-07 16:27:31.654  3757  4361 D SensorHubManager: onGetSensorHubDataLocked: library(4) = 1, 1, 7, 0
01-07 16:27:31.655  3757  4360 D CAE     : onGetSensorHubData(SensorHubParserProvider.java:94) - onGetSensorHubData Event [event buffer len :4], AP_WAKEUP
01-07 16:27:31.655  3757  4360 I CAE     : parse(SensorHubParserProvider.java:196) - buffer size = 4
01-07 16:27:31.657  3757  4360 I CAE     : parse(SensorHubParserProvider.java:207) - 1, 1, 7, 0,
01-07 16:27:31.658  3757  4360 D CAE     : display(ContextProvider.java:375) - ================= AUTO_ROTATION =================
01-07 16:27:31.659  3757  4360 I CAE     : display(ContextProvider.java:391) - Angle=[0]
01-07 16:27:31.661  3757  4364 D SemContextService: updateContext() : event = Auto Rotation
01-07 16:27:31.661  3757  3757 D SemContextManager: onSemContextChanged() : event = Auto Rotation Angle : 0
01-07 16:27:31.662  3757  3757 D SContextManager: onSContextChanged() : event = Auto Rotation Angle : 0
01-07 16:27:31.662  3757  3757 V WindowOrientationListener: OrientationSensorJudge.onSContextChanged, Rotation: -1
01-07 16:27:31.714  3227  3261 D Sensorhubs: readContextData: 1, 1, 7, -1
01-07 16:27:31.715  3757  4361 D SensorHubManager: onGetSensorHubDataLocked: library(4) = 1, 1, 7, -1
01-07 16:27:31.716  3757  4360 D CAE     : onGetSensorHubData(SensorHubParserProvider.java:94) - onGetSensorHubData Event [event buffer len :4], AP_WAKEUP
01-07 16:27:31.717  3757  4360 I CAE     : parse(SensorHubParserProvider.java:196) - buffer size = 4
01-07 16:27:31.717  3757  4360 I CAE     : parse(SensorHubParserProvider.java:207) - 1, 1, 7, -1,
01-07 16:27:31.718  3757  4360 D CAE     : display(ContextProvider.java:375) - ================= AUTO_ROTATION =================
01-07 16:27:31.719  3757  4360 I CAE     : display(ContextProvider.java:391) - Angle=[-1]
01-07 16:27:31.722  3757  3757 D SemContextManager: onSemContextChanged() : event = Auto Rotation Angle : -1
01-07 16:27:31.722  3757  4364 D SemContextService: updateContext() : event = Auto Rotation
01-07 16:27:31.723  3757  3757 D SContextManager: onSContextChanged() : event = Auto Rotation Angle : -1
01-07 16:27:31.723  3757  3757 V WindowOrientationListener: OrientationSensorJudge.onSContextChanged, Rotation: -1
01-07 16:27:31.758  3757  4966 E Watchdog: !@Sync 700 [07_Jan_16_27_31.758]
01-07 16:27:31.773  3227  3261 D Sensorhubs: readContextData: 1, 1, 7, 0
01-07 16:27:31.774  3757  4361 D SensorHubManager: onGetSensorHubDataLocked: library(4) = 1, 1, 7, 0
01-07 16:27:31.775  3757  4360 D CAE     : onGetSensorHubData(SensorHubParserProvider.java:94) - onGetSensorHubData Event [event buffer len :4], AP_WAKEUP
01-07 16:27:31.775  3757  4360 I CAE     : parse(SensorHubParserProvider.java:196) - buffer size = 4
01-07 16:27:31.776  3757  4360 I CAE     : parse(SensorHubParserProvider.java:207) - 1, 1, 7, 0,
01-07 16:27:31.777  3757  4360 D CAE     : display(ContextProvider.java:375) - ================= AUTO_ROTATION =================
01-07 16:27:31.778  3757  4360 I CAE     : display(ContextProvider.java:391) - Angle=[0]
01-07 16:27:31.778  3757  4364 D SemContextService: updateContext() : event = Auto Rotation
01-07 16:27:31.779  3757  3757 D SemContextManager: onSemContextChanged() : event = Auto Rotation Angle : 0
01-07 16:27:31.779  3757  3757 D SContextManager: onSContextChanged() : event = Auto Rotation Angle : 0
01-07 16:27:31.779  3757  3757 V WindowOrientationListener: OrientationSensorJudge.onSContextChanged, Rotation: 0
01-07 16:27:31.780  3757  3775 V WindowOrientationListener: OrientationSensorJudge.getProposedRotation, Rotation: 0
01-07 16:27:31.780  3757  3775 V WindowOrientationListener: OrientationSensorJudge.getProposedRotation, Rotation: 0
01-07 16:27:31.780  3757  3775 V WindowManager: rotationForOrientationLw(orient=1, last=0); user=0  sensorRotation=0 mLidState=-1 mDockMode=0 mHdmiPlugged=false
01-07 16:27:32.079  3227  3261 D Sensorhubs: readContextData: 1, 1, 7, -1
01-07 16:27:32.080  3757  4361 D SensorHubManager: onGetSensorHubDataLocked: library(4) = 1, 1, 7, -1
01-07 16:27:32.081  3757  4360 D CAE     : onGetSensorHubData(SensorHubParserProvider.java:94) - onGetSensorHubData Event [event buffer len :4], AP_WAKEUP
01-07 16:27:32.082  3757  4360 I CAE     : parse(SensorHubParserProvider.java:196) - buffer size = 4
01-07 16:27:32.083  3757  4360 I CAE     : parse(SensorHubParserProvider.java:207) - 1, 1, 7, -1,
01-07 16:27:32.085  3757  4360 D CAE     : display(ContextProvider.java:375) - ================= AUTO_ROTATION =================
01-07 16:27:32.087  3757  4360 I CAE     : display(ContextProvider.java:391) - Angle=[-1]
01-07 16:27:32.087  3757  4364 D SemContextService: updateContext() : event = Auto Rotation
01-07 16:27:32.088  3757  3757 D SemContextManager: onSemContextChanged() : event = Auto Rotation Angle : -1
01-07 16:27:32.090  3757  3757 D SContextManager: onSContextChanged() : event = Auto Rotation Angle : -1
01-07 16:27:32.090  3757  3757 V WindowOrientationListener: OrientationSensorJudge.onSContextChanged, Rotation: -1
01-07 16:27:32.924  3227  3261 D Sensorhubs: readContextData: 1, 1, 7, 0
01-07 16:27:32.926  3757  4361 D SensorHubManager: onGetSensorHubDataLocked: library(4) = 1, 1, 7, 0
01-07 16:27:32.926  3757  4360 D CAE     : onGetSensorHubData(SensorHubParserProvider.java:94) - onGetSensorHubData Event [event buffer len :4], AP_WAKEUP
01-07 16:27:32.927  3757  4360 I CAE     : parse(SensorHubParserProvider.java:196) - buffer size = 4
01-07 16:27:32.928  3757  4360 I CAE     : parse(SensorHubParserProvider.java:207) - 1, 1, 7, 0,
01-07 16:27:32.930  3757  4360 D CAE     : display(ContextProvider.java:375) - ================= AUTO_ROTATION =================
01-07 16:27:32.931  3757  4360 I CAE     : display(ContextProvider.java:391) - Angle=[0]
01-07 16:27:32.932  3757  4364 D SemContextService: updateContext() : event = Auto Rotation
01-07 16:27:32.932  3757  3757 D SemContextManager: onSemContextChanged() : event = Auto Rotation Angle : 0
01-07 16:27:32.933  3757  3757 D SContextManager: onSContextChanged() : event = Auto Rotation Angle : 0
01-07 16:27:32.933  3757  3757 V WindowOrientationListener: OrientationSensorJudge.onSContextChanged, Rotation: 0
01-07 16:27:32.934  3757  3775 V WindowOrientationListener: OrientationSensorJudge.getProposedRotation, Rotation: 0
01-07 16:27:32.934  3757  3775 V WindowOrientationListener: OrientationSensorJudge.getProposedRotation, Rotation: 0
01-07 16:27:32.934  3757  3775 V WindowManager: rotationForOrientationLw(orient=1, last=0); user=0  sensorRotation=0 mLidState=-1 mDockMode=0 mHdmiPlugged=false
01-07 16:27:33.122  3757  4398 D InputReader: Input event(3): value=1 when=21035008071000
01-07 16:27:33.122  3757  4398 D InputReader: Input event(3): value=1 when=21035008071000
01-07 16:27:33.122  3757  4398 I InputReader: Touch event's action is 0x0 (deviceType=0) [pCnt=1, s=0.2619 ] when=21035008071000
01-07 16:27:33.123  3757  4397 I InputDispatcher: Delivering touch to (23224): action: 0x0, toolType: 1
01-07 16:27:33.123 23224 23245 V threaded_app: New input event: type=2
01-07 16:27:33.125 23224 23224 D ViewRootImpl@e972267[GameActivity]: ViewPostImeInputStage processPointer 0
01-07 16:27:33.141 23224 23245 V threaded_app: New input event: type=2
01-07 16:27:33.160 23224 23245 V threaded_app: New input event: type=2
01-07 16:27:33.175 23224 23245 V threaded_app: New input event: type=2
01-07 16:27:33.191 23224 23245 V threaded_app: New input event: type=2
01-07 16:27:33.208 23224 23245 V threaded_app: New input event: type=2
01-07 16:27:33.225 23224 23245 V threaded_app: New input event: type=2
01-07 16:27:33.241 23224 23245 V threaded_app: New input event: type=2
01-07 16:27:33.258 23224 23245 V threaded_app: New input event: type=2
01-07 16:27:33.264  3757  4398 D InputReader: Input event(3): value=0 when=21035149258000
01-07 16:27:33.264  3757  4398 D InputReader: Input event(3): value=0 when=21035149258000
01-07 16:27:33.264  3757  4398 I InputReader: Touch event's action is 0x1 (deviceType=0) [pCnt=1, s=] when=21035149258000
01-07 16:27:33.264  3757  4397 I InputDispatcher: Delivering touch to (23224): action: 0x1, toolType: 1
01-07 16:27:33.265 23224 23245 V threaded_app: New input event: type=2
01-07 16:27:33.267 23224 23245 V threaded_app: New input event: type=2
01-07 16:27:33.268 23224 23224 D ViewRootImpl@e972267[GameActivity]: ViewPostImeInputStage processPointer 1
01-07 16:27:33.376  3757  4458 D WifiStateMachine: Current network is: "wilkinson2.4" , ID is: 30
01-07 16:27:33.377  3757  4458 I WifiStateMachine: IMS calling, current network is always qualified
01-07 16:27:33.524  3237  3477 I audio_hw_primary: do_out_standby +
01-07 16:27:33.528  3237  3477 D audio_hw_primary: output_devices devices:0
01-07 16:27:33.528  3237  3477 D audio_hw_primary: output_devices devices:0
01-07 16:27:33.528  3237  3477 I audio_hw_primary: is_voice_wakeup : ret =  0  , wakeup_baby_cry_enabled = 0  ,  wakeup_mic_enabled = 0 
01-07 16:27:33.528  3237  3477 V audio_hw_primary: select_devices output_scenario:-1 input_scenario:28 out_snd_device 0x0 in_snd_device:0xb
01-07 16:27:33.528  3237  3477 I audio_hw_primary: set_spk_rx_mute mute(1), rx val=0
01-07 16:27:33.529  3237  3477 I audio_route: > audio_route_reset :
01-07 16:27:33.529  3237  3477 I audio_route: > audio_route_apply_path : "recognition-mic"
01-07 16:27:33.531  3237  3477 V audio_hw_primary: select_devices() input_route "recognition-mic" 
01-07 16:27:33.531  3237  3477 I audio_route: > audio_route_apply_path : "gain-recognition-mic"
01-07 16:27:33.531  3237  3477 V audio_hw_primary: select_devices() input_gain "gain-recognition-mic" 
01-07 16:27:33.531  3237  3477 I audio_route: > audio_route_update_mixer : +
01-07 16:27:33.551  3237  3477 I audio_route: > audio_route_update_mixer : changed(4) -
01-07 16:27:33.551  3237  3477 I audio_hw_primary: select_devices - 
01-07 16:27:33.551  3237  3477 I audio_hw_primary: do_out_standby -
01-07 16:27:33.646  3227  3261 D Sensorhubs: readContextData: 1, 1, 7, -1
01-07 16:27:33.646  3757  4361 D SensorHubManager: onGetSensorHubDataLocked: library(4) = 1, 1, 7, -1
01-07 16:27:33.647  3757  4360 D CAE     : onGetSensorHubData(SensorHubParserProvider.java:94) - onGetSensorHubData Event [event buffer len :4], AP_WAKEUP
01-07 16:27:33.647  3757  4360 I CAE     : parse(SensorHubParserProvider.java:196) - buffer size = 4
01-07 16:27:33.648  3757  4360 I CAE     : parse(SensorHubParserProvider.java:207) - 1, 1, 7, -1,
01-07 16:27:33.649  3757  4360 D CAE     : display(ContextProvider.java:375) - ================= AUTO_ROTATION =================
01-07 16:27:33.650  3757  4360 I CAE     : display(ContextProvider.java:391) - Angle=[-1]
01-07 16:27:33.651  3757  4364 D SemContextService: updateContext() : event = Auto Rotation
01-07 16:27:33.651  3757  3757 D SemContextManager: onSemContextChanged() : event = Auto Rotation Angle : -1
01-07 16:27:33.651  3757  3757 D SContextManager: onSContextChanged() : event = Auto Rotation Angle : -1
01-07 16:27:33.652  3757  3757 V WindowOrientationListener: OrientationSensorJudge.onSContextChanged, Rotation: -1
01-07 16:27:33.872  3757  7203 D BatteryService: !@BatteryListener : batteryPropertiesChanged!
01-07 16:27:33.872  3757  7203 D BatteryService: level:66, scale:100, status:2, health:2, present:true, voltage: 4041, temperature: 304, technology: Li-ion, AC powered:false, USB powered:true, POGO powered:false, Wireless powered:false, icon:17303694, invalid charger:0, maxChargingCurrent:0, maxChargingVoltage:0, chargeCounter:0
01-07 16:27:33.873  3757  7203 D BatteryService: online:6, current avg:442, charge type:1, power sharing:false, high voltage charger:false, capacity:280000, batterySWSelfDischarging:false, misc_event:0, current_now:435
01-07 16:27:33.873  3757  3757 D BatteryService: Sending ACTION_BATTERY_CHANGED.
01-07 16:27:33.878  3757  3757 V UiModeManager: updateLocked: null action, mDockState=0, category=null
01-07 16:27:33.878  3757  3757 D UiModeManager: updateConfigurationLocked: mDockState=0; mCarMode=false; mNightMode=1; uiMode=17
01-07 16:27:33.879  3757  3757 D GameManagerService: new battery level: 66
01-07 16:27:33.882  4616  4616 D KeyguardUpdateMonitor: received broadcast android.intent.action.BATTERY_CHANGED
01-07 16:27:33.882  4616  4616 D KeyguardUpdateMonitor: handleBatteryUpdate
01-07 16:27:33.885  4616  4616 D PowerUI : priorPlugType = 2 mPlugType =  2
01-07 16:27:33.887  4616  4616 D PowerUI.Notification: showChargingNotice oldChargingType : 1 currentChargingType : 1 oldChargingTime : 4420000 mChargingTime : 4420000
01-07 16:27:33.887  4616  4616 D PowerUI.Notification: There is no change about charging status, so return!
01-07 16:27:33.890  4616  4616 D BatteryMeterDrawable: isSomethingChanged - false
01-07 16:27:33.890  4616  4616 D BatteryMeterDrawable: isSomethingChanged - false
01-07 16:27:33.893  5024  5024 D PhoneApp: PhoneAppBroadcastReceiver onReceive android.intent.action.BATTERY_CHANGED
01-07 16:27:33.893  5024  5024 D TelephonyExtensionManager: lowBatterySound - isLowBatterySoundScheduled: false
01-07 16:27:33.893  5024  5024 D TelephonyExtensionManager: lowBatterySound - isPlayNow: false
01-07 16:27:33.895  5024  5024 D TelephonyExtensionManager: isSpeakerON - false
01-07 16:27:33.897  4616  4616 D Tile.FlashlightTile: ACTION_BATTERY_CHANGED - Level :: 66, emEnabled :: false
01-07 16:27:33.906 23224 23224 D UE4     : Battery: status = 2, rawlevel = 66, scale = 100
01-07 16:27:33.906 23224 23224 D UE4     : nativeBatteryEvent(stat = 2, lvl = 66  temp = 30.40 C)
01-07 16:27:33.907  5024  5024 D TelephonyExtensionManager: lowBatterySound - batteryStatus: 2
01-07 16:27:33.907  5024  5024 D TelephonyExtensionManager: lowBatterySound - batteryLevel: 66
01-07 16:27:33.907  5024  5024 D TelephonyExtensionManager: lowBatterySound - cancel
01-07 16:27:33.908  3757 10512 D SamsungAlarmManager: Cancel Alarm calling from uid:1001 pid :5024 / op:PendingIntent{c42292a: PendingIntentRecord{1542118 com.android.phone broadcastIntent}}
01-07 16:27:33.910  5024  5024 D TelephonyExtension: Not stopping low battery tone
01-07 16:27:34.031  3757  4354 D SamsungAlarmManager: Expired : 8
01-07 16:27:34.032  3757  4354 I SamsungAlarmManager: setLocked to kernel - T:3 / 20190107T162800, SetElapsed=97102464, nowELAPSED=97076496
01-07 16:27:34.032  3757  4354 V SamsungAlarmManager: Sending to uid : 10059 action=null alarm=Alarm{132831b type 3 when 97076495 com.asurion.android.verizon.vms}
01-07 16:27:34.048  3757  4354 D CompatibilityInfo: mCompatibilityFlags - 0
01-07 16:27:34.048  3757  4354 D CompatibilityInfo: applicationDensity - 420
01-07 16:27:34.048  3757  4354 D CompatibilityInfo: applicationScale - 1.0
01-07 16:27:34.071  3757  7202 D SamsungAlarmManager: setExact Intent (T:3/F:5/AC:false) 20190107T162739 - CU:10059/CP:6745
01-07 16:27:34.072  3757  7202 I SamsungAlarmManager: setLocked to kernel - T:3 / 20190107T162739, SetElapsed=97081528, nowELAPSED=97076536
01-07 16:27:34.143  3757  9599 D SSRM:t  : SIOP:: AP = 420, PST = 372 (W:10), CP = 270, CUR = 636, LCD = 175
01-07 16:27:34.145  3757  9599 D ConnectivityService: filterNetworkStateForUid() uid: 1000 networkInfo: [type: WIFI[] - WIFI, state: CONNECTED/CONNECTED, reason: (unspecified), extra: "wilkinson2.4", failover: false, available: true, roaming: false, metered: false]
01-07 16:27:34.498 22834 22940 D ClClient: Not sending keepalive.  Current connection state=STOPPED
01-07 16:27:34.648 23224 23247 D UE4     : Used memory: 221540
01-07 16:27:35.045  4616  4823 D NetworkController.MobileSignalController(0/1): onSignalStrengthsChanged signalStrength=SignalStrength: 99 99 -120 -160 -120 -1 -1 13 -124 -15 -20 2147483647 2147483647 0x1000 gsm|lte level=1
01-07 16:27:35.046  4616  4823 D NetworkController.MobileSignalController(0/1): getMobileIconGroup(): 13
01-07 16:27:35.046  4616  4823 D NetworkController.MobileSignalController(0/1): updateVZWMobileIconGroup(): 13
01-07 16:27:35.049  5035  5670 D EPDG -- [SMARTWIFI]: onSignalStrengthsChanged: Received signal strength change, phone type is: 2
01-07 16:27:35.050  5035  6446 D EPDG -- [SMARTWIFI]: lastLteRSRP is -121currentLteRSRP is -124
01-07 16:27:35.050  5035  6446 D EPDG -- [SMARTWIFI]: lastLteRSRQ is -14currentLteRSRQ is -15
01-07 16:27:35.050  5035  6446 D EPDG -- [SMARTWIFI]: lastCdmaDb is -16currentCdmaDb is -16
01-07 16:27:35.050  5035  6446 V EPDG -- [SMARTWIFI]: Radio oldest entry removed
01-07 16:27:35.050  5035  6446 V EPDG -- [SMARTWIFI]: New entry : (SignalStrength: 99 99 -120 -160 -120 -1 -1 13 -124 -15 -20 2147483647 2147483647 0x1000 gsm|lte : 0 )
01-07 16:27:35.050  5035  6446 V EPDG -- [SMARTWIFI]: Radio entry added
01-07 16:27:35.052  4616  4823 D NetworkController.MobileSignalController(0/1): callState:0, callStateByPhone:false voLTECall:false voiceNetTpe:13 dataNetType:13, ine911:false, emergencyCallbackMode:false
01-07 16:27:35.462  3227  3261 D Sensorhubs: readContextData: 1, 1, 7, 0
01-07 16:27:35.464  3757  4361 D SensorHubManager: onGetSensorHubDataLocked: library(4) = 1, 1, 7, 0
01-07 16:27:35.465  3757  4360 D CAE     : onGetSensorHubData(SensorHubParserProvider.java:94) - onGetSensorHubData Event [event buffer len :4], AP_WAKEUP
01-07 16:27:35.465  3757  4360 I CAE     : parse(SensorHubParserProvider.java:196) - buffer size = 4
01-07 16:27:35.466  3757  4360 I CAE     : parse(SensorHubParserProvider.java:207) - 1, 1, 7, 0,
01-07 16:27:35.467  3757  4360 D CAE     : display(ContextProvider.java:375) - ================= AUTO_ROTATION =================
01-07 16:27:35.468  3757  4360 I CAE     : display(ContextProvider.java:391) - Angle=[0]
01-07 16:27:35.468  3757  4364 D SemContextService: updateContext() : event = Auto Rotation
01-07 16:27:35.469  3757  3757 D SemContextManager: onSemContextChanged() : event = Auto Rotation Angle : 0
01-07 16:27:35.469  3757  3757 D SContextManager: onSContextChanged() : event = Auto Rotation Angle : 0
01-07 16:27:35.471  3757  3757 V WindowOrientationListener: OrientationSensorJudge.onSContextChanged, Rotation: 0
01-07 16:27:35.472  3757  3775 V WindowOrientationListener: OrientationSensorJudge.getProposedRotation, Rotation: 0
01-07 16:27:35.472  3757  3775 V WindowOrientationListener: OrientationSensorJudge.getProposedRotation, Rotation: 0
01-07 16:27:35.472  3757  3775 V WindowManager: rotationForOrientationLw(orient=1, last=0); user=0  sensorRotation=0 mLidState=-1 mDockMode=0 mHdmiPlugged=false
01-07 16:27:35.584  3227  3261 D Sensorhubs: readContextData: 1, 1, 7, -1
01-07 16:27:35.585  3757  4361 D SensorHubManager: onGetSensorHubDataLocked: library(4) = 1, 1, 7, -1
01-07 16:27:35.585  3757  4360 D CAE     : onGetSensorHubData(SensorHubParserProvider.java:94) - onGetSensorHubData Event [event buffer len :4], AP_WAKEUP
01-07 16:27:35.586  3757  4360 I CAE     : parse(SensorHubParserProvider.java:196) - buffer size = 4
01-07 16:27:35.587  3757  4360 I CAE     : parse(SensorHubParserProvider.java:207) - 1, 1, 7, -1,
01-07 16:27:35.587  3757  4360 D CAE     : display(ContextProvider.java:375) - ================= AUTO_ROTATION =================
01-07 16:27:35.588  3757  4360 I CAE     : display(ContextProvider.java:391) - Angle=[-1]
01-07 16:27:35.589  3757  4364 D SemContextService: updateContext() : event = Auto Rotation
01-07 16:27:35.590  3757  3757 D SemContextManager: onSemContextChanged() : event = Auto Rotation Angle : -1
01-07 16:27:35.590  3757  3757 D SContextManager: onSContextChanged() : event = Auto Rotation Angle : -1
01-07 16:27:35.590  3757  3757 V WindowOrientationListener: OrientationSensorJudge.onSContextChanged, Rotation: -1
01-07 16:27:35.647  3227  3261 D Sensorhubs: readContextData: 1, 1, 7, 0
01-07 16:27:35.648  3757  4361 D SensorHubManager: onGetSensorHubDataLocked: library(4) = 1, 1, 7, 0
01-07 16:27:35.649  3757  4360 D CAE     : onGetSensorHubData(SensorHubParserProvider.java:94) - onGetSensorHubData Event [event buffer len :4], AP_WAKEUP
01-07 16:27:35.649  3757  4360 I CAE     : parse(SensorHubParserProvider.java:196) - buffer size = 4
01-07 16:27:35.650  3757  4360 I CAE     : parse(SensorHubParserProvider.java:207) - 1, 1, 7, 0,
01-07 16:27:35.650  3757  4360 D CAE     : display(ContextProvider.java:375) - ================= AUTO_ROTATION =================
01-07 16:27:35.651  3757  4360 I CAE     : display(ContextProvider.java:391) - Angle=[0]
01-07 16:27:35.652  3757  4364 D SemContextService: updateContext() : event = Auto Rotation
01-07 16:27:35.652  3757  3757 D SemContextManager: onSemContextChanged() : event = Auto Rotation Angle : 0
01-07 16:27:35.652  3757  3757 D SContextManager: onSContextChanged() : event = Auto Rotation Angle : 0
01-07 16:27:35.653  3757  3757 V WindowOrientationListener: OrientationSensorJudge.onSContextChanged, Rotation: 0
01-07 16:27:35.653  3757  3775 V WindowOrientationListener: OrientationSensorJudge.getProposedRotation, Rotation: 0
01-07 16:27:35.653  3757  3775 V WindowOrientationListener: OrientationSensorJudge.getProposedRotation, Rotation: 0
01-07 16:27:35.653  3757  3775 V WindowManager: rotationForOrientationLw(orient=1, last=0); user=0  sensorRotation=0 mLidState=-1 mDockMode=0 mHdmiPlugged=false
01-07 16:27:35.846  3757  4398 D InputReader: Input event(3): value=1 when=21037731852000
01-07 16:27:35.846  3757  4398 D InputReader: Input event(3): value=1 when=21037731852000
01-07 16:27:35.846  3757  4398 I InputReader: Touch event's action is 0x0 (deviceType=0) [pCnt=1, s=0.2620 ] when=21037731852000
01-07 16:27:35.847  3757  4397 I InputDispatcher: Delivering touch to (23224): action: 0x0, toolType: 1
01-07 16:27:35.848 23224 23245 V threaded_app: New input event: type=2
01-07 16:27:35.849 23224 23224 D ViewRootImpl@e972267[GameActivity]: ViewPostImeInputStage processPointer 0
01-07 16:27:35.880 23224 23245 V threaded_app: New input event: type=2
01-07 16:27:35.897 23224 23245 V threaded_app: New input event: type=2
01-07 16:27:35.913 23224 23245 V threaded_app: New input event: type=2
01-07 16:27:35.930 23224 23245 V threaded_app: New input event: type=2
01-07 16:27:35.932  3757  4398 D InputReader: Input event(3): value=0 when=21037818289000
01-07 16:27:35.933  3757  4398 D InputReader: Input event(3): value=0 when=21037818289000
01-07 16:27:35.933  3757  4398 I InputReader: Touch event's action is 0x1 (deviceType=0) [pCnt=1, s=] when=21037818289000
01-07 16:27:35.933  3757  4397 I InputDispatcher: Delivering touch to (23224): action: 0x1, toolType: 1
01-07 16:27:35.933 23224 23245 V threaded_app: New input event: type=2
01-07 16:27:35.938 23224 23224 D ViewRootImpl@e972267[GameActivity]: ViewPostImeInputStage processPointer 1
01-07 16:27:36.399  3757  4458 D WifiStateMachine: Current network is: "wilkinson2.4" , ID is: 30
01-07 16:27:36.401  3757  4458 I WifiStateMachine: IMS calling, current network is always qualified
01-07 16:27:36.458  5689  5689 D io_stats: !@   8,0 r 414864 13572692 w 301050 5658600 d 41015 2289212 f 69045 69016 iot 418060 264314 th 61440 61440 48264 pt 3510 inp 0 0 21038.343
01-07 16:27:36.618  3227  3261 D Sensorhubs: readContextData: 1, 1, 7, -1
01-07 16:27:36.618  3757  4361 D SensorHubManager: onGetSensorHubDataLocked: library(4) = 1, 1, 7, -1
01-07 16:27:36.620  3757  4360 D CAE     : onGetSensorHubData(SensorHubParserProvider.java:94) - onGetSensorHubData Event [event buffer len :4], AP_WAKEUP
01-07 16:27:36.621  3757  4360 I CAE     : parse(SensorHubParserProvider.java:196) - buffer size = 4
01-07 16:27:36.622  3757  4360 I CAE     : parse(SensorHubParserProvider.java:207) - 1, 1, 7, -1,
01-07 16:27:36.624  3757  4360 D CAE     : display(ContextProvider.java:375) - ================= AUTO_ROTATION =================
01-07 16:27:36.625  3757  4360 I CAE     : display(ContextProvider.java:391) - Angle=[-1]
01-07 16:27:36.626  3757  4364 D SemContextService: updateContext() : event = Auto Rotation
01-07 16:27:36.626  3757  3757 D SemContextManager: onSemContextChanged() : event = Auto Rotation Angle : -1
01-07 16:27:36.627  3757  3757 D SContextManager: onSContextChanged() : event = Auto Rotation Angle : -1
01-07 16:27:36.627  3757  3757 V WindowOrientationListener: OrientationSensorJudge.onSContextChanged, Rotation: -1
01-07 16:27:36.677  3227  3261 D Sensorhubs: readContextData: 1, 1, 7, 0
01-07 16:27:36.678  3757  4361 D SensorHubManager: onGetSensorHubDataLocked: library(4) = 1, 1, 7, 0
01-07 16:27:36.679  3757  4360 D CAE     : onGetSensorHubData(SensorHubParserProvider.java:94) - onGetSensorHubData Event [event buffer len :4], AP_WAKEUP
01-07 16:27:36.680  3757  4360 I CAE     : parse(SensorHubParserProvider.java:196) - buffer size = 4
01-07 16:27:36.682  3757  4360 I CAE     : parse(SensorHubParserProvider.java:207) - 1, 1, 7, 0,
01-07 16:27:36.683  3757  4360 D CAE     : display(ContextProvider.java:375) - ================= AUTO_ROTATION =================
01-07 16:27:36.684  3757  4360 I CAE     : display(ContextProvider.java:391) - Angle=[0]
01-07 16:27:36.685  3757  4364 D SemContextService: updateContext() : event = Auto Rotation
01-07 16:27:36.686  3757  3757 D SemContextManager: onSemContextChanged() : event = Auto Rotation Angle : 0
01-07 16:27:36.686  3757  3757 D SContextManager: onSContextChanged() : event = Auto Rotation Angle : 0
01-07 16:27:36.686  3757  3757 V WindowOrientationListener: OrientationSensorJudge.onSContextChanged, Rotation: 0
01-07 16:27:36.687  3757  3775 V WindowOrientationListener: OrientationSensorJudge.getProposedRotation, Rotation: 0
01-07 16:27:36.687  3757  3775 V WindowOrientationListener: OrientationSensorJudge.getProposedRotation, Rotation: 0
01-07 16:27:36.687  3757  3775 V WindowManager: rotationForOrientationLw(orient=1, last=0); user=0  sensorRotation=0 mLidState=-1 mDockMode=0 mHdmiPlugged=false
01-07 16:27:36.920  3227  3261 D Sensorhubs: readContextData: 1, 1, 7, -1
01-07 16:27:36.920  3757  4361 D SensorHubManager: onGetSensorHubDataLocked: library(4) = 1, 1, 7, -1
01-07 16:27:36.921  3757  4360 D CAE     : onGetSensorHubData(SensorHubParserProvider.java:94) - onGetSensorHubData Event [event buffer len :4], AP_WAKEUP
01-07 16:27:36.922  3757  4360 I CAE     : parse(SensorHubParserProvider.java:196) - buffer size = 4
01-07 16:27:36.923  3757  4360 I CAE     : parse(SensorHubParserProvider.java:207) - 1, 1, 7, -1,
01-07 16:27:36.924  3757  4360 D CAE     : display(ContextProvider.java:375) - ================= AUTO_ROTATION =================
01-07 16:27:36.925  3757  4360 I CAE     : display(ContextProvider.java:391) - Angle=[-1]
01-07 16:27:36.926  3757  4364 D SemContextService: updateContext() : event = Auto Rotation
01-07 16:27:36.927  3757  3757 D SemContextManager: onSemContextChanged() : event = Auto Rotation Angle : -1
01-07 16:27:36.927  3757  3757 D SContextManager: onSContextChanged() : event = Auto Rotation Angle : -1
01-07 16:27:36.927  3757  3757 V WindowOrientationListener: OrientationSensorJudge.onSContextChanged, Rotation: -1
01-07 16:27:36.979  3227  3261 D Sensorhubs: readContextData: 1, 1, 7, 0
01-07 16:27:36.980  3757  4361 D SensorHubManager: onGetSensorHubDataLocked: library(4) = 1, 1, 7, 0
01-07 16:27:36.981  3757  4360 D CAE     : onGetSensorHubData(SensorHubParserProvider.java:94) - onGetSensorHubData Event [event buffer len :4], AP_WAKEUP
01-07 16:27:36.982  3757  4360 I CAE     : parse(SensorHubParserProvider.java:196) - buffer size = 4
01-07 16:27:36.983  3757  4360 I CAE     : parse(SensorHubParserProvider.java:207) - 1, 1, 7, 0,
01-07 16:27:36.983  3757  4360 D CAE     : display(ContextProvider.java:375) - ================= AUTO_ROTATION =================
01-07 16:27:36.984  3757  4360 I CAE     : display(ContextProvider.java:391) - Angle=[0]
01-07 16:27:36.985  3757  4364 D SemContextService: updateContext() : event = Auto Rotation
01-07 16:27:36.985  3757  3757 D SemContextManager: onSemContextChanged() : event = Auto Rotation Angle : 0
01-07 16:27:36.986  3757  3757 D SContextManager: onSContextChanged() : event = Auto Rotation Angle : 0
01-07 16:27:36.986  3757  3757 V WindowOrientationListener: OrientationSensorJudge.onSContextChanged, Rotation: 0
01-07 16:27:36.986  3757  3775 V WindowOrientationListener: OrientationSensorJudge.getProposedRotation, Rotation: 0
01-07 16:27:36.986  3757  3775 V WindowOrientationListener: OrientationSensorJudge.getProposedRotation, Rotation: 0
01-07 16:27:36.987  3757  3775 V WindowManager: rotationForOrientationLw(orient=1, last=0); user=0  sensorRotation=0 mLidState=-1 mDockMode=0 mHdmiPlugged=false
01-07 16:27:37.100  3227  3261 D Sensorhubs: readContextData: 1, 1, 7, -1
01-07 16:27:37.100  3757  4361 D SensorHubManager: onGetSensorHubDataLocked: library(4) = 1, 1, 7, -1
01-07 16:27:37.101  3757  4360 D CAE     : onGetSensorHubData(SensorHubParserProvider.java:94) - onGetSensorHubData Event [event buffer len :4], AP_WAKEUP
01-07 16:27:37.101  3757  4360 I CAE     : parse(SensorHubParserProvider.java:196) - buffer size = 4
01-07 16:27:37.102  3757  4360 I CAE     : parse(SensorHubParserProvider.java:207) - 1, 1, 7, -1,
01-07 16:27:37.103  3757  4360 D CAE     : display(ContextProvider.java:375) - ================= AUTO_ROTATION =================
01-07 16:27:37.104  3757  4360 I CAE     : display(ContextProvider.java:391) - Angle=[-1]
01-07 16:27:37.104  3757  4364 D SemContextService: updateContext() : event = Auto Rotation
01-07 16:27:37.105  3757  3757 D SemContextManager: onSemContextChanged() : event = Auto Rotation Angle : -1
01-07 16:27:37.105  3757  3757 D SContextManager: onSContextChanged() : event = Auto Rotation Angle : -1
01-07 16:27:37.106  3757  3757 V WindowOrientationListener: OrientationSensorJudge.onSContextChanged, Rotation: -1
01-07 16:27:37.496  3757  4398 D InputReader: Input event(3): value=1 when=21039381777000
01-07 16:27:37.496  3757  4398 D InputReader: Input event(3): value=1 when=21039381777000
01-07 16:27:37.496  3757  4398 I InputReader: Touch event's action is 0x0 (deviceType=0) [pCnt=1, s=0.2621 ] when=21039381777000
01-07 16:27:37.497  3757  4397 I InputDispatcher: Delivering touch to (23224): action: 0x0, toolType: 1
01-07 16:27:37.497 23224 23245 V threaded_app: New input event: type=2
01-07 16:27:37.500 23224 23224 D ViewRootImpl@e972267[GameActivity]: ViewPostImeInputStage processPointer 0
01-07 16:27:37.505 23224 23244 D UE4     : [2019.01.07-21.27.37:505][174]LogSlate: FSceneViewport::OnFocusLost() reason 0
01-07 16:27:37.516 23224 23245 V threaded_app: New input event: type=2
01-07 16:27:37.533 23224 23245 V threaded_app: New input event: type=2
01-07 16:27:37.551 23224 23245 V threaded_app: New input event: type=2
01-07 16:27:37.567 23224 23245 V threaded_app: New input event: type=2
01-07 16:27:37.584 23224 23245 V threaded_app: New input event: type=2
01-07 16:27:37.592  3757  4398 D InputReader: Input event(3): value=0 when=21039478138000
01-07 16:27:37.593  3757  4398 D InputReader: Input event(3): value=0 when=21039478138000
01-07 16:27:37.593  3757  4398 I InputReader: Touch event's action is 0x1 (deviceType=0) [pCnt=1, s=] when=21039478138000
01-07 16:27:37.593  3757  4397 I InputDispatcher: Delivering touch to (23224): action: 0x1, toolType: 1
01-07 16:27:37.594 23224 23245 V threaded_app: New input event: type=2
01-07 16:27:37.596 23224 23224 D ViewRootImpl@e972267[GameActivity]: ViewPostImeInputStage processPointer 1
01-07 16:27:37.772  5024  5209 I System.out: Broadcasting: Intent { act=android.intent.action.ACTION_UNSOL_RESPONSE_OEM_HOOK_RAW launchParam=MultiScreenLaunchParams { mDisplayId=0 mFlags=0 } (has extras) }
01-07 16:27:37.784  5035  5670 D EPDG -- [SMARTWIFI]: onSignalStrengthsChanged: Received signal strength change, phone type is: 2
01-07 16:27:37.785  5035  6446 D EPDG -- [SMARTWIFI]: lastLteRSRP is -124currentLteRSRP is -124
01-07 16:27:37.785  5035  6446 D EPDG -- [SMARTWIFI]: lastLteRSRQ is -15currentLteRSRQ is -15
01-07 16:27:37.785  5035  6446 D EPDG -- [SMARTWIFI]: lastCdmaDb is -16currentCdmaDb is -16
01-07 16:27:37.785  5035  6446 V EPDG -- [SMARTWIFI]: Radio oldest entry removed
01-07 16:27:37.785  5035  6446 V EPDG -- [SMARTWIFI]: New entry : (SignalStrength: 99 99 -120 -160 -120 -1 -1 13 -124 -15 -20 2147483647 2147483647 0x1000 gsm|lte : 0 )
01-07 16:27:37.785  5035  6446 V EPDG -- [SMARTWIFI]: Radio entry added
01-07 16:27:37.790  5024  7823 I System.out: Broadcast completed: result=0
01-07 16:27:37.791  4616  4823 D NetworkController.MobileSignalController(0/1): onSignalStrengthsChanged signalStrength=SignalStrength: 99 99 -120 -160 -120 -1 -1 13 -124 -15 -20 2147483647 2147483647 0x1000 gsm|lte level=1
01-07 16:27:37.792  4616  4823 D NetworkController.MobileSignalController(0/1): getMobileIconGroup(): 13
01-07 16:27:37.792  4616  4823 D NetworkController.MobileSignalController(0/1): updateVZWMobileIconGroup(): 13
01-07 16:27:37.796  4616  4823 D NetworkController.MobileSignalController(0/1): callState:0, callStateByPhone:false voLTECall:false voiceNetTpe:13 dataNetType:13, ine911:false, emergencyCallbackMode:false
01-07 16:27:37.801  5035  6445 D EPDG -- [MODEM]: message length is  9
01-07 16:27:37.802  5035  6445 D EPDG -- [MODEM]: countRead is 7 offset is 7remaining is 0
01-07 16:27:37.802  5035  6445 D EPDG -- EpdgIpcMessageFactory: ipcMainCmd: 8
01-07 16:27:37.803  5035  6445 D EPDG -- [UTILS]: isUSerBinary: true
01-07 16:27:37.805  5035  6445 D EPDG -- [RILRECEIVER]: [Rx]: Main: IPC_NET_CMD Sub: IPC_NET_REGIST
01-07 16:27:37.805  5035  6445 D EPDG -- [RILRECEIVER]: [Rx]: Param: FF 03 
01-07 16:27:37.805  5035  6445 I EPDG -- [RILRECEIVER]: RX [NET_REGIST] -- RESPONSE -- EPDG AVAILABLE
01-07 16:27:37.806  5035  6445 D EPDG -- [NETIPCMESSAGE]: encodeNetRegist
01-07 16:27:37.806  5035  6445 D EPDG -- [UTILS]: isUSerBinary: true
01-07 16:27:37.807  5035  6445 D EPDG -- [IPCDISPATCHER]: [Tx]: Main: IPC_NET_CMD Sub: IPC_NET_REGIST Cmd Type: IPC_CMD_RESP
01-07 16:27:37.807  5035  6445 D EPDG -- [IPCDISPATCHER]: [Tx]: Param: 30 03 02 00 00 00 00 00 00 00 00 00 00 
01-07 16:27:37.807  5035  6445 D EPDG -- [MODEM]: EpdgModem instance already exists !
01-07 16:27:37.808  5035  5670 D EPDG -- [EPDGService]: Event received: RIL_EPDG_STATUS_QUERY
01-07 16:27:37.808  5035  5670 D EPDG -- [EPDGService]: handleMessage: cid - 2
01-07 16:27:37.808  5035  6442 D EPDG -- [MODEM]: Successfully written to RIL
01-07 16:27:37.839  5035  6445 D EPDG -- [MODEM]: message length is  9
01-07 16:27:37.839  5035  6445 D EPDG -- [MODEM]: countRead is 7 offset is 7remaining is 0
01-07 16:27:37.839  5035  6445 D EPDG -- EpdgIpcMessageFactory: ipcMainCmd: 8
01-07 16:27:37.839  5035  6445 D EPDG -- [UTILS]: isUSerBinary: true
01-07 16:27:37.839  5035  6445 D EPDG -- [RILRECEIVER]: [Rx]: Main: IPC_NET_CMD Sub: IPC_NET_REGIST
01-07 16:27:37.839  5035  6445 D EPDG -- [RILRECEIVER]: [Rx]: Param: FF 03 
01-07 16:27:37.839  5035  6445 I EPDG -- [RILRECEIVER]: RX [NET_REGIST] -- RESPONSE -- EPDG AVAILABLE
01-07 16:27:37.840  5035  6445 D EPDG -- [NETIPCMESSAGE]: encodeNetRegist
01-07 16:27:37.840  5035  6445 D EPDG -- [UTILS]: isUSerBinary: true
01-07 16:27:37.840  5035  6445 D EPDG -- [IPCDISPATCHER]: [Tx]: Main: IPC_NET_CMD Sub: IPC_NET_REGIST Cmd Type: IPC_CMD_RESP
01-07 16:27:37.840  5035  6445 D EPDG -- [IPCDISPATCHER]: [Tx]: Param: 30 03 02 00 00 00 00 00 00 00 00 00 00 
01-07 16:27:37.840  5035  6445 D EPDG -- [MODEM]: EpdgModem instance already exists !
01-07 16:27:37.841  5035  5670 D EPDG -- [EPDGService]: Event received: RIL_EPDG_STATUS_QUERY
01-07 16:27:37.841  5035  5670 D EPDG -- [EPDGService]: handleMessage: cid - 2
01-07 16:27:37.841  5035  6442 D EPDG -- [MODEM]: Successfully written to RIL
01-07 16:27:37.879  4616  4823 D NetworkController.MobileSignalController(0/1): onCellLocationChanged
01-07 16:27:37.881  5010  5010 D PdnController: onCellLocationChanged:
01-07 16:27:37.881  3757  4986 D SLocation: onCellLocationChanged 1 / 0
01-07 16:27:37.881  5010  5010 D RegiMgrBase: onCellLocationChanged:
01-07 16:27:37.881  5010  5010 D VolteServiceModule: onCellLocationChanged:
01-07 16:27:37.882  5010  5302 D RegiMgrBase: handleMessage: EVENT_CELL_LOCATION_CHANGED
01-07 16:27:37.886  3757  4986 D TelephonyManager: getAllCellInfo : Caller (PID / UID / TID): 3757 / 1000 / 4986
01-07 16:27:37.888  5010  5302 D PaniGenerator: generate: network=13, fallbackPlmn=311480
01-07 16:27:37.896  5010  5302 D PaniGenerator: Don't use getDataPlmn if not in CS:1x and PS:LTE
01-07 16:27:37.898  5010  5302 D PaniGenerator: generate: change to NW PLMN(311480)
01-07 16:27:37.898  5010  5302 D TelephonyManager: getCellLocation : Caller (PID / UID / TID): 5010 / 1000 / 5302
01-07 16:27:37.900  3757  6777 D TelephonyManager: getCellLocation : Caller (PID / UID / TID): 3757 / 1000 / 6777
01-07 16:27:37.907  3757  4986 D SLocation: cellList : 5
01-07 16:27:37.909  5010  5302 D TelephonyManager: getCellLocation : Caller (PID / UID / TID): 5010 / 1000 / 5302
01-07 16:27:37.911  3757  4986 W SLocation: handleEvent ENTER : currentDirection 1
01-07 16:27:37.913  3757  4986 W SLocation: handleEvent EXIT : currentDirection 2
01-07 16:27:37.914  3757  4986 W SLocation: handleEvent EXIT : currentDirection 2
01-07 16:27:37.917  5010  5302 D TelephonyManager: getCellLocation : Caller (PID / UID / TID): 5010 / 1000 / 5302
01-07 16:27:37.917  3757  4986 W SLocation: handleEvent EXIT : currentDirection 2
01-07 16:27:37.919  3757  4986 W SLocation: handleEvent EXIT : currentDirection 2
01-07 16:27:37.921  3757  4986 W SLocation: handleEvent EXIT : currentDirection 2
01-07 16:27:37.922  3757  4986 W SLocation: handleEvent EXIT : currentDirection 2
01-07 16:27:37.925  3757  4986 W SLocation: handleEvent EXIT : currentDirection 2
01-07 16:27:37.926  5010  5873 D ImsSettingsProvider: insert at content://com.sec.ims.settings/debugconfig
01-07 16:27:37.926  3757  4986 W SLocation: handleEvent EXIT : currentDirection 2
01-07 16:27:37.926  5010  5873 D ImsSettingsProvider: match 21
01-07 16:27:37.928  3757  4986 W SLocation: handleEvent EXIT : currentDirection 2
01-07 16:27:37.930  5010  5873 D ImsSettingsProvider: insert : caller id : 5010, name : com.sec.imsservice
01-07 16:27:37.930  5010  5873 D DebugConfigStorage: insert()
01-07 16:27:37.931  3757  4986 W SLocation: handleEvent EXIT : currentDirection 2
01-07 16:27:37.934  3757  4986 W SLocation: handleEvent ENTER : currentDirection 1
01-07 16:27:37.936  3757  4986 W SLocation: handleEvent EXIT : currentDirection 2
01-07 16:27:37.937  3757  4986 W SLocation: handleEvent EXIT : currentDirection 2
01-07 16:27:37.939  3757  4986 W SLocation: handleEvent EXIT : currentDirection 2
01-07 16:27:37.941  3757  4986 W SLocation: handleEvent EXIT : currentDirection 2
01-07 16:27:37.943  5010  5873 D ImsSettingsProvider: match 21
01-07 16:27:37.943  5010  5873 D ImsSettingsProvider: query Uri[content://com.sec.ims.settings/debugconfig], selection [null]
01-07 16:27:37.944  5010  5873 D DebugConfigStorage: query()
01-07 16:27:37.944  3757  4986 W SLocation: handleEvent EXIT : currentDirection 2
01-07 16:27:37.945  5010  5873 D StackIF : updatePani: 12294 pani: [3GPP-E-UTRAN-FDD;utran-cell-id-3gpp=311480ae072a7b002]
01-07 16:27:37.948  5010  5875 D StackIF.Sender: handleMessage: what 1
01-07 16:27:37.949  5010  5875 D SECIMSJ : [0837]> REQUEST_UPDATE_PANI
01-07 16:27:37.950  3232  3355 E [IMS6.0]: ImsEventLoop: select (1), errno (11)
01-07 16:27:37.951  3232  3355 I [IMS6.0]: DispatchUpdatePani()
01-07 16:27:37.953  3232  3358 E [IMS6.0]: IMS_onResponse() Resp Id:600
01-07 16:27:37.953  3232  3358 I [IMS6.0]: ResponseGeneralResponse()
01-07 16:27:37.953  3232  3358 I [IMS6.0]: ResponseGeneralResponse() handle:3006
01-07 16:27:37.955  5010  5876 D SECIMSJ : [0837]< REQUEST_UPDATE_PANI
01-07 16:27:37.955  5010  5876 D StackIF : processResponse: reqId 84
01-07 16:27:37.955  5010  5876 D StackIF : processResponse: handle 12294 result REQUEST_SUCCESS reason REASON_NO_ERROR
01-07 16:27:37.985  3757  4986 W SLocation: handleEvent ENTER : currentDirection 1
01-07 16:27:37.986  3757  4986 W SLocation: handleEvent EXIT : currentDirection 2
01-07 16:27:37.987  3757  4986 W SLocation: handleEvent ENTER : currentDirection 1
01-07 16:27:37.988  3757  4986 W SLocation: handleEvent EXIT : currentDirection 2
01-07 16:27:37.990  3757  4986 W SLocation: handleEvent EXIT : currentDirection 2
