01-09 14:10:09.681  5024 17681 D TP/MmsProvider: query uri=content://mms/561/addr, match=13:Elapsed time : 3.584 ms
01-09 14:10:09.706  5024  5341 D TP/MmsProvider: query uri=content://mms/560/addr, match=13, calling pid = 7345
01-09 14:10:09.710  5024  5341 D TP/MmsProvider: query uri=content://mms/560/addr, match=13:Elapsed time : 4.433 ms
01-09 14:10:09.718  3757  4482 D AudioService: getStreamVolume 3 index 130
01-09 14:10:09.724  3757  3771 D AudioService: getStreamVolume 3 index 130
01-09 14:10:09.727  3757 29841 D AudioService: getStreamVolume 3 index 130
01-09 14:10:09.735  5024 29628 D TP/MmsProvider: query uri=content://mms/558/addr, match=13, calling pid = 7345
01-09 14:10:09.739  5024 29628 D TP/MmsProvider: query uri=content://mms/558/addr, match=13:Elapsed time : 3.813 ms
01-09 14:10:09.753  3757 29838 D AudioService: getStreamVolume 3 index 130
01-09 14:10:09.758  3757  5901 D AudioService: getStreamVolume 3 index 130
01-09 14:10:09.760  5024  7785 D TP/MmsProvider: query uri=content://mms/556/addr, match=13, calling pid = 7345
01-09 14:10:09.764  5024  7785 D TP/MmsProvider: query uri=content://mms/556/addr, match=13:Elapsed time : 4.317 ms
01-09 14:10:09.791  5024  6892 D TP/MmsProvider: query uri=content://mms/554/addr, match=13, calling pid = 7345
01-09 14:10:09.795  5024  6892 D TP/MmsProvider: query uri=content://mms/554/addr, match=13:Elapsed time : 4.001 ms
01-09 14:10:09.822  5024 29626 D TP/MmsProvider: query uri=content://mms/552/addr, match=13, calling pid = 7345
01-09 14:10:09.826  5024 29626 D TP/MmsProvider: query uri=content://mms/552/addr, match=13:Elapsed time : 4.210 ms
01-09 14:10:09.854  5024  5272 D TP/MmsProvider: query uri=content://mms/550/addr, match=13, calling pid = 7345
01-09 14:10:09.859  5024  5272 D TP/MmsProvider: query uri=content://mms/550/addr, match=13:Elapsed time : 4.201 ms
01-09 14:10:09.870  3757 32085 D AudioService: getStreamVolume 3 index 130
01-09 14:10:09.872  3757  5062 D AudioService: getStreamVolume 3 index 130
01-09 14:10:09.874  3757  5902 D AudioService: getStreamVolume 3 index 130
01-09 14:10:09.877  3757  5063 D AudioService: getStreamVolume 3 index 130
01-09 14:10:09.879  3757  7201 D AudioService: getStreamVolume 3 index 130
01-09 14:10:09.882  3757 31269 D AudioService: getStreamVolume 3 index 130
01-09 14:10:09.884  3757  7205 D AudioService: getStreamVolume 3 index 130
01-09 14:10:09.889  5024  5041 D TP/MmsProvider: query uri=content://mms/549/addr, match=13, calling pid = 7345
01-09 14:10:09.893  5024  5041 D TP/MmsProvider: query uri=content://mms/549/addr, match=13:Elapsed time : 4.721 ms
01-09 14:10:09.896  7638  7656 D UE4     : [2019.01.09-19.10.09:896][  0]LogAIModule: Creating AISystem for world StackMap
01-09 14:10:09.897  7638  7656 D UE4     : [2019.01.09-19.10.09:897][  0]LogLoad: Game class is 'GameModeBase'
01-09 14:10:09.902  7638  7656 D UE4     : [2019.01.09-19.10.09:902][  0]LogWorld: Bringing World /Game/Maps/StackMap.StackMap up for play (max tick rate 0) at 2019.01.09-14.10.09
01-09 14:10:09.906  7638  7656 D UE4     : [2019.01.09-19.10.09:906][  0]LogWorld: Bringing up level for play took: 0.007151
01-09 14:10:09.908  7638  7656 D UE4     : [2019.01.09-19.10.09:908][  0]LogOnlineIdentity: Display: OSS: FOnlineIdentityGooglePlay::GetPlayerNickname
01-09 14:10:09.909  7638  7656 D UE4     : [2019.01.09-19.10.09:909][  0]LogGameMode: FindPlayerStart: PATHS NOT DEFINED or NO PLAYERSTART with positive rating
01-09 14:10:09.920  3757  5901 D AudioService: getStreamVolume 3 index 130
01-09 14:10:09.928  3757 32083 D AudioService: getStreamVolume 3 index 130
01-09 14:10:09.931  5024 17681 D TP/MmsProvider: query uri=content://mms/547/addr, match=13, calling pid = 7345
01-09 14:10:09.932  3757  6272 D AudioService: getStreamVolume 3 index 130
01-09 14:10:09.935  5024 17681 D TP/MmsProvider: query uri=content://mms/547/addr, match=13:Elapsed time : 4.422 ms
01-09 14:10:09.948  7638  7656 D UE4     : [2019.01.09-19.10.09:948][  0]LogUMG: Display: Widget Class GameStartMenu_C - Loaded Fast Template.
01-09 14:10:09.952  7638  7656 D UE4     : [2019.01.09-19.10.09:952][  0]LogPlayerController: Error: InputMode:UIOnly - Attempting to focus Non-Focusable widget SObjectWidget [Widget.cpp(710)]!
01-09 14:10:09.954  7638  7656 D UE4     : [2019.01.09-19.10.09:954][  0]LogLoad: Took 0.337977 seconds to LoadMap(/Game/Maps/StackMap)
01-09 14:10:09.955  3757  7204 D AudioService: getStreamVolume 3 index 130
01-09 14:10:09.955  7638  7656 D UE4     : [2019.01.09-19.10.09:955][  0]LogSlate: Took 0.000347 seconds to synchronously load lazily loaded font '../../../Engine/Content/EngineFonts/Faces/DroidSansMono.ufont' (77K)
01-09 14:10:09.958  3757  4440 D BatteryService: !@BatteryListener : batteryPropertiesChanged!
01-09 14:10:09.959  3757  4440 D BatteryService: level:99, scale:100, status:2, health:2, present:true, voltage: 4280, temperature: 293, technology: Li-ion, AC powered:false, USB powered:true, POGO powered:false, Wireless powered:false, icon:17303694, invalid charger:0, maxChargingCurrent:0, maxChargingVoltage:0, chargeCounter:0
01-09 14:10:09.959  3757  4440 D BatteryService: online:6, current avg:409, charge type:1, power sharing:false, high voltage charger:false, capacity:280000, batterySWSelfDischarging:false, misc_event:0, current_now:466
01-09 14:10:09.959  3757  4440 D BatteryService: stay LED for charging
01-09 14:10:09.959  3757  3757 D BatteryService: Sending ACTION_BATTERY_CHANGED.
01-09 14:10:09.962  7638  7721 D UE4     : *** JavaEnvDestructor: 7721
01-09 14:10:09.963  7638  7717 D UE4     : AndroidEGL::ResetDisplay()
01-09 14:10:09.963  7638  7717 D UE4     : *** JavaEnvDestructor: 7717
01-09 14:10:09.964  3757  2859 D AudioService: getStreamVolume 3 index 130
01-09 14:10:09.964  5024  5341 D TP/MmsProvider: query uri=content://mms/546/addr, match=13, calling pid = 7345
01-09 14:10:09.971  3757  3757 V UiModeManager: updateLocked: null action, mDockState=0, category=null
01-09 14:10:09.971  3757  3757 D UiModeManager: updateConfigurationLocked: mDockState=0; mCarMode=false; mNightMode=1; uiMode=17
01-09 14:10:09.973  3757  3757 D GameManagerService: new battery level: 99
01-09 14:10:09.976  4616  4616 D KeyguardUpdateMonitor: received broadcast android.intent.action.BATTERY_CHANGED
01-09 14:10:09.977  4616  4616 D KeyguardUpdateMonitor: handleBatteryUpdate
01-09 14:10:09.979  6668  6733 D ContactsProvider_EventLog: contents_sample_state: [ contacts(369) data(4037) accounts({vnd.sec.contact.phone (1)=12, com.google (7)=693}) accounts deleted({}) calls([logtype:100 cnt:429, logtype:1150 cnt:71]) countryIso(US) userId(0)  ]

01-09 14:10:09.979  6668  6733 D ContactsProvider_EventLog: contents_sample_state: [ agr({[2 ,2 ,7]=1, [2 ,7 ,2 ,7]=1, [7 ,2 ,7]=4, [7 ,7 ,2]=4, [1 ,7]=5, [7]=51, [7 ,2]=231, [1 ,2 ,7]=7, [2 ,7]=65})  ]

01-09 14:10:09.979  6668  6733 D ContactsProvider_EventLog: contents_sample_state: [ actCnt({android.process.acore=2, com.samsung.android.messaging=1, com.android.providers.calendar=4})  ]
01-09 14:10:09.981  4616  4616 D PowerUI : priorPlugType = 2 mPlugType =  2
01-09 14:10:09.983  6668  6733 E ContactsProvider_EventLog: Flush buffer to file cnt : 1 size : 1Kb duration : 3ms lastUpdatedAfter : 3479 ms mFlush_time_threasold : 2000 mCurrentSize : 524
01-09 14:10:09.983  7638  7656 D UE4     : [2019.01.09-19.10.09:983][  0]LogAndroid: Passed GEngineLoop.Init()
01-09 14:10:09.984  4616  4616 D PowerUI.Notification: showChargingNotice oldChargingType : 1 currentChargingType : 1 oldChargingTime : 180000 mChargingTime : 270000
01-09 14:10:09.984  4616  4616 D PowerUI.Notification: showChargingNotification()
01-09 14:10:09.987  5024  5024 D PhoneApp: PhoneAppBroadcastReceiver onReceive android.intent.action.BATTERY_CHANGED
01-09 14:10:09.987  5024  5024 D TelephonyExtensionManager: lowBatterySound - isLowBatterySoundScheduled: false
01-09 14:10:09.987  5024  5024 D TelephonyExtensionManager: lowBatterySound - isPlayNow: false
01-09 14:10:09.988  5024  5024 D TelephonyExtensionManager: isSpeakerON - false
01-09 14:10:09.995  7638  7656 D UE4     : [2019.01.09-19.10.09:994][  0]LogAndroidEvents: Display: DequeueAppEvent : 9, 0
01-09 14:10:09.995  7638  7656 D UE4     : [2019.01.09-19.10.09:995][  0]LogAndroidEvents: Display: DequeueAppEvent : 7, 0
01-09 14:10:09.995  7638  7656 D UE4     : [2019.01.09-19.10.09:995][  0]LogAndroidEvents: Display: DequeueAppEvent : 6, 0
01-09 14:10:09.995  7638  7656 D UE4     : [2019.01.09-19.10.09:995][  0]LogAndroidEvents: Display: DequeueAppEvent : 0, 3268845576
01-09 14:10:09.995  7638  7656 D UE4     : APP_EVENT_STATE_WINDOW_CREATED, 0, 0, 0
01-09 14:10:09.995  7638  7656 D UE4     : [2019.01.09-19.10.09:995][  0]LogAndroidEvents: Display: ExecWindowCreated
01-09 14:10:09.995  7638  7656 D UE4     : AndroidEGL::ReInitWindow()
01-09 14:10:09.995  7638  7656 D UE4     : AndroidEGL::ReInit()
01-09 14:10:09.995  7638  7656 D UE4     : AndroidEGL::ResetDisplay()
01-09 14:10:09.995  7638  7753 D UE4     : [2019.01.09-19.10.09:995][  0]LogRenderer: Reallocating scene render targets to support 720x1280 Format 10 NumSamples 1 (Frame:1).
01-09 14:10:09.996  7638  7656 D UE4     : AndroidEGL::InitSurface 0, 1
01-09 14:10:09.996  7638  7656 D UE4     : AndroidEGL::CreateEGLSurface() Already initialized: 0xe181f208
01-09 14:10:09.996  7638  7656 D UE4     : ExecWindowCreated, 0, 1, 0
01-09 14:10:09.996  7638  7656 D UE4     : [2019.01.09-19.10.09:996][  0]LogAndroidEvents: Display: DequeueAppEvent : 12, 0
01-09 14:10:09.996  7638  7656 D UE4     : [2019.01.09-19.10.09:996][  0]LogAndroidEvents: Display: DequeueAppEvent : 8, 0
01-09 14:10:09.996  7638  7656 D UE4     : [2019.01.09-19.10.09:996][  0]LogAndroidEvents: Display: DequeueAppEvent : 9, 0
01-09 14:10:09.996  7638  7656 D UE4     : [2019.01.09-19.10.09:996][  0]LogAndroidEvents: Display: DequeueAppEvent : 7, 0
01-09 14:10:09.996  7638  7656 D UE4     : [2019.01.09-19.10.09:996][  0]LogTemp: Android resume audio
01-09 14:10:10.003  7638  7656 D UE4     : Registering volume receiver
01-09 14:10:10.004  5024  5341 D TP/MmsProvider: query uri=content://mms/546/addr, match=13:Elapsed time : 39.631 ms
01-09 14:10:10.006  5024  5024 D TelephonyExtensionManager: lowBatterySound - batteryStatus: 2
01-09 14:10:10.006  5024  5024 D TelephonyExtensionManager: lowBatterySound - batteryLevel: 99
01-09 14:10:10.006  5024  5024 D TelephonyExtensionManager: lowBatterySound - cancel
01-09 14:10:10.007  3757  7203 D SamsungAlarmManager: Cancel Alarm calling from uid:1001 pid :5024 / op:PendingIntent{c9cfda0: PendingIntentRecord{13183fa com.android.phone broadcastIntent}}
01-09 14:10:10.008  5024  5024 D TelephonyExtension: Not stopping low battery tone
01-09 14:10:10.012  3757  7203 D ApplicationPolicy: isStatusBarNotificationAllowedAsUser: packageName = com.android.systemui,userId = -1
01-09 14:10:10.018  3757 29842 D AudioService: getStreamVolume 3 index 130
01-09 14:10:10.018  7638  7656 D UE4     : startVolumeReceiver: 13
01-09 14:10:10.018  7638  7656 D UE4     : nativeVolumeEvent(13)
01-09 14:10:10.018  7638  7656 D UE4     : Registering battery receiver
01-09 14:10:10.019  7638  7753 D UE4     : [2019.01.09-19.10.10:019][  0]LogRHI: Using OpenGL program LRU cache: 0
01-09 14:10:10.021  4616  4616 D BatteryMeterDrawable: isSomethingChanged - false
01-09 14:10:10.021  4616  4616 D BatteryMeterDrawable: isSomethingChanged - false
01-09 14:10:10.024  7638  7656 D UE4     : Registering headset receiver
01-09 14:10:10.024  7638  7638 D UE4     : Battery: status = 2, rawlevel = 99, scale = 100
01-09 14:10:10.025  7638  7638 D UE4     : nativeBatteryEvent(stat = 2, lvl = 99  temp = 29.30 C)
01-09 14:10:10.029  7638  7656 D UE4     : startHeadsetReceiver: 0
01-09 14:10:10.029  7638  7656 D UE4     : nativeHeadsetEvent(0)
01-09 14:10:10.029  4616  4616 D Tile.FlashlightTile: ACTION_BATTERY_CHANGED - Level :: 99, emEnabled :: false
01-09 14:10:10.030  7638  7638 D UE4     : headsetReceiver::onReceive
01-09 14:10:10.030  7638  7638 D UE4     : nativeHeadsetEvent(0)
01-09 14:10:10.031  7638  7656 D UE4     : [2019.01.09-19.10.10:031][  0]LogAndroid: Display: Low Power Mode Changed: 0
01-09 14:10:10.036  5024 20906 D TP/MmsProvider: query uri=content://mms/544/addr, match=13, calling pid = 7345
01-09 14:10:10.040  5024 20906 D TP/MmsProvider: query uri=content://mms/544/addr, match=13:Elapsed time : 3.503 ms
01-09 14:10:10.059  5024  5039 D TP/MmsProvider: query uri=content://mms/543/addr, match=13, calling pid = 7345
01-09 14:10:10.062  5024  5039 D TP/MmsProvider: query uri=content://mms/543/addr, match=13:Elapsed time : 3.292 ms
01-09 14:10:10.069  7638  7732 D UE4     : *** JavaEnvDestructor: 7732
01-09 14:10:10.073  3757  2859 D AudioService: getStreamVolume 3 index 130
01-09 14:10:10.074  3757  5062 D AudioService: getStreamVolume 3 index 130
01-09 14:10:10.076  3757 29838 D AudioService: getStreamVolume 3 index 130
01-09 14:10:10.077  3757 32084 D AudioService: getStreamVolume 3 index 130
01-09 14:10:10.081  3757  7216 D AudioService: getStreamVolume 3 index 130
01-09 14:10:10.082  5024 29627 D TP/MmsProvider: query uri=content://mms/541/addr, match=13, calling pid = 7345
01-09 14:10:10.085  3757 31270 D AudioService: getStreamVolume 3 index 130
01-09 14:10:10.086  5024 29627 D TP/MmsProvider: query uri=content://mms/541/addr, match=13:Elapsed time : 3.868 ms
01-09 14:10:10.086  3757  2859 D AudioService: getStreamVolume 3 index 130
01-09 14:10:10.089  4616  4616 D KeyguardServiceBoxContainer: updateCMAS() hasCmasNotification = false, mHasCMAS = false
01-09 14:10:10.104  5024 27597 D TP/MmsProvider: query uri=content://mms/539/addr, match=13, calling pid = 7345
01-09 14:10:10.108  5024 27597 D TP/MmsProvider: query uri=content://mms/539/addr, match=13:Elapsed time : 3.274 ms
01-09 14:10:10.122  3757 29840 D AudioService: getStreamVolume 3 index 130
01-09 14:10:10.128  5024  5271 D TP/MmsProvider: query uri=content://mms/537/addr, match=13, calling pid = 7345
01-09 14:10:10.131  3757  7201 D AudioService: getStreamVolume 3 index 130
01-09 14:10:10.131  5024  5271 D TP/MmsProvider: query uri=content://mms/537/addr, match=13:Elapsed time : 3.610 ms
01-09 14:10:10.135  3757 32083 D AudioService: getStreamVolume 3 index 130
01-09 14:10:10.151  5024  6911 D TP/MmsProvider: query uri=content://mms/536/addr, match=13, calling pid = 7345
01-09 14:10:10.155  5024  6911 D TP/MmsProvider: query uri=content://mms/536/addr, match=13:Elapsed time : 3.602 ms
01-09 14:10:10.159  3757 32084 D AudioService: getStreamVolume 3 index 130
01-09 14:10:10.166  3757  4482 D AudioService: getStreamVolume 3 index 130
01-09 14:10:10.177  5024 29628 D TP/MmsProvider: query uri=content://mms/535/addr, match=13, calling pid = 7345
01-09 14:10:10.182  5024 29628 D TP/MmsProvider: query uri=content://mms/535/addr, match=13:Elapsed time : 4.248 ms
01-09 14:10:10.206  5024  5341 D TP/MmsProvider: query uri=content://mms/533/addr, match=13, calling pid = 7345
01-09 14:10:10.210  5024  5341 D TP/MmsProvider: query uri=content://mms/533/addr, match=13:Elapsed time : 4.186 ms
01-09 14:10:10.240  5024 20906 D TP/MmsProvider: query uri=content://mms/532/addr, match=13, calling pid = 7345
01-09 14:10:10.245  5024 20906 D TP/MmsProvider: query uri=content://mms/532/addr, match=13:Elapsed time : 4.497 ms
01-09 14:10:10.272  5024  5039 D TP/MmsProvider: query uri=content://mms/530/addr, match=13, calling pid = 7345
01-09 14:10:10.276  3757 29839 D AudioService: getStreamVolume 3 index 130
01-09 14:10:10.276  5024  5039 D TP/MmsProvider: query uri=content://mms/530/addr, match=13:Elapsed time : 4.605 ms
01-09 14:10:10.277  3757 32084 D AudioService: getStreamVolume 3 index 130
01-09 14:10:10.279  3757  2858 D AudioService: getStreamVolume 3 index 130
01-09 14:10:10.281  3757  7202 D AudioService: getStreamVolume 3 index 130
01-09 14:10:10.283  3757 32083 D AudioService: getStreamVolume 3 index 130
01-09 14:10:10.287  3757 29842 D AudioService: getStreamVolume 3 index 130
01-09 14:10:10.289  3757  6272 D AudioService: getStreamVolume 3 index 130
01-09 14:10:10.303  5024 29627 D TP/MmsProvider: query uri=content://mms/528/addr, match=13, calling pid = 7345
01-09 14:10:10.307  5024 29627 D TP/MmsProvider: query uri=content://mms/528/addr, match=13:Elapsed time : 4.272 ms
01-09 14:10:10.326  3757 10512 D AudioService: getStreamVolume 3 index 130
01-09 14:10:10.333  3757 29839 D AudioService: getStreamVolume 3 index 130
01-09 14:10:10.334  5024 27597 D TP/MmsProvider: query uri=content://mms/527/addr, match=13, calling pid = 7345
01-09 14:10:10.339  3757  7201 D AudioService: getStreamVolume 3 index 130
01-09 14:10:10.340  5024 27597 D TP/MmsProvider: query uri=content://mms/527/addr, match=13:Elapsed time : 5.300 ms
01-09 14:10:10.361  3757  6272 D AudioService: getStreamVolume 3 index 130
01-09 14:10:10.365  5024  5271 D TP/MmsProvider: query uri=content://mms/525/addr, match=13, calling pid = 7345
01-09 14:10:10.369  3757 29838 D AudioService: getStreamVolume 3 index 130
01-09 14:10:10.374  7638  7730 D UE4     : *** JavaEnvDestructor: 7730
01-09 14:10:10.374  5024  5271 D TP/MmsProvider: query uri=content://mms/525/addr, match=13:Elapsed time : 8.886 ms
01-09 14:10:10.375  7638  7731 D UE4     : *** JavaEnvDestructor: 7731
01-09 14:10:10.376  7638  7729 D UE4     : *** JavaEnvDestructor: 7729
01-09 14:10:10.404  5024  6911 D TP/MmsProvider: query uri=content://mms/523/addr, match=13, calling pid = 7345
01-09 14:10:10.408  5024  6911 D TP/MmsProvider: query uri=content://mms/523/addr, match=13:Elapsed time : 4.737 ms
01-09 14:10:10.440  5024 29628 D TP/MmsProvider: query uri=content://mms/521/addr, match=13, calling pid = 7345
01-09 14:10:10.444  5024 29628 D TP/MmsProvider: query uri=content://mms/521/addr, match=13:Elapsed time : 4.140 ms
01-09 14:10:10.471  5024  5341 D TP/MmsProvider: query uri=content://mms/519/addr, match=13, calling pid = 7345
01-09 14:10:10.475  5024  5341 D TP/MmsProvider: query uri=content://mms/519/addr, match=13:Elapsed time : 4.105 ms
01-09 14:10:10.478  7638  7656 D UE4     : [2019.01.09-19.10.10:478][  0]LogUdpMessaging: Initializing bridge on interface 0.0.0.0:0 to multicast group 230.0.0.1:6666.
01-09 14:10:10.478  3757 32084 D AudioService: getStreamVolume 3 index 130
01-09 14:10:10.483  3757  5901 D AudioService: getStreamVolume 3 index 130
01-09 14:10:10.485  3757  7202 D AudioService: getStreamVolume 3 index 130
01-09 14:10:10.488  3757  7203 D AudioService: getStreamVolume 3 index 130
01-09 14:10:10.490  3757 31269 D AudioService: getStreamVolume 3 index 130
01-09 14:10:10.492  3757  4469 D AudioService: getStreamVolume 3 index 130
01-09 14:10:10.493  3757 10512 D AudioService: getStreamVolume 3 index 130
01-09 14:10:10.505  5024 20906 D TP/MmsProvider: query uri=content://mms/518/addr, match=13, calling pid = 7345
01-09 14:10:10.510  5024 20906 D TP/MmsProvider: query uri=content://mms/518/addr, match=13:Elapsed time : 4.300 ms
01-09 14:10:10.527  3757 32085 D AudioService: getStreamVolume 3 index 130
01-09 14:10:10.536  3757 29838 D AudioService: getStreamVolume 3 index 130
01-09 14:10:10.541  3757  5063 D AudioService: getStreamVolume 3 index 130
01-09 14:10:10.542  5024  5039 D TP/MmsProvider: query uri=content://mms/516/addr, match=13, calling pid = 7345
01-09 14:10:10.547  5024  5039 D TP/MmsProvider: query uri=content://mms/516/addr, match=13:Elapsed time : 4.843 ms
01-09 14:10:10.562  3757  5902 D AudioService: getStreamVolume 3 index 130
01-09 14:10:10.570  3757  4473 D AudioService: getStreamVolume 3 index 130
01-09 14:10:10.571  5024 29627 D TP/MmsProvider: query uri=content://mms/515/addr, match=13, calling pid = 7345
01-09 14:10:10.575  5024 29627 D TP/MmsProvider: query uri=content://mms/515/addr, match=13:Elapsed time : 3.207 ms
01-09 14:10:10.595  5024 27597 D TP/MmsProvider: query uri=content://mms/514/addr, match=13, calling pid = 7345
01-09 14:10:10.598  5024 27597 D TP/MmsProvider: query uri=content://mms/514/addr, match=13:Elapsed time : 3.406 ms
01-09 14:10:10.617  5024  5271 D TP/MmsProvider: query uri=content://mms/512/addr, match=13, calling pid = 7345
01-09 14:10:10.622  5024  5271 D TP/MmsProvider: query uri=content://mms/512/addr, match=13:Elapsed time : 4.179 ms
01-09 14:10:10.647  5024  6911 D TP/MmsProvider: query uri=content://mms/511/addr, match=13, calling pid = 7345
01-09 14:10:10.651  5024  6911 D TP/MmsProvider: query uri=content://mms/511/addr, match=13:Elapsed time : 4.852 ms
01-09 14:10:10.677  5024 29628 D TP/MmsProvider: query uri=content://mms/509/addr, match=13, calling pid = 7345
01-09 14:10:10.682  3757  3771 D AudioService: getStreamVolume 3 index 130
01-09 14:10:10.682  5024 29628 D TP/MmsProvider: query uri=content://mms/509/addr, match=13:Elapsed time : 4.504 ms
01-09 14:10:10.686  3757 29840 D AudioService: getStreamVolume 3 index 130
01-09 14:10:10.687  3757 32084 D AudioService: getStreamVolume 3 index 130
01-09 14:10:10.690  3757  5901 D AudioService: getStreamVolume 3 index 130
01-09 14:10:10.692  3757  7203 D AudioService: getStreamVolume 3 index 130
01-09 14:10:10.693  3757  7206 D AudioService: getStreamVolume 3 index 130
01-09 14:10:10.695  3757  2859 D AudioService: getStreamVolume 3 index 130
01-09 14:10:10.708  5024  5341 D TP/MmsProvider: query uri=content://mms/507/addr, match=13, calling pid = 7345
01-09 14:10:10.714  5024  5341 D TP/MmsProvider: query uri=content://mms/507/addr, match=13:Elapsed time : 6.499 ms
01-09 14:10:10.729  3757 29841 D AudioService: getStreamVolume 3 index 130
01-09 14:10:10.739  3757  4473 D AudioService: getStreamVolume 3 index 130
01-09 14:10:10.740  5024 20906 D TP/MmsProvider: query uri=content://mms/506/addr, match=13, calling pid = 7345
01-09 14:10:10.745  3757 10496 D AudioService: getStreamVolume 3 index 130
01-09 14:10:10.745  5024 20906 D TP/MmsProvider: query uri=content://mms/506/addr, match=13:Elapsed time : 4.882 ms
01-09 14:10:10.765  3757  4469 D AudioService: getStreamVolume 3 index 130
01-09 14:10:10.773  3757  3771 D AudioService: getStreamVolume 3 index 130
01-09 14:10:10.773  5024  5039 D TP/MmsProvider: query uri=content://mms/505/addr, match=13, calling pid = 7345
01-09 14:10:10.778  5024  5039 D TP/MmsProvider: query uri=content://mms/505/addr, match=13:Elapsed time : 4.618 ms
01-09 14:10:10.805  5024 29627 D TP/MmsProvider: query uri=content://mms/504/addr, match=13, calling pid = 7345
01-09 14:10:10.810  5024 29627 D TP/MmsProvider: query uri=content://mms/504/addr, match=13:Elapsed time : 4.707 ms
01-09 14:10:10.838  5024 27597 D TP/MmsProvider: query uri=content://mms/503/addr, match=13, calling pid = 7345
01-09 14:10:10.843  5024 27597 D TP/MmsProvider: query uri=content://mms/503/addr, match=13:Elapsed time : 5.299 ms
01-09 14:10:10.874  5024  5271 D TP/MmsProvider: query uri=content://mms/501/addr, match=13, calling pid = 7345
01-09 14:10:10.879  5024  5271 D TP/MmsProvider: query uri=content://mms/501/addr, match=13:Elapsed time : 5.136 ms
01-09 14:10:10.885  3757 29840 D AudioService: getStreamVolume 3 index 130
01-09 14:10:10.888  3757  2858 D AudioService: getStreamVolume 3 index 130
01-09 14:10:10.890  3757  7202 D AudioService: getStreamVolume 3 index 130
01-09 14:10:10.893  3757  7216 D AudioService: getStreamVolume 3 index 130
01-09 14:10:10.895  3757 29842 D AudioService: getStreamVolume 3 index 130
01-09 14:10:10.897  3757  5902 D AudioService: getStreamVolume 3 index 130
01-09 14:10:10.900  5689  5689 D io_stats: !@   8,0 r 1233846 38103108 w 1107751 25031024 d 174679 13614916 f 314050 313967 iot 1858350 1004684 th 61440 61440 60352 pt 8060 inp 0 0 101364.188
01-09 14:10:10.902  3757  6272 D AudioService: getStreamVolume 3 index 130
01-09 14:10:10.917  5024  6911 D TP/MmsProvider: query uri=content://mms/499/addr, match=13, calling pid = 7345
01-09 14:10:10.922  5024  6911 D TP/MmsProvider: query uri=content://mms/499/addr, match=13:Elapsed time : 5.180 ms
01-09 14:10:10.931  3757  7203 D AudioService: getStreamVolume 3 index 130
01-09 14:10:10.941  3757 10512 D AudioService: getStreamVolume 3 index 130
01-09 14:10:10.947  3757 29839 D AudioService: getStreamVolume 3 index 130
01-09 14:10:10.953  5024 29628 D TP/MmsProvider: query uri=content://mms/497/addr, match=13, calling pid = 7345
01-09 14:10:10.960  5024 29628 D TP/MmsProvider: query uri=content://mms/497/addr, match=13:Elapsed time : 5.341 ms
01-09 14:10:10.968  3757  7202 D AudioService: getStreamVolume 3 index 130
01-09 14:10:10.975  3757 32085 D AudioService: getStreamVolume 3 index 130
01-09 14:10:10.998  5024  5341 D TP/MmsProvider: query uri=content://mms/495/addr, match=13, calling pid = 7345
01-09 14:10:11.004  5024  5341 D TP/MmsProvider: query uri=content://mms/495/addr, match=13:Elapsed time : 6.527 ms
01-09 14:10:11.046  5024 20906 D TP/MmsProvider: query uri=content://mms/494/addr, match=13, calling pid = 7345
01-09 14:10:11.057  5024 20906 D TP/MmsProvider: query uri=content://mms/494/addr, match=13:Elapsed time : 10.312 ms
01-09 14:10:11.090  3757 32084 D AudioService: getStreamVolume 3 index 130
01-09 14:10:11.093  3757 32083 D AudioService: getStreamVolume 3 index 130
01-09 14:10:11.097  3757  7216 D AudioService: getStreamVolume 3 index 130
01-09 14:10:11.102  3757  2859 D AudioService: getStreamVolume 3 index 130
01-09 14:10:11.104  3757  6272 D AudioService: getStreamVolume 3 index 130
01-09 14:10:11.107  3757 29838 D AudioService: getStreamVolume 3 index 130
01-09 14:10:11.109  3757  5063 D AudioService: getStreamVolume 3 index 130
01-09 14:10:11.112  5024  5039 D TP/MmsProvider: query uri=content://mms/493/addr, match=13, calling pid = 7345
01-09 14:10:11.117  5024  5039 D TP/MmsProvider: query uri=content://mms/493/addr, match=13:Elapsed time : 5.465 ms
01-09 14:10:11.134  3757 32085 D AudioService: getStreamVolume 3 index 130
01-09 14:10:11.143  3757  3770 D AudioService: getStreamVolume 3 index 130
01-09 14:10:11.149  3757  7201 D AudioService: getStreamVolume 3 index 130
01-09 14:10:11.153  5024 29627 D TP/MmsProvider: query uri=content://mms/492/addr, match=13, calling pid = 7345
01-09 14:10:11.158  5024 29627 D TP/MmsProvider: query uri=content://mms/492/addr, match=13:Elapsed time : 5.122 ms
01-09 14:10:11.172  3757 31270 D AudioService: getStreamVolume 3 index 130
01-09 14:10:11.180  3757  7216 D AudioService: getStreamVolume 3 index 130
01-09 14:10:11.195  5024 27597 D TP/MmsProvider: query uri=content://mms/491/addr, match=13, calling pid = 7345
01-09 14:10:11.199  5024 27597 D TP/MmsProvider: query uri=content://mms/491/addr, match=13:Elapsed time : 4.657 ms
01-09 14:10:11.224  5024  5271 D TP/MmsProvider: query uri=content://mms/488/addr, match=13, calling pid = 7345
01-09 14:10:11.228  5024  5271 D TP/MmsProvider: query uri=content://mms/488/addr, match=13:Elapsed time : 3.860 ms
01-09 14:10:11.249  5024  6911 D TP/MmsProvider: query uri=content://mms/489/addr, match=13, calling pid = 7345
01-09 14:10:11.253  5024  6911 D TP/MmsProvider: query uri=content://mms/489/addr, match=13:Elapsed time : 3.914 ms
01-09 14:10:11.276  5024 29628 D TP/MmsProvider: query uri=content://mms/490/addr, match=13, calling pid = 7345
01-09 14:10:11.280  5024 29628 D TP/MmsProvider: query uri=content://mms/490/addr, match=13:Elapsed time : 4.094 ms
01-09 14:10:11.292  3757  7206 D AudioService: getStreamVolume 3 index 130
01-09 14:10:11.296  3757 29841 D AudioService: getStreamVolume 3 index 130
01-09 14:10:11.304  3757 10512 D AudioService: getStreamVolume 3 index 130
01-09 14:10:11.305  3757 29838 D AudioService: getStreamVolume 3 index 130
01-09 14:10:11.306  5024  5341 D TP/MmsProvider: query uri=content://mms/486/addr, match=13, calling pid = 7345
01-09 14:10:11.310  5024  5341 D TP/MmsProvider: query uri=content://mms/486/addr, match=13:Elapsed time : 3.745 ms
01-09 14:10:11.311  3757  7201 D AudioService: getStreamVolume 3 index 130
01-09 14:10:11.314  3757  2858 D AudioService: getStreamVolume 3 index 130
01-09 14:10:11.316  3757 32084 D AudioService: getStreamVolume 3 index 130
01-09 14:10:11.334  5024 20906 D TP/MmsProvider: query uri=content://mms/485/addr, match=13, calling pid = 7345
01-09 14:10:11.337  3757 29838 D AudioService: getStreamVolume 3 index 130
01-09 14:10:11.337  5024 20906 D TP/MmsProvider: query uri=content://mms/485/addr, match=13:Elapsed time : 3.546 ms
01-09 14:10:11.344  3757 10496 D AudioService: getStreamVolume 3 index 130
01-09 14:10:11.350  3757  4469 D AudioService: getStreamVolume 3 index 130
01-09 14:10:11.357  5024  5039 D TP/MmsProvider: query uri=content://mms/483/addr, match=13, calling pid = 7345
01-09 14:10:11.360  7638  7727 D UE4     : *** JavaEnvDestructor: 7727
01-09 14:10:11.362  5024  5039 D TP/MmsProvider: query uri=content://mms/483/addr, match=13:Elapsed time : 4.554 ms
01-09 14:10:11.374  3757 29840 D AudioService: getStreamVolume 3 index 130
01-09 14:10:11.382  3757 31269 D AudioService: getStreamVolume 3 index 130
01-09 14:10:11.393  5024 29627 D TP/MmsProvider: query uri=content://mms/482/addr, match=13, calling pid = 7345
01-09 14:10:11.398  5024 29627 D TP/MmsProvider: query uri=content://mms/482/addr, match=13:Elapsed time : 5.080 ms
01-09 14:10:11.428  5024 27597 D TP/MmsProvider: query uri=content://mms/481/addr, match=13, calling pid = 7345
01-09 14:10:11.434  5024 27597 D TP/MmsProvider: query uri=content://mms/481/addr, match=13:Elapsed time : 5.368 ms
01-09 14:10:11.464  5024  5271 D TP/MmsProvider: query uri=content://mms/480/addr, match=13, calling pid = 7345
01-09 14:10:11.468  5024  5271 D TP/MmsProvider: query uri=content://mms/480/addr, match=13:Elapsed time : 4.294 ms
01-09 14:10:11.482  7638  7728 D UE4     : *** JavaEnvDestructor: 7728
01-09 14:10:11.489  5024  6911 D TP/MmsProvider: query uri=content://mms/474/addr, match=13, calling pid = 7345
01-09 14:10:11.493  5024  6911 D TP/MmsProvider: query uri=content://mms/474/addr, match=13:Elapsed time : 3.449 ms
01-09 14:10:11.494  3757  3770 D AudioService: getStreamVolume 3 index 130
01-09 14:10:11.498  3757 29839 D AudioService: getStreamVolume 3 index 130
01-09 14:10:11.505  3757  7203 D AudioService: getStreamVolume 3 index 130
01-09 14:10:11.507  3757 32085 D AudioService: getStreamVolume 3 index 130
01-09 14:10:11.512  5024 29628 D TP/MmsProvider: query uri=content://mms/472/addr, match=13, calling pid = 7345
01-09 14:10:11.515  3757  4473 D AudioService: getStreamVolume 3 index 130
01-09 14:10:11.516  5024 29628 D TP/MmsProvider: query uri=content://mms/472/addr, match=13:Elapsed time : 3.593 ms
01-09 14:10:11.516  3757  3771 D AudioService: getStreamVolume 3 index 130
01-09 14:10:11.518  3757 29839 D AudioService: getStreamVolume 3 index 130
01-09 14:10:11.537  5024  5341 D TP/MmsProvider: query uri=content://mms/471/addr, match=13, calling pid = 7345
01-09 14:10:11.540  3757  7205 D AudioService: getStreamVolume 3 index 130
01-09 14:10:11.541  5024  5341 D TP/MmsProvider: query uri=content://mms/471/addr, match=13:Elapsed time : 4.133 ms
01-09 14:10:11.545  3757  6272 D AudioService: getStreamVolume 3 index 130
01-09 14:10:11.547  3757  9599 D GameManagerService: identifyGamePackage. com.GeekTechnique.InfinityStack
01-09 14:10:11.553  3757 10496 D AudioService: getStreamVolume 3 index 130
01-09 14:10:11.576  3757  7216 D AudioService: getStreamVolume 3 index 130
01-09 14:10:11.583  7638  7656 D UE4     : [2019.01.09-19.10.11:583][  0]LogTcpMessaging: Initializing TcpMessaging bridge, listening on 127.0.0.1:6666
01-09 14:10:11.584  3757 32085 D AudioService: getStreamVolume 3 index 130
01-09 14:10:11.587  7638  7656 D UE4     : Execution has been resumed!
01-09 14:10:11.587  7638  7656 D UE4     : [2019.01.09-19.10.11:587][  0]LogAndroidEvents: Display: DequeueAppEvent : 6, 0
01-09 14:10:11.589  7638  7758 D UE4     : *** JavaEnvDestructor: 7758
01-09 14:10:11.596  5024 20906 D TP/MmsProvider: query uri=content://mms/469/addr, match=13, calling pid = 7345
01-09 14:10:11.599  5024 20906 D TP/MmsProvider: query uri=content://mms/469/addr, match=13:Elapsed time : 3.650 ms
01-09 14:10:11.621  5024  5039 D TP/MmsProvider: query uri=content://mms/468/addr, match=13, calling pid = 7345
01-09 14:10:11.626  5024  5039 D TP/MmsProvider: query uri=content://mms/468/addr, match=13:Elapsed time : 5.213 ms
01-09 14:10:11.659  5024 29627 D TP/MmsProvider: query uri=content://mms/467/addr, match=13, calling pid = 7345
01-09 14:10:11.664  5024 29627 D TP/MmsProvider: query uri=content://mms/467/addr, match=13:Elapsed time : 5.269 ms
01-09 14:10:11.697  3757 10512 D AudioService: getStreamVolume 3 index 130
01-09 14:10:11.701  3757  3771 D AudioService: getStreamVolume 3 index 130
01-09 14:10:11.706  5024 27597 D TP/MmsProvider: query uri=content://mms/465/addr, match=13, calling pid = 7345
01-09 14:10:11.716  5024 27597 D TP/MmsProvider: query uri=content://mms/465/addr, match=13:Elapsed time : 12.763 ms
01-09 14:10:11.718  3757  2858 D AudioService: getStreamVolume 3 index 130
01-09 14:10:11.730  3757 10496 D AudioService: getStreamVolume 3 index 130
01-09 14:10:11.732  3757 32084 D AudioService: getStreamVolume 3 index 130
01-09 14:10:11.736  3757  4440 D AudioService: getStreamVolume 3 index 130
01-09 14:10:11.741  3757  4482 D AudioService: getStreamVolume 3 index 130
01-09 14:10:11.761  3757  7216 D AudioService: getStreamVolume 3 index 130
01-09 14:10:11.767  3757 32085 D AudioService: getStreamVolume 3 index 130
01-09 14:10:11.822  5024  5271 D TP/MmsProvider: query uri=content://mms/463/addr, match=13, calling pid = 7345
01-09 14:10:11.825  3757  5901 D AudioService: getStreamVolume 3 index 130
01-09 14:10:11.831  3757 31270 D AudioService: getStreamVolume 3 index 130
01-09 14:10:11.832  5024  5271 D TP/MmsProvider: query uri=content://mms/463/addr, match=13:Elapsed time : 13.686 ms
01-09 14:10:11.833  3757  7203 D AudioService: getStreamVolume 3 index 130
01-09 14:10:11.868  5024  6911 D TP/MmsProvider: query uri=content://mms/459/addr, match=13, calling pid = 7345
01-09 14:10:11.875  5024  6911 D TP/MmsProvider: query uri=content://mms/459/addr, match=13:Elapsed time : 6.295 ms
01-09 14:10:11.901  3757  7205 D AudioService: getStreamVolume 3 index 130
01-09 14:10:11.903  3757  6272 D AudioService: getStreamVolume 3 index 130
01-09 14:10:11.909  5024 29628 D TP/MmsProvider: query uri=content://mms/457/addr, match=13, calling pid = 7345
01-09 14:10:11.915  5024 29628 D TP/MmsProvider: query uri=content://mms/457/addr, match=13:Elapsed time : 5.410 ms
01-09 14:10:11.920  3757  7201 D AudioService: getStreamVolume 3 index 130
01-09 14:10:11.932  3757  7216 D AudioService: getStreamVolume 3 index 130
01-09 14:10:11.935  3757 29842 D AudioService: getStreamVolume 3 index 130
01-09 14:10:11.941  3757  6272 D AudioService: getStreamVolume 3 index 130
01-09 14:10:11.945  3757 29839 D AudioService: getStreamVolume 3 index 130
01-09 14:10:11.945  5024  5341 D TP/MmsProvider: query uri=content://mms/458/addr, match=13, calling pid = 7345
01-09 14:10:11.950  5024  5341 D TP/MmsProvider: query uri=content://mms/458/addr, match=13:Elapsed time : 5.242 ms
01-09 14:10:11.964  3757 32084 D AudioService: getStreamVolume 3 index 130
01-09 14:10:11.971  3757 29842 D AudioService: getStreamVolume 3 index 130
01-09 14:10:11.981  3232  3358 E CpAudioEngineClient: SAE_GetNetworkInfo: SAE_GetNetworkInfo: 1
01-09 14:10:11.981  3232  3358 E VoIpEngineProxy: GetNetworkInfo:Sending IPC_IMS_GET_NET_INFO
01-09 14:10:11.981  3232  3358 E OemIpcHandler: ImsGetNetworkInfo:
01-09 14:10:11.982  3232  3358 E OemIpcHandler: PrepareWaiting:
01-09 14:10:11.982  3232  3358 E OemIpcHandler: SendOemIpcCommand: main 16 sub 18 len(8)
01-09 14:10:11.982  3232  3358 E OemIpcHandler: IPC counter[473]
01-09 14:10:11.982  3232  3358 E OemIpcHandler: SendOemIpcCommand: Send Client 111...
01-09 14:10:11.982  3757  4354 D SamsungAlarmManager: Expired : 4
01-09 14:10:11.982  3232  3358 E OemIpcHandler: WaitwithTimeout:
01-09 14:10:11.982  5024 20906 D TP/MmsProvider: query uri=content://mms/462/addr, match=13, calling pid = 7345
01-09 14:10:11.983  3757  4354 I SamsungAlarmManager: setLocked to kernel - T:2 / 20190109T141032, SetElapsed=261660596, nowELAPSED=261639645
01-09 14:10:11.984  3757  4354 V SamsungAlarmManager: Sending to uid : 1000 action=android.intent.action.TIME_TICK alarm=Alarm{619371b type 3 when 261627662 android}
01-09 14:10:11.989  3757  4354 V SamsungAlarmManager: Sending to uid : 1000 action=com.sec.internal.ims.imsservice.alarmmanager alarm=Alarm{168e0b8 type 2 when 261639644 com.sec.imsservice}
01-09 14:10:11.989  5024 20906 D TP/MmsProvider: query uri=content://mms/462/addr, match=13:Elapsed time : 6.472 ms
01-09 14:10:11.991  3757  4354 V SamsungAlarmManager: Sending to uid : 10059 action=null alarm=Alarm{46fee91 type 3 when 261626499 com.asurion.android.verizon.vms}
01-09 14:10:11.994  5010  5010 D PreciseAlarmManager: sendMessageDelayed: get intent, get wake lock for 10secs.
01-09 14:10:12.005  3757  4354 D CompatibilityInfo: mCompatibilityFlags - 0
01-09 14:10:12.005  3757  4354 D CompatibilityInfo: applicationDensity - 420
01-09 14:10:12.005  3757  4354 D CompatibilityInfo: applicationScale - 1.0
01-09 14:10:12.013  3757  3757 D SamsungAlarmManager: setExact Intent (T:3/F:1/AC:false) 20190109T141100 - CU:1000/CP:3757
01-09 14:10:12.014  4616  4616 D KeyguardUpdateMonitor: received broadcast android.intent.action.TIME_TICK
01-09 14:10:12.015  4616  4616 D KeyguardUpdateMonitor: handleTimeUpdate#start
01-09 14:10:12.015  4616  4616 I KeyguardClockPage: refreshTime(): DefaultSingle2016 hometime:America/New_York locale:en_US hasBG?false, Roaming:false
01-09 14:10:12.023  5010  5900 D PreciseAlarmManager: expiring message 3 from Handler (com.sec.internal.ims.imsservice.handler.secims.ResipMiscHandler) {2fd83f7} timeout=261639644
01-09 14:10:12.023  5010  5302 D ResipMiscHandler: ALARM_WAKE_UP id=11469
01-09 14:10:12.024  5010  5900 D PreciseAlarmManager: remaining timers 10
01-09 14:10:12.024  5010  5900 D PreciseAlarmManager: next the soonest timer: 3 from Handler (com.sec.internal.ims.imsservice.handler.secims.ResipMiscHandler) {2fd83f7} timeout=262088266 after msec=448580
01-09 14:10:12.024  5010  5875 D StackIF.Sender: handleMessage: what 1
01-09 14:10:12.025  5010  5875 D SECIMSJ : [2232]> REQUEST_ALARM_WAKE_UP
01-09 14:10:12.025  3232  3355 E [IMS6.0]: ImsEventLoop: select (1), errno (11)
01-09 14:10:12.025  3232  3355 I [IMS6.0]: DispatchAlarmWakeUp()
01-09 14:10:12.027  5010  5900 D AlarmTimer: start: PendingIntent{c88e125: android.os.BinderProxy@27f52fa} millis 448577
01-09 14:10:12.031  3757  7206 D AudioService: getStreamVolume 3 index 130
01-09 14:10:12.033  3757 10512 D AudioService: getStreamVolume 3 index 130
01-09 14:10:12.033  4616  4616 D KeyguardUpdateMonitor: handleTimeUpdate#end
01-09 14:10:12.034  4616  4616 D SystemUI_Clock: Clock received ACTION_TIME_TICK : start
01-09 14:10:12.034  3757  7203 D SamsungAlarmManager: setExact Intent (T:2/F:9/AC:false) 20190109T141740 - CU:1000/CP:5010
01-09 14:10:12.037  3757 29840 D AudioService: getStreamVolume 3 index 130
01-09 14:10:12.040  4616  4616 D SystemUI_Clock: Clock received ACTION_TIME_TICK : end
01-09 14:10:12.044  5024  5039 D TP/MmsProvider: query uri=content://mms/461/addr, match=13, calling pid = 7345
01-09 14:10:12.048  3757 32083 D SamsungAlarmManager: setExact Intent (T:3/F:5/AC:false) 20190109T141017 - CU:10059/CP:15240
01-09 14:10:12.048  5024  5039 D TP/MmsProvider: query uri=content://mms/461/addr, match=13:Elapsed time : 3.888 ms
01-09 14:10:12.048  3757 32083 I SamsungAlarmManager: setLocked to kernel - T:3 / 20190109T141017, SetElapsed=261644700, nowELAPSED=261639710
01-09 14:10:12.051  4616  4616 D TextClock: TextClock received ACTION_TIME_TICK : start
01-09 14:10:12.053  4616  4616 D TextClock: TextClock received ACTION_TIME_TICK : end
01-09 14:10:12.054  4616  4616 D TextClock: TextClock received ACTION_TIME_TICK : start
01-09 14:10:12.056  4616  4616 D TextClock: TextClock received ACTION_TIME_TICK : end
01-09 14:10:12.071  5024 29627 D TP/MmsProvider: query uri=content://mms/460/addr, match=13, calling pid = 7345
01-09 14:10:12.075  5024 29627 D TP/MmsProvider: query uri=content://mms/460/addr, match=13:Elapsed time : 4.006 ms
01-09 14:10:12.079  4616  4616 D TextClock: TextClock received ACTION_TIME_TICK : start
01-09 14:10:12.080  4616  4616 D TextClock: TextClock received ACTION_TIME_TICK : end
01-09 14:10:12.083  4616  4616 V hong    : mid yDiff = 382
01-09 14:10:12.084  4616  4616 V hong    : mid yDiff = 382
01-09 14:10:12.092  3232  7586 E OemIpcHandler: onUnsol: main 0x16 sub 0x18 type 0x02
01-09 14:10:12.093  3232  7586 E OemIpcHandler: onUnsol: RespMainCmd : 0x16, RespSubCmd : 0x18, RespCmdType : 0x02, RespDataLen : 44
01-09 14:10:12.093  3232  7586 E OemIpcHandler: Notify:
01-09 14:10:12.093  3232  7586 E OemIpcHandler: Notify: exit
01-09 14:10:12.093  3232  3358 E OemIpcHandler: WaitwithTimeout: exit
01-09 14:10:12.093  3232  3358 E OemIpcHandler: ImsGetNetworkInfo: plmn=311480, plmn_len=6
01-09 14:10:12.093  3232  3358 V [IMS6.0]: NotifyStackUpdatePaniNoti()
01-09 14:10:12.093  3232  3358 V [IMS6.0]: NotifyStackUpdatePaniNoti() size:0
01-09 14:10:12.097  3232  3358 V [IMS6.0]: NotifySipMessage()
01-09 14:10:12.097  5024 27597 D TP/MmsProvider: query uri=content://mms/450/addr, match=13, calling pid = 7345
01-09 14:10:12.097  3232  3358 E CpAudioEngineClient: SAE_NotiInfo: SAE_NotiInfo string:
01-09 14:10:12.097  3232  3358 E VoIpEngineProxy: NotiInfo:Sending IPC_IMS_INFO Noti
01-09 14:10:12.097  3232  3358 E OemIpcHandler: ImsNotiInfo ImsNoti send IPC :
01-09 14:10:12.098  3232  3358 E OemIpcHandler: SendOemIpcCommand: main 16 sub 0c len(108)
01-09 14:10:12.098  3232  3358 E OemIpcHandler: SendOemIpcCommand: Send Client 111...
01-09 14:10:12.098  3232  3358 I reSIProcate: INFO | RESIP | SipStack.cxx:621 | SEND: SipReq:  PUBLISH xxxx@vzims.com tid=f3d9d6c6c1057a98 cseq=130 PUBLISH contact=xxxx@[2600:1005:1044:fe26:96e4:927f:e440:295c]:5060 / 130 from(tu)
01-09 14:10:12.100  3232  3358 E [IMS6.0]: IMS_onResponse() Resp Id:901
01-09 14:10:12.100  3232  3358 I [IMS6.0]: ResponseGeneralResponse()
01-09 14:10:12.100  3232  3358 I [IMS6.0]: ResponseGeneralResponse() handle:ffffffff
01-09 14:10:12.101  5010  5876 D SECIMSJ : [UNSL]< NOTIFY_STACK_UPDATE_PANI
01-09 14:10:12.101  5010  5876 D StackIF : processNotify: id NOTIFY_STACK_UPDATE_PANI
01-09 14:10:12.102  5010  5876 D StackIF : calling onUpdate Pani
01-09 14:10:12.102  5024 27597 D TP/MmsProvider: query uri=content://mms/450/addr, match=13:Elapsed time : 4.255 ms
01-09 14:10:12.104  3757  7202 D AudioService: getStreamVolume 3 index 130
01-09 14:10:12.104  4616  4616 D SystemUI_DateView: DateView received ACTION_TIME_TICK : start
01-09 14:10:12.104  4616  4616 D SystemUI_DateView: DateView received ACTION_TIME_TICK : end
01-09 14:10:12.105  5010  5876 D SECIMSJ : [UNSL]< NOTIFY_SIP_MESSAGE
01-09 14:10:12.105  3232  3360 I reSIProcate: INFO | RESIP | StackThread.cxx:33 | StackThread start to process.
01-09 14:10:12.105  5010  7787 D ResipRegiMgr: Sync CellInfo with RIL
01-09 14:10:12.106  5010  7787 D TelephonyManager: getAllCellInfo : Caller (PID / UID / TID): 5010 / 1000 / 7787
01-09 14:10:12.106  3232  3360 I reSIProcate: INFO | RESIP:TRANSACTION | TransactionState.cxx:179 | No matching transaction for SipReq:  PUBLISH xxxx@vzims.com tid=f3d9d6c6c1057a98 cseq=130 PUBLISH contact=xxxx@[2600:1005:1044:fe26:96e4:927f:e440:295c]:5060 / 130 from(tu)
01-09 14:10:12.106  3232  3360 I reSIProcate: INFO | RESIP:TRANSACTION | TransactionState.cxx:75 | Creating new TransactionState: tid=f3d9d6c6c1057a98 [ ClientNonInvite/Trying reliable target=[ V4 0.0.0.0:0 UNKNOWN_TRANSPORT target domain=unspecified mFlowKey=0 ] cport =0 ] mInterface= ] transportKey=0 ]]
01-09 14:10:12.106  3232  3360 I reSIProcate: INFO | RESIP:TRANSACTION | TransactionState.cxx:1065 | TransactionState::processClientNonInvite: SipReq:  PUBLISH xxxx@vzims.com tid=f3d9d6c6c1057a98 cseq=130 PUBLISH contact=xxxx@[2600:1005:1044:fe26:96e4:927f:e440:295c]:5060 / 130 from(tu)
01-09 14:10:12.106  3232  3360 I reSIProcate: INFO | RESIP:TRANSACTION | TimerQueue.cxx:50 | Adding timer: Timer F tid=f3d9d6c6c1057a98 ms=30000
01-09 14:10:12.106  3232  3360 I reSIProcate: INFO | RESIP:TRANSACTION | TuSelector.cxx:131 | Start add(alm)
01-09 14:10:12.106  3232  3360 I reSIProcate: INFO | RESIP:TRANSACTION | TuSelector.cxx:138 | AlarmMsg is not null
01-09 14:10:12.106  3232  3360 I reSIProcate: INFO | RESIP:TRANSACTION | TuSelector.cxx:140 | Sending AlarmMessage 30000 to TUs
01-09 14:10:12.107  3232  3358 V [IMS6.0]: NotifyAlarmWakeUp()
01-09 14:10:12.107  3232  3360 I reSIProcate: INFO | RESIP:TRANSACTION | TuSelector.cxx:145 | End add(alm)
01-09 14:10:12.107  3232  3360 I reSIProcate: INFO | RESIP:TRANSACTION | TransactionState.cxx:2729 | sendToWire with no dns result: tid=f3d9d6c6c1057a98 [ ClientNonInvite/Trying reliable target=[ V4 0.0.0.0:0 UNKNOWN_TRANSPORT target domain=unspecified mFlowKey=0 ] cport =0 ] mInterface= ] transportKey=0 ]]
01-09 14:10:12.107  3232  3360 I reSIProcate: INFO | RESIP:DNS | DnsResult.cxx:249 | DnsResult::lookup sip:[2001:4888:3:7120:c0:104:0:17f]:5060;transport=UDP
01-09 14:10:12.107  3232  3360 I reSIProcate: INFO | RESIP:DNS | DnsResult.cxx:298 | Found immediate result: [ V6 2001:4888:3:7120:c0:104:0:17f port=5060 UDP target domain=2001:4888:3:7120:c0:104:0:17f mFlowKey=0 ] cport =0 ] mInterface= ] transportKey=0 ]
01-09 14:10:12.108  3232  3360 I reSIProcate: INFO | RESIP:TRANSACTION | TransactionState.cxx:810 | Found matching transaction for Client DnsResultMessage: tid=f3d9d6c6c1057a98 -> tid=f3d9d6c6c1057a98 [ ClientNonInvite/Trying reliable target=[ V4 0.0.0.0:0 UNKNOWN_TRANSPORT target domain=unspecified mFlowKey=0 ] cport =0 ] mInterface= ] transportKey=0 ]]
01-09 14:10:12.108  4616  4616 V hong    : mid yDiff = 382
01-09 14:10:12.108  4616  4616 V hong    : mid yDiff = 382
01-09 14:10:12.108  3232  3360 I reSIProcate: INFO | RESIP:TRANSACTION | TransactionState.cxx:1065 | TransactionState::processClientNonInvite: Client DnsResultMessage: tid=f3d9d6c6c1057a98
01-09 14:10:12.108  3232  3360 I reSIProcate: INFO | RESIP:TRANSACTION | TransactionState.cxx:2566 | tid=f3d9d6c6c1057a98 [ ClientNonInvite/Trying reliable target=[ V4 0.0.0.0:0 UNKNOWN_TRANSPORT target domain=unspecified mFlowKey=0 ] cport =0 ] mInterface= ] transportKey=0 ]] got DNS result: 2001:4888:3:7120:c0:104:0:17f --> [[ V6 2001:4888:3:7120:c0:104:0:17f port=5060 UDP target domain=2001:4888:3:7120:c0:104:0:17f mFlowKey=0 ] cport =0 ] mInterface= ] transportKey=0 ]]
01-09 14:10:12.108  3232  3360 I reSIProcate: INFO | RESIP:DNS | DnsResult.cxx:228 | Returning next dns entry: [ V6 2001:4888:3:7120:c0:104:0:17f port=5060 UDP target domain=2001:4888:3:7120:c0:104:0:17f mFlowKey=0 ] cport =0 ] mInterface= ] transportKey=0 ]
01-09 14:10:12.108  3232  3360 I reSIProcate: INFO | RESIP:TRANSACTION | TransactionState.cxx:2611 | Unreliable transport: tid=f3d9d6c6c1057a98 [ ClientNonInvite/Trying unreliable target=[ V4 0.0.0.0:0 UNKNOWN_TRANSPORT target domain=unspecified mFlowKey=0 ] cport =0 ] mInterface= ] transportKey=0 ]]
01-09 14:10:12.108  3232  3360 I reSIProcate: INFO | RESIP:TRANSACTION | TimerQueue.cxx:50 | Adding timer: Timer E1 tid=f3d9d6c6c1057a98 ms=3000
01-09 14:10:12.109  3232  3360 I reSIProcate: INFO | RESIP:TRANSACTION | TuSelector.cxx:131 | Start add(alm)
01-09 14:10:12.109  3232  3360 I reSIProcate: INFO | RESIP:TRANSACTION | TuSelector.cxx:138 | AlarmMsg is not null
01-09 14:10:12.109  3232  3360 I reSIProcate: INFO | RESIP:TRANSACTION | TuSelector.cxx:140 | Sending AlarmMessage 3000 to TUs
01-09 14:10:12.109  3232  3360 I reSIProcate: INFO | RESIP:TRANSACTION | TuSelector.cxx:145 | End add(alm)
01-09 14:10:12.109  3232  3358 V [IMS6.0]: NotifyAlarmWakeUp()
01-09 14:10:12.109  3232  3360 I reSIProcate: INFO | RESIP:TRANSPORT | TransportSelector.cxx:1036 | transmit Target=[ V6 2001:4888:3:7120:c0:104:0:17f port=5060 UDP target domain=2001:4888:3:7120:c0:104:0:17f mFlowKey=0 ] cport =0 ] mInterface=rmnet_data0 ] transportKey=0 ]
01-09 14:10:12.109  3232  3360 I reSIProcate: INFO | RESIP:TRANSPORT | TransportSelector.cxx:810 | Via=SIP/2.0/UDP [2600:1005:1044:fe26:96e4:927f:e440:295c]:5060;branch=z9hG4bK-524287-1---f3d9d6c6c1057a98;rport;transport=UDP
01-09 14:10:12.109  3232  3360 I reSIProcate: INFO | RESIP:TRANSPORT | TransportSelector.cxx:811 | Target=[ V6 2001:4888:3:7120:c0:104:0:17f port=5060 UDP target domain=2001:4888:3:7120:c0:104:0:17f mFlowKey=0 ] cport =5060 ] mInterface=rmnet_data0 ] transportKey=0 ]
01-09 14:10:12.109  3232  3360 I reSIProcate: INFO | RESIP:TRANSPORT | TransportSelector.cxx:1708 | findTransportBySource([ V6 2600:1005:1044:fe26:96e4:927f:e440:295c port=5060 UDP target domain=unspecified mFlowKey=0 ] cport =0 ] mInterface= ] transportKey=0 ])
01-09 14:10:12.109  3232  3360 I reSIProcate: INFO | RESIP:TRANSPORT | TransportSelector.cxx:1722 | should port be ignored: 0
01-09 14:10:12.110  3232  3360 I reSIProcate: INFO | RESIP:TRANSPORT | TransportSelector.cxx:1731 | findTransport (exact) => Transport: [ V6 2600:1005:1044:fe26:96e4:927f:e440:295c port=5060 UDP target domain=unspecified mFlowKey=24 ] cport =0 ] mInterface= ] transportKey=0 ] on 2600:1005:1044:fe26:96e4:927f:e440:295c mKey: 5
01-09 14:10:12.110  3232  3360 I reSIProcate: INFO | RESIP:TRANSPORT | TransportSelector.cxx:1474 | Transmitting to [ V6 2001:4888:3:7120:c0:104:0:17f port=5060 UDP target domain=2001:4888:3:7120:c0:104:0:17f mFlowKey=0 ] cport =5060 ] mInterface=rmnet_data0 ] transportKey=5 ] tlsDomain= via [ V6 2600:1005:1044:fe26:96e4:927f:e440:295c port=5060 UDP target domain=unspecified mFlowKey=0 ] cport =0 ] mInterface= ] transportKey=0 ]
01-09 14:10:12.110  3232  3360 I reSIProcate: 
01-09 14:10:12.110  3232  3360 I reSIProcate: SipReq:  PUBLISH xxxx@vzims.com tid=f3d9d6c6c1057a98 cseq=130 PUBLISH contact=xxxx@[2600:1005:1044:fe26:96e4:927f:e440:295c]:5060 / 130 from(tu)sigcomp id=
