01-23 18:21:49.322  3755  7367 I WindowManager_SurfaceController: Destroying surface Surface(name=com.GeekTechnique.InfinityStack/com.epicgames.ue4.GameActivity) called by com.android.server.wm.WindowStateAnimator.destroySurface:2907 com.android.server.wm.WindowStateAnimator.destroySurfaceLocked:1120 com.android.server.wm.WindowState.removeLocked:1864 com.android.server.wm.WindowManagerService.removeWindowInnerLocked:2934 com.android.server.wm.WindowManagerService.removeWindowLocked:2879 com.android.server.wm.WindowManagerService.removeWindowLocked:2689 com.android.server.wm.AppWindowToken.removeAllWindows:607 com.android.server.wm.AppWindowToken.removeAppFromTaskLocked:369 
01-23 18:21:49.323  3219  3451 I SurfaceFlinger: id=184 Removed HameActivit (3/6)
01-23 18:21:49.330  3755  7367 D InputTransport: Input channel destroyed: fd=464
01-23 18:21:49.332  3755  7367 D InputDispatcher: Focused application released
01-23 18:21:49.354  3755  7343 D AudioService: getStreamVolume 3 index 120
01-23 18:21:49.355  3755  7367 D ActivityManager: moveToFront() : reason=appDied setFocusedActivity isAttached=true TaskRecord{aab6699d0 #1042 A=com.sec.android.app.launcher U=0 StackId=0 sz=1}
01-23 18:21:49.356  3755  7367 W MultiScreenManagerService: failed to move task TaskRecord{1dd4d6dd0 #1054 A=com.GeekTechnique.InfinityStack U=0 StackId=1 sz=0}
01-23 18:21:49.356  3755  7367 D ActivityManager: setFocusStackUnchecked: reason=appDied setFocusedActivity focusCandidate=ActivityStack{bc2027ed0 stackId=0, 2 tasks} caller=com.android.server.am.ActivityStack.moveToFront:874 com.android.server.am.ActivityStackSupervisor.moveActivityStackToFront:2005 
01-23 18:21:49.360  3755  7367 D InputDispatcher: Focused application set to: xxxx
01-23 18:21:49.362  3755  7367 D ActivityManager: resumeTopActivityInnerLocked() : #0 prevTask=null next=ActivityRecord{d6e8d9dd0 u0 com.sec.android.app.launcher/.activities.LauncherActivity t1042} mFocusedStack=ActivityStack{bc2027ed0 stackId=0, 2 tasks}
01-23 18:21:49.364  3755  7367 D CustomFrequencyManagerService: acquireDVFSLockLocked : type : DVFS_MIN_LIMIT  frequency : 2100000  uid : 1000  pid : 3755  pkgName : AMS_APP_HOME@CPU_MIN@7
01-23 18:21:49.365  3755  9977 D TelephonyManager: getAllCellInfo : Caller (PID / UID / TID): 3755 / 1000 / 9977
01-23 18:21:49.367  3755  7367 D ActivityManagerPerformance: AMP_acquire() HOME
01-23 18:21:49.367  3755  7367 D ActivityManager: applyOptionsLocked(), pendingOptions : null
01-23 18:21:49.374  3755  7367 D GameManagerService: sem_perfomance_mode: 0
01-23 18:21:49.374  3755  3755 D GameManagerService: NotifyRunnable. pkg: com.sec.android.app.launcher, type: 4, isMinimized: false, isTunableApp: false
01-23 18:21:49.374  3755  3755 D GameManagerService: do nothing. mKillNotiCount: 3
01-23 18:21:49.383  3755  7368 V WindowManager: Relayout Window{b497154d0 u0 com.sec.android.app.launcher/com.sec.android.app.launcher.activities.LauncherActivity}: viewVisibility=0 req=1080x1920 WM.LayoutParams{(0,0)(fillxfill) sim=#130 ty=1 fl=#81910d00 pfl=0x20000 fmt=-2 wanim=0x103038a vsysui=0x600 needsMenuKey=2 dimDuration=0 naviIconColor=0}
01-23 18:21:49.383  3755  3775 D WindowManager: set systemUiVisibility of statusbar : vis= 0x608
01-23 18:21:49.386  3755  7368 D InputDispatcher: Focus entered window: 6100
01-23 18:21:49.386  3755  7347 D WindowManager: adjustSystemUiVisibilityLw : vis= 0x608
01-23 18:21:49.387  6100  6100 D ViewRootImpl@dea20de[LauncherActivity]: Relayout returned: oldFrame=[0,0][1080,1920] newFrame=[0,0][1080,1920] result=0x3 surface={isValid=true 518239651328} surfaceGenerationChanged=true
01-23 18:21:49.388  6100  6100 D ViewRootImpl@dea20de[LauncherActivity]: mHardwareRenderer.initialize() mSurface={isValid=true 518239651328} hwInitialized=true
01-23 18:21:49.395  6100  6508 D mali_winsys: EGLint new_window_surface(egl_winsys_display*, void*, EGLSurface, EGLConfig, egl_winsys_surface**, egl_color_buffer_format*, EGLBoolean) returns 0x3000,  [1080x1920]-format:1
01-23 18:21:49.395  6100  6100 I VerificationLog: onResume
01-23 18:21:49.395  6100  6100 D Launcher: onResume, Launcher: 119184667
01-23 18:21:49.397  3755  7357 D SecContentProvider: query(), uri = 17 selection = isSettingsChangesAllowed
01-23 18:21:49.398  3755  7357 D SecContentProvider: called from com.sec.android.app.launcher
01-23 18:21:49.399  3755  7360 D SecContentProvider: query(), uri = 17 selection = isSettingsChangesAllowed
01-23 18:21:49.399  3755  7360 D SecContentProvider: called from com.sec.android.app.launcher
01-23 18:21:49.401  6100  6100 D Launcher.HomeView: onResume
01-23 18:21:49.406  6100  6100 D capture : ---------checkFileExist land
01-23 18:21:49.406  6100  6100 D capture : currentOrientation: 1 mMainHomeScreenshot: false mMainHomeScreenshotLand: true
01-23 18:21:49.409  6100  6100 D MenuAppsGridFragment: onResume:false
01-23 18:21:49.410  6100  6100 D MenuAppsGridFragment: stateObj = com.android.launcher2.MenuAppsGrid$StateNormal@270ab60
01-23 18:21:49.411  6100  6100 D Launcher.MenuAppsGrid: BlurInfo : false , true
01-23 18:21:49.411  6100  6100 D MenuAppsGridFragment: onResume  no mPendingModelUpdate:false this:MenuAppsGridFragment{a706819 #0 id=0x1020011 APPS}
01-23 18:21:49.412  3755  6080 D ActivityManager: post active user change for 0 fullscreen true isHomeActivity() true
01-23 18:21:49.412  3755  6080 I WallpaperManagerService: switchPersonaWallpaper is called for personaId-0
01-23 18:21:49.412  3755  6080 D KnoxTimeoutHandler: post home show event for user 0
01-23 18:21:49.412  3755  3755 D WallpaperManagerService:  force update = false; persona id = 0; current user =0; current persona = 0
01-23 18:21:49.412  3755  3755 D KnoxKeyguardDelegate: clear Flag
01-23 18:21:49.412  3755  6080 D KnoxTimeoutHandler: postActiveUserChange [MsgParam] userId: 0 fullscreen is true showWhenlocked is false isMutiwindowRecord is false multiwindowstyle is 0
01-23 18:21:49.412  3755  3755 D KnoxTimeoutHandler: handleHomeShow for 0 and current 0
01-23 18:21:49.413  3755  3755 D KnoxTimeoutHandler: handleActiveUserChange [MsgParam] userId: 0 fullscreen is true showWhenlocked is false isMutiwindowRecord is false multiwindowstyle is 0
01-23 18:21:49.413  6100  6100 D ViewRootImpl@dea20de[LauncherActivity]: MSG_WINDOW_FOCUS_CHANGED 1
01-23 18:21:49.413  6100  6100 D ViewRootImpl@dea20de[LauncherActivity]: mHardwareRenderer.initializeIfNeeded()#2 mSurface={isValid=true 518239651328}
01-23 18:21:49.414  3755  3755 I KnoxTimeoutHandler: Shared devices show user statefalse
01-23 18:21:49.414  6100  6100 D SEM_CLIP_SemClipboardManager: isCocktailBarDisplayed : false
01-23 18:21:49.415  6100  6100 V InputMethodManager: Starting input: tba=android.view.inputmethod.EditorInfo@c35ff36 nm : com.sec.android.app.launcher ic=null
01-23 18:21:49.416  6100  6100 I InputMethodManager: [IMM] startInputInner - mService.startInputOrWindowGainedFocus
01-23 18:21:49.416  3755  6277 D InputMethodManagerService: windowGainedFocus mCurrentFocusedUserId - 0 and mSecureKeypadEnabled-false
01-23 18:21:49.416  3755  6277 V InputMethodManagerService: windowGainedFocus: reason=WINDOW_FOCUS_GAIN client=android.os.BinderProxy@8dbfacb inputContext=null missingMethods= attribute=android.view.inputmethod.EditorInfo@a7075d3 nm = com.sec.android.app.launcher controlFlags=#104 softInputMode=#130 windowFlags=#81910d00
01-23 18:21:49.416  3755  6277 V InputMethodManagerService: Unspecified window will hide input
01-23 18:21:49.416  3755  6277 D InputMethodManagerService: mDesktopModeManager null!
01-23 18:21:49.416  3755  6277 V InputMethodManagerService: hideCurrentInputLocked - !shouldHideSoftInput
01-23 18:21:49.417  3755  6277 D InputTransport: Input channel constructed: fd=464
01-23 18:21:49.417  3755  6277 D InputTransport: Input channel destroyed: fd=464
01-23 18:21:49.417  6100  6100 D InputTransport: Input channel constructed: fd=77
01-23 18:21:49.419  3755  4444 V WindowManager: Relayout Window{b497154d0 u0 com.sec.android.app.launcher/com.sec.android.app.launcher.activities.LauncherActivity}: viewVisibility=0 req=1080x1920 WM.LayoutParams{(0,0)(fillxfill) sim=#30 ty=1 fl=#81910d00 pfl=0x20000 fmt=-2 wanim=0x103038a vsysui=0x600 needsMenuKey=2 dimDuration=0 naviIconColor=0}
01-23 18:21:49.421 19159 19159 W SearchServiceClient: Starting with NO_SESSION handoverId is deprecated. Just don't. You will break.
01-23 18:21:49.421 19159 19159 W SearchServiceClient: com.google.android.apps.gsa.shared.util.common.f: SearchServiceClient: Starting with NO_SESSION handoverId is deprecated. Just don't. You will break.
01-23 18:21:49.421 19159 19159 W SearchServiceClient: 	at com.google.android.apps.gsa.shared.util.common.e.a(SourceFile:43)
01-23 18:21:49.421 19159 19159 W SearchServiceClient: 	at com.google.android.apps.gsa.shared.util.common.e.f(SourceFile:6)
01-23 18:21:49.421 19159 19159 W SearchServiceClient: 	at com.google.android.apps.gsa.search.shared.service.SearchServiceClient.a(SourceFile:119)
01-23 18:21:49.421 19159 19159 W SearchServiceClient: 	at com.google.android.apps.gsa.search.shared.service.SearchServiceClient.mx(SourceFile:103)
01-23 18:21:49.421 19159 19159 W SearchServiceClient: 	at com.google.android.hotword.service.c.ad(SourceFile:18)
01-23 18:21:49.421 19159 19159 W SearchServiceClient: 	at com.google.android.hotword.service.d.run(SourceFile:3)
01-23 18:21:49.421 19159 19159 W SearchServiceClient: 	at android.os.Handler.handleCallback(Handler.java:751)
01-23 18:21:49.421 19159 19159 W SearchServiceClient: 	at android.os.Handler.dispatchMessage(Handler.java:95)
01-23 18:21:49.421 19159 19159 W SearchServiceClient: 	at android.os.Looper.loop(Looper.java:154)
01-23 18:21:49.421 19159 19159 W SearchServiceClient: 	at android.app.ActivityThread.main(ActivityThread.java:6682)
01-23 18:21:49.421 19159 19159 W SearchServiceClient: 	at java.lang.reflect.Method.invoke(Native Method)
01-23 18:21:49.421 19159 19159 W SearchServiceClient: 	at com.android.internal.os.ZygoteInit$MethodAndArgsCaller.run(ZygoteInit.java:1534)
01-23 18:21:49.421 19159 19159 W SearchServiceClient: 	at com.android.internal.os.ZygoteInit.main(ZygoteInit.java:1424)
01-23 18:21:49.421  6100  6100 D ViewRootImpl@dea20de[LauncherActivity]: Relayout returned: oldFrame=[0,0][1080,1920] newFrame=[0,0][1080,1920] result=0x1 surface={isValid=true 518239651328} surfaceGenerationChanged=false
01-23 18:21:49.424  8282  8282 E FullInputEventModel: onStartInput event aborted: com.touchtype.keyboard.e.p: could not obtain extracted text (class com.touchtype.keyboard.e.p)
01-23 18:21:49.428 19159 19180 E PBSessionCacheImpl: sessionId[84263721389485193] not persisted.
01-23 18:21:49.430 19159 19182 I PBSessionCacheImpl: Deleted sessionId[84263721389485193] from persistence.
01-23 18:21:49.435  3755  7368 D ConnectivityService: filterNetworkStateForUid() uid: 10062 networkInfo: [type: WIFI[] - WIFI, state: CONNECTED/CONNECTED, reason: (unspecified), extra: "wilkinson2.4", failover: false, available: true, roaming: false, metered: false]
01-23 18:21:49.438  3755  5047 D ConnectivityService: filterNetworkStateForUid() uid: 10062 networkInfo: [type: WIFI[] - WIFI, state: CONNECTED/CONNECTED, reason: (unspecified), extra: "wilkinson2.4", failover: false, available: true, roaming: false, metered: false]
01-23 18:21:49.446  3755  7364 D ConnectivityService: filterNetworkStateForUid() uid: 10062 networkInfo: [type: WIFI[] - WIFI, state: CONNECTED/CONNECTED, reason: (unspecified), extra: "wilkinson2.4", failover: false, available: true, roaming: false, metered: false]
01-23 18:21:49.452  3755  6080 D ConnectivityService: filterNetworkStateForUid() uid: 10062 networkInfo: [type: WIFI[] - WIFI, state: CONNECTED/CONNECTED, reason: (unspecified), extra: "wilkinson2.4", failover: false, available: true, roaming: false, metered: false]
01-23 18:21:49.465 19159 19180 I MicroDetectionState: Keep running hotword in interactor process
01-23 18:21:49.469  3755  7396 D WindowManager: finishDrawingWindow: Window{b497154d0 u0 com.sec.android.app.launcher/com.sec.android.app.launcher.activities.LauncherActivity} mDrawState=DRAW_PENDING
01-23 18:21:49.470  4621  4621 D ImageWallpaper: onOffsetsChanged: xOffset=0.0, yOffset=0.0, xOffsetStep=0.0, yOffsetStep=0.0, xPixels=0, yPixels=0
01-23 18:21:49.471  4621  4621 D ImageWallpaper: drawFrame=false rotation=0 mLastRotation=0
01-23 18:21:49.471  4621  4621 D ImageWallpaper: drawFrame:[frame.width()]1080[frame.height()]1920
01-23 18:21:49.471  4621  4621 D ImageWallpaper: surfaceDimensionsChanged=false mLastSurfaceRotation=0 mDisplayWidth=-1 mDisplayHeight=-1
01-23 18:21:49.471  4621  4621 D ImageWallpaper: mNewKeyboard : 0 mLastKeyboard : 0 mForceDraw = false
01-23 18:21:49.472  4621  4621 D ImageWallpaper: redrawNeeded = false, mOffsetsChanged = false
01-23 18:21:49.472  4621  4621 D ImageWallpaper: Suppressed drawFrame since redraw is not needed and offsets have not changed.
01-23 18:21:49.472  4621  4621 D WallpaperService: updateSurface forceRelayout=false redrawNeeded=false myWidth=1080 myHeight=1920 fixedSize=true mWidth=1080 mHeight=1920
01-23 18:21:49.472  4621  4621 D ImageWallpaper: onVisibilityChanged: mVisible, visible=false, true
01-23 18:21:49.472  4621  4621 D ImageWallpaper: Visibility changed to visible=true
01-23 18:21:49.473  4621  4621 D ImageWallpaper: drawFrame=false rotation=0 mLastRotation=0
01-23 18:21:49.473  4621  4621 D ImageWallpaper: drawFrame:[frame.width()]1080[frame.height()]1920
01-23 18:21:49.473  4621  4621 D ImageWallpaper: surfaceDimensionsChanged=false mLastSurfaceRotation=0 mDisplayWidth=-1 mDisplayHeight=-1
01-23 18:21:49.473  4621  4621 D ImageWallpaper: mNewKeyboard : 0 mLastKeyboard : 0 mForceDraw = false
01-23 18:21:49.473  4621  4621 D ImageWallpaper: redrawNeeded = false, mOffsetsChanged = false
01-23 18:21:49.473  4621  4621 D ImageWallpaper: Suppressed drawFrame since redraw is not needed and offsets have not changed.
01-23 18:21:49.479  4621  5100 D WallpaperService: resized:[frame]Rect(0, 0 - 1080, 1920) [newConfig] is null
01-23 18:21:49.479  4621  4621 D WallpaperService: MSG_WINDOW_RESIZED
01-23 18:21:49.479  4621  4621 D WallpaperService: updateSurface forceRelayout=true redrawNeeded=false myWidth=1080 myHeight=1920 fixedSize=true mWidth=1080 mHeight=1920
01-23 18:21:49.479  4621  4621 V WallpaperService: Changes: creating=false format=false size=false
01-23 18:21:49.480  3755  3790 D KnoxTimeoutHandler: notifyActivityDrawn [MsgParam] userId: 0 fullscreen is true showWhenlocked is false isMutiwindowRecord is false multiwindowstyle is 0
01-23 18:21:49.480  3755  3755 D KnoxTimeoutHandler: activityDrawn [MsgParam] userId: 0 fullscreen is true showWhenlocked is false isMutiwindowRecord is false multiwindowstyle is 0
01-23 18:21:49.481  3755  7367 V WindowManager: Relayout Window{1f6e85bd0 u0 com.android.systemui.ImageWallpaper}: viewVisibility=0 req=1080x1920 WM.LayoutParams{(0,0)(1080x1920) gr=#800033 ty=2013 fl=#318 fmt=2 wanim=0x10302f2 naviIconColor=0}
01-23 18:21:49.481  3755  3755 I KnoxTimeoutHandler: SD activityfalse
01-23 18:21:49.482  3755  3755 I KnoxTimeoutHandler: Fullscreen and mCurrent is not KNOX user. Hence hide keyguard
01-23 18:21:49.484  3755  7368 D BatteryService: !@BatteryListener : batteryPropertiesChanged!
01-23 18:21:49.485  4621  4621 V WallpaperService: New surface=Surface(name=null)/@0xe03252c, frame=Rect(0, 0 - 1080, 1920),relayoutResult=1, mConfiguration={0 1.0 themeSeq = 0 showBtnBg = -1 ?mcc?mnc ?localeList ?layoutDir ?swdp ?wdp ?hdp ?density ?lsize ?long ?orien ?uimode ?night ?touch ?keyb/?/? ?nav/? mkbd/?}
01-23 18:21:49.485  4621  4621 V WallpaperService: Wallpaper size has changed : 1080, 1920
01-23 18:21:49.485  4621  4621 D ImageWallpaper: onOffsetsChanged: xOffset=0.0, yOffset=0.0, xOffsetStep=0.0, yOffsetStep=0.0, xPixels=0, yPixels=0
01-23 18:21:49.485  3755  7368 D BatteryService: level:93, scale:100, status:2, health:2, present:true, voltage: 4222, temperature: 294, technology: Li-ion, AC powered:false, USB powered:true, POGO powered:false, Wireless powered:false, icon:17303694, invalid charger:0, maxChargingCurrent:0, maxChargingVoltage:0, chargeCounter:0
01-23 18:21:49.485  3755  7368 D BatteryService: online:6, current avg:448, charge type:1, power sharing:false, high voltage charger:false, capacity:280000, batterySWSelfDischarging:false, misc_event:0, current_now:634
01-23 18:21:49.485  4621  4621 D ImageWallpaper: drawFrame=false rotation=0 mLastRotation=0
01-23 18:21:49.486  3755  3755 D BatteryService: Sending ACTION_BATTERY_CHANGED.
01-23 18:21:49.486  4621  4621 D ImageWallpaper: drawFrame:[frame.width()]1080[frame.height()]1920
01-23 18:21:49.486  4621  4621 D ImageWallpaper: surfaceDimensionsChanged=false mLastSurfaceRotation=0 mDisplayWidth=-1 mDisplayHeight=-1
01-23 18:21:49.486  4621  4621 D ImageWallpaper: mNewKeyboard : 0 mLastKeyboard : 0 mForceDraw = false
01-23 18:21:49.486  4621  4621 D ImageWallpaper: redrawNeeded = false, mOffsetsChanged = false
01-23 18:21:49.486  4621  4621 D ImageWallpaper: Suppressed drawFrame since redraw is not needed and offsets have not changed.
01-23 18:21:49.488  3755  3755 V UiModeManager: updateLocked: null action, mDockState=0, category=null
01-23 18:21:49.488  3755  3755 D UiModeManager: updateConfigurationLocked: mDockState=0; mCarMode=false; mNightMode=1; uiMode=17
01-23 18:21:49.489  3755  3755 D GameManagerService: new battery level: 93
01-23 18:21:49.491  4621  4621 D KeyguardUpdateMonitor: received broadcast android.intent.action.BATTERY_CHANGED
01-23 18:21:49.491  4621  4621 D KeyguardUpdateMonitor: handleBatteryUpdate
01-23 18:21:49.492  4621  4621 D PowerUI : priorPlugType = 2 mPlugType =  2
01-23 18:21:49.493  4621  4621 D PowerUI.Notification: showChargingNotice oldChargingType : 1 currentChargingType : 1 oldChargingTime : 2216000 mChargingTime : 2209000
01-23 18:21:49.493  4621  4621 D PowerUI.Notification: showChargingNotification()
01-23 18:21:49.495  5021  5021 D PhoneApp: PhoneAppBroadcastReceiver onReceive android.intent.action.BATTERY_CHANGED
01-23 18:21:49.496  5021  5021 D TelephonyExtensionManager: lowBatterySound - isLowBatterySoundScheduled: false
01-23 18:21:49.496  5021  5021 D TelephonyExtensionManager: lowBatterySound - isPlayNow: false
01-23 18:21:49.496  5021  5021 D TelephonyExtensionManager: isSpeakerON - false
01-23 18:21:49.502  3755  7364 D ApplicationPolicy: isStatusBarNotificationAllowedAsUser: packageName = com.android.systemui,userId = -1
01-23 18:21:49.502  5021  5021 D TelephonyExtensionManager: lowBatterySound - batteryStatus: 2
01-23 18:21:49.502  5021  5021 D TelephonyExtensionManager: lowBatterySound - batteryLevel: 93
01-23 18:21:49.502  5021  5021 D TelephonyExtensionManager: lowBatterySound - cancel
01-23 18:21:49.503  3755  3766 D SamsungAlarmManager: Cancel Alarm calling from uid:1001 pid :5021 / op:PendingIntent{64d023c: PendingIntentRecord{4292b20 com.android.phone broadcastIntent}}
01-23 18:21:49.503  4621  4621 D BatteryMeterDrawable: isSomethingChanged - false
01-23 18:21:49.503  4621  4621 D BatteryMeterDrawable: isSomethingChanged - false
01-23 18:21:49.504  5021  5021 D TelephonyExtension: Not stopping low battery tone
01-23 18:21:49.505  4621  4621 D Tile.FlashlightTile: ACTION_BATTERY_CHANGED - Level :: 93, emEnabled :: false
01-23 18:21:49.529  4621  4621 D KeyguardServiceBoxContainer: updateCMAS() hasCmasNotification = false, mHasCMAS = false
01-23 18:21:49.555  3755  7395 D AudioService: getStreamVolume 3 index 120
01-23 18:21:49.756  3755  6281 D AudioService: getStreamVolume 3 index 120
01-23 18:21:49.811  5679  5679 D io_stats: !@   8,0 r 220359 8100604 w 84209 2446784 d 13082 1525332 f 21292 21290 iot 173750 119695 th 61440 61440 52764 pt 40 inp 0 0 4626.846
01-23 18:21:49.867  3755  3755 D CustomFrequencyManagerService: releaseDVFSLockLocked : Getting Lock type frm List : DVFS_MIN_LIMIT  frequency : 2100000  uid : 1000  pid : 3755  tag : AMS_APP_HOME@CPU_MIN@7
01-23 18:21:49.960  3755  4448 D AudioService: getStreamVolume 3 index 120
01-23 18:21:50.135  3755  4415 D InputReader: Input event(5): value=1 when=4627170569000
01-23 18:21:50.136  3755  4415 D InputReader: !@notifyKey(116), action=0
01-23 18:21:50.137  3755  4415 D InputManager-JNI: !@interceptKeyBeforeQueueing(116), action=0, interactive=true
01-23 18:21:50.146  3755  4415 I Telecom : TelecomFeature: getContactsPackageName: com.samsung.android.contacts: TSI.iR@Atc
01-23 18:21:50.146  3755  4415 I Telecom : com.android.server.telecom.TelecomServiceImpl$1: getSystemDialerPackage: com.samsung.android.contacts: TSI.iR@Atc
01-23 18:21:50.147  3755  4415 I Telecom : TelecomFeature: getContactsPackageName: com.samsung.android.contacts: TSI.iR@Atc
01-23 18:21:50.147  3755  4415 I Telecom : com.android.server.telecom.TelecomServiceImpl$1: getSystemDialerPackage: com.samsung.android.contacts: TSI.iR@Atc
01-23 18:21:50.148  3755  4415 D InputManager-JNI: !@handleInterceptActions(116), action=0, wmActions=0
01-23 18:21:50.162  3755  7367 D AudioService: getStreamVolume 3 index 120
01-23 18:21:50.325  3755  4415 D InputReader: Input event(5): value=0 when=4627360146000
01-23 18:21:50.325  3755  4415 D InputReader: !@notifyKey(116), action=1
01-23 18:21:50.325  3755  4415 D InputManager-JNI: !@interceptKeyBeforeQueueing(116), action=1, interactive=true
01-23 18:21:50.326  3755  4415 D PowerManagerService: [api] [s] goToSleep: 4 (uid: 1000 pid: 3755) eventTime = 4627170
01-23 18:21:50.327  3755  4415 I PowerManagerService: !@[ps] Screen__Off - 12 :  goToSleep:  (uid: 1000 pid: 3755) (4)
01-23 18:21:50.327  3755  4415 I PowerManagerService: Going to sleep due to power button (uid 1000)...
01-23 18:21:50.327  3755  4415 D InputManager-JNI: setInteractive(false)
01-23 18:21:50.327  3755  4415 D InputManager-JNI: setBlockDeviceFromNative
01-23 18:21:50.327  3755  4548 D NetworkPolicy: onScreenStateChanged, state: false, reason: 2
01-23 18:21:50.327  3755  4415 D InputManager: sBDM(): isSet=false deviceType=1 isForce=true caller=inputdispatcher.forcetouch
01-23 18:21:50.327  3755  4415 D InputManager: sBDM(): requested caller not exist!
01-23 18:21:50.327  3755  4415 D InputReader: mBlockedDevices=0x00000000
01-23 18:21:50.327  3755  4415 D PowerManagerService: mDisplayReady: false
01-23 18:21:50.328  3755  4415 D InputManager-JNI: !@handleInterceptActions(116), action=1, wmActions=0
01-23 18:21:50.328  3755  3792 D DisplayPowerController: animateScreenStateChange[0]: target=1
01-23 18:21:50.328  3755  3792 D ColorFade: prepare: mode=4
01-23 18:21:50.329  3219  3219 I SurfaceFlinger: id=187 createSurf (1080x1920),2 flag=404, DolorFade
01-23 18:21:50.329  4621  4739 D KeyguardViewMediator: onStartedGoingToSleep(2)
01-23 18:21:50.331  6100  6100 V InputMethodManager: Starting input: tba=android.view.inputmethod.EditorInfo@844e37 nm : com.sec.android.app.launcher ic=null
01-23 18:21:50.331  6100  6100 I InputMethodManager: [IMM] startInputInner - mService.startInputOrWindowGainedFocus
01-23 18:21:50.332  3755  6279 D InputTransport: Input channel constructed: fd=463
01-23 18:21:50.333  3755  6279 D InputTransport: Input channel destroyed: fd=463
01-23 18:21:50.333  6100  6100 D InputTransport: Input channel constructed: fd=75
01-23 18:21:50.333  6100  6100 D InputTransport: Input channel destroyed: fd=77
01-23 18:21:50.334  4621  4739 D KeyguardViewMediator: Lock timeout lockAfterTimeout=5000 policyTimeout=0 displayTimeout=600000
01-23 18:21:50.334  4621  4739 D KeyguardViewMediator: timeout = 5000
01-23 18:21:50.334  8282  8282 E FullInputEventModel: onStartInput event aborted: com.touchtype.keyboard.e.p: could not obtain extracted text (class com.touchtype.keyboard.e.p)
01-23 18:21:50.337  4621  4739 D FactoryTest: checkAutomationTestOption() : option=0
01-23 18:21:50.338  4621  4739 D FactoryTest: checkAutomationTestOption() : mode_screenlock=0
01-23 18:21:50.339  4621  4739 D KeyguardViewMediator: notifyStartedGoingToSleep
01-23 18:21:50.340  4621  4621 D KeyguardFingerPrint: shouldListenForFingerprint ( isFingerprintEnabled = false , mKeyguardIsVisible = false , mDeviceInteractive = true , mBouncer = false , mGoingToSleep = true , mSwitchingUser = false , mFingerprintAlreadyAuthenticated = false , mKeyguardUnlocking = false
01-23 18:21:50.340  4621  4621 D KeyguardFingerPrint: shouldListenForFingerprint ( fingerprint is not enabled. ) 
01-23 18:21:50.340  4621  4621 V KeyguardFingerPrint: stopListeningForFingerprint()
01-23 18:21:50.340  4621  4621 D KeyguardViewMediator: handleNotifyStartedGoingToSleep
01-23 18:21:50.344  3755  3792 D PowerManagerUtil: Excessive delay in ColorFade : createSurface: 16ms
01-23 18:21:50.347  3755  3792 D mali_winsys: EGLint new_window_surface(egl_winsys_display*, void*, EGLSurface, EGLConfig, egl_winsys_surface**, egl_color_buffer_format*, EGLBoolean) returns 0x3000,  [1080x1920]-format:1
01-23 18:21:50.363  3755  7396 D AudioService: getStreamVolume 3 index 120
01-23 18:21:50.377  3755  3792 D ColorFade: ColorFade is ready
01-23 18:21:50.378  3755  3792 D DisplayPowerController: ColorFade: onAnimationStart
01-23 18:21:50.378  3755  3792 D DisplayPowerController: [Dual Screen Compatible] state[0] :2
01-23 18:21:50.472  3755  3774 D CompatibilityInfo: mCompatibilityFlags - 0
01-23 18:21:50.472  3755  3774 D CompatibilityInfo: applicationDensity - 420
01-23 18:21:50.472  3755  3774 D CompatibilityInfo: applicationScale - 1.0
01-23 18:21:50.540  3755  4448 D AppWidgetServiceImpl: updateAppWidgetInstanceLocked, merge! widget = AppWidgetId{3:Host{HostId{user:0, app:10081, hostId:1024, pkg:com.sec.android.app.launcher}}:Provider{ProviderId{user:0, app:10062, cmp:ComponentInfo{com.google.android.googlequicksearchbox/com.google.android.googlequicksearchbox.SearchWidgetProvider}}}}
01-23 18:21:50.544  3755  3755 D AppWidgetServiceImpl: handleNotifyUpdateAppWidget, w = AppWidgetId{3:Host{HostId{user:0, app:10081, hostId:1024, pkg:com.sec.android.app.launcher}}:Provider{ProviderId{user:0, app:10062, cmp:ComponentInfo{com.google.android.googlequicksearchbox/com.google.android.googlequicksearchbox.SearchWidgetProvider}}}}, isBlackListWidget = false, mIsPolicySeqNum = true, mIsPolicyTooLarge = true, mIsPolicySkipMerge = true
01-23 18:21:50.544  3755  3755 D AppWidgetServiceImpl: handleNotifyUpdateAppWidget, seqNumber = 29
01-23 18:21:50.561  6100  6100 V LauncherAppWidgetHostView: calculateWidgetSize: (target widgetsize)  using w/h 997 260 span 5 1 (widgetid 2) [current Gridsize : GRID_5x5]
01-23 18:21:50.562  6100  6100 D LauncherAppWidgetHostView: calculateWidgetSize() widget = Weather and Clock(widget id = 2) result hostview size = 1297 x 338
01-23 18:21:50.562  6100  6100 D LauncherAppWidgetHostView: setResizeScaleResult() 1297/ 338 scaleToResize = 0.76869696(widget id = 2)
01-23 18:21:50.562  6100  6100 V LauncherAppWidgetHostView: calculateWidgetSize: (target widgetsize)  using w/h 997 260 span 5 1 (widgetid 3) [current Gridsize : GRID_5x5]
01-23 18:21:50.562  6100  6100 D LauncherAppWidgetHostView: calculateWidgetSize() widget = Google(widget id = 3) result hostview size = 1297 x 338
01-23 18:21:50.562  6100  6100 D LauncherAppWidgetHostView: setResizeScaleResult() 1297/ 338 scaleToResize = 0.76869696(widget id = 3)
01-23 18:21:50.564  3755  7347 D AudioService: getStreamVolume 3 index 120
