01-11 16:54:18.517  3757 29839 D ConnectivityService: filterNetworkStateForUid() uid: 10014 networkInfo: [type: WIFI[] - WIFI, state: CONNECTED/CONNECTED, reason: (unspecified), extra: "wilkinson2.4", failover: false, available: true, roaming: false, metered: false]
01-11 16:54:18.534  3757  7203 D SamsungAlarmManager: Cancel Alarm calling from uid:10014 pid :5918 / op:PendingIntent{9c4e03e: PendingIntentRecord{447bc29 com.google.android.gms broadcastIntent}}
01-11 16:54:18.667  3757 29838 D SamsungAlarmManager: setInexact Intent (T:2/F:0/AC:false) 20190111T171342 - CU:10014/CP:5918
01-11 16:54:18.778  3757 29840 D CompatibilityInfo: mCompatibilityFlags - 0
01-11 16:54:18.778  3757 29840 D CompatibilityInfo: applicationDensity - 420
01-11 16:54:18.778  3757 29840 D CompatibilityInfo: applicationScale - 1.0
01-11 16:54:18.897  3757 32084 D ConnectivityService: filterNetworkStateForUid() uid: 10014 networkInfo: [type: WIFI[] - WIFI, state: CONNECTED/CONNECTED, reason: (unspecified), extra: "wilkinson2.4", failover: false, available: true, roaming: false, metered: false]
01-11 16:54:18.898  7370 26285 I FSA2_GroupSyncGrpc: Received non-null API-group response
01-11 16:54:18.940  7370 26283 I FSA2_SyncState: @readSyncState: a: "MisAxFIzLwAAABII36bI9YTk3wIQ36bI9YTk3wKTMnevRnXeqrX0KEcspVsOOhRBSURfM2ZjOWJmMTMxOGEyMmY2MQ"
01-11 16:54:18.940  7370 26283 I FSA2_SyncState: c: "ELDG-_SE5N8C"
01-11 16:54:18.940  7370 26283 I FSA2_SyncState: e: 0
01-11 16:54:18.965  5010  5010 D ContactCache: ===== Contact updated. =====
01-11 16:54:18.966  5010  5010 D ContactCache: sendMessageContactSync: Try contact sync after 3 sec.
01-11 16:54:18.967   467   467 D Mms/Contact: sContactsObserver.onChange(),selfUpdate=false
01-11 16:54:18.968   467   467 D Mms/Contact: performUpdate:widgetCount=0
01-11 16:54:18.968 11668 11668 D oneconnect[1.0.00-39][100000039] : P2pHelper.mContentObserver - Contact Data changed
01-11 16:54:18.969 11668 11668 D oneconnect[1.0.00-39][100000039] : BluetoothHelper.mContentObserver - Contact Data changed
01-11 16:54:18.970 11668 11668 D oneconnect[1.0.00-39][100000039] : PreDiscoveryHelper.mContentObserver - Contact Data changed
01-11 16:54:18.971 11668 11668 V oneconnect[1.0.00-39][100000039] : PreDiscoveryPacket.updateContactInfo - 
01-11 16:54:18.971 11668 11668 V oneconnect[1.0.00-39][100000039] : CONTACT_Info.getMyMobileNumber - 
01-11 16:54:18.975  3757  3771 D ConnectivityService: filterNetworkStateForUid() uid: 10014 networkInfo: [type: WIFI[] - WIFI, state: CONNECTED/CONNECTED, reason: (unspecified), extra: "wilkinson2.4", failover: false, available: true, roaming: false, metered: false]
01-11 16:54:18.982  3757  4482 D ConnectivityService: filterNetworkStateForUid() uid: 10014 networkInfo: [type: WIFI[] - WIFI, state: CONNECTED/CONNECTED, reason: (unspecified), extra: "wilkinson2.4", failover: false, available: true, roaming: false, metered: false]
01-11 16:54:18.998  3757  2859 D SamsungAlarmManager: Cancel Alarm calling from uid:10014 pid :5918 / op:PendingIntent{d2ac24a: PendingIntentRecord{447bc29 com.google.android.gms broadcastIntent}}
01-11 16:54:19.003 11668 11668 I oneconnect[1.0.00-39][100000039] : CONTACT_Info.getMyMobileNumber - get getOwnerSystemNumber
01-11 16:54:19.004 11668 11668 D oneconnect[1.0.00-39][100000039] : PreDiscoveryPacket.updateContactInfo Hash *** - ($)
01-11 16:54:19.134  3757  3770 D CompatibilityInfo: mCompatibilityFlags - 0
01-11 16:54:19.134  3757  3770 D CompatibilityInfo: applicationDensity - 420
01-11 16:54:19.135  3757  3770 D CompatibilityInfo: applicationScale - 1.0
01-11 16:54:19.146  3757  7216 D ConnectivityService: filterNetworkStateForUid() uid: 10014 networkInfo: [type: WIFI[] - WIFI, state: CONNECTED/CONNECTED, reason: (unspecified), extra: "wilkinson2.4", failover: false, available: true, roaming: false, metered: false]
01-11 16:54:19.175  3757  3774 D CompatibilityInfo: mCompatibilityFlags - 0
01-11 16:54:19.175  3757  3774 D CompatibilityInfo: applicationDensity - 420
01-11 16:54:19.175  3757  3774 D CompatibilityInfo: applicationScale - 1.0
01-11 16:54:19.197  7370 26290 I FSA2_SyncState: @readSyncState: a: "MisAxFIzLwAAABII36bI9YTk3wIQ36bI9YTk3wKTMnevRnXeqrX0KEcspVsOOhRBSURfM2ZjOWJmMTMxOGEyMmY2MQ"
01-11 16:54:19.197  7370 26290 I FSA2_SyncState: c: "EPCdnebb5t8C"
01-11 16:54:19.197  7370 26290 I FSA2_SyncState: e: 0
01-11 16:54:19.231  3757  7201 D SamsungAlarmManager: setInexact Intent (T:2/F:0/AC:false) 20190111T171342 - CU:10014/CP:5918
01-11 16:54:19.341  3757  4469 D ConnectivityService: filterNetworkStateForUid() uid: 10014 networkInfo: [type: WIFI[] - WIFI, state: CONNECTED/CONNECTED, reason: (unspecified), extra: "wilkinson2.4", failover: false, available: true, roaming: false, metered: false]
01-11 16:54:19.346  7370 26290 I FSA2_ContactSyncGrpc: Received non-null API-contact response
01-11 16:54:19.370  7370 26283 I FSA2_SyncState: @readSyncState: a: "MisAxFIzLwAAABII36bI9YTk3wIQ36bI9YTk3wKTMnevRnXeqrX0KEcspVsOOhRBSURfM2ZjOWJmMTMxOGEyMmY2MQ"
01-11 16:54:19.370  7370 26283 I FSA2_SyncState: c: "EPCdnebb5t8C"
01-11 16:54:19.370  7370 26283 I FSA2_SyncState: e: 0
01-11 16:54:19.395  3757  7201 D CompatibilityInfo: mCompatibilityFlags - 0
01-11 16:54:19.396  3757  7201 D CompatibilityInfo: applicationDensity - 420
01-11 16:54:19.396  3757  7201 D CompatibilityInfo: applicationScale - 1.0
01-11 16:54:19.402   467   467 D Mms/Contact: sContactsObserver.onChange(),selfUpdate=false
01-11 16:54:19.403 11668 11668 D oneconnect[1.0.00-39][100000039] : P2pHelper.mContentObserver - Contact Data changed
01-11 16:54:19.403 11668 11668 D oneconnect[1.0.00-39][100000039] : PreDiscoveryHelper.mContentObserver - Contact Data changed
01-11 16:54:19.403 11668 11668 V oneconnect[1.0.00-39][100000039] : PreDiscoveryPacket.updateContactInfo - 
01-11 16:54:19.403 11668 11668 V oneconnect[1.0.00-39][100000039] : CONTACT_Info.getMyMobileNumber - 
01-11 16:54:19.408  5010  5010 D ContactCache: ===== Contact updated. =====
01-11 16:54:19.408  5010  5010 D ContactCache: sendMessageContactSync: Try contact sync after 3 sec.
01-11 16:54:19.413  3757  5062 D ConnectivityService: filterNetworkStateForUid() uid: 10014 networkInfo: [type: WIFI[] - WIFI, state: CONNECTED/CONNECTED, reason: (unspecified), extra: "wilkinson2.4", failover: false, available: true, roaming: false, metered: false]
01-11 16:54:19.421 11668 11668 I oneconnect[1.0.00-39][100000039] : CONTACT_Info.getMyMobileNumber - get getOwnerSystemNumber
01-11 16:54:19.422  3757  7204 D ConnectivityService: filterNetworkStateForUid() uid: 10014 networkInfo: [type: WIFI[] - WIFI, state: CONNECTED/CONNECTED, reason: (unspecified), extra: "wilkinson2.4", failover: false, available: true, roaming: false, metered: false]
01-11 16:54:19.424 11668 11668 D oneconnect[1.0.00-39][100000039] : PreDiscoveryPacket.updateContactInfo Hash *** - ($)
01-11 16:54:19.425 11668 11668 D oneconnect[1.0.00-39][100000039] : BluetoothHelper.mContentObserver - Contact Data changed
01-11 16:54:19.443  3757  3771 D SamsungAlarmManager: Cancel Alarm calling from uid:10014 pid :5918 / op:PendingIntent{b0fde31: PendingIntentRecord{447bc29 com.google.android.gms broadcastIntent}}
01-11 16:54:19.582  3757 32084 D ConnectivityService: filterNetworkStateForUid() uid: 10014 networkInfo: [type: WIFI[] - WIFI, state: CONNECTED/CONNECTED, reason: (unspecified), extra: "wilkinson2.4", failover: false, available: true, roaming: false, metered: false]
01-11 16:54:19.642  3757 32085 D CompatibilityInfo: mCompatibilityFlags - 0
01-11 16:54:19.642  3757 32085 D CompatibilityInfo: applicationDensity - 420
01-11 16:54:19.642  3757 32085 D CompatibilityInfo: applicationScale - 1.0
01-11 16:54:19.652  3757  3771 D ConnectivityService: filterNetworkStateForUid() uid: 10014 networkInfo: [type: WIFI[] - WIFI, state: CONNECTED/CONNECTED, reason: (unspecified), extra: "wilkinson2.4", failover: false, available: true, roaming: false, metered: false]
01-11 16:54:19.689  3757  3774 D CompatibilityInfo: mCompatibilityFlags - 0
01-11 16:54:19.689  3757  3774 D CompatibilityInfo: applicationDensity - 420
01-11 16:54:19.689  3757  3774 D CompatibilityInfo: applicationScale - 1.0
01-11 16:54:19.755  3757 10512 D SamsungAlarmManager: setInexact Intent (T:2/F:0/AC:false) 20190111T171342 - CU:10014/CP:5918
01-11 16:54:19.792  3757  2859 D ConnectivityService: filterNetworkStateForUid() uid: 10014 networkInfo: [type: WIFI[] - WIFI, state: CONNECTED/CONNECTED, reason: (unspecified), extra: "wilkinson2.4", failover: false, available: true, roaming: false, metered: false]
01-11 16:54:19.912  3757  4440 D ConnectivityService: filterNetworkStateForUid() uid: 10014 networkInfo: [type: WIFI[] - WIFI, state: CONNECTED/CONNECTED, reason: (unspecified), extra: "wilkinson2.4", failover: false, available: true, roaming: false, metered: false]
01-11 16:54:19.951  3757  4473 D ConnectivityService: filterNetworkStateForUid() uid: 10014 networkInfo: [type: WIFI[] - WIFI, state: CONNECTED/CONNECTED, reason: (unspecified), extra: "wilkinson2.4", failover: false, available: true, roaming: false, metered: false]
01-11 16:54:19.993  6668  6733 E ContactsProvider_EventLog: Flush buffer to file cnt : 2 size : 14Kb duration : 11ms lastUpdatedAfter : 2217 ms mFlush_time_threasold : 2420 mCurrentSize : 7285
01-11 16:54:20.041  7370 26283 W FSA2_ContactsSyncAdapter: @onPerformSync Sync finished successfully
01-11 16:54:20.065  3757  7203 D CompatibilityInfo: mCompatibilityFlags - 0
01-11 16:54:20.066  3757  7203 D CompatibilityInfo: applicationDensity - 420
01-11 16:54:20.066  3757  7203 D CompatibilityInfo: applicationScale - 1.0
01-11 16:54:20.091  3757  3773 D ConnectivityService: filterNetworkStateForUid() uid: 1000 networkInfo: [type: WIFI[] - WIFI, state: CONNECTED/CONNECTED, reason: (unspecified), extra: "wilkinson2.4", failover: false, available: true, roaming: false, metered: false]
01-11 16:54:20.125  3757  3773 W JobInfo : Specified flex for 109958 is +57m36s0ms. Clamped to +1h12m0s0ms
01-11 16:54:20.138  3757  4469 D ConnectivityService: filterNetworkStateForUid() uid: 10014 networkInfo: [type: WIFI[] - WIFI, state: CONNECTED/CONNECTED, reason: (unspecified), extra: "wilkinson2.4", failover: false, available: true, roaming: false, metered: false]
01-11 16:54:20.140  3757  3773 D SamsungAlarmManager: setInexact Listener (T:2/F:0/AC:false) 20190111T170046 - CU:1000/CP:3757
01-11 16:54:20.153  3757  3773 D SamsungAlarmManager: setInexact Listener (T:2/F:0/AC:false) 20190111T170546 - CU:1000/CP:3757
01-11 16:54:20.153  3757  3773 D ConnectivityService: filterNetworkStateForUid() uid: 10132 networkInfo: [type: WIFI[] - WIFI, state: CONNECTED/CONNECTED, reason: (unspecified), extra: "wilkinson2.4", failover: false, available: true, roaming: false, metered: false]
01-11 16:54:20.510 24679 24721 I ReschedulableTimer: [#CMH#] ReschedulableTimer started 
01-11 16:54:20.963  5689  5689 D io_stats: !@   8,0 r 1916086 58320820 w 1918331 43204148 d 310692 22785732 f 500453 500327 iot 3050260 1706024 th 61440 61440 43080 pt 9550 inp 0 0 165787.603
01-11 16:54:20.971   467   467 D Mms/Contact: performUpdate:widgetCount=0
01-11 16:54:21.490  3757  4458 D WifiStateMachine: Current network is: "wilkinson2.4" , ID is: 30
01-11 16:54:21.490  3757  4458 I WifiStateMachine: IMS calling, current network is always qualified
01-11 16:54:22.411  5010  5010 D ContactCache: HANDLE_START_CONTACT_SYNC : 
01-11 16:54:22.411  5010  5010 D ContactCache: onStartContactSync : 
01-11 16:54:22.411  5010  5010 D ContactCache: startContactSync: VZW_us
01-11 16:54:22.412  5010  6165 D ContactCache: startContactSync: start caching contacts.
01-11 16:54:22.417  5010  6165 D ContactCache: refresh: mStartIndex = 0
01-11 16:54:22.456  3757  4354 D SamsungAlarmManager: Expired : 8
01-11 16:54:22.456  3757  4354 V SamsungAlarmManager: Sending to uid : 10059 action=null alarm=Alarm{4d32c6d type 3 when 444302953 com.asurion.android.verizon.vms}
01-11 16:54:22.464  3757  4354 D CompatibilityInfo: mCompatibilityFlags - 0
01-11 16:54:22.465  3757  4354 D CompatibilityInfo: applicationDensity - 420
01-11 16:54:22.465  3757  4354 D CompatibilityInfo: applicationScale - 1.0
01-11 16:54:22.503  3757  4482 D SamsungAlarmManager: setExact Intent (T:3/F:5/AC:false) 20190111T165427 - CU:10059/CP:15240
01-11 16:54:22.503  3757  4482 I SamsungAlarmManager: setLocked to kernel - T:3 / 20190111T165427, SetElapsed=444307987, nowELAPSED=444303000
01-11 16:54:22.505  5010  6165 D ContactCache: refresh: set mPrevRefreshTimeInMs = 1547243650978
01-11 16:54:22.505  5010  6165 D ContactCache: refresh: found 0 contacts. mLastRefreshTimeInMs = 1547243662505
01-11 16:54:22.505  6668  6733 E ContactsProvider_EventLog: Flush buffer to file cnt : 1 size : 0Kb duration : 5ms lastUpdatedAfter : 2512 ms mFlush_time_threasold : 2662 mCurrentSize : 446
01-11 16:54:22.513  5010  6165 D ContactCache: startContactSync: removed, check removed contacts.
01-11 16:54:22.514  5010  6165 D ContactCache: processRemovedContact: Start.
01-11 16:54:22.579  5010  6165 D ContactCache: getAllNumberlist: found 599 contacts.
01-11 16:54:22.613  5010  6165 D ContactCache: processRemovedContact: Done. 0 numbers removed.
01-11 16:54:22.613  5010  6165 D ContactCache: startContactSync: Done. contact no found.
01-11 16:54:22.931 11131 11223 D ClClient: Not sending keepalive.  Current connection state=STOPPED
01-11 16:54:24.146  3757  5063 D BatteryService: !@BatteryListener : batteryPropertiesChanged!
01-11 16:54:24.147  3757  5063 D BatteryService: level:49, scale:100, status:2, health:2, present:true, voltage: 3925, temperature: 298, technology: Li-ion, AC powered:false, USB powered:true, POGO powered:false, Wireless powered:false, icon:17303694, invalid charger:0, maxChargingCurrent:0, maxChargingVoltage:0, chargeCounter:0
01-11 16:54:24.147  3757  5063 D BatteryService: online:6, current avg:507, charge type:1, power sharing:false, high voltage charger:false, capacity:280000, batterySWSelfDischarging:false, misc_event:0, current_now:512
01-11 16:54:24.147  3757  3757 D BatteryService: Sending ACTION_BATTERY_CHANGED.
01-11 16:54:24.155  3757  3757 V UiModeManager: updateLocked: null action, mDockState=0, category=null
01-11 16:54:24.156  3757  3757 D UiModeManager: updateConfigurationLocked: mDockState=0; mCarMode=false; mNightMode=1; uiMode=17
01-11 16:54:24.157  3757  3757 D GameManagerService: new battery level: 49
01-11 16:54:24.160  4616  4616 D KeyguardUpdateMonitor: received broadcast android.intent.action.BATTERY_CHANGED
01-11 16:54:24.161  4616  4616 D KeyguardUpdateMonitor: handleBatteryUpdate
01-11 16:54:24.166  4616  4616 D PowerUI : priorPlugType = 2 mPlugType =  2
01-11 16:54:24.168  4616  4616 D PowerUI.Notification: showChargingNotice oldChargingType : 1 currentChargingType : 1 oldChargingTime : 6353000 mChargingTime : 6353000
01-11 16:54:24.168  4616  4616 D PowerUI.Notification: There is no change about charging status, so return!
01-11 16:54:24.172  4616  4616 D BatteryMeterDrawable: isSomethingChanged - false
01-11 16:54:24.173  4616  4616 D BatteryMeterDrawable: isSomethingChanged - false
01-11 16:54:24.180  5024  5024 D PhoneApp: PhoneAppBroadcastReceiver onReceive android.intent.action.BATTERY_CHANGED
01-11 16:54:24.180  5024  5024 D TelephonyExtensionManager: lowBatterySound - isLowBatterySoundScheduled: false
01-11 16:54:24.180  5024  5024 D TelephonyExtensionManager: lowBatterySound - isPlayNow: false
01-11 16:54:24.183  5024  5024 D TelephonyExtensionManager: isSpeakerON - true
01-11 16:54:24.185  4616  4616 D Tile.FlashlightTile: ACTION_BATTERY_CHANGED - Level :: 49, emEnabled :: false
01-11 16:54:24.195  5024  5024 D TelephonyExtensionManager: lowBatterySound - batteryStatus: 2
01-11 16:54:24.195  5024  5024 D TelephonyExtensionManager: lowBatterySound - batteryLevel: 49
01-11 16:54:24.195  5024  5024 D TelephonyExtensionManager: lowBatterySound - cancel
01-11 16:54:24.196 26102 26102 D UE4     : Battery: status = 2, rawlevel = 49, scale = 100
01-11 16:54:24.196 26102 26102 D UE4     : nativeBatteryEvent(stat = 2, lvl = 49  temp = 29.80 C)
01-11 16:54:24.197  3757 32085 D SamsungAlarmManager: Cancel Alarm calling from uid:1001 pid :5024 / op:PendingIntent{e2ce133: PendingIntentRecord{a39a255 com.android.phone broadcastIntent}}
01-11 16:54:24.198  5024  5024 D TelephonyExtension: Not stopping low battery tone
01-11 16:54:24.512  3757  4458 D WifiStateMachine: Current network is: "wilkinson2.4" , ID is: 30
01-11 16:54:24.512  3757  4458 I WifiStateMachine: IMS calling, current network is always qualified
01-11 16:54:25.243  4616  4823 D NetworkController.MobileSignalController(0/1): onSignalStrengthsChanged signalStrength=SignalStrength: 99 99 -120 -160 -120 -1 -1 14 -121 -15 -28 2147483647 2147483647 0x1000 gsm|lte level=1
01-11 16:54:25.245  4616  4823 D NetworkController.MobileSignalController(0/1): getMobileIconGroup(): 13
01-11 16:54:25.245  4616  4823 D NetworkController.MobileSignalController(0/1): updateVZWMobileIconGroup(): 13
01-11 16:54:25.268  4616  4823 D NetworkController.MobileSignalController(0/1): callState:0, callStateByPhone:false voLTECall:false voiceNetTpe:13 dataNetType:13, ine911:false, emergencyCallbackMode:false
01-11 16:54:25.271  5035  5670 D EPDG -- [SMARTWIFI]: onSignalStrengthsChanged: Received signal strength change, phone type is: 2
01-11 16:54:25.272  5035  6446 D EPDG -- [SMARTWIFI]: lastLteRSRP is -120currentLteRSRP is -121
01-11 16:54:25.273  5035  6446 D EPDG -- [SMARTWIFI]: lastLteRSRQ is -17currentLteRSRQ is -15
01-11 16:54:25.273  5035  6446 D EPDG -- [SMARTWIFI]: lastCdmaDb is -16currentCdmaDb is -16
01-11 16:54:25.273  5035  6446 V EPDG -- [SMARTWIFI]: Radio oldest entry removed
01-11 16:54:25.273  5035  6446 V EPDG -- [SMARTWIFI]: New entry : (SignalStrength: 99 99 -120 -160 -120 -1 -1 14 -121 -15 -28 2147483647 2147483647 0x1000 gsm|lte : 0 )
01-11 16:54:25.274  5035  6446 V EPDG -- [SMARTWIFI]: Radio entry added
01-11 16:54:25.966  5689  5689 D io_stats: !@   8,0 r 1916086 58320820 w 1918364 43204416 d 310694 22785816 f 500479 500353 iot 3050350 1706033 th 61440 61440 43080 pt 9550 inp 0 0 165792.607
01-11 16:54:26.433  4616  4823 D NetworkController.MobileSignalController(0/1): onSignalStrengthsChanged signalStrength=SignalStrength: 99 99 -120 -160 -120 -1 -1 15 -120 -15 -40 2147483647 2147483647 0x1000 gsm|lte level=1
01-11 16:54:26.433  4616  4823 D NetworkController.MobileSignalController(0/1): getMobileIconGroup(): 13
01-11 16:54:26.434  4616  4823 D NetworkController.MobileSignalController(0/1): updateVZWMobileIconGroup(): 13
01-11 16:54:26.451  5035  5670 D EPDG -- [SMARTWIFI]: onSignalStrengthsChanged: Received signal strength change, phone type is: 2
01-11 16:54:26.451  5035  6446 D EPDG -- [SMARTWIFI]: lastLteRSRP is -121currentLteRSRP is -120
01-11 16:54:26.451  5035  6446 D EPDG -- [SMARTWIFI]: lastLteRSRQ is -15currentLteRSRQ is -15
01-11 16:54:26.451  5035  6446 D EPDG -- [SMARTWIFI]: lastCdmaDb is -16currentCdmaDb is -16
01-11 16:54:26.451  5035  6446 V EPDG -- [SMARTWIFI]: Radio oldest entry removed
01-11 16:54:26.452  5035  6446 V EPDG -- [SMARTWIFI]: New entry : (SignalStrength: 99 99 -120 -160 -120 -1 -1 15 -120 -15 -40 2147483647 2147483647 0x1000 gsm|lte : 0 )
01-11 16:54:26.452  5035  6446 V EPDG -- [SMARTWIFI]: Radio entry added
01-11 16:54:26.457  4616  4823 D NetworkController.MobileSignalController(0/1): callState:0, callStateByPhone:false voLTECall:false voiceNetTpe:13 dataNetType:13, ine911:false, emergencyCallbackMode:false
01-11 16:54:27.101  3757  9599 D SSRM:t  : SIOP:: AP = 420, PST = 354 (W:10), CP = 263, CUR = 615, LCD = 119
01-11 16:54:27.106  3757  9599 D ConnectivityService: filterNetworkStateForUid() uid: 1000 networkInfo: [type: WIFI[] - WIFI, state: CONNECTED/CONNECTED, reason: (unspecified), extra: "wilkinson2.4", failover: false, available: true, roaming: false, metered: false]
01-11 16:54:27.490  3757  4354 D SamsungAlarmManager: Expired : 8
01-11 16:54:27.492  3757  4354 V SamsungAlarmManager: Sending to uid : 10059 action=null alarm=Alarm{62b9cf0 type 3 when 444307987 com.asurion.android.verizon.vms}
01-11 16:54:27.508  3757  4354 D CompatibilityInfo: mCompatibilityFlags - 0
01-11 16:54:27.508  3757  4354 D CompatibilityInfo: applicationDensity - 420
01-11 16:54:27.509  3757  4354 D CompatibilityInfo: applicationScale - 1.0
01-11 16:54:27.529  3757  4458 D WifiStateMachine: Current network is: "wilkinson2.4" , ID is: 30
01-11 16:54:27.530  3757  4458 I WifiStateMachine: IMS calling, current network is always qualified
01-11 16:54:27.553  3757  4473 D SamsungAlarmManager: setExact Intent (T:3/F:5/AC:false) 20190111T165432 - CU:10059/CP:15240
01-11 16:54:27.760 26102 26132 D UE4     : Used memory: 220804
01-11 16:54:27.796  3757  4354 D SamsungAlarmManager: Expired : 4
01-11 16:54:27.798  3757  4354 I SamsungAlarmManager: setLocked to kernel - T:2 / 20190111T170046, SetElapsed=444686826, nowELAPSED=444308295
01-11 16:54:27.798  3757  4354 I SamsungAlarmManager: setLocked to kernel - T:3 / 20190111T165432, SetElapsed=444313038, nowELAPSED=444308295
01-11 16:54:27.799  3757  4354 V SamsungAlarmManager: Sending to uid : 10179 action=com.verizon.vzmsgs.provisioning.job.MarkAsInactiveJob-0 alarm=Alarm{807d4ee type 0 when 1547243667796 com.verizon.messaging.vzmsgs}
01-11 16:54:27.861  6668  6733 E ContactsProvider_EventLog: Flush buffer to file cnt : 1 size : 0Kb duration : 23ms lastUpdatedAfter : 5356 ms mFlush_time_threasold : 2000 mCurrentSize : 205
01-11 16:54:27.904  3757  5902 D SamsungAlarmManager: Cancel Alarm calling from uid:10179 pid :10466 / op:PendingIntent{c4a5d8f: PendingIntentRecord{fc5981c com.verizon.messaging.vzmsgs startService}}
01-11 16:54:27.935  3757  7203 D SamsungAlarmManager: setExact Intent (T:0/F:5/AC:false) 20190111T170927 - CU:10179/CP:10466
01-11 16:54:30.545  3757  4458 D WifiStateMachine: Current network is: "wilkinson2.4" , ID is: 30
01-11 16:54:30.545  3757  4458 I WifiStateMachine: IMS calling, current network is always qualified
01-11 16:54:30.968  5689  5689 D io_stats: !@   8,0 r 1916089 58320836 w 1918377 43204644 d 310697 22785828 f 500511 500385 iot 3050450 1706046 th 61440 61440 43080 pt 9550 inp 0 0 165797.609
01-11 16:54:31.405  3757  4966 E Watchdog: !@Sync 5524 [11_Jan_16_54_31.403]
01-11 16:54:32.541  3757  4354 D SamsungAlarmManager: Expired : 8
01-11 16:54:32.542  3757  4354 I SamsungAlarmManager: setLocked to kernel - T:3 / 20190111T165449, SetElapsed=444330371, nowELAPSED=444313039
01-11 16:54:32.543  3757  4354 V SamsungAlarmManager: Sending to uid : 10059 action=null alarm=Alarm{32051fa type 3 when 444313038 com.asurion.android.verizon.vms}
01-11 16:54:32.555  3757  4354 D CompatibilityInfo: mCompatibilityFlags - 0
01-11 16:54:32.556  3757  4354 D CompatibilityInfo: applicationDensity - 420
01-11 16:54:32.556  3757  4354 D CompatibilityInfo: applicationScale - 1.0
01-11 16:54:32.585  3757 29842 D SamsungAlarmManager: setExact Intent (T:3/F:5/AC:false) 20190111T165437 - CU:10059/CP:15240
01-11 16:54:32.586  3757 29842 I SamsungAlarmManager: setLocked to kernel - T:3 / 20190111T165437, SetElapsed=444318069, nowELAPSED=444313083
01-11 16:54:32.916  4616  4823 D NetworkController.MobileSignalController(0/1): onSignalStrengthsChanged signalStrength=SignalStrength: 99 99 -120 -160 -120 -1 -1 14 -120 -16 -30 2147483647 2147483647 0x1000 gsm|lte level=1
01-11 16:54:32.916  4616  4823 D NetworkController.MobileSignalController(0/1): getMobileIconGroup(): 13
01-11 16:54:32.917  4616  4823 D NetworkController.MobileSignalController(0/1): updateVZWMobileIconGroup(): 13
01-11 16:54:32.920  5035  5670 D EPDG -- [SMARTWIFI]: onSignalStrengthsChanged: Received signal strength change, phone type is: 2
01-11 16:54:32.920  5035  6446 D EPDG -- [SMARTWIFI]: lastLteRSRP is -120currentLteRSRP is -120
01-11 16:54:32.920  5035  6446 D EPDG -- [SMARTWIFI]: lastLteRSRQ is -15currentLteRSRQ is -16
01-11 16:54:32.920  5035  6446 D EPDG -- [SMARTWIFI]: lastCdmaDb is -16currentCdmaDb is -16
01-11 16:54:32.920  5035  6446 V EPDG -- [SMARTWIFI]: Radio oldest entry removed
01-11 16:54:32.921  5035  6446 V EPDG -- [SMARTWIFI]: New entry : (SignalStrength: 99 99 -120 -160 -120 -1 -1 14 -120 -16 -30 2147483647 2147483647 0x1000 gsm|lte : 0 )
01-11 16:54:32.921  5035  6446 V EPDG -- [SMARTWIFI]: Radio entry added
01-11 16:54:32.927  4616  4823 D NetworkController.MobileSignalController(0/1): callState:0, callStateByPhone:false voLTECall:false voiceNetTpe:13 dataNetType:13, ine911:false, emergencyCallbackMode:false
01-11 16:54:32.930 11131 11223 D ClClient: Not sending keepalive.  Current connection state=STOPPED
01-11 16:54:33.559  3757  4458 D WifiStateMachine: Current network is: "wilkinson2.4" , ID is: 30
01-11 16:54:33.559  3757  4458 I WifiStateMachine: IMS calling, current network is always qualified
01-11 16:54:34.102  4616  4823 D NetworkController.MobileSignalController(0/1): onSignalStrengthsChanged signalStrength=SignalStrength: 99 99 -120 -160 -120 -1 -1 16 -120 -16 -28 2147483647 2147483647 0x1000 gsm|lte level=1
01-11 16:54:34.103  4616  4823 D NetworkController.MobileSignalController(0/1): getMobileIconGroup(): 13
01-11 16:54:34.103  4616  4823 D NetworkController.MobileSignalController(0/1): updateVZWMobileIconGroup(): 13
01-11 16:54:34.119  5035  5670 D EPDG -- [SMARTWIFI]: onSignalStrengthsChanged: Received signal strength change, phone type is: 2
01-11 16:54:34.120  5035  6446 D EPDG -- [SMARTWIFI]: lastLteRSRP is -120currentLteRSRP is -120
01-11 16:54:34.120  5035  6446 D EPDG -- [SMARTWIFI]: lastLteRSRQ is -16currentLteRSRQ is -16
01-11 16:54:34.120  5035  6446 D EPDG -- [SMARTWIFI]: lastCdmaDb is -16currentCdmaDb is -16
01-11 16:54:34.120  5035  6446 V EPDG -- [SMARTWIFI]: Radio oldest entry removed
01-11 16:54:34.121  5035  6446 V EPDG -- [SMARTWIFI]: New entry : (SignalStrength: 99 99 -120 -160 -120 -1 -1 16 -120 -16 -28 2147483647 2147483647 0x1000 gsm|lte : 0 )
01-11 16:54:34.121  5035  6446 V EPDG -- [SMARTWIFI]: Radio entry added
01-11 16:54:34.124  4616  4823 D NetworkController.MobileSignalController(0/1): callState:0, callStateByPhone:false voLTECall:false voiceNetTpe:13 dataNetType:13, ine911:false, emergencyCallbackMode:false
01-11 16:54:34.211  3757  7206 D BatteryService: !@BatteryListener : batteryPropertiesChanged!
01-11 16:54:34.212  3757  7206 D BatteryService: level:49, scale:100, status:2, health:2, present:true, voltage: 3923, temperature: 298, technology: Li-ion, AC powered:false, USB powered:true, POGO powered:false, Wireless powered:false, icon:17303694, invalid charger:0, maxChargingCurrent:0, maxChargingVoltage:0, chargeCounter:0
01-11 16:54:34.212  3757  7206 D BatteryService: online:6, current avg:485, charge type:1, power sharing:false, high voltage charger:false, capacity:280000, batterySWSelfDischarging:false, misc_event:0, current_now:442
01-11 16:54:34.212  3757  3757 D BatteryService: Sending ACTION_BATTERY_CHANGED.
01-11 16:54:34.218  3757  3757 V UiModeManager: updateLocked: null action, mDockState=0, category=null
01-11 16:54:34.219  3757  3757 D UiModeManager: updateConfigurationLocked: mDockState=0; mCarMode=false; mNightMode=1; uiMode=17
01-11 16:54:34.224  3757  3757 D GameManagerService: new battery level: 49
01-11 16:54:34.231  4616  4616 D KeyguardUpdateMonitor: received broadcast android.intent.action.BATTERY_CHANGED
01-11 16:54:34.231  4616  4616 D KeyguardUpdateMonitor: handleBatteryUpdate
01-11 16:54:34.239  4616  4616 D PowerUI : priorPlugType = 2 mPlugType =  2
01-11 16:54:34.241  4616  4616 D PowerUI.Notification: showChargingNotice oldChargingType : 1 currentChargingType : 1 oldChargingTime : 6353000 mChargingTime : 6342000
01-11 16:54:34.241  4616  4616 D PowerUI.Notification: showChargingNotification()
01-11 16:54:34.247  5024  5024 D PhoneApp: PhoneAppBroadcastReceiver onReceive android.intent.action.BATTERY_CHANGED
01-11 16:54:34.247  5024  5024 D TelephonyExtensionManager: lowBatterySound - isLowBatterySoundScheduled: false
01-11 16:54:34.247  5024  5024 D TelephonyExtensionManager: lowBatterySound - isPlayNow: false
01-11 16:54:34.249  5024  5024 D TelephonyExtensionManager: isSpeakerON - true
01-11 16:54:34.266  5024  5024 D TelephonyExtensionManager: lowBatterySound - batteryStatus: 2
01-11 16:54:34.266  5024  5024 D TelephonyExtensionManager: lowBatterySound - batteryLevel: 49
01-11 16:54:34.266  5024  5024 D TelephonyExtensionManager: lowBatterySound - cancel
01-11 16:54:34.267  3757 32085 D SamsungAlarmManager: Cancel Alarm calling from uid:1001 pid :5024 / op:PendingIntent{1a21a08: PendingIntentRecord{a39a255 com.android.phone broadcastIntent}}
01-11 16:54:34.267  3757  7203 D ApplicationPolicy: isStatusBarNotificationAllowedAsUser: packageName = com.android.systemui,userId = -1
01-11 16:54:34.267  5024  5024 D TelephonyExtension: Not stopping low battery tone
01-11 16:54:34.275  4616  4616 D BatteryMeterDrawable: isSomethingChanged - false
01-11 16:54:34.275  4616  4616 D BatteryMeterDrawable: isSomethingChanged - false
01-11 16:54:34.279  4616  4616 D Tile.FlashlightTile: ACTION_BATTERY_CHANGED - Level :: 49, emEnabled :: false
01-11 16:54:34.343  4616  4616 D KeyguardServiceBoxContainer: updateCMAS() hasCmasNotification = false, mHasCMAS = false
01-11 16:54:35.971  5689  5689 D io_stats: !@   8,0 r 1916089 58320836 w 1918397 43204768 d 310697 22785828 f 500540 500414 iot 3050560 1706054 th 61440 61440 43080 pt 9550 inp 0 0 165802.612
01-11 16:54:36.570  3757  4458 D WifiStateMachine: Current network is: "wilkinson2.4" , ID is: 30
01-11 16:54:36.571  3757  4458 I WifiStateMachine: IMS calling, current network is always qualified
01-11 16:54:37.135  3757  9599 D SSRM:t  : SIOP:: AP = 430, PST = 364 (W:10), CP = 266, CUR = 653, LCD = 119
01-11 16:54:37.141  3757  9599 D ConnectivityService: filterNetworkStateForUid() uid: 1000 networkInfo: [type: WIFI[] - WIFI, state: CONNECTED/CONNECTED, reason: (unspecified), extra: "wilkinson2.4", failover: false, available: true, roaming: false, metered: false]
01-11 16:54:37.572  3757  4354 D SamsungAlarmManager: Expired : 8
01-11 16:54:37.572  3757  4354 I SamsungAlarmManager: setLocked to kernel - T:3 / 20190111T165449, SetElapsed=444330371, nowELAPSED=444318069
01-11 16:54:37.573  3757  4354 V SamsungAlarmManager: Sending to uid : 10059 action=null alarm=Alarm{23b5a1 type 3 when 444318069 com.asurion.android.verizon.vms}
01-11 16:54:37.584  3757  4354 D CompatibilityInfo: mCompatibilityFlags - 0
01-11 16:54:37.584  3757  4354 D CompatibilityInfo: applicationDensity - 420
01-11 16:54:37.584  3757  4354 D CompatibilityInfo: applicationScale - 1.0
01-11 16:54:37.615  3757 29839 D SamsungAlarmManager: setExact Intent (T:3/F:5/AC:false) 20190111T165442 - CU:10059/CP:15240
01-11 16:54:37.615  3757 29839 I SamsungAlarmManager: setLocked to kernel - T:3 / 20190111T165442, SetElapsed=444323097, nowELAPSED=444318112
01-11 16:54:37.752 26102 26132 D UE4     : Used memory: 221580
01-11 16:54:39.589  3757  4458 D WifiStateMachine: Current network is: "wilkinson2.4" , ID is: 30
01-11 16:54:39.589  3757  4458 I WifiStateMachine: IMS calling, current network is always qualified
01-11 16:54:40.974  5689  5689 D io_stats: !@   8,0 r 1916089 58320836 w 1918400 43204792 d 310697 22785828 f 500565 500439 iot 3050630 1706057 th 61440 61440 43080 pt 9550 inp 0 0 165807.615
01-11 16:54:42.600  3757  4354 D SamsungAlarmManager: Expired : 8
01-11 16:54:42.601  3757  4354 I SamsungAlarmManager: setLocked to kernel - T:3 / 20190111T165449, SetElapsed=444330371, nowELAPSED=444323098
01-11 16:54:42.601  3757  4354 V SamsungAlarmManager: Sending to uid : 10059 action=null alarm=Alarm{fa66f87 type 3 when 444323097 com.asurion.android.verizon.vms}
01-11 16:54:42.611  3757  4458 D WifiStateMachine: Current network is: "wilkinson2.4" , ID is: 30
01-11 16:54:42.611  3757  4458 I WifiStateMachine: IMS calling, current network is always qualified
01-11 16:54:42.625  3757  4354 I ActivityManager: Killing 24575:com.samsung.android.calendar/u0a285 (adj 906): DHA:empty #31
01-11 16:54:42.629  3757  4354 D CompatibilityInfo: mCompatibilityFlags - 0
01-11 16:54:42.629  3757  4354 D CompatibilityInfo: applicationDensity - 420
01-11 16:54:42.629  3757  4354 D CompatibilityInfo: applicationScale - 1.0
01-11 16:54:42.661  3757 29838 D ActivityManager: cleanUpApplicationRecord -- 24575
01-11 16:54:42.663  6011  6027 D ForegroundUtils: could not check pending caller
01-11 16:54:42.681  3757  7202 D SamsungAlarmManager: setExact Intent (T:3/F:5/AC:false) 20190111T165447 - CU:10059/CP:15240
01-11 16:54:42.681  3757  7202 I SamsungAlarmManager: setLocked to kernel - T:3 / 20190111T165447, SetElapsed=444328169, nowELAPSED=444323178
01-11 16:54:42.930 11131 11223 D ClClient: Not sending keepalive.  Current connection state=STOPPED
01-11 16:54:44.267  3757 29842 D BatteryService: !@BatteryListener : batteryPropertiesChanged!
01-11 16:54:44.268  3757 29842 D BatteryService: level:49, scale:100, status:2, health:2, present:true, voltage: 3896, temperature: 299, technology: Li-ion, AC powered:false, USB powered:true, POGO powered:false, Wireless powered:false, icon:17303694, invalid charger:0, maxChargingCurrent:0, maxChargingVoltage:0, chargeCounter:0
01-11 16:54:44.268  3757 29842 D BatteryService: online:6, current avg:467, charge type:1, power sharing:false, high voltage charger:false, capacity:280000, batterySWSelfDischarging:false, misc_event:0, current_now:256
01-11 16:54:44.268  3757  3757 D BatteryService: Sending ACTION_BATTERY_CHANGED.
01-11 16:54:44.282  3757  3757 V UiModeManager: updateLocked: null action, mDockState=0, category=null
01-11 16:54:44.282  3757  3757 D UiModeManager: updateConfigurationLocked: mDockState=0; mCarMode=false; mNightMode=1; uiMode=17
01-11 16:54:44.284  3757  3757 D GameManagerService: new battery level: 49
01-11 16:54:44.287  4616  4616 D KeyguardUpdateMonitor: received broadcast android.intent.action.BATTERY_CHANGED
01-11 16:54:44.288  4616  4616 D KeyguardUpdateMonitor: handleBatteryUpdate
01-11 16:54:44.291  4616  4616 D PowerUI : priorPlugType = 2 mPlugType =  2
01-11 16:54:44.292  4616  4616 D PowerUI.Notification: showChargingNotice oldChargingType : 1 currentChargingType : 1 oldChargingTime : 6342000 mChargingTime : 6342000
01-11 16:54:44.292  4616  4616 D PowerUI.Notification: There is no change about charging status, so return!
01-11 16:54:44.296  4616  4616 D BatteryMeterDrawable: isSomethingChanged - false
01-11 16:54:44.297  4616  4616 D BatteryMeterDrawable: isSomethingChanged - false
01-11 16:54:44.299  5024  5024 D PhoneApp: PhoneAppBroadcastReceiver onReceive android.intent.action.BATTERY_CHANGED
01-11 16:54:44.299  5024  5024 D TelephonyExtensionManager: lowBatterySound - isLowBatterySoundScheduled: false
01-11 16:54:44.299  5024  5024 D TelephonyExtensionManager: lowBatterySound - isPlayNow: false
01-11 16:54:44.301  5024  5024 D TelephonyExtensionManager: isSpeakerON - true
01-11 16:54:44.304  4616  4616 D Tile.FlashlightTile: ACTION_BATTERY_CHANGED - Level :: 49, emEnabled :: false
01-11 16:54:44.316 26102 26102 D UE4     : Battery: status = 2, rawlevel = 49, scale = 100
01-11 16:54:44.317 26102 26102 D UE4     : nativeBatteryEvent(stat = 2, lvl = 49  temp = 29.90 C)
01-11 16:54:44.323  5024  5024 D TelephonyExtensionManager: lowBatterySound - batteryStatus: 2
01-11 16:54:44.324  5024  5024 D TelephonyExtensionManager: lowBatterySound - batteryLevel: 49
01-11 16:54:44.324  5024  5024 D TelephonyExtensionManager: lowBatterySound - cancel
01-11 16:54:44.324  3757 32083 D SamsungAlarmManager: Cancel Alarm calling from uid:1001 pid :5024 / op:PendingIntent{fa50add: PendingIntentRecord{a39a255 com.android.phone broadcastIntent}}
01-11 16:54:44.325  5024  5024 D TelephonyExtension: Not stopping low battery tone
01-11 16:54:44.435  4616  4823 D NetworkController.MobileSignalController(0/1): onSignalStrengthsChanged signalStrength=SignalStrength: 99 99 -120 -160 -120 -1 -1 14 -121 -16 -40 2147483647 2147483647 0x1000 gsm|lte level=1
01-11 16:54:44.435  4616  4823 D NetworkController.MobileSignalController(0/1): getMobileIconGroup(): 13
01-11 16:54:44.435  4616  4823 D NetworkController.MobileSignalController(0/1): updateVZWMobileIconGroup(): 13
01-11 16:54:44.443  5035  5670 D EPDG -- [SMARTWIFI]: onSignalStrengthsChanged: Received signal strength change, phone type is: 2
01-11 16:54:44.444  5035  6446 D EPDG -- [SMARTWIFI]: lastLteRSRP is -120currentLteRSRP is -121
01-11 16:54:44.444  5035  6446 D EPDG -- [SMARTWIFI]: lastLteRSRQ is -16currentLteRSRQ is -16
01-11 16:54:44.444  5035  6446 D EPDG -- [SMARTWIFI]: lastCdmaDb is -16currentCdmaDb is -16
01-11 16:54:44.444  5035  6446 V EPDG -- [SMARTWIFI]: Radio oldest entry removed
01-11 16:54:44.444  5035  6446 V EPDG -- [SMARTWIFI]: New entry : (SignalStrength: 99 99 -120 -160 -120 -1 -1 14 -121 -16 -40 2147483647 2147483647 0x1000 gsm|lte : 0 )
01-11 16:54:44.444  4616  4823 D NetworkController.MobileSignalController(0/1): callState:0, callStateByPhone:false voLTECall:false voiceNetTpe:13 dataNetType:13, ine911:false, emergencyCallbackMode:false
01-11 16:54:44.444  5035  6446 V EPDG -- [SMARTWIFI]: Radio entry added
01-11 16:54:45.627  3757  4458 D WifiStateMachine: Current network is: "wilkinson2.4" , ID is: 30
01-11 16:54:45.628  3757  4458 I WifiStateMachine: IMS calling, current network is always qualified
01-11 16:54:45.967 25807 25807 W sbx     : Failed to find local clusters.
01-11 16:54:45.980  5689  5689 D io_stats: !@   8,0 r 1916089 58320836 w 1918401 43204800 d 310697 22785828 f 500589 500463 iot 3050710 1706061 th 61440 61440 43080 pt 9550 inp 0 0 165812.621
01-11 16:54:45.983 25807 25807 W sbx     : Failed to find local clusters.
01-11 16:54:45.984 25807 25807 W sbx     : Failed to find local clusters.
01-11 16:54:46.224  3757  4473 D ConnectivityService: filterNetworkStateForUid() uid: 10130 networkInfo: [type: WIFI[] - WIFI, state: CONNECTED/CONNECTED, reason: (unspecified), extra: "wilkinson2.4", failover: false, available: true, roaming: false, metered: false]
01-11 16:54:46.235 25807 26369 E woz     : Job(ItemMessageAttachmentsCacheEvictorJob#2.27) Enqueued job 'ItemMessageAttachmentsCacheEvictorJob' failed
01-11 16:54:46.235 25807 26369 E woz     : java.lang.IllegalArgumentException: Attachment cache cannot be null.
01-11 16:54:46.235 25807 26369 E woz     : 	at ovk.a(Unknown Source)
01-11 16:54:46.235 25807 26369 E woz     : 	at owy.a(Unknown Source)
01-11 16:54:46.235 25807 26369 E woz     : 	at xog.a(SourceFile:2)
01-11 16:54:46.235 25807 26369 E woz     : 	at wol.b(SourceFile:2)
01-11 16:54:46.235 25807 26369 E woz     : 	at wom.a(Unknown Source)
01-11 16:54:46.235 25807 26369 E woz     : 	at xog.a(SourceFile:2)
01-11 16:54:46.235 25807 26369 E woz     : 	at xnn.run(SourceFile:1)
01-11 16:54:46.235 25807 26369 E woz     : 	at wfo.run(Unknown Source)
01-11 16:54:46.235 25807 26369 E woz     : 	at java.util.concurrent.Executors$RunnableAdapter.call(Executors.java:428)
01-11 16:54:46.235 25807 26369 E woz     : 	at java.util.concurrent.FutureTask.run(FutureTask.java:237)
01-11 16:54:46.235 25807 26369 E woz     : 	at java.util.concurrent.ScheduledThreadPoolExecutor$ScheduledFutureTask.run(ScheduledThreadPoolExecutor.java:272)
01-11 16:54:46.235 25807 26369 E woz     : 	at java.util.concurrent.ThreadPoolExecutor.runWorker(ThreadPoolExecutor.java:1133)
01-11 16:54:46.235 25807 26369 E woz     : 	at java.util.concurrent.ThreadPoolExecutor$Worker.run(ThreadPoolExecutor.java:607)
01-11 16:54:46.235 25807 26369 E woz     : 	at java.lang.Thread.run(Thread.java:762)
01-11 16:54:46.236  3757 29842 D ConnectivityService: filterNetworkStateForUid() uid: 10130 networkInfo: [type: WIFI[] - WIFI, state: CONNECTED/CONNECTED, reason: (unspecified), extra: "wilkinson2.4", failover: false, available: true, roaming: false, metered: false]
01-11 16:54:46.256  3252  3746 D EnterpriseController: netId is 0
01-11 16:54:46.257  3252  3746 D Netd    : getNetworkForDns: using netid 555 for uid 10130
01-11 16:54:46.257  3252  3746 D DnsProxyListener: DNSDBG::dns addrinfo af 0
01-11 16:54:46.258  3252  3746 D EnterpriseController: netId is 0
01-11 16:54:46.258  3252  3746 D Netd    : getNetworkForDns: using netid 555 for uid 10130
01-11 16:54:46.258  3252  3746 D DnsProxyListener: DNSDBG::dns addrinfo af 0
01-11 16:54:46.313 25807 26373 E woz     : Job(ItemMessageAttachmentsCacheEvictorJob#1.22) Enqueued job 'ItemMessageAttachmentsCacheEvictorJob' failed
01-11 16:54:46.313 25807 26373 E woz     : java.lang.IllegalArgumentException: Attachment cache cannot be null.
01-11 16:54:46.313 25807 26373 E woz     : 	at ovk.a(Unknown Source)
01-11 16:54:46.313 25807 26373 E woz     : 	at owy.a(Unknown Source)
01-11 16:54:46.313 25807 26373 E woz     : 	at xog.a(SourceFile:2)
01-11 16:54:46.313 25807 26373 E woz     : 	at wol.b(SourceFile:2)
01-11 16:54:46.313 25807 26373 E woz     : 	at wom.a(Unknown Source)
01-11 16:54:46.313 25807 26373 E woz     : 	at xog.a(SourceFile:2)
01-11 16:54:46.313 25807 26373 E woz     : 	at xnn.run(SourceFile:1)
01-11 16:54:46.313 25807 26373 E woz     : 	at wfo.run(Unknown Source)
01-11 16:54:46.313 25807 26373 E woz     : 	at java.util.concurrent.Executors$RunnableAdapter.call(Executors.java:428)
01-11 16:54:46.313 25807 26373 E woz     : 	at java.util.concurrent.FutureTask.run(FutureTask.java:237)
01-11 16:54:46.313 25807 26373 E woz     : 	at java.util.concurrent.ScheduledThreadPoolExecutor$ScheduledFutureTask.run(ScheduledThreadPoolExecutor.java:272)
01-11 16:54:46.313 25807 26373 E woz     : 	at java.util.concurrent.ThreadPoolExecutor.runWorker(ThreadPoolExecutor.java:1133)
01-11 16:54:46.313 25807 26373 E woz     : 	at java.util.concurrent.ThreadPoolExecutor$Worker.run(ThreadPoolExecutor.java:607)
01-11 16:54:46.313 25807 26373 E woz     : 	at java.lang.Thread.run(Thread.java:762)
01-11 16:54:46.320 25807 26376 E woz     : Job(ItemMessageAttachmentsCacheEvictorJob#0.26) Enqueued job 'ItemMessageAttachmentsCacheEvictorJob' failed
01-11 16:54:46.320 25807 26376 E woz     : java.lang.IllegalArgumentException: Attachment cache cannot be null.
01-11 16:54:46.320 25807 26376 E woz     : 	at ovk.a(Unknown Source)
01-11 16:54:46.320 25807 26376 E woz     : 	at owy.a(Unknown Source)
01-11 16:54:46.320 25807 26376 E woz     : 	at xog.a(SourceFile:2)
01-11 16:54:46.320 25807 26376 E woz     : 	at wol.b(SourceFile:2)
01-11 16:54:46.320 25807 26376 E woz     : 	at wom.a(Unknown Source)
01-11 16:54:46.320 25807 26376 E woz     : 	at xog.a(SourceFile:2)
01-11 16:54:46.320 25807 26376 E woz     : 	at xnn.run(SourceFile:1)
01-11 16:54:46.320 25807 26376 E woz     : 	at wfo.run(Unknown Source)
01-11 16:54:46.320 25807 26376 E woz     : 	at java.util.concurrent.Executors$RunnableAdapter.call(Executors.java:428)
01-11 16:54:46.320 25807 26376 E woz     : 	at java.util.concurrent.FutureTask.run(FutureTask.java:237)
01-11 16:54:46.320 25807 26376 E woz     : 	at java.util.concurrent.ScheduledThreadPoolExecutor$ScheduledFutureTask.run(ScheduledThreadPoolExecutor.java:272)
01-11 16:54:46.320 25807 26376 E woz     : 	at java.util.concurrent.ThreadPoolExecutor.runWorker(ThreadPoolExecutor.java:1133)
01-11 16:54:46.320 25807 26376 E woz     : 	at java.util.concurrent.ThreadPoolExecutor$Worker.run(ThreadPoolExecutor.java:607)
01-11 16:54:46.320 25807 26376 E woz     : 	at java.lang.Thread.run(Thread.java:762)
01-11 16:54:46.342  3757  5062 D ConnectivityService: filterNetworkStateForUid() uid: 10130 networkInfo: [type: WIFI[] - WIFI, state: CONNECTED/CONNECTED, reason: (unspecified), extra: "wilkinson2.4", failover: false, available: true, roaming: false, metered: false]
01-11 16:54:46.522  3757  3774 D CompatibilityInfo: mCompatibilityFlags - 0
01-11 16:54:46.522  3757  3774 D CompatibilityInfo: applicationDensity - 420
01-11 16:54:46.522  3757  3774 D CompatibilityInfo: applicationScale - 1.0
01-11 16:54:46.540  3757  2859 D CompatibilityInfo: mCompatibilityFlags - 0
01-11 16:54:46.540  3757  2859 D CompatibilityInfo: applicationDensity - 420
01-11 16:54:46.540  3757  2859 D CompatibilityInfo: applicationScale - 1.0
01-11 16:54:46.553  3757  3771 D CompatibilityInfo: mCompatibilityFlags - 0
01-11 16:54:46.554  3757  3771 D CompatibilityInfo: applicationDensity - 420
01-11 16:54:46.554  3757  3771 D CompatibilityInfo: applicationScale - 1.0
01-11 16:54:46.570  3757 31269 D CompatibilityInfo: mCompatibilityFlags - 0
01-11 16:54:46.570  3757 31269 D CompatibilityInfo: applicationDensity - 420
01-11 16:54:46.571  3757 31269 D CompatibilityInfo: applicationScale - 1.0
01-11 16:54:46.588  3757  4482 D CompatibilityInfo: mCompatibilityFlags - 0
01-11 16:54:46.588  3757  4482 D CompatibilityInfo: applicationDensity - 420
01-11 16:54:46.588  3757  4482 D CompatibilityInfo: applicationScale - 1.0
01-11 16:54:46.601 26905 26905 I DMT-DropBoxReceiver: Received : android.intent.action.DROPBOX_ENTRY_ADDED
01-11 16:54:46.612  3757 29841 D CompatibilityInfo: mCompatibilityFlags - 0
01-11 16:54:46.613  3757 29841 D CompatibilityInfo: applicationDensity - 420
01-11 16:54:46.613  3757 29841 D CompatibilityInfo: applicationScale - 1.0
01-11 16:54:46.636  3757  7205 D ConnectivityService: filterNetworkStateForUid() uid: 10130 networkInfo: [type: WIFI[] - WIFI, state: CONNECTED/CONNECTED, reason: (unspecified), extra: "wilkinson2.4", failover: false, available: true, roaming: false, metered: false]
01-11 16:54:46.650  3757  5062 D CompatibilityInfo: mCompatibilityFlags - 0
01-11 16:54:46.650  3757  5062 D CompatibilityInfo: applicationDensity - 420
01-11 16:54:46.650  3757  5062 D CompatibilityInfo: applicationScale - 1.0
01-11 16:54:46.670  3757  4482 D CompatibilityInfo: mCompatibilityFlags - 0
01-11 16:54:46.670  3757  4482 D CompatibilityInfo: applicationDensity - 420
01-11 16:54:46.670  3757  4482 D CompatibilityInfo: applicationScale - 1.0
01-11 16:54:46.742  3757  3770 D ConnectivityService: filterNetworkStateForUid() uid: 10130 networkInfo: [type: WIFI[] - WIFI, state: CONNECTED/CONNECTED, reason: (unspecified), extra: "wilkinson2.4", failover: false, available: true, roaming: false, metered: false]
01-11 16:54:46.790  3757 10496 D ConnectivityService: filterNetworkStateForUid() uid: 10130 networkInfo: [type: WIFI[] - WIFI, state: CONNECTED/CONNECTED, reason: (unspecified), extra: "wilkinson2.4", failover: false, available: true, roaming: false, metered: false]
01-11 16:54:46.847  3757  7216 D ConnectivityService: filterNetworkStateForUid() uid: 10014 networkInfo: [type: WIFI[] - WIFI, state: CONNECTED/CONNECTED, reason: (unspecified), extra: "wilkinson2.4", failover: false, available: true, roaming: false, metered: false]
01-11 16:54:47.003  4616  4823 D NetworkController.MobileSignalController(0/1): onSignalStrengthsChanged signalStrength=SignalStrength: 99 99 -120 -160 -120 -1 -1 15 -121 -16 -33 2147483647 2147483647 0x1000 gsm|lte level=1
01-11 16:54:47.006  4616  4823 D NetworkController.MobileSignalController(0/1): getMobileIconGroup(): 13
01-11 16:54:47.006  4616  4823 D NetworkController.MobileSignalController(0/1): updateVZWMobileIconGroup(): 13
01-11 16:54:47.007  5035  5670 D EPDG -- [SMARTWIFI]: onSignalStrengthsChanged: Received signal strength change, phone type is: 2
01-11 16:54:47.007  5035  6446 D EPDG -- [SMARTWIFI]: lastLteRSRP is -121currentLteRSRP is -121
01-11 16:54:47.007  5035  6446 D EPDG -- [SMARTWIFI]: lastLteRSRQ is -16currentLteRSRQ is -16
01-11 16:54:47.007  5035  6446 D EPDG -- [SMARTWIFI]: lastCdmaDb is -16currentCdmaDb is -16
01-11 16:54:47.008  5035  6446 V EPDG -- [SMARTWIFI]: Radio oldest entry removed
01-11 16:54:47.008  5035  6446 V EPDG -- [SMARTWIFI]: New entry : (SignalStrength: 99 99 -120 -160 -120 -1 -1 15 -121 -16 -33 2147483647 2147483647 0x1000 gsm|lte : 0 )
01-11 16:54:47.008  5035  6446 V EPDG -- [SMARTWIFI]: Radio entry added
01-11 16:54:47.018 25807 25807 W sbx     : Failed to find local clusters.
01-11 16:54:47.034  4616  4823 D NetworkController.MobileSignalController(0/1): callState:0, callStateByPhone:false voLTECall:false voiceNetTpe:13 dataNetType:13, ine911:false, emergencyCallbackMode:false
01-11 16:54:47.128  5918  5932 I art     : Background sticky concurrent mark sweep GC freed 158854(9MB) AllocSpace objects, 35(2MB) LOS objects, 37% free, 19MB/31MB, paused 2.576ms total 233.030ms
01-11 16:54:47.173  3757  9599 D SSRM:t  : SIOP:: AP = 440, PST = 375 (W:10), CP = 268, CUR = 705, LCD = 119
01-11 16:54:47.174  3757  9599 D ConnectivityService: filterNetworkStateForUid() uid: 1000 networkInfo: [type: WIFI[] - WIFI, state: CONNECTED/CONNECTED, reason: (unspecified), extra: "wilkinson2.4", failover: false, available: true, roaming: false, metered: false]
01-11 16:54:47.175  3757  7202 D ConnectivityService: filterNetworkStateForUid() uid: 10130 networkInfo: [type: WIFI[] - WIFI, state: CONNECTED/CONNECTED, reason: (unspecified), extra: "wilkinson2.4", failover: false, available: true, roaming: false, metered: false]
01-11 16:54:47.271 25807 26405 E woz     : Job(ItemMessageAttachmentsCacheEvictorJob#3.22) Enqueued job 'ItemMessageAttachmentsCacheEvictorJob' failed
01-11 16:54:47.271 25807 26405 E woz     : java.lang.IllegalArgumentException: Attachment cache cannot be null.
01-11 16:54:47.271 25807 26405 E woz     : 	at ovk.a(Unknown Source)
01-11 16:54:47.271 25807 26405 E woz     : 	at owy.a(Unknown Source)
01-11 16:54:47.271 25807 26405 E woz     : 	at xog.a(SourceFile:2)
01-11 16:54:47.271 25807 26405 E woz     : 	at wol.b(SourceFile:2)
01-11 16:54:47.271 25807 26405 E woz     : 	at wom.a(Unknown Source)
01-11 16:54:47.271 25807 26405 E woz     : 	at xog.a(SourceFile:2)
01-11 16:54:47.271 25807 26405 E woz     : 	at xnn.run(SourceFile:1)
01-11 16:54:47.271 25807 26405 E woz     : 	at wfo.run(Unknown Source)
01-11 16:54:47.271 25807 26405 E woz     : 	at java.util.concurrent.Executors$RunnableAdapter.call(Executors.java:428)
01-11 16:54:47.271 25807 26405 E woz     : 	at java.util.concurrent.FutureTask.run(FutureTask.java:237)
