01-11 19:30:21.181  3757  3757 D SamsungAlarmManager: Cancel Alarm calling from uid:1000 pid :3757 / op:PendingIntent{150451e: PendingIntentRecord{33bba74 android broadcastIntent}}
01-11 19:30:21.181 20514 20534 D UE4     : [2019.01.12-00.30.21:181][  0]LogAssetRegistry: FAssetRegistry took 0.0848 seconds to start up
01-11 19:30:21.194  3757  3757 D SamsungAlarmManager: setExact Intent (T:1/F:9/AC:false) 19691231T191000 - CU:1000/CP:3757
01-11 19:30:21.194  3757  3757 I SamsungAlarmManager: setLocked to kernel - T:3 / 20190111T193022, SetElapsed=453661509, nowELAPSED=453660522
01-11 19:30:21.397  3757  7216 D ConnectivityService: filterNetworkStateForUid() uid: 10014 networkInfo: [type: WIFI[] - WIFI, state: CONNECTED/CONNECTED, reason: (unspecified), extra: "wilkinson2.4", failover: false, available: true, roaming: false, metered: false]
01-11 19:30:21.695 20514 20534 D UE4     : [2019.01.12-00.30.21:695][  0]LogStreaming: Display: Flushing async loaders.
01-11 19:30:21.778 20514 20534 D UE4     : [2019.01.12-00.30.21:778][  0]LogPackageLocalizationCache: Processed 10 localized package path(s) for 1 prioritized culture(s) in 0.082137 seconds
01-11 19:30:21.875 20514 20534 D UE4     : [2019.01.12-00.30.21:875][  0]LogNetVersion: StackerGame 1.0.0, NetCL: 4541578, EngineNetVer: 5, GameNetVer: 0 (Checksum: 1419414380)
01-11 19:30:21.887  4616  4823 D NetworkController.MobileSignalController(0/1): onSignalStrengthsChanged signalStrength=SignalStrength: 99 99 -120 -160 -120 -1 -1 15 -120 -16 -35 2147483647 2147483647 0x1000 gsm|lte level=1
01-11 19:30:21.888  4616  4823 D NetworkController.MobileSignalController(0/1): getMobileIconGroup(): 13
01-11 19:30:21.888  4616  4823 D NetworkController.MobileSignalController(0/1): updateVZWMobileIconGroup(): 13
01-11 19:30:21.896  5035  5670 D EPDG -- [SMARTWIFI]: onSignalStrengthsChanged: Received signal strength change, phone type is: 2
01-11 19:30:21.897  5035  6446 D EPDG -- [SMARTWIFI]: lastLteRSRP is -120currentLteRSRP is -120
01-11 19:30:21.897  5035  6446 D EPDG -- [SMARTWIFI]: lastLteRSRQ is -16currentLteRSRQ is -16
01-11 19:30:21.897  5035  6446 D EPDG -- [SMARTWIFI]: lastCdmaDb is -16currentCdmaDb is -16
01-11 19:30:21.897  5035  6446 V EPDG -- [SMARTWIFI]: Radio oldest entry removed
01-11 19:30:21.897  5035  6446 V EPDG -- [SMARTWIFI]: New entry : (SignalStrength: 99 99 -120 -160 -120 -1 -1 15 -120 -16 -35 2147483647 2147483647 0x1000 gsm|lte : 0 )
01-11 19:30:21.897  5035  6446 V EPDG -- [SMARTWIFI]: Radio entry added
01-11 19:30:21.899  4616  4823 D NetworkController.MobileSignalController(0/1): callState:0, callStateByPhone:false voLTECall:false voiceNetTpe:13 dataNetType:13, ine911:false, emergencyCallbackMode:false
01-11 19:30:22.093  3757  4532 D WifiWatchdogStateMachine:  [|213] []
01-11 19:30:22.181  3757  4354 D SamsungAlarmManager: Expired : 8
01-11 19:30:22.183  3757  4354 I SamsungAlarmManager: setLocked to kernel - T:3 / 20190111T193025, SetElapsed=453665286, nowELAPSED=453661510
01-11 19:30:22.183  3757  4354 V SamsungAlarmManager: Sending to uid : 1000 action=com.android.server.action.UPDATE_TWILIGHT_STATE alarm=Alarm{770c1ff type 1 when 600000 android}
01-11 19:30:22.192  3757  3757 D SamsungAlarmManager: Cancel Alarm calling from uid:1000 pid :3757 / op:PendingIntent{587bcc: PendingIntentRecord{33bba74 android broadcastIntent}}
01-11 19:30:22.200  3757  3757 D SamsungAlarmManager: setExact Intent (T:1/F:9/AC:false) 19691231T191000 - CU:1000/CP:3757
01-11 19:30:22.200  3757  3757 I SamsungAlarmManager: setLocked to kernel - T:3 / 20190111T193023, SetElapsed=453662520, nowELAPSED=453661528
01-11 19:30:22.249  3757  9599 D TelephonyManager: getAllCellInfo : Caller (PID / UID / TID): 3757 / 1000 / 9599
01-11 19:30:22.289  4616  4823 D NetworkController.MobileSignalController(0/1): onSignalStrengthsChanged signalStrength=SignalStrength: 99 99 -120 -160 -120 -1 -1 14 -120 -16 -3 2147483647 2147483647 0x1000 gsm|lte level=1
01-11 19:30:22.289  4616  4823 D NetworkController.MobileSignalController(0/1): getMobileIconGroup(): 13
01-11 19:30:22.290  4616  4823 D NetworkController.MobileSignalController(0/1): updateVZWMobileIconGroup(): 13
01-11 19:30:22.294  5035  5670 D EPDG -- [SMARTWIFI]: onSignalStrengthsChanged: Received signal strength change, phone type is: 2
01-11 19:30:22.294  5035  6446 D EPDG -- [SMARTWIFI]: lastLteRSRP is -120currentLteRSRP is -120
01-11 19:30:22.294  5035  6446 D EPDG -- [SMARTWIFI]: lastLteRSRQ is -16currentLteRSRQ is -16
01-11 19:30:22.294  5035  6446 D EPDG -- [SMARTWIFI]: lastCdmaDb is -16currentCdmaDb is -16
01-11 19:30:22.294  5035  6446 V EPDG -- [SMARTWIFI]: Radio oldest entry removed
01-11 19:30:22.294  5035  6446 V EPDG -- [SMARTWIFI]: New entry : (SignalStrength: 99 99 -120 -160 -120 -1 -1 14 -120 -16 -3 2147483647 2147483647 0x1000 gsm|lte : 0 )
01-11 19:30:22.294  5035  6446 V EPDG -- [SMARTWIFI]: Radio entry added
01-11 19:30:22.295  4616  4823 D NetworkController.MobileSignalController(0/1): callState:0, callStateByPhone:false voLTECall:false voiceNetTpe:13 dataNetType:13, ine911:false, emergencyCallbackMode:false
01-11 19:30:22.588 20514 20534 I MediaPlayer: Need to enable context aware info
01-11 19:30:22.588 20514 20534 V MediaPlayer-JNI: native_setup
01-11 19:30:22.588 20514 20534 V MediaPlayer: constructor
01-11 19:30:22.593 20514 20534 V MediaPlayer: setListener
01-11 19:30:22.594 20514 20534 D UE4     : [2019.01.12-00.30.22:594][  0]LogMoviePlayer: Initializing movie player
01-11 19:30:22.597 20514 20534 D UE4     : [2019.01.12-00.30.22:597][  0]LogTcpMessaging: Initializing TcpMessaging bridge, listening on 127.0.0.1:6666
01-11 19:30:22.649 20514 20534 D UE4     : [2019.01.12-00.30.22:649][  0]LogUdpMessaging: Initializing bridge on interface 0.0.0.0:0 to multicast group 230.0.0.1:6666.
01-11 19:30:22.662 20514 20534 D UE4     : [2019.01.12-00.30.22:662][  0]LogAndroidPermission: UAndroidPermissionCallbackProxy::GetInstance
01-11 19:30:22.663 20514 20534 D UE4     : [2019.01.12-00.30.22:663][  0]LogOcInput: OculusInput pre-init called
01-11 19:30:22.701 20514 20534 D UE4     : [2019.01.12-00.30.22:701][  0]LogUObjectArray: 35064 objects as part of root set at end of initial load.
01-11 19:30:22.702 20514 20534 D UE4     : [2019.01.12-00.30.22:702][  0]LogUObjectArray: 2 objects are not in the root set, but can never be destroyed because they are in the DisregardForGC set.
01-11 19:30:22.702 20514 20534 D UE4     : [2019.01.12-00.30.22:702][  0]LogUObjectAllocator: 3861440 out of 0 bytes used by permanent object pool.
01-11 19:30:22.702 20514 20534 D UE4     : [2019.01.12-00.30.22:702][  0]LogUObjectArray: CloseDisregardForGC: 35064/35064 objects in disregard for GC pool
01-11 19:30:22.718 20514 20534 D UE4     : [2019.01.12-00.30.22:718][  0]LogAndroid: Display: Passed PreInit()
01-11 19:30:22.720 20514 20534 D UE4     : [2019.01.12-00.30.22:720][  0]LogEngine: Initializing Engine...
01-11 19:30:22.735 20514 20534 D UE4     : [2019.01.12-00.30.22:735][  0]LogStats: UGameplayTagsManager::ConstructGameplayTagTree: ImportINI prefixes -  0.000 s
01-11 19:30:22.735 20514 20534 D UE4     : [2019.01.12-00.30.22:735][  0]LogStats: UGameplayTagsManager::ConstructGameplayTagTree: Construct from data asset -  0.000 s
01-11 19:30:22.736 20514 20534 D UE4     : [2019.01.12-00.30.22:736][  0]LogStats: UGameplayTagsManager::ConstructGameplayTagTree: ImportINI -  0.001 s
01-11 19:30:22.736 20514 20534 D UE4     : [2019.01.12-00.30.22:736][  0]LogStats: UGameplayTagsManager::ConstructGameplayTagTree: GameplayTagTreeChangedEvent.Broadcast -  0.000 s
01-11 19:30:22.841 20514 20534 D UE4     : [2019.01.12-00.30.22:841][  0]LogInit: Initializing FReadOnlyCVARCache
01-11 19:30:22.841 20514 20534 D UE4     : [2019.01.12-00.30.22:841][  0]LogAndroidAudio: Warning: SL Entered Init HW
01-11 19:30:22.841 20514 20534 D UE4     : [2019.01.12-00.30.22:841][  0]LogAndroidAudio: Warning: OpenSLES Initializing HW
01-11 19:30:22.842 20514 20534 D UE4     : [2019.01.12-00.30.22:842][  0]LogAndroidAudio: Warning: OpenSLES Initialized
01-11 19:30:22.842 20514 20534 D UE4     : [2019.01.12-00.30.22:842][  0]LogAndroidAudio: Warning: OpenSLAudioDevice: Allocated 12 sources
01-11 19:30:22.842 20514 20534 D UE4     : [2019.01.12-00.30.22:842][  0]LogInit: FAudioDevice initialized.
01-11 19:30:22.843 20514 20534 D UE4     : [2019.01.12-00.30.22:843][  0]LogAudio: Warning: Can't increase channels past starting number!
01-11 19:30:22.845 20514 20534 D UE4     : [2019.01.12-00.30.22:845][  0]LogNetVersion: Set ProjectVersion to 1.1.0. Version Checksum will be recalculated on next use.
01-11 19:30:22.846 20514 20534 D UE4     : [2019.01.12-00.30.22:846][  0]LogInit: Texture streaming: Enabled
01-11 19:30:22.865 20514 20534 D UE4     : [2019.01.12-00.30.22:864][  0]LogAudio: Warning: Can't increase channels past starting number!
01-11 19:30:22.874 20514 20534 D UE4     : [2019.01.12-00.30.22:874][  0]LogSlate: Updating window title bar state: overlay mode, drag disabled, window buttons hidden, title bar hidden
01-11 19:30:22.875 20514 20534 D UE4     : [2019.01.12-00.30.22:875][  0]LogInit: Display: Game Engine Initialized.
01-11 19:30:22.875 20514 20534 D UE4     : [2019.01.12-00.30.22:875][  0]LogGameplayTags: Display: UGameplayTagsManager::DoneAddingNativeTags. DelegateIsBound: 0
01-11 19:30:22.875 20514 20534 D UE4     : [2019.01.12-00.30.22:875][  0]LogStats: UGameplayTagsManager::ConstructGameplayTagTree: ImportINI prefixes -  0.000 s
01-11 19:30:22.876 20514 20534 D UE4     : [2019.01.12-00.30.22:876][  0]LogStats: UGameplayTagsManager::ConstructGameplayTagTree: Construct from data asset -  0.000 s
01-11 19:30:22.876 20514 20534 D UE4     : [2019.01.12-00.30.22:876][  0]LogStats: UGameplayTagsManager::ConstructGameplayTagTree: ImportINI -  0.000 s
01-11 19:30:22.876 20514 20534 D UE4     : [2019.01.12-00.30.22:876][  0]LogStats: UGameplayTagsManager::ConstructGameplayTagTree: GameplayTagTreeChangedEvent.Broadcast -  0.000 s
01-11 19:30:22.972 20514 20534 D UE4     : [2019.01.12-00.30.22:972][  0]LogInit: Display: Starting Game.
01-11 19:30:22.972 20514 20534 D UE4     : [2019.01.12-00.30.22:972][  0]LogNet: Browse: /Game/Maps/StackMap?Name=Player
01-11 19:30:22.975 20514 20534 D UE4     : [2019.01.12-00.30.22:975][  0]LogLoad: LoadMap: /Game/Maps/StackMap?Name=Player
01-11 19:30:23.192  3757  4354 D SamsungAlarmManager: Expired : 8
01-11 19:30:23.193  3757  4354 I SamsungAlarmManager: setLocked to kernel - T:3 / 20190111T193025, SetElapsed=453665286, nowELAPSED=453662521
01-11 19:30:23.193  3757  4354 V SamsungAlarmManager: Sending to uid : 1000 action=com.android.server.action.UPDATE_TWILIGHT_STATE alarm=Alarm{1b7952a type 1 when 600000 android}
01-11 19:30:23.200  3757  3757 D SamsungAlarmManager: Cancel Alarm calling from uid:1000 pid :3757 / op:PendingIntent{3197f1b: PendingIntentRecord{33bba74 android broadcastIntent}}
01-11 19:30:23.208  3757  3757 D SamsungAlarmManager: setExact Intent (T:1/F:9/AC:false) 19691231T191000 - CU:1000/CP:3757
01-11 19:30:23.208  3757  3757 I SamsungAlarmManager: setLocked to kernel - T:3 / 20190111T193024, SetElapsed=453663529, nowELAPSED=453662536
01-11 19:30:23.248 20514 20534 D UE4     : [2019.01.12-00.30.23:248][  0]LogAIModule: Creating AISystem for world StackMap
01-11 19:30:23.249 20514 20534 D UE4     : [2019.01.12-00.30.23:249][  0]LogLoad: Game class is 'GameModeBase'
01-11 19:30:23.254 20514 20534 D UE4     : [2019.01.12-00.30.23:254][  0]LogWorld: Bringing World /Game/Maps/StackMap.StackMap up for play (max tick rate 0) at 2019.01.11-19.30.23
01-11 19:30:23.259 20514 20534 D UE4     : [2019.01.12-00.30.23:258][  0]LogWorld: Bringing up level for play took: 0.007673
01-11 19:30:23.260 20514 20534 D UE4     : [2019.01.12-00.30.23:260][  0]LogOnlineIdentity: Display: OSS: FOnlineIdentityGooglePlay::GetPlayerNickname
01-11 19:30:23.261 20514 20534 D UE4     : [2019.01.12-00.30.23:261][  0]LogGameMode: FindPlayerStart: PATHS NOT DEFINED or NO PLAYERSTART with positive rating
01-11 19:30:23.303 20514 20534 D UE4     : [2019.01.12-00.30.23:303][  0]LogUMG: Display: Widget Class GameStartMenu_C - Loaded Fast Template.
01-11 19:30:23.309 20514 20534 D UE4     : [2019.01.12-00.30.23:309][  0]LogPlayerController: Error: InputMode:UIOnly - Attempting to focus Non-Focusable widget SObjectWidget [Widget.cpp(710)]!
01-11 19:30:23.310 20514 20534 D UE4     : [2019.01.12-00.30.23:310][  0]LogLoad: Took 0.335376 seconds to LoadMap(/Game/Maps/StackMap)
01-11 19:30:23.312 20514 20534 D UE4     : [2019.01.12-00.30.23:312][  0]LogSlate: Took 0.000428 seconds to synchronously load lazily loaded font '../../../Engine/Content/EngineFonts/Faces/DroidSansMono.ufont' (77K)
01-11 19:30:23.318 20514 20598 D UE4     : *** JavaEnvDestructor: 20598
01-11 19:30:23.319 20514 20596 D UE4     : AndroidEGL::ResetDisplay()
01-11 19:30:23.319 20514 20596 D UE4     : *** JavaEnvDestructor: 20596
01-11 19:30:23.330 20514 20534 D UE4     : [2019.01.12-00.30.23:329][  0]LogAndroid: Passed GEngineLoop.Init()
01-11 19:30:23.337 20514 20534 D UE4     : [2019.01.12-00.30.23:336][  0]LogAndroidEvents: Display: DequeueAppEvent : 9, 0
01-11 19:30:23.337 20514 20534 D UE4     : [2019.01.12-00.30.23:337][  0]LogAndroidEvents: Display: DequeueAppEvent : 7, 0
01-11 19:30:23.337 20514 20534 D UE4     : [2019.01.12-00.30.23:337][  0]LogAndroidEvents: Display: DequeueAppEvent : 0, 3269345288
01-11 19:30:23.337 20514 20534 D UE4     : APP_EVENT_STATE_WINDOW_CREATED, 0, 0, 1
01-11 19:30:23.337 20514 20534 D UE4     : [2019.01.12-00.30.23:337][  0]LogAndroidEvents: Display: ExecWindowCreated
01-11 19:30:23.337 20514 20534 D UE4     : AndroidEGL::ReInitWindow()
01-11 19:30:23.337 20514 20534 D UE4     : AndroidEGL::ReInit()
01-11 19:30:23.337 20514 20534 D UE4     : AndroidEGL::ResetDisplay()
01-11 19:30:23.339 20514 20534 D UE4     : AndroidEGL::InitSurface 0, 1
01-11 19:30:23.339 20514 20534 D UE4     : AndroidEGL::CreateEGLSurface() Already initialized: 0xe181f2a8
01-11 19:30:23.339 20514 20534 D UE4     : ExecWindowCreated, 0, 1, 1
01-11 19:30:23.339 20514 20534 D UE4     : [2019.01.12-00.30.23:339][  0]LogTemp: Android resume audio
01-11 19:30:23.341 20514 20637 D UE4     : [2019.01.12-00.30.23:341][  0]LogRenderer: Reallocating scene render targets to support 720x1280 Format 10 NumSamples 1 (Frame:1).
01-11 19:30:23.343 20514 20534 D UE4     : Registering volume receiver
01-11 19:30:23.351  3757  5062 D AudioService: getStreamVolume 3 index 0
01-11 19:30:23.351 20514 20534 D UE4     : startVolumeReceiver: 0
01-11 19:30:23.351 20514 20534 D UE4     : nativeVolumeEvent(0)
01-11 19:30:23.351 20514 20534 D UE4     : Registering battery receiver
01-11 19:30:23.354 20514 20534 D UE4     : Registering headset receiver
01-11 19:30:23.357 20514 20534 D UE4     : startHeadsetReceiver: 0
01-11 19:30:23.357 20514 20534 D UE4     : nativeHeadsetEvent(0)
01-11 19:30:23.357 20514 20514 D UE4     : Battery: status = 2, rawlevel = 67, scale = 100
01-11 19:30:23.358 20514 20514 D UE4     : nativeBatteryEvent(stat = 2, lvl = 67  temp = 27.00 C)
01-11 19:30:23.358 20514 20514 D UE4     : headsetReceiver::onReceive
01-11 19:30:23.358 20514 20514 D UE4     : nativeHeadsetEvent(0)
01-11 19:30:23.367 20514 20637 D UE4     : [2019.01.12-00.30.23:367][  0]LogRHI: Using OpenGL program LRU cache: 0
01-11 19:30:23.423 20514 20619 D UE4     : *** JavaEnvDestructor: 20619
01-11 19:30:23.653 20514 20617 D UE4     : *** JavaEnvDestructor: 20617
01-11 19:30:23.655 20514 20618 D UE4     : *** JavaEnvDestructor: 20618
01-11 19:30:23.656 20514 20616 D UE4     : *** JavaEnvDestructor: 20616
01-11 19:30:23.759 20514 20534 D UE4     : [2019.01.12-00.30.23:759][  0]LogUdpMessaging: Initializing bridge on interface 0.0.0.0:0 to multicast group 230.0.0.1:6666.
01-11 19:30:23.892  3757  4458 D WifiStateMachine: Current network is: "wilkinson2.4" , ID is: 30
01-11 19:30:23.892  3757  4458 I WifiStateMachine: IMS calling, current network is always qualified
01-11 19:30:24.201  3757  4354 D SamsungAlarmManager: Expired : 8
01-11 19:30:24.205  3757  4354 I SamsungAlarmManager: setLocked to kernel - T:3 / 20190111T193025, SetElapsed=453665286, nowELAPSED=453663533
01-11 19:30:24.207  3757  4354 V SamsungAlarmManager: Sending to uid : 1000 action=com.android.server.action.UPDATE_TWILIGHT_STATE alarm=Alarm{21f66c9 type 1 when 600000 android}
01-11 19:30:24.222  3757  3757 D SamsungAlarmManager: Cancel Alarm calling from uid:1000 pid :3757 / op:PendingIntent{12631ce: PendingIntentRecord{33bba74 android broadcastIntent}}
01-11 19:30:24.238  3757  3757 D SamsungAlarmManager: setExact Intent (T:1/F:9/AC:false) 19691231T191000 - CU:1000/CP:3757
01-11 19:30:24.239  3757  3757 I SamsungAlarmManager: setLocked to kernel - T:3 / 20190111T193025, SetElapsed=453664551, nowELAPSED=453663567
01-11 19:30:24.392  5689  5689 D io_stats: !@   8,0 r 1955938 59432760 w 1947938 44021768 d 315475 23224844 f 508797 508671 iot 3103490 1736404 th 61440 61440 43080 pt 9550 inp 0 0 168713.266
01-11 19:30:24.466  4616  4823 D NetworkController.MobileSignalController(0/1): onSignalStrengthsChanged signalStrength=SignalStrength: 99 99 -120 -160 -120 -1 -1 15 -119 -16 -11 2147483647 2147483647 0x1000 gsm|lte level=1
01-11 19:30:24.468  4616  4823 D NetworkController.MobileSignalController(0/1): getMobileIconGroup(): 13
01-11 19:30:24.468  4616  4823 D NetworkController.MobileSignalController(0/1): updateVZWMobileIconGroup(): 13
01-11 19:30:24.474  5035  5670 D EPDG -- [SMARTWIFI]: onSignalStrengthsChanged: Received signal strength change, phone type is: 2
01-11 19:30:24.475  5035  6446 D EPDG -- [SMARTWIFI]: lastLteRSRP is -120currentLteRSRP is -119
01-11 19:30:24.475  5035  6446 D EPDG -- [SMARTWIFI]: lastLteRSRQ is -16currentLteRSRQ is -16
01-11 19:30:24.475  5035  6446 D EPDG -- [SMARTWIFI]: lastCdmaDb is -16currentCdmaDb is -16
01-11 19:30:24.475  5035  6446 V EPDG -- [SMARTWIFI]: Radio oldest entry removed
01-11 19:30:24.475  5035  6446 V EPDG -- [SMARTWIFI]: New entry : (SignalStrength: 99 99 -120 -160 -120 -1 -1 15 -119 -16 -11 2147483647 2147483647 0x1000 gsm|lte : 0 )
01-11 19:30:24.475  5035  6446 V EPDG -- [SMARTWIFI]: Radio entry added
01-11 19:30:24.479  4616  4823 D NetworkController.MobileSignalController(0/1): callState:0, callStateByPhone:false voLTECall:false voiceNetTpe:13 dataNetType:13, ine911:false, emergencyCallbackMode:false
01-11 19:30:24.521 20514 20615 D UE4     : *** JavaEnvDestructor: 20615
01-11 19:30:24.599 20514 20614 D UE4     : *** JavaEnvDestructor: 20614
01-11 19:30:24.623 20514 20534 D UE4     : [2019.01.12-00.30.24:623][  0]LogTcpMessaging: Initializing TcpMessaging bridge, listening on 127.0.0.1:6666
01-11 19:30:24.628 20514 20534 D UE4     : [2019.01.12-00.30.24:628][  0]LogAndroid: Display: Low Power Mode Changed: 0
01-11 19:30:24.628 20514 20534 D UE4     : Execution has been resumed!
01-11 19:30:24.628 20514 20534 D UE4     : [2019.01.12-00.30.24:628][  0]LogAndroidEvents: Display: DequeueAppEvent : 6, 0
01-11 19:30:24.663 20514 20645 D UE4     : *** JavaEnvDestructor: 20645
01-11 19:30:24.775 20514 20643 D UE4     : *** JavaEnvDestructor: 20643
01-11 19:30:24.776 20514 20644 D UE4     : *** JavaEnvDestructor: 20644
01-11 19:30:24.778 20514 20641 D UE4     : *** JavaEnvDestructor: 20641
01-11 19:30:24.896  3757  9599 D GameManagerService: identifyGamePackage. com.GeekTechnique.InfinityStack
01-11 19:30:25.223  3757  4354 D SamsungAlarmManager: Expired : 8
01-11 19:30:25.227  3757  4354 I SamsungAlarmManager: setLocked to kernel - T:3 / 20190111T193025, SetElapsed=453665286, nowELAPSED=453664555
01-11 19:30:25.229  3757  4354 V SamsungAlarmManager: Sending to uid : 1000 action=com.android.server.action.UPDATE_TWILIGHT_STATE alarm=Alarm{3c428ef type 1 when 600000 android}
01-11 19:30:25.250  3757  3757 D SamsungAlarmManager: Cancel Alarm calling from uid:1000 pid :3757 / op:PendingIntent{6d86ffc: PendingIntentRecord{33bba74 android broadcastIntent}}
01-11 19:30:25.263  3757  3757 D SamsungAlarmManager: setExact Intent (T:1/F:9/AC:false) 19691231T191000 - CU:1000/CP:3757
01-11 19:30:25.626 20514 20651 D UE4     : *** JavaEnvDestructor: 20651
01-11 19:30:25.629 20514 20652 D UE4     : *** JavaEnvDestructor: 20652
01-11 19:30:25.660  4616  4823 D NetworkController.MobileSignalController(0/1): onSignalStrengthsChanged signalStrength=SignalStrength: 99 99 -120 -160 -120 -1 -1 14 -120 -16 -3 2147483647 2147483647 0x1000 gsm|lte level=1
01-11 19:30:25.662  4616  4823 D NetworkController.MobileSignalController(0/1): getMobileIconGroup(): 13
01-11 19:30:25.662  4616  4823 D NetworkController.MobileSignalController(0/1): updateVZWMobileIconGroup(): 13
01-11 19:30:25.665  5035  5670 D EPDG -- [SMARTWIFI]: onSignalStrengthsChanged: Received signal strength change, phone type is: 2
01-11 19:30:25.665  5035  6446 D EPDG -- [SMARTWIFI]: lastLteRSRP is -119currentLteRSRP is -120
01-11 19:30:25.665  5035  6446 D EPDG -- [SMARTWIFI]: lastLteRSRQ is -16currentLteRSRQ is -16
01-11 19:30:25.665  5035  6446 D EPDG -- [SMARTWIFI]: lastCdmaDb is -16currentCdmaDb is -16
01-11 19:30:25.665  5035  6446 V EPDG -- [SMARTWIFI]: Radio oldest entry removed
01-11 19:30:25.665  5035  6446 V EPDG -- [SMARTWIFI]: New entry : (SignalStrength: 99 99 -120 -160 -120 -1 -1 14 -120 -16 -3 2147483647 2147483647 0x1000 gsm|lte : 0 )
01-11 19:30:25.665  5035  6446 V EPDG -- [SMARTWIFI]: Radio entry added
01-11 19:30:25.669  4616  4823 D NetworkController.MobileSignalController(0/1): callState:0, callStateByPhone:false voLTECall:false voiceNetTpe:13 dataNetType:13, ine911:false, emergencyCallbackMode:false
01-11 19:30:25.732 20514 20534 D UE4     : Unregistering volume receiver
01-11 19:30:25.734 20514 20534 D UE4     : Unregistering battery receiver
01-11 19:30:25.736 20514 20534 D UE4     : Unregistering headset receiver
01-11 19:30:25.742 20514 20638 D UE4     : *** JavaEnvDestructor: 20638
01-11 19:30:25.746 20514 20637 D UE4     : AndroidEGL::ResetDisplay()
01-11 19:30:25.748 20514 20637 D UE4     : *** JavaEnvDestructor: 20637
01-11 19:30:25.750 20514 20534 D UE4     : [2019.01.12-00.30.25:749][  0]LogTemp: Android pause audio
01-11 19:30:25.765 20514 20534 D UE4     : Execution has been paused...
01-11 19:30:25.766 20514 20534 D UE4     : [2019.01.12-00.30.25:765][  0]LogAndroidEvents: Display: DequeueAppEvent : 11, 0
01-11 19:30:25.766 20514 20534 D UE4     : [2019.01.12-00.30.25:766][  0]LogAndroidEvents: Display: DequeueAppEvent : 7, 0
01-11 19:30:25.781 20514 20534 D UE4     : [2019.01.12-00.30.25:780][  0]LogTemp: Android resume audio
01-11 19:30:25.781 20514 20534 D UE4     : Registering volume receiver
01-11 19:30:25.789  3757 10512 D AudioService: getStreamVolume 3 index 0
01-11 19:30:25.790 20514 20534 D UE4     : startVolumeReceiver: 0
01-11 19:30:25.790 20514 20534 D UE4     : nativeVolumeEvent(0)
01-11 19:30:25.790 20514 20534 D UE4     : Registering battery receiver
01-11 19:30:25.794 20514 20534 D UE4     : Registering headset receiver
01-11 19:30:25.800 20514 20514 D UE4     : headsetReceiver::onReceive
01-11 19:30:25.800 20514 20514 D UE4     : nativeHeadsetEvent(0)
01-11 19:30:25.805 20514 20534 D UE4     : startHeadsetReceiver: 0
01-11 19:30:25.805 20514 20534 D UE4     : nativeHeadsetEvent(0)
01-11 19:30:25.805 20514 20534 D UE4     : [2019.01.12-00.30.25:805][  0]LogUdpMessaging: Initializing bridge on interface 0.0.0.0:0 to multicast group 230.0.0.1:6666.
01-11 19:30:25.816 20514 20534 D UE4     : [2019.01.12-00.30.25:816][  0]LogTcpMessaging: Initializing TcpMessaging bridge, listening on 127.0.0.1:6666
01-11 19:30:25.819 20514 20534 D UE4     : Execution has been resumed!
01-11 19:30:25.894 20514 20656 I         : Increase max job count 60
01-11 19:30:25.958  3757  4354 D SamsungAlarmManager: Expired : 8
01-11 19:30:25.959  3757  4354 I SamsungAlarmManager: setLocked to kernel - T:3 / 20190111T193026, SetElapsed=453665579, nowELAPSED=453665286
01-11 19:30:25.959  3757  4354 V SamsungAlarmManager: Sending to uid : 10059 action=null alarm=Alarm{75ced32 type 3 when 453665286 com.asurion.android.verizon.vms}
01-11 19:30:25.967  3757  4354 D CompatibilityInfo: mCompatibilityFlags - 0
01-11 19:30:25.967  3757  4354 D CompatibilityInfo: applicationDensity - 420
01-11 19:30:25.968  3757  4354 D CompatibilityInfo: applicationScale - 1.0
01-11 19:30:25.998  3757 32085 D SamsungAlarmManager: setExact Intent (T:3/F:5/AC:false) 20190111T193030 - CU:10059/CP:15240
01-11 19:30:26.241  3757  9599 D GameManagerService: identifyGamePackage. com.GeekTechnique.InfinityStack
01-11 19:30:26.251  3757  4354 D SamsungAlarmManager: Expired : 8
01-11 19:30:26.252  3757  4354 I SamsungAlarmManager: setLocked to kernel - T:3 / 20190111T193030, SetElapsed=453670314, nowELAPSED=453665579
01-11 19:30:26.252  3757  4354 V SamsungAlarmManager: Sending to uid : 1000 action=com.android.server.action.UPDATE_TWILIGHT_STATE alarm=Alarm{d4d7400 type 1 when 600000 android}
01-11 19:30:26.259  3757  3757 D SamsungAlarmManager: Cancel Alarm calling from uid:1000 pid :3757 / op:PendingIntent{b529439: PendingIntentRecord{33bba74 android broadcastIntent}}
01-11 19:30:26.265  3757  3757 D SamsungAlarmManager: setExact Intent (T:1/F:9/AC:false) 19691231T191000 - CU:1000/CP:3757
01-11 19:30:26.265  3757  3757 I SamsungAlarmManager: setLocked to kernel - T:3 / 20190111T193027, SetElapsed=453666587, nowELAPSED=453665593
01-11 19:30:26.474 20514 20656 D UE4     : [2019.01.12-00.30.26:474][  0]LogRHI: JNI Display getPresentationDeadlineNanos=17949152 getAppVsyncOffsetNanos=0 getRefreshRate=59.000000
01-11 19:30:26.474 20514 20656 D UE4     : [2019.01.12-00.30.26:474][  0]LogRHI: Final display timing metrics: DriverRefreshRate=59.0000  DriverRefreshNanos=16949153  DriverDeadlineNanos=16949152  DriverAppVsyncOffsetNanos=0
01-11 19:30:26.474 20514 20656 D UE4     : [2019.01.12-00.30.26:474][  0]LogRHI: AndroidEGL:SwapBuffers Min=0, Max=1, Request=1, ClosestDriver=1, SetDriver=1
01-11 19:30:26.478 20514 20534 D UE4     : [2019.01.12-00.30.26:478][  0]LogSlate: Slate font cache was flushed
01-11 19:30:26.503 20514 20534 D UE4     : [2019.01.12-00.30.26:503][  1]LogSlate: Took 0.000614 seconds to synchronously load lazily loaded font '../../../Engine/Content/EngineFonts/Faces/DroidSansMono.ufont' (77K)
01-11 19:30:26.826 20514 20668 D UE4     : [2019.01.12-00.30.26:825][ 14]LogTcpMessaging: Started Connection to '127.0.0.1:59241'
01-11 19:30:26.828 20514 20668 D UE4     : [2019.01.12-00.30.26:828][ 14]LogTcpMessaging: Discovered node 'FC517CC44E9DF45AD77FE7B9ACA948FF' on connection '127.0.0.1:59241'...
01-11 19:30:26.910  3757  4458 D WifiStateMachine: Current network is: "wilkinson2.4" , ID is: 30
01-11 19:30:26.911  3757  4458 I WifiStateMachine: IMS calling, current network is always qualified
01-11 19:30:27.259  3757  4354 D SamsungAlarmManager: Expired : 8
01-11 19:30:27.260  3757  4354 I SamsungAlarmManager: setLocked to kernel - T:3 / 20190111T193030, SetElapsed=453670314, nowELAPSED=453666588
01-11 19:30:27.261  3757  4354 V SamsungAlarmManager: Sending to uid : 1000 action=com.android.server.action.UPDATE_TWILIGHT_STATE alarm=Alarm{868aa7e type 1 when 600000 android}
01-11 19:30:27.272  3757  3757 D SamsungAlarmManager: Cancel Alarm calling from uid:1000 pid :3757 / op:PendingIntent{3f72bdf: PendingIntentRecord{33bba74 android broadcastIntent}}
01-11 19:30:27.287  3757  3757 D SamsungAlarmManager: setExact Intent (T:1/F:9/AC:false) 19691231T191000 - CU:1000/CP:3757
01-11 19:30:27.287  3757  3757 I SamsungAlarmManager: setLocked to kernel - T:3 / 20190111T193028, SetElapsed=453667600, nowELAPSED=453666615
01-11 19:30:27.596 20514 20636 I libOpenSLES: Emulating old channel mask behavior (ignoring positional mask 0x3, using default mask 0x3 based on channel count of 2)
01-11 19:30:27.602 20514 20636 W AudioTrack: AUDIO_OUTPUT_FLAG_FAST denied by client; transfer 1, track 44100 Hz, output 48000 Hz
01-11 19:30:27.604  3237  3813 I AudioFlinger: add dynamic flag, can move to deep thread, session 56825
01-11 19:30:27.611 20514 20636 D AudioTrack: Client defaulted notificationFrames to 590 for frameCount 1772
01-11 19:30:27.613 20514 20636 I AudioTrack: updateAudioTranstionLength FadeIn[0] FadeOut[0] FadeInRing[0]
01-11 19:30:27.614  3237  8663 W AudioPolicyIntefaceImpl: Skipped to add effects on session 56825
01-11 19:30:27.614  3237  8663 I APM_AudioPolicyManager: startOutput() output 21, stream 3, session 56825
01-11 19:30:27.620  3237  3477 D audio_hw_primary: out_set_parameters: enter: kvpairs: routing=2
01-11 19:30:27.620  3237  3477 D AudioFlinger: setCurDevice() 0x2
01-11 19:30:27.623  3237  3477 V audio_hw_primary: start_output_stream+, out->device : 00000002 , out->type = 1
01-11 19:30:27.623  3237  3477 D audio_hw_primary: start_output_stream jack_skip_check false
01-11 19:30:27.624  3237  3477 D audio_hw_primary: start_output_stream (0xe609f540) out->pcm_device:6 out->config.rate:48000 out->config.format:0 out->period_size:240
01-11 19:30:27.624  3237  3477 D audio_hw_primary: start_output_stream (0xe609f540) out->config.rate:48000 out->config.format:0 out->period_size:240
01-11 19:30:27.624  3237  3477 I audio_hw_primary: is_voice_wakeup : ret =  0  , wakeup_baby_cry_enabled = 0  ,  wakeup_mic_enabled = 0 
01-11 19:30:27.624  3237  3477 V audio_hw_primary: select_devices output_scenario:0 input_scenario:28 out_snd_device 0x2 in_snd_device:0xb
01-11 19:30:27.625  3237  3477 I audio_route: > audio_route_reset :
01-11 19:30:27.627  3237  3477 I audio_route: > audio_route_apply_path : "recognition-mic"
01-11 19:30:27.630  3237  3477 V audio_hw_primary: select_devices() input_route "recognition-mic" 
01-11 19:30:27.630  3237  3477 I audio_route: > audio_route_apply_path : "media-speaker"
01-11 19:30:27.730  3237  3477 V audio_hw_primary: select_devices() output_route "media-speaker" 
01-11 19:30:27.730  3237  3477 I audio_route: > audio_route_apply_path : "gain-recognition-mic"
01-11 19:30:27.731  3237  3477 V audio_hw_primary: select_devices() input_gain "gain-recognition-mic" 
01-11 19:30:27.731  3237  3477 I audio_route: > audio_route_apply_path : "gain-media-speaker"
01-11 19:30:27.732  3237  3477 V audio_hw_primary: select_devices() output_gain "gain-media-speaker" 
01-11 19:30:27.732  3237  3477 I audio_route: > audio_route_update_mixer : +
01-11 19:30:27.733  3237  3477 I audio_route: > audio_route_update_mixer : changed(0) -
01-11 19:30:27.733  3237  3477 I audio_hw_primary: select_devices - 
01-11 19:30:27.733  3237  3477 V audio_hw_primary: start_output_stream-
01-11 19:30:27.761  3237  3477 I AudioMixer: create resampler src 44100, 2, dst 48000, 2, q 8
01-11 19:30:27.761  3237  3477 D SoundAliveResampler: [SoundAliveResampler] Init+++
01-11 19:30:28.272  3757  4354 D SamsungAlarmManager: Expired : 8
01-11 19:30:28.276  3757  4354 I SamsungAlarmManager: setLocked to kernel - T:3 / 20190111T193030, SetElapsed=453670314, nowELAPSED=453667603
01-11 19:30:28.278  3757  4354 V SamsungAlarmManager: Sending to uid : 1000 action=com.android.server.action.UPDATE_TWILIGHT_STATE alarm=Alarm{d15d02c type 1 when 600000 android}
01-11 19:30:28.294  3757  3757 D SamsungAlarmManager: Cancel Alarm calling from uid:1000 pid :3757 / op:PendingIntent{5bf3af5: PendingIntentRecord{33bba74 android broadcastIntent}}
01-11 19:30:28.300  3252  3746 D EnterpriseController: netId is 0
01-11 19:30:28.300  3252  3746 D Netd    : getNetworkForDns: using netid 555 for uid 10179
01-11 19:30:28.301  3252  3746 D DnsProxyListener: DNSDBG::dns addrinfo af 0
01-11 19:30:28.307  3757  3757 D SamsungAlarmManager: setExact Intent (T:1/F:9/AC:false) 19691231T191000 - CU:1000/CP:3757
01-11 19:30:28.313  3757  3757 I SamsungAlarmManager: setLocked to kernel - T:3 / 20190111T193029, SetElapsed=453668622, nowELAPSED=453667641
01-11 19:30:28.734  3757  3774 D CompatibilityInfo: mCompatibilityFlags - 0
01-11 19:30:28.734  3757  3774 D CompatibilityInfo: applicationDensity - 420
01-11 19:30:28.735  3757  3774 D CompatibilityInfo: applicationScale - 1.0
01-11 19:30:28.769  3757  7216 D SamsungAlarmManager: Cancel Alarm calling from uid:10179 pid :4294 / op:PendingIntent{4e0f08a: PendingIntentRecord{1cca6fb com.verizon.messaging.vzmsgs startService}}
01-11 19:30:28.780  3757  3774 D CompatibilityInfo: mCompatibilityFlags - 0
01-11 19:30:28.780  3757  3774 D CompatibilityInfo: applicationDensity - 420
01-11 19:30:28.781  3757  3774 D CompatibilityInfo: applicationScale - 1.0
01-11 19:30:28.821  3757  5902 D SamsungAlarmManager: setExact Intent (T:0/F:5/AC:false) 20190111T193128 - CU:10179/CP:4294
01-11 19:30:28.822  3757  5902 I SamsungAlarmManager: setLocked to kernel - T:2 / 20190111T193128, SetElapsed=453728136, nowELAPSED=453668150
01-11 19:30:28.879  3757  6272 D CompatibilityInfo: mCompatibilityFlags - 0
01-11 19:30:28.879  3757  6272 D CompatibilityInfo: applicationDensity - 420
01-11 19:30:28.879  3757  6272 D CompatibilityInfo: applicationScale - 1.0
01-11 19:30:28.882  3757  7216 D ConnectivityService: filterNetworkStateForUid() uid: 10179 networkInfo: [type: WIFI[] - WIFI, state: CONNECTED/CONNECTED, reason: (unspecified), extra: "wilkinson2.4", failover: false, available: true, roaming: false, metered: false]
01-11 19:30:28.884  3757  4482 D SamsungAlarmManager: setExact Intent (T:0/F:5/AC:false) 20190111T193033 - CU:10179/CP:4294
01-11 19:30:28.885  3757  4482 I SamsungAlarmManager: setLocked to kernel - T:2 / 20190111T193033, SetElapsed=453673100, nowELAPSED=453668213
01-11 19:30:28.920  3252  3746 D EnterpriseController: netId is 0
01-11 19:30:28.920  3252  3746 D Netd    : getNetworkForDns: using netid 555 for uid 10179
01-11 19:30:28.920  3252  3746 D DnsProxyListener: DNSDBG::dns addrinfo af 0
01-11 19:30:29.009  3252  3746 D EnterpriseController: netId is 0
01-11 19:30:29.009  3252  3746 D Netd    : getNetworkForDns: using netid 555 for uid 10179
01-11 19:30:29.009  3252  3746 D DnsProxyListener: DNSDBG::dns addrinfo af 0
01-11 19:30:29.132  3757  2858 D SamsungAlarmManager: setExact Intent (T:0/F:5/AC:false) 20190111T193129 - CU:10179/CP:4294
01-11 19:30:29.160  3757  4482 I SamsungAlarmManager: setLocked to kernel - T:3 / 19691231T191000, SetElapsed=-1546798760672, nowELAPSED=453668488
01-11 19:30:29.161  3757  4354 D SamsungAlarmManager: Expired : 8
01-11 19:30:29.168  3757  4482 D SamsungAlarmManager: setExact Intent (T:0/F:5/AC:false) 20190111T193129 - CU:10179/CP:4294
01-11 19:30:29.168  3757  4354 I SamsungAlarmManager: setLocked to kernel - T:3 / 20190111T193030, SetElapsed=453670314, nowELAPSED=453668496
01-11 19:30:29.169  3757  4354 V SamsungAlarmManager: Sending to uid : 1000 action=com.android.server.action.UPDATE_TWILIGHT_STATE alarm=Alarm{aa5dd30 type 1 when 600000 android}
01-11 19:30:29.182  3757  3757 D SamsungAlarmManager: Cancel Alarm calling from uid:1000 pid :3757 / op:PendingIntent{523fda9: PendingIntentRecord{33bba74 android broadcastIntent}}
01-11 19:30:29.188  3757  3757 D SamsungAlarmManager: setExact Intent (T:1/F:9/AC:false) 19691231T191000 - CU:1000/CP:3757
01-11 19:30:29.189  3757  3757 I SamsungAlarmManager: setLocked to kernel - T:3 / 20190111T193030, SetElapsed=453669510, nowELAPSED=453668517
01-11 19:30:29.211  6668  6733 D ContactsProvider_EventLog: contents_sample_state: [ contacts(369) data(4037) accounts({vnd.sec.contact.phone (1)=12, com.google (7)=693}) accounts deleted({}) calls([logtype:100 cnt:405, logtype:1150 cnt:95]) countryIso(US) userId(0)  ]

01-11 19:30:29.211  6668  6733 D ContactsProvider_EventLog: contents_sample_state: [ agr({[2 ,2 ,7]=1, [2 ,7 ,2 ,7]=1, [7 ,2 ,7]=4, [7 ,7 ,2]=4, [1 ,7]=5, [7]=51, [7 ,2]=231, [1 ,2 ,7]=7, [2 ,7]=65})  ]

01-11 19:30:29.211  6668  6733 D ContactsProvider_EventLog: contents_sample_state: [ actCnt({android.process.acore=5})  ]
01-11 19:30:29.216  6668  6733 E ContactsProvider_EventLog: Flush buffer to file cnt : 1 size : 0Kb duration : 4ms lastUpdatedAfter : 40868 ms mFlush_time_threasold : 2000 mCurrentSize : 457
01-11 19:30:29.395  5689  5689 D io_stats: !@   8,0 r 1956018 59433548 w 1948099 44023820 d 315488 23225044 f 508853 508727 iot 3103710 1736469 th 61440 61440 43080 pt 9550 inp 0 0 168718.270
01-11 19:30:29.505 20514 20537 D UE4     : Used memory: 233184
01-11 19:30:29.926  3757  4458 D WifiStateMachine: Current network is: "wilkinson2.4" , ID is: 30
01-11 19:30:29.926  3757  4458 I WifiStateMachine: IMS calling, current network is always qualified
01-11 19:30:30.020  3757 32084 D BatteryService: !@BatteryListener : batteryPropertiesChanged!
01-11 19:30:30.024  3757 32084 D BatteryService: level:67, scale:100, status:2, health:2, present:true, voltage: 4059, temperature: 270, technology: Li-ion, AC powered:false, USB powered:true, POGO powered:false, Wireless powered:false, icon:17303694, invalid charger:0, maxChargingCurrent:0, maxChargingVoltage:0, chargeCounter:0
01-11 19:30:30.024  3757 32084 D BatteryService: online:6, current avg:610, charge type:1, power sharing:false, high voltage charger:false, capacity:280000, batterySWSelfDischarging:false, misc_event:0, current_now:574
01-11 19:30:30.024  3757  3757 D BatteryService: Sending ACTION_BATTERY_CHANGED.
01-11 19:30:30.032  3757  3757 V UiModeManager: updateLocked: null action, mDockState=0, category=null
01-11 19:30:30.032  3757  3757 D UiModeManager: updateConfigurationLocked: mDockState=0; mCarMode=false; mNightMode=1; uiMode=17
01-11 19:30:30.036  3757  3757 D GameManagerService: new battery level: 67
01-11 19:30:30.045  4616  4616 D KeyguardUpdateMonitor: received broadcast android.intent.action.BATTERY_CHANGED
01-11 19:30:30.049  4616  4616 D PowerUI : priorPlugType = 2 mPlugType =  2
01-11 19:30:30.052  4616  4616 D PowerUI.Notification: showChargingNotice oldChargingType : 1 currentChargingType : 1 oldChargingTime : 4729000 mChargingTime : 4729000
01-11 19:30:30.052  4616  4616 D PowerUI.Notification: There is no change about charging status, so return!
01-11 19:30:30.052  4616  4616 D KeyguardUpdateMonitor: handleBatteryUpdate
01-11 19:30:30.058  5024  5024 D PhoneApp: PhoneAppBroadcastReceiver onReceive android.intent.action.BATTERY_CHANGED
01-11 19:30:30.058  5024  5024 D TelephonyExtensionManager: lowBatterySound - isLowBatterySoundScheduled: false
01-11 19:30:30.058  5024  5024 D TelephonyExtensionManager: lowBatterySound - isPlayNow: false
01-11 19:30:30.060  5024  5024 D TelephonyExtensionManager: isSpeakerON - true
01-11 19:30:30.060  4616  4616 D BatteryMeterDrawable: isSomethingChanged - false
01-11 19:30:30.060  4616  4616 D BatteryMeterDrawable: isSomethingChanged - false
01-11 19:30:30.067  4616  4616 D Tile.FlashlightTile: ACTION_BATTERY_CHANGED - Level :: 67, emEnabled :: false
01-11 19:30:30.074  5024  5024 D TelephonyExtensionManager: lowBatterySound - batteryStatus: 2
01-11 19:30:30.074  5024  5024 D TelephonyExtensionManager: lowBatterySound - batteryLevel: 67
01-11 19:30:30.074  5024  5024 D TelephonyExtensionManager: lowBatterySound - cancel
01-11 19:30:30.076  3757  5901 D SamsungAlarmManager: Cancel Alarm calling from uid:1001 pid :5024 / op:PendingIntent{152af2e: PendingIntentRecord{a39a255 com.android.phone broadcastIntent}}
01-11 19:30:30.078  5024  5024 D TelephonyExtension: Not stopping low battery tone
01-11 19:30:30.182  3757  4354 D SamsungAlarmManager: Expired : 8
01-11 19:30:30.183  3757  4354 I SamsungAlarmManager: setLocked to kernel - T:3 / 20190111T193030, SetElapsed=453670314, nowELAPSED=453669511
01-11 19:30:30.184  3757  4354 V SamsungAlarmManager: Sending to uid : 1000 action=com.android.server.action.UPDATE_TWILIGHT_STATE alarm=Alarm{d28cacf type 1 when 600000 android}
01-11 19:30:30.193  3757  3757 D SamsungAlarmManager: Cancel Alarm calling from uid:1000 pid :3757 / op:PendingIntent{3439c5c: PendingIntentRecord{33bba74 android broadcastIntent}}
01-11 19:30:30.204  3757  3757 D SamsungAlarmManager: setExact Intent (T:1/F:9/AC:false) 19691231T191000 - CU:1000/CP:3757
01-11 19:30:30.341  3757  4398 D InputReader: Input event(3): value=1 when=168719215492000
01-11 19:30:30.341  3757  4398 D InputReader: Input event(3): value=1 when=168719215492000
01-11 19:30:30.343  3757  4398 I InputReader: Touch event's action is 0x0 (deviceType=0) [pCnt=1, s=0.19068 ] when=168719215492000
01-11 19:30:30.346  3757  4397 I InputDispatcher: Delivering touch to (20514): action: 0x0, toolType: 1
01-11 19:30:30.353 20514 20535 V threaded_app: New input event: type=2
01-11 19:30:30.354 20514 20514 D ViewRootImpl@e972267[GameActivity]: ViewPostImeInputStage processPointer 0
01-11 19:30:30.356 20514 20514 W System  : ClassLoader referenced unknown path: /system/framework/QPerformance.jar
01-11 19:30:30.372 20514 20514 E BoostFramework: BoostFramework() : Exception_1 = java.lang.ClassNotFoundException: Didn't find class "com.qualcomm.qti.Performance" on path: DexPathList[[],nativeLibraryDirectories=[/system/lib, /vendor/lib]]
01-11 19:30:30.372 20514 20514 V BoostFramework: BoostFramework() : mPerf = null
01-11 19:30:30.376 20514 20534 D UE4     : [2019.01.12-00.30.30:376][191]LogSlate: FSceneViewport::OnFocusLost() reason 0
01-11 19:30:30.389 20514 20535 V threaded_app: New input event: type=2
01-11 19:30:30.408 20514 20535 V threaded_app: New input event: type=2
01-11 19:30:30.422 20514 20535 V threaded_app: New input event: type=2
01-11 19:30:30.436  3757  4398 D InputReader: Input event(3): value=0 when=168719312253000
01-11 19:30:30.436  3757  4398 D InputReader: Input event(3): value=0 when=168719312253000
01-11 19:30:30.437  3757  4398 I InputReader: Touch event's action is 0x1 (deviceType=0) [pCnt=1, s=] when=168719312253000
01-11 19:30:30.437  3757  4397 I InputDispatcher: Delivering touch to (20514): action: 0x1, toolType: 1
01-11 19:30:30.441 20514 20535 V threaded_app: New input event: type=2
01-11 19:30:30.443 20514 20535 V threaded_app: New input event: type=2
01-11 19:30:30.444 20514 20514 D ViewRootImpl@e972267[GameActivity]: ViewPostImeInputStage processPointer 1
01-11 19:30:30.469 20514 20636 I libOpenSLES: Emulating old channel mask behavior (ignoring positional mask 0x3, using default mask 0x3 based on channel count of 2)
01-11 19:30:30.470 20514 20636 W AudioTrack: AUDIO_OUTPUT_FLAG_FAST denied by client; transfer 1, track 44100 Hz, output 48000 Hz
01-11 19:30:30.470  3237 22864 I AudioFlinger: add dynamic flag, can move to deep thread, session 56833
01-11 19:30:30.471 20514 20636 D AudioTrack: Client defaulted notificationFrames to 590 for frameCount 1772
01-11 19:30:30.473 20514 20636 I AudioTrack: This process already got info. FadeIn[0] FadeOut[0] FadeInRing[0]
01-11 19:30:30.474  3237 17217 W AudioPolicyIntefaceImpl: Skipped to add effects on session 56833
01-11 19:30:30.474  3237 17217 I APM_AudioPolicyManager: startOutput() output 21, stream 3, session 56833
01-11 19:30:30.501  3237  3477 I AudioMixer: create resampler src 44100, 2, dst 48000, 2, q 8
01-11 19:30:30.502  3237  3477 D SoundAliveResampler: [SoundAliveResampler] Init+++
01-11 19:30:30.589  3757  9599 D SSRM:t  : SIOP:: AP = 360, PST = 319 (W:10), CP = 231, CUR = 472, LCD = 119
01-11 19:30:30.594  3757  9599 D ConnectivityService: filterNetworkStateForUid() uid: 1000 networkInfo: [type: WIFI[] - WIFI, state: CONNECTED/CONNECTED, reason: (unspecified), extra: "wilkinson2.4", failover: false, available: true, roaming: false, metered: false]
01-11 19:30:30.614  3227  3261 D Sensorhubs: readContextData: 1, 1, 7, 0
01-11 19:30:30.617  3757  4361 D SensorHubManager: onGetSensorHubDataLocked: library(4) = 1, 1, 7, 0
01-11 19:30:30.620  3757  4360 D CAE     : onGetSensorHubData(SensorHubParserProvider.java:94) - onGetSensorHubData Event [event buffer len :4], AP_WAKEUP
01-11 19:30:30.621  3757  4360 I CAE     : parse(SensorHubParserProvider.java:196) - buffer size = 4
01-11 19:30:30.625  3757  4360 I CAE     : parse(SensorHubParserProvider.java:207) - 1, 1, 7, 0,
01-11 19:30:30.629  3757  4360 D CAE     : display(ContextProvider.java:375) - ================= AUTO_ROTATION =================
01-11 19:30:30.630  3757  4360 I CAE     : display(ContextProvider.java:391) - Angle=[0]
01-11 19:30:30.633  3757  4364 D SemContextService: updateContext() : event = Auto Rotation
01-11 19:30:30.636  3757  3757 D SemContextManager: onSemContextChanged() : event = Auto Rotation Angle : 0
01-11 19:30:30.637  3757  3757 D SContextManager: onSContextChanged() : event = Auto Rotation Angle : 0
01-11 19:30:30.638  3757  3757 V WindowOrientationListener: OrientationSensorJudge.onSContextChanged, Rotation: -1
01-11 19:30:30.946  3757  3775 V WindowOrientationListener: OrientationSensorJudge.getProposedRotation, Rotation: 0
01-11 19:30:30.946  3757  3775 V WindowOrientationListener: OrientationSensorJudge.getProposedRotation, Rotation: 0
01-11 19:30:30.946  3757  3775 V WindowManager: rotationForOrientationLw(orient=1, last=0); user=0  sensorRotation=0 mLidState=-1 mDockMode=0 mHdmiPlugged=false
01-11 19:30:30.986  3757  4354 D SamsungAlarmManager: Expired : 8
01-11 19:30:30.987  3757  4354 I SamsungAlarmManager: setLocked to kernel - T:3 / 20190111T193031, SetElapsed=453670522, nowELAPSED=453670314
01-11 19:30:30.987  3757  4354 V SamsungAlarmManager: Sending to uid : 10059 action=null alarm=Alarm{895cb65 type 3 when 453670314 com.asurion.android.verizon.vms}
01-11 19:30:30.999  3757  4354 D CompatibilityInfo: mCompatibilityFlags - 0
01-11 19:30:30.999  3757  4354 D CompatibilityInfo: applicationDensity - 420
01-11 19:30:30.999  3757  4354 D CompatibilityInfo: applicationScale - 1.0
01-11 19:30:31.032  3757  2859 D SamsungAlarmManager: setExact Intent (T:3/F:5/AC:false) 20190111T193036 - CU:10059/CP:15240
01-11 19:30:31.048 20514 20534 D UE4     : [2019.01.12-00.30.31:048][227]LogUMG: Display: Widget Class Button_C - Loaded Fast Template.
01-11 19:30:31.053 20514 20534 D UE4     : [2019.01.12-00.30.31:053][227]LogUMG: Display: Widget Class ScoreCounter_C - Loaded Fast Template.
01-11 19:30:31.065 20514 20636 I AudioTrack: Skip ramp
01-11 19:30:31.070 20514 20636 I libOpenSLES: Emulating old channel mask behavior (ignoring positional mask 0x3, using default mask 0x3 based on channel count of 2)
01-11 19:30:31.070 20514 20534 D UE4     : [2019.01.12-00.30.31:070][227]LogSlate: Took 0.001051 seconds to synchronously load lazily loaded font '../../../Engine/Content/EngineFonts/Faces/RobotoBold.ufont' (160K)
01-11 19:30:31.072 20514 20636 W AudioTrack: AUDIO_OUTPUT_FLAG_FAST denied by client; transfer 1, track 44100 Hz, output 48000 Hz
01-11 19:30:31.072  3237  3486 I AudioFlinger: add dynamic flag, can move to deep thread, session 56841
01-11 19:30:31.073 20514 20636 D AudioTrack: Client defaulted notificationFrames to 590 for frameCount 1772
01-11 19:30:31.074 20514 20636 I AudioTrack: This process already got info. FadeIn[0] FadeOut[0] FadeInRing[0]
01-11 19:30:31.074  3237  3812 W AudioPolicyIntefaceImpl: Skipped to add effects on session 56841
01-11 19:30:31.074  3237  3812 I APM_AudioPolicyManager: startOutput() output 21, stream 3, session 56841
01-11 19:30:31.104  3237  3477 I AudioMixer: create resampler src 44100, 2, dst 48000, 2, q 8
01-11 19:30:31.105  3237  3477 D SoundAliveResampler: [SoundAliveResampler] Init+++
01-11 19:30:31.168  3237  3352 I APM_AudioPolicyManager: stopOutput() output 21, stream 3, session 56825
01-11 19:30:31.195  3757  4354 D SamsungAlarmManager: Expired : 8
01-11 19:30:31.198  3757  4354 V SamsungAlarmManager: Sending to uid : 1000 action=com.android.server.action.UPDATE_TWILIGHT_STATE alarm=Alarm{59144eb type 1 when 600000 android}
01-11 19:30:31.212  3757  3757 D SamsungAlarmManager: Cancel Alarm calling from uid:1000 pid :3757 / op:PendingIntent{a9c2248: PendingIntentRecord{33bba74 android broadcastIntent}}
01-11 19:30:31.227  3757  3757 D SamsungAlarmManager: setExact Intent (T:1/F:9/AC:false) 19691231T191000 - CU:1000/CP:3757
01-11 19:30:31.230  3757  3757 I SamsungAlarmManager: setLocked to kernel - T:3 / 20190111T193032, SetElapsed=453671540, nowELAPSED=453670558
01-11 19:30:31.376 20514 20698 I AudioTrack: Skip ramp
01-11 19:30:31.467  3237  3352 I APM_AudioPolicyManager: stopOutput() output 21, stream 3, session 56833
01-11 19:30:32.212  3757  4354 D SamsungAlarmManager: Expired : 8
01-11 19:30:32.213  3757  4354 V SamsungAlarmManager: Sending to uid : 1000 action=com.android.server.action.UPDATE_TWILIGHT_STATE alarm=Alarm{29cb8e1 type 1 when 600000 android}
01-11 19:30:32.232  3757  3757 D SamsungAlarmManager: Cancel Alarm calling from uid:1000 pid :3757 / op:PendingIntent{c157606: PendingIntentRecord{33bba74 android broadcastIntent}}
01-11 19:30:32.241  3757  3757 D SamsungAlarmManager: setExact Intent (T:1/F:9/AC:false) 19691231T191000 - CU:1000/CP:3757
01-11 19:30:32.243  3757  3757 I SamsungAlarmManager: setLocked to kernel - T:3 / 20190111T193033, SetElapsed=453672561, nowELAPSED=453671571
01-11 19:30:32.420  3757  4398 D InputReader: Input event(3): value=1 when=168721295254000
01-11 19:30:32.420  3757  4398 D InputReader: Input event(3): value=1 when=168721295254000
01-11 19:30:32.421  3757  4398 I InputReader: Touch event's action is 0x0 (deviceType=0) [pCnt=1, s=0.19069 ] when=168721295254000
01-11 19:30:32.421  3757  4397 I InputDispatcher: Delivering touch to (20514): action: 0x0, toolType: 1
01-11 19:30:32.422 20514 20535 V threaded_app: New input event: type=2
01-11 19:30:32.423 20514 20514 D ViewRootImpl@e972267[GameActivity]: ViewPostImeInputStage processPointer 0
01-11 19:30:32.443 20514 20535 V threaded_app: New input event: type=2
01-11 19:30:32.453 20514 20534 D UE4     : [2019.01.12-00.30.32:452][291]LogSlate: FSceneViewport::OnFocusLost() reason 0
01-11 19:30:32.461 20514 20535 V threaded_app: New input event: type=2
01-11 19:30:32.462 20514 20636 I libOpenSLES: Emulating old channel mask behavior (ignoring positional mask 0x4, using default mask 0x1 based on channel count of 1)
01-11 19:30:32.463 20514 20636 W AudioTrack: AUDIO_OUTPUT_FLAG_FAST denied by client; transfer 1, track 44100 Hz, output 48000 Hz
