01-25 02:06:01.367  5021  5021 D TelephonyExtensionManager: lowBatterySound - batteryLevel: 70
01-25 02:06:01.368  5021  5021 D TelephonyExtensionManager: lowBatterySound - cancel
01-25 02:06:01.368  3755  3766 D SamsungAlarmManager: Cancel Alarm calling from uid:1001 pid :5021 / op:PendingIntent{f25198: PendingIntentRecord{9ab141e com.android.phone broadcastIntent}}
01-25 02:06:01.369  5021  5021 D TelephonyExtension: Not stopping low battery tone
01-25 02:06:01.369  4621  4621 D BatteryMeterDrawable: isSomethingChanged - false
01-25 02:06:01.369  4621  4621 D BatteryMeterDrawable: isSomethingChanged - false
01-25 02:06:01.372  4621  4621 D Tile.FlashlightTile: ACTION_BATTERY_CHANGED - Level :: 70, emEnabled :: false
01-25 02:06:01.426  4621  4621 D KeyguardServiceBoxContainer: updateCMAS() hasCmasNotification = false, mHasCMAS = false
01-25 02:06:03.892  3755  4354 D SamsungAlarmManager: Expired : 8
01-25 02:06:03.893  3755  4354 I SamsungAlarmManager: setLocked to kernel - T:3 / 20190125T020900, SetElapsed=123731883, nowELAPSED=123555776
01-25 02:06:03.922  3755  3755 D TelephonyManager: getCellLocation : Caller (PID / UID / TID): 3755 / 1000 / 3755
01-25 02:06:03.925  4621  4806 D NetworkController.MobileSignalController(0/1): onSignalStrengthsChanged signalStrength=SignalStrength: 99 99 -120 -160 -120 -1 -1 13 -122 -13 8 2147483647 2147483647 0x1000 gsm|lte level=1
01-25 02:06:03.926  4621  4806 D NetworkController.MobileSignalController(0/1): getMobileIconGroup(): 13
01-25 02:06:03.926  4621  4806 D NetworkController.MobileSignalController(0/1): updateVZWMobileIconGroup(): 13
01-25 02:06:03.928  5032  5668 D EPDG -- [SMARTWIFI]: onSignalStrengthsChanged: Received signal strength change, phone type is: 2
01-25 02:06:03.928  5032  6400 D EPDG -- [SMARTWIFI]: lastLteRSRP is -122currentLteRSRP is -122
01-25 02:06:03.928  5032  6400 D EPDG -- [SMARTWIFI]: lastLteRSRQ is -13currentLteRSRQ is -13
01-25 02:06:03.928  5032  6400 D EPDG -- [SMARTWIFI]: lastCdmaDb is -16currentCdmaDb is -16
01-25 02:06:03.928  5032  6400 V EPDG -- [SMARTWIFI]: Radio oldest entry removed
01-25 02:06:03.929  5032  6400 V EPDG -- [SMARTWIFI]: New entry : (SignalStrength: 99 99 -120 -160 -120 -1 -1 13 -122 -13 8 2147483647 2147483647 0x1000 gsm|lte : 0 )
01-25 02:06:03.929  5032  6400 V EPDG -- [SMARTWIFI]: Radio entry added
01-25 02:06:03.931  4621  4806 D NetworkController.MobileSignalController(0/1): callState:0, callStateByPhone:false voLTECall:false voiceNetTpe:13 dataNetType:13, ine911:false, emergencyCallbackMode:false
01-25 02:06:04.568  6646  6750 D ContactsProvider_EventLog: contents_sample_state: [ contacts(370) data(4042) accounts({vnd.sec.contact.phone (1)=12, com.google (7)=694}) accounts deleted({}) calls([logtype:100 cnt:393, logtype:1150 cnt:107]) countryIso(US) userId(0)  ]

01-25 02:06:04.568  6646  6750 D ContactsProvider_EventLog: contents_sample_state: [ agr({[2 ,2 ,7]=1, [2 ,7 ,2 ,7]=1, [7 ,2 ,7]=4, [7 ,7 ,2]=4, [1 ,7]=5, [7]=52, [7 ,2]=231, [1 ,2 ,7]=7, [2 ,7]=65})  ]

01-25 02:06:04.568  6646  6750 D ContactsProvider_EventLog: contents_sample_state: [ actCnt({android.process.acore=1})  ]
01-25 02:06:04.572  6646  6750 E ContactsProvider_EventLog: Flush buffer to file cnt : 1 size : 0Kb duration : 3ms lastUpdatedAfter : 60125 ms mFlush_time_threasold : 2000 mCurrentSize : 458
01-25 02:06:04.931  5679  5679 D io_stats: !@   8,0 r 748319 24871924 w 572449 15436024 d 91864 8796564 f 146362 146327 iot 1012790 627029 th 61440 61440 54636 pt 2280 inp 0 0 63833.064
01-25 02:06:06.331  3755  9977 D SSRM:t  : SIOP:: AP = 340, PST = 342 (W:14), CP = 275, CUR = 106, LCD = 0
01-25 02:06:06.345  3755  9977 D ConnectivityService: filterNetworkStateForUid() uid: 1000 networkInfo: [type: WIFI[] - WIFI, state: CONNECTED/CONNECTED, reason: (unspecified), extra: "wilkinson2.4", failover: false, available: true, roaming: false, metered: false]
01-25 02:06:09.042  3755  3755 D TelephonyManager: getCellLocation : Caller (PID / UID / TID): 3755 / 1000 / 3755
01-25 02:06:09.045  4621  4806 D NetworkController.MobileSignalController(0/1): onSignalStrengthsChanged signalStrength=SignalStrength: 99 99 -120 -160 -120 -1 -1 16 -121 -14 -70 2147483647 2147483647 0x1000 gsm|lte level=1
01-25 02:06:09.046  4621  4806 D NetworkController.MobileSignalController(0/1): getMobileIconGroup(): 13
01-25 02:06:09.046  4621  4806 D NetworkController.MobileSignalController(0/1): updateVZWMobileIconGroup(): 13
01-25 02:06:09.063  5032  5668 D EPDG -- [SMARTWIFI]: onSignalStrengthsChanged: Received signal strength change, phone type is: 2
01-25 02:06:09.063  5032  6400 D EPDG -- [SMARTWIFI]: lastLteRSRP is -122currentLteRSRP is -121
01-25 02:06:09.064  5032  6400 D EPDG -- [SMARTWIFI]: lastLteRSRQ is -13currentLteRSRQ is -14
01-25 02:06:09.064  5032  6400 D EPDG -- [SMARTWIFI]: lastCdmaDb is -16currentCdmaDb is -16
01-25 02:06:09.064  5032  6400 V EPDG -- [SMARTWIFI]: Radio oldest entry removed
01-25 02:06:09.064  5032  6400 V EPDG -- [SMARTWIFI]: New entry : (SignalStrength: 99 99 -120 -160 -120 -1 -1 16 -121 -14 -70 2147483647 2147483647 0x1000 gsm|lte : 0 )
01-25 02:06:09.064  5032  6400 V EPDG -- [SMARTWIFI]: Radio entry added
01-25 02:06:09.069  4621  4806 D NetworkController.MobileSignalController(0/1): callState:0, callStateByPhone:false voLTECall:false voiceNetTpe:13 dataNetType:13, ine911:false, emergencyCallbackMode:false
01-25 02:06:09.962  5679  5679 D io_stats: !@   8,0 r 748319 24871924 w 572456 15436092 d 91865 8796568 f 146387 146352 iot 1012880 627036 th 61440 61440 54636 pt 2280 inp 0 0 63838.098
01-25 02:06:10.946 26869 26896 D UE4     : Used memory: 172268
01-25 02:06:11.377  3755  5047 D BatteryService: !@BatteryListener : batteryPropertiesChanged!
01-25 02:06:11.378  3755  5047 D BatteryService: level:71, scale:100, status:2, health:2, present:true, voltage: 4144, temperature: 315, technology: Li-ion, AC powered:false, USB powered:true, POGO powered:false, Wireless powered:false, icon:17303694, invalid charger:0, maxChargingCurrent:0, maxChargingVoltage:0, chargeCounter:0
01-25 02:06:11.378  3755  5047 D BatteryService: online:6, current avg:965, charge type:1, power sharing:false, high voltage charger:false, capacity:280000, batterySWSelfDischarging:false, misc_event:0, current_now:968
01-25 02:06:11.378  3755  5047 D BatteryService: stay LED for charging
01-25 02:06:11.378  3755  3755 D BatteryService: Sending ACTION_BATTERY_CHANGED.
01-25 02:06:11.385  3755  3792 D PowerManagerService: [PSM] lowPowerModeEnabled: true (mLowPowerModeSetting: true, mIsPowered: true, mAutoLowPowerModeConfigured: false, mBatteryLevel: 71, mLowBatteryTriggerLevel: 0, mUltraPowerSavingModeEnabled: false, mEmergencyModeEnabled: false)
01-25 02:06:11.391  3755  3755 V UiModeManager: updateLocked: null action, mDockState=0, category=null
01-25 02:06:11.391  3755  3755 D UiModeManager: updateConfigurationLocked: mDockState=0; mCarMode=false; mNightMode=1; uiMode=17
01-25 02:06:11.394  3755  3785 E BatteryStatsService: no controller energy info supplied
01-25 02:06:11.395  3755  3767 E BatteryStatsService: power: Missing API
01-25 02:06:11.398  3755  3755 D GameManagerService: new battery level: 71
01-25 02:06:11.401  4621  4621 D KeyguardUpdateMonitor: received broadcast android.intent.action.BATTERY_CHANGED
01-25 02:06:11.401  4621  4621 D KeyguardUpdateMonitor: handleBatteryUpdate
01-25 02:06:11.410  4621  4621 D PowerUI : priorPlugType = 2 mPlugType =  2
01-25 02:06:11.411  5021  5021 D PhoneApp: PhoneAppBroadcastReceiver onReceive android.intent.action.BATTERY_CHANGED
01-25 02:06:11.411  5021  5021 D TelephonyExtensionManager: lowBatterySound - isLowBatterySoundScheduled: false
01-25 02:06:11.411  5021  5021 D TelephonyExtensionManager: lowBatterySound - isPlayNow: false
01-25 02:06:11.412  5021  5021 D TelephonyExtensionManager: isSpeakerON - false
01-25 02:06:11.413  4621  4621 D PowerUI.Notification: showChargingNotice oldChargingType : 1 currentChargingType : 1 oldChargingTime : 4204000 mChargingTime : 4186000
01-25 02:06:11.413  4621  4621 D PowerUI.Notification: showChargingNotification()
01-25 02:06:11.421  5021  5021 D TelephonyExtensionManager: lowBatterySound - batteryStatus: 2
01-25 02:06:11.421  7776  7776 E MtpServerJNI: server is null in send_object_removed
01-25 02:06:11.421  5021  5021 D TelephonyExtensionManager: lowBatterySound - batteryLevel: 71
01-25 02:06:11.421  5021  5021 D TelephonyExtensionManager: lowBatterySound - cancel
01-25 02:06:11.422  3755  6080 D SamsungAlarmManager: Cancel Alarm calling from uid:1001 pid :5021 / op:PendingIntent{f993df1: PendingIntentRecord{9ab141e com.android.phone broadcastIntent}}
01-25 02:06:11.423  3755  7357 D ApplicationPolicy: isStatusBarNotificationAllowedAsUser: packageName = com.android.systemui,userId = -1
01-25 02:06:11.423  5021  5021 D TelephonyExtension: Not stopping low battery tone
01-25 02:06:11.424  3755  3774 E KernelCpuSpeedReader: Failed to read cpu-freq: /sys/devices/system/cpu/cpu4/cpufreq/stats/time_in_state (No such file or directory)
01-25 02:06:11.427  4621  4621 D BatteryMeterDrawable: isSomethingChanged - true
01-25 02:06:11.427  4621  4621 D BatteryMeterDrawable: isSomethingChanged - true
01-25 02:06:11.447  4621  4621 D Tile.FlashlightTile: ACTION_BATTERY_CHANGED - Level :: 71, emEnabled :: false
01-25 02:06:11.491  4621  4621 D KeyguardServiceBoxContainer: updateCMAS() hasCmasNotification = false, mHasCMAS = false
01-25 02:06:11.504  3755  3785 E KernelCpuSpeedReader: Failed to read cpu-freq: /sys/devices/system/cpu/cpu4/cpufreq/stats/time_in_state (No such file or directory)
01-25 02:06:11.509  3755  3755 D TelephonyManager: getCellLocation : Caller (PID / UID / TID): 3755 / 1000 / 3755
01-25 02:06:11.511  4621  4806 D NetworkController.MobileSignalController(0/1): onSignalStrengthsChanged signalStrength=SignalStrength: 99 99 -120 -160 -120 -1 -1 12 -121 -13 12 2147483647 2147483647 0x1000 gsm|lte level=1
01-25 02:06:11.511  4621  4806 D NetworkController.MobileSignalController(0/1): getMobileIconGroup(): 13
01-25 02:06:11.511  4621  4806 D NetworkController.MobileSignalController(0/1): updateVZWMobileIconGroup(): 13
01-25 02:06:11.516  5032  5668 D EPDG -- [SMARTWIFI]: onSignalStrengthsChanged: Received signal strength change, phone type is: 2
01-25 02:06:11.516  5032  6400 D EPDG -- [SMARTWIFI]: lastLteRSRP is -121currentLteRSRP is -121
01-25 02:06:11.516  5032  6400 D EPDG -- [SMARTWIFI]: lastLteRSRQ is -14currentLteRSRQ is -13
01-25 02:06:11.516  5032  6400 D EPDG -- [SMARTWIFI]: lastCdmaDb is -16currentCdmaDb is -16
01-25 02:06:11.516  5032  6400 V EPDG -- [SMARTWIFI]: Radio oldest entry removed
01-25 02:06:11.516  5032  6400 V EPDG -- [SMARTWIFI]: New entry : (SignalStrength: 99 99 -120 -160 -120 -1 -1 12 -121 -13 12 2147483647 2147483647 0x1000 gsm|lte : 0 )
01-25 02:06:11.516  5032  6400 V EPDG -- [SMARTWIFI]: Radio entry added
01-25 02:06:11.519  4621  4806 D NetworkController.MobileSignalController(0/1): callState:0, callStateByPhone:false voLTECall:false voiceNetTpe:13 dataNetType:13, ine911:false, emergencyCallbackMode:false
01-25 02:06:11.521  3755  3785 E BatteryStatsService: modem info is invalid: ModemActivityInfo{ mTimestamp=0 mSleepTimeMs=0 mIdleTimeMs=0 mTxTimeMs[]=[0, 0, 0, 0, 0] mRxTimeMs=0 mEnergyUsed=0}
01-25 02:06:11.523  3755  3755 D TelephonyManager: getCellLocation : Caller (PID / UID / TID): 3755 / 1000 / 3755
01-25 02:06:11.527  5032  5668 D EPDG -- [SMARTWIFI]: onSignalStrengthsChanged: Received signal strength change, phone type is: 2
01-25 02:06:11.528  5032  6400 D EPDG -- [SMARTWIFI]: lastLteRSRP is -121currentLteRSRP is -121
01-25 02:06:11.528  5032  6400 D EPDG -- [SMARTWIFI]: lastLteRSRQ is -13currentLteRSRQ is -13
01-25 02:06:11.528  5032  6400 D EPDG -- [SMARTWIFI]: lastCdmaDb is -16currentCdmaDb is -16
01-25 02:06:11.528  5032  6400 V EPDG -- [SMARTWIFI]: Radio oldest entry removed
01-25 02:06:11.528  5032  6400 V EPDG -- [SMARTWIFI]: New entry : (SignalStrength: 99 99 -120 -160 -120 -1 -1 12 -121 -13 12 2147483647 2147483647 0x1000 gsm|lte : 0 )
01-25 02:06:11.528  5032  6400 V EPDG -- [SMARTWIFI]: Radio entry added
01-25 02:06:11.531  4621  4806 D NetworkController.MobileSignalController(0/1): onSignalStrengthsChanged signalStrength=SignalStrength: 99 99 -120 -160 -120 -1 -1 12 -121 -13 12 2147483647 2147483647 0x1000 gsm|lte level=1
01-25 02:06:11.531  4621  4806 D NetworkController.MobileSignalController(0/1): getMobileIconGroup(): 13
01-25 02:06:11.531  4621  4806 D NetworkController.MobileSignalController(0/1): updateVZWMobileIconGroup(): 13
01-25 02:06:11.535  4621  4806 D NetworkController.MobileSignalController(0/1): callState:0, callStateByPhone:false voLTECall:false voiceNetTpe:13 dataNetType:13, ine911:false, emergencyCallbackMode:false
01-25 02:06:14.180  3755  3755 D TelephonyManager: getCellLocation : Caller (PID / UID / TID): 3755 / 1000 / 3755
01-25 02:06:14.197  5032  5668 D EPDG -- [SMARTWIFI]: onSignalStrengthsChanged: Received signal strength change, phone type is: 2
01-25 02:06:14.198  5032  6400 D EPDG -- [SMARTWIFI]: lastLteRSRP is -121currentLteRSRP is -120
01-25 02:06:14.198  5032  6400 D EPDG -- [SMARTWIFI]: lastLteRSRQ is -13currentLteRSRQ is -13
01-25 02:06:14.198  5032  6400 D EPDG -- [SMARTWIFI]: lastCdmaDb is -16currentCdmaDb is -16
01-25 02:06:14.198  5032  6400 V EPDG -- [SMARTWIFI]: Radio oldest entry removed
01-25 02:06:14.198  5032  6400 V EPDG -- [SMARTWIFI]: New entry : (SignalStrength: 99 99 -120 -160 -120 -1 -1 14 -120 -13 8 2147483647 2147483647 0x1000 gsm|lte : 0 )
01-25 02:06:14.198  5032  6400 V EPDG -- [SMARTWIFI]: Radio entry added
01-25 02:06:14.200  4621  4806 D NetworkController.MobileSignalController(0/1): onSignalStrengthsChanged signalStrength=SignalStrength: 99 99 -120 -160 -120 -1 -1 14 -120 -13 8 2147483647 2147483647 0x1000 gsm|lte level=1
01-25 02:06:14.200  4621  4806 D NetworkController.MobileSignalController(0/1): getMobileIconGroup(): 13
01-25 02:06:14.201  4621  4806 D NetworkController.MobileSignalController(0/1): updateVZWMobileIconGroup(): 13
01-25 02:06:14.209  4621  4806 D NetworkController.MobileSignalController(0/1): callState:0, callStateByPhone:false voLTECall:false voiceNetTpe:13 dataNetType:13, ine911:false, emergencyCallbackMode:false
01-25 02:06:14.968  5679  5679 D io_stats: !@   8,0 r 748319 24871924 w 572469 15436168 d 91865 8796568 f 146415 146380 iot 1012990 627044 th 61440 61440 54636 pt 2280 inp 0 0 63843.102
01-25 02:06:15.353  3755  3755 D TelephonyManager: getCellLocation : Caller (PID / UID / TID): 3755 / 1000 / 3755
01-25 02:06:15.370  5032  5668 D EPDG -- [SMARTWIFI]: onSignalStrengthsChanged: Received signal strength change, phone type is: 2
01-25 02:06:15.370  5032  6400 D EPDG -- [SMARTWIFI]: lastLteRSRP is -120currentLteRSRP is -119
01-25 02:06:15.370  5032  6400 D EPDG -- [SMARTWIFI]: lastLteRSRQ is -13currentLteRSRQ is -13
01-25 02:06:15.370  5032  6400 D EPDG -- [SMARTWIFI]: lastCdmaDb is -16currentCdmaDb is -16
01-25 02:06:15.370  5032  6400 V EPDG -- [SMARTWIFI]: Radio oldest entry removed
01-25 02:06:15.371  5032  6400 V EPDG -- [SMARTWIFI]: New entry : (SignalStrength: 99 99 -120 -160 -120 -1 -1 12 -119 -13 32 2147483647 2147483647 0x1000 gsm|lte : 0 )
01-25 02:06:15.371  5032  6400 V EPDG -- [SMARTWIFI]: Radio entry added
01-25 02:06:15.387  4621  4806 D NetworkController.MobileSignalController(0/1): onSignalStrengthsChanged signalStrength=SignalStrength: 99 99 -120 -160 -120 -1 -1 12 -119 -13 32 2147483647 2147483647 0x1000 gsm|lte level=1
01-25 02:06:15.387  4621  4806 D NetworkController.MobileSignalController(0/1): getMobileIconGroup(): 13
01-25 02:06:15.387  4621  4806 D NetworkController.MobileSignalController(0/1): updateVZWMobileIconGroup(): 13
01-25 02:06:15.392  4621  4806 D NetworkController.MobileSignalController(0/1): callState:0, callStateByPhone:false voLTECall:false voiceNetTpe:13 dataNetType:13, ine911:false, emergencyCallbackMode:false
01-25 02:06:16.382  3755  9977 D SSRM:t  : SIOP:: AP = 340, PST = 341 (W:14), CP = 274, CUR = 106, LCD = 0
01-25 02:06:16.384  3755  9977 D ConnectivityService: filterNetworkStateForUid() uid: 1000 networkInfo: [type: WIFI[] - WIFI, state: CONNECTED/CONNECTED, reason: (unspecified), extra: "wilkinson2.4", failover: false, available: true, roaming: false, metered: false]
01-25 02:06:16.386  3755  9977 D TelephonyManager: getAllCellInfo : Caller (PID / UID / TID): 3755 / 1000 / 9977
01-25 02:06:17.544  3755  4963 E Watchdog: !@Sync 2127 [25_Jan_02_06_17.543]
01-25 02:06:19.985  5679  5679 D io_stats: !@   8,0 r 748319 24871924 w 572470 15436184 d 91865 8796568 f 146440 146405 iot 1013100 627049 th 61440 61440 54636 pt 2280 inp 0 0 63848.111
01-25 02:06:20.959 26869 26896 D UE4     : Used memory: 172276
01-25 02:06:21.431  3755  7357 D BatteryService: !@BatteryListener : batteryPropertiesChanged!
01-25 02:06:21.431  3755  7357 D BatteryService: level:71, scale:100, status:2, health:2, present:true, voltage: 4147, temperature: 315, technology: Li-ion, AC powered:false, USB powered:true, POGO powered:false, Wireless powered:false, icon:17303694, invalid charger:0, maxChargingCurrent:0, maxChargingVoltage:0, chargeCounter:0
01-25 02:06:21.431  3755  7357 D BatteryService: online:6, current avg:966, charge type:1, power sharing:false, high voltage charger:false, capacity:280000, batterySWSelfDischarging:false, misc_event:0, current_now:986
01-25 02:06:21.431  3755  7357 D BatteryService: stay LED for charging
01-25 02:06:21.432  3755  3755 D BatteryService: Sending ACTION_BATTERY_CHANGED.
01-25 02:06:21.443  3755  3755 V UiModeManager: updateLocked: null action, mDockState=0, category=null
01-25 02:06:21.443  3755  3755 D UiModeManager: updateConfigurationLocked: mDockState=0; mCarMode=false; mNightMode=1; uiMode=17
01-25 02:06:21.445  3755  3755 D GameManagerService: new battery level: 71
01-25 02:06:21.447  4621  4621 D KeyguardUpdateMonitor: received broadcast android.intent.action.BATTERY_CHANGED
01-25 02:06:21.448  4621  4621 D KeyguardUpdateMonitor: handleBatteryUpdate
01-25 02:06:21.451  4621  4621 D PowerUI : priorPlugType = 2 mPlugType =  2
01-25 02:06:21.453  4621  4621 D PowerUI.Notification: showChargingNotice oldChargingType : 1 currentChargingType : 1 oldChargingTime : 4186000 mChargingTime : 4175000
01-25 02:06:21.453  4621  4621 D PowerUI.Notification: showChargingNotification()
01-25 02:06:21.471  5021  5021 D PhoneApp: PhoneAppBroadcastReceiver onReceive android.intent.action.BATTERY_CHANGED
01-25 02:06:21.472  5021  5021 D TelephonyExtensionManager: lowBatterySound - isLowBatterySoundScheduled: false
01-25 02:06:21.472  5021  5021 D TelephonyExtensionManager: lowBatterySound - isPlayNow: false
01-25 02:06:21.472  5021  5021 D TelephonyExtensionManager: isSpeakerON - false
01-25 02:06:21.499  5021  5021 D TelephonyExtensionManager: lowBatterySound - batteryStatus: 2
01-25 02:06:21.499  5021  5021 D TelephonyExtensionManager: lowBatterySound - batteryLevel: 71
01-25 02:06:21.499  5021  5021 D TelephonyExtensionManager: lowBatterySound - cancel
01-25 02:06:21.500  3755  4448 D SamsungAlarmManager: Cancel Alarm calling from uid:1001 pid :5021 / op:PendingIntent{e84fdd6: PendingIntentRecord{9ab141e com.android.phone broadcastIntent}}
01-25 02:06:21.501  5021  5021 D TelephonyExtension: Not stopping low battery tone
01-25 02:06:21.501  3755  3767 D ApplicationPolicy: isStatusBarNotificationAllowedAsUser: packageName = com.android.systemui,userId = -1
01-25 02:06:21.504  4621  4621 D BatteryMeterDrawable: isSomethingChanged - false
01-25 02:06:21.504  4621  4621 D BatteryMeterDrawable: isSomethingChanged - false
01-25 02:06:21.509  4621  4621 D Tile.FlashlightTile: ACTION_BATTERY_CHANGED - Level :: 71, emEnabled :: false
01-25 02:06:21.558  4621  4621 D KeyguardServiceBoxContainer: updateCMAS() hasCmasNotification = false, mHasCMAS = false
01-25 02:06:25.005  5679  5679 D io_stats: !@   8,0 r 748319 24871924 w 572477 15436232 d 91865 8796568 f 146468 146433 iot 1013210 627055 th 61440 61440 54636 pt 2280 inp 0 0 63853.139
01-25 02:06:26.448  3755  9977 D SSRM:t  : SIOP:: AP = 340, PST = 340 (W:14), CP = 274, CUR = 99, LCD = 0
01-25 02:06:26.451  3755  9977 D ConnectivityService: filterNetworkStateForUid() uid: 1000 networkInfo: [type: WIFI[] - WIFI, state: CONNECTED/CONNECTED, reason: (unspecified), extra: "wilkinson2.4", failover: false, available: true, roaming: false, metered: false]
01-25 02:06:26.982  3755  3755 D TelephonyManager: getCellLocation : Caller (PID / UID / TID): 3755 / 1000 / 3755
01-25 02:06:27.001  5032  5668 D EPDG -- [SMARTWIFI]: onSignalStrengthsChanged: Received signal strength change, phone type is: 2
01-25 02:06:27.001  5032  6400 D EPDG -- [SMARTWIFI]: lastLteRSRP is -119currentLteRSRP is -121
01-25 02:06:27.001  5032  6400 D EPDG -- [SMARTWIFI]: lastLteRSRQ is -13currentLteRSRQ is -13
01-25 02:06:27.001  5032  6400 D EPDG -- [SMARTWIFI]: lastCdmaDb is -16currentCdmaDb is -16
01-25 02:06:27.002  5032  6400 V EPDG -- [SMARTWIFI]: Radio oldest entry removed
01-25 02:06:27.002  5032  6400 V EPDG -- [SMARTWIFI]: New entry : (SignalStrength: 99 99 -120 -160 -120 -1 -1 12 -121 -13 32 2147483647 2147483647 0x1000 gsm|lte : 0 )
01-25 02:06:27.002  5032  6400 V EPDG -- [SMARTWIFI]: Radio entry added
01-25 02:06:27.012  5032  5668 D EPDG -- [SMARTWIFI]: onSignalStrengthsChanged: Received signal strength change, phone type is: 2
01-25 02:06:27.012  5032  6400 D EPDG -- [SMARTWIFI]: lastLteRSRP is -121currentLteRSRP is -121
01-25 02:06:27.012  5032  6400 D EPDG -- [SMARTWIFI]: lastLteRSRQ is -13currentLteRSRQ is -13
01-25 02:06:27.012  5032  6400 D EPDG -- [SMARTWIFI]: lastCdmaDb is -16currentCdmaDb is -16
01-25 02:06:27.012  5032  6400 V EPDG -- [SMARTWIFI]: Radio oldest entry removed
01-25 02:06:27.012  5032  6400 V EPDG -- [SMARTWIFI]: New entry : (SignalStrength: 99 99 -120 -160 -120 -1 -1 12 -121 -13 32 2147483647 2147483647 0x1000 gsm|lte : 0 )
01-25 02:06:27.012  5032  6400 V EPDG -- [SMARTWIFI]: Radio entry added
01-25 02:06:27.013  3755  3755 D TelephonyManager: getCellLocation : Caller (PID / UID / TID): 3755 / 1000 / 3755
01-25 02:06:27.015  4621  4806 D NetworkController.MobileSignalController(0/1): onSignalStrengthsChanged signalStrength=SignalStrength: 99 99 -120 -160 -120 -1 -1 12 -121 -13 32 2147483647 2147483647 0x1000 gsm|lte level=1
01-25 02:06:27.016  4621  4806 D NetworkController.MobileSignalController(0/1): getMobileIconGroup(): 13
01-25 02:06:27.016  4621  4806 D NetworkController.MobileSignalController(0/1): updateVZWMobileIconGroup(): 13
01-25 02:06:27.022  4621  4806 D NetworkController.MobileSignalController(0/1): callState:0, callStateByPhone:false voLTECall:false voiceNetTpe:13 dataNetType:13, ine911:false, emergencyCallbackMode:false
01-25 02:06:27.039  4621  4806 D NetworkController.MobileSignalController(0/1): onSignalStrengthsChanged signalStrength=SignalStrength: 99 99 -120 -160 -120 -1 -1 12 -121 -13 32 2147483647 2147483647 0x1000 gsm|lte level=1
01-25 02:06:27.039  4621  4806 D NetworkController.MobileSignalController(0/1): getMobileIconGroup(): 13
01-25 02:06:27.039  4621  4806 D NetworkController.MobileSignalController(0/1): updateVZWMobileIconGroup(): 13
01-25 02:06:27.045  4621  4806 D NetworkController.MobileSignalController(0/1): callState:0, callStateByPhone:false voLTECall:false voiceNetTpe:13 dataNetType:13, ine911:false, emergencyCallbackMode:false
01-25 02:06:29.526  3755  3755 D TelephonyManager: getCellLocation : Caller (PID / UID / TID): 3755 / 1000 / 3755
01-25 02:06:29.541  4621  4806 D NetworkController.MobileSignalController(0/1): onSignalStrengthsChanged signalStrength=SignalStrength: 99 99 -120 -160 -120 -1 -1 13 -121 -12 2 2147483647 2147483647 0x1000 gsm|lte level=1
01-25 02:06:29.541  4621  4806 D NetworkController.MobileSignalController(0/1): getMobileIconGroup(): 13
01-25 02:06:29.541  4621  4806 D NetworkController.MobileSignalController(0/1): updateVZWMobileIconGroup(): 13
01-25 02:06:29.545  5032  5668 D EPDG -- [SMARTWIFI]: onSignalStrengthsChanged: Received signal strength change, phone type is: 2
01-25 02:06:29.546  5032  6400 D EPDG -- [SMARTWIFI]: lastLteRSRP is -121currentLteRSRP is -121
01-25 02:06:29.546  5032  6400 D EPDG -- [SMARTWIFI]: lastLteRSRQ is -13currentLteRSRQ is -12
01-25 02:06:29.546  5032  6400 D EPDG -- [SMARTWIFI]: lastCdmaDb is -16currentCdmaDb is -16
01-25 02:06:29.546  5032  6400 V EPDG -- [SMARTWIFI]: Radio oldest entry removed
01-25 02:06:29.546  5032  6400 V EPDG -- [SMARTWIFI]: New entry : (SignalStrength: 99 99 -120 -160 -120 -1 -1 13 -121 -12 2 2147483647 2147483647 0x1000 gsm|lte : 0 )
01-25 02:06:29.546  5032  6400 V EPDG -- [SMARTWIFI]: Radio entry added
01-25 02:06:29.550  4621  4806 D NetworkController.MobileSignalController(0/1): callState:0, callStateByPhone:false voLTECall:false voiceNetTpe:13 dataNetType:13, ine911:false, emergencyCallbackMode:false
01-25 02:06:30.017  5679  5679 D io_stats: !@   8,0 r 748319 24871924 w 572481 15436332 d 91865 8796568 f 146494 146459 iot 1013300 627062 th 61440 61440 54636 pt 2280 inp 0 0 63858.149
01-25 02:06:30.928 26869 26896 D UE4     : Used memory: 172276
01-25 02:06:31.472  3755  7358 D BatteryService: !@BatteryListener : batteryPropertiesChanged!
01-25 02:06:31.473  3755  7358 D BatteryService: level:71, scale:100, status:2, health:2, present:true, voltage: 4149, temperature: 315, technology: Li-ion, AC powered:false, USB powered:true, POGO powered:false, Wireless powered:false, icon:17303694, invalid charger:0, maxChargingCurrent:0, maxChargingVoltage:0, chargeCounter:0
01-25 02:06:31.473  3755  7358 D BatteryService: online:6, current avg:967, charge type:1, power sharing:false, high voltage charger:false, capacity:280000, batterySWSelfDischarging:false, misc_event:0, current_now:1001
01-25 02:06:31.473  3755  7358 D BatteryService: stay LED for charging
01-25 02:06:31.473  3755  3755 D BatteryService: Sending ACTION_BATTERY_CHANGED.
01-25 02:06:31.476  3755  3755 V UiModeManager: updateLocked: null action, mDockState=0, category=null
01-25 02:06:31.477  3755  3755 D UiModeManager: updateConfigurationLocked: mDockState=0; mCarMode=false; mNightMode=1; uiMode=17
01-25 02:06:31.478  3755  3755 D GameManagerService: new battery level: 71
01-25 02:06:31.480  4621  4621 D KeyguardUpdateMonitor: received broadcast android.intent.action.BATTERY_CHANGED
01-25 02:06:31.480  4621  4621 D KeyguardUpdateMonitor: handleBatteryUpdate
01-25 02:06:31.484  4621  4621 D PowerUI : priorPlugType = 2 mPlugType =  2
01-25 02:06:31.485  4621  4621 D PowerUI.Notification: showChargingNotice oldChargingType : 1 currentChargingType : 1 oldChargingTime : 4175000 mChargingTime : 4164000
01-25 02:06:31.486  4621  4621 D PowerUI.Notification: showChargingNotification()
01-25 02:06:31.490  5021  5021 D PhoneApp: PhoneAppBroadcastReceiver onReceive android.intent.action.BATTERY_CHANGED
01-25 02:06:31.491  5021  5021 D TelephonyExtensionManager: lowBatterySound - isLowBatterySoundScheduled: false
01-25 02:06:31.491  5021  5021 D TelephonyExtensionManager: lowBatterySound - isPlayNow: false
01-25 02:06:31.491  5021  5021 D TelephonyExtensionManager: isSpeakerON - false
01-25 02:06:31.498  5021  5021 D TelephonyExtensionManager: lowBatterySound - batteryStatus: 2
01-25 02:06:31.498  5021  5021 D TelephonyExtensionManager: lowBatterySound - batteryLevel: 71
01-25 02:06:31.498  5021  5021 D TelephonyExtensionManager: lowBatterySound - cancel
01-25 02:06:31.500  3755  6281 D ApplicationPolicy: isStatusBarNotificationAllowedAsUser: packageName = com.android.systemui,userId = -1
01-25 02:06:31.500  3755  5048 D SamsungAlarmManager: Cancel Alarm calling from uid:1001 pid :5021 / op:PendingIntent{d7b7857: PendingIntentRecord{9ab141e com.android.phone broadcastIntent}}
01-25 02:06:31.501  5021  5021 D TelephonyExtension: Not stopping low battery tone
01-25 02:06:31.502  4621  4621 D BatteryMeterDrawable: isSomethingChanged - false
01-25 02:06:31.502  4621  4621 D BatteryMeterDrawable: isSomethingChanged - false
01-25 02:06:31.505  4621  4621 D Tile.FlashlightTile: ACTION_BATTERY_CHANGED - Level :: 71, emEnabled :: false
01-25 02:06:31.559  4621  4621 D KeyguardServiceBoxContainer: updateCMAS() hasCmasNotification = false, mHasCMAS = false
01-25 02:06:35.022  5679  5679 D io_stats: !@   8,0 r 748319 24871924 w 572495 15436456 d 91866 8796624 f 146522 146487 iot 1013430 627070 th 61440 61440 54636 pt 2280 inp 0 0 63863.156
01-25 02:06:36.513  3755  9977 D SSRM:t  : SIOP:: AP = 340, PST = 340 (W:16), CP = 274, CUR = 101, LCD = 0
01-25 02:06:36.540  3755  9977 D ConnectivityService: filterNetworkStateForUid() uid: 1000 networkInfo: [type: WIFI[] - WIFI, state: CONNECTED/CONNECTED, reason: (unspecified), extra: "wilkinson2.4", failover: false, available: true, roaming: false, metered: false]
01-25 02:06:36.953  3755  4354 D SamsungAlarmManager: Expired : 4
01-25 02:06:36.960  3755  4354 I SamsungAlarmManager: setLocked to kernel - T:2 / 20190125T020659, SetElapsed=123611136, nowELAPSED=123588843
01-25 02:06:36.963  3755  4354 V SamsungAlarmManager: Sending to uid : 1000 action=android.intent.action.TIME_TICK alarm=Alarm{686ef44 type 3 when 123551883 android}
01-25 02:06:36.972  3755  4354 V SamsungAlarmManager: Sending to uid : 10227 action=null alarm=Alarm{6f2c82d type 2 when 123588835 com.verizon.mips.services}
01-25 02:06:36.989  3755  4354 D CompatibilityInfo: mCompatibilityFlags - 0
01-25 02:06:36.989  3755  4354 D CompatibilityInfo: applicationDensity - 420
01-25 02:06:36.989  3755  4354 D CompatibilityInfo: applicationScale - 1.0
01-25 02:06:36.999  3755  4354 V SamsungAlarmManager: Sending to uid : 10059 action=null alarm=Alarm{5542f3 type 3 when 123555775 com.asurion.android.verizon.vms}
01-25 02:06:37.006  3755  4354 D CompatibilityInfo: mCompatibilityFlags - 0
01-25 02:06:37.006  3755  4354 D CompatibilityInfo: applicationDensity - 420
01-25 02:06:37.007  3755  4354 D CompatibilityInfo: applicationScale - 1.0
01-25 02:06:37.017  3755  3755 D SamsungAlarmManager: setExact Intent (T:3/F:1/AC:false) 20190125T020700 - CU:1000/CP:3755
01-25 02:06:37.021  4621  4621 D KeyguardUpdateMonitor: received broadcast android.intent.action.TIME_TICK
01-25 02:06:37.021  4621  4621 D KeyguardUpdateMonitor: handleTimeUpdate#start
01-25 02:06:37.021  4621  4621 I KeyguardClockPage: refreshTime(): DefaultSingle2016 hometime:America/New_York locale:en_US hasBG?false, Roaming:false
01-25 02:06:37.029  3755  6281 D SamsungAlarmManager: setExact Intent (T:3/F:5/AC:false) 20190125T020642 - CU:10059/CP:6576
01-25 02:06:37.029  3755  6281 I SamsungAlarmManager: setLocked to kernel - T:3 / 20190125T020642, SetElapsed=123593902, nowELAPSED=123588912
01-25 02:06:37.031  4621  4621 D KeyguardUpdateMonitor: handleTimeUpdate#end
01-25 02:06:37.043  3755  7364 D SamsungAlarmManager: setExact Intent (T:2/F:1/AC:false) 20190125T021637 - CU:10227/CP:8922
01-25 02:06:37.044  3755  6279 D SamsungAlarmManager: Cancel Alarm calling from uid:10227 pid :8922 / op:PendingIntent{4e0ba29: PendingIntentRecord{18fe2b1 com.verizon.mips.services startService}}
01-25 02:06:37.047  4621  4621 D SystemUI_Clock: Clock received ACTION_TIME_TICK : start
01-25 02:06:37.051  4621  4621 D SystemUI_Clock: Clock received ACTION_TIME_TICK : end
01-25 02:06:37.068  4621  4621 D TextClock: TextClock received ACTION_TIME_TICK : start
01-25 02:06:37.069  4621  4621 D TextClock: TextClock received ACTION_TIME_TICK : end
01-25 02:06:37.074  4621  4621 D TextClock: TextClock received ACTION_TIME_TICK : start
01-25 02:06:37.076  4621  4621 D TextClock: TextClock received ACTION_TIME_TICK : end
01-25 02:06:37.097  4621  4621 D TextClock: TextClock received ACTION_TIME_TICK : start
01-25 02:06:37.097  4621  4621 D TextClock: TextClock received ACTION_TIME_TICK : end
01-25 02:06:37.098  4621  4621 V hong    : mid yDiff = 382
01-25 02:06:37.099  4621  4621 V hong    : mid yDiff = 382
01-25 02:06:37.121  4621  4621 D SystemUI_DateView: DateView received ACTION_TIME_TICK : start
01-25 02:06:37.122  4621  4621 D SystemUI_DateView: DateView received ACTION_TIME_TICK : end
01-25 02:06:37.123  4621  4621 V hong    : mid yDiff = 382
01-25 02:06:37.123  4621  4621 V hong    : mid yDiff = 382
01-25 02:06:37.125  4621  4621 D TextClock: TextClock received ACTION_TIME_TICK : start
01-25 02:06:37.126  4621  4621 D TextClock: TextClock received ACTION_TIME_TICK : end
01-25 02:06:37.146  4621  4621 D TextClock: TextClock received ACTION_TIME_TICK : start
01-25 02:06:37.147  4621  4621 D TextClock: TextClock received ACTION_TIME_TICK : end
01-25 02:06:37.167  4621  4621 D DateTimeView: DateTimeView received ACTION_TIME_TICK : start
01-25 02:06:37.180  4621  4621 D DateTimeView: DateTimeView received ACTION_TIME_TICK : end
01-25 02:06:37.186  6100  6100 D TextClock: TextClock received ACTION_TIME_TICK : start
01-25 02:06:37.187  6100  6100 D TextClock: TextClock received ACTION_TIME_TICK : end
01-25 02:06:37.198  6100  6100 D TextClock: TextClock received ACTION_TIME_TICK : start
01-25 02:06:37.199  6100  6100 D TextClock: TextClock received ACTION_TIME_TICK : end
01-25 02:06:37.206  6100  6100 D TextClock: TextClock received ACTION_TIME_TICK : start
01-25 02:06:37.207  6100  6100 D TextClock: TextClock received ACTION_TIME_TICK : end
01-25 02:06:37.212  6100  6100 D TextClock: TextClock received ACTION_TIME_TICK : start
01-25 02:06:37.214  6100  6100 D TextClock: TextClock received ACTION_TIME_TICK : end
01-25 02:06:37.221  6100  6100 D TextClock: TextClock received ACTION_TIME_TICK : start
01-25 02:06:37.221  6100  6100 D TextClock: TextClock received ACTION_TIME_TICK : end
01-25 02:06:37.226  6100  6100 D TextClock: TextClock received ACTION_TIME_TICK : start
01-25 02:06:37.227  6100  6100 D TextClock: TextClock received ACTION_TIME_TICK : end
01-25 02:06:37.231  6100  6100 D TextClock: TextClock received ACTION_TIME_TICK : start
01-25 02:06:37.231  6100  6100 D TextClock: TextClock received ACTION_TIME_TICK : end
01-25 02:06:37.236  6100  6100 D TextClock: TextClock received ACTION_TIME_TICK : start
01-25 02:06:37.237  6100  6100 D TextClock: TextClock received ACTION_TIME_TICK : end
01-25 02:06:37.242  6100  6100 D TextClock: TextClock received ACTION_TIME_TICK : start
01-25 02:06:37.242  6100  6100 D TextClock: TextClock received ACTION_TIME_TICK : end
01-25 02:06:40.049  5679  5679 D io_stats: !@   8,0 r 748319 24871924 w 572504 15436668 d 91869 8796636 f 146551 146516 iot 1013580 627082 th 61440 61440 54636 pt 2280 inp 0 0 63868.171
01-25 02:06:40.949 26869 26896 D UE4     : Used memory: 172276
01-25 02:06:41.556  3755  7344 D BatteryService: !@BatteryListener : batteryPropertiesChanged!
01-25 02:06:41.557  3755  7344 D BatteryService: level:71, scale:100, status:2, health:2, present:true, voltage: 4150, temperature: 315, technology: Li-ion, AC powered:false, USB powered:true, POGO powered:false, Wireless powered:false, icon:17303694, invalid charger:0, maxChargingCurrent:0, maxChargingVoltage:0, chargeCounter:0
01-25 02:06:41.557  3755  7344 D BatteryService: online:6, current avg:969, charge type:1, power sharing:false, high voltage charger:false, capacity:280000, batterySWSelfDischarging:false, misc_event:0, current_now:990
01-25 02:06:41.557  3755  7344 D BatteryService: stay LED for charging
01-25 02:06:41.558  3755  3755 D BatteryService: Sending ACTION_BATTERY_CHANGED.
01-25 02:06:41.567  3755  3755 V UiModeManager: updateLocked: null action, mDockState=0, category=null
01-25 02:06:41.567  3755  3755 D UiModeManager: updateConfigurationLocked: mDockState=0; mCarMode=false; mNightMode=1; uiMode=17
01-25 02:06:41.573  4621  4621 D KeyguardUpdateMonitor: received broadcast android.intent.action.BATTERY_CHANGED
01-25 02:06:41.573  4621  4621 D KeyguardUpdateMonitor: handleBatteryUpdate
01-25 02:06:41.574  3755  3755 D GameManagerService: new battery level: 71
01-25 02:06:41.578  4621  4621 D PowerUI : priorPlugType = 2 mPlugType =  2
01-25 02:06:41.581  4621  4621 D PowerUI.Notification: showChargingNotice oldChargingType : 1 currentChargingType : 1 oldChargingTime : 4164000 mChargingTime : 4153000
01-25 02:06:41.581  4621  4621 D PowerUI.Notification: showChargingNotification()
01-25 02:06:41.599  5021  5021 D PhoneApp: PhoneAppBroadcastReceiver onReceive android.intent.action.BATTERY_CHANGED
01-25 02:06:41.599  5021  5021 D TelephonyExtensionManager: lowBatterySound - isLowBatterySoundScheduled: false
01-25 02:06:41.599  5021  5021 D TelephonyExtensionManager: lowBatterySound - isPlayNow: false
01-25 02:06:41.600  5021  5021 D TelephonyExtensionManager: isSpeakerON - false
01-25 02:06:41.607  5021  5021 D TelephonyExtensionManager: lowBatterySound - batteryStatus: 2
01-25 02:06:41.607  5021  5021 D TelephonyExtensionManager: lowBatterySound - batteryLevel: 71
01-25 02:06:41.607  5021  5021 D TelephonyExtensionManager: lowBatterySound - cancel
01-25 02:06:41.607  3755  4444 D SamsungAlarmManager: Cancel Alarm calling from uid:1001 pid :5021 / op:PendingIntent{11df1ae: PendingIntentRecord{9ab141e com.android.phone broadcastIntent}}
01-25 02:06:41.608  5021  5021 D TelephonyExtension: Not stopping low battery tone
01-25 02:06:41.608  3755  5085 D ApplicationPolicy: isStatusBarNotificationAllowedAsUser: packageName = com.android.systemui,userId = -1
01-25 02:06:41.611  4621  4621 D BatteryMeterDrawable: isSomethingChanged - false
01-25 02:06:41.611  4621  4621 D BatteryMeterDrawable: isSomethingChanged - false
01-25 02:06:41.615  4621  4621 D Tile.FlashlightTile: ACTION_BATTERY_CHANGED - Level :: 71, emEnabled :: false
01-25 02:06:41.665  4621  4621 D KeyguardServiceBoxContainer: updateCMAS() hasCmasNotification = false, mHasCMAS = false
01-25 02:06:42.021  3755  4354 D SamsungAlarmManager: Expired : 8
01-25 02:06:42.024  3755  4354 I SamsungAlarmManager: setLocked to kernel - T:3 / 20190125T020942, SetElapsed=123773904, nowELAPSED=123593907
01-25 02:06:44.908  3755  3755 D TelephonyManager: getCellLocation : Caller (PID / UID / TID): 3755 / 1000 / 3755
01-25 02:06:44.974  5032  5668 D EPDG -- [SMARTWIFI]: onSignalStrengthsChanged: Received signal strength change, phone type is: 2
01-25 02:06:44.977  5032  6400 D EPDG -- [SMARTWIFI]: lastLteRSRP is -121currentLteRSRP is -120
01-25 02:06:44.978  5032  6400 D EPDG -- [SMARTWIFI]: lastLteRSRQ is -12currentLteRSRQ is -13
01-25 02:06:44.978  5032  6400 D EPDG -- [SMARTWIFI]: lastCdmaDb is -16currentCdmaDb is -16
01-25 02:06:44.978  5032  6400 V EPDG -- [SMARTWIFI]: Radio oldest entry removed
01-25 02:06:44.978  5032  6400 V EPDG -- [SMARTWIFI]: New entry : (SignalStrength: 99 99 -120 -160 -120 -1 -1 15 -120 -13 -28 2147483647 2147483647 0x1000 gsm|lte : 0 )
01-25 02:06:44.978  5032  6400 V EPDG -- [SMARTWIFI]: Radio entry added
01-25 02:06:45.056  5679  5679 D io_stats: !@   8,0 r 748319 24871924 w 572523 15436832 d 91870 8796640 f 146579 146544 iot 1013680 627113 th 61440 61440 54636 pt 2280 inp 0 0 63873.191
01-25 02:06:45.079  4621  4806 D NetworkController.MobileSignalController(0/1): onSignalStrengthsChanged signalStrength=SignalStrength: 99 99 -120 -160 -120 -1 -1 15 -120 -13 -28 2147483647 2147483647 0x1000 gsm|lte level=1
01-25 02:06:45.080  4621  4806 D NetworkController.MobileSignalController(0/1): getMobileIconGroup(): 13
01-25 02:06:45.080  4621  4806 D NetworkController.MobileSignalController(0/1): updateVZWMobileIconGroup(): 13
01-25 02:06:45.100  4621  4806 D NetworkController.MobileSignalController(0/1): callState:0, callStateByPhone:false voLTECall:false voiceNetTpe:13 dataNetType:13, ine911:false, emergencyCallbackMode:false
01-25 02:06:46.073  3755  3755 D TelephonyManager: getCellLocation : Caller (PID / UID / TID): 3755 / 1000 / 3755
01-25 02:06:46.074  4621  4806 D NetworkController.MobileSignalController(0/1): onSignalStrengthsChanged signalStrength=SignalStrength: 99 99 -120 -160 -120 -1 -1 13 -119 -13 22 2147483647 2147483647 0x1000 gsm|lte level=1
01-25 02:06:46.075  4621  4806 D NetworkController.MobileSignalController(0/1): getMobileIconGroup(): 13
01-25 02:06:46.075  4621  4806 D NetworkController.MobileSignalController(0/1): updateVZWMobileIconGroup(): 13
01-25 02:06:46.091  5032  5668 D EPDG -- [SMARTWIFI]: onSignalStrengthsChanged: Received signal strength change, phone type is: 2
01-25 02:06:46.092  5032  6400 D EPDG -- [SMARTWIFI]: lastLteRSRP is -120currentLteRSRP is -119
01-25 02:06:46.092  5032  6400 D EPDG -- [SMARTWIFI]: lastLteRSRQ is -13currentLteRSRQ is -13
01-25 02:06:46.092  5032  6400 D EPDG -- [SMARTWIFI]: lastCdmaDb is -16currentCdmaDb is -16
01-25 02:06:46.092  5032  6400 V EPDG -- [SMARTWIFI]: Radio oldest entry removed
01-25 02:06:46.092  5032  6400 V EPDG -- [SMARTWIFI]: New entry : (SignalStrength: 99 99 -120 -160 -120 -1 -1 13 -119 -13 22 2147483647 2147483647 0x1000 gsm|lte : 0 )
01-25 02:06:46.093  5032  6400 V EPDG -- [SMARTWIFI]: Radio entry added
01-25 02:06:46.096  4621  4806 D NetworkController.MobileSignalController(0/1): callState:0, callStateByPhone:false voLTECall:false voiceNetTpe:13 dataNetType:13, ine911:false, emergencyCallbackMode:false
01-25 02:06:46.573  3755  9977 D SSRM:t  : SIOP:: AP = 330, PST = 339 (W:16), CP = 273, CUR = 100, LCD = 0
01-25 02:06:46.610  3755  9977 D ConnectivityService: filterNetworkStateForUid() uid: 1000 networkInfo: [type: WIFI[] - WIFI, state: CONNECTED/CONNECTED, reason: (unspecified), extra: "wilkinson2.4", failover: false, available: true, roaming: false, metered: false]
01-25 02:06:47.547  3755  4963 E Watchdog: !@Sync 2128 [25_Jan_02_06_47.546]
01-25 02:06:49.989  3755  3755 D TelephonyManager: getCellLocation : Caller (PID / UID / TID): 3755 / 1000 / 3755
01-25 02:06:49.999  5032  5668 D EPDG -- [SMARTWIFI]: onSignalStrengthsChanged: Received signal strength change, phone type is: 2
01-25 02:06:49.999  5032  6400 D EPDG -- [SMARTWIFI]: lastLteRSRP is -119currentLteRSRP is -120
01-25 02:06:49.999  5032  6400 D EPDG -- [SMARTWIFI]: lastLteRSRQ is -13currentLteRSRQ is -13
01-25 02:06:49.999  5032  6400 D EPDG -- [SMARTWIFI]: lastCdmaDb is -16currentCdmaDb is -16
01-25 02:06:49.999  5032  6400 V EPDG -- [SMARTWIFI]: Radio oldest entry removed
01-25 02:06:50.000  5032  6400 V EPDG -- [SMARTWIFI]: New entry : (SignalStrength: 99 99 -120 -160 -120 -1 -1 16 -120 -13 -72 2147483647 2147483647 0x1000 gsm|lte : 0 )
01-25 02:06:50.000  5032  6400 V EPDG -- [SMARTWIFI]: Radio entry added
01-25 02:06:50.010  4621  4806 D NetworkController.MobileSignalController(0/1): onSignalStrengthsChanged signalStrength=SignalStrength: 99 99 -120 -160 -120 -1 -1 16 -120 -13 -72 2147483647 2147483647 0x1000 gsm|lte level=1
01-25 02:06:50.010  4621  4806 D NetworkController.MobileSignalController(0/1): getMobileIconGroup(): 13
01-25 02:06:50.010  4621  4806 D NetworkController.MobileSignalController(0/1): updateVZWMobileIconGroup(): 13
01-25 02:06:50.015  4621  4806 D NetworkController.MobileSignalController(0/1): callState:0, callStateByPhone:false voLTECall:false voiceNetTpe:13 dataNetType:13, ine911:false, emergencyCallbackMode:false
01-25 02:06:50.076  5679  5679 D io_stats: !@   8,0 r 748319 24871924 w 572526 15436852 d 91870 8796640 f 146605 146570 iot 1013760 627118 th 61440 61440 54636 pt 2280 inp 0 0 63878.212
01-25 02:06:51.030 26869 26896 D UE4     : Used memory: 172284
01-25 02:06:51.598  3755  3766 D BatteryService: !@BatteryListener : batteryPropertiesChanged!
01-25 02:06:51.598  3755  3766 D BatteryService: level:71, scale:100, status:2, health:2, present:true, voltage: 4151, temperature: 314, technology: Li-ion, AC powered:false, USB powered:true, POGO powered:false, Wireless powered:false, icon:17303694, invalid charger:0, maxChargingCurrent:0, maxChargingVoltage:0, chargeCounter:0
01-25 02:06:51.598  3755  3766 D BatteryService: online:6, current avg:967, charge type:1, power sharing:false, high voltage charger:false, capacity:280000, batterySWSelfDischarging:false, misc_event:0, current_now:998
01-25 02:06:51.598  3755  3766 D BatteryService: stay LED for charging
01-25 02:06:51.598  3755  3755 D BatteryService: Sending ACTION_BATTERY_CHANGED.
01-25 02:06:51.602  3755  3755 V UiModeManager: updateLocked: null action, mDockState=0, category=null
01-25 02:06:51.602  3755  3755 D UiModeManager: updateConfigurationLocked: mDockState=0; mCarMode=false; mNightMode=1; uiMode=17
01-25 02:06:51.604  3755  3755 D GameManagerService: new battery level: 71
01-25 02:06:51.606  4621  4621 D KeyguardUpdateMonitor: received broadcast android.intent.action.BATTERY_CHANGED
01-25 02:06:51.606  4621  4621 D KeyguardUpdateMonitor: handleBatteryUpdate
01-25 02:06:51.608  4621  4621 D PowerUI : priorPlugType = 2 mPlugType =  2
01-25 02:06:51.609  4621  4621 D PowerUI.Notification: showChargingNotice oldChargingType : 1 currentChargingType : 1 oldChargingTime : 4153000 mChargingTime : 4132000
01-25 02:06:51.610  4621  4621 D PowerUI.Notification: showChargingNotification()
01-25 02:06:51.612  5021  5021 D PhoneApp: PhoneAppBroadcastReceiver onReceive android.intent.action.BATTERY_CHANGED
01-25 02:06:51.612  5021  5021 D TelephonyExtensionManager: lowBatterySound - isLowBatterySoundScheduled: false
01-25 02:06:51.612  5021  5021 D TelephonyExtensionManager: lowBatterySound - isPlayNow: false
01-25 02:06:51.613  5021  5021 D TelephonyExtensionManager: isSpeakerON - false
01-25 02:06:51.620  5021  5021 D TelephonyExtensionManager: lowBatterySound - batteryStatus: 2
01-25 02:06:51.620  5021  5021 D TelephonyExtensionManager: lowBatterySound - batteryLevel: 71
01-25 02:06:51.620  5021  5021 D TelephonyExtensionManager: lowBatterySound - cancel
01-25 02:06:51.620  3755  7360 D SamsungAlarmManager: Cancel Alarm calling from uid:1001 pid :5021 / op:PendingIntent{3f71b4f: PendingIntentRecord{9ab141e com.android.phone broadcastIntent}}
01-25 02:06:51.621  5021  5021 D TelephonyExtension: Not stopping low battery tone
01-25 02:06:51.621  3755  7347 D ApplicationPolicy: isStatusBarNotificationAllowedAsUser: packageName = com.android.systemui,userId = -1
01-25 02:06:51.623  4621  4621 D BatteryMeterDrawable: isSomethingChanged - false
01-25 02:06:51.623  4621  4621 D BatteryMeterDrawable: isSomethingChanged - false
01-25 02:06:51.626  4621  4621 D Tile.FlashlightTile: ACTION_BATTERY_CHANGED - Level :: 71, emEnabled :: false
01-25 02:06:51.677  4621  4621 D KeyguardServiceBoxContainer: updateCMAS() hasCmasNotification = false, mHasCMAS = false
01-25 02:06:52.586  3755  3755 D TelephonyManager: getCellLocation : Caller (PID / UID / TID): 3755 / 1000 / 3755
01-25 02:06:52.595  4621  4806 D NetworkController.MobileSignalController(0/1): onSignalStrengthsChanged signalStrength=SignalStrength: 99 99 -120 -160 -120 -1 -1 13 -123 -13 8 2147483647 2147483647 0x1000 gsm|lte level=1
01-25 02:06:52.595  4621  4806 D NetworkController.MobileSignalController(0/1): getMobileIconGroup(): 13
01-25 02:06:52.595  4621  4806 D NetworkController.MobileSignalController(0/1): updateVZWMobileIconGroup(): 13
01-25 02:06:52.599  5032  5668 D EPDG -- [SMARTWIFI]: onSignalStrengthsChanged: Received signal strength change, phone type is: 2
01-25 02:06:52.600  5032  6400 D EPDG -- [SMARTWIFI]: lastLteRSRP is -120currentLteRSRP is -123
01-25 02:06:52.600  5032  6400 D EPDG -- [SMARTWIFI]: lastLteRSRQ is -13currentLteRSRQ is -13
01-25 02:06:52.600  5032  6400 D EPDG -- [SMARTWIFI]: lastCdmaDb is -16currentCdmaDb is -16
01-25 02:06:52.600  5032  6400 V EPDG -- [SMARTWIFI]: Radio oldest entry removed
01-25 02:06:52.600  5032  6400 V EPDG -- [SMARTWIFI]: New entry : (SignalStrength: 99 99 -120 -160 -120 -1 -1 13 -123 -13 8 2147483647 2147483647 0x1000 gsm|lte : 0 )
01-25 02:06:52.600  5032  6400 V EPDG -- [SMARTWIFI]: Radio entry added
01-25 02:06:52.605  4621  4806 D NetworkController.MobileSignalController(0/1): callState:0, callStateByPhone:false voLTECall:false voiceNetTpe:13 dataNetType:13, ine911:false, emergencyCallbackMode:false
01-25 02:06:55.098  5679  5679 D io_stats: !@   8,0 r 748319 24871924 w 572534 15436908 d 91870 8796640 f 146633 146598 iot 1013890 627125 th 61440 61440 54636 pt 2280 inp 0 0 63883.219
01-25 02:06:56.681  3755  9977 D SSRM:t  : SIOP:: AP = 330, PST = 338 (W:16), CP = 273, CUR = 101, LCD = 0
01-25 02:06:56.686  3755  9977 D ConnectivityService: filterNetworkStateForUid() uid: 1000 networkInfo: [type: WIFI[] - WIFI, state: CONNECTED/CONNECTED, reason: (unspecified), extra: "wilkinson2.4", failover: false, available: true, roaming: false, metered: false]
01-25 02:06:59.258  3755  4354 D SamsungAlarmManager: Expired : 4
01-25 02:06:59.276  3755  4354 D SamsungAlarmManager: setInexact Intent (T:3/F:0/AC:false) 20190125T020915 - CU:1000/CP:3755
01-25 02:06:59.281  3755  4354 I SamsungAlarmManager: setLocked to kernel - T:2 / 20190125T020740, SetElapsed=123652402, nowELAPSED=123611163
01-25 02:06:59.286  3755  4354 I SamsungAlarmManager: setLocked to kernel - T:3 / 20190125T020700, SetElapsed=123611883, nowELAPSED=123611168
01-25 02:06:59.292  3755  4354 V SamsungAlarmManager: Sending to uid : 1000 listener=android.app.AlarmManager$ListenerWrapper@9708818 alarm=Alarm{8a2e2dc type 2 when 123528905 android}
01-25 02:06:59.310  3755  4354 V SamsungAlarmManager: Sending to uid : 1000 listener=android.app.AlarmManager$ListenerWrapper@710c992 alarm=Alarm{a1cfe5 type 2 when 123528905 android}
01-25 02:06:59.314  3755  4354 V SamsungAlarmManager: Sending to uid : 1000 listener=android.app.AlarmManager$ListenerWrapper@3883deb alarm=Alarm{25b7aba type 2 when 123528905 android}
01-25 02:06:59.315  3755  4354 V SamsungAlarmManager: Sending to uid : 1000 listener=android.app.AlarmManager$ListenerWrapper@b2d9e1 alarm=Alarm{6341d6b type 2 when 123528905 android}
01-25 02:06:59.315  3755  4354 V SamsungAlarmManager: Sending to uid : 1000 listener=android.app.AlarmManager$ListenerWrapper@6aacdc7 alarm=Alarm{e950c8 type 2 when 123528905 android}
01-25 02:06:59.316  3755  4354 V SamsungAlarmManager: Sending to uid : 1000 listener=android.app.AlarmManager$ListenerWrapper@87c7f63 alarm=Alarm{ca48561 type 2 when 123528905 android}
