01-09 14:10:14.381  5024  5341 D TP/MmsProvider: query uri=content://mms/350/addr, match=13, calling pid = 7345
01-09 14:10:14.387  5024  5341 D TP/MmsProvider: query uri=content://mms/350/addr, match=13:Elapsed time : 6.076 ms
01-09 14:10:14.387  3757  5062 D AudioService: getStreamVolume 3 index 130
01-09 14:10:14.390  3757  5902 D AudioService: getStreamVolume 3 index 130
01-09 14:10:14.393  3757 10512 D AudioService: getStreamVolume 3 index 130
01-09 14:10:14.408  3757  3771 D AudioService: getStreamVolume 3 index 130
01-09 14:10:14.411  3757 32085 D AudioService: getStreamVolume 3 index 130
01-09 14:10:14.418  5024 27597 D TP/MmsProvider: query uri=content://mms/348/addr, match=13, calling pid = 7345
01-09 14:10:14.423  5024 27597 D TP/MmsProvider: query uri=content://mms/348/addr, match=13:Elapsed time : 5.500 ms
01-09 14:10:14.453  5024  5039 D TP/MmsProvider: query uri=content://mms/346/addr, match=13, calling pid = 7345
01-09 14:10:14.459  5024  5039 D TP/MmsProvider: query uri=content://mms/346/addr, match=13:Elapsed time : 5.260 ms
01-09 14:10:14.490  5024 29626 D TP/MmsProvider: query uri=content://mms/345/addr, match=13, calling pid = 7345
01-09 14:10:14.495  3757  2858 D AudioService: getStreamVolume 3 index 130
01-09 14:10:14.496  5024 29626 D TP/MmsProvider: query uri=content://mms/345/addr, match=13:Elapsed time : 5.605 ms
01-09 14:10:14.497  3757  7202 D AudioService: getStreamVolume 3 index 130
01-09 14:10:14.499  3757 31270 D AudioService: getStreamVolume 3 index 130
01-09 14:10:14.526  5024  5041 D TP/MmsProvider: query uri=content://mms/343/addr, match=13, calling pid = 7345
01-09 14:10:14.532  5024  5041 D TP/MmsProvider: query uri=content://mms/343/addr, match=13:Elapsed time : 5.882 ms
01-09 14:10:14.545  3757  7202 D AudioService: getStreamVolume 3 index 130
01-09 14:10:14.547  3757  3771 D AudioService: getStreamVolume 3 index 130
01-09 14:10:14.563  3757 29842 D AudioService: getStreamVolume 3 index 130
01-09 14:10:14.567  5024  5271 D TP/MmsProvider: query uri=content://mms/341/addr, match=13, calling pid = 7345
01-09 14:10:14.574  5024  5271 D TP/MmsProvider: query uri=content://mms/341/addr, match=13:Elapsed time : 6.446 ms
01-09 14:10:14.581  3757  5063 D AudioService: getStreamVolume 3 index 130
01-09 14:10:14.591  3757  7206 D AudioService: getStreamVolume 3 index 130
01-09 14:10:14.594  3757  5901 D AudioService: getStreamVolume 3 index 130
01-09 14:10:14.597  3757  5902 D AudioService: getStreamVolume 3 index 130
01-09 14:10:14.609  5024  6911 D TP/MmsProvider: query uri=content://mms/339/addr, match=13, calling pid = 7345
01-09 14:10:14.614  3757  4482 D AudioService: getStreamVolume 3 index 130
01-09 14:10:14.615  5024  6911 D TP/MmsProvider: query uri=content://mms/339/addr, match=13:Elapsed time : 6.043 ms
01-09 14:10:14.616  3757  7201 D AudioService: getStreamVolume 3 index 130
01-09 14:10:14.653  5024 29628 D TP/MmsProvider: query uri=content://mms/338/addr, match=13, calling pid = 7345
01-09 14:10:14.660  5024 29628 D TP/MmsProvider: query uri=content://mms/338/addr, match=13:Elapsed time : 6.887 ms
01-09 14:10:14.694  5024  5341 D TP/MmsProvider: query uri=content://mms/336/addr, match=13, calling pid = 7345
01-09 14:10:14.698  3757  4440 D AudioService: getStreamVolume 3 index 130
01-09 14:10:14.699  5024  5341 D TP/MmsProvider: query uri=content://mms/336/addr, match=13:Elapsed time : 5.254 ms
01-09 14:10:14.701  3757  5901 D AudioService: getStreamVolume 3 index 130
01-09 14:10:14.703  3757  7216 D AudioService: getStreamVolume 3 index 130
01-09 14:10:14.730  5024 27597 D TP/MmsProvider: query uri=content://mms/335/addr, match=13, calling pid = 7345
01-09 14:10:14.736  5024 27597 D TP/MmsProvider: query uri=content://mms/335/addr, match=13:Elapsed time : 5.319 ms
01-09 14:10:14.765  3757 32084 D AudioService: getStreamVolume 3 index 130
01-09 14:10:14.767  3757  7203 D AudioService: getStreamVolume 3 index 130
01-09 14:10:14.769  3757  4473 D AudioService: getStreamVolume 3 index 130
01-09 14:10:14.785  3757  7201 D AudioService: getStreamVolume 3 index 130
01-09 14:10:14.792  3757  7206 D AudioService: getStreamVolume 3 index 130
01-09 14:10:14.793  5024  5039 D TP/MmsProvider: query uri=content://mms/333/addr, match=13, calling pid = 7345
01-09 14:10:14.797  3757 32085 D AudioService: getStreamVolume 3 index 130
01-09 14:10:14.797  5024  5039 D TP/MmsProvider: query uri=content://mms/333/addr, match=13:Elapsed time : 4.092 ms
01-09 14:10:14.798  3757  5901 D AudioService: getStreamVolume 3 index 130
01-09 14:10:14.816  3757  4469 D AudioService: getStreamVolume 3 index 130
01-09 14:10:14.818  3757  7206 D AudioService: getStreamVolume 3 index 130
01-09 14:10:14.819  5024 29626 D TP/MmsProvider: query uri=content://mms/331/addr, match=13, calling pid = 7345
01-09 14:10:14.823  5024 29626 D TP/MmsProvider: query uri=content://mms/331/addr, match=13:Elapsed time : 3.743 ms
01-09 14:10:14.848  5024  5041 D TP/MmsProvider: query uri=content://mms/330/addr, match=13, calling pid = 7345
01-09 14:10:14.853  5024  5041 D TP/MmsProvider: query uri=content://mms/330/addr, match=13:Elapsed time : 4.779 ms
01-09 14:10:14.889  5024  5271 D TP/MmsProvider: query uri=content://mms/328/addr, match=13, calling pid = 7345
01-09 14:10:14.894  5024  5271 D TP/MmsProvider: query uri=content://mms/328/addr, match=13:Elapsed time : 4.134 ms
01-09 14:10:14.901  3757 32083 D AudioService: getStreamVolume 3 index 130
01-09 14:10:14.903  3757  5063 D AudioService: getStreamVolume 3 index 130
01-09 14:10:14.905  3757 10496 D AudioService: getStreamVolume 3 index 130
01-09 14:10:14.920  5024  6911 D TP/MmsProvider: query uri=content://mms/327/addr, match=13, calling pid = 7345
01-09 14:10:14.924  5024  6911 D TP/MmsProvider: query uri=content://mms/327/addr, match=13:Elapsed time : 4.356 ms
01-09 14:10:14.929  3757  3766 I art     : Background sticky concurrent mark sweep GC freed 172991(10MB) AllocSpace objects, 29(1604KB) LOS objects, 16% free, 69MB/82MB, paused 4.731ms total 194.952ms
01-09 14:10:14.951  5024 29628 D TP/MmsProvider: query uri=content://mms/326/addr, match=13, calling pid = 7345
01-09 14:10:14.955  5024 29628 D TP/MmsProvider: query uri=content://mms/326/addr, match=13:Elapsed time : 4.507 ms
01-09 14:10:14.968  3757  7216 D AudioService: getStreamVolume 3 index 130
01-09 14:10:14.973  3757  4482 D AudioService: getStreamVolume 3 index 130
01-09 14:10:14.974  3757  2858 D AudioService: getStreamVolume 3 index 130
01-09 14:10:14.983  5024 20906 D TP/MmsProvider: query uri=content://mms/325/addr, match=13, calling pid = 7345
01-09 14:10:14.986  5024 20906 D TP/MmsProvider: query uri=content://mms/325/addr, match=13:Elapsed time : 2.566 ms
01-09 14:10:14.987  3757 32084 D AudioService: getStreamVolume 3 index 130
01-09 14:10:14.993  3757  5902 D AudioService: getStreamVolume 3 index 130
01-09 14:10:14.998  3757 29839 D AudioService: getStreamVolume 3 index 130
01-09 14:10:15.000  3757  7202 D AudioService: getStreamVolume 3 index 130
01-09 14:10:15.005  5024  5272 D TP/MmsProvider: query uri=content://mms/323/addr, match=13, calling pid = 7345
01-09 14:10:15.008  5024  5272 D TP/MmsProvider: query uri=content://mms/323/addr, match=13:Elapsed time : 2.843 ms
01-09 14:10:15.016  3757  3774 I ActivityManager: Waited long enough for: ServiceRecord{7d6767c u0 com.LogiaGroup.LogiaDeck/com.digitalturbine.ignite.IgniteService}
01-09 14:10:15.017  3757  5062 D AudioService: getStreamVolume 3 index 130
01-09 14:10:15.019  3757 29842 D AudioService: getStreamVolume 3 index 130
01-09 14:10:15.028  5024  5041 D TP/MmsProvider: query uri=content://mms/324/addr, match=13, calling pid = 7345
01-09 14:10:15.029  3757  4398 D InputReader: Input event(5): value=1 when=101368320165000
01-09 14:10:15.031  3757  4398 D InputReader: !@notifyKey(172), action=0
01-09 14:10:15.031  3757  4398 D InputManager-JNI: !@interceptKeyBeforeQueueing(172), action=0, interactive=false
01-09 14:10:15.032  5024  5041 D TP/MmsProvider: query uri=content://mms/324/addr, match=13:Elapsed time : 3.419 ms
01-09 14:10:15.033  3757  4398 D SamsungPhoneWindowManager: mWakeUpBooster.acquire()
01-09 14:10:15.035  3757  4398 D PowerManagerService: [api] [s] wakeUpWithReason (uid: 1000 pid: 3757) eventTime = 101368320 event = 1
01-09 14:10:15.035  3757  4398 I PowerManagerService: !@[ps] Screen__On  - 269 :  wakeUpWithReason: 1 (uid: 1000 pid: 3757) (1)
01-09 14:10:15.036  3757  4398 I PowerManagerService: Waking up from sleep (uid 1000)...
01-09 14:10:15.036  3757  4398 D InputManager-JNI: setInteractive(true)
01-09 14:10:15.036  3757  4550 D NetworkPolicy: onScreenStateChanged, state: true, reason: 1
01-09 14:10:15.036  3757  4398 D InputReader: Device ID 3: Releasing active all slots palm because the phone became interactive
01-09 14:10:15.036  3757  4398 D PowerManagerService: [PWL] sb acquire: PowerManagerService.Broadcasts
01-09 14:10:15.037  3757  4398 D PowerManagerService: [s] getScreenOffTimeoutLocked: 600000 -> 3000
01-09 14:10:15.037  3757  4398 D PowerManagerService: [s] UserActivityState : 0 -> 1
01-09 14:10:15.037  3757  4398 D PowerManagerService: mDisplayReady: false
01-09 14:10:15.037  3757  4398 D PowerManagerService: [PWL] sb acquire: PowerManagerService.Display
01-09 14:10:15.037  3757  4550 V KeyguardServiceDelegate: onStartedWakingUp() reason:1
01-09 14:10:15.037  3757  4398 D InputManager-JNI: !@handleInterceptActions(172), action=0, wmActions=0
01-09 14:10:15.037  3757  4398 D InputManager-JNI: Disable repeat for home key when device wake up
01-09 14:10:15.037  3757  4550 D PowerManagerNotifier: handleEarlyInteractiveChange reason = 1
01-09 14:10:15.038  3757  3795 D DisplayPowerController: animateScreenStateChange[0]: target=2
01-09 14:10:15.038  3757  3795 D DisplayPowerController: [M OS] 0 REPORTED_TO_POLICY_SCREEN_OFF -> REPORTED_TO_POLICY_SCREEN_TURNING_ON.
01-09 14:10:15.038  3757  3795 I DisplayPowerController: Blocking screen on until initial contents have been drawn.
01-09 14:10:15.038  4616  5097 D KeyguardViewMediator: onStartedWakingUpWithReason, seq = 270 why = 1
01-09 14:10:15.038  4616  5097 D KeyguardViewMediator: notifyStartedWakingUp
01-09 14:10:15.038  4616  4616 D KeyguardViewMediator: handleNotifyWakingUp
01-09 14:10:15.038  3757  3795 V KeyguardServiceDelegate: onScreenTurnedOn(showListener = com.android.server.policy.PhoneWindowManager$2@f7e3f8c)
01-09 14:10:15.039  3757  3795 D DisplayPowerController: mWindowManagerPolicy.screenTurningOn(mPendingScreenOnUnblocker, 0)
01-09 14:10:15.039  3757  3795 D DisplayPowerController: animateScreenStateChange[0]: return as screen on blocked
01-09 14:10:15.039  3757  3795 D DisplayPowerController: [Dual Screen Compatible] state[0] :2
01-09 14:10:15.041  3757  4552 D AutomaticBrightnessController: [DAB] setLightSensorEnabled : registerListenerRunnable
01-09 14:10:15.041  4616  5097 D KeyguardViewMediator: notifyScreenOn
01-09 14:10:15.045  3757  4552 W CAE     : setCAProperty(ContextAwareService.java:589) - [setProperty 01] Mutex is locked for AUTO_BRIGHTNESS
01-09 14:10:15.047  3757  3757 I ActivityManager: Killing 23232:com.samsung.android.spayfw/1000 (adj 906): DHA:SPC_empty #31
01-09 14:10:15.048  3757  3795 D AutomaticBrightnessController: [DAB] no lux value from sensor manager
01-09 14:10:15.048  3757  3795 D DisplayPowerController: getFinalBrightness : Summary is 116 -> 116
01-09 14:10:15.049  3757  3795 D DisplayPowerController: Animating brightness: target=116, rate=0 (PSM:true, AB limit:(-1 ~ -1) MB Limit:(-1 ~ -1))
01-09 14:10:15.050  3757  3795 D DisplayPowerController: animateScreenStateChange[0]: target=2
01-09 14:10:15.050  4616  4616 D KeyguardFingerPrint: shouldListenForFingerprint ( isFingerprintEnabled = true , mKeyguardIsVisible = true , mDeviceInteractive = true , mBouncer = false , mGoingToSleep = false , mSwitchingUser = false , mFingerprintAlreadyAuthenticated = false , mKeyguardUnlocking = false
01-09 14:10:15.050  3757  3800 I libsuspend: !@autosuspend_wakeup_count_disable
01-09 14:10:15.050  3757  3800 I libsuspend: !@autosuspend_wakeup_count_disable done
01-09 14:10:15.050  3757  3800 D DisplayManagerService: !@display_state: OFF -> ON brightness: 0 -> 0
01-09 14:10:15.051  3757  3793 I DisplayManagerService: Display device changed state: "Built-in Screen", ON
01-09 14:10:15.051  3757  3795 D DisplayPowerController: animateScreenStateChange[0]: return as screen on blocked
01-09 14:10:15.051  3757  3795 D DisplayPowerController: [Dual Screen Compatible] state[0] :2
01-09 14:10:15.051  3757  3795 D DisplayPowerController: getFinalBrightness : Summary is 116 -> 116
01-09 14:10:15.051  3215  3215 D SurfaceFlinger: Set power mode=2, type=0 flinger=0x7effa88e80
01-09 14:10:15.051  3757  3795 D DisplayPowerController: Animating brightness: target=116, rate=2000 (PSM:true, AB limit:(-1 ~ -1) MB Limit:(-1 ~ -1))
01-09 14:10:15.051  3215  3215 I hwcomposer: int exynos_setPowerMode(struct hwc_composer_device_1 *, int, int):: disp(0), mode(2)
01-09 14:10:15.059  3757  4552 I CAE     : setPropertyValue(AutoBrightnessRunner.java:126) - Mode = 0
01-09 14:10:15.060  3757  4552 I CAE     : sendCmdToSensorHub(SensorHubCommManager.java:162) - -63, 23, 48, 1, 0,
01-09 14:10:15.060  3757  4552 D SensorHubManager: SendSensorHubData: send data = -63, 23, 48, 1, 0
01-09 14:10:15.062  3227  3262 D Sensorhubs: sendContextData: -63, 23, 48, 1, 0
01-09 14:10:15.067  4616  4616 V KeyguardFingerPrint: startListeningForFingerprint()
01-09 14:10:15.073  3757  4552 I CAE     : setCAProperty(ContextAwareService.java:594) - result : true
01-09 14:10:15.073  3757  4552 W CAE     : setCAProperty(ContextAwareService.java:595) - [setProperty 02] Mutex is unlocked for AUTO_BRIGHTNESS
01-09 14:10:15.074  3757  4552 W CAE     : registerCallback(ContextAwareService.java:155) - [regi 01] Mutex is locked for AUTO_BRIGHTNESS
01-09 14:10:15.076  3757  4552 V CAE     : start(ContextProvider.java:128)
01-09 14:10:15.077  3757  5902 D FingerprintService: getEnrolledFingerprints : userId = 0
01-09 14:10:15.078  3757  3757 D GameManagerService: onDisplayChanged. displyId: 0
01-09 14:10:15.078  3757  3757 D GameManagerService: dpi: 420, longPixel: 1920, shortPixel: 1080
01-09 14:10:15.079  3757  4482 I FingerprintService: cancelAuthentication : token=android.os.BinderProxy@e93e2cd from pid=4616, from uid=10055
01-09 14:10:15.079  3757  4552 V CAE     : clear(AutoBrightnessRunner.java:267)
01-09 14:10:15.080  3757  9599 D GameManagerService: identifyGamePackage. com.GeekTechnique.InfinityStack
01-09 14:10:15.080  3757  4552 V CAE     : enable(AutoBrightnessRunner.java:243)
01-09 14:10:15.081  3757  4552 I CAE     : sendCmdToSensorHub(SensorHubCommManager.java:162) - -79, 48, 0,
01-09 14:10:15.081  3757  4552 D SensorHubManager: SendSensorHubData: send data = -79, 48, 0
01-09 14:10:15.082  3227 28469 D Sensorhubs: sendContextData: -79, 48, 0
01-09 14:10:15.082  3757  7201 I FingerprintService: authenticate: groudId=0 from pid=4616
01-09 14:10:15.090  3757  9599 D SSRM:t  : SIOP:: AP = 360, PST = 326 (W:12), CP = 262, CUR = 289, LCD = 0
01-09 14:10:15.090  3757  4552 D CAE     : getFaultDetectionResult(AutoBrightnessRunner.java:281) - true
01-09 14:10:15.091  3757  4552 I CAE     : notifyCmdProcessResultObserver(ContextProvider.java:627) - CheckResult = 0, Cause = Success
01-09 14:10:15.092  3757  9599 D ConnectivityService: filterNetworkStateForUid() uid: 1000 networkInfo: [type: WIFI[] - WIFI, state: CONNECTED/CONNECTED, reason: (unspecified), extra: "wilkinson2.4", failover: false, available: true, roaming: false, metered: false]
01-09 14:10:15.097  4616  4616 D LockIcon: state = 0, mLastState = 0, mDeviceInteractive = true, mLastDeviceInteractive = true, mScreenOn = false, mLastScreenOn = false,  force = false
01-09 14:10:15.098  5024 27597 D TP/MmsProvider: query uri=content://mms/321/addr, match=13, calling pid = 7345
01-09 14:10:15.100  4616  7840 I KeyguardViewMediator: notifyScreenOnOffToNotes(com.samsung.android.snote.SCREEN_ON)
01-09 14:10:15.101  4616  4616 D KeyguardViewMediator: handleNotifyScreenTurningOn
01-09 14:10:15.103  5024 27597 D TP/MmsProvider: query uri=content://mms/321/addr, match=13:Elapsed time : 5.020 ms
01-09 14:10:15.104  3757  4552 D CAE     : doCommendProcess(ContextAwareService.java:444) - complete notify the operation result.
01-09 14:10:15.105  3757 32084 I Sensors : Proximity old sensor_state 1, new sensor_state : 129 en : 1
01-09 14:10:15.109  3232  3360 I reSIProcate: INFO | RESIP | StackThread.cxx:33 | StackThread start to process.
01-09 14:10:15.109  3232  3360 I reSIProcate: INFO | RESIP:TRANSACTION | TransactionState.cxx:924 | Found matching transaction for Timer: Timer E1 3000 -> tid=f3d9d6c6c1057a98 [ ClientNonInvite/Completed unreliable target=[ V4 0.0.0.0:0 UNKNOWN_TRANSPORT target domain=unspecified mFlowKey=0 ] cport =0 ] mInterface= ] transportKey=0 ]]
01-09 14:10:15.110  3232  3360 I reSIProcate: INFO | RESIP:TRANSACTION | TransactionState.cxx:1065 | TransactionState::processClientNonInvite: Timer: Timer E1 3000
01-09 14:10:15.110  3232  3360 I reSIProcate: INFO | RESIP | StackThread.cxx:31 | StackThread wait time to select:14349
01-09 14:10:15.110  3757 31269 D AudioService: getStreamVolume 3 index 130
01-09 14:10:15.112  3757  9599 D TelephonyManager: getAllCellInfo : Caller (PID / UID / TID): 3757 / 1000 / 9599
01-09 14:10:15.113  3757 29842 D AudioService: getStreamVolume 3 index 130
01-09 14:10:15.116  3757  6272 D AudioService: getStreamVolume 3 index 130
01-09 14:10:15.116  3757  4552 I CAE     : displayUsedCountForService(ContextAwareService.java:536) - totalCnt = 1, serviceCount = 1, subCollectionCount = 0
01-09 14:10:15.117  3757  4552 D CAE     : showListenerList(ContextAwareService.java:377) - ===== Context Aware Service List =====
01-09 14:10:15.117  3757  4552 I CAE     : showListenerList(ContextAwareService.java:386) - Listener : com.samsung.android.contextaware.manager.ContextAwareService$Listener@ede0346, Service : ACTIVITY_TRACKER_CURRENT_INFO(1)
01-09 14:10:15.117  3757  4469 D ActivityManager: cleanUpApplicationRecord -- 23232
01-09 14:10:15.118  3757  4552 I CAE     : showListenerList(ContextAwareService.java:386) - Listener : com.samsung.android.contextaware.manager.ContextAwareService$Listener@a1e54e0, Service : PEDOMETER(1)
01-09 14:10:15.118  3757  4552 I CAE     : showListenerList(ContextAwareService.java:386) - Listener : com.samsung.android.contextaware.manager.ContextAwareService$Listener@a1e54e0, Service : PEDOMETER_CURRENT_INFO(1)
01-09 14:10:15.118  3757  5901 E PaymentManagerService: Error: Framework App dead, unloading loaded TAs
01-09 14:10:15.118  3757  5901 E PaymentManagerService: Error: Client stopped. Clearing Databstructures for com.samsung.android.spayfw
01-09 14:10:15.118  3757  5901 D PaymentManagerService: PaymentManagerService() - Valid Caller
01-09 14:10:15.118  3757  5901 E PaymentManagerService: PaymentTZNative::unloadTA called for TA that is not loaded. Call Ignored
01-09 14:10:15.118  3757  5901 D PaymentManagerService: PaymentManagerService() - Valid Caller
01-09 14:10:15.118  3757  5901 E PaymentManagerService: PaymentTZNative::unloadTA called for TA that is not loaded. Call Ignored
01-09 14:10:15.119  3757  4552 I CAE     : showListenerList(ContextAwareService.java:386) - Listener : com.samsung.android.contextaware.manager.ContextAwareService$Listener@be8214b, Service : ACTIVITY_TRACKER_BATCH(1)
01-09 14:10:15.119  3757  5901 D PaymentManagerService: PaymentManagerService() - Valid Caller
01-09 14:10:15.119  3757  5901 E PaymentManagerService: PaymentTZNative::unloadTA called for TA that is not loaded. Call Ignored
01-09 14:10:15.119  3757  5901 D PaymentManagerService: PaymentManagerService() - Valid Caller
01-09 14:10:15.119  3757  5901 E PaymentManagerService: PaymentTZNative::unloadTA called for TA that is not loaded. Call Ignored
01-09 14:10:15.119  3757  5901 D PaymentManagerService: PaymentManagerService() - Valid Caller
01-09 14:10:15.119  3757  5901 E PaymentManagerService: PaymentTZNative::unloadTA called for TA that is not loaded. Call Ignored
01-09 14:10:15.119  3757  5901 D PaymentManagerService: PaymentManagerService() - Valid Caller
01-09 14:10:15.119  3757  4469 W ActivityManager: Scheduling restart of crashed service com.samsung.android.spayfw/com.samsung.contextservice.system.ContextService in 1000ms
01-09 14:10:15.119  3757  5901 E PaymentManagerService: PaymentTZNative::unloadTA called for TA that is not loaded. Call Ignored
01-09 14:10:15.119  3757  5901 D PaymentManagerService: PaymentManagerService() - Valid Caller
01-09 14:10:15.119  3757  5901 E PaymentManagerService: PaymentTZNative::unloadTA called for TA that is not loaded. Call Ignored
01-09 14:10:15.119  3757  5901 D PaymentManagerService: PaymentManagerService() - Valid Caller
01-09 14:10:15.119  3757  5901 E PaymentManagerService: PaymentTZNative::unloadTA called for TA that is not loaded. Call Ignored
01-09 14:10:15.119  3757  4552 I CAE     : showListenerList(ContextAwareService.java:386) - Listener : com.samsung.android.contextaware.manager.ContextAwareService$Listener@18edc41, Service : STEP_LEVEL_MONITOR(1)
01-09 14:10:15.119  3757  4552 I CAE     : showListenerList(ContextAwareService.java:386) - Listener : com.samsung.android.contextaware.manager.ContextAwareService$Listener@4e90faf, Service : SENSOR_STATUS_CHECK_RUNNER(1)
01-09 14:10:15.120  3757  4552 I CAE     : showListenerList(ContextAwareService.java:386) - Listener : com.samsung.android.contextaware.manager.ContextAwareService$Listener@ba03782, Service : AUTO_BRIGHTNESS(1)
01-09 14:10:15.120  3757  4552 W CAE     : registerCallback(ContextAwareService.java:191) - [regi 02] Mutex is unlocked for AUTO_BRIGHTNESS
01-09 14:10:15.120  3757  4552 D SemContextService: 	.registerCallback : 4, client=
01-09 14:10:15.120  3757  4552 D SemContextService: ===== SemContext Service List =====
01-09 14:10:15.120  3757  4552 D SemContextService: Listener : com.samsung.android.hardware.context.SemContextService$Listener@8069509, Service : Pedometer
01-09 14:10:15.120  3757  4552 D SemContextService: Listener : com.samsung.android.hardware.context.SemContextService$Listener@8069509, Service : Step Level Monitor
01-09 14:10:15.120  3757  4552 D SemContextService: Listener : com.samsung.android.hardware.context.SemContextService$Listener@6fd3728, Service : Activity Batch
01-09 14:10:15.120  3757  4552 D SemContextService: Listener : com.samsung.android.hardware.context.SemContextService$Listener@a5d2fbc, Service : Sensor Status Check
01-09 14:10:15.120  3757  4552 D SemContextService: Listener : com.samsung.android.hardware.context.SemContextService$Listener@4ad6e93, Service : Auto Brightness
01-09 14:10:15.120  3757  4552 D SemContextManager:   .registerListener : listener = android.hardware.scontext.SContextManager$SContextListenerDelegate@bab1b51, service=Auto Brightness
01-09 14:10:15.120  3757  4552 D SContextManager:   .registerListener : listener = com.android.server.display.AutomaticBrightnessController$5@265e6d5, service=Auto Brightness
01-09 14:10:15.120  3757  4552 D PowerManagerUtil: Excessive delay in SensorHubAutoBrightnessEnabled::registerListener done: 80ms
01-09 14:10:15.122  6011  6027 D ForegroundUtils: could not check pending caller
01-09 14:10:15.124  4616  4616 D SensorManager: registerListener :: 5, TMD4903 Proximity Sensor, 20000, 0,  
01-09 14:10:15.124  4616  4616 D KeyguardServiceBoxContainer: refreshTime()
01-09 14:10:15.124  4616  4616 I KeyguardClockPage: refreshTime(): DefaultSingle2016 hometime:America/New_York locale:en_US hasBG?false, Roaming:false
01-09 14:10:15.130  5024  5341 D TP/MmsProvider: query uri=content://mms/319/addr, match=13, calling pid = 7345
01-09 14:10:15.130  4616  4616 D WallpaperViewController: onScreenTurningOn
01-09 14:10:15.130  4616  4616 D WallpaperViewController: mWallpaperView.onResume()
01-09 14:10:15.130  4616  4616 D KeyguardViewMediator: IKeyguardDrawnCallback.onDrawn()
01-09 14:10:15.130  3757  3770 V KeyguardServiceDelegate: **** SHOWN CALLED ****
01-09 14:10:15.133  5024  5341 D TP/MmsProvider: query uri=content://mms/319/addr, match=13:Elapsed time : 3.332 ms
01-09 14:10:15.141  3268  3268 D bauth_service: BAuthService, 371
01-09 14:10:15.141  3268  3268 D bauth_FPBAuthService: thread id : 3, preenroll_flag : 0, nd cnt : 0
01-09 14:10:15.141  3268  3268 D bauth_service: BAuthService, 390
01-09 14:10:15.144  3757  3757 D FingerprintService: ClientMonitor: 10000000000000000000000000010111
01-09 14:10:15.144  3268  3268 V fingerprintd: authenticate(sid=0, gid=0)
01-09 14:10:15.144  3268  3268 D bauth_service: BAuthService, 324
01-09 14:10:15.144  3268  3268 D bauth_service: BAuthService, 54
01-09 14:10:15.146  3757  4332 I Sensors : ProximitySensor - 8(cm)
01-09 14:10:15.150  3268  7841 D bauth_FPBAuthService: FPBAuthService, 649
01-09 14:10:15.150  3608  3608 D InstantMemo_Service: mScreenReceiver
01-09 14:10:15.150  3268  7841 D bauth_FPBAuthSensorControl: FPBAuthSensorControl, 304
01-09 14:10:15.150  3268  7841 D bauth_FPBAuthService: FPBAuthService, 666
01-09 14:10:15.151  3268  7841 D bauth_FPBAuthService: FPBAuthService, 3123
01-09 14:10:15.151  3268  7841 I TLC_BAUTH: Call FUNC ID 0x3 , 1;477
01-09 14:10:15.151  3268  7841 I TLC_BAUTH: input memory already allocated;579
01-09 14:10:15.151  3268  7841 I TLC_BAUTH: output memory already allocated;606
01-09 14:10:15.151  3268  7841 I TLC_BAUTH: Call FP cmd 0x11;327
01-09 14:10:15.151  3268  7841 I tlc_communication: Send Trustlet TCI Message;214
01-09 14:10:15.151  3608  3608 D InstantMemo_Service: onReceive mScreenStatuscom.samsung.android.snote.SCREEN_ON
01-09 14:10:15.152  3608  3608 D InstantMemo_Service: mPISCloseReceiver close()
01-09 14:10:15.152  3268  7841 I tlc_communication: mcNotify is completed;224
01-09 14:10:15.153  3268  7841 I tlc_communication: mcWaitNotification is completed;237
01-09 14:10:15.153  3268  7841 I TLC_BAUTH: Check the Trustlet return code is completed;362
01-09 14:10:15.153  3268  7841 I TLC_BAUTH: ion alloc dm;646
01-09 14:10:15.153  3268  7841 I TLC_BAUTH: Call FP cmd 0x12;379
01-09 14:10:15.153  3757  4398 D InputReader: Input event(5): value=0 when=101368444564000
01-09 14:10:15.153  3268  7841 I tlc_communication: Send Trustlet TCI Message;214
01-09 14:10:15.153  3268  7841 I tlc_communication: mcNotify is completed;224
01-09 14:10:15.153  3757  4398 D InputReader: !@notifyKey(172), action=1
01-09 14:10:15.153  3757  4398 D InputManager-JNI: !@interceptKeyBeforeQueueing(172), action=1, interactive=true
01-09 14:10:15.155  3268  3268 D bauth_Worker: Worker, 48
01-09 14:10:15.155  3268  3268 D bauth_FPBAuthService: thread id : 3, preenroll_flag : 0, nd cnt : 0
01-09 14:10:15.155  3757  4398 D InputManager-JNI: !@handleInterceptActions(172), action=1, wmActions=1
01-09 14:10:15.155  3268  3268 D bauth_service: BAuthService, 365
01-09 14:10:15.155  3757  3757 W FingerprintService: startAuthentication FP_FINISH (11ms) RESULT: 0
01-09 14:10:15.156  3608  3608 D InstantMemo_Service: preInitService Close
01-09 14:10:15.157  3608  3608 D InstantMemo_Service: doStopSelf() mDestroy is false mReStart is 0
01-09 14:10:15.158  3268  7841 I tlc_communication: mcWaitNotification is completed;237
01-09 14:10:15.158  3268  7841 I TLC_BAUTH: Check the Trustlet return code is completed;406
01-09 14:10:15.158  3268  7841 I TLC_BAUTH: FUNC ID 0x3 is completed;675
01-09 14:10:15.158  3268  7841 D bauth_FPBAuthService: FPBAuthService, 694
01-09 14:10:15.158  3757  3757 D LightsService: [api] [SvcLED] turnOff:: id = 5 (uid: 1000 pid: 3757) 
01-09 14:10:15.158  3757  3757 D PowerManagerUtil: fileWriteString to /sys/power/wake_lock, LightsService
01-09 14:10:15.159  3757  4397 I WindowManager: Ignoring HOME; down is not pressed.
01-09 14:10:15.159  3757  3757 D LightsService: [SvcLED] setSvcLedStateLocked:: SvcLEDState : 0x10 -> 0x0 | SvcLED(id=5) set Off
01-09 14:10:15.159  3757  3757 D BatteryService: turn off LED
01-09 14:10:15.161  3608  3608 D ViewRootImpl@c5dc595[InstantMemo_Service]: mHardwareRenderer.destroy()#4
01-09 14:10:15.161  5024  7785 D TP/MmsProvider: query uri=content://mms/318/addr, match=13, calling pid = 7345
01-09 14:10:15.163  3757  3799 D LightsService: [SvcLED] handleForcedSvcLEDTask()
01-09 14:10:15.163  3757  3799 D lights  : led_pattern : 0 +
01-09 14:10:15.163  4616  4616 D SensorManager: Proximity, val = 8.0  [far]
01-09 14:10:15.163  4616  4616 D ViewRootImpl@151652b[StatusBar]: MSG_RESIZED_REPORT: ci=Rect(0, 0 - 0, 0) vi=Rect(0, 0 - 0, 0) or=1
01-09 14:10:15.164  3268  7841 D bauth_FPBAuthSensorControl: FPBAuthSensorControl, 346
01-09 14:10:15.164  3268  7841 D bauth_FPBAuthService: FPBAuthService, 706
01-09 14:10:15.164  3268  7841 D bauth_FPBAuthService: FPBAuthService, 3142
01-09 14:10:15.164  3608  3608 D InstantMemo_Service: doStopSelf() - end
01-09 14:10:15.165  3608  3608 D ViewRootImpl@c5dc595[InstantMemo_Service]: dispatchDetachedFromWindow
01-09 14:10:15.165  5024  7785 D TP/MmsProvider: query uri=content://mms/318/addr, match=13:Elapsed time : 3.738 ms
01-09 14:10:15.165  3757  3799 D lights  : led_pattern : 0 -
01-09 14:10:15.165  3757  3799 D LightsService: [SvcLED]  setSvcLedLightLocked :: Current SvcLED(id=5) maintains its priority right
01-09 14:10:15.165  3757  3799 D PowerManagerUtil: fileWriteString to /sys/power/wake_unlock, LightsService
01-09 14:10:15.166  3757 29840 D WindowManager: disposeInputChannel mInputChannel: c8bd761 com.samsung.android.snote.control.ui.quickmemo.service.InstantMemo_Service (server)
01-09 14:10:15.166  3757 29840 W AppOps  : Finishing op nesting under-run: uid 10160 pkg com.samsung.android.snote code 64 time=0 duration=0 nesting=0
01-09 14:10:15.166  3268  7841 D bauth_FPBAuthSensorControl: FPBAuthSensorControl, 552
01-09 14:10:15.166  3268  7841 I TLC_BAUTH: Call FP cmd 0x1;841
01-09 14:10:15.167  3268  7841 I tlc_communication: Send Trustlet TCI Message;214
01-09 14:10:15.167  3268  7841 I tlc_communication: mcNotify is completed;224
01-09 14:10:15.168  3757  3757 I CAE     : handleMessage(CaPowerManager.java:188) - AP_WAKEUP
01-09 14:10:15.169  3757  3757 I CAE     : updateApPowerStatus(SensorHubParserProvider.java:451) - AP_WAKEUP
01-09 14:10:15.170  3757 29840 D InputTransport: Input channel destroyed: fd=406
01-09 14:10:15.172  3757  3757 I CAE     : sendCmdToSensorHub(SensorHubCommManager.java:162) - -76, 13, -47, 0,
01-09 14:10:15.172  3608  3608 D InputTransport: Input channel destroyed: fd=54
01-09 14:10:15.172  3757  3757 D SensorHubManager: SendSensorHubData: send data = -76, 13, -47, 0
01-09 14:10:15.172  3227 28468 D Sensorhubs: sendContextData: -76, 13, -47, 0
01-09 14:10:15.177  3608  3608 D InstantMemo_Service: onDestroy()
01-09 14:10:15.178  3608  3608 E SpenGLInView: setPageDoc is closed
01-09 14:10:15.178  3608  3608 D SPen_Library: GLCanvas static jboolean SPen::GLCanvasGlue::setPageDoc(JNIEnv*, jclass, jlong, jobject, jboolean) canvas = -600715264 pageDoc = 0 isUpdate = false
01-09 14:10:15.178  3608  3608 E SPen_Library: virtual bool SPen::WorkerThreadImpl::WaitForExecution(). Worker is on pause (Queued task: 0). No task executed executed.
01-09 14:10:15.178  3608  3608 D spe_log : static void SPen::BitmapGL::destroyGLBitmap(SPen::BitmapGL*) bitmap is null
01-09 14:10:15.178  3608  3608 D spe_log : static void SPen::BitmapGL::destroyGLBitmap(SPen::BitmapGL*) bitmap is null
01-09 14:10:15.178  3608  3608 D SPen_Library: SetPageDoc: PageDoc is null..
01-09 14:10:15.179  3608  3608 D SPen_Library: GLCanvas static void SPen::GLCanvasGlue::finalize(JNIEnv*, jclass, jlong) canvas = -600715264
01-09 14:10:15.179  3608  3608 D SPen_Library: GLCanvas virtual void SPen::GLCanvas::ClearData()
01-09 14:10:15.179  3608  3608 E SPen_Library: virtual bool SPen::WorkerThreadImpl::WaitForExecution(). Worker is on pause (Queued task: 5). No task executed executed.
01-09 14:10:15.179  3608  3608 D SPen_Library: virtual SPen::WorkerThreadImpl::~WorkerThreadImpl() Cleanup
01-09 14:10:15.179  3608  3608 E SPen_Library: virtual bool SPen::WorkerThreadImpl::WaitForExecution(). Worker is on pause (Queued task: 0). No task executed executed.
01-09 14:10:15.179  3608  3608 E SPen_Library: virtual bool SPen::WorkerThreadImpl::WaitForExecution(). Worker is on pause (Queued task: 0). No task executed executed.
01-09 14:10:15.179  3608  3608 D spe_log : static void SPen::BitmapGL::destroyGLBitmap(SPen::BitmapGL*) bitmap is null
01-09 14:10:15.179  3608  3608 D spe_log : static void SPen::BitmapGL::destroyGLBitmap(SPen::BitmapGL*) bitmap is null
01-09 14:10:15.179  3608  3608 D SPen_Library: SetPageDoc: PageDoc is null..
01-09 14:10:15.179  3608  3608 D SPen_Library: virtual SPen::WorkerThreadImpl::~WorkerThreadImpl() Cleanup
01-09 14:10:15.180  3608  3608 D spe_log : static void SPen::BitmapGL::destroyGLBitmap(SPen::BitmapGL*) bitmap is null
01-09 14:10:15.180  3608  3608 D spe_log : static void SPen::BitmapGL::destroyGLBitmap(SPen::BitmapGL*) bitmap is null
01-09 14:10:15.180  3608  3608 D spe_log : static void SPen::BitmapGL::destroyGLBitmap(SPen::BitmapGL*) bitmap is null
01-09 14:10:15.180  3608  3608 D spe_log : static void SPen::BitmapGL::destroyGLBitmap(SPen::BitmapGL*) bitmap is null
01-09 14:10:15.180  3608  3608 D spe_log : static void SPen::BitmapGL::destroyGLBitmap(SPen::BitmapGL*) bitmap is null
01-09 14:10:15.180  3608  3608 D spe_log : static void SPen::BitmapGL::destroyGLBitmap(SPen::BitmapGL*) bitmap is null
01-09 14:10:15.180  3608  3608 D spe_log : static void SPen::BitmapGL::destroyGLBitmap(SPen::BitmapGL*) bitmap is null
01-09 14:10:15.180  3608  3608 D spe_log : static void SPen::BitmapGL::destroyGLBitmap(SPen::BitmapGL*) bitmap is null
01-09 14:10:15.180  3608  3608 D spe_log : static void SPen::BitmapGL::destroyGLBitmap(SPen::BitmapGL*) bitmap is null
01-09 14:10:15.180  3608  3608 D spe_log : static void SPen::BitmapGL::destroyGLBitmap(SPen::BitmapGL*) bitmap is null
01-09 14:10:15.180  3608  3608 D spe_log : static void SPen::BitmapGL::destroyGLBitmap(SPen::BitmapGL*) bitmap is null
01-09 14:10:15.180  3608  3608 D spe_log : static void SPen::BitmapGL::destroyGLBitmap(SPen::BitmapGL*) bitmap is null
01-09 14:10:15.180  3608  3608 D spe_log : -----  SPen::PageEffectManager::~PageEffectManager()
01-09 14:10:15.180  3608  3608 D spe_log : ----- void SPen::PageEffectManager::destroyEffect()
01-09 14:10:15.180  3608  3608 E SPen_Library: virtual bool SPen::WorkerThreadImpl::WaitForExecution(). Worker is on pause (Queued task: 10). No task executed executed.
01-09 14:10:15.180  3608  3608 D SPen_Library: TextView SPen::TextView::~TextView()
01-09 14:10:15.180  3608  3608 D SPen_Library: TextDrawing SPen::TextDrawing::~TextDrawing()
01-09 14:10:15.181  3608  3608 D SPen_Library: TextView SPen::TextView::~TextView()
01-09 14:10:15.181  3608  3608 D SPen_Library: TextDrawing SPen::TextDrawing::~TextDrawing()
01-09 14:10:15.181  3608  3608 D SPen_Library: TextView SPen::TextView::~TextView()
01-09 14:10:15.181  3608  3608 D SPen_Library: TextDrawing SPen::TextDrawing::~TextDrawing()
01-09 14:10:15.181  3608  3608 D SPen_Library: TextView SPen::TextView::~TextView()
01-09 14:10:15.181  3608  3608 D SPen_Library: TextDrawing SPen::TextDrawing::~TextDrawing()
01-09 14:10:15.181  3608  3608 I PluginManager: unloadPlugin()
01-09 14:10:15.181  3608  3608 I PluginManager: InkPen
01-09 14:10:15.182  3608  3608 D SPen_Library: InkPenSkia virtual SPen::InkPenSkia::~InkPenSkia()
01-09 14:10:15.182  3608  3608 I PluginManager: unloadPlugin() is completed
01-09 14:10:15.182  3608  3608 D SPen_Library: virtual SPen::WorkerThreadImpl::~WorkerThreadImpl() Cleanup
01-09 14:10:15.182  3608  3608 D SPen_Library: void SPen::ShaderManager::CheckEmpty() All shaders was cleaned
01-09 14:10:15.182  3608  3608 D SPen_Library: Canvas virtual void SPen::GLCanvas::ClearData() completed
01-09 14:10:15.183  3757  3757 D ClientCertificateManager Service: updateLockStatus, user.id 0
01-09 14:10:15.183  3757  3757 I         : CCM JNI: In ccm_update_lock_status
01-09 14:10:15.183  3757  3757 I TZ_CCM_C_Initialize: : DEBUG_CONTAINER_PROBLEM Enter TZ_CCM_C_Initialize_TLC!
01-09 14:10:15.183  3757  3757 I TZ_CCM_C_Initialize: : pInitArgs 0x7ff565ad40 has not called C_Init before.
01-09 14:10:15.183  3757  3757 I TZ_CCM_C_Initialize: : &ctx = 0x7851f892c8
01-09 14:10:15.183  3757  3757 E TZ: client_server_communication: comm_request(0x7839440000) pImpl->serverName : CCM 
01-09 14:10:15.183  3757  3757 E TZ: client_server_communication: comm_request(0x7839440000) <IClientServer>pImpl->sconn : 0x78498dcf80 
01-09 14:10:15.183  3757  3757 E TZ: client_server_communication: comm_request(0x7839440000) <IClientServer>pImpl->sconn->getInterfaceDescriptor() : CCM 
01-09 14:10:15.183  3757  3757 I TZ: client_server_communication: Cmd id = 47, len = 19456
01-09 14:10:15.183  3757  3757 I TZ: client_server_communication: Calling Communicate()
01-09 14:10:15.184  3757 29841 D AudioService: getStreamVolume 3 index 130
01-09 14:10:15.184  4369  4376 I TLC_SERVER: BnTLCServer::onTransact(2) 16
01-09 14:10:15.184  4369  4376 I TLC_SERVER: COMM
01-09 14:10:15.186  3757 31269 I NotificationService: cancelToast pkg=com.samsung.android.snote callback=android.app.ITransientNotification$Stub$Proxy@288dec9
01-09 14:10:15.186  3757 31269 W NotificationService: Toast already cancelled. pkg=com.samsung.android.snote callback=android.app.ITransientNotification$Stub$Proxy@288dec9
01-09 14:10:15.186  3757 32085 D AudioService: getStreamVolume 3 index 130
01-09 14:10:15.186  3608  3608 V ZoomPad : stop
01-09 14:10:15.186  3608  3608 V ZoomPad : syn close
01-09 14:10:15.187  3757  5063 I Sensors : Acc old sensor_state 129, new sensor_state : 128 en : 0
01-09 14:10:15.187  3757  4440 D AudioService: getStreamVolume 3 index 130
01-09 14:10:15.188  5024  6911 D TP/MmsProvider: query uri=content://mms/317/addr, match=13, calling pid = 7345
01-09 14:10:15.190  3757  5062 D AudioService: getStreamVolume 3 index 130
01-09 14:10:15.191  5024  6911 D TP/MmsProvider: query uri=content://mms/317/addr, match=13:Elapsed time : 2.022 ms
01-09 14:10:15.192  3757  3757 I TZ_CCM_C_Finalize: : DEBUG_CONTAINER_PROBLEM Exercising TZ_CCM_C_Finalize_TLC
01-09 14:10:15.192  3757  3757 I TZ_CCM_C_Finalize: : There are connections; No C_Finalize for pInitArgs 0x7ff565ad40 
01-09 14:10:15.193  5024  5209 I System.out: Broadcasting: Intent { act=android.intent.action.LTE_SMS_STATUS launchParam=MultiScreenLaunchParams { mDisplayId=0 mFlags=0 } (has extras) }
01-09 14:10:15.197  3757  3757 D UniversalCredentialManagerService: inside mBReciever onReceive : android.intent.action.SCREEN_ON
01-09 14:10:15.197  3608  3608 D SensorManager: unregisterListener ::   
01-09 14:10:15.197  3608  3608 D InstantMemo_Service: onDestroy() - end
01-09 14:10:15.199  3757  3757 D UniversalCredentialManagerService: ****MSG_LOCK_STATUS_UPDATE block started****
01-09 14:10:15.199  3757  3757 D UniversalCredentialManagerService: notifyChangeToPlugin is called for Lock status update...
01-09 14:10:15.199  3757  3757 D UcmService: notifyChangeToPlugin event 15
01-09 14:10:15.199  3757  3757 D UcmService: checkCallerPermissionFor is called for method-notifyChangeToPlugin
01-09 14:10:15.200  3757  3757 I UcmService: checkIfNotify for cs Name = com.samsung.ucs.agent.boot:com.samsung.ucs.agent.boot Package name = com.samsung.ucs.agent.boot
01-09 14:10:15.200  3757  3757 D UcmService: notifying to unmanaged plugin
01-09 14:10:15.200  5024 29627 I System.out: Broadcast completed: result=0
01-09 14:10:15.200  3757 32084 D AudioService: getStreamVolume 3 index 130
01-09 14:10:15.201  9678  9690 D BootAgentService: notifyChange eventId-15
01-09 14:10:15.201  3757  2859 D AudioService: getStreamVolume 3 index 130
01-09 14:10:15.202  3757  3757 D UcmService: activeAgent com.samsung.ucs.agent.boot:com.samsung.ucs.agent.boot notify status - -1
01-09 14:10:15.202  3757  3757 D UcmService: activeAgent status--1
01-09 14:10:15.202  3757  3757 D UniversalCredentialManagerService: ****MSG_LOCK_STATUS_UPDATE block ended****
01-09 14:10:15.202  3757  7204 I ActivityManager: Killing 1240:com.android.defcontainer/u0a7 (adj 906): DHA:empty #31
01-09 14:10:15.202  3757 29841 D AudioService: getStreamVolume 3 index 130
01-09 14:10:15.204  3227  3261 D Sensorhubs: readContextData: 1, 1, 44, 1, 1, 4, 4, 16, -11, 81, 1, 0, 0, 0, 0, 0, 0, 0, 0, 0, 6, -125, 2, 0, 0, 0, 0, 0, 0, 0, 0, 2, -73, -84, 2, 0, 0, 0, 0, 0, 0, 0, 0, 9, 39, -64, 2, 0, 0, 0, 0, 0, 0, 0, 0, 0, 38, 70
01-09 14:10:15.205  3757  4361 D SensorHubManager: onGetSensorHubDataLocked: library(58) = 1, 1, 44, 1, 1, 4, 4, 16, -11, 81, 1, 0, 0, 0, 0, 0, 0, 0, 0, 0, 6, -125, 2, 0, 0, 0, 0, 0, 0, 0, 0, 2, -73, -84, 2, 0, 0, 0, 0, 0, 0, 0, 0, 9, 39, -64, 2, 0, 0, 0, 0, 0, 0, 0, 0, 0, 38, 70
01-09 14:10:15.206  3757  4360 D CAE     : onGetSensorHubData(SensorHubParserProvider.java:94) - onGetSensorHubData Event [event buffer len :58], AP_WAKEUP
01-09 14:10:15.206  3757  4360 I CAE     : parse(SensorHubParserProvider.java:196) - buffer size = 58
01-09 14:10:15.207  3757  4360 I CAE     : parse(SensorHubParserProvider.java:207) - 1, 1, 44, 1, 1, 4, 4, 16, -11, 81, 1, 0, 0, 0, 0, 0, 0, 0, 0, 0, 6, -125, 2, 0, 0, 0, 0, 0, 0, 0, 0, 2, -73, -84, 2, 0, 0, 0, 0, 0, 0, 0, 0, 9, 39, -64, 2, 0, 0, 0, 0, 0, 0, 0, 0, 0, 38, 70,
01-09 14:10:15.207  3757  4360 I CAE     : parse(SLMonitorRunner.java:301) - parse:4
01-09 14:10:15.208  3757  4360 D CAE     : parse(SLMonitorRunner.java:323) - dataSize:4
01-09 14:10:15.209  3757  4360 D CAE     : display(SLMonitorRunner.java:604) - ================= STEP_LEVEL_MONITOR =================
01-09 14:10:15.210  3757  4360 I CAE     : display(SLMonitorRunner.java:721) - DT=[1], DC=[4], TS=[1547060220241], ST=[ST,SE,SE,SE], SC=[0,0,0,0], DI=[0.0,0.0,0.0,0.0], CA=[0.0,0.0,0.0,0.0], DU=[1667,178092,600000,9798]
01-09 14:10:15.211  3757  4364 D SemContextService: updateContext() : event = Step Level Monitor
01-09 14:10:15.213 11359 11359 D SemContextManager: onSemContextChanged() : event = Step Level Monitor
01-09 14:10:15.214 11359 11359 I Sensor[0x06]: [0x01] 33
01-09 14:10:15.214 11359 11359 I Sensor[0x04]: [0x01] 1547060220241[0x02] 0[0x03] 1[0x04] 1667
01-09 14:10:15.214  3757  3757 I WifiTrafficPoller: evaluateTrafficStatsPolling
01-09 14:10:15.214 11359 11359 I Sensor[0x04]: [0x01] 1547060221908[0x02] 0[0x03] 2[0x04] 178092
01-09 14:10:15.214 11359 11359 I Sensor[0x04]: [0x01] 1547060400000[0x02] 0[0x03] 2[0x04] 600000
01-09 14:10:15.214 11359 11359 I Sensor[0x04]: [0x01] 1547061000000[0x02] 0[0x03] 2[0x04] 9798
01-09 14:10:15.215  5024  5272 D TP/MmsProvider: query uri=content://mms/315/addr, match=13, calling pid = 7345
01-09 14:10:15.222  5024  5272 D TP/MmsProvider: query uri=content://mms/315/addr, match=13:Elapsed time : 6.944 ms
01-09 14:10:15.223  3757  5902 D AudioService: getStreamVolume 3 index 130
01-09 14:10:15.223  3757  3757 D LightsService: [api] [SvcLED] turnOff:: id = 6 (uid: 1000 pid: 3757) 
01-09 14:10:15.223  3757  3757 D PowerManagerUtil: fileWriteString to /sys/power/wake_lock, LightsService
01-09 14:10:15.223  3757  3757 D LightsService: [SvcLED] setSvcLedStateLocked:: SvcLEDState : 0x0 -> 0x0 | SvcLED(id=6) set Off
01-09 14:10:15.224  3757  3799 D LightsService: [SvcLED] handleForcedSvcLEDTask()
01-09 14:10:15.224  3757  3799 D LightsService: [SvcLED]  setSvcLedLightLocked :: Current SvcLED(id=5) maintains its priority right
01-09 14:10:15.224  3227  3261 D Sensorhubs: readContextData: 1, 1, 48, 0, 0, 0, 50, 0, 0, 0, 12
01-09 14:10:15.224  3757  3799 D PowerManagerUtil: fileWriteString to /sys/power/wake_unlock, LightsService
01-09 14:10:15.224  3757 32084 D AudioService: getStreamVolume 3 index 130
01-09 14:10:15.224  3757  4361 D SensorHubManager: onGetSensorHubDataLocked: library(11) = 1, 1, 48, 0, 0, 0, 50, 0, 0, 0, 12
01-09 14:10:15.225  3757  4458 I WifiConnectivityManager: scheduleWatchdogTimer
01-09 14:10:15.225  3757  4360 D CAE     : onGetSensorHubData(SensorHubParserProvider.java:94) - onGetSensorHubData Event [event buffer len :11], AP_WAKEUP
01-09 14:10:15.225  3757  3770 D ActivityManager: cleanUpApplicationRecord -- 1240
01-09 14:10:15.225  3757  4360 I CAE     : parse(SensorHubParserProvider.java:196) - buffer size = 11
01-09 14:10:15.225  3757  4360 I CAE     : parse(SensorHubParserProvider.java:207) - 1, 1, 48, 0, 0, 0, 50, 0, 0, 0, 12,
01-09 14:10:15.226  3757  4360 D CAE     : display(ContextProvider.java:375) - ================= AUTO_BRIGHTNESS =================
01-09 14:10:15.226  3757  4360 I CAE     : display(ContextProvider.java:391) - Candela=[50], AmbientLux=[12]
01-09 14:10:15.227  3757  4364 D SemContextService: updateContext() : event = Auto Brightness
01-09 14:10:15.227  6011 20825 D ForegroundUtils: could not check pending caller
01-09 14:10:15.227  3757  4552 D SemContextManager: onSemContextChanged() : event = Auto Brightness
01-09 14:10:15.227  3757  4552 D SContextManager: onSContextChanged() : event = Auto Brightness
01-09 14:10:15.227  3757  4552 D AutomaticBrightnessController: [DAB] onSensorHubChanged : 1st lux = 12.0, 1st candela = 50.0
01-09 14:10:15.227  3757  4552 D AutomaticBrightnessController: [DAB] updateAutoBrightnessSEC : 39(39.0)    0.0 < 12.0 < 62.0 (0.0)
01-09 14:10:15.227  3757  4552 D AutomaticBrightnessController: mCallbacks.updateBrightness()
01-09 14:10:15.227  3757  3795 D DisplayPowerController: animateScreenStateChange[0]: target=2
01-09 14:10:15.227  3757  3795 D DisplayPowerController: animateScreenStateChange[0]: return as screen on blocked
01-09 14:10:15.227  3757  3795 D DisplayPowerController: [Dual Screen Compatible] state[0] :2
01-09 14:10:15.228  3757  3795 D DisplayPowerController: getFinalBrightness : Summary is 116 -> 116
01-09 14:10:15.228  3757  3795 D DisplayPowerController: Animating brightness: target=116, rate=2000 (PSM:true, AB limit:(-1 ~ -1) MB Limit:(-1 ~ -1))
01-09 14:10:15.229  3757  3757 D SmartAlertController: ACTION_SCREEN_ON
01-09 14:10:15.231  3757  4458 I SamsungAlarmManager: setLocked to kernel - T:2 / 20190109T141032, SetElapsed=261660595, nowELAPSED=261642893
01-09 14:10:15.231  3757  4458 D SamsungAlarmManager: setInexact Listener (T:2/F:8/AC:false) 20190109T143015 - CU:1000/CP:3757
01-09 14:10:15.231  3237  8662 D audio_hw_primary: adev_set_parameters: enter: kvpairs: screen_state=on
01-09 14:10:15.234  3757  3757 D SamsungAlarmManager: Cancel Alarm calling from uid:1000 pid :3757 / op:PendingIntent{5e44896: PendingIntentRecord{a54cc17 android broadcastIntent}}
01-09 14:10:15.238  3757  3757 I MdnieScenarioControlService: action  :  android.intent.action.SCREEN_ON
01-09 14:10:15.238  3757  3757 D MdnieScenarioControlService: isLockScreenOn : true
01-09 14:10:15.239  3268  7841 I tlc_communication: mcWaitNotification is completed;237
01-09 14:10:15.239  3268  7841 I TLC_BAUTH: Check the Trustlet return code is completed;898
01-09 14:10:15.239  3268  7841 D bauth_FPBAuthService: check_opcode status = 0, opcode = 7, func_ret_val = 0, function_status = 0, timeout = 0
01-09 14:10:15.239  3268  7841 I TLC_BAUTH: Call FP cmd 0x1;841
01-09 14:10:15.239  3268  7841 I tlc_communication: Send Trustlet TCI Message;214
01-09 14:10:15.239  3268  7841 I tlc_communication: mcNotify is completed;224
01-09 14:10:15.242  3757  4457 D SamsungAlarmManager: Cancel Alarm calling from uid:1000 pid :3757 / op:PendingIntent{ddcc97a: PendingIntentRecord{ac1252b android broadcastIntent}}
01-09 14:10:15.242  3757  3757 D WifiService: registerForSContext() : successful!
01-09 14:10:15.243  3757  3757 E SemContext.CaeProvider: setAttribute() : attribute is null!
01-09 14:10:15.243  3757  3757 W CAE     : registerCallback(ContextAwareService.java:155) - [regi 01] Mutex is locked for ACTIVITY_TRACKER
01-09 14:10:15.244  3757  3757 V CAE     : start(ContextProvider.java:128)
01-09 14:10:15.244  5024  5041 D TP/MmsProvider: query uri=content://mms/314/addr, match=13, calling pid = 7345
01-09 14:10:15.245  3757  3757 V CAE     : clear(ActivityTrackerRunner.java:108)
01-09 14:10:15.246  3757  3757 V CAE     : enable(ActivityTrackerRunner.java:84)
01-09 14:10:15.246  3757  3757 I CAE     : sendCmdToSensorHub(SensorHubCommManager.java:162) - -79, 26, 0, 0, 0, 0, 0, 0, 0, 0, 19, 10, 15,
01-09 14:10:15.246  3757  3757 D SensorHubManager: SendSensorHubData: send data = -79, 26, 0, 0, 0, 0, 0, 0, 0, 0, 19, 10, 15
01-09 14:10:15.247  3227  3227 D Sensorhubs: sendContextData: -79, 26, 0, 0, 0, 0, 0, 0, 0, 0, 19, 10, 15
01-09 14:10:15.247  5024  5041 D TP/MmsProvider: query uri=content://mms/314/addr, match=13:Elapsed time : 2.543 ms
01-09 14:10:15.250  3757  4458 D BigDataItemCURR: analyze kernel wifi wakelock 
01-09 14:10:15.251  3268  7841 I tlc_communication: mcWaitNotification is completed;237
01-09 14:10:15.251  3268  7841 I TLC_BAUTH: Check the Trustlet return code is completed;898
01-09 14:10:15.251  3268  7841 D bauth_FPBAuthService: check_opcode status = 0, opcode = 0, func_ret_val = 0, function_status = 0, timeout = 0
01-09 14:10:15.252  3268  7841 D bauth_FPBAuthService: FPBAuthService, 3199
01-09 14:10:15.252  3268  7841 D bauth_FPBAuthService: wci 16 16
01-09 14:10:15.252  3268  7841 D         : fprc : cc 
01-09 14:10:15.252  3268  7841 D bauth_FPBAuthSensorControl: FPBAuthSensorControl, 800
01-09 14:10:15.252  3268  7841 D bauth_FPBAuthService: FPBAuthService, 3330
01-09 14:10:15.252  3268  7841 I TLC_BAUTH: Call FP cmd 0x5;1123
01-09 14:10:15.253  3268  7841 I TLC_BAUTH: Check Input Data Param buf addr = 0x0x0 , length = 0;1152
01-09 14:10:15.253  3268  7841 I TLC_BAUTH: Check Output Data Param buf addr = 0x0x0 , length = 0;1163
01-09 14:10:15.253  3268  7841 I tlc_communication: Send Trustlet TCI Message;214
01-09 14:10:15.253  3268  7841 I tlc_communication: mcNotify is completed;224
01-09 14:10:15.254  5024  5209 I System.out: Broadcasting: Intent { act=com.sec.android.LTE_WIDEBAND_INFO flg=0x10000000 launchParam=MultiScreenLaunchParams { mDisplayId=0 mFlags=0 } (has extras) }
