01-11 19:38:35.313 22791 22814 D UE4     : [2019.01.12-00.38.35:313][  0]LogConfig: Setting CVar [[r.Streaming.AmortizeCPUToGPUCopy:0]]
01-11 19:38:35.313 22791 22814 D UE4     : [2019.01.12-00.38.35:313][  0]LogConfig: Setting CVar [[r.Streaming.MaxNumTexturesToStreamPerFrame:0]]
01-11 19:38:35.313 22791 22814 D UE4     : [2019.01.12-00.38.35:313][  0]LogConfig: Setting CVar [[r.Streaming.Boost:1]]
01-11 19:38:35.313 22791 22814 D UE4     : [2019.01.12-00.38.35:313][  0]LogConfig: Setting CVar [[r.MaxAnisotropy:8]]
01-11 19:38:35.313 22791 22814 D UE4     : [2019.01.12-00.38.35:313][  0]LogConfig: Setting CVar [[r.Streaming.LimitPoolSizeToVRAM:0]]
01-11 19:38:35.314 22791 22814 D UE4     : [2019.01.12-00.38.35:313][  0]LogConfig: Setting CVar [[r.Streaming.PoolSize:1000]]
01-11 19:38:35.314 22791 22814 D UE4     : [2019.01.12-00.38.35:314][  0]LogConfig: Setting CVar [[r.Streaming.MaxEffectiveScreenSize:0]]
01-11 19:38:35.314 22791 22814 D UE4     : [2019.01.12-00.38.35:314][  0]LogConfig: Applying CVar settings from Section [EffectsQuality@3] File [../../../StackerGame/Saved/Config/Android/Scalability.ini]
01-11 19:38:35.314 22791 22814 D UE4     : [2019.01.12-00.38.35:314][  0]LogConfig: Setting CVar [[r.TranslucencyLightingVolumeDim:64]]
01-11 19:38:35.314 22791 22814 D UE4     : [2019.01.12-00.38.35:314][  0]LogConfig: Setting CVar [[r.RefractionQuality:2]]
01-11 19:38:35.314 22791 22814 D UE4     : [2019.01.12-00.38.35:314][  0]LogConsoleManager: Setting the console variable 'r.RefractionQuality' with 'SetByScalability' was ignored as it is lower priority than the previous 'SetByDeviceProfile'. Value remains '1'
01-11 19:38:35.314 22791 22814 D UE4     : [2019.01.12-00.38.35:314][  0]LogConfig: Setting CVar [[r.SSR.Quality:3]]
01-11 19:38:35.314 22791 22814 D UE4     : [2019.01.12-00.38.35:314][  0]LogConfig: Setting CVar [[r.SceneColorFormat:4]]
01-11 19:38:35.314 22791 22814 D UE4     : [2019.01.12-00.38.35:314][  0]LogConfig: Setting CVar [[r.DetailMode:2]]
01-11 19:38:35.314 22791 22814 D UE4     : [2019.01.12-00.38.35:314][  0]LogConfig: Setting CVar [[r.TranslucencyVolumeBlur:1]]
01-11 19:38:35.314 22791 22814 D UE4     : [2019.01.12-00.38.35:314][  0]LogConfig: Setting CVar [[r.MaterialQualityLevel:1 ; High quality]]
01-11 19:38:35.314 22791 22814 D UE4     : [2019.01.12-00.38.35:314][  0]LogConfig: Setting CVar [[r.SSS.Scale:1]]
01-11 19:38:35.314 22791 22814 D UE4     : [2019.01.12-00.38.35:314][  0]LogConfig: Setting CVar [[r.SSS.SampleSet:2]]
01-11 19:38:35.314 22791 22814 D UE4     : [2019.01.12-00.38.35:314][  0]LogConfig: Setting CVar [[r.SSS.Quality:1]]
01-11 19:38:35.314 22791 22814 D UE4     : [2019.01.12-00.38.35:314][  0]LogConfig: Setting CVar [[r.SSS.HalfRes:1]]
01-11 19:38:35.315 22791 22814 D UE4     : [2019.01.12-00.38.35:315][  0]LogConfig: Setting CVar [[r.EmitterSpawnRateScale:1.0]]
01-11 19:38:35.315 22791 22814 D UE4     : [2019.01.12-00.38.35:315][  0]LogConfig: Setting CVar [[r.ParticleLightQuality:2]]
01-11 19:38:35.315 22791 22814 D UE4     : [2019.01.12-00.38.35:315][  0]LogConfig: Applying CVar settings from Section [FoliageQuality@3] File [../../../StackerGame/Saved/Config/Android/Scalability.ini]
01-11 19:38:35.315 22791 22814 D UE4     : [2019.01.12-00.38.35:315][  0]LogConfig: Setting CVar [[foliage.DensityScale:1.0]]
01-11 19:38:35.315 22791 22814 D UE4     : [2019.01.12-00.38.35:315][  0]LogConfig: Setting CVar [[grass.DensityScale:1.0]]
01-11 19:38:35.315 22791 22814 D UE4     : [2019.01.12-00.38.35:315][  0]LogConfig: Applying CVar settings from Section [Startup] File [../../../Engine/Config/ConsoleVariables.ini]
01-11 19:38:35.316 22791 22814 D UE4     : [2019.01.12-00.38.35:316][  0]LogConfig: Setting CVar [[net.UseAdaptiveNetUpdateFrequency:0]]
01-11 19:38:35.316 22791 22814 D UE4     : [2019.01.12-00.38.35:316][  0]LogConfig: Applying CVar settings from Section [ConsoleVariables] File [../../../StackerGame/Saved/Config/Android/Engine.ini]
01-11 19:38:35.316 22791 22814 D UE4     : [2019.01.12-00.38.35:316][  0]LogConfig: Setting CVar [[r.AllowOcclusionQueries:0]]
01-11 19:38:35.316 22791 22814 D UE4     : [2019.01.12-00.38.35:316][  0]LogConfig: Setting CVar [[Slate.CacheRenderData:0]]
01-11 19:38:35.316 22791 22814 D UE4     : [2019.01.12-00.38.35:316][  0]LogConfig: Setting CVar [[r.VSync:1]]
01-11 19:38:35.316 22791 22814 D UE4     : [2019.01.12-00.38.35:316][  0]LogConfig: Setting CVar [[r.ParallelShadows:0]]
01-11 19:38:35.319 22791 22814 D UE4     : [2019.01.12-00.38.35:319][  0]LogInit: Memory total: Physical=3662.72MB (4GB approx) Available=1874.32MB PageSize=4.0KB
01-11 19:38:35.320 22791 22814 D UE4     : [2019.01.12-00.38.35:320][  0]LogInit: Using OS detected language (en-US).
01-11 19:38:35.320 22791 22814 D UE4     : [2019.01.12-00.38.35:320][  0]LogInit: Using OS detected locale (en-US).
01-11 19:38:35.321 22791 22814 D UE4     : [2019.01.12-00.38.35:321][  0]LogTextLocalizationManager: No specific localization for 'en-US' exists, so the 'en' localization will be used.
01-11 19:38:35.442 22791 22814 D UE4     : [2019.01.12-00.38.35:442][  0]LogStreaming: Display: Took  0.122s to InitEngineTextLocalization.
01-11 19:38:35.462 22791 22814 D UE4     : [2019.01.12-00.38.35:462][  0]LogSlate: New Slate User Created.  User Index 0, Is Virtual User: 0
01-11 19:38:35.462 22791 22814 D UE4     : [2019.01.12-00.38.35:462][  0]LogSlate: Slate User Registered.  User Index 0, Is Virtual User: 0
01-11 19:38:35.463 22791 22814 D UE4     : [2019.01.12-00.38.35:462][  0]LogAndroid: VulkanRHI will NOT be used:
01-11 19:38:35.463 22791 22814 D UE4     : [2019.01.12-00.38.35:463][  0]LogAndroid:  ** Vulkan support is not available (Driver, RHI or shaders are missing, or disabled by cmdline, see above logging for details)
01-11 19:38:35.463 22791 22814 D UE4     : [2019.01.12-00.38.35:463][  0]LogAndroid: OpenGL ES will be used.
01-11 19:38:35.463 22791 22814 D UE4     : FPlatformOpenGLDevice:Init
01-11 19:38:35.463 22791 22814 D UE4     : AndroidEGL::InitSurface 0, 1
01-11 19:38:35.463 22791 22814 D UE4     : [JAVA] - SetDesiredViewSize width=720 and height=1280
01-11 19:38:35.463 22791 22814 D UE4     : AndroidEGL::CreateEGLSurface() Already initialized: 0xe181f2a8
01-11 19:38:35.464 22791 22814 D UE4     : [2019.01.12-00.38.35:464][  0]LogRHI: Extension eglPresentationTimeANDROID Present
01-11 19:38:35.464 22791 22814 D UE4     : [2019.01.12-00.38.35:464][  0]LogRHI: Extension eglGetNextFrameIdANDROID Not Present
01-11 19:38:35.464 22791 22814 D UE4     : [2019.01.12-00.38.35:464][  0]LogRHI: Extension eglGetCompositorTimingANDROID Not Present
01-11 19:38:35.464 22791 22814 D UE4     : [2019.01.12-00.38.35:464][  0]LogRHI: Extension eglGetFrameTimestampsANDROID Not Present
01-11 19:38:35.464 22791 22814 D UE4     : [2019.01.12-00.38.35:464][  0]LogRHI: Extension eglQueryTimestampSupportedANDROID Not Present
01-11 19:38:35.464 22791 22814 D UE4     : [2019.01.12-00.38.35:464][  0]LogRHI: Extension eglGetCompositorTimingSupportedANDROID Not Present
01-11 19:38:35.464 22791 22814 D UE4     : [2019.01.12-00.38.35:464][  0]LogRHI: Extension eglGetFrameTimestampsSupportedANDROID Not Present
01-11 19:38:35.465 22791 22814 D UE4     : [2019.01.12-00.38.35:465][  0]LogRHI: Initializing OpenGL RHI
01-11 19:38:35.465 22791 22814 D UE4     : [2019.01.12-00.38.35:465][  0]LogRHI:   GL_VENDOR: ARM
01-11 19:38:35.465 22791 22814 D UE4     : [2019.01.12-00.38.35:465][  0]LogRHI:   GL_RENDERER: Mali-T760
01-11 19:38:35.465 22791 22814 D UE4     : [2019.01.12-00.38.35:465][  0]LogRHI:   GL_VERSION: OpenGL ES 3.2 v1.r15p0-00rel0.68b65ac7cf15907aeb95fa944f39eef2
01-11 19:38:35.465 22791 22814 D UE4     : [2019.01.12-00.38.35:465][  0]LogRHI:   GL_SHADING_LANGUAGE_VERSION: OpenGL ES GLSL ES 3.20
01-11 19:38:35.466 22791 22814 D UE4     : [2019.01.12-00.38.35:466][  0]LogRHI: OpenGL Extensions:
01-11 19:38:35.466 22791 22814 D UE4     : [2019.01.12-00.38.35:466][  0]LogRHI:   GL_EXT_debug_marker
01-11 19:38:35.466 22791 22814 D UE4     : [2019.01.12-00.38.35:466][  0]LogRHI:   GL_ARM_rgba8
01-11 19:38:35.466 22791 22814 D UE4     : [2019.01.12-00.38.35:466][  0]LogRHI:   GL_ARM_mali_shader_binary
01-11 19:38:35.466 22791 22814 D UE4     : [2019.01.12-00.38.35:466][  0]LogRHI:   GL_OES_depth24
01-11 19:38:35.466 22791 22814 D UE4     : [2019.01.12-00.38.35:466][  0]LogRHI:   GL_OES_depth_texture
01-11 19:38:35.466 22791 22814 D UE4     : [2019.01.12-00.38.35:466][  0]LogRHI:   GL_OES_depth_texture_cube_map
01-11 19:38:35.466 22791 22814 D UE4     : [2019.01.12-00.38.35:466][  0]LogRHI:   GL_OES_packed_depth_stencil
01-11 19:38:35.466 22791 22814 D UE4     : [2019.01.12-00.38.35:466][  0]LogRHI:   GL_OES_rgb8_rgba8
01-11 19:38:35.466 22791 22814 D UE4     : [2019.01.12-00.38.35:466][  0]LogRHI:   GL_EXT_read_format_bgra
01-11 19:38:35.466 22791 22814 D UE4     : [2019.01.12-00.38.35:466][  0]LogRHI:   GL_OES_compressed_paletted_texture
01-11 19:38:35.466 22791 22814 D UE4     : [2019.01.12-00.38.35:466][  0]LogRHI:   GL_OES_compressed_ETC1_RGB8_texture
01-11 19:38:35.466 22791 22814 D UE4     : [2019.01.12-00.38.35:466][  0]LogRHI:   GL_OES_standard_derivatives
01-11 19:38:35.466 22791 22814 D UE4     : [2019.01.12-00.38.35:466][  0]LogRHI:   GL_OES_EGL_image
01-11 19:38:35.466 22791 22814 D UE4     : [2019.01.12-00.38.35:466][  0]LogRHI:   GL_OES_EGL_image_external
01-11 19:38:35.466 22791 22814 D UE4     : [2019.01.12-00.38.35:466][  0]LogRHI:   GL_OES_EGL_image_external_essl3
01-11 19:38:35.466 22791 22814 D UE4     : [2019.01.12-00.38.35:466][  0]LogRHI:   GL_OES_EGL_sync
01-11 19:38:35.466 22791 22814 D UE4     : [2019.01.12-00.38.35:466][  0]LogRHI:   GL_OES_texture_npot
01-11 19:38:35.466 22791 22814 D UE4     : [2019.01.12-00.38.35:466][  0]LogRHI:   GL_OES_vertex_half_float
01-11 19:38:35.467 22791 22814 D UE4     : [2019.01.12-00.38.35:467][  0]LogRHI:   GL_OES_required_internalformat
01-11 19:38:35.467 22791 22814 D UE4     : [2019.01.12-00.38.35:467][  0]LogRHI:   GL_OES_vertex_array_object
01-11 19:38:35.467 22791 22814 D UE4     : [2019.01.12-00.38.35:467][  0]LogRHI:   GL_OES_mapbuffer
01-11 19:38:35.467 22791 22814 D UE4     : [2019.01.12-00.38.35:467][  0]LogRHI:   GL_EXT_texture_format_BGRA8888
01-11 19:38:35.467 22791 22814 D UE4     : [2019.01.12-00.38.35:467][  0]LogRHI:   GL_EXT_texture_rg
01-11 19:38:35.467 22791 22814 D UE4     : [2019.01.12-00.38.35:467][  0]LogRHI:   GL_EXT_texture_type_2_10_10_10_REV
01-11 19:38:35.467 22791 22814 D UE4     : [2019.01.12-00.38.35:467][  0]LogRHI:   GL_OES_fbo_render_mipmap
01-11 19:38:35.467 22791 22814 D UE4     : [2019.01.12-00.38.35:467][  0]LogRHI:   GL_OES_element_index_uint
01-11 19:38:35.467 22791 22814 D UE4     : [2019.01.12-00.38.35:467][  0]LogRHI:   GL_EXT_shadow_samplers
01-11 19:38:35.467 22791 22814 D UE4     : [2019.01.12-00.38.35:467][  0]LogRHI:   GL_OES_texture_compression_astc
01-11 19:38:35.467 22791 22814 D UE4     : [2019.01.12-00.38.35:467][  0]LogRHI:   GL_KHR_texture_compression_astc_ldr
01-11 19:38:35.467 22791 22814 D UE4     : [2019.01.12-00.38.35:467][  0]LogRHI:   GL_KHR_texture_compression_astc_hdr
01-11 19:38:35.467 22791 22814 D UE4     : [2019.01.12-00.38.35:467][  0]LogRHI:   GL_KHR_texture_compression_astc_sliced_3d
01-11 19:38:35.467 22791 22814 D UE4     : [2019.01.12-00.38.35:467][  0]LogRHI:   GL_KHR_debug
01-11 19:38:35.467 22791 22814 D UE4     : [2019.01.12-00.38.35:467][  0]LogRHI:   GL_EXT_occlusion_query_boolean
01-11 19:38:35.467 22791 22814 D UE4     : [2019.01.12-00.38.35:467][  0]LogRHI:   GL_EXT_disjoint_timer_query
01-11 19:38:35.467 22791 22814 D UE4     : [2019.01.12-00.38.35:467][  0]LogRHI:   GL_EXT_blend_minmax
01-11 19:38:35.467 22791 22814 D UE4     : [2019.01.12-00.38.35:467][  0]LogRHI:   GL_EXT_discard_framebuffer
01-11 19:38:35.467 22791 22814 D UE4     : [2019.01.12-00.38.35:467][  0]LogRHI:   GL_OES_get_program_binary
01-11 19:38:35.467 22791 22814 D UE4     : [2019.01.12-00.38.35:467][  0]LogRHI:   GL_OES_texture_3D
01-11 19:38:35.467 22791 22814 D UE4     : [2019.01.12-00.38.35:467][  0]LogRHI:   GL_EXT_texture_storage
01-11 19:38:35.468 22791 22814 D UE4     : [2019.01.12-00.38.35:468][  0]LogRHI:   GL_EXT_multisampled_render_to_texture
01-11 19:38:35.468 22791 22814 D UE4     : [2019.01.12-00.38.35:468][  0]LogRHI:   GL_OES_surfaceless_context
01-11 19:38:35.468 22791 22814 D UE4     : [2019.01.12-00.38.35:468][  0]LogRHI:   GL_OES_texture_stencil8
01-11 19:38:35.468 22791 22814 D UE4     : [2019.01.12-00.38.35:468][  0]LogRHI:   GL_EXT_shader_pixel_local_storage
01-11 19:38:35.468 22791 22814 D UE4     : [2019.01.12-00.38.35:468][  0]LogRHI:   GL_ARM_shader_framebuffer_fetch
01-11 19:38:35.468 22791 22814 D UE4     : [2019.01.12-00.38.35:468][  0]LogRHI:   GL_ARM_shader_framebuffer_fetch_depth_stencil
01-11 19:38:35.468 22791 22814 D UE4     : [2019.01.12-00.38.35:468][  0]LogRHI:   GL_ARM_mali_program_binary
01-11 19:38:35.468 22791 22814 D UE4     : [2019.01.12-00.38.35:468][  0]LogRHI:   GL_EXT_sRGB
01-11 19:38:35.468 22791 22814 D UE4     : [2019.01.12-00.38.35:468][  0]LogRHI:   GL_EXT_sRGB_write_control
01-11 19:38:35.468 22791 22814 D UE4     : [2019.01.12-00.38.35:468][  0]LogRHI:   GL_EXT_texture_sRGB_decode
01-11 19:38:35.468 22791 22814 D UE4     : [2019.01.12-00.38.35:468][  0]LogRHI:   GL_EXT_texture_sRGB_R8
01-11 19:38:35.468 22791 22814 D UE4     : [2019.01.12-00.38.35:468][  0]LogRHI:   GL_EXT_texture_sRGB_RG8
01-11 19:38:35.468 22791 22814 D UE4     : [2019.01.12-00.38.35:468][  0]LogRHI:   GL_KHR_blend_equation_advanced
01-11 19:38:35.468 22791 22814 D UE4     : [2019.01.12-00.38.35:468][  0]LogRHI:   GL_KHR_blend_equation_advanced_coherent
01-11 19:38:35.468 22791 22814 D UE4     : [2019.01.12-00.38.35:468][  0]LogRHI:   GL_OES_texture_storage_multisample_2d_array
01-11 19:38:35.468 22791 22814 D UE4     : [2019.01.12-00.38.35:468][  0]LogRHI:   GL_OES_shader_image_atomic
01-11 19:38:35.468 22791 22814 D UE4     : [2019.01.12-00.38.35:468][  0]LogRHI:   GL_EXT_robustness
01-11 19:38:35.468 22791 22814 D UE4     : [2019.01.12-00.38.35:468][  0]LogRHI:   GL_EXT_draw_buffers_indexed
01-11 19:38:35.468 22791 22814 D UE4     : [2019.01.12-00.38.35:468][  0]LogRHI:   GL_OES_draw_buffers_indexed
01-11 19:38:35.468 22791 22814 D UE4     : [2019.01.12-00.38.35:468][  0]LogRHI:   GL_EXT_texture_border_clamp
01-11 19:38:35.468 22791 22814 D UE4     : [2019.01.12-00.38.35:468][  0]LogRHI:   GL_OES_texture_border_clamp
01-11 19:38:35.469 22791 22814 D UE4     : [2019.01.12-00.38.35:469][  0]LogRHI:   GL_EXT_texture_cube_map_array
01-11 19:38:35.469 22791 22814 D UE4     : [2019.01.12-00.38.35:469][  0]LogRHI:   GL_OES_texture_cube_map_array
01-11 19:38:35.469 22791 22814 D UE4     : [2019.01.12-00.38.35:469][  0]LogRHI:   GL_OES_sample_variables
01-11 19:38:35.469 22791 22814 D UE4     : [2019.01.12-00.38.35:469][  0]LogRHI:   GL_OES_sample_shading
01-11 19:38:35.469 22791 22814 D UE4     : [2019.01.12-00.38.35:469][  0]LogRHI:   GL_OES_shader_multisample_interpolation
01-11 19:38:35.469 22791 22814 D UE4     : [2019.01.12-00.38.35:469][  0]LogRHI:   GL_EXT_shader_io_blocks
01-11 19:38:35.469 22791 22814 D UE4     : [2019.01.12-00.38.35:469][  0]LogRHI:   GL_OES_shader_io_blocks
01-11 19:38:35.469 22791 22814 D UE4     : [2019.01.12-00.38.35:469][  0]LogRHI:   GL_EXT_tessellation_shader
01-11 19:38:35.469 22791 22814 D UE4     : [2019.01.12-00.38.35:469][  0]LogRHI:   GL_OES_tessellation_shader
01-11 19:38:35.469 22791 22814 D UE4     : [2019.01.12-00.38.35:469][  0]LogRHI:   GL_EXT_primitive_bounding_box
01-11 19:38:35.469 22791 22814 D UE4     : [2019.01.12-00.38.35:469][  0]LogRHI:   GL_OES_primitive_bounding_box
01-11 19:38:35.469 22791 22814 D UE4     : [2019.01.12-00.38.35:469][  0]LogRHI:   GL_EXT_geometry_shader
01-11 19:38:35.469 22791 22814 D UE4     : [2019.01.12-00.38.35:469][  0]LogRHI:   GL_OES_geometry_shader
01-11 19:38:35.469 22791 22814 D UE4     : [2019.01.12-00.38.35:469][  0]LogRHI:   GL_ANDROID_extension_pack_es31a
01-11 19:38:35.469 22791 22814 D UE4     : [2019.01.12-00.38.35:469][  0]LogRHI:   GL_EXT_gpu_shader5
01-11 19:38:35.469 22791 22814 D UE4     : [2019.01.12-00.38.35:469][  0]LogRHI:   GL_OES_gpu_shader5
01-11 19:38:35.469 22791 22814 D UE4     : [2019.01.12-00.38.35:469][  0]LogRHI:   GL_EXT_texture_buffer
01-11 19:38:35.469 22791 22814 D UE4     : [2019.01.12-00.38.35:469][  0]LogRHI:   GL_OES_texture_buffer
01-11 19:38:35.469 22791 22814 D UE4     : [2019.01.12-00.38.35:469][  0]LogRHI:   GL_EXT_copy_image
01-11 19:38:35.469 22791 22814 D UE4     : [2019.01.12-00.38.35:469][  0]LogRHI:   GL_OES_copy_image
01-11 19:38:35.469 22791 22814 D UE4     : [2019.01.12-00.38.35:469][  0]LogRHI:   GL_EXT_color_buffer_half_float
01-11 19:38:35.470 22791 22814 D UE4     : [2019.01.12-00.38.35:470][  0]LogRHI:   GL_EXT_color_buffer_float
01-11 19:38:35.470 22791 22814 D UE4     : [2019.01.12-00.38.35:470][  0]LogRHI:   GL_EXT_YUV_target
01-11 19:38:35.470 22791 22814 D UE4     : [2019.01.12-00.38.35:470][  0]LogRHI:   GL_OVR_multiview
01-11 19:38:35.470 22791 22814 D UE4     : [2019.01.12-00.38.35:470][  0]LogRHI:   GL_OVR_multiview2
01-11 19:38:35.470 22791 22814 D UE4     : [2019.01.12-00.38.35:470][  0]LogRHI:   GL_OVR_multiview_multisampled_render_to_texture
01-11 19:38:35.470 22791 22814 D UE4     : [2019.01.12-00.38.35:470][  0]LogRHI:   GL_KHR_robustness
01-11 19:38:35.470 22791 22814 D UE4     : [2019.01.12-00.38.35:470][  0]LogRHI:   GL_KHR_robust_buffer_access_behavior
01-11 19:38:35.470 22791 22814 D UE4     : [2019.01.12-00.38.35:470][  0]LogRHI:   GL_EXT_draw_elements_base_vertex
01-11 19:38:35.470 22791 22814 D UE4     : [2019.01.12-00.38.35:470][  0]LogRHI:   GL_OES_draw_elements_base_vertex
01-11 19:38:35.470 22791 22814 D UE4     : [2019.01.12-00.38.35:470][  0]LogRHI:   GL_EXT_protected_textures
01-11 19:38:35.470 22791 22814 D UE4     : [2019.01.12-00.38.35:470][  0]LogRHI:   GL_MAX_VERTEX_ATTRIBS: 16
01-11 19:38:35.470 22791 22814 D UE4     : [2019.01.12-00.38.35:470][  0]LogRHI:   GL_MAX_VARYING_VECTORS: 15
01-11 19:38:35.470 22791 22814 D UE4     : [2019.01.12-00.38.35:470][  0]LogRHI:   GL_MAX_VERTEX_UNIFORM_VECTORS: 1024
01-11 19:38:35.470 22791 22814 D UE4     : [2019.01.12-00.38.35:470][  0]LogRHI:   GL_MAX_FRAGMENT_UNIFORM_VECTORS: 1024
01-11 19:38:35.471 22791 22814 D UE4     : [2019.01.12-00.38.35:471][  0]LogRHI: Fragment shader lowp precision: 10
01-11 19:38:35.471 22791 22814 D UE4     : [2019.01.12-00.38.35:471][  0]LogRHI: Fragment shader mediump precision: 10
01-11 19:38:35.471 22791 22814 D UE4     : [2019.01.12-00.38.35:471][  0]LogRHI: Fragment shader highp precision: 23
01-11 19:38:35.472 22791 22814 D UE4     : [2019.01.12-00.38.35:472][  0]LogRHI: Support for 8x MSAA detected
01-11 19:38:35.472 22791 22814 D UE4     : [2019.01.12-00.38.35:472][  0]LogRHI: Image external enabled: ImageExternalESSL300
01-11 19:38:35.473 22791 22814 D UE4     : [2019.01.12-00.38.35:473][  0]LogRHI: Device supports mobile multi-view.
01-11 19:38:35.474 22791 22814 D UE4     : [2019.01.12-00.38.35:474][  0]LogRHI:   GL_MAX_TEXTURE_SIZE: 8192
01-11 19:38:35.474 22791 22814 D UE4     : [2019.01.12-00.38.35:474][  0]LogRHI:   GL_MAX_CUBE_MAP_TEXTURE_SIZE: 4096
01-11 19:38:35.474 22791 22814 D UE4     : [2019.01.12-00.38.35:474][  0]LogRHI:   GL_MAX_ARRAY_TEXTURE_LAYERS: 256
01-11 19:38:35.474 22791 22814 D UE4     : [2019.01.12-00.38.35:474][  0]LogRHI:   GL_MAX_RENDERBUFFER_SIZE: 8192
01-11 19:38:35.474 22791 22814 D UE4     : [2019.01.12-00.38.35:474][  0]LogRHI:   GL_MAX_TEXTURE_IMAGE_UNITS: 16
01-11 19:38:35.474 22791 22814 D UE4     : [2019.01.12-00.38.35:474][  0]LogRHI:   GL_MAX_DRAW_BUFFERS: 4
01-11 19:38:35.474 22791 22814 D UE4     : [2019.01.12-00.38.35:474][  0]LogRHI:   GL_MAX_COLOR_ATTACHMENTS: 1
01-11 19:38:35.474 22791 22814 D UE4     : [2019.01.12-00.38.35:474][  0]LogRHI:   GL_MAX_SAMPLES: 1
01-11 19:38:35.474 22791 22814 D UE4     : [2019.01.12-00.38.35:474][  0]LogRHI:   GL_MAX_COLOR_TEXTURE_SAMPLES: 1
01-11 19:38:35.474 22791 22814 D UE4     : [2019.01.12-00.38.35:474][  0]LogRHI:   GL_MAX_DEPTH_TEXTURE_SAMPLES: 1
01-11 19:38:35.474 22791 22814 D UE4     : [2019.01.12-00.38.35:474][  0]LogRHI:   GL_MAX_INTEGER_SAMPLES: 1
01-11 19:38:35.474 22791 22814 D UE4     : [2019.01.12-00.38.35:474][  0]LogRHI:   GL_MAX_COMBINED_TEXTURE_IMAGE_UNITS: 96
01-11 19:38:35.475 22791 22814 D UE4     : [2019.01.12-00.38.35:475][  0]LogRHI:   GL_MAX_VERTEX_ATTRIBS: 16
01-11 19:38:35.475 22791 22814 D UE4     : [2019.01.12-00.38.35:475][  0]LogRHI: OpenGL MajorVersion = 2, MinorVersion = 0, ShaderPlatform = GLSL_ES2, FeatureLevel = ES2
01-11 19:38:35.475 22791 22814 D UE4     : [2019.01.12-00.38.35:475][  0]LogRHI: PLATFORM_ANDROID
01-11 19:38:35.475 22791 22814 D UE4     : [2019.01.12-00.38.35:475][  0]LogRHI: Enabling program binary cache as /storage/emulated/0/Android/data/com.GeekTechnique.InfinityStack/files/ProgramBinaryCache/GLSL_ES2_60D556DEDF0DE1EBDD6379802F1CD396F0CC8D40
01-11 19:38:35.475 22791 22814 D UE4     : [2019.01.12-00.38.35:475][  0]LogRHI: FOpenGLProgramBinaryCache will be initialized when ShaderPipelineCache opens its file
01-11 19:38:35.484 22791 22814 D UE4     : [2019.01.12-00.38.35:484][  0]LogRHI: Texture pool is 1000 MB (of 0 MB total graphics mem)
01-11 19:38:35.484 22791 22814 D UE4     : [2019.01.12-00.38.35:484][  0]LogRHI: Display: Testing for shader compiler compatibility
01-11 19:38:35.484 22791 22814 D UE4     : [2019.01.12-00.38.35:484][  0]LogRHI: Display: Shaders compile fine no need to enable hacks
01-11 19:38:35.484 22791 22814 D UE4     : [2019.01.12-00.38.35:484][  0]LogRHI: Display: Testing for round() function availability
01-11 19:38:35.485 22791 22814 D UE4     : [2019.01.12-00.38.35:484][  0]LogRHI: Warning: Disabling the need for the round() function hack
01-11 19:38:35.485 22791 22814 D UE4     : [2019.01.12-00.38.35:485][  0]LogShaderLibrary: Display: Failed to load Shared Shader Library: Global and no native library supported.
01-11 19:38:35.485 22791 22814 D UE4     : [2019.01.12-00.38.35:485][  0]LogShaderLibrary: Display: Failed to load Shared Shader Library: Global_SC and no native library supported.
01-11 19:38:35.485 22791 22814 D UE4     : [2019.01.12-00.38.35:485][  0]LogShaderLibrary: Display: Failed to load Shared Shader Library: Paper2D and no native library supported.
01-11 19:38:35.485 22791 22814 D UE4     : [2019.01.12-00.38.35:485][  0]LogShaderLibrary: Display: Failed to load Shared Shader Library: Paper2D_SC and no native library supported.
01-11 19:38:35.486 22791 22814 D UE4     : [2019.01.12-00.38.35:486][  0]LogShaderLibrary: Display: Failed to load Shared Shader Library: Paper2D and no native library supported.
01-11 19:38:35.486 22791 22814 D UE4     : [2019.01.12-00.38.35:486][  0]LogShaderLibrary: Display: Failed to load Shared Shader Library: Paper2D_SC and no native library supported.
01-11 19:38:35.486 22791 22814 D UE4     : [2019.01.12-00.38.35:486][  0]LogShaderLibrary: Display: Failed to load Shared Shader Library: CryptoKeys and no native library supported.
01-11 19:38:35.486 22791 22814 D UE4     : [2019.01.12-00.38.35:486][  0]LogShaderLibrary: Display: Failed to load Shared Shader Library: CryptoKeys_SC and no native library supported.
01-11 19:38:35.486 22791 22814 D UE4     : [2019.01.12-00.38.35:486][  0]LogShaderLibrary: Display: Failed to load Shared Shader Library: CryptoKeys and no native library supported.
01-11 19:38:35.486 22791 22814 D UE4     : [2019.01.12-00.38.35:486][  0]LogShaderLibrary: Display: Failed to load Shared Shader Library: CryptoKeys_SC and no native library supported.
01-11 19:38:35.487 22791 22814 D UE4     : [2019.01.12-00.38.35:486][  0]LogShaderLibrary: Display: Failed to load Shared Shader Library: MeshEditor and no native library supported.
01-11 19:38:35.487 22791 22814 D UE4     : [2019.01.12-00.38.35:487][  0]LogShaderLibrary: Display: Failed to load Shared Shader Library: MeshEditor_SC and no native library supported.
01-11 19:38:35.487 22791 22814 D UE4     : [2019.01.12-00.38.35:487][  0]LogShaderLibrary: Display: Failed to load Shared Shader Library: MeshEditor and no native library supported.
01-11 19:38:35.487 22791 22814 D UE4     : [2019.01.12-00.38.35:487][  0]LogShaderLibrary: Display: Failed to load Shared Shader Library: MeshEditor_SC and no native library supported.
01-11 19:38:35.487 22791 22814 D UE4     : [2019.01.12-00.38.35:487][  0]LogShaderLibrary: Display: Failed to load Shared Shader Library: DatasmithContent and no native library supported.
01-11 19:38:35.487 22791 22814 D UE4     : [2019.01.12-00.38.35:487][  0]LogShaderLibrary: Display: Failed to load Shared Shader Library: DatasmithContent_SC and no native library supported.
01-11 19:38:35.487 22791 22814 D UE4     : [2019.01.12-00.38.35:487][  0]LogShaderLibrary: Display: Failed to load Shared Shader Library: DatasmithContent and no native library supported.
01-11 19:38:35.488 22791 22814 D UE4     : [2019.01.12-00.38.35:488][  0]LogShaderLibrary: Display: Failed to load Shared Shader Library: DatasmithContent_SC and no native library supported.
01-11 19:38:35.488 22791 22814 D UE4     : [2019.01.12-00.38.35:488][  0]LogShaderLibrary: Display: Failed to load Shared Shader Library: VariantManagerContent and no native library supported.
01-11 19:38:35.488 22791 22814 D UE4     : [2019.01.12-00.38.35:488][  0]LogShaderLibrary: Display: Failed to load Shared Shader Library: VariantManagerContent_SC and no native library supported.
01-11 19:38:35.488 22791 22814 D UE4     : [2019.01.12-00.38.35:488][  0]LogShaderLibrary: Display: Failed to load Shared Shader Library: VariantManagerContent and no native library supported.
01-11 19:38:35.488 22791 22814 D UE4     : [2019.01.12-00.38.35:488][  0]LogShaderLibrary: Display: Failed to load Shared Shader Library: VariantManagerContent_SC and no native library supported.
01-11 19:38:35.488 22791 22814 D UE4     : [2019.01.12-00.38.35:488][  0]LogShaderLibrary: Display: Failed to load Shared Shader Library: MediaCompositing and no native library supported.
01-11 19:38:35.489 22791 22814 D UE4     : [2019.01.12-00.38.35:488][  0]LogShaderLibrary: Display: Failed to load Shared Shader Library: MediaCompositing_SC and no native library supported.
01-11 19:38:35.489 22791 22814 D UE4     : [2019.01.12-00.38.35:489][  0]LogShaderLibrary: Display: Failed to load Shared Shader Library: MediaCompositing and no native library supported.
01-11 19:38:35.489 22791 22814 D UE4     : [2019.01.12-00.38.35:489][  0]LogShaderLibrary: Display: Failed to load Shared Shader Library: MediaCompositing_SC and no native library supported.
01-11 19:38:35.489 22791 22814 D UE4     : [2019.01.12-00.38.35:489][  0]LogShaderLibrary: Display: Failed to load Shared Shader Library: OculusVR and no native library supported.
01-11 19:38:35.489 22791 22814 D UE4     : [2019.01.12-00.38.35:489][  0]LogShaderLibrary: Display: Failed to load Shared Shader Library: OculusVR_SC and no native library supported.
01-11 19:38:35.489 22791 22814 D UE4     : [2019.01.12-00.38.35:489][  0]LogShaderLibrary: Display: Failed to load Shared Shader Library: OculusVR and no native library supported.
01-11 19:38:35.489 22791 22814 D UE4     : [2019.01.12-00.38.35:489][  0]LogShaderLibrary: Display: Failed to load Shared Shader Library: OculusVR_SC and no native library supported.
01-11 19:38:35.490 22791 22814 D UE4     : [2019.01.12-00.38.35:490][  0]LogShaderLibrary: Display: Failed to load Shared Shader Library: SteamVR and no native library supported.
01-11 19:38:35.490 22791 22814 D UE4     : [2019.01.12-00.38.35:490][  0]LogShaderLibrary: Display: Failed to load Shared Shader Library: SteamVR_SC and no native library supported.
01-11 19:38:35.490 22791 22814 D UE4     : [2019.01.12-00.38.35:490][  0]LogShaderLibrary: Display: Failed to load Shared Shader Library: SteamVR and no native library supported.
01-11 19:38:35.490 22791 22814 D UE4     : [2019.01.12-00.38.35:490][  0]LogShaderLibrary: Display: Failed to load Shared Shader Library: SteamVR_SC and no native library supported.
01-11 19:38:35.512 22791 22814 D UE4     : [2019.01.12-00.38.35:511][  0]LogMaterial: Verifying Global Shaders for GLSL_ES2
01-11 19:38:35.627 22791 22814 D UE4     : [2019.01.12-00.38.35:627][  0]LogSlate: Using FreeType 2.4.12
01-11 19:38:35.628 22791 22814 D UE4     : [2019.01.12-00.38.35:628][  0]LogSlate: SlateFontServices - WITH_FREETYPE: 1, WITH_HARFBUZZ: 1
01-11 19:38:35.787 22791 22791 D ViewRootImpl@c9e8dee[GameActivity]: mHardwareRenderer.destroy()#4
01-11 19:38:35.787 22791 22791 D ViewRootImpl@c9e8dee[GameActivity]: dispatchDetachedFromWindow
01-11 19:38:35.789  3757 29842 D WindowManager: disposeInputChannel mInputChannel: 62f712f com.GeekTechnique.InfinityStack/com.epicgames.ue4.GameActivity (server)
01-11 19:38:35.792  3757 29842 I WindowManager_SurfaceController: Destroying surface Surface(name=com.GeekTechnique.InfinityStack/com.epicgames.ue4.GameActivity) called by com.android.server.wm.WindowStateAnimator.destroySurface:2907 com.android.server.wm.WindowStateAnimator.destroySurfaceLocked:1120 com.android.server.wm.WindowState.removeLocked:1864 com.android.server.wm.WindowManagerService.removeWindowInnerLocked:2934 com.android.server.wm.WindowManagerService.removeWindowLocked:2879 com.android.server.wm.WindowManagerService.removeWindowLocked:2689 com.android.server.wm.WindowManagerService.removeWindow:2684 com.android.server.wm.Session.remove:218 
01-11 19:38:35.793  3215  3266 I SurfaceFlinger: id=8814 Removed HameActivit (8/13)
01-11 19:38:35.795  3215  3264 I SurfaceFlinger: id=8814 Removed HameActivit (-2/13)
01-11 19:38:35.805  3757 29842 D InputTransport: Input channel destroyed: fd=406
01-11 19:38:35.807 22791 22814 D UE4     : [2019.01.12-00.38.35:807][  0]LogShaderLibrary: Display: Failed to load Shared Shader Library: StackerGame and no native library supported.
01-11 19:38:35.807 22791 22791 D InputTransport: Input channel destroyed: fd=67
01-11 19:38:35.807 22791 22814 D UE4     : [2019.01.12-00.38.35:807][  0]LogShaderLibrary: Display: Failed to load Shared Shader Library: StackerGame_SC and no native library supported.
01-11 19:38:35.807 22791 22814 D UE4     : [2019.01.12-00.38.35:807][  0]LogRHI: Display: Opened pipeline cache after state change and enqueued -1091937024 of 0 tasks for precompile.
01-11 19:38:35.807 22791 22814 D UE4     : [2019.01.12-00.38.35:807][  0]LogShaderLibrary: Display: Failed to load Shared Shader Library: StackerGame and no native library supported.
01-11 19:38:35.808 22791 22814 D UE4     : [2019.01.12-00.38.35:808][  0]LogShaderLibrary: Display: Failed to load Shared Shader Library: StackerGame_SC and no native library supported.
01-11 19:38:35.808 22791 22814 D UE4     : [2019.01.12-00.38.35:808][  0]LogRHI: Display: Opened pipeline cache after state change and enqueued -1091936256 of 0 tasks for precompile.
01-11 19:38:35.808 22791 22814 D UE4     : [2019.01.12-00.38.35:808][  0]LogRHI: Display: Failed to open default shader pipeline cache for StackerGame using shader platform 8.
01-11 19:38:35.808 22791 22814 D UE4     : [2019.01.12-00.38.35:808][  0]LogRHI: Display: Failed to open default shader pipeline cache for StackerGame using shader platform 8.
01-11 19:38:35.808 22791 22814 D UE4     : [2019.01.12-00.38.35:808][  0]LogInit: Using OS detected language (en-US).
01-11 19:38:35.808 22791 22814 D UE4     : [2019.01.12-00.38.35:808][  0]LogInit: Using OS detected locale (en-US).
01-11 19:38:35.808 22791 22814 D UE4     : [2019.01.12-00.38.35:808][  0]LogTextLocalizationManager: No localization for 'en-US' exists, so 'en' will be used for the language.
01-11 19:38:35.808 22791 22814 D UE4     : [2019.01.12-00.38.35:808][  0]LogTextLocalizationManager: No localization for 'en-US' exists, so 'en' will be used for the locale.
01-11 19:38:35.809 22791 22814 D UE4     : [2019.01.12-00.38.35:809][  0]LogSlate: FontCache flush requested. Reason: Culture for localization was changed
01-11 19:38:35.809 22791 22814 D UE4     : [2019.01.12-00.38.35:809][  0]LogSlate: FontCache flush requested. Reason: Culture for localization was changed
01-11 19:38:35.916 22791 22814 D UE4     : [2019.01.12-00.38.35:916][  0]LogStreaming: Display: Took  0.108s to InitGameTextLocalization.
01-11 19:38:36.002 22791 22814 D UE4     : [2019.01.12-00.38.36:002][  0]LogAssetRegistry: FAssetRegistry took 0.0840 seconds to start up
01-11 19:38:36.514 22791 22814 D UE4     : [2019.01.12-00.38.36:514][  0]LogStreaming: Display: Flushing async loaders.
01-11 19:38:36.551  4616  4823 D NetworkController.MobileSignalController(0/1): onSignalStrengthsChanged signalStrength=SignalStrength: 99 99 -120 -160 -120 -1 -1 15 -119 -14 16 2147483647 2147483647 0x1000 gsm|lte level=1
01-11 19:38:36.551  4616  4823 D NetworkController.MobileSignalController(0/1): getMobileIconGroup(): 13
01-11 19:38:36.551  4616  4823 D NetworkController.MobileSignalController(0/1): updateVZWMobileIconGroup(): 13
01-11 19:38:36.561  5035  5670 D EPDG -- [SMARTWIFI]: onSignalStrengthsChanged: Received signal strength change, phone type is: 2
01-11 19:38:36.562  5035  6446 D EPDG -- [SMARTWIFI]: lastLteRSRP is -119currentLteRSRP is -119
01-11 19:38:36.562  5035  6446 D EPDG -- [SMARTWIFI]: lastLteRSRQ is -14currentLteRSRQ is -14
01-11 19:38:36.562  5035  6446 D EPDG -- [SMARTWIFI]: lastCdmaDb is -16currentCdmaDb is -16
01-11 19:38:36.562  5035  6446 V EPDG -- [SMARTWIFI]: Radio oldest entry removed
01-11 19:38:36.562  5035  6446 V EPDG -- [SMARTWIFI]: New entry : (SignalStrength: 99 99 -120 -160 -120 -1 -1 15 -119 -14 16 2147483647 2147483647 0x1000 gsm|lte : 0 )
01-11 19:38:36.562  5035  6446 V EPDG -- [SMARTWIFI]: Radio entry added
01-11 19:38:36.564  4616  4823 D NetworkController.MobileSignalController(0/1): callState:0, callStateByPhone:false voLTECall:false voiceNetTpe:13 dataNetType:13, ine911:false, emergencyCallbackMode:false
01-11 19:38:36.600  3757  9599 D TelephonyManager: getAllCellInfo : Caller (PID / UID / TID): 3757 / 1000 / 9599
01-11 19:38:36.605 22791 22814 D UE4     : [2019.01.12-00.38.36:605][  0]LogPackageLocalizationCache: Processed 10 localized package path(s) for 1 prioritized culture(s) in 0.090160 seconds
01-11 19:38:36.701 22791 22814 D UE4     : [2019.01.12-00.38.36:701][  0]LogNetVersion: StackerGame 1.0.0, NetCL: 4541578, EngineNetVer: 5, GameNetVer: 0 (Checksum: 1419414380)
01-11 19:38:37.391 22791 22814 I MediaPlayer: Need to enable context aware info
01-11 19:38:37.391 22791 22814 V MediaPlayer-JNI: native_setup
01-11 19:38:37.391 22791 22814 V MediaPlayer: constructor
01-11 19:38:37.398 22791 22814 V MediaPlayer: setListener
01-11 19:38:37.399 22791 22814 D UE4     : [2019.01.12-00.38.37:399][  0]LogMoviePlayer: Initializing movie player
01-11 19:38:37.402 22791 22814 D UE4     : [2019.01.12-00.38.37:402][  0]LogTcpMessaging: Initializing TcpMessaging bridge, listening on 127.0.0.1:6666
01-11 19:38:37.404 22791 22814 D UE4     : [2019.01.12-00.38.37:404][  0]LogUdpMessaging: Initializing bridge on interface 0.0.0.0:0 to multicast group 230.0.0.1:6666.
01-11 19:38:37.419 22791 22814 D UE4     : [2019.01.12-00.38.37:419][  0]LogAndroidPermission: UAndroidPermissionCallbackProxy::GetInstance
01-11 19:38:37.420 22791 22814 D UE4     : [2019.01.12-00.38.37:420][  0]LogOcInput: OculusInput pre-init called
01-11 19:38:37.459 22791 22814 D UE4     : [2019.01.12-00.38.37:459][  0]LogUObjectArray: 35064 objects as part of root set at end of initial load.
01-11 19:38:37.459 22791 22814 D UE4     : [2019.01.12-00.38.37:459][  0]LogUObjectArray: 2 objects are not in the root set, but can never be destroyed because they are in the DisregardForGC set.
01-11 19:38:37.459 22791 22814 D UE4     : [2019.01.12-00.38.37:459][  0]LogUObjectAllocator: 3861440 out of 0 bytes used by permanent object pool.
01-11 19:38:37.459 22791 22814 D UE4     : [2019.01.12-00.38.37:459][  0]LogUObjectArray: CloseDisregardForGC: 35064/35064 objects in disregard for GC pool
01-11 19:38:37.473 22791 22814 D UE4     : [2019.01.12-00.38.37:473][  0]LogAndroid: Display: Passed PreInit()
01-11 19:38:37.475 22791 22814 D UE4     : [2019.01.12-00.38.37:475][  0]LogEngine: Initializing Engine...
01-11 19:38:37.484 22791 22814 D UE4     : [2019.01.12-00.38.37:484][  0]LogStats: UGameplayTagsManager::ConstructGameplayTagTree: ImportINI prefixes -  0.000 s
01-11 19:38:37.484 22791 22814 D UE4     : [2019.01.12-00.38.37:484][  0]LogStats: UGameplayTagsManager::ConstructGameplayTagTree: Construct from data asset -  0.000 s
01-11 19:38:37.485 22791 22814 D UE4     : [2019.01.12-00.38.37:485][  0]LogStats: UGameplayTagsManager::ConstructGameplayTagTree: ImportINI -  0.000 s
01-11 19:38:37.485 22791 22814 D UE4     : [2019.01.12-00.38.37:485][  0]LogStats: UGameplayTagsManager::ConstructGameplayTagTree: GameplayTagTreeChangedEvent.Broadcast -  0.000 s
01-11 19:38:37.577 22791 22814 D UE4     : [2019.01.12-00.38.37:577][  0]LogInit: Initializing FReadOnlyCVARCache
01-11 19:38:37.578 22791 22814 D UE4     : [2019.01.12-00.38.37:578][  0]LogAndroidAudio: Warning: SL Entered Init HW
01-11 19:38:37.578 22791 22814 D UE4     : [2019.01.12-00.38.37:578][  0]LogAndroidAudio: Warning: OpenSLES Initializing HW
01-11 19:38:37.578 22791 22814 D UE4     : [2019.01.12-00.38.37:578][  0]LogAndroidAudio: Warning: OpenSLES Initialized
01-11 19:38:37.578 22791 22814 D UE4     : [2019.01.12-00.38.37:578][  0]LogAndroidAudio: Warning: OpenSLAudioDevice: Allocated 12 sources
01-11 19:38:37.578 22791 22814 D UE4     : [2019.01.12-00.38.37:578][  0]LogInit: FAudioDevice initialized.
01-11 19:38:37.580 22791 22814 D UE4     : [2019.01.12-00.38.37:580][  0]LogAudio: Warning: Can't increase channels past starting number!
01-11 19:38:37.581 22791 22814 D UE4     : [2019.01.12-00.38.37:581][  0]LogNetVersion: Set ProjectVersion to 1.1.0. Version Checksum will be recalculated on next use.
01-11 19:38:37.581 22791 22814 D UE4     : [2019.01.12-00.38.37:581][  0]LogInit: Texture streaming: Enabled
01-11 19:38:37.583 22791 22814 D UE4     : [2019.01.12-00.38.37:583][  0]LogAudio: Warning: Can't increase channels past starting number!
01-11 19:38:37.590 22791 22814 D UE4     : [2019.01.12-00.38.37:590][  0]LogSlate: Updating window title bar state: overlay mode, drag disabled, window buttons hidden, title bar hidden
01-11 19:38:37.591 22791 22814 D UE4     : [2019.01.12-00.38.37:591][  0]LogInit: Display: Game Engine Initialized.
01-11 19:38:37.591 22791 22814 D UE4     : [2019.01.12-00.38.37:591][  0]LogGameplayTags: Display: UGameplayTagsManager::DoneAddingNativeTags. DelegateIsBound: 0
01-11 19:38:37.591 22791 22814 D UE4     : [2019.01.12-00.38.37:591][  0]LogStats: UGameplayTagsManager::ConstructGameplayTagTree: ImportINI prefixes -  0.000 s
01-11 19:38:37.591 22791 22814 D UE4     : [2019.01.12-00.38.37:591][  0]LogStats: UGameplayTagsManager::ConstructGameplayTagTree: Construct from data asset -  0.000 s
01-11 19:38:37.592 22791 22814 D UE4     : [2019.01.12-00.38.37:592][  0]LogStats: UGameplayTagsManager::ConstructGameplayTagTree: ImportINI -  0.000 s
01-11 19:38:37.592 22791 22814 D UE4     : [2019.01.12-00.38.37:592][  0]LogStats: UGameplayTagsManager::ConstructGameplayTagTree: GameplayTagTreeChangedEvent.Broadcast -  0.000 s
01-11 19:38:37.680 22791 22814 D UE4     : [2019.01.12-00.38.37:680][  0]LogInit: Display: Starting Game.
01-11 19:38:37.680 22791 22814 D UE4     : [2019.01.12-00.38.37:680][  0]LogNet: Browse: /Game/Maps/StackMap?Name=Player
01-11 19:38:37.707 22791 22814 D UE4     : [2019.01.12-00.38.37:707][  0]LogLoad: LoadMap: /Game/Maps/StackMap?Name=Player
01-11 19:38:37.926  3757 10496 D BatteryService: !@BatteryListener : batteryPropertiesChanged!
01-11 19:38:37.927  3757 10496 D BatteryService: level:67, scale:100, status:2, health:2, present:true, voltage: 4066, temperature: 275, technology: Li-ion, AC powered:false, USB powered:true, POGO powered:false, Wireless powered:false, icon:17303694, invalid charger:0, maxChargingCurrent:0, maxChargingVoltage:0, chargeCounter:0
01-11 19:38:37.927  3757 10496 D BatteryService: online:6, current avg:879, charge type:1, power sharing:false, high voltage charger:false, capacity:280000, batterySWSelfDischarging:false, misc_event:0, current_now:541
01-11 19:38:37.927  3757 10496 D BatteryService: stay LED for charging
01-11 19:38:37.927  3757  3757 D BatteryService: Sending ACTION_BATTERY_CHANGED.
01-11 19:38:37.931  3757  3757 V UiModeManager: updateLocked: null action, mDockState=0, category=null
01-11 19:38:37.931  3757  3757 D UiModeManager: updateConfigurationLocked: mDockState=0; mCarMode=false; mNightMode=1; uiMode=17
01-11 19:38:37.933  3757  3757 D GameManagerService: new battery level: 67
01-11 19:38:37.936  4616  4616 D KeyguardUpdateMonitor: received broadcast android.intent.action.BATTERY_CHANGED
01-11 19:38:37.937  4616  4616 D KeyguardUpdateMonitor: handleBatteryUpdate
01-11 19:38:37.941  4616  4616 D PowerUI : priorPlugType = 2 mPlugType =  2
01-11 19:38:37.944  4616  4616 D PowerUI.Notification: showChargingNotice oldChargingType : 1 currentChargingType : 1 oldChargingTime : 4686000 mChargingTime : 4675000
01-11 19:38:37.944  4616  4616 D PowerUI.Notification: showChargingNotification()
01-11 19:38:37.946  5024  5024 D PhoneApp: PhoneAppBroadcastReceiver onReceive android.intent.action.BATTERY_CHANGED
01-11 19:38:37.946  5024  5024 D TelephonyExtensionManager: lowBatterySound - isLowBatterySoundScheduled: false
01-11 19:38:37.946  5024  5024 D TelephonyExtensionManager: lowBatterySound - isPlayNow: false
01-11 19:38:37.947  5024  5024 D TelephonyExtensionManager: isSpeakerON - true
01-11 19:38:37.962  5024  5024 D TelephonyExtensionManager: lowBatterySound - batteryStatus: 2
01-11 19:38:37.962  5024  5024 D TelephonyExtensionManager: lowBatterySound - batteryLevel: 67
01-11 19:38:37.962  5024  5024 D TelephonyExtensionManager: lowBatterySound - cancel
01-11 19:38:37.963  3757  7204 D SamsungAlarmManager: Cancel Alarm calling from uid:1001 pid :5024 / op:PendingIntent{fbe636c: PendingIntentRecord{a39a255 com.android.phone broadcastIntent}}
01-11 19:38:37.964  3757  5902 D ApplicationPolicy: isStatusBarNotificationAllowedAsUser: packageName = com.android.systemui,userId = -1
01-11 19:38:37.969  4616  4616 D BatteryMeterDrawable: isSomethingChanged - false
01-11 19:38:37.970  4616  4616 D BatteryMeterDrawable: isSomethingChanged - false
01-11 19:38:37.972  5024  5024 D TelephonyExtension: Not stopping low battery tone
01-11 19:38:37.975  4616  4616 D Tile.FlashlightTile: ACTION_BATTERY_CHANGED - Level :: 67, emEnabled :: false
01-11 19:38:38.023  4616  4616 D KeyguardServiceBoxContainer: updateCMAS() hasCmasNotification = false, mHasCMAS = false
01-11 19:38:38.037 22791 22814 D UE4     : [2019.01.12-00.38.38:037][  0]LogAIModule: Creating AISystem for world StackMap
01-11 19:38:38.038 22791 22814 D UE4     : [2019.01.12-00.38.38:038][  0]LogLoad: Game class is 'GameModeBase'
01-11 19:38:38.044 22791 22814 D UE4     : [2019.01.12-00.38.38:044][  0]LogWorld: Bringing World /Game/Maps/StackMap.StackMap up for play (max tick rate 0) at 2019.01.11-19.38.38
01-11 19:38:38.048 22791 22814 D UE4     : [2019.01.12-00.38.38:047][  0]LogWorld: Bringing up level for play took: 0.006722
01-11 19:38:38.049 22791 22814 D UE4     : [2019.01.12-00.38.38:049][  0]LogOnlineIdentity: Display: OSS: FOnlineIdentityGooglePlay::GetPlayerNickname
01-11 19:38:38.050 22791 22814 D UE4     : [2019.01.12-00.38.38:050][  0]LogGameMode: FindPlayerStart: PATHS NOT DEFINED or NO PLAYERSTART with positive rating
01-11 19:38:38.091 22791 22814 D UE4     : [2019.01.12-00.38.38:091][  0]LogUMG: Display: Widget Class GameStartMenu_C - Loaded Fast Template.
01-11 19:38:38.096 22791 22814 D UE4     : [2019.01.12-00.38.38:096][  0]LogPlayerController: Error: InputMode:UIOnly - Attempting to focus Non-Focusable widget SObjectWidget [Widget.cpp(710)]!
01-11 19:38:38.098 22791 22814 D UE4     : [2019.01.12-00.38.38:098][  0]LogLoad: Took 0.390792 seconds to LoadMap(/Game/Maps/StackMap)
01-11 19:38:38.099 22791 22814 D UE4     : [2019.01.12-00.38.38:099][  0]LogSlate: Took 0.000403 seconds to synchronously load lazily loaded font '../../../Engine/Content/EngineFonts/Faces/DroidSansMono.ufont' (77K)
01-11 19:38:38.104 22791 22871 D UE4     : *** JavaEnvDestructor: 22871
01-11 19:38:38.105 22791 22869 D UE4     : AndroidEGL::ResetDisplay()
01-11 19:38:38.105 22791 22869 D UE4     : *** JavaEnvDestructor: 22869
01-11 19:38:38.115 22791 22814 D UE4     : [2019.01.12-00.38.38:115][  0]LogAndroid: Passed GEngineLoop.Init()
01-11 19:38:38.124 22791 22814 D UE4     : [2019.01.12-00.38.38:124][  0]LogAndroidEvents: Display: DequeueAppEvent : 9, 0
01-11 19:38:38.124 22791 22814 D UE4     : [2019.01.12-00.38.38:124][  0]LogAndroidEvents: Display: DequeueAppEvent : 7, 0
01-11 19:38:38.124 22791 22814 D UE4     : [2019.01.12-00.38.38:124][  0]LogAndroidEvents: Display: DequeueAppEvent : 6, 0
01-11 19:38:38.124 22791 22814 D UE4     : [2019.01.12-00.38.38:124][  0]LogAndroidEvents: Display: DequeueAppEvent : 0, 3268665352
01-11 19:38:38.124 22791 22814 D UE4     : APP_EVENT_STATE_WINDOW_CREATED, 0, 0, 0
01-11 19:38:38.124 22791 22814 D UE4     : [2019.01.12-00.38.38:124][  0]LogAndroidEvents: Display: ExecWindowCreated
01-11 19:38:38.125 22791 22814 D UE4     : AndroidEGL::ReInitWindow()
01-11 19:38:38.125 22791 22814 D UE4     : AndroidEGL::ReInit()
01-11 19:38:38.125 22791 22814 D UE4     : AndroidEGL::ResetDisplay()
01-11 19:38:38.125 22791 22814 D UE4     : AndroidEGL::InitSurface 0, 1
01-11 19:38:38.125 22791 22814 D UE4     : AndroidEGL::CreateEGLSurface() Already initialized: 0xe181f2a8
01-11 19:38:38.125 22791 22814 D UE4     : ExecWindowCreated, 0, 1, 0
01-11 19:38:38.125 22791 22814 D UE4     : [2019.01.12-00.38.38:125][  0]LogAndroidEvents: Display: DequeueAppEvent : 12, 0
01-11 19:38:38.125 22791 22814 D UE4     : [2019.01.12-00.38.38:125][  0]LogAndroidEvents: Display: DequeueAppEvent : 8, 0
01-11 19:38:38.125 22791 22814 D UE4     : [2019.01.12-00.38.38:125][  0]LogAndroidEvents: Display: DequeueAppEvent : 9, 0
01-11 19:38:38.126 22791 22814 D UE4     : [2019.01.12-00.38.38:125][  0]LogAndroidEvents: Display: DequeueAppEvent : 7, 0
01-11 19:38:38.126 22791 22814 D UE4     : [2019.01.12-00.38.38:126][  0]LogTemp: Android resume audio
01-11 19:38:38.127 22791 22906 D UE4     : [2019.01.12-00.38.38:127][  0]LogRenderer: Reallocating scene render targets to support 720x1280 Format 10 NumSamples 1 (Frame:1).
01-11 19:38:38.128 22791 22814 D UE4     : Registering volume receiver
01-11 19:38:38.138  3757 31270 D AudioService: getStreamVolume 3 index 0
01-11 19:38:38.138 22791 22814 D UE4     : startVolumeReceiver: 0
01-11 19:38:38.138 22791 22814 D UE4     : nativeVolumeEvent(0)
01-11 19:38:38.138 22791 22814 D UE4     : Registering battery receiver
01-11 19:38:38.141 22791 22814 D UE4     : Registering headset receiver
01-11 19:38:38.143 22791 22791 D UE4     : Battery: status = 2, rawlevel = 67, scale = 100
01-11 19:38:38.144 22791 22791 D UE4     : nativeBatteryEvent(stat = 2, lvl = 67  temp = 27.50 C)
01-11 19:38:38.144 22791 22814 D UE4     : startHeadsetReceiver: 0
01-11 19:38:38.144 22791 22814 D UE4     : nativeHeadsetEvent(0)
01-11 19:38:38.146 22791 22791 D UE4     : headsetReceiver::onReceive
01-11 19:38:38.146 22791 22791 D UE4     : nativeHeadsetEvent(0)
01-11 19:38:38.148 22791 22814 D UE4     : [2019.01.12-00.38.38:148][  0]LogAndroid: Display: Low Power Mode Changed: 0
01-11 19:38:38.158 22791 22906 D UE4     : [2019.01.12-00.38.38:158][  0]LogRHI: Using OpenGL program LRU cache: 0
01-11 19:38:38.213 22791 22885 D UE4     : *** JavaEnvDestructor: 22885
01-11 19:38:38.215 22791 22883 D UE4     : *** JavaEnvDestructor: 22883
01-11 19:38:38.215 22791 22884 D UE4     : *** JavaEnvDestructor: 22884
01-11 19:38:38.216 22791 22882 D UE4     : *** JavaEnvDestructor: 22882
01-11 19:38:38.321 22791 22814 D UE4     : [2019.01.12-00.38.38:321][  0]LogUdpMessaging: Initializing bridge on interface 0.0.0.0:0 to multicast group 230.0.0.1:6666.
01-11 19:38:38.403 22791 22880 D UE4     : *** JavaEnvDestructor: 22880
01-11 19:38:38.405 22791 22881 D UE4     : *** JavaEnvDestructor: 22881
01-11 19:38:38.506 22791 22814 D UE4     : [2019.01.12-00.38.38:506][  0]LogTcpMessaging: Initializing TcpMessaging bridge, listening on 127.0.0.1:6666
01-11 19:38:38.543 22791 22814 D UE4     : Execution has been resumed!
01-11 19:38:38.543 22791 22814 D UE4     : [2019.01.12-00.38.38:543][  0]LogAndroidEvents: Display: DequeueAppEvent : 6, 0
01-11 19:38:38.640 22791 22911 D UE4     : *** JavaEnvDestructor: 22911
01-11 19:38:38.641 22791 22909 D UE4     : *** JavaEnvDestructor: 22909
01-11 19:38:38.642 22791 22910 D UE4     : *** JavaEnvDestructor: 22910
01-11 19:38:38.643 22791 22908 D UE4     : *** JavaEnvDestructor: 22908
01-11 19:38:38.664  5689  5689 D io_stats: !@   8,0 r 1961568 59587892 w 1951661 44109688 d 315805 23234704 f 509892 509766 iot 3109530 1739398 th 61440 61440 43080 pt 9550 inp 0 0 168893.500
01-11 19:38:39.110  4616  4823 D NetworkController.MobileSignalController(0/1): onSignalStrengthsChanged signalStrength=SignalStrength: 99 99 -120 -160 -120 -1 -1 13 -121 -15 14 2147483647 2147483647 0x1000 gsm|lte level=1
01-11 19:38:39.110  4616  4823 D NetworkController.MobileSignalController(0/1): getMobileIconGroup(): 13
01-11 19:38:39.110  4616  4823 D NetworkController.MobileSignalController(0/1): updateVZWMobileIconGroup(): 13
01-11 19:38:39.119  5035  5670 D EPDG -- [SMARTWIFI]: onSignalStrengthsChanged: Received signal strength change, phone type is: 2
01-11 19:38:39.119  5035  6446 D EPDG -- [SMARTWIFI]: lastLteRSRP is -119currentLteRSRP is -121
01-11 19:38:39.119  5035  6446 D EPDG -- [SMARTWIFI]: lastLteRSRQ is -14currentLteRSRQ is -15
01-11 19:38:39.119  5035  6446 D EPDG -- [SMARTWIFI]: lastCdmaDb is -16currentCdmaDb is -16
