01-19 19:54:16.259  4561  5167 D BtGatt.ScanManager: High Rssi Filter value is = -128
01-19 19:54:16.259  4561  5167 D BtGatt.ScanManager: Low Rssi Filter value is = -128
01-19 19:54:16.259  4561  5167 D BtGatt.ScanManager: configureFilterParamter 500 10000 1 0scanFilterRssiThreshold = -128trackableScanFilterRssiThreshold = -128matchmode is =1
01-19 19:54:16.261  4561  4688 D BtGatt.GattService: onScanFilterParamsConfigured() - clientIf=4, status=0, action=0, availableSpace=29
01-19 19:54:16.261  4561  4688 D BtGatt.ScanManager: callback done for clientIf - 4 status - 0
01-19 19:54:16.261  4561  5167 D BtGatt.ScanManager: set filter index= 27 for clientIf= 4
01-19 19:54:16.261  4561  5167 D BtGatt.ScanManager: addFilterToController: 5
01-19 19:54:16.263  4561  4688 D BtGatt.GattService: onScanFilterConfig() - clientIf=4, action = 0 status = 0, filterType=5, availableSpace=44
01-19 19:54:16.263  4561  4688 D BtGatt.ScanManager: callback done for clientIf - 4 status - 0
01-19 19:54:16.263  4561  5167 D BtGatt.ScanManager: High Rssi Filter value is = -128
01-19 19:54:16.263  4561  5167 D BtGatt.ScanManager: Low Rssi Filter value is = -128
01-19 19:54:16.263  4561  5167 D BtGatt.ScanManager: configureFilterParamter 500 10000 1 0scanFilterRssiThreshold = -128trackableScanFilterRssiThreshold = -128matchmode is =1
01-19 19:54:16.265  3757  7206 I TZ: mc_tlc_communication: tlc_open() succeeded
01-19 19:54:16.265  3757  7206 I TLC_TZ_KEYSTORE: : ctx = 0x7824f988c0, comm = 0x7824f98880, sendmsg = 0x7837fb6000, recvmsg = 0x7837fb6440
01-19 19:54:16.265  3757  7206 I TZ_init: : TZ_init: fips_init_TLC sending initialization request...
01-19 19:54:16.265  3757  7206 I TZ_init: : TZ_init: sending initialization request...
01-19 19:54:16.265  4561  4688 D BtGatt.GattService: onScanFilterParamsConfigured() - clientIf=4, status=0, action=0, availableSpace=28
01-19 19:54:16.265  4561  4688 D BtGatt.ScanManager: callback done for clientIf - 4 status - 0
01-19 19:54:16.266  4561  5167 D BtGatt.ScanManager: configureRegularScanParams() - queue=1
01-19 19:54:16.266  4561  5167 I BtGatt.ScanManager: custom scan scanMode = 100
01-19 19:54:16.266  4561  5167 I BtGatt.ScanManager: New scan mode custom scan scanInterval = 3120scanWindow = 160
01-19 19:54:16.266  4561  5167 E BtGatt.ScanManager: default value of curScanSetting 0 is choosen
01-19 19:54:16.266  4561  5167 I BtGatt.ScanManager: newScanMode = 5newcurScanSetting = 0
01-19 19:54:16.266  4561  5167 I BtGatt.ScanManager: comparing = 5 with = 0
01-19 19:54:16.266  4561  5167 D BtGatt.ScanManager: configureRegularScanParams() - ScanSetting Scan mode=100 mLastConfiguredScanSetting=-2147483648
01-19 19:54:16.266  4561  5167 D BtGatt.ScanManager: configureRegularScanParams - scanInterval = 4992configureRegularScanParams - scanWindow = 256
01-19 19:54:16.267  4561  4688 D BtGatt.GattService: onScanParamSetupCompleted() status=0, clientIf=4
01-19 19:54:16.267  4561  4688 D BtGatt.GattService: onScanParamSetupCompleted : 0
01-19 19:54:16.269  3757  4469 D CompatibilityInfo: mCompatibilityFlags - 0
01-19 19:54:16.269  3757  4469 D CompatibilityInfo: applicationDensity - 420
01-19 19:54:16.269  3757  4469 D CompatibilityInfo: applicationScale - 1.0
01-19 19:54:16.281  3268  5563 I tlc_communication: mcWaitNotification is completed;237
01-19 19:54:16.281  3268  5563 I TLC_BAUTH: Check the Trustlet return code is completed;1665
01-19 19:54:16.281  3268  5563 D bauth_FPBAuthService: check_opcode status = 5, opcode = 0, func_ret_val = 0, function_status = 0, timeout = 0
01-19 19:54:16.281  3268  5563 I TLC_BAUTH: Call FUNC ID 0x4;693
01-19 19:54:16.288  3268  5563 I tlc_communication: tlc_close() called;149
01-19 19:54:16.288  3268  5563 I tlc_communication: Closing the session;153
01-19 19:54:16.295  3757  3774 D MountService: getExternalStorageMountMode : 3
01-19 19:54:16.295  3757  3774 D MountService: getExternalStorageMountMode : 3
01-19 19:54:16.295  3757  3774 D MountService: getExternalStorageMountMode : final mountMode=3, uid : 10039, packageName : com.sec.android.app.samsungapps
01-19 19:54:16.296  3757 17280 I BarTender:BatteryStatsDumper: writing to daily db completed
01-19 19:54:16.305  3757 17280 I BarTender:BatteryStatsDumper: writing to weekly db completed
01-19 19:54:16.306  3757 17280 I BarTender:BatteryStatsDumper: refreshstats completed
01-19 19:54:16.306  3757 17280 I BarTender:GATHERERBATTSTATS: set - time:1547945656306
01-19 19:54:16.306  3757 17280 I BarTender:ANALYZERBATTSTATS: Observer from Gatherer - time:1547945656306
01-19 19:54:16.306  3757  4355 I BarTender:ANALYZERBATTSTATS: MSG_TYPE_BARTENDER_CHECK_POWER::
01-19 19:54:16.307  3757  4355 I BarTender:BatteryStatsDBHelper: checkForPowerThreshold called : 1547945656306
01-19 19:54:16.315  3757  3774 I ActivityManager: Start proc 17310:com.sec.android.app.samsungapps/u0a39 for service com.sec.android.app.samsungapps/.autoupdateservice.AutoUpdateService
01-19 19:54:16.318 17310 17310 E Zygote  : v2
01-19 19:54:16.318 17310 17310 I libpersona: KNOX_SDCARD checking this for 10039
01-19 19:54:16.318 17310 17310 I libpersona: KNOX_SDCARD not a persona
01-19 19:54:16.319 17310 17310 E Zygote  : accessInfo : 0
01-19 19:54:16.320 17310 17310 W SELinux : SELinux selinux_android_compute_policy_index : Policy Index[2],  Con:u:r:zygote:s0 RAM:SEPF_SECMOBILE_7.0_0009, [-1 -1 -1 -1 0 1]
01-19 19:54:16.321 17310 17310 I SELinux : SELinux: seapp_context_lookup: seinfo=samsung, level=s0:c512,c768, pkgname=com.sec.android.app.samsungapps 
01-19 19:54:16.324  3757  4469 W BroadcastQueue: Permission Denial: broadcasting Intent { act=android.intent.action.USER_PRESENT flg=0x24000010 launchParam=MultiScreenLaunchParams { mDisplayId=0 mFlags=0 } } from com.android.systemui (pid=4616, uid=10055) is not exported from uid 10142 due to receiver com.telecomsys.directedsms.android.SCG/.UserPresentReceiver
01-19 19:54:16.337  3757  3774 D CompatibilityInfo: mCompatibilityFlags - 0
01-19 19:54:16.339  3757  3774 D CompatibilityInfo: applicationDensity - 420
01-19 19:54:16.340  3757  3774 D CompatibilityInfo: applicationScale - 1.0
01-19 19:54:16.343  3268  5563 I tlc_communication: Free WSM;171
01-19 19:54:16.343  3268  5563 I tlc_communication: Closing MobiCore device;189
01-19 19:54:16.347  3757  7206 I TZ_init: : TZ_init: successful initialization
01-19 19:54:16.347  3757  7206 I TLC_TZ_KEYSTORE: fips_self_test: : TZ_KEYSTORE_fips_self_test_START...
01-19 19:54:16.349  3757 31269 D SamsungAlarmManager: setInexact Intent (T:3/F:0/AC:false) 20190119T195431 - CU:10014/CP:7370
01-19 19:54:16.350  3757 31269 I SamsungAlarmManager: setLocked to kernel - T:2 / 20190119T195431, SetElapsed=1146296335, nowELAPSED=1146281356
01-19 19:54:16.352  3757  7206 I TLC_TZ_KEYSTORE: fips_self_test: : TZ_KEYSTORE_fips_self_test_END...
01-19 19:54:16.352  3757  7206 E TLC_TZ_KEYSTORE: : Self Test Succeded
01-19 19:54:16.352  3757  7206 I TZ: mc_tlc_communication: tlc_close() was called
01-19 19:54:16.352  3757  7206 I TZ: mc_tlc_communication: Closing the session
01-19 19:54:16.366 17310 17310 D TimaKeyStoreProvider: TimaKeyStore is not enabled: cannot add TimaSignature Service and generateKeyPair Service
01-19 19:54:16.371  3757  3771 D CompatibilityInfo: mCompatibilityFlags - 0
01-19 19:54:16.371  3757  3771 D CompatibilityInfo: applicationDensity - 420
01-19 19:54:16.371  3757  3771 D CompatibilityInfo: applicationScale - 1.0
01-19 19:54:16.371  3757  3771 I ActivityManager: DSS on for com.sec.android.app.samsungapps and scale is 1.0
01-19 19:54:16.374  3757  3771 D CompatibilityInfo: mCompatibilityFlags - 0
01-19 19:54:16.374  3757  3771 D CompatibilityInfo: applicationDensity - 420
01-19 19:54:16.374  3757  3771 D CompatibilityInfo: applicationScale - 1.0
01-19 19:54:16.381  3757  4482 D ConnectivityService: filterNetworkStateForUid() uid: 10227 networkInfo: [type: WIFI[] - WIFI, state: CONNECTED/CONNECTED, reason: (unspecified), extra: "wilkinson2.4", failover: false, available: true, roaming: false, metered: false]
01-19 19:54:16.383  3757  7206 I TZ: mc_tlc_communication: Freeing message buffer
01-19 19:54:16.384  3757  7206 I TZ: mc_tlc_communication: Closing MobiCore device
01-19 19:54:16.384  3757  7206 I TZ: mc_tlc_communication: tlc_close() succeeded
01-19 19:54:16.384  3757  7206 E TLC_TZ_KEYSTORE: : Count : 1, Ret : 0
01-19 19:54:16.384  3757  7206 E         : TimaKeyStore: tima_check_tzdriver success : 0
01-19 19:54:16.384  3268  5563 I tlc_communication: tlc_close() successed;202
01-19 19:54:16.384  3268  5563 I TLC_BAUTH: FUNC ID 0x4 is completed;823
01-19 19:54:16.384  3268  5563 D bauth_FPBAuthSensorControl: FPBAuthSensorControl, 304
01-19 19:54:16.384  3268  5563 D bauth_FPBAuthService: FPBAuthService, 681
01-19 19:54:16.384  3268  5563 D bauth_FPBAuthService: FPBAuthService, 7470
01-19 19:54:16.384  3268  5563 D bauth_service: BAuthService, 85
01-19 19:54:16.384  3268  5563 D bauth_FPBAuthService: FPBAuthService, 7265
01-19 19:54:16.385  3757  7206 I FipsTimaKeyStore: CCM is available on this device
01-19 19:54:16.386  3757  3771 D CompatibilityInfo: mCompatibilityFlags - 0
01-19 19:54:16.386  3757  3771 D CompatibilityInfo: applicationDensity - 420
01-19 19:54:16.386  3757  3771 D CompatibilityInfo: applicationScale - 1.0
01-19 19:54:16.395  3757  7206 I FipsTimaKeyStore: CCM is enabled for this user
01-19 19:54:16.395  3757  7206 I FipsTimaKeyStore: in getPkcs11KeyStoreInstance
01-19 19:54:16.396  3757  7206 W FipsTimaKeyStore: getSlotIdForCaller returned : 0
01-19 19:54:16.397  3757  7206 D OpenSSLHelper_Pkcs11: OpenSSLEngineHelper- constructor
01-19 19:54:16.397  3757  7206 D OpenSSLHelper_Pkcs11: register_engine function
01-19 19:54:16.397  3757  7206 D [OPENSSL HELPER NATIVE secpkcs11]: registerSSLEngineKeychain registerSSLEngineKeychain is called...
01-19 19:54:16.397  3757  7206 D [SECPKCS11 ENGINE]: a matching Secpkcs11Engine was already initialized: slotId = 0
01-19 19:54:16.397  3757  7206 E OpenSSLHelper_Pkcs11: register_engine success
01-19 19:54:16.397  3757  7206 I FipsTimaKeyStore: successfully added pkcs11 provider to the provider list
01-19 19:54:16.397  3757  7206 D TimaService: TIMA3: FipsKeyStore3_exist
01-19 19:54:16.397  3757  7206 D TimaService: TIMA: in getTimaVersion
01-19 19:54:16.397  3757  7206 D TimaService: TIMA: in getTimaStatus
01-19 19:54:16.397  3757  7206 D TimaService: TIMA: in getTimaStatus
01-19 19:54:16.397  3757  7206 I         : TimaKeyStore: tima_KeyStore3_exist_JNI
01-19 19:54:16.397  3757  7206 I         : TimaKeyStore: callingUid is 1000
01-19 19:54:16.398  3757  7206 E TLC_TZ_KEYSTORE: : Inside TZ_KEYSTORE_encrypt_filename()
01-19 19:54:16.398  3757  7206 I TLC_TZ_KEYSTORE: : creating new keystore context...
01-19 19:54:16.398  3757  7206 I TLC_TZ_KEYSTORE: : initializing ccm context...
01-19 19:54:16.398  3757  7206 I TLC_TZ_KEYSTORE: : root = 0, root_strlen = 1
01-19 19:54:16.398  3757  7206 I TLC_TZ_KEYSTORE: : process = ffffffff000000000000000000000013, process_strlen = 32
01-19 19:54:16.398  3757  7206 I TZ: mc_tlc_communication: input max_sendmsg_size = 1080
01-19 19:54:16.398  3757  7206 I TZ: mc_tlc_communication: input max_recvmsg_size = 1080
01-19 19:54:16.398  3757  7206 I TZ: mc_tlc_communication: root = 0, root_len = 1
01-19 19:54:16.398  3757  7206 I TZ: mc_tlc_communication: process = ffffffff000000000000000000000013, process_strlen = 32
01-19 19:54:16.398  3757  7206 I TZ: mc_tlc_communication: aligned max_sendmsg_size = 1088
01-19 19:54:16.398  3757  7206 I TZ: mc_tlc_communication: aligned max_recvmsg_size = 1088
01-19 19:54:16.398  3757  7206 I TZ: mc_tlc_communication: device_id = 0x0
01-19 19:54:16.398  3757  7206 I TZ: mc_tlc_communication: tlc_open() was called
01-19 19:54:16.398  3757  7206 I TZ: mc_tlc_communication: Opening MobiCore device
01-19 19:54:16.398  3757  7206 I TZ: mc_tlc_communication: Allocating message buffer for TCI
01-19 19:54:16.398  3757  7206 I TZ: mc_tlc_communication: Opening the session
01-19 19:54:16.405  3757  3757 D SamsungAlarmManager: Cancel Alarm calling from uid:1000 pid :3757 / op:PendingIntent{c46dd9c: PendingIntentRecord{33bba74 android broadcastIntent}}
01-19 19:54:16.413  3757  3757 D SamsungAlarmManager: setExact Intent (T:1/F:9/AC:false) 19691231T191000 - CU:1000/CP:3757
01-19 19:54:16.414  3757  3757 I SamsungAlarmManager: setLocked to kernel - T:3 / 20190119T195417, SetElapsed=1146282411, nowELAPSED=1146281420
01-19 19:54:16.424  3757  7206 I TZ: mc_tlc_communication: tlc_open() succeeded
01-19 19:54:16.424  3757  7206 I TLC_TZ_KEYSTORE: : ctx = 0x7824f988c0, comm = 0x7824f98a20, sendmsg = 0x7837fb6000, recvmsg = 0x7837fb6440
01-19 19:54:16.424  3757  7206 I TLC_TZ_COMMON: get_filename: : TZ_COMMON: Get_filename - allow_hashing: 0
01-19 19:54:16.425  3757  7206 I TLC_TZ_COMMON: get_filename: : TZ GetFN : priv_data.in_filename: 1000_KS_SKEY_PersonaPwdResetToken0, len: 34
01-19 19:54:16.425  3757  7206 I TLC_TZ_COMMON: get_filename: : TZ CCM : priv_data.in_fn_len: 34
01-19 19:54:16.425  3757  7206 I TLC_TZ_COMMON: get_filename: : TZ GetFN : Starting
01-19 19:54:16.432 17310 17310 I art     : Starting a blocking GC AddRemoveAppImageSpace
01-19 19:54:16.434  3757  7206 I TLC_TZ_COMMON: get_filename: : TZ GetFN : enc filename: 5CF8B0DBD8AB339AFE36575F7DE1A5881144C61E21FA5EC7B0CC0D466C592214EE1DC4C33206AD7D985A1765D9F169D45DC50C534953DDD76CB81EA7E38BA310
01-19 19:54:16.434  3757  7206 I TZ: mc_tlc_communication: tlc_close() was called
01-19 19:54:16.434  3757  7206 I TZ: mc_tlc_communication: Closing the session
01-19 19:54:16.434 17310 17310 W System  : ClassLoader referenced unknown path: /system/priv-app/SamsungUpdates/lib/arm64
01-19 19:54:16.441  3757  4450 D ConnectivityService: filterNetworkStateForUid() uid: 10039 networkInfo: [type: WIFI[] - WIFI, state: CONNECTED/CONNECTED, reason: (unspecified), extra: "wilkinson2.4", failover: false, available: true, roaming: false, metered: false]
01-19 19:54:16.441  3757  4450 D ConnectivityService: filterNetworkStateForUid() uid: 10039 networkInfo: [type: WIFI[] - WIFI, state: CONNECTED/CONNECTED, reason: (unspecified), extra: "wilkinson2.4", failover: false, available: true, roaming: false, metered: false]
01-19 19:54:16.441  3757  4450 D ConnectivityService: filterNetworkStateForUid() uid: 10039 networkInfo: [type: WIFI[] - WIFI, state: DISCONNECTED/BLOCKED, reason: (unspecified), extra: (none), failover: false, available: true, roaming: false, metered: false]
01-19 19:54:16.442  3757  4450 D ConnectivityService: filterNetworkStateForUid() uid: 10039 networkInfo: [type: WIFI[] - WIFI, state: DISCONNECTED/BLOCKED, reason: (unspecified), extra: (none), failover: false, available: true, roaming: false, metered: false]
01-19 19:54:16.453  3757  7206 I TZ: mc_tlc_communication: Freeing message buffer
01-19 19:54:16.453  3757  7206 I TZ: mc_tlc_communication: Closing MobiCore device
01-19 19:54:16.453  3757  7206 I TZ: mc_tlc_communication: tlc_close() succeeded
01-19 19:54:16.453  3757  7206 E TLC_TZ_KEYSTORE: : Count : 1, Ret : 0
01-19 19:54:16.453  3757  7206 I         : TimaKeyStore: encryptFilename : filename is: 5CF8B0DBD8AB339AFE36575F7DE1A5881144C61E21FA5EC7B0CC0D466C592214EE1DC4C33206AD7D985A1765D9F169D45DC50C534953DDD76CB81EA7E38BA310
01-19 19:54:16.453  3757  7206 I         : TimaKeyStore: /data/misc/fips_tima_keystore/user_0/5CF8B0DBD8AB339AFE36575F7DE1A5881144C61E21FA5EC7B0CC0D466C592214EE1DC4C33206AD7D985A1765D9F169D45DC50C534953DDD76CB81EA7E38BA310 exists
01-19 19:54:16.454  3757  7206 D TimaService: TIMA3: FipsKeyStore3_exist
01-19 19:54:16.454  3757  7206 D TimaService: TIMA: in getTimaVersion
01-19 19:54:16.454  3757  7206 D TimaService: TIMA: in getTimaStatus
01-19 19:54:16.454  3757  7206 D TimaService: TIMA: in getTimaStatus
01-19 19:54:16.454  3757  7206 I         : TimaKeyStore: tima_KeyStore3_exist_JNI
01-19 19:54:16.454  3757  7206 I         : TimaKeyStore: callingUid is 1000
01-19 19:54:16.454  3757  7206 E TLC_TZ_KEYSTORE: : Inside TZ_KEYSTORE_encrypt_filename()
01-19 19:54:16.454  3757  7206 I TLC_TZ_KEYSTORE: : creating new keystore context...
01-19 19:54:16.454  3757  7206 I TLC_TZ_KEYSTORE: : initializing ccm context...
01-19 19:54:16.454  3757  7206 I TLC_TZ_KEYSTORE: : root = 0, root_strlen = 1
01-19 19:54:16.454  3757  7206 I TLC_TZ_KEYSTORE: : process = ffffffff000000000000000000000013, process_strlen = 32
01-19 19:54:16.454  3757  7206 I TZ: mc_tlc_communication: input max_sendmsg_size = 1080
01-19 19:54:16.454  3757  7206 I TZ: mc_tlc_communication: input max_recvmsg_size = 1080
01-19 19:54:16.454  3757  7206 I TZ: mc_tlc_communication: root = 0, root_len = 1
01-19 19:54:16.454  3757  7206 I TZ: mc_tlc_communication: process = ffffffff000000000000000000000013, process_strlen = 32
01-19 19:54:16.454  3757  7206 I TZ: mc_tlc_communication: aligned max_sendmsg_size = 1088
01-19 19:54:16.454  3757  7206 I TZ: mc_tlc_communication: aligned max_recvmsg_size = 1088
01-19 19:54:16.454  3757  7206 I TZ: mc_tlc_communication: device_id = 0x0
01-19 19:54:16.454  3757  7206 I TZ: mc_tlc_communication: tlc_open() was called
01-19 19:54:16.454  3757  7206 I TZ: mc_tlc_communication: Opening MobiCore device
01-19 19:54:16.454  3757  7206 I TZ: mc_tlc_communication: Allocating message buffer for TCI
01-19 19:54:16.454  3757  7206 I TZ: mc_tlc_communication: Opening the session
01-19 19:54:16.461  3757  7216 D ConnectivityService: filterNetworkStateForUid() uid: 10014 networkInfo: [type: WIFI[] - WIFI, state: CONNECTED/CONNECTED, reason: (unspecified), extra: "wilkinson2.4", failover: false, available: true, roaming: false, metered: false]
01-19 19:54:16.467  4616  4616 V KeyguardDisplayManager: hide (true)
01-19 19:54:16.474  3757  7206 I TZ: mc_tlc_communication: tlc_open() succeeded
01-19 19:54:16.474  3757  7206 I TLC_TZ_KEYSTORE: : ctx = 0x7824f988c0, comm = 0x7824f98a20, sendmsg = 0x7837fb6000, recvmsg = 0x7837fb6440
01-19 19:54:16.474  3757  7206 I TLC_TZ_COMMON: get_filename: : TZ_COMMON: Get_filename - allow_hashing: 0
01-19 19:54:16.474  3757  7206 I TLC_TZ_COMMON: get_filename: : TZ GetFN : priv_data.in_filename: 1000_KS_SKEY_PersonaPwdResetToken0, len: 34
01-19 19:54:16.474  3757  7206 I TLC_TZ_COMMON: get_filename: : TZ CCM : priv_data.in_fn_len: 34
01-19 19:54:16.474  3757  7206 I TLC_TZ_COMMON: get_filename: : TZ GetFN : Starting
01-19 19:54:16.483  3757  7206 I TLC_TZ_COMMON: get_filename: : TZ GetFN : enc filename: 5CF8B0DBD8AB339AFE36575F7DE1A5881144C61E21FA5EC7B0CC0D466C592214EE1DC4C33206AD7D985A1765D9F169D45DC50C534953DDD76CB81EA7E38BA310
01-19 19:54:16.483  3757  7206 I TZ: mc_tlc_communication: tlc_close() was called
01-19 19:54:16.483  3757  7206 I TZ: mc_tlc_communication: Closing the session
01-19 19:54:16.500  3757  7206 I TZ: mc_tlc_communication: Freeing message buffer
01-19 19:54:16.501  3757  7206 I TZ: mc_tlc_communication: Closing MobiCore device
01-19 19:54:16.501  3757  7206 I TZ: mc_tlc_communication: tlc_close() succeeded
01-19 19:54:16.501  3757  7206 E TLC_TZ_KEYSTORE: : Count : 1, Ret : 0
01-19 19:54:16.501  3757  7206 I         : TimaKeyStore: encryptFilename : filename is: 5CF8B0DBD8AB339AFE36575F7DE1A5881144C61E21FA5EC7B0CC0D466C592214EE1DC4C33206AD7D985A1765D9F169D45DC50C534953DDD76CB81EA7E38BA310
01-19 19:54:16.501  3757  7206 I         : TimaKeyStore: /data/misc/fips_tima_keystore/user_0/5CF8B0DBD8AB339AFE36575F7DE1A5881144C61E21FA5EC7B0CC0D466C592214EE1DC4C33206AD7D985A1765D9F169D45DC50C534953DDD76CB81EA7E38BA310 exists
01-19 19:54:16.503  3757  7206 D FipsTimaKeyStore: isAliasAcessPermitted - getSlotIdForCaller returned : -1
01-19 19:54:16.503  3757  7206 D TimaService: TIMA3: FipsKeyStore3_exist
01-19 19:54:16.503  3757  7206 D TimaService: TIMA: in getTimaVersion
01-19 19:54:16.503  3757  7206 D TimaService: TIMA: in getTimaStatus
01-19 19:54:16.503  3757  7206 D TimaService: TIMA: in getTimaStatus
01-19 19:54:16.504  3757  7206 I         : TimaKeyStore: tima_KeyStore3_exist_JNI
01-19 19:54:16.504  3757  7206 I         : TimaKeyStore: callingUid is 1000
01-19 19:54:16.504  3757  7206 E TLC_TZ_KEYSTORE: : Inside TZ_KEYSTORE_encrypt_filename()
01-19 19:54:16.504  3757  7206 I TLC_TZ_KEYSTORE: : creating new keystore context...
01-19 19:54:16.504  3757  7206 I TLC_TZ_KEYSTORE: : initializing ccm context...
01-19 19:54:16.504  3757  7206 I TLC_TZ_KEYSTORE: : root = 0, root_strlen = 1
01-19 19:54:16.504  3757  7206 I TLC_TZ_KEYSTORE: : process = ffffffff000000000000000000000013, process_strlen = 32
01-19 19:54:16.504  3757  7206 I TZ: mc_tlc_communication: input max_sendmsg_size = 1080
01-19 19:54:16.504  3757  7206 I TZ: mc_tlc_communication: input max_recvmsg_size = 1080
01-19 19:54:16.504  3757  7206 I TZ: mc_tlc_communication: root = 0, root_len = 1
01-19 19:54:16.504  3757  7206 I TZ: mc_tlc_communication: process = ffffffff000000000000000000000013, process_strlen = 32
01-19 19:54:16.504  3757  7206 I TZ: mc_tlc_communication: aligned max_sendmsg_size = 1088
01-19 19:54:16.504  3757  7206 I TZ: mc_tlc_communication: aligned max_recvmsg_size = 1088
01-19 19:54:16.504  3757  7206 I TZ: mc_tlc_communication: device_id = 0x0
01-19 19:54:16.504  3757  7206 I TZ: mc_tlc_communication: tlc_open() was called
01-19 19:54:16.504  3757  7206 I TZ: mc_tlc_communication: Opening MobiCore device
01-19 19:54:16.504  3757  7206 I TZ: mc_tlc_communication: Allocating message buffer for TCI
01-19 19:54:16.504  3757  7206 I TZ: mc_tlc_communication: Opening the session
01-19 19:54:16.506  3757  4458 D WifiHAL : Setting APF program, halHandle = 0x781e1215e0
01-19 19:54:16.506  3757  4458 I WifiHAL : 
01-19 19:54:16.506  3757  4458 I WifiHAL : createRequest: APF set program request
01-19 19:54:16.508  3757  4458 I WifiHAL : Done!
01-19 19:54:16.520  3757  7206 I TZ: mc_tlc_communication: tlc_open() succeeded
01-19 19:54:16.520  3757  7206 I TLC_TZ_KEYSTORE: : ctx = 0x7824f988c0, comm = 0x7824f98a20, sendmsg = 0x7837fb6000, recvmsg = 0x7837fb6440
01-19 19:54:16.520  3757  7206 I TLC_TZ_COMMON: get_filename: : TZ_COMMON: Get_filename - allow_hashing: 0
01-19 19:54:16.520  3757  7206 I TLC_TZ_COMMON: get_filename: : TZ GetFN : priv_data.in_filename: 1000_KS_SKEY_PersonaPwdResetToken0, len: 34
01-19 19:54:16.520  3757  7206 I TLC_TZ_COMMON: get_filename: : TZ CCM : priv_data.in_fn_len: 34
01-19 19:54:16.520  3757  7206 I TLC_TZ_COMMON: get_filename: : TZ GetFN : Starting
01-19 19:54:16.530  3757  7206 I TLC_TZ_COMMON: get_filename: : TZ GetFN : enc filename: 5CF8B0DBD8AB339AFE36575F7DE1A5881144C61E21FA5EC7B0CC0D466C592214EE1DC4C33206AD7D985A1765D9F169D45DC50C534953DDD76CB81EA7E38BA310
01-19 19:54:16.530  3757  7206 I TZ: mc_tlc_communication: tlc_close() was called
01-19 19:54:16.530  3757  7206 I TZ: mc_tlc_communication: Closing the session
01-19 19:54:16.550  3757  7206 I TZ: mc_tlc_communication: Freeing message buffer
01-19 19:54:16.550  3757  7206 I TZ: mc_tlc_communication: Closing MobiCore device
01-19 19:54:16.550  3757  7206 I TZ: mc_tlc_communication: tlc_close() succeeded
01-19 19:54:16.550  3757  7206 E TLC_TZ_KEYSTORE: : Count : 1, Ret : 0
01-19 19:54:16.550  3757  7206 I         : TimaKeyStore: encryptFilename : filename is: 5CF8B0DBD8AB339AFE36575F7DE1A5881144C61E21FA5EC7B0CC0D466C592214EE1DC4C33206AD7D985A1765D9F169D45DC50C534953DDD76CB81EA7E38BA310
01-19 19:54:16.550  3757  7206 I         : TimaKeyStore: /data/misc/fips_tima_keystore/user_0/5CF8B0DBD8AB339AFE36575F7DE1A5881144C61E21FA5EC7B0CC0D466C592214EE1DC4C33206AD7D985A1765D9F169D45DC50C534953DDD76CB81EA7E38BA310 exists
01-19 19:54:16.551  3757  7206 D TimaService: TIMA3: FipsKeyStore3_exist
01-19 19:54:16.551  3757  7206 D TimaService: TIMA: in getTimaVersion
01-19 19:54:16.551  3757  7206 D TimaService: TIMA: in getTimaStatus
01-19 19:54:16.551  3757  7206 D TimaService: TIMA: in getTimaStatus
01-19 19:54:16.551  3757  7206 I         : TimaKeyStore: tima_KeyStore3_exist_JNI
01-19 19:54:16.551  3757  7206 I         : TimaKeyStore: callingUid is 1000
01-19 19:54:16.551  3757  7206 E TLC_TZ_KEYSTORE: : Inside TZ_KEYSTORE_encrypt_filename()
01-19 19:54:16.551  3757  7206 I TLC_TZ_KEYSTORE: : creating new keystore context...
01-19 19:54:16.551  3757  7206 I TLC_TZ_KEYSTORE: : initializing ccm context...
01-19 19:54:16.551  3757  7206 I TLC_TZ_KEYSTORE: : root = 0, root_strlen = 1
01-19 19:54:16.551  3757  7206 I TLC_TZ_KEYSTORE: : process = ffffffff000000000000000000000013, process_strlen = 32
01-19 19:54:16.551  3757  7206 I TZ: mc_tlc_communication: input max_sendmsg_size = 1080
01-19 19:54:16.551  3757  7206 I TZ: mc_tlc_communication: input max_recvmsg_size = 1080
01-19 19:54:16.551  3757  7206 I TZ: mc_tlc_communication: root = 0, root_len = 1
01-19 19:54:16.551  3757  7206 I TZ: mc_tlc_communication: process = ffffffff000000000000000000000013, process_strlen = 32
01-19 19:54:16.551  3757  7206 I TZ: mc_tlc_communication: aligned max_sendmsg_size = 1088
01-19 19:54:16.551  3757  7206 I TZ: mc_tlc_communication: aligned max_recvmsg_size = 1088
01-19 19:54:16.551  3757  7206 I TZ: mc_tlc_communication: device_id = 0x0
01-19 19:54:16.551  3757  7206 I TZ: mc_tlc_communication: tlc_open() was called
01-19 19:54:16.551  3757  7206 I TZ: mc_tlc_communication: Opening MobiCore device
01-19 19:54:16.551  3757  7206 I TZ: mc_tlc_communication: Allocating message buffer for TCI
01-19 19:54:16.551  3757  7206 I TZ: mc_tlc_communication: Opening the session
01-19 19:54:16.567  3757  7206 I TZ: mc_tlc_communication: tlc_open() succeeded
01-19 19:54:16.567  3757  7206 I TLC_TZ_KEYSTORE: : ctx = 0x7824f988c0, comm = 0x7824f98a20, sendmsg = 0x7837fb6000, recvmsg = 0x7837fb6440
01-19 19:54:16.567  3757  7206 I TLC_TZ_COMMON: get_filename: : TZ_COMMON: Get_filename - allow_hashing: 0
01-19 19:54:16.567  3757  7206 I TLC_TZ_COMMON: get_filename: : TZ GetFN : priv_data.in_filename: 1000_KS_SKEY_PersonaPwdResetToken0, len: 34
01-19 19:54:16.567  3757  7206 I TLC_TZ_COMMON: get_filename: : TZ CCM : priv_data.in_fn_len: 34
01-19 19:54:16.567  3757  7206 I TLC_TZ_COMMON: get_filename: : TZ GetFN : Starting
01-19 19:54:16.577  3757  7206 I TLC_TZ_COMMON: get_filename: : TZ GetFN : enc filename: 5CF8B0DBD8AB339AFE36575F7DE1A5881144C61E21FA5EC7B0CC0D466C592214EE1DC4C33206AD7D985A1765D9F169D45DC50C534953DDD76CB81EA7E38BA310
01-19 19:54:16.577  3757  7206 I TZ: mc_tlc_communication: tlc_close() was called
01-19 19:54:16.577  3757  7206 I TZ: mc_tlc_communication: Closing the session
01-19 19:54:16.584 17310 17310 V [SAUI]  : ConcreteDeviceInfoLoaderdeviceInfo simOperator : 311480
01-19 19:54:16.595  3757  7206 I TZ: mc_tlc_communication: Freeing message buffer
01-19 19:54:16.595  3757  7206 I TZ: mc_tlc_communication: Closing MobiCore device
01-19 19:54:16.595  3757  7206 I TZ: mc_tlc_communication: tlc_close() succeeded
01-19 19:54:16.595  3757  7206 E TLC_TZ_KEYSTORE: : Count : 1, Ret : 0
01-19 19:54:16.595  3757  7206 I         : TimaKeyStore: encryptFilename : filename is: 5CF8B0DBD8AB339AFE36575F7DE1A5881144C61E21FA5EC7B0CC0D466C592214EE1DC4C33206AD7D985A1765D9F169D45DC50C534953DDD76CB81EA7E38BA310
01-19 19:54:16.595  3757  7206 I         : TimaKeyStore: /data/misc/fips_tima_keystore/user_0/5CF8B0DBD8AB339AFE36575F7DE1A5881144C61E21FA5EC7B0CC0D466C592214EE1DC4C33206AD7D985A1765D9F169D45DC50C534953DDD76CB81EA7E38BA310 exists
01-19 19:54:16.595  3757  7206 D TimaService: TIMA3: FipsKeyStore3_get
01-19 19:54:16.595  3757  7206 D TimaService: TIMA: in getTimaVersion
01-19 19:54:16.595  3757  7206 D TimaService: TIMA: in getTimaStatus
01-19 19:54:16.595  3757  7206 D TimaService: TIMA: in getTimaStatus
01-19 19:54:16.595  3757  7206 I         : TimaKeyStore: tima_KeyStore3_get_JNI
01-19 19:54:16.595  3757  7206 I         : TimaKeyStore: callingUid is 1000
01-19 19:54:16.596  3757  7206 E TLC_TZ_KEYSTORE: : Inside TZ_KEYSTORE_encrypt_filename()
01-19 19:54:16.596  3757  7206 I TLC_TZ_KEYSTORE: : creating new keystore context...
01-19 19:54:16.596  3757  7206 I TLC_TZ_KEYSTORE: : initializing ccm context...
01-19 19:54:16.596  3757  7206 I TLC_TZ_KEYSTORE: : root = 0, root_strlen = 1
01-19 19:54:16.596  3757  7206 I TLC_TZ_KEYSTORE: : process = ffffffff000000000000000000000013, process_strlen = 32
01-19 19:54:16.596  3757  7206 I TZ: mc_tlc_communication: input max_sendmsg_size = 1080
01-19 19:54:16.596  3757  7206 I TZ: mc_tlc_communication: input max_recvmsg_size = 1080
01-19 19:54:16.596  3757  7206 I TZ: mc_tlc_communication: root = 0, root_len = 1
01-19 19:54:16.596  3757  7206 I TZ: mc_tlc_communication: process = ffffffff000000000000000000000013, process_strlen = 32
01-19 19:54:16.596  3757  7206 I TZ: mc_tlc_communication: aligned max_sendmsg_size = 1088
01-19 19:54:16.596  3757  7206 I TZ: mc_tlc_communication: aligned max_recvmsg_size = 1088
01-19 19:54:16.596  3757  7206 I TZ: mc_tlc_communication: device_id = 0x0
01-19 19:54:16.596  3757  7206 I TZ: mc_tlc_communication: tlc_open() was called
01-19 19:54:16.596  3757  7206 I TZ: mc_tlc_communication: Opening MobiCore device
01-19 19:54:16.596  3757  7206 I TZ: mc_tlc_communication: Allocating message buffer for TCI
01-19 19:54:16.596  3757  7206 I TZ: mc_tlc_communication: Opening the session
01-19 19:54:16.613  3757  7206 I TZ: mc_tlc_communication: tlc_open() succeeded
01-19 19:54:16.613  3757  7206 I TLC_TZ_KEYSTORE: : ctx = 0x7824f988c0, comm = 0x7824f98a20, sendmsg = 0x7837fb6000, recvmsg = 0x7837fb6440
01-19 19:54:16.613  3757  7206 I TLC_TZ_COMMON: get_filename: : TZ_COMMON: Get_filename - allow_hashing: 0
01-19 19:54:16.613  3757  7206 I TLC_TZ_COMMON: get_filename: : TZ GetFN : priv_data.in_filename: 1000_KS_SKEY_PersonaPwdResetToken0, len: 34
01-19 19:54:16.613  3757  7206 I TLC_TZ_COMMON: get_filename: : TZ CCM : priv_data.in_fn_len: 34
01-19 19:54:16.613  3757  7206 I TLC_TZ_COMMON: get_filename: : TZ GetFN : Starting
01-19 19:54:16.621  3757  7206 I TLC_TZ_COMMON: get_filename: : TZ GetFN : enc filename: 5CF8B0DBD8AB339AFE36575F7DE1A5881144C61E21FA5EC7B0CC0D466C592214EE1DC4C33206AD7D985A1765D9F169D45DC50C534953DDD76CB81EA7E38BA310
01-19 19:54:16.622  3757  7206 I TZ: mc_tlc_communication: tlc_close() was called
01-19 19:54:16.622  3757  7206 I TZ: mc_tlc_communication: Closing the session
01-19 19:54:16.637 17310 17310 V [SAUI]  : ConcreteDeviceInfoLoaderdeviceInfo simOperator : 311480
01-19 19:54:16.640  3757  7206 I TZ: mc_tlc_communication: Freeing message buffer
01-19 19:54:16.640  3757  7206 I TZ: mc_tlc_communication: Closing MobiCore device
01-19 19:54:16.640  3757  7206 I TZ: mc_tlc_communication: tlc_close() succeeded
01-19 19:54:16.640  3757  7206 E TLC_TZ_KEYSTORE: : Count : 1, Ret : 0
01-19 19:54:16.640  3757  7206 I         : TimaKeyStore: encryptFilename : filename is: 5CF8B0DBD8AB339AFE36575F7DE1A5881144C61E21FA5EC7B0CC0D466C592214EE1DC4C33206AD7D985A1765D9F169D45DC50C534953DDD76CB81EA7E38BA310
01-19 19:54:16.640  3757  7206 I TLC_TZ_KEYSTORE: : TZ_KEYSTORE_fips_unwrap_key
01-19 19:54:16.640  3757  7206 I TLC_TZ_KEYSTORE: : creating new keystore context...
01-19 19:54:16.640  3757  7206 I TLC_TZ_KEYSTORE: : initializing ccm context...
01-19 19:54:16.640  3757  7206 I TLC_TZ_KEYSTORE: : root = 0, root_strlen = 1
01-19 19:54:16.640  3757  7206 I TLC_TZ_KEYSTORE: : process = ffffffff000000000000000000000013, process_strlen = 32
01-19 19:54:16.640  3757  7206 I TZ: mc_tlc_communication: input max_sendmsg_size = 1080
01-19 19:54:16.640  3757  7206 I TZ: mc_tlc_communication: input max_recvmsg_size = 1080
01-19 19:54:16.640  3757  7206 I TZ: mc_tlc_communication: root = 0, root_len = 1
01-19 19:54:16.640  3757  7206 I TZ: mc_tlc_communication: process = ffffffff000000000000000000000013, process_strlen = 32
01-19 19:54:16.640  3757  7206 I TZ: mc_tlc_communication: aligned max_sendmsg_size = 1088
01-19 19:54:16.640  3757  7206 I TZ: mc_tlc_communication: aligned max_recvmsg_size = 1088
01-19 19:54:16.640  3757  7206 I TZ: mc_tlc_communication: device_id = 0x0
01-19 19:54:16.640  3757  7206 I TZ: mc_tlc_communication: tlc_open() was called
01-19 19:54:16.640  3757  7206 I TZ: mc_tlc_communication: Opening MobiCore device
01-19 19:54:16.640  3757  7206 I TZ: mc_tlc_communication: Allocating message buffer for TCI
01-19 19:54:16.640  3757  7206 I TZ: mc_tlc_communication: Opening the session
01-19 19:54:16.645 17310 17310 V [SAUI]  : ConcreteDeviceInfoLoaderdeviceInfo simOperator : 311480
01-19 19:54:16.655  3757  7206 I TZ: mc_tlc_communication: tlc_open() succeeded
01-19 19:54:16.655  3757  7206 I TLC_TZ_KEYSTORE: : ctx = 0x7824f988c0, comm = 0x7824f98a20, sendmsg = 0x7837fb6000, recvmsg = 0x7837fb6440
01-19 19:54:16.655  3757  7206 I TLC_TZ_KEYSTORE: unwrap_key: : TZ_KEYSTORE_fips_unwrap_key_TLC...
01-19 19:54:16.655  3757  7206 I TLC_TZ_KEYSTORE: unwrap_key: : TZ_KEYSTORE_unwrap_key_START...
01-19 19:54:16.655 17310 17310 D NetworkSecurityConfig: No Network Security Config specified, using platform default
01-19 19:54:16.667  3757  7206 I TLC_TZ_KEYSTORE: unwrap_key: : TZ_KEYSTORE_unwrap_key_END...
01-19 19:54:16.667  3757  7206 I TZ: mc_tlc_communication: tlc_close() was called
01-19 19:54:16.667  3757  7206 I TZ: mc_tlc_communication: Closing the session
01-19 19:54:16.685  3757  7206 I TZ: mc_tlc_communication: Freeing message buffer
01-19 19:54:16.685  3757  7206 I TZ: mc_tlc_communication: Closing MobiCore device
01-19 19:54:16.685  3757  7206 I TZ: mc_tlc_communication: tlc_close() succeeded
01-19 19:54:16.685  3757  7206 E TLC_TZ_KEYSTORE: : Count : 1, Ret : 0
01-19 19:54:16.685  3757  7206 I         : TimaKeyStore: returning bytearray
01-19 19:54:16.685  3757  7206 D TimaHelper: Found key : PersonaPwdResetToken0 from TIMA keystore
01-19 19:54:16.686  3757  7206 I KeyManagementUtil: retrieveCMK :: Inside
01-19 19:54:16.686  3757  7206 D KeyManagementUtil: verifyKEK :: Inside
01-19 19:54:16.686  3757  7206 D KeyManagementUtil: SND -> {keymanagement_cmd verify_kek}
01-19 19:54:16.686 17310 17310 D Sppmt   : Test mode:false, cfgFileExist:false, canWrite:false
01-19 19:54:16.688  3236  3278 D SDP_JNI_SKMM2:  [sdp] CALL - VerifyKEK..... 
01-19 19:54:16.688  3236  3278 D SDP_JNI_SKMM2: verifyKEK ..... 
01-19 19:54:16.688  3236  3278 D SDP_JNI_SKMM2: verifyKEK :: id=0, type=MDM
01-19 19:54:16.688  3236  3278 E SDP_DAEMON_SKMM2: int __read_payload(int, void *, size_t)(size:660)
01-19 19:54:16.689  3236  3278 E SKMM_v2.0_Mobicore_Helper: InitMode: 0
01-19 19:54:16.690  3236  3278 D SKMM_v2.0_Mobicore_Helper: Try Trustlet Open Session
01-19 19:54:16.690  3757 29842 D CompatibilityInfo: mCompatibilityFlags - 0
01-19 19:54:16.690  3757 29842 D CompatibilityInfo: applicationDensity - 420
01-19 19:54:16.690  3757 29842 D CompatibilityInfo: applicationScale - 1.0
01-19 19:54:16.701  3757  3771 D ConnectivityService: filterNetworkStateForUid() uid: 10039 networkInfo: [type: WIFI[] - WIFI, state: DISCONNECTED/BLOCKED, reason: (unspecified), extra: (none), failover: false, available: true, roaming: false, metered: false]
01-19 19:54:16.705  3236  3278 I SDP_DAEMON_SKMM2: Initialized Successfully(0)
01-19 19:54:16.720  3757  3771 I SamsungAlarmManager: setLocked to kernel - T:3 / 19691231T191000, SetElapsed=-1546798774994, nowELAPSED=1146281726
01-19 19:54:16.720  3757  4354 D SamsungAlarmManager: Expired : 8
01-19 19:54:16.720  3757  3771 D SamsungAlarmManager: setInexact Listener (T:2/F:0/AC:false) 20190119T195716 - CU:1000/CP:3757
01-19 19:54:16.721  3757  4354 I SamsungAlarmManager: setLocked to kernel - T:3 / 20190119T195420, SetElapsed=1146285189, nowELAPSED=1146281727
01-19 19:54:16.721  3757  4354 V SamsungAlarmManager: Sending to uid : 1000 action=com.android.server.action.UPDATE_TWILIGHT_STATE alarm=Alarm{e6cad46 type 1 when 600000 android}
01-19 19:54:16.744  3757  3757 D SamsungAlarmManager: Cancel Alarm calling from uid:1000 pid :3757 / op:PendingIntent{b354b07: PendingIntentRecord{33bba74 android broadcastIntent}}
01-19 19:54:16.748  3236  3278 D SKMM_v2.0_Mobicore_Helper: Send Trustlet TCI Message
01-19 19:54:16.748  3757 31270 D ConnectivityService: filterNetworkStateForUid() uid: 10039 networkInfo: [type: WIFI[] - WIFI, state: DISCONNECTED/BLOCKED, reason: (unspecified), extra: (none), failover: false, available: true, roaming: false, metered: false]
01-19 19:54:16.759 17310 17310 D [SAUI]  : AutoUpdateService::onStartCommand
01-19 19:54:16.760  3757  3757 D SamsungAlarmManager: setExact Intent (T:1/F:9/AC:false) 19691231T191000 - CU:1000/CP:3757
01-19 19:54:16.760  3757  3757 I SamsungAlarmManager: setLocked to kernel - T:3 / 20190119T195417, SetElapsed=1146282750, nowELAPSED=1146281766
01-19 19:54:16.760 17310 17310 D [SAUI]  : AutoUpdateService::runAutoUpdateManager
01-19 19:54:16.770 17310 17310 D hcjo    : AutoUpdateManager:IDLE:AutoUpdateManager::execute : true false true state: IDLE
01-19 19:54:16.782  3236  3278 D SDP_JNI_SKMM2: verifyKEK ..... End
01-19 19:54:16.782  3757  4422 D KeyManagementUtil: RCV <-
01-19 19:54:16.783  3757  7206 D KeyManagementUtil: RMV <-
01-19 19:54:16.783  3757  7206 D KeyManagementUtil: event called.
01-19 19:54:16.785 17310 17310 D [SAUI]  : Global::recovered::false
01-19 19:54:16.785 16988 17285 D UE4     : [2019.01.20-00.54.16:784][  0]LogRHI: JNI Display getPresentationDeadlineNanos=17949152 getAppVsyncOffsetNanos=0 getRefreshRate=59.000000
01-19 19:54:16.785 16988 17285 D UE4     : [2019.01.20-00.54.16:785][  0]LogRHI: Final display timing metrics: DriverRefreshRate=59.0000  DriverRefreshNanos=16949153  DriverDeadlineNanos=16949152  DriverAppVsyncOffsetNanos=0
01-19 19:54:16.785 16988 17285 D UE4     : [2019.01.20-00.54.16:785][  0]LogRHI: AndroidEGL:SwapBuffers Min=0, Max=1, Request=1, ClosestDriver=1, SetDriver=1
01-19 19:54:16.785  3757  7206 D SdpManagerService: cacheMasterKey :: 0
01-19 19:54:16.786  3757  7206 E SDP.CRYPTO: 
01-19 19:54:16.786  3757  7206 E SDP.CRYPTO: int sdp_drv_on_unlocked(int, const char *, int)(0)
01-19 19:54:16.787  3757  7206 E SDP.CRYPTO: Rpri loaded
01-19 19:54:16.787  3757  7206 E SDP.CRYPTO: Dpri loaded
01-19 19:54:16.787  3757  7206 E SDP.CRYPTO: EDpri loaded
01-19 19:54:16.787  3757  7206 E SDP.CRYPTO: sym loaded
01-19 19:54:16.787  3757  7206 E SDP.CRYPTO:     On User Unlock OK, id 0
01-19 19:54:16.787  3757  7206 D SdpManagerService: onStateChange :: Engine Id : 0, State : 2, Roll Size : 0
01-19 19:54:16.788  3757  7206 E SdpManagerService: sendBroadcastAsUser(INTENT_SDP_STATE_CHANGED, state:2)
01-19 19:54:16.788  3757  7206 E SdpManagerService: sendBroadcastAsUser(ACTION_SDP_STATE_CHANGED, state:2)
01-19 19:54:16.788 16988 17006 D UE4     : [2019.01.20-00.54.16:788][  0]LogSlate: Slate font cache was flushed
01-19 19:54:16.789  4616 17281 D KnoxStateMonitor: unlockSdp :: Unlock SDP Successful..!
01-19 19:54:16.806 16988 17006 D UE4     : [2019.01.20-00.54.16:805][  1]LogSlate: Took 0.000558 seconds to synchronously load lazily loaded font '../../../Engine/Content/EngineFonts/Faces/DroidSansMono.ufont' (77K)
01-19 19:54:16.821  3757  4532 D WifiWatchdogStateMachine:  [|207] []
01-19 19:54:16.845  3757  6272 D CustomFrequencyManagerService: releaseDVFSLockLocked : Getting Lock type frm List : DVFS_MIN_LIMIT  frequency : 1000000  uid : 1000  pid : 3757  tag : UNLOCKSCREEN_BOOSTER@2
01-19 19:54:17.562  4616  4823 D NetworkController.MobileSignalController(0/1): onSignalStrengthsChanged signalStrength=SignalStrength: 99 99 -120 -160 -120 -1 -1 18 -107 -12 46 2147483647 2147483647 0x2000 gsm|lte level=2
01-19 19:54:17.563  4616  4823 D NetworkController.MobileSignalController(0/1): getMobileIconGroup(): 13
01-19 19:54:17.563  4616  4823 D NetworkController.MobileSignalController(0/1): updateVZWMobileIconGroup(): 13
01-19 19:54:17.575  5035  5670 D EPDG -- [SMARTWIFI]: onSignalStrengthsChanged: Received signal strength change, phone type is: 2
01-19 19:54:17.575  5035  6446 D EPDG -- [SMARTWIFI]: lastLteRSRP is -107currentLteRSRP is -107
01-19 19:54:17.575  5035  6446 D EPDG -- [SMARTWIFI]: lastLteRSRQ is -12currentLteRSRQ is -12
01-19 19:54:17.576  5035  6446 D EPDG -- [SMARTWIFI]: lastCdmaDb is -16currentCdmaDb is -16
01-19 19:54:17.576  5035  6446 V EPDG -- [SMARTWIFI]: Radio oldest entry removed
01-19 19:54:17.576  5035  6446 V EPDG -- [SMARTWIFI]: New entry : (SignalStrength: 99 99 -120 -160 -120 -1 -1 18 -107 -12 46 2147483647 2147483647 0x2000 gsm|lte : 0 )
01-19 19:54:17.576  5035  6446 V EPDG -- [SMARTWIFI]: Radio entry added
01-19 19:54:17.578  4616  4823 D NetworkController.MobileSignalController(0/1): callState:0, callStateByPhone:false voLTECall:false voiceNetTpe:13 dataNetType:13, ine911:false, emergencyCallbackMode:false
01-19 19:54:17.744  3757  4354 D SamsungAlarmManager: Expired : 8
01-19 19:54:17.745  3757  4354 I SamsungAlarmManager: setLocked to kernel - T:3 / 20190119T195420, SetElapsed=1146285189, nowELAPSED=1146282751
01-19 19:54:17.745  3757  4354 V SamsungAlarmManager: Sending to uid : 1000 action=com.android.server.action.UPDATE_TWILIGHT_STATE alarm=Alarm{2de6fa0 type 1 when 600000 android}
01-19 19:54:17.752  3757  3757 D SamsungAlarmManager: Cancel Alarm calling from uid:1000 pid :3757 / op:PendingIntent{4787759: PendingIntentRecord{33bba74 android broadcastIntent}}
01-19 19:54:17.764  3757  3757 D SamsungAlarmManager: setExact Intent (T:1/F:9/AC:false) 19691231T191000 - CU:1000/CP:3757
01-19 19:54:17.764  3757  3757 I SamsungAlarmManager: setLocked to kernel - T:3 / 20190119T195418, SetElapsed=1146283758, nowELAPSED=1146282771
01-19 19:54:17.888  4201  4221 I Finsky  : [10249] com.google.android.finsky.bs.m.run(6): Stats for Executor: BlockingExecutor com.google.android.finsky.bs.ap@9a2db00[Running, pool size = 0, active threads = 0, queued tasks = 0, completed tasks = 12]
01-19 19:54:17.891  4201  4221 I Finsky  : [10249] com.google.android.finsky.bs.m.run(6): Stats for Executor: LightweightExecutor com.google.android.finsky.bs.ap@b116f39[Running, pool size = 4, active threads = 0, queued tasks = 0, completed tasks = 56]
01-19 19:54:17.906 16988 17155 I libOpenSLES: Emulating old channel mask behavior (ignoring positional mask 0x3, using default mask 0x3 based on channel count of 2)
01-19 19:54:17.912 16988 17155 W AudioTrack: AUDIO_OUTPUT_FLAG_FAST denied by client; transfer 1, track 44100 Hz, output 48000 Hz
01-19 19:54:17.914  3237 27701 I AudioFlinger: add dynamic flag, can move to deep thread, session 93585
01-19 19:54:17.916 16988 17155 D AudioTrack: Client defaulted notificationFrames to 1181 for frameCount 3544
01-19 19:54:17.919 16988 17155 I AudioTrack: updateAudioTranstionLength FadeIn[0] FadeOut[0] FadeInRing[0]
01-19 19:54:17.920  3237  3486 W AudioPolicyIntefaceImpl: Skipped to add effects on session 93585
01-19 19:54:17.920  3237  3486 I APM_AudioPolicyManager: startOutput() output 21, stream 3, session 93585
01-19 19:54:17.923  3237  3477 D audio_hw_primary: out_set_parameters: enter: kvpairs: routing=2
01-19 19:54:17.923  3237  3477 D AudioFlinger: setCurDevice() 0x2
01-19 19:54:17.925  3237  3477 V audio_hw_primary: start_output_stream+, out->device : 00000002 , out->type = 1
01-19 19:54:17.925  3237  3477 D audio_hw_primary: start_output_stream jack_skip_check false
01-19 19:54:17.926  3237  3477 D audio_hw_primary: start_output_stream (0xe7ed4d20) out->pcm_device:6 out->config.rate:48000 out->config.format:0 out->period_size:240
01-19 19:54:17.926  3237  3477 D audio_hw_primary: start_output_stream (0xe7ed4d20) out->config.rate:48000 out->config.format:0 out->period_size:240
01-19 19:54:17.926  3237  3477 I audio_hw_primary: is_voice_wakeup : ret =  0  , wakeup_baby_cry_enabled = 0  ,  wakeup_mic_enabled = 0 
01-19 19:54:17.926  3237  3477 V audio_hw_primary: select_devices output_scenario:0 input_scenario:28 out_snd_device 0x2 in_snd_device:0xb
01-19 19:54:17.927  3237  3477 I audio_route: > audio_route_reset :
01-19 19:54:17.928  3237  3477 I audio_route: > audio_route_apply_path : "recognition-mic"
01-19 19:54:17.932  3237  3477 V audio_hw_primary: select_devices() input_route "recognition-mic" 
01-19 19:54:17.932  3237  3477 I audio_route: > audio_route_apply_path : "media-speaker"
01-19 19:54:18.009  3237  3477 V audio_hw_primary: select_devices() output_route "media-speaker" 
01-19 19:54:18.009  3237  3477 I audio_route: > audio_route_apply_path : "gain-recognition-mic"
01-19 19:54:18.009  3237  3477 V audio_hw_primary: select_devices() input_gain "gain-recognition-mic" 
01-19 19:54:18.009  3237  3477 I audio_route: > audio_route_apply_path : "gain-media-speaker"
01-19 19:54:18.010  3237  3477 V audio_hw_primary: select_devices() output_gain "gain-media-speaker" 
01-19 19:54:18.010  3237  3477 I audio_route: > audio_route_update_mixer : +
01-19 19:54:18.010  3237  3477 I audio_route: > audio_route_update_mixer : changed(0) -
01-19 19:54:18.010  3237  3477 I audio_hw_primary: select_devices - 
01-19 19:54:18.010  3237  3477 V audio_hw_primary: start_output_stream-
01-19 19:54:18.038  3237  3477 I AudioMixer: create resampler src 44100, 2, dst 48000, 2, q 8
01-19 19:54:18.039  3237  3477 D SoundAliveResampler: [SoundAliveResampler] Init+++
01-19 19:54:18.138  4201  4221 I Finsky  : [10249] com.google.android.finsky.bs.m.run(6): Stats for Executor: bgExecutor com.google.android.finsky.bs.ap@565e97e[Running, pool size = 4, active threads = 0, queued tasks = 0, completed tasks = 29]
01-19 19:54:18.184 16988 17009 D UE4     : Used memory: 223360
01-19 19:54:18.345  5689  5689 D io_stats: !@   8,0 r 5054003 150400416 w 4061995 88062144 d 604640 43188432 f 1016043 1015802 iot 6471120 3729457 th 61440 61440 42912 pt 11430 inp 0 0 367350.398
01-19 19:54:18.353  3757  4458 D WifiStateMachine: Current network is: "wilkinson2.4" , ID is: 30
01-19 19:54:18.353  3757  4458 I WifiStateMachine: IMS calling, current network is always qualified
01-19 19:54:18.752  3757  4354 D SamsungAlarmManager: Expired : 8
01-19 19:54:18.753  3757  4354 I SamsungAlarmManager: setLocked to kernel - T:3 / 20190119T195420, SetElapsed=1146285189, nowELAPSED=1146283759
01-19 19:54:18.753  3757  4354 V SamsungAlarmManager: Sending to uid : 1000 action=com.android.server.action.UPDATE_TWILIGHT_STATE alarm=Alarm{37e1f1e type 1 when 600000 android}
01-19 19:54:18.759  3757  3757 D SamsungAlarmManager: Cancel Alarm calling from uid:1000 pid :3757 / op:PendingIntent{96293ff: PendingIntentRecord{33bba74 android broadcastIntent}}
01-19 19:54:18.767  3757  3757 D SamsungAlarmManager: setExact Intent (T:1/F:9/AC:false) 19691231T191000 - CU:1000/CP:3757
01-19 19:54:18.771  3757  3757 I SamsungAlarmManager: setLocked to kernel - T:3 / 20190119T195419, SetElapsed=1146284766, nowELAPSED=1146283777
01-19 19:54:18.959 11668 11706 D oneconnect[1.0.00-39][100000039] : BleHelper.MSG_INTENT_LCD_ON - SCREEN_ON when user = 0
01-19 19:54:18.986 11668 11706 D oneconnect[1.0.00-39][100000039] : BleHelper.startScan - [needScanQcBg]false || [needScanQcFG]false || [needScanCentral]false || [needScanNearby]true
01-19 19:54:18.999 11668 11706 D oneconnect[1.0.00-39][100000039] : PermissionUtil.hasPermission - android.permission.ACCESS_FINE_LOCATION: true
01-19 19:54:19.013 11668 11706 D oneconnect[1.0.00-39][100000039] : BleHelper.startScan - old:16-> new:18
01-19 19:54:19.013 11668 11706 I oneconnect[1.0.00-39][100000039] : BleHelper.stopLeScan - call BleScanner.stopScan()
01-19 19:54:19.017 11668 11706 D BluetoothAdapter: STATE_BLE_ON
01-19 19:54:19.018 11668 11706 D BluetoothAdapter: appoCount is = 0
01-19 19:54:19.019 11668 11706 D BluetoothAdapter: STATE_BLE_ON
01-19 19:54:19.019 11668 11706 D BluetoothLeScanner: could not find callback wrapper
01-19 19:54:19.019 11668 11706 D oneconnect[1.0.00-39][100000039] : BleHelper.stopLeScan - call BleScanner.stopScan() complete
01-19 19:54:19.120 11668 11706 I oneconnect[1.0.00-39][100000039] : BleHelper.startScan - add mScanFilter_NEARBY
01-19 19:54:19.120 11668 11706 D oneconnect[1.0.00-39][100000039] : BleHelper.getMyScanPreferences - set Background Scan
01-19 19:54:19.120 11668 11706 D BluetoothLeScanner: Start Scan
01-19 19:54:19.122 11668 11706 D BluetoothAdapter: STATE_BLE_ON
01-19 19:54:19.123 11668 11706 D BluetoothAdapter: appoCount is = 0
01-19 19:54:19.124 11668 11706 D BluetoothAdapter: STATE_BLE_ON
01-19 19:54:19.127 11668 11706 D BluetoothAdapter: STATE_BLE_ON
01-19 19:54:19.128 11668 11706 D BluetoothAdapter: STATE_BLE_ON
01-19 19:54:19.132 11668 11706 D BluetoothAdapter: appoCount is = 0
01-19 19:54:19.137  4561 16197 D BtGatt.GattService: registerClient() - UUID=c9ebeb29-a945-46f7-a712-e28341c6de97
01-19 19:54:19.159  3757  4398 D InputReader: Input event(3): value=1 when=367351213176000
01-19 19:54:19.159  3757  4398 D InputReader: Input event(3): value=1 when=367351213176000
01-19 19:54:19.160  3757  4398 I InputReader: Touch event's action is 0x0 (deviceType=0) [pCnt=1, s=0.36912 ] when=367351213176000
01-19 19:54:19.161  3757  4397 I InputDispatcher: Delivering touch to (16988): action: 0x0, toolType: 1
01-19 19:54:19.162 16988 17007 V threaded_app: New input event: type=2
01-19 19:54:19.164 16988 16988 D ViewRootImpl@e972267[GameActivity]: ViewPostImeInputStage processPointer 0
01-19 19:54:19.165 16988 17006 D UE4     : [2019.01.20-00.54.19:165][142]LogSlate: FSceneViewport::OnFocusLost() reason 0
01-19 19:54:19.166 16988 16988 W System  : ClassLoader referenced unknown path: /system/framework/QPerformance.jar
01-19 19:54:19.169 16988 16988 E BoostFramework: BoostFramework() : Exception_1 = java.lang.ClassNotFoundException: Didn't find class "com.qualcomm.qti.Performance" on path: DexPathList[[],nativeLibraryDirectories=[/system/lib, /vendor/lib]]
01-19 19:54:19.169 16988 16988 V BoostFramework: BoostFramework() : mPerf = null
01-19 19:54:19.189 16988 17007 V threaded_app: New input event: type=2
01-19 19:54:19.206 16988 17007 V threaded_app: New input event: type=2
01-19 19:54:19.213  3757  4398 D InputReader: Input event(3): value=0 when=367351267137000
01-19 19:54:19.213  3757  4398 D InputReader: Input event(3): value=0 when=367351267137000
01-19 19:54:19.213  3757  4398 I InputReader: Touch event's action is 0x1 (deviceType=0) [pCnt=1, s=] when=367351267137000
