01-10 16:19:57.620  3757  5902 D SamsungAlarmManager: setExact Intent (T:3/F:5/AC:false) 20190110T162002 - CU:10059/CP:15240
01-10 16:19:57.887  3757  4458 D WifiStateMachine: Current network is: "wilkinson2.4" , ID is: 30
01-10 16:19:57.888  3757  4458 I WifiStateMachine: IMS calling, current network is always qualified
01-10 16:19:59.071  3757 29842 D ConnectivityService: filterNetworkStateForUid() uid: 10022 networkInfo: [type: WIFI[] - WIFI, state: CONNECTED/CONNECTED, reason: (unspecified), extra: "wilkinson2.4", failover: false, available: true, roaming: false, metered: false]
01-10 16:19:59.073  3757 32085 D ConnectivityService: filterNetworkStateForUid() uid: 10022 networkInfo: [type: WIFI[] - WIFI, state: CONNECTED/CONNECTED, reason: (unspecified), extra: "wilkinson2.4", failover: false, available: true, roaming: false, metered: false]
01-10 16:20:00.000  3757  4354 D SamsungAlarmManager: Expired : 8
01-10 16:20:00.004  3757  4354 I SamsungAlarmManager: setLocked to kernel - T:3 / 20190110T162002, SetElapsed=355840925, nowELAPSED=355838320
01-10 16:20:00.005  3757  4354 V SamsungAlarmManager: Sending to uid : 1000 action=android.intent.action.TIME_TICK alarm=Alarm{68b61fa type 3 when 355838317 android}
01-10 16:20:00.023  3757  3757 D SamsungAlarmManager: setExact Intent (T:3/F:1/AC:false) 20190110T162100 - CU:1000/CP:3757
01-10 16:20:00.027  4616  4616 D KeyguardUpdateMonitor: received broadcast android.intent.action.TIME_TICK
01-10 16:20:00.027  4616  4616 D KeyguardUpdateMonitor: handleTimeUpdate#start
01-10 16:20:00.028  4616  4616 I KeyguardClockPage: refreshTime(): DefaultSingle2016 hometime:America/New_York locale:en_US hasBG?false, Roaming:false
01-10 16:20:00.051  4616  4616 D KeyguardUpdateMonitor: handleTimeUpdate#end
01-10 16:20:00.052  4616  4616 D SystemUI_Clock: Clock received ACTION_TIME_TICK : start
01-10 16:20:00.060  4616  4616 D SystemUI_Clock: Clock received ACTION_TIME_TICK : end
01-10 16:20:00.068  4616  4616 D TextClock: TextClock received ACTION_TIME_TICK : start
01-10 16:20:00.073  4616  4616 D TextClock: TextClock received ACTION_TIME_TICK : end
01-10 16:20:00.084  4616  4616 D TextClock: TextClock received ACTION_TIME_TICK : start
01-10 16:20:00.085  4616  4616 D TextClock: TextClock received ACTION_TIME_TICK : end
01-10 16:20:00.104  4616  4616 D TextClock: TextClock received ACTION_TIME_TICK : start
01-10 16:20:00.105  4616  4616 D TextClock: TextClock received ACTION_TIME_TICK : end
01-10 16:20:00.108  4616  4616 V hong    : mid yDiff = 382
01-10 16:20:00.108  4616  4616 V hong    : mid yDiff = 382
01-10 16:20:00.119  4616  4616 D SystemUI_DateView: DateView received ACTION_TIME_TICK : start
01-10 16:20:00.120  4616  4616 D SystemUI_DateView: DateView received ACTION_TIME_TICK : end
01-10 16:20:00.121  4616  4616 V hong    : mid yDiff = 382
01-10 16:20:00.121  4616  4616 V hong    : mid yDiff = 382
01-10 16:20:00.124  4616  4616 D TextClock: TextClock received ACTION_TIME_TICK : start
01-10 16:20:00.125  4616  4616 D TextClock: TextClock received ACTION_TIME_TICK : end
01-10 16:20:00.130  4616  4616 D TextClock: TextClock received ACTION_TIME_TICK : start
01-10 16:20:00.131  4616  4616 D TextClock: TextClock received ACTION_TIME_TICK : end
01-10 16:20:00.141  4616  4616 D DateTimeView: DateTimeView received ACTION_TIME_TICK : start
01-10 16:20:00.147  4616  4616 D DateTimeView: DateTimeView received ACTION_TIME_TICK : end
01-10 16:20:00.150  6176  6176 D TextClock: TextClock received ACTION_TIME_TICK : start
01-10 16:20:00.151  6176  6176 D TextClock: TextClock received ACTION_TIME_TICK : end
01-10 16:20:00.155  6176  6176 D TextClock: TextClock received ACTION_TIME_TICK : start
01-10 16:20:00.156  6176  6176 D TextClock: TextClock received ACTION_TIME_TICK : end
01-10 16:20:00.159  6176  6176 D TextClock: TextClock received ACTION_TIME_TICK : start
01-10 16:20:00.160  6176  6176 D TextClock: TextClock received ACTION_TIME_TICK : end
01-10 16:20:00.163  6176  6176 D TextClock: TextClock received ACTION_TIME_TICK : start
01-10 16:20:00.168  6176  6176 D TextClock: TextClock received ACTION_TIME_TICK : end
01-10 16:20:00.183  6176  6176 V LauncherAppWidgetHostView: calculateWidgetSize: (target widgetsize)  using w/h 997 260 span 5 1 (widgetid 2) [current Gridsize : GRID_5x5]
01-10 16:20:00.184  6176  6176 D LauncherAppWidgetHostView: calculateWidgetSize() widget = Weather and Clock(widget id = 2) result hostview size = 1297 x 338
01-10 16:20:00.185  6176  6176 D LauncherAppWidgetHostView: setResizeScaleResult() 1297/ 338 scaleToResize = 0.76869696(widget id = 2)
01-10 16:20:00.187  6176  6176 V LauncherAppWidgetHostView: calculateWidgetSize: (target widgetsize)  using w/h 997 260 span 5 1 (widgetid 3) [current Gridsize : GRID_5x5]
01-10 16:20:00.187  6176  6176 D LauncherAppWidgetHostView: calculateWidgetSize() widget = Google(widget id = 3) result hostview size = 1297 x 338
01-10 16:20:00.188  6176  6176 D LauncherAppWidgetHostView: setResizeScaleResult() 1297/ 338 scaleToResize = 0.76869696(widget id = 3)
01-10 16:20:00.193  6176  6176 D TextClock: TextClock received ACTION_TIME_TICK : start
01-10 16:20:00.195  6176  6176 D TextClock: TextClock received ACTION_TIME_TICK : end
01-10 16:20:00.197  6176  6176 D TextClock: TextClock received ACTION_TIME_TICK : start
01-10 16:20:00.203  6176  6176 D TextClock: TextClock received ACTION_TIME_TICK : end
01-10 16:20:00.207  6176  6176 D TextClock: TextClock received ACTION_TIME_TICK : start
01-10 16:20:00.208  6176  6176 D TextClock: TextClock received ACTION_TIME_TICK : end
01-10 16:20:00.215  6176  6176 V LauncherAppWidgetHostView: calculateWidgetSize: (target widgetsize)  using w/h 997 260 span 5 1 (widgetid 2) [current Gridsize : GRID_5x5]
01-10 16:20:00.215  6176  6176 D LauncherAppWidgetHostView: calculateWidgetSize() widget = Weather and Clock(widget id = 2) result hostview size = 1297 x 338
01-10 16:20:00.215  6176  6176 D LauncherAppWidgetHostView: setResizeScaleResult() 1297/ 338 scaleToResize = 0.76869696(widget id = 2)
01-10 16:20:00.216  6176  6176 V LauncherAppWidgetHostView: calculateWidgetSize: (target widgetsize)  using w/h 997 260 span 5 1 (widgetid 3) [current Gridsize : GRID_5x5]
01-10 16:20:00.216  6176  6176 D LauncherAppWidgetHostView: calculateWidgetSize() widget = Google(widget id = 3) result hostview size = 1297 x 338
01-10 16:20:00.216  6176  6176 D LauncherAppWidgetHostView: setResizeScaleResult() 1297/ 338 scaleToResize = 0.76869696(widget id = 3)
01-10 16:20:00.217  6176  6176 D TextClock: TextClock received ACTION_TIME_TICK : start
01-10 16:20:00.217  6176  6176 D TextClock: TextClock received ACTION_TIME_TICK : end
01-10 16:20:00.224  6176  6176 D TextClock: TextClock received ACTION_TIME_TICK : start
01-10 16:20:00.224  6176  6176 D TextClock: TextClock received ACTION_TIME_TICK : end
01-10 16:20:00.237  1571  1571 D [WeatherWidget(15061)]  WeatherService: {[B73D43639EB27FAA34EF41A6129C1FA787B8DDA06B4FC8C3DFFF289A8228DE1D07957C4CB0877FB29CB85D37C68D39BF076A5D6720D2DA7CE46EF7EA2858EC07]}
01-10 16:20:00.241  1571  1571 D [WeatherWidget(15061)]  : {[3AE6950019B083611567B0F9442DB03E36B37708FCADB7FDDBA670B1362D994454BFFFDA2568816BBDDA6DD60F644DCF]}
01-10 16:20:00.243  1571  1571 D [WeatherWidget(15061)]  DB L2: {[610591C4E30FED4A153FF198DAC84EFEE3319B0D622FD4A19809E90ED3C1398368D658B139FCCB8B9564F5B4E9CB634E0060CC146DF8A14499B5A8C4470BB9F0]}
01-10 16:20:00.247  1571  1571 D [WeatherWidget(15061)]  : {[E9BDC1AC9F9B078A92B3F309630276C89F9B6E52C087A495B97355481F2FDE5B58A757A09967AB7BD9E1187CEA5BB356FACBD4A552A7402C88647F970C513A69]}
01-10 16:20:00.248  1571  1571 D [WeatherWidget(15061)]  DB L2: {[610591C4E30FED4A153FF198DAC84EFE259FA03515F619060291D19B9A2E73CB46DA064369D1073FED4BA9669B425DCAE9D5D8888F2F84025F6F7AF81EFF0D89]}
01-10 16:20:00.250  1571  1571 D [WeatherWidget(15061)]  DB L2: {[610591C4E30FED4A153FF198DAC84EFE1A65FB0EE8B7C5763A9CB231BC13495C3914C78DEB3E3844BDB3328DEE027C3F2A260981B5F0D051CBE9BC64AAA07A7E]}
01-10 16:20:00.257  1571  1571 D [WeatherWidget(15061)]  : {[3AE6950019B083611567B0F9442DB03EF4A0ECA9EDEEE1C6764DEF6294C10F4F0BAD60A0CC696E8D15537EBE77D0F441F941FE30DFEB6E45A2BAA0295B86238B6B5477898ADD292C8EB7917680951853]}
01-10 16:20:00.260  1571  1571 D [WeatherWidget(15061)]  : {[A1AF0F6A1A65A89C43D705938923D0FE0259CBA56E4484DDAF167EE897E0098D214B31210E90A8E4D761DF2724951166F2287DB34D772530C5896F56ACED75993DFDFD9878898255D862AA28AC9DA867923C4F7C29F19A98BCF52F76673513CB377A02913A3E886E3DF572D1DA549972]}
01-10 16:20:00.263  1571  1571 D [WeatherWidget(15061)]  : {[4C0512EFA0AB4990F6AA1DF592AD92A7F0B9EF71550DD16C356391DD9598536C]}
01-10 16:20:00.930  3757  4458 D WifiStateMachine: Current network is: "wilkinson2.4" , ID is: 30
01-10 16:20:00.930  3757  4458 I WifiStateMachine: IMS calling, current network is always qualified
01-10 16:20:01.296 29432 29446 I Finsky  : [4408] com.google.android.finsky.bn.an.run(6): Stats for Executor: Db-frosting.db com.google.android.finsky.bn.ao@2c0d1aa[Running, pool size = 0, active threads = 0, queued tasks = 0, completed tasks = 6]
01-10 16:20:01.586  8950  8973 D UE4     : Used memory: 221264
01-10 16:20:01.649 29432 29446 I Finsky  : [4408] com.google.android.finsky.bn.an.run(6): Stats for Executor: Db-scheduler_logging_store.db com.google.android.finsky.bn.ao@f77419b[Running, pool size = 0, active threads = 0, queued tasks = 0, completed tasks = 6]
01-10 16:20:01.820  5689  5689 D io_stats: !@   8,0 r 1606567 49449104 w 1543140 35784984 d 242709 19429260 f 415523 415407 iot 2519330 1385368 th 61440 61440 43080 pt 9550 inp 0 0 133698.511
01-10 16:20:02.446  4616  4823 D NetworkController.MobileSignalController(0/1): onSignalStrengthsChanged signalStrength=SignalStrength: 99 99 -120 -160 -120 -1 -1 16 -121 -20 -63 2147483647 2147483647 0x1000 gsm|lte level=1
01-10 16:20:02.446  4616  4823 D NetworkController.MobileSignalController(0/1): getMobileIconGroup(): 13
01-10 16:20:02.446  4616  4823 D NetworkController.MobileSignalController(0/1): updateVZWMobileIconGroup(): 13
01-10 16:20:02.453  5035  5670 D EPDG -- [SMARTWIFI]: onSignalStrengthsChanged: Received signal strength change, phone type is: 2
01-10 16:20:02.454  5035  6446 D EPDG -- [SMARTWIFI]: lastLteRSRP is -121currentLteRSRP is -121
01-10 16:20:02.454  5035  6446 D EPDG -- [SMARTWIFI]: lastLteRSRQ is -20currentLteRSRQ is -20
01-10 16:20:02.454  5035  6446 D EPDG -- [SMARTWIFI]: lastCdmaDb is -16currentCdmaDb is -16
01-10 16:20:02.455  5035  6446 V EPDG -- [SMARTWIFI]: Radio oldest entry removed
01-10 16:20:02.455  5035  6446 V EPDG -- [SMARTWIFI]: New entry : (SignalStrength: 99 99 -120 -160 -120 -1 -1 16 -121 -20 -63 2147483647 2147483647 0x1000 gsm|lte : 0 )
01-10 16:20:02.455  5035  6446 V EPDG -- [SMARTWIFI]: Radio entry added
01-10 16:20:02.463  4616  4823 D NetworkController.MobileSignalController(0/1): callState:0, callStateByPhone:false voLTECall:false voiceNetTpe:13 dataNetType:13, ine911:false, emergencyCallbackMode:false
01-10 16:20:02.471  5035  6445 D EPDG -- [MODEM]: message length is  9
01-10 16:20:02.471  5035  6445 D EPDG -- [MODEM]: countRead is 7 offset is 7remaining is 0
01-10 16:20:02.471  5035  6445 D EPDG -- EpdgIpcMessageFactory: ipcMainCmd: 8
01-10 16:20:02.472  5035  6445 D EPDG -- [UTILS]: isUSerBinary: true
01-10 16:20:02.472  5035  6445 D EPDG -- [RILRECEIVER]: [Rx]: Main: IPC_NET_CMD Sub: IPC_NET_REGIST
01-10 16:20:02.472  5035  6445 D EPDG -- [RILRECEIVER]: [Rx]: Param: FF 03 
01-10 16:20:02.472  5035  6445 I EPDG -- [RILRECEIVER]: RX [NET_REGIST] -- RESPONSE -- EPDG AVAILABLE
01-10 16:20:02.472  5035  6445 D EPDG -- [NETIPCMESSAGE]: encodeNetRegist
01-10 16:20:02.472  5035  6445 D EPDG -- [UTILS]: isUSerBinary: true
01-10 16:20:02.473  5035  6445 D EPDG -- [IPCDISPATCHER]: [Tx]: Main: IPC_NET_CMD Sub: IPC_NET_REGIST Cmd Type: IPC_CMD_RESP
01-10 16:20:02.473  5035  6445 D EPDG -- [IPCDISPATCHER]: [Tx]: Param: 30 03 02 00 00 00 00 00 00 00 00 00 00 
01-10 16:20:02.473  5035  6445 D EPDG -- [MODEM]: EpdgModem instance already exists !
01-10 16:20:02.474  5035  6442 D EPDG -- [MODEM]: Successfully written to RIL
01-10 16:20:02.474  5035  5670 D EPDG -- [EPDGService]: Event received: RIL_EPDG_STATUS_QUERY
01-10 16:20:02.474  5035  5670 D EPDG -- [EPDGService]: handleMessage: cid - 2
01-10 16:20:02.508  5035  6445 D EPDG -- [MODEM]: message length is  9
01-10 16:20:02.508  5035  6445 D EPDG -- [MODEM]: countRead is 7 offset is 7remaining is 0
01-10 16:20:02.508  5035  6445 D EPDG -- EpdgIpcMessageFactory: ipcMainCmd: 8
01-10 16:20:02.509  5035  6445 D EPDG -- [UTILS]: isUSerBinary: true
01-10 16:20:02.509  5035  6445 D EPDG -- [RILRECEIVER]: [Rx]: Main: IPC_NET_CMD Sub: IPC_NET_REGIST
01-10 16:20:02.509  5035  6445 D EPDG -- [RILRECEIVER]: [Rx]: Param: FF 03 
01-10 16:20:02.509  5035  6445 I EPDG -- [RILRECEIVER]: RX [NET_REGIST] -- RESPONSE -- EPDG AVAILABLE
01-10 16:20:02.509  5035  6445 D EPDG -- [NETIPCMESSAGE]: encodeNetRegist
01-10 16:20:02.509  5035  6445 D EPDG -- [UTILS]: isUSerBinary: true
01-10 16:20:02.510  5035  6445 D EPDG -- [IPCDISPATCHER]: [Tx]: Main: IPC_NET_CMD Sub: IPC_NET_REGIST Cmd Type: IPC_CMD_RESP
01-10 16:20:02.510  5035  6445 D EPDG -- [IPCDISPATCHER]: [Tx]: Param: 30 03 02 00 00 00 00 00 00 00 00 00 00 
01-10 16:20:02.510  5035  6445 D EPDG -- [MODEM]: EpdgModem instance already exists !
01-10 16:20:02.511  5035  5670 D EPDG -- [EPDGService]: Event received: RIL_EPDG_STATUS_QUERY
01-10 16:20:02.511  5035  6442 D EPDG -- [MODEM]: Successfully written to RIL
01-10 16:20:02.511  5035  5670 D EPDG -- [EPDGService]: handleMessage: cid - 2
01-10 16:20:02.545  5010  5010 D PdnController: onCellLocationChanged:
01-10 16:20:02.545  5010  5010 D RegiMgrBase: onCellLocationChanged:
01-10 16:20:02.545  5010  5010 D VolteServiceModule: onCellLocationChanged:
01-10 16:20:02.546  5010  5302 D RegiMgrBase: handleMessage: EVENT_CELL_LOCATION_CHANGED
01-10 16:20:02.546  4616  4823 D NetworkController.MobileSignalController(0/1): onCellLocationChanged
01-10 16:20:02.552  5010  5302 D PaniGenerator: generate: network=13, fallbackPlmn=311480
01-10 16:20:02.561  3757  4986 D SLocation: onCellLocationChanged 1 / 0
01-10 16:20:02.566  3757  4986 D TelephonyManager: getAllCellInfo : Caller (PID / UID / TID): 3757 / 1000 / 4986
01-10 16:20:02.567  5010  5302 D PaniGenerator: Don't use getDataPlmn if not in CS:1x and PS:LTE
01-10 16:20:02.573  3757  6777 D TelephonyManager: getCellLocation : Caller (PID / UID / TID): 3757 / 1000 / 6777
01-10 16:20:02.582  5010  5302 D PaniGenerator: generate: change to NW PLMN(311480)
01-10 16:20:02.583  5010  5302 D TelephonyManager: getCellLocation : Caller (PID / UID / TID): 5010 / 1000 / 5302
01-10 16:20:02.594  5010  5302 D TelephonyManager: getCellLocation : Caller (PID / UID / TID): 5010 / 1000 / 5302
01-10 16:20:02.597  3757  4986 D SLocation: cellList : 4
01-10 16:20:02.602  3757  4986 W SLocation: handleEvent ENTER : currentDirection 1
01-10 16:20:02.605  5010  5302 D TelephonyManager: getCellLocation : Caller (PID / UID / TID): 5010 / 1000 / 5302
01-10 16:20:02.608  3757  4354 D SamsungAlarmManager: Expired : 8
01-10 16:20:02.608  3757  4986 W SLocation: handleEvent EXIT : currentDirection 2
01-10 16:20:02.609  3757  4354 V SamsungAlarmManager: Sending to uid : 10059 action=null alarm=Alarm{28f13ab type 3 when 355840925 com.asurion.android.verizon.vms}
01-10 16:20:02.611  3757  4986 W SLocation: handleEvent EXIT : currentDirection 2
01-10 16:20:02.617  3757  4354 D CompatibilityInfo: mCompatibilityFlags - 0
01-10 16:20:02.617  3757  4354 D CompatibilityInfo: applicationDensity - 420
01-10 16:20:02.617  3757  4354 D CompatibilityInfo: applicationScale - 1.0
01-10 16:20:02.618  3757  4986 W SLocation: handleEvent EXIT : currentDirection 2
01-10 16:20:02.622  3757  4986 W SLocation: handleEvent EXIT : currentDirection 2
01-10 16:20:02.624  3757  4986 W SLocation: handleEvent EXIT : currentDirection 2
01-10 16:20:02.628  3757  4986 W SLocation: handleEvent EXIT : currentDirection 2
01-10 16:20:02.630  3757  4986 W SLocation: handleEvent EXIT : currentDirection 2
01-10 16:20:02.630  5010  5873 D ImsSettingsProvider: insert at content://com.sec.ims.settings/debugconfig
01-10 16:20:02.631  5010  5873 D ImsSettingsProvider: match 21
01-10 16:20:02.635  5010  5873 D ImsSettingsProvider: insert : caller id : 5010, name : com.sec.imsservice
01-10 16:20:02.636  3757  4986 W SLocation: handleEvent EXIT : currentDirection 2
01-10 16:20:02.637  5010  5873 D DebugConfigStorage: insert()
01-10 16:20:02.639  3757  4986 W SLocation: handleEvent EXIT : currentDirection 2
01-10 16:20:02.642  3757  4986 W SLocation: handleEvent EXIT : currentDirection 2
01-10 16:20:02.647  3757  4986 W SLocation: handleEvent ENTER : currentDirection 1
01-10 16:20:02.650  3757  4986 W SLocation: handleEvent EXIT : currentDirection 2
01-10 16:20:02.650  5010  5873 D ImsSettingsProvider: match 21
01-10 16:20:02.650  5010  5873 D ImsSettingsProvider: query Uri[content://com.sec.ims.settings/debugconfig], selection [null]
01-10 16:20:02.650  5010  5873 D DebugConfigStorage: query()
01-10 16:20:02.651  5010  5873 D StackIF : updatePani: 12295 pani: [3GPP-E-UTRAN-FDD;utran-cell-id-3gpp=311480ae072a7b016]
01-10 16:20:02.653  5010  5875 D StackIF.Sender: handleMessage: what 1
01-10 16:20:02.654  5010  5875 D SECIMSJ : [3910]> REQUEST_UPDATE_PANI
01-10 16:20:02.654  3757  4986 W SLocation: handleEvent EXIT : currentDirection 2
01-10 16:20:02.654  3232  3355 E [IMS6.0]: ImsEventLoop: select (1), errno (11)
01-10 16:20:02.658  3757  4986 W SLocation: handleEvent EXIT : currentDirection 2
01-10 16:20:02.658  3232  3355 I [IMS6.0]: DispatchUpdatePani()
01-10 16:20:02.658  3232  3358 E [IMS6.0]: IMS_onResponse() Resp Id:600
01-10 16:20:02.658  3232  3358 I [IMS6.0]: ResponseGeneralResponse()
01-10 16:20:02.658  3232  3358 I [IMS6.0]: ResponseGeneralResponse() handle:3007
01-10 16:20:02.659  5010  5876 D SECIMSJ : [3910]< REQUEST_UPDATE_PANI
01-10 16:20:02.659  5010  5876 D StackIF : processResponse: reqId 84
01-10 16:20:02.660  5010  5876 D StackIF : processResponse: handle 12295 result REQUEST_SUCCESS reason REASON_NO_ERROR
01-10 16:20:02.660  3757  4986 W SLocation: handleEvent EXIT : currentDirection 2
01-10 16:20:02.663  3757  4986 W SLocation: handleEvent EXIT : currentDirection 2
01-10 16:20:02.667  3757 32085 D SamsungAlarmManager: setExact Intent (T:3/F:5/AC:false) 20190110T162007 - CU:10059/CP:15240
01-10 16:20:02.668  3757 32085 I SamsungAlarmManager: setLocked to kernel - T:3 / 20190110T162007, SetElapsed=355845976, nowELAPSED=355840985
01-10 16:20:02.704  3757  4986 W SLocation: handleEvent ENTER : currentDirection 1
01-10 16:20:02.708  3757  4986 W SLocation: handleEvent EXIT : currentDirection 2
01-10 16:20:02.711  3757  4986 W SLocation: handleEvent ENTER : currentDirection 1
01-10 16:20:02.713  3757  4986 W SLocation: handleEvent EXIT : currentDirection 2
01-10 16:20:02.715  3757  4986 W SLocation: handleEvent EXIT : currentDirection 2
01-10 16:20:02.716  3757  4986 W SLocation: handleEvent EXIT : currentDirection 2
01-10 16:20:02.717  3757  4986 W SLocation: handleEvent EXIT : currentDirection 2
01-10 16:20:02.721  3757  4986 W SLocation: handleEvent EXIT : currentDirection 2
01-10 16:20:02.725  3757  4986 W SLocation: handleEvent ENTER : currentDirection 1
01-10 16:20:02.785  3757  7216 D AlarmManager: setTimeZone : America/New_York calling from uid: 1001 pid :5024
01-10 16:20:02.785  3757  7216 W SamsungAlarmManager: setTimeZone : America/New_York CU:1001/CP:5024
01-10 16:20:02.785  3757  7216 D AlarmManagerService: Kernel timezone updated to 300 minutes west of GMT
01-10 16:20:03.944  3757  4458 D WifiStateMachine: Current network is: "wilkinson2.4" , ID is: 30
01-10 16:20:03.945  3757  4458 I WifiStateMachine: IMS calling, current network is always qualified
01-10 16:20:06.723  5035  6445 D EPDG -- [MODEM]: message length is  13
01-10 16:20:06.724  5035  6445 D EPDG -- [MODEM]: countRead is 11 offset is 11remaining is 0
01-10 16:20:06.725  5035  6445 D EPDG -- EpdgIpcMessageFactory: ipcMainCmd: 112
01-10 16:20:06.725  5035  6445 D EPDG -- [UTILS]: isUSerBinary: true
01-10 16:20:06.725  5024  5378 E ImsAdaptorImpl: setSSACInfo : ImsAdaptorImpl.
01-10 16:20:06.725  5035  6445 D EPDG -- [RILRECEIVER]: [Rx]: Main: IPC_IIL_CMD Sub: IPC_IIL_SSAC_INFO
01-10 16:20:06.725  5035  6445 D EPDG -- [RILRECEIVER]: [Rx]: Param: FF FF FF FF FF FF 
01-10 16:20:06.732  5010  5660 D SsacManager: updateSSACInfo : Voice(-1:65535000) Video(-1:65535000)
01-10 16:20:06.733  5010  5660 D SsacManager: Voice Call updateSSACInfo : f[100], t[0]
01-10 16:20:06.733  5010  5660 D SsacManager: Video Call updateSSACInfo : f[100], t[0]
01-10 16:20:06.733  5035  6445 D EPDG -- [NETIPCMESSAGE]: decodeIilSsacInfo()
01-10 16:20:06.733  5035  6445 D EPDG -- [RILRECEIVER]: SSAC info received. Voice Factor -1Voice Time 65535000Video Factor -1Video Time 65535000
01-10 16:20:06.734  5035  5670 D EPDG -- [EPDGService]: Event received: RIL_IIL_SSAC_INFO_UPDATE
01-10 16:20:06.734  5035  5670 D EPDG -- [EPDGService]: handleMessage: cid - 0
01-10 16:20:06.734  5035  5670 D EPDG -- [EPDGService]: getIsSsacVoiceEnabled: returning: true
01-10 16:20:06.735  5010  5660 D Mno     : fromName: name=VZW_us
01-10 16:20:06.735  5010  5660 D Mno     : fromName: found mno : VZW_us, us
01-10 16:20:06.821  5024  5209 I System.out: Broadcasting: Intent { act=com.sec.android.LTE_WIDEBAND_INFO flg=0x10000000 launchParam=MultiScreenLaunchParams { mDisplayId=0 mFlags=0 } (has extras) }
01-10 16:20:06.823  5689  5689 D io_stats: !@   8,0 r 1606567 49449104 w 1543145 35785068 d 242709 19429260 f 415551 415435 iot 2519420 1385374 th 61440 61440 43080 pt 9550 inp 0 0 133703.514
01-10 16:20:06.826  4616  4823 D NetworkController: onReceive: intent=Intent { act=com.sec.android.LTE_WIDEBAND_INFO flg=0x10000010 launchParam=MultiScreenLaunchParams { mDisplayId=0 mFlags=0 } bqHint=0 (has extras) }
01-10 16:20:06.826  4616  4823 D NetworkController.MobileSignalController(0/1): LTE WIDEBAND : mCurrentState.isCAIndicator = true oldCAIndicator = false
01-10 16:20:06.827  4616  4823 D NetworkController.MobileSignalController(0/1): getMobileIconGroup(): 13
01-10 16:20:06.827  4616  4823 D NetworkController.MobileSignalController(0/1): updateVZWMobileIconGroup(): 13
01-10 16:20:06.829  5024  6892 I System.out: Broadcast completed: result=0
01-10 16:20:06.841  4616  4823 D NetworkController.MobileSignalController(0/1): callState:0, callStateByPhone:false voLTECall:false voiceNetTpe:13 dataNetType:13, ine911:false, emergencyCallbackMode:false
01-10 16:20:06.943  5024  5209 I System.out: Broadcasting: Intent { act=com.sec.android.LTE_WIDEBAND_INFO flg=0x10000000 launchParam=MultiScreenLaunchParams { mDisplayId=0 mFlags=0 } (has extras) }
01-10 16:20:06.953  4616  4823 D NetworkController: onReceive: intent=Intent { act=com.sec.android.LTE_WIDEBAND_INFO flg=0x10000010 launchParam=MultiScreenLaunchParams { mDisplayId=0 mFlags=0 } bqHint=0 (has extras) }
01-10 16:20:06.954  4616  4823 D NetworkController.MobileSignalController(0/1): LTE WIDEBAND : mCurrentState.isCAIndicator = true oldCAIndicator = true
01-10 16:20:06.958  5024 17681 I System.out: Broadcast completed: result=0
01-10 16:20:06.971  3757  4458 D WifiStateMachine: Current network is: "wilkinson2.4" , ID is: 30
01-10 16:20:06.971  3757  4458 I WifiStateMachine: IMS calling, current network is always qualified
01-10 16:20:07.210  5024  5209 I System.out: Broadcasting: Intent { act=com.sec.android.LTE_WIDEBAND_INFO flg=0x10000000 launchParam=MultiScreenLaunchParams { mDisplayId=0 mFlags=0 } (has extras) }
01-10 16:20:07.218  4616  4823 D NetworkController: onReceive: intent=Intent { act=com.sec.android.LTE_WIDEBAND_INFO flg=0x10000010 launchParam=MultiScreenLaunchParams { mDisplayId=0 mFlags=0 } bqHint=0 (has extras) }
01-10 16:20:07.220  4616  4823 D NetworkController.MobileSignalController(0/1): LTE WIDEBAND : mCurrentState.isCAIndicator = true oldCAIndicator = true
01-10 16:20:07.222  5024 27597 I System.out: Broadcast completed: result=0
01-10 16:20:07.462  3757 31269 D BatteryService: !@BatteryListener : batteryPropertiesChanged!
01-10 16:20:07.463  3757 31269 D BatteryService: level:41, scale:100, status:2, health:2, present:true, voltage: 3890, temperature: 282, technology: Li-ion, AC powered:false, USB powered:true, POGO powered:false, Wireless powered:false, icon:17303694, invalid charger:0, maxChargingCurrent:0, maxChargingVoltage:0, chargeCounter:0
01-10 16:20:07.464  3757 31269 D BatteryService: online:6, current avg:446, charge type:1, power sharing:false, high voltage charger:false, capacity:280000, batterySWSelfDischarging:false, misc_event:0, current_now:305
01-10 16:20:07.464  3757  3757 D BatteryService: Sending ACTION_BATTERY_CHANGED.
01-10 16:20:07.467  3757  3757 V UiModeManager: updateLocked: null action, mDockState=0, category=null
01-10 16:20:07.467  3757  3757 D UiModeManager: updateConfigurationLocked: mDockState=0; mCarMode=false; mNightMode=1; uiMode=17
01-10 16:20:07.470  3757  3757 D GameManagerService: new battery level: 41
01-10 16:20:07.470  3757  9599 D SSRM:t  : SIOP:: AP = 420, PST = 362 (W:10), CP = 256, CUR = 678, LCD = 75
01-10 16:20:07.475  4616  4616 D KeyguardUpdateMonitor: received broadcast android.intent.action.BATTERY_CHANGED
01-10 16:20:07.475  4616  4616 D KeyguardUpdateMonitor: handleBatteryUpdate
01-10 16:20:07.476  3757  9599 D ConnectivityService: filterNetworkStateForUid() uid: 1000 networkInfo: [type: WIFI[] - WIFI, state: CONNECTED/CONNECTED, reason: (unspecified), extra: "wilkinson2.4", failover: false, available: true, roaming: false, metered: false]
01-10 16:20:07.479  4616  4616 D PowerUI : priorPlugType = 2 mPlugType =  2
01-10 16:20:07.481  4616  4616 D PowerUI.Notification: showChargingNotice oldChargingType : 1 currentChargingType : 1 oldChargingTime : 7048000 mChargingTime : 7048000
01-10 16:20:07.481  4616  4616 D PowerUI.Notification: There is no change about charging status, so return!
01-10 16:20:07.486  4616  4616 D BatteryMeterDrawable: isSomethingChanged - false
01-10 16:20:07.487  4616  4616 D BatteryMeterDrawable: isSomethingChanged - false
01-10 16:20:07.491  5024  5024 D PhoneApp: PhoneAppBroadcastReceiver onReceive android.intent.action.BATTERY_CHANGED
01-10 16:20:07.492  5024  5024 D TelephonyExtensionManager: lowBatterySound - isLowBatterySoundScheduled: false
01-10 16:20:07.492  5024  5024 D TelephonyExtensionManager: lowBatterySound - isPlayNow: false
01-10 16:20:07.492  5024  5024 D TelephonyExtensionManager: isSpeakerON - true
01-10 16:20:07.492  4616  4616 D Tile.FlashlightTile: ACTION_BATTERY_CHANGED - Level :: 41, emEnabled :: false
01-10 16:20:07.516  5024  5024 D TelephonyExtensionManager: lowBatterySound - batteryStatus: 2
01-10 16:20:07.516  5024  5024 D TelephonyExtensionManager: lowBatterySound - batteryLevel: 41
01-10 16:20:07.516  5024  5024 D TelephonyExtensionManager: lowBatterySound - cancel
01-10 16:20:07.518  3757 29840 D SamsungAlarmManager: Cancel Alarm calling from uid:1001 pid :5024 / op:PendingIntent{6ec5add: PendingIntentRecord{a412ba9 com.android.phone broadcastIntent}}
01-10 16:20:07.520  5024  5024 D TelephonyExtension: Not stopping low battery tone
01-10 16:20:07.659  3757  4354 D SamsungAlarmManager: Expired : 8
01-10 16:20:07.659  3757  4354 V SamsungAlarmManager: Sending to uid : 10059 action=null alarm=Alarm{a403652 type 3 when 355845976 com.asurion.android.verizon.vms}
01-10 16:20:07.668  3757  4354 D CompatibilityInfo: mCompatibilityFlags - 0
01-10 16:20:07.668  3757  4354 D CompatibilityInfo: applicationDensity - 420
01-10 16:20:07.669  3757  4354 D CompatibilityInfo: applicationScale - 1.0
01-10 16:20:07.692  3757  7202 D SamsungAlarmManager: setExact Intent (T:3/F:5/AC:false) 20190110T162012 - CU:10059/CP:15240
01-10 16:20:09.994  3757  4458 D WifiStateMachine: Current network is: "wilkinson2.4" , ID is: 30
01-10 16:20:09.994  3757  4458 I WifiStateMachine: IMS calling, current network is always qualified
01-10 16:20:10.138  3757  4354 D SamsungAlarmManager: Expired : 4
01-10 16:20:10.141  3757  4354 I SamsungAlarmManager: setLocked to kernel - T:2 / 20190110T162028, SetElapsed=355867245, nowELAPSED=355848458
01-10 16:20:10.142  3757  4354 I SamsungAlarmManager: setLocked to kernel - T:3 / 20190110T162012, SetElapsed=355851002, nowELAPSED=355848459
01-10 16:20:10.159  3757  4354 V SamsungAlarmManager: Sending to uid : 10014 action=CONTEXT_MANAGER_ALARM_WAKEUP_57837 alarm=Alarm{cc3b220 type 2 when 355848455 com.google.android.gms}
01-10 16:20:10.211  3757 29841 D SamsungAlarmManager: setExact Intent (T:2/F:1/AC:false) 20190110T172010 - CU:10014/CP:5918
01-10 16:20:11.622  8950  8973 D UE4     : Used memory: 221808
01-10 16:20:11.825  5689  5689 D io_stats: !@   8,0 r 1606571 49449124 w 1543158 35785184 d 242710 19429264 f 415580 415464 iot 2519530 1385381 th 61440 61440 43080 pt 9550 inp 0 0 133708.517
01-10 16:20:11.903  4616  4823 D NetworkController.MobileSignalController(0/1): onSignalStrengthsChanged signalStrength=SignalStrength: 99 99 -120 -160 -120 -1 -1 17 -119 -18 -28 2147483647 2147483647 0x1000 gsm|lte level=1
01-10 16:20:11.903  4616  4823 D NetworkController.MobileSignalController(0/1): getMobileIconGroup(): 13
01-10 16:20:11.904  4616  4823 D NetworkController.MobileSignalController(0/1): updateVZWMobileIconGroup(): 13
01-10 16:20:11.925  5035  5670 D EPDG -- [SMARTWIFI]: onSignalStrengthsChanged: Received signal strength change, phone type is: 2
01-10 16:20:11.926  5035  6446 D EPDG -- [SMARTWIFI]: lastLteRSRP is -121currentLteRSRP is -119
01-10 16:20:11.926  5035  6446 D EPDG -- [SMARTWIFI]: lastLteRSRQ is -20currentLteRSRQ is -18
01-10 16:20:11.926  5035  6446 D EPDG -- [SMARTWIFI]: lastCdmaDb is -16currentCdmaDb is -16
01-10 16:20:11.926  5035  6446 V EPDG -- [SMARTWIFI]: Radio oldest entry removed
01-10 16:20:11.926  5035  6446 V EPDG -- [SMARTWIFI]: New entry : (SignalStrength: 99 99 -120 -160 -120 -1 -1 17 -119 -18 -28 2147483647 2147483647 0x1000 gsm|lte : 0 )
01-10 16:20:11.926  5035  6446 V EPDG -- [SMARTWIFI]: Radio entry added
01-10 16:20:11.935  4616  4823 D NetworkController.MobileSignalController(0/1): callState:0, callStateByPhone:false voLTECall:false voiceNetTpe:13 dataNetType:13, ine911:false, emergencyCallbackMode:false
01-10 16:20:12.685  3757  4354 D SamsungAlarmManager: Expired : 8
01-10 16:20:12.685  3757  4354 V SamsungAlarmManager: Sending to uid : 10059 action=null alarm=Alarm{187659e type 3 when 355851002 com.asurion.android.verizon.vms}
01-10 16:20:12.700  3757  4354 D CompatibilityInfo: mCompatibilityFlags - 0
01-10 16:20:12.700  3757  4354 D CompatibilityInfo: applicationDensity - 420
01-10 16:20:12.701  3757  4354 D CompatibilityInfo: applicationScale - 1.0
01-10 16:20:12.728  3757 32083 D SamsungAlarmManager: setExact Intent (T:3/F:5/AC:false) 20190110T162017 - CU:10059/CP:15240
01-10 16:20:12.730  3757 32083 I SamsungAlarmManager: setLocked to kernel - T:3 / 20190110T162017, SetElapsed=355856034, nowELAPSED=355851047
01-10 16:20:13.014  3757  4458 D WifiStateMachine: Current network is: "wilkinson2.4" , ID is: 30
01-10 16:20:13.014  3757  4458 I WifiStateMachine: IMS calling, current network is always qualified
01-10 16:20:16.041  3757  4458 D WifiStateMachine: Current network is: "wilkinson2.4" , ID is: 30
01-10 16:20:16.041  3757  4458 I WifiStateMachine: IMS calling, current network is always qualified
01-10 16:20:16.828  5689  5689 D io_stats: !@   8,0 r 1606571 49449124 w 1543167 35785236 d 242710 19429264 f 415605 415489 iot 2519580 1385385 th 61440 61440 43080 pt 9550 inp 0 0 133713.519
01-10 16:20:17.386  5024  5209 I System.out: Broadcasting: Intent { act=com.sec.android.LTE_WIDEBAND_INFO flg=0x10000000 launchParam=MultiScreenLaunchParams { mDisplayId=0 mFlags=0 } (has extras) }
01-10 16:20:17.386  5035  6445 D EPDG -- [MODEM]: message length is  13
01-10 16:20:17.386  5035  6445 D EPDG -- [MODEM]: countRead is 11 offset is 11remaining is 0
01-10 16:20:17.386  5035  6445 D EPDG -- EpdgIpcMessageFactory: ipcMainCmd: 112
01-10 16:20:17.386  5035  6445 D EPDG -- [UTILS]: isUSerBinary: true
01-10 16:20:17.387  5035  6445 D EPDG -- [RILRECEIVER]: [Rx]: Main: IPC_IIL_CMD Sub: IPC_IIL_SSAC_INFO
01-10 16:20:17.387  5035  6445 D EPDG -- [RILRECEIVER]: [Rx]: Param: FF FF FF FF FF FF 
01-10 16:20:17.387  5024  5378 E ImsAdaptorImpl: setSSACInfo : ImsAdaptorImpl.
01-10 16:20:17.389  5035  6445 D EPDG -- [NETIPCMESSAGE]: decodeIilSsacInfo()
01-10 16:20:17.390  5035  6445 D EPDG -- [RILRECEIVER]: SSAC info received. Voice Factor -1Voice Time 65535000Video Factor -1Video Time 65535000
01-10 16:20:17.390  5035  5670 D EPDG -- [EPDGService]: Event received: RIL_IIL_SSAC_INFO_UPDATE
01-10 16:20:17.391  5035  5670 D EPDG -- [EPDGService]: handleMessage: cid - 0
01-10 16:20:17.391  5035  5670 D EPDG -- [EPDGService]: getIsSsacVoiceEnabled: returning: true
01-10 16:20:17.393  5010  5722 D SsacManager: updateSSACInfo : Voice(-1:65535000) Video(-1:65535000)
01-10 16:20:17.393  5010  5722 D SsacManager: Voice Call updateSSACInfo : f[100], t[0]
01-10 16:20:17.393  5010  5722 D SsacManager: Video Call updateSSACInfo : f[100], t[0]
01-10 16:20:17.393  4616  4823 D NetworkController: onReceive: intent=Intent { act=com.sec.android.LTE_WIDEBAND_INFO flg=0x10000010 launchParam=MultiScreenLaunchParams { mDisplayId=0 mFlags=0 } bqHint=0 (has extras) }
01-10 16:20:17.393  4616  4823 D NetworkController.MobileSignalController(0/1): LTE WIDEBAND : mCurrentState.isCAIndicator = false oldCAIndicator = true
01-10 16:20:17.394  4616  4823 D NetworkController.MobileSignalController(0/1): getMobileIconGroup(): 13
01-10 16:20:17.394  4616  4823 D NetworkController.MobileSignalController(0/1): updateVZWMobileIconGroup(): 13
01-10 16:20:17.395  5024  5341 I System.out: Broadcast completed: result=0
01-10 16:20:17.399  5010  5722 D Mno     : fromName: name=VZW_us
01-10 16:20:17.400  5010  5722 D Mno     : fromName: found mno : VZW_us, us
01-10 16:20:17.403  4616  4823 D NetworkController.MobileSignalController(0/1): callState:0, callStateByPhone:false voLTECall:false voiceNetTpe:13 dataNetType:13, ine911:false, emergencyCallbackMode:false
01-10 16:20:17.504  3757 29838 D BatteryService: !@BatteryListener : batteryPropertiesChanged!
01-10 16:20:17.505  3757 29838 D BatteryService: level:41, scale:100, status:2, health:2, present:true, voltage: 3899, temperature: 282, technology: Li-ion, AC powered:false, USB powered:true, POGO powered:false, Wireless powered:false, icon:17303694, invalid charger:0, maxChargingCurrent:0, maxChargingVoltage:0, chargeCounter:0
01-10 16:20:17.505  3757 29838 D BatteryService: online:6, current avg:392, charge type:1, power sharing:false, high voltage charger:false, capacity:280000, batterySWSelfDischarging:false, misc_event:0, current_now:321
01-10 16:20:17.505  3757  3757 D BatteryService: Sending ACTION_BATTERY_CHANGED.
01-10 16:20:17.512  3757  3757 V UiModeManager: updateLocked: null action, mDockState=0, category=null
01-10 16:20:17.512  3757  3757 D UiModeManager: updateConfigurationLocked: mDockState=0; mCarMode=false; mNightMode=1; uiMode=17
01-10 16:20:17.513  3757  3757 D GameManagerService: new battery level: 41
01-10 16:20:17.522  4616  4616 D KeyguardUpdateMonitor: received broadcast android.intent.action.BATTERY_CHANGED
01-10 16:20:17.523  4616  4616 D KeyguardUpdateMonitor: handleBatteryUpdate
01-10 16:20:17.527  4616  4616 D PowerUI : priorPlugType = 2 mPlugType =  2
01-10 16:20:17.527  3757  9599 D SSRM:t  : SIOP:: AP = 430, PST = 373 (W:10), CP = 264, CUR = 738, LCD = 75
01-10 16:20:17.532  3757  9599 D ConnectivityService: filterNetworkStateForUid() uid: 1000 networkInfo: [type: WIFI[] - WIFI, state: CONNECTED/CONNECTED, reason: (unspecified), extra: "wilkinson2.4", failover: false, available: true, roaming: false, metered: false]
01-10 16:20:17.533  4616  4616 D PowerUI.Notification: showChargingNotice oldChargingType : 1 currentChargingType : 1 oldChargingTime : 7048000 mChargingTime : 7037000
01-10 16:20:17.533  4616  4616 D PowerUI.Notification: showChargingNotification()
01-10 16:20:17.536  5024  5024 D PhoneApp: PhoneAppBroadcastReceiver onReceive android.intent.action.BATTERY_CHANGED
01-10 16:20:17.536  5024  5024 D TelephonyExtensionManager: lowBatterySound - isLowBatterySoundScheduled: false
01-10 16:20:17.536  5024  5024 D TelephonyExtensionManager: lowBatterySound - isPlayNow: false
01-10 16:20:17.537  5024  5024 D TelephonyExtensionManager: isSpeakerON - true
01-10 16:20:17.557  5024  5024 D TelephonyExtensionManager: lowBatterySound - batteryStatus: 2
01-10 16:20:17.557  5024  5024 D TelephonyExtensionManager: lowBatterySound - batteryLevel: 41
01-10 16:20:17.557  5024  5024 D TelephonyExtensionManager: lowBatterySound - cancel
01-10 16:20:17.559  3757 29841 D SamsungAlarmManager: Cancel Alarm calling from uid:1001 pid :5024 / op:PendingIntent{181d04c: PendingIntentRecord{a412ba9 com.android.phone broadcastIntent}}
01-10 16:20:17.560  3757  5063 D ApplicationPolicy: isStatusBarNotificationAllowedAsUser: packageName = com.android.systemui,userId = -1
01-10 16:20:17.560  5024  5024 D TelephonyExtension: Not stopping low battery tone
01-10 16:20:17.563  4616  4616 D BatteryMeterDrawable: isSomethingChanged - false
01-10 16:20:17.564  4616  4616 D BatteryMeterDrawable: isSomethingChanged - false
01-10 16:20:17.573  4616  4616 D Tile.FlashlightTile: ACTION_BATTERY_CHANGED - Level :: 41, emEnabled :: false
01-10 16:20:17.623  4616  4616 D KeyguardServiceBoxContainer: updateCMAS() hasCmasNotification = false, mHasCMAS = false
01-10 16:20:17.717  3757  4354 D SamsungAlarmManager: Expired : 8
01-10 16:20:17.721  3757  4354 V SamsungAlarmManager: Sending to uid : 10059 action=null alarm=Alarm{8850895 type 3 when 355856034 com.asurion.android.verizon.vms}
01-10 16:20:17.734  3757  4354 D CompatibilityInfo: mCompatibilityFlags - 0
01-10 16:20:17.735  3757  4354 D CompatibilityInfo: applicationDensity - 420
01-10 16:20:17.735  3757  4354 D CompatibilityInfo: applicationScale - 1.0
01-10 16:20:17.764  3757 32083 D SamsungAlarmManager: setExact Intent (T:3/F:5/AC:false) 20190110T162022 - CU:10059/CP:15240
01-10 16:20:17.765  3757 32083 I SamsungAlarmManager: setLocked to kernel - T:3 / 20190110T162022, SetElapsed=355861071, nowELAPSED=355856082
01-10 16:20:18.571  4616  4823 D NetworkController.MobileSignalController(0/1): onSignalStrengthsChanged signalStrength=SignalStrength: 99 99 -120 -160 -120 -1 -1 17 -120 -17 -67 2147483647 2147483647 0x1000 gsm|lte level=1
01-10 16:20:18.573  4616  4823 D NetworkController.MobileSignalController(0/1): getMobileIconGroup(): 13
01-10 16:20:18.573  4616  4823 D NetworkController.MobileSignalController(0/1): updateVZWMobileIconGroup(): 13
01-10 16:20:18.577  5035  5670 D EPDG -- [SMARTWIFI]: onSignalStrengthsChanged: Received signal strength change, phone type is: 2
01-10 16:20:18.578  5035  6446 D EPDG -- [SMARTWIFI]: lastLteRSRP is -119currentLteRSRP is -120
01-10 16:20:18.578  5035  6446 D EPDG -- [SMARTWIFI]: lastLteRSRQ is -18currentLteRSRQ is -17
01-10 16:20:18.578  5035  6446 D EPDG -- [SMARTWIFI]: lastCdmaDb is -16currentCdmaDb is -16
01-10 16:20:18.578  5035  6446 V EPDG -- [SMARTWIFI]: Radio oldest entry removed
01-10 16:20:18.578  5035  6446 V EPDG -- [SMARTWIFI]: New entry : (SignalStrength: 99 99 -120 -160 -120 -1 -1 17 -120 -17 -67 2147483647 2147483647 0x1000 gsm|lte : 0 )
01-10 16:20:18.578  5035  6446 V EPDG -- [SMARTWIFI]: Radio entry added
01-10 16:20:18.589  4616  4823 D NetworkController.MobileSignalController(0/1): callState:0, callStateByPhone:false voLTECall:false voiceNetTpe:13 dataNetType:13, ine911:false, emergencyCallbackMode:false
01-10 16:20:18.981 29432 29446 I Finsky  : [4408] com.google.android.finsky.bn.an.run(6): Stats for Executor: BlockingExecutor com.google.android.finsky.bn.ao@de01665[Running, pool size = 1, active threads = 0, queued tasks = 0, completed tasks = 15]
01-10 16:20:18.993 29432 29446 I Finsky  : [4408] com.google.android.finsky.bn.an.run(6): Stats for Executor: LightweightExecutor com.google.android.finsky.bn.ao@65a7f3a[Running, pool size = 4, active threads = 0, queued tasks = 0, completed tasks = 56]
01-10 16:20:19.063  3757  4458 D WifiStateMachine: Current network is: "wilkinson2.4" , ID is: 30
01-10 16:20:19.064  3757  4458 I WifiStateMachine: IMS calling, current network is always qualified
01-10 16:20:19.446 29432 29446 I Finsky  : [4408] com.google.android.finsky.bn.an.run(6): Stats for Executor: bgExecutor com.google.android.finsky.bn.ao@82807eb[Running, pool size = 4, active threads = 0, queued tasks = 0, completed tasks = 10]
01-10 16:20:19.462 29432 29446 I Finsky  : [4408] com.google.android.finsky.bn.an.run(6): Stats for Executor: SimChangeExecutor com.google.android.finsky.bn.ao@6372948[Running, pool size = 1, active threads = 1, queued tasks = 4, completed tasks = 0]
01-10 16:20:19.463 29432 29446 I Finsky  : [4408] com.google.android.finsky.bn.an.run(6): Stats for Executor: Db-xternal_referrer_status.db com.google.android.finsky.bn.ao@9c0b3e1[Running, pool size = 0, active threads = 0, queued tasks = 0, completed tasks = 2]
01-10 16:20:19.473 29432 29446 I Finsky  : [4408] com.google.android.finsky.bn.an.run(6): Stats for Executor: Db-split_install_service com.google.android.finsky.bn.ao@ee15506[Running, pool size = 0, active threads = 0, queued tasks = 0, completed tasks = 3]
01-10 16:20:19.476 29432 29446 I Finsky  : [4408] com.google.android.finsky.bn.an.run(6): Stats for Executor: SplitInstallBackgroundThread com.google.android.finsky.bn.ao@67d37c7[Running, pool size = 0, active threads = 0, queued tasks = 0, completed tasks = 2]
01-10 16:20:19.484 29432 29446 I Finsky  : [4408] com.google.android.finsky.bn.an.run(6): Stats for Executor: StorageAwareDownloadServiceManagerSpaceChecker com.google.android.finsky.bn.ao@53991f4[Running, pool size = 0, active threads = 0, queued tasks = 0, completed tasks = 0]
01-10 16:20:19.750 29432 29446 I Finsky  : [4408] com.google.android.finsky.bn.an.run(6): Stats for Executor: InstallBackgroundThread com.google.android.finsky.bn.ao@ab3ad1d[Running, pool size = 0, active threads = 0, queued tasks = 0, completed tasks = 1]
01-10 16:20:19.755 29432 29446 I Finsky  : [4408] com.google.android.finsky.bn.an.run(6): Stats for Executor: Db-install_service com.google.android.finsky.bn.ao@eadbb92[Running, pool size = 0, active threads = 0, queued tasks = 0, completed tasks = 0]
01-10 16:20:19.760 29432 29446 I Finsky  : [4408] com.google.android.finsky.bn.an.run(6): Stats for Executor: InstallBackgroundThread com.google.android.finsky.bn.ao@40b8963[Running, pool size = 0, active threads = 0, queued tasks = 0, completed tasks = 0]
01-10 16:20:20.148 29432 29446 I Finsky  : [4408] com.google.android.finsky.bn.an.run(6): Stats for Executor: Db-user_languages_store com.google.android.finsky.bn.ao@257d960[Running, pool size = 0, active threads = 0, queued tasks = 0, completed tasks = 1]
01-10 16:20:20.193 29432 29446 I Finsky  : [4408] com.google.android.finsky.bn.an.run(6): Stats for Executor: InstallBackgroundThread com.google.android.finsky.bn.ao@3e2fe19[Running, pool size = 0, active threads = 0, queued tasks = 0, completed tasks = 0]
01-10 16:20:20.195 29432 29446 I Finsky  : [4408] com.google.android.finsky.bn.an.run(6): Stats for Executor: InstallBackgroundThread com.google.android.finsky.bn.ao@167fede[Running, pool size = 0, active threads = 0, queued tasks = 0, completed tasks = 0]
01-10 16:20:21.455  6668  6733 D ContactsProvider_EventLog: contents_sample_state: [ contacts(369) data(4037) accounts({vnd.sec.contact.phone (1)=12, com.google (7)=693}) accounts deleted({}) calls([logtype:100 cnt:403, logtype:1150 cnt:97]) countryIso(US) userId(0)  ]

01-10 16:20:21.455  6668  6733 D ContactsProvider_EventLog: contents_sample_state: [ agr({[2 ,2 ,7]=1, [2 ,7 ,2 ,7]=1, [7 ,2 ,7]=4, [7 ,7 ,2]=4, [1 ,7]=5, [7]=51, [7 ,2]=231, [1 ,2 ,7]=7, [2 ,7]=65})  ]

01-10 16:20:21.455  6668  6733 D ContactsProvider_EventLog: contents_sample_state: [ actCnt({android.process.acore=2})  ]
01-10 16:20:21.461  6668  6733 E ContactsProvider_EventLog: Flush buffer to file cnt : 1 size : 0Kb duration : 5ms lastUpdatedAfter : 55495 ms mFlush_time_threasold : 2000 mCurrentSize : 457
01-10 16:20:21.604  8950  8973 D UE4     : Used memory: 221820
01-10 16:20:21.832  5689  5689 D io_stats: !@   8,0 r 1606571 49449124 w 1543178 35785384 d 242711 19429268 f 415635 415519 iot 2519700 1385397 th 61440 61440 43080 pt 9550 inp 0 0 133718.524
01-10 16:20:22.088  3757  4458 D WifiStateMachine: Current network is: "wilkinson2.4" , ID is: 30
01-10 16:20:22.088  3757  4458 I WifiStateMachine: IMS calling, current network is always qualified
01-10 16:20:22.588  3757  4966 E Watchdog: !@Sync 4455 [10_Jan_16_20_22.587]
01-10 16:20:22.754  3757  4354 D SamsungAlarmManager: Expired : 8
01-10 16:20:22.756  3757  4354 V SamsungAlarmManager: Sending to uid : 10059 action=null alarm=Alarm{1e03d9b type 3 when 355861071 com.asurion.android.verizon.vms}
01-10 16:20:22.767  3757  4354 D CompatibilityInfo: mCompatibilityFlags - 0
01-10 16:20:22.768  3757  4354 D CompatibilityInfo: applicationDensity - 420
01-10 16:20:22.768  3757  4354 D CompatibilityInfo: applicationScale - 1.0
01-10 16:20:22.786  3757 29839 D SamsungAlarmManager: setExact Intent (T:3/F:5/AC:false) 20190110T162027 - CU:10059/CP:15240
01-10 16:20:22.787  3757 29839 I SamsungAlarmManager: setLocked to kernel - T:3 / 20190110T162027, SetElapsed=355866093, nowELAPSED=355861104
01-10 16:20:25.115  3757  4458 D WifiStateMachine: Current network is: "wilkinson2.4" , ID is: 30
01-10 16:20:25.115  3757  4458 I WifiStateMachine: IMS calling, current network is always qualified
01-10 16:20:25.633  3757 32085 D ConnectivityService: filterNetworkStateForUid() uid: 5008 networkInfo: [type: WIFI[] - WIFI, state: CONNECTED/CONNECTED, reason: (unspecified), extra: "wilkinson2.4", failover: false, available: true, roaming: false, metered: false]
01-10 16:20:26.834  5689  5689 D io_stats: !@   8,0 r 1606571 49449124 w 1543195 35785536 d 242712 19429272 f 415660 415544 iot 2519810 1385403 th 61440 61440 43080 pt 9550 inp 0 0 133723.526
01-10 16:20:27.575  3757  9599 D SSRM:t  : SIOP:: AP = 430, PST = 384 (W:10), CP = 261, CUR = 695, LCD = 75
01-10 16:20:27.575  3757 32085 D BatteryService: !@BatteryListener : batteryPropertiesChanged!
01-10 16:20:27.575  3757 32085 D BatteryService: level:41, scale:100, status:2, health:2, present:true, voltage: 3918, temperature: 282, technology: Li-ion, AC powered:false, USB powered:true, POGO powered:false, Wireless powered:false, icon:17303694, invalid charger:0, maxChargingCurrent:0, maxChargingVoltage:0, chargeCounter:0
01-10 16:20:27.575  3757 32085 D BatteryService: online:6, current avg:433, charge type:1, power sharing:false, high voltage charger:false, capacity:280000, batterySWSelfDischarging:false, misc_event:0, current_now:263
01-10 16:20:27.576  3757  3757 D BatteryService: Sending ACTION_BATTERY_CHANGED.
01-10 16:20:27.578  3757  9599 D ConnectivityService: filterNetworkStateForUid() uid: 1000 networkInfo: [type: WIFI[] - WIFI, state: CONNECTED/CONNECTED, reason: (unspecified), extra: "wilkinson2.4", failover: false, available: true, roaming: false, metered: false]
01-10 16:20:27.586  3757  3757 V UiModeManager: updateLocked: null action, mDockState=0, category=null
01-10 16:20:27.587  3757  3757 D UiModeManager: updateConfigurationLocked: mDockState=0; mCarMode=false; mNightMode=1; uiMode=17
01-10 16:20:27.587  3757  3757 D GameManagerService: new battery level: 41
01-10 16:20:27.595  4616  4616 D KeyguardUpdateMonitor: received broadcast android.intent.action.BATTERY_CHANGED
01-10 16:20:27.596  4616  4616 D KeyguardUpdateMonitor: handleBatteryUpdate
01-10 16:20:27.599  4616  4616 D PowerUI : priorPlugType = 2 mPlugType =  2
01-10 16:20:27.605  4616  4616 D PowerUI.Notification: showChargingNotice oldChargingType : 1 currentChargingType : 1 oldChargingTime : 7037000 mChargingTime : 7037000
01-10 16:20:27.605  4616  4616 D PowerUI.Notification: There is no change about charging status, so return!
01-10 16:20:27.607  4616  4616 D BatteryMeterDrawable: isSomethingChanged - false
01-10 16:20:27.607  4616  4616 D BatteryMeterDrawable: isSomethingChanged - false
01-10 16:20:27.610  5024  5024 D PhoneApp: PhoneAppBroadcastReceiver onReceive android.intent.action.BATTERY_CHANGED
01-10 16:20:27.610  5024  5024 D TelephonyExtensionManager: lowBatterySound - isLowBatterySoundScheduled: false
01-10 16:20:27.610  5024  5024 D TelephonyExtensionManager: lowBatterySound - isPlayNow: false
01-10 16:20:27.611  5024  5024 D TelephonyExtensionManager: isSpeakerON - true
01-10 16:20:27.611  4616  4616 D Tile.FlashlightTile: ACTION_BATTERY_CHANGED - Level :: 41, emEnabled :: false
01-10 16:20:27.626  5024  5024 D TelephonyExtensionManager: lowBatterySound - batteryStatus: 2
01-10 16:20:27.626  5024  5024 D TelephonyExtensionManager: lowBatterySound - batteryLevel: 41
01-10 16:20:27.626  5024  5024 D TelephonyExtensionManager: lowBatterySound - cancel
01-10 16:20:27.627  3757  4473 D SamsungAlarmManager: Cancel Alarm calling from uid:1001 pid :5024 / op:PendingIntent{ffa9911: PendingIntentRecord{a412ba9 com.android.phone broadcastIntent}}
01-10 16:20:27.628  5024  5024 D TelephonyExtension: Not stopping low battery tone
01-10 16:20:27.776  3757  4354 D SamsungAlarmManager: Expired : 8
01-10 16:20:27.777  3757  4354 V SamsungAlarmManager: Sending to uid : 10059 action=null alarm=Alarm{c7c8a76 type 3 when 355866093 com.asurion.android.verizon.vms}
01-10 16:20:27.790  3757  4354 D CompatibilityInfo: mCompatibilityFlags - 0
01-10 16:20:27.790  3757  4354 D CompatibilityInfo: applicationDensity - 420
01-10 16:20:27.790  3757  4354 D CompatibilityInfo: applicationScale - 1.0
01-10 16:20:27.813  3757 29841 D SamsungAlarmManager: setExact Intent (T:3/F:5/AC:false) 20190110T162032 - CU:10059/CP:15240
