01-10 16:20:28.141  3757  4458 D WifiStateMachine: Current network is: "wilkinson2.4" , ID is: 30
01-10 16:20:28.141  3757  4458 I WifiStateMachine: IMS calling, current network is always qualified
01-10 16:20:28.653  3757  3770 D ConnectivityService: filterNetworkStateForUid() uid: 10014 networkInfo: [type: WIFI[] - WIFI, state: CONNECTED/CONNECTED, reason: (unspecified), extra: "wilkinson2.4", failover: false, available: true, roaming: false, metered: false]
01-10 16:20:28.928  3757  4354 D SamsungAlarmManager: Expired : 4
01-10 16:20:28.929  3757  4354 I SamsungAlarmManager: setLocked to kernel - T:2 / 20190110T162136, SetElapsed=355934794, nowELAPSED=355867246
01-10 16:20:28.930  3757  4354 I SamsungAlarmManager: setLocked to kernel - T:3 / 20190110T162032, SetElapsed=355871122, nowELAPSED=355867247
01-10 16:20:28.930  3757  4354 V SamsungAlarmManager: Sending to uid : 1000 listener=android.app.AlarmManager$ListenerWrapper@ff5e9f alarm=Alarm{8e7dce4 type 2 when 355852368 android}
01-10 16:20:28.932  3757  4354 V SamsungAlarmManager: Sending to uid : 1000 listener=android.app.AlarmManager$ListenerWrapper@3d7878e alarm=Alarm{c5eb54d type 2 when 355852368 android}
01-10 16:20:28.933  3757  4354 V SamsungAlarmManager: Sending to uid : 1000 listener=android.app.AlarmManager$ListenerWrapper@cc8f143 alarm=Alarm{61ed802 type 2 when 355852368 android}
01-10 16:20:28.933  3757  4354 V SamsungAlarmManager: Sending to uid : 1000 listener=android.app.AlarmManager$ListenerWrapper@10545bb alarm=Alarm{47ec513 type 2 when 355852368 android}
01-10 16:20:28.934  3757  4354 V SamsungAlarmManager: Sending to uid : 1000 listener=android.app.AlarmManager$ListenerWrapper@d3c12c1 alarm=Alarm{9b7e350 type 2 when 355852368 android}
01-10 16:20:28.934  3757  4354 V SamsungAlarmManager: Sending to uid : 1000 listener=android.app.AlarmManager$ListenerWrapper@a256f2 alarm=Alarm{a6e5949 type 2 when 355852368 android}
01-10 16:20:28.934  3757  4354 V SamsungAlarmManager: Sending to uid : 1000 listener=android.app.AlarmManager$ListenerWrapper@41fdad8 alarm=Alarm{7a6724e type 2 when 355852368 android}
01-10 16:20:28.935  3757  4354 V SamsungAlarmManager: Sending to uid : 1000 listener=android.app.AlarmManager$ListenerWrapper@b42c916 alarm=Alarm{f069f6f type 2 when 355852368 android}
01-10 16:20:28.935  3757  4354 V SamsungAlarmManager: Sending to uid : 1000 listener=android.app.AlarmManager$ListenerWrapper@290fa66 alarm=Alarm{93fe47c type 2 when 355852368 android}
01-10 16:20:28.936  3757  4354 V SamsungAlarmManager: Sending to uid : 1000 listener=android.app.AlarmManager$ListenerWrapper@14e2e31 alarm=Alarm{bba4105 type 2 when 355852368 android}
01-10 16:20:28.937  3757  4354 V SamsungAlarmManager: Sending to uid : 1000 listener=android.app.AlarmManager$ListenerWrapper@ffaf03e alarm=Alarm{cfb655a type 2 when 355852368 android}
01-10 16:20:28.937  3757  4354 V SamsungAlarmManager: Sending to uid : 1001 action=com.android.internal.telephony.data-stall alarm=Alarm{d87c38b type 3 when 355867245 com.android.phone}
01-10 16:20:28.950  3757  3757 D SamsungAlarmManager: setInexact Listener (T:2/F:0/AC:false) 20190110T162312 - CU:1000/CP:3757
01-10 16:20:28.965  3757  3757 D MountService: getExternalStorageMountMode : 1
01-10 16:20:28.965  3757  3757 D MountService: getExternalStorageMountMode : 3
01-10 16:20:28.965  3757  3757 D MountService: getExternalStorageMountMode : final mountMode=1, uid : 1000, packageName : com.policydm
01-10 16:20:29.000  9242  9242 E Zygote  : v2
01-10 16:20:29.000  9242  9242 I libpersona: KNOX_SDCARD checking this for 1000
01-10 16:20:29.000  9242  9242 I libpersona: KNOX_SDCARD not a persona
01-10 16:20:29.003  3757  3757 I ActivityManager: Start proc 9242:com.policydm/1000 for service com.policydm/com.sec.android.policyagent.schedule.NetworkChangeJobService
01-10 16:20:29.009  3757 31269 D SamsungAlarmManager: setInexact Intent (T:3/F:8/AC:false) 20190110T162128 - CU:1001/CP:5024
01-10 16:20:29.009  9242  9242 E Zygote  : accessInfo : 0
01-10 16:20:29.012  9242  9242 W SELinux : SELinux selinux_android_compute_policy_index : Policy Index[2],  Con:u:r:zygote:s0 RAM:SEPF_SECMOBILE_7.0_0009, [-1 -1 -1 -1 0 1]
01-10 16:20:29.015  9242  9242 I SELinux : SELinux: seapp_context_lookup: seinfo=platform, pkgname=com.policydm 
01-10 16:20:29.016  3757  3757 D SamsungAlarmManager: setInexact Listener (T:2/F:0/AC:false) 20190110T162312 - CU:1000/CP:3757
01-10 16:20:29.023  3757  3757 D SamsungAlarmManager: setInexact Listener (T:2/F:0/AC:false) 20190110T162312 - CU:1000/CP:3757
01-10 16:20:29.030  3757  3757 D SamsungAlarmManager: setInexact Listener (T:2/F:0/AC:false) 20190110T162312 - CU:1000/CP:3757
01-10 16:20:29.035  3757  3757 D SamsungAlarmManager: setInexact Listener (T:2/F:0/AC:false) 20190110T162312 - CU:1000/CP:3757
01-10 16:20:29.039  3757  3757 D SamsungAlarmManager: setInexact Listener (T:2/F:0/AC:false) 20190110T162312 - CU:1000/CP:3757
01-10 16:20:29.042  3757  3757 D SamsungAlarmManager: setInexact Listener (T:2/F:0/AC:false) 20190110T162312 - CU:1000/CP:3757
01-10 16:20:29.046  3757  3757 D SamsungAlarmManager: setInexact Listener (T:2/F:0/AC:false) 20190110T162312 - CU:1000/CP:3757
01-10 16:20:29.049  3757  3757 D SamsungAlarmManager: setInexact Listener (T:2/F:0/AC:false) 20190110T162312 - CU:1000/CP:3757
01-10 16:20:29.051  3757  3757 D SamsungAlarmManager: setInexact Listener (T:2/F:0/AC:false) 20190110T162312 - CU:1000/CP:3757
01-10 16:20:29.052  9242  9242 D TimaKeyStoreProvider: TimaKeyStore is not enabled: cannot add TimaSignature Service and generateKeyPair Service
01-10 16:20:29.054  3757  3757 D SamsungAlarmManager: setInexact Listener (T:2/F:0/AC:false) 20190110T162312 - CU:1000/CP:3757
01-10 16:20:29.056  3757  2858 D CompatibilityInfo: mCompatibilityFlags - 0
01-10 16:20:29.056  3757  2858 D CompatibilityInfo: applicationDensity - 420
01-10 16:20:29.056  3757  2858 D CompatibilityInfo: applicationScale - 1.0
01-10 16:20:29.056  3757  2858 I ActivityManager: DSS on for com.policydm and scale is 1.0
01-10 16:20:29.059  3757  2858 D CompatibilityInfo: mCompatibilityFlags - 0
01-10 16:20:29.060  3757  2858 D CompatibilityInfo: applicationDensity - 420
01-10 16:20:29.060  3757  2858 D CompatibilityInfo: applicationScale - 1.0
01-10 16:20:29.065  3757  2858 D CompatibilityInfo: mCompatibilityFlags - 0
01-10 16:20:29.065  3757  2858 D CompatibilityInfo: applicationDensity - 420
01-10 16:20:29.065  3757  2858 D CompatibilityInfo: applicationScale - 1.0
01-10 16:20:29.093  9242  9242 I art     : Starting a blocking GC AddRemoveAppImageSpace
01-10 16:20:29.095  9242  9242 W System  : ClassLoader referenced unknown path: /system/priv-app/SPDClient/lib/arm64
01-10 16:20:29.145  9242  9242 I FOTA    : [lllIIIIIIlllIlIIIIII(108/llIIIIlllllIIllIIllI)] oms: /customer.xml
01-10 16:20:29.145  9242  9242 I FOTA    : [lllIIIIIIlllIlIIIIII(199/lllIlIlIIIllIIlIllIl)] read default : /system/csc/customer.xml
01-10 16:20:29.162  3757  4532 D WifiWatchdogStateMachine:  [|219] []
01-10 16:20:29.162 15240 15250 W art     : Suspending all threads took: 8.652ms
01-10 16:20:29.169  9242  9242 I FOTA    : [com.sec.android.policyagent.PolicyApplication(36/onCreate)] PolicyApplication onCreated!
01-10 16:20:29.217  9242  9242 I DBG_POLICYDM: [com.policydm.db.llIIIIlllllIIllIIllI(186/llIIIIlllllIIllIIllI)] try read dbString
01-10 16:20:29.249  9242  9242 I DBG_POLICYDM: [com.policydm.db.XDB(231/IllIlIIIIlIIlIIIllIl)] xdbDMffs_Init
01-10 16:20:29.341  9242  9242 I DBG_POLICYDM: [com.policydm.XDMService(163/llIIIIlllllIIllIIllI)] xdmUIHandelerInit
01-10 16:20:29.354  9242  9242 I DBG_POLICYDM: [com.policydm.db.IIIlIIllIlIIllIlllII(455/IIIIIIlIIIllllllIlII)] xdbGetFUMOStatus : 0
01-10 16:20:29.360  9242  9242 I DBG_POLICYDM: [com.policydm.XDMService(587/llIlIllllllllllllllI)] get NotibarState : 0
01-10 16:20:29.383  9242  9242 I DBG_POLICYDM: [com.sec.android.policyagent.schedule.NetworkChangeJobService(45/onStartJob)] Need to Set Auto Update
01-10 16:20:29.403  3757  5063 I ActivityManager: Killing 8420:com.samsung.android.samsungpass/u0a266 (adj 906): DHA:empty #31
01-10 16:20:29.410  3757  3757 D SamsungAlarmManager: setInexact Listener (T:2/F:0/AC:false) 20190110T162312 - CU:1000/CP:3757
01-10 16:20:29.428  3757  3757 D SamsungAlarmManager: setInexact Listener (T:2/F:0/AC:false) 20190110T162812 - CU:1000/CP:3757
01-10 16:20:29.430  3757  3757 D ConnectivityService: filterNetworkStateForUid() uid: 1000 networkInfo: [type: WIFI[] - WIFI, state: CONNECTED/CONNECTED, reason: (unspecified), extra: "wilkinson2.4", failover: false, available: true, roaming: false, metered: false]
01-10 16:20:29.443  3757  7205 D ActivityManager: cleanUpApplicationRecord -- 8420
01-10 16:20:29.445  6011  6033 D ForegroundUtils: could not check pending caller
01-10 16:20:29.449 29432 29446 I Finsky  : [4408] com.google.android.finsky.bn.an.run(6): Stats for Executor: VerifyAppsDataStore com.google.android.finsky.bn.ao@6a358bf[Running, pool size = 0, active threads = 0, queued tasks = 0, completed tasks = 2]
01-10 16:20:29.468 29432 29446 I Finsky  : [4408] com.google.android.finsky.bn.an.run(6): Stats for Executor: Db-verify_apps.db com.google.android.finsky.bn.ao@b512b8c[Running, pool size = 0, active threads = 0, queued tasks = 0, completed tasks = 1]
01-10 16:20:29.554 29432 29446 I Finsky  : [4408] com.google.android.finsky.bn.an.run(6): Stats for Executor: Db-notification_cache com.google.android.finsky.bn.ao@71c62d5[Running, pool size = 0, active threads = 0, queued tasks = 0, completed tasks = 7]
01-10 16:20:30.202 29432 29446 I Finsky  : [4408] com.google.android.finsky.bn.an.run(6): Stats for Executor: Db-scheduler com.google.android.finsky.bn.ao@2f12aea[Running, pool size = 0, active threads = 0, queued tasks = 0, completed tasks = 27]
01-10 16:20:30.203 29432 29446 I Finsky  : [4408] com.google.android.finsky.bn.an.run(6): Stats for Executor: InstallQueueDatabaseManager com.google.android.finsky.bn.ao@6bec1db[Running, pool size = 0, active threads = 0, queued tasks = 0, completed tasks = 12]
01-10 16:20:31.163  3757  4458 D WifiStateMachine: Current network is: "wilkinson2.4" , ID is: 30
01-10 16:20:31.163  3757  4458 I WifiStateMachine: IMS calling, current network is always qualified
01-10 16:20:31.591  8950  8973 D UE4     : Used memory: 221684
01-10 16:20:31.837  5689  5689 D io_stats: !@   8,0 r 1606604 49451216 w 1543197 35785584 d 242713 19429284 f 415686 415570 iot 2519920 1385421 th 61440 61440 43080 pt 9550 inp 0 0 133728.529
01-10 16:20:31.892  3757  4398 D InputReader: Input event(3): value=1 when=133728584083000
01-10 16:20:31.893  3757  4398 D InputReader: Input event(3): value=1 when=133728584083000
01-10 16:20:31.896  3757  4398 I InputReader: Touch event's action is 0x0 (deviceType=0) [pCnt=1, s=0.13772 ] when=133728584083000
01-10 16:20:31.900  3757  4397 I InputDispatcher: Delivering touch to (8950): action: 0x0, toolType: 1
01-10 16:20:31.903  8950  8971 V threaded_app: New input event: type=2
01-10 16:20:31.906  8950  8950 D ViewRootImpl@e972267[GameActivity]: ViewPostImeInputStage processPointer 0
01-10 16:20:31.911  8950  8950 W System  : ClassLoader referenced unknown path: /system/framework/QPerformance.jar
01-10 16:20:31.915  8950  8950 E BoostFramework: BoostFramework() : Exception_1 = java.lang.ClassNotFoundException: Didn't find class "com.qualcomm.qti.Performance" on path: DexPathList[[],nativeLibraryDirectories=[/system/lib, /vendor/lib]]
01-10 16:20:31.916  8950  8950 V BoostFramework: BoostFramework() : mPerf = null
01-10 16:20:31.934  8950  8971 V threaded_app: New input event: type=2
01-10 16:20:31.943  8950  8971 V threaded_app: New input event: type=2
01-10 16:20:31.959  8950  8971 V threaded_app: New input event: type=2
01-10 16:20:31.974  8950  8971 V threaded_app: New input event: type=2
01-10 16:20:31.990  3757  4398 I InputReader: Touch event's action (MT) is 0x105 (deviceType=0) [pCnt=2, s=0.13772 1.13773 ] when=133728682671000
01-10 16:20:31.992  3757  4397 I InputDispatcher: Delivering touch to (8950): action: 0x105, toolType: 1
01-10 16:20:31.996  8950  8971 V threaded_app: New input event: type=2
01-10 16:20:32.009  8950  8971 V threaded_app: New input event: type=2
01-10 16:20:32.010  8950  8971 V threaded_app: New input event: type=2
01-10 16:20:32.025  8950  8971 V threaded_app: New input event: type=2
01-10 16:20:32.042  8950  8971 V threaded_app: New input event: type=2
01-10 16:20:32.060  8950  8971 V threaded_app: New input event: type=2
01-10 16:20:32.074  8950  8971 V threaded_app: New input event: type=2
01-10 16:20:32.077  3757  4398 I InputReader: Touch event's action (MT) is 0x106 (deviceType=0) [pCnt=2, s=0.13772 ] when=133728769191000
01-10 16:20:32.077  3757  4397 I InputDispatcher: Delivering touch to (8950): action: 0x106, toolType: 1
01-10 16:20:32.078  8950  8971 V threaded_app: New input event: type=2
01-10 16:20:32.093  8950  8971 V threaded_app: New input event: type=2
01-10 16:20:32.113  8950  8971 V threaded_app: New input event: type=2
01-10 16:20:32.126  8950  8971 V threaded_app: New input event: type=2
01-10 16:20:32.142  8950  8971 V threaded_app: New input event: type=2
01-10 16:20:32.158  8950  8971 V threaded_app: New input event: type=2
01-10 16:20:32.178  8950  8971 V threaded_app: New input event: type=2
01-10 16:20:32.193  8950  8971 V threaded_app: New input event: type=2
01-10 16:20:32.211  8950  8971 V threaded_app: New input event: type=2
01-10 16:20:32.249  3757  4398 D InputReader: Input event(3): value=0 when=133728942044000
01-10 16:20:32.249  3757  4398 D InputReader: Input event(3): value=0 when=133728942044000
01-10 16:20:32.250  3757  4398 I InputReader: Touch event's action is 0x1 (deviceType=0) [pCnt=1, s=] when=133728942044000
01-10 16:20:32.250  3757  4397 I InputDispatcher: Delivering touch to (8950): action: 0x1, toolType: 1
01-10 16:20:32.251  8950  8971 V threaded_app: New input event: type=2
01-10 16:20:32.255  8950  8950 D ViewRootImpl@e972267[GameActivity]: ViewPostImeInputStage processPointer 1
01-10 16:20:32.805  3757  4354 D SamsungAlarmManager: Expired : 8
01-10 16:20:32.805  3757  4354 I SamsungAlarmManager: setLocked to kernel - T:3 / 20190110T162100, SetElapsed=355898317, nowELAPSED=355871122
01-10 16:20:32.806  3757  4354 V SamsungAlarmManager: Sending to uid : 10059 action=null alarm=Alarm{5d4a57b type 3 when 355871122 com.asurion.android.verizon.vms}
01-10 16:20:32.816  3757  4354 D CompatibilityInfo: mCompatibilityFlags - 0
01-10 16:20:32.816  3757  4354 D CompatibilityInfo: applicationDensity - 420
01-10 16:20:32.816  3757  4354 D CompatibilityInfo: applicationScale - 1.0
01-10 16:20:32.825  3757  4398 D InputReader: Input event(3): value=1 when=133729517235000
01-10 16:20:32.825  3757  4398 D InputReader: Input event(3): value=1 when=133729517235000
01-10 16:20:32.825  3757  4398 I InputReader: Touch event's action is 0x0 (deviceType=0) [pCnt=1, s=0.13774 ] when=133729517235000
01-10 16:20:32.826  3757  4397 I InputDispatcher: Delivering touch to (8950): action: 0x0, toolType: 1
01-10 16:20:32.830  8950  8971 V threaded_app: New input event: type=2
01-10 16:20:32.831  8950  8950 D ViewRootImpl@e972267[GameActivity]: ViewPostImeInputStage processPointer 0
01-10 16:20:32.844  8950  8971 V threaded_app: New input event: type=2
01-10 16:20:32.850  3757 10496 D SamsungAlarmManager: setExact Intent (T:3/F:5/AC:false) 20190110T162037 - CU:10059/CP:15240
01-10 16:20:32.851  3757 10496 I SamsungAlarmManager: setLocked to kernel - T:3 / 20190110T162037, SetElapsed=355876155, nowELAPSED=355871168
01-10 16:20:32.860  8950  8971 V threaded_app: New input event: type=2
01-10 16:20:32.877  8950  8971 V threaded_app: New input event: type=2
01-10 16:20:32.894  8950  8971 V threaded_app: New input event: type=2
01-10 16:20:32.910  8950  8971 V threaded_app: New input event: type=2
01-10 16:20:32.927  8950  8971 V threaded_app: New input event: type=2
01-10 16:20:32.944  8950  8971 V threaded_app: New input event: type=2
01-10 16:20:32.959  8950  8971 V threaded_app: New input event: type=2
01-10 16:20:32.979  8950  8971 V threaded_app: New input event: type=2
01-10 16:20:32.994  8950  8971 V threaded_app: New input event: type=2
01-10 16:20:33.010  8950  8971 V threaded_app: New input event: type=2
01-10 16:20:33.027  8950  8971 V threaded_app: New input event: type=2
01-10 16:20:33.046  8950  8971 V threaded_app: New input event: type=2
01-10 16:20:33.062  8950  8971 V threaded_app: New input event: type=2
01-10 16:20:33.080  8950  8971 V threaded_app: New input event: type=2
01-10 16:20:33.095  8950  8971 V threaded_app: New input event: type=2
01-10 16:20:33.127  8950  8971 V threaded_app: New input event: type=2
01-10 16:20:33.194  8950  8971 V threaded_app: New input event: type=2
01-10 16:20:33.233  8950  8971 V threaded_app: New input event: type=2
01-10 16:20:33.247  8950  8971 V threaded_app: New input event: type=2
01-10 16:20:33.261  8950  8971 V threaded_app: New input event: type=2
01-10 16:20:33.280  8950  8971 V threaded_app: New input event: type=2
01-10 16:20:33.294  8950  8971 V threaded_app: New input event: type=2
01-10 16:20:33.306  3227  3261 D Sensorhubs: readContextData: 1, 1, 7, 0
01-10 16:20:33.309  3757  4361 D SensorHubManager: onGetSensorHubDataLocked: library(4) = 1, 1, 7, 0
01-10 16:20:33.313  3757  4360 D CAE     : onGetSensorHubData(SensorHubParserProvider.java:94) - onGetSensorHubData Event [event buffer len :4], AP_WAKEUP
01-10 16:20:33.315  8950  8971 V threaded_app: New input event: type=2
01-10 16:20:33.316  3757  4360 I CAE     : parse(SensorHubParserProvider.java:196) - buffer size = 4
01-10 16:20:33.317  3757  4360 I CAE     : parse(SensorHubParserProvider.java:207) - 1, 1, 7, 0,
01-10 16:20:33.318  3757  4360 D CAE     : display(ContextProvider.java:375) - ================= AUTO_ROTATION =================
01-10 16:20:33.318  3757  4360 I CAE     : display(ContextProvider.java:391) - Angle=[0]
01-10 16:20:33.320  3757  4364 D SemContextService: updateContext() : event = Auto Rotation
01-10 16:20:33.320  3757  3757 D SemContextManager: onSemContextChanged() : event = Auto Rotation Angle : 0
01-10 16:20:33.321  3757  3757 D SContextManager: onSContextChanged() : event = Auto Rotation Angle : 0
01-10 16:20:33.322  3757  3757 D WindowOrientationListener: ignoring, touching
01-10 16:20:33.322  3757  3757 V WindowOrientationListener: OrientationSensorJudge.onSContextChanged, Rotation: -1
01-10 16:20:33.328  8950  8971 V threaded_app: New input event: type=2
01-10 16:20:33.344  8950  8971 V threaded_app: New input event: type=2
01-10 16:20:33.356  3757  4398 D InputReader: Input event(3): value=0 when=133730048766000
01-10 16:20:33.356  3757  4398 D InputReader: Input event(3): value=0 when=133730048766000
01-10 16:20:33.356  3757  4398 I InputReader: Touch event's action is 0x1 (deviceType=0) [pCnt=1, s=] when=133730048766000
01-10 16:20:33.357  3757  4397 I InputDispatcher: Delivering touch to (8950): action: 0x1, toolType: 1
01-10 16:20:33.358  8950  8971 V threaded_app: New input event: type=2
01-10 16:20:33.362  8950  8950 D ViewRootImpl@e972267[GameActivity]: ViewPostImeInputStage processPointer 1
01-10 16:20:33.860  3757  3775 V WindowOrientationListener: OrientationSensorJudge.getProposedRotation, Rotation: 0
01-10 16:20:33.860  3757  3775 V WindowOrientationListener: OrientationSensorJudge.getProposedRotation, Rotation: 0
01-10 16:20:33.860  3757  3775 V WindowManager: rotationForOrientationLw(orient=1, last=0); user=0  sensorRotation=0 mLidState=-1 mDockMode=0 mHdmiPlugged=false
01-10 16:20:34.073  4616  4823 D NetworkController.MobileSignalController(0/1): onSignalStrengthsChanged signalStrength=SignalStrength: 99 99 -120 -160 -120 -1 -1 14 -121 -17 -46 2147483647 2147483647 0x1000 gsm|lte level=1
01-10 16:20:34.079  4616  4823 D NetworkController.MobileSignalController(0/1): getMobileIconGroup(): 13
01-10 16:20:34.079  4616  4823 D NetworkController.MobileSignalController(0/1): updateVZWMobileIconGroup(): 13
01-10 16:20:34.083  5035  5670 D EPDG -- [SMARTWIFI]: onSignalStrengthsChanged: Received signal strength change, phone type is: 2
01-10 16:20:34.083  5035  6446 D EPDG -- [SMARTWIFI]: lastLteRSRP is -120currentLteRSRP is -121
01-10 16:20:34.083  5035  6446 D EPDG -- [SMARTWIFI]: lastLteRSRQ is -17currentLteRSRQ is -17
01-10 16:20:34.083  5035  6446 D EPDG -- [SMARTWIFI]: lastCdmaDb is -16currentCdmaDb is -16
01-10 16:20:34.083  5035  6446 V EPDG -- [SMARTWIFI]: Radio oldest entry removed
01-10 16:20:34.083  5035  6446 V EPDG -- [SMARTWIFI]: New entry : (SignalStrength: 99 99 -120 -160 -120 -1 -1 14 -121 -17 -46 2147483647 2147483647 0x1000 gsm|lte : 0 )
01-10 16:20:34.083  5035  6446 V EPDG -- [SMARTWIFI]: Radio entry added
01-10 16:20:34.090  5035  5670 D EPDG -- [SMARTWIFI]: onSignalStrengthsChanged: Received signal strength change, phone type is: 2
01-10 16:20:34.091  5035  6446 D EPDG -- [SMARTWIFI]: lastLteRSRP is -121currentLteRSRP is -121
01-10 16:20:34.091  5035  6446 D EPDG -- [SMARTWIFI]: lastLteRSRQ is -17currentLteRSRQ is -17
01-10 16:20:34.091  5035  6446 D EPDG -- [SMARTWIFI]: lastCdmaDb is -16currentCdmaDb is -16
01-10 16:20:34.091  5035  6446 V EPDG -- [SMARTWIFI]: Radio oldest entry removed
01-10 16:20:34.091  5035  6446 V EPDG -- [SMARTWIFI]: New entry : (SignalStrength: 99 99 -120 -160 -120 -1 -1 14 -121 -17 -46 2147483647 2147483647 0x1000 gsm|lte : 0 )
01-10 16:20:34.091  5035  6446 V EPDG -- [SMARTWIFI]: Radio entry added
01-10 16:20:34.106  4616  4823 D NetworkController.MobileSignalController(0/1): callState:0, callStateByPhone:false voLTECall:false voiceNetTpe:13 dataNetType:13, ine911:false, emergencyCallbackMode:false
01-10 16:20:34.130  4616  4823 D NetworkController.MobileSignalController(0/1): onSignalStrengthsChanged signalStrength=SignalStrength: 99 99 -120 -160 -120 -1 -1 14 -121 -17 -46 2147483647 2147483647 0x1000 gsm|lte level=1
01-10 16:20:34.131  4616  4823 D NetworkController.MobileSignalController(0/1): getMobileIconGroup(): 13
01-10 16:20:34.131  4616  4823 D NetworkController.MobileSignalController(0/1): updateVZWMobileIconGroup(): 13
01-10 16:20:34.139  4616  4823 D NetworkController.MobileSignalController(0/1): callState:0, callStateByPhone:false voLTECall:false voiceNetTpe:13 dataNetType:13, ine911:false, emergencyCallbackMode:false
01-10 16:20:34.185  3757  4458 D WifiStateMachine: Current network is: "wilkinson2.4" , ID is: 30
01-10 16:20:34.185  3757  4458 I WifiStateMachine: IMS calling, current network is always qualified
01-10 16:20:36.833  4616  4823 D NetworkController.MobileSignalController(0/1): onSignalStrengthsChanged signalStrength=SignalStrength: 99 99 -120 -160 -120 -1 -1 14 -121 -17 -46 2147483647 2147483647 0x1000 gsm|lte level=1
01-10 16:20:36.834  4616  4823 D NetworkController.MobileSignalController(0/1): getMobileIconGroup(): 13
01-10 16:20:36.834  4616  4823 D NetworkController.MobileSignalController(0/1): updateVZWMobileIconGroup(): 13
01-10 16:20:36.841  5689  5689 D io_stats: !@   8,0 r 1606604 49451216 w 1543219 35785720 d 242713 19429284 f 415711 415595 iot 2519980 1385429 th 61440 61440 43080 pt 9550 inp 0 0 133733.533
01-10 16:20:36.844  5035  5670 D EPDG -- [SMARTWIFI]: onSignalStrengthsChanged: Received signal strength change, phone type is: 2
01-10 16:20:36.845  5035  6446 D EPDG -- [SMARTWIFI]: lastLteRSRP is -121currentLteRSRP is -121
01-10 16:20:36.845  5035  6446 D EPDG -- [SMARTWIFI]: lastLteRSRQ is -17currentLteRSRQ is -17
01-10 16:20:36.845  5035  6446 D EPDG -- [SMARTWIFI]: lastCdmaDb is -16currentCdmaDb is -16
01-10 16:20:36.845  5035  6446 V EPDG -- [SMARTWIFI]: Radio oldest entry removed
01-10 16:20:36.845  5035  6446 V EPDG -- [SMARTWIFI]: New entry : (SignalStrength: 99 99 -120 -160 -120 -1 -1 14 -121 -17 -46 2147483647 2147483647 0x1000 gsm|lte : 0 )
01-10 16:20:36.845  5035  6446 V EPDG -- [SMARTWIFI]: Radio entry added
01-10 16:20:36.849  4616  4823 D NetworkController.MobileSignalController(0/1): callState:0, callStateByPhone:false voLTECall:false voiceNetTpe:13 dataNetType:13, ine911:false, emergencyCallbackMode:false
01-10 16:20:36.859  5035  6445 D EPDG -- [MODEM]: message length is  9
01-10 16:20:36.860  5035  6445 D EPDG -- [MODEM]: countRead is 7 offset is 7remaining is 0
01-10 16:20:36.860  5035  6445 D EPDG -- EpdgIpcMessageFactory: ipcMainCmd: 8
01-10 16:20:36.860  5035  6445 D EPDG -- [UTILS]: isUSerBinary: true
01-10 16:20:36.861  5035  6445 D EPDG -- [RILRECEIVER]: [Rx]: Main: IPC_NET_CMD Sub: IPC_NET_REGIST
01-10 16:20:36.861  5035  6445 D EPDG -- [RILRECEIVER]: [Rx]: Param: FF 03 
01-10 16:20:36.861  5035  6445 I EPDG -- [RILRECEIVER]: RX [NET_REGIST] -- RESPONSE -- EPDG AVAILABLE
01-10 16:20:36.861  5035  6445 D EPDG -- [NETIPCMESSAGE]: encodeNetRegist
01-10 16:20:36.861  5035  6445 D EPDG -- [UTILS]: isUSerBinary: true
01-10 16:20:36.864  5035  6445 D EPDG -- [IPCDISPATCHER]: [Tx]: Main: IPC_NET_CMD Sub: IPC_NET_REGIST Cmd Type: IPC_CMD_RESP
01-10 16:20:36.864  5035  6445 D EPDG -- [IPCDISPATCHER]: [Tx]: Param: 30 03 02 00 00 00 00 00 00 00 00 00 00 
01-10 16:20:36.864  5035  6445 D EPDG -- [MODEM]: EpdgModem instance already exists !
01-10 16:20:36.864  5035  5670 D EPDG -- [EPDGService]: Event received: RIL_EPDG_STATUS_QUERY
01-10 16:20:36.865  5035  6442 D EPDG -- [MODEM]: Successfully written to RIL
01-10 16:20:36.865  5035  5670 D EPDG -- [EPDGService]: handleMessage: cid - 2
01-10 16:20:36.895  5035  6445 D EPDG -- [MODEM]: message length is  9
01-10 16:20:36.895  5035  6445 D EPDG -- [MODEM]: countRead is 7 offset is 7remaining is 0
01-10 16:20:36.895  5035  6445 D EPDG -- EpdgIpcMessageFactory: ipcMainCmd: 8
01-10 16:20:36.895  5035  6445 D EPDG -- [UTILS]: isUSerBinary: true
01-10 16:20:36.895  5035  6445 D EPDG -- [RILRECEIVER]: [Rx]: Main: IPC_NET_CMD Sub: IPC_NET_REGIST
01-10 16:20:36.895  5035  6445 D EPDG -- [RILRECEIVER]: [Rx]: Param: FF 03 
01-10 16:20:36.895  5035  6445 I EPDG -- [RILRECEIVER]: RX [NET_REGIST] -- RESPONSE -- EPDG AVAILABLE
01-10 16:20:36.895  5035  6445 D EPDG -- [NETIPCMESSAGE]: encodeNetRegist
01-10 16:20:36.895  5035  6445 D EPDG -- [UTILS]: isUSerBinary: true
01-10 16:20:36.896  5035  6445 D EPDG -- [IPCDISPATCHER]: [Tx]: Main: IPC_NET_CMD Sub: IPC_NET_REGIST Cmd Type: IPC_CMD_RESP
01-10 16:20:36.897  5035  6445 D EPDG -- [IPCDISPATCHER]: [Tx]: Param: 30 03 02 00 00 00 00 00 00 00 00 00 00 
01-10 16:20:36.898  5035  6445 D EPDG -- [MODEM]: EpdgModem instance already exists !
01-10 16:20:36.898  5035  5670 D EPDG -- [EPDGService]: Event received: RIL_EPDG_STATUS_QUERY
01-10 16:20:36.898  5035  6442 D EPDG -- [MODEM]: Successfully written to RIL
01-10 16:20:36.898  5035  5670 D EPDG -- [EPDGService]: handleMessage: cid - 2
01-10 16:20:36.938  5010  5010 D PdnController: onCellLocationChanged:
01-10 16:20:36.939  5010  5010 D RegiMgrBase: onCellLocationChanged:
01-10 16:20:36.939  5010  5010 D VolteServiceModule: onCellLocationChanged:
01-10 16:20:36.939  5010  5302 D RegiMgrBase: handleMessage: EVENT_CELL_LOCATION_CHANGED
01-10 16:20:36.940  4616  4823 D NetworkController.MobileSignalController(0/1): onCellLocationChanged
01-10 16:20:36.941  5010  5302 D PaniGenerator: generate: network=13, fallbackPlmn=311480
01-10 16:20:36.946  3757  4986 D SLocation: onCellLocationChanged 1 / 0
01-10 16:20:36.953  5010  5302 D PaniGenerator: Don't use getDataPlmn if not in CS:1x and PS:LTE
01-10 16:20:36.956  3757  4986 D TelephonyManager: getAllCellInfo : Caller (PID / UID / TID): 3757 / 1000 / 4986
01-10 16:20:36.958  3757  6777 D TelephonyManager: getCellLocation : Caller (PID / UID / TID): 3757 / 1000 / 6777
01-10 16:20:36.959  5010  5302 D PaniGenerator: generate: change to NW PLMN(311480)
01-10 16:20:36.960  5010  5302 D TelephonyManager: getCellLocation : Caller (PID / UID / TID): 5010 / 1000 / 5302
01-10 16:20:36.973  5010  5302 D TelephonyManager: getCellLocation : Caller (PID / UID / TID): 5010 / 1000 / 5302
01-10 16:20:36.980  3757  4986 D SLocation: cellList : 5
01-10 16:20:36.981  5010  5302 D TelephonyManager: getCellLocation : Caller (PID / UID / TID): 5010 / 1000 / 5302
01-10 16:20:36.989  3757  4986 W SLocation: handleEvent EXIT : currentDirection 1
01-10 16:20:36.989  3757  4986 D SLocation: geofence id (2) detected : 2
01-10 16:20:36.993  3757  3757 D WifiStateMachine: BroadcastReceiver - WIFI_INTENT_ACTION_GEOFENCE_TRIGGERED : id [2], direction [2]
01-10 16:20:36.995  3757  4986 W SLocation: handleEvent EXIT : currentDirection 2
01-10 16:20:36.997  3757  3757 D WifiStateMachine: isGeofenceExit : return false
01-10 16:20:36.999  3757  4986 W SLocation: handleEvent EXIT : currentDirection 2
01-10 16:20:37.001  3757  3757 D WifiStateMachine: sendBroadcastForInOutRange() - state : 1 getNetworkType() : 13
01-10 16:20:37.002  5010  5873 D ImsSettingsProvider: insert at content://com.sec.ims.settings/debugconfig
01-10 16:20:37.002  5010  5873 D ImsSettingsProvider: match 21
01-10 16:20:37.003  3757  4986 W SLocation: handleEvent EXIT : currentDirection 2
01-10 16:20:37.007  3757  4986 W SLocation: handleEvent EXIT : currentDirection 2
01-10 16:20:37.011  3757  3757 D SLocation: PendingIntent onSendFinished id:2
01-10 16:20:37.011  3757  4986 W SLocation: handleEvent EXIT : currentDirection 2
01-10 16:20:37.013  5010  5873 D ImsSettingsProvider: insert : caller id : 5010, name : com.sec.imsservice
01-10 16:20:37.013  5010  5873 D DebugConfigStorage: insert()
01-10 16:20:37.014  3757  4986 W SLocation: handleEvent EXIT : currentDirection 2
01-10 16:20:37.015  3757  4986 W SLocation: handleEvent EXIT : currentDirection 2
01-10 16:20:37.022  3757  4986 W SLocation: handleEvent EXIT : currentDirection 2
01-10 16:20:37.024  3757  4986 W SLocation: handleEvent EXIT : currentDirection 2
01-10 16:20:37.026  3757  4986 W SLocation: handleEvent EXIT : currentDirection 2
01-10 16:20:37.028  3757  4986 W SLocation: handleEvent EXIT : currentDirection 1
01-10 16:20:37.028  3757  4986 D SLocation: geofence id (17) detected : 2
01-10 16:20:37.029  5010  5873 D ImsSettingsProvider: match 21
01-10 16:20:37.030  5010  5873 D ImsSettingsProvider: query Uri[content://com.sec.ims.settings/debugconfig], selection [null]
01-10 16:20:37.030  5010  5873 D DebugConfigStorage: query()
01-10 16:20:37.030  3757  3757 D WifiStateMachine: BroadcastReceiver - WIFI_INTENT_ACTION_GEOFENCE_TRIGGERED : id [17], direction [2]
01-10 16:20:37.030  5010  5873 D StackIF : updatePani: 12295 pani: [3GPP-E-UTRAN-FDD;utran-cell-id-3gpp=311480ae072a92e0c]
01-10 16:20:37.032  5010  5875 D StackIF.Sender: handleMessage: what 1
01-10 16:20:37.032  5010  5875 D SECIMSJ : [3911]> REQUEST_UPDATE_PANI
01-10 16:20:37.032  3757  3757 D WifiStateMachine: isGeofenceExit : return false
01-10 16:20:37.033  3232  3355 E [IMS6.0]: ImsEventLoop: select (1), errno (11)
01-10 16:20:37.033  3232  3355 I [IMS6.0]: DispatchUpdatePani()
01-10 16:20:37.034  3232  3358 E [IMS6.0]: IMS_onResponse() Resp Id:600
01-10 16:20:37.034  3232  3358 I [IMS6.0]: ResponseGeneralResponse()
01-10 16:20:37.034  3232  3358 I [IMS6.0]: ResponseGeneralResponse() handle:3007
01-10 16:20:37.034  5010  5876 D SECIMSJ : [3911]< REQUEST_UPDATE_PANI
01-10 16:20:37.034  5010  5876 D StackIF : processResponse: reqId 84
01-10 16:20:37.035  5010  5876 D StackIF : processResponse: handle 12295 result REQUEST_SUCCESS reason REASON_NO_ERROR
01-10 16:20:37.036  3757  4986 W SLocation: handleEvent EXIT : currentDirection 2
01-10 16:20:37.037  3757  3757 D WifiStateMachine: sendBroadcastForInOutRange() - state : 1 getNetworkType() : 13
01-10 16:20:37.040  3757  4986 W SLocation: handleEvent EXIT : currentDirection 2
01-10 16:20:37.043  3757  4986 W SLocation: handleEvent EXIT : currentDirection 2
01-10 16:20:37.044  3757  3757 D SLocation: PendingIntent onSendFinished id:17
01-10 16:20:37.044  3757  4986 W SLocation: handleEvent EXIT : currentDirection 2
01-10 16:20:37.047  3757  4986 W SLocation: handleEvent EXIT : currentDirection 2
01-10 16:20:37.090  3757  4986 W SLocation: handleEvent EXIT : currentDirection 1
01-10 16:20:37.090  3757  4986 D SLocation: geofence id (9) detected : 2
01-10 16:20:37.091  3757  3757 D WifiStateMachine: BroadcastReceiver - WIFI_INTENT_ACTION_GEOFENCE_TRIGGERED : id [9], direction [2]
01-10 16:20:37.092  3757  4986 W SLocation: handleEvent EXIT : currentDirection 2
01-10 16:20:37.092  3757  3757 D WifiStateMachine: isGeofenceExit : return false
01-10 16:20:37.093  3757  4986 W SLocation: handleEvent ENTER : currentDirection 1
01-10 16:20:37.093  3757  3757 D WifiStateMachine: sendBroadcastForInOutRange() - state : 1 getNetworkType() : 13
01-10 16:20:37.099  3757  3757 D SLocation: PendingIntent onSendFinished id:9
01-10 16:20:37.138  3757  4986 W SLocation: handleEvent EXIT : currentDirection 2
01-10 16:20:37.139  3757  4986 W SLocation: handleEvent EXIT : currentDirection 2
01-10 16:20:37.140  3757  4986 W SLocation: handleEvent EXIT : currentDirection 2
01-10 16:20:37.141  3757  4986 W SLocation: handleEvent EXIT : currentDirection 2
01-10 16:20:37.142  3757  4986 W SLocation: handleEvent EXIT : currentDirection 2
01-10 16:20:37.145  3757  4986 W SLocation: handleEvent EXIT : currentDirection 1
01-10 16:20:37.145  3757  4986 D SLocation: geofence id (19) detected : 2
01-10 16:20:37.147  3757  3757 D WifiStateMachine: BroadcastReceiver - WIFI_INTENT_ACTION_GEOFENCE_TRIGGERED : id [19], direction [2]
01-10 16:20:37.148  3757  3757 D WifiStateMachine: isGeofenceExit : return false
01-10 16:20:37.150  3757  3757 D WifiStateMachine: sendBroadcastForInOutRange() - state : 1 getNetworkType() : 13
01-10 16:20:37.157  3757  3757 D SLocation: PendingIntent onSendFinished id:19
01-10 16:20:37.199  3757  4458 D WifiStateMachine: Current network is: "wilkinson2.4" , ID is: 30
01-10 16:20:37.199  3757  4458 I WifiStateMachine: IMS calling, current network is always qualified
01-10 16:20:37.637  3757 29841 D BatteryService: !@BatteryListener : batteryPropertiesChanged!
01-10 16:20:37.638  3757 29841 D BatteryService: level:41, scale:100, status:2, health:2, present:true, voltage: 3921, temperature: 284, technology: Li-ion, AC powered:false, USB powered:true, POGO powered:false, Wireless powered:false, icon:17303694, invalid charger:0, maxChargingCurrent:0, maxChargingVoltage:0, chargeCounter:0
01-10 16:20:37.638  3757 29841 D BatteryService: online:6, current avg:434, charge type:1, power sharing:false, high voltage charger:false, capacity:280000, batterySWSelfDischarging:false, misc_event:0, current_now:560
01-10 16:20:37.638  3757  3757 D BatteryService: Sending ACTION_BATTERY_CHANGED.
01-10 16:20:37.641  3757  9599 D SSRM:t  : SIOP:: AP = 440, PST = 396 (W:12), CP = 261, CUR = 694, LCD = 75
01-10 16:20:37.643  3757  3757 V UiModeManager: updateLocked: null action, mDockState=0, category=null
01-10 16:20:37.643  3757  3757 D UiModeManager: updateConfigurationLocked: mDockState=0; mCarMode=false; mNightMode=1; uiMode=17
01-10 16:20:37.643  3757  9599 D ConnectivityService: filterNetworkStateForUid() uid: 1000 networkInfo: [type: WIFI[] - WIFI, state: CONNECTED/CONNECTED, reason: (unspecified), extra: "wilkinson2.4", failover: false, available: true, roaming: false, metered: false]
01-10 16:20:37.644  3757  3757 D GameManagerService: new battery level: 41
01-10 16:20:37.647  4616  4616 D KeyguardUpdateMonitor: received broadcast android.intent.action.BATTERY_CHANGED
01-10 16:20:37.647  4616  4616 D KeyguardUpdateMonitor: handleBatteryUpdate
01-10 16:20:37.656  4616  4616 D PowerUI : priorPlugType = 2 mPlugType =  2
01-10 16:20:37.659  4616  4616 D PowerUI.Notification: showChargingNotice oldChargingType : 1 currentChargingType : 1 oldChargingTime : 7037000 mChargingTime : 7026000
01-10 16:20:37.659  4616  4616 D PowerUI.Notification: showChargingNotification()
01-10 16:20:37.661  5024  5024 D PhoneApp: PhoneAppBroadcastReceiver onReceive android.intent.action.BATTERY_CHANGED
01-10 16:20:37.661  5024  5024 D TelephonyExtensionManager: lowBatterySound - isLowBatterySoundScheduled: false
01-10 16:20:37.661  5024  5024 D TelephonyExtensionManager: lowBatterySound - isPlayNow: false
01-10 16:20:37.662  5024  5024 D TelephonyExtensionManager: isSpeakerON - true
01-10 16:20:37.677  8950  8950 D UE4     : Battery: status = 2, rawlevel = 41, scale = 100
01-10 16:20:37.677  8950  8950 D UE4     : nativeBatteryEvent(stat = 2, lvl = 41  temp = 28.40 C)
01-10 16:20:37.681  5024  5024 D TelephonyExtensionManager: lowBatterySound - batteryStatus: 2
01-10 16:20:37.681  5024  5024 D TelephonyExtensionManager: lowBatterySound - batteryLevel: 41
01-10 16:20:37.681  5024  5024 D TelephonyExtensionManager: lowBatterySound - cancel
01-10 16:20:37.682  3757 32084 D SamsungAlarmManager: Cancel Alarm calling from uid:1001 pid :5024 / op:PendingIntent{9dc48f3: PendingIntentRecord{a412ba9 com.android.phone broadcastIntent}}
01-10 16:20:37.683  3757  4469 D ApplicationPolicy: isStatusBarNotificationAllowedAsUser: packageName = com.android.systemui,userId = -1
01-10 16:20:37.684  5024  5024 D TelephonyExtension: Not stopping low battery tone
01-10 16:20:37.688  4616  4616 D BatteryMeterDrawable: isSomethingChanged - false
01-10 16:20:37.688  4616  4616 D BatteryMeterDrawable: isSomethingChanged - false
01-10 16:20:37.695  4616  4616 D Tile.FlashlightTile: ACTION_BATTERY_CHANGED - Level :: 41, emEnabled :: false
01-10 16:20:37.747  4616  4616 D KeyguardServiceBoxContainer: updateCMAS() hasCmasNotification = false, mHasCMAS = false
01-10 16:20:37.754  3757  4499 D NotificationSQLiteLog: Pruned event entries: 123
01-10 16:20:37.838  3757  4354 D SamsungAlarmManager: Expired : 8
01-10 16:20:37.839  3757  4354 I SamsungAlarmManager: setLocked to kernel - T:3 / 20190110T162100, SetElapsed=355898317, nowELAPSED=355876156
01-10 16:20:37.840  3757  4354 V SamsungAlarmManager: Sending to uid : 10059 action=null alarm=Alarm{ff749b0 type 3 when 355876155 com.asurion.android.verizon.vms}
01-10 16:20:37.856  3757  4354 D CompatibilityInfo: mCompatibilityFlags - 0
01-10 16:20:37.856  3757  4354 D CompatibilityInfo: applicationDensity - 420
01-10 16:20:37.856  3757  4354 D CompatibilityInfo: applicationScale - 1.0
01-10 16:20:37.885  3757 29839 D SamsungAlarmManager: setExact Intent (T:3/F:5/AC:false) 20190110T162042 - CU:10059/CP:15240
01-10 16:20:37.886  3757 29839 I SamsungAlarmManager: setLocked to kernel - T:3 / 20190110T162042, SetElapsed=355881196, nowELAPSED=355876203
01-10 16:20:37.984  3757 32084 D AlarmManager: setTimeZone : America/New_York calling from uid: 1001 pid :5024
01-10 16:20:37.984  3757 32084 W SamsungAlarmManager: setTimeZone : America/New_York CU:1001/CP:5024
01-10 16:20:37.984  3757 32084 D AlarmManagerService: Kernel timezone updated to 300 minutes west of GMT
01-10 16:20:38.151  3757  4398 D InputReader: Input event(3): value=1 when=133734843203000
01-10 16:20:38.151  3757  4398 D InputReader: Input event(3): value=1 when=133734843203000
01-10 16:20:38.152  3757  4398 I InputReader: Touch event's action is 0x0 (deviceType=0) [pCnt=1, s=0.13775 ] when=133734843203000
01-10 16:20:38.154  3757  4397 I InputDispatcher: Delivering touch to (8950): action: 0x0, toolType: 1
01-10 16:20:38.158  8950  8971 V threaded_app: New input event: type=2
01-10 16:20:38.160  8950  8950 D ViewRootImpl@e972267[GameActivity]: ViewPostImeInputStage processPointer 0
01-10 16:20:38.171  8950  8971 V threaded_app: New input event: type=2
01-10 16:20:38.173  8950  8970 D UE4     : [2019.01.10-21.20.38:173][861]LogSlate: FSceneViewport::OnFocusLost() reason 0
01-10 16:20:38.189  8950  8971 V threaded_app: New input event: type=2
01-10 16:20:38.194  3757  4398 D InputReader: Input event(3): value=0 when=133734886115000
01-10 16:20:38.194  3757  4398 D InputReader: Input event(3): value=0 when=133734886115000
01-10 16:20:38.194  3757  4398 I InputReader: Touch event's action is 0x1 (deviceType=0) [pCnt=1, s=] when=133734886115000
01-10 16:20:38.194  3757  4397 I InputDispatcher: Delivering touch to (8950): action: 0x1, toolType: 1
01-10 16:20:38.197  8950  8971 V threaded_app: New input event: type=2
01-10 16:20:38.199  8950  8971 V threaded_app: New input event: type=2
01-10 16:20:38.200  8950  8950 D ViewRootImpl@e972267[GameActivity]: ViewPostImeInputStage processPointer 1
01-10 16:20:38.227  8950  9069 I libOpenSLES: Emulating old channel mask behavior (ignoring positional mask 0x3, using default mask 0x3 based on channel count of 2)
01-10 16:20:38.228  8950  9069 W AudioTrack: AUDIO_OUTPUT_FLAG_FAST denied by client; transfer 1, track 44100 Hz, output 48000 Hz
01-10 16:20:38.228  3237 22864 I AudioFlinger: add dynamic flag, can move to deep thread, session 46265
01-10 16:20:38.231  8950  9069 D AudioTrack: Client defaulted notificationFrames to 590 for frameCount 1772
01-10 16:20:38.233  8950  9069 I AudioTrack: This process already got info. FadeIn[0] FadeOut[0] FadeInRing[0]
01-10 16:20:38.235  3237 17217 W AudioPolicyIntefaceImpl: Skipped to add effects on session 46265
01-10 16:20:38.236  3237 17217 I APM_AudioPolicyManager: startOutput() output 21, stream 3, session 46265
01-10 16:20:38.254  3237  3477 I AudioMixer: create resampler src 44100, 2, dst 48000, 2, q 8
01-10 16:20:38.255  3237  3477 D SoundAliveResampler: [SoundAliveResampler] Init+++
01-10 16:20:38.807  8950  8970 D UE4     : [2019.01.10-21.20.38:807][890]LogUMG: Display: Widget Class Button_C - Loaded Fast Template.
01-10 16:20:38.809  8950  8970 D UE4     : [2019.01.10-21.20.38:808][890]LogUMG: Display: Widget Class ScoreCounter_C - Loaded Fast Template.
01-10 16:20:38.822  8950  8970 D UE4     : [2019.01.10-21.20.38:822][890]LogSlate: Took 0.000753 seconds to synchronously load lazily loaded font '../../../Engine/Content/EngineFonts/Faces/RobotoBold.ufont' (160K)
01-10 16:20:38.823  8950  9069 I libOpenSLES: Emulating old channel mask behavior (ignoring positional mask 0x3, using default mask 0x3 based on channel count of 2)
01-10 16:20:38.825  8950  9069 W AudioTrack: AUDIO_OUTPUT_FLAG_FAST denied by client; transfer 1, track 44100 Hz, output 48000 Hz
01-10 16:20:38.825  3237  3813 I AudioFlinger: add dynamic flag, can move to deep thread, session 46273
01-10 16:20:38.827  8950  9069 D AudioTrack: Client defaulted notificationFrames to 590 for frameCount 1772
01-10 16:20:38.828  8950  9069 I AudioTrack: This process already got info. FadeIn[0] FadeOut[0] FadeInRing[0]
01-10 16:20:38.829  3237 22864 W AudioPolicyIntefaceImpl: Skipped to add effects on session 46273
01-10 16:20:38.829  3237 22864 I APM_AudioPolicyManager: startOutput() output 21, stream 3, session 46273
01-10 16:20:38.854  3237  3477 I AudioMixer: create resampler src 44100, 2, dst 48000, 2, q 8
01-10 16:20:38.855  3237  3477 D SoundAliveResampler: [SoundAliveResampler] Init+++
01-10 16:20:38.916  3237  3352 I APM_AudioPolicyManager: stopOutput() output 21, stream 3, session 46257
01-10 16:20:39.144  8950  9298 I AudioTrack: Skip ramp
01-10 16:20:39.236  3237  3352 I APM_AudioPolicyManager: stopOutput() output 21, stream 3, session 46265
01-10 16:20:40.221  3757  4398 D InputReader: Input event(3): value=1 when=133736913257000
01-10 16:20:40.221  3757  4398 D InputReader: Input event(3): value=1 when=133736913257000
01-10 16:20:40.222  3757  4398 I InputReader: Touch event's action is 0x0 (deviceType=0) [pCnt=1, s=0.13776 ] when=133736913257000
01-10 16:20:40.222  3757  4397 I InputDispatcher: Delivering touch to (8950): action: 0x0, toolType: 1
01-10 16:20:40.225  8950  8971 V threaded_app: New input event: type=2
01-10 16:20:40.226  3757  4458 D WifiStateMachine: Current network is: "wilkinson2.4" , ID is: 30
01-10 16:20:40.226  3757  4458 I WifiStateMachine: IMS calling, current network is always qualified
01-10 16:20:40.229  8950  8950 D ViewRootImpl@e972267[GameActivity]: ViewPostImeInputStage processPointer 0
01-10 16:20:40.241  8950  8971 V threaded_app: New input event: type=2
01-10 16:20:40.243  8950  8970 D UE4     : [2019.01.10-21.20.40:243][957]LogSlate: FSceneViewport::OnFocusLost() reason 0
01-10 16:20:40.251  8950  9069 I libOpenSLES: Emulating old channel mask behavior (ignoring positional mask 0x4, using default mask 0x1 based on channel count of 1)
01-10 16:20:40.252  8950  9069 W AudioTrack: AUDIO_OUTPUT_FLAG_FAST denied by client; transfer 1, track 44100 Hz, output 48000 Hz
01-10 16:20:40.253  3237 22865 I AudioFlinger: add dynamic flag, can move to deep thread, session 46281
01-10 16:20:40.254  8950  9069 D AudioTrack: Client defaulted notificationFrames to 590 for frameCount 1772
01-10 16:20:40.255  8950  9069 I AudioTrack: This process already got info. FadeIn[0] FadeOut[0] FadeInRing[0]
01-10 16:20:40.255  3237 27701 W AudioPolicyIntefaceImpl: Skipped to add effects on session 46281
01-10 16:20:40.255  3237 27701 I APM_AudioPolicyManager: startOutput() output 21, stream 3, session 46281
01-10 16:20:40.258  8950  8971 V threaded_app: New input event: type=2
01-10 16:20:40.273  8950  8971 V threaded_app: New input event: type=2
01-10 16:20:40.276  3237  3477 I AudioMixer: create resampler src 44100, 1, dst 48000, 1, q 8
01-10 16:20:40.277  3237  3477 D SoundAliveResampler: [SoundAliveResampler] Init+++
01-10 16:20:40.290  8950  8971 V threaded_app: New input event: type=2
01-10 16:20:40.296  3757  4398 D InputReader: Input event(3): value=0 when=133736988098000
01-10 16:20:40.296  3757  4398 D InputReader: Input event(3): value=0 when=133736988098000
01-10 16:20:40.296  3757  4398 I InputReader: Touch event's action is 0x1 (deviceType=0) [pCnt=1, s=] when=133736988098000
01-10 16:20:40.296  3757  4397 I InputDispatcher: Delivering touch to (8950): action: 0x1, toolType: 1
01-10 16:20:40.298  8950  8971 V threaded_app: New input event: type=2
01-10 16:20:40.299  8950  8971 V threaded_app: New input event: type=2
01-10 16:20:40.300  8950  8950 D ViewRootImpl@e972267[GameActivity]: ViewPostImeInputStage processPointer 1
01-10 16:20:40.599  8950  9304 I AudioTrack: Skip ramp
01-10 16:20:40.700  3237  3352 I APM_AudioPolicyManager: stopOutput() output 21, stream 3, session 46281
01-10 16:20:41.560  3757  4398 D InputReader: Input event(3): value=1 when=133738252584000
01-10 16:20:41.561  3757  4398 D InputReader: Input event(3): value=1 when=133738252584000
01-10 16:20:41.561  3757  4398 I InputReader: Touch event's action is 0x0 (deviceType=0) [pCnt=1, s=0.13777 ] when=133738252584000
01-10 16:20:41.562  3757  4397 I InputDispatcher: Delivering touch to (8950): action: 0x0, toolType: 1
01-10 16:20:41.565  8950  8971 V threaded_app: New input event: type=2
01-10 16:20:41.568  8950  8950 D ViewRootImpl@e972267[GameActivity]: ViewPostImeInputStage processPointer 0
01-10 16:20:41.592  8950  8973 D UE4     : Used memory: 222656
01-10 16:20:41.597  8950  9069 I libOpenSLES: Emulating old channel mask behavior (ignoring positional mask 0x4, using default mask 0x1 based on channel count of 1)
01-10 16:20:41.598  8950  8971 V threaded_app: New input event: type=2
01-10 16:20:41.600  8950  9069 W AudioTrack: AUDIO_OUTPUT_FLAG_FAST denied by client; transfer 1, track 44100 Hz, output 48000 Hz
01-10 16:20:41.600  3237  3812 I AudioFlinger: add dynamic flag, can move to deep thread, session 46289
01-10 16:20:41.601  8950  9069 D AudioTrack: Client defaulted notificationFrames to 590 for frameCount 1772
01-10 16:20:41.603  8950  9069 I AudioTrack: This process already got info. FadeIn[0] FadeOut[0] FadeInRing[0]
01-10 16:20:41.603  3237  8662 W AudioPolicyIntefaceImpl: Skipped to add effects on session 46289
01-10 16:20:41.603  3237  8662 I APM_AudioPolicyManager: startOutput() output 21, stream 3, session 46289
01-10 16:20:41.613  8950  8971 V threaded_app: New input event: type=2
01-10 16:20:41.618  3237  3477 I AudioMixer: create resampler src 44100, 1, dst 48000, 1, q 8
01-10 16:20:41.620  3237  3477 D SoundAliveResampler: [SoundAliveResampler] Init+++
01-10 16:20:41.627  8950  8971 V threaded_app: New input event: type=2
01-10 16:20:41.643  8950  8971 V threaded_app: New input event: type=2
01-10 16:20:41.661  8950  8971 V threaded_app: New input event: type=2
01-10 16:20:41.668  3757  4398 D InputReader: Input event(3): value=0 when=133738360489000
01-10 16:20:41.668  3757  4398 D InputReader: Input event(3): value=0 when=133738360489000
01-10 16:20:41.668  3757  4398 I InputReader: Touch event's action is 0x1 (deviceType=0) [pCnt=1, s=] when=133738360489000
01-10 16:20:41.669  3757  4397 I InputDispatcher: Delivering touch to (8950): action: 0x1, toolType: 1
01-10 16:20:41.670  8950  8971 V threaded_app: New input event: type=2
01-10 16:20:41.675  8950  8950 D ViewRootImpl@e972267[GameActivity]: ViewPostImeInputStage processPointer 1
01-10 16:20:41.701  4616  4823 D NetworkController.MobileSignalController(0/1): onSignalStrengthsChanged signalStrength=SignalStrength: 99 99 -120 -160 -120 -1 -1 14 -122 -17 -107 2147483647 2147483647 0x1000 gsm|lte level=1
01-10 16:20:41.702  4616  4823 D NetworkController.MobileSignalController(0/1): getMobileIconGroup(): 13
01-10 16:20:41.702  4616  4823 D NetworkController.MobileSignalController(0/1): updateVZWMobileIconGroup(): 13
01-10 16:20:41.707  5035  5670 D EPDG -- [SMARTWIFI]: onSignalStrengthsChanged: Received signal strength change, phone type is: 2
01-10 16:20:41.707  5035  6446 D EPDG -- [SMARTWIFI]: lastLteRSRP is -121currentLteRSRP is -122
01-10 16:20:41.708  5035  6446 D EPDG -- [SMARTWIFI]: lastLteRSRQ is -17currentLteRSRQ is -17
01-10 16:20:41.708  5035  6446 D EPDG -- [SMARTWIFI]: lastCdmaDb is -16currentCdmaDb is -16
01-10 16:20:41.708  5035  6446 V EPDG -- [SMARTWIFI]: Radio oldest entry removed
01-10 16:20:41.708  5035  6446 V EPDG -- [SMARTWIFI]: New entry : (SignalStrength: 99 99 -120 -160 -120 -1 -1 14 -122 -17 -107 2147483647 2147483647 0x1000 gsm|lte : 0 )
01-10 16:20:41.708  5035  6446 V EPDG -- [SMARTWIFI]: Radio entry added
01-10 16:20:41.710  4616  4823 D NetworkController.MobileSignalController(0/1): callState:0, callStateByPhone:false voLTECall:false voiceNetTpe:13 dataNetType:13, ine911:false, emergencyCallbackMode:false
01-10 16:20:41.839  8950  9307 I AudioTrack: Skip ramp
