01-13 13:01:56.627  3757  4398 D InputReader: Input event(3): value=0 when=210779678496000
01-13 13:01:56.627  3757  4398 D InputReader: Input event(3): value=0 when=210779678496000
01-13 13:01:56.627  3757  4398 I InputReader: Touch event's action is 0x1 (deviceType=0) [pCnt=1, s=] when=210779678496000
01-13 13:01:56.627  3757  4397 I InputDispatcher: Delivering touch to (30188): action: 0x1, toolType: 1
01-13 13:01:56.629 30188 30221 V threaded_app: New input event: type=2
01-13 13:01:56.630 30188 30221 V threaded_app: New input event: type=2
01-13 13:01:56.631 30188 30188 D ViewRootImpl@e972267[GameActivity]: ViewPostImeInputStage processPointer 1
01-13 13:01:56.697  3757 32084 D CompatibilityInfo: mCompatibilityFlags - 0
01-13 13:01:56.697  3757 32084 D CompatibilityInfo: applicationDensity - 420
01-13 13:01:56.697  3757 32084 D CompatibilityInfo: applicationScale - 1.0
01-13 13:01:56.708  3757  2858 D AudioService: getStreamVolume 3 index 90
01-13 13:01:56.712  3757  7201 D AudioService: getStreamVolume 3 index 90
01-13 13:01:56.731  3757 29840 D CompatibilityInfo: mCompatibilityFlags - 0
01-13 13:01:56.731  3757 29840 D CompatibilityInfo: applicationDensity - 420
01-13 13:01:56.731  3757 29840 D CompatibilityInfo: applicationScale - 1.0
01-13 13:01:56.880 30188 30654 I AudioTrack: Skip ramp
01-13 13:01:56.913  3757 29842 D AudioService: getStreamVolume 3 index 90
01-13 13:01:56.914  3757  7201 D AudioService: getStreamVolume 3 index 90
01-13 13:01:56.933  3757  4398 D InputReader: Input event(3): value=1 when=210779984921000
01-13 13:01:56.933  3757  4398 D InputReader: Input event(3): value=1 when=210779984921000
01-13 13:01:56.934  3757  4398 I InputReader: Touch event's action is 0x0 (deviceType=0) [pCnt=1, s=0.21675 ] when=210779984921000
01-13 13:01:56.934  3757  4397 I InputDispatcher: Delivering touch to (30188): action: 0x0, toolType: 1
01-13 13:01:56.935 30188 30221 V threaded_app: New input event: type=2
01-13 13:01:56.947 30188 30188 D ViewRootImpl@e972267[GameActivity]: ViewPostImeInputStage processPointer 0
01-13 13:01:56.951  3757  4473 D ConnectivityService: filterNetworkStateForUid() uid: 10014 networkInfo: [type: WIFI[] - WIFI, state: CONNECTED/CONNECTED, reason: (unspecified), extra: "wilkinson2.4", failover: false, available: true, roaming: false, metered: false]
01-13 13:01:56.956 30188 30220 D UE4     : [2019.01.13-18.01.56:956][268]LogUMG: Display: Widget Class NewHighScore_C - Loaded Fast Template.
01-13 13:01:56.962 30188 30220 D UE4     : [2019.01.13-18.01.56:961][268]LogOnlineLeaderboard: Display: OSS: WriteLeaderboards
01-13 13:01:56.962 30188 30220 D UE4     : [2019.01.13-18.01.56:962][268]LogOnlineLeaderboard: Display: OSS: Going through stats for leaderboard :  NormalHighScore 
01-13 13:01:56.962 30188 30220 D UE4     : [2019.01.13-18.01.56:962][268]LogOnlineLeaderboard: Display: OSS: Here's a stat
01-13 13:01:56.962 30188 30220 D UE4     : [2019.01.13-18.01.56:962][268]LogOnlineLeaderboard: Display: OSS: FOnlineLeaderboardsGooglePlay::WriteLeaderboards() Int32 value Score: 8 
01-13 13:01:56.962 30188 30220 D UE4     : [2019.01.13-18.01.56:962][268]LogOnlineLeaderboard: Display: OSS: flush leaderboards session name :GameSession
01-13 13:01:56.966 30188 30389 I libOpenSLES: Emulating old channel mask behavior (ignoring positional mask 0x3, using default mask 0x3 based on channel count of 2)
01-13 13:01:56.968 30188 30389 W AudioTrack: AUDIO_OUTPUT_FLAG_FAST denied by client; transfer 1, track 44100 Hz, output 48000 Hz
01-13 13:01:56.968  3237 22864 I AudioFlinger: add dynamic flag, can move to deep thread, session 61777
01-13 13:01:56.970 30188 30389 D AudioTrack: Client defaulted notificationFrames to 590 for frameCount 1772
01-13 13:01:56.972 30188 30389 I AudioTrack: This process already got info. FadeIn[0] FadeOut[0] FadeInRing[0]
01-13 13:01:56.972 30188 30221 V threaded_app: New input event: type=2
01-13 13:01:56.972  3237 27701 W AudioPolicyIntefaceImpl: Skipped to add effects on session 61777
01-13 13:01:56.973  3237 27701 I APM_AudioPolicyManager: startOutput() output 21, stream 3, session 61777
01-13 13:01:56.979  3237  3352 I APM_AudioPolicyManager: stopOutput() output 21, stream 3, session 61769
01-13 13:01:56.988 30188 30221 V threaded_app: New input event: type=2
01-13 13:01:57.000  3237  3477 I AudioMixer: create resampler src 44100, 2, dst 48000, 2, q 8
01-13 13:01:57.000  3237  3477 D SoundAliveResampler: [SoundAliveResampler] Init+++
01-13 13:01:57.005 30188 30221 V threaded_app: New input event: type=2
01-13 13:01:57.040 30188 30221 V threaded_app: New input event: type=2
01-13 13:01:57.056 30188 30221 V threaded_app: New input event: type=2
01-13 13:01:57.062  3757  4398 D InputReader: Input event(3): value=0 when=210780114074000
01-13 13:01:57.062  3757  4398 D InputReader: Input event(3): value=0 when=210780114074000
01-13 13:01:57.062  3757  4398 I InputReader: Touch event's action is 0x1 (deviceType=0) [pCnt=1, s=] when=210780114074000
01-13 13:01:57.062  3757  4397 I InputDispatcher: Delivering touch to (30188): action: 0x1, toolType: 1
01-13 13:01:57.063 30188 30221 V threaded_app: New input event: type=2
01-13 13:01:57.066 30188 30221 V threaded_app: New input event: type=2
01-13 13:01:57.067 30188 30188 D ViewRootImpl@e972267[GameActivity]: ViewPostImeInputStage processPointer 1
01-13 13:01:57.115  3757  4469 D AudioService: getStreamVolume 3 index 90
01-13 13:01:57.119  3757  3770 D AudioService: getStreamVolume 3 index 90
01-13 13:01:57.282  3757  7205 D AudioService: getStreamVolume 3 index 90
01-13 13:01:57.320  3757  4473 D AudioService: getStreamVolume 3 index 90
01-13 13:01:57.326  3757  4440 D AudioService: getStreamVolume 3 index 90
01-13 13:01:57.522  3757  7206 D AudioService: getStreamVolume 3 index 90
01-13 13:01:57.529  3757  7216 D AudioService: getStreamVolume 3 index 90
01-13 13:01:57.547 30188 30664 I AudioTrack: Skip ramp
01-13 13:01:57.641  3237  3352 I APM_AudioPolicyManager: stopOutput() output 21, stream 3, session 61777
01-13 13:01:57.727  3757 29838 D AudioService: getStreamVolume 3 index 90
01-13 13:01:57.733  3757  3771 D AudioService: getStreamVolume 3 index 90
01-13 13:01:57.897  7370 29393 I Icing   : Indexing com.google.android.gm-internal.3p:EmailMessage from com.google.android.gm
01-13 13:01:57.933  3757  7202 D AudioService: getStreamVolume 3 index 90
01-13 13:01:57.937  3757  5063 D AudioService: getStreamVolume 3 index 90
01-13 13:01:58.055  3757  4398 D InputReader: Input event(3): value=1 when=210781107312000
01-13 13:01:58.055  3757  4398 D InputReader: Input event(3): value=1 when=210781107312000
01-13 13:01:58.056  3757  4398 I InputReader: Touch event's action is 0x0 (deviceType=0) [pCnt=1, s=0.21676 ] when=210781107312000
01-13 13:01:58.056  3757  4397 I InputDispatcher: Delivering touch to (30188): action: 0x0, toolType: 1
01-13 13:01:58.057 30188 30221 V threaded_app: New input event: type=2
01-13 13:01:58.058 30188 30188 D ViewRootImpl@e972267[GameActivity]: ViewPostImeInputStage processPointer 0
01-13 13:01:58.073 30188 30221 V threaded_app: New input event: type=2
01-13 13:01:58.093 30188 30221 V threaded_app: New input event: type=2
01-13 13:01:58.107 30188 30221 V threaded_app: New input event: type=2
01-13 13:01:58.124 30188 30221 V threaded_app: New input event: type=2
01-13 13:01:58.135  3757  6272 D AudioService: getStreamVolume 3 index 90
01-13 13:01:58.141 30188 30221 V threaded_app: New input event: type=2
01-13 13:01:58.144  3757  7206 D AudioService: getStreamVolume 3 index 90
01-13 13:01:58.151  7370 29393 I Icing   : Indexing done com.google.android.gm-internal.3p:EmailMessage
01-13 13:01:58.159 30188 30221 V threaded_app: New input event: type=2
01-13 13:01:58.175 30188 30221 V threaded_app: New input event: type=2
01-13 13:01:58.190 30188 30221 V threaded_app: New input event: type=2
01-13 13:01:58.205  7370 29393 I Icing   : Indexing com.google.android.gm-internal.3p:EmailMessage from com.google.android.gm
01-13 13:01:58.209  3757  4398 D InputReader: Input event(3): value=0 when=210781259017000
01-13 13:01:58.209  3757  4398 D InputReader: Input event(3): value=0 when=210781259017000
01-13 13:01:58.210  3757  4398 I InputReader: Touch event's action is 0x1 (deviceType=0) [pCnt=1, s=] when=210781259017000
01-13 13:01:58.211  3757  4397 I InputDispatcher: Delivering touch to (30188): action: 0x1, toolType: 1
01-13 13:01:58.213 30188 30221 V threaded_app: New input event: type=2
01-13 13:01:58.214 30188 30221 V threaded_app: New input event: type=2
01-13 13:01:58.219 30188 30188 D ViewRootImpl@e972267[GameActivity]: ViewPostImeInputStage processPointer 1
01-13 13:01:58.234 30188 30389 I libOpenSLES: Emulating old channel mask behavior (ignoring positional mask 0x3, using default mask 0x3 based on channel count of 2)
01-13 13:01:58.236 30188 30389 W AudioTrack: AUDIO_OUTPUT_FLAG_FAST denied by client; transfer 1, track 44100 Hz, output 48000 Hz
01-13 13:01:58.236  3237  3486 I AudioFlinger: add dynamic flag, can move to deep thread, session 61785
01-13 13:01:58.238 30188 30389 D AudioTrack: Client defaulted notificationFrames to 590 for frameCount 1772
01-13 13:01:58.238 30188 30389 I AudioTrack: This process already got info. FadeIn[0] FadeOut[0] FadeInRing[0]
01-13 13:01:58.239  3237  8662 W AudioPolicyIntefaceImpl: Skipped to add effects on session 61785
01-13 13:01:58.239  3237  8662 I APM_AudioPolicyManager: startOutput() output 21, stream 3, session 61785
01-13 13:01:58.239 30188 30667 I AudioTrack: Skip ramp
01-13 13:01:58.241  3237  3477 I AudioMixer: create resampler src 44100, 2, dst 48000, 2, q 8
01-13 13:01:58.242  3237  3477 D SoundAliveResampler: [SoundAliveResampler] Init+++
01-13 13:01:58.259  7370 29393 I Icing   : Indexing done com.google.android.gm-internal.3p:EmailMessage
01-13 13:01:58.285  3757  7204 D AudioService: getStreamVolume 3 index 90
01-13 13:01:58.336  3757  5901 D AudioService: getStreamVolume 3 index 90
01-13 13:01:58.344  3757  5063 D AudioService: getStreamVolume 3 index 90
01-13 13:01:58.361  3237  3352 I APM_AudioPolicyManager: stopOutput() output 21, stream 3, session 61785
01-13 13:01:58.540  3757 10512 D AudioService: getStreamVolume 3 index 90
01-13 13:01:58.548  3757 32083 D AudioService: getStreamVolume 3 index 90
01-13 13:01:58.744  3757  5902 D AudioService: getStreamVolume 3 index 90
01-13 13:01:58.756  3757  7204 D AudioService: getStreamVolume 3 index 90
01-13 13:01:58.948  3757 29840 D AudioService: getStreamVolume 3 index 90
01-13 13:01:58.963  3757  4482 D AudioService: getStreamVolume 3 index 90
01-13 13:01:59.022  3757  4458 D WifiStateMachine: Current network is: "wilkinson2.4" , ID is: 30
01-13 13:01:59.022  3757  4458 I WifiStateMachine: IMS calling, current network is always qualified
01-13 13:01:59.153  3757 32085 D AudioService: getStreamVolume 3 index 90
01-13 13:01:59.166  3757 31269 D AudioService: getStreamVolume 3 index 90
01-13 13:01:59.180  7370 29393 I Icing   : Indexing com.google.android.gm-internal.3p:EmailMessage from com.google.android.gm
01-13 13:01:59.287  3757  5062 D AudioService: getStreamVolume 3 index 90
01-13 13:01:59.289  7370 29393 I Icing   : Indexing done com.google.android.gm-internal.3p:EmailMessage
01-13 13:01:59.335 30188 30220 D UE4     : [2019.01.13-18.01.59:335][392]LogNet: Browse: /Game/Maps/StackMap
01-13 13:01:59.352 30188 30220 D UE4     : [2019.01.13-18.01.59:352][392]LogLoad: LoadMap: /Game/Maps/StackMap
01-13 13:01:59.354  3757  5902 D AudioService: getStreamVolume 3 index 90
01-13 13:01:59.371  3757  7204 D AudioService: getStreamVolume 3 index 90
01-13 13:01:59.433 30188 30220 D UE4     : [2019.01.13-18.01.59:433][392]LogStreaming: Display: Flushing async loaders.
01-13 13:01:59.446  3237  3352 I APM_AudioPolicyManager: stopOutput() output 21, stream 3, session 61705
01-13 13:01:59.556  3757 29839 D AudioService: getStreamVolume 3 index 90
01-13 13:01:59.573  3757 10512 D AudioService: getStreamVolume 3 index 90
01-13 13:01:59.607  5689  5689 D io_stats: !@   8,0 r 2529594 75980616 w 2328803 53490796 d 377121 28317904 f 604348 604205 iot 3764710 2145084 th 61440 61440 44732 pt 10220 inp 0 0 210782.658
01-13 13:01:59.639  3757  9599 D SSRM:t  : SIOP:: AP = 430, PST = 396 (W:12), CP = 247, CUR = 710, LCD = 94
01-13 13:01:59.641  3757  9599 D ConnectivityService: filterNetworkStateForUid() uid: 1000 networkInfo: [type: WIFI[] - WIFI, state: CONNECTED/CONNECTED, reason: (unspecified), extra: "wilkinson2.4", failover: false, available: true, roaming: false, metered: false]
01-13 13:01:59.739  7370 29393 I Icing   : Indexing com.google.android.gm-internal.3p:EmailMessage from com.google.android.gm
01-13 13:01:59.743  7370 29393 I Icing   : Indexing done com.google.android.gm-internal.3p:EmailMessage
01-13 13:01:59.759  3757  4440 D AudioService: getStreamVolume 3 index 90
01-13 13:01:59.774 30188 30220 D UE4     : [2019.01.13-18.01.59:773][392]LogAIModule: Creating AISystem for world StackMap
01-13 13:01:59.775 30188 30220 D UE4     : [2019.01.13-18.01.59:774][392]LogLoad: Game class is 'GameModeBase'
01-13 13:01:59.775  3757  6272 D AudioService: getStreamVolume 3 index 90
01-13 13:01:59.780 30188 30220 D UE4     : [2019.01.13-18.01.59:780][392]LogWorld: Bringing World /Game/Maps/StackMap.StackMap up for play (max tick rate 0) at 2019.01.13-13.01.59
01-13 13:01:59.781 30188 30220 D UE4     : [2019.01.13-18.01.59:781][392]LogWorld: Bringing up level for play took: 0.002609
01-13 13:01:59.782 30188 30220 D UE4     : [2019.01.13-18.01.59:782][392]LogOnlineIdentity: Display: OSS: FOnlineIdentityGooglePlay::GetPlayerNickname
01-13 13:01:59.783 30188 30220 D UE4     : [2019.01.13-18.01.59:783][392]LogGameMode: FindPlayerStart: PATHS NOT DEFINED or NO PLAYERSTART with positive rating
01-13 13:01:59.812 30188 30220 D UE4     : [2019.01.13-18.01.59:812][392]LogUMG: Display: Widget Class GameStartMenu_C - Loaded Fast Template.
01-13 13:01:59.816 30188 30220 D UE4     : [2019.01.13-18.01.59:816][392]LogPlayerController: Error: InputMode:UIOnly - Attempting to focus Non-Focusable widget SObjectWidget [Widget.cpp(710)]!
01-13 13:01:59.819 30188 30220 D UE4     : [2019.01.13-18.01.59:819][392]LogLoad: Took 0.466840 seconds to LoadMap(/Game/Maps/StackMap)
01-13 13:01:59.824 30188 30220 D UE4     : [2019.01.13-18.01.59:824][392]LogSlate: Took 0.000479 seconds to synchronously load lazily loaded font '../../../Engine/Content/EngineFonts/Faces/DroidSansMono.ufont' (77K)
01-13 13:01:59.842 30188 30220 D UE4     : [2019.01.13-18.01.59:842][393]LogSlate: Took 0.000528 seconds to synchronously load lazily loaded font '../../../Engine/Content/EngineFonts/Faces/DroidSansMono.ufont' (77K)
01-13 13:01:59.960  3757 31270 D AudioService: getStreamVolume 3 index 90
01-13 13:01:59.978  3757  3771 D AudioService: getStreamVolume 3 index 90
01-13 13:02:00.000  3757  4354 D SamsungAlarmManager: Expired : 8
01-13 13:02:00.001  3757  4354 I SamsungAlarmManager: setLocked to kernel - T:3 / 20190113T130201, SetElapsed=603164993, nowELAPSED=603163755
01-13 13:02:00.001  3757  4354 V SamsungAlarmManager: Sending to uid : 1000 action=android.intent.action.TIME_TICK alarm=Alarm{db3e19d type 3 when 603163755 android}
01-13 13:02:00.014  3757  3757 D SamsungAlarmManager: setExact Intent (T:3/F:1/AC:false) 20190113T130300 - CU:1000/CP:3757
01-13 13:02:00.016  4616  4616 D KeyguardUpdateMonitor: received broadcast android.intent.action.TIME_TICK
01-13 13:02:00.016  4616  4616 D KeyguardUpdateMonitor: handleTimeUpdate#start
01-13 13:02:00.016  4616  4616 I KeyguardClockPage: refreshTime(): DefaultSingle2016 hometime:America/New_York locale:en_US hasBG?false, Roaming:false
01-13 13:02:00.035  4616  4616 D KeyguardUpdateMonitor: handleTimeUpdate#end
01-13 13:02:00.035  4616  4616 D SystemUI_Clock: Clock received ACTION_TIME_TICK : start
01-13 13:02:00.045  4616  4616 D SystemUI_Clock: Clock received ACTION_TIME_TICK : end
01-13 13:02:00.066  4616  4616 D TextClock: TextClock received ACTION_TIME_TICK : start
01-13 13:02:00.070  4616  4616 D TextClock: TextClock received ACTION_TIME_TICK : end
01-13 13:02:00.072  4616  4616 D TextClock: TextClock received ACTION_TIME_TICK : start
01-13 13:02:00.074  4616  4616 D TextClock: TextClock received ACTION_TIME_TICK : end
01-13 13:02:00.089  4616  4616 D TextClock: TextClock received ACTION_TIME_TICK : start
01-13 13:02:00.093  4616  4616 D TextClock: TextClock received ACTION_TIME_TICK : end
01-13 13:02:00.099  4616  4616 V hong    : mid yDiff = 382
01-13 13:02:00.099  4616  4616 V hong    : mid yDiff = 382
01-13 13:02:00.105  4616  4616 D SystemUI_DateView: DateView received ACTION_TIME_TICK : start
01-13 13:02:00.105  4616  4616 D SystemUI_DateView: DateView received ACTION_TIME_TICK : end
01-13 13:02:00.106  4616  4616 V hong    : mid yDiff = 382
01-13 13:02:00.106  4616  4616 V hong    : mid yDiff = 382
01-13 13:02:00.108  4616  4616 D TextClock: TextClock received ACTION_TIME_TICK : start
01-13 13:02:00.108  4616  4616 D TextClock: TextClock received ACTION_TIME_TICK : end
01-13 13:02:00.112  4616  4616 D TextClock: TextClock received ACTION_TIME_TICK : start
01-13 13:02:00.112  4616  4616 D TextClock: TextClock received ACTION_TIME_TICK : end
01-13 13:02:00.117  6176  6176 D TextClock: TextClock received ACTION_TIME_TICK : start
01-13 13:02:00.117  6176  6176 D TextClock: TextClock received ACTION_TIME_TICK : end
01-13 13:02:00.125  6176  6176 D TextClock: TextClock received ACTION_TIME_TICK : start
01-13 13:02:00.125  6176  6176 D TextClock: TextClock received ACTION_TIME_TICK : end
01-13 13:02:00.130  6176  6176 D TextClock: TextClock received ACTION_TIME_TICK : start
01-13 13:02:00.133  6176  6176 D TextClock: TextClock received ACTION_TIME_TICK : end
01-13 13:02:00.135  6176  6176 D TextClock: TextClock received ACTION_TIME_TICK : start
01-13 13:02:00.137  6176  6176 D TextClock: TextClock received ACTION_TIME_TICK : end
01-13 13:02:00.144  6176  6176 V LauncherAppWidgetHostView: calculateWidgetSize: (target widgetsize)  using w/h 997 260 span 5 1 (widgetid 2) [current Gridsize : GRID_5x5]
01-13 13:02:00.145  6176  6176 D LauncherAppWidgetHostView: calculateWidgetSize() widget = Weather and Clock(widget id = 2) result hostview size = 1297 x 338
01-13 13:02:00.145  6176  6176 D LauncherAppWidgetHostView: setResizeScaleResult() 1297/ 338 scaleToResize = 0.76869696(widget id = 2)
01-13 13:02:00.146  6176  6176 V LauncherAppWidgetHostView: calculateWidgetSize: (target widgetsize)  using w/h 997 260 span 5 1 (widgetid 3) [current Gridsize : GRID_5x5]
01-13 13:02:00.147  6176  6176 D LauncherAppWidgetHostView: calculateWidgetSize() widget = Google(widget id = 3) result hostview size = 1297 x 338
01-13 13:02:00.147  6176  6176 D LauncherAppWidgetHostView: setResizeScaleResult() 1297/ 338 scaleToResize = 0.76869696(widget id = 3)
01-13 13:02:00.154  6176  6176 D TextClock: TextClock received ACTION_TIME_TICK : start
01-13 13:02:00.157  6176  6176 D TextClock: TextClock received ACTION_TIME_TICK : end
01-13 13:02:00.159  6176  6176 D TextClock: TextClock received ACTION_TIME_TICK : start
01-13 13:02:00.161  6176  6176 D TextClock: TextClock received ACTION_TIME_TICK : end
01-13 13:02:00.163  3757  4482 D AudioService: getStreamVolume 3 index 90
01-13 13:02:00.165  6176  6176 D TextClock: TextClock received ACTION_TIME_TICK : start
01-13 13:02:00.166  6176  6176 D TextClock: TextClock received ACTION_TIME_TICK : end
01-13 13:02:00.179  6176  6176 V LauncherAppWidgetHostView: calculateWidgetSize: (target widgetsize)  using w/h 997 260 span 5 1 (widgetid 2) [current Gridsize : GRID_5x5]
01-13 13:02:00.181  6176  6176 D LauncherAppWidgetHostView: calculateWidgetSize() widget = Weather and Clock(widget id = 2) result hostview size = 1297 x 338
01-13 13:02:00.182  6176  6176 D LauncherAppWidgetHostView: setResizeScaleResult() 1297/ 338 scaleToResize = 0.76869696(widget id = 2)
01-13 13:02:00.183  3757 32083 D AudioService: getStreamVolume 3 index 90
01-13 13:02:00.184  6176  6176 V LauncherAppWidgetHostView: calculateWidgetSize: (target widgetsize)  using w/h 997 260 span 5 1 (widgetid 3) [current Gridsize : GRID_5x5]
01-13 13:02:00.185  6176  6176 D LauncherAppWidgetHostView: calculateWidgetSize() widget = Google(widget id = 3) result hostview size = 1297 x 338
01-13 13:02:00.185  6176  6176 D LauncherAppWidgetHostView: setResizeScaleResult() 1297/ 338 scaleToResize = 0.76869696(widget id = 3)
01-13 13:02:00.186  6176  6176 D TextClock: TextClock received ACTION_TIME_TICK : start
01-13 13:02:00.186  6176  6176 D TextClock: TextClock received ACTION_TIME_TICK : end
01-13 13:02:00.188  6176  6176 D TextClock: TextClock received ACTION_TIME_TICK : start
01-13 13:02:00.189  6176  6176 D TextClock: TextClock received ACTION_TIME_TICK : end
01-13 13:02:00.198  4616  4616 D DateTimeView: DateTimeView received ACTION_TIME_TICK : start
01-13 13:02:00.201  4616  4616 D DateTimeView: DateTimeView received ACTION_TIME_TICK : end
01-13 13:02:00.209 21828 21828 D [WeatherWidget(15061)]  WeatherService: {[B73D43639EB27FAA34EF41A6129C1FA787B8DDA06B4FC8C3DFFF289A8228DE1D07957C4CB0877FB29CB85D37C68D39BF076A5D6720D2DA7CE46EF7EA2858EC07]}
01-13 13:02:00.210 21828 21828 D [WeatherWidget(15061)]  : {[3AE6950019B083611567B0F9442DB03E36B37708FCADB7FDDBA670B1362D994454BFFFDA2568816BBDDA6DD60F644DCF]}
01-13 13:02:00.211 21828 21828 D [WeatherWidget(15061)]  DB L2: {[610591C4E30FED4A153FF198DAC84EFEE3319B0D622FD4A19809E90ED3C1398368D658B139FCCB8B9564F5B4E9CB634E559F3E6FCEF00E34D09FE048C131D3B9]}
01-13 13:02:00.212 21828 21828 D [WeatherWidget(15061)]  : {[E9BDC1AC9F9B078A92B3F309630276C89F9B6E52C087A495B97355481F2FDE5B58A757A09967AB7BD9E1187CEA5BB356FACBD4A552A7402C88647F970C513A69]}
01-13 13:02:00.212 21828 21828 D [WeatherWidget(15061)]  DB L2: {[610591C4E30FED4A153FF198DAC84EFE259FA03515F619060291D19B9A2E73CB46DA064369D1073FED4BA9669B425DCAB31E03E6A89D59E5D7C5B549A746B4FC]}
01-13 13:02:00.213 21828 21828 D [WeatherWidget(15061)]  DB L2: {[610591C4E30FED4A153FF198DAC84EFE1A65FB0EE8B7C5763A9CB231BC13495CB45D83972E6FC08AD51A20216788CFF1E60D260136857F01AD64A3A4E6822148]}
01-13 13:02:00.215 21828 21828 D [WeatherWidget(15061)]  : {[3AE6950019B083611567B0F9442DB03EF4A0ECA9EDEEE1C6764DEF6294C10F4F0BAD60A0CC696E8D15537EBE77D0F441F941FE30DFEB6E45A2BAA0295B86238B6B5477898ADD292C8EB7917680951853]}
01-13 13:02:00.220 21828 21828 D [WeatherWidget(15061)]  : {[A1AF0F6A1A65A89C43D705938923D0FE0259CBA56E4484DDAF167EE897E0098D214B31210E90A8E4D761DF2724951166F2287DB34D772530C5896F56ACED75991E0BE82C2570E3EDFBC9BCA7863389B7348DB28C7DD3304D3EF19BE73BE6F94D6CAAC810CD9CAB4DC1DD4D926308EFD7]}
01-13 13:02:00.221 21828 21828 D [WeatherWidget(15061)]  : {[4C0512EFA0AB4990F6AA1DF592AD92A7F0B9EF71550DD16C356391DD9598536C]}
01-13 13:02:00.244 29743 30673 D EventNotificationJob: Running EventNotificationJob, isDetail=true
01-13 13:02:00.253  3757  3774 D CompatibilityInfo: mCompatibilityFlags - 0
01-13 13:02:00.253 29743 30673 D EventNotificationJob:   finished processing events.
01-13 13:02:00.253  3757  3774 D CompatibilityInfo: applicationDensity - 420
01-13 13:02:00.253  3757  3774 D CompatibilityInfo: applicationScale - 1.0
01-13 13:02:00.273  3757 31270 D CompatibilityInfo: mCompatibilityFlags - 0
01-13 13:02:00.273  3757 31270 D CompatibilityInfo: applicationDensity - 420
01-13 13:02:00.273  3757 31270 D CompatibilityInfo: applicationScale - 1.0
01-13 13:02:00.285  3757 31270 D CompatibilityInfo: mCompatibilityFlags - 0
01-13 13:02:00.285  3757 31270 D CompatibilityInfo: applicationDensity - 420
01-13 13:02:00.285  3757 31270 D CompatibilityInfo: applicationScale - 1.0
01-13 13:02:00.286  7370 29393 I Icing   : Indexing com.google.android.gm-internal.3p:EmailMessage from com.google.android.gm
01-13 13:02:00.289  3757 29838 D AudioService: getStreamVolume 3 index 90
01-13 13:02:00.322  7370 29393 I Icing   : Indexing done com.google.android.gm-internal.3p:EmailMessage
01-13 13:02:00.365  3757  2858 D AudioService: getStreamVolume 3 index 90
01-13 13:02:00.386  3757  7201 D AudioService: getStreamVolume 3 index 90
01-13 13:02:00.567  3757 29840 D AudioService: getStreamVolume 3 index 90
01-13 13:02:00.589  3757 10512 D AudioService: getStreamVolume 3 index 90
01-13 13:02:00.770  3757  4440 D AudioService: getStreamVolume 3 index 90
01-13 13:02:00.791  3757 31269 D AudioService: getStreamVolume 3 index 90
01-13 13:02:00.835  7370 29393 I Icing   : Indexing com.google.android.gm-internal.3p:EmailMessage from com.google.android.gm
01-13 13:02:00.850  7370 29393 I Icing   : Indexing done com.google.android.gm-internal.3p:EmailMessage
01-13 13:02:00.935 30188 30389 I libOpenSLES: Emulating old channel mask behavior (ignoring positional mask 0x3, using default mask 0x3 based on channel count of 2)
01-13 13:02:00.937 30188 30389 W AudioTrack: AUDIO_OUTPUT_FLAG_FAST denied by client; transfer 1, track 44100 Hz, output 48000 Hz
01-13 13:02:00.938  3237  3813 I AudioFlinger: add dynamic flag, can move to deep thread, session 61793
01-13 13:02:00.941 30188 30389 D AudioTrack: Client defaulted notificationFrames to 590 for frameCount 1772
01-13 13:02:00.942 30188 30389 I AudioTrack: This process already got info. FadeIn[0] FadeOut[0] FadeInRing[0]
01-13 13:02:00.942  3237  8662 W AudioPolicyIntefaceImpl: Skipped to add effects on session 61793
01-13 13:02:00.943  3237  8662 I APM_AudioPolicyManager: startOutput() output 21, stream 3, session 61793
01-13 13:02:00.947  3237  3477 D audio_hw_primary: out_set_parameters: enter: kvpairs: routing=2
01-13 13:02:00.948  3237  3477 I audio_hw_primary: out_set_parameters adev->out_device:2
01-13 13:02:00.948  3237  3477 I audio_hw_primary: is_voice_wakeup : ret =  0  , wakeup_baby_cry_enabled = 0  ,  wakeup_mic_enabled = 0 
01-13 13:02:00.948  3237  3477 V audio_hw_primary: select_devices output_scenario:0 input_scenario:28 out_snd_device 0x2 in_snd_device:0xb
01-13 13:02:00.948  3237  3477 I audio_hw_primary: select_devices - do not update mixer_path
01-13 13:02:00.948  3237  3477 D AudioFlinger: setCurDevice() 0x2
01-13 13:02:00.972  3757  3771 D AudioService: getStreamVolume 3 index 90
01-13 13:02:00.977  3237  3477 I AudioMixer: create resampler src 44100, 2, dst 48000, 2, q 8
01-13 13:02:00.977  3237  3477 D SoundAliveResampler: [SoundAliveResampler] Init+++
01-13 13:02:00.992  3757  5062 D AudioService: getStreamVolume 3 index 90
01-13 13:02:01.180  3757  2858 D AudioService: getStreamVolume 3 index 90
01-13 13:02:01.198  3757  7201 D AudioService: getStreamVolume 3 index 90
01-13 13:02:01.238  3757  4354 D SamsungAlarmManager: Expired : 8
01-13 13:02:01.240  3757  4354 I SamsungAlarmManager: setLocked to kernel - T:3 / 20190113T130300, SetElapsed=603223754, nowELAPSED=603164995
01-13 13:02:01.241  3757  4354 V SamsungAlarmManager: Sending to uid : 10059 action=null alarm=Alarm{c31612 type 3 when 603164993 com.asurion.android.verizon.vms}
01-13 13:02:01.258  3757  4354 D CompatibilityInfo: mCompatibilityFlags - 0
01-13 13:02:01.259  3757  4354 D CompatibilityInfo: applicationDensity - 420
01-13 13:02:01.259  3757  4354 D CompatibilityInfo: applicationScale - 1.0
01-13 13:02:01.294  3757 32085 D AudioService: getStreamVolume 3 index 90
01-13 13:02:01.298  3757 32083 D SamsungAlarmManager: setExact Intent (T:3/F:5/AC:false) 20190113T130206 - CU:10059/CP:15240
01-13 13:02:01.300  3757 32083 I SamsungAlarmManager: setLocked to kernel - T:3 / 20190113T130206, SetElapsed=603170039, nowELAPSED=603165054
01-13 13:02:01.384  3757 10496 D AudioService: getStreamVolume 3 index 90
01-13 13:02:01.403  3757  3771 D AudioService: getStreamVolume 3 index 90
01-13 13:02:01.589  3757  5902 D AudioService: getStreamVolume 3 index 90
01-13 13:02:01.605  3757  2858 D AudioService: getStreamVolume 3 index 90
01-13 13:02:01.792  3757  7201 D AudioService: getStreamVolume 3 index 90
01-13 13:02:01.807  3757  7202 D AudioService: getStreamVolume 3 index 90
01-13 13:02:01.995  3757  4482 D AudioService: getStreamVolume 3 index 90
01-13 13:02:02.010  3757 32085 D AudioService: getStreamVolume 3 index 90
01-13 13:02:02.039  3757  4458 D WifiStateMachine: Current network is: "wilkinson2.4" , ID is: 30
01-13 13:02:02.039  3757  4458 I WifiStateMachine: IMS calling, current network is always qualified
01-13 13:02:02.201  3757  4440 D AudioService: getStreamVolume 3 index 90
01-13 13:02:02.212  3757  7206 D AudioService: getStreamVolume 3 index 90
01-13 13:02:02.298  3757 32084 D AudioService: getStreamVolume 3 index 90
01-13 13:02:02.403  3757  3771 D AudioService: getStreamVolume 3 index 90
01-13 13:02:02.415  3757  5062 D AudioService: getStreamVolume 3 index 90
01-13 13:02:02.573  4616  4823 D NetworkController.MobileSignalController(0/1): onSignalStrengthsChanged signalStrength=SignalStrength: 99 99 -120 -160 -120 -1 -1 17 -110 -12 16 2147483647 2147483647 0x2000 gsm|lte level=2
01-13 13:02:02.573  4616  4823 D NetworkController.MobileSignalController(0/1): getMobileIconGroup(): 13
01-13 13:02:02.573  4616  4823 D NetworkController.MobileSignalController(0/1): updateVZWMobileIconGroup(): 13
01-13 13:02:02.581  5035  5670 D EPDG -- [SMARTWIFI]: onSignalStrengthsChanged: Received signal strength change, phone type is: 2
01-13 13:02:02.581  5035  6446 D EPDG -- [SMARTWIFI]: lastLteRSRP is -114currentLteRSRP is -110
01-13 13:02:02.581  5035  6446 D EPDG -- [SMARTWIFI]: lastLteRSRQ is -12currentLteRSRQ is -12
01-13 13:02:02.582  5035  6446 D EPDG -- [SMARTWIFI]: lastCdmaDb is -16currentCdmaDb is -16
01-13 13:02:02.582  5035  6446 V EPDG -- [SMARTWIFI]: Radio oldest entry removed
01-13 13:02:02.582  5035  6446 V EPDG -- [SMARTWIFI]: New entry : (SignalStrength: 99 99 -120 -160 -120 -1 -1 17 -110 -12 16 2147483647 2147483647 0x2000 gsm|lte : 0 )
01-13 13:02:02.582  5035  6446 V EPDG -- [SMARTWIFI]: Radio entry added
01-13 13:02:02.587  4616  4823 D NetworkController.MobileSignalController(0/1): callState:0, callStateByPhone:false voLTECall:false voiceNetTpe:13 dataNetType:13, ine911:false, emergencyCallbackMode:false
01-13 13:02:02.606  3757 29839 D AudioService: getStreamVolume 3 index 90
01-13 13:02:02.619  3757  7205 D AudioService: getStreamVolume 3 index 90
01-13 13:02:02.808  3757  4473 D AudioService: getStreamVolume 3 index 90
01-13 13:02:02.824  3757 32083 D AudioService: getStreamVolume 3 index 90
01-13 13:02:02.885  3757  4966 E Watchdog: !@Sync 7023 [13_Jan_13_02_02.884]
01-13 13:02:03.016  3757  7206 D AudioService: getStreamVolume 3 index 90
01-13 13:02:03.028  3757 32084 D AudioService: getStreamVolume 3 index 90
01-13 13:02:03.056  3757  4398 D InputReader: Input event(3): value=1 when=210786107620000
01-13 13:02:03.056  3757  4398 D InputReader: Input event(3): value=1 when=210786107620000
01-13 13:02:03.056  3757  4398 I InputReader: Touch event's action is 0x0 (deviceType=0) [pCnt=1, s=0.21677 ] when=210786107620000
01-13 13:02:03.056  3757  4397 I InputDispatcher: Delivering touch to (30188): action: 0x0, toolType: 1
01-13 13:02:03.058 30188 30221 V threaded_app: New input event: type=2
01-13 13:02:03.062 30188 30188 D ViewRootImpl@e972267[GameActivity]: ViewPostImeInputStage processPointer 0
01-13 13:02:03.071 30188 30220 D UE4     : [2019.01.13-18.02.03:071][545]LogSlate: FSceneViewport::OnFocusLost() reason 0
01-13 13:02:03.082 30188 30221 V threaded_app: New input event: type=2
01-13 13:02:03.102 30188 30221 V threaded_app: New input event: type=2
01-13 13:02:03.116 30188 30221 V threaded_app: New input event: type=2
01-13 13:02:03.133 30188 30221 V threaded_app: New input event: type=2
01-13 13:02:03.150 30188 30221 V threaded_app: New input event: type=2
01-13 13:02:03.153  3757  4398 D InputReader: Input event(3): value=0 when=210786204943000
01-13 13:02:03.153  3757  4398 D InputReader: Input event(3): value=0 when=210786204943000
01-13 13:02:03.153  3757  4398 I InputReader: Touch event's action is 0x1 (deviceType=0) [pCnt=1, s=] when=210786204943000
01-13 13:02:03.154  3757  4397 I InputDispatcher: Delivering touch to (30188): action: 0x1, toolType: 1
01-13 13:02:03.155 30188 30221 V threaded_app: New input event: type=2
01-13 13:02:03.157 30188 30188 D ViewRootImpl@e972267[GameActivity]: ViewPostImeInputStage processPointer 1
01-13 13:02:03.178 30188 30389 I libOpenSLES: Emulating old channel mask behavior (ignoring positional mask 0x3, using default mask 0x3 based on channel count of 2)
01-13 13:02:03.179 30188 30389 W AudioTrack: AUDIO_OUTPUT_FLAG_FAST denied by client; transfer 1, track 44100 Hz, output 48000 Hz
01-13 13:02:03.179  3237  3812 I AudioFlinger: add dynamic flag, can move to deep thread, session 61801
01-13 13:02:03.181 30188 30389 D AudioTrack: Client defaulted notificationFrames to 590 for frameCount 1772
01-13 13:02:03.182 30188 30389 I AudioTrack: This process already got info. FadeIn[0] FadeOut[0] FadeInRing[0]
01-13 13:02:03.183  3237 22864 W AudioPolicyIntefaceImpl: Skipped to add effects on session 61801
01-13 13:02:03.183  3237 22864 I APM_AudioPolicyManager: startOutput() output 21, stream 3, session 61801
01-13 13:02:03.198  3237  3477 I AudioMixer: create resampler src 44100, 2, dst 48000, 2, q 8
01-13 13:02:03.201  3237  3477 D SoundAliveResampler: [SoundAliveResampler] Init+++
01-13 13:02:03.223  3757  2859 D AudioService: getStreamVolume 3 index 90
01-13 13:02:03.231  3757 29842 D AudioService: getStreamVolume 3 index 90
01-13 13:02:03.302  3757  7202 D AudioService: getStreamVolume 3 index 90
01-13 13:02:03.426  3757 29840 D AudioService: getStreamVolume 3 index 90
01-13 13:02:03.435  3757 10512 D AudioService: getStreamVolume 3 index 90
01-13 13:02:03.628  3757 32085 D AudioService: getStreamVolume 3 index 90
01-13 13:02:03.641  3757 32083 D AudioService: getStreamVolume 3 index 90
01-13 13:02:03.684  3757  4440 D BatteryService: !@BatteryListener : batteryPropertiesChanged!
01-13 13:02:03.685  3757  4440 D BatteryService: level:48, scale:100, status:2, health:2, present:true, voltage: 3919, temperature: 273, technology: Li-ion, AC powered:false, USB powered:true, POGO powered:false, Wireless powered:false, icon:17303694, invalid charger:0, maxChargingCurrent:0, maxChargingVoltage:0, chargeCounter:0
01-13 13:02:03.685  3757  4440 D BatteryService: online:6, current avg:434, charge type:1, power sharing:false, high voltage charger:false, capacity:280000, batterySWSelfDischarging:false, misc_event:0, current_now:535
01-13 13:02:03.685  3757  3757 D BatteryService: Sending ACTION_BATTERY_CHANGED.
01-13 13:02:03.692  3757  3757 V UiModeManager: updateLocked: null action, mDockState=0, category=null
01-13 13:02:03.692  3757  3757 D UiModeManager: updateConfigurationLocked: mDockState=0; mCarMode=false; mNightMode=1; uiMode=17
01-13 13:02:03.694  3757  3757 D GameManagerService: new battery level: 48
01-13 13:02:03.703  4616  4616 D KeyguardUpdateMonitor: received broadcast android.intent.action.BATTERY_CHANGED
01-13 13:02:03.709  4616  4616 D PowerUI : priorPlugType = 2 mPlugType =  2
01-13 13:02:03.711  4616  4616 D PowerUI.Notification: showChargingNotice oldChargingType : 1 currentChargingType : 1 oldChargingTime : 6428000 mChargingTime : 6428000
01-13 13:02:03.711  4616  4616 D PowerUI.Notification: There is no change about charging status, so return!
01-13 13:02:03.711  4616  4616 D KeyguardUpdateMonitor: handleBatteryUpdate
01-13 13:02:03.714  4616  4616 D BatteryMeterDrawable: isSomethingChanged - false
01-13 13:02:03.715  4616  4616 D BatteryMeterDrawable: isSomethingChanged - false
01-13 13:02:03.716  4616  4616 D Tile.FlashlightTile: ACTION_BATTERY_CHANGED - Level :: 48, emEnabled :: false
01-13 13:02:03.721  5024  5024 D PhoneApp: PhoneAppBroadcastReceiver onReceive android.intent.action.BATTERY_CHANGED
01-13 13:02:03.722  5024  5024 D TelephonyExtensionManager: lowBatterySound - isLowBatterySoundScheduled: false
01-13 13:02:03.722  5024  5024 D TelephonyExtensionManager: lowBatterySound - isPlayNow: false
01-13 13:02:03.722  5024  5024 D TelephonyExtensionManager: isSpeakerON - true
01-13 13:02:03.730  4561  4561 V HeadsetService: HeadsetService - Received Intent.ACTION_BATTERY_CHANGED
01-13 13:02:03.730  4561 20593 D HeadsetStateMachine: Disconnected process message: 10, size: 0
01-13 13:02:03.733 30188 30188 D UE4     : Battery: status = 2, rawlevel = 48, scale = 100
01-13 13:02:03.733 30188 30188 D UE4     : nativeBatteryEvent(stat = 2, lvl = 48  temp = 27.30 C)
01-13 13:02:03.735  5024  5024 D TelephonyExtensionManager: lowBatterySound - batteryStatus: 2
01-13 13:02:03.735  5024  5024 D TelephonyExtensionManager: lowBatterySound - batteryLevel: 48
01-13 13:02:03.735  5024  5024 D TelephonyExtensionManager: lowBatterySound - cancel
01-13 13:02:03.737  3757  5062 D SamsungAlarmManager: Cancel Alarm calling from uid:1001 pid :5024 / op:PendingIntent{a8af7e0: PendingIntentRecord{f6ee7a4 com.android.phone broadcastIntent}}
01-13 13:02:03.740  5024  5024 D TelephonyExtension: Not stopping low battery tone
01-13 13:02:03.760 30188 30220 D UE4     : [2019.01.13-18.02.03:760][580]LogUMG: Display: Widget Class Button_C - Loaded Fast Template.
01-13 13:02:03.762 30188 30220 D UE4     : [2019.01.13-18.02.03:762][580]LogUMG: Display: Widget Class ScoreCounter_C - Loaded Fast Template.
01-13 13:02:03.770 30188 30389 I AudioTrack: Skip ramp
01-13 13:02:03.771 30188 30220 D UE4     : [2019.01.13-18.02.03:771][580]LogSlate: Took 0.001181 seconds to synchronously load lazily loaded font '../../../Engine/Content/EngineFonts/Faces/RobotoBold.ufont' (160K)
01-13 13:02:03.774 30188 30389 I libOpenSLES: Emulating old channel mask behavior (ignoring positional mask 0x3, using default mask 0x3 based on channel count of 2)
01-13 13:02:03.775 30188 30389 W AudioTrack: AUDIO_OUTPUT_FLAG_FAST denied by client; transfer 1, track 44100 Hz, output 48000 Hz
01-13 13:02:03.775  3237  3812 I AudioFlinger: add dynamic flag, can move to deep thread, session 61809
01-13 13:02:03.775 30188 30389 D AudioTrack: Client defaulted notificationFrames to 590 for frameCount 1772
01-13 13:02:03.776 30188 30389 I AudioTrack: This process already got info. FadeIn[0] FadeOut[0] FadeInRing[0]
01-13 13:02:03.776  3237  3237 W AudioPolicyIntefaceImpl: Skipped to add effects on session 61809
01-13 13:02:03.776  3237  3237 I APM_AudioPolicyManager: startOutput() output 21, stream 3, session 61809
01-13 13:02:03.798  3237  3477 I AudioMixer: create resampler src 44100, 2, dst 48000, 2, q 8
01-13 13:02:03.798  3237  3477 D SoundAliveResampler: [SoundAliveResampler] Init+++
01-13 13:02:03.831  3757  7204 D AudioService: getStreamVolume 3 index 90
01-13 13:02:03.843  3757  7202 D AudioService: getStreamVolume 3 index 90
01-13 13:02:03.860  3237  3352 I APM_AudioPolicyManager: stopOutput() output 21, stream 3, session 61793
01-13 13:02:03.968  3757  4398 D InputReader: Input event(3): value=1 when=210787020118000
01-13 13:02:03.969  3757  4398 D InputReader: Input event(3): value=1 when=210787020118000
01-13 13:02:03.971  3757  4398 I InputReader: Touch event's action is 0x0 (deviceType=0) [pCnt=1, s=0.21678 ] when=210787020118000
01-13 13:02:03.971  3757  4397 I InputDispatcher: Delivering touch to (30188): action: 0x0, toolType: 1
01-13 13:02:03.972 30188 30221 V threaded_app: New input event: type=2
01-13 13:02:03.978 30188 30188 D ViewRootImpl@e972267[GameActivity]: ViewPostImeInputStage processPointer 0
01-13 13:02:03.981 30188 30220 D UE4     : [2019.01.13-18.02.03:981][591]LogUMG: Display: Widget Class GameOverMenu_C - Loaded Fast Template.
01-13 13:02:03.984 30188 30220 D UE4     : [2019.01.13-18.02.03:984][591]LogSlate: FSceneViewport::OnFocusLost() reason 0
01-13 13:02:03.992 30188 30389 I libOpenSLES: Emulating old channel mask behavior (ignoring positional mask 0x3, using default mask 0x3 based on channel count of 2)
01-13 13:02:03.996 30188 30389 W AudioTrack: AUDIO_OUTPUT_FLAG_FAST denied by client; transfer 1, track 44100 Hz, output 48000 Hz
01-13 13:02:03.997  3237  3486 I AudioFlinger: add dynamic flag, can move to deep thread, session 61817
01-13 13:02:03.998 30188 30389 D AudioTrack: Client defaulted notificationFrames to 590 for frameCount 1772
01-13 13:02:04.003 30188 30389 I AudioTrack: This process already got info. FadeIn[0] FadeOut[0] FadeInRing[0]
01-13 13:02:04.004  3237 27701 W AudioPolicyIntefaceImpl: Skipped to add effects on session 61817
01-13 13:02:04.004  3237 27701 I APM_AudioPolicyManager: startOutput() output 21, stream 3, session 61817
01-13 13:02:04.004 30188 30221 V threaded_app: New input event: type=2
01-13 13:02:04.019 30188 30221 V threaded_app: New input event: type=2
01-13 13:02:04.019  3237  3477 I AudioMixer: create resampler src 44100, 2, dst 48000, 2, q 8
01-13 13:02:04.021  3237  3477 D SoundAliveResampler: [SoundAliveResampler] Init+++
01-13 13:02:04.031  3757 29839 D AudioService: getStreamVolume 3 index 90
01-13 13:02:04.038 30188 30221 V threaded_app: New input event: type=2
01-13 13:02:04.045  3757  7205 D AudioService: getStreamVolume 3 index 90
01-13 13:02:04.051 30188 30221 V threaded_app: New input event: type=2
01-13 13:02:04.069 30188 30221 V threaded_app: New input event: type=2
01-13 13:02:04.086 30188 30221 V threaded_app: New input event: type=2
01-13 13:02:04.088 30188 30685 I AudioTrack: Skip ramp
01-13 13:02:04.098  3757  4398 D InputReader: Input event(3): value=0 when=210787149442000
01-13 13:02:04.098  3757  4398 D InputReader: Input event(3): value=0 when=210787149442000
01-13 13:02:04.098  3757  4398 I InputReader: Touch event's action is 0x1 (deviceType=0) [pCnt=1, s=] when=210787149442000
01-13 13:02:04.098  3757  4397 I InputDispatcher: Delivering touch to (30188): action: 0x1, toolType: 1
01-13 13:02:04.099 30188 30221 V threaded_app: New input event: type=2
01-13 13:02:04.102 30188 30188 D ViewRootImpl@e972267[GameActivity]: ViewPostImeInputStage processPointer 1
01-13 13:02:04.200  3237  3352 I APM_AudioPolicyManager: stopOutput() output 21, stream 3, session 61801
01-13 13:02:04.233  3757 32083 D AudioService: getStreamVolume 3 index 90
01-13 13:02:04.251  3757  7206 D AudioService: getStreamVolume 3 index 90
01-13 13:02:04.306  3757  7203 D AudioService: getStreamVolume 3 index 90
01-13 13:02:04.436  3757 31270 D AudioService: getStreamVolume 3 index 90
01-13 13:02:04.459  3757  2859 D AudioService: getStreamVolume 3 index 90
01-13 13:02:04.586 30188 30690 I AudioTrack: Skip ramp
01-13 13:02:04.611  5689  5689 D io_stats: !@   8,0 r 2529599 75980684 w 2328929 53491680 d 377122 28317908 f 604378 604235 iot 3764840 2145107 th 61440 61440 44732 pt 10220 inp 0 0 210787.662
01-13 13:02:04.639  3757 29842 D AudioService: getStreamVolume 3 index 90
01-13 13:02:04.664  3757  5901 D AudioService: getStreamVolume 3 index 90
01-13 13:02:04.680  3237  3352 I APM_AudioPolicyManager: stopOutput() output 21, stream 3, session 61817
01-13 13:02:04.743 29743 29873 D ClClient: Not sending keepalive.  Current connection state=STOPPED
01-13 13:02:04.842  3757 10512 D AudioService: getStreamVolume 3 index 90
01-13 13:02:04.867  3757  4482 D AudioService: getStreamVolume 3 index 90
01-13 13:02:05.047  3757  4440 D AudioService: getStreamVolume 3 index 90
01-13 13:02:05.058 30188 30223 D UE4     : Used memory: 223476
01-13 13:02:05.073  3757 10496 D AudioService: getStreamVolume 3 index 90
01-13 13:02:05.076  3757  4458 D WifiStateMachine: Current network is: "wilkinson2.4" , ID is: 30
01-13 13:02:05.076  3757  4458 I WifiStateMachine: IMS calling, current network is always qualified
01-13 13:02:05.251  3757  7203 D AudioService: getStreamVolume 3 index 90
01-13 13:02:05.278  3757  3771 D AudioService: getStreamVolume 3 index 90
01-13 13:02:05.309  3757 29838 D AudioService: getStreamVolume 3 index 90
01-13 13:02:05.453  3757  5902 D AudioService: getStreamVolume 3 index 90
01-13 13:02:05.483  3757  7204 D AudioService: getStreamVolume 3 index 90
01-13 13:02:05.659  3757  7202 D AudioService: getStreamVolume 3 index 90
01-13 13:02:05.689  3757 29840 D AudioService: getStreamVolume 3 index 90
01-13 13:02:05.696  3757  4398 D InputReader: Input event(3): value=1 when=210788748248000
01-13 13:02:05.696  3757  4398 D InputReader: Input event(3): value=1 when=210788748248000
01-13 13:02:05.697  3757  4398 I InputReader: Touch event's action is 0x0 (deviceType=0) [pCnt=1, s=0.21679 ] when=210788748248000
01-13 13:02:05.697  3757  4397 I InputDispatcher: Delivering touch to (30188): action: 0x0, toolType: 1
01-13 13:02:05.697 30188 30221 V threaded_app: New input event: type=2
01-13 13:02:05.703 30188 30188 D ViewRootImpl@e972267[GameActivity]: ViewPostImeInputStage processPointer 0
01-13 13:02:05.724 30188 30221 V threaded_app: New input event: type=2
01-13 13:02:05.743 30188 30221 V threaded_app: New input event: type=2
01-13 13:02:05.757 30188 30221 V threaded_app: New input event: type=2
01-13 13:02:05.771 30188 30221 V threaded_app: New input event: type=2
01-13 13:02:05.791 30188 30221 V threaded_app: New input event: type=2
01-13 13:02:05.805 30188 30221 V threaded_app: New input event: type=2
01-13 13:02:05.825 30188 30221 V threaded_app: New input event: type=2
01-13 13:02:05.857 30188 30221 V threaded_app: New input event: type=2
01-13 13:02:05.863  3757 10512 D AudioService: getStreamVolume 3 index 90
01-13 13:02:05.870  3757  4398 D InputReader: Input event(3): value=0 when=210788921788000
01-13 13:02:05.870  3757  4398 D InputReader: Input event(3): value=0 when=210788921788000
01-13 13:02:05.871  3757  4398 I InputReader: Touch event's action is 0x1 (deviceType=0) [pCnt=1, s=] when=210788921788000
01-13 13:02:05.871  3757  4397 I InputDispatcher: Delivering touch to (30188): action: 0x1, toolType: 1
01-13 13:02:05.876 30188 30221 V threaded_app: New input event: type=2
01-13 13:02:05.877 30188 30221 V threaded_app: New input event: type=2
01-13 13:02:05.882 30188 30188 D ViewRootImpl@e972267[GameActivity]: ViewPostImeInputStage processPointer 1
01-13 13:02:05.891  3757  4482 D AudioService: getStreamVolume 3 index 90
01-13 13:02:05.904 30188 30389 I libOpenSLES: Emulating old channel mask behavior (ignoring positional mask 0x3, using default mask 0x3 based on channel count of 2)
01-13 13:02:05.907 30188 30389 W AudioTrack: AUDIO_OUTPUT_FLAG_FAST denied by client; transfer 1, track 44100 Hz, output 48000 Hz
01-13 13:02:05.908  3237 17217 I AudioFlinger: add dynamic flag, can move to deep thread, session 61825
01-13 13:02:05.910 30188 30389 D AudioTrack: Client defaulted notificationFrames to 590 for frameCount 1772
01-13 13:02:05.911 30188 30389 I AudioTrack: This process already got info. FadeIn[0] FadeOut[0] FadeInRing[0]
01-13 13:02:05.912  3237  3813 W AudioPolicyIntefaceImpl: Skipped to add effects on session 61825
01-13 13:02:05.912  3237  3813 I APM_AudioPolicyManager: startOutput() output 21, stream 3, session 61825
01-13 13:02:05.912 30188 30695 I AudioTrack: Skip ramp
01-13 13:02:05.920  3237  3477 I AudioMixer: create resampler src 44100, 2, dst 48000, 2, q 8
01-13 13:02:05.921  3237  3477 D SoundAliveResampler: [SoundAliveResampler] Init+++
01-13 13:02:06.040  3237  3352 I APM_AudioPolicyManager: stopOutput() output 21, stream 3, session 61825
01-13 13:02:06.066  3757  7216 D AudioService: getStreamVolume 3 index 90
01-13 13:02:06.096  3757  7206 D AudioService: getStreamVolume 3 index 90
01-13 13:02:06.268  3757  5902 D AudioService: getStreamVolume 3 index 90
01-13 13:02:06.284  3757  4354 D SamsungAlarmManager: Expired : 8
01-13 13:02:06.286  3757  4354 I SamsungAlarmManager: setLocked to kernel - T:3 / 20190113T130259, SetElapsed=603223754, nowELAPSED=603170041
01-13 13:02:06.287  3757  4354 V SamsungAlarmManager: Sending to uid : 10059 action=null alarm=Alarm{bf1fa99 type 3 when 603170039 com.asurion.android.verizon.vms}
01-13 13:02:06.298  3757  7204 D AudioService: getStreamVolume 3 index 90
01-13 13:02:06.298  3757  4354 D CompatibilityInfo: mCompatibilityFlags - 0
01-13 13:02:06.298  3757  4354 D CompatibilityInfo: applicationDensity - 420
01-13 13:02:06.298  3757  4354 D CompatibilityInfo: applicationScale - 1.0
01-13 13:02:06.312  3757  7201 D AudioService: getStreamVolume 3 index 90
01-13 13:02:06.329  3757  5063 D SamsungAlarmManager: setExact Intent (T:3/F:5/AC:false) 20190113T130211 - CU:10059/CP:15240
01-13 13:02:06.330  3757  5063 I SamsungAlarmManager: setLocked to kernel - T:3 / 20190113T130211, SetElapsed=603175071, nowELAPSED=603170085
01-13 13:02:06.402  4616  4823 D NetworkController.MobileSignalController(0/1): onSignalStrengthsChanged signalStrength=SignalStrength: 99 99 -120 -160 -120 -1 -1 14 -113 -12 22 2147483647 2147483647 0x2000 gsm|lte level=2
01-13 13:02:06.404  4616  4823 D NetworkController.MobileSignalController(0/1): getMobileIconGroup(): 13
01-13 13:02:06.404  4616  4823 D NetworkController.MobileSignalController(0/1): updateVZWMobileIconGroup(): 13
01-13 13:02:06.409  5035  5670 D EPDG -- [SMARTWIFI]: onSignalStrengthsChanged: Received signal strength change, phone type is: 2
01-13 13:02:06.410  5035  6446 D EPDG -- [SMARTWIFI]: lastLteRSRP is -110currentLteRSRP is -113
01-13 13:02:06.410  5035  6446 D EPDG -- [SMARTWIFI]: lastLteRSRQ is -12currentLteRSRQ is -12
01-13 13:02:06.410  5035  6446 D EPDG -- [SMARTWIFI]: lastCdmaDb is -16currentCdmaDb is -16
01-13 13:02:06.410  5035  6446 V EPDG -- [SMARTWIFI]: Radio oldest entry removed
01-13 13:02:06.410  5035  6446 V EPDG -- [SMARTWIFI]: New entry : (SignalStrength: 99 99 -120 -160 -120 -1 -1 14 -113 -12 22 2147483647 2147483647 0x2000 gsm|lte : 0 )
01-13 13:02:06.410  5035  6446 V EPDG -- [SMARTWIFI]: Radio entry added
01-13 13:02:06.413  4616  4823 D NetworkController.MobileSignalController(0/1): callState:0, callStateByPhone:false voLTECall:false voiceNetTpe:13 dataNetType:13, ine911:false, emergencyCallbackMode:false
01-13 13:02:06.473  3757  4440 D AudioService: getStreamVolume 3 index 90
01-13 13:02:06.501  3757 31269 D AudioService: getStreamVolume 3 index 90
01-13 13:02:06.675  3757  3770 D AudioService: getStreamVolume 3 index 90
01-13 13:02:06.700 30188 30220 D UE4     : [2019.01.13-18.02.06:700][722]LogNet: Browse: /Game/Maps/StackMap
