01-23 01:28:44.730 14654 14672 D UE4     : [2019.01.23-06.28.44:730][  0]LogConfig: Applying CVar settings from Section [ShadowQuality@3] File [../../../StackerGame/Saved/Config/Android/Scalability.ini]
01-23 01:28:44.730 14654 14672 D UE4     : [2019.01.23-06.28.44:730][  0]LogConfig: Setting CVar [[r.LightFunctionQuality:1]]
01-23 01:28:44.730 14654 14672 D UE4     : [2019.01.23-06.28.44:730][  0]LogConfig: Setting CVar [[r.ShadowQuality:5]]
01-23 01:28:44.730 14654 14672 D UE4     : [2019.01.23-06.28.44:730][  0]LogConsoleManager: Setting the console variable 'r.ShadowQuality' with 'SetByScalability' was ignored as it is lower priority than the previous 'SetByDeviceProfile'. Value remains '2'
01-23 01:28:44.730 14654 14672 D UE4     : [2019.01.23-06.28.44:730][  0]LogConfig: Setting CVar [[r.Shadow.CSM.MaxCascades:10]]
01-23 01:28:44.730 14654 14672 D UE4     : [2019.01.23-06.28.44:730][  0]LogConfig: Setting CVar [[r.Shadow.MaxResolution:2048]]
01-23 01:28:44.731 14654 14672 D UE4     : [2019.01.23-06.28.44:730][  0]LogConfig: Setting CVar [[r.Shadow.MaxCSMResolution:2048]]
01-23 01:28:44.731 14654 14672 D UE4     : [2019.01.23-06.28.44:731][  0]LogConfig: Setting CVar [[r.Shadow.RadiusThreshold:0.01]]
01-23 01:28:44.731 14654 14672 D UE4     : [2019.01.23-06.28.44:731][  0]LogConfig: Setting CVar [[r.Shadow.DistanceScale:1.0]]
01-23 01:28:44.731 14654 14672 D UE4     : [2019.01.23-06.28.44:731][  0]LogConfig: Setting CVar [[r.Shadow.CSM.TransitionScale:1.0]]
01-23 01:28:44.731 14654 14672 D UE4     : [2019.01.23-06.28.44:731][  0]LogConfig: Setting CVar [[r.Shadow.PreShadowResolutionFactor:1.0]]
01-23 01:28:44.731 14654 14672 D UE4     : [2019.01.23-06.28.44:731][  0]LogConfig: Setting CVar [[r.DistanceFieldShadowing:1]]
01-23 01:28:44.731 14654 14672 D UE4     : [2019.01.23-06.28.44:731][  0]LogConfig: Setting CVar [[r.DistanceFieldAO:1]]
01-23 01:28:44.731 14654 14672 D UE4     : [2019.01.23-06.28.44:731][  0]LogConfig: Setting CVar [[r.AOQuality:2]]
01-23 01:28:44.731 14654 14672 D UE4     : [2019.01.23-06.28.44:731][  0]LogConfig: Setting CVar [[r.VolumetricFog:1]]
01-23 01:28:44.731 14654 14672 D UE4     : [2019.01.23-06.28.44:731][  0]LogConfig: Setting CVar [[r.VolumetricFog.GridPixelSize:8]]
01-23 01:28:44.731 14654 14672 D UE4     : [2019.01.23-06.28.44:731][  0]LogConfig: Setting CVar [[r.VolumetricFog.GridSizeZ:128]]
01-23 01:28:44.731 14654 14672 D UE4     : [2019.01.23-06.28.44:731][  0]LogConfig: Setting CVar [[r.VolumetricFog.HistoryMissSupersampleCount:4]]
01-23 01:28:44.731 14654 14672 D UE4     : [2019.01.23-06.28.44:731][  0]LogConfig: Setting CVar [[r.LightMaxDrawDistanceScale:1]]
01-23 01:28:44.731 14654 14672 D UE4     : [2019.01.23-06.28.44:731][  0]LogConfig: Setting CVar [[r.CapsuleShadows:1]]
01-23 01:28:44.731 14654 14672 D UE4     : [2019.01.23-06.28.44:731][  0]LogConfig: Applying CVar settings from Section [PostProcessQuality@3] File [../../../StackerGame/Saved/Config/Android/Scalability.ini]
01-23 01:28:44.731 14654 14672 D UE4     : [2019.01.23-06.28.44:731][  0]LogConfig: Setting CVar [[r.MotionBlurQuality:4]]
01-23 01:28:44.731 14654 14672 D UE4     : [2019.01.23-06.28.44:731][  0]LogConfig: Setting CVar [[r.AmbientOcclusionMipLevelFactor:0.4]]
01-23 01:28:44.732 14654 14672 D UE4     : [2019.01.23-06.28.44:732][  0]LogConfig: Setting CVar [[r.AmbientOcclusionMaxQuality:100]]
01-23 01:28:44.732 14654 14672 D UE4     : [2019.01.23-06.28.44:732][  0]LogConfig: Setting CVar [[r.AmbientOcclusionLevels:-1]]
01-23 01:28:44.732 14654 14672 D UE4     : [2019.01.23-06.28.44:732][  0]LogConfig: Setting CVar [[r.AmbientOcclusionRadiusScale:1.0]]
01-23 01:28:44.732 14654 14672 D UE4     : [2019.01.23-06.28.44:732][  0]LogConfig: Setting CVar [[r.DepthOfFieldQuality:2]]
01-23 01:28:44.732 14654 14672 D UE4     : [2019.01.23-06.28.44:732][  0]LogConsoleManager: Setting the console variable 'r.DepthOfFieldQuality' with 'SetByScalability' was ignored as it is lower priority than the previous 'SetByDeviceProfile'. Value remains '1'
01-23 01:28:44.732 14654 14672 D UE4     : [2019.01.23-06.28.44:732][  0]LogConfig: Setting CVar [[r.RenderTargetPoolMin:400]]
01-23 01:28:44.732 14654 14672 D UE4     : [2019.01.23-06.28.44:732][  0]LogConfig: Setting CVar [[r.LensFlareQuality:2]]
01-23 01:28:44.732 14654 14672 D UE4     : [2019.01.23-06.28.44:732][  0]LogConfig: Setting CVar [[r.SceneColorFringeQuality:1]]
01-23 01:28:44.732 14654 14672 D UE4     : [2019.01.23-06.28.44:732][  0]LogConfig: Setting CVar [[r.EyeAdaptationQuality:2]]
01-23 01:28:44.732 14654 14672 D UE4     : [2019.01.23-06.28.44:732][  0]LogConfig: Setting CVar [[r.BloomQuality:5]]
01-23 01:28:44.732 14654 14672 D UE4     : [2019.01.23-06.28.44:732][  0]LogConsoleManager: Setting the console variable 'r.BloomQuality' with 'SetByScalability' was ignored as it is lower priority than the previous 'SetByDeviceProfile'. Value remains '1'
01-23 01:28:44.732 14654 14672 D UE4     : [2019.01.23-06.28.44:732][  0]LogConfig: Setting CVar [[r.FastBlurThreshold:100]]
01-23 01:28:44.732 14654 14672 D UE4     : [2019.01.23-06.28.44:732][  0]LogConfig: Setting CVar [[r.Upscale.Quality:3]]
01-23 01:28:44.732 14654 14672 D UE4     : [2019.01.23-06.28.44:732][  0]LogConfig: Setting CVar [[r.Tonemapper.GrainQuantization:1]]
01-23 01:28:44.732 14654 14672 D UE4     : [2019.01.23-06.28.44:732][  0]LogConfig: Setting CVar [[r.LightShaftQuality:1]]
01-23 01:28:44.732 14654 14672 D UE4     : [2019.01.23-06.28.44:732][  0]LogConsoleManager: Setting the console variable 'r.LightShaftQuality' with 'SetByScalability' was ignored as it is lower priority than the previous 'SetByDeviceProfile'. Value remains '1'
01-23 01:28:44.733 14654 14672 D UE4     : [2019.01.23-06.28.44:732][  0]LogConfig: Setting CVar [[r.Filter.SizeScale:1]]
01-23 01:28:44.733 14654 14672 D UE4     : [2019.01.23-06.28.44:733][  0]LogConfig: Setting CVar [[r.Tonemapper.Quality:5]]
01-23 01:28:44.733 14654 14672 D UE4     : [2019.01.23-06.28.44:733][  0]LogConfig: Setting CVar [[r.DOF.Gather.AccumulatorQuality:1        ; higher gathering accumulator quality]]
01-23 01:28:44.733 14654 14672 D UE4     : [2019.01.23-06.28.44:733][  0]LogConfig: Setting CVar [[r.DOF.Gather.PostfilterMethod:1          ; Median3x3 postfilering method]]
01-23 01:28:44.733 14654 14672 D UE4     : [2019.01.23-06.28.44:733][  0]LogConfig: Setting CVar [[r.DOF.Gather.EnableBokehSettings:0       ; no bokeh simulation when gathering]]
01-23 01:28:44.733 14654 14672 D UE4     : [2019.01.23-06.28.44:733][  0]LogConfig: Setting CVar [[r.DOF.Gather.RingCount:4                 ; medium number of samples when gathering]]
01-23 01:28:44.733 14654 14672 D UE4     : [2019.01.23-06.28.44:733][  0]LogConfig: Setting CVar [[r.DOF.Scatter.ForegroundCompositing:1    ; additive foreground scattering]]
01-23 01:28:44.733 14654 14672 D UE4     : [2019.01.23-06.28.44:733][  0]LogConfig: Setting CVar [[r.DOF.Scatter.BackgroundCompositing:2    ; additive background scattering]]
01-23 01:28:44.733 14654 14672 D UE4     : [2019.01.23-06.28.44:733][  0]LogConfig: Setting CVar [[r.DOF.Scatter.EnableBokehSettings:1      ; bokeh simulation when scattering]]
01-23 01:28:44.733 14654 14672 D UE4     : [2019.01.23-06.28.44:733][  0]LogConfig: Setting CVar [[r.DOF.Scatter.MaxSpriteRatio:0.1         ; only a maximum of 10% of scattered bokeh]]
01-23 01:28:44.733 14654 14672 D UE4     : [2019.01.23-06.28.44:733][  0]LogConfig: Setting CVar [[r.DOF.Recombine.Quality:1                ; cheap slight out of focus]]
01-23 01:28:44.733 14654 14672 D UE4     : [2019.01.23-06.28.44:733][  0]LogConfig: Setting CVar [[r.DOF.Recombine.EnableBokehSettings:0    ; no bokeh simulation on slight out of focus]]
01-23 01:28:44.733 14654 14672 D UE4     : [2019.01.23-06.28.44:733][  0]LogConfig: Setting CVar [[r.DOF.TemporalAAQuality:1                ; more stable temporal accumulation]]
01-23 01:28:44.733 14654 14672 D UE4     : [2019.01.23-06.28.44:733][  0]LogConfig: Setting CVar [[r.DOF.Kernel.MaxForegroundRadius:0.025]]
01-23 01:28:44.733 14654 14672 D UE4     : [2019.01.23-06.28.44:733][  0]LogConfig: Setting CVar [[r.DOF.Kernel.MaxBackgroundRadius:0.025]]
01-23 01:28:44.733 14654 14672 D UE4     : [2019.01.23-06.28.44:733][  0]LogConfig: Applying CVar settings from Section [TextureQuality@3] File [../../../StackerGame/Saved/Config/Android/Scalability.ini]
01-23 01:28:44.734 14654 14672 D UE4     : [2019.01.23-06.28.44:733][  0]LogConfig: Setting CVar [[r.Streaming.MipBias:0]]
01-23 01:28:44.734 14654 14672 D UE4     : [2019.01.23-06.28.44:734][  0]LogConfig: Setting CVar [[r.Streaming.AmortizeCPUToGPUCopy:0]]
01-23 01:28:44.734 14654 14672 D UE4     : [2019.01.23-06.28.44:734][  0]LogConfig: Setting CVar [[r.Streaming.MaxNumTexturesToStreamPerFrame:0]]
01-23 01:28:44.734 14654 14672 D UE4     : [2019.01.23-06.28.44:734][  0]LogConfig: Setting CVar [[r.Streaming.Boost:1]]
01-23 01:28:44.734 14654 14672 D UE4     : [2019.01.23-06.28.44:734][  0]LogConfig: Setting CVar [[r.MaxAnisotropy:8]]
01-23 01:28:44.734 14654 14672 D UE4     : [2019.01.23-06.28.44:734][  0]LogConfig: Setting CVar [[r.Streaming.LimitPoolSizeToVRAM:0]]
01-23 01:28:44.734 14654 14672 D UE4     : [2019.01.23-06.28.44:734][  0]LogConfig: Setting CVar [[r.Streaming.PoolSize:1000]]
01-23 01:28:44.734 14654 14672 D UE4     : [2019.01.23-06.28.44:734][  0]LogConfig: Setting CVar [[r.Streaming.MaxEffectiveScreenSize:0]]
01-23 01:28:44.734 14654 14672 D UE4     : [2019.01.23-06.28.44:734][  0]LogConfig: Applying CVar settings from Section [EffectsQuality@3] File [../../../StackerGame/Saved/Config/Android/Scalability.ini]
01-23 01:28:44.734 14654 14672 D UE4     : [2019.01.23-06.28.44:734][  0]LogConfig: Setting CVar [[r.TranslucencyLightingVolumeDim:64]]
01-23 01:28:44.734 14654 14672 D UE4     : [2019.01.23-06.28.44:734][  0]LogConfig: Setting CVar [[r.RefractionQuality:2]]
01-23 01:28:44.734 14654 14672 D UE4     : [2019.01.23-06.28.44:734][  0]LogConsoleManager: Setting the console variable 'r.RefractionQuality' with 'SetByScalability' was ignored as it is lower priority than the previous 'SetByDeviceProfile'. Value remains '1'
01-23 01:28:44.734 14654 14672 D UE4     : [2019.01.23-06.28.44:734][  0]LogConfig: Setting CVar [[r.SSR.Quality:3]]
01-23 01:28:44.734 14654 14672 D UE4     : [2019.01.23-06.28.44:734][  0]LogConfig: Setting CVar [[r.SceneColorFormat:4]]
01-23 01:28:44.734 14654 14672 D UE4     : [2019.01.23-06.28.44:734][  0]LogConfig: Setting CVar [[r.DetailMode:2]]
01-23 01:28:44.734 14654 14672 D UE4     : [2019.01.23-06.28.44:734][  0]LogConfig: Setting CVar [[r.TranslucencyVolumeBlur:1]]
01-23 01:28:44.735 14654 14672 D UE4     : [2019.01.23-06.28.44:734][  0]LogConfig: Setting CVar [[r.MaterialQualityLevel:1 ; High quality]]
01-23 01:28:44.735 14654 14672 D UE4     : [2019.01.23-06.28.44:735][  0]LogConfig: Setting CVar [[r.SSS.Scale:1]]
01-23 01:28:44.735 14654 14672 D UE4     : [2019.01.23-06.28.44:735][  0]LogConfig: Setting CVar [[r.SSS.SampleSet:2]]
01-23 01:28:44.735 14654 14672 D UE4     : [2019.01.23-06.28.44:735][  0]LogConfig: Setting CVar [[r.SSS.Quality:1]]
01-23 01:28:44.735 14654 14672 D UE4     : [2019.01.23-06.28.44:735][  0]LogConfig: Setting CVar [[r.SSS.HalfRes:1]]
01-23 01:28:44.735 14654 14672 D UE4     : [2019.01.23-06.28.44:735][  0]LogConfig: Setting CVar [[r.EmitterSpawnRateScale:1.0]]
01-23 01:28:44.735 14654 14672 D UE4     : [2019.01.23-06.28.44:735][  0]LogConfig: Setting CVar [[r.ParticleLightQuality:2]]
01-23 01:28:44.735 14654 14672 D UE4     : [2019.01.23-06.28.44:735][  0]LogConfig: Applying CVar settings from Section [FoliageQuality@3] File [../../../StackerGame/Saved/Config/Android/Scalability.ini]
01-23 01:28:44.735 14654 14672 D UE4     : [2019.01.23-06.28.44:735][  0]LogConfig: Setting CVar [[foliage.DensityScale:1.0]]
01-23 01:28:44.735 14654 14672 D UE4     : [2019.01.23-06.28.44:735][  0]LogConfig: Setting CVar [[grass.DensityScale:1.0]]
01-23 01:28:44.735 14654 14672 D UE4     : [2019.01.23-06.28.44:735][  0]LogConfig: Applying CVar settings from Section [Startup] File [../../../Engine/Config/ConsoleVariables.ini]
01-23 01:28:44.736 14654 14672 D UE4     : [2019.01.23-06.28.44:736][  0]LogConfig: Setting CVar [[net.UseAdaptiveNetUpdateFrequency:0]]
01-23 01:28:44.736 14654 14672 D UE4     : [2019.01.23-06.28.44:736][  0]LogConfig: Applying CVar settings from Section [ConsoleVariables] File [../../../StackerGame/Saved/Config/Android/Engine.ini]
01-23 01:28:44.736 14654 14672 D UE4     : [2019.01.23-06.28.44:736][  0]LogConfig: Setting CVar [[r.AllowOcclusionQueries:0]]
01-23 01:28:44.736 14654 14672 D UE4     : [2019.01.23-06.28.44:736][  0]LogConfig: Setting CVar [[Slate.CacheRenderData:0]]
01-23 01:28:44.736 14654 14672 D UE4     : [2019.01.23-06.28.44:736][  0]LogConfig: Setting CVar [[r.VSync:1]]
01-23 01:28:44.736 14654 14672 D UE4     : [2019.01.23-06.28.44:736][  0]LogConfig: Setting CVar [[r.ParallelShadows:0]]
01-23 01:28:44.740 14654 14672 D UE4     : [2019.01.23-06.28.44:739][  0]LogInit: Memory total: Physical=3662.72MB (4GB approx) Available=1661.84MB PageSize=4.0KB
01-23 01:28:44.741 14654 14672 D UE4     : [2019.01.23-06.28.44:741][  0]LogInit: Using OS detected language (en-US).
01-23 01:28:44.741 14654 14672 D UE4     : [2019.01.23-06.28.44:741][  0]LogInit: Using OS detected locale (en-US).
01-23 01:28:44.742 14654 14672 D UE4     : [2019.01.23-06.28.44:742][  0]LogTextLocalizationManager: No specific localization for 'en-US' exists, so the 'en' localization will be used.
01-23 01:28:44.865 14654 14672 D UE4     : [2019.01.23-06.28.44:865][  0]LogStreaming: Display: Took  0.124s to InitEngineTextLocalization.
01-23 01:28:44.885 14654 14672 D UE4     : [2019.01.23-06.28.44:885][  0]LogSlate: New Slate User Created.  User Index 0, Is Virtual User: 0
01-23 01:28:44.885 14654 14672 D UE4     : [2019.01.23-06.28.44:885][  0]LogSlate: Slate User Registered.  User Index 0, Is Virtual User: 0
01-23 01:28:44.885 14654 14672 D UE4     : [2019.01.23-06.28.44:885][  0]LogAndroid: VulkanRHI will NOT be used:
01-23 01:28:44.885 14654 14672 D UE4     : [2019.01.23-06.28.44:885][  0]LogAndroid:  ** Vulkan support is not available (Driver, RHI or shaders are missing, or disabled by cmdline, see above logging for details)
01-23 01:28:44.885 14654 14672 D UE4     : [2019.01.23-06.28.44:885][  0]LogAndroid: OpenGL ES will be used.
01-23 01:28:44.886 14654 14672 D UE4     : FPlatformOpenGLDevice:Init
01-23 01:28:44.886 14654 14672 D UE4     : AndroidEGL::InitSurface 0, 1
01-23 01:28:44.886 14654 14672 D UE4     : [JAVA] - SetDesiredViewSize width=720 and height=1280
01-23 01:28:44.886 14654 14672 D UE4     : AndroidEGL::CreateEGLSurface() Already initialized: 0xe181f2a8
01-23 01:28:44.887 14654 14672 D UE4     : [2019.01.23-06.28.44:887][  0]LogRHI: Extension eglPresentationTimeANDROID Present
01-23 01:28:44.887 14654 14672 D UE4     : [2019.01.23-06.28.44:887][  0]LogRHI: Extension eglGetNextFrameIdANDROID Not Present
01-23 01:28:44.887 14654 14672 D UE4     : [2019.01.23-06.28.44:887][  0]LogRHI: Extension eglGetCompositorTimingANDROID Not Present
01-23 01:28:44.887 14654 14672 D UE4     : [2019.01.23-06.28.44:887][  0]LogRHI: Extension eglGetFrameTimestampsANDROID Not Present
01-23 01:28:44.887 14654 14672 D UE4     : [2019.01.23-06.28.44:887][  0]LogRHI: Extension eglQueryTimestampSupportedANDROID Not Present
01-23 01:28:44.887 14654 14672 D UE4     : [2019.01.23-06.28.44:887][  0]LogRHI: Extension eglGetCompositorTimingSupportedANDROID Not Present
01-23 01:28:44.887 14654 14672 D UE4     : [2019.01.23-06.28.44:887][  0]LogRHI: Extension eglGetFrameTimestampsSupportedANDROID Not Present
01-23 01:28:44.888 14654 14672 D UE4     : [2019.01.23-06.28.44:888][  0]LogRHI: Initializing OpenGL RHI
01-23 01:28:44.888 14654 14672 D UE4     : [2019.01.23-06.28.44:888][  0]LogRHI:   GL_VENDOR: ARM
01-23 01:28:44.888 14654 14672 D UE4     : [2019.01.23-06.28.44:888][  0]LogRHI:   GL_RENDERER: Mali-T760
01-23 01:28:44.888 14654 14672 D UE4     : [2019.01.23-06.28.44:888][  0]LogRHI:   GL_VERSION: OpenGL ES 3.2 v1.r15p0-00rel0.68b65ac7cf15907aeb95fa944f39eef2
01-23 01:28:44.888 14654 14672 D UE4     : [2019.01.23-06.28.44:888][  0]LogRHI:   GL_SHADING_LANGUAGE_VERSION: OpenGL ES GLSL ES 3.20
01-23 01:28:44.889 14654 14672 D UE4     : [2019.01.23-06.28.44:888][  0]LogRHI: OpenGL Extensions:
01-23 01:28:44.889 14654 14672 D UE4     : [2019.01.23-06.28.44:889][  0]LogRHI:   GL_EXT_debug_marker
01-23 01:28:44.889 14654 14672 D UE4     : [2019.01.23-06.28.44:889][  0]LogRHI:   GL_ARM_rgba8
01-23 01:28:44.889 14654 14672 D UE4     : [2019.01.23-06.28.44:889][  0]LogRHI:   GL_ARM_mali_shader_binary
01-23 01:28:44.889 14654 14672 D UE4     : [2019.01.23-06.28.44:889][  0]LogRHI:   GL_OES_depth24
01-23 01:28:44.889 14654 14672 D UE4     : [2019.01.23-06.28.44:889][  0]LogRHI:   GL_OES_depth_texture
01-23 01:28:44.889 14654 14672 D UE4     : [2019.01.23-06.28.44:889][  0]LogRHI:   GL_OES_depth_texture_cube_map
01-23 01:28:44.889 14654 14672 D UE4     : [2019.01.23-06.28.44:889][  0]LogRHI:   GL_OES_packed_depth_stencil
01-23 01:28:44.889 14654 14672 D UE4     : [2019.01.23-06.28.44:889][  0]LogRHI:   GL_OES_rgb8_rgba8
01-23 01:28:44.889 14654 14672 D UE4     : [2019.01.23-06.28.44:889][  0]LogRHI:   GL_EXT_read_format_bgra
01-23 01:28:44.889 14654 14672 D UE4     : [2019.01.23-06.28.44:889][  0]LogRHI:   GL_OES_compressed_paletted_texture
01-23 01:28:44.889 14654 14672 D UE4     : [2019.01.23-06.28.44:889][  0]LogRHI:   GL_OES_compressed_ETC1_RGB8_texture
01-23 01:28:44.889 14654 14672 D UE4     : [2019.01.23-06.28.44:889][  0]LogRHI:   GL_OES_standard_derivatives
01-23 01:28:44.889 14654 14672 D UE4     : [2019.01.23-06.28.44:889][  0]LogRHI:   GL_OES_EGL_image
01-23 01:28:44.889 14654 14672 D UE4     : [2019.01.23-06.28.44:889][  0]LogRHI:   GL_OES_EGL_image_external
01-23 01:28:44.889 14654 14672 D UE4     : [2019.01.23-06.28.44:889][  0]LogRHI:   GL_OES_EGL_image_external_essl3
01-23 01:28:44.890 14654 14672 D UE4     : [2019.01.23-06.28.44:889][  0]LogRHI:   GL_OES_EGL_sync
01-23 01:28:44.890 14654 14672 D UE4     : [2019.01.23-06.28.44:890][  0]LogRHI:   GL_OES_texture_npot
01-23 01:28:44.890 14654 14672 D UE4     : [2019.01.23-06.28.44:890][  0]LogRHI:   GL_OES_vertex_half_float
01-23 01:28:44.890 14654 14672 D UE4     : [2019.01.23-06.28.44:890][  0]LogRHI:   GL_OES_required_internalformat
01-23 01:28:44.890 14654 14672 D UE4     : [2019.01.23-06.28.44:890][  0]LogRHI:   GL_OES_vertex_array_object
01-23 01:28:44.890 14654 14672 D UE4     : [2019.01.23-06.28.44:890][  0]LogRHI:   GL_OES_mapbuffer
01-23 01:28:44.890 14654 14672 D UE4     : [2019.01.23-06.28.44:890][  0]LogRHI:   GL_EXT_texture_format_BGRA8888
01-23 01:28:44.890 14654 14672 D UE4     : [2019.01.23-06.28.44:890][  0]LogRHI:   GL_EXT_texture_rg
01-23 01:28:44.890 14654 14672 D UE4     : [2019.01.23-06.28.44:890][  0]LogRHI:   GL_EXT_texture_type_2_10_10_10_REV
01-23 01:28:44.890 14654 14672 D UE4     : [2019.01.23-06.28.44:890][  0]LogRHI:   GL_OES_fbo_render_mipmap
01-23 01:28:44.890 14654 14672 D UE4     : [2019.01.23-06.28.44:890][  0]LogRHI:   GL_OES_element_index_uint
01-23 01:28:44.890 14654 14672 D UE4     : [2019.01.23-06.28.44:890][  0]LogRHI:   GL_EXT_shadow_samplers
01-23 01:28:44.890 14654 14672 D UE4     : [2019.01.23-06.28.44:890][  0]LogRHI:   GL_OES_texture_compression_astc
01-23 01:28:44.890 14654 14672 D UE4     : [2019.01.23-06.28.44:890][  0]LogRHI:   GL_KHR_texture_compression_astc_ldr
01-23 01:28:44.890 14654 14672 D UE4     : [2019.01.23-06.28.44:890][  0]LogRHI:   GL_KHR_texture_compression_astc_hdr
01-23 01:28:44.891 14654 14672 D UE4     : [2019.01.23-06.28.44:890][  0]LogRHI:   GL_KHR_texture_compression_astc_sliced_3d
01-23 01:28:44.891 14654 14672 D UE4     : [2019.01.23-06.28.44:891][  0]LogRHI:   GL_KHR_debug
01-23 01:28:44.891 14654 14672 D UE4     : [2019.01.23-06.28.44:891][  0]LogRHI:   GL_EXT_occlusion_query_boolean
01-23 01:28:44.891 14654 14672 D UE4     : [2019.01.23-06.28.44:891][  0]LogRHI:   GL_EXT_disjoint_timer_query
01-23 01:28:44.891 14654 14672 D UE4     : [2019.01.23-06.28.44:891][  0]LogRHI:   GL_EXT_blend_minmax
01-23 01:28:44.891 14654 14672 D UE4     : [2019.01.23-06.28.44:891][  0]LogRHI:   GL_EXT_discard_framebuffer
01-23 01:28:44.891 14654 14672 D UE4     : [2019.01.23-06.28.44:891][  0]LogRHI:   GL_OES_get_program_binary
01-23 01:28:44.891 14654 14672 D UE4     : [2019.01.23-06.28.44:891][  0]LogRHI:   GL_OES_texture_3D
01-23 01:28:44.891 14654 14672 D UE4     : [2019.01.23-06.28.44:891][  0]LogRHI:   GL_EXT_texture_storage
01-23 01:28:44.891 14654 14672 D UE4     : [2019.01.23-06.28.44:891][  0]LogRHI:   GL_EXT_multisampled_render_to_texture
01-23 01:28:44.891 14654 14672 D UE4     : [2019.01.23-06.28.44:891][  0]LogRHI:   GL_OES_surfaceless_context
01-23 01:28:44.891 14654 14672 D UE4     : [2019.01.23-06.28.44:891][  0]LogRHI:   GL_OES_texture_stencil8
01-23 01:28:44.891 14654 14672 D UE4     : [2019.01.23-06.28.44:891][  0]LogRHI:   GL_EXT_shader_pixel_local_storage
01-23 01:28:44.891 14654 14672 D UE4     : [2019.01.23-06.28.44:891][  0]LogRHI:   GL_ARM_shader_framebuffer_fetch
01-23 01:28:44.891 14654 14672 D UE4     : [2019.01.23-06.28.44:891][  0]LogRHI:   GL_ARM_shader_framebuffer_fetch_depth_stencil
01-23 01:28:44.891 14654 14672 D UE4     : [2019.01.23-06.28.44:891][  0]LogRHI:   GL_ARM_mali_program_binary
01-23 01:28:44.891 14654 14672 D UE4     : [2019.01.23-06.28.44:891][  0]LogRHI:   GL_EXT_sRGB
01-23 01:28:44.891 14654 14672 D UE4     : [2019.01.23-06.28.44:891][  0]LogRHI:   GL_EXT_sRGB_write_control
01-23 01:28:44.891 14654 14672 D UE4     : [2019.01.23-06.28.44:891][  0]LogRHI:   GL_EXT_texture_sRGB_decode
01-23 01:28:44.891 14654 14672 D UE4     : [2019.01.23-06.28.44:891][  0]LogRHI:   GL_EXT_texture_sRGB_R8
01-23 01:28:44.891 14654 14672 D UE4     : [2019.01.23-06.28.44:891][  0]LogRHI:   GL_EXT_texture_sRGB_RG8
01-23 01:28:44.892 14654 14672 D UE4     : [2019.01.23-06.28.44:892][  0]LogRHI:   GL_KHR_blend_equation_advanced
01-23 01:28:44.892 14654 14672 D UE4     : [2019.01.23-06.28.44:892][  0]LogRHI:   GL_KHR_blend_equation_advanced_coherent
01-23 01:28:44.892 14654 14672 D UE4     : [2019.01.23-06.28.44:892][  0]LogRHI:   GL_OES_texture_storage_multisample_2d_array
01-23 01:28:44.892 14654 14672 D UE4     : [2019.01.23-06.28.44:892][  0]LogRHI:   GL_OES_shader_image_atomic
01-23 01:28:44.892 14654 14672 D UE4     : [2019.01.23-06.28.44:892][  0]LogRHI:   GL_EXT_robustness
01-23 01:28:44.892 14654 14672 D UE4     : [2019.01.23-06.28.44:892][  0]LogRHI:   GL_EXT_draw_buffers_indexed
01-23 01:28:44.892 14654 14672 D UE4     : [2019.01.23-06.28.44:892][  0]LogRHI:   GL_OES_draw_buffers_indexed
01-23 01:28:44.892 14654 14672 D UE4     : [2019.01.23-06.28.44:892][  0]LogRHI:   GL_EXT_texture_border_clamp
01-23 01:28:44.892 14654 14672 D UE4     : [2019.01.23-06.28.44:892][  0]LogRHI:   GL_OES_texture_border_clamp
01-23 01:28:44.892 14654 14672 D UE4     : [2019.01.23-06.28.44:892][  0]LogRHI:   GL_EXT_texture_cube_map_array
01-23 01:28:44.892 14654 14672 D UE4     : [2019.01.23-06.28.44:892][  0]LogRHI:   GL_OES_texture_cube_map_array
01-23 01:28:44.892 14654 14672 D UE4     : [2019.01.23-06.28.44:892][  0]LogRHI:   GL_OES_sample_variables
01-23 01:28:44.892 14654 14672 D UE4     : [2019.01.23-06.28.44:892][  0]LogRHI:   GL_OES_sample_shading
01-23 01:28:44.892 14654 14672 D UE4     : [2019.01.23-06.28.44:892][  0]LogRHI:   GL_OES_shader_multisample_interpolation
01-23 01:28:44.892 14654 14672 D UE4     : [2019.01.23-06.28.44:892][  0]LogRHI:   GL_EXT_shader_io_blocks
01-23 01:28:44.892 14654 14672 D UE4     : [2019.01.23-06.28.44:892][  0]LogRHI:   GL_OES_shader_io_blocks
01-23 01:28:44.892 14654 14672 D UE4     : [2019.01.23-06.28.44:892][  0]LogRHI:   GL_EXT_tessellation_shader
01-23 01:28:44.892 14654 14672 D UE4     : [2019.01.23-06.28.44:892][  0]LogRHI:   GL_OES_tessellation_shader
01-23 01:28:44.892 14654 14672 D UE4     : [2019.01.23-06.28.44:892][  0]LogRHI:   GL_EXT_primitive_bounding_box
01-23 01:28:44.892 14654 14672 D UE4     : [2019.01.23-06.28.44:892][  0]LogRHI:   GL_OES_primitive_bounding_box
01-23 01:28:44.893 14654 14672 D UE4     : [2019.01.23-06.28.44:892][  0]LogRHI:   GL_EXT_geometry_shader
01-23 01:28:44.893 14654 14672 D UE4     : [2019.01.23-06.28.44:893][  0]LogRHI:   GL_OES_geometry_shader
01-23 01:28:44.893 14654 14672 D UE4     : [2019.01.23-06.28.44:893][  0]LogRHI:   GL_ANDROID_extension_pack_es31a
01-23 01:28:44.893 14654 14672 D UE4     : [2019.01.23-06.28.44:893][  0]LogRHI:   GL_EXT_gpu_shader5
01-23 01:28:44.893 14654 14672 D UE4     : [2019.01.23-06.28.44:893][  0]LogRHI:   GL_OES_gpu_shader5
01-23 01:28:44.893 14654 14672 D UE4     : [2019.01.23-06.28.44:893][  0]LogRHI:   GL_EXT_texture_buffer
01-23 01:28:44.893 14654 14672 D UE4     : [2019.01.23-06.28.44:893][  0]LogRHI:   GL_OES_texture_buffer
01-23 01:28:44.893 14654 14672 D UE4     : [2019.01.23-06.28.44:893][  0]LogRHI:   GL_EXT_copy_image
01-23 01:28:44.893 14654 14672 D UE4     : [2019.01.23-06.28.44:893][  0]LogRHI:   GL_OES_copy_image
01-23 01:28:44.893 14654 14672 D UE4     : [2019.01.23-06.28.44:893][  0]LogRHI:   GL_EXT_color_buffer_half_float
01-23 01:28:44.893 14654 14672 D UE4     : [2019.01.23-06.28.44:893][  0]LogRHI:   GL_EXT_color_buffer_float
01-23 01:28:44.893 14654 14672 D UE4     : [2019.01.23-06.28.44:893][  0]LogRHI:   GL_EXT_YUV_target
01-23 01:28:44.893 14654 14672 D UE4     : [2019.01.23-06.28.44:893][  0]LogRHI:   GL_OVR_multiview
01-23 01:28:44.893 14654 14672 D UE4     : [2019.01.23-06.28.44:893][  0]LogRHI:   GL_OVR_multiview2
01-23 01:28:44.893 14654 14672 D UE4     : [2019.01.23-06.28.44:893][  0]LogRHI:   GL_OVR_multiview_multisampled_render_to_texture
01-23 01:28:44.893 14654 14672 D UE4     : [2019.01.23-06.28.44:893][  0]LogRHI:   GL_KHR_robustness
01-23 01:28:44.893 14654 14672 D UE4     : [2019.01.23-06.28.44:893][  0]LogRHI:   GL_KHR_robust_buffer_access_behavior
01-23 01:28:44.893 14654 14672 D UE4     : [2019.01.23-06.28.44:893][  0]LogRHI:   GL_EXT_draw_elements_base_vertex
01-23 01:28:44.893 14654 14672 D UE4     : [2019.01.23-06.28.44:893][  0]LogRHI:   GL_OES_draw_elements_base_vertex
01-23 01:28:44.893 14654 14672 D UE4     : [2019.01.23-06.28.44:893][  0]LogRHI:   GL_EXT_protected_textures
01-23 01:28:44.894 14654 14672 D UE4     : [2019.01.23-06.28.44:893][  0]LogRHI:   GL_MAX_VERTEX_ATTRIBS: 16
01-23 01:28:44.894 14654 14672 D UE4     : [2019.01.23-06.28.44:894][  0]LogRHI:   GL_MAX_VARYING_VECTORS: 15
01-23 01:28:44.894 14654 14672 D UE4     : [2019.01.23-06.28.44:894][  0]LogRHI:   GL_MAX_VERTEX_UNIFORM_VECTORS: 1024
01-23 01:28:44.894 14654 14672 D UE4     : [2019.01.23-06.28.44:894][  0]LogRHI:   GL_MAX_FRAGMENT_UNIFORM_VECTORS: 1024
01-23 01:28:44.895 14654 14672 D UE4     : [2019.01.23-06.28.44:895][  0]LogRHI: Fragment shader lowp precision: 10
01-23 01:28:44.895 14654 14672 D UE4     : [2019.01.23-06.28.44:895][  0]LogRHI: Fragment shader mediump precision: 10
01-23 01:28:44.895 14654 14672 D UE4     : [2019.01.23-06.28.44:895][  0]LogRHI: Fragment shader highp precision: 23
01-23 01:28:44.896 14654 14672 D UE4     : [2019.01.23-06.28.44:895][  0]LogRHI: Support for 8x MSAA detected
01-23 01:28:44.896 14654 14672 D UE4     : [2019.01.23-06.28.44:896][  0]LogRHI: Image external enabled: ImageExternalESSL300
01-23 01:28:44.896 14654 14672 D UE4     : [2019.01.23-06.28.44:896][  0]LogRHI: Device supports mobile multi-view.
01-23 01:28:44.898 14654 14672 D UE4     : [2019.01.23-06.28.44:897][  0]LogRHI:   GL_MAX_TEXTURE_SIZE: 8192
01-23 01:28:44.898 14654 14672 D UE4     : [2019.01.23-06.28.44:898][  0]LogRHI:   GL_MAX_CUBE_MAP_TEXTURE_SIZE: 4096
01-23 01:28:44.898 14654 14672 D UE4     : [2019.01.23-06.28.44:898][  0]LogRHI:   GL_MAX_ARRAY_TEXTURE_LAYERS: 256
01-23 01:28:44.898 14654 14672 D UE4     : [2019.01.23-06.28.44:898][  0]LogRHI:   GL_MAX_RENDERBUFFER_SIZE: 8192
01-23 01:28:44.898 14654 14672 D UE4     : [2019.01.23-06.28.44:898][  0]LogRHI:   GL_MAX_TEXTURE_IMAGE_UNITS: 16
01-23 01:28:44.898 14654 14672 D UE4     : [2019.01.23-06.28.44:898][  0]LogRHI:   GL_MAX_DRAW_BUFFERS: 4
01-23 01:28:44.898 14654 14672 D UE4     : [2019.01.23-06.28.44:898][  0]LogRHI:   GL_MAX_COLOR_ATTACHMENTS: 1
01-23 01:28:44.898 14654 14672 D UE4     : [2019.01.23-06.28.44:898][  0]LogRHI:   GL_MAX_SAMPLES: 1
01-23 01:28:44.898 14654 14672 D UE4     : [2019.01.23-06.28.44:898][  0]LogRHI:   GL_MAX_COLOR_TEXTURE_SAMPLES: 1
01-23 01:28:44.898 14654 14672 D UE4     : [2019.01.23-06.28.44:898][  0]LogRHI:   GL_MAX_DEPTH_TEXTURE_SAMPLES: 1
01-23 01:28:44.898 14654 14672 D UE4     : [2019.01.23-06.28.44:898][  0]LogRHI:   GL_MAX_INTEGER_SAMPLES: 1
01-23 01:28:44.898 14654 14672 D UE4     : [2019.01.23-06.28.44:898][  0]LogRHI:   GL_MAX_COMBINED_TEXTURE_IMAGE_UNITS: 96
01-23 01:28:44.898 14654 14672 D UE4     : [2019.01.23-06.28.44:898][  0]LogRHI:   GL_MAX_VERTEX_ATTRIBS: 16
01-23 01:28:44.898 14654 14672 D UE4     : [2019.01.23-06.28.44:898][  0]LogRHI: OpenGL MajorVersion = 2, MinorVersion = 0, ShaderPlatform = GLSL_ES2, FeatureLevel = ES2
01-23 01:28:44.898 14654 14672 D UE4     : [2019.01.23-06.28.44:898][  0]LogRHI: PLATFORM_ANDROID
01-23 01:28:44.898 14654 14672 D UE4     : [2019.01.23-06.28.44:898][  0]LogRHI: Enabling program binary cache as /storage/emulated/0/Android/data/com.GeekTechnique.InfinityStack/files/ProgramBinaryCache/GLSL_ES2_60D556DEDF0DE1EBDD6379802F1CD396F0CC8D40
01-23 01:28:44.899 14654 14672 D UE4     : [2019.01.23-06.28.44:899][  0]LogRHI: FOpenGLProgramBinaryCache will be initialized when ShaderPipelineCache opens its file
01-23 01:28:44.908 14654 14672 D UE4     : [2019.01.23-06.28.44:908][  0]LogRHI: Texture pool is 1000 MB (of 0 MB total graphics mem)
01-23 01:28:44.908 14654 14672 D UE4     : [2019.01.23-06.28.44:908][  0]LogRHI: Display: Testing for shader compiler compatibility
01-23 01:28:44.908 14654 14672 D UE4     : [2019.01.23-06.28.44:908][  0]LogRHI: Display: Shaders compile fine no need to enable hacks
01-23 01:28:44.909 14654 14672 D UE4     : [2019.01.23-06.28.44:908][  0]LogRHI: Display: Testing for round() function availability
01-23 01:28:44.909 14654 14672 D UE4     : [2019.01.23-06.28.44:909][  0]LogRHI: Warning: Disabling the need for the round() function hack
01-23 01:28:44.909 14654 14672 D UE4     : [2019.01.23-06.28.44:909][  0]LogShaderLibrary: Display: Failed to load Shared Shader Library: Global and no native library supported.
01-23 01:28:44.910 14654 14672 D UE4     : [2019.01.23-06.28.44:910][  0]LogShaderLibrary: Display: Failed to load Shared Shader Library: Global_SC and no native library supported.
01-23 01:28:44.910 14654 14672 D UE4     : [2019.01.23-06.28.44:910][  0]LogShaderLibrary: Display: Failed to load Shared Shader Library: Paper2D and no native library supported.
01-23 01:28:44.910 14654 14672 D UE4     : [2019.01.23-06.28.44:910][  0]LogShaderLibrary: Display: Failed to load Shared Shader Library: Paper2D_SC and no native library supported.
01-23 01:28:44.911 14654 14672 D UE4     : [2019.01.23-06.28.44:911][  0]LogShaderLibrary: Display: Failed to load Shared Shader Library: Paper2D and no native library supported.
01-23 01:28:44.911 14654 14672 D UE4     : [2019.01.23-06.28.44:911][  0]LogShaderLibrary: Display: Failed to load Shared Shader Library: Paper2D_SC and no native library supported.
01-23 01:28:44.911 14654 14672 D UE4     : [2019.01.23-06.28.44:911][  0]LogShaderLibrary: Display: Failed to load Shared Shader Library: CryptoKeys and no native library supported.
01-23 01:28:44.911 14654 14672 D UE4     : [2019.01.23-06.28.44:911][  0]LogShaderLibrary: Display: Failed to load Shared Shader Library: CryptoKeys_SC and no native library supported.
01-23 01:28:44.911 14654 14672 D UE4     : [2019.01.23-06.28.44:911][  0]LogShaderLibrary: Display: Failed to load Shared Shader Library: CryptoKeys and no native library supported.
01-23 01:28:44.912 14654 14672 D UE4     : [2019.01.23-06.28.44:912][  0]LogShaderLibrary: Display: Failed to load Shared Shader Library: CryptoKeys_SC and no native library supported.
01-23 01:28:44.912 14654 14672 D UE4     : [2019.01.23-06.28.44:912][  0]LogShaderLibrary: Display: Failed to load Shared Shader Library: MeshEditor and no native library supported.
01-23 01:28:44.912 14654 14672 D UE4     : [2019.01.23-06.28.44:912][  0]LogShaderLibrary: Display: Failed to load Shared Shader Library: MeshEditor_SC and no native library supported.
01-23 01:28:44.912 14654 14672 D UE4     : [2019.01.23-06.28.44:912][  0]LogShaderLibrary: Display: Failed to load Shared Shader Library: MeshEditor and no native library supported.
01-23 01:28:44.912 14654 14672 D UE4     : [2019.01.23-06.28.44:912][  0]LogShaderLibrary: Display: Failed to load Shared Shader Library: MeshEditor_SC and no native library supported.
01-23 01:28:44.913 14654 14672 D UE4     : [2019.01.23-06.28.44:913][  0]LogShaderLibrary: Display: Failed to load Shared Shader Library: DatasmithContent and no native library supported.
01-23 01:28:44.913 14654 14672 D UE4     : [2019.01.23-06.28.44:913][  0]LogShaderLibrary: Display: Failed to load Shared Shader Library: DatasmithContent_SC and no native library supported.
01-23 01:28:44.913 14654 14672 D UE4     : [2019.01.23-06.28.44:913][  0]LogShaderLibrary: Display: Failed to load Shared Shader Library: DatasmithContent and no native library supported.
01-23 01:28:44.913 14654 14672 D UE4     : [2019.01.23-06.28.44:913][  0]LogShaderLibrary: Display: Failed to load Shared Shader Library: DatasmithContent_SC and no native library supported.
01-23 01:28:44.913 14654 14672 D UE4     : [2019.01.23-06.28.44:913][  0]LogShaderLibrary: Display: Failed to load Shared Shader Library: VariantManagerContent and no native library supported.
01-23 01:28:44.914 14654 14672 D UE4     : [2019.01.23-06.28.44:914][  0]LogShaderLibrary: Display: Failed to load Shared Shader Library: VariantManagerContent_SC and no native library supported.
01-23 01:28:44.914 14654 14672 D UE4     : [2019.01.23-06.28.44:914][  0]LogShaderLibrary: Display: Failed to load Shared Shader Library: VariantManagerContent and no native library supported.
01-23 01:28:44.914 14654 14672 D UE4     : [2019.01.23-06.28.44:914][  0]LogShaderLibrary: Display: Failed to load Shared Shader Library: VariantManagerContent_SC and no native library supported.
01-23 01:28:44.914 14654 14672 D UE4     : [2019.01.23-06.28.44:914][  0]LogShaderLibrary: Display: Failed to load Shared Shader Library: MediaCompositing and no native library supported.
01-23 01:28:44.914 14654 14672 D UE4     : [2019.01.23-06.28.44:914][  0]LogShaderLibrary: Display: Failed to load Shared Shader Library: MediaCompositing_SC and no native library supported.
01-23 01:28:44.915 14654 14672 D UE4     : [2019.01.23-06.28.44:915][  0]LogShaderLibrary: Display: Failed to load Shared Shader Library: MediaCompositing and no native library supported.
01-23 01:28:44.915 14654 14672 D UE4     : [2019.01.23-06.28.44:915][  0]LogShaderLibrary: Display: Failed to load Shared Shader Library: MediaCompositing_SC and no native library supported.
01-23 01:28:44.915 14654 14672 D UE4     : [2019.01.23-06.28.44:915][  0]LogShaderLibrary: Display: Failed to load Shared Shader Library: OculusVR and no native library supported.
01-23 01:28:44.915 14654 14672 D UE4     : [2019.01.23-06.28.44:915][  0]LogShaderLibrary: Display: Failed to load Shared Shader Library: OculusVR_SC and no native library supported.
01-23 01:28:44.915 14654 14672 D UE4     : [2019.01.23-06.28.44:915][  0]LogShaderLibrary: Display: Failed to load Shared Shader Library: OculusVR and no native library supported.
01-23 01:28:44.916 14654 14672 D UE4     : [2019.01.23-06.28.44:916][  0]LogShaderLibrary: Display: Failed to load Shared Shader Library: OculusVR_SC and no native library supported.
01-23 01:28:44.916 14654 14672 D UE4     : [2019.01.23-06.28.44:916][  0]LogShaderLibrary: Display: Failed to load Shared Shader Library: SteamVR and no native library supported.
01-23 01:28:44.916 14654 14672 D UE4     : [2019.01.23-06.28.44:916][  0]LogShaderLibrary: Display: Failed to load Shared Shader Library: SteamVR_SC and no native library supported.
01-23 01:28:44.916 14654 14672 D UE4     : [2019.01.23-06.28.44:916][  0]LogShaderLibrary: Display: Failed to load Shared Shader Library: SteamVR and no native library supported.
01-23 01:28:44.916 14654 14672 D UE4     : [2019.01.23-06.28.44:916][  0]LogShaderLibrary: Display: Failed to load Shared Shader Library: SteamVR_SC and no native library supported.
01-23 01:28:44.943 14654 14672 D UE4     : [2019.01.23-06.28.44:943][  0]LogMaterial: Verifying Global Shaders for GLSL_ES2
01-23 01:28:45.056 14654 14672 D UE4     : [2019.01.23-06.28.45:056][  0]LogSlate: Using FreeType 2.4.12
01-23 01:28:45.057 14654 14672 D UE4     : [2019.01.23-06.28.45:057][  0]LogSlate: SlateFontServices - WITH_FREETYPE: 1, WITH_HARFBUZZ: 1
01-23 01:28:45.077  3757  5884 D CustomFrequencyManagerService: releaseDVFSLockLocked : Getting Lock type frm List : DVFS_MIN_LIMIT  frequency : 1300000  uid : 1000  pid : 3757  tag : AMS_ACT_RESUME@CPU_MIN@13
01-23 01:28:45.078  3757  5884 D ActivityManagerPerformance: AMP_release() ACT_RESUME
01-23 01:28:45.210 14654 14654 D ViewRootImpl@c9e8dee[GameActivity]: mHardwareRenderer.destroy()#4
01-23 01:28:45.210 14654 14654 D ViewRootImpl@c9e8dee[GameActivity]: dispatchDetachedFromWindow
01-23 01:28:45.212  3757  4473 D WindowManager: disposeInputChannel mInputChannel: 1fcdac8 com.GeekTechnique.InfinityStack/com.epicgames.ue4.GameActivity (server)
01-23 01:28:45.213  3757  4473 I WindowManager_SurfaceController: Destroying surface Surface(name=com.GeekTechnique.InfinityStack/com.epicgames.ue4.GameActivity) called by com.android.server.wm.WindowStateAnimator.destroySurface:2907 com.android.server.wm.WindowStateAnimator.destroySurfaceLocked:1120 com.android.server.wm.WindowState.removeLocked:1864 com.android.server.wm.WindowManagerService.removeWindowInnerLocked:2934 com.android.server.wm.WindowManagerService.removeWindowLocked:2879 com.android.server.wm.WindowManagerService.removeWindowLocked:2689 com.android.server.wm.WindowManagerService.removeWindow:2684 com.android.server.wm.Session.remove:218 
01-23 01:28:45.214  3215  4549 I SurfaceFlinger: id=21709 Removed HameActivit (6/10)
01-23 01:28:45.215  3215 15153 I SurfaceFlinger: id=21709 Removed HameActivit (-2/10)
01-23 01:28:45.222 14654 14672 D UE4     : [2019.01.23-06.28.45:222][  0]LogShaderLibrary: Display: Failed to load Shared Shader Library: StackerGame and no native library supported.
01-23 01:28:45.222 14654 14672 D UE4     : [2019.01.23-06.28.45:222][  0]LogShaderLibrary: Display: Failed to load Shared Shader Library: StackerGame_SC and no native library supported.
01-23 01:28:45.222 14654 14672 D UE4     : [2019.01.23-06.28.45:222][  0]LogRHI: Display: Opened pipeline cache after state change and enqueued -1101568832 of 0 tasks for precompile.
01-23 01:28:45.223 14654 14672 D UE4     : [2019.01.23-06.28.45:222][  0]LogShaderLibrary: Display: Failed to load Shared Shader Library: StackerGame and no native library supported.
01-23 01:28:45.223 14654 14672 D UE4     : [2019.01.23-06.28.45:223][  0]LogShaderLibrary: Display: Failed to load Shared Shader Library: StackerGame_SC and no native library supported.
01-23 01:28:45.223 14654 14672 D UE4     : [2019.01.23-06.28.45:223][  0]LogRHI: Display: Opened pipeline cache after state change and enqueued -1101568064 of 0 tasks for precompile.
01-23 01:28:45.223 14654 14672 D UE4     : [2019.01.23-06.28.45:223][  0]LogRHI: Display: Failed to open default shader pipeline cache for StackerGame using shader platform 8.
01-23 01:28:45.223 14654 14672 D UE4     : [2019.01.23-06.28.45:223][  0]LogInit: Using OS detected language (en-US).
01-23 01:28:45.223 14654 14672 D UE4     : [2019.01.23-06.28.45:223][  0]LogInit: Using OS detected locale (en-US).
01-23 01:28:45.223 14654 14672 D UE4     : [2019.01.23-06.28.45:223][  0]LogTextLocalizationManager: No localization for 'en-US' exists, so 'en' will be used for the language.
01-23 01:28:45.223  3757  4473 D InputTransport: Input channel destroyed: fd=406
01-23 01:28:45.223 14654 14672 D UE4     : [2019.01.23-06.28.45:223][  0]LogTextLocalizationManager: No localization for 'en-US' exists, so 'en' will be used for the locale.
01-23 01:28:45.224 14654 14672 D UE4     : [2019.01.23-06.28.45:224][  0]LogSlate: FontCache flush requested. Reason: Culture for localization was changed
01-23 01:28:45.224 14654 14672 D UE4     : [2019.01.23-06.28.45:224][  0]LogSlate: FontCache flush requested. Reason: Culture for localization was changed
01-23 01:28:45.226 14654 14654 D InputTransport: Input channel destroyed: fd=67
01-23 01:28:45.320 14654 14672 D UE4     : [2019.01.23-06.28.45:320][  0]LogStreaming: Display: Took  0.097s to InitGameTextLocalization.
01-23 01:28:45.405 14654 14672 D UE4     : [2019.01.23-06.28.45:405][  0]LogAssetRegistry: FAssetRegistry took 0.0831 seconds to start up
01-23 01:28:45.890  5689  5689 D io_stats: !@   8,0 r 6733852 199731896 w 5074377 106808160 d 740305 50361312 f 1261376 1261070 iot 8075760 4689701 th 61440 61440 43788 pt 12380 inp 0 0 469984.459
01-23 01:28:45.916 14654 14672 D UE4     : [2019.01.23-06.28.45:916][  0]LogStreaming: Display: Flushing async loaders.
01-23 01:28:45.999 14654 14672 D UE4     : [2019.01.23-06.28.45:999][  0]LogPackageLocalizationCache: Processed 10 localized package path(s) for 1 prioritized culture(s) in 0.082575 seconds
01-23 01:28:46.099 14654 14672 D UE4     : [2019.01.23-06.28.46:099][  0]LogNetVersion: StackerGame 1.0.0, NetCL: 4541578, EngineNetVer: 5, GameNetVer: 0 (Checksum: 1419414380)
01-23 01:28:46.539  3757  9599 D TelephonyManager: getAllCellInfo : Caller (PID / UID / TID): 3757 / 1000 / 9599
01-23 01:28:46.562  3757  4458 D WifiStateMachine: Current network is: "wilkinson2.4" , ID is: 30
01-23 01:28:46.562  3757  4458 I WifiStateMachine: IMS calling, current network is always qualified
01-23 01:28:46.642  3757 31270 D BatteryService: !@BatteryListener : batteryPropertiesChanged!
01-23 01:28:46.643  3757 31270 D BatteryService: level:65, scale:100, status:2, health:2, present:true, voltage: 4027, temperature: 312, technology: Li-ion, AC powered:false, USB powered:true, POGO powered:false, Wireless powered:false, icon:17303694, invalid charger:0, maxChargingCurrent:0, maxChargingVoltage:0, chargeCounter:0
01-23 01:28:46.643  3757 31270 D BatteryService: online:6, current avg:737, charge type:1, power sharing:false, high voltage charger:false, capacity:280000, batterySWSelfDischarging:false, misc_event:0, current_now:770
01-23 01:28:46.643  3757  3757 D BatteryService: Sending ACTION_BATTERY_CHANGED.
01-23 01:28:46.648  3757  3795 D PowerManagerService: [PSM] lowPowerModeEnabled: true (mLowPowerModeSetting: true, mIsPowered: true, mAutoLowPowerModeConfigured: false, mBatteryLevel: 65, mLowBatteryTriggerLevel: 0, mUltraPowerSavingModeEnabled: false, mEmergencyModeEnabled: false)
01-23 01:28:46.652  3757  3757 V UiModeManager: updateLocked: null action, mDockState=0, category=null
01-23 01:28:46.652  3757  3757 D UiModeManager: updateConfigurationLocked: mDockState=0; mCarMode=false; mNightMode=1; uiMode=17
01-23 01:28:46.656  3757  3757 D GameManagerService: new battery level: 65
01-23 01:28:46.656  3757  3777 E BatteryStatsService: no controller energy info supplied
01-23 01:28:46.659  4616  4616 D KeyguardUpdateMonitor: received broadcast android.intent.action.BATTERY_CHANGED
01-23 01:28:46.662  4616  4616 D PowerUI : priorPlugType = 2 mPlugType =  2
01-23 01:28:46.664  4616  4616 D PowerUI.Notification: showChargingNotice oldChargingType : 1 currentChargingType : 1 oldChargingTime : 4909000 mChargingTime : 4898000
01-23 01:28:46.664  4616  4616 D PowerUI.Notification: showChargingNotification()
01-23 01:28:46.670  5024  5024 D PhoneApp: PhoneAppBroadcastReceiver onReceive android.intent.action.BATTERY_CHANGED
01-23 01:28:46.670  5024  5024 D TelephonyExtensionManager: lowBatterySound - isLowBatterySoundScheduled: false
01-23 01:28:46.670  5024  5024 D TelephonyExtensionManager: lowBatterySound - isPlayNow: false
01-23 01:28:46.671  5024  5024 D TelephonyExtensionManager: isSpeakerON - true
01-23 01:28:46.682  7685  7685 E MtpServerJNI: server is null in send_object_removed
01-23 01:28:46.683 14378 14378 I BatteryReceiver: now=1548224926682 source=USB level=0.65 health=GOOD
01-23 01:28:46.686  5024  5024 D TelephonyExtensionManager: lowBatterySound - batteryStatus: 2
01-23 01:28:46.686  5024  5024 D TelephonyExtensionManager: lowBatterySound - batteryLevel: 65
01-23 01:28:46.686  5024  5024 D TelephonyExtensionManager: lowBatterySound - cancel
01-23 01:28:46.687  3757  7203 D SamsungAlarmManager: Cancel Alarm calling from uid:1001 pid :5024 / op:PendingIntent{6dacad1: PendingIntentRecord{d0134fb com.android.phone broadcastIntent}}
01-23 01:28:46.688  3757 29842 D ApplicationPolicy: isStatusBarNotificationAllowedAsUser: packageName = com.android.systemui,userId = -1
01-23 01:28:46.688  5024  5024 D TelephonyExtension: Not stopping low battery tone
01-23 01:28:46.688  4616  4616 D KeyguardUpdateMonitor: handleBatteryUpdate
01-23 01:28:46.690  4616  4616 D BatteryMeterDrawable: isSomethingChanged - true
01-23 01:28:46.691  4616  4616 D BatteryMeterDrawable: isSomethingChanged - true
01-23 01:28:46.694  4616  4616 D Tile.FlashlightTile: ACTION_BATTERY_CHANGED - Level :: 65, emEnabled :: false
01-23 01:28:46.701  3757  3777 E BatteryStatsService: power: Missing API
01-23 01:28:46.716  3757  9599 D SSRM:t  : SIOP:: AP = 350, PST = 326 (W:10), CP = 268, CUR = 323, LCD = 182
01-23 01:28:46.718  3757  9599 D ConnectivityService: filterNetworkStateForUid() uid: 1000 networkInfo: [type: WIFI[] - WIFI, state: CONNECTED/CONNECTED, reason: (unspecified), extra: "wilkinson2.4", failover: false, available: true, roaming: false, metered: false]
01-23 01:28:46.733  3757  3777 E BatteryStatsService: modem info is invalid: ModemActivityInfo{ mTimestamp=0 mSleepTimeMs=0 mIdleTimeMs=0 mTxTimeMs[]=[0, 0, 0, 0, 0] mRxTimeMs=0 mEnergyUsed=0}
01-23 01:28:46.736  4616  4616 D KeyguardServiceBoxContainer: updateCMAS() hasCmasNotification = false, mHasCMAS = false
01-23 01:28:46.771 14654 14672 I MediaPlayer: Need to enable context aware info
01-23 01:28:46.771 14654 14672 V MediaPlayer-JNI: native_setup
01-23 01:28:46.771 14654 14672 V MediaPlayer: constructor
01-23 01:28:46.775 14654 14672 V MediaPlayer: setListener
01-23 01:28:46.777 14654 14672 D UE4     : [2019.01.23-06.28.46:777][  0]LogMoviePlayer: Initializing movie player
01-23 01:28:46.778 14654 14672 D UE4     : [2019.01.23-06.28.46:778][  0]LogTcpMessaging: Initializing TcpMessaging bridge, listening on 127.0.0.1:6666
01-23 01:28:46.781 14654 14672 D UE4     : [2019.01.23-06.28.46:781][  0]LogUdpMessaging: Initializing bridge on interface 0.0.0.0:0 to multicast group 230.0.0.1:6666.
01-23 01:28:46.793 14654 14672 D UE4     : [2019.01.23-06.28.46:793][  0]LogAndroidPermission: UAndroidPermissionCallbackProxy::GetInstance
01-23 01:28:46.794 14654 14672 D UE4     : [2019.01.23-06.28.46:794][  0]LogOcInput: OculusInput pre-init called
01-23 01:28:46.826 14654 14672 D UE4     : [2019.01.23-06.28.46:826][  0]LogUObjectArray: 35064 objects as part of root set at end of initial load.
01-23 01:28:46.826 14654 14672 D UE4     : [2019.01.23-06.28.46:826][  0]LogUObjectArray: 2 objects are not in the root set, but can never be destroyed because they are in the DisregardForGC set.
01-23 01:28:46.826 14654 14672 D UE4     : [2019.01.23-06.28.46:826][  0]LogUObjectAllocator: 3861432 out of 0 bytes used by permanent object pool.
01-23 01:28:46.826 14654 14672 D UE4     : [2019.01.23-06.28.46:826][  0]LogUObjectArray: CloseDisregardForGC: 35064/35064 objects in disregard for GC pool
01-23 01:28:46.841 14654 14672 D UE4     : [2019.01.23-06.28.46:841][  0]LogAndroid: Display: Passed PreInit()
01-23 01:28:46.844 14654 14672 D UE4     : [2019.01.23-06.28.46:844][  0]LogEngine: Initializing Engine...
01-23 01:28:46.860 14654 14672 D UE4     : [2019.01.23-06.28.46:860][  0]LogStats: UGameplayTagsManager::ConstructGameplayTagTree: ImportINI prefixes -  0.000 s
01-23 01:28:46.861 14654 14672 D UE4     : [2019.01.23-06.28.46:860][  0]LogStats: UGameplayTagsManager::ConstructGameplayTagTree: Construct from data asset -  0.000 s
01-23 01:28:46.861 14654 14672 D UE4     : [2019.01.23-06.28.46:861][  0]LogStats: UGameplayTagsManager::ConstructGameplayTagTree: ImportINI -  0.001 s
01-23 01:28:46.862 14654 14672 D UE4     : [2019.01.23-06.28.46:861][  0]LogStats: UGameplayTagsManager::ConstructGameplayTagTree: GameplayTagTreeChangedEvent.Broadcast -  0.000 s
01-23 01:28:46.982  3757  4354 D SamsungAlarmManager: Expired : 8
01-23 01:28:46.984  3757  4354 I SamsungAlarmManager: setLocked to kernel - T:3 / 20190123T012859, SetElapsed=1425580782, nowELAPSED=1425567766
01-23 01:28:46.984  3757  4354 V SamsungAlarmManager: Sending to uid : 10059 action=null alarm=Alarm{bdd0037 type 3 when 1425567765 com.asurion.android.verizon.vms}
01-23 01:28:46.985 14654 14672 D UE4     : [2019.01.23-06.28.46:985][  0]LogInit: Initializing FReadOnlyCVARCache
01-23 01:28:46.985 14654 14672 D UE4     : [2019.01.23-06.28.46:985][  0]LogAndroidAudio: Warning: SL Entered Init HW
01-23 01:28:46.985 14654 14672 D UE4     : [2019.01.23-06.28.46:985][  0]LogAndroidAudio: Warning: OpenSLES Initializing HW
01-23 01:28:46.986 14654 14672 D UE4     : [2019.01.23-06.28.46:986][  0]LogAndroidAudio: Warning: OpenSLES Initialized
01-23 01:28:46.986 14654 14672 D UE4     : [2019.01.23-06.28.46:986][  0]LogAndroidAudio: Warning: OpenSLAudioDevice: Allocated 12 sources
01-23 01:28:46.986 14654 14672 D UE4     : [2019.01.23-06.28.46:986][  0]LogInit: FAudioDevice initialized.
