--------- beginning of system
01-07 16:26:53.612  3757 29841 D BatteryService: !@BatteryListener : batteryPropertiesChanged!
01-07 16:26:53.612  3757 29841 D BatteryService: level:66, scale:100, status:2, health:2, present:true, voltage: 4082, temperature: 302, technology: Li-ion, AC powered:false, USB powered:true, POGO powered:false, Wireless powered:false, icon:17303694, invalid charger:0, maxChargingCurrent:0, maxChargingVoltage:0, chargeCounter:0
01-07 16:26:53.612  3757 29841 D BatteryService: online:6, current avg:759, charge type:1, power sharing:false, high voltage charger:false, capacity:280000, batterySWSelfDischarging:false, misc_event:0, current_now:669
01-07 16:26:53.612  3757  3757 D BatteryService: Sending ACTION_BATTERY_CHANGED.
01-07 16:26:53.616  3757  3757 V UiModeManager: updateLocked: null action, mDockState=0, category=null
01-07 16:26:53.616  3757  3757 D UiModeManager: updateConfigurationLocked: mDockState=0; mCarMode=false; mNightMode=1; uiMode=17
01-07 16:26:53.617  3757  3757 D GameManagerService: new battery level: 66
--------- beginning of main
01-07 16:26:53.619  4616  4616 D KeyguardUpdateMonitor: received broadcast android.intent.action.BATTERY_CHANGED
01-07 16:26:53.619  4616  4616 D KeyguardUpdateMonitor: handleBatteryUpdate
01-07 16:26:53.621  4616  4616 D PowerUI : priorPlugType = 2 mPlugType =  2
01-07 16:26:53.622  4616  4616 D PowerUI.Notification: showChargingNotice oldChargingType : 1 currentChargingType : 1 oldChargingTime : 4452000 mChargingTime : 4441000
01-07 16:26:53.622  4616  4616 D PowerUI.Notification: showChargingNotification()
01-07 16:26:53.624  5024  5024 D PhoneApp: PhoneAppBroadcastReceiver onReceive android.intent.action.BATTERY_CHANGED
01-07 16:26:53.624  5024  5024 D TelephonyExtensionManager: lowBatterySound - isLowBatterySoundScheduled: false
01-07 16:26:53.624  5024  5024 D TelephonyExtensionManager: lowBatterySound - isPlayNow: false
01-07 16:26:53.625  5024  5024 D TelephonyExtensionManager: isSpeakerON - false
01-07 16:26:53.632  5024  5024 D TelephonyExtensionManager: lowBatterySound - batteryStatus: 2
01-07 16:26:53.632  5024  5024 D TelephonyExtensionManager: lowBatterySound - batteryLevel: 66
01-07 16:26:53.632  5024  5024 D TelephonyExtensionManager: lowBatterySound - cancel
01-07 16:26:53.632  3757  4482 D SamsungAlarmManager: Cancel Alarm calling from uid:1001 pid :5024 / op:PendingIntent{c4ba4b: PendingIntentRecord{1542118 com.android.phone broadcastIntent}}
01-07 16:26:53.633  3757 10512 D ApplicationPolicy: isStatusBarNotificationAllowedAsUser: packageName = com.android.systemui,userId = -1
01-07 16:26:53.633  5024  5024 D TelephonyExtension: Not stopping low battery tone
01-07 16:26:53.635  4616  4616 D BatteryMeterDrawable: isSomethingChanged - false
01-07 16:26:53.635  4616  4616 D BatteryMeterDrawable: isSomethingChanged - false
01-07 16:26:53.640  4616  4616 D Tile.FlashlightTile: ACTION_BATTERY_CHANGED - Level :: 66, emEnabled :: false
01-07 16:26:53.652 23210 23210 D SecurityManagerNative: SecurityManagerNative v2.7.2.5 On 64bit PLATFORM With BORINGSSL
01-07 16:26:53.658 23210 23210 E appproc : Enhanced Zygote ASLR: ro.knox.enhance.zygote.aslr != 1. Enhanced Zygote ASLR is DISABLED!
01-07 16:26:53.658 23210 23210 D AndroidRuntime: >>>>>> START com.android.internal.os.RuntimeInit uid 2000 <<<<<<
01-07 16:26:53.661 23210 23210 D AndroidRuntime: CheckJNI is OFF
01-07 16:26:53.664 23210 23210 D AndroidRuntime: addProductProperty: start
01-07 16:26:53.672  4616  4616 D KeyguardServiceBoxContainer: updateCMAS() hasCmasNotification = false, mHasCMAS = false
01-07 16:26:53.716 23210 23210 I [saiv 1.1]: saiv_OnLoadJNI.cpp(38): _init: Version 1.1 Build # 3532
01-07 16:26:53.716 23210 23210 I [saiv 1.1]: saiv_OnLoadJNI.cpp(43): _init: _init() was called
01-07 16:26:53.744 23210 23210 I MLDAP   : ================================================
01-07 16:26:53.744 23210 23210 I MLDAP   :  MLDAP_LIB v1.1.16
01-07 16:26:53.744 23210 23210 I MLDAP   : ================================================
01-07 16:26:53.811 23210 23210 I TMSDISP : AcsAndroidVirtualDisplayIntfImpl
01-07 16:26:53.839  3757  4354 D SamsungAlarmManager: Expired : 8
01-07 16:26:53.840  3757  4354 I SamsungAlarmManager: setLocked to kernel - T:3 / 20190107T162700, SetElapsed=97042464, nowELAPSED=97036304
01-07 16:26:53.840  3757  4354 V SamsungAlarmManager: Sending to uid : 10059 action=null alarm=Alarm{5885c28 type 3 when 97036303 com.asurion.android.verizon.vms}
01-07 16:26:53.850 23210 23210 D ICU     : No timezone override file found: /data/misc/zoneinfo/current/icu/icu_tzdata.dat
01-07 16:26:53.852  3757  4354 I ActivityManager: Killing 22613:com.samsung.android.weather/u0a90 (adj 906): DHA:empty #31
01-07 16:26:53.854  3757  4354 D CompatibilityInfo: mCompatibilityFlags - 0
01-07 16:26:53.855  3757  4354 D CompatibilityInfo: applicationDensity - 420
01-07 16:26:53.855  3757  4354 D CompatibilityInfo: applicationScale - 1.0
01-07 16:26:53.876  3757  4482 D SamsungAlarmManager: setExact Intent (T:3/F:5/AC:false) 20190107T162658 - CU:10059/CP:6745
01-07 16:26:53.877  3757  4482 I SamsungAlarmManager: setLocked to kernel - T:3 / 20190107T162658, SetElapsed=97041333, nowELAPSED=97036341
01-07 16:26:53.878 23210 23210 I Radio-JNI: register_android_hardware_Radio DONE
01-07 16:26:53.883  3757  7205 D ActivityManager: cleanUpApplicationRecord -- 22613
01-07 16:26:53.884  6011 20825 D ForegroundUtils: could not check pending caller
01-07 16:26:53.888 23210 23210 D ReflectionHelper: loadKlass() : caller=android.app.Activity.<clinit>:7555 <bottom of call stack> 
01-07 16:26:53.888 23210 23210 D ReflectionHelper: Reflecting method.....  class <onScreenChanged>
01-07 16:26:53.890 23210 23210 E SemAffinityControl: SemAffinityControl: registerfunction enter
01-07 16:26:53.904 23210 23210 D AndroidRuntime: Calling main entry com.android.commands.am.Am
01-07 16:26:53.917  3757  4440 I ActivityManager: START u0 {act=null typ=null flg=0x10000000 cmp=ComponentInfo{com.GeekTechnique.InfinityStack/com.epicgames.ue4.SplashActivity}} from uid 2000 on display 0
01-07 16:26:53.923  3757  4440 D ActivityManager: ActivityRecord() Constructor : multiScreenAttrs=MultiScreenAttrs{mDisplayId=0, mBaseDisplayId=0, mBaseActivity=false}
01-07 16:26:53.925  3757  4440 D CustomFrequencyManagerService: acquireDVFSLockLocked : type : DVFS_MIN_LIMIT  frequency : 2100000  uid : 1000  pid : 3757  pkgName : AMS_APP_SWITCH@CPU_MIN@45
01-07 16:26:53.925  3757  4440 D ActivityManagerPerformance: AMP_acquire() APP_SWITCH
01-07 16:26:53.926  3757  4440 D ActivityManager: computeStackFocus: stackId=1
01-07 16:26:53.926  3757  4440 D ActivityManager: computeStackFocus: New stack r=ActivityRecord{189f2e6d0 u0 com.GeekTechnique.InfinityStack/com.epicgames.ue4.SplashActivity t-1} stackId=1
01-07 16:26:53.926  3757  4440 D ActivityTrigger: Activity is Triggerred in full screen 
01-07 16:26:53.926  3757  9599 D TelephonyManager: getAllCellInfo : Caller (PID / UID / TID): 3757 / 1000 / 9599
01-07 16:26:53.927  3757  4440 D CompatibilityInfo: mCompatibilityFlags - 0
01-07 16:26:53.927  3757  4440 D CompatibilityInfo: applicationDensity - 420
01-07 16:26:53.927  3757  4440 D CompatibilityInfo: applicationScale - 1.0
01-07 16:26:53.927  3757  4440 D ActivityManager: moveToFront() : reason=startedActivity setFocusedActivity isAttached=true TaskRecord{5725772d0 #162 A=com.GeekTechnique.InfinityStack U=0 StackId=1 sz=1}
01-07 16:26:53.928  3757  4440 D ActivityManager: setFocusStackUnchecked: reason=startedActivity setFocusedActivity focusCandidate=ActivityStack{3ca09cd0 stackId=1, 2 tasks} caller=com.android.server.am.ActivityStack.moveToFront:874 com.android.server.am.ActivityStackSupervisor.moveActivityStackToFront:2005 
01-07 16:26:53.929  3757  4440 D InputDispatcher: Focused application set to: xxxx
01-07 16:26:53.930  3757  4440 D InputDispatcher: Focus left window: 6176
01-07 16:26:53.930  3757  4440 D ActivityManager: resumeTopActivityInnerLocked() : #1 prevTask=TaskRecord{5725772d0 #162 A=com.GeekTechnique.InfinityStack U=0 StackId=1 sz=1} next=ActivityRecord{189f2e6d0 u0 com.GeekTechnique.InfinityStack/com.epicgames.ue4.SplashActivity t162} mFocusedStack=ActivityStack{3ca09cd0 stackId=1, 2 tasks}
01-07 16:26:53.931  3757  4440 D ActivityTrigger: ActivityTrigger activityPauseTrigger 
01-07 16:26:53.931  3757  4440 D GameManagerService: sem_perfomance_mode: 0
01-07 16:26:53.933  6176  6176 D Launcher: onPause, Launcher: 226668512
01-07 16:26:53.933  6176  6176 D Launcher.HomeView: onPause
01-07 16:26:53.933  6176  6176 D Launcher.Workspace: exitWidgetResizeMode. isClearResizeFrame is false
01-07 16:26:53.935 23210 23210 D AndroidRuntime: Shutting down VM
01-07 16:26:53.935  3757  5902 D ActivityManager: clearAppIconInfo()
01-07 16:26:53.935  3757  5902 D ActivityManager: resumeTopActivityInnerLocked() : #1 prevTask=TaskRecord{e81ae1cd0 #106 A=com.sec.android.app.launcher U=0 StackId=0 sz=1} next=ActivityRecord{189f2e6d0 u0 com.GeekTechnique.InfinityStack/com.epicgames.ue4.SplashActivity t162} mFocusedStack=ActivityStack{3ca09cd0 stackId=1, 2 tasks}
01-07 16:26:53.936  3757  5902 D ActivityManager: applyOptionsLocked(), pendingOptions : null
01-07 16:26:53.940  3757  5902 D MountService: getExternalStorageMountMode : 3
01-07 16:26:53.940  3757  5902 D MountService: getExternalStorageMountMode : 3
01-07 16:26:53.940  3757  5902 D MountService: getExternalStorageMountMode : final mountMode=3, uid : 10366, packageName : com.GeekTechnique.InfinityStack
01-07 16:26:53.943  3757  3793 D WindowManager: addWindow: android.view.ViewRootImpl$W@605e86c displayId=0
01-07 16:26:53.944  3757  3793 D InputTransport: Input channel constructed: fd=463
01-07 16:26:53.944  3757  3793 D InputTransport: Input channel constructed: fd=507
01-07 16:26:53.944  3757  3793 D WindowManager: openInputChannel mInputChannel: cdd0e35 Starting com.GeekTechnique.InfinityStack (server)
01-07 16:26:53.945  3757  3793 D ViewRootImpl@7337d1f[InfinityStack]: setView = DecorView@67162ca[InfinityStack] touchMode=true
01-07 16:26:53.953  3757  5902 I ActivityManager: Start proc 23224:com.GeekTechnique.InfinityStack/u0a366 for activity com.GeekTechnique.InfinityStack/com.epicgames.ue4.SplashActivity
01-07 16:26:53.955  3757  3793 D ViewRootImpl@7337d1f[InfinityStack]: dispatchAttachedToWindow
01-07 16:26:53.956  3757  3793 V WindowManager: Relayout Window{cdd0e35d0 u0 Starting com.GeekTechnique.InfinityStack}: viewVisibility=0 req=1079x1856 WM.LayoutParams{(0,0)(fillxfill) sim=#20 ty=3 fl=#1830518 pfl=0x20011 wanim=0x1030001 vsysui=0x400 needsMenuKey=2 naviIconColor=0}
01-07 16:26:53.956  6176  6176 D ViewRootImpl@dbcd7d2[LauncherActivity]: MSG_WINDOW_FOCUS_CHANGED 0
01-07 16:26:53.956 23224 23224 E Zygote  : v2
01-07 16:26:53.956 23224 23224 I libpersona: KNOX_SDCARD checking this for 10366
01-07 16:26:53.956 23224 23224 I libpersona: KNOX_SDCARD not a persona
01-07 16:26:53.957  3215  3215 I SurfaceFlinger: id=1571 createSurf (1x1),1 flag=404, JnfinitySta
01-07 16:26:53.957  6176  6176 D SEM_CLIP_SemClipboardManager: isCocktailBarDisplayed : false
01-07 16:26:53.957 23224 23224 E Zygote  : accessInfo : 0
01-07 16:26:53.958 23224 23224 W SELinux : SELinux selinux_android_compute_policy_index : Policy Index[2],  Con:u:r:zygote:s0 RAM:SEPF_SECMOBILE_7.0_0009, [-1 -1 -1 -1 0 1]
01-07 16:26:53.959 23224 23224 I SELinux : SELinux: seapp_context_lookup: seinfo=untrusted, level=s0:c512,c768, pkgname=com.GeekTechnique.InfinityStack 
01-07 16:26:53.963 23210 23210 I TMSDISP : AcsAndroidVirtualDisplayIntfImpl::~AcsAndroidVirtualDisplayIntfImpl - Enter
01-07 16:26:53.963 23210 23210 I TMSDISP : AcsAndroidVirtualDisplayIntfImpl::~AcsAndroidVirtualDisplayIntfImpl - Enter2
01-07 16:26:53.963 23210 23210 I TMSDISP : AcsAndroidVirtualDisplayIntfImpl::~AcsAndroidVirtualDisplayIntfImpl - mSource2
01-07 16:26:53.963 23210 23210 I TMSDISP : AcsAndroidVirtualDisplayIntfImpl::~AcsAndroidVirtualDisplayIntfImpl - Exit
01-07 16:26:53.963 23224 23224 I art     : Late-enabling -Xcheck:jni
01-07 16:26:53.975 13664 13711 I PBSessionCacheImpl: Deleted sessionId[60096454421536139] from persistence.
01-07 16:26:53.983  3757  3793 D ViewRootImpl@7337d1f[InfinityStack]: Relayout returned: oldFrame=[0,0][0,0] newFrame=[0,0][1080,1920] result=0x27 surface={isValid=true 515929463808} surfaceGenerationChanged=true
01-07 16:26:53.985  3757  3793 D ViewRootImpl@7337d1f[InfinityStack]: MSG_RESIZED_REPORT: ci=Rect(0, 0 - 0, 0) vi=Rect(0, 63 - 0, 0) or=1
01-07 16:26:53.988 23224 23224 D TimaKeyStoreProvider: TimaKeyStore is not enabled: cannot add TimaSignature Service and generateKeyPair Service
01-07 16:26:53.991  3757  2859 D CompatibilityInfo: mCompatibilityFlags - 0
01-07 16:26:53.991  3757  2859 D CompatibilityInfo: applicationDensity - 420
01-07 16:26:53.991  3757  2859 D CompatibilityInfo: applicationScale - 1.0
01-07 16:26:53.991  3757  2859 I ActivityManager: DSS on for com.GeekTechnique.InfinityStack and scale is 1.0
01-07 16:26:53.992  3757  2859 D CompatibilityInfo: mCompatibilityFlags - 0
01-07 16:26:53.992  3757  2859 D CompatibilityInfo: applicationDensity - 420
01-07 16:26:53.992  3757  2859 D CompatibilityInfo: applicationScale - 1.0
01-07 16:26:53.993 13664 13686 W SearchServiceCore: Abort, client detached.
01-07 16:26:53.998  3757  2859 D CompatibilityInfo: mCompatibilityFlags - 0
01-07 16:26:53.998  3757  2859 D CompatibilityInfo: applicationDensity - 420
01-07 16:26:53.998  3757  2859 D CompatibilityInfo: applicationScale - 1.0
01-07 16:26:53.998  3757  2859 D GameManagerService: sem_perfomance_mode: 0
01-07 16:26:53.998  3757  3757 D GameManagerService: NotifyRunnable. pkg: com.GeekTechnique.InfinityStack, type: 4, isMinimized: false, isTunableApp: false
01-07 16:26:53.998  3757  3757 D GameManagerService: unexpected mPrevNotiType: -1
01-07 16:26:54.002  6011  6033 D ForegroundUtils: could not check pending caller
01-07 16:26:54.023  3757  3793 D WindowManager: finishDrawingWindow: Window{cdd0e35d0 u0 Starting com.GeekTechnique.InfinityStack} mDrawState=DRAW_PENDING
01-07 16:26:54.030  3757  3775 D WindowManager: set systemUiVisibility of statusbar : vis= 0x408
01-07 16:26:54.032  4616  5097 D WallpaperService: resized:[frame]Rect(0, 0 - 1080, 1920) [newConfig] is null
01-07 16:26:54.032  4616  4616 D WallpaperService: MSG_WINDOW_RESIZED
01-07 16:26:54.032  4616  4616 D WallpaperService: updateSurface forceRelayout=true redrawNeeded=false myWidth=1080 myHeight=1920 fixedSize=true mWidth=1080 mHeight=1920
01-07 16:26:54.032  4616  4616 V WallpaperService: Changes: creating=false format=false size=false
01-07 16:26:54.034  3757 31269 D WindowManager: adjustSystemUiVisibilityLw : vis= 0x408
01-07 16:26:54.035  3757  7216 V WindowManager: Relayout Window{31dbbd6d0 u0 com.android.systemui.ImageWallpaper}: viewVisibility=0 req=1080x1920 WM.LayoutParams{(0,0)(1080x1920) gr=#800033 ty=2013 fl=#318 fmt=2 wanim=0x10302f2 naviIconColor=0}
01-07 16:26:54.038  4616  4616 V WallpaperService: New surface=Surface(name=null)/@0x510bf7a, frame=Rect(0, 0 - 1080, 1920),relayoutResult=1, mConfiguration={0 1.0 themeSeq = 0 showBtnBg = -1 ?mcc?mnc ?localeList ?layoutDir ?swdp ?wdp ?hdp ?density ?lsize ?long ?orien ?uimode ?night ?touch ?keyb/?/? ?nav/? mkbd/?}
01-07 16:26:54.038  4616  4616 V WallpaperService: Wallpaper size has changed : 1080, 1920
01-07 16:26:54.039  4616  4616 D ImageWallpaper: onOffsetsChanged: xOffset=0.0, yOffset=0.0, xOffsetStep=0.0, yOffsetStep=0.0, xPixels=0, yPixels=0
01-07 16:26:54.040  4616  4616 D ImageWallpaper: drawFrame=false rotation=0 mLastRotation=0
01-07 16:26:54.040  4616  4616 D ImageWallpaper: drawFrame:[frame.width()]1080[frame.height()]1920
01-07 16:26:54.040  4616  4616 D ImageWallpaper: surfaceDimensionsChanged=false mLastSurfaceRotation=0 mDisplayWidth=-1 mDisplayHeight=-1
01-07 16:26:54.040  4616  4616 D ImageWallpaper: mNewKeyboard : 0 mLastKeyboard : 0 mForceDraw = false
01-07 16:26:54.040  4616  4616 D ImageWallpaper: redrawNeeded = false, mOffsetsChanged = false
01-07 16:26:54.040  4616  4616 D ImageWallpaper: Suppressed drawFrame since redraw is not needed and offsets have not changed.
01-07 16:26:54.041  3757  3793 D ViewRootImpl@7337d1f[InfinityStack]: MSG_RESIZED: ci=Rect(0, 0 - 0, 0) vi=Rect(0, 0 - 0, 0) or=1
01-07 16:26:54.046  6176  6176 D ViewRootImpl@dbcd7d2[LauncherActivity]: mHardwareRenderer.destroy()#1
01-07 16:26:54.046  3757 29840 V WindowManager: Relayout Window{14de1fbd0 u0 com.sec.android.app.launcher/com.sec.android.app.launcher.activities.LauncherActivity}: viewVisibility=8 req=1080x1920 WM.LayoutParams{(0,0)(fillxfill) sim=#30 ty=1 fl=#81910d00 pfl=0x20000 fmt=-2 wanim=0x103038a vsysui=0x600 needsMenuKey=2 dimDuration=0 naviIconColor=0}
01-07 16:26:54.047  4616  4823 D NetworkController.MobileSignalController(0/1): onSignalStrengthsChanged signalStrength=SignalStrength: 99 99 -120 -160 -120 -1 -1 17 -120 -16 -60 2147483647 2147483647 0x1000 gsm|lte level=1
01-07 16:26:54.047  4616  4823 D NetworkController.MobileSignalController(0/1): getMobileIconGroup(): 13
01-07 16:26:54.048  4616  4823 D NetworkController.MobileSignalController(0/1): updateVZWMobileIconGroup(): 13
01-07 16:26:54.049  4616  4616 D SwipeDoorsillDetector: reset()com.android.systemui.statusbar.phone.NotificationPanelView.resetViews:864 com.android.systemui.statusbar.phone.PanelBar.collapsePanel:173 com.android.systemui.statusbar.phone.PhoneStatusBar.setWindowState:4340 com.android.systemui.statusbar.CommandQueue$H.handleMessage:678 
01-07 16:26:54.050  6176  6176 D ViewRootImpl@dbcd7d2[LauncherActivity]: Relayout returned: oldFrame=[0,0][1080,1920] newFrame=[0,0][1080,1920] result=0x5 surface={isValid=false 0} surfaceGenerationChanged=true
01-07 16:26:54.053  5035  5670 D EPDG -- [SMARTWIFI]: onSignalStrengthsChanged: Received signal strength change, phone type is: 2
01-07 16:26:54.054  5035  6446 D EPDG -- [SMARTWIFI]: lastLteRSRP is -123currentLteRSRP is -120
01-07 16:26:54.054  5035  6446 D EPDG -- [SMARTWIFI]: lastLteRSRQ is -16currentLteRSRQ is -16
01-07 16:26:54.054  5035  6446 D EPDG -- [SMARTWIFI]: lastCdmaDb is -16currentCdmaDb is -16
01-07 16:26:54.054  5035  6446 V EPDG -- [SMARTWIFI]: Radio oldest entry removed
01-07 16:26:54.054  5035  6446 V EPDG -- [SMARTWIFI]: New entry : (SignalStrength: 99 99 -120 -160 -120 -1 -1 17 -120 -16 -60 2147483647 2147483647 0x1000 gsm|lte : 0 )
01-07 16:26:54.054  5035  6446 V EPDG -- [SMARTWIFI]: Radio entry added
01-07 16:26:54.055  4616  4823 D NetworkController.MobileSignalController(0/1): callState:0, callStateByPhone:false voLTECall:false voiceNetTpe:13 dataNetType:13, ine911:false, emergencyCallbackMode:false
01-07 16:26:54.056  3757  9599 D SSRM:t  : SIOP:: AP = 350, PST = 338 (W:10), CP = 263, CUR = 296, LCD = 175
01-07 16:26:54.057  3757  9599 D ConnectivityService: filterNetworkStateForUid() uid: 1000 networkInfo: [type: WIFI[] - WIFI, state: CONNECTED/CONNECTED, reason: (unspecified), extra: "wilkinson2.4", failover: false, available: true, roaming: false, metered: false]
01-07 16:26:54.057  3757  7206 I ActivityManager: START u0 {act=null typ=null flg=0x10000 cmp=ComponentInfo{com.GeekTechnique.InfinityStack/com.epicgames.ue4.GameActivity}} from uid 10366 on display 0
01-07 16:26:54.058  3757  7206 D ActivityManager: ActivityRecord() Constructor : multiScreenAttrs=MultiScreenAttrs{mDisplayId=0, mBaseDisplayId=0, mBaseActivity=false}
01-07 16:26:54.059  3757  7206 D ActivityManager: moveToFront() : reason=intentActivityFound isAttached=true null
01-07 16:26:54.059  3757  7206 D ActivityManager: moveToFront() : reason=sourceStackToFront isAttached=true null
01-07 16:26:54.060  3757  7206 D ActivityTrigger: Activity is Triggerred in full screen 
01-07 16:26:54.061  3757  7206 D CompatibilityInfo: mCompatibilityFlags - 0
01-07 16:26:54.061  3757  7206 D CompatibilityInfo: applicationDensity - 420
01-07 16:26:54.061  3757  7206 D CompatibilityInfo: applicationScale - 1.0
01-07 16:26:54.061  3757  7206 D ActivityManager: moveToFront() : reason=startedActivity setFocusedActivity isAttached=true TaskRecord{5725772d0 #162 A=com.GeekTechnique.InfinityStack U=0 StackId=1 sz=2}
01-07 16:26:54.061  3757  7206 D InputDispatcher: Focused application set to: xxxx
01-07 16:26:54.062  3757  7206 D ActivityManager: resumeTopActivityInnerLocked() : #1 prevTask=TaskRecord{5725772d0 #162 A=com.GeekTechnique.InfinityStack U=0 StackId=1 sz=2} next=ActivityRecord{981f117d0 u0 com.GeekTechnique.InfinityStack/com.epicgames.ue4.GameActivity t162} mFocusedStack=ActivityStack{3ca09cd0 stackId=1, 2 tasks}
01-07 16:26:54.062  3757  7206 D ActivityTrigger: ActivityTrigger activityPauseTrigger 
01-07 16:26:54.062  3757  7206 D GameManagerService: sem_perfomance_mode: 0
01-07 16:26:54.065  3757  3775 D WindowManager: set systemUiVisibility of statusbar : vis= 0x408
01-07 16:26:54.067  3757 31270 W MultiScreenManagerService: moveTaskBackToDisplayIfNeeded(): The task has more than one activity
01-07 16:26:54.069  3757  9599 D GamePkgDataHelper: getGamePkgData(). com.GeekTechnique.InfinityStack
01-07 16:26:54.069  3757  9599 D GameManagerService: identifyGamePackage. com.GeekTechnique.InfinityStack
01-07 16:26:54.069  3757  9599 D GameManagerService: identifyGamePackage. com.GeekTechnique.InfinityStack
01-07 16:26:54.073  3757  9599 D TelephonyManager: getAllCellInfo : Caller (PID / UID / TID): 3757 / 1000 / 9599
01-07 16:26:54.078  3757  9599 D GameManagerService: identifyGamePackage. com.GeekTechnique.InfinityStack
01-07 16:26:54.078  3757  9599 D GameManagerService: identifyGamePackage. com.GeekTechnique.InfinityStack
01-07 16:26:54.097  3757  3770 D ActivityManager: setAppIconInfo(), x : 0, y : 0, width : 0, height : 0, isHomeItem : false
01-07 16:26:54.097  3757  3770 D ActivityManager: resumeTopActivityInnerLocked() : #1 prevTask=TaskRecord{5725772d0 #162 A=com.GeekTechnique.InfinityStack U=0 StackId=1 sz=2} next=ActivityRecord{981f117d0 u0 com.GeekTechnique.InfinityStack/com.epicgames.ue4.GameActivity t162} mFocusedStack=ActivityStack{3ca09cd0 stackId=1, 2 tasks}
01-07 16:26:54.098  3757  3770 D ActivityManager: applyOptionsLocked(), pendingOptions : null
01-07 16:26:54.101  3757  3770 D CompatibilityInfo: mCompatibilityFlags - 0
01-07 16:26:54.101  3757  3770 D CompatibilityInfo: applicationDensity - 420
01-07 16:26:54.101  3757  3770 D CompatibilityInfo: applicationScale - 1.0
01-07 16:26:54.102  3757  3770 D GameManagerService: sem_perfomance_mode: 0
01-07 16:26:54.102  3757  3757 D GameManagerService: NotifyRunnable. pkg: com.GeekTechnique.InfinityStack, type: 4, isMinimized: false, isTunableApp: false
01-07 16:26:54.102  3757  3757 D GameManagerService: unexpected mPrevNotiType: -1
01-07 16:26:54.116 23224 23224 D OVRPlugin: JNI_OnLoad
01-07 16:26:54.135  3757  4521 D MdnieScenarioControlService:  packageName : com.GeekTechnique.InfinityStack    className : com.epicgames.ue4.GameActivity
01-07 16:26:54.166  3757  4458 D WifiStateMachine: Current network is: "wilkinson2.4" , ID is: 30
01-07 16:26:54.166  3757  4458 I WifiStateMachine: IMS calling, current network is always qualified
01-07 16:26:54.179 23224 23224 D UE4     : Used memory before allocating anything was 50.71MB
01-07 16:26:54.386 23224 23224 D UE4     : In the JNI_OnLoad function
01-07 16:26:54.387 23224 23224 D UE4     : [JNI] - Failed to determine if app purchasing is enabled!
01-07 16:26:54.389 23224 23224 D UE4     : Path found as '/storage/emulated/0'
01-07 16:26:54.389 23224 23224 D UE4     : Font Path found as '/system/fonts/'
01-07 16:26:54.389 23224 23224 D UE4     : In the JNI_OnLoad function 5
01-07 16:26:54.404 23224 23224 V threaded_app: Creating: 0xdb87bb40
01-07 16:26:54.405 23224 23244 V threaded_app: Config: mcc=311 mnc=480 lang=en cnt=US orien=1 touch=3 dens=420 keys=1 nav=1 keysHid=3 navHid=0 sdk=24 size=2 long=2 modetype=1 modenight=1
01-07 16:26:54.405 23224 23244 D UE4     : Entering native app glue main function
01-07 16:26:54.405 23224 23244 D UE4     : Created event thread
01-07 16:26:54.405 23224 23244 D UE4     : Entered AndroidMain()
01-07 16:26:54.405 23224 23245 D UE4     : Entering event processing thread engine entry point
01-07 16:26:54.405 23224 23245 D UE4     : Prepared looper for event thread
01-07 16:26:54.405 23224 23245 D UE4     : Passed callback initialization
01-07 16:26:54.405 23224 23245 D UE4     : Passed sensor initialization
01-07 16:26:54.407 23224 23244 D UE4     : Controller interface supported
01-07 16:26:54.407  3757 32085 W ServiceManager: Permission failure: com.samsung.permission.SSENSOR from uid=10366 pid=23224
01-07 16:26:54.407  3757 32085 D PermissionCache: checking com.samsung.permission.SSENSOR for uid=10366 => denied (202 us)
01-07 16:26:54.407  3757 32085 E SensorService: getSensorList a sensor (MAX86900) without holding its required permission: com.samsung.permission.SSENSOR
01-07 16:26:54.407  3757 32085 I SensorService: Skipped sensor MAX86900 because it requires permission com.samsung.permission.SSENSOR and app op -1
01-07 16:26:54.407  3757 32085 W ServiceManager: Permission failure: com.samsung.permission.HRM_EXT from uid=10366 pid=23224
01-07 16:26:54.407  3757 32085 D PermissionCache: checking com.samsung.permission.HRM_EXT for uid=10366 => denied (78 us)
01-07 16:26:54.407  3757 32085 E SensorService: getSensorList a sensor (HRM Ambient Light Canceling) without holding its required permission: com.samsung.permission.HRM_EXT
01-07 16:26:54.407  3757 32085 I SensorService: Skipped sensor HRM Ambient Light Canceling because it requires permission com.samsung.permission.HRM_EXT and app op -1
01-07 16:26:54.408  3757 32085 W ServiceManager: Permission failure: android.permission.BODY_SENSORS from uid=10366 pid=23224
01-07 16:26:54.408  3757 32085 E SensorService: getSensorList a sensor (HRMLED IR) without holding its required permission: android.permission.BODY_SENSORS
01-07 16:26:54.408  3757 32085 I SensorService: Skipped sensor HRMLED IR because it requires permission android.permission.BODY_SENSORS and app op 56
01-07 16:26:54.408  3757 32085 W ServiceManager: Permission failure: android.permission.BODY_SENSORS from uid=10366 pid=23224
01-07 16:26:54.408  3757 32085 E SensorService: getSensorList a sensor (HRMLED RED) without holding its required permission: android.permission.BODY_SENSORS
01-07 16:26:54.408  3757 32085 I SensorService: Skipped sensor HRMLED RED because it requires permission android.permission.BODY_SENSORS and app op 56
01-07 16:26:54.408  3757 32085 E SensorService: getSensorList a sensor (HRM Proximity detecting) without holding its required permission: com.samsung.permission.HRM_EXT
01-07 16:26:54.408  3757 32085 I SensorService: Skipped sensor HRM Proximity detecting because it requires permission com.samsung.permission.HRM_EXT and app op -1
01-07 16:26:54.408  3757 32085 E SensorService: getSensorList a sensor (HRM Sensor) without holding its required permission: com.samsung.permission.SSENSOR
01-07 16:26:54.408  3757 32085 I SensorService: Skipped sensor HRM Sensor because it requires permission com.samsung.permission.SSENSOR and app op -1
01-07 16:26:54.408  3757 32085 W ServiceManager: Permission failure: android.permission.BODY_SENSORS from uid=10366 pid=23224
01-07 16:26:54.408  3757 32085 E SensorService: getSensorList a sensor (HeartRate Sensor) without holding its required permission: android.permission.BODY_SENSORS
01-07 16:26:54.408  3757 32085 I SensorService: Skipped sensor HeartRate Sensor because it requires permission android.permission.BODY_SENSORS and app op 56
01-07 16:26:54.408  3757 32085 E SensorService: getSensorList a sensor (Sensor Diagnostic Monitor) without holding its required permission: com.samsung.permission.SSENSOR
01-07 16:26:54.408  3757 32085 I SensorService: Skipped sensor Sensor Diagnostic Monitor because it requires permission com.samsung.permission.SSENSOR and app op -1
01-07 16:26:54.428 23224 23224 D ViewRootImpl@c9e8dee[GameActivity]: ThreadedRenderer.create() translucent=false
01-07 16:26:54.429  3757  4482 D WindowManager: addWindow: android.view.IWindow$Stub$Proxy@f356ce9 displayId=0
01-07 16:26:54.430  3757  4482 D InputTransport: Input channel constructed: fd=428
01-07 16:26:54.430  3757  4482 D InputTransport: Input channel constructed: fd=510
01-07 16:26:54.430  3757  4482 D WindowManager: openInputChannel mInputChannel: 1bbec0f com.GeekTechnique.InfinityStack/com.epicgames.ue4.GameActivity (server)
01-07 16:26:54.431  3757  4482 D InputTransport: Input channel destroyed: fd=510
01-07 16:26:54.432 23224 23224 D InputTransport: Input channel constructed: fd=67
01-07 16:26:54.432 23224 23224 D ViewRootImpl@c9e8dee[GameActivity]: setView = DecorView@2d5228f[GameActivity] touchMode=true
01-07 16:26:54.433 23224 23224 D UE4     : Target SDK is 26.  This may cause issues if permissions are denied by the user.
01-07 16:26:54.435 23224 23224 D PermissionFragment: Creating PlayGamesFragment
01-07 16:26:54.441  3757  4473 I ActivityManager: START u0 {act=android.content.pm.action.REQUEST_PERMISSIONS typ=null flg=0x0 cmp=ComponentInfo{com.google.android.packageinstaller/com.android.packageinstaller.permission.ui.GrantPermissionsActivity}} from uid 10366 on display 0
01-07 16:26:54.441  3757  4473 W ActivityManager: REQUEST_PERMISSIONS Action.
01-07 16:26:54.442  3757  4473 W ActivityManager: REQUEST_PERMISSIONS Action.
01-07 16:26:54.446  3757  4473 D ActivityManager: ActivityRecord() Constructor : multiScreenAttrs=MultiScreenAttrs{mDisplayId=0, mBaseDisplayId=0, mBaseActivity=false}
01-07 16:26:54.447  3757  4473 D CustomFrequencyManagerService: releaseDVFSLockLocked : Getting Lock type frm List : DVFS_MIN_LIMIT  frequency : 2100000  uid : 1000  pid : 3757  tag : AMS_APP_SWITCH@CPU_MIN@45
01-07 16:26:54.447  3757  4473 D CustomFrequencyManagerService: acquireDVFSLockLocked : type : DVFS_MIN_LIMIT  frequency : 2100000  uid : 1000  pid : 3757  pkgName : AMS_APP_SWITCH@CPU_MIN@45
01-07 16:26:54.453  3757  4473 D ActivityManagerPerformance: AMP_acquire() APP_SWITCH
01-07 16:26:54.453  3757  4473 D ActivityManager: moveToFront() : reason=sourceStackToFront isAttached=true null
01-07 16:26:54.455  3757  4473 D ActivityTrigger: Activity is Triggerred in full screen 
01-07 16:26:54.455  3757  4473 D CompatibilityInfo: mCompatibilityFlags - 0
01-07 16:26:54.455  3757  4473 D CompatibilityInfo: applicationDensity - 420
01-07 16:26:54.455  3757  4473 D CompatibilityInfo: applicationScale - 1.0
01-07 16:26:54.455  3757  4473 D ActivityManager: moveToFront() : reason=startedActivity setFocusedActivity isAttached=true TaskRecord{5725772d0 #162 A=com.GeekTechnique.InfinityStack U=0 StackId=1 sz=3}
01-07 16:26:54.456  3757  4473 D InputDispatcher: Focused application set to: xxxx
01-07 16:26:54.456  3757  4473 D ActivityManager: resumeTopActivityInnerLocked() : #1 prevTask=TaskRecord{5725772d0 #162 A=com.GeekTechnique.InfinityStack U=0 StackId=1 sz=3} next=ActivityRecord{18a449cd0 u0 com.google.android.packageinstaller/com.android.packageinstaller.permission.ui.GrantPermissionsActivity t162} mFocusedStack=ActivityStack{3ca09cd0 stackId=1, 2 tasks}
01-07 16:26:54.456  3757  4473 D ActivityTrigger: ActivityTrigger activityPauseTrigger 
01-07 16:26:54.457  3757  4473 D GameManagerService: sem_perfomance_mode: 0
01-07 16:26:54.464 23224 23224 D UE4     : Vulkan version: 1.0.3
01-07 16:26:54.464 23224 23224 D UE4     : Vulkan level: 1
01-07 16:26:54.466 23224 23224 D UE4     : Found DepthBufferPreference = 0
01-07 16:26:54.466 23224 23224 D UE4     : Found bPackageDataInsideApk = 0
01-07 16:26:54.466 23224 23224 D UE4     : Found ProjectName = StackerGame
01-07 16:26:54.466 23224 23224 D UE4     : Found AppType = 
01-07 16:26:54.466 23224 23224 D UE4     : Found bHasOBBFiles = 0
01-07 16:26:54.466 23224 23224 D UE4     : Found bVerifyOBBOnStartUp = false
01-07 16:26:54.466 23224 23224 D UE4     : UI hiding set to false
01-07 16:26:54.466 23224 23224 D UE4     : BuildConfiguration set to Development
01-07 16:26:54.466 23224 23224 D UE4     : UseExternalFilesDir set to false
01-07 16:26:54.466 23224 23224 D UE4     : AllowIMU set to true
01-07 16:26:54.466 23224 23224 D UE4     : SupportsVulkan set to false
01-07 16:26:54.466 23224 23224 D UE4     : No GearVR mode detected.
01-07 16:26:54.489  4616  4616 D ImageWallpaper: onVisibilityChanged: mVisible, visible=true, false
01-07 16:26:54.489  4616  4616 D ImageWallpaper: Visibility changed to visible=false
01-07 16:26:54.494 23224 23224 D libEGL  : loaded /vendor/lib/egl/libGLES_mali.so
01-07 16:26:54.498 22834 22940 D ClClient: Not sending keepalive.  Current connection state=STOPPED
01-07 16:26:54.530 23224 23247 D UE4     : Used memory: 65192
01-07 16:26:54.536 23224 23224 D UE4     : Hardware: SAMSUNG Exynos7420
01-07 16:26:54.536 23224 23224 D UE4     : ro.hardware: samsungexynos7420
01-07 16:26:54.537 23224 23224 D UE4     : Memory: 3662 MB
01-07 16:26:54.541 23224 23224 D UE4     : UseAffinity: false
01-07 16:26:54.541 23224 23224 D UE4     : BigCoreMask: 0xffff
01-07 16:26:54.541 23224 23224 D UE4     : LittleCoreMask: 0x0
01-07 16:26:54.542 23224 23224 D UE4     : APK path: /data/app/com.GeekTechnique.InfinityStack-1/base.apk
01-07 16:26:54.543 23224 23224 D UE4     : OBB in APK: false
01-07 16:26:54.544 23224 23224 D UE4     : InternalFilePath found as '/data/user/0/com.GeekTechnique.InfinityStack/files'
01-07 16:26:54.544 23224 23224 D UE4     : ExternalFilePath found as '/storage/emulated/0/Android/data/com.GeekTechnique.InfinityStack/files'
01-07 16:26:54.545 23224 23224 D UE4     : App is running in Portrait
01-07 16:26:54.545 23224 23224 D UE4     : Android version is 7.0
01-07 16:26:54.545 23224 23224 D UE4     : Android manufacturer is samsung
01-07 16:26:54.545 23224 23224 D UE4     : Android model is SM-N920V
01-07 16:26:54.545 23224 23224 D UE4     : Android build number is NRD90M.N920VVRS3CRH1
01-07 16:26:54.546 23224 23224 D UE4     : OS language is set to en_US
01-07 16:26:54.546 23224 23224 D UE4     : Debugger attached is false
01-07 16:26:54.547 23224 23229 I art     : Compiler allocated 4MB to compile void com.epicgames.ue4.GameActivity.onCreate(android.os.Bundle)
01-07 16:26:54.550 23224 23229 I art     : Do partial code cache collection, code=13KB, data=31KB
01-07 16:26:54.550 23224 23229 I art     : After code cache collection, code=13KB, data=31KB
01-07 16:26:54.550 23224 23229 I art     : Increasing code cache capacity to 128KB
01-07 16:26:54.590 23224 23224 W PopupManager: You have not specified a View to use as content view for popups. Falling back to the Activity content view. Note that this may not work as expected in multi-screen environments
01-07 16:26:54.592 23224 23224 D UE4     : ==============> GameActive.onCreate complete!
01-07 16:26:54.593 23224 23224 V threaded_app: Start: 0xdb87bb40
01-07 16:26:54.593 23224 23245 V threaded_app: activityState=10
01-07 16:26:54.593 23224 23245 D UE4     : LogAndroidEvents: EnqueueAppEvent : 9, 0, tid = 23245
01-07 16:26:54.593 23224 23224 D UE4     : Creating console command broadcast listener
01-07 16:26:54.595 23224 23224 D UE4     : ==================================> Inside onStart function in GameActivity
01-07 16:26:54.598 23224 23224 V threaded_app: Resume: 0xdb87bb40
01-07 16:26:54.598 23224 23245 V threaded_app: activityState=11
01-07 16:26:54.598 23224 23245 D UE4     : Case APP_CMD_RESUME
01-07 16:26:54.598 23224 23245 D UE4     : LogAndroidEvents: EnqueueAppEvent : 7, 0, tid = 23245
01-07 16:26:54.598 23224 23224 D UE4     : ==============> [JAVA] AndroidThunkJava_KeepScreenOn(false) - Enabled screen saver
01-07 16:26:54.598 23224 23224 D UE4     : Registering sensor listeners
01-07 16:26:54.600  3757  5901 I Sensors : Acc old sensor_state 0, new sensor_state : 1 en : 1
01-07 16:26:54.607 23224 23224 D SensorManager: registerListener :: 0, K6DS3TR Acceleration Sensor, 20000, 0,  
01-07 16:26:54.607  3757  4469 I Sensors : Mag old sensor_state 1, new sensor_state : 17 en : 1
01-07 16:26:54.614 23224 23224 D SensorManager: registerListener :: 1, AK09911C Magnetic field Sensor, 20000, 0,  
01-07 16:26:54.615  3757  7206 I Sensors : Gyro old sensor_state 17, new sensor_state : 19 en : 1
01-07 16:26:54.621 23224 23224 D SensorManager: registerListener :: 3, K6DS3TR Gyroscope Sensor, 20000, 0,  
01-07 16:26:54.621 23224 23224 D UE4     : App is running in Portrait
01-07 16:26:54.621 23224 23224 D UE4     : ==============> Resuming main init
01-07 16:26:54.631 23224 23244 D UE4     : APK Commandline: ../../../StackerGame/StackerGame.uproject  /Game/Maps/StackMap -Messaging -SessionId=15177F1A4DF31F479A19648D3CA1BADA -SessionOwner="nope" -SessionName="Launch On Device" -iterative
01-07 16:26:54.631 23224 23244 D UE4     : Override Commandline: ../../../StackerGame/StackerGame.uproject  /Game/Maps/StackMap -Messaging -SessionId=D696EBCE4BB283279E499882951860B4 -SessionOwner="nope" -SessionName="Launch On Device" -iterative
01-07 16:26:54.631 23224 23244 D UE4     : Final commandline: ../../../StackerGame/StackerGame.uproject  /Game/Maps/StackMap -Messaging -SessionId=D696EBCE4BB283279E499882951860B4 -SessionOwner="nope" -SessionName="Launch On Device" -iterative
01-07 16:26:54.631 23224 23244 D UE4     : Created sync event
01-07 16:26:54.632 23224 23224 D UE4     : ==============> GameActive.onResume complete!
01-07 16:26:54.635 23224 23224 D ViewRootImpl@e972267[GameActivity]: ThreadedRenderer.create() translucent=true
01-07 16:26:54.636  3757 32083 D WindowManager: addWindow: android.view.IWindow$Stub$Proxy@8fcdc46 displayId=0
01-07 16:26:54.637  3757 32083 D InputTransport: Input channel constructed: fd=521
01-07 16:26:54.637  3757 32083 D InputTransport: Input channel constructed: fd=533
01-07 16:26:54.637  3757 32083 D WindowManager: openInputChannel mInputChannel: 608b34 com.GeekTechnique.InfinityStack/com.epicgames.ue4.GameActivity (server)
01-07 16:26:54.637  3757 32083 D InputTransport: Input channel destroyed: fd=533
01-07 16:26:54.638 23224 23224 D InputTransport: Input channel constructed: fd=73
01-07 16:26:54.638 23224 23224 V threaded_app: InputQueueCreated: 0xdb87bb40 -- 0xdb87ca40
01-07 16:26:54.638 23224 23245 V threaded_app: APP_CMD_INPUT_CHANGED
01-07 16:26:54.638 23224 23245 V threaded_app: Attaching input queue to looper
01-07 16:26:54.638 23224 23224 D ViewRootImpl@e972267[GameActivity]: setView = DecorView@57f3814[GameActivity] touchMode=true
01-07 16:26:54.639  3757  7201 D ActivityManager: post active user change for 0 fullscreen true isHomeActivity() false
01-07 16:26:54.639  3757  7201 D KnoxTimeoutHandler: postActiveUserChange [MsgParam] userId: 0 fullscreen is true showWhenlocked is false isMutiwindowRecord is false multiwindowstyle is 0
01-07 16:26:54.639  3757  3757 D KnoxTimeoutHandler: handleActiveUserChange [MsgParam] userId: 0 fullscreen is true showWhenlocked is false isMutiwindowRecord is false multiwindowstyle is 0
01-07 16:26:54.639  3757  3757 I KnoxTimeoutHandler: Shared devices show user statefalse
01-07 16:26:54.640 23224 23224 D ViewRootImpl@c9e8dee[GameActivity]: dispatchAttachedToWindow
01-07 16:26:54.641  3757  5062 V WindowManager: Relayout Window{1bbec0fd0 u0 com.GeekTechnique.InfinityStack/com.epicgames.ue4.GameActivity}: viewVisibility=0 req=1079x1856 WM.LayoutParams{(0,0)(fillxfill) gr=#11 sim=#120 ty=2 fl=#1810508 pfl=0x20000 wanim=0x1030001 vsysui=0x400 needsMenuKey=2 naviIconColor=0}
01-07 16:26:54.641  3215  3215 I SurfaceFlinger: id=1572 createSurf (1080x1920),1 flag=404, HameActivit
01-07 16:26:54.646 23224 23224 D ViewRootImpl@c9e8dee[GameActivity]: Relayout returned: oldFrame=[0,0][0,0] newFrame=[0,0][1080,1920] result=0x7 surface={isValid=true -1026977792} surfaceGenerationChanged=true
01-07 16:26:54.646 23224 23224 D ViewRootImpl@c9e8dee[GameActivity]: mHardwareRenderer.initialize() mSurface={isValid=true -1026977792} hwInitialized=true
01-07 16:26:54.647 23224 23246 I OpenGLRenderer: Initialized EGL, version 1.4
01-07 16:26:54.647 23224 23246 D OpenGLRenderer: Swap behavior 1
01-07 16:26:54.654 23224 23246 D mali_winsys: EGLint new_window_surface(egl_winsys_display*, void*, EGLSurface, EGLConfig, egl_winsys_surface**, egl_color_buffer_format*, EGLBoolean) returns 0x3000,  [1080x1920]-format:1
01-07 16:26:54.658 23224 23224 D ViewRootImpl@e972267[GameActivity]: dispatchAttachedToWindow
01-07 16:26:54.659  3757 29838 V WindowManager: Relayout Window{608b34d0 u0 com.GeekTechnique.InfinityStack/com.epicgames.ue4.GameActivity}: viewVisibility=0 req=1079x1856 WM.LayoutParams{(0,0)(fillxfill) sim=#10 ty=1 fl=#1810500 pfl=0x20000 fmt=1 wanim=0x1030001 vsysui=0x400 needsMenuKey=2 naviIconColor=0}
01-07 16:26:54.659  3215  3215 I SurfaceFlinger: id=1573 createSurf (1080x1920),1 flag=4, HameActivit
01-07 16:26:54.663 23224 23224 D ViewRootImpl@e972267[GameActivity]: Relayout returned: oldFrame=[0,0][0,0] newFrame=[0,0][1080,1920] result=0x7 surface={isValid=true -1026975744} surfaceGenerationChanged=true
01-07 16:26:54.664 23224 23224 D ViewRootImpl@e972267[GameActivity]: mHardwareRenderer.initialize() mSurface={isValid=true -1026975744} hwInitialized=true
01-07 16:26:54.664 23224 23246 D mali_winsys: EGLint new_window_surface(egl_winsys_display*, void*, EGLSurface, EGLConfig, egl_winsys_surface**, egl_color_buffer_format*, EGLBoolean) returns 0x3000,  [1080x1920]-format:1
01-07 16:26:54.666  3757 29842 D WindowManager: addWindow: android.view.IWindow$Stub$Proxy@1bd4d5d displayId=0
01-07 16:26:54.668  3757 10496 V WindowManager: Relayout Window{9e4c3a3d0 u0 SurfaceView - com.GeekTechnique.InfinityStack/com.epicgames.ue4.GameActivity}: viewVisibility=0 req=1080x1920 WM.LayoutParams{(0,0)(1080x1920) gr=#800033 ty=1001 fl=#4218 pfl=0x10040 fmt=4 naviIconColor=0}
01-07 16:26:54.669  3215  3215 I SurfaceFlinger: id=1574 createSurf (1080x1920),4 flag=404, HameActivit
01-07 16:26:54.670  3215  3215 I SurfaceFlinger: id=1575 createSurf (1080x1920),-1 flag=20404, HameActivit
01-07 16:26:54.674 23224 23224 D SurfaceView: Relayout returned: oldFrame=[0,0][0,0] newFrame=[0,0][1080,1920] result=0x7 surface={Surface(name=null)/@0x921c180 isValid=true -1026920448}
01-07 16:26:54.674 23224 23224 V threaded_app: NativeWindowCreated: 0xdb87bb40 -- 0xc2ca7008
01-07 16:26:54.674 23224 23245 V threaded_app: APP_CMD_INIT_WINDOW
01-07 16:26:54.674 23224 23245 D UE4     : Case APP_CMD_INIT_WINDOW
01-07 16:26:54.675 23224 23245 D UE4     : LogAndroidEvents: EnqueueAppEvent : 0, 3268046856, tid = 23245
01-07 16:26:54.675  3757 32085 D WindowManager: finishDrawingWindow: Window{9e4c3a3d0 u0 SurfaceView - com.GeekTechnique.InfinityStack/com.epicgames.ue4.GameActivity} mDrawState=DRAW_PENDING
01-07 16:26:54.679 23224 23224 V threaded_app: Pause: 0xdb87bb40
01-07 16:26:54.679 23224 23245 V threaded_app: activityState=13
01-07 16:26:54.679 23224 23245 D UE4     : Case APP_CMD_PAUSE
01-07 16:26:54.679 23224 23224 D UE4     : Unregistering sensor listeners
01-07 16:26:54.679 23224 23245 D UE4     : LogAndroidEvents: EnqueueAppEvent : 6, 0, tid = 23245
01-07 16:26:54.680  3757  2858 I Sensors : Acc old sensor_state 19, new sensor_state : 18 en : 0
01-07 16:26:54.687  3757 29840 I Sensors : Mag old sensor_state 18, new sensor_state : 2 en : 0
01-07 16:26:54.694  3757  5063 I Sensors : Gyro old sensor_state 2, new sensor_state : 0 en : 0
01-07 16:26:54.701 23224 23224 D SensorManager: unregisterListener ::   
01-07 16:26:54.701 23224 23224 D UE4     : ==============> GameActive.onPause complete!
01-07 16:26:54.702  3757  4482 D ActivityManager: resumeTopActivityInnerLocked() : #1 prevTask=TaskRecord{5725772d0 #162 A=com.GeekTechnique.InfinityStack U=0 StackId=1 sz=3} next=ActivityRecord{18a449cd0 u0 com.google.android.packageinstaller/com.android.packageinstaller.permission.ui.GrantPermissionsActivity t162} mFocusedStack=ActivityStack{3ca09cd0 stackId=1, 2 tasks}
01-07 16:26:54.702  3757  4482 D ActivityManager: applyOptionsLocked(), pendingOptions : null
01-07 16:26:54.703  3757  4482 D MountService: getExternalStorageMountMode : 2
01-07 16:26:54.703  3757  4482 D MountService: getExternalStorageMountMode : 3
01-07 16:26:54.703  3757  4482 D MountService: getExternalStorageMountMode : final mountMode=2, uid : 10028, packageName : com.google.android.packageinstaller
01-07 16:26:54.718 23276 23276 E Zygote  : v2
01-07 16:26:54.718 23276 23276 I libpersona: KNOX_SDCARD checking this for 10028
01-07 16:26:54.718 23276 23276 I libpersona: KNOX_SDCARD not a persona
01-07 16:26:54.718  3757  4482 I ActivityManager: Start proc 23276:com.google.android.packageinstaller/u0a28 for activity com.google.android.packageinstaller/com.android.packageinstaller.permission.ui.GrantPermissionsActivity
01-07 16:26:54.719 23276 23276 E Zygote  : accessInfo : 0
01-07 16:26:54.720 23276 23276 W SELinux : SELinux selinux_android_compute_policy_index : Policy Index[2],  Con:u:r:zygote:s0 RAM:SEPF_SECMOBILE_7.0_0009, [-1 -1 -1 -1 0 1]
01-07 16:26:54.721 23224 23224 D ViewRootImpl@c9e8dee[GameActivity]: MSG_RESIZED_REPORT: ci=Rect(0, 0 - 0, 0) vi=Rect(0, 0 - 0, 0) or=1
01-07 16:26:54.721 23276 23276 I SELinux : SELinux: seapp_context_lookup: seinfo=untrusted, level=s0:c512,c768, pkgname=com.google.android.packageinstaller 
01-07 16:26:54.749 23276 23276 D TimaKeyStoreProvider: TimaKeyStore is not enabled: cannot add TimaSignature Service and generateKeyPair Service
01-07 16:26:54.751  3757 31270 D CompatibilityInfo: mCompatibilityFlags - 0
01-07 16:26:54.752  3757 31270 D CompatibilityInfo: applicationDensity - 420
01-07 16:26:54.752  3757 31270 D CompatibilityInfo: applicationScale - 1.0
01-07 16:26:54.752  3757 31270 I ActivityManager: DSS on for com.google.android.packageinstaller and scale is 1.0
01-07 16:26:54.753  3757 31270 D CompatibilityInfo: mCompatibilityFlags - 0
01-07 16:26:54.753  3757 31270 D CompatibilityInfo: applicationDensity - 420
01-07 16:26:54.753  3757 31270 D CompatibilityInfo: applicationScale - 1.0
01-07 16:26:54.760  3757 31270 D CompatibilityInfo: mCompatibilityFlags - 0
01-07 16:26:54.760  3757 31270 D CompatibilityInfo: applicationDensity - 420
01-07 16:26:54.760  3757 31270 D CompatibilityInfo: applicationScale - 1.0
01-07 16:26:54.761  3757 31270 D GameManagerService: sem_perfomance_mode: 0
01-07 16:26:54.761  3757  3757 D GameManagerService: NotifyRunnable. pkg: com.google.android.packageinstaller, type: 4, isMinimized: false, isTunableApp: false
01-07 16:26:54.761  3757  3757 D GameManagerService: unexpected mPrevNotiType: -1
01-07 16:26:54.767  6011  6027 D ForegroundUtils: could not check pending caller
01-07 16:26:54.768  3757  9599 D GamePkgDataHelper: getGamePkgData(). com.google.android.packageinstaller
01-07 16:26:54.768  3757  9599 D GameManagerService: identifyGamePackage. com.google.android.packageinstaller
01-07 16:26:54.772  3757  9599 D GameManagerService: identifyGamePackage. com.google.android.packageinstaller
01-07 16:26:54.772  3757  9599 D GameManagerService: identifyGamePackage. com.google.android.packageinstaller
01-07 16:26:54.773  3757  7201 D WindowManager: finishDrawingWindow: Window{1bbec0fd0 u0 com.GeekTechnique.InfinityStack/com.epicgames.ue4.GameActivity} mDrawState=DRAW_PENDING
01-07 16:26:54.779 23276 23276 W System  : ClassLoader referenced unknown path: /system/priv-app/GooglePackageInstaller/lib/arm64
01-07 16:26:54.786  3757  7202 V WindowManager: Relayout Window{608b34d0 u0 com.GeekTechnique.InfinityStack/com.epicgames.ue4.GameActivity}: viewVisibility=0 req=1080x1920 WM.LayoutParams{(0,0)(fillxfill) sim=#10 ty=1 fl=#1810500 pfl=0x20000 fmt=1 wanim=0x1030001 vsysui=0x400 needsMenuKey=2 naviIconColor=0}
01-07 16:26:54.793 23224 23224 D ViewRootImpl@e972267[GameActivity]: Relayout returned: oldFrame=[0,0][1080,1920] newFrame=[0,0][1080,1920] result=0x1 surface={isValid=true -1026975744} surfaceGenerationChanged=false
01-07 16:26:54.794  3757 29839 V WindowManager: Relayout Window{9e4c3a3d0 u0 SurfaceView - com.GeekTechnique.InfinityStack/com.epicgames.ue4.GameActivity}: viewVisibility=0 req=1080x1920 WM.LayoutParams{(0,0)(1080x1920) gr=#800033 ty=1001 fl=#4218 pfl=0x10040 fmt=4 naviIconColor=0}
01-07 16:26:54.796 23224 23229 I art     : Do partial code cache collection, code=14KB, data=32KB
01-07 16:26:54.796 23224 23229 I art     : After code cache collection, code=14KB, data=32KB
01-07 16:26:54.796 23224 23229 I art     : Increasing code cache capacity to 256KB
01-07 16:26:54.799 23224 23224 D SurfaceView: Relayout returned: oldFrame=[0,0][1080,1920] newFrame=[0,0][1080,1920] result=0x1 surface={Surface(name=null)/@0x921c180 isValid=true -1026918400}
01-07 16:26:54.799  3757  3771 D WindowManager: finishDrawingWindow: Window{9e4c3a3d0 u0 SurfaceView - com.GeekTechnique.InfinityStack/com.epicgames.ue4.GameActivity} mDrawState=READY_TO_SHOW
01-07 16:26:54.801 23224 23229 I art     : Compiler allocated 7MB to compile boolean com.epicgames.ue4.GameActivity.processSystemInfo(java.lang.String, java.lang.String)
01-07 16:26:54.806  3215  4549 I Layer   : [com.GeekTechnique.InfinityStack/com.epicgames.ue4.GameActivity] addSyncPoint start
01-07 16:26:54.806  3215  4549 I Layer   : [com.GeekTechnique.InfinityStack/com.epicgames.ue4.GameActivity] addSyncPoint end
01-07 16:26:54.806  3215  4549 I Layer   : [com.GeekTechnique.InfinityStack/com.epicgames.ue4.GameActivity] addSyncPoint start
01-07 16:26:54.806  3215  4549 I Layer   : [com.GeekTechnique.InfinityStack/com.epicgames.ue4.GameActivity] addSyncPoint end
01-07 16:26:54.835  3757  5062 D WindowManager: finishDrawingWindow: Window{608b34d0 u0 com.GeekTechnique.InfinityStack/com.epicgames.ue4.GameActivity} mDrawState=DRAW_PENDING
01-07 16:26:54.836 23224 23224 D ViewRootImpl@e972267[GameActivity]: MSG_RESIZED_REPORT: ci=Rect(0, 0 - 0, 0) vi=Rect(0, 0 - 0, 0) or=1
01-07 16:26:54.841  3757  3793 D KnoxTimeoutHandler: notifyActivityDrawn [MsgParam] userId: 0 fullscreen is true showWhenlocked is false isMutiwindowRecord is false multiwindowstyle is 1
