--------- beginning of main
01-23 18:21:17.534  3755  6281 D CompatibilityInfo: mCompatibilityFlags - 0
01-23 18:21:17.534  3755  6281 D CompatibilityInfo: applicationDensity - 420
01-23 18:21:17.534  3755  6281 D CompatibilityInfo: applicationScale - 1.0
01-23 18:21:17.547  3755  4453 D CompatibilityInfo: mCompatibilityFlags - 0
01-23 18:21:17.547  3755  4453 D CompatibilityInfo: applicationDensity - 420
01-23 18:21:17.547  3755  4453 D CompatibilityInfo: applicationScale - 1.0
01-23 18:21:17.565  5873  5890 I art     : Background sticky concurrent mark sweep GC freed 151931(8MB) AllocSpace objects, 15(784KB) LOS objects, 36% free, 18MB/29MB, paused 1.255ms total 179.210ms
01-23 18:21:17.565  3755  6281 D CompatibilityInfo: mCompatibilityFlags - 0
01-23 18:21:17.565  3755  6281 D CompatibilityInfo: applicationDensity - 420
01-23 18:21:17.565  3755  6281 D CompatibilityInfo: applicationScale - 1.0
01-23 18:21:17.572  3755  7395 D CompatibilityInfo: mCompatibilityFlags - 0
01-23 18:21:17.572  3755  7395 D CompatibilityInfo: applicationDensity - 420
01-23 18:21:17.572  3755  7395 D CompatibilityInfo: applicationScale - 1.0
01-23 18:21:17.579  6100  6100 D LauncherApplication: run: mBadgeRefreshHandler reloadBadges
01-23 18:21:17.579  6100  6100 D Launcher.Model: reloadBadges entered.
01-23 18:21:17.602  3755  6281 D CompatibilityInfo: mCompatibilityFlags - 0
01-23 18:21:17.602  3755  6281 D CompatibilityInfo: applicationDensity - 420
01-23 18:21:17.602  3755  6281 D CompatibilityInfo: applicationScale - 1.0
01-23 18:21:17.615 26375 26387 D BadgeProvider: query, [selection] : null
--------- beginning of system
01-23 18:21:17.623  3755  6080 D AudioService: getStreamVolume 3 index 120
01-23 18:21:17.624  3755  7360 D CompatibilityInfo: mCompatibilityFlags - 0
01-23 18:21:17.624  3755  7360 D CompatibilityInfo: applicationDensity - 420
01-23 18:21:17.624  3755  7360 D CompatibilityInfo: applicationScale - 1.0
01-23 18:21:17.635  3755  6281 D CompatibilityInfo: mCompatibilityFlags - 0
01-23 18:21:17.635  3755  6281 D CompatibilityInfo: applicationDensity - 420
01-23 18:21:17.635  3755  6281 D CompatibilityInfo: applicationScale - 1.0
01-23 18:21:17.640  6100  6210 D BadgeCache: 1. updateBadgeCounts: com.samsung.android.email.provider = 0
01-23 18:21:17.640  6100  6210 D BadgeCache: 1. updateBadgeCounts: com.samsung.vvm = 18
01-23 18:21:17.640  6100  6210 D BadgeCache: 2. updateBadgeCounts: com.samsung.vvm/.vvmapp.VVMApplication = 18
01-23 18:21:17.640  6100  6210 D BadgeCache: 1. updateBadgeCounts: com.android.mms = 0
01-23 18:21:17.640  6100  6210 D BadgeCache: 1. updateBadgeCounts: com.facebook.katana = 0
01-23 18:21:17.640  6100  6210 D BadgeCache: 1. updateBadgeCounts: com.sec.android.app.cmas = 0
01-23 18:21:17.640  6100  6210 D BadgeCache: 1. updateBadgeCounts: org.lichess.mobileapp = 0
01-23 18:21:17.640  6100  6210 D BadgeCache: 1. updateBadgeCounts: com.sec.android.app.shealth = 0
01-23 18:21:17.640  6100  6210 D BadgeCache: 1. updateBadgeCounts: com.android.contacts = 0
01-23 18:21:17.640  6100  6210 D BadgeCache: 1. updateBadgeCounts: com.jquiz.comptia_aplus = 20
01-23 18:21:17.640  6100  6210 D BadgeCache: 2. updateBadgeCounts: com.jquiz.comptia_aplus/com.jquiz.StartActivity = 20
01-23 18:21:17.640  6100  6210 D BadgeCache: 1. updateBadgeCounts: com.samsung.android.spay = 1
01-23 18:21:17.640  6100  6210 D BadgeCache: 2. updateBadgeCounts: com.samsung.android.spay/.ui.SpayMainActivity = 1
01-23 18:21:17.640  6100  6210 D BadgeCache: 1. updateBadgeCounts: com.sec.android.app.samsungapps = 0
01-23 18:21:17.640  6100  6210 D BadgeCache: 1. updateBadgeCounts: com.abtnprojects.ambatana = 0
01-23 18:21:17.641  6100  6210 D BadgeCache: 1. updateBadgeCounts: com.brisk.jpay = 0
01-23 18:21:17.641  6100  6210 D BadgeCache: 1. updateBadgeCounts: com.notdoppler.crashofcars = 0
01-23 18:21:17.641  6100  6210 D BadgeCache: 1. updateBadgeCounts: org.thoughtcrime.securesms = 0
01-23 18:21:17.641  6100  6210 D BadgeCache: 1. updateBadgeCounts: com.brisk.jpay = 0
01-23 18:21:17.641  6100  6210 D BadgeCache: 1. updateBadgeCounts: com.verizon.messaging.vzmsgs = 13
01-23 18:21:17.641  6100  6210 D BadgeCache: 2. updateBadgeCounts: com.verizon.messaging.vzmsgs/com.verizon.mms.ui.activity.Provisioning = 13
01-23 18:21:17.641  6100  6210 D BadgeCache: 1. updateBadgeCounts: com.samsung.android.lool = 0
01-23 18:21:17.641  6100  6210 D BadgeCache: 1. updateBadgeCounts: com.android.settings = 0
01-23 18:21:17.641  6100  6210 D BadgeCache: 1. updateBadgeCounts: com.samsung.android.contacts = 0
01-23 18:21:17.641  6100  6210 D BadgeCache: 1. updateBadgeCounts: com.microsoft.office.outlook = 95
01-23 18:21:17.641  6100  6210 D BadgeCache: 2. updateBadgeCounts: com.microsoft.office.outlook/.MainActivity = 95
01-23 18:21:17.641  6100  6210 D BadgeCache: 1. updateBadgeCounts: com.android.vending = 0
01-23 18:21:17.641  6100  6210 D BadgeCache: 1. updateBadgeCounts: com.samsung.android.messaging = 0
01-23 18:21:17.641  6100  6210 D BadgeCache: 1. updateBadgeCounts: com.dropbox.android = 0
01-23 18:21:17.641  6100  6210 D BadgeCache: 1. updateBadgeCounts: com.sololearn = 0
01-23 18:21:17.641  6100  6210 D BadgeCache: 1. updateBadgeCounts: com.facebook.orca = 1
01-23 18:21:17.641  6100  6210 D BadgeCache: 2. updateBadgeCounts: com.facebook.orca/.auth.StartScreenActivity = 1
01-23 18:21:17.641  6100  6210 D BadgeCache: 1. updateBadgeCounts: com.google.android.youtube = 0
01-23 18:21:17.641  6100  6210 D BadgeCache: 1. updateBadgeCounts: com.asurion.android.verizon.vms = 3
01-23 18:21:17.641  6100  6210 D BadgeCache: 2. updateBadgeCounts: com.asurion.android.verizon.vms/com.asurion.android.verizon.vmsp.activity.MainActivity = 3
01-23 18:21:17.641  6100  6210 D BadgeCache: 1. updateBadgeCounts: com.instagram.android = 1
01-23 18:21:17.641  6100  6210 D BadgeCache: 2. updateBadgeCounts: com.instagram.android/.activity.MainTabActivity = 1
01-23 18:21:17.641  6100  6210 D BadgeCache: 1. updateBadgeCounts: com.twitter.android = 0
01-23 18:21:17.641  6100  6210 D BadgeCache: 1. updateBadgeCounts: org.telegram.messenger = 1
01-23 18:21:17.641  6100  6210 D BadgeCache: 2. updateBadgeCounts: org.telegram.messenger/org.telegram.ui.LaunchActivity = 1
01-23 18:21:17.641  6100  6210 D BadgeCache: 1. updateBadgeCounts: com.zynga.wwf2.free = 1
01-23 18:21:17.641  6100  6210 D BadgeCache: 2. updateBadgeCounts: com.zynga.wwf2.free/com.zynga.words2.ui.launch.Words2LaunchActivity = 1
01-23 18:21:17.641  6100  6210 D BadgeCache: 1. updateBadgeCounts: com.zynga.words = 0
01-23 18:21:17.641  6100  6210 D BadgeCache: 1. updateBadgeCounts: com.amazon.mShop.android.shopping = 0
01-23 18:21:17.641  6100  6210 D BadgeCache: 1. updateBadgeCounts: com.blockfolio.blockfolio = 0
01-23 18:21:17.641  6100  6210 D BadgeCache: 1. updateBadgeCounts: com.skype.raider = 0
01-23 18:21:17.641  6100  6210 D BadgeCache: 1. updateBadgeCounts: com.reddit.frontpage = 0
01-23 18:21:17.647  6100  6210 D BadgeCache: updated Badged:12
01-23 18:21:17.647  6100  6210 D BadgeCache: updateBadgeCounts:12
01-23 18:21:17.647  6100  6210 D Launcher.Model: reloadBadges, badges count : 12
01-23 18:21:17.648  6100  6210 D Launcher.Model: appItems:0 homeItems:0
01-23 18:21:17.710  7043 26708 I Icing   : Indexing com.google.android.gms-internal.3p:ContextualEvent from com.google.android.gms
01-23 18:21:17.722  7043 26708 I Icing   : Indexing com.google.android.gms-internal.3p:MusicRecording from com.google.android.gms
01-23 18:21:17.738  7043 26708 I Icing   : Indexing done com.google.android.gms-internal.3p:Message
01-23 18:21:17.741  7043 26708 I Icing   : Indexing done com.google.android.gms-apps
01-23 18:21:17.743  3755  7363 D CompatibilityInfo: mCompatibilityFlags - 0
01-23 18:21:17.743  3755  7363 D CompatibilityInfo: applicationDensity - 420
01-23 18:21:17.743  3755  7363 D CompatibilityInfo: applicationScale - 1.0
01-23 18:21:17.746  7043 26708 I Icing   : Indexing done com.google.android.gms-internal.3p:ContextualEvent
01-23 18:21:17.749  5873  5873 W ChimeraUtils: Non Chimera context
01-23 18:21:17.751  7043 26708 I Icing   : Indexing done com.google.android.gms-internal.3p:MusicRecording
01-23 18:21:17.774  3755  7344 D CompatibilityInfo: mCompatibilityFlags - 0
01-23 18:21:17.774  3755  7344 D CompatibilityInfo: applicationDensity - 420
01-23 18:21:17.774  3755  7344 D CompatibilityInfo: applicationScale - 1.0
01-23 18:21:17.831  3755  6065 D AudioService: getStreamVolume 3 index 120
01-23 18:21:17.841  3755  7358 D CompatibilityInfo: mCompatibilityFlags - 0
01-23 18:21:17.841  3755  7358 D CompatibilityInfo: applicationDensity - 420
01-23 18:21:17.841  3755  7358 D CompatibilityInfo: applicationScale - 1.0
01-23 18:21:17.845  5873  7932 I System.out: (HTTPLog)-Static: isSBSettingEnabled false
01-23 18:21:17.845  5873  7932 I System.out: (HTTPLog)-Static: isSBSettingEnabled false
01-23 18:21:17.945  3755  5085 D ConnectivityService: filterNetworkStateForUid() uid: 10014 networkInfo: [type: WIFI[] - WIFI, state: CONNECTED/CONNECTED, reason: (unspecified), extra: "wilkinson2.4", failover: false, available: true, roaming: false, metered: false]
01-23 18:21:17.946  3755  7357 D ConnectivityService: filterNetworkStateForUid() uid: 10014 networkInfo: [type: WIFI[] - WIFI, state: CONNECTED/CONNECTED, reason: (unspecified), extra: "wilkinson2.4", failover: false, available: true, roaming: false, metered: false]
01-23 18:21:17.951  3755  7343 D SamsungAlarmManager: Cancel Alarm calling from uid:10014 pid :5873 / op:PendingIntent{e045b54: PendingIntentRecord{4a70533 com.google.android.gms broadcastIntent}}
01-23 18:21:18.000  3755  5047 D SamsungAlarmManager: setInexact Intent (T:2/F:0/AC:false) 20190123T184102 - CU:10014/CP:5873
01-23 18:21:18.033  3755  6080 D AudioService: getStreamVolume 3 index 120
01-23 18:21:18.061  3755  7363 D CompatibilityInfo: mCompatibilityFlags - 0
01-23 18:21:18.061  3755  7363 D CompatibilityInfo: applicationDensity - 420
01-23 18:21:18.061  3755  7363 D CompatibilityInfo: applicationScale - 1.0
01-23 18:21:18.094  7043 10982 I System.out: (HTTPLog)-Static: isSBSettingEnabled false
01-23 18:21:18.094  7043 10982 I System.out: (HTTPLog)-Static: isSBSettingEnabled false
01-23 18:21:18.154  3755  7364 D ConnectivityService: filterNetworkStateForUid() uid: 10014 networkInfo: [type: WIFI[] - WIFI, state: CONNECTED/CONNECTED, reason: (unspecified), extra: "wilkinson2.4", failover: false, available: true, roaming: false, metered: false]
01-23 18:21:18.155  3755  5047 D ConnectivityService: filterNetworkStateForUid() uid: 10014 networkInfo: [type: WIFI[] - WIFI, state: CONNECTED/CONNECTED, reason: (unspecified), extra: "wilkinson2.4", failover: false, available: true, roaming: false, metered: false]
01-23 18:21:18.159  3755  7367 D SamsungAlarmManager: Cancel Alarm calling from uid:10014 pid :5873 / op:PendingIntent{7957d3e: PendingIntentRecord{4a70533 com.google.android.gms broadcastIntent}}
01-23 18:21:18.221  3755  7367 D SamsungAlarmManager: setInexact Intent (T:2/F:0/AC:false) 20190123T184102 - CU:10014/CP:5873
01-23 18:21:18.233 26847 26847 D SecurityManagerNative: SecurityManagerNative v2.7.2.5 On 64bit PLATFORM With BORINGSSL
01-23 18:21:18.235  3755  6081 D AudioService: getStreamVolume 3 index 120
01-23 18:21:18.239 26847 26847 E appproc : Enhanced Zygote ASLR: ro.knox.enhance.zygote.aslr != 1. Enhanced Zygote ASLR is DISABLED!
01-23 18:21:18.239 26847 26847 D AndroidRuntime: >>>>>> START com.android.internal.os.RuntimeInit uid 2000 <<<<<<
01-23 18:21:18.242 26847 26847 D AndroidRuntime: CheckJNI is OFF
01-23 18:21:18.245 26847 26847 D AndroidRuntime: addProductProperty: start
01-23 18:21:18.266  3755  4444 D CompatibilityInfo: mCompatibilityFlags - 0
01-23 18:21:18.266  3755  4444 D CompatibilityInfo: applicationDensity - 420
01-23 18:21:18.266  3755  4444 D CompatibilityInfo: applicationScale - 1.0
01-23 18:21:18.292  3755  3773 D ConnectivityService: filterNetworkStateForUid() uid: 1000 networkInfo: [type: WIFI[] - WIFI, state: CONNECTED/CONNECTED, reason: (unspecified), extra: "wilkinson2.4", failover: false, available: true, roaming: false, metered: false]
01-23 18:21:18.296 26847 26847 I [saiv 1.1]: saiv_OnLoadJNI.cpp(38): _init: Version 1.1 Build # 3532
01-23 18:21:18.296 26847 26847 I [saiv 1.1]: saiv_OnLoadJNI.cpp(43): _init: _init() was called
01-23 18:21:18.302  3755  3774 D CompatibilityInfo: mCompatibilityFlags - 0
01-23 18:21:18.302  3755  3774 D CompatibilityInfo: applicationDensity - 420
01-23 18:21:18.302  3755  3774 D CompatibilityInfo: applicationScale - 1.0
01-23 18:21:18.324 26847 26847 I MLDAP   : ================================================
01-23 18:21:18.324 26847 26847 I MLDAP   :  MLDAP_LIB v1.1.16
01-23 18:21:18.324 26847 26847 I MLDAP   : ================================================
01-23 18:21:18.325  7043 26729 I GamesSyncAdapter: Sync duration for d25eb2fc: 1999
01-23 18:21:18.343  3755  3773 D ConnectivityService: filterNetworkStateForUid() uid: 1000 networkInfo: [type: WIFI[] - WIFI, state: CONNECTED/CONNECTED, reason: (unspecified), extra: "wilkinson2.4", failover: false, available: true, roaming: false, metered: false]
01-23 18:21:18.353  7043  7843 W GamesServiceBroker: Client connected with SDK 15022000, Services 14799019, and Games 78250040
01-23 18:21:18.361  3755  4444 D CompatibilityInfo: mCompatibilityFlags - 0
01-23 18:21:18.361  3755  4444 D CompatibilityInfo: applicationDensity - 420
01-23 18:21:18.361  3755  4444 D CompatibilityInfo: applicationScale - 1.0
01-23 18:21:18.387 26847 26847 I TMSDISP : AcsAndroidVirtualDisplayIntfImpl
01-23 18:21:18.408  3755  7358 I ActivityManager: Killing 26187:com.samsung.android.weather/u0a90 (adj 906): DHA:empty #31
01-23 18:21:18.423  3755  6277 D ActivityManager: cleanUpApplicationRecord -- 26187
01-23 18:21:18.423 26847 26847 D ICU     : No timezone override file found: /data/misc/zoneinfo/current/icu/icu_tzdata.dat
01-23 18:21:18.424  5967  8175 D ForegroundUtils: could not check pending caller
01-23 18:21:18.437  3755  5085 D AudioService: getStreamVolume 3 index 120
01-23 18:21:18.451 26847 26847 I Radio-JNI: register_android_hardware_Radio DONE
01-23 18:21:18.460 26847 26847 D ReflectionHelper: loadKlass() : caller=android.app.Activity.<clinit>:7555 <bottom of call stack> 
01-23 18:21:18.460 26847 26847 D ReflectionHelper: Reflecting method.....  class <onScreenChanged>
01-23 18:21:18.462 26847 26847 E SemAffinityControl: SemAffinityControl: registerfunction enter
01-23 18:21:18.475 26847 26847 D AndroidRuntime: Calling main entry com.android.commands.am.Am
01-23 18:21:18.490  3755  3767 I ActivityManager: START u0 {act=null typ=null flg=0x10000000 cmp=ComponentInfo{com.GeekTechnique.InfinityStack/com.epicgames.ue4.SplashActivity}} from uid 2000 on display 0
01-23 18:21:18.496  3755  3767 D ActivityManager: ActivityRecord() Constructor : multiScreenAttrs=MultiScreenAttrs{mDisplayId=0, mBaseDisplayId=0, mBaseActivity=false}
01-23 18:21:18.498  3755  3767 D CustomFrequencyManagerService: acquireDVFSLockLocked : type : DVFS_MIN_LIMIT  frequency : 2100000  uid : 1000  pid : 3755  pkgName : AMS_APP_SWITCH@CPU_MIN@19
01-23 18:21:18.498  3755  3767 D ActivityManagerPerformance: AMP_acquire() APP_SWITCH
01-23 18:21:18.499  3755  3767 D ActivityManager: computeStackFocus: stackId=1
01-23 18:21:18.499  3755  3767 D ActivityManager: computeStackFocus: New stack r=ActivityRecord{409ef31d0 u0 com.GeekTechnique.InfinityStack/com.epicgames.ue4.SplashActivity t-1} stackId=1
01-23 18:21:18.499  3755  3767 D ActivityTrigger: Activity is Triggerred in full screen 
01-23 18:21:18.500  3755  9977 D TelephonyManager: getAllCellInfo : Caller (PID / UID / TID): 3755 / 1000 / 9977
01-23 18:21:18.500  3755  3767 D CompatibilityInfo: mCompatibilityFlags - 0
01-23 18:21:18.500  3755  3767 D CompatibilityInfo: applicationDensity - 420
01-23 18:21:18.500  3755  3767 D CompatibilityInfo: applicationScale - 1.0
01-23 18:21:18.501  3755  3767 D ActivityManager: moveToFront() : reason=startedActivity setFocusedActivity isAttached=true TaskRecord{1dd4d6dd0 #1054 A=com.GeekTechnique.InfinityStack U=0 StackId=1 sz=1}
01-23 18:21:18.501  3755  3767 D ActivityManager: setFocusStackUnchecked: reason=startedActivity setFocusedActivity focusCandidate=ActivityStack{9599370d0 stackId=1, 2 tasks} caller=com.android.server.am.ActivityStack.moveToFront:874 com.android.server.am.ActivityStackSupervisor.moveActivityStackToFront:2005 
01-23 18:21:18.503  3755  3767 D InputDispatcher: Focused application set to: xxxx
01-23 18:21:18.504  3755  3767 D InputDispatcher: Focus left window: 6100
01-23 18:21:18.504  3755  3767 D ActivityManager: resumeTopActivityInnerLocked() : #1 prevTask=TaskRecord{1dd4d6dd0 #1054 A=com.GeekTechnique.InfinityStack U=0 StackId=1 sz=1} next=ActivityRecord{409ef31d0 u0 com.GeekTechnique.InfinityStack/com.epicgames.ue4.SplashActivity t1054} mFocusedStack=ActivityStack{9599370d0 stackId=1, 2 tasks}
01-23 18:21:18.504  3755  3767 D ActivityTrigger: ActivityTrigger activityPauseTrigger 
01-23 18:21:18.505  3755  3767 D GameManagerService: sem_perfomance_mode: 0
01-23 18:21:18.507  6100  6100 D Launcher: onPause, Launcher: 119184667
01-23 18:21:18.507  6100  6100 D Launcher.HomeView: onPause
01-23 18:21:18.507  6100  6100 D Launcher.Workspace: exitWidgetResizeMode. isClearResizeFrame is false
01-23 18:21:18.518  3755  5047 D ActivityManager: clearAppIconInfo()
01-23 18:21:18.518 26847 26847 D AndroidRuntime: Shutting down VM
01-23 18:21:18.519  3755  5047 D ActivityManager: resumeTopActivityInnerLocked() : #1 prevTask=TaskRecord{aab6699d0 #1042 A=com.sec.android.app.launcher U=0 StackId=0 sz=1} next=ActivityRecord{409ef31d0 u0 com.GeekTechnique.InfinityStack/com.epicgames.ue4.SplashActivity t1054} mFocusedStack=ActivityStack{9599370d0 stackId=1, 2 tasks}
01-23 18:21:18.519  3755  5047 D ActivityManager: applyOptionsLocked(), pendingOptions : null
01-23 18:21:18.520  3755  5047 D MountService: getExternalStorageMountMode : 3
01-23 18:21:18.520  3755  5047 D MountService: getExternalStorageMountMode : 3
01-23 18:21:18.520  3755  5047 D MountService: getExternalStorageMountMode : final mountMode=3, uid : 10401, packageName : com.GeekTechnique.InfinityStack
01-23 18:21:18.521  3755  3790 D WindowManager: addWindow: android.view.ViewRootImpl$W@85b768f displayId=0
01-23 18:21:18.521  3755  3790 D InputTransport: Input channel constructed: fd=464
01-23 18:21:18.521  3755  3790 D InputTransport: Input channel constructed: fd=466
01-23 18:21:18.521  3755  3790 D WindowManager: openInputChannel mInputChannel: eab3d1c Starting com.GeekTechnique.InfinityStack (server)
01-23 18:21:18.522  3755  3790 D ViewRootImpl@db9b1ee[InfinityStack]: setView = DecorView@b2fbd25[InfinityStack] touchMode=true
01-23 18:21:18.526  3755  3790 D ViewRootImpl@db9b1ee[InfinityStack]: dispatchAttachedToWindow
01-23 18:21:18.526  3755  3790 V WindowManager: Relayout Window{eab3d1cd0 u0 Starting com.GeekTechnique.InfinityStack}: viewVisibility=0 req=1079x1856 WM.LayoutParams{(0,0)(fillxfill) sim=#20 ty=3 fl=#1830518 pfl=0x20011 wanim=0x1030001 vsysui=0x400 needsMenuKey=2 naviIconColor=0}
01-23 18:21:18.527  3219  3219 I SurfaceFlinger: id=182 createSurf (1x1),1 flag=404, JnfinitySta
01-23 18:21:18.533 26863 26863 E Zygote  : v2
01-23 18:21:18.533 26863 26863 I libpersona: KNOX_SDCARD checking this for 10401
01-23 18:21:18.533 26863 26863 I libpersona: KNOX_SDCARD not a persona
01-23 18:21:18.533  3755  5047 I ActivityManager: Start proc 26863:com.GeekTechnique.InfinityStack/u0a401 for activity com.GeekTechnique.InfinityStack/com.epicgames.ue4.SplashActivity
01-23 18:21:18.533 26863 26863 E Zygote  : accessInfo : 0
01-23 18:21:18.534 26863 26863 W SELinux : SELinux selinux_android_compute_policy_index : Policy Index[2],  Con:u:r:zygote:s0 RAM:SEPF_SECMOBILE_7.0_0009, [-1 -1 -1 -1 0 1]
01-23 18:21:18.535 26863 26863 I SELinux : SELinux: seapp_context_lookup: seinfo=untrusted, level=s0:c512,c768, pkgname=com.GeekTechnique.InfinityStack 
01-23 18:21:18.538 26863 26863 I art     : Late-enabling -Xcheck:jni
01-23 18:21:18.547  3755  3790 D ViewRootImpl@db9b1ee[InfinityStack]: Relayout returned: oldFrame=[0,0][0,0] newFrame=[0,0][1080,1920] result=0x27 surface={isValid=true 517996895744} surfaceGenerationChanged=true
01-23 18:21:18.548 26847 26847 I TMSDISP : AcsAndroidVirtualDisplayIntfImpl::~AcsAndroidVirtualDisplayIntfImpl - Enter
01-23 18:21:18.548 26847 26847 I TMSDISP : AcsAndroidVirtualDisplayIntfImpl::~AcsAndroidVirtualDisplayIntfImpl - Enter2
01-23 18:21:18.548 26847 26847 I TMSDISP : AcsAndroidVirtualDisplayIntfImpl::~AcsAndroidVirtualDisplayIntfImpl - mSource2
01-23 18:21:18.548 26847 26847 I TMSDISP : AcsAndroidVirtualDisplayIntfImpl::~AcsAndroidVirtualDisplayIntfImpl - Exit
01-23 18:21:18.556  3755  3774 I ActivityManager: Waited long enough for: ServiceRecord{76ac131 u0 com.samsung.android.slinkcloud/platform.com.mfluent.asp.framework.CloudManagerMainService}
01-23 18:21:18.556  6100  6100 D ViewRootImpl@dea20de[LauncherActivity]: MSG_WINDOW_FOCUS_CHANGED 0
01-23 18:21:18.557 26863 26863 D TimaKeyStoreProvider: TimaKeyStore is not enabled: cannot add TimaSignature Service and generateKeyPair Service
01-23 18:21:18.559  6100  6100 D SEM_CLIP_SemClipboardManager: isCocktailBarDisplayed : false
01-23 18:21:18.560  3755  7395 D CompatibilityInfo: mCompatibilityFlags - 0
01-23 18:21:18.560  3755  7395 D CompatibilityInfo: applicationDensity - 420
01-23 18:21:18.560  3755  7395 D CompatibilityInfo: applicationScale - 1.0
01-23 18:21:18.560  3755  7395 I ActivityManager: DSS on for com.GeekTechnique.InfinityStack and scale is 1.0
01-23 18:21:18.562  3755  7395 D CompatibilityInfo: mCompatibilityFlags - 0
01-23 18:21:18.562  3755  7395 D CompatibilityInfo: applicationDensity - 420
01-23 18:21:18.562  3755  7395 D CompatibilityInfo: applicationScale - 1.0
01-23 18:21:18.568  3755  7395 D CompatibilityInfo: mCompatibilityFlags - 0
01-23 18:21:18.568  3755  7395 D CompatibilityInfo: applicationDensity - 420
01-23 18:21:18.568  3755  7395 D CompatibilityInfo: applicationScale - 1.0
01-23 18:21:18.569  3755  7395 D GameManagerService: sem_perfomance_mode: 0
01-23 18:21:18.569  3755  3755 D GameManagerService: NotifyRunnable. pkg: com.GeekTechnique.InfinityStack, type: 4, isMinimized: false, isTunableApp: false
01-23 18:21:18.569  3755  3755 D GameManagerService: do nothing. mKillNotiCount: 3
01-23 18:21:18.575  5967  5990 D ForegroundUtils: could not check pending caller
01-23 18:21:18.581  3755  3790 D WindowManager: finishDrawingWindow: Window{eab3d1cd0 u0 Starting com.GeekTechnique.InfinityStack} mDrawState=DRAW_PENDING
01-23 18:21:18.582  3755  3764 I art     : Background sticky concurrent mark sweep GC freed 99147(10MB) AllocSpace objects, 22(920KB) LOS objects, 15% free, 60MB/71MB, paused 6.509ms total 75.044ms
01-23 18:21:18.588  3755  3775 D WindowManager: set systemUiVisibility of statusbar : vis= 0x408
01-23 18:21:18.593  4621  6725 D WallpaperService: resized:[frame]Rect(0, 0 - 1080, 1920) [newConfig] is null
01-23 18:21:18.593  3755  4444 D WindowManager: adjustSystemUiVisibilityLw : vis= 0x408
01-23 18:21:18.593  4621  4621 D WallpaperService: MSG_WINDOW_RESIZED
01-23 18:21:18.593  4621  4621 D WallpaperService: updateSurface forceRelayout=true redrawNeeded=false myWidth=1080 myHeight=1920 fixedSize=true mWidth=1080 mHeight=1920
01-23 18:21:18.594  4621  4621 V WallpaperService: Changes: creating=false format=false size=false
01-23 18:21:18.595  3755  7364 V WindowManager: Relayout Window{1f6e85bd0 u0 com.android.systemui.ImageWallpaper}: viewVisibility=0 req=1080x1920 WM.LayoutParams{(0,0)(1080x1920) gr=#800033 ty=2013 fl=#318 fmt=2 wanim=0x10302f2 naviIconColor=0}
01-23 18:21:18.596 19159 22276 I PBSessionCacheImpl: Deleted sessionId[84263721389485193] from persistence.
01-23 18:21:18.600  4621  4621 V WallpaperService: New surface=Surface(name=null)/@0xe03252c, frame=Rect(0, 0 - 1080, 1920),relayoutResult=1, mConfiguration={0 1.0 themeSeq = 0 showBtnBg = -1 ?mcc?mnc ?localeList ?layoutDir ?swdp ?wdp ?hdp ?density ?lsize ?long ?orien ?uimode ?night ?touch ?keyb/?/? ?nav/? mkbd/?}
01-23 18:21:18.600  4621  4621 V WallpaperService: Wallpaper size has changed : 1080, 1920
01-23 18:21:18.601  4621  4621 D ImageWallpaper: onOffsetsChanged: xOffset=0.0, yOffset=0.0, xOffsetStep=0.0, yOffsetStep=0.0, xPixels=0, yPixels=0
01-23 18:21:18.601  3755  3790 D ViewRootImpl@db9b1ee[InfinityStack]: MSG_RESIZED: ci=Rect(0, 0 - 0, 0) vi=Rect(0, 0 - 0, 0) or=1
01-23 18:21:18.601  4621  4621 D ImageWallpaper: drawFrame=false rotation=0 mLastRotation=0
01-23 18:21:18.602  4621  4621 D ImageWallpaper: drawFrame:[frame.width()]1080[frame.height()]1920
01-23 18:21:18.602  4621  4621 D ImageWallpaper: surfaceDimensionsChanged=false mLastSurfaceRotation=0 mDisplayWidth=-1 mDisplayHeight=-1
01-23 18:21:18.602  4621  4621 D ImageWallpaper: mNewKeyboard : 0 mLastKeyboard : 0 mForceDraw = false
01-23 18:21:18.602  4621  4621 D ImageWallpaper: redrawNeeded = false, mOffsetsChanged = false
01-23 18:21:18.602  4621  4621 D ImageWallpaper: Suppressed drawFrame since redraw is not needed and offsets have not changed.
01-23 18:21:18.604 19159 19180 W SearchServiceCore: Abort, client detached.
01-23 18:21:18.611  4621  4621 D SwipeDoorsillDetector: reset()com.android.systemui.statusbar.phone.NotificationPanelView.resetViews:864 com.android.systemui.statusbar.phone.PanelBar.collapsePanel:173 com.android.systemui.statusbar.phone.PhoneStatusBar.setWindowState:4340 com.android.systemui.statusbar.CommandQueue$H.handleMessage:678 
01-23 18:21:18.629  6100  6100 D ViewRootImpl@dea20de[LauncherActivity]: mHardwareRenderer.destroy()#1
01-23 18:21:18.630  3755  5048 V WindowManager: Relayout Window{b497154d0 u0 com.sec.android.app.launcher/com.sec.android.app.launcher.activities.LauncherActivity}: viewVisibility=8 req=1080x1920 WM.LayoutParams{(0,0)(fillxfill) sim=#130 ty=1 fl=#81910d00 pfl=0x20000 fmt=-2 wanim=0x103038a vsysui=0x600 needsMenuKey=2 dimDuration=0 naviIconColor=0}
01-23 18:21:18.632  6100  6100 D ViewRootImpl@dea20de[LauncherActivity]: Relayout returned: oldFrame=[0,0][1080,1920] newFrame=[0,0][1080,1920] result=0x5 surface={isValid=false 0} surfaceGenerationChanged=true
01-23 18:21:18.632  3755  6281 I ActivityManager: START u0 {act=null typ=null flg=0x10000 cmp=ComponentInfo{com.GeekTechnique.InfinityStack/com.epicgames.ue4.GameActivity}} from uid 10401 on display 0
01-23 18:21:18.633  3755  6281 D ActivityManager: ActivityRecord() Constructor : multiScreenAttrs=MultiScreenAttrs{mDisplayId=0, mBaseDisplayId=0, mBaseActivity=false}
01-23 18:21:18.634  3755  6281 D ActivityManager: moveToFront() : reason=intentActivityFound isAttached=true null
01-23 18:21:18.634  3755  6281 D ActivityManager: moveToFront() : reason=sourceStackToFront isAttached=true null
01-23 18:21:18.635  3755  6281 D ActivityTrigger: Activity is Triggerred in full screen 
01-23 18:21:18.636  3755  6281 D CompatibilityInfo: mCompatibilityFlags - 0
01-23 18:21:18.636  3755  6281 D CompatibilityInfo: applicationDensity - 420
01-23 18:21:18.636  3755  6281 D CompatibilityInfo: applicationScale - 1.0
01-23 18:21:18.636  3755  6281 D ActivityManager: moveToFront() : reason=startedActivity setFocusedActivity isAttached=true TaskRecord{1dd4d6dd0 #1054 A=com.GeekTechnique.InfinityStack U=0 StackId=1 sz=2}
01-23 18:21:18.637  3755  6281 D InputDispatcher: Focused application set to: xxxx
01-23 18:21:18.637  3755  6281 D ActivityManager: resumeTopActivityInnerLocked() : #1 prevTask=TaskRecord{1dd4d6dd0 #1054 A=com.GeekTechnique.InfinityStack U=0 StackId=1 sz=2} next=ActivityRecord{8210c6d0 u0 com.GeekTechnique.InfinityStack/com.epicgames.ue4.GameActivity t1054} mFocusedStack=ActivityStack{9599370d0 stackId=1, 2 tasks}
01-23 18:21:18.637  3755  6281 D ActivityTrigger: ActivityTrigger activityPauseTrigger 
01-23 18:21:18.637  3755  6281 D GameManagerService: sem_perfomance_mode: 0
01-23 18:21:18.638  3755  5085 D AudioService: getStreamVolume 3 index 120
01-23 18:21:18.639  3755  9977 D GamePkgDataHelper: getGamePkgData(). com.GeekTechnique.InfinityStack
01-23 18:21:18.639  3755  9977 D GameManagerService: identifyGamePackage. com.GeekTechnique.InfinityStack
01-23 18:21:18.639  3755  9977 D GameManagerService: identifyGamePackage. com.GeekTechnique.InfinityStack
01-23 18:21:18.640  3755  3775 D WindowManager: set systemUiVisibility of statusbar : vis= 0x408
01-23 18:21:18.641  3755  7357 W MultiScreenManagerService: moveTaskBackToDisplayIfNeeded(): The task has more than one activity
01-23 18:21:18.642  3755  9977 D GameManagerService: identifyGamePackage. com.GeekTechnique.InfinityStack
01-23 18:21:18.642  3755  9977 D GameManagerService: identifyGamePackage. com.GeekTechnique.InfinityStack
01-23 18:21:18.672  3755  7367 D ActivityManager: setAppIconInfo(), x : 0, y : 0, width : 0, height : 0, isHomeItem : false
01-23 18:21:18.673  3755  7367 D ActivityManager: resumeTopActivityInnerLocked() : #1 prevTask=TaskRecord{1dd4d6dd0 #1054 A=com.GeekTechnique.InfinityStack U=0 StackId=1 sz=2} next=ActivityRecord{8210c6d0 u0 com.GeekTechnique.InfinityStack/com.epicgames.ue4.GameActivity t1054} mFocusedStack=ActivityStack{9599370d0 stackId=1, 2 tasks}
01-23 18:21:18.673  3755  7367 D ActivityManager: applyOptionsLocked(), pendingOptions : null
01-23 18:21:18.677  3755  7367 D CompatibilityInfo: mCompatibilityFlags - 0
01-23 18:21:18.677  3755  7367 D CompatibilityInfo: applicationDensity - 420
01-23 18:21:18.677  3755  7367 D CompatibilityInfo: applicationScale - 1.0
01-23 18:21:18.678  3755  7367 D GameManagerService: sem_perfomance_mode: 0
01-23 18:21:18.678  3755  3755 D GameManagerService: NotifyRunnable. pkg: com.GeekTechnique.InfinityStack, type: 4, isMinimized: false, isTunableApp: false
01-23 18:21:18.678  3755  3755 D GameManagerService: do nothing. mKillNotiCount: 3
01-23 18:21:18.691 26863 26863 D OVRPlugin: JNI_OnLoad
01-23 18:21:18.707  3755  4521 D MdnieScenarioControlService:  packageName : com.GeekTechnique.InfinityStack    className : com.epicgames.ue4.GameActivity
01-23 18:21:18.751 26863 26863 D UE4     : Used memory before allocating anything was 51.53MB
01-23 18:21:18.799  3755  4459 D WifiStateMachine: Current network is: "wilkinson2.4" , ID is: 30
01-23 18:21:18.799  3755  4459 I WifiStateMachine: IMS calling, current network is always qualified
01-23 18:21:18.839  3755  6065 D AudioService: getStreamVolume 3 index 120
01-23 18:21:18.954 26863 26863 D UE4     : In the JNI_OnLoad function
01-23 18:21:18.955 26863 26863 D UE4     : [JNI] - Failed to determine if app purchasing is enabled!
01-23 18:21:18.957 26863 26863 D UE4     : Path found as '/storage/emulated/0'
01-23 18:21:18.957 26863 26863 D UE4     : Font Path found as '/system/fonts/'
01-23 18:21:18.957 26863 26863 D UE4     : In the JNI_OnLoad function 5
01-23 18:21:18.973 26863 26863 V threaded_app: Creating: 0xddd2d960
01-23 18:21:18.974 26863 26880 V threaded_app: Config: mcc=311 mnc=480 lang=en cnt=US orien=1 touch=3 dens=420 keys=1 nav=1 keysHid=3 navHid=0 sdk=24 size=2 long=2 modetype=1 modenight=1
01-23 18:21:18.974 26863 26880 D UE4     : Entering native app glue main function
01-23 18:21:18.974 26863 26880 D UE4     : Created event thread
01-23 18:21:18.974 26863 26880 D UE4     : Entered AndroidMain()
01-23 18:21:18.974 26863 26881 D UE4     : Entering event processing thread engine entry point
01-23 18:21:18.974 26863 26881 D UE4     : Prepared looper for event thread
01-23 18:21:18.974 26863 26881 D UE4     : Passed callback initialization
01-23 18:21:18.974 26863 26881 D UE4     : Passed sensor initialization
01-23 18:21:18.976 26863 26880 D UE4     : Controller interface supported
01-23 18:21:18.976  3755  7396 W ServiceManager: Permission failure: com.samsung.permission.SSENSOR from uid=10401 pid=26863
01-23 18:21:18.976  3755  7396 D PermissionCache: checking com.samsung.permission.SSENSOR for uid=10401 => denied (175 us)
01-23 18:21:18.976  3755  7396 E SensorService: getSensorList a sensor (MAX86900) without holding its required permission: com.samsung.permission.SSENSOR
01-23 18:21:18.976  3755  7396 I SensorService: Skipped sensor MAX86900 because it requires permission com.samsung.permission.SSENSOR and app op -1
01-23 18:21:18.976  3755  7396 W ServiceManager: Permission failure: com.samsung.permission.HRM_EXT from uid=10401 pid=26863
01-23 18:21:18.976  3755  7396 D PermissionCache: checking com.samsung.permission.HRM_EXT for uid=10401 => denied (71 us)
01-23 18:21:18.976  3755  7396 E SensorService: getSensorList a sensor (HRM Ambient Light Canceling) without holding its required permission: com.samsung.permission.HRM_EXT
01-23 18:21:18.976  3755  7396 I SensorService: Skipped sensor HRM Ambient Light Canceling because it requires permission com.samsung.permission.HRM_EXT and app op -1
01-23 18:21:18.976  3755  7396 W ServiceManager: Permission failure: android.permission.BODY_SENSORS from uid=10401 pid=26863
01-23 18:21:18.976  3755  7396 E SensorService: getSensorList a sensor (HRMLED IR) without holding its required permission: android.permission.BODY_SENSORS
01-23 18:21:18.976  3755  7396 I SensorService: Skipped sensor HRMLED IR because it requires permission android.permission.BODY_SENSORS and app op 56
01-23 18:21:18.977  3755  7396 W ServiceManager: Permission failure: android.permission.BODY_SENSORS from uid=10401 pid=26863
01-23 18:21:18.977  3755  7396 E SensorService: getSensorList a sensor (HRMLED RED) without holding its required permission: android.permission.BODY_SENSORS
01-23 18:21:18.977  3755  7396 I SensorService: Skipped sensor HRMLED RED because it requires permission android.permission.BODY_SENSORS and app op 56
01-23 18:21:18.977  3755  7396 E SensorService: getSensorList a sensor (HRM Proximity detecting) without holding its required permission: com.samsung.permission.HRM_EXT
01-23 18:21:18.977  3755  7396 I SensorService: Skipped sensor HRM Proximity detecting because it requires permission com.samsung.permission.HRM_EXT and app op -1
01-23 18:21:18.977  3755  7396 E SensorService: getSensorList a sensor (HRM Sensor) without holding its required permission: com.samsung.permission.SSENSOR
01-23 18:21:18.977  3755  7396 I SensorService: Skipped sensor HRM Sensor because it requires permission com.samsung.permission.SSENSOR and app op -1
01-23 18:21:18.977  3755  7396 W ServiceManager: Permission failure: android.permission.BODY_SENSORS from uid=10401 pid=26863
01-23 18:21:18.977  3755  7396 E SensorService: getSensorList a sensor (HeartRate Sensor) without holding its required permission: android.permission.BODY_SENSORS
01-23 18:21:18.977  3755  7396 I SensorService: Skipped sensor HeartRate Sensor because it requires permission android.permission.BODY_SENSORS and app op 56
01-23 18:21:18.977  3755  7396 E SensorService: getSensorList a sensor (Sensor Diagnostic Monitor) without holding its required permission: com.samsung.permission.SSENSOR
01-23 18:21:18.977  3755  7396 I SensorService: Skipped sensor Sensor Diagnostic Monitor because it requires permission com.samsung.permission.SSENSOR and app op -1
01-23 18:21:18.995 26863 26863 D ViewRootImpl@4bdb50f[GameActivity]: ThreadedRenderer.create() translucent=false
01-23 18:21:18.996  3755  6065 D WindowManager: addWindow: android.view.IWindow$Stub$Proxy@7cb720 displayId=0
01-23 18:21:18.997  3755  6065 D InputTransport: Input channel constructed: fd=463
01-23 18:21:18.997  3755  6065 D InputTransport: Input channel constructed: fd=471
01-23 18:21:18.997  3755  6065 D WindowManager: openInputChannel mInputChannel: f6c729e com.GeekTechnique.InfinityStack/com.epicgames.ue4.GameActivity (server)
01-23 18:21:18.998  3755  6065 D InputTransport: Input channel destroyed: fd=471
01-23 18:21:18.999 26863 26863 D InputTransport: Input channel constructed: fd=67
01-23 18:21:18.999 26863 26863 D ViewRootImpl@4bdb50f[GameActivity]: setView = DecorView@a8ad99c[GameActivity] touchMode=true
01-23 18:21:19.000 26863 26863 D UE4     : Target SDK is 26.  This may cause issues if permissions are denied by the user.
01-23 18:21:19.001 26863 26863 D PermissionFragment: Creating PlayGamesFragment
01-23 18:21:19.006  3755  6080 I ActivityManager: START u0 {act=android.content.pm.action.REQUEST_PERMISSIONS typ=null flg=0x0 cmp=ComponentInfo{com.google.android.packageinstaller/com.android.packageinstaller.permission.ui.GrantPermissionsActivity}} from uid 10401 on display 0
01-23 18:21:19.006  3755  6080 W ActivityManager: REQUEST_PERMISSIONS Action.
01-23 18:21:19.006  3755  6080 W ActivityManager: REQUEST_PERMISSIONS Action.
01-23 18:21:19.007  3755  6080 D ActivityManager: ActivityRecord() Constructor : multiScreenAttrs=MultiScreenAttrs{mDisplayId=0, mBaseDisplayId=0, mBaseActivity=false}
01-23 18:21:19.008  3755  6080 D CustomFrequencyManagerService: releaseDVFSLockLocked : Getting Lock type frm List : DVFS_MIN_LIMIT  frequency : 2100000  uid : 1000  pid : 3755  tag : AMS_APP_SWITCH@CPU_MIN@19
01-23 18:21:19.008  3755  6080 D CustomFrequencyManagerService: acquireDVFSLockLocked : type : DVFS_MIN_LIMIT  frequency : 2100000  uid : 1000  pid : 3755  pkgName : AMS_APP_SWITCH@CPU_MIN@19
01-23 18:21:19.010  3755  6080 D ActivityManagerPerformance: AMP_acquire() APP_SWITCH
01-23 18:21:19.010  3755  6080 D ActivityManager: moveToFront() : reason=sourceStackToFront isAttached=true null
01-23 18:21:19.011  3755  6080 D ActivityTrigger: Activity is Triggerred in full screen 
01-23 18:21:19.011  3755  6080 D CompatibilityInfo: mCompatibilityFlags - 0
01-23 18:21:19.011  3755  6080 D CompatibilityInfo: applicationDensity - 420
01-23 18:21:19.011  3755  6080 D CompatibilityInfo: applicationScale - 1.0
01-23 18:21:19.012  3755  6080 D ActivityManager: moveToFront() : reason=startedActivity setFocusedActivity isAttached=true TaskRecord{1dd4d6dd0 #1054 A=com.GeekTechnique.InfinityStack U=0 StackId=1 sz=3}
01-23 18:21:19.012  3755  6080 D InputDispatcher: Focused application set to: xxxx
01-23 18:21:19.013  3755  6080 D ActivityManager: resumeTopActivityInnerLocked() : #1 prevTask=TaskRecord{1dd4d6dd0 #1054 A=com.GeekTechnique.InfinityStack U=0 StackId=1 sz=3} next=ActivityRecord{4d217fd0 u0 com.google.android.packageinstaller/com.android.packageinstaller.permission.ui.GrantPermissionsActivity t1054} mFocusedStack=ActivityStack{9599370d0 stackId=1, 2 tasks}
01-23 18:21:19.013  3755  6080 D ActivityTrigger: ActivityTrigger activityPauseTrigger 
01-23 18:21:19.013  3755  6080 D GameManagerService: sem_perfomance_mode: 0
01-23 18:21:19.019 26863 26863 D UE4     : Vulkan version: 1.0.3
01-23 18:21:19.019 26863 26863 D UE4     : Vulkan level: 1
01-23 18:21:19.021 26863 26863 D UE4     : Found DepthBufferPreference = 0
01-23 18:21:19.021 26863 26863 D UE4     : Found bPackageDataInsideApk = 0
01-23 18:21:19.021 26863 26863 D UE4     : Found ProjectName = StackerGame
01-23 18:21:19.021 26863 26863 D UE4     : Found AppType = 
01-23 18:21:19.021 26863 26863 D UE4     : Found bHasOBBFiles = 0
01-23 18:21:19.021 26863 26863 D UE4     : Found bVerifyOBBOnStartUp = false
01-23 18:21:19.021 26863 26863 D UE4     : UI hiding set to false
01-23 18:21:19.021 26863 26863 D UE4     : BuildConfiguration set to Development
01-23 18:21:19.021 26863 26863 D UE4     : UseExternalFilesDir set to false
01-23 18:21:19.021 26863 26863 D UE4     : AllowIMU set to true
01-23 18:21:19.021 26863 26863 D UE4     : SupportsVulkan set to false
01-23 18:21:19.021 26863 26863 D UE4     : No GearVR mode detected.
01-23 18:21:19.040  3755  7344 D AudioService: getStreamVolume 3 index 120
01-23 18:21:19.047  4621  4621 D ImageWallpaper: onVisibilityChanged: mVisible, visible=true, false
01-23 18:21:19.047  4621  4621 D ImageWallpaper: Visibility changed to visible=false
01-23 18:21:19.057 26863 26863 D libEGL  : loaded /vendor/lib/egl/libGLES_mali.so
01-23 18:21:19.094 26863 26883 D UE4     : Used memory: 66032
01-23 18:21:19.098 26863 26863 D UE4     : Hardware: SAMSUNG Exynos7420
01-23 18:21:19.098 26863 26863 D UE4     : ro.hardware: samsungexynos7420
01-23 18:21:19.100 26863 26863 D UE4     : Memory: 3662 MB
01-23 18:21:19.104 26863 26863 D UE4     : UseAffinity: false
01-23 18:21:19.104 26863 26863 D UE4     : BigCoreMask: 0xffff
01-23 18:21:19.104 26863 26863 D UE4     : LittleCoreMask: 0x0
01-23 18:21:19.106 26863 26863 D UE4     : APK path: /data/app/com.GeekTechnique.InfinityStack-1/base.apk
01-23 18:21:19.106 26863 26863 D UE4     : OBB in APK: false
01-23 18:21:19.108 26863 26863 D UE4     : InternalFilePath found as '/data/user/0/com.GeekTechnique.InfinityStack/files'
01-23 18:21:19.108 26863 26863 D UE4     : ExternalFilePath found as '/storage/emulated/0/Android/data/com.GeekTechnique.InfinityStack/files'
01-23 18:21:19.108 26863 26863 D UE4     : App is running in Portrait
01-23 18:21:19.109 26863 26863 D UE4     : Android version is 7.0
01-23 18:21:19.109 26863 26863 D UE4     : Android manufacturer is samsung
01-23 18:21:19.109 26863 26863 D UE4     : Android model is SM-N920V
01-23 18:21:19.109 26863 26863 D UE4     : Android build number is NRD90M.N920VVRS3CRH1
01-23 18:21:19.109 26863 26863 D UE4     : OS language is set to en_US
01-23 18:21:19.109 26863 26863 D UE4     : Debugger attached is false
01-23 18:21:19.115 26863 26868 I art     : Compiler allocated 4MB to compile void com.epicgames.ue4.GameActivity.onCreate(android.os.Bundle)
01-23 18:21:19.118 26863 26868 I art     : Do partial code cache collection, code=13KB, data=31KB
01-23 18:21:19.119 26863 26868 I art     : After code cache collection, code=13KB, data=31KB
01-23 18:21:19.119 26863 26868 I art     : Increasing code cache capacity to 128KB
01-23 18:21:19.149 26863 26863 W PopupManager: You have not specified a View to use as content view for popups. Falling back to the Activity content view. Note that this may not work as expected in multi-screen environments
01-23 18:21:19.151 26863 26863 D UE4     : ==============> GameActive.onCreate complete!
01-23 18:21:19.152 26863 26863 V threaded_app: Start: 0xddd2d960
01-23 18:21:19.152 26863 26881 V threaded_app: activityState=10
01-23 18:21:19.152 26863 26863 D UE4     : Creating console command broadcast listener
01-23 18:21:19.152 26863 26881 D UE4     : LogAndroidEvents: EnqueueAppEvent : 9, 0, tid = 26881
01-23 18:21:19.154 26863 26863 D UE4     : ==================================> Inside onStart function in GameActivity
01-23 18:21:19.156 26863 26863 V threaded_app: Resume: 0xddd2d960
01-23 18:21:19.156 26863 26881 V threaded_app: activityState=11
01-23 18:21:19.156 26863 26881 D UE4     : Case APP_CMD_RESUME
01-23 18:21:19.156 26863 26881 D UE4     : LogAndroidEvents: EnqueueAppEvent : 7, 0, tid = 26881
01-23 18:21:19.156 26863 26863 D UE4     : ==============> [JAVA] AndroidThunkJava_KeepScreenOn(false) - Enabled screen saver
01-23 18:21:19.156 26863 26863 D UE4     : Registering sensor listeners
01-23 18:21:19.158  3755  7368 I Sensors : Acc old sensor_state 0, new sensor_state : 1 en : 1
01-23 18:21:19.165 26863 26863 D SensorManager: registerListener :: 0, K6DS3TR Acceleration Sensor, 20000, 0,  
01-23 18:21:19.165  3755  7344 I Sensors : Mag old sensor_state 1, new sensor_state : 17 en : 1
01-23 18:21:19.172 26863 26863 D SensorManager: registerListener :: 1, AK09911C Magnetic field Sensor, 20000, 0,  
01-23 18:21:19.172  3755  5048 I Sensors : Gyro old sensor_state 17, new sensor_state : 19 en : 1
01-23 18:21:19.179 26863 26863 D SensorManager: registerListener :: 3, K6DS3TR Gyroscope Sensor, 20000, 0,  
01-23 18:21:19.179 26863 26863 D UE4     : App is running in Portrait
01-23 18:21:19.179 26863 26863 D UE4     : ==============> Resuming main init
01-23 18:21:19.189 26863 26880 D UE4     : APK Commandline: ../../../StackerGame/StackerGame.uproject  /Game/Maps/StackMap -Messaging -SessionId=DDA13864453C2991799FC4921C3FB022 -SessionOwner="nope" -SessionName="Launch On Device" -iterative
01-23 18:21:19.189 26863 26880 D UE4     : Override Commandline: ../../../StackerGame/StackerGame.uproject  /Game/Maps/StackMap -Messaging -SessionId=1C7C24E74414DC5CEA2106925FE05285 -SessionOwner="nope" -SessionName="Launch On Device" -iterative
01-23 18:21:19.189 26863 26880 D UE4     : Final commandline: ../../../StackerGame/StackerGame.uproject  /Game/Maps/StackMap -Messaging -SessionId=1C7C24E74414DC5CEA2106925FE05285 -SessionOwner="nope" -SessionName="Launch On Device" -iterative
01-23 18:21:19.189 26863 26880 D UE4     : Created sync event
01-23 18:21:19.190 26863 26863 D UE4     : ==============> GameActive.onResume complete!
01-23 18:21:19.193 26863 26863 D ViewRootImpl@c266894[GameActivity]: ThreadedRenderer.create() translucent=true
01-23 18:21:19.194  3755  6281 D WindowManager: addWindow: android.view.IWindow$Stub$Proxy@9aada11 displayId=0
01-23 18:21:19.194  3755  6281 D InputTransport: Input channel constructed: fd=471
01-23 18:21:19.194  3755  6281 D InputTransport: Input channel constructed: fd=499
01-23 18:21:19.194  3755  6281 D WindowManager: openInputChannel mInputChannel: 2dfc177 com.GeekTechnique.InfinityStack/com.epicgames.ue4.GameActivity (server)
01-23 18:21:19.195  3755  6281 D InputTransport: Input channel destroyed: fd=499
01-23 18:21:19.195 26863 26863 D InputTransport: Input channel constructed: fd=73
01-23 18:21:19.195 26863 26863 V threaded_app: InputQueueCreated: 0xddd2d960 -- 0xddd2e860
01-23 18:21:19.196 26863 26881 V threaded_app: APP_CMD_INPUT_CHANGED
01-23 18:21:19.196 26863 26881 V threaded_app: Attaching input queue to looper
01-23 18:21:19.196 26863 26863 D ViewRootImpl@c266894[GameActivity]: setView = DecorView@6afcf3d[GameActivity] touchMode=true
01-23 18:21:19.196  3755  7357 D ActivityManager: post active user change for 0 fullscreen true isHomeActivity() false
01-23 18:21:19.196  3755  7357 D KnoxTimeoutHandler: postActiveUserChange [MsgParam] userId: 0 fullscreen is true showWhenlocked is false isMutiwindowRecord is false multiwindowstyle is 0
01-23 18:21:19.196  3755  3755 D KnoxTimeoutHandler: handleActiveUserChange [MsgParam] userId: 0 fullscreen is true showWhenlocked is false isMutiwindowRecord is false multiwindowstyle is 0
01-23 18:21:19.197  3755  3755 I KnoxTimeoutHandler: Shared devices show user statefalse
01-23 18:21:19.197 26863 26863 D ViewRootImpl@4bdb50f[GameActivity]: dispatchAttachedToWindow
01-23 18:21:19.198  3755  4453 V WindowManager: Relayout Window{f6c729ed0 u0 com.GeekTechnique.InfinityStack/com.epicgames.ue4.GameActivity}: viewVisibility=0 req=1079x1856 WM.LayoutParams{(0,0)(fillxfill) gr=#11 sim=#120 ty=2 fl=#1810508 pfl=0x20000 wanim=0x1030001 vsysui=0x400 needsMenuKey=2 naviIconColor=0}
01-23 18:21:19.199  3219  3219 I SurfaceFlinger: id=183 createSurf (1080x1920),1 flag=404, HameActivit
01-23 18:21:19.203 26863 26863 D ViewRootImpl@4bdb50f[GameActivity]: Relayout returned: oldFrame=[0,0][0,0] newFrame=[0,0][1080,1920] result=0x7 surface={isValid=true -985673728} surfaceGenerationChanged=true
01-23 18:21:19.203 26863 26863 D ViewRootImpl@4bdb50f[GameActivity]: mHardwareRenderer.initialize() mSurface={isValid=true -985673728} hwInitialized=true
01-23 18:21:19.205 26863 26882 I OpenGLRenderer: Initialized EGL, version 1.4
01-23 18:21:19.205 26863 26882 D OpenGLRenderer: Swap behavior 1
01-23 18:21:19.221 26863 26882 D mali_winsys: EGLint new_window_surface(egl_winsys_display*, void*, EGLSurface, EGLConfig, egl_winsys_surface**, egl_color_buffer_format*, EGLBoolean) returns 0x3000,  [1080x1920]-format:1
01-23 18:21:19.226 26863 26863 D ViewRootImpl@c266894[GameActivity]: dispatchAttachedToWindow
01-23 18:21:19.227  3755  7364 V WindowManager: Relayout Window{2dfc177d0 u0 com.GeekTechnique.InfinityStack/com.epicgames.ue4.GameActivity}: viewVisibility=0 req=1079x1856 WM.LayoutParams{(0,0)(fillxfill) sim=#10 ty=1 fl=#1810500 pfl=0x20000 fmt=1 wanim=0x1030001 vsysui=0x400 needsMenuKey=2 naviIconColor=0}
01-23 18:21:19.228  3219  3219 I SurfaceFlinger: id=184 createSurf (1080x1920),1 flag=4, HameActivit
01-23 18:21:19.232 26863 26863 D ViewRootImpl@c266894[GameActivity]: Relayout returned: oldFrame=[0,0][0,0] newFrame=[0,0][1080,1920] result=0x7 surface={isValid=true -985671680} surfaceGenerationChanged=true
01-23 18:21:19.232 26863 26863 D ViewRootImpl@c266894[GameActivity]: mHardwareRenderer.initialize() mSurface={isValid=true -985671680} hwInitialized=true
01-23 18:21:19.234 26863 26882 D mali_winsys: EGLint new_window_surface(egl_winsys_display*, void*, EGLSurface, EGLConfig, egl_winsys_surface**, egl_color_buffer_format*, EGLBoolean) returns 0x3000,  [1080x1920]-format:1
01-23 18:21:19.235  3755  6080 D WindowManager: addWindow: android.view.IWindow$Stub$Proxy@f41d1e4 displayId=0
01-23 18:21:19.236  3755  7362 V WindowManager: Relayout Window{8665502d0 u0 SurfaceView - com.GeekTechnique.InfinityStack/com.epicgames.ue4.GameActivity}: viewVisibility=0 req=1080x1920 WM.LayoutParams{(0,0)(1080x1920) gr=#800033 ty=1001 fl=#4218 pfl=0x10040 fmt=4 naviIconColor=0}
01-23 18:21:19.237  3219  3219 I SurfaceFlinger: id=185 createSurf (1080x1920),4 flag=404, HameActivit
01-23 18:21:19.238  3219  3219 I SurfaceFlinger: id=186 createSurf (1080x1920),-1 flag=20404, HameActivit
01-23 18:21:19.242  3755  4498 D AudioService: getStreamVolume 3 index 120
01-23 18:21:19.243 26863 26863 D SurfaceView: Relayout returned: oldFrame=[0,0][0,0] newFrame=[0,0][1080,1920] result=0x7 surface={Surface(name=null)/@0x14f2239 isValid=true -988172288}
01-23 18:21:19.243 26863 26863 V threaded_app: NativeWindowCreated: 0xddd2d960 -- 0xc519b008
01-23 18:21:19.243 26863 26881 V threaded_app: APP_CMD_INIT_WINDOW
01-23 18:21:19.243 26863 26881 D UE4     : Case APP_CMD_INIT_WINDOW
01-23 18:21:19.243 26863 26881 D UE4     : LogAndroidEvents: EnqueueAppEvent : 0, 3306795016, tid = 26881
01-23 18:21:19.245  3755  7358 D WindowManager: finishDrawingWindow: Window{8665502d0 u0 SurfaceView - com.GeekTechnique.InfinityStack/com.epicgames.ue4.GameActivity} mDrawState=DRAW_PENDING
01-23 18:21:19.254 26863 26863 V threaded_app: Pause: 0xddd2d960
