--------- beginning of system
01-09 16:06:22.839  3757 10496 D AudioService: getStreamVolume 3 index 120
01-09 16:06:23.053  3757 32085 D AudioService: getStreamVolume 3 index 120
01-09 16:06:23.257  3757  7201 D AudioService: getStreamVolume 3 index 120
01-09 16:06:23.460  3757  7204 D AudioService: getStreamVolume 3 index 120
01-09 16:06:23.659  3757  7206 D BatteryService: !@BatteryListener : batteryPropertiesChanged!
01-09 16:06:23.660  3757  7206 D BatteryService: level:96, scale:100, status:2, health:2, present:true, voltage: 4280, temperature: 307, technology: Li-ion, AC powered:false, USB powered:true, POGO powered:false, Wireless powered:false, icon:17303694, invalid charger:0, maxChargingCurrent:0, maxChargingVoltage:0, chargeCounter:0
01-09 16:06:23.660  3757  7206 D BatteryService: online:6, current avg:717, charge type:1, power sharing:false, high voltage charger:false, capacity:280000, batterySWSelfDischarging:false, misc_event:0, current_now:668
01-09 16:06:23.660  3757  7206 D BatteryService: stay LED for charging
01-09 16:06:23.660  3757  3757 D BatteryService: Sending ACTION_BATTERY_CHANGED.
01-09 16:06:23.663  3757  6272 D AudioService: getStreamVolume 3 index 120
01-09 16:06:23.664  3757  3757 V UiModeManager: updateLocked: null action, mDockState=0, category=null
01-09 16:06:23.664  3757  3757 D UiModeManager: updateConfigurationLocked: mDockState=0; mCarMode=false; mNightMode=1; uiMode=17
01-09 16:06:23.666  3757  3757 D GameManagerService: new battery level: 96
--------- beginning of main
01-09 16:06:23.669  4616  4616 D KeyguardUpdateMonitor: received broadcast android.intent.action.BATTERY_CHANGED
01-09 16:06:23.669  4616  4616 D KeyguardUpdateMonitor: handleBatteryUpdate
01-09 16:06:23.672  4616  4616 D PowerUI : priorPlugType = 2 mPlugType =  2
01-09 16:06:23.674  4616  4616 D PowerUI.Notification: showChargingNotice oldChargingType : 1 currentChargingType : 1 oldChargingTime : 826000 mChargingTime : 826000
01-09 16:06:23.674  4616  4616 D PowerUI.Notification: There is no change about charging status, so return!
01-09 16:06:23.675  4616  4616 D BatteryMeterDrawable: isSomethingChanged - false
01-09 16:06:23.676  4616  4616 D BatteryMeterDrawable: isSomethingChanged - false
01-09 16:06:23.676  5024  5024 D PhoneApp: PhoneAppBroadcastReceiver onReceive android.intent.action.BATTERY_CHANGED
01-09 16:06:23.677  5024  5024 D TelephonyExtensionManager: lowBatterySound - isLowBatterySoundScheduled: false
01-09 16:06:23.677  5024  5024 D TelephonyExtensionManager: lowBatterySound - isPlayNow: false
01-09 16:06:23.677  5024  5024 D TelephonyExtensionManager: isSpeakerON - true
01-09 16:06:23.678  4616  4616 D Tile.FlashlightTile: ACTION_BATTERY_CHANGED - Level :: 96, emEnabled :: false
01-09 16:06:23.687  5024  5024 D TelephonyExtensionManager: lowBatterySound - batteryStatus: 2
01-09 16:06:23.687  5024  5024 D TelephonyExtensionManager: lowBatterySound - batteryLevel: 96
01-09 16:06:23.687  5024  5024 D TelephonyExtensionManager: lowBatterySound - cancel
01-09 16:06:23.688  3757 29838 D SamsungAlarmManager: Cancel Alarm calling from uid:1001 pid :5024 / op:PendingIntent{9675acf: PendingIntentRecord{7032f18 com.android.phone broadcastIntent}}
01-09 16:06:23.688  5024  5024 D TelephonyExtension: Not stopping low battery tone
01-09 16:06:23.865  3757 10496 D AudioService: getStreamVolume 3 index 120
01-09 16:06:24.068  3757  4469 D AudioService: getStreamVolume 3 index 120
01-09 16:06:24.213 27345 27345 D SecurityManagerNative: SecurityManagerNative v2.7.2.5 On 64bit PLATFORM With BORINGSSL
01-09 16:06:24.220 27345 27345 E appproc : Enhanced Zygote ASLR: ro.knox.enhance.zygote.aslr != 1. Enhanced Zygote ASLR is DISABLED!
01-09 16:06:24.220 27345 27345 D AndroidRuntime: >>>>>> START com.android.internal.os.RuntimeInit uid 2000 <<<<<<
01-09 16:06:24.226 27345 27345 D AndroidRuntime: CheckJNI is OFF
01-09 16:06:24.231 27345 27345 D AndroidRuntime: addProductProperty: start
01-09 16:06:24.276  3757 31270 D AudioService: getStreamVolume 3 index 120
01-09 16:06:24.372 27345 27345 I [saiv 1.1]: saiv_OnLoadJNI.cpp(38): _init: Version 1.1 Build # 3532
01-09 16:06:24.372 27345 27345 I [saiv 1.1]: saiv_OnLoadJNI.cpp(43): _init: _init() was called
01-09 16:06:24.424 27345 27345 I MLDAP   : ================================================
01-09 16:06:24.425 27345 27345 I MLDAP   :  MLDAP_LIB v1.1.16
01-09 16:06:24.425 27345 27345 I MLDAP   : ================================================
01-09 16:06:24.478  3757  2859 D AudioService: getStreamVolume 3 index 120
01-09 16:06:24.518  3757  9599 D SSRM:t  : SIOP:: AP = 360, PST = 358 (W:10), CP = 275, CUR = 170, LCD = 0
01-09 16:06:24.521  3757  9599 D ConnectivityService: filterNetworkStateForUid() uid: 1000 networkInfo: [type: WIFI[] - WIFI, state: CONNECTED/CONNECTED, reason: (unspecified), extra: "wilkinson2.4", failover: false, available: true, roaming: false, metered: false]
01-09 16:06:24.647 27345 27345 I TMSDISP : AcsAndroidVirtualDisplayIntfImpl
01-09 16:06:24.718  3757  4440 D AudioService: getStreamVolume 3 index 120
01-09 16:06:24.798 27345 27345 D ICU     : No timezone override file found: /data/misc/zoneinfo/current/icu/icu_tzdata.dat
01-09 16:06:24.883 27345 27345 I Radio-JNI: register_android_hardware_Radio DONE
01-09 16:06:24.908 27345 27345 D ReflectionHelper: loadKlass() : caller=android.app.Activity.<clinit>:7555 <bottom of call stack> 
01-09 16:06:24.908 27345 27345 D ReflectionHelper: Reflecting method.....  class <onScreenChanged>
01-09 16:06:24.913 27345 27345 E SemAffinityControl: SemAffinityControl: registerfunction enter
01-09 16:06:24.921  3757  5063 D AudioService: getStreamVolume 3 index 120
01-09 16:06:24.957 27345 27345 D AndroidRuntime: Calling main entry com.android.commands.am.Am
01-09 16:06:24.985  3757  7206 I ActivityManager: START u0 {act=null typ=null flg=0x10000000 cmp=ComponentInfo{com.GeekTechnique.InfinityStack/com.epicgames.ue4.SplashActivity}} from uid 2000 on display 0
01-09 16:06:24.991  3757  7206 D ActivityManager: ActivityRecord() Constructor : multiScreenAttrs=MultiScreenAttrs{mDisplayId=0, mBaseDisplayId=0, mBaseActivity=false}
01-09 16:06:24.993  3757  7206 D ActivityTrigger: Activity is Triggerred in full screen 
01-09 16:06:24.995  3757  7206 D CompatibilityInfo: mCompatibilityFlags - 0
01-09 16:06:24.995  3757  7206 D CompatibilityInfo: applicationDensity - 420
01-09 16:06:24.995  3757  7206 D CompatibilityInfo: applicationScale - 1.0
01-09 16:06:24.996  3757  7206 D ActivityManager: moveToFront() : reason=startedActivity setFocusedActivity isAttached=true TaskRecord{e047248d0 #317 A=com.GeekTechnique.InfinityStack U=0 StackId=1 sz=1}
01-09 16:06:24.998  3757  7206 D InputDispatcher: Focused application set to: xxxx
01-09 16:06:25.000  3757  7206 D ActivityManager: resumeTopActivityInnerLocked() : #1 prevTask=TaskRecord{e047248d0 #317 A=com.GeekTechnique.InfinityStack U=0 StackId=1 sz=1} next=ActivityRecord{9c6ec5cd0 u0 com.GeekTechnique.InfinityStack/com.epicgames.ue4.SplashActivity t317} mFocusedStack=ActivityStack{545d298d0 stackId=1, 2 tasks}
01-09 16:06:25.000  3757  7206 D ActivityManager: applyOptionsLocked(), pendingOptions : null
01-09 16:06:25.002  3757  7206 D MountService: getExternalStorageMountMode : 3
01-09 16:06:25.002  3757  7206 D MountService: getExternalStorageMountMode : 3
01-09 16:06:25.002  3757  7206 D MountService: getExternalStorageMountMode : final mountMode=3, uid : 10377, packageName : com.GeekTechnique.InfinityStack
01-09 16:06:25.018 27387 27387 E Zygote  : v2
01-09 16:06:25.018 27387 27387 I libpersona: KNOX_SDCARD checking this for 10377
01-09 16:06:25.018 27387 27387 I libpersona: KNOX_SDCARD not a persona
01-09 16:06:25.018  3757  7206 I ActivityManager: Start proc 27387:com.GeekTechnique.InfinityStack/u0a377 for activity com.GeekTechnique.InfinityStack/com.epicgames.ue4.SplashActivity
01-09 16:06:25.020 27387 27387 E Zygote  : accessInfo : 0
01-09 16:06:25.022 27387 27387 W SELinux : SELinux selinux_android_compute_policy_index : Policy Index[2],  Con:u:r:zygote:s0 RAM:SEPF_SECMOBILE_7.0_0009, [-1 -1 -1 -1 0 1]
01-09 16:06:25.024 27345 27345 D AndroidRuntime: Shutting down VM
01-09 16:06:25.024 27387 27387 I SELinux : SELinux: seapp_context_lookup: seinfo=untrusted, level=s0:c512,c768, pkgname=com.GeekTechnique.InfinityStack 
01-09 16:06:25.030 27387 27387 I art     : Late-enabling -Xcheck:jni
01-09 16:06:25.062 27345 27345 I TMSDISP : AcsAndroidVirtualDisplayIntfImpl::~AcsAndroidVirtualDisplayIntfImpl - Enter
01-09 16:06:25.062 27345 27345 I TMSDISP : AcsAndroidVirtualDisplayIntfImpl::~AcsAndroidVirtualDisplayIntfImpl - Enter2
01-09 16:06:25.062 27345 27345 I TMSDISP : AcsAndroidVirtualDisplayIntfImpl::~AcsAndroidVirtualDisplayIntfImpl - mSource2
01-09 16:06:25.062 27345 27345 I TMSDISP : AcsAndroidVirtualDisplayIntfImpl::~AcsAndroidVirtualDisplayIntfImpl - Exit
01-09 16:06:25.071 27387 27387 D TimaKeyStoreProvider: TimaKeyStore is not enabled: cannot add TimaSignature Service and generateKeyPair Service
01-09 16:06:25.075  3757  6272 D CompatibilityInfo: mCompatibilityFlags - 0
01-09 16:06:25.075  3757  6272 D CompatibilityInfo: applicationDensity - 420
01-09 16:06:25.075  3757  6272 D CompatibilityInfo: applicationScale - 1.0
01-09 16:06:25.075  3757  6272 I ActivityManager: DSS on for com.GeekTechnique.InfinityStack and scale is 1.0
01-09 16:06:25.077  3757  6272 D CompatibilityInfo: mCompatibilityFlags - 0
01-09 16:06:25.077  3757  6272 D CompatibilityInfo: applicationDensity - 420
01-09 16:06:25.077  3757  6272 D CompatibilityInfo: applicationScale - 1.0
01-09 16:06:25.079  3757  6272 I WindowManager: Failed to capture screenshot of Token{1e31104 ActivityRecord{f900917d0 u0 com.google.android.youtube/com.google.android.apps.youtube.app.WatchWhileActivity t315}} appWin=Window{f2ef4b8d0 u0 SurfaceView - com.google.android.youtube/com.google.android.apps.youtube.app.WatchWhileActivity} drawState=4
01-09 16:06:25.093  3757  6272 D CompatibilityInfo: mCompatibilityFlags - 0
01-09 16:06:25.093  3757  6272 D CompatibilityInfo: applicationDensity - 420
01-09 16:06:25.093  3757  6272 D CompatibilityInfo: applicationScale - 1.0
01-09 16:06:25.095  3757  6272 D GameManagerService: sem_perfomance_mode: 0
01-09 16:06:25.095  3757  3757 D GameManagerService: NotifyRunnable. pkg: com.GeekTechnique.InfinityStack, type: 4, isMinimized: false, isTunableApp: false
01-09 16:06:25.095  3757  3757 D GameManagerService: unexpected mPrevNotiType: -1
01-09 16:06:25.105  3757  6272 D ActivityTrigger: ActivityTrigger activityPauseTrigger 
01-09 16:06:25.106  3757  6272 D GameManagerService: sem_perfomance_mode: 0
01-09 16:06:25.109  6011  6033 D ForegroundUtils: could not check pending caller
01-09 16:06:25.109  3757  3770 V WindowManager: Relayout Window{f2ef4b8d0 u0 SurfaceView - com.google.android.youtube/com.google.android.apps.youtube.app.WatchWhileActivity}: viewVisibility=8 req=1920x1080 WM.LayoutParams{(0,63)(1080x608) gr=#800033 ty=1001 fl=#4218 pfl=0x12040 fmt=4 naviIconColor=0}
01-09 16:06:25.110  6011  6033 D ForegroundUtils: could not check pending caller
01-09 16:06:25.116  3757  9599 D GamePkgDataHelper: getGamePkgData(). com.GeekTechnique.InfinityStack
01-09 16:06:25.116  3757  9599 D GameManagerService: identifyGamePackage. com.GeekTechnique.InfinityStack
01-09 16:06:25.117  3757  9599 D GameManagerService: identifyGamePackage. com.GeekTechnique.InfinityStack
01-09 16:06:25.118 21433 21433 D SurfaceView: Relayout returned: oldFrame=[0,63][1080,671] newFrame=[0,63][1080,671] result=0x5 surface={Surface(name=null)/@0x9b4af01 isValid=false 0}
01-09 16:06:25.122  3757 29842 I WindowManager_SurfaceController: Destroying surface Surface(name=SurfaceView - com.google.android.youtube/com.google.android.apps.youtube.app.WatchWhileActivity) called by com.android.server.wm.WindowStateAnimator.destroyDeferredSurfaceLocked:1149 com.android.server.wm.WindowManagerService.performDeferredDestroyWindow:3693 com.android.server.wm.Session.performDeferredDestroy:250 android.view.IWindowSession$Stub.onTransact:407 com.android.server.wm.Session.onTransact:161 android.os.Binder.execTransact:573 <bottom of call stack> <bottom of call stack> 
01-09 16:06:25.123  3215  4549 I SurfaceFlinger: id=5313 Removed XatchWhileA (2/8)
01-09 16:06:25.123  3757  9599 D TelephonyManager: getAllCellInfo : Caller (PID / UID / TID): 3757 / 1000 / 9599
01-09 16:06:25.124  3215  5562 I SurfaceFlinger: id=5314 Removed XatchWhileA (1/7)
01-09 16:06:25.125  3215  5562 I SurfaceFlinger: id=5313 Removed XatchWhileA (-2/7)
01-09 16:06:25.126  3215  3266 I SurfaceFlinger: id=5314 Removed XatchWhileA (-2/7)
01-09 16:06:25.140  3215  3215 W SurfaceFlinger: couldn't log to binary event log: overflow.
01-09 16:06:25.177 21433 21433 D ViewRootImpl@d0b9063[WatchWhileActivity]: mHardwareRenderer.destroy()#1
01-09 16:06:25.179  3757 10512 V WindowManager: Relayout Window{6c873e7d0 u0 com.google.android.youtube/com.google.android.apps.youtube.app.WatchWhileActivity}: viewVisibility=8 req=1080x1920 WM.LayoutParams{(0,0)(fillxfill) sim=#10 ty=1 fl=#81810100 pfl=0x20000 fmt=-3 wanim=0x1030465 vsysui=0x1700 sysuil=true needsMenuKey=2 naviIconColor=0}
01-09 16:06:25.179  3757 10512 I WindowManager_SurfaceController: Destroying surface Surface(name=com.google.android.youtube/com.google.android.apps.youtube.app.WatchWhileActivity) called by com.android.server.wm.WindowStateAnimator.destroySurface:2907 com.android.server.wm.WindowStateAnimator.destroySurfaceLocked:1120 com.android.server.wm.WindowState.destroyOrSaveSurface:2662 com.android.server.wm.WindowManagerService.tryStartExitingAnimation:3577 com.android.server.wm.WindowManagerService.relayoutWindow:3433 com.android.server.wm.Session.relayout:240 android.view.IWindowSession$Stub.onTransact:288 com.android.server.wm.Session.onTransact:161 
01-09 16:06:25.180  3215  3264 I SurfaceFlinger: id=5310 Removed XatchWhileA (2/6)
01-09 16:06:25.180  3215  3266 I SurfaceFlinger: id=5310 Removed XatchWhileA (-2/6)
01-09 16:06:25.187 21433 21433 D ViewRootImpl@d0b9063[WatchWhileActivity]: Relayout returned: oldFrame=[0,0][1080,1920] newFrame=[0,0][1080,1920] result=0x5 surface={isValid=false 0} surfaceGenerationChanged=true
01-09 16:06:25.193  3757 29839 I ActivityManager: START u0 {act=null typ=null flg=0x10000 cmp=ComponentInfo{com.GeekTechnique.InfinityStack/com.epicgames.ue4.GameActivity}} from uid 10377 on display 0
01-09 16:06:25.195  3757 29839 D ActivityManager: ActivityRecord() Constructor : multiScreenAttrs=MultiScreenAttrs{mDisplayId=0, mBaseDisplayId=0, mBaseActivity=false}
01-09 16:06:25.196  3757 29839 D ActivityManager: moveToFront() : reason=intentActivityFound isAttached=true null
01-09 16:06:25.197  3757 29839 D ActivityManager: moveToFront() : reason=sourceStackToFront isAttached=true null
01-09 16:06:25.199  3757 29839 D ActivityTrigger: Activity is Triggerred in full screen 
01-09 16:06:25.200  3757 29839 D CompatibilityInfo: mCompatibilityFlags - 0
01-09 16:06:25.200  3757 29839 D CompatibilityInfo: applicationDensity - 420
01-09 16:06:25.200  3757 29839 D CompatibilityInfo: applicationScale - 1.0
01-09 16:06:25.200  3757 29839 D ActivityManager: moveToFront() : reason=startedActivity setFocusedActivity isAttached=true TaskRecord{e047248d0 #317 A=com.GeekTechnique.InfinityStack U=0 StackId=1 sz=2}
01-09 16:06:25.202  3757 29839 D InputDispatcher: Focused application set to: xxxx
01-09 16:06:25.202  3757 29839 D ActivityManager: resumeTopActivityInnerLocked() : #1 prevTask=TaskRecord{e047248d0 #317 A=com.GeekTechnique.InfinityStack U=0 StackId=1 sz=2} next=ActivityRecord{e66c8e1d0 u0 com.GeekTechnique.InfinityStack/com.epicgames.ue4.GameActivity t317} mFocusedStack=ActivityStack{545d298d0 stackId=1, 2 tasks}
01-09 16:06:25.206  3757  7206 W MultiScreenManagerService: moveTaskBackToDisplayIfNeeded(): The task has more than one activity
01-09 16:06:25.207  3757 32084 D AudioService: getStreamVolume 3 index 120
01-09 16:06:25.242  3757 31270 D ActivityManager: setAppIconInfo(), x : 0, y : 0, width : 0, height : 0, isHomeItem : false
01-09 16:06:25.242  3757 31270 D ActivityManager: resumeTopActivityInnerLocked() : #1 prevTask=null next=ActivityRecord{e66c8e1d0 u0 com.GeekTechnique.InfinityStack/com.epicgames.ue4.GameActivity t317} mFocusedStack=ActivityStack{545d298d0 stackId=1, 2 tasks}
01-09 16:06:25.247  3757 31270 D CompatibilityInfo: mCompatibilityFlags - 0
01-09 16:06:25.247  3757 31270 D CompatibilityInfo: applicationDensity - 420
01-09 16:06:25.247  3757 31270 D CompatibilityInfo: applicationScale - 1.0
01-09 16:06:25.248  3757 31270 D GameManagerService: sem_perfomance_mode: 0
01-09 16:06:25.248  3757  3757 D GameManagerService: NotifyRunnable. pkg: com.GeekTechnique.InfinityStack, type: 4, isMinimized: false, isTunableApp: false
01-09 16:06:25.248  3757  3757 D GameManagerService: unexpected mPrevNotiType: -1
01-09 16:06:25.251  3757  9599 D GameManagerService: identifyGamePackage. com.GeekTechnique.InfinityStack
01-09 16:06:25.252  3757 31270 D ActivityTrigger: ActivityTrigger activityPauseTrigger 
01-09 16:06:25.253  3757 31270 D GameManagerService: sem_perfomance_mode: 0
01-09 16:06:25.253  3757  9599 D GameManagerService: identifyGamePackage. com.GeekTechnique.InfinityStack
01-09 16:06:25.264  3757  4521 D MdnieScenarioControlService:  packageName : com.GeekTechnique.InfinityStack    className : com.epicgames.ue4.GameActivity
01-09 16:06:25.265 27387 27387 D OVRPlugin: JNI_OnLoad
01-09 16:06:25.325 27387 27387 D UE4     : Used memory before allocating anything was 52.65MB
01-09 16:06:25.366  3757  4521 V MdnieScenarioControlService: Calling MdnieManager API(setContentMode(0))
01-09 16:06:25.367  3757  4521 D SemDisplaySolutionManagerService: where : application what : DEFAULT setScreenBrightnessScaleFactor(-1.0)
01-09 16:06:25.367  3757  4521 D PowerManagerService: [api] setScreenBrightnessScaleFactor: scaleFactor: -1.0 (uid: 1000 pid: 3757)
01-09 16:06:25.367  3757  4521 D SemDisplaySolutionManagerService: setMultipleScreenBrightness , application, DEFAULT, -1.0
01-09 16:06:25.367  3757  4521 V MdnieScenarioControlService: Calling SemDisplaySolutionManager API(setMultipleScreenBrightness(0)
01-09 16:06:25.374  3757  4521 I AudioService: audioEffectParam;audioHDR=0;packageName=com.GeekTechnique.InfinityStack
01-09 16:06:25.374  3757  4521 V MdnieScenarioControlService: setUIMode from UI function
01-09 16:06:25.410  3757  4473 D AudioService: getStreamVolume 3 index 120
01-09 16:06:25.427  3757  2859 D PackageManager: getComponentMetadataForIconTray : com.google.android.apps.youtube.app.application.Shell$HomeActivity does not exist in mServices
01-09 16:06:25.427  3757  2859 D PackageManager: getComponentMetadataForIconTray : com.google.android.apps.youtube.app.application.Shell$HomeActivity does not exist in mProviders
01-09 16:06:25.427  3757  2859 D PackageManager: getComponentMetadataForIconTray : com.google.android.apps.youtube.app.application.Shell$HomeActivity does not exist in mReceivers
01-09 16:06:25.435  4616  4616 I ApplicationPackageManager: load=com.google.android.youtube, bg=126-126, dr=126-126, forDefault=true
01-09 16:06:25.436  4616  4616 I ApplicationPackageManager: reset dr=126,126, bg=126,126
01-09 16:06:25.442  4616  4616 I ApplicationPackageManager: scaled rate=0.76881355, size=126, alpha=4, hold=26, target=126
01-09 16:06:25.535 27387 27387 D UE4     : In the JNI_OnLoad function
01-09 16:06:25.536 27387 27387 D UE4     : [JNI] - Failed to determine if app purchasing is enabled!
01-09 16:06:25.540 27387 27387 D UE4     : Path found as '/storage/emulated/0'
01-09 16:06:25.540 27387 27387 D UE4     : Font Path found as '/system/fonts/'
01-09 16:06:25.540 27387 27387 D UE4     : In the JNI_OnLoad function 5
01-09 16:06:25.562 22026 26381 I System.out: (HTTPLog)-Static: isSBSettingEnabled false
01-09 16:06:25.563 22026 26381 I System.out: (HTTPLog)-Static: isSBSettingEnabled false
01-09 16:06:25.565 27387 27387 V threaded_app: Creating: 0xdb87bb40
01-09 16:06:25.565 27387 27410 V threaded_app: Config: mcc=311 mnc=480 lang=en cnt=US orien=1 touch=3 dens=420 keys=1 nav=1 keysHid=3 navHid=0 sdk=24 size=2 long=2 modetype=1 modenight=1
01-09 16:06:25.569 27387 27410 D UE4     : Entering native app glue main function
01-09 16:06:25.569 27387 27410 D UE4     : Created event thread
01-09 16:06:25.569 27387 27410 D UE4     : Entered AndroidMain()
01-09 16:06:25.570 27387 27411 D UE4     : Entering event processing thread engine entry point
01-09 16:06:25.570 27387 27411 D UE4     : Prepared looper for event thread
01-09 16:06:25.570 27387 27411 D UE4     : Passed callback initialization
01-09 16:06:25.570 27387 27411 D UE4     : Passed sensor initialization
01-09 16:06:25.572 27387 27410 D UE4     : Controller interface supported
01-09 16:06:25.572  3757  7205 W ServiceManager: Permission failure: com.samsung.permission.SSENSOR from uid=10377 pid=27387
01-09 16:06:25.572  3757  7205 D PermissionCache: checking com.samsung.permission.SSENSOR for uid=10377 => denied (543 us)
01-09 16:06:25.572  3757  7205 E SensorService: getSensorList a sensor (MAX86900) without holding its required permission: com.samsung.permission.SSENSOR
01-09 16:06:25.572  3757  7205 I SensorService: Skipped sensor MAX86900 because it requires permission com.samsung.permission.SSENSOR and app op -1
01-09 16:06:25.573  3757  7205 W ServiceManager: Permission failure: com.samsung.permission.HRM_EXT from uid=10377 pid=27387
01-09 16:06:25.573  3757  7205 D PermissionCache: checking com.samsung.permission.HRM_EXT for uid=10377 => denied (494 us)
01-09 16:06:25.573  3757  7205 E SensorService: getSensorList a sensor (HRM Ambient Light Canceling) without holding its required permission: com.samsung.permission.HRM_EXT
01-09 16:06:25.573  3757  7205 I SensorService: Skipped sensor HRM Ambient Light Canceling because it requires permission com.samsung.permission.HRM_EXT and app op -1
01-09 16:06:25.574  3757  7205 W ServiceManager: Permission failure: android.permission.BODY_SENSORS from uid=10377 pid=27387
01-09 16:06:25.575  3757  7205 E SensorService: getSensorList a sensor (HRMLED IR) without holding its required permission: android.permission.BODY_SENSORS
01-09 16:06:25.575  3757  7205 I SensorService: Skipped sensor HRMLED IR because it requires permission android.permission.BODY_SENSORS and app op 56
01-09 16:06:25.575  3757  7205 W ServiceManager: Permission failure: android.permission.BODY_SENSORS from uid=10377 pid=27387
01-09 16:06:25.575  3757  7205 E SensorService: getSensorList a sensor (HRMLED RED) without holding its required permission: android.permission.BODY_SENSORS
01-09 16:06:25.575  3757  7205 I SensorService: Skipped sensor HRMLED RED because it requires permission android.permission.BODY_SENSORS and app op 56
01-09 16:06:25.576  3757  7205 E SensorService: getSensorList a sensor (HRM Proximity detecting) without holding its required permission: com.samsung.permission.HRM_EXT
01-09 16:06:25.576  3757  7205 I SensorService: Skipped sensor HRM Proximity detecting because it requires permission com.samsung.permission.HRM_EXT and app op -1
01-09 16:06:25.576  3757  7205 E SensorService: getSensorList a sensor (HRM Sensor) without holding its required permission: com.samsung.permission.SSENSOR
01-09 16:06:25.576  3757  7205 I SensorService: Skipped sensor HRM Sensor because it requires permission com.samsung.permission.SSENSOR and app op -1
01-09 16:06:25.576  3757  7205 W ServiceManager: Permission failure: android.permission.BODY_SENSORS from uid=10377 pid=27387
01-09 16:06:25.576  3757  7205 E SensorService: getSensorList a sensor (HeartRate Sensor) without holding its required permission: android.permission.BODY_SENSORS
01-09 16:06:25.576  3757  7205 I SensorService: Skipped sensor HeartRate Sensor because it requires permission android.permission.BODY_SENSORS and app op 56
01-09 16:06:25.576  3757  7205 E SensorService: getSensorList a sensor (Sensor Diagnostic Monitor) without holding its required permission: com.samsung.permission.SSENSOR
01-09 16:06:25.577  3757  7205 I SensorService: Skipped sensor Sensor Diagnostic Monitor because it requires permission com.samsung.permission.SSENSOR and app op -1
01-09 16:06:25.589  3757  4482 D ConnectivityService: filterNetworkStateForUid() uid: 10029 networkInfo: [type: WIFI[] - WIFI, state: CONNECTED/CONNECTED, reason: (unspecified), extra: "wilkinson2.4", failover: false, available: true, roaming: false, metered: false]
01-09 16:06:25.592  3757 29838 D ConnectivityService: filterNetworkStateForUid() uid: 10029 networkInfo: [type: WIFI[] - WIFI, state: CONNECTED/CONNECTED, reason: (unspecified), extra: "wilkinson2.4", failover: false, available: true, roaming: false, metered: false]
01-09 16:06:25.614  3757  7201 D AudioService: getStreamVolume 3 index 120
01-09 16:06:25.623 27387 27387 D ViewRootImpl@c9e8dee[GameActivity]: ThreadedRenderer.create() translucent=false
01-09 16:06:25.625  3757  4440 D WindowManager: addWindow: android.view.IWindow$Stub$Proxy@6b8f663 displayId=0
01-09 16:06:25.627  3757  4440 D InputTransport: Input channel constructed: fd=402
01-09 16:06:25.627  3757  4440 D InputTransport: Input channel constructed: fd=467
01-09 16:06:25.628  3757  4440 D WindowManager: openInputChannel mInputChannel: a96b319 com.GeekTechnique.InfinityStack/com.epicgames.ue4.GameActivity (server)
01-09 16:06:25.633  3757  4440 D InputTransport: Input channel destroyed: fd=467
01-09 16:06:25.633 27387 27387 D InputTransport: Input channel constructed: fd=67
01-09 16:06:25.634 27387 27387 D ViewRootImpl@c9e8dee[GameActivity]: setView = DecorView@2d5228f[GameActivity] touchMode=true
01-09 16:06:25.637 27387 27387 D UE4     : Target SDK is 26.  This may cause issues if permissions are denied by the user.
01-09 16:06:25.638 27387 27387 D PermissionFragment: Creating PlayGamesFragment
01-09 16:06:25.654  3757  5063 I ActivityManager: START u0 {act=android.content.pm.action.REQUEST_PERMISSIONS typ=null flg=0x0 cmp=ComponentInfo{com.google.android.packageinstaller/com.android.packageinstaller.permission.ui.GrantPermissionsActivity}} from uid 10377 on display 0
01-09 16:06:25.654  3757  5063 W ActivityManager: REQUEST_PERMISSIONS Action.
01-09 16:06:25.654  3757  5063 W ActivityManager: REQUEST_PERMISSIONS Action.
01-09 16:06:25.667  3757  5063 D ActivityManager: ActivityRecord() Constructor : multiScreenAttrs=MultiScreenAttrs{mDisplayId=0, mBaseDisplayId=0, mBaseActivity=false}
01-09 16:06:25.668  3757  5063 D ActivityManager: moveToFront() : reason=sourceStackToFront isAttached=true null
01-09 16:06:25.671  3757  5063 D ActivityTrigger: Activity is Triggerred in full screen 
01-09 16:06:25.672  3757  5063 D CompatibilityInfo: mCompatibilityFlags - 0
01-09 16:06:25.672  3757  5063 D CompatibilityInfo: applicationDensity - 420
01-09 16:06:25.672  3757  5063 D CompatibilityInfo: applicationScale - 1.0
01-09 16:06:25.672  3757  5063 D ActivityManager: moveToFront() : reason=startedActivity setFocusedActivity isAttached=true TaskRecord{e047248d0 #317 A=com.GeekTechnique.InfinityStack U=0 StackId=1 sz=3}
01-09 16:06:25.673  3757  5063 D InputDispatcher: Focused application set to: xxxx
01-09 16:06:25.675  3757  5063 D ActivityManager: resumeTopActivityInnerLocked() : #1 prevTask=TaskRecord{e047248d0 #317 A=com.GeekTechnique.InfinityStack U=0 StackId=1 sz=3} next=ActivityRecord{b120fded0 u0 com.google.android.packageinstaller/com.android.packageinstaller.permission.ui.GrantPermissionsActivity t317} mFocusedStack=ActivityStack{545d298d0 stackId=1, 2 tasks}
01-09 16:06:25.684 27387 27387 D UE4     : Vulkan version: 1.0.3
01-09 16:06:25.684 27387 27387 D UE4     : Vulkan level: 1
01-09 16:06:25.688 27387 27387 D UE4     : Found DepthBufferPreference = 0
01-09 16:06:25.688 27387 27387 D UE4     : Found bPackageDataInsideApk = 0
01-09 16:06:25.688 27387 27387 D UE4     : Found ProjectName = StackerGame
01-09 16:06:25.688 27387 27387 D UE4     : Found AppType = 
01-09 16:06:25.688 27387 27387 D UE4     : Found bHasOBBFiles = 0
01-09 16:06:25.688 27387 27387 D UE4     : Found bVerifyOBBOnStartUp = false
01-09 16:06:25.688 27387 27387 D UE4     : UI hiding set to false
01-09 16:06:25.689 27387 27387 D UE4     : BuildConfiguration set to Development
01-09 16:06:25.689 27387 27387 D UE4     : UseExternalFilesDir set to false
01-09 16:06:25.689 27387 27387 D UE4     : AllowIMU set to true
01-09 16:06:25.689 27387 27387 D UE4     : SupportsVulkan set to false
01-09 16:06:25.689 27387 27387 D UE4     : No GearVR mode detected.
01-09 16:06:25.742 27387 27387 D libEGL  : loaded /vendor/lib/egl/libGLES_mali.so
01-09 16:06:25.754  3757  3774 W ActivityManager: Activity pause timeout for ActivityRecord{e66c8e1d0 u0 com.GeekTechnique.InfinityStack/com.epicgames.ue4.GameActivity t317}
01-09 16:06:25.755  3757  3774 D ActivityManager: resumeTopActivityInnerLocked() : #1 prevTask=null next=ActivityRecord{b120fded0 u0 com.google.android.packageinstaller/com.android.packageinstaller.permission.ui.GrantPermissionsActivity t317} mFocusedStack=ActivityStack{545d298d0 stackId=1, 2 tasks}
01-09 16:06:25.756  3757  3774 D ActivityManager: applyOptionsLocked(), pendingOptions : null
01-09 16:06:25.757  3757  3774 D MountService: getExternalStorageMountMode : 2
01-09 16:06:25.757  3757  3774 D MountService: getExternalStorageMountMode : 3
01-09 16:06:25.757  3757  3774 D MountService: getExternalStorageMountMode : final mountMode=2, uid : 10028, packageName : com.google.android.packageinstaller
01-09 16:06:25.774  3757  3774 I ActivityManager: Start proc 27414:com.google.android.packageinstaller/u0a28 for activity com.google.android.packageinstaller/com.android.packageinstaller.permission.ui.GrantPermissionsActivity
01-09 16:06:25.775 27414 27414 E Zygote  : v2
01-09 16:06:25.775 27414 27414 I libpersona: KNOX_SDCARD checking this for 10028
01-09 16:06:25.775 27414 27414 I libpersona: KNOX_SDCARD not a persona
01-09 16:06:25.776  3757  3774 D ActivityTrigger: ActivityTrigger activityStopTrigger 
01-09 16:06:25.777 27414 27414 E Zygote  : accessInfo : 0
01-09 16:06:25.778 27414 27414 W SELinux : SELinux selinux_android_compute_policy_index : Policy Index[2],  Con:u:r:zygote:s0 RAM:SEPF_SECMOBILE_7.0_0009, [-1 -1 -1 -1 0 1]
01-09 16:06:25.779 27414 27414 I SELinux : SELinux: seapp_context_lookup: seinfo=untrusted, level=s0:c512,c768, pkgname=com.google.android.packageinstaller 
01-09 16:06:25.784 27387 27413 D UE4     : Used memory: 63320
01-09 16:06:25.792 27387 27387 D UE4     : Hardware: SAMSUNG Exynos7420
01-09 16:06:25.792 27387 27387 D UE4     : ro.hardware: samsungexynos7420
01-09 16:06:25.794 27387 27387 D UE4     : Memory: 3662 MB
01-09 16:06:25.799 27387 27387 D UE4     : UseAffinity: false
01-09 16:06:25.799 27387 27387 D UE4     : BigCoreMask: 0xffff
01-09 16:06:25.799 27387 27387 D UE4     : LittleCoreMask: 0x0
01-09 16:06:25.801 27387 27387 D UE4     : APK path: /data/app/com.GeekTechnique.InfinityStack-1/base.apk
01-09 16:06:25.801 27387 27387 D UE4     : OBB in APK: false
01-09 16:06:25.804 27387 27387 D UE4     : InternalFilePath found as '/data/user/0/com.GeekTechnique.InfinityStack/files'
01-09 16:06:25.804 27387 27387 D UE4     : ExternalFilePath found as '/storage/emulated/0/Android/data/com.GeekTechnique.InfinityStack/files'
01-09 16:06:25.804 27387 27387 D UE4     : App is running in Portrait
01-09 16:06:25.805 27387 27387 D UE4     : Android version is 7.0
01-09 16:06:25.805 27387 27387 D UE4     : Android manufacturer is samsung
01-09 16:06:25.805 27387 27392 I art     : Compiler allocated 4MB to compile void com.epicgames.ue4.GameActivity.onCreate(android.os.Bundle)
01-09 16:06:25.805 27387 27387 D UE4     : Android model is SM-N920V
01-09 16:06:25.805 27387 27387 D UE4     : Android build number is NRD90M.N920VVRS3CRH1
01-09 16:06:25.805 27387 27387 D UE4     : OS language is set to en_US
01-09 16:06:25.805 27387 27387 D UE4     : Debugger attached is false
01-09 16:06:25.809 27387 27392 I art     : Do partial code cache collection, code=13KB, data=31KB
01-09 16:06:25.810 27387 27392 I art     : After code cache collection, code=13KB, data=31KB
01-09 16:06:25.810 27387 27392 I art     : Increasing code cache capacity to 128KB
01-09 16:06:25.812 27414 27414 D TimaKeyStoreProvider: TimaKeyStore is not enabled: cannot add TimaSignature Service and generateKeyPair Service
01-09 16:06:25.816  3757  7202 D CompatibilityInfo: mCompatibilityFlags - 0
01-09 16:06:25.816  3757  7202 D CompatibilityInfo: applicationDensity - 420
01-09 16:06:25.816  3757  7202 D CompatibilityInfo: applicationScale - 1.0
01-09 16:06:25.816  3757  7202 I ActivityManager: DSS on for com.google.android.packageinstaller and scale is 1.0
01-09 16:06:25.817  3757 32085 D AudioService: getStreamVolume 3 index 120
01-09 16:06:25.817  3757  7202 D CompatibilityInfo: mCompatibilityFlags - 0
01-09 16:06:25.818  3757  7202 D CompatibilityInfo: applicationDensity - 420
01-09 16:06:25.818  3757  7202 D CompatibilityInfo: applicationScale - 1.0
01-09 16:06:25.835  3757  7202 D InputDispatcher: setInputDispatchMode: enabled=1, frozen=1
01-09 16:06:25.837  3215  3215 I SurfaceFlinger: id=5352 createSurf (1080x1920),2 flag=4, TcreenshotS
01-09 16:06:25.851 27387 27387 W PopupManager: You have not specified a View to use as content view for popups. Falling back to the Activity content view. Note that this may not work as expected in multi-screen environments
01-09 16:06:25.853 27387 27387 D UE4     : ==============> GameActive.onCreate complete!
01-09 16:06:25.859  3757  7202 D CompatibilityInfo: mCompatibilityFlags - 0
01-09 16:06:25.859  3757  7202 D CompatibilityInfo: applicationDensity - 420
01-09 16:06:25.859  3757  7202 D CompatibilityInfo: applicationScale - 1.0
01-09 16:06:25.863  3757  7202 D GameManagerService: sem_perfomance_mode: 0
01-09 16:06:25.863  3757  3757 D GameManagerService: NotifyRunnable. pkg: com.google.android.packageinstaller, type: 4, isMinimized: false, isTunableApp: false
01-09 16:06:25.863  3757  3757 D GameManagerService: unexpected mPrevNotiType: -1
01-09 16:06:25.866  3757  7202 D ActivityTrigger: ActivityTrigger activityPauseTrigger 
01-09 16:06:25.867  3757  7202 D GameManagerService: sem_perfomance_mode: 0
01-09 16:06:25.871  6011  6027 D ForegroundUtils: could not check pending caller
01-09 16:06:25.871 27387 27387 V threaded_app: Start: 0xdb87bb40
01-09 16:06:25.872 27387 27411 V threaded_app: activityState=10
01-09 16:06:25.872 27387 27387 D UE4     : Creating console command broadcast listener
01-09 16:06:25.872 27387 27411 D UE4     : LogAndroidEvents: EnqueueAppEvent : 9, 0, tid = 27411
01-09 16:06:25.873  3757  9599 D GamePkgDataHelper: getGamePkgData(). com.google.android.packageinstaller
01-09 16:06:25.873  3757  9599 D GameManagerService: identifyGamePackage. com.google.android.packageinstaller
01-09 16:06:25.877 27387 27387 D UE4     : ==================================> Inside onStart function in GameActivity
01-09 16:06:25.880 27387 27387 V threaded_app: Resume: 0xdb87bb40
01-09 16:06:25.880 27387 27411 V threaded_app: activityState=11
01-09 16:06:25.880 27387 27411 D UE4     : Case APP_CMD_RESUME
01-09 16:06:25.880 27387 27411 D UE4     : LogAndroidEvents: EnqueueAppEvent : 7, 0, tid = 27411
01-09 16:06:25.880 27387 27387 D UE4     : ==============> [JAVA] AndroidThunkJava_KeepScreenOn(false) - Enabled screen saver
01-09 16:06:25.880 27387 27387 D UE4     : Registering sensor listeners
01-09 16:06:25.881  3757  9599 D GameManagerService: identifyGamePackage. com.google.android.packageinstaller
01-09 16:06:25.882  3757  9599 D GameManagerService: identifyGamePackage. com.google.android.packageinstaller
01-09 16:06:25.893 27414 27414 W System  : ClassLoader referenced unknown path: /system/priv-app/GooglePackageInstaller/lib/arm64
01-09 16:06:25.897 27387 27387 D SensorManager: registerListener :: 0, K6DS3TR Acceleration Sensor, 20000, 0,  
01-09 16:06:25.898  3757 29838 I Sensors : Mag old sensor_state 1, new sensor_state : 17 en : 1
01-09 16:06:25.906 27387 27387 D SensorManager: registerListener :: 1, AK09911C Magnetic field Sensor, 20000, 0,  
01-09 16:06:25.906  3757  5062 I Sensors : Gyro old sensor_state 17, new sensor_state : 19 en : 1
01-09 16:06:25.914 27387 27387 D SensorManager: registerListener :: 3, K6DS3TR Gyroscope Sensor, 20000, 0,  
01-09 16:06:25.914 27387 27387 D UE4     : App is running in Portrait
01-09 16:06:25.914 27387 27387 D UE4     : ==============> Resuming main init
01-09 16:06:25.919 27387 27410 D UE4     : APK Commandline: ../../../StackerGame/StackerGame.uproject  /Game/Maps/StackMap -Messaging -SessionId=66761B8542C2E75E24B2BA8641DD64E2 -SessionOwner="nope" -SessionName="Launch On Device" -iterative
01-09 16:06:25.920 27387 27410 D UE4     : Override Commandline: ../../../StackerGame/StackerGame.uproject  /Game/Maps/StackMap -Messaging -SessionId=66761B8542C2E75E24B2BA8641DD64E2 -SessionOwner="nope" -SessionName="Launch On Device" -iterative
01-09 16:06:25.920 27387 27410 D UE4     : Final commandline: ../../../StackerGame/StackerGame.uproject  /Game/Maps/StackMap -Messaging -SessionId=66761B8542C2E75E24B2BA8641DD64E2 -SessionOwner="nope" -SessionName="Launch On Device" -iterative
01-09 16:06:25.920 27387 27410 D UE4     : Created sync event
01-09 16:06:25.920  3757  4332 E Sensors : AccSensor : Meta event
01-09 16:06:25.926 27387 27387 D UE4     : ==============> GameActive.onResume complete!
01-09 16:06:25.933 27387 27387 D ViewRootImpl@e972267[GameActivity]: ThreadedRenderer.create() translucent=true
01-09 16:06:25.935  3757  7204 D WindowManager: addWindow: android.view.IWindow$Stub$Proxy@6dcfd78 displayId=0
01-09 16:06:25.936  3757  7204 D InputTransport: Input channel constructed: fd=529
01-09 16:06:25.936  3757  7204 D InputTransport: Input channel constructed: fd=547
01-09 16:06:25.936  3757  7204 D WindowManager: openInputChannel mInputChannel: aea3cb6 com.GeekTechnique.InfinityStack/com.epicgames.ue4.GameActivity (server)
01-09 16:06:25.937  3757  7204 D InputTransport: Input channel destroyed: fd=547
01-09 16:06:25.938 27387 27387 D InputTransport: Input channel constructed: fd=73
01-09 16:06:25.939 27387 27387 V threaded_app: InputQueueCreated: 0xdb87bb40 -- 0xdb87ca40
01-09 16:06:25.939 27387 27411 V threaded_app: APP_CMD_INPUT_CHANGED
01-09 16:06:25.939 27387 27411 V threaded_app: Attaching input queue to looper
01-09 16:06:25.940 27387 27387 D ViewRootImpl@e972267[GameActivity]: setView = DecorView@57f3814[GameActivity] touchMode=true
01-09 16:06:25.941  3757 32084 D ActivityManager: post active user change for 0 fullscreen true isHomeActivity() false
01-09 16:06:25.941  3757 32084 D KnoxTimeoutHandler: postActiveUserChange [MsgParam] userId: 0 fullscreen is true showWhenlocked is false isMutiwindowRecord is false multiwindowstyle is 0
01-09 16:06:25.942  3757  3757 D KnoxTimeoutHandler: handleActiveUserChange [MsgParam] userId: 0 fullscreen is true showWhenlocked is false isMutiwindowRecord is false multiwindowstyle is 0
01-09 16:06:25.943 27387 27387 V threaded_app: Pause: 0xdb87bb40
01-09 16:06:25.943 27387 27411 V threaded_app: activityState=13
01-09 16:06:25.943 27387 27411 D UE4     : Case APP_CMD_PAUSE
01-09 16:06:25.943 27387 27411 D UE4     : LogAndroidEvents: EnqueueAppEvent : 6, 0, tid = 27411
01-09 16:06:25.943  3757  3757 I KnoxTimeoutHandler: Shared devices show user statefalse
01-09 16:06:25.943 27387 27387 D UE4     : Unregistering sensor listeners
01-09 16:06:25.952  3757  7205 I Sensors : Mag old sensor_state 19, new sensor_state : 3 en : 0
01-09 16:06:25.960  3757  5062 I Sensors : Gyro old sensor_state 3, new sensor_state : 1 en : 0
01-09 16:06:25.967 27387 27387 D SensorManager: unregisterListener ::   
01-09 16:06:25.968 27387 27387 D UE4     : ==============> GameActive.onPause complete!
01-09 16:06:25.971  3757  5901 D ActivityManager: resumeTopActivityInnerLocked() : #1 prevTask=null next=ActivityRecord{b120fded0 u0 com.google.android.packageinstaller/com.android.packageinstaller.permission.ui.GrantPermissionsActivity t317} mFocusedStack=ActivityStack{545d298d0 stackId=1, 2 tasks}
01-09 16:06:25.971 27387 27387 D ViewRootImpl@c9e8dee[GameActivity]: dispatchAttachedToWindow
01-09 16:06:25.973  3757  3770 V WindowManager: Relayout Window{a96b319d0 u0 com.GeekTechnique.InfinityStack/com.epicgames.ue4.GameActivity}: viewVisibility=0 req=1079x1856 WM.LayoutParams{(0,0)(fillxfill) gr=#11 sim=#120 ty=2 fl=#1810508 pfl=0x20000 wanim=0x1030001 vsysui=0x400 needsMenuKey=2 naviIconColor=0}
01-09 16:06:25.974  3215  3215 I SurfaceFlinger: id=5353 createSurf (1x1),1 flag=404, HameActivit
01-09 16:06:25.997 27387 27387 D ViewRootImpl@c9e8dee[GameActivity]: Relayout returned: oldFrame=[0,0][0,0] newFrame=[0,0][1080,1920] result=0x27 surface={isValid=true -1026916352} surfaceGenerationChanged=true
01-09 16:06:25.998 27387 27387 D ViewRootImpl@c9e8dee[GameActivity]: mHardwareRenderer.initialize() mSurface={isValid=true -1026916352} hwInitialized=true
01-09 16:06:26.000 27387 27412 I OpenGLRenderer: Initialized EGL, version 1.4
01-09 16:06:26.000 27387 27412 D OpenGLRenderer: Swap behavior 1
01-09 16:06:26.006  3757  4521 D MdnieScenarioControlService:  packageName : com.google.android.packageinstaller    className : com.android.packageinstaller.permission.ui.GrantPermissionsActivity
01-09 16:06:26.009 27387 27412 D mali_winsys: EGLint new_window_surface(egl_winsys_display*, void*, EGLSurface, EGLConfig, egl_winsys_surface**, egl_color_buffer_format*, EGLBoolean) returns 0x3000,  [1080x1920]-format:1
01-09 16:06:26.012 27387 27392 I art     : Do partial code cache collection, code=14KB, data=32KB
01-09 16:06:26.012 27387 27392 I art     : After code cache collection, code=14KB, data=32KB
01-09 16:06:26.012 27387 27392 I art     : Increasing code cache capacity to 256KB
01-09 16:06:26.016 27387 27387 D ViewRootImpl@e972267[GameActivity]: dispatchAttachedToWindow
01-09 16:06:26.016 27387 27392 I art     : Compiler allocated 7MB to compile boolean com.epicgames.ue4.GameActivity.processSystemInfo(java.lang.String, java.lang.String)
01-09 16:06:26.019  3757  7201 V WindowManager: Relayout Window{aea3cb6d0 u0 com.GeekTechnique.InfinityStack/com.epicgames.ue4.GameActivity}: viewVisibility=0 req=1079x1856 WM.LayoutParams{(0,0)(fillxfill) sim=#10 ty=1 fl=#1810500 pfl=0x20000 fmt=1 wanim=0x1030001 vsysui=0x400 needsMenuKey=2 naviIconColor=0}
01-09 16:06:26.020  3757  3771 D AudioService: getStreamVolume 3 index 120
01-09 16:06:26.020  3215  3215 I SurfaceFlinger: id=5354 createSurf (1080x1920),1 flag=4, HameActivit
01-09 16:06:26.030  5689  5689 D io_stats: !@   8,0 r 1293373 39935928 w 1147971 26470468 d 182652 14489852 f 322845 322752 iot 1935410 1053488 th 61440 61440 46984 pt 8330 inp 0 0 103853.224
01-09 16:06:26.031 27387 27387 D ViewRootImpl@e972267[GameActivity]: Relayout returned: oldFrame=[0,0][0,0] newFrame=[0,0][1080,1920] result=0x7 surface={isValid=true -1026914304} surfaceGenerationChanged=true
01-09 16:06:26.031  3757  3793 V WindowManager: Now policy hidden: Window{aea3cb6d0 u0 com.GeekTechnique.InfinityStack/com.epicgames.ue4.GameActivity}
01-09 16:06:26.031 27387 27387 D ViewRootImpl@e972267[GameActivity]: mHardwareRenderer.initialize() mSurface={isValid=true -1026914304} hwInitialized=true
01-09 16:06:26.033 27387 27412 D mali_winsys: EGLint new_window_surface(egl_winsys_display*, void*, EGLSurface, EGLConfig, egl_winsys_surface**, egl_color_buffer_format*, EGLBoolean) returns 0x3000,  [1080x1920]-format:1
01-09 16:06:26.038  3757  7204 D WindowManager: addWindow: android.view.IWindow$Stub$Proxy@da07924 displayId=0
01-09 16:06:26.042  3757  4440 V WindowManager: Relayout Window{4556e42d0 u0 SurfaceView - com.GeekTechnique.InfinityStack/com.epicgames.ue4.GameActivity}: viewVisibility=0 req=1080x1920 WM.LayoutParams{(0,0)(1080x1920) gr=#800033 ty=1001 fl=#4218 pfl=0x10040 fmt=4 naviIconColor=0}
01-09 16:06:26.043  3215  3215 I SurfaceFlinger: id=5355 createSurf (1080x1920),4 flag=404, HameActivit
01-09 16:06:26.046  3215  3215 I SurfaceFlinger: id=5356 createSurf (1080x1920),-1 flag=20404, HameActivit
01-09 16:06:26.056 27387 27387 D SurfaceView: Relayout returned: oldFrame=[0,0][0,0] newFrame=[0,0][1080,1920] result=0x7 surface={Surface(name=null)/@0x921c180 isValid=true -1026863104}
01-09 16:06:26.056 27387 27387 V threaded_app: NativeWindowCreated: 0xdb87bb40 -- 0xc2cb5008
01-09 16:06:26.056 27387 27411 V threaded_app: APP_CMD_INIT_WINDOW
01-09 16:06:26.056 27387 27411 D UE4     : Case APP_CMD_INIT_WINDOW
01-09 16:06:26.057  3757  3793 V WindowManager: Now policy hidden: Window{4556e42d0 u0 SurfaceView - com.GeekTechnique.InfinityStack/com.epicgames.ue4.GameActivity}
01-09 16:06:26.057 27387 27411 D UE4     : LogAndroidEvents: EnqueueAppEvent : 0, 3268104200, tid = 27411
01-09 16:06:26.060  3757 29841 W MultiScreenManagerService: moveTaskBackToDisplayIfNeeded(): The task has more than one activity
01-09 16:06:26.062  3757 29839 D WindowManager: finishDrawingWindow: Window{4556e42d0 u0 SurfaceView - com.GeekTechnique.InfinityStack/com.epicgames.ue4.GameActivity} mDrawState=DRAW_PENDING
01-09 16:06:26.068  3757 29841 D ActivityManager: moveToFront() : reason=finishActivity adjustFocus setFocusedActivity isAttached=true TaskRecord{e047248d0 #317 A=com.GeekTechnique.InfinityStack U=0 StackId=1 sz=2}
01-09 16:06:26.072  3757 29841 D InputDispatcher: Focused application set to: xxxx
01-09 16:06:26.073 27387 27387 V threaded_app: SaveInstanceState: 0xdb87bb40
01-09 16:06:26.073 27387 27411 D UE4     : LogAndroidEvents: EnqueueAppEvent : 12, 0, tid = 27411
01-09 16:06:26.074 27387 27411 V threaded_app: APP_CMD_SAVE_STATE
01-09 16:06:26.074 27387 27387 V threaded_app: Stop: 0xdb87bb40
01-09 16:06:26.074 27387 27411 V threaded_app: activityState=14
01-09 16:06:26.074 27387 27411 D UE4     : LogAndroidEvents: EnqueueAppEvent : 8, 0, tid = 27411
01-09 16:06:26.076  3757 31269 D ActivityManager: resumeTopActivityInnerLocked() : #1 prevTask=null next=ActivityRecord{e66c8e1d0 u0 com.GeekTechnique.InfinityStack/com.epicgames.ue4.GameActivity t317} mFocusedStack=ActivityStack{545d298d0 stackId=1, 2 tasks}
01-09 16:06:26.076  3757 31269 D ActivityManager: applyOptionsLocked(), pendingOptions : null
01-09 16:06:26.079 27387 27387 D UE4     : ==============> GameActive.onStop complete!
01-09 16:06:26.081 27387 27387 D ViewRootImpl@c9e8dee[GameActivity]: MSG_RESIZED_REPORT: ci=Rect(0, 0 - 0, 0) vi=Rect(0, 63 - 0, 0) or=1
01-09 16:06:26.086  3757 31269 D ActivityTrigger: ActivityTrigger activityPauseTrigger 
01-09 16:06:26.087  3757 31269 D GameManagerService: sem_perfomance_mode: 0
01-09 16:06:26.090  3757 31269 D GameManagerService: sem_perfomance_mode: 0
01-09 16:06:26.090  3757  3757 D GameManagerService: NotifyRunnable. pkg: com.GeekTechnique.InfinityStack, type: 4, isMinimized: false, isTunableApp: false
01-09 16:06:26.090  3757  3757 D GameManagerService: unexpected mPrevNotiType: -1
01-09 16:06:26.107  3757  4521 V MdnieScenarioControlService: Calling MdnieManager API(setContentMode(0))
01-09 16:06:26.107  3757  4521 D SemDisplaySolutionManagerService: where : application what : DEFAULT setScreenBrightnessScaleFactor(-1.0)
01-09 16:06:26.107  3757  4521 D PowerManagerService: [api] setScreenBrightnessScaleFactor: scaleFactor: -1.0 (uid: 1000 pid: 3757)
01-09 16:06:26.107  3757  4521 D SemDisplaySolutionManagerService: setMultipleScreenBrightness , application, DEFAULT, -1.0
01-09 16:06:26.107  3757  4521 V MdnieScenarioControlService: Calling SemDisplaySolutionManager API(setMultipleScreenBrightness(0)
01-09 16:06:26.111  6011 20825 D ForegroundUtils: could not check pending caller
01-09 16:06:26.112  3757 29838 D ActivityManager: resumeTopActivityInnerLocked() : #1 prevTask=null next=ActivityRecord{e66c8e1d0 u0 com.GeekTechnique.InfinityStack/com.epicgames.ue4.GameActivity t317} mFocusedStack=ActivityStack{545d298d0 stackId=1, 2 tasks}
01-09 16:06:26.116  3757  4521 I AudioService: audioEffectParam;audioHDR=0;packageName=com.GeekTechnique.InfinityStack
01-09 16:06:26.116  3757  4521 V MdnieScenarioControlService: setUIMode from UI function
01-09 16:06:26.152  3757  7205 D WindowManager: finishDrawingWindow: Window{a96b319d0 u0 com.GeekTechnique.InfinityStack/com.epicgames.ue4.GameActivity} mDrawState=DRAW_PENDING
01-09 16:06:26.157  3757  3793 I WindowManager: Screen frozen for +338ms due to AppWindowToken{24c248c token=Token{b3a95bf ActivityRecord{b120fded0 u0 com.google.android.packageinstaller/com.android.packageinstaller.permission.ui.GrantPermissionsActivity t317}}}
01-09 16:06:26.159  3215  3215 I SurfaceFlinger: id=5357 createSurf (2160x1920),-1 flag=20004, ClackSurfac
01-09 16:06:26.162  3215  3215 I SurfaceFlinger: id=5358 createSurf (1080x3840),-1 flag=20004, ClackSurfac
01-09 16:06:26.164  3215  3215 I SurfaceFlinger: id=5359 createSurf (2160x1920),-1 flag=20004, ClackSurfac
01-09 16:06:26.167  3215  3215 I SurfaceFlinger: id=5360 createSurf (1080x3840),-1 flag=20004, ClackSurfac
01-09 16:06:26.170  3757  3793 D InputDispatcher: setInputDispatchMode: enabled=1, frozen=0
01-09 16:06:26.176  3757 31270 V WindowManager: Relayout Window{aea3cb6d0 u0 com.GeekTechnique.InfinityStack/com.epicgames.ue4.GameActivity}: viewVisibility=0 req=1080x1920 WM.LayoutParams{(0,0)(fillxfill) sim=#10 ty=1 fl=#1810500 pfl=0x20000 fmt=1 wanim=0x1030001 vsysui=0x400 needsMenuKey=2 naviIconColor=0}
01-09 16:06:26.181 27387 27387 D ViewRootImpl@e972267[GameActivity]: Relayout returned: oldFrame=[0,0][1080,1920] newFrame=[0,0][1080,1920] result=0x3 surface={isValid=true -1026914304} surfaceGenerationChanged=false
01-09 16:06:26.182  3757  4469 V WindowManager: Relayout Window{4556e42d0 u0 SurfaceView - com.GeekTechnique.InfinityStack/com.epicgames.ue4.GameActivity}: viewVisibility=0 req=1080x1920 WM.LayoutParams{(0,0)(1080x1920) gr=#800033 ty=1001 fl=#4218 pfl=0x10040 fmt=4 naviIconColor=0}
