01-23 22:42:13.850 21187 21220 D UE4     : [2019.01.24-03.42.13:849][  0]LogConfig: Setting CVar [[r.ShadowQuality:2]]
01-23 22:42:13.850 21187 21220 D UE4     : [2019.01.24-03.42.13:850][  0]LogConfig: Setting CVar [[slate.AbsoluteIndices:1]]
01-23 22:42:13.850 21187 21220 D UE4     : [2019.01.24-03.42.13:850][  0]LogConfig: Setting CVar [[r.Vulkan.DelayAcquireBackBuffer:0]]
01-23 22:42:13.850 21187 21220 D UE4     : [2019.01.24-03.42.13:850][  0]LogConfig: Setting CVar [[r.Vulkan.RobustBufferAccess:1]]
01-23 22:42:13.850 21187 21220 D UE4     : [2019.01.24-03.42.13:850][  0]LogConfig: Setting CVar [[r.Vulkan.DescriptorSetLayoutMode:2]]
01-23 22:42:13.850 21187 21220 D UE4     : [2019.01.24-03.42.13:850][  0]LogInit: Going up to parent DeviceProfile []
01-23 22:42:13.850 21187 21220 D UE4     : [2019.01.24-03.42.13:850][  0]LogConfig: Applying CVar settings from Section [ViewDistanceQuality@3] File [../../../StackerGame/Saved/Config/Android/Scalability.ini]
01-23 22:42:13.850 21187 21220 D UE4     : [2019.01.24-03.42.13:850][  0]LogConfig: Setting CVar [[r.SkeletalMeshLODBias:0]]
01-23 22:42:13.850 21187 21220 D UE4     : [2019.01.24-03.42.13:850][  0]LogConfig: Setting CVar [[r.ViewDistanceScale:1.0]]
01-23 22:42:13.850 21187 21220 D UE4     : [2019.01.24-03.42.13:850][  0]LogConfig: Applying CVar settings from Section [AntiAliasingQuality@3] File [../../../StackerGame/Saved/Config/Android/Scalability.ini]
01-23 22:42:13.850 21187 21220 D UE4     : [2019.01.24-03.42.13:850][  0]LogConfig: Setting CVar [[r.PostProcessAAQuality:4]]
01-23 22:42:13.851 21187 21220 D UE4     : [2019.01.24-03.42.13:850][  0]LogConfig: Applying CVar settings from Section [ShadowQuality@3] File [../../../StackerGame/Saved/Config/Android/Scalability.ini]
01-23 22:42:13.851 21187 21220 D UE4     : [2019.01.24-03.42.13:851][  0]LogConfig: Setting CVar [[r.LightFunctionQuality:1]]
01-23 22:42:13.851 21187 21220 D UE4     : [2019.01.24-03.42.13:851][  0]LogConfig: Setting CVar [[r.ShadowQuality:5]]
01-23 22:42:13.851 21187 21220 D UE4     : [2019.01.24-03.42.13:851][  0]LogConsoleManager: Setting the console variable 'r.ShadowQuality' with 'SetByScalability' was ignored as it is lower priority than the previous 'SetByDeviceProfile'. Value remains '2'
01-23 22:42:13.851 21187 21220 D UE4     : [2019.01.24-03.42.13:851][  0]LogConfig: Setting CVar [[r.Shadow.CSM.MaxCascades:10]]
01-23 22:42:13.851 21187 21220 D UE4     : [2019.01.24-03.42.13:851][  0]LogConfig: Setting CVar [[r.Shadow.MaxResolution:2048]]
01-23 22:42:13.851 21187 21220 D UE4     : [2019.01.24-03.42.13:851][  0]LogConfig: Setting CVar [[r.Shadow.MaxCSMResolution:2048]]
01-23 22:42:13.851 21187 21220 D UE4     : [2019.01.24-03.42.13:851][  0]LogConfig: Setting CVar [[r.Shadow.RadiusThreshold:0.01]]
01-23 22:42:13.851 21187 21220 D UE4     : [2019.01.24-03.42.13:851][  0]LogConfig: Setting CVar [[r.Shadow.DistanceScale:1.0]]
01-23 22:42:13.851 21187 21220 D UE4     : [2019.01.24-03.42.13:851][  0]LogConfig: Setting CVar [[r.Shadow.CSM.TransitionScale:1.0]]
01-23 22:42:13.851 21187 21220 D UE4     : [2019.01.24-03.42.13:851][  0]LogConfig: Setting CVar [[r.Shadow.PreShadowResolutionFactor:1.0]]
01-23 22:42:13.851 21187 21220 D UE4     : [2019.01.24-03.42.13:851][  0]LogConfig: Setting CVar [[r.DistanceFieldShadowing:1]]
01-23 22:42:13.851 21187 21220 D UE4     : [2019.01.24-03.42.13:851][  0]LogConfig: Setting CVar [[r.DistanceFieldAO:1]]
01-23 22:42:13.851 21187 21220 D UE4     : [2019.01.24-03.42.13:851][  0]LogConfig: Setting CVar [[r.AOQuality:2]]
01-23 22:42:13.851 21187 21220 D UE4     : [2019.01.24-03.42.13:851][  0]LogConfig: Setting CVar [[r.VolumetricFog:1]]
01-23 22:42:13.851 21187 21220 D UE4     : [2019.01.24-03.42.13:851][  0]LogConfig: Setting CVar [[r.VolumetricFog.GridPixelSize:8]]
01-23 22:42:13.851 21187 21220 D UE4     : [2019.01.24-03.42.13:851][  0]LogConfig: Setting CVar [[r.VolumetricFog.GridSizeZ:128]]
01-23 22:42:13.852 21187 21220 D UE4     : [2019.01.24-03.42.13:851][  0]LogConfig: Setting CVar [[r.VolumetricFog.HistoryMissSupersampleCount:4]]
01-23 22:42:13.852 21187 21220 D UE4     : [2019.01.24-03.42.13:852][  0]LogConfig: Setting CVar [[r.LightMaxDrawDistanceScale:1]]
01-23 22:42:13.852 21187 21220 D UE4     : [2019.01.24-03.42.13:852][  0]LogConfig: Setting CVar [[r.CapsuleShadows:1]]
01-23 22:42:13.852 21187 21220 D UE4     : [2019.01.24-03.42.13:852][  0]LogConfig: Applying CVar settings from Section [PostProcessQuality@3] File [../../../StackerGame/Saved/Config/Android/Scalability.ini]
01-23 22:42:13.852 21187 21220 D UE4     : [2019.01.24-03.42.13:852][  0]LogConfig: Setting CVar [[r.MotionBlurQuality:4]]
01-23 22:42:13.852 21187 21220 D UE4     : [2019.01.24-03.42.13:852][  0]LogConfig: Setting CVar [[r.AmbientOcclusionMipLevelFactor:0.4]]
01-23 22:42:13.852 21187 21220 D UE4     : [2019.01.24-03.42.13:852][  0]LogConfig: Setting CVar [[r.AmbientOcclusionMaxQuality:100]]
01-23 22:42:13.852 21187 21220 D UE4     : [2019.01.24-03.42.13:852][  0]LogConfig: Setting CVar [[r.AmbientOcclusionLevels:-1]]
01-23 22:42:13.852 21187 21220 D UE4     : [2019.01.24-03.42.13:852][  0]LogConfig: Setting CVar [[r.AmbientOcclusionRadiusScale:1.0]]
01-23 22:42:13.852 21187 21220 D UE4     : [2019.01.24-03.42.13:852][  0]LogConfig: Setting CVar [[r.DepthOfFieldQuality:2]]
01-23 22:42:13.852 21187 21220 D UE4     : [2019.01.24-03.42.13:852][  0]LogConsoleManager: Setting the console variable 'r.DepthOfFieldQuality' with 'SetByScalability' was ignored as it is lower priority than the previous 'SetByDeviceProfile'. Value remains '1'
01-23 22:42:13.852 21187 21220 D UE4     : [2019.01.24-03.42.13:852][  0]LogConfig: Setting CVar [[r.RenderTargetPoolMin:400]]
01-23 22:42:13.852 21187 21220 D UE4     : [2019.01.24-03.42.13:852][  0]LogConfig: Setting CVar [[r.LensFlareQuality:2]]
01-23 22:42:13.852 21187 21220 D UE4     : [2019.01.24-03.42.13:852][  0]LogConfig: Setting CVar [[r.SceneColorFringeQuality:1]]
01-23 22:42:13.852 21187 21220 D UE4     : [2019.01.24-03.42.13:852][  0]LogConfig: Setting CVar [[r.EyeAdaptationQuality:2]]
01-23 22:42:13.852 21187 21220 D UE4     : [2019.01.24-03.42.13:852][  0]LogConfig: Setting CVar [[r.BloomQuality:5]]
01-23 22:42:13.852 21187 21220 D UE4     : [2019.01.24-03.42.13:852][  0]LogConsoleManager: Setting the console variable 'r.BloomQuality' with 'SetByScalability' was ignored as it is lower priority than the previous 'SetByDeviceProfile'. Value remains '1'
01-23 22:42:13.853 21187 21220 D UE4     : [2019.01.24-03.42.13:852][  0]LogConfig: Setting CVar [[r.FastBlurThreshold:100]]
01-23 22:42:13.853 21187 21220 D UE4     : [2019.01.24-03.42.13:853][  0]LogConfig: Setting CVar [[r.Upscale.Quality:3]]
01-23 22:42:13.853 21187 21220 D UE4     : [2019.01.24-03.42.13:853][  0]LogConfig: Setting CVar [[r.Tonemapper.GrainQuantization:1]]
01-23 22:42:13.853 21187 21220 D UE4     : [2019.01.24-03.42.13:853][  0]LogConfig: Setting CVar [[r.LightShaftQuality:1]]
01-23 22:42:13.853 21187 21220 D UE4     : [2019.01.24-03.42.13:853][  0]LogConsoleManager: Setting the console variable 'r.LightShaftQuality' with 'SetByScalability' was ignored as it is lower priority than the previous 'SetByDeviceProfile'. Value remains '1'
01-23 22:42:13.853 21187 21220 D UE4     : [2019.01.24-03.42.13:853][  0]LogConfig: Setting CVar [[r.Filter.SizeScale:1]]
01-23 22:42:13.853 21187 21220 D UE4     : [2019.01.24-03.42.13:853][  0]LogConfig: Setting CVar [[r.Tonemapper.Quality:5]]
01-23 22:42:13.853 21187 21220 D UE4     : [2019.01.24-03.42.13:853][  0]LogConfig: Setting CVar [[r.DOF.Gather.AccumulatorQuality:1        ; higher gathering accumulator quality]]
01-23 22:42:13.853 21187 21220 D UE4     : [2019.01.24-03.42.13:853][  0]LogConfig: Setting CVar [[r.DOF.Gather.PostfilterMethod:1          ; Median3x3 postfilering method]]
01-23 22:42:13.853 21187 21220 D UE4     : [2019.01.24-03.42.13:853][  0]LogConfig: Setting CVar [[r.DOF.Gather.EnableBokehSettings:0       ; no bokeh simulation when gathering]]
01-23 22:42:13.853 21187 21220 D UE4     : [2019.01.24-03.42.13:853][  0]LogConfig: Setting CVar [[r.DOF.Gather.RingCount:4                 ; medium number of samples when gathering]]
01-23 22:42:13.853 21187 21220 D UE4     : [2019.01.24-03.42.13:853][  0]LogConfig: Setting CVar [[r.DOF.Scatter.ForegroundCompositing:1    ; additive foreground scattering]]
01-23 22:42:13.853 21187 21220 D UE4     : [2019.01.24-03.42.13:853][  0]LogConfig: Setting CVar [[r.DOF.Scatter.BackgroundCompositing:2    ; additive background scattering]]
01-23 22:42:13.853 21187 21220 D UE4     : [2019.01.24-03.42.13:853][  0]LogConfig: Setting CVar [[r.DOF.Scatter.EnableBokehSettings:1      ; bokeh simulation when scattering]]
01-23 22:42:13.853 21187 21220 D UE4     : [2019.01.24-03.42.13:853][  0]LogConfig: Setting CVar [[r.DOF.Scatter.MaxSpriteRatio:0.1         ; only a maximum of 10% of scattered bokeh]]
01-23 22:42:13.853 21187 21220 D UE4     : [2019.01.24-03.42.13:853][  0]LogConfig: Setting CVar [[r.DOF.Recombine.Quality:1                ; cheap slight out of focus]]
01-23 22:42:13.853 21187 21220 D UE4     : [2019.01.24-03.42.13:853][  0]LogConfig: Setting CVar [[r.DOF.Recombine.EnableBokehSettings:0    ; no bokeh simulation on slight out of focus]]
01-23 22:42:13.854 21187 21220 D UE4     : [2019.01.24-03.42.13:853][  0]LogConfig: Setting CVar [[r.DOF.TemporalAAQuality:1                ; more stable temporal accumulation]]
01-23 22:42:13.854 21187 21220 D UE4     : [2019.01.24-03.42.13:854][  0]LogConfig: Setting CVar [[r.DOF.Kernel.MaxForegroundRadius:0.025]]
01-23 22:42:13.854 21187 21220 D UE4     : [2019.01.24-03.42.13:854][  0]LogConfig: Setting CVar [[r.DOF.Kernel.MaxBackgroundRadius:0.025]]
01-23 22:42:13.854 21187 21220 D UE4     : [2019.01.24-03.42.13:854][  0]LogConfig: Applying CVar settings from Section [TextureQuality@3] File [../../../StackerGame/Saved/Config/Android/Scalability.ini]
01-23 22:42:13.854 21187 21220 D UE4     : [2019.01.24-03.42.13:854][  0]LogConfig: Setting CVar [[r.Streaming.MipBias:0]]
01-23 22:42:13.854 21187 21220 D UE4     : [2019.01.24-03.42.13:854][  0]LogConfig: Setting CVar [[r.Streaming.AmortizeCPUToGPUCopy:0]]
01-23 22:42:13.854 21187 21220 D UE4     : [2019.01.24-03.42.13:854][  0]LogConfig: Setting CVar [[r.Streaming.MaxNumTexturesToStreamPerFrame:0]]
01-23 22:42:13.854 21187 21220 D UE4     : [2019.01.24-03.42.13:854][  0]LogConfig: Setting CVar [[r.Streaming.Boost:1]]
01-23 22:42:13.854 21187 21220 D UE4     : [2019.01.24-03.42.13:854][  0]LogConfig: Setting CVar [[r.MaxAnisotropy:8]]
01-23 22:42:13.854 21187 21220 D UE4     : [2019.01.24-03.42.13:854][  0]LogConfig: Setting CVar [[r.Streaming.LimitPoolSizeToVRAM:0]]
01-23 22:42:13.854 21187 21220 D UE4     : [2019.01.24-03.42.13:854][  0]LogConfig: Setting CVar [[r.Streaming.PoolSize:1000]]
01-23 22:42:13.854 21187 21220 D UE4     : [2019.01.24-03.42.13:854][  0]LogConfig: Setting CVar [[r.Streaming.MaxEffectiveScreenSize:0]]
01-23 22:42:13.854 21187 21220 D UE4     : [2019.01.24-03.42.13:854][  0]LogConfig: Applying CVar settings from Section [EffectsQuality@3] File [../../../StackerGame/Saved/Config/Android/Scalability.ini]
01-23 22:42:13.854 21187 21220 D UE4     : [2019.01.24-03.42.13:854][  0]LogConfig: Setting CVar [[r.TranslucencyLightingVolumeDim:64]]
01-23 22:42:13.854 21187 21220 D UE4     : [2019.01.24-03.42.13:854][  0]LogConfig: Setting CVar [[r.RefractionQuality:2]]
01-23 22:42:13.854 21187 21220 D UE4     : [2019.01.24-03.42.13:854][  0]LogConsoleManager: Setting the console variable 'r.RefractionQuality' with 'SetByScalability' was ignored as it is lower priority than the previous 'SetByDeviceProfile'. Value remains '1'
01-23 22:42:13.855 21187 21220 D UE4     : [2019.01.24-03.42.13:854][  0]LogConfig: Setting CVar [[r.SSR.Quality:3]]
01-23 22:42:13.855 21187 21220 D UE4     : [2019.01.24-03.42.13:855][  0]LogConfig: Setting CVar [[r.SceneColorFormat:4]]
01-23 22:42:13.855 21187 21220 D UE4     : [2019.01.24-03.42.13:855][  0]LogConfig: Setting CVar [[r.DetailMode:2]]
01-23 22:42:13.855 21187 21220 D UE4     : [2019.01.24-03.42.13:855][  0]LogConfig: Setting CVar [[r.TranslucencyVolumeBlur:1]]
01-23 22:42:13.855 21187 21220 D UE4     : [2019.01.24-03.42.13:855][  0]LogConfig: Setting CVar [[r.MaterialQualityLevel:1 ; High quality]]
01-23 22:42:13.855 21187 21220 D UE4     : [2019.01.24-03.42.13:855][  0]LogConfig: Setting CVar [[r.SSS.Scale:1]]
01-23 22:42:13.855 21187 21220 D UE4     : [2019.01.24-03.42.13:855][  0]LogConfig: Setting CVar [[r.SSS.SampleSet:2]]
01-23 22:42:13.855 21187 21220 D UE4     : [2019.01.24-03.42.13:855][  0]LogConfig: Setting CVar [[r.SSS.Quality:1]]
01-23 22:42:13.855 21187 21220 D UE4     : [2019.01.24-03.42.13:855][  0]LogConfig: Setting CVar [[r.SSS.HalfRes:1]]
01-23 22:42:13.855 21187 21220 D UE4     : [2019.01.24-03.42.13:855][  0]LogConfig: Setting CVar [[r.EmitterSpawnRateScale:1.0]]
01-23 22:42:13.855 21187 21220 D UE4     : [2019.01.24-03.42.13:855][  0]LogConfig: Setting CVar [[r.ParticleLightQuality:2]]
01-23 22:42:13.855 21187 21220 D UE4     : [2019.01.24-03.42.13:855][  0]LogConfig: Applying CVar settings from Section [FoliageQuality@3] File [../../../StackerGame/Saved/Config/Android/Scalability.ini]
01-23 22:42:13.855 21187 21220 D UE4     : [2019.01.24-03.42.13:855][  0]LogConfig: Setting CVar [[foliage.DensityScale:1.0]]
01-23 22:42:13.855 21187 21220 D UE4     : [2019.01.24-03.42.13:855][  0]LogConfig: Setting CVar [[grass.DensityScale:1.0]]
01-23 22:42:13.856 21187 21220 D UE4     : [2019.01.24-03.42.13:855][  0]LogConfig: Applying CVar settings from Section [Startup] File [../../../Engine/Config/ConsoleVariables.ini]
01-23 22:42:13.856 21187 21220 D UE4     : [2019.01.24-03.42.13:856][  0]LogConfig: Setting CVar [[net.UseAdaptiveNetUpdateFrequency:0]]
01-23 22:42:13.856 21187 21220 D UE4     : [2019.01.24-03.42.13:856][  0]LogConfig: Applying CVar settings from Section [ConsoleVariables] File [../../../StackerGame/Saved/Config/Android/Engine.ini]
01-23 22:42:13.856 21187 21220 D UE4     : [2019.01.24-03.42.13:856][  0]LogConfig: Setting CVar [[r.AllowOcclusionQueries:0]]
01-23 22:42:13.856 21187 21220 D UE4     : [2019.01.24-03.42.13:856][  0]LogConfig: Setting CVar [[Slate.CacheRenderData:0]]
01-23 22:42:13.857 21187 21220 D UE4     : [2019.01.24-03.42.13:856][  0]LogConfig: Setting CVar [[r.VSync:1]]
01-23 22:42:13.857 21187 21220 D UE4     : [2019.01.24-03.42.13:857][  0]LogConfig: Setting CVar [[r.ParallelShadows:0]]
01-23 22:42:13.859 21187 21220 D UE4     : [2019.01.24-03.42.13:859][  0]LogInit: Memory total: Physical=3662.72MB (4GB approx) Available=1922.08MB PageSize=4.0KB
01-23 22:42:13.861 21187 21220 D UE4     : [2019.01.24-03.42.13:861][  0]LogInit: Using OS detected language (en-US).
01-23 22:42:13.861 21187 21220 D UE4     : [2019.01.24-03.42.13:861][  0]LogInit: Using OS detected locale (en-US).
01-23 22:42:13.862 21187 21220 D UE4     : [2019.01.24-03.42.13:862][  0]LogTextLocalizationManager: No specific localization for 'en-US' exists, so the 'en' localization will be used.
01-23 22:42:13.977 21187 21220 D UE4     : [2019.01.24-03.42.13:977][  0]LogStreaming: Display: Took  0.116s to InitEngineTextLocalization.
01-23 22:42:13.996 21187 21220 D UE4     : [2019.01.24-03.42.13:996][  0]LogSlate: New Slate User Created.  User Index 0, Is Virtual User: 0
01-23 22:42:13.996 21187 21220 D UE4     : [2019.01.24-03.42.13:996][  0]LogSlate: Slate User Registered.  User Index 0, Is Virtual User: 0
01-23 22:42:13.997 21187 21220 D UE4     : [2019.01.24-03.42.13:997][  0]LogAndroid: VulkanRHI will NOT be used:
01-23 22:42:13.997 21187 21220 D UE4     : [2019.01.24-03.42.13:997][  0]LogAndroid:  ** Vulkan support is not available (Driver, RHI or shaders are missing, or disabled by cmdline, see above logging for details)
01-23 22:42:13.997 21187 21220 D UE4     : [2019.01.24-03.42.13:997][  0]LogAndroid: OpenGL ES will be used.
01-23 22:42:13.997 21187 21220 D UE4     : FPlatformOpenGLDevice:Init
01-23 22:42:13.997 21187 21220 D UE4     : AndroidEGL::InitSurface 0, 1
01-23 22:42:13.997 21187 21220 D UE4     : [JAVA] - SetDesiredViewSize width=720 and height=1280
01-23 22:42:13.997 21187 21220 D UE4     : AndroidEGL::CreateEGLSurface() Already initialized: 0xe3fb32a8
01-23 22:42:13.998 21187 21220 D UE4     : [2019.01.24-03.42.13:998][  0]LogRHI: Extension eglPresentationTimeANDROID Present
01-23 22:42:13.998 21187 21220 D UE4     : [2019.01.24-03.42.13:998][  0]LogRHI: Extension eglGetNextFrameIdANDROID Not Present
01-23 22:42:13.998 21187 21220 D UE4     : [2019.01.24-03.42.13:998][  0]LogRHI: Extension eglGetCompositorTimingANDROID Not Present
01-23 22:42:13.998 21187 21220 D UE4     : [2019.01.24-03.42.13:998][  0]LogRHI: Extension eglGetFrameTimestampsANDROID Not Present
01-23 22:42:13.999 21187 21220 D UE4     : [2019.01.24-03.42.13:999][  0]LogRHI: Extension eglQueryTimestampSupportedANDROID Not Present
01-23 22:42:13.999 21187 21220 D UE4     : [2019.01.24-03.42.13:999][  0]LogRHI: Extension eglGetCompositorTimingSupportedANDROID Not Present
01-23 22:42:13.999 21187 21220 D UE4     : [2019.01.24-03.42.13:999][  0]LogRHI: Extension eglGetFrameTimestampsSupportedANDROID Not Present
01-23 22:42:14.000 21187 21220 D UE4     : [2019.01.24-03.42.13:999][  0]LogRHI: Initializing OpenGL RHI
01-23 22:42:14.000 21187 21220 D UE4     : [2019.01.24-03.42.14:000][  0]LogRHI:   GL_VENDOR: ARM
01-23 22:42:14.000 21187 21220 D UE4     : [2019.01.24-03.42.14:000][  0]LogRHI:   GL_RENDERER: Mali-T760
01-23 22:42:14.000 21187 21220 D UE4     : [2019.01.24-03.42.14:000][  0]LogRHI:   GL_VERSION: OpenGL ES 3.2 v1.r15p0-00rel0.68b65ac7cf15907aeb95fa944f39eef2
01-23 22:42:14.000 21187 21220 D UE4     : [2019.01.24-03.42.14:000][  0]LogRHI:   GL_SHADING_LANGUAGE_VERSION: OpenGL ES GLSL ES 3.20
01-23 22:42:14.000 21187 21220 D UE4     : [2019.01.24-03.42.14:000][  0]LogRHI: OpenGL Extensions:
01-23 22:42:14.000 21187 21220 D UE4     : [2019.01.24-03.42.14:000][  0]LogRHI:   GL_EXT_debug_marker
01-23 22:42:14.000 21187 21220 D UE4     : [2019.01.24-03.42.14:000][  0]LogRHI:   GL_ARM_rgba8
01-23 22:42:14.000 21187 21220 D UE4     : [2019.01.24-03.42.14:000][  0]LogRHI:   GL_ARM_mali_shader_binary
01-23 22:42:14.000 21187 21220 D UE4     : [2019.01.24-03.42.14:000][  0]LogRHI:   GL_OES_depth24
01-23 22:42:14.000 21187 21220 D UE4     : [2019.01.24-03.42.14:000][  0]LogRHI:   GL_OES_depth_texture
01-23 22:42:14.000 21187 21220 D UE4     : [2019.01.24-03.42.14:000][  0]LogRHI:   GL_OES_depth_texture_cube_map
01-23 22:42:14.000 21187 21220 D UE4     : [2019.01.24-03.42.14:000][  0]LogRHI:   GL_OES_packed_depth_stencil
01-23 22:42:14.000 21187 21220 D UE4     : [2019.01.24-03.42.14:000][  0]LogRHI:   GL_OES_rgb8_rgba8
01-23 22:42:14.000 21187 21220 D UE4     : [2019.01.24-03.42.14:000][  0]LogRHI:   GL_EXT_read_format_bgra
01-23 22:42:14.000 21187 21220 D UE4     : [2019.01.24-03.42.14:000][  0]LogRHI:   GL_OES_compressed_paletted_texture
01-23 22:42:14.000 21187 21220 D UE4     : [2019.01.24-03.42.14:000][  0]LogRHI:   GL_OES_compressed_ETC1_RGB8_texture
01-23 22:42:14.000 21187 21220 D UE4     : [2019.01.24-03.42.14:000][  0]LogRHI:   GL_OES_standard_derivatives
01-23 22:42:14.001 21187 21220 D UE4     : [2019.01.24-03.42.14:000][  0]LogRHI:   GL_OES_EGL_image
01-23 22:42:14.001 21187 21220 D UE4     : [2019.01.24-03.42.14:001][  0]LogRHI:   GL_OES_EGL_image_external
01-23 22:42:14.001 21187 21220 D UE4     : [2019.01.24-03.42.14:001][  0]LogRHI:   GL_OES_EGL_image_external_essl3
01-23 22:42:14.001 21187 21220 D UE4     : [2019.01.24-03.42.14:001][  0]LogRHI:   GL_OES_EGL_sync
01-23 22:42:14.001 21187 21220 D UE4     : [2019.01.24-03.42.14:001][  0]LogRHI:   GL_OES_texture_npot
01-23 22:42:14.001 21187 21220 D UE4     : [2019.01.24-03.42.14:001][  0]LogRHI:   GL_OES_vertex_half_float
01-23 22:42:14.001 21187 21220 D UE4     : [2019.01.24-03.42.14:001][  0]LogRHI:   GL_OES_required_internalformat
01-23 22:42:14.001 21187 21220 D UE4     : [2019.01.24-03.42.14:001][  0]LogRHI:   GL_OES_vertex_array_object
01-23 22:42:14.001 21187 21220 D UE4     : [2019.01.24-03.42.14:001][  0]LogRHI:   GL_OES_mapbuffer
01-23 22:42:14.001 21187 21220 D UE4     : [2019.01.24-03.42.14:001][  0]LogRHI:   GL_EXT_texture_format_BGRA8888
01-23 22:42:14.001 21187 21220 D UE4     : [2019.01.24-03.42.14:001][  0]LogRHI:   GL_EXT_texture_rg
01-23 22:42:14.001 21187 21220 D UE4     : [2019.01.24-03.42.14:001][  0]LogRHI:   GL_EXT_texture_type_2_10_10_10_REV
01-23 22:42:14.001 21187 21220 D UE4     : [2019.01.24-03.42.14:001][  0]LogRHI:   GL_OES_fbo_render_mipmap
01-23 22:42:14.001 21187 21220 D UE4     : [2019.01.24-03.42.14:001][  0]LogRHI:   GL_OES_element_index_uint
01-23 22:42:14.001 21187 21220 D UE4     : [2019.01.24-03.42.14:001][  0]LogRHI:   GL_EXT_shadow_samplers
01-23 22:42:14.001 21187 21220 D UE4     : [2019.01.24-03.42.14:001][  0]LogRHI:   GL_OES_texture_compression_astc
01-23 22:42:14.001 21187 21220 D UE4     : [2019.01.24-03.42.14:001][  0]LogRHI:   GL_KHR_texture_compression_astc_ldr
01-23 22:42:14.001 21187 21220 D UE4     : [2019.01.24-03.42.14:001][  0]LogRHI:   GL_KHR_texture_compression_astc_hdr
01-23 22:42:14.001 21187 21220 D UE4     : [2019.01.24-03.42.14:001][  0]LogRHI:   GL_KHR_texture_compression_astc_sliced_3d
01-23 22:42:14.001 21187 21220 D UE4     : [2019.01.24-03.42.14:001][  0]LogRHI:   GL_KHR_debug
01-23 22:42:14.001 21187 21220 D UE4     : [2019.01.24-03.42.14:001][  0]LogRHI:   GL_EXT_occlusion_query_boolean
01-23 22:42:14.001 21187 21220 D UE4     : [2019.01.24-03.42.14:001][  0]LogRHI:   GL_EXT_disjoint_timer_query
01-23 22:42:14.002 21187 21220 D UE4     : [2019.01.24-03.42.14:001][  0]LogRHI:   GL_EXT_blend_minmax
01-23 22:42:14.002 21187 21220 D UE4     : [2019.01.24-03.42.14:002][  0]LogRHI:   GL_EXT_discard_framebuffer
01-23 22:42:14.002 21187 21220 D UE4     : [2019.01.24-03.42.14:002][  0]LogRHI:   GL_OES_get_program_binary
01-23 22:42:14.002 21187 21220 D UE4     : [2019.01.24-03.42.14:002][  0]LogRHI:   GL_OES_texture_3D
01-23 22:42:14.002 21187 21220 D UE4     : [2019.01.24-03.42.14:002][  0]LogRHI:   GL_EXT_texture_storage
01-23 22:42:14.002 21187 21220 D UE4     : [2019.01.24-03.42.14:002][  0]LogRHI:   GL_EXT_multisampled_render_to_texture
01-23 22:42:14.002 21187 21220 D UE4     : [2019.01.24-03.42.14:002][  0]LogRHI:   GL_OES_surfaceless_context
01-23 22:42:14.002 21187 21220 D UE4     : [2019.01.24-03.42.14:002][  0]LogRHI:   GL_OES_texture_stencil8
01-23 22:42:14.002 21187 21220 D UE4     : [2019.01.24-03.42.14:002][  0]LogRHI:   GL_EXT_shader_pixel_local_storage
01-23 22:42:14.002 21187 21220 D UE4     : [2019.01.24-03.42.14:002][  0]LogRHI:   GL_ARM_shader_framebuffer_fetch
01-23 22:42:14.002 21187 21220 D UE4     : [2019.01.24-03.42.14:002][  0]LogRHI:   GL_ARM_shader_framebuffer_fetch_depth_stencil
01-23 22:42:14.002 21187 21220 D UE4     : [2019.01.24-03.42.14:002][  0]LogRHI:   GL_ARM_mali_program_binary
01-23 22:42:14.002 21187 21220 D UE4     : [2019.01.24-03.42.14:002][  0]LogRHI:   GL_EXT_sRGB
01-23 22:42:14.002 21187 21220 D UE4     : [2019.01.24-03.42.14:002][  0]LogRHI:   GL_EXT_sRGB_write_control
01-23 22:42:14.002 21187 21220 D UE4     : [2019.01.24-03.42.14:002][  0]LogRHI:   GL_EXT_texture_sRGB_decode
01-23 22:42:14.002 21187 21220 D UE4     : [2019.01.24-03.42.14:002][  0]LogRHI:   GL_EXT_texture_sRGB_R8
01-23 22:42:14.002 21187 21220 D UE4     : [2019.01.24-03.42.14:002][  0]LogRHI:   GL_EXT_texture_sRGB_RG8
01-23 22:42:14.002 21187 21220 D UE4     : [2019.01.24-03.42.14:002][  0]LogRHI:   GL_KHR_blend_equation_advanced
01-23 22:42:14.002 21187 21220 D UE4     : [2019.01.24-03.42.14:002][  0]LogRHI:   GL_KHR_blend_equation_advanced_coherent
01-23 22:42:14.002 21187 21220 D UE4     : [2019.01.24-03.42.14:002][  0]LogRHI:   GL_OES_texture_storage_multisample_2d_array
01-23 22:42:14.002 21187 21220 D UE4     : [2019.01.24-03.42.14:002][  0]LogRHI:   GL_OES_shader_image_atomic
01-23 22:42:14.003 21187 21220 D UE4     : [2019.01.24-03.42.14:002][  0]LogRHI:   GL_EXT_robustness
01-23 22:42:14.003 21187 21220 D UE4     : [2019.01.24-03.42.14:003][  0]LogRHI:   GL_EXT_draw_buffers_indexed
01-23 22:42:14.003 21187 21220 D UE4     : [2019.01.24-03.42.14:003][  0]LogRHI:   GL_OES_draw_buffers_indexed
01-23 22:42:14.003 21187 21220 D UE4     : [2019.01.24-03.42.14:003][  0]LogRHI:   GL_EXT_texture_border_clamp
01-23 22:42:14.003 21187 21220 D UE4     : [2019.01.24-03.42.14:003][  0]LogRHI:   GL_OES_texture_border_clamp
01-23 22:42:14.003 21187 21220 D UE4     : [2019.01.24-03.42.14:003][  0]LogRHI:   GL_EXT_texture_cube_map_array
01-23 22:42:14.003 21187 21220 D UE4     : [2019.01.24-03.42.14:003][  0]LogRHI:   GL_OES_texture_cube_map_array
01-23 22:42:14.003 21187 21220 D UE4     : [2019.01.24-03.42.14:003][  0]LogRHI:   GL_OES_sample_variables
01-23 22:42:14.003 21187 21220 D UE4     : [2019.01.24-03.42.14:003][  0]LogRHI:   GL_OES_sample_shading
01-23 22:42:14.003 21187 21220 D UE4     : [2019.01.24-03.42.14:003][  0]LogRHI:   GL_OES_shader_multisample_interpolation
01-23 22:42:14.003 21187 21220 D UE4     : [2019.01.24-03.42.14:003][  0]LogRHI:   GL_EXT_shader_io_blocks
01-23 22:42:14.003 21187 21220 D UE4     : [2019.01.24-03.42.14:003][  0]LogRHI:   GL_OES_shader_io_blocks
01-23 22:42:14.003 21187 21220 D UE4     : [2019.01.24-03.42.14:003][  0]LogRHI:   GL_EXT_tessellation_shader
01-23 22:42:14.003 21187 21220 D UE4     : [2019.01.24-03.42.14:003][  0]LogRHI:   GL_OES_tessellation_shader
01-23 22:42:14.003 21187 21220 D UE4     : [2019.01.24-03.42.14:003][  0]LogRHI:   GL_EXT_primitive_bounding_box
01-23 22:42:14.003 21187 21220 D UE4     : [2019.01.24-03.42.14:003][  0]LogRHI:   GL_OES_primitive_bounding_box
01-23 22:42:14.003 21187 21220 D UE4     : [2019.01.24-03.42.14:003][  0]LogRHI:   GL_EXT_geometry_shader
01-23 22:42:14.003 21187 21220 D UE4     : [2019.01.24-03.42.14:003][  0]LogRHI:   GL_OES_geometry_shader
01-23 22:42:14.003 21187 21220 D UE4     : [2019.01.24-03.42.14:003][  0]LogRHI:   GL_ANDROID_extension_pack_es31a
01-23 22:42:14.003 21187 21220 D UE4     : [2019.01.24-03.42.14:003][  0]LogRHI:   GL_EXT_gpu_shader5
01-23 22:42:14.003 21187 21220 D UE4     : [2019.01.24-03.42.14:003][  0]LogRHI:   GL_OES_gpu_shader5
01-23 22:42:14.003 21187 21220 D UE4     : [2019.01.24-03.42.14:003][  0]LogRHI:   GL_EXT_texture_buffer
01-23 22:42:14.004 21187 21220 D UE4     : [2019.01.24-03.42.14:004][  0]LogRHI:   GL_OES_texture_buffer
01-23 22:42:14.004 21187 21220 D UE4     : [2019.01.24-03.42.14:004][  0]LogRHI:   GL_EXT_copy_image
01-23 22:42:14.004 21187 21220 D UE4     : [2019.01.24-03.42.14:004][  0]LogRHI:   GL_OES_copy_image
01-23 22:42:14.004 21187 21220 D UE4     : [2019.01.24-03.42.14:004][  0]LogRHI:   GL_EXT_color_buffer_half_float
01-23 22:42:14.004 21187 21220 D UE4     : [2019.01.24-03.42.14:004][  0]LogRHI:   GL_EXT_color_buffer_float
01-23 22:42:14.004 21187 21220 D UE4     : [2019.01.24-03.42.14:004][  0]LogRHI:   GL_EXT_YUV_target
01-23 22:42:14.004 21187 21220 D UE4     : [2019.01.24-03.42.14:004][  0]LogRHI:   GL_OVR_multiview
01-23 22:42:14.004 21187 21220 D UE4     : [2019.01.24-03.42.14:004][  0]LogRHI:   GL_OVR_multiview2
01-23 22:42:14.004 21187 21220 D UE4     : [2019.01.24-03.42.14:004][  0]LogRHI:   GL_OVR_multiview_multisampled_render_to_texture
01-23 22:42:14.004 21187 21220 D UE4     : [2019.01.24-03.42.14:004][  0]LogRHI:   GL_KHR_robustness
01-23 22:42:14.004 21187 21220 D UE4     : [2019.01.24-03.42.14:004][  0]LogRHI:   GL_KHR_robust_buffer_access_behavior
01-23 22:42:14.004 21187 21220 D UE4     : [2019.01.24-03.42.14:004][  0]LogRHI:   GL_EXT_draw_elements_base_vertex
01-23 22:42:14.004 21187 21220 D UE4     : [2019.01.24-03.42.14:004][  0]LogRHI:   GL_OES_draw_elements_base_vertex
01-23 22:42:14.004 21187 21220 D UE4     : [2019.01.24-03.42.14:004][  0]LogRHI:   GL_EXT_protected_textures
01-23 22:42:14.004 21187 21220 D UE4     : [2019.01.24-03.42.14:004][  0]LogRHI:   GL_MAX_VERTEX_ATTRIBS: 16
01-23 22:42:14.004 21187 21220 D UE4     : [2019.01.24-03.42.14:004][  0]LogRHI:   GL_MAX_VARYING_VECTORS: 15
01-23 22:42:14.004 21187 21220 D UE4     : [2019.01.24-03.42.14:004][  0]LogRHI:   GL_MAX_VERTEX_UNIFORM_VECTORS: 1024
01-23 22:42:14.004 21187 21220 D UE4     : [2019.01.24-03.42.14:004][  0]LogRHI:   GL_MAX_FRAGMENT_UNIFORM_VECTORS: 1024
01-23 22:42:14.006 21187 21220 D UE4     : [2019.01.24-03.42.14:006][  0]LogRHI: Fragment shader lowp precision: 10
01-23 22:42:14.006 21187 21220 D UE4     : [2019.01.24-03.42.14:006][  0]LogRHI: Fragment shader mediump precision: 10
01-23 22:42:14.006 21187 21220 D UE4     : [2019.01.24-03.42.14:006][  0]LogRHI: Fragment shader highp precision: 23
01-23 22:42:14.006 21187 21220 D UE4     : [2019.01.24-03.42.14:006][  0]LogRHI: Support for 8x MSAA detected
01-23 22:42:14.006 21187 21220 D UE4     : [2019.01.24-03.42.14:006][  0]LogRHI: Image external enabled: ImageExternalESSL300
01-23 22:42:14.007 21187 21220 D UE4     : [2019.01.24-03.42.14:007][  0]LogRHI: Device supports mobile multi-view.
01-23 22:42:14.008 21187 21220 D UE4     : [2019.01.24-03.42.14:008][  0]LogRHI:   GL_MAX_TEXTURE_SIZE: 8192
01-23 22:42:14.008 21187 21220 D UE4     : [2019.01.24-03.42.14:008][  0]LogRHI:   GL_MAX_CUBE_MAP_TEXTURE_SIZE: 4096
01-23 22:42:14.008 21187 21220 D UE4     : [2019.01.24-03.42.14:008][  0]LogRHI:   GL_MAX_ARRAY_TEXTURE_LAYERS: 256
01-23 22:42:14.008 21187 21220 D UE4     : [2019.01.24-03.42.14:008][  0]LogRHI:   GL_MAX_RENDERBUFFER_SIZE: 8192
01-23 22:42:14.008 21187 21220 D UE4     : [2019.01.24-03.42.14:008][  0]LogRHI:   GL_MAX_TEXTURE_IMAGE_UNITS: 16
01-23 22:42:14.008 21187 21220 D UE4     : [2019.01.24-03.42.14:008][  0]LogRHI:   GL_MAX_DRAW_BUFFERS: 4
01-23 22:42:14.008 21187 21220 D UE4     : [2019.01.24-03.42.14:008][  0]LogRHI:   GL_MAX_COLOR_ATTACHMENTS: 1
01-23 22:42:14.008 21187 21220 D UE4     : [2019.01.24-03.42.14:008][  0]LogRHI:   GL_MAX_SAMPLES: 1
01-23 22:42:14.008 21187 21220 D UE4     : [2019.01.24-03.42.14:008][  0]LogRHI:   GL_MAX_COLOR_TEXTURE_SAMPLES: 1
01-23 22:42:14.008 21187 21220 D UE4     : [2019.01.24-03.42.14:008][  0]LogRHI:   GL_MAX_DEPTH_TEXTURE_SAMPLES: 1
01-23 22:42:14.009 21187 21220 D UE4     : [2019.01.24-03.42.14:008][  0]LogRHI:   GL_MAX_INTEGER_SAMPLES: 1
01-23 22:42:14.009 21187 21220 D UE4     : [2019.01.24-03.42.14:009][  0]LogRHI:   GL_MAX_COMBINED_TEXTURE_IMAGE_UNITS: 96
01-23 22:42:14.009 21187 21220 D UE4     : [2019.01.24-03.42.14:009][  0]LogRHI:   GL_MAX_VERTEX_ATTRIBS: 16
01-23 22:42:14.009 21187 21220 D UE4     : [2019.01.24-03.42.14:009][  0]LogRHI: OpenGL MajorVersion = 2, MinorVersion = 0, ShaderPlatform = GLSL_ES2, FeatureLevel = ES2
01-23 22:42:14.009 21187 21220 D UE4     : [2019.01.24-03.42.14:009][  0]LogRHI: PLATFORM_ANDROID
01-23 22:42:14.009 21187 21220 D UE4     : [2019.01.24-03.42.14:009][  0]LogRHI: Enabling program binary cache as /storage/emulated/0/Android/data/com.GeekTechnique.InfinityStack/files/ProgramBinaryCache/GLSL_ES2_60D556DEDF0DE1EBDD6379802F1CD396F0CC8D40
01-23 22:42:14.009 21187 21220 D UE4     : [2019.01.24-03.42.14:009][  0]LogRHI: FOpenGLProgramBinaryCache will be initialized when ShaderPipelineCache opens its file
01-23 22:42:14.015 21187 21220 D UE4     : [2019.01.24-03.42.14:015][  0]LogRHI: Texture pool is 1000 MB (of 0 MB total graphics mem)
01-23 22:42:14.016 21187 21220 D UE4     : [2019.01.24-03.42.14:016][  0]LogRHI: Display: Testing for shader compiler compatibility
01-23 22:42:14.018 21187 21220 D UE4     : [2019.01.24-03.42.14:018][  0]LogRHI: Display: Shaders compile fine no need to enable hacks
01-23 22:42:14.018 21187 21220 D UE4     : [2019.01.24-03.42.14:018][  0]LogRHI: Display: Testing for round() function availability
01-23 22:42:14.019 21187 21220 D UE4     : [2019.01.24-03.42.14:019][  0]LogRHI: Warning: Disabling the need for the round() function hack
01-23 22:42:14.019 21187 21220 D UE4     : [2019.01.24-03.42.14:019][  0]LogShaderLibrary: Display: Failed to load Shared Shader Library: Global and no native library supported.
01-23 22:42:14.019 21187 21220 D UE4     : [2019.01.24-03.42.14:019][  0]LogShaderLibrary: Display: Failed to load Shared Shader Library: Global_SC and no native library supported.
01-23 22:42:14.020 21187 21220 D UE4     : [2019.01.24-03.42.14:020][  0]LogShaderLibrary: Display: Failed to load Shared Shader Library: Paper2D and no native library supported.
01-23 22:42:14.020 21187 21220 D UE4     : [2019.01.24-03.42.14:020][  0]LogShaderLibrary: Display: Failed to load Shared Shader Library: Paper2D_SC and no native library supported.
01-23 22:42:14.020 21187 21220 D UE4     : [2019.01.24-03.42.14:020][  0]LogShaderLibrary: Display: Failed to load Shared Shader Library: Paper2D and no native library supported.
01-23 22:42:14.020 21187 21220 D UE4     : [2019.01.24-03.42.14:020][  0]LogShaderLibrary: Display: Failed to load Shared Shader Library: Paper2D_SC and no native library supported.
01-23 22:42:14.020 21187 21220 D UE4     : [2019.01.24-03.42.14:020][  0]LogShaderLibrary: Display: Failed to load Shared Shader Library: CryptoKeys and no native library supported.
01-23 22:42:14.020 21187 21220 D UE4     : [2019.01.24-03.42.14:020][  0]LogShaderLibrary: Display: Failed to load Shared Shader Library: CryptoKeys_SC and no native library supported.
01-23 22:42:14.021 21187 21220 D UE4     : [2019.01.24-03.42.14:021][  0]LogShaderLibrary: Display: Failed to load Shared Shader Library: CryptoKeys and no native library supported.
01-23 22:42:14.021 21187 21220 D UE4     : [2019.01.24-03.42.14:021][  0]LogShaderLibrary: Display: Failed to load Shared Shader Library: CryptoKeys_SC and no native library supported.
01-23 22:42:14.021 21187 21220 D UE4     : [2019.01.24-03.42.14:021][  0]LogShaderLibrary: Display: Failed to load Shared Shader Library: MeshEditor and no native library supported.
01-23 22:42:14.021 21187 21220 D UE4     : [2019.01.24-03.42.14:021][  0]LogShaderLibrary: Display: Failed to load Shared Shader Library: MeshEditor_SC and no native library supported.
01-23 22:42:14.021 21187 21220 D UE4     : [2019.01.24-03.42.14:021][  0]LogShaderLibrary: Display: Failed to load Shared Shader Library: MeshEditor and no native library supported.
01-23 22:42:14.021 21187 21220 D UE4     : [2019.01.24-03.42.14:021][  0]LogShaderLibrary: Display: Failed to load Shared Shader Library: MeshEditor_SC and no native library supported.
01-23 22:42:14.022 21187 21220 D UE4     : [2019.01.24-03.42.14:021][  0]LogShaderLibrary: Display: Failed to load Shared Shader Library: DatasmithContent and no native library supported.
01-23 22:42:14.022 21187 21220 D UE4     : [2019.01.24-03.42.14:022][  0]LogShaderLibrary: Display: Failed to load Shared Shader Library: DatasmithContent_SC and no native library supported.
01-23 22:42:14.022 21187 21220 D UE4     : [2019.01.24-03.42.14:022][  0]LogShaderLibrary: Display: Failed to load Shared Shader Library: DatasmithContent and no native library supported.
01-23 22:42:14.022 21187 21220 D UE4     : [2019.01.24-03.42.14:022][  0]LogShaderLibrary: Display: Failed to load Shared Shader Library: DatasmithContent_SC and no native library supported.
01-23 22:42:14.022 21187 21220 D UE4     : [2019.01.24-03.42.14:022][  0]LogShaderLibrary: Display: Failed to load Shared Shader Library: VariantManagerContent and no native library supported.
01-23 22:42:14.022 21187 21220 D UE4     : [2019.01.24-03.42.14:022][  0]LogShaderLibrary: Display: Failed to load Shared Shader Library: VariantManagerContent_SC and no native library supported.
01-23 22:42:14.022 21187 21220 D UE4     : [2019.01.24-03.42.14:022][  0]LogShaderLibrary: Display: Failed to load Shared Shader Library: VariantManagerContent and no native library supported.
01-23 22:42:14.023 21187 21220 D UE4     : [2019.01.24-03.42.14:023][  0]LogShaderLibrary: Display: Failed to load Shared Shader Library: VariantManagerContent_SC and no native library supported.
01-23 22:42:14.023 21187 21220 D UE4     : [2019.01.24-03.42.14:023][  0]LogShaderLibrary: Display: Failed to load Shared Shader Library: MediaCompositing and no native library supported.
01-23 22:42:14.023 21187 21220 D UE4     : [2019.01.24-03.42.14:023][  0]LogShaderLibrary: Display: Failed to load Shared Shader Library: MediaCompositing_SC and no native library supported.
01-23 22:42:14.023 21187 21220 D UE4     : [2019.01.24-03.42.14:023][  0]LogShaderLibrary: Display: Failed to load Shared Shader Library: MediaCompositing and no native library supported.
01-23 22:42:14.023 21187 21220 D UE4     : [2019.01.24-03.42.14:023][  0]LogShaderLibrary: Display: Failed to load Shared Shader Library: MediaCompositing_SC and no native library supported.
01-23 22:42:14.023 21187 21220 D UE4     : [2019.01.24-03.42.14:023][  0]LogShaderLibrary: Display: Failed to load Shared Shader Library: OculusVR and no native library supported.
01-23 22:42:14.024 21187 21220 D UE4     : [2019.01.24-03.42.14:024][  0]LogShaderLibrary: Display: Failed to load Shared Shader Library: OculusVR_SC and no native library supported.
01-23 22:42:14.024 21187 21220 D UE4     : [2019.01.24-03.42.14:024][  0]LogShaderLibrary: Display: Failed to load Shared Shader Library: OculusVR and no native library supported.
01-23 22:42:14.024 21187 21220 D UE4     : [2019.01.24-03.42.14:024][  0]LogShaderLibrary: Display: Failed to load Shared Shader Library: OculusVR_SC and no native library supported.
01-23 22:42:14.024 21187 21220 D UE4     : [2019.01.24-03.42.14:024][  0]LogShaderLibrary: Display: Failed to load Shared Shader Library: SteamVR and no native library supported.
01-23 22:42:14.024 21187 21220 D UE4     : [2019.01.24-03.42.14:024][  0]LogShaderLibrary: Display: Failed to load Shared Shader Library: SteamVR_SC and no native library supported.
01-23 22:42:14.024 21187 21220 D UE4     : [2019.01.24-03.42.14:024][  0]LogShaderLibrary: Display: Failed to load Shared Shader Library: SteamVR and no native library supported.
01-23 22:42:14.024 21187 21220 D UE4     : [2019.01.24-03.42.14:024][  0]LogShaderLibrary: Display: Failed to load Shared Shader Library: SteamVR_SC and no native library supported.
01-23 22:42:14.048 21187 21220 D UE4     : [2019.01.24-03.42.14:048][  0]LogMaterial: Verifying Global Shaders for GLSL_ES2
01-23 22:42:14.158 21187 21220 D UE4     : [2019.01.24-03.42.14:158][  0]LogSlate: Using FreeType 2.4.12
01-23 22:42:14.159 21187 21220 D UE4     : [2019.01.24-03.42.14:159][  0]LogSlate: SlateFontServices - WITH_FREETYPE: 1, WITH_HARFBUZZ: 1
01-23 22:42:14.312 21187 21187 D ViewRootImpl@4bdb50f[GameActivity]: mHardwareRenderer.destroy()#4
01-23 22:42:14.312 21187 21187 D ViewRootImpl@4bdb50f[GameActivity]: dispatchDetachedFromWindow
01-23 22:42:14.313  3755  7357 D WindowManager: disposeInputChannel mInputChannel: c45fe4e com.GeekTechnique.InfinityStack/com.epicgames.ue4.GameActivity (server)
01-23 22:42:14.315  3755  7357 I WindowManager_SurfaceController: Destroying surface Surface(name=com.GeekTechnique.InfinityStack/com.epicgames.ue4.GameActivity) called by com.android.server.wm.WindowStateAnimator.destroySurface:2907 com.android.server.wm.WindowStateAnimator.destroySurfaceLocked:1120 com.android.server.wm.WindowState.removeLocked:1864 com.android.server.wm.WindowManagerService.removeWindowInnerLocked:2934 com.android.server.wm.WindowManagerService.removeWindowLocked:2879 com.android.server.wm.WindowManagerService.removeWindowLocked:2689 com.android.server.wm.WindowManagerService.removeWindow:2684 com.android.server.wm.Session.remove:218 
01-23 22:42:14.315  3219  3451 I SurfaceFlinger: id=324 Removed HameActivit (5/8)
01-23 22:42:14.316  3219  3284 I SurfaceFlinger: id=324 Removed HameActivit (-2/8)
01-23 22:42:14.319 21187 21220 D UE4     : [2019.01.24-03.42.14:319][  0]LogShaderLibrary: Display: Failed to load Shared Shader Library: StackerGame and no native library supported.
01-23 22:42:14.319 21187 21220 D UE4     : [2019.01.24-03.42.14:319][  0]LogShaderLibrary: Display: Failed to load Shared Shader Library: StackerGame_SC and no native library supported.
01-23 22:42:14.319 21187 21220 D UE4     : [2019.01.24-03.42.14:319][  0]LogRHI: Display: Opened pipeline cache after state change and enqueued -784517952 of 0 tasks for precompile.
01-23 22:42:14.319 21187 21220 D UE4     : [2019.01.24-03.42.14:319][  0]LogShaderLibrary: Display: Failed to load Shared Shader Library: StackerGame and no native library supported.
01-23 22:42:14.319 21187 21220 D UE4     : [2019.01.24-03.42.14:319][  0]LogShaderLibrary: Display: Failed to load Shared Shader Library: StackerGame_SC and no native library supported.
01-23 22:42:14.319 21187 21220 D UE4     : [2019.01.24-03.42.14:319][  0]LogRHI: Display: Opened pipeline cache after state change and enqueued -784517184 of 0 tasks for precompile.
01-23 22:42:14.320 21187 21220 D UE4     : [2019.01.24-03.42.14:319][  0]LogRHI: Display: Failed to open default shader pipeline cache for StackerGame using shader platform 8.
01-23 22:42:14.320 21187 21220 D UE4     : [2019.01.24-03.42.14:320][  0]LogRHI: Display: Failed to open default shader pipeline cache for StackerGame using shader platform 8.
01-23 22:42:14.320 21187 21220 D UE4     : [2019.01.24-03.42.14:320][  0]LogInit: Using OS detected language (en-US).
01-23 22:42:14.320 21187 21220 D UE4     : [2019.01.24-03.42.14:320][  0]LogInit: Using OS detected locale (en-US).
01-23 22:42:14.320 21187 21220 D UE4     : [2019.01.24-03.42.14:320][  0]LogTextLocalizationManager: No localization for 'en-US' exists, so 'en' will be used for the language.
01-23 22:42:14.320 21187 21220 D UE4     : [2019.01.24-03.42.14:320][  0]LogTextLocalizationManager: No localization for 'en-US' exists, so 'en' will be used for the locale.
01-23 22:42:14.321 21187 21220 D UE4     : [2019.01.24-03.42.14:321][  0]LogSlate: FontCache flush requested. Reason: Culture for localization was changed
01-23 22:42:14.321 21187 21220 D UE4     : [2019.01.24-03.42.14:321][  0]LogSlate: FontCache flush requested. Reason: Culture for localization was changed
01-23 22:42:14.323  3755  7357 D InputTransport: Input channel destroyed: fd=435
01-23 22:42:14.324 21187 21187 D InputTransport: Input channel destroyed: fd=67
01-23 22:42:14.416 21187 21220 D UE4     : [2019.01.24-03.42.14:416][  0]LogStreaming: Display: Took  0.096s to InitGameTextLocalization.
01-23 22:42:14.502 21187 21220 D UE4     : [2019.01.24-03.42.14:502][  0]LogAssetRegistry: FAssetRegistry took 0.0834 seconds to start up
01-23 22:42:15.008 21187 21220 D UE4     : [2019.01.24-03.42.15:007][  0]LogStreaming: Display: Flushing async loaders.
01-23 22:42:15.091 21187 21220 D UE4     : [2019.01.24-03.42.15:091][  0]LogPackageLocalizationCache: Processed 10 localized package path(s) for 1 prioritized culture(s) in 0.082741 seconds
01-23 22:42:15.098  3755  3790 I art     : Starting a blocking GC Explicit
01-23 22:42:15.186 21187 21220 D UE4     : [2019.01.24-03.42.15:186][  0]LogNetVersion: StackerGame 1.0.0, NetCL: 4541578, EngineNetVer: 5, GameNetVer: 0 (Checksum: 1419414380)
01-23 22:42:15.310  5679  5679 D io_stats: !@   8,0 r 307075 11666368 w 144414 4752160 d 25298 2878628 f 39720 39711 iot 306280 211315 th 61440 61440 52764 pt 40 inp 0 0 19375.373
01-23 22:42:15.337  3755  7395 D ConnectivityService: filterNetworkStateForUid() uid: 5008 networkInfo: [type: WIFI[] - WIFI, state: CONNECTED/CONNECTED, reason: (unspecified), extra: "wilkinson2.4", failover: false, available: true, roaming: false, metered: false]
01-23 22:42:15.347  3755  9977 D TelephonyManager: getAllCellInfo : Caller (PID / UID / TID): 3755 / 1000 / 9977
01-23 22:42:15.356  3755  4415 D InputReader: Input event(5): value=1 when=19375420294000
01-23 22:42:15.357  3755  4415 D InputReader: !@notifyKey(172), action=0
01-23 22:42:15.360  3755  4415 D InputManager-JNI: !@interceptKeyBeforeQueueing(172), action=0, interactive=false
01-23 22:42:15.365  3755  4415 D SamsungPhoneWindowManager: mWakeUpBooster.acquire()
01-23 22:42:15.367  3755  4415 D PowerManagerService: [api] [s] wakeUpWithReason (uid: 1000 pid: 3755) eventTime = 19375420 event = 1
01-23 22:42:15.367  3755  4415 I PowerManagerService: !@[ps] Screen__On  - 27 :  wakeUpWithReason: 1 (uid: 1000 pid: 3755) (1)
01-23 22:42:15.367  3755  4415 I PowerManagerService: Waking up from sleep (uid 1000)...
01-23 22:42:15.367  3755  4415 D InputManager-JNI: setInteractive(true)
01-23 22:42:15.368  3755  4415 D InputReader: Device ID 3: Releasing active all slots palm because the phone became interactive
01-23 22:42:15.368  3755  4548 D NetworkPolicy: onScreenStateChanged, state: true, reason: 1
01-23 22:42:15.370  3755  4415 D PowerManagerService: [PWL] sb acquire: PowerManagerService.Broadcasts
01-23 22:42:15.370  3755  4548 V KeyguardServiceDelegate: onStartedWakingUp() reason:1
01-23 22:42:15.370  3755  4548 D PowerManagerNotifier: handleEarlyInteractiveChange reason = 1
01-23 22:42:15.370  3755  4415 D PowerManagerService: [s] getScreenOffTimeoutLocked: 600000 -> 3000
01-23 22:42:15.371  3755  4415 D PowerManagerService: [s] UserActivityState : 0 -> 1
01-23 22:42:15.371  3755  4415 D PowerManagerService: mDisplayReady: false
01-23 22:42:15.371  3755  3792 D DisplayPowerController: animateScreenStateChange[0]: target=2
01-23 22:42:15.371  3755  3792 D DisplayPowerController: [M OS] 0 REPORTED_TO_POLICY_SCREEN_OFF -> REPORTED_TO_POLICY_SCREEN_TURNING_ON.
01-23 22:42:15.371  3755  3792 I DisplayPowerController: Blocking screen on until initial contents have been drawn.
01-23 22:42:15.372  3755  4415 D PowerManagerService: [PWL] sb acquire: PowerManagerService.Display
01-23 22:42:15.372  3755  4415 D InputManager-JNI: !@handleInterceptActions(172), action=0, wmActions=0
01-23 22:42:15.372  4621  4648 D KeyguardViewMediator: onStartedWakingUpWithReason, seq = 28 why = 1
01-23 22:42:15.372  3755  4415 D InputManager-JNI: Disable repeat for home key when device wake up
01-23 22:42:15.372  4621  4648 D KeyguardViewMediator: notifyStartedWakingUp
01-23 22:42:15.373  4621  4621 D KeyguardViewMediator: handleNotifyWakingUp
01-23 22:42:15.375  3755  3792 V KeyguardServiceDelegate: onScreenTurnedOn(showListener = com.android.server.policy.PhoneWindowManager$2@ded8c72)
01-23 22:42:15.375  3755  3792 D DisplayPowerController: mWindowManagerPolicy.screenTurningOn(mPendingScreenOnUnblocker, 0)
01-23 22:42:15.375  3755  3792 D DisplayPowerController: animateScreenStateChange[0]: return as screen on blocked
01-23 22:42:15.376  3755  3792 D DisplayPowerController: [Dual Screen Compatible] state[0] :2
01-23 22:42:15.376  4621  4648 D KeyguardViewMediator: notifyScreenOn
01-23 22:42:15.376  3755  3792 D AutomaticBrightnessController: [DAB] no lux value from sensor manager
01-23 22:42:15.376  3755  3755 V SamsungAlarmManager: Sending to uid : 10059 action=null alarm=Alarm{e9f24f3 type 3 when 24915046 com.asurion.android.verizon.vms}
01-23 22:42:15.376  3755  3792 D DisplayPowerController: getFinalBrightness : Summary is 52 -> 52
01-23 22:42:15.376  3755  4550 D AutomaticBrightnessController: [DAB] setLightSensorEnabled : registerListenerRunnable
01-23 22:42:15.376  3755  3792 D DisplayPowerController: Animating brightness: target=52, rate=0 (PSM:true, AB limit:(-1 ~ -1) MB Limit:(-1 ~ -1))
01-23 22:42:15.377  3755  3792 D DisplayPowerController: animateScreenStateChange[0]: target=2
01-23 22:42:15.377  3755  3792 D DisplayPowerController: animateScreenStateChange[0]: return as screen on blocked
01-23 22:42:15.377  3755  3792 D DisplayPowerController: [Dual Screen Compatible] state[0] :2
01-23 22:42:15.377  3755  3792 D DisplayPowerController: getFinalBrightness : Summary is 52 -> 52
01-23 22:42:15.377  3755  3792 D DisplayPowerController: Animating brightness: target=52, rate=2000 (PSM:true, AB limit:(-1 ~ -1) MB Limit:(-1 ~ -1))
01-23 22:42:15.379  3755  3797 I libsuspend: !@autosuspend_wakeup_count_disable
01-23 22:42:15.379  3755  3797 I libsuspend: !@autosuspend_wakeup_count_disable done
01-23 22:42:15.379  3755  3797 D DisplayManagerService: !@display_state: OFF -> ON brightness: 0 -> 0
01-23 22:42:15.379  3755  4550 W CAE     : setCAProperty(ContextAwareService.java:589) - [setProperty 01] Mutex is locked for AUTO_BRIGHTNESS
01-23 22:42:15.380  3219  3219 D SurfaceFlinger: Set power mode=2, type=0 flinger=0x755b088940
01-23 22:42:15.381  3219  3219 I hwcomposer: int exynos_setPowerMode(struct hwc_composer_device_1 *, int, int):: disp(0), mode(2)
01-23 22:42:15.385  3755  4550 I CAE     : setPropertyValue(AutoBrightnessRunner.java:126) - Mode = 0
01-23 22:42:15.385  4621  4621 D KeyguardFingerPrint: shouldListenForFingerprint ( isFingerprintEnabled = true , mKeyguardIsVisible = true , mDeviceInteractive = true , mBouncer = false , mGoingToSleep = false , mSwitchingUser = false , mFingerprintAlreadyAuthenticated = false , mKeyguardUnlocking = false
01-23 22:42:15.386  3755  4550 I CAE     : sendCmdToSensorHub(SensorHubCommManager.java:162) - -63, 23, 48, 1, 0,
01-23 22:42:15.386  3755  3755 D CompatibilityInfo: mCompatibilityFlags - 0
01-23 22:42:15.386  3755  4550 D SensorHubManager: SendSensorHubData: send data = -63, 23, 48, 1, 0
01-23 22:42:15.387  3755  3755 D CompatibilityInfo: applicationDensity - 420
01-23 22:42:15.387  3755  3755 D CompatibilityInfo: applicationScale - 1.0
01-23 22:42:15.390  3231  3266 D Sensorhubs: sendContextData: -63, 23, 48, 1, 0
01-23 22:42:15.393  3755  3790 I art     : Explicit concurrent mark sweep GC freed 136110(12MB) AllocSpace objects, 30(1072KB) LOS objects, 21% free, 57MB/73MB, paused 2.694ms total 294.824ms
01-23 22:42:15.394  3755  3790 I DisplayManagerService: Display device changed state: "Built-in Screen", ON
01-23 22:42:15.409  3755  4550 I CAE     : setCAProperty(ContextAwareService.java:594) - result : true
01-23 22:42:15.410  3755  4550 W CAE     : setCAProperty(ContextAwareService.java:595) - [setProperty 02] Mutex is unlocked for AUTO_BRIGHTNESS
