01-14 19:07:25.904 11375 11406 D BeaconManager: BleScanHelper.printFilterCondition - Filter: 010002000001, Mask:ffffff0000ff
01-14 19:07:25.904 11375 11406 D BeaconManager: BleScanHelper.printFilterCondition - Filter: 42090104000200000021, Mask:ffffffff0002000000a1
01-14 19:07:25.905 11375 11406 D BeaconManager: BleScanHelper.printFilterCondition - Filter: 4204010200, Mask:fffffdee40
01-14 19:07:25.905 26491 26491 D SensorManager: registerListener :: 3, K6DS3TR Gyroscope Sensor, 20000, 0,  
01-14 19:07:25.905 26491 26491 D UE4     : App is running in Portrait
01-14 19:07:25.905 26491 26491 D UE4     : ==============> Resuming main init
01-14 19:07:25.905 26491 26491 D UE4     : ==============> GameActive.onResume complete!
01-14 19:07:25.906  4616  4616 D KeyguardFingerPrint: setDisableBIOMETRICBySecurityDialog( false )
01-14 19:07:25.906 11375 11406 D BluetoothLeScanner: Start Scan
01-14 19:07:25.907  3757 31270 V WindowManager: Relayout Window{8fc7025d0 u0 StatusBar}: viewVisibility=0 req=1080x1920 WM.LayoutParams{(0,0)(fillxfill) gr=#30 sim=#10 ty=2000 fl=#81840048 fmt=-3 vsysui=0x600 naviIconColor=0}
01-14 19:07:25.907  4616  4838 D Tile.AirplaneModeTile: # of NON-poweroff( in servicestate) : 1
01-14 19:07:25.907  4616  4838 D Tile.AirplaneModeTile:  handleUpdateState:  value false  state.dim false
01-14 19:07:25.907  3757 32084 D ConnectivityService: filterNetworkStateForUid() uid: 10014 networkInfo: [type: WIFI[] - WIFI, state: CONNECTED/CONNECTED, reason: (unspecified), extra: "wilkinson2.4", failover: false, available: true, roaming: false, metered: false]
01-14 19:07:25.908  3757  3775 D WindowManager: set systemUiVisibility of statusbar : vis= 0x408
01-14 19:07:25.908 11375 11406 D BluetoothAdapter: STATE_ON
01-14 19:07:25.908  3757 31270 V WindowOrientationListener: OrientationSensorJudge.getProposedRotation, Rotation: 0
01-14 19:07:25.908  3757 31270 V WindowOrientationListener: OrientationSensorJudge.getProposedRotation, Rotation: 0
01-14 19:07:25.908  3757 31270 V WindowManager: rotationForOrientationLw(orient=1, last=0); user=0  sensorRotation=0 mLidState=-1 mDockMode=0 mHdmiPlugged=false
01-14 19:07:25.909 11375 11406 D BluetoothAdapter: STATE_ON
01-14 19:07:25.910 11375 11406 D BluetoothAdapter: STATE_ON
01-14 19:07:25.911  3757 31270 D InputDispatcher: Focus left window: 4616
01-14 19:07:25.911  3757 31270 D InputDispatcher: Focus entered window: 26491
01-14 19:07:25.911  3757 31270 D PowerManagerService: [api] setUserActivityTimeoutOverrideFromWindowManagerInternal: timeoutMillis: -1
01-14 19:07:25.911  3757 31270 D PowerManagerService: [s] getScreenOffTimeoutLocked: 3000 -> 600000
01-14 19:07:25.911 11375 11406 D BluetoothAdapter: STATE_ON
01-14 19:07:25.911  3757 31270 D PowerManagerService: [api] setScreenDimDurationOverrideFromWindowManagerInternal: timeoutMillis: -1
01-14 19:07:25.912  4616  4616 D ViewRootImpl@151652b[StatusBar]: Relayout returned: oldFrame=[0,0][1080,1920] newFrame=[0,0][1080,1920] result=0x1 surface={isValid=true 516923179520} surfaceGenerationChanged=false
01-14 19:07:25.912  3757 29838 E SdpServiceKeeper: isLicensed {pid:4616 uid:10055 userid:0 doPkg:null}
01-14 19:07:25.912  3757 29838 E SdpServiceKeeper: System app. Skip license activation
01-14 19:07:25.913  4561 16197 D BtGatt.GattService: registerClient() - UUID=2295e567-00d2-4c33-9eb0-b023aa3ce15a
01-14 19:07:25.914  4616  4616 W View    : requestLayout() improperly called by android.widget.TextView{4425cd9 V.ED..... ......ID 0,1841-1080,1920 #7f1303fc app:id/notification_panel_carrier_label} during layout: running second layout pass
01-14 19:07:25.914  4616  4616 I ViewRootImpl@151652b[StatusBar]: requestLayout is already in process
01-14 19:07:25.914  3757  3757 D ClientCertificateManager Service: updateLockStatus, user.id 0
01-14 19:07:25.914  3757 32083 E SdpServiceKeeper: isLicensed {pid:4616 uid:10055 userid:0 doPkg:null}
01-14 19:07:25.914  3757  3757 I         : CCM JNI: In ccm_update_lock_status
01-14 19:07:25.914  3757  3757 I TZ_CCM_C_Initialize: : DEBUG_CONTAINER_PROBLEM Enter TZ_CCM_C_Initialize_TLC!
01-14 19:07:25.914  3757 32083 E SdpServiceKeeper: System app. Skip license activation
01-14 19:07:25.914  3757  3757 I TZ_CCM_C_Initialize: : pInitArgs 0x7ff565ad40 has not called C_Init before.
01-14 19:07:25.914  3757  3757 I TZ_CCM_C_Initialize: : &ctx = 0x7851f892c8
01-14 19:07:25.914  3757  3757 E TZ: client_server_communication: comm_request(0x7839440000) pImpl->serverName : CCM 
01-14 19:07:25.914  3757  3757 E TZ: client_server_communication: comm_request(0x7839440000) <IClientServer>pImpl->sconn : 0x78498dcf80 
01-14 19:07:25.914  3757  3757 E TZ: client_server_communication: comm_request(0x7839440000) <IClientServer>pImpl->sconn->getInterfaceDescriptor() : CCM 
01-14 19:07:25.914  3757  3757 I TZ: client_server_communication: Cmd id = 47, len = 19456
01-14 19:07:25.914  3757  3757 I TZ: client_server_communication: Calling Communicate()
01-14 19:07:25.915  4369  4376 I TLC_SERVER: BnTLCServer::onTransact(2) 16
01-14 19:07:25.915  4369  4376 I TLC_SERVER: COMM
01-14 19:07:25.921  3757  3757 I TZ_CCM_C_Finalize: : DEBUG_CONTAINER_PROBLEM Exercising TZ_CCM_C_Finalize_TLC
01-14 19:07:25.921  3757  3757 I TZ_CCM_C_Finalize: : There are connections; No C_Finalize for pInitArgs 0x7ff565ad40 
01-14 19:07:25.921  3757  3757 D UniversalCredentialManagerService: inside mBReciever onReceive : android.intent.action.USER_PRESENT
01-14 19:07:25.926  3757  7202 D SamsungAlarmManager: Cancel Alarm calling from uid:10014 pid :5918 / op:PendingIntent{4732d41: PendingIntentRecord{be0e38d com.google.android.gms broadcastIntent}}
01-14 19:07:25.926  3757 31270 D CoverManagerWhiteLists: isAllowedToUse : SIGNATURE_MATCH
01-14 19:07:25.927  3757 27286 E BatteryStatsService: modem info is invalid: ModemActivityInfo{ mTimestamp=0 mSleepTimeMs=0 mIdleTimeMs=0 mTxTimeMs[]=[0, 0, 0, 0, 0] mRxTimeMs=0 mEnergyUsed=0}
01-14 19:07:25.928  3757  7202 I SamsungAlarmManager: setLocked to kernel - T:3 / 19691231T191000, SetElapsed=-1546798741385, nowELAPSED=711504543
01-14 19:07:25.928  3757  4354 D SamsungAlarmManager: Expired : 8
01-14 19:07:25.931  3757  4354 I SamsungAlarmManager: setLocked to kernel - T:3 / 20190114T190730, SetElapsed=711508635, nowELAPSED=711504545
01-14 19:07:25.937  3757  3774 D CompatibilityInfo: mCompatibilityFlags - 0
01-14 19:07:25.937  3757  3774 D CompatibilityInfo: applicationDensity - 420
01-14 19:07:25.937  3757  3774 D CompatibilityInfo: applicationScale - 1.0
01-14 19:07:25.937  3757  4440 D ActivityManager: post active user change for 0 fullscreen true isHomeActivity() false
01-14 19:07:25.955 26491 26537 D UE4     : [2019.01.15-00.07.25:955][  0]LogAndroidEvents: Display: DequeueAppEvent : 9, 0
01-14 19:07:25.955 26491 26537 D UE4     : [2019.01.15-00.07.25:955][  0]LogAndroidEvents: Display: DequeueAppEvent : 7, 0
01-14 19:07:25.961 26491 26537 D UE4     : [2019.01.15-00.07.25:961][  0]LogTemp: Android resume audio
01-14 19:07:25.961 26491 26537 D UE4     : Registering volume receiver
01-14 19:07:25.962  3757  4332 I LightSensor: #>LightSensor r=35 g=17 b=18 c=41 atime=245 again=64 lux=15
01-14 19:07:25.970  3757  4354 V SamsungAlarmManager: Sending to uid : 1000 action=com.android.server.action.UPDATE_TWILIGHT_STATE alarm=Alarm{954c8be type 1 when 600000 android}
01-14 19:07:25.970  6011 27291 D NfcService: call the applyRouting
01-14 19:07:25.970  3757  4440 D KnoxTimeoutHandler: postActiveUserChange [MsgParam] userId: 0 fullscreen is true showWhenlocked is false isMutiwindowRecord is false multiwindowstyle is 0
01-14 19:07:25.975  3757  3771 D SdpManagerService: unlock :: Internal... 0
01-14 19:07:25.975  3757  3771 D SdpManagerService: SecureUnlock :: User : 0, Type : 1
01-14 19:07:25.975  3757  3771 D SdpManagerService: SecureUnlock :: Quality for user 0 = 65536
01-14 19:07:25.975  3757  3771 D SdpManagerService: SecureUnlock :: Low security level found...!!! 0
01-14 19:07:25.975  3757  3771 D SdpManagerService: unlock :: onDeviceUnLocked from TIMA 0
01-14 19:07:25.976  3757  2859 V WindowManager: Relayout Window{55f1f77d0 u0 com.GeekTechnique.InfinityStack/com.epicgames.ue4.GameActivity}: viewVisibility=0 req=1080x1920 WM.LayoutParams{(0,0)(fillxfill) sim=#110 ty=1 fl=#1810500 pfl=0x20000 fmt=1 wanim=0x1030001 vsysui=0x400 needsMenuKey=2 naviIconColor=0}
01-14 19:07:25.976  3757  3757 D AccessibilityManagerService: readMagniferWindowEnabledSettingLocked() magniferWindowEnabled = false/ userState.mIsMagniferWindowEnabled = false
01-14 19:07:25.976  3757  3757 D SSRM:a  : Light : 15 lux
01-14 19:07:25.977  3757  3757 I LightSensor: Light old sensor_state 531, new sensor_state : 19 en : 0
01-14 19:07:25.978  3757 29841 D WifiScanController: isNLPPackage:com.google.android.gms, true
01-14 19:07:25.978  3757  3771 D TimaService: TIMA3: FipsKeyStore3_init
01-14 19:07:25.978  3757  3771 D TimaService: TIMA: in getTimaVersion
01-14 19:07:25.978  3757  3771 D TimaService: TIMA: in getTimaStatus
01-14 19:07:25.978  3757  3771 D TimaService: TIMA: in getTimaStatus
01-14 19:07:25.978  3757  3771 I TLC_TZ_KEYSTORE: : TZ_KEYSTORE_fips_initialize
01-14 19:07:25.978  3757  3771 I TLC_TZ_KEYSTORE: : creating new keystore context...
01-14 19:07:25.978  3757  3771 I TLC_TZ_KEYSTORE: : initializing ccm context...
01-14 19:07:25.978  3757  3771 I TLC_TZ_KEYSTORE: : root = 0, root_strlen = 1
01-14 19:07:25.978  3757  3771 I TLC_TZ_KEYSTORE: : process = ffffffff000000000000000000000013, process_strlen = 32
01-14 19:07:25.978  3757  3771 I TZ: mc_tlc_communication: input max_sendmsg_size = 1080
01-14 19:07:25.978  3757  3771 I TZ: mc_tlc_communication: input max_recvmsg_size = 1080
01-14 19:07:25.978  3757  3771 I TZ: mc_tlc_communication: root = 0, root_len = 1
01-14 19:07:25.978  3757  3771 I TZ: mc_tlc_communication: process = ffffffff000000000000000000000013, process_strlen = 32
01-14 19:07:25.978  3757  3771 I TZ: mc_tlc_communication: aligned max_sendmsg_size = 1088
01-14 19:07:25.978  3757  3771 I TZ: mc_tlc_communication: aligned max_recvmsg_size = 1088
01-14 19:07:25.978  3757  3771 I TZ: mc_tlc_communication: device_id = 0x0
01-14 19:07:25.978  3757  3771 I TZ: mc_tlc_communication: tlc_open() was called
01-14 19:07:25.978  3757  3771 I TZ: mc_tlc_communication: Opening MobiCore device
01-14 19:07:25.978  3757  3771 I TZ: mc_tlc_communication: Allocating message buffer for TCI
01-14 19:07:25.979  3757  3771 I TZ: mc_tlc_communication: Opening the session
01-14 19:07:25.979  3757  4458 I WifiScanController: location is disabled
01-14 19:07:25.980  3757  4530 E WifiWatchdogStateMachine: Unhandled message { when=0 what=135229 target=com.android.internal.util.StateMachine$SmHandler } in state ValidNonSwitchableState
01-14 19:07:25.980  3757 31270 D AudioService: getStreamVolume 3 index 0
01-14 19:07:25.981 26491 26537 D UE4     : startVolumeReceiver: 0
01-14 19:07:25.981 26491 26537 D UE4     : nativeVolumeEvent(0)
01-14 19:07:25.981 17165 17165 I wpa_supplicant: wlan0: Setting scan request: 0 sec 0 usec
01-14 19:07:25.981 26491 26537 D UE4     : Registering battery receiver
01-14 19:07:25.981  3757  4550 D PowerManagerService: [PWL] sb release: PowerManagerService.Broadcasts
01-14 19:07:25.982 17165 17165 I wpa_supplicant: P2P: Current p2p state = IDLE
01-14 19:07:25.984 17165 17165 I wpa_supplicant: Scan requested (ret=0) - scan timeout 30 seconds
01-14 19:07:25.985  3757  3757 D SensorManager: unregisterListener ::   
01-14 19:07:25.985  3757  3757 D KnoxVpnEngineService: Vpn Receiver : android.intent.action.USER_PRESENT
01-14 19:07:25.985  3757  3757 D LightsService: [api] [SvcLED] turnOff:: id = 6 (uid: 1000 pid: 3757) 
01-14 19:07:25.985  3757  3757 D PowerManagerUtil: fileWriteString to /sys/power/wake_lock, LightsService
01-14 19:07:25.985  3757  3757 D LightsService: [SvcLED] setSvcLedStateLocked:: SvcLEDState : 0x0 -> 0x0 | SvcLED(id=6) set Off
01-14 19:07:25.985  3757  3757 I MdnieScenarioControlService: action  :  android.intent.action.USER_PRESENT
01-14 19:07:25.986 26491 26491 D ViewRootImpl@e972267[GameActivity]: Relayout returned: oldFrame=[0,0][1080,1920] newFrame=[0,0][1080,1920] result=0x1 surface={isValid=true -1026336768} surfaceGenerationChanged=false
01-14 19:07:25.987 26491 26491 D ViewRootImpl@e972267[GameActivity]: MSG_WINDOW_FOCUS_CHANGED 1
01-14 19:07:25.987  3757  3799 D LightsService: [SvcLED] handleForcedSvcLEDTask()
01-14 19:07:25.988  3757  3799 D LightsService: [SvcLED]  setSvcLedLightLocked :: Current SvcLED(id=5) maintains its priority right
01-14 19:07:25.988 26491 26491 D ViewRootImpl@e972267[GameActivity]: mHardwareRenderer.initializeIfNeeded()#2 mSurface={isValid=true -1026336768}
01-14 19:07:25.988  3757  3799 D PowerManagerUtil: fileWriteString to /sys/power/wake_unlock, LightsService
01-14 19:07:25.988 26491 26491 V threaded_app: WindowFocusChanged: 0xdb87bb40 -- 1
01-14 19:07:25.989 26491 26538 D UE4     : [2019.01.15-00.07.25:989][  0]LogAndroid: Case APP_CMD_GAINED_FOCUS
01-14 19:07:25.989 26491 26538 D UE4     : LogAndroidEvents: EnqueueAppEvent : 11, 0, tid = 26538
01-14 19:07:25.990  3757  4447 I KnoxVpnEngineService: vpn handle : Message received
01-14 19:07:25.991  3757  7203 D AudioService: getStreamVolume 3 index 0
01-14 19:07:25.996  3757  4486 D SamsungAlarmManager: setInexact Listener (T:2/F:8/AC:false) 20190114T190740 - CU:1000/CP:3757
01-14 19:07:25.996  3757  4486 I SamsungAlarmManager: setLocked to kernel - T:2 / 20190114T190740, SetElapsed=711519598, nowELAPSED=711504611
01-14 19:07:25.997 26491 26537 D UE4     : Registering headset receiver
01-14 19:07:25.998  4616  4616 D KeyguardUpdateMonitor: handleKeyguardStateUpdated(Bundle[{timeStamp=1547510845894, occluded=false, bouncerShowing=false, showing=false}])
01-14 19:07:25.999  3757 31270 D AudioService: getStreamVolume 3 index 0
01-14 19:07:25.999  4616  4616 D PhoneStatusBar: disable: < expand icons alerts system_info back home* recent* clock search* quick_settings >
01-14 19:07:25.999  4616  4616 D PhoneStatusBar: makeExpandedInvisible: mExpandedVisible=true mExpandedVisible=true
01-14 19:07:25.999  4616 27294 D KeyguardUpdateMonitor: broadcasted intent= Intent { act=com.samsung.keyguard.KEYGUARD_STATE_UPDATE launchParam=MultiScreenLaunchParams { mDisplayId=0 mFlags=0 } (has extras) }
01-14 19:07:26.005  4616  4616 D SwipeDoorsillDetector: reset()com.android.systemui.statusbar.phone.NotificationPanelView.resetViews:864 com.android.systemui.statusbar.phone.PanelBar.collapsePanel:173 com.android.systemui.statusbar.phone.PhoneStatusBar.makeExpandedInvisible:4151 com.android.systemui.statusbar.phone.PhoneStatusBarView$1.run:52 
01-14 19:07:26.005  4616  4616 D KeyguardCircleAffordanceView: setPreviewView: mRight=true,preview=null
01-14 19:07:26.008  3757  3771 I TZ: mc_tlc_communication: tlc_open() succeeded
01-14 19:07:26.008  3757  3771 I TLC_TZ_KEYSTORE: : ctx = 0x7824ff81c0, comm = 0x7824ff81a0, sendmsg = 0x7835fb0000, recvmsg = 0x7835fb0440
01-14 19:07:26.008  3757  3771 I TZ_init: : TZ_init: fips_init_TLC sending initialization request...
01-14 19:07:26.008  3757  3771 I TZ_init: : TZ_init: sending initialization request...
01-14 19:07:26.008  3757 29840 D CompatibilityInfo: mCompatibilityFlags - 0
01-14 19:07:26.008  3757 29840 D CompatibilityInfo: applicationDensity - 420
01-14 19:07:26.008  3757 29840 D CompatibilityInfo: applicationScale - 1.0
01-14 19:07:26.010  4616  4616 I StatusBarWindowManager: isExpanded:true, false, false, true, false, false
01-14 19:07:26.010  4616  4616 I StatusBarWindowManager: applyHeight:-1
01-14 19:07:26.010  4616  4616 I StatusBarWindowManager: isExpanded:true, false, false, true, false, false
01-14 19:07:26.010  4616  4616 I StatusBarWindowManager: applyHeight:-1
01-14 19:07:26.010  3757  3757 D MdnieScenarioControlService:  packageName : com.GeekTechnique.InfinityStack    className : com.epicgames.ue4.GameActivity
01-14 19:07:26.010  4616  4616 D PhoneStatusBar: disable: < expand icons alerts system_info back home recent clock search quick_settings >
01-14 19:07:26.010  3757  3757 D UniversalCredentialManagerService: ****MSG_LOCK_STATUS_UPDATE block started****
01-14 19:07:26.010  3757  3757 D UniversalCredentialManagerService: notifyChangeToPlugin is called for Lock status update...
01-14 19:07:26.010  3757  3757 D UcmService: notifyChangeToPlugin event 16
01-14 19:07:26.010  3757  3757 D UcmService: checkCallerPermissionFor is called for method-notifyChangeToPlugin
01-14 19:07:26.010  3757  3757 I UcmService: checkIfNotify for cs Name = com.samsung.ucs.agent.boot:com.samsung.ucs.agent.boot Package name = com.samsung.ucs.agent.boot
01-14 19:07:26.010  3757  3757 D UcmService: notifying to unmanaged plugin
01-14 19:07:26.011  4616  4616 D ViewRootImpl@151652b[StatusBar]: MSG_WINDOW_FOCUS_CHANGED 0
01-14 19:07:26.013  9678  9690 D BootAgentService: notifyChange eventId-16
01-14 19:07:26.014  3757  6272 D WindowManager: adjustSystemUiVisibilityLw : vis= 0x408
01-14 19:07:26.014  3757  3757 D UcmService: activeAgent com.samsung.ucs.agent.boot:com.samsung.ucs.agent.boot notify status - -1
01-14 19:07:26.014  3757  3757 D UcmService: activeAgent status--1
01-14 19:07:26.014  3757  3757 D UniversalCredentialManagerService: ****MSG_LOCK_STATUS_UPDATE block ended****
01-14 19:07:26.014  3757  3757 I PalmMotion: [PALM] SURFACE_MOTION_ENGINE: 1 SURFACE_PALM_TOUCH: 1
01-14 19:07:26.014  3757  3757 I PalmMotion: [PALM] SURFACE_PALM_SWIPE: 1
01-14 19:07:26.014  3757  3757 D PalmMotion: [PALM] SETTINGS : [TOUCH: true] [SWEEP: true]
01-14 19:07:26.015  3757  3757 D PalmMotion: [PALM] ACCEPTED : [noblelte] PALM_CNT : 3, M_TOUCH : 100.0, M_SWEEP : 65.0, E_SWEEP : 2.0, IGNORE_M_SWEEP : false
01-14 19:07:26.015  3757  3757 D KnoxTimeoutHandler: handleActiveUserChange [MsgParam] userId: 0 fullscreen is true showWhenlocked is false isMutiwindowRecord is false multiwindowstyle is 0
01-14 19:07:26.017  3757 10496 D ConnectivityService: filterNetworkStateForUid() uid: 10014 networkInfo: [type: WIFI[] - WIFI, state: CONNECTED/CONNECTED, reason: (unspecified), extra: "wilkinson2.4", failover: false, available: true, roaming: false, metered: false]
01-14 19:07:26.017  4561  4688 D BtGatt.GattService: onClientRegistered() - UUID=2295e567-00d2-4c33-9eb0-b023aa3ce15a, clientIf=4, status=0
01-14 19:07:26.019  3757  3757 I KnoxTimeoutHandler: Shared devices show user statefalse
01-14 19:07:26.019  4616  4616 I StatusBarWindowManager: isExpanded:true, false, false, false, false, false
01-14 19:07:26.019  4616  4616 I StatusBarWindowManager: applyHeight:63
01-14 19:07:26.020  4616  4616 D KeyguardWallpaperController: mShowing=false, mOccluded=false, mFadingAway=false, match_parent=true
01-14 19:07:26.020  4616  4616 D vol.SecVolumeDialog: mBroadcastReceiver : dismiss mLockScreenDialog()
01-14 19:07:26.020 11375 21665 D BluetoothLeScanner: onClientRegistered() - status=0 clientIf=4 mClientIf=0
01-14 19:07:26.022  4561  5146 D BtGatt.GattService: start scan with filters
01-14 19:07:26.023  4561  5146 D BtGatt.GattService: getScanSettings
01-14 19:07:26.025  4561  5146 D BtGatt.GattService: Is it foreground application = false
01-14 19:07:26.025  4561  5146 D BtGatt.GattService: Its a background application running with Low Power scan mode
01-14 19:07:26.027  4616  4838 D Tile.AirplaneModeTile: # of NON-poweroff( in servicestate) : 1
01-14 19:07:26.027  4616  4838 D Tile.AirplaneModeTile:  handleUpdateState:  value false  state.dim false
01-14 19:07:26.029 26491 26537 D UE4     : startHeadsetReceiver: 0
01-14 19:07:26.029 26491 26537 D UE4     : nativeHeadsetEvent(0)
01-14 19:07:26.029 26491 26537 D UE4     : [2019.01.15-00.07.26:029][  0]LogUdpMessaging: Initializing bridge on interface 0.0.0.0:0 to multicast group 230.0.0.1:6666.
01-14 19:07:26.032  4616  4616 I StatusBarWindowManager: isExpanded:true, false, false, false, false, false
01-14 19:07:26.032  4616  4616 I StatusBarWindowManager: applyHeight:63
01-14 19:07:26.032  3757  4469 D CompatibilityInfo: mCompatibilityFlags - 0
01-14 19:07:26.032  3757  4469 D CompatibilityInfo: applicationDensity - 420
01-14 19:07:26.032  3757  4469 D CompatibilityInfo: applicationScale - 1.0
01-14 19:07:26.034  4561  5184 E BtGatt.GattService: [GSIM LOG]: gsimLogHandler: android.uid.bcmgr, msg: MESSAGE_START_SCAN
01-14 19:07:26.035 26491 26491 D SEM_CLIP_SemClipboardManager: isCocktailBarDisplayed : false
01-14 19:07:26.035  3757  3771 I TZ_init: : TZ_init: successful initialization
01-14 19:07:26.035  3757  3771 I TLC_TZ_KEYSTORE: fips_self_test: : TZ_KEYSTORE_fips_self_test_START...
01-14 19:07:26.039  4561  5167 D BtGatt.ScanManager: handling starting scan
01-14 19:07:26.041  4561  5167 D BluetoothAdapter: STATE_ON
01-14 19:07:26.041  3757  3771 I TLC_TZ_KEYSTORE: fips_self_test: : TZ_KEYSTORE_fips_self_test_END...
01-14 19:07:26.041  3757  3771 E TLC_TZ_KEYSTORE: : Self Test Succeded
01-14 19:07:26.041  3757  3771 I TZ: mc_tlc_communication: tlc_close() was called
01-14 19:07:26.041  3757  3771 I TZ: mc_tlc_communication: Closing the session
01-14 19:07:26.042 26491 26491 V InputMethodManager: Starting input: tba=android.view.inputmethod.EditorInfo@20ad8ae nm : com.GeekTechnique.InfinityStack ic=null
01-14 19:07:26.042 26491 26491 I InputMethodManager: [IMM] startInputInner - mService.startInputOrWindowGainedFocus
01-14 19:07:26.042  3757  2859 D AudioService: getStreamVolume 3 index 0
01-14 19:07:26.043  3757 32084 D InputMethodManagerService: windowGainedFocus mCurrentFocusedUserId - 0 and mSecureKeypadEnabled-false
01-14 19:07:26.043  3757 32084 V InputMethodManagerService: windowGainedFocus: reason=WINDOW_FOCUS_GAIN client=android.os.BinderProxy@90999b4 inputContext=null missingMethods= attribute=android.view.inputmethod.EditorInfo@7d7ea5 nm = com.GeekTechnique.InfinityStack controlFlags=#105 softInputMode=#110 windowFlags=#1810500
01-14 19:07:26.043  3757 32084 V InputMethodManagerService: Unspecified window will hide input
01-14 19:07:26.043  3757 32084 D InputMethodManagerService: mDesktopModeManager null!
01-14 19:07:26.043  3757 32084 V InputMethodManagerService: hideCurrentInputLocked - !shouldHideSoftInput
01-14 19:07:26.045  3757 32084 D InputTransport: Input channel constructed: fd=573
01-14 19:07:26.045  3757 32084 D InputTransport: Input channel constructed: fd=574
01-14 19:07:26.046  3757 32084 D InputTransport: Input channel destroyed: fd=574
01-14 19:07:26.046  4561  5167 D BluetoothAdapter: STATE_ON
01-14 19:07:26.047  8465  8477 D InputTransport: Input channel constructed: fd=69
01-14 19:07:26.048  4561  5167 D BluetoothAdapter: STATE_ON
01-14 19:07:26.048 26491 26491 D UE4     : Battery: status = 2, rawlevel = 52, scale = 100
01-14 19:07:26.048 26491 26491 D UE4     : nativeBatteryEvent(stat = 2, lvl = 52  temp = 27.70 C)
01-14 19:07:26.048 26491 26491 D UE4     : headsetReceiver::onReceive
01-14 19:07:26.048 26491 26491 D UE4     : nativeHeadsetEvent(0)
01-14 19:07:26.048  4561  5167 D BluetoothAdapter: STATE_ON
01-14 19:07:26.049  3757  7203 D CompatibilityInfo: mCompatibilityFlags - 0
01-14 19:07:26.050  3757  7203 D CompatibilityInfo: applicationDensity - 420
01-14 19:07:26.050  3757  7203 D CompatibilityInfo: applicationScale - 1.0
01-14 19:07:26.051  4561  5167 D BluetoothAdapter: STATE_ON
01-14 19:07:26.051  4561  5167 D BluetoothAdapter: STATE_ON
01-14 19:07:26.051  3757  5901 D AudioService: getStreamVolume 3 index 0
01-14 19:07:26.053  3757  7202 V WindowManager: Relayout Window{8fc7025d0 u0 StatusBar}: viewVisibility=0 req=1080x63 WM.LayoutParams{(0,0)(fillx63) gr=#30 sim=#10 ty=2000 fl=#81840048 fmt=-3 vsysui=0x600 naviIconColor=0}
01-14 19:07:26.053  4561  4688 D BtGatt.GattService: onScanFilterEnableDisabled() - clientIf=4, status=0, action=1
01-14 19:07:26.053  4561  4688 D BtGatt.ScanManager: callback done for clientIf - 4 status - 0
01-14 19:07:26.056  3757 32085 D CompatibilityInfo: mCompatibilityFlags - 0
01-14 19:07:26.056  3757 32085 D CompatibilityInfo: applicationDensity - 420
01-14 19:07:26.056  3757 32085 D CompatibilityInfo: applicationScale - 1.0
01-14 19:07:26.056  4561  5167 D BtGatt.ScanManager: set filter index= 27 for clientIf= 4
01-14 19:07:26.056  4561  5167 D BtGatt.ScanManager: addFilterToController: 5
01-14 19:07:26.058  4561  4688 D BtGatt.GattService: onScanFilterConfig() - clientIf=4, action = 0 status = 0, filterType=5, availableSpace=47
01-14 19:07:26.058  4561  4688 D BtGatt.ScanManager: callback done for clientIf - 4 status - 0
01-14 19:07:26.058 26491 26537 D UE4     : [2019.01.15-00.07.26:058][  0]LogTcpMessaging: Initializing TcpMessaging bridge, listening on 127.0.0.1:6666
01-14 19:07:26.058  4561  5167 D BtGatt.ScanManager: High Rssi Filter value is = -128
01-14 19:07:26.058  4561  5167 D BtGatt.ScanManager: Low Rssi Filter value is = -128
01-14 19:07:26.058  4561  5167 D BtGatt.ScanManager: configureFilterParamter 500 10000 1 0scanFilterRssiThreshold = -128trackableScanFilterRssiThreshold = -128matchmode is =1
01-14 19:07:26.060  4561  4688 D BtGatt.GattService: onScanFilterParamsConfigured() - clientIf=4, status=0, action=0, availableSpace=31
01-14 19:07:26.060  4561  4688 D BtGatt.ScanManager: callback done for clientIf - 4 status - 0
01-14 19:07:26.061  3268  5563 D bauth_FPBAuthService: pcf : 0x1011
01-14 19:07:26.061  3268  5563 I TLC_BAUTH: Call FP cmd 0xc (30);1557
01-14 19:07:26.062  3757 32083 D AudioService: getStreamVolume 3 index 0
01-14 19:07:26.062  3268  5563 I tlc_communication: Send Trustlet TCI Message;214
01-14 19:07:26.062  3268  5563 I tlc_communication: mcNotify is completed;224
01-14 19:07:26.063  4561  5167 D BtGatt.ScanManager: set filter index= 23 for clientIf= 4
01-14 19:07:26.063  4561  5167 D BtGatt.ScanManager: addFilterToController: 5
01-14 19:07:26.064  3757  7206 D AudioService: getStreamVolume 3 index 0
01-14 19:07:26.064  4561  4688 D BtGatt.GattService: onScanFilterConfig() - clientIf=4, action = 0 status = 0, filterType=5, availableSpace=46
01-14 19:07:26.064  4561  4688 D BtGatt.ScanManager: callback done for clientIf - 4 status - 0
01-14 19:07:26.065  4561  5167 D BtGatt.ScanManager: High Rssi Filter value is = -128
01-14 19:07:26.065  4561  5167 D BtGatt.ScanManager: Low Rssi Filter value is = -128
01-14 19:07:26.065  4561  5167 D BtGatt.ScanManager: configureFilterParamter 500 10000 1 0scanFilterRssiThreshold = -128trackableScanFilterRssiThreshold = -128matchmode is =1
01-14 19:07:26.067 26491 26537 D UE4     : Execution has been resumed!
01-14 19:07:26.067  4561  4688 D BtGatt.GattService: onScanFilterParamsConfigured() - clientIf=4, status=0, action=0, availableSpace=30
01-14 19:07:26.067 26491 26537 D UE4     : [2019.01.15-00.07.26:067][  0]LogAndroidEvents: Display: DequeueAppEvent : 11, 0
01-14 19:07:26.067  4561  4688 D BtGatt.ScanManager: callback done for clientIf - 4 status - 0
01-14 19:07:26.068  4561  5167 D BtGatt.ScanManager: set filter index= 25 for clientIf= 4
01-14 19:07:26.068  4561  5167 D BtGatt.ScanManager: addFilterToController: 5
01-14 19:07:26.069  4561  4688 D BtGatt.GattService: onScanFilterConfig() - clientIf=4, action = 0 status = 0, filterType=5, availableSpace=45
01-14 19:07:26.069  4561  4688 D BtGatt.ScanManager: callback done for clientIf - 4 status - 0
01-14 19:07:26.069  4561  5167 D BtGatt.ScanManager: High Rssi Filter value is = -128
01-14 19:07:26.069  4561  5167 D BtGatt.ScanManager: Low Rssi Filter value is = -128
01-14 19:07:26.069  4561  5167 D BtGatt.ScanManager: configureFilterParamter 500 10000 1 0scanFilterRssiThreshold = -128trackableScanFilterRssiThreshold = -128matchmode is =1
01-14 19:07:26.073  4561  4688 D BtGatt.GattService: onScanFilterParamsConfigured() - clientIf=4, status=0, action=0, availableSpace=29
01-14 19:07:26.073  4561  4688 D BtGatt.ScanManager: callback done for clientIf - 4 status - 0
01-14 19:07:26.073  4561  5167 D BtGatt.ScanManager: set filter index= 7 for clientIf= 4
01-14 19:07:26.073  4561  5167 D BtGatt.ScanManager: addFilterToController: 5
01-14 19:07:26.075  3757  6272 D InputTransport: Input channel constructed: fd=541
01-14 19:07:26.075  3757  6272 D InputTransport: Input channel destroyed: fd=541
01-14 19:07:26.075  4561  4688 D BtGatt.GattService: onScanFilterConfig() - clientIf=4, action = 0 status = 0, filterType=5, availableSpace=44
01-14 19:07:26.075  4561  4688 D BtGatt.ScanManager: callback done for clientIf - 4 status - 0
01-14 19:07:26.076  4561  5167 D BtGatt.ScanManager: High Rssi Filter value is = -128
01-14 19:07:26.076  4561  5167 D BtGatt.ScanManager: Low Rssi Filter value is = -128
01-14 19:07:26.076  4561  5167 D BtGatt.ScanManager: configureFilterParamter 500 10000 1 0scanFilterRssiThreshold = -128trackableScanFilterRssiThreshold = -128matchmode is =1
01-14 19:07:26.078 26491 26491 D ViewRootImpl@e972267[GameActivity]: MSG_RESIZED: ci=Rect(0, 0 - 0, 0) vi=Rect(0, 0 - 0, 0) or=1
01-14 19:07:26.080  4561  4688 D BtGatt.GattService: onScanFilterParamsConfigured() - clientIf=4, status=0, action=0, availableSpace=28
01-14 19:07:26.080  3757  3771 I TZ: mc_tlc_communication: Freeing message buffer
01-14 19:07:26.080  4561  4688 D BtGatt.ScanManager: callback done for clientIf - 4 status - 0
01-14 19:07:26.080  3757  3771 I TZ: mc_tlc_communication: Closing MobiCore device
01-14 19:07:26.080  3757  3771 I TZ: mc_tlc_communication: tlc_close() succeeded
01-14 19:07:26.080  4561  5167 D BtGatt.ScanManager: configureRegularScanParams() - queue=1
01-14 19:07:26.080  3757  3771 E TLC_TZ_KEYSTORE: : Count : 1, Ret : 0
01-14 19:07:26.080  4561  5167 I BtGatt.ScanManager: custom scan scanMode = 100
01-14 19:07:26.080  4561  5167 I BtGatt.ScanManager: New scan mode custom scan scanInterval = 3120scanWindow = 160
01-14 19:07:26.080  4561  5167 E BtGatt.ScanManager: default value of curScanSetting 0 is choosen
01-14 19:07:26.080  4561  5167 I BtGatt.ScanManager: newScanMode = 5newcurScanSetting = 0
01-14 19:07:26.080  4561  5167 I BtGatt.ScanManager: comparing = 5 with = 0
01-14 19:07:26.080  4561  5167 D BtGatt.ScanManager: configureRegularScanParams() - ScanSetting Scan mode=100 mLastConfiguredScanSetting=-2147483648
01-14 19:07:26.080  4561  5167 D BtGatt.ScanManager: configureRegularScanParams - scanInterval = 4992configureRegularScanParams - scanWindow = 256
01-14 19:07:26.081  3757  3771 E         : TimaKeyStore: tima_check_tzdriver success : 0
01-14 19:07:26.081  3757  3771 D TimaHelper: checkTimaStatus() - Version FIPS3.0, Status0, Validation : true
01-14 19:07:26.082  4561  4688 D BtGatt.GattService: onScanParamSetupCompleted() status=0, clientIf=4
01-14 19:07:26.082  4561  4688 D BtGatt.GattService: onScanParamSetupCompleted : 0
01-14 19:07:26.084  3757 31270 D CompatibilityInfo: mCompatibilityFlags - 0
01-14 19:07:26.084  3757 31270 D CompatibilityInfo: applicationDensity - 420
01-14 19:07:26.084  3757 31270 D CompatibilityInfo: applicationScale - 1.0
01-14 19:07:26.086 26491 26504 D InputTransport: Input channel constructed: fd=91
01-14 19:07:26.086  3757 29841 D ConnectivityService: filterNetworkStateForUid() uid: 10014 networkInfo: [type: WIFI[] - WIFI, state: CONNECTED/CONNECTED, reason: (unspecified), extra: "wilkinson2.4", failover: false, available: true, roaming: false, metered: false]
01-14 19:07:26.087  3757  4458 D WifiHAL : Setting APF program, halHandle = 0x7824116560
01-14 19:07:26.087  3757  4458 I WifiHAL : 
01-14 19:07:26.087  3757  4458 I WifiHAL : createRequest: APF set program request
01-14 19:07:26.088 26491 26491 V InputMethodManager: Starting input: tba=android.view.inputmethod.EditorInfo@137764f nm : com.GeekTechnique.InfinityStack ic=null
01-14 19:07:26.088  3757  3771 D TimaService: TIMA3: FipsKeyStore3_init
01-14 19:07:26.088  3757  3771 D TimaService: TIMA: in getTimaVersion
01-14 19:07:26.088  3757  3771 D TimaService: TIMA: in getTimaStatus
01-14 19:07:26.088  3757  3771 D TimaService: TIMA: in getTimaStatus
01-14 19:07:26.088  3757  3771 I TLC_TZ_KEYSTORE: : TZ_KEYSTORE_fips_initialize
01-14 19:07:26.088  3757  4458 I WifiHAL : Done!
01-14 19:07:26.088  3757  3771 I TLC_TZ_KEYSTORE: : creating new keystore context...
01-14 19:07:26.088  3757  3771 I TLC_TZ_KEYSTORE: : initializing ccm context...
01-14 19:07:26.088  3757  3771 I TLC_TZ_KEYSTORE: : root = 0, root_strlen = 1
01-14 19:07:26.088  3757  3771 I TLC_TZ_KEYSTORE: : process = ffffffff000000000000000000000013, process_strlen = 32
01-14 19:07:26.088  3757  3771 I TZ: mc_tlc_communication: input max_sendmsg_size = 1080
01-14 19:07:26.088  3757  3771 I TZ: mc_tlc_communication: input max_recvmsg_size = 1080
01-14 19:07:26.088  3757  3771 I TZ: mc_tlc_communication: root = 0, root_len = 1
01-14 19:07:26.088  3757  3771 I TZ: mc_tlc_communication: process = ffffffff000000000000000000000013, process_strlen = 32
01-14 19:07:26.088  3757  3771 I TZ: mc_tlc_communication: aligned max_sendmsg_size = 1088
01-14 19:07:26.088  3757  3771 I TZ: mc_tlc_communication: aligned max_recvmsg_size = 1088
01-14 19:07:26.088  3757  3771 I TZ: mc_tlc_communication: device_id = 0x0
01-14 19:07:26.088  3757  3771 I TZ: mc_tlc_communication: tlc_open() was called
01-14 19:07:26.088  3757  3771 I TZ: mc_tlc_communication: Opening MobiCore device
01-14 19:07:26.089  3757  3771 I TZ: mc_tlc_communication: Allocating message buffer for TCI
01-14 19:07:26.089  3757  3771 I TZ: mc_tlc_communication: Opening the session
01-14 19:07:26.091  3757 27286 I BarTender:BatteryStatsDumper: writing to daily db completed
01-14 19:07:26.091  4616  4616 D ViewRootImpl@151652b[StatusBar]: Relayout returned: oldFrame=[0,0][1080,1920] newFrame=[0,0][1080,63] result=0x21 surface={isValid=true 516923179520} surfaceGenerationChanged=false
01-14 19:07:26.092  3757  5902 D PackageManager: setEnabledSetting : userId = 0 packageName = com.android.settings cmp = com.samsung.android.settings.qstile.PersonalModeTile newState = 1 callingPackage = 1000
01-14 19:07:26.094 26491 26537 D UE4     : [2019.01.15-00.07.26:094][  0]LogAndroid: Mobile HDR: YES
01-14 19:07:26.094 26491 26537 D UE4     : [2019.01.15-00.07.26:094][  0]LogAndroid: Setting Width=720 and Height=1280 (requested scale = 1.000000)
01-14 19:07:26.099  3757 27286 I BarTender:BatteryStatsDumper: writing to weekly db completed
01-14 19:07:26.100  3757 27286 I BarTender:BatteryStatsDumper: refreshstats completed
01-14 19:07:26.100  3757 27286 I BarTender:GATHERERBATTSTATS: set - time:1547510846100
01-14 19:07:26.100  3757 27286 I BarTender:ANALYZERBATTSTATS: Observer from Gatherer - time:1547510846100
01-14 19:07:26.101  3757  4355 I BarTender:ANALYZERBATTSTATS: MSG_TYPE_BARTENDER_CHECK_POWER::
01-14 19:07:26.101  3757  4355 I BarTender:BatteryStatsDBHelper: checkForPowerThreshold called : 1547510846100
01-14 19:07:26.115  3268  5563 I tlc_communication: mcWaitNotification is completed;237
01-14 19:07:26.115  3268  5563 I TLC_BAUTH: Check the Trustlet return code is completed;1665
01-14 19:07:26.115  4616  4748 D mali_winsys: EGLint new_window_surface(egl_winsys_display*, void*, EGLSurface, EGLConfig, egl_winsys_surface**, egl_color_buffer_format*, EGLBoolean) returns 0x3000,  [1080x63]-format:1
01-14 19:07:26.115  3268  5563 D bauth_FPBAuthService: check_opcode status = 5, opcode = 0, func_ret_val = 0, function_status = 0, timeout = 0
01-14 19:07:26.115  3268  5563 I TLC_BAUTH: Call FUNC ID 0x4;693
01-14 19:07:26.115  4616  4616 D ViewRootImpl@151652b[StatusBar]: mHardwareRenderer.updateSurface() mSurface={isValid=true 516923179520}
01-14 19:07:26.116  4616  4616 D KeyguardWallpaperController: onLayoutChange() v: com.android.systemui.statusbar.BackDropView{669de9 I.E...... ......ID 0,0-1080,63 #7f130417 app:id/backdrop}, bottom : 63, oldBottom : 1920
01-14 19:07:26.116  4616  4616 D KeyguardWallpaperController: mShowing=false, mOccluded=false, mFadingAway=false, match_parent=false
01-14 19:07:26.121  4616  4616 D InputTransport: Input channel destroyed: fd=122
01-14 19:07:26.122  4616  4616 V hong    : mid yDiff = 382
01-14 19:07:26.122  4616  4616 V hong    : mid yDiff = 382
01-14 19:07:26.132  3757  3771 I TZ: mc_tlc_communication: tlc_open() succeeded
01-14 19:07:26.132  3757  3771 I TLC_TZ_KEYSTORE: : ctx = 0x7824ff81c0, comm = 0x7824ff81a0, sendmsg = 0x7835fb0000, recvmsg = 0x7835fb0440
01-14 19:07:26.132  3757  3771 I TZ_init: : TZ_init: fips_init_TLC sending initialization request...
01-14 19:07:26.132  3757  3771 I TZ_init: : TZ_init: sending initialization request...
01-14 19:07:26.140  3268  5563 I tlc_communication: tlc_close() called;149
01-14 19:07:26.140  3268  5563 I tlc_communication: Closing the session;153
01-14 19:07:26.147 26491 27292 I         : Increase max job count 60
01-14 19:07:26.151  3757 29839 D CompatibilityInfo: mCompatibilityFlags - 0
01-14 19:07:26.151  3757 29839 D CompatibilityInfo: applicationDensity - 420
01-14 19:07:26.151  3757 29839 D CompatibilityInfo: applicationScale - 1.0
01-14 19:07:26.158  3757  7203 D SamsungAlarmManager: setInexact Intent (T:3/F:0/AC:false) 20190114T190741 - CU:10014/CP:7370
01-14 19:07:26.159  3757  7203 I SamsungAlarmManager: setLocked to kernel - T:2 / 20190114T190741, SetElapsed=711519711, nowELAPSED=711504774
01-14 19:07:26.166  3757  4482 W BroadcastQueue: Permission Denial: broadcasting Intent { act=android.intent.action.USER_PRESENT flg=0x24000010 launchParam=MultiScreenLaunchParams { mDisplayId=0 mFlags=0 } } from com.android.systemui (pid=4616, uid=10055) is not exported from uid 10142 due to receiver com.telecomsys.directedsms.android.SCG/.UserPresentReceiver
01-14 19:07:26.186  3268  5563 I tlc_communication: Free WSM;171
01-14 19:07:26.186  3268  5563 I tlc_communication: Closing MobiCore device;189
01-14 19:07:26.189  3757  3771 I TZ_init: : TZ_init: successful initialization
01-14 19:07:26.190  3757  3771 I TLC_TZ_KEYSTORE: fips_self_test: : TZ_KEYSTORE_fips_self_test_START...
01-14 19:07:26.191  3757  3774 D CompatibilityInfo: mCompatibilityFlags - 0
01-14 19:07:26.191  3757  3774 D CompatibilityInfo: applicationDensity - 420
01-14 19:07:26.191  3757  3774 D CompatibilityInfo: applicationScale - 1.0
01-14 19:07:26.193  3757  3771 I TLC_TZ_KEYSTORE: fips_self_test: : TZ_KEYSTORE_fips_self_test_END...
01-14 19:07:26.194  3757  7205 D AudioService: getStreamVolume 3 index 0
01-14 19:07:26.194  3757  3771 E TLC_TZ_KEYSTORE: : Self Test Succeded
01-14 19:07:26.194  3757  3771 I TZ: mc_tlc_communication: tlc_close() was called
01-14 19:07:26.194  3757  3771 I TZ: mc_tlc_communication: Closing the session
01-14 19:07:26.200  3757  7206 D AudioService: getStreamVolume 3 index 0
01-14 19:07:26.218  3757  3771 I TZ: mc_tlc_communication: Freeing message buffer
01-14 19:07:26.218  3757  3771 I TZ: mc_tlc_communication: Closing MobiCore device
01-14 19:07:26.218  3268  5563 I tlc_communication: tlc_close() successed;202
01-14 19:07:26.218  3757  3771 I TZ: mc_tlc_communication: tlc_close() succeeded
01-14 19:07:26.218  3757  3771 E TLC_TZ_KEYSTORE: : Count : 1, Ret : 0
01-14 19:07:26.218  3757  3771 E         : TimaKeyStore: tima_check_tzdriver success : 0
01-14 19:07:26.218  3268  5563 I TLC_BAUTH: FUNC ID 0x4 is completed;823
01-14 19:07:26.219  3268  5563 D bauth_FPBAuthSensorControl: FPBAuthSensorControl, 304
01-14 19:07:26.219  3268  5563 D bauth_FPBAuthService: FPBAuthService, 681
01-14 19:07:26.219  3268  5563 D bauth_FPBAuthService: FPBAuthService, 7470
01-14 19:07:26.219  3268  5563 D bauth_service: BAuthService, 85
01-14 19:07:26.219  3268  5563 D bauth_FPBAuthService: FPBAuthService, 7265
01-14 19:07:26.220  3757  3771 I FipsTimaKeyStore: CCM is available on this device
01-14 19:07:26.223  3757  4440 D ConnectivityService: filterNetworkStateForUid() uid: 10227 networkInfo: [type: WIFI[] - WIFI, state: CONNECTED/CONNECTED, reason: (unspecified), extra: "wilkinson2.4", failover: false, available: true, roaming: false, metered: false]
01-14 19:07:26.232  3757  3757 D SamsungAlarmManager: Cancel Alarm calling from uid:1000 pid :3757 / op:PendingIntent{595b34: PendingIntentRecord{33bba74 android broadcastIntent}}
01-14 19:07:26.235  3757  3757 D SamsungAlarmManager: setExact Intent (T:1/F:9/AC:false) 19691231T191000 - CU:1000/CP:3757
01-14 19:07:26.235  3757  3757 I SamsungAlarmManager: setLocked to kernel - T:3 / 20190114T190727, SetElapsed=711505847, nowELAPSED=711504850
01-14 19:07:26.242  3757  4482 D AudioService: getStreamVolume 3 index 0
01-14 19:07:26.247  3757  3771 I FipsTimaKeyStore: CCM is enabled for this user
01-14 19:07:26.247  3757  3771 I FipsTimaKeyStore: in getPkcs11KeyStoreInstance
01-14 19:07:26.248  3757  3771 W FipsTimaKeyStore: getSlotIdForCaller returned : 0
01-14 19:07:26.249  3757  3771 D OpenSSLHelper_Pkcs11: OpenSSLEngineHelper- constructor
01-14 19:07:26.249  3757  3771 D OpenSSLHelper_Pkcs11: register_engine function
01-14 19:07:26.249  3757  3771 D [OPENSSL HELPER NATIVE secpkcs11]: registerSSLEngineKeychain registerSSLEngineKeychain is called...
01-14 19:07:26.249  3757  3771 D [SECPKCS11 ENGINE]: a matching Secpkcs11Engine was already initialized: slotId = 0
01-14 19:07:26.249  3757  3771 E OpenSSLHelper_Pkcs11: register_engine success
01-14 19:07:26.249  3757  3771 I FipsTimaKeyStore: successfully added pkcs11 provider to the provider list
01-14 19:07:26.249  3757  3771 D TimaService: TIMA3: FipsKeyStore3_exist
01-14 19:07:26.249  3757  3771 D TimaService: TIMA: in getTimaVersion
01-14 19:07:26.249  3757  3771 D TimaService: TIMA: in getTimaStatus
01-14 19:07:26.249  3757  3771 D TimaService: TIMA: in getTimaStatus
01-14 19:07:26.249  3757  3771 I         : TimaKeyStore: tima_KeyStore3_exist_JNI
01-14 19:07:26.249  3757  3771 I         : TimaKeyStore: callingUid is 1000
01-14 19:07:26.249  3757  3771 E TLC_TZ_KEYSTORE: : Inside TZ_KEYSTORE_encrypt_filename()
01-14 19:07:26.249  3757  3771 I TLC_TZ_KEYSTORE: : creating new keystore context...
01-14 19:07:26.249  3757  3771 I TLC_TZ_KEYSTORE: : initializing ccm context...
01-14 19:07:26.249  3757  3771 I TLC_TZ_KEYSTORE: : root = 0, root_strlen = 1
01-14 19:07:26.249  3757  3771 I TLC_TZ_KEYSTORE: : process = ffffffff000000000000000000000013, process_strlen = 32
01-14 19:07:26.249  3757  3771 I TZ: mc_tlc_communication: input max_sendmsg_size = 1080
01-14 19:07:26.249  3757  3771 I TZ: mc_tlc_communication: input max_recvmsg_size = 1080
01-14 19:07:26.249  3757  3771 I TZ: mc_tlc_communication: root = 0, root_len = 1
01-14 19:07:26.249  3757  3771 I TZ: mc_tlc_communication: process = ffffffff000000000000000000000013, process_strlen = 32
01-14 19:07:26.249  3757  3771 I TZ: mc_tlc_communication: aligned max_sendmsg_size = 1088
01-14 19:07:26.249  3757  3771 I TZ: mc_tlc_communication: aligned max_recvmsg_size = 1088
01-14 19:07:26.249  3757  3771 I TZ: mc_tlc_communication: device_id = 0x0
01-14 19:07:26.249  3757  3771 I TZ: mc_tlc_communication: tlc_open() was called
01-14 19:07:26.249  3757  3771 I TZ: mc_tlc_communication: Opening MobiCore device
01-14 19:07:26.249  3757  3771 I TZ: mc_tlc_communication: Allocating message buffer for TCI
01-14 19:07:26.249  3757  3771 I TZ: mc_tlc_communication: Opening the session
01-14 19:07:26.253  3757  7201 D AudioService: getStreamVolume 3 index 0
01-14 19:07:26.263  3757 32083 D AudioService: getStreamVolume 3 index 0
01-14 19:07:26.265  3757  3771 I TZ: mc_tlc_communication: tlc_open() succeeded
01-14 19:07:26.265  3757  3771 I TLC_TZ_KEYSTORE: : ctx = 0x7824ff81c0, comm = 0x7824ff84e0, sendmsg = 0x7835fb0000, recvmsg = 0x7835fb0440
01-14 19:07:26.265  3757  3771 I TLC_TZ_COMMON: get_filename: : TZ_COMMON: Get_filename - allow_hashing: 0
01-14 19:07:26.265  3757  3771 I TLC_TZ_COMMON: get_filename: : TZ GetFN : priv_data.in_filename: 1000_KS_SKEY_PersonaPwdResetToken0, len: 34
01-14 19:07:26.265  3757  3771 I TLC_TZ_COMMON: get_filename: : TZ CCM : priv_data.in_fn_len: 34
01-14 19:07:26.265  3757  3771 I TLC_TZ_COMMON: get_filename: : TZ GetFN : Starting
01-14 19:07:26.265  3757 29840 D AudioService: getStreamVolume 3 index 0
01-14 19:07:26.274  3757  3771 I TLC_TZ_COMMON: get_filename: : TZ GetFN : enc filename: 5CF8B0DBD8AB339AFE36575F7DE1A5881144C61E21FA5EC7B0CC0D466C592214EE1DC4C33206AD7D985A1765D9F169D45DC50C534953DDD76CB81EA7E38BA310
01-14 19:07:26.274  3757  3771 I TZ: mc_tlc_communication: tlc_close() was called
01-14 19:07:26.274  3757  3771 I TZ: mc_tlc_communication: Closing the session
01-14 19:07:26.292  3757  3771 I TZ: mc_tlc_communication: Freeing message buffer
01-14 19:07:26.292  3757  3771 I TZ: mc_tlc_communication: Closing MobiCore device
01-14 19:07:26.292  3757  3771 I TZ: mc_tlc_communication: tlc_close() succeeded
01-14 19:07:26.292  3757  3771 E TLC_TZ_KEYSTORE: : Count : 1, Ret : 0
01-14 19:07:26.292  3757  3771 I         : TimaKeyStore: encryptFilename : filename is: 5CF8B0DBD8AB339AFE36575F7DE1A5881144C61E21FA5EC7B0CC0D466C592214EE1DC4C33206AD7D985A1765D9F169D45DC50C534953DDD76CB81EA7E38BA310
01-14 19:07:26.292  3757  3771 I         : TimaKeyStore: /data/misc/fips_tima_keystore/user_0/5CF8B0DBD8AB339AFE36575F7DE1A5881144C61E21FA5EC7B0CC0D466C592214EE1DC4C33206AD7D985A1765D9F169D45DC50C534953DDD76CB81EA7E38BA310 exists
01-14 19:07:26.292  3757  3771 D TimaService: TIMA3: FipsKeyStore3_exist
01-14 19:07:26.292  3757  3771 D TimaService: TIMA: in getTimaVersion
01-14 19:07:26.292  3757  3771 D TimaService: TIMA: in getTimaStatus
01-14 19:07:26.292  3757  3771 D TimaService: TIMA: in getTimaStatus
01-14 19:07:26.292  3757  3771 I         : TimaKeyStore: tima_KeyStore3_exist_JNI
01-14 19:07:26.292  3757  3771 I         : TimaKeyStore: callingUid is 1000
01-14 19:07:26.292  3757  3771 E TLC_TZ_KEYSTORE: : Inside TZ_KEYSTORE_encrypt_filename()
01-14 19:07:26.292  3757  3771 I TLC_TZ_KEYSTORE: : creating new keystore context...
01-14 19:07:26.292  3757  3771 I TLC_TZ_KEYSTORE: : initializing ccm context...
01-14 19:07:26.292  3757  3771 I TLC_TZ_KEYSTORE: : root = 0, root_strlen = 1
01-14 19:07:26.292  3757  3771 I TLC_TZ_KEYSTORE: : process = ffffffff000000000000000000000013, process_strlen = 32
01-14 19:07:26.292  3757  3771 I TZ: mc_tlc_communication: input max_sendmsg_size = 1080
01-14 19:07:26.292  3757  3771 I TZ: mc_tlc_communication: input max_recvmsg_size = 1080
01-14 19:07:26.292  3757  3771 I TZ: mc_tlc_communication: root = 0, root_len = 1
01-14 19:07:26.292  3757  3771 I TZ: mc_tlc_communication: process = ffffffff000000000000000000000013, process_strlen = 32
01-14 19:07:26.292  3757  3771 I TZ: mc_tlc_communication: aligned max_sendmsg_size = 1088
01-14 19:07:26.292  3757  3771 I TZ: mc_tlc_communication: aligned max_recvmsg_size = 1088
01-14 19:07:26.292  3757  3771 I TZ: mc_tlc_communication: device_id = 0x0
01-14 19:07:26.292  3757  3771 I TZ: mc_tlc_communication: tlc_open() was called
01-14 19:07:26.292  3757  3771 I TZ: mc_tlc_communication: Opening MobiCore device
01-14 19:07:26.292  3757  3771 I TZ: mc_tlc_communication: Allocating message buffer for TCI
01-14 19:07:26.293  3757  3771 I TZ: mc_tlc_communication: Opening the session
01-14 19:07:26.307  3757  3771 I TZ: mc_tlc_communication: tlc_open() succeeded
01-14 19:07:26.307  3757  3771 I TLC_TZ_KEYSTORE: : ctx = 0x7824ff81c0, comm = 0x7824ff84e0, sendmsg = 0x7835fb0000, recvmsg = 0x7835fb0440
01-14 19:07:26.307  3757  3771 I TLC_TZ_COMMON: get_filename: : TZ_COMMON: Get_filename - allow_hashing: 0
01-14 19:07:26.307  3757  3771 I TLC_TZ_COMMON: get_filename: : TZ GetFN : priv_data.in_filename: 1000_KS_SKEY_PersonaPwdResetToken0, len: 34
01-14 19:07:26.307  3757  3771 I TLC_TZ_COMMON: get_filename: : TZ CCM : priv_data.in_fn_len: 34
01-14 19:07:26.307  3757  3771 I TLC_TZ_COMMON: get_filename: : TZ GetFN : Starting
01-14 19:07:26.315  3757  3771 I TLC_TZ_COMMON: get_filename: : TZ GetFN : enc filename: 5CF8B0DBD8AB339AFE36575F7DE1A5881144C61E21FA5EC7B0CC0D466C592214EE1DC4C33206AD7D985A1765D9F169D45DC50C534953DDD76CB81EA7E38BA310
01-14 19:07:26.315  3757  3771 I TZ: mc_tlc_communication: tlc_close() was called
01-14 19:07:26.315  3757  3771 I TZ: mc_tlc_communication: Closing the session
01-14 19:07:26.332  3757  3771 I TZ: mc_tlc_communication: Freeing message buffer
01-14 19:07:26.332  3757  3771 I TZ: mc_tlc_communication: Closing MobiCore device
01-14 19:07:26.332  3757  3771 I TZ: mc_tlc_communication: tlc_close() succeeded
01-14 19:07:26.332  3757  3771 E TLC_TZ_KEYSTORE: : Count : 1, Ret : 0
01-14 19:07:26.332  3757  3771 I         : TimaKeyStore: encryptFilename : filename is: 5CF8B0DBD8AB339AFE36575F7DE1A5881144C61E21FA5EC7B0CC0D466C592214EE1DC4C33206AD7D985A1765D9F169D45DC50C534953DDD76CB81EA7E38BA310
01-14 19:07:26.332  3757  3771 I         : TimaKeyStore: /data/misc/fips_tima_keystore/user_0/5CF8B0DBD8AB339AFE36575F7DE1A5881144C61E21FA5EC7B0CC0D466C592214EE1DC4C33206AD7D985A1765D9F169D45DC50C534953DDD76CB81EA7E38BA310 exists
01-14 19:07:26.334  3757  3771 D FipsTimaKeyStore: isAliasAcessPermitted - getSlotIdForCaller returned : -1
01-14 19:07:26.334  3757  3771 D TimaService: TIMA3: FipsKeyStore3_exist
01-14 19:07:26.334  3757  3771 D TimaService: TIMA: in getTimaVersion
01-14 19:07:26.334  3757  3771 D TimaService: TIMA: in getTimaStatus
01-14 19:07:26.334  3757  3771 D TimaService: TIMA: in getTimaStatus
01-14 19:07:26.334  3757  3771 I         : TimaKeyStore: tima_KeyStore3_exist_JNI
01-14 19:07:26.334  3757  3771 I         : TimaKeyStore: callingUid is 1000
01-14 19:07:26.334  3757  3771 E TLC_TZ_KEYSTORE: : Inside TZ_KEYSTORE_encrypt_filename()
01-14 19:07:26.334  3757  3771 I TLC_TZ_KEYSTORE: : creating new keystore context...
01-14 19:07:26.334  3757  3771 I TLC_TZ_KEYSTORE: : initializing ccm context...
01-14 19:07:26.334  3757  3771 I TLC_TZ_KEYSTORE: : root = 0, root_strlen = 1
01-14 19:07:26.334  3757  3771 I TLC_TZ_KEYSTORE: : process = ffffffff000000000000000000000013, process_strlen = 32
01-14 19:07:26.334  3757  3771 I TZ: mc_tlc_communication: input max_sendmsg_size = 1080
01-14 19:07:26.334  3757  3771 I TZ: mc_tlc_communication: input max_recvmsg_size = 1080
01-14 19:07:26.334  3757  3771 I TZ: mc_tlc_communication: root = 0, root_len = 1
