01-04 22:12:36.555  6134  6134 D Launcher.HomeView: onStart
01-04 22:12:36.556  6134  6134 D MenuAppsGridFragment: onStart:false
01-04 22:12:36.556  6134  6134 I VerificationLog: onResume
01-04 22:12:36.556  6134  6134 D Launcher: onResume, Launcher: 174849127
01-04 22:12:36.557  3755  4481 D SecContentProvider: query(), uri = 17 selection = isSettingsChangesAllowed
01-04 22:12:36.558  3755  4481 D SecContentProvider: called from com.sec.android.app.launcher
01-04 22:12:36.558  3755  7132 D SecContentProvider: query(), uri = 17 selection = isSettingsChangesAllowed
01-04 22:12:36.559  3755  7132 D SecContentProvider: called from com.sec.android.app.launcher
01-04 22:12:36.560  6134  6134 D Launcher.HomeView: onResume
01-04 22:12:36.565  6134  6134 D capture : ---------checkFileExist land
01-04 22:12:36.565  6134  6134 D capture : currentOrientation: 1 mMainHomeScreenshot: false mMainHomeScreenshotLand: true
01-04 22:12:36.567  6134  6134 D MenuAppsGridFragment: onResume:false
01-04 22:12:36.567  6134  6134 D MenuAppsGridFragment: stateObj = com.android.launcher2.MenuAppsGrid$StateNormal@66553a4
01-04 22:12:36.568  6134  6134 D Launcher.MenuAppsGrid: BlurInfo : false , true
01-04 22:12:36.568  6134  6134 D MenuAppsGridFragment: onResume  no mPendingModelUpdate:false this:MenuAppsGridFragment{d78c50d #0 id=0x1020011 APPS}
01-04 22:12:36.568  6134  6134 D Launcher.MenuAppsGrid: ChangeMobileKeyboard:false mCurrentOrientation:1 mRequestedOrientation:1 newConfig.orientation:1 isShown:false
01-04 22:12:36.571  6134  6134 D Launcher.Workspace: changeOrientationIfRequired MobileKeyboardChanged : false   DisplayHeight : 1920  Density : 2.625   newConfig.orientation : 1
01-04 22:12:36.571  6134  6134 D Launcher.Workspace: ChangeMobileKeyboard:false mCurrentOrientation:1 mRequestedOrientation:1 newConfig.orientation:1 isShown:trueQuickViewWorkspace isOpened: false
01-04 22:12:36.574  3755  5843 D ActivityManager: post active user change for 0 fullscreen true isHomeActivity() true
01-04 22:12:36.574  3755  5843 I WallpaperManagerService: switchPersonaWallpaper is called for personaId-0
01-04 22:12:36.574  3755  5843 D KnoxTimeoutHandler: post home show event for user 0
01-04 22:12:36.574  3755  3755 D WallpaperManagerService:  force update = false; persona id = 0; current user =0; current persona = 0
01-04 22:12:36.574  3755  3755 D KnoxKeyguardDelegate: clear Flag
01-04 22:12:36.574  3755  5843 D KnoxTimeoutHandler: postActiveUserChange [MsgParam] userId: 0 fullscreen is true showWhenlocked is false isMutiwindowRecord is false multiwindowstyle is 0
01-04 22:12:36.574  3755  3755 D KnoxTimeoutHandler: handleHomeShow for 0 and current 0
01-04 22:12:36.574  3755  3755 D KnoxTimeoutHandler: handleActiveUserChange [MsgParam] userId: 0 fullscreen is true showWhenlocked is false isMutiwindowRecord is false multiwindowstyle is 0
01-04 22:12:36.575  3755  3755 I KnoxTimeoutHandler: Shared devices show user statefalse
01-04 22:12:36.576  6134  6134 V LauncherAppWidgetHostView: calculateWidgetSize: (target widgetsize)  using w/h 997 260 span 5 1 (widgetid 2) [current Gridsize : GRID_5x5]
01-04 22:12:36.576  6134  6134 D LauncherAppWidgetHostView: calculateWidgetSize() widget = Weather and Clock(widget id = 2) result hostview size = 1297 x 338
01-04 22:12:36.576  6134  6134 D LauncherAppWidgetHostView: setResizeScaleResult() 1297/ 338 scaleToResize = 0.76869696(widget id = 2)
01-04 22:12:36.576  6134  6134 V LauncherAppWidgetHostView: calculateWidgetSize: (target widgetsize)  using w/h 997 260 span 5 1 (widgetid 3) [current Gridsize : GRID_5x5]
01-04 22:12:36.576  6134  6134 D LauncherAppWidgetHostView: calculateWidgetSize() widget = Google(widget id = 3) result hostview size = 1297 x 338
01-04 22:12:36.576  6134  6134 D LauncherAppWidgetHostView: setResizeScaleResult() 1297/ 338 scaleToResize = 0.76869696(widget id = 3)
01-04 22:12:36.577  3755  4461 V WindowManager: Relayout Window{2c78cccd0 u0 com.sec.android.app.launcher/com.sec.android.app.launcher.activities.LauncherActivity}: viewVisibility=0 req=1080x1920 WM.LayoutParams{(0,0)(fillxfill) sim=#130 ty=1 fl=#81910d00 pfl=0x20000 fmt=-2 wanim=0x103038a vsysui=0x600 needsMenuKey=2 dimDuration=0 naviIconColor=0}
01-04 22:12:36.578  3215  3215 I SurfaceFlinger: id=1126 createSurf (1080x1920),1 flag=4, MauncherAct
01-04 22:12:36.579  3755  3773 D WindowManager: set systemUiVisibility of statusbar : vis= 0x608
01-04 22:12:36.582  3755  4461 D InputDispatcher: Focus entered window: 6134
01-04 22:12:36.582  3755 10408 D WindowManager: adjustSystemUiVisibilityLw : vis= 0x4608
01-04 22:12:36.583  6134  6134 D ViewRootImpl@d28bad3[LauncherActivity]: Relayout returned: oldFrame=[0,0][1080,1920] newFrame=[0,0][1080,1920] result=0x7 surface={isValid=true 531272432128} surfaceGenerationChanged=true
01-04 22:12:36.583  6134  6134 D ViewRootImpl@d28bad3[LauncherActivity]: mHardwareRenderer.initialize() mSurface={isValid=true 531272432128} hwInitialized=true
01-04 22:12:36.585  6134  6495 D mali_winsys: EGLint new_window_surface(egl_winsys_display*, void*, EGLSurface, EGLConfig, egl_winsys_surface**, egl_color_buffer_format*, EGLBoolean) returns 0x3000,  [1080x1920]-format:1
01-04 22:12:36.625  3755  6283 D WindowManager: finishDrawingWindow: Window{2c78cccd0 u0 com.sec.android.app.launcher/com.sec.android.app.launcher.activities.LauncherActivity} mDrawState=DRAW_PENDING
01-04 22:12:36.626  6134  6134 D ViewRootImpl@d28bad3[LauncherActivity]: MSG_WINDOW_FOCUS_CHANGED 1
01-04 22:12:36.626  6134  6134 D ViewRootImpl@d28bad3[LauncherActivity]: mHardwareRenderer.initializeIfNeeded()#2 mSurface={isValid=true 531272432128}
01-04 22:12:36.626  6134  6134 D SEM_CLIP_SemClipboardManager: isCocktailBarDisplayed : false
01-04 22:12:36.627  3755  4527 D MdnieScenarioControlService:  packageName : com.sec.android.app.launcher    className : com.sec.android.app.launcher.activities.LauncherActivity
01-04 22:12:36.628  6134  6134 V InputMethodManager: Starting input: tba=android.view.inputmethod.EditorInfo@c0b0186 nm : com.sec.android.app.launcher ic=null
01-04 22:12:36.628  6134  6134 I InputMethodManager: [IMM] startInputInner - mService.startInputOrWindowGainedFocus
01-04 22:12:36.628  3755  4478 D InputMethodManagerService: windowGainedFocus mCurrentFocusedUserId - 0 and mSecureKeypadEnabled-false
01-04 22:12:36.633  4627  4658 D WallpaperService: resized:[frame]Rect(0, 0 - 1080, 1920) [newConfig] is null
01-04 22:12:36.633  4627  4627 D ViewRootImpl@35df8b5[RecentsActivity]: mHardwareRenderer.destroy()#1
01-04 22:12:36.633  3755  4478 V InputMethodManagerService: windowGainedFocus: reason=WINDOW_FOCUS_GAIN client=android.os.BinderProxy@9d443a3 inputContext=null missingMethods= attribute=android.view.inputmethod.EditorInfo@72a71ea nm = com.sec.android.app.launcher controlFlags=#104 softInputMode=#130 windowFlags=#81910d00
01-04 22:12:36.633  3755  4478 V InputMethodManagerService: Unspecified window will hide input
01-04 22:12:36.633  3755  4478 D InputMethodManagerService: mDesktopModeManager null!
01-04 22:12:36.633  3755  4478 V InputMethodManagerService: hideCurrentInputLocked - !shouldHideSoftInput
01-04 22:12:36.634  3755  4478 D InputTransport: Input channel constructed: fd=406
01-04 22:12:36.634  3755  4478 D InputTransport: Input channel destroyed: fd=406
01-04 22:12:36.635  6134  6134 D InputTransport: Input channel constructed: fd=84
01-04 22:12:36.635  3755  5843 V WindowManager: Relayout Window{38c2b7ad0 u0 com.android.systemui/com.android.systemui.recents.RecentsActivity}: viewVisibility=8 req=1080x1920 WM.LayoutParams{(0,0)(fillxfill) sim=#120 ty=1 fl=#81910500 pfl=0x20040 fmt=-3 vsysui=0x700 needsMenuKey=2 naviIconColor=0 sfl=0x2}
01-04 22:12:36.638 17666 17666 W SearchServiceClient: Starting with NO_SESSION handoverId is deprecated. Just don't. You will break.
01-04 22:12:36.638 17666 17666 W SearchServiceClient: com.google.android.apps.gsa.shared.util.common.f: SearchServiceClient: Starting with NO_SESSION handoverId is deprecated. Just don't. You will break.
01-04 22:12:36.638 17666 17666 W SearchServiceClient: 	at com.google.android.apps.gsa.shared.util.common.e.a(SourceFile:43)
01-04 22:12:36.638 17666 17666 W SearchServiceClient: 	at com.google.android.apps.gsa.shared.util.common.e.f(SourceFile:6)
01-04 22:12:36.638 17666 17666 W SearchServiceClient: 	at com.google.android.apps.gsa.search.shared.service.SearchServiceClient.a(SourceFile:119)
01-04 22:12:36.638 17666 17666 W SearchServiceClient: 	at com.google.android.apps.gsa.search.shared.service.SearchServiceClient.ml(SourceFile:103)
01-04 22:12:36.638 17666 17666 W SearchServiceClient: 	at com.google.android.hotword.service.c.af(SourceFile:18)
01-04 22:12:36.638 17666 17666 W SearchServiceClient: 	at com.google.android.hotword.service.d.run(SourceFile:3)
01-04 22:12:36.638 17666 17666 W SearchServiceClient: 	at android.os.Handler.handleCallback(Handler.java:751)
01-04 22:12:36.638 17666 17666 W SearchServiceClient: 	at android.os.Handler.dispatchMessage(Handler.java:95)
01-04 22:12:36.638 17666 17666 W SearchServiceClient: 	at android.os.Looper.loop(Looper.java:154)
01-04 22:12:36.638 17666 17666 W SearchServiceClient: 	at android.app.ActivityThread.main(ActivityThread.java:6682)
01-04 22:12:36.638 17666 17666 W SearchServiceClient: 	at java.lang.reflect.Method.invoke(Native Method)
01-04 22:12:36.638 17666 17666 W SearchServiceClient: 	at com.android.internal.os.ZygoteInit$MethodAndArgsCaller.run(ZygoteInit.java:1534)
01-04 22:12:36.638 17666 17666 W SearchServiceClient: 	at com.android.internal.os.ZygoteInit.main(ZygoteInit.java:1424)
01-04 22:12:36.638  3755  3791 D KnoxTimeoutHandler: notifyActivityDrawn [MsgParam] userId: 0 fullscreen is true showWhenlocked is false isMutiwindowRecord is false multiwindowstyle is 0
01-04 22:12:36.639  3755  3755 D KnoxTimeoutHandler: activityDrawn [MsgParam] userId: 0 fullscreen is true showWhenlocked is false isMutiwindowRecord is false multiwindowstyle is 0
01-04 22:12:36.639  4627  4627 D ViewRootImpl@35df8b5[RecentsActivity]: Relayout returned: oldFrame=[0,0][1080,1920] newFrame=[0,0][1080,1920] result=0x5 surface={isValid=false 0} surfaceGenerationChanged=true
01-04 22:12:36.639  4627  4627 D WallpaperService: MSG_WINDOW_RESIZED
01-04 22:12:36.639  4627  4627 D WallpaperService: updateSurface forceRelayout=true redrawNeeded=false myWidth=1080 myHeight=1920 fixedSize=true mWidth=1080 mHeight=1920
01-04 22:12:36.639  4627  4627 V WallpaperService: Changes: creating=false format=false size=false
01-04 22:12:36.640  3755  3755 I KnoxTimeoutHandler: SD activityfalse
01-04 22:12:36.640  3755  3755 I KnoxTimeoutHandler: Fullscreen and mCurrent is not KNOX user. Hence hide keyguard
01-04 22:12:36.642  3755  5844 V WindowManager: Relayout Window{3c08278d0 u0 com.android.systemui.ImageWallpaper}: viewVisibility=0 req=1080x1920 WM.LayoutParams{(0,0)(1080x1920) gr=#800033 ty=2013 fl=#318 fmt=2 wanim=0x10302f2 naviIconColor=0}
01-04 22:12:36.643 17666 17683 E PBSessionCacheImpl: sessionId[77697436321586661] not persisted.
01-04 22:12:36.645  4627  4627 V WallpaperService: New surface=Surface(name=null)/@0x252375b, frame=Rect(0, 0 - 1080, 1920),relayoutResult=1, mConfiguration={0 1.0 themeSeq = 0 showBtnBg = -1 ?mcc?mnc ?localeList ?layoutDir ?swdp ?wdp ?hdp ?density ?lsize ?long ?orien ?uimode ?night ?touch ?keyb/?/? ?nav/? mkbd/?}
01-04 22:12:36.645  4627  4627 V WallpaperService: Wallpaper size has changed : 1080, 1920
01-04 22:12:36.645  4627  4627 D ImageWallpaper: onOffsetsChanged: xOffset=0.0, yOffset=0.0, xOffsetStep=0.0, yOffsetStep=0.0, xPixels=0, yPixels=0
01-04 22:12:36.645 17666 17690 I PBSessionCacheImpl: Deleted sessionId[77697436321586661] from persistence.
01-04 22:12:36.646  4627  4627 D ImageWallpaper: drawFrame=false rotation=0 mLastRotation=0
01-04 22:12:36.646  4627  4627 D ImageWallpaper: drawFrame:[frame.width()]1080[frame.height()]1920
01-04 22:12:36.646  4627  4627 D ImageWallpaper: surfaceDimensionsChanged=false mLastSurfaceRotation=0 mDisplayWidth=-1 mDisplayHeight=-1
01-04 22:12:36.646  4627  4627 D ImageWallpaper: mNewKeyboard : 0 mLastKeyboard : 0 mForceDraw = false
01-04 22:12:36.646  4627  4627 D ImageWallpaper: redrawNeeded = false, mOffsetsChanged = false
01-04 22:12:36.646  4627  4627 D ImageWallpaper: Suppressed drawFrame since redraw is not needed and offsets have not changed.
01-04 22:12:36.646  4627  4627 D InputTransport: Input channel destroyed: fd=122
01-04 22:12:36.650  3755  5993 D ConnectivityService: filterNetworkStateForUid() uid: 10062 networkInfo: [type: WIFI[] - WIFI, state: CONNECTED/CONNECTED, reason: (unspecified), extra: "wilkinson2.4", failover: false, available: true, roaming: false, metered: false]
01-04 22:12:36.654  3755 10406 D ConnectivityService: filterNetworkStateForUid() uid: 10062 networkInfo: [type: WIFI[] - WIFI, state: CONNECTED/CONNECTED, reason: (unspecified), extra: "wilkinson2.4", failover: false, available: true, roaming: false, metered: false]
01-04 22:12:36.661  3755  6005 D ConnectivityService: filterNetworkStateForUid() uid: 10062 networkInfo: [type: WIFI[] - WIFI, state: CONNECTED/CONNECTED, reason: (unspecified), extra: "wilkinson2.4", failover: false, available: true, roaming: false, metered: false]
01-04 22:12:36.663  3755  6076 D ConnectivityService: filterNetworkStateForUid() uid: 10062 networkInfo: [type: WIFI[] - WIFI, state: CONNECTED/CONNECTED, reason: (unspecified), extra: "wilkinson2.4", failover: false, available: true, roaming: false, metered: false]
01-04 22:12:36.663  3755  4391 D InputReader: Input event(5): value=1 when=13760910153000
01-04 22:12:36.663  3755  4391 D InputReader: !@notifyKey(116), action=0
01-04 22:12:36.663  3755  4391 D InputManager-JNI: !@interceptKeyBeforeQueueing(116), action=0, interactive=true
01-04 22:12:36.666  3755  4391 I Telecom : TelecomFeature: getContactsPackageName: com.samsung.android.contacts: TSI.iR@BgE
01-04 22:12:36.666  3755  4391 I Telecom : com.android.server.telecom.TelecomServiceImpl$1: getSystemDialerPackage: com.samsung.android.contacts: TSI.iR@BgE
01-04 22:12:36.667  3755  4391 I Telecom : TelecomFeature: getContactsPackageName: com.samsung.android.contacts: TSI.iR@BgE
01-04 22:12:36.667  3755  4391 I Telecom : com.android.server.telecom.TelecomServiceImpl$1: getSystemDialerPackage: com.samsung.android.contacts: TSI.iR@BgE
01-04 22:12:36.667  3755  4391 D InputManager-JNI: !@handleInterceptActions(116), action=0, wmActions=0
01-04 22:12:36.672 17666 17683 I MicroDetectionState: Keep running hotword in interactor process
01-04 22:12:36.788  3755  3755 D TelephonyManager: getCellLocation : Caller (PID / UID / TID): 3755 / 1000 / 3755
01-04 22:12:36.789  4627  4836 D NetworkController.MobileSignalController(0/1): onSignalStrengthsChanged signalStrength=SignalStrength: 99 99 -120 -160 -120 -1 -1 15 -111 -10 22 2147483647 2147483647 0x2000 gsm|lte level=2
01-04 22:12:36.789  4627  4836 D NetworkController.MobileSignalController(0/1): getMobileIconGroup(): 13
01-04 22:12:36.789  4627  4836 D NetworkController.MobileSignalController(0/1): updateVZWMobileIconGroup(): 13
01-04 22:12:36.791  5039  5668 D EPDG -- [SMARTWIFI]: onSignalStrengthsChanged: Received signal strength change, phone type is: 2
01-04 22:12:36.791  5039  6405 D EPDG -- [SMARTWIFI]: lastLteRSRP is -111currentLteRSRP is -111
01-04 22:12:36.791  5039  6405 D EPDG -- [SMARTWIFI]: lastLteRSRQ is -10currentLteRSRQ is -10
01-04 22:12:36.791  5039  6405 D EPDG -- [SMARTWIFI]: lastCdmaDb is -16currentCdmaDb is -16
01-04 22:12:36.791  5039  6405 V EPDG -- [SMARTWIFI]: Radio oldest entry removed
01-04 22:12:36.791  5039  6405 V EPDG -- [SMARTWIFI]: New entry : (SignalStrength: 99 99 -120 -160 -120 -1 -1 15 -111 -10 22 2147483647 2147483647 0x2000 gsm|lte : 0 )
01-04 22:12:36.791  5039  6405 V EPDG -- [SMARTWIFI]: Radio entry added
01-04 22:12:36.792  4627  4836 D NetworkController.MobileSignalController(0/1): callState:0, callStateByPhone:false voLTECall:false voiceNetTpe:13 dataNetType:13, ine911:false, emergencyCallbackMode:false
01-04 22:12:36.802  3755  3772 D ActivityTrigger: ActivityTrigger activityStopTrigger 
01-04 22:12:36.803  3755  6282 D WindowManager: adjustSystemUiVisibilityLw : vis= 0x608
01-04 22:12:36.804  3755  3791 D KnoxTimeoutHandler: notifyActivityDrawn [MsgParam] userId: 0 fullscreen is true showWhenlocked is false isMutiwindowRecord is false multiwindowstyle is 0
01-04 22:12:36.804  3755  3755 D KnoxTimeoutHandler: activityDrawn [MsgParam] userId: 0 fullscreen is true showWhenlocked is false isMutiwindowRecord is false multiwindowstyle is 0
01-04 22:12:36.805  3755  3755 I KnoxTimeoutHandler: SD activityfalse
01-04 22:12:36.805  3755  3755 I KnoxTimeoutHandler: Fullscreen and mCurrent is not KNOX user. Hence hide keyguard
01-04 22:12:36.813  3755  5994 I WindowManager_SurfaceController: Destroying surface Surface(name=com.android.systemui/com.android.systemui.recents.RecentsActivity) called by com.android.server.wm.WindowStateAnimator.destroySurface:2907 com.android.server.wm.WindowStateAnimator.destroySurfaceLocked:1120 com.android.server.wm.WindowState.destroyOrSaveSurface:2662 com.android.server.wm.AppWindowToken.destroySurfaces:423 com.android.server.wm.AppWindowToken.destroySurfaces:387 com.android.server.wm.AppWindowToken.notifyAppStopped:467 com.android.server.wm.WindowManagerService.notifyAppStopped:5304 com.android.server.am.ActivityStack.activityStoppedLocked:1581 
01-04 22:12:36.813  3215  3284 I SurfaceFlinger: id=1124 Removed SecentsActi (2/5)
01-04 22:12:36.814  3215  7617 I SurfaceFlinger: id=1124 Removed SecentsActi (-2/5)
01-04 22:12:36.923  3755  4391 D InputReader: Input event(5): value=0 when=13761170082000
01-04 22:12:36.923  3755  4391 D InputReader: !@notifyKey(116), action=1
01-04 22:12:36.923  3755  4391 D InputManager-JNI: !@interceptKeyBeforeQueueing(116), action=1, interactive=true
01-04 22:12:36.924  3755  4391 D PowerManagerService: [api] [s] goToSleep: 4 (uid: 1000 pid: 3755) eventTime = 13760910
01-04 22:12:36.924  3755  4391 I PowerManagerService: !@[ps] Screen__Off - 67 :  goToSleep:  (uid: 1000 pid: 3755) (4)
01-04 22:12:36.924  3755  4391 I PowerManagerService: Going to sleep due to power button (uid 1000)...
01-04 22:12:36.924  3755  4391 D InputManager-JNI: setInteractive(false)
01-04 22:12:36.924  3755  4391 D InputManager-JNI: setBlockDeviceFromNative
01-04 22:12:36.924  3755  4554 D NetworkPolicy: onScreenStateChanged, state: false, reason: 2
01-04 22:12:36.924  3755  4391 D InputManager: sBDM(): isSet=false deviceType=1 isForce=true caller=inputdispatcher.forcetouch
01-04 22:12:36.924  3755  4391 D InputManager: sBDM(): requested caller not exist!
01-04 22:12:36.924  3755  4391 D InputReader: mBlockedDevices=0x00000000
01-04 22:12:36.925  3755  4391 D PowerManagerService: mDisplayReady: false
01-04 22:12:36.925  3755  3793 D DisplayPowerController: animateScreenStateChange[0]: target=1
01-04 22:12:36.925  3755  3793 D ColorFade: prepare: mode=4
01-04 22:12:36.925  4627  4655 D KeyguardViewMediator: onStartedGoingToSleep(2)
01-04 22:12:36.925  3755  4391 D InputManager-JNI: !@handleInterceptActions(116), action=1, wmActions=0
01-04 22:12:36.925  3215  3215 I SurfaceFlinger: id=1127 createSurf (1080x1920),2 flag=404, DolorFade
01-04 22:12:36.926  6134  6134 V InputMethodManager: Starting input: tba=android.view.inputmethod.EditorInfo@ecaaa47 nm : com.sec.android.app.launcher ic=null
01-04 22:12:36.926  6134  6134 I InputMethodManager: [IMM] startInputInner - mService.startInputOrWindowGainedFocus
01-04 22:12:36.926  3755 10406 D InputTransport: Input channel constructed: fd=406
01-04 22:12:36.926  3755 10406 D InputTransport: Input channel destroyed: fd=406
01-04 22:12:36.927  4627  4655 D KeyguardViewMediator: Lock timeout lockAfterTimeout=5000 policyTimeout=0 displayTimeout=600000
01-04 22:12:36.927  4627  4655 D KeyguardViewMediator: timeout = 5000
01-04 22:12:36.927  6134  6134 D InputTransport: Input channel constructed: fd=86
01-04 22:12:36.927  6134  6134 D InputTransport: Input channel destroyed: fd=84
01-04 22:12:36.927  6134  6134 W IInputConnectionWrapper: getExtractedText on inactive InputConnection
01-04 22:12:36.927  6134  6134 W IInputConnectionWrapper: getTextBeforeCursor on inactive InputConnection
01-04 22:12:36.928  6134  6134 W IInputConnectionWrapper: getSelectedText on inactive InputConnection
01-04 22:12:36.928  6134  6134 W IInputConnectionWrapper: getTextAfterCursor on inactive InputConnection
01-04 22:12:36.928  4627  4655 D FactoryTest: checkAutomationTestOption() : option=0
01-04 22:12:36.929  4627  4655 D FactoryTest: checkAutomationTestOption() : mode_screenlock=0
01-04 22:12:36.929  8407  8407 E FullInputEventModel: onStartInput event aborted: com.touchtype.keyboard.e.p: could not obtain extracted text (class com.touchtype.keyboard.e.p)
01-04 22:12:36.930  4627  4655 D KeyguardViewMediator: notifyStartedGoingToSleep
01-04 22:12:36.931  4627  4627 D KeyguardFingerPrint: shouldListenForFingerprint ( isFingerprintEnabled = false , mKeyguardIsVisible = false , mDeviceInteractive = true , mBouncer = false , mGoingToSleep = true , mSwitchingUser = false , mFingerprintAlreadyAuthenticated = false , mKeyguardUnlocking = false
01-04 22:12:36.931  4627  4627 D KeyguardFingerPrint: shouldListenForFingerprint ( fingerprint is not enabled. ) 
01-04 22:12:36.931  4627  4627 V KeyguardFingerPrint: stopListeningForFingerprint()
01-04 22:12:36.931  4627  4627 D KeyguardViewMediator: handleNotifyStartedGoingToSleep
01-04 22:12:36.931  3755  3793 D mali_winsys: EGLint new_window_surface(egl_winsys_display*, void*, EGLSurface, EGLConfig, egl_winsys_surface**, egl_color_buffer_format*, EGLBoolean) returns 0x3000,  [1080x1920]-format:1
01-04 22:12:36.947  3755  3793 D ColorFade: ColorFade is ready
01-04 22:12:36.948  3755  3793 D DisplayPowerController: ColorFade: onAnimationStart
01-04 22:12:36.948  3755  3793 D DisplayPowerController: [Dual Screen Compatible] state[0] :2
01-04 22:12:36.972  3755  3755 D CustomFrequencyManagerService: releaseDVFSLockLocked : Getting Lock type frm List : DVFS_MIN_LIMIT  frequency : 2100000  uid : 1000  pid : 3755  tag : AMS_APP_HOME@CPU_MIN@7
01-04 22:12:37.171  3755  3772 D CompatibilityInfo: mCompatibilityFlags - 0
01-04 22:12:37.171  3755  3772 D CompatibilityInfo: applicationDensity - 420
01-04 22:12:37.171  3755  3772 D CompatibilityInfo: applicationScale - 1.0
01-04 22:12:37.246  3755  3793 D DisplayPowerState: !@ [0] ColorFade entry
01-04 22:12:37.247  3755  3793 D PowerManagerService: [input device light] onColorFadeExit(false)
01-04 22:12:37.247  3755  3793 D DisplayPowerController: ColorFade: onAnimationEnd
01-04 22:12:37.249  3755  3793 D DisplayPowerController: animateScreenStateChange[0]: target=1
01-04 22:12:37.249  3755  3793 D DisplayPowerController: [M OS] 0 REPORTED_TO_POLICY_SCREEN_* -> REPORTED_TO_POLICY_SCREEN_OFF.
01-04 22:12:37.249  3755  4557 D lights  : lcd : 0 +
01-04 22:12:37.249  3755  3793 D ActivityTrigger: ActivityTrigger activityPauseTrigger 
01-04 22:12:37.250  3755  3793 D GameManagerService: sem_perfomance_mode: 0
01-04 22:12:37.252  6134  6134 D Launcher: onPause, Launcher: 174849127
01-04 22:12:37.252  6134  6134 D Launcher.HomeView: onPause
01-04 22:12:37.252  6134  6134 D Launcher.Workspace: exitWidgetResizeMode. isClearResizeFrame is false
01-04 22:12:37.256  3755  4557 D lights  : lcd : 0 -
01-04 22:12:37.285  3755  6006 D ActivityManager: clearAppIconInfo()
01-04 22:12:37.286  3755  3793 D SemContextService: removeListener() : Listener = com.samsung.android.hardware.context.SemContextService$Listener@56848c7, Service = Auto Rotation, used = 0
01-04 22:12:37.286  3755  3772 D ActivityTrigger: ActivityTrigger activityStopTrigger 
01-04 22:12:37.286  3755  3793 W CAE     : unregisterCallback(ContextAwareService.java:217) - [unregi 01] Mutex is locked for AUTO_ROTATION
01-04 22:12:37.287  3755  3793 V CAE     : stop(ContextProvider.java:155)
01-04 22:12:37.288  3755  3793 V CAE     : clear(AutoRotationRunner.java:182)
01-04 22:12:37.289  3755  3793 V CAE     : disable(AutoRotationRunner.java:171)
01-04 22:12:37.289  3755  3793 I CAE     : sendCmdToSensorHub(SensorHubCommManager.java:162) - -78, 7, 0, 0,
01-04 22:12:37.290  3755  3793 D SensorHubManager: SendSensorHubData: send data = -78, 7, 0, 0
01-04 22:12:37.292  3227 12212 D Sensorhubs: sendContextData: -78, 7, 0, 0
01-04 22:12:37.296  6134  6134 D MenuAppsGridFragment: onStop
01-04 22:12:37.296  6134  6134 D Launcher.HomeView: onStop
01-04 22:12:37.297  6134  6134 D capture : ----destroy
01-04 22:12:37.302 17666 17690 I PBSessionCacheImpl: Deleted sessionId[77697436321586661] from persistence.
01-04 22:12:37.304  3755  3793 D CAE     : getFaultDetectionResult(AutoRotationRunner.java:195) - true
01-04 22:12:37.305  3755  3793 I CAE     : notifyCmdProcessResultObserver(ContextProvider.java:627) - CheckResult = 0, Cause = Success
01-04 22:12:37.310 17666 17683 W SearchServiceCore: Abort, client detached.
01-04 22:12:37.317  3755  3793 D CAE     : doCommendProcess(ContextAwareService.java:444) - complete notify the operation result.
01-04 22:12:37.319  3755  3793 I CAE     : displayUsedCountForService(ContextAwareService.java:536) - totalCnt = 0, serviceCount = 0, subCollectionCount = 0
01-04 22:12:37.319  3755  3793 D CAE     : showListenerList(ContextAwareService.java:377) - ===== Context Aware Service List =====
01-04 22:12:37.320  3755  3793 I CAE     : showListenerList(ContextAwareService.java:386) - Listener : com.samsung.android.contextaware.manager.ContextAwareService$Listener@a7deb4, Service : ACTIVITY_TRACKER_CURRENT_INFO(1)
01-04 22:12:37.320  3755  3793 I CAE     : showListenerList(ContextAwareService.java:386) - Listener : com.samsung.android.contextaware.manager.ContextAwareService$Listener@a7deb4, Service : ACTIVITY_TRACKER(1)
01-04 22:12:37.321  3755  3793 I CAE     : showListenerList(ContextAwareService.java:386) - Listener : com.samsung.android.contextaware.manager.ContextAwareService$Listener@2277c7c, Service : PEDOMETER(1)
01-04 22:12:37.321  3755  3793 I CAE     : showListenerList(ContextAwareService.java:386) - Listener : com.samsung.android.contextaware.manager.ContextAwareService$Listener@2277c7c, Service : PEDOMETER_CURRENT_INFO(1)
01-04 22:12:37.322  3755  3793 I CAE     : showListenerList(ContextAwareService.java:386) - Listener : com.samsung.android.contextaware.manager.ContextAwareService$Listener@8ba1657, Service : ACTIVITY_TRACKER_BATCH(1)
01-04 22:12:37.322  3755  3793 I CAE     : showListenerList(ContextAwareService.java:386) - Listener : com.samsung.android.contextaware.manager.ContextAwareService$Listener@378d762, Service : STEP_LEVEL_MONITOR(1)
01-04 22:12:37.323  3755  3793 I CAE     : showListenerList(ContextAwareService.java:386) - Listener : com.samsung.android.contextaware.manager.ContextAwareService$Listener@8e91d3c, Service : SENSOR_STATUS_CHECK_RUNNER(1)
01-04 22:12:37.323  3755  3793 W CAE     : unregisterCallback(ContextAwareService.java:252) - [unregi 02] Mutex is unlocked for AUTO_ROTATION
01-04 22:12:37.323  3755  3793 D SemContextService: 	.unregisterCallback : 5, client=
01-04 22:12:37.323  3755  3793 D SemContextService: ===== SemContext Service List =====
01-04 22:12:37.323  3755  3793 D SemContextService: Listener : com.samsung.android.hardware.context.SemContextService$Listener@74353d6, Service : Pedometer
01-04 22:12:37.323  3755  3793 D SemContextService: Listener : com.samsung.android.hardware.context.SemContextService$Listener@74353d6, Service : Step Level Monitor
01-04 22:12:37.324  3755  3793 D SemContextService: Listener : com.samsung.android.hardware.context.SemContextService$Listener@8543544, Service : Activity Batch
01-04 22:12:37.324  3755  3793 D SemContextService: Listener : com.samsung.android.hardware.context.SemContextService$Listener@a91eac5, Service : Sensor Status Check
01-04 22:12:37.324  3755  3793 D SemContextService: Listener : com.samsung.android.hardware.context.SemContextService$Listener@83460af, Service : Activity Tracker
01-04 22:12:37.324  3755  3793 D SemContextManager:   .unregisterListener : listener = android.hardware.scontext.SContextManager$SContextListenerDelegate@151fa1, service=Auto Rotation
01-04 22:12:37.324  3755  3793 D SContextManager:   .unregisterListener : listener = com.android.server.policy.WindowOrientationListener$OrientationSensorJudge@ec94a1c, service=Auto Rotation
01-04 22:12:37.324  3755  3793 V KeyguardServiceDelegate: onScreenTurnedOff()
01-04 22:12:37.324  4627  4812 D KeyguardViewMediator: notifyScreenTurnedOff
01-04 22:12:37.324  4627  4627 D KeyguardViewMediator: handleNotifyScreenTurnedOff
01-04 22:12:37.324  4627  4627 D vol.SecVolumeDialog: onScreenTurnedOff()
01-04 22:12:37.325  4627  4627 D vol.SecVolumeDialog: dismissH reason: 4
01-04 22:12:37.325  4627  4627 D vol.SecVolumeDialog: dismissH : false
01-04 22:12:37.325  3755  3793 D DisplayPowerController: mWindowManagerPolicy.screenTurnedOff(0)
01-04 22:12:37.325  3755  3793 D DisplayPowerController: [Dual Screen Compatible] state[0] :1
01-04 22:12:37.325  3755  3793 D DisplayPowerController: Animating brightness: target=0, rate=0 (PSM:true, AB limit:(-1 ~ -1) MB Limit:(-1 ~ -1))
01-04 22:12:37.325  3755 16239 I MateSvc|AgentSvcRelay: relay action 0x210002
01-04 22:12:37.326  3755 22759 D MISC PowerHAL: sysfs_write +: /sys/class/input/event2/device/enabled: 0
01-04 22:12:37.327  3755 22759 D MISC PowerHAL: sysfs_write -: /sys/class/input/event2/device/enabled: 0
01-04 22:12:37.327  3755  3793 D DisplayPowerController: animateScreenStateChange[0]: target=1
01-04 22:12:37.327  4627  4627 D LockIcon: state = 0, mLastState = 0, mDeviceInteractive = true, mLastDeviceInteractive = true, mScreenOn = false, mLastScreenOn = true,  force = false
01-04 22:12:37.327  3755  3793 D DisplayPowerController: [Dual Screen Compatible] state[0] :1
01-04 22:12:37.327  3755  3793 D DisplayPowerController: Animating brightness: target=0, rate=0 (PSM:true, AB limit:(-1 ~ -1) MB Limit:(-1 ~ -1))
01-04 22:12:37.327  3755 16239 W ActivityManager: Unable to start service Intent { cmp=com.samsung.android.mateagent/.interact.AgentService launchParam=MultiScreenLaunchParams { mDisplayId=0 mFlags=0 } } U=0: not found
01-04 22:12:37.327  3755 22760 D MISC PowerHAL: sysfs_write +: /sys/class/input/event0/device/enabled: 0
01-04 22:12:37.328  3755 22761 D MISC PowerHAL: sysfs_write +: /sys/class/input/event1/device/enabled: 0
01-04 22:12:37.329  3755 22760 D MISC PowerHAL: sysfs_write -: /sys/class/input/event0/device/enabled: 0
01-04 22:12:37.334  3755 22761 D MISC PowerHAL: sysfs_write -: /sys/class/input/event1/device/enabled: 0
01-04 22:12:37.335  3755  3799 D MISC PowerHAL: sysfs_write +: /sys/class/power_supply/battery/lcd: 0
01-04 22:12:37.336  3755  3799 D MISC PowerHAL: sysfs_write -: /sys/class/power_supply/battery/lcd: 0
01-04 22:12:37.336  3755  3799 D DisplayManagerService: !@display_state: ON -> OFF brightness: 0 -> 0
01-04 22:12:37.337  3755  3791 I DisplayManagerService: Display device changed state: "Built-in Screen", OFF
01-04 22:12:37.337  3215  3215 D SurfaceFlinger: Set power mode=0, type=0 flinger=0x762de88640
01-04 22:12:37.338  3215  3215 I hwcomposer: int exynos_setPowerMode(struct hwc_composer_device_1 *, int, int):: disp(0), mode(0)
01-04 22:12:37.345  3755  3755 D GameManagerService: onDisplayChanged. displyId: 0
01-04 22:12:37.345  3755  3755 D GameManagerService: dpi: 420, longPixel: 1920, shortPixel: 1080
01-04 22:12:37.357  4627  4627 D ImageWallpaper: onVisibilityChanged: mVisible, visible=true, false
01-04 22:12:37.357  4627  4627 D ImageWallpaper: Visibility changed to visible=false
01-04 22:12:37.506  3755  3799 D SurfaceControl: Excessive delay in setPowerMode(): 168ms
01-04 22:12:37.506  3755  3799 D PowerManagerUtil: Excessive delay in !@display_state: OFF: 170ms
01-04 22:12:37.506  3755  3799 I libsuspend: !@autosuspend_wakeup_count_enable
01-04 22:12:37.507  3755  3799 I libsuspend: !@autosuspend_wakeup_count_enable done
01-04 22:12:37.507  3755  3799 D PowerManagerUtil: Excessive delay in DisplayManagerInternal.requestDesiredDisplayState: 181ms
01-04 22:12:37.507  3755  3793 D DisplayPowerController: animateScreenStateChange[0]: target=1
01-04 22:12:37.507  3755  3793 D DisplayPowerController: [Dual Screen Compatible] state[0] :1
01-04 22:12:37.507  3755  3793 D DisplayPowerController: Animating brightness: target=0, rate=0 (PSM:true, AB limit:(-1 ~ -1) MB Limit:(-1 ~ -1))
01-04 22:12:37.507  3755  3793 I PowerManagerService: [PWL] Off : 0s ago
01-04 22:12:37.507  3755  3793 I PowerManagerService: [PWL]   PowerManagerService.WakeLocks: ref count=1
01-04 22:12:37.508  3755  3793 I PowerManagerService: [PWL]     mWakeLockSummary : 0x1
01-04 22:12:37.508  3755  3793 I PowerManagerService: [PWL]       PARTIAL_WAKE_LOCK              'AudioIn' (uid=1041, pid=0, ws=WorkSource{10062}) (uid=1041, pid=0, ws=WorkSource{10062}, pkg=audioserver, elapsedTime=379354)
01-04 22:12:37.508  3755  3793 I PowerManagerService: [PWL]   PowerManagerService.Display: ref count=2
01-04 22:12:37.508  3755  3793 I PowerManagerService: [PWL]     mUserActivitySummary : 0x1
01-04 22:12:37.508  3755  3793 I PowerManagerService: [PWL]     mDisplayReady : false
01-04 22:12:37.508  3755  3793 D DisplayPowerController: animateScreenStateChange[0]: target=1
01-04 22:12:37.508  3755  3793 D DisplayPowerController: [Dual Screen Compatible] state[0] :1
01-04 22:12:37.509  3755  3793 D DisplayPowerController: Animating brightness: target=0, rate=0 (PSM:true, AB limit:(-1 ~ -1) MB Limit:(-1 ~ -1))
01-04 22:12:37.509  3755  3793 D PowerManagerService: [s] DisplayPowerCallbacks : onStateChanged()
01-04 22:12:37.509  3755  3793 D PowerManagerService: mDisplayReady: true
01-04 22:12:37.509  3755  3793 D PowerManagerService: [PWL] sb acquire: PowerManagerService.Dozing
01-04 22:12:37.509  3755  3793 D PowerManagerService: [PWL] sb release: PowerManagerService.Display
01-04 22:12:37.509  3755  3793 D PowerManagerService: handleSandman : startDreaming: true  (canDreamLocked: false  canDozeLocked: true)
01-04 22:12:37.509  3755  3793 D PowerManagerService: handleSandman : startDream(true)
01-04 22:12:37.510  3755  3793 E PowerManagerService: handleSandman : startDreaming, but isDreaming false
01-04 22:12:37.510  3755  3793 I PowerManagerService: Sleeping (uid 1000)...
01-04 22:12:37.510  3755  3793 D PowerManagerService: [s] UserActivityState : 1 -> 0
01-04 22:12:37.510  3755  3793 D PowerManagerService: [PWL] sb acquire: PowerManagerService.Broadcasts
01-04 22:12:37.510  3755  3793 D PowerManagerService: [PWL] sb release: PowerManagerService.Dozing
01-04 22:12:37.512  3755  4554 D PersonaManagerService: onfinishedGoingToSleep why = 2
01-04 22:12:37.512  3755  3805 D PersonaManagerServiceHandler: MSG_ACTION_SCREEN_OFF called
01-04 22:12:37.512  4627 21449 D KeyguardViewMediator: onFinishedGoingToSleep(2)
01-04 22:12:37.512  4627 21449 D KeyguardViewMediator: notifyFinishedGoingToSleep
01-04 22:12:37.521  4627 21449 D FactoryTest: checkAutomationTestOption() : option=0
01-04 22:12:37.522  4627 21449 D FactoryTest: checkAutomationTestOption() : mode_screenlock=0
01-04 22:12:37.523  4627 21449 D KeyguardViewMediator: doKeyguard: showing the lock screen
01-04 22:12:37.523  4627 21449 D KeyguardViewMediator: showLocked
01-04 22:12:37.527  4627  4627 D KeyguardViewMediator: handleNotifyFinishedGoingToSleep
01-04 22:12:37.528  4627  4627 D WallpaperViewController: onScreenTurnedOff
01-04 22:12:37.528  4627  4627 D WallpaperViewController: mWallpaperView.onPause()
01-04 22:12:37.531  4627  4627 D KeyguardViewMediator: handleShow
01-04 22:12:37.533  3755  7132 D WallpaperManagerService: getDCMLauncherEnabled false
01-04 22:12:37.534  4627  4627 I StatusBarWindowManager: isExpanded:true, true, false, false, false, false
01-04 22:12:37.534  4627  4627 I StatusBarWindowManager: applyHeight:-1
01-04 22:12:37.536  4627  4627 D KeyguardWallpaperController: mShowing=true, mOccluded=false, mFadingAway=false, match_parent=false
01-04 22:12:37.539  4627  4627 V KeyguardUpdateMonitor: *** register callback for com.android.keyguard.KeyguardHostView$1@d602be6
01-04 22:12:37.540  4627  4627 V KeyguardUpdateMonitor: *** unregister callback for null
01-04 22:12:37.542  4627  4627 V KeyguardUpdateMonitor: *** register callback for com.android.keyguard.KeyguardSecurityContainer$1@936f527
01-04 22:12:37.542  3755  9479 D SSRM:t  : SIOP:: AP = 380, PST = 361 (W:12), CP = 257, CUR = 455, LCD = 0
01-04 22:12:37.542  4627  4627 V KeyguardUpdateMonitor: *** unregister callback for null
01-04 22:12:37.542  4627  4627 D KnoxStateMonitor: MDM is not enabled...
01-04 22:12:37.542  4627  4627 V SettingsHelper: *** register listener for com.android.keyguard.KeyguardSecurityContainer$2@e4273d4
01-04 22:12:37.548  3755  9479 D ConnectivityService: filterNetworkStateForUid() uid: 1000 networkInfo: [type: WIFI[] - WIFI, state: CONNECTED/CONNECTED, reason: (unspecified), extra: "wilkinson2.4", failover: false, available: true, roaming: false, metered: false]
01-04 22:12:37.549  4627  4627 D KeyguardSecurityView: doWipeOutIfMaxFailedAttemptsSinceBoot( failedAttemptsBeforeWipe = 15 , failedAttempts = 0 )
01-04 22:12:37.552  3755  3755 D LightsService: [api] [SvcLED] setFlashing :: id = 5, color = 0, mode = 10, onMS = 0, offMS = 0,  (uid: 1000 pid: 3755) 
01-04 22:12:37.552  3755  3755 D PowerManagerUtil: fileWriteString to /sys/power/wake_lock, LightsService
01-04 22:12:37.553  3755  3755 D LightsService: [SvcLED] setSvcLedStateLocked:: SvcLEDState : 0x0 -> 0x10 | SvcLED(id=5) set On
01-04 22:12:37.557  3755  3755 I LightSensor: Light old sensor_state 0, new sensor_state : 512 en : 1
01-04 22:12:37.561  4627  4627 V KeyguardSecurityView: showPrimarySecurityScreen(turningOff=false)
01-04 22:12:37.561  4627  4627 D KeyguardSecurityView: showSecurityScreen(Pattern)
01-04 22:12:37.561  4627  4627 V KeyguardSecurityView: inflating id = 2130968688
01-04 22:12:37.565  3755  3769 D BatteryService: !@BatteryListener : batteryPropertiesChanged!
01-04 22:12:37.565  3755  9479 D TelephonyManager: getAllCellInfo : Caller (PID / UID / TID): 3755 / 1000 / 9479
01-04 22:12:37.566  4627  4627 V KeyguardUpdateMonitor: *** register callback for com.android.keyguard.KeyguardMessageArea$2@f3cf940
01-04 22:12:37.566  4627  4627 V KeyguardUpdateMonitor: *** unregister callback for null
01-04 22:12:37.568  3755  3755 D SensorManager: registerListener :: 6, TMD4903 RGB Sensor, 200000, 0,  
01-04 22:12:37.568  3755  3755 D BatteryService: turn on LED for charging
01-04 22:12:37.569  3755  3769 D BatteryService: level:80, scale:100, status:2, health:2, present:true, voltage: 4159, temperature: 292, technology: Li-ion, AC powered:false, USB powered:true, POGO powered:false, Wireless powered:false, icon:17303694, invalid charger:0, maxChargingCurrent:0, maxChargingVoltage:0, chargeCounter:0
01-04 22:12:37.569  3755  3769 D BatteryService: online:6, current avg:615, charge type:1, power sharing:false, high voltage charger:false, capacity:280000, batterySWSelfDischarging:false, misc_event:0, current_now:693
01-04 22:12:37.569  3755  3769 D BatteryService: stay LED for charging
01-04 22:12:37.569  4627  4627 V KeyguardUpdateMonitor: *** register callback for com.android.keyguard.KeyguardMessageArea$2@86b621f
01-04 22:12:37.569  4627  4627 V KeyguardUpdateMonitor: *** unregister callback for null
01-04 22:12:37.572  3755  3755 D BatteryService: Sending ACTION_BATTERY_CHANGED.
01-04 22:12:37.572  3755  4353 D SamsungAlarmManager: Expired : 8
01-04 22:12:37.572  3755  4353 I SamsungAlarmManager: setLocked to kernel - T:3 / 20190104T221239, SetElapsed=35606087, nowELAPSED=35603671
01-04 22:12:37.573  4627  4627 D LockDecoPatternView: LockDecoPatternView()
01-04 22:12:37.583  4627  4627 W Settings: Setting airplane_mode_on has moved from android.provider.Settings.System to android.provider.Settings.Global, returning read-only global URI.
01-04 22:12:37.585  5028  5028 D PhoneApp: PhoneAppBroadcastReceiver onReceive android.intent.action.BATTERY_CHANGED
01-04 22:12:37.585  5028  5028 D TelephonyExtensionManager: lowBatterySound - isLowBatterySoundScheduled: false
01-04 22:12:37.585  5028  5028 D TelephonyExtensionManager: lowBatterySound - isPlayNow: false
01-04 22:12:37.586  5028  5028 D TelephonyExtensionManager: isSpeakerON - false
01-04 22:12:37.588  3755  6005 I Telecom : TelecomFeature: getContactsPackageName: com.samsung.android.contacts: TSI.iIC@BgI
01-04 22:12:37.588  3755  6005 I Telecom : com.android.server.telecom.TelecomServiceImpl$1: getSystemDialerPackage: com.samsung.android.contacts: TSI.iIC@BgI
01-04 22:12:37.590  3755  6005 I Telecom : TelecomFeature: getContactsPackageName: com.samsung.android.contacts: TSI.iIC@BgI
01-04 22:12:37.590  3755  6005 I Telecom : com.android.server.telecom.TelecomServiceImpl$1: getSystemDialerPackage: com.samsung.android.contacts: TSI.iIC@BgI
01-04 22:12:37.593  3755  3755 V UiModeManager: updateLocked: null action, mDockState=0, category=null
01-04 22:12:37.593  3755  3755 D UiModeManager: updateConfigurationLocked: mDockState=0; mCarMode=false; mNightMode=1; uiMode=17
01-04 22:12:37.593  3755  3755 D GameManagerService: new battery level: 80
01-04 22:12:37.594  5028  5028 D TelephonyExtensionManager: lowBatterySound - batteryStatus: 2
01-04 22:12:37.594  5028  5028 D TelephonyExtensionManager: lowBatterySound - batteryLevel: 80
01-04 22:12:37.594  5028  5028 D TelephonyExtensionManager: lowBatterySound - cancel
01-04 22:12:37.594  3755  4461 D SamsungAlarmManager: Cancel Alarm calling from uid:1001 pid :5028 / op:PendingIntent{635c2b6: PendingIntentRecord{3e30c48 com.android.phone broadcastIntent}}
01-04 22:12:37.595  5028  5028 D TelephonyExtension: Not stopping low battery tone
01-04 22:12:37.595  3755 10408 I Telecom : TelecomFeature: getContactsPackageName: com.samsung.android.contacts: TSI.iIC@BgM
01-04 22:12:37.596  3755 10408 I Telecom : com.android.server.telecom.TelecomServiceImpl$1: getSystemDialerPackage: com.samsung.android.contacts: TSI.iIC@BgM
01-04 22:12:37.597  3755 10408 I Telecom : TelecomFeature: getContactsPackageName: com.samsung.android.contacts: TSI.iIC@BgM
01-04 22:12:37.597  3755 10408 I Telecom : com.android.server.telecom.TelecomServiceImpl$1: getSystemDialerPackage: com.samsung.android.contacts: TSI.iIC@BgM
01-04 22:12:37.600  4627  4627 V KeyguardUpdateMonitor: *** register callback for com.android.keyguard.KeyguardPatternView$2@3317617
01-04 22:12:37.600  4627  4627 V KeyguardUpdateMonitor: *** unregister callback for null
01-04 22:12:37.601  4627  4627 D LockDecoPatternView: updateChildViewsLook() reason=0
01-04 22:12:37.601  3755  3755 I CAE     : handleMessage(CaPowerManager.java:182) - AP_SLEEP
01-04 22:12:37.601  4627  4627 D LockDecoPatternView: loadDecoPatternResources() hasResource=false
01-04 22:12:37.602  3755  3755 I CAE     : updateApPowerStatus(SensorHubParserProvider.java:451) - AP_SLEEP
01-04 22:12:37.608  3755  3755 I CAE     : sendCmdToSensorHub(SensorHubCommManager.java:162) - -76, 13, -46, 0,
01-04 22:12:37.608  3755  3755 D SensorHubManager: SendSensorHubData: send data = -76, 13, -46, 0
01-04 22:12:37.609  3227 12211 D Sensorhubs: sendContextData: -76, 13, -46, 0
01-04 22:12:37.616  3755  4449 D WallpaperManagerService: getDCMLauncherEnabled false
01-04 22:12:37.616  4627  4627 I StatusBarWindowManager: isExpanded:true, true, false, false, false, false
01-04 22:12:37.617  4627  4627 I StatusBarWindowManager: applyHeight:-1
01-04 22:12:37.617  3755  3755 I CAE     : sendCmdToSensorHub(SensorHubCommManager.java:162) - -63, 14, 3, 12, 37,
01-04 22:12:37.617  3755  3755 D SensorHubManager: SendSensorHubData: send data = -63, 14, 3, 12, 37
01-04 22:12:37.617  3227  3266 D Sensorhubs: sendContextData: -63, 14, 3, 12, 37
01-04 22:12:37.620  4627  4627 V KeyguardUpdateMonitor: *** register callback for com.android.keyguard.CarrierText$1@4f08a22
01-04 22:12:37.620  4627  4627 V KeyguardUpdateMonitor: *** unregister callback for null
01-04 22:12:37.620  4627  4627 D CarrierText: updateCarrierText(): 1,DefaultText = No network connection
01-04 22:12:37.627  4627  4627 D CarrierText: Handling (subId=1): READY Verizon Wireless
01-04 22:12:37.627  4627  4627 D CarrierText: SIM ready and in service: subId=1, ss=0 0 voice home data home  LTE LTE CSS not supported 0 0 RoamInd=1 DefRoamInd=1 VoiceRegType=0 ImsVoiceAvail=1 IsEbSupport=1 IsEaBarred=2 Snap=0 MobileVoice=1 Unknown MobileData=0 LTE PsOnly=true FemtocellInd=0 EmergOnly=false IsDataRoamingFromRegistration=false
01-04 22:12:37.628  4627  4627 D CarrierText: setText : Verizon Wireless
01-04 22:12:37.628  4627  4627 V KeyguardUpdateMonitor: *** register callback for com.android.keyguard.EmergencyButton$1@b213270
01-04 22:12:37.628  4627  4627 V KeyguardUpdateMonitor: *** unregister callback for null
01-04 22:12:37.628  3755  3755 D ClientCertificateManager Service: updateLockStatus, user.id 0
01-04 22:12:37.628  3755  3755 I         : CCM JNI: In ccm_update_lock_status
01-04 22:12:37.629  3755  3755 I TZ_CCM_C_Initialize: : DEBUG_CONTAINER_PROBLEM Enter TZ_CCM_C_Initialize_TLC!
01-04 22:12:37.629  3755  3755 I TZ_CCM_C_Initialize: : pInitArgs 0x7fd37ceee0 has not called C_Init before.
01-04 22:12:37.629  3755  3755 I TZ_CCM_C_Initialize: : &ctx = 0x7bc87572c8
01-04 22:12:37.629  3755  3755 E TZ: client_server_communication: comm_request(0x7bc603e320) pImpl->serverName : CCM 
01-04 22:12:37.629  3755  3755 E TZ: client_server_communication: comm_request(0x7bc603e320) <IClientServer>pImpl->sconn : 0x7bc6094d40 
01-04 22:12:37.629  3755  3755 E TZ: client_server_communication: comm_request(0x7bc603e320) <IClientServer>pImpl->sconn->getInterfaceDescriptor() : CCM 
01-04 22:12:37.629  3755  3755 I TZ: client_server_communication: Cmd id = 47, len = 19456
01-04 22:12:37.629  3755  3755 I TZ: client_server_communication: Calling Communicate()
01-04 22:12:37.630  4371  4675 I TLC_SERVER: BnTLCServer::onTransact(2) 16
01-04 22:12:37.631  4371  4675 I TLC_SERVER: COMM
01-04 22:12:37.633  3755  4481 I Telecom : TelecomFeature: getContactsPackageName: com.samsung.android.contacts: TSI.iIC@BgQ
01-04 22:12:37.634  3755  4481 I Telecom : com.android.server.telecom.TelecomServiceImpl$1: getSystemDialerPackage: com.samsung.android.contacts: TSI.iIC@BgQ
01-04 22:12:37.636  3755  4481 I Telecom : TelecomFeature: getContactsPackageName: com.samsung.android.contacts: TSI.iIC@BgQ
01-04 22:12:37.636  3755  4481 I Telecom : com.android.server.telecom.TelecomServiceImpl$1: getSystemDialerPackage: com.samsung.android.contacts: TSI.iIC@BgQ
01-04 22:12:37.636  3755  3755 I TZ_CCM_C_Finalize: : DEBUG_CONTAINER_PROBLEM Exercising TZ_CCM_C_Finalize_TLC
01-04 22:12:37.636  3755  3755 I TZ_CCM_C_Finalize: : There are connections; No C_Finalize for pInitArgs 0x7fd37ceee0 
01-04 22:12:37.640  3755  3755 D UniversalCredentialManagerService: inside mBReciever onReceive : android.intent.action.SCREEN_OFF
01-04 22:12:37.641  3755  6009 I Telecom : TelecomFeature: getContactsPackageName: com.samsung.android.contacts: TSI.iIC@BgU
01-04 22:12:37.641  3755  6009 I Telecom : com.android.server.telecom.TelecomServiceImpl$1: getSystemDialerPackage: com.samsung.android.contacts: TSI.iIC@BgU
01-04 22:12:37.642  3755  6009 I Telecom : TelecomFeature: getContactsPackageName: com.samsung.android.contacts: TSI.iIC@BgU
01-04 22:12:37.642  3755  6009 I Telecom : com.android.server.telecom.TelecomServiceImpl$1: getSystemDialerPackage: com.samsung.android.contacts: TSI.iIC@BgU
01-04 22:12:37.643  3755  3755 D UniversalCredentialManagerService: ****MSG_LOCK_STATUS_UPDATE block started****
01-04 22:12:37.643  3755  3755 D UniversalCredentialManagerService: notifyChangeToPlugin is called for Lock status update...
01-04 22:12:37.643  3755  3755 D UcmService: notifyChangeToPlugin event 15
01-04 22:12:37.643  3755  3755 D UcmService: checkCallerPermissionFor is called for method-notifyChangeToPlugin
01-04 22:12:37.643  3755  3755 I UcmService: checkIfNotify for cs Name = com.samsung.ucs.agent.boot:com.samsung.ucs.agent.boot Package name = com.samsung.ucs.agent.boot
01-04 22:12:37.643  3755  3755 D UcmService: notifying to unmanaged plugin
01-04 22:12:37.644  9584  9596 D BootAgentService: notifyChange eventId-15
01-04 22:12:37.645  3755  3755 D UcmService: activeAgent com.samsung.ucs.agent.boot:com.samsung.ucs.agent.boot notify status - -1
01-04 22:12:37.645  3755  3755 D UcmService: activeAgent status--1
01-04 22:12:37.645  3755  3755 D UniversalCredentialManagerService: ****MSG_LOCK_STATUS_UPDATE block ended****
01-04 22:12:37.648  3755  6006 I Telecom : TelecomFeature: getContactsPackageName: com.samsung.android.contacts: TSI.iIC@BgY
01-04 22:12:37.649  3755  6006 I Telecom : com.android.server.telecom.TelecomServiceImpl$1: getSystemDialerPackage: com.samsung.android.contacts: TSI.iIC@BgY
01-04 22:12:37.650  3755  6006 I Telecom : TelecomFeature: getContactsPackageName: com.samsung.android.contacts: TSI.iIC@BgY
01-04 22:12:37.650  3755  6006 I Telecom : com.android.server.telecom.TelecomServiceImpl$1: getSystemDialerPackage: com.samsung.android.contacts: TSI.iIC@BgY
01-04 22:12:37.654  3755  3772 D CompatibilityInfo: mCompatibilityFlags - 0
01-04 22:12:37.654  3755  3772 D CompatibilityInfo: applicationDensity - 420
01-04 22:12:37.654  3755  3772 D CompatibilityInfo: applicationScale - 1.0
01-04 22:12:37.658  3755  6008 I Telecom : TelecomFeature: getContactsPackageName: com.samsung.android.contacts: TSI.iIC@Bgc
01-04 22:12:37.658  3755  6008 I Telecom : com.android.server.telecom.TelecomServiceImpl$1: getSystemDialerPackage: com.samsung.android.contacts: TSI.iIC@Bgc
01-04 22:12:37.659  3755  6008 I Telecom : TelecomFeature: getContactsPackageName: com.samsung.android.contacts: TSI.iIC@Bgc
01-04 22:12:37.659  3755  6008 I Telecom : com.android.server.telecom.TelecomServiceImpl$1: getSystemDialerPackage: com.samsung.android.contacts: TSI.iIC@Bgc
