01-25 02:02:17.408 25810 25810 D ViewRootImpl@c266894[GameActivity]: ViewPostImeInputStage processPointer 1
01-25 02:02:17.480  3755  4963 E Watchdog: !@Sync 2119 [25_Jan_02_02_17.479]
01-25 02:02:18.058 22286 25227 I System.out: (HTTPLog)-Static: isSBSettingEnabled false
01-25 02:02:18.059 22286 25227 I System.out: (HTTPLog)-Static: isSBSettingEnabled false
01-25 02:02:18.083  3755  7368 D ConnectivityService: filterNetworkStateForUid() uid: 10029 networkInfo: [type: WIFI[] - WIFI, state: CONNECTED/CONNECTED, reason: (unspecified), extra: "wilkinson2.4", failover: false, available: true, roaming: false, metered: false]
01-25 02:02:18.084  3755  5048 D ConnectivityService: filterNetworkStateForUid() uid: 10029 networkInfo: [type: WIFI[] - WIFI, state: CONNECTED/CONNECTED, reason: (unspecified), extra: "wilkinson2.4", failover: false, available: true, roaming: false, metered: false]
01-25 02:02:18.427  3755  4459 D WifiStateMachine: Current network is: "wilkinson2.4" , ID is: 30
01-25 02:02:18.427  3755  4459 I WifiStateMachine: IMS calling, current network is always qualified
01-25 02:02:18.532  3755  4415 D InputReader: Input event(3): value=1 when=63606713071000
01-25 02:02:18.532  3755  4415 D InputReader: Input event(3): value=1 when=63606713071000
01-25 02:02:18.533  3755  4415 I InputReader: Touch event's action is 0x0 (deviceType=0) [pCnt=1, s=0.5747 ] when=63606713071000
01-25 02:02:18.533  3755  4414 I InputDispatcher: Delivering touch to (25810): action: 0x0, toolType: 1
01-25 02:02:18.537 25810 25830 V threaded_app: New input event: type=2
01-25 02:02:18.541 25810 25810 D ViewRootImpl@c266894[GameActivity]: ViewPostImeInputStage processPointer 0
01-25 02:02:18.566 25810 25830 V threaded_app: New input event: type=2
01-25 02:02:18.582 25810 25830 V threaded_app: New input event: type=2
01-25 02:02:18.599 25810 25830 V threaded_app: New input event: type=2
01-25 02:02:18.616 25810 25830 V threaded_app: New input event: type=2
01-25 02:02:18.649 25810 25830 V threaded_app: New input event: type=2
01-25 02:02:18.666 25810 25830 V threaded_app: New input event: type=2
01-25 02:02:18.684  3755  4415 D InputReader: Input event(3): value=0 when=63606864894000
01-25 02:02:18.684  3755  4415 D InputReader: Input event(3): value=0 when=63606864894000
01-25 02:02:18.684  3755  4415 I InputReader: Touch event's action is 0x1 (deviceType=0) [pCnt=1, s=] when=63606864894000
01-25 02:02:18.685  3755  4414 I InputDispatcher: Delivering touch to (25810): action: 0x1, toolType: 1
01-25 02:02:18.687 25810 25830 V threaded_app: New input event: type=2
01-25 02:02:18.688 25810 25830 V threaded_app: New input event: type=2
01-25 02:02:18.689 25810 25810 D ViewRootImpl@c266894[GameActivity]: ViewPostImeInputStage processPointer 1
01-25 02:02:19.559  5679  5679 D io_stats: !@   8,0 r 747859 24858228 w 571583 15422224 d 91712 8791192 f 145317 145282 iot 1009080 626472 th 61440 61440 54636 pt 2280 inp 0 0 63607.740
01-25 02:02:19.811  3755  4415 D InputReader: Input event(3): value=1 when=63607992240000
01-25 02:02:19.811  3755  4415 D InputReader: Input event(3): value=1 when=63607992240000
01-25 02:02:19.811  3755  4415 I InputReader: Touch event's action is 0x0 (deviceType=0) [pCnt=1, s=0.5748 ] when=63607992240000
01-25 02:02:19.812  3755  4414 I InputDispatcher: Delivering touch to (25810): action: 0x0, toolType: 1
01-25 02:02:19.812 25810 25830 V threaded_app: New input event: type=2
01-25 02:02:19.814 25810 25810 D ViewRootImpl@c266894[GameActivity]: ViewPostImeInputStage processPointer 0
01-25 02:02:19.836  3755  4444 D BatteryService: !@BatteryListener : batteryPropertiesChanged!
01-25 02:02:19.836 25810 25830 V threaded_app: New input event: type=2
01-25 02:02:19.836  3755  4444 D BatteryService: level:68, scale:100, status:2, health:2, present:true, voltage: 4057, temperature: 309, technology: Li-ion, AC powered:false, USB powered:true, POGO powered:false, Wireless powered:false, icon:17303694, invalid charger:0, maxChargingCurrent:0, maxChargingVoltage:0, chargeCounter:0
01-25 02:02:19.836  3755  4444 D BatteryService: online:6, current avg:524, charge type:1, power sharing:false, high voltage charger:false, capacity:280000, batterySWSelfDischarging:false, misc_event:0, current_now:488
01-25 02:02:19.837  3755  3755 D BatteryService: Sending ACTION_BATTERY_CHANGED.
01-25 02:02:19.846  3755  3755 V UiModeManager: updateLocked: null action, mDockState=0, category=null
01-25 02:02:19.846  3755  3755 D UiModeManager: updateConfigurationLocked: mDockState=0; mCarMode=false; mNightMode=1; uiMode=17
01-25 02:02:19.847  3755  3755 D GameManagerService: new battery level: 68
01-25 02:02:19.850  4621  4621 D KeyguardUpdateMonitor: received broadcast android.intent.action.BATTERY_CHANGED
01-25 02:02:19.851  4621  4621 D KeyguardUpdateMonitor: handleBatteryUpdate
01-25 02:02:19.852 25810 25830 V threaded_app: New input event: type=2
01-25 02:02:19.857  4621  4621 D PowerUI : priorPlugType = 2 mPlugType =  2
01-25 02:02:19.859  4621  4621 D PowerUI.Notification: showChargingNotice oldChargingType : 1 currentChargingType : 1 oldChargingTime : 4463000 mChargingTime : 4452000
01-25 02:02:19.859  4621  4621 D PowerUI.Notification: showChargingNotification()
01-25 02:02:19.864  5021  5021 D PhoneApp: PhoneAppBroadcastReceiver onReceive android.intent.action.BATTERY_CHANGED
01-25 02:02:19.864  5021  5021 D TelephonyExtensionManager: lowBatterySound - isLowBatterySoundScheduled: false
01-25 02:02:19.864  5021  5021 D TelephonyExtensionManager: lowBatterySound - isPlayNow: false
01-25 02:02:19.865  5021  5021 D TelephonyExtensionManager: isSpeakerON - false
01-25 02:02:19.868 25810 25830 V threaded_app: New input event: type=2
01-25 02:02:19.875 25810 25810 D UE4     : Battery: status = 2, rawlevel = 68, scale = 100
01-25 02:02:19.875 25810 25810 D UE4     : nativeBatteryEvent(stat = 2, lvl = 68  temp = 30.90 C)
01-25 02:02:19.877  5021  5021 D TelephonyExtensionManager: lowBatterySound - batteryStatus: 2
01-25 02:02:19.877  5021  5021 D TelephonyExtensionManager: lowBatterySound - batteryLevel: 68
01-25 02:02:19.877  5021  5021 D TelephonyExtensionManager: lowBatterySound - cancel
01-25 02:02:19.878  3755  7364 D SamsungAlarmManager: Cancel Alarm calling from uid:1001 pid :5021 / op:PendingIntent{d0cb85b: PendingIntentRecord{9ab141e com.android.phone broadcastIntent}}
01-25 02:02:19.880  3755  7347 D ApplicationPolicy: isStatusBarNotificationAllowedAsUser: packageName = com.android.systemui,userId = -1
01-25 02:02:19.880  5021  5021 D TelephonyExtension: Not stopping low battery tone
01-25 02:02:19.883  4621  4621 D BatteryMeterDrawable: isSomethingChanged - false
01-25 02:02:19.883  4621  4621 D BatteryMeterDrawable: isSomethingChanged - false
01-25 02:02:19.885 25810 25830 V threaded_app: New input event: type=2
01-25 02:02:19.891  4621  4621 D Tile.FlashlightTile: ACTION_BATTERY_CHANGED - Level :: 68, emEnabled :: false
01-25 02:02:19.903 25810 25830 V threaded_app: New input event: type=2
01-25 02:02:19.926  4621  4621 D KeyguardServiceBoxContainer: updateCMAS() hasCmasNotification = false, mHasCMAS = false
01-25 02:02:19.951 25810 25830 V threaded_app: New input event: type=2
01-25 02:02:19.970 25810 25830 V threaded_app: New input event: type=2
01-25 02:02:19.974  3755  4415 D InputReader: Input event(3): value=0 when=63608155014000
01-25 02:02:19.974  3755  4415 D InputReader: Input event(3): value=0 when=63608155014000
01-25 02:02:19.974  3755  4415 I InputReader: Touch event's action is 0x1 (deviceType=0) [pCnt=1, s=] when=63608155014000
01-25 02:02:19.974  3755  4414 I InputDispatcher: Delivering touch to (25810): action: 0x1, toolType: 1
01-25 02:02:19.975 25810 25830 V threaded_app: New input event: type=2
01-25 02:02:19.977 25810 25830 V threaded_app: New input event: type=2
01-25 02:02:19.979 25810 25810 D ViewRootImpl@c266894[GameActivity]: ViewPostImeInputStage processPointer 1
01-25 02:02:20.059  9254  9254 V MediaRouter: Dispatching route change: UserRouteInfo{ name=XBR-65X900E, description=BRAVIA 4K GB, status=null, category=RouteCategory{ name=Devices types=ROUTE_TYPE_USER  groupable=false }, supportedTypes=ROUTE_TYPE_USER , presentationDisplay=null }
01-25 02:02:20.059  9254  9254 V MediaRouter: Dispatching route change: UserRouteInfo{ name=XBR-65X900E, description=BRAVIA 4K GB, status=null, category=RouteCategory{ name=Devices types=ROUTE_TYPE_USER  groupable=false }, supportedTypes=ROUTE_TYPE_USER , presentationDisplay=null }
01-25 02:02:20.768  3755  4415 D InputReader: Input event(3): value=1 when=63608948869000
01-25 02:02:20.768  3755  4415 D InputReader: Input event(3): value=1 when=63608948869000
01-25 02:02:20.768  3755  4415 I InputReader: Touch event's action is 0x0 (deviceType=0) [pCnt=1, s=0.5749 ] when=63608948869000
01-25 02:02:20.769  3755  4414 I InputDispatcher: Delivering touch to (25810): action: 0x0, toolType: 1
01-25 02:02:20.772 25810 25830 V threaded_app: New input event: type=2
01-25 02:02:20.773 25810 25810 D ViewRootImpl@c266894[GameActivity]: ViewPostImeInputStage processPointer 0
01-25 02:02:20.786 25810 25830 V threaded_app: New input event: type=2
01-25 02:02:20.801 25810 25936 I libOpenSLES: Emulating old channel mask behavior (ignoring positional mask 0x4, using default mask 0x1 based on channel count of 1)
01-25 02:02:20.802 25810 25936 W AudioTrack: AUDIO_OUTPUT_FLAG_FAST denied by client; transfer 1, track 44100 Hz, output 48000 Hz
01-25 02:02:20.802  3241 11448 I AudioFlinger: add dynamic flag, can move to deep thread, session 18353
01-25 02:02:20.805 25810 25936 D AudioTrack: Client defaulted notificationFrames to 1181 for frameCount 3544
01-25 02:02:20.807 25810 25830 V threaded_app: New input event: type=2
01-25 02:02:20.807 25810 25936 I AudioTrack: This process already got info. FadeIn[0] FadeOut[0] FadeInRing[0]
01-25 02:02:20.808  3241  9518 W AudioPolicyIntefaceImpl: Skipped to add effects on session 18353
01-25 02:02:20.808  3241  9518 I APM_AudioPolicyManager: startOutput() output 21, stream 3, session 18353
01-25 02:02:20.819 25810 25830 V threaded_app: New input event: type=2
01-25 02:02:20.837 25810 25830 V threaded_app: New input event: type=2
01-25 02:02:20.841  3241  3486 I AudioMixer: create resampler src 44100, 1, dst 48000, 1, q 8
01-25 02:02:20.841  3241  3486 D SoundAliveResampler: [SoundAliveResampler] Init+++
01-25 02:02:20.853 25810 25830 V threaded_app: New input event: type=2
01-25 02:02:20.871 25810 25830 V threaded_app: New input event: type=2
01-25 02:02:20.892 25810 25830 V threaded_app: New input event: type=2
01-25 02:02:20.904 25810 25830 V threaded_app: New input event: type=2
01-25 02:02:20.921  3755  4415 D InputReader: Input event(3): value=0 when=63609100720000
01-25 02:02:20.921  3755  4415 D InputReader: Input event(3): value=0 when=63609100720000
01-25 02:02:20.921  3755  4415 I InputReader: Touch event's action is 0x1 (deviceType=0) [pCnt=1, s=] when=63609100720000
01-25 02:02:20.922  3755  4414 I InputDispatcher: Delivering touch to (25810): action: 0x1, toolType: 1
01-25 02:02:20.924 25810 25830 V threaded_app: New input event: type=2
01-25 02:02:20.925 25810 25830 V threaded_app: New input event: type=2
01-25 02:02:20.928 25810 25810 D ViewRootImpl@c266894[GameActivity]: ViewPostImeInputStage processPointer 1
01-25 02:02:21.110 25810 26208 I AudioTrack: Skip ramp
01-25 02:02:21.206  3241  3373 I APM_AudioPolicyManager: stopOutput() output 21, stream 3, session 18353
01-25 02:02:21.444  3755  4459 D WifiStateMachine: Current network is: "wilkinson2.4" , ID is: 30
01-25 02:02:21.444  3755  4459 I WifiStateMachine: IMS calling, current network is always qualified
01-25 02:02:21.485  3755  4415 D InputReader: Input event(3): value=1 when=63609666459000
01-25 02:02:21.485  3755  4415 D InputReader: Input event(3): value=1 when=63609666459000
01-25 02:02:21.485  3755  4415 I InputReader: Touch event's action is 0x0 (deviceType=0) [pCnt=1, s=0.5750 ] when=63609666459000
01-25 02:02:21.486  3755  4414 I InputDispatcher: Delivering touch to (25810): action: 0x0, toolType: 1
01-25 02:02:21.486 25810 25830 V threaded_app: New input event: type=2
01-25 02:02:21.487 25810 25810 D ViewRootImpl@c266894[GameActivity]: ViewPostImeInputStage processPointer 0
01-25 02:02:21.496 25810 25936 I libOpenSLES: Emulating old channel mask behavior (ignoring positional mask 0x4, using default mask 0x1 based on channel count of 1)
01-25 02:02:21.498 25810 25936 W AudioTrack: AUDIO_OUTPUT_FLAG_FAST denied by client; transfer 1, track 44100 Hz, output 48000 Hz
01-25 02:02:21.499  3241 19486 I AudioFlinger: add dynamic flag, can move to deep thread, session 18361
01-25 02:02:21.499 25810 25936 D AudioTrack: Client defaulted notificationFrames to 1181 for frameCount 3544
01-25 02:02:21.500 25810 25936 I AudioTrack: This process already got info. FadeIn[0] FadeOut[0] FadeInRing[0]
01-25 02:02:21.500  3241  3496 W AudioPolicyIntefaceImpl: Skipped to add effects on session 18361
01-25 02:02:21.500  3241  3496 I APM_AudioPolicyManager: startOutput() output 21, stream 3, session 18361
01-25 02:02:21.504 25810 25830 V threaded_app: New input event: type=2
01-25 02:02:21.521 25810 25830 V threaded_app: New input event: type=2
01-25 02:02:21.537  3241  3486 I AudioMixer: create resampler src 44100, 1, dst 48000, 1, q 8
01-25 02:02:21.538  3241  3486 D SoundAliveResampler: [SoundAliveResampler] Init+++
01-25 02:02:21.541 25810 25830 V threaded_app: New input event: type=2
01-25 02:02:21.555 25810 25830 V threaded_app: New input event: type=2
01-25 02:02:21.571 25810 25830 V threaded_app: New input event: type=2
01-25 02:02:21.588 25810 25830 V threaded_app: New input event: type=2
01-25 02:02:21.604 25810 25830 V threaded_app: New input event: type=2
01-25 02:02:21.622 25810 25830 V threaded_app: New input event: type=2
01-25 02:02:21.638 25810 25830 V threaded_app: New input event: type=2
01-25 02:02:21.654 25810 25830 V threaded_app: New input event: type=2
01-25 02:02:21.659  3755  4415 D InputReader: Input event(3): value=0 when=63609840175000
01-25 02:02:21.659  3755  4415 D InputReader: Input event(3): value=0 when=63609840175000
01-25 02:02:21.659  3755  4415 I InputReader: Touch event's action is 0x1 (deviceType=0) [pCnt=1, s=] when=63609840175000
01-25 02:02:21.660  3755  4414 I InputDispatcher: Delivering touch to (25810): action: 0x1, toolType: 1
01-25 02:02:21.661 25810 25830 V threaded_app: New input event: type=2
01-25 02:02:21.662 25810 25810 D ViewRootImpl@c266894[GameActivity]: ViewPostImeInputStage processPointer 1
01-25 02:02:21.681 25810 25832 D UE4     : Used memory: 230052
01-25 02:02:21.811 25810 26211 I AudioTrack: Skip ramp
01-25 02:02:21.907  3241  3373 I APM_AudioPolicyManager: stopOutput() output 21, stream 3, session 18361
01-25 02:02:22.372  3755  4354 D SamsungAlarmManager: Expired : 8
01-25 02:02:22.373  3755  4354 I SamsungAlarmManager: setLocked to kernel - T:3 / 20190125T020300, SetElapsed=123371928, nowELAPSED=123334300
01-25 02:02:22.374  3755  4354 V SamsungAlarmManager: Sending to uid : 10059 action=null alarm=Alarm{ff868f8 type 3 when 123334299 com.asurion.android.verizon.vms}
01-25 02:02:22.386  3755  4354 D CompatibilityInfo: mCompatibilityFlags - 0
01-25 02:02:22.386  3755  4354 D CompatibilityInfo: applicationDensity - 420
01-25 02:02:22.387  3755  4354 D CompatibilityInfo: applicationScale - 1.0
01-25 02:02:22.427  3755  7395 D SamsungAlarmManager: setExact Intent (T:3/F:5/AC:false) 20190125T020227 - CU:10059/CP:6576
01-25 02:02:22.427  3755  7395 I SamsungAlarmManager: setLocked to kernel - T:3 / 20190125T020227, SetElapsed=123339346, nowELAPSED=123334354
01-25 02:02:22.433  3755  4448 I ActivityManager: Killing 25414:com.android.documentsui/u0a114 (adj 906): DHA:empty #31
01-25 02:02:22.451  3755  6065 D ActivityManager: cleanUpApplicationRecord -- 25414
01-25 02:02:22.454  5967  5983 D ForegroundUtils: could not check pending caller
01-25 02:02:22.532  3755  4415 D InputReader: Input event(3): value=1 when=63610712750000
01-25 02:02:22.532  3755  4415 D InputReader: Input event(3): value=1 when=63610712750000
01-25 02:02:22.532  3755  4415 I InputReader: Touch event's action is 0x0 (deviceType=0) [pCnt=1, s=0.5751 ] when=63610712750000
01-25 02:02:22.532  3755  4414 I InputDispatcher: Delivering touch to (25810): action: 0x0, toolType: 1
01-25 02:02:22.533 25810 25830 V threaded_app: New input event: type=2
01-25 02:02:22.534 25810 25810 D ViewRootImpl@c266894[GameActivity]: ViewPostImeInputStage processPointer 0
01-25 02:02:22.545 25810 25936 I libOpenSLES: Emulating old channel mask behavior (ignoring positional mask 0x3, using default mask 0x3 based on channel count of 2)
01-25 02:02:22.546 25810 25936 W AudioTrack: AUDIO_OUTPUT_FLAG_FAST denied by client; transfer 1, track 44100 Hz, output 48000 Hz
01-25 02:02:22.547  3241  3810 I AudioFlinger: add dynamic flag, can move to deep thread, session 18369
01-25 02:02:22.548 25810 25936 D AudioTrack: Client defaulted notificationFrames to 1181 for frameCount 3544
01-25 02:02:22.549 25810 25936 I AudioTrack: This process already got info. FadeIn[0] FadeOut[0] FadeInRing[0]
01-25 02:02:22.549  3241 11448 W AudioPolicyIntefaceImpl: Skipped to add effects on session 18369
01-25 02:02:22.549  3241 11448 I APM_AudioPolicyManager: startOutput() output 21, stream 3, session 18369
01-25 02:02:22.557 25810 25830 V threaded_app: New input event: type=2
01-25 02:02:22.574 25810 25830 V threaded_app: New input event: type=2
01-25 02:02:22.587  3241  3486 I AudioMixer: create resampler src 44100, 2, dst 48000, 2, q 8
01-25 02:02:22.588  3241  3486 D SoundAliveResampler: [SoundAliveResampler] Init+++
01-25 02:02:22.590 25810 25830 V threaded_app: New input event: type=2
01-25 02:02:22.607 25810 25830 V threaded_app: New input event: type=2
01-25 02:02:22.624 25810 25830 V threaded_app: New input event: type=2
01-25 02:02:22.707 25810 25830 V threaded_app: New input event: type=2
01-25 02:02:22.727  3755  4415 D InputReader: Input event(3): value=0 when=63610907766000
01-25 02:02:22.727  3755  4415 D InputReader: Input event(3): value=0 when=63610907766000
01-25 02:02:22.727  3755  4415 I InputReader: Touch event's action is 0x1 (deviceType=0) [pCnt=1, s=] when=63610907766000
01-25 02:02:22.727  3755  4414 I InputDispatcher: Delivering touch to (25810): action: 0x1, toolType: 1
01-25 02:02:22.728 25810 25830 V threaded_app: New input event: type=2
01-25 02:02:22.732 25810 25810 D ViewRootImpl@c266894[GameActivity]: ViewPostImeInputStage processPointer 1
01-25 02:02:23.497  3755  4415 D InputReader: Input event(3): value=1 when=63611678092000
01-25 02:02:23.497  3755  4415 D InputReader: Input event(3): value=1 when=63611678092000
01-25 02:02:23.498  3755  4415 I InputReader: Touch event's action is 0x0 (deviceType=0) [pCnt=1, s=0.5752 ] when=63611678092000
01-25 02:02:23.498  3755  4414 I InputDispatcher: Delivering touch to (25810): action: 0x0, toolType: 1
01-25 02:02:23.500 25810 25830 V threaded_app: New input event: type=2
01-25 02:02:23.501 25810 25810 D ViewRootImpl@c266894[GameActivity]: ViewPostImeInputStage processPointer 0
01-25 02:02:23.518 25810 25936 I libOpenSLES: Emulating old channel mask behavior (ignoring positional mask 0x3, using default mask 0x3 based on channel count of 2)
01-25 02:02:23.519 25810 25936 W AudioTrack: AUDIO_OUTPUT_FLAG_FAST denied by client; transfer 1, track 44100 Hz, output 48000 Hz
01-25 02:02:23.519  3241 19486 I AudioFlinger: add dynamic flag, can move to deep thread, session 18377
01-25 02:02:23.520 25810 25936 D AudioTrack: Client defaulted notificationFrames to 1181 for frameCount 3544
01-25 02:02:23.521 25810 25936 I AudioTrack: This process already got info. FadeIn[0] FadeOut[0] FadeInRing[0]
01-25 02:02:23.521  3241 18202 W AudioPolicyIntefaceImpl: Skipped to add effects on session 18377
01-25 02:02:23.521  3241 18202 I APM_AudioPolicyManager: startOutput() output 21, stream 3, session 18377
01-25 02:02:23.525 25810 25830 V threaded_app: New input event: type=2
01-25 02:02:23.541 25810 25830 V threaded_app: New input event: type=2
01-25 02:02:23.550  3241  3486 I AudioMixer: create resampler src 44100, 2, dst 48000, 2, q 8
01-25 02:02:23.550  3241  3486 D SoundAliveResampler: [SoundAliveResampler] Init+++
01-25 02:02:23.559 25810 25830 V threaded_app: New input event: type=2
01-25 02:02:23.575 25810 25830 V threaded_app: New input event: type=2
01-25 02:02:23.594 25810 25830 V threaded_app: New input event: type=2
01-25 02:02:23.613 25810 25830 V threaded_app: New input event: type=2
01-25 02:02:23.626 25810 25830 V threaded_app: New input event: type=2
01-25 02:02:23.642 25810 25830 V threaded_app: New input event: type=2
01-25 02:02:23.659 25810 25830 V threaded_app: New input event: type=2
01-25 02:02:23.670  3755  4415 D InputReader: Input event(3): value=0 when=63611851530000
01-25 02:02:23.670  3755  4415 D InputReader: Input event(3): value=0 when=63611851530000
01-25 02:02:23.670  3755  4415 I InputReader: Touch event's action is 0x1 (deviceType=0) [pCnt=1, s=] when=63611851530000
01-25 02:02:23.671  3755  4414 I InputDispatcher: Delivering touch to (25810): action: 0x1, toolType: 1
01-25 02:02:23.671 25810 25830 V threaded_app: New input event: type=2
01-25 02:02:23.672 25810 25810 D ViewRootImpl@c266894[GameActivity]: ViewPostImeInputStage processPointer 1
01-25 02:02:23.979 25810 26213 I AudioTrack: Skip ramp
01-25 02:02:24.072  3241  3373 I APM_AudioPolicyManager: stopOutput() output 21, stream 3, session 18369
01-25 02:02:24.467  3755  4459 D WifiStateMachine: Current network is: "wilkinson2.4" , ID is: 30
01-25 02:02:24.467  3755  4459 I WifiStateMachine: IMS calling, current network is always qualified
01-25 02:02:24.554  3755  4415 D InputReader: Input event(3): value=1 when=63612734845000
01-25 02:02:24.554  3755  4415 D InputReader: Input event(3): value=1 when=63612734845000
01-25 02:02:24.554  3755  4415 I InputReader: Touch event's action is 0x0 (deviceType=0) [pCnt=1, s=0.5753 ] when=63612734845000
01-25 02:02:24.554  3755  4414 I InputDispatcher: Delivering touch to (25810): action: 0x0, toolType: 1
01-25 02:02:24.555 25810 25830 V threaded_app: New input event: type=2
01-25 02:02:24.555  3755  4414 D PowerManagerService: [api] userActivityFromNative : 20 (event: 2 flags: 0) eventTime = 63612734
01-25 02:02:24.556 25810 25810 D ViewRootImpl@c266894[GameActivity]: ViewPostImeInputStage processPointer 0
01-25 02:02:24.561  5679  5679 D io_stats: !@   8,0 r 747859 24858228 w 571607 15422556 d 91712 8791192 f 145346 145311 iot 1009170 626481 th 61440 61440 54636 pt 2280 inp 0 0 63612.742
01-25 02:02:24.571 25810 25936 I libOpenSLES: Emulating old channel mask behavior (ignoring positional mask 0x3, using default mask 0x3 based on channel count of 2)
01-25 02:02:24.572 25810 25936 W AudioTrack: AUDIO_OUTPUT_FLAG_FAST denied by client; transfer 1, track 44100 Hz, output 48000 Hz
01-25 02:02:24.572  3241 18202 I AudioFlinger: add dynamic flag, can move to deep thread, session 18385
01-25 02:02:24.573 25810 25936 D AudioTrack: Client defaulted notificationFrames to 1181 for frameCount 3544
01-25 02:02:24.574 25810 25936 I AudioTrack: This process already got info. FadeIn[0] FadeOut[0] FadeInRing[0]
01-25 02:02:24.574  3241  9518 W AudioPolicyIntefaceImpl: Skipped to add effects on session 18385
01-25 02:02:24.574  3241  9518 I APM_AudioPolicyManager: startOutput() output 21, stream 3, session 18385
01-25 02:02:24.577 25810 25830 V threaded_app: New input event: type=2
01-25 02:02:24.593 25810 25830 V threaded_app: New input event: type=2
01-25 02:02:24.611 25810 25830 V threaded_app: New input event: type=2
01-25 02:02:24.615  3241  3486 I AudioMixer: create resampler src 44100, 2, dst 48000, 2, q 8
01-25 02:02:24.616  3241  3486 D SoundAliveResampler: [SoundAliveResampler] Init+++
01-25 02:02:24.627 25810 25830 V threaded_app: New input event: type=2
01-25 02:02:24.644 25810 25830 V threaded_app: New input event: type=2
01-25 02:02:24.661 25810 25830 V threaded_app: New input event: type=2
01-25 02:02:24.679 25810 25830 V threaded_app: New input event: type=2
01-25 02:02:24.694 25810 25830 V threaded_app: New input event: type=2
01-25 02:02:24.710 25810 25830 V threaded_app: New input event: type=2
01-25 02:02:24.716  3755  4415 D InputReader: Input event(3): value=0 when=63612897637000
01-25 02:02:24.717  3755  4415 D InputReader: Input event(3): value=0 when=63612897637000
01-25 02:02:24.717  3755  4415 I InputReader: Touch event's action is 0x1 (deviceType=0) [pCnt=1, s=] when=63612897637000
01-25 02:02:24.718  3755  4414 I InputDispatcher: Delivering touch to (25810): action: 0x1, toolType: 1
01-25 02:02:24.718 25810 25830 V threaded_app: New input event: type=2
01-25 02:02:24.719 25810 25830 V threaded_app: New input event: type=2
01-25 02:02:24.720 25810 25810 D ViewRootImpl@c266894[GameActivity]: ViewPostImeInputStage processPointer 1
01-25 02:02:24.818 25810 26216 I AudioTrack: Skip ramp
01-25 02:02:24.917  3241  3373 I APM_AudioPolicyManager: stopOutput() output 21, stream 3, session 18377
01-25 02:02:25.498  3755  4415 D InputReader: Input event(3): value=1 when=63613679563000
01-25 02:02:25.499  3755  4415 D InputReader: Input event(3): value=1 when=63613679563000
01-25 02:02:25.499  3755  4415 I InputReader: Touch event's action is 0x0 (deviceType=0) [pCnt=1, s=0.5754 ] when=63613679563000
01-25 02:02:25.499  3755  4414 I InputDispatcher: Delivering touch to (25810): action: 0x0, toolType: 1
01-25 02:02:25.500 25810 25830 V threaded_app: New input event: type=2
01-25 02:02:25.503 25810 25810 D ViewRootImpl@c266894[GameActivity]: ViewPostImeInputStage processPointer 0
01-25 02:02:25.513 25810 25936 I libOpenSLES: Emulating old channel mask behavior (ignoring positional mask 0x3, using default mask 0x3 based on channel count of 2)
01-25 02:02:25.514 25810 25936 W AudioTrack: AUDIO_OUTPUT_FLAG_FAST denied by client; transfer 1, track 44100 Hz, output 48000 Hz
01-25 02:02:25.515  3241  9518 I AudioFlinger: add dynamic flag, can move to deep thread, session 18393
01-25 02:02:25.517 25810 25936 D AudioTrack: Client defaulted notificationFrames to 1181 for frameCount 3544
01-25 02:02:25.518 25810 25936 I AudioTrack: This process already got info. FadeIn[0] FadeOut[0] FadeInRing[0]
01-25 02:02:25.519  3241 19487 W AudioPolicyIntefaceImpl: Skipped to add effects on session 18393
01-25 02:02:25.519  3241 19487 I APM_AudioPolicyManager: startOutput() output 21, stream 3, session 18393
01-25 02:02:25.520 25810 25936 I libOpenSLES: Emulating old channel mask behavior (ignoring positional mask 0x3, using default mask 0x3 based on channel count of 2)
01-25 02:02:25.522 25810 25936 W AudioTrack: AUDIO_OUTPUT_FLAG_FAST denied by client; transfer 1, track 44100 Hz, output 48000 Hz
01-25 02:02:25.522  3241  3241 I AudioFlinger: add dynamic flag, can move to deep thread, session 18401
01-25 02:02:25.523 25810 25936 D AudioTrack: Client defaulted notificationFrames to 1181 for frameCount 3544
01-25 02:02:25.524 25810 25936 I AudioTrack: This process already got info. FadeIn[0] FadeOut[0] FadeInRing[0]
01-25 02:02:25.524  3241 19486 W AudioPolicyIntefaceImpl: Skipped to add effects on session 18401
01-25 02:02:25.524  3241 19486 I APM_AudioPolicyManager: startOutput() output 21, stream 3, session 18401
01-25 02:02:25.529 25810 25830 V threaded_app: New input event: type=2
01-25 02:02:25.548 25810 25830 V threaded_app: New input event: type=2
01-25 02:02:25.557  3241  3486 I AudioMixer: create resampler src 44100, 2, dst 48000, 2, q 8
01-25 02:02:25.557  3241  3486 I AudioMixer: create resampler src 44100, 2, dst 48000, 2, q 8
01-25 02:02:25.558  3241  3486 D SoundAliveResampler: [SoundAliveResampler] Init+++
01-25 02:02:25.559  3241  3486 D SoundAliveResampler: [SoundAliveResampler] Init+++
01-25 02:02:25.562 25810 25830 V threaded_app: New input event: type=2
01-25 02:02:25.579 25810 25830 V threaded_app: New input event: type=2
01-25 02:02:25.597 25810 25830 V threaded_app: New input event: type=2
01-25 02:02:25.611 25810 25830 V threaded_app: New input event: type=2
01-25 02:02:25.629 25810 25830 V threaded_app: New input event: type=2
01-25 02:02:25.645 25810 25830 V threaded_app: New input event: type=2
01-25 02:02:25.663 25810 25830 V threaded_app: New input event: type=2
01-25 02:02:25.671  3755  4415 D InputReader: Input event(3): value=0 when=63613852386000
01-25 02:02:25.671  3755  4415 D InputReader: Input event(3): value=0 when=63613852386000
01-25 02:02:25.671  3755  4415 I InputReader: Touch event's action is 0x1 (deviceType=0) [pCnt=1, s=] when=63613852386000
01-25 02:02:25.672  3755  4414 I InputDispatcher: Delivering touch to (25810): action: 0x1, toolType: 1
01-25 02:02:25.672 25810 25830 V threaded_app: New input event: type=2
01-25 02:02:25.674 25810 25810 D ViewRootImpl@c266894[GameActivity]: ViewPostImeInputStage processPointer 1
01-25 02:02:25.923 25810 26219 I AudioTrack: Skip ramp
01-25 02:02:26.021  3241  3373 I APM_AudioPolicyManager: stopOutput() output 21, stream 3, session 18385
01-25 02:02:26.723  3755  4415 D InputReader: Input event(3): value=1 when=63614903894000
01-25 02:02:26.723  3755  4415 D InputReader: Input event(3): value=1 when=63614903894000
01-25 02:02:26.723  3755  4415 I InputReader: Touch event's action is 0x0 (deviceType=0) [pCnt=1, s=0.5755 ] when=63614903894000
01-25 02:02:26.724  3755  4414 I InputDispatcher: Delivering touch to (25810): action: 0x0, toolType: 1
01-25 02:02:26.727 25810 25830 V threaded_app: New input event: type=2
01-25 02:02:26.728 25810 25810 D ViewRootImpl@c266894[GameActivity]: ViewPostImeInputStage processPointer 0
01-25 02:02:26.749 25810 25936 I libOpenSLES: Emulating old channel mask behavior (ignoring positional mask 0x3, using default mask 0x3 based on channel count of 2)
01-25 02:02:26.750 25810 25830 V threaded_app: New input event: type=2
01-25 02:02:26.751 25810 25936 W AudioTrack: AUDIO_OUTPUT_FLAG_FAST denied by client; transfer 1, track 44100 Hz, output 48000 Hz
01-25 02:02:26.751  3241 19486 I AudioFlinger: add dynamic flag, can move to deep thread, session 18409
01-25 02:02:26.752 25810 25936 D AudioTrack: Client defaulted notificationFrames to 1181 for frameCount 3544
01-25 02:02:26.753 25810 25936 I AudioTrack: This process already got info. FadeIn[0] FadeOut[0] FadeInRing[0]
01-25 02:02:26.754  3241  3496 W AudioPolicyIntefaceImpl: Skipped to add effects on session 18409
01-25 02:02:26.754  3241  3496 I APM_AudioPolicyManager: startOutput() output 21, stream 3, session 18409
01-25 02:02:26.754 25810 25936 I libOpenSLES: Emulating old channel mask behavior (ignoring positional mask 0x3, using default mask 0x3 based on channel count of 2)
01-25 02:02:26.756 25810 25936 W AudioTrack: AUDIO_OUTPUT_FLAG_FAST denied by client; transfer 1, track 44100 Hz, output 48000 Hz
01-25 02:02:26.757  3241  3810 I AudioFlinger: add dynamic flag, can move to deep thread, session 18417
01-25 02:02:26.759 25810 25936 D AudioTrack: Client defaulted notificationFrames to 1181 for frameCount 3544
01-25 02:02:26.761 25810 25936 I AudioTrack: This process already got info. FadeIn[0] FadeOut[0] FadeInRing[0]
01-25 02:02:26.761  3241 19486 W AudioPolicyIntefaceImpl: Skipped to add effects on session 18417
01-25 02:02:26.761  3241 19486 I APM_AudioPolicyManager: startOutput() output 21, stream 3, session 18417
01-25 02:02:26.764 25810 25830 V threaded_app: New input event: type=2
01-25 02:02:26.780 25810 25830 V threaded_app: New input event: type=2
01-25 02:02:26.791  3241  3486 I AudioMixer: create resampler src 44100, 2, dst 48000, 2, q 8
01-25 02:02:26.791  3241  3486 I AudioMixer: create resampler src 44100, 2, dst 48000, 2, q 8
01-25 02:02:26.791  3241  3486 D SoundAliveResampler: [SoundAliveResampler] Init+++
01-25 02:02:26.793  3241  3486 D SoundAliveResampler: [SoundAliveResampler] Init+++
01-25 02:02:26.797 25810 25830 V threaded_app: New input event: type=2
01-25 02:02:26.811 25810 26222 I AudioTrack: Skip ramp
01-25 02:02:26.813 25810 25830 V threaded_app: New input event: type=2
01-25 02:02:26.831 25810 25830 V threaded_app: New input event: type=2
01-25 02:02:26.857 25810 26223 I AudioTrack: Skip ramp
01-25 02:02:26.865 25810 25830 V threaded_app: New input event: type=2
01-25 02:02:26.875  3755  4415 D InputReader: Input event(3): value=0 when=63615055775000
01-25 02:02:26.875  3755  4415 D InputReader: Input event(3): value=0 when=63615055775000
01-25 02:02:26.875  3755  4415 I InputReader: Touch event's action is 0x1 (deviceType=0) [pCnt=1, s=] when=63615055775000
01-25 02:02:26.875  3755  4414 I InputDispatcher: Delivering touch to (25810): action: 0x1, toolType: 1
01-25 02:02:26.877 25810 25830 V threaded_app: New input event: type=2
01-25 02:02:26.878 25810 25830 V threaded_app: New input event: type=2
01-25 02:02:26.884 25810 25810 D ViewRootImpl@c266894[GameActivity]: ViewPostImeInputStage processPointer 1
01-25 02:02:26.896  3241  3373 I APM_AudioPolicyManager: stopOutput() output 21, stream 3, session 18393
01-25 02:02:26.956  3241  3373 I APM_AudioPolicyManager: stopOutput() output 21, stream 3, session 18401
01-25 02:02:27.312  3755  9977 D SSRM:t  : SIOP:: AP = 430, PST = 373 (W:10), CP = 277, CUR = 582, LCD = 148
01-25 02:02:27.313  3755  9977 D ConnectivityService: filterNetworkStateForUid() uid: 1000 networkInfo: [type: WIFI[] - WIFI, state: CONNECTED/CONNECTED, reason: (unspecified), extra: "wilkinson2.4", failover: false, available: true, roaming: false, metered: false]
01-25 02:02:27.419  3755  4354 D SamsungAlarmManager: Expired : 8
01-25 02:02:27.421  3755  4354 I SamsungAlarmManager: setLocked to kernel - T:3 / 20190125T020300, SetElapsed=123371928, nowELAPSED=123339349
01-25 02:02:27.422  3755  4354 V SamsungAlarmManager: Sending to uid : 10059 action=null alarm=Alarm{cd45436 type 3 when 123339346 com.asurion.android.verizon.vms}
01-25 02:02:27.431  3755  4354 D CompatibilityInfo: mCompatibilityFlags - 0
01-25 02:02:27.431  3755  4354 D CompatibilityInfo: applicationDensity - 420
01-25 02:02:27.431  3755  4354 D CompatibilityInfo: applicationScale - 1.0
01-25 02:02:27.457  3755  6279 D SamsungAlarmManager: setExact Intent (T:3/F:5/AC:false) 20190125T020232 - CU:10059/CP:6576
01-25 02:02:27.457  3755  6279 I SamsungAlarmManager: setLocked to kernel - T:3 / 20190125T020232, SetElapsed=123344373, nowELAPSED=123339385
01-25 02:02:27.482  3755  4459 D WifiStateMachine: Current network is: "wilkinson2.4" , ID is: 30
01-25 02:02:27.482  3755  4459 I WifiStateMachine: IMS calling, current network is always qualified
01-25 02:02:27.898  3755  4415 D InputReader: Input event(3): value=1 when=63616079607000
01-25 02:02:27.899  3755  4415 D InputReader: Input event(3): value=1 when=63616079607000
01-25 02:02:27.899  3755  4415 I InputReader: Touch event's action is 0x0 (deviceType=0) [pCnt=1, s=0.5756 ] when=63616079607000
01-25 02:02:27.899  3755  4414 I InputDispatcher: Delivering touch to (25810): action: 0x0, toolType: 1
01-25 02:02:27.903 25810 25830 V threaded_app: New input event: type=2
01-25 02:02:27.904 25810 25810 D ViewRootImpl@c266894[GameActivity]: ViewPostImeInputStage processPointer 0
01-25 02:02:27.920 25810 25936 I libOpenSLES: Emulating old channel mask behavior (ignoring positional mask 0x3, using default mask 0x3 based on channel count of 2)
01-25 02:02:27.923 25810 25936 W AudioTrack: AUDIO_OUTPUT_FLAG_FAST denied by client; transfer 1, track 44100 Hz, output 48000 Hz
01-25 02:02:27.923  3241 18202 I AudioFlinger: add dynamic flag, can move to deep thread, session 18425
01-25 02:02:27.924 25810 25936 D AudioTrack: Client defaulted notificationFrames to 1181 for frameCount 3544
01-25 02:02:27.925 25810 25936 I AudioTrack: This process already got info. FadeIn[0] FadeOut[0] FadeInRing[0]
01-25 02:02:27.925  3241  9518 W AudioPolicyIntefaceImpl: Skipped to add effects on session 18425
01-25 02:02:27.925  3241  9518 I APM_AudioPolicyManager: startOutput() output 21, stream 3, session 18425
01-25 02:02:27.926 25810 25936 I libOpenSLES: Emulating old channel mask behavior (ignoring positional mask 0x3, using default mask 0x3 based on channel count of 2)
01-25 02:02:27.927 25810 25936 W AudioTrack: AUDIO_OUTPUT_FLAG_FAST denied by client; transfer 1, track 44100 Hz, output 48000 Hz
01-25 02:02:27.927  3241  3496 I AudioFlinger: add dynamic flag, can move to deep thread, session 18433
01-25 02:02:27.930 25810 25936 D AudioTrack: Client defaulted notificationFrames to 1181 for frameCount 3544
01-25 02:02:27.931 25810 25936 I AudioTrack: This process already got info. FadeIn[0] FadeOut[0] FadeInRing[0]
01-25 02:02:27.931  3241  3810 W AudioPolicyIntefaceImpl: Skipped to add effects on session 18433
01-25 02:02:27.931  3241  3810 I APM_AudioPolicyManager: startOutput() output 21, stream 3, session 18433
01-25 02:02:27.932 25810 25830 V threaded_app: New input event: type=2
01-25 02:02:27.951 25810 25830 V threaded_app: New input event: type=2
01-25 02:02:27.957  3241  3486 I AudioMixer: create resampler src 44100, 2, dst 48000, 2, q 8
01-25 02:02:27.958  3241  3486 D SoundAliveResampler: [SoundAliveResampler] Init+++
01-25 02:02:27.966 25810 25830 V threaded_app: New input event: type=2
01-25 02:02:27.970  3241  3486 I AudioMixer: create resampler src 44100, 2, dst 48000, 2, q 8
01-25 02:02:27.971  3241  3486 D SoundAliveResampler: [SoundAliveResampler] Init+++
01-25 02:02:27.984 25810 25830 V threaded_app: New input event: type=2
01-25 02:02:27.999 25810 25830 V threaded_app: New input event: type=2
01-25 02:02:28.018 25810 25830 V threaded_app: New input event: type=2
01-25 02:02:28.034 25810 25830 V threaded_app: New input event: type=2
01-25 02:02:28.038 25810 26226 I AudioTrack: Skip ramp
01-25 02:02:28.051 25810 25830 V threaded_app: New input event: type=2
01-25 02:02:28.065 25810 25830 V threaded_app: New input event: type=2
01-25 02:02:28.072  3755  4415 D InputReader: Input event(3): value=0 when=63616253162000
01-25 02:02:28.072  3755  4415 D InputReader: Input event(3): value=0 when=63616253162000
01-25 02:02:28.072  3755  4415 I InputReader: Touch event's action is 0x1 (deviceType=0) [pCnt=1, s=] when=63616253162000
01-25 02:02:28.072  3755  4414 I InputDispatcher: Delivering touch to (25810): action: 0x1, toolType: 1
01-25 02:02:28.074 25810 25830 V threaded_app: New input event: type=2
01-25 02:02:28.074 25810 25830 V threaded_app: New input event: type=2
01-25 02:02:28.075 25810 25810 D ViewRootImpl@c266894[GameActivity]: ViewPostImeInputStage processPointer 1
01-25 02:02:28.095 25810 26227 I AudioTrack: Skip ramp
01-25 02:02:28.155  3241  3373 I APM_AudioPolicyManager: stopOutput() output 21, stream 3, session 18409
01-25 02:02:28.195  3241  3373 I APM_AudioPolicyManager: stopOutput() output 21, stream 3, session 18417
01-25 02:02:29.120  3755  4415 D InputReader: Input event(3): value=1 when=63617300650000
01-25 02:02:29.120  3755  4415 D InputReader: Input event(3): value=1 when=63617300650000
01-25 02:02:29.120  3755  4415 I InputReader: Touch event's action is 0x0 (deviceType=0) [pCnt=1, s=0.5757 ] when=63617300650000
01-25 02:02:29.121  3755  4414 I InputDispatcher: Delivering touch to (25810): action: 0x0, toolType: 1
01-25 02:02:29.121 25810 25830 V threaded_app: New input event: type=2
01-25 02:02:29.123 25810 25810 D ViewRootImpl@c266894[GameActivity]: ViewPostImeInputStage processPointer 0
01-25 02:02:29.138 25810 25936 I libOpenSLES: Emulating old channel mask behavior (ignoring positional mask 0x3, using default mask 0x3 based on channel count of 2)
01-25 02:02:29.139 25810 25936 W AudioTrack: AUDIO_OUTPUT_FLAG_FAST denied by client; transfer 1, track 44100 Hz, output 48000 Hz
01-25 02:02:29.139  3241 11448 I AudioFlinger: add dynamic flag, can move to deep thread, session 18441
01-25 02:02:29.141 25810 25936 D AudioTrack: Client defaulted notificationFrames to 1181 for frameCount 3544
01-25 02:02:29.142 25810 25936 I AudioTrack: This process already got info. FadeIn[0] FadeOut[0] FadeInRing[0]
01-25 02:02:29.143  3241  3496 W AudioPolicyIntefaceImpl: Skipped to add effects on session 18441
01-25 02:02:29.143  3241  3496 I APM_AudioPolicyManager: startOutput() output 21, stream 3, session 18441
01-25 02:02:29.143 25810 25936 I libOpenSLES: Emulating old channel mask behavior (ignoring positional mask 0x3, using default mask 0x3 based on channel count of 2)
01-25 02:02:29.144 25810 25936 W AudioTrack: AUDIO_OUTPUT_FLAG_FAST denied by client; transfer 1, track 44100 Hz, output 48000 Hz
01-25 02:02:29.144  3241  9518 I AudioFlinger: add dynamic flag, can move to deep thread, session 18449
01-25 02:02:29.145 25810 25936 D AudioTrack: Client defaulted notificationFrames to 1181 for frameCount 3544
01-25 02:02:29.146 25810 25936 I AudioTrack: This process already got info. FadeIn[0] FadeOut[0] FadeInRing[0]
01-25 02:02:29.146  3241 19487 W AudioPolicyIntefaceImpl: Skipped to add effects on session 18449
01-25 02:02:29.146  3241 19487 I APM_AudioPolicyManager: startOutput() output 21, stream 3, session 18449
01-25 02:02:29.151 25810 25830 V threaded_app: New input event: type=2
01-25 02:02:29.168 25810 25830 V threaded_app: New input event: type=2
01-25 02:02:29.175  3241  3486 I AudioMixer: create resampler src 44100, 2, dst 48000, 2, q 8
01-25 02:02:29.175  3241  3486 I AudioMixer: create resampler src 44100, 2, dst 48000, 2, q 8
01-25 02:02:29.175  3241  3486 D SoundAliveResampler: [SoundAliveResampler] Init+++
01-25 02:02:29.177  3241  3486 D SoundAliveResampler: [SoundAliveResampler] Init+++
01-25 02:02:29.184 25810 25830 V threaded_app: New input event: type=2
01-25 02:02:29.202 25810 25830 V threaded_app: New input event: type=2
01-25 02:02:29.218 25810 25830 V threaded_app: New input event: type=2
01-25 02:02:29.219 25810 26231 I AudioTrack: Skip ramp
01-25 02:02:29.241 25810 25830 V threaded_app: New input event: type=2
01-25 02:02:29.253 25810 25830 V threaded_app: New input event: type=2
01-25 02:02:29.268 25810 25830 V threaded_app: New input event: type=2
01-25 02:02:29.279 25810 26232 I AudioTrack: Skip ramp
01-25 02:02:29.282  3755  4415 D InputReader: Input event(3): value=0 when=63617463355000
01-25 02:02:29.282  3755  4415 D InputReader: Input event(3): value=0 when=63617463355000
01-25 02:02:29.282  3755  4415 I InputReader: Touch event's action is 0x1 (deviceType=0) [pCnt=1, s=] when=63617463355000
01-25 02:02:29.283  3755  4414 I InputDispatcher: Delivering touch to (25810): action: 0x1, toolType: 1
01-25 02:02:29.284 25810 25830 V threaded_app: New input event: type=2
01-25 02:02:29.285 25810 25830 V threaded_app: New input event: type=2
01-25 02:02:29.287 25810 25810 D ViewRootImpl@c266894[GameActivity]: ViewPostImeInputStage processPointer 1
01-25 02:02:29.318  3241  3373 I APM_AudioPolicyManager: stopOutput() output 21, stream 3, session 18425
01-25 02:02:29.378  3241  3373 I APM_AudioPolicyManager: stopOutput() output 21, stream 3, session 18433
01-25 02:02:29.564  5679  5679 D io_stats: !@   8,0 r 747859 24858228 w 571608 15422576 d 91712 8791192 f 145371 145336 iot 1009260 626484 th 61440 61440 54636 pt 2280 inp 0 0 63617.744
01-25 02:02:29.880  3755  6065 D BatteryService: !@BatteryListener : batteryPropertiesChanged!
01-25 02:02:29.881  3755  6065 D BatteryService: level:68, scale:100, status:2, health:2, present:true, voltage: 4064, temperature: 310, technology: Li-ion, AC powered:false, USB powered:true, POGO powered:false, Wireless powered:false, icon:17303694, invalid charger:0, maxChargingCurrent:0, maxChargingVoltage:0, chargeCounter:0
01-25 02:02:29.881  3755  6065 D BatteryService: online:6, current avg:514, charge type:1, power sharing:false, high voltage charger:false, capacity:280000, batterySWSelfDischarging:false, misc_event:0, current_now:500
01-25 02:02:29.881  3755  3755 D BatteryService: Sending ACTION_BATTERY_CHANGED.
01-25 02:02:29.884  3755  3755 V UiModeManager: updateLocked: null action, mDockState=0, category=null
01-25 02:02:29.884  3755  3755 D UiModeManager: updateConfigurationLocked: mDockState=0; mCarMode=false; mNightMode=1; uiMode=17
01-25 02:02:29.886  3755  3755 D GameManagerService: new battery level: 68
01-25 02:02:29.888  4621  4621 D KeyguardUpdateMonitor: received broadcast android.intent.action.BATTERY_CHANGED
01-25 02:02:29.888  4621  4621 D KeyguardUpdateMonitor: handleBatteryUpdate
01-25 02:02:29.890  4621  4621 D PowerUI : priorPlugType = 2 mPlugType =  2
01-25 02:02:29.892  4621  4621 D PowerUI.Notification: showChargingNotice oldChargingType : 1 currentChargingType : 1 oldChargingTime : 4452000 mChargingTime : 4452000
01-25 02:02:29.892  4621  4621 D PowerUI.Notification: There is no change about charging status, so return!
01-25 02:02:29.894  4621  4621 D BatteryMeterDrawable: isSomethingChanged - false
01-25 02:02:29.895  4621  4621 D BatteryMeterDrawable: isSomethingChanged - false
01-25 02:02:29.897  5021  5021 D PhoneApp: PhoneAppBroadcastReceiver onReceive android.intent.action.BATTERY_CHANGED
01-25 02:02:29.897  5021  5021 D TelephonyExtensionManager: lowBatterySound - isLowBatterySoundScheduled: false
01-25 02:02:29.897  5021  5021 D TelephonyExtensionManager: lowBatterySound - isPlayNow: false
01-25 02:02:29.899  5021  5021 D TelephonyExtensionManager: isSpeakerON - false
01-25 02:02:29.901  4621  4621 D Tile.FlashlightTile: ACTION_BATTERY_CHANGED - Level :: 68, emEnabled :: false
01-25 02:02:29.909 25810 25810 D UE4     : Battery: status = 2, rawlevel = 68, scale = 100
01-25 02:02:29.909 25810 25810 D UE4     : nativeBatteryEvent(stat = 2, lvl = 68  temp = 31.00 C)
01-25 02:02:29.913  5021  5021 D TelephonyExtensionManager: lowBatterySound - batteryStatus: 2
01-25 02:02:29.913  5021  5021 D TelephonyExtensionManager: lowBatterySound - batteryLevel: 68
01-25 02:02:29.913  5021  5021 D TelephonyExtensionManager: lowBatterySound - cancel
01-25 02:02:29.914  3755  7343 D SamsungAlarmManager: Cancel Alarm calling from uid:1001 pid :5021 / op:PendingIntent{7c71ca4: PendingIntentRecord{9ab141e com.android.phone broadcastIntent}}
01-25 02:02:29.915  5021  5021 D TelephonyExtension: Not stopping low battery tone
01-25 02:02:30.306  3755  4415 D InputReader: Input event(3): value=1 when=63618487549000
01-25 02:02:30.307  3755  4415 D InputReader: Input event(3): value=1 when=63618487549000
01-25 02:02:30.307  3755  4415 I InputReader: Touch event's action is 0x0 (deviceType=0) [pCnt=1, s=0.5758 ] when=63618487549000
01-25 02:02:30.307  3755  4414 I InputDispatcher: Delivering touch to (25810): action: 0x0, toolType: 1
01-25 02:02:30.308 25810 25830 V threaded_app: New input event: type=2
01-25 02:02:30.311 25810 25810 D ViewRootImpl@c266894[GameActivity]: ViewPostImeInputStage processPointer 0
01-25 02:02:30.336 25810 25830 V threaded_app: New input event: type=2
01-25 02:02:30.352 25810 25830 V threaded_app: New input event: type=2
01-25 02:02:30.370 25810 25830 V threaded_app: New input event: type=2
01-25 02:02:30.386 25810 25830 V threaded_app: New input event: type=2
01-25 02:02:30.405 25810 25830 V threaded_app: New input event: type=2
01-25 02:02:30.420 25810 26235 I AudioTrack: Skip ramp
01-25 02:02:30.421 25810 25830 V threaded_app: New input event: type=2
01-25 02:02:30.453 25810 25830 V threaded_app: New input event: type=2
01-25 02:02:30.471 25810 25830 V threaded_app: New input event: type=2
01-25 02:02:30.478 25810 26236 I AudioTrack: Skip ramp
01-25 02:02:30.480  3755  4415 D InputReader: Input event(3): value=0 when=63618660686000
01-25 02:02:30.480  3755  4415 D InputReader: Input event(3): value=0 when=63618660686000
01-25 02:02:30.480  3755  4415 I InputReader: Touch event's action is 0x1 (deviceType=0) [pCnt=1, s=] when=63618660686000
01-25 02:02:30.480  3755  4414 I InputDispatcher: Delivering touch to (25810): action: 0x1, toolType: 1
01-25 02:02:30.481 25810 25830 V threaded_app: New input event: type=2
01-25 02:02:30.482 25810 25830 V threaded_app: New input event: type=2
01-25 02:02:30.482 25810 25810 D ViewRootImpl@c266894[GameActivity]: ViewPostImeInputStage processPointer 1
01-25 02:02:30.496  3755  4459 D WifiStateMachine: Current network is: "wilkinson2.4" , ID is: 30
01-25 02:02:30.497  3755  4459 I WifiStateMachine: IMS calling, current network is always qualified
01-25 02:02:30.518  3241  3373 I APM_AudioPolicyManager: stopOutput() output 21, stream 3, session 18441
01-25 02:02:30.578  3241  3373 I APM_AudioPolicyManager: stopOutput() output 21, stream 3, session 18449
01-25 02:02:31.540  3755  4415 D InputReader: Input event(3): value=1 when=63619721296000
01-25 02:02:31.540  3755  4415 D InputReader: Input event(3): value=1 when=63619721296000
01-25 02:02:31.541  3755  4415 I InputReader: Touch event's action is 0x0 (deviceType=0) [pCnt=1, s=0.5759 ] when=63619721296000
01-25 02:02:31.541  3755  4414 I InputDispatcher: Delivering touch to (25810): action: 0x0, toolType: 1
01-25 02:02:31.542 25810 25830 V threaded_app: New input event: type=2
01-25 02:02:31.544 25810 25810 D ViewRootImpl@c266894[GameActivity]: ViewPostImeInputStage processPointer 0
01-25 02:02:31.572 25810 25830 V threaded_app: New input event: type=2
01-25 02:02:31.588 25810 25830 V threaded_app: New input event: type=2
01-25 02:02:31.607 25810 25830 V threaded_app: New input event: type=2
01-25 02:02:31.621 25810 25830 V threaded_app: New input event: type=2
01-25 02:02:31.638 25810 25830 V threaded_app: New input event: type=2
01-25 02:02:31.656 25810 25830 V threaded_app: New input event: type=2
01-25 02:02:31.672 25810 25830 V threaded_app: New input event: type=2
01-25 02:02:31.688 25810 25830 V threaded_app: New input event: type=2
01-25 02:02:31.691  3755  4415 D InputReader: Input event(3): value=0 when=63619872444000
01-25 02:02:31.691  3755  4415 D InputReader: Input event(3): value=0 when=63619872444000
01-25 02:02:31.691  3755  4415 I InputReader: Touch event's action is 0x1 (deviceType=0) [pCnt=1, s=] when=63619872444000
01-25 02:02:31.692  3755  4414 I InputDispatcher: Delivering touch to (25810): action: 0x1, toolType: 1
