01-09 22:54:56.846 15538 15557 D UE4     : [2019.01.10-03.54.56:846][  0]LogConfig: Setting CVar [[r.SSS.Quality:1]]
01-09 22:54:56.847 15538 15557 D UE4     : [2019.01.10-03.54.56:846][  0]LogConfig: Setting CVar [[r.SSS.HalfRes:1]]
01-09 22:54:56.847 15538 15557 D UE4     : [2019.01.10-03.54.56:847][  0]LogConfig: Setting CVar [[r.EmitterSpawnRateScale:1.0]]
01-09 22:54:56.847 15538 15557 D UE4     : [2019.01.10-03.54.56:847][  0]LogConfig: Setting CVar [[r.ParticleLightQuality:2]]
01-09 22:54:56.847 15538 15557 D UE4     : [2019.01.10-03.54.56:847][  0]LogConfig: Applying CVar settings from Section [FoliageQuality@3] File [../../../StackerGame/Saved/Config/Android/Scalability.ini]
01-09 22:54:56.847 15538 15557 D UE4     : [2019.01.10-03.54.56:847][  0]LogConfig: Setting CVar [[foliage.DensityScale:1.0]]
01-09 22:54:56.847 15538 15557 D UE4     : [2019.01.10-03.54.56:847][  0]LogConfig: Setting CVar [[grass.DensityScale:1.0]]
01-09 22:54:56.847 15538 15557 D UE4     : [2019.01.10-03.54.56:847][  0]LogConfig: Applying CVar settings from Section [Startup] File [../../../Engine/Config/ConsoleVariables.ini]
01-09 22:54:56.848 15538 15557 D UE4     : [2019.01.10-03.54.56:848][  0]LogConfig: Setting CVar [[net.UseAdaptiveNetUpdateFrequency:0]]
01-09 22:54:56.848 15538 15557 D UE4     : [2019.01.10-03.54.56:848][  0]LogConfig: Applying CVar settings from Section [ConsoleVariables] File [../../../StackerGame/Saved/Config/Android/Engine.ini]
01-09 22:54:56.848 15538 15557 D UE4     : [2019.01.10-03.54.56:848][  0]LogConfig: Setting CVar [[r.AllowOcclusionQueries:0]]
01-09 22:54:56.848 15538 15557 D UE4     : [2019.01.10-03.54.56:848][  0]LogConfig: Setting CVar [[Slate.CacheRenderData:0]]
01-09 22:54:56.848 15538 15557 D UE4     : [2019.01.10-03.54.56:848][  0]LogConfig: Setting CVar [[r.VSync:1]]
01-09 22:54:56.848 15538 15557 D UE4     : [2019.01.10-03.54.56:848][  0]LogConfig: Setting CVar [[r.ParallelShadows:0]]
01-09 22:54:56.851 15538 15557 D UE4     : [2019.01.10-03.54.56:851][  0]LogInit: Memory total: Physical=3662.72MB (4GB approx) Available=1728.65MB PageSize=4.0KB
01-09 22:54:56.852 15538 15557 D UE4     : [2019.01.10-03.54.56:852][  0]LogInit: Using OS detected language (en-US).
01-09 22:54:56.852 15538 15557 D UE4     : [2019.01.10-03.54.56:852][  0]LogInit: Using OS detected locale (en-US).
01-09 22:54:56.853 15538 15557 D UE4     : [2019.01.10-03.54.56:853][  0]LogTextLocalizationManager: No specific localization for 'en-US' exists, so the 'en' localization will be used.
01-09 22:54:56.958  3757  7204 D BatteryService: !@BatteryListener : batteryPropertiesChanged!
01-09 22:54:56.959  3757  7204 D BatteryService: level:100, scale:100, status:2, health:2, present:true, voltage: 4287, temperature: 282, technology: Li-ion, AC powered:false, USB powered:true, POGO powered:false, Wireless powered:false, icon:17303694, invalid charger:0, maxChargingCurrent:0, maxChargingVoltage:0, chargeCounter:0
01-09 22:54:56.960  3757  7204 D BatteryService: online:6, current avg:436, charge type:1, power sharing:false, high voltage charger:false, capacity:280000, batterySWSelfDischarging:false, misc_event:0, current_now:460
01-09 22:54:56.960  3757  7204 D BatteryService: stay LED for charging
01-09 22:54:56.960  3757  3757 D BatteryService: Sending ACTION_BATTERY_CHANGED.
01-09 22:54:56.971 15538 15557 D UE4     : [2019.01.10-03.54.56:971][  0]LogStreaming: Display: Took  0.119s to InitEngineTextLocalization.
01-09 22:54:56.972  3757  3757 V UiModeManager: updateLocked: null action, mDockState=0, category=null
01-09 22:54:56.972  3757  3757 D UiModeManager: updateConfigurationLocked: mDockState=0; mCarMode=false; mNightMode=1; uiMode=17
01-09 22:54:56.975  3757  3757 D GameManagerService: new battery level: 100
01-09 22:54:56.980  4616  4616 D KeyguardUpdateMonitor: received broadcast android.intent.action.BATTERY_CHANGED
01-09 22:54:56.980  4616  4616 D KeyguardUpdateMonitor: handleBatteryUpdate
01-09 22:54:56.984  4616  4616 D PowerUI : priorPlugType = 2 mPlugType =  2
01-09 22:54:56.987  4616  4616 D PowerUI.Notification: showChargingNotice oldChargingType : 1 currentChargingType : 1 oldChargingTime : -1 mChargingTime : -1
01-09 22:54:56.987  4616  4616 D PowerUI.Notification: There is no change about charging status, so return!
01-09 22:54:56.988  5024  5024 D PhoneApp: PhoneAppBroadcastReceiver onReceive android.intent.action.BATTERY_CHANGED
01-09 22:54:56.989  5024  5024 D TelephonyExtensionManager: lowBatterySound - isLowBatterySoundScheduled: false
01-09 22:54:56.989  5024  5024 D TelephonyExtensionManager: lowBatterySound - isPlayNow: false
01-09 22:54:56.990  5024  5024 D TelephonyExtensionManager: isSpeakerON - false
01-09 22:54:56.991  4616  4616 D BatteryMeterDrawable: isSomethingChanged - false
01-09 22:54:56.991 15538 15557 D UE4     : [2019.01.10-03.54.56:991][  0]LogSlate: New Slate User Created.  User Index 0, Is Virtual User: 0
01-09 22:54:56.991 15538 15557 D UE4     : [2019.01.10-03.54.56:991][  0]LogSlate: Slate User Registered.  User Index 0, Is Virtual User: 0
01-09 22:54:56.991  4616  4616 D BatteryMeterDrawable: isSomethingChanged - false
01-09 22:54:56.992 15538 15557 D UE4     : [2019.01.10-03.54.56:992][  0]LogAndroid: VulkanRHI will NOT be used:
01-09 22:54:56.992 15538 15557 D UE4     : [2019.01.10-03.54.56:992][  0]LogAndroid:  ** Vulkan support is not available (Driver, RHI or shaders are missing, or disabled by cmdline, see above logging for details)
01-09 22:54:56.992 15538 15557 D UE4     : [2019.01.10-03.54.56:992][  0]LogAndroid: OpenGL ES will be used.
01-09 22:54:56.992 15538 15557 D UE4     : FPlatformOpenGLDevice:Init
01-09 22:54:56.992 15538 15557 D UE4     : AndroidEGL::InitSurface 0, 1
01-09 22:54:56.992 15538 15557 D UE4     : [JAVA] - SetDesiredViewSize width=720 and height=1280
01-09 22:54:56.992 15538 15557 D UE4     : AndroidEGL::CreateEGLSurface() Already initialized: 0xe181f2a8
01-09 22:54:56.993 15538 15557 D UE4     : [2019.01.10-03.54.56:993][  0]LogRHI: Extension eglPresentationTimeANDROID Present
01-09 22:54:56.993 15538 15557 D UE4     : [2019.01.10-03.54.56:993][  0]LogRHI: Extension eglGetNextFrameIdANDROID Not Present
01-09 22:54:56.993 15538 15557 D UE4     : [2019.01.10-03.54.56:993][  0]LogRHI: Extension eglGetCompositorTimingANDROID Not Present
01-09 22:54:56.994 15538 15557 D UE4     : [2019.01.10-03.54.56:993][  0]LogRHI: Extension eglGetFrameTimestampsANDROID Not Present
01-09 22:54:56.994 15538 15557 D UE4     : [2019.01.10-03.54.56:994][  0]LogRHI: Extension eglQueryTimestampSupportedANDROID Not Present
01-09 22:54:56.994 15538 15557 D UE4     : [2019.01.10-03.54.56:994][  0]LogRHI: Extension eglGetCompositorTimingSupportedANDROID Not Present
01-09 22:54:56.994 15538 15557 D UE4     : [2019.01.10-03.54.56:994][  0]LogRHI: Extension eglGetFrameTimestampsSupportedANDROID Not Present
01-09 22:54:56.995 15538 15557 D UE4     : [2019.01.10-03.54.56:994][  0]LogRHI: Initializing OpenGL RHI
01-09 22:54:56.995 15538 15557 D UE4     : [2019.01.10-03.54.56:995][  0]LogRHI:   GL_VENDOR: ARM
01-09 22:54:56.995 15538 15557 D UE4     : [2019.01.10-03.54.56:995][  0]LogRHI:   GL_RENDERER: Mali-T760
01-09 22:54:56.995 15538 15557 D UE4     : [2019.01.10-03.54.56:995][  0]LogRHI:   GL_VERSION: OpenGL ES 3.2 v1.r15p0-00rel0.68b65ac7cf15907aeb95fa944f39eef2
01-09 22:54:56.995 15538 15557 D UE4     : [2019.01.10-03.54.56:995][  0]LogRHI:   GL_SHADING_LANGUAGE_VERSION: OpenGL ES GLSL ES 3.20
01-09 22:54:56.995 15538 15557 D UE4     : [2019.01.10-03.54.56:995][  0]LogRHI: OpenGL Extensions:
01-09 22:54:56.995 15538 15557 D UE4     : [2019.01.10-03.54.56:995][  0]LogRHI:   GL_EXT_debug_marker
01-09 22:54:56.995 15538 15557 D UE4     : [2019.01.10-03.54.56:995][  0]LogRHI:   GL_ARM_rgba8
01-09 22:54:56.995 15538 15557 D UE4     : [2019.01.10-03.54.56:995][  0]LogRHI:   GL_ARM_mali_shader_binary
01-09 22:54:56.995 15538 15557 D UE4     : [2019.01.10-03.54.56:995][  0]LogRHI:   GL_OES_depth24
01-09 22:54:56.995 15538 15557 D UE4     : [2019.01.10-03.54.56:995][  0]LogRHI:   GL_OES_depth_texture
01-09 22:54:56.995 15538 15557 D UE4     : [2019.01.10-03.54.56:995][  0]LogRHI:   GL_OES_depth_texture_cube_map
01-09 22:54:56.995 15538 15557 D UE4     : [2019.01.10-03.54.56:995][  0]LogRHI:   GL_OES_packed_depth_stencil
01-09 22:54:56.995 15538 15557 D UE4     : [2019.01.10-03.54.56:995][  0]LogRHI:   GL_OES_rgb8_rgba8
01-09 22:54:56.995 15538 15557 D UE4     : [2019.01.10-03.54.56:995][  0]LogRHI:   GL_EXT_read_format_bgra
01-09 22:54:56.995  4616  4616 D Tile.FlashlightTile: ACTION_BATTERY_CHANGED - Level :: 100, emEnabled :: false
01-09 22:54:56.996 15538 15557 D UE4     : [2019.01.10-03.54.56:995][  0]LogRHI:   GL_OES_compressed_paletted_texture
01-09 22:54:56.996 15538 15557 D UE4     : [2019.01.10-03.54.56:996][  0]LogRHI:   GL_OES_compressed_ETC1_RGB8_texture
01-09 22:54:56.996 15538 15557 D UE4     : [2019.01.10-03.54.56:996][  0]LogRHI:   GL_OES_standard_derivatives
01-09 22:54:56.996 15538 15557 D UE4     : [2019.01.10-03.54.56:996][  0]LogRHI:   GL_OES_EGL_image
01-09 22:54:56.996 15538 15557 D UE4     : [2019.01.10-03.54.56:996][  0]LogRHI:   GL_OES_EGL_image_external
01-09 22:54:56.996 15538 15557 D UE4     : [2019.01.10-03.54.56:996][  0]LogRHI:   GL_OES_EGL_image_external_essl3
01-09 22:54:56.996 15538 15557 D UE4     : [2019.01.10-03.54.56:996][  0]LogRHI:   GL_OES_EGL_sync
01-09 22:54:56.996 15538 15557 D UE4     : [2019.01.10-03.54.56:996][  0]LogRHI:   GL_OES_texture_npot
01-09 22:54:56.996 15538 15557 D UE4     : [2019.01.10-03.54.56:996][  0]LogRHI:   GL_OES_vertex_half_float
01-09 22:54:56.996 15538 15557 D UE4     : [2019.01.10-03.54.56:996][  0]LogRHI:   GL_OES_required_internalformat
01-09 22:54:56.996 15538 15557 D UE4     : [2019.01.10-03.54.56:996][  0]LogRHI:   GL_OES_vertex_array_object
01-09 22:54:56.996 15538 15557 D UE4     : [2019.01.10-03.54.56:996][  0]LogRHI:   GL_OES_mapbuffer
01-09 22:54:56.996 15538 15557 D UE4     : [2019.01.10-03.54.56:996][  0]LogRHI:   GL_EXT_texture_format_BGRA8888
01-09 22:54:56.996 15538 15557 D UE4     : [2019.01.10-03.54.56:996][  0]LogRHI:   GL_EXT_texture_rg
01-09 22:54:56.996 15538 15557 D UE4     : [2019.01.10-03.54.56:996][  0]LogRHI:   GL_EXT_texture_type_2_10_10_10_REV
01-09 22:54:56.996 15538 15557 D UE4     : [2019.01.10-03.54.56:996][  0]LogRHI:   GL_OES_fbo_render_mipmap
01-09 22:54:56.996 15538 15557 D UE4     : [2019.01.10-03.54.56:996][  0]LogRHI:   GL_OES_element_index_uint
01-09 22:54:56.996 15538 15557 D UE4     : [2019.01.10-03.54.56:996][  0]LogRHI:   GL_EXT_shadow_samplers
01-09 22:54:56.996 15538 15557 D UE4     : [2019.01.10-03.54.56:996][  0]LogRHI:   GL_OES_texture_compression_astc
01-09 22:54:56.996 15538 15557 D UE4     : [2019.01.10-03.54.56:996][  0]LogRHI:   GL_KHR_texture_compression_astc_ldr
01-09 22:54:56.996 15538 15557 D UE4     : [2019.01.10-03.54.56:996][  0]LogRHI:   GL_KHR_texture_compression_astc_hdr
01-09 22:54:56.997 15538 15557 D UE4     : [2019.01.10-03.54.56:996][  0]LogRHI:   GL_KHR_texture_compression_astc_sliced_3d
01-09 22:54:56.997 15538 15557 D UE4     : [2019.01.10-03.54.56:997][  0]LogRHI:   GL_KHR_debug
01-09 22:54:56.997 15538 15557 D UE4     : [2019.01.10-03.54.56:997][  0]LogRHI:   GL_EXT_occlusion_query_boolean
01-09 22:54:56.997 15538 15557 D UE4     : [2019.01.10-03.54.56:997][  0]LogRHI:   GL_EXT_disjoint_timer_query
01-09 22:54:56.997 15538 15557 D UE4     : [2019.01.10-03.54.56:997][  0]LogRHI:   GL_EXT_blend_minmax
01-09 22:54:56.997 15538 15557 D UE4     : [2019.01.10-03.54.56:997][  0]LogRHI:   GL_EXT_discard_framebuffer
01-09 22:54:56.997 15538 15557 D UE4     : [2019.01.10-03.54.56:997][  0]LogRHI:   GL_OES_get_program_binary
01-09 22:54:56.997 15538 15557 D UE4     : [2019.01.10-03.54.56:997][  0]LogRHI:   GL_OES_texture_3D
01-09 22:54:56.997 15538 15557 D UE4     : [2019.01.10-03.54.56:997][  0]LogRHI:   GL_EXT_texture_storage
01-09 22:54:56.997 15538 15557 D UE4     : [2019.01.10-03.54.56:997][  0]LogRHI:   GL_EXT_multisampled_render_to_texture
01-09 22:54:56.997 15538 15557 D UE4     : [2019.01.10-03.54.56:997][  0]LogRHI:   GL_OES_surfaceless_context
01-09 22:54:56.997 15538 15557 D UE4     : [2019.01.10-03.54.56:997][  0]LogRHI:   GL_OES_texture_stencil8
01-09 22:54:56.997 15538 15557 D UE4     : [2019.01.10-03.54.56:997][  0]LogRHI:   GL_EXT_shader_pixel_local_storage
01-09 22:54:56.997 15538 15557 D UE4     : [2019.01.10-03.54.56:997][  0]LogRHI:   GL_ARM_shader_framebuffer_fetch
01-09 22:54:56.997 15538 15557 D UE4     : [2019.01.10-03.54.56:997][  0]LogRHI:   GL_ARM_shader_framebuffer_fetch_depth_stencil
01-09 22:54:56.997 15538 15557 D UE4     : [2019.01.10-03.54.56:997][  0]LogRHI:   GL_ARM_mali_program_binary
01-09 22:54:56.997 15538 15557 D UE4     : [2019.01.10-03.54.56:997][  0]LogRHI:   GL_EXT_sRGB
01-09 22:54:56.997 15538 15557 D UE4     : [2019.01.10-03.54.56:997][  0]LogRHI:   GL_EXT_sRGB_write_control
01-09 22:54:56.997 15538 15557 D UE4     : [2019.01.10-03.54.56:997][  0]LogRHI:   GL_EXT_texture_sRGB_decode
01-09 22:54:56.997 15538 15557 D UE4     : [2019.01.10-03.54.56:997][  0]LogRHI:   GL_EXT_texture_sRGB_R8
01-09 22:54:56.997 15538 15557 D UE4     : [2019.01.10-03.54.56:997][  0]LogRHI:   GL_EXT_texture_sRGB_RG8
01-09 22:54:56.998 15538 15557 D UE4     : [2019.01.10-03.54.56:997][  0]LogRHI:   GL_KHR_blend_equation_advanced
01-09 22:54:56.998 15538 15557 D UE4     : [2019.01.10-03.54.56:998][  0]LogRHI:   GL_KHR_blend_equation_advanced_coherent
01-09 22:54:56.998 15538 15557 D UE4     : [2019.01.10-03.54.56:998][  0]LogRHI:   GL_OES_texture_storage_multisample_2d_array
01-09 22:54:56.998 15538 15557 D UE4     : [2019.01.10-03.54.56:998][  0]LogRHI:   GL_OES_shader_image_atomic
01-09 22:54:56.998 15538 15557 D UE4     : [2019.01.10-03.54.56:998][  0]LogRHI:   GL_EXT_robustness
01-09 22:54:56.998 15538 15557 D UE4     : [2019.01.10-03.54.56:998][  0]LogRHI:   GL_EXT_draw_buffers_indexed
01-09 22:54:56.998 15538 15557 D UE4     : [2019.01.10-03.54.56:998][  0]LogRHI:   GL_OES_draw_buffers_indexed
01-09 22:54:56.998 15538 15557 D UE4     : [2019.01.10-03.54.56:998][  0]LogRHI:   GL_EXT_texture_border_clamp
01-09 22:54:56.998 15538 15557 D UE4     : [2019.01.10-03.54.56:998][  0]LogRHI:   GL_OES_texture_border_clamp
01-09 22:54:56.998 15538 15557 D UE4     : [2019.01.10-03.54.56:998][  0]LogRHI:   GL_EXT_texture_cube_map_array
01-09 22:54:56.998 15538 15557 D UE4     : [2019.01.10-03.54.56:998][  0]LogRHI:   GL_OES_texture_cube_map_array
01-09 22:54:56.998 15538 15557 D UE4     : [2019.01.10-03.54.56:998][  0]LogRHI:   GL_OES_sample_variables
01-09 22:54:56.998 15538 15557 D UE4     : [2019.01.10-03.54.56:998][  0]LogRHI:   GL_OES_sample_shading
01-09 22:54:56.998 15538 15557 D UE4     : [2019.01.10-03.54.56:998][  0]LogRHI:   GL_OES_shader_multisample_interpolation
01-09 22:54:56.998 15538 15557 D UE4     : [2019.01.10-03.54.56:998][  0]LogRHI:   GL_EXT_shader_io_blocks
01-09 22:54:56.998 15538 15557 D UE4     : [2019.01.10-03.54.56:998][  0]LogRHI:   GL_OES_shader_io_blocks
01-09 22:54:56.998 15538 15557 D UE4     : [2019.01.10-03.54.56:998][  0]LogRHI:   GL_EXT_tessellation_shader
01-09 22:54:56.998 15538 15557 D UE4     : [2019.01.10-03.54.56:998][  0]LogRHI:   GL_OES_tessellation_shader
01-09 22:54:56.998 15538 15557 D UE4     : [2019.01.10-03.54.56:998][  0]LogRHI:   GL_EXT_primitive_bounding_box
01-09 22:54:56.998 15538 15557 D UE4     : [2019.01.10-03.54.56:998][  0]LogRHI:   GL_OES_primitive_bounding_box
01-09 22:54:56.998 15538 15557 D UE4     : [2019.01.10-03.54.56:998][  0]LogRHI:   GL_EXT_geometry_shader
01-09 22:54:56.999 15538 15557 D UE4     : [2019.01.10-03.54.56:999][  0]LogRHI:   GL_OES_geometry_shader
01-09 22:54:56.999 15538 15557 D UE4     : [2019.01.10-03.54.56:999][  0]LogRHI:   GL_ANDROID_extension_pack_es31a
01-09 22:54:56.999 15538 15557 D UE4     : [2019.01.10-03.54.56:999][  0]LogRHI:   GL_EXT_gpu_shader5
01-09 22:54:56.999 15538 15557 D UE4     : [2019.01.10-03.54.56:999][  0]LogRHI:   GL_OES_gpu_shader5
01-09 22:54:56.999 15538 15557 D UE4     : [2019.01.10-03.54.56:999][  0]LogRHI:   GL_EXT_texture_buffer
01-09 22:54:56.999 15538 15557 D UE4     : [2019.01.10-03.54.56:999][  0]LogRHI:   GL_OES_texture_buffer
01-09 22:54:56.999 15538 15557 D UE4     : [2019.01.10-03.54.56:999][  0]LogRHI:   GL_EXT_copy_image
01-09 22:54:56.999 15538 15557 D UE4     : [2019.01.10-03.54.56:999][  0]LogRHI:   GL_OES_copy_image
01-09 22:54:56.999 15538 15557 D UE4     : [2019.01.10-03.54.56:999][  0]LogRHI:   GL_EXT_color_buffer_half_float
01-09 22:54:56.999 15538 15557 D UE4     : [2019.01.10-03.54.56:999][  0]LogRHI:   GL_EXT_color_buffer_float
01-09 22:54:56.999 15538 15557 D UE4     : [2019.01.10-03.54.56:999][  0]LogRHI:   GL_EXT_YUV_target
01-09 22:54:56.999 15538 15557 D UE4     : [2019.01.10-03.54.56:999][  0]LogRHI:   GL_OVR_multiview
01-09 22:54:56.999 15538 15557 D UE4     : [2019.01.10-03.54.56:999][  0]LogRHI:   GL_OVR_multiview2
01-09 22:54:56.999 15538 15557 D UE4     : [2019.01.10-03.54.56:999][  0]LogRHI:   GL_OVR_multiview_multisampled_render_to_texture
01-09 22:54:56.999 15538 15557 D UE4     : [2019.01.10-03.54.56:999][  0]LogRHI:   GL_KHR_robustness
01-09 22:54:56.999 15538 15557 D UE4     : [2019.01.10-03.54.56:999][  0]LogRHI:   GL_KHR_robust_buffer_access_behavior
01-09 22:54:56.999 15538 15557 D UE4     : [2019.01.10-03.54.56:999][  0]LogRHI:   GL_EXT_draw_elements_base_vertex
01-09 22:54:56.999 15538 15557 D UE4     : [2019.01.10-03.54.56:999][  0]LogRHI:   GL_OES_draw_elements_base_vertex
01-09 22:54:56.999 15538 15557 D UE4     : [2019.01.10-03.54.56:999][  0]LogRHI:   GL_EXT_protected_textures
01-09 22:54:56.999 15538 15557 D UE4     : [2019.01.10-03.54.56:999][  0]LogRHI:   GL_MAX_VERTEX_ATTRIBS: 16
01-09 22:54:57.000 15538 15557 D UE4     : [2019.01.10-03.54.56:999][  0]LogRHI:   GL_MAX_VARYING_VECTORS: 15
01-09 22:54:57.000 15538 15557 D UE4     : [2019.01.10-03.54.57:000][  0]LogRHI:   GL_MAX_VERTEX_UNIFORM_VECTORS: 1024
01-09 22:54:57.000 15538 15557 D UE4     : [2019.01.10-03.54.57:000][  0]LogRHI:   GL_MAX_FRAGMENT_UNIFORM_VECTORS: 1024
01-09 22:54:57.001 15538 15557 D UE4     : [2019.01.10-03.54.57:001][  0]LogRHI: Fragment shader lowp precision: 10
01-09 22:54:57.001 15538 15557 D UE4     : [2019.01.10-03.54.57:001][  0]LogRHI: Fragment shader mediump precision: 10
01-09 22:54:57.001 15538 15557 D UE4     : [2019.01.10-03.54.57:001][  0]LogRHI: Fragment shader highp precision: 23
01-09 22:54:57.001 15538 15557 D UE4     : [2019.01.10-03.54.57:001][  0]LogRHI: Support for 8x MSAA detected
01-09 22:54:57.002 15538 15557 D UE4     : [2019.01.10-03.54.57:001][  0]LogRHI: Image external enabled: ImageExternalESSL300
01-09 22:54:57.002 15538 15557 D UE4     : [2019.01.10-03.54.57:002][  0]LogRHI: Device supports mobile multi-view.
01-09 22:54:57.003 15538 15557 D UE4     : [2019.01.10-03.54.57:003][  0]LogRHI:   GL_MAX_TEXTURE_SIZE: 8192
01-09 22:54:57.003 15538 15557 D UE4     : [2019.01.10-03.54.57:003][  0]LogRHI:   GL_MAX_CUBE_MAP_TEXTURE_SIZE: 4096
01-09 22:54:57.003 15538 15557 D UE4     : [2019.01.10-03.54.57:003][  0]LogRHI:   GL_MAX_ARRAY_TEXTURE_LAYERS: 256
01-09 22:54:57.003 15538 15557 D UE4     : [2019.01.10-03.54.57:003][  0]LogRHI:   GL_MAX_RENDERBUFFER_SIZE: 8192
01-09 22:54:57.003 15538 15557 D UE4     : [2019.01.10-03.54.57:003][  0]LogRHI:   GL_MAX_TEXTURE_IMAGE_UNITS: 16
01-09 22:54:57.003 15538 15557 D UE4     : [2019.01.10-03.54.57:003][  0]LogRHI:   GL_MAX_DRAW_BUFFERS: 4
01-09 22:54:57.003 15538 15557 D UE4     : [2019.01.10-03.54.57:003][  0]LogRHI:   GL_MAX_COLOR_ATTACHMENTS: 1
01-09 22:54:57.004 15538 15557 D UE4     : [2019.01.10-03.54.57:004][  0]LogRHI:   GL_MAX_SAMPLES: 1
01-09 22:54:57.004 15538 15557 D UE4     : [2019.01.10-03.54.57:004][  0]LogRHI:   GL_MAX_COLOR_TEXTURE_SAMPLES: 1
01-09 22:54:57.004 15538 15557 D UE4     : [2019.01.10-03.54.57:004][  0]LogRHI:   GL_MAX_DEPTH_TEXTURE_SAMPLES: 1
01-09 22:54:57.004 15538 15557 D UE4     : [2019.01.10-03.54.57:004][  0]LogRHI:   GL_MAX_INTEGER_SAMPLES: 1
01-09 22:54:57.004 15538 15557 D UE4     : [2019.01.10-03.54.57:004][  0]LogRHI:   GL_MAX_COMBINED_TEXTURE_IMAGE_UNITS: 96
01-09 22:54:57.004 15538 15557 D UE4     : [2019.01.10-03.54.57:004][  0]LogRHI:   GL_MAX_VERTEX_ATTRIBS: 16
01-09 22:54:57.004 15538 15557 D UE4     : [2019.01.10-03.54.57:004][  0]LogRHI: OpenGL MajorVersion = 2, MinorVersion = 0, ShaderPlatform = GLSL_ES2, FeatureLevel = ES2
01-09 22:54:57.004 15538 15557 D UE4     : [2019.01.10-03.54.57:004][  0]LogRHI: PLATFORM_ANDROID
01-09 22:54:57.004 15538 15557 D UE4     : [2019.01.10-03.54.57:004][  0]LogRHI: Enabling program binary cache as /storage/emulated/0/Android/data/com.GeekTechnique.InfinityStack/files/ProgramBinaryCache/GLSL_ES2_60D556DEDF0DE1EBDD6379802F1CD396F0CC8D40
01-09 22:54:57.004 15538 15557 D UE4     : [2019.01.10-03.54.57:004][  0]LogRHI: FOpenGLProgramBinaryCache will be initialized when ShaderPipelineCache opens its file
01-09 22:54:57.008  5024  5024 D TelephonyExtensionManager: lowBatterySound - batteryStatus: 2
01-09 22:54:57.008  5024  5024 D TelephonyExtensionManager: lowBatterySound - batteryLevel: 100
01-09 22:54:57.008  5024  5024 D TelephonyExtensionManager: lowBatterySound - cancel
01-09 22:54:57.009  3757  2859 D SamsungAlarmManager: Cancel Alarm calling from uid:1001 pid :5024 / op:PendingIntent{51534e6: PendingIntentRecord{7032f18 com.android.phone broadcastIntent}}
01-09 22:54:57.010  5024  5024 D TelephonyExtension: Not stopping low battery tone
01-09 22:54:57.010 15538 15557 D UE4     : [2019.01.10-03.54.57:010][  0]LogRHI: Texture pool is 1000 MB (of 0 MB total graphics mem)
01-09 22:54:57.011 15538 15557 D UE4     : [2019.01.10-03.54.57:010][  0]LogRHI: Display: Testing for shader compiler compatibility
01-09 22:54:57.011 15538 15557 D UE4     : [2019.01.10-03.54.57:011][  0]LogRHI: Display: Shaders compile fine no need to enable hacks
01-09 22:54:57.011 15538 15557 D UE4     : [2019.01.10-03.54.57:011][  0]LogRHI: Display: Testing for round() function availability
01-09 22:54:57.011 15538 15557 D UE4     : [2019.01.10-03.54.57:011][  0]LogRHI: Warning: Disabling the need for the round() function hack
01-09 22:54:57.012 15538 15557 D UE4     : [2019.01.10-03.54.57:012][  0]LogShaderLibrary: Display: Failed to load Shared Shader Library: Global and no native library supported.
01-09 22:54:57.012 15538 15557 D UE4     : [2019.01.10-03.54.57:012][  0]LogShaderLibrary: Display: Failed to load Shared Shader Library: Global_SC and no native library supported.
01-09 22:54:57.012 15538 15557 D UE4     : [2019.01.10-03.54.57:012][  0]LogShaderLibrary: Display: Failed to load Shared Shader Library: Paper2D and no native library supported.
01-09 22:54:57.012 15538 15557 D UE4     : [2019.01.10-03.54.57:012][  0]LogShaderLibrary: Display: Failed to load Shared Shader Library: Paper2D_SC and no native library supported.
01-09 22:54:57.012 15538 15557 D UE4     : [2019.01.10-03.54.57:012][  0]LogShaderLibrary: Display: Failed to load Shared Shader Library: Paper2D and no native library supported.
01-09 22:54:57.012 15538 15557 D UE4     : [2019.01.10-03.54.57:012][  0]LogShaderLibrary: Display: Failed to load Shared Shader Library: Paper2D_SC and no native library supported.
01-09 22:54:57.013 15538 15557 D UE4     : [2019.01.10-03.54.57:013][  0]LogShaderLibrary: Display: Failed to load Shared Shader Library: CryptoKeys and no native library supported.
01-09 22:54:57.013 15538 15557 D UE4     : [2019.01.10-03.54.57:013][  0]LogShaderLibrary: Display: Failed to load Shared Shader Library: CryptoKeys_SC and no native library supported.
01-09 22:54:57.013 15538 15557 D UE4     : [2019.01.10-03.54.57:013][  0]LogShaderLibrary: Display: Failed to load Shared Shader Library: CryptoKeys and no native library supported.
01-09 22:54:57.013 15538 15557 D UE4     : [2019.01.10-03.54.57:013][  0]LogShaderLibrary: Display: Failed to load Shared Shader Library: CryptoKeys_SC and no native library supported.
01-09 22:54:57.013 15538 15557 D UE4     : [2019.01.10-03.54.57:013][  0]LogShaderLibrary: Display: Failed to load Shared Shader Library: MeshEditor and no native library supported.
01-09 22:54:57.013 15538 15557 D UE4     : [2019.01.10-03.54.57:013][  0]LogShaderLibrary: Display: Failed to load Shared Shader Library: MeshEditor_SC and no native library supported.
01-09 22:54:57.013 15538 15557 D UE4     : [2019.01.10-03.54.57:013][  0]LogShaderLibrary: Display: Failed to load Shared Shader Library: MeshEditor and no native library supported.
01-09 22:54:57.014 15538 15557 D UE4     : [2019.01.10-03.54.57:014][  0]LogShaderLibrary: Display: Failed to load Shared Shader Library: MeshEditor_SC and no native library supported.
01-09 22:54:57.014 15538 15557 D UE4     : [2019.01.10-03.54.57:014][  0]LogShaderLibrary: Display: Failed to load Shared Shader Library: DatasmithContent and no native library supported.
01-09 22:54:57.014 15538 15557 D UE4     : [2019.01.10-03.54.57:014][  0]LogShaderLibrary: Display: Failed to load Shared Shader Library: DatasmithContent_SC and no native library supported.
01-09 22:54:57.014 15538 15557 D UE4     : [2019.01.10-03.54.57:014][  0]LogShaderLibrary: Display: Failed to load Shared Shader Library: DatasmithContent and no native library supported.
01-09 22:54:57.014 15538 15557 D UE4     : [2019.01.10-03.54.57:014][  0]LogShaderLibrary: Display: Failed to load Shared Shader Library: DatasmithContent_SC and no native library supported.
01-09 22:54:57.014 15538 15557 D UE4     : [2019.01.10-03.54.57:014][  0]LogShaderLibrary: Display: Failed to load Shared Shader Library: VariantManagerContent and no native library supported.
01-09 22:54:57.015 15538 15557 D UE4     : [2019.01.10-03.54.57:014][  0]LogShaderLibrary: Display: Failed to load Shared Shader Library: VariantManagerContent_SC and no native library supported.
01-09 22:54:57.015 15538 15557 D UE4     : [2019.01.10-03.54.57:015][  0]LogShaderLibrary: Display: Failed to load Shared Shader Library: VariantManagerContent and no native library supported.
01-09 22:54:57.015 15538 15557 D UE4     : [2019.01.10-03.54.57:015][  0]LogShaderLibrary: Display: Failed to load Shared Shader Library: VariantManagerContent_SC and no native library supported.
01-09 22:54:57.015 15538 15557 D UE4     : [2019.01.10-03.54.57:015][  0]LogShaderLibrary: Display: Failed to load Shared Shader Library: MediaCompositing and no native library supported.
01-09 22:54:57.015 15538 15557 D UE4     : [2019.01.10-03.54.57:015][  0]LogShaderLibrary: Display: Failed to load Shared Shader Library: MediaCompositing_SC and no native library supported.
01-09 22:54:57.015 15538 15557 D UE4     : [2019.01.10-03.54.57:015][  0]LogShaderLibrary: Display: Failed to load Shared Shader Library: MediaCompositing and no native library supported.
01-09 22:54:57.016 15538 15557 D UE4     : [2019.01.10-03.54.57:015][  0]LogShaderLibrary: Display: Failed to load Shared Shader Library: MediaCompositing_SC and no native library supported.
01-09 22:54:57.016 15538 15557 D UE4     : [2019.01.10-03.54.57:016][  0]LogShaderLibrary: Display: Failed to load Shared Shader Library: OculusVR and no native library supported.
01-09 22:54:57.016 15538 15557 D UE4     : [2019.01.10-03.54.57:016][  0]LogShaderLibrary: Display: Failed to load Shared Shader Library: OculusVR_SC and no native library supported.
01-09 22:54:57.016 15538 15557 D UE4     : [2019.01.10-03.54.57:016][  0]LogShaderLibrary: Display: Failed to load Shared Shader Library: OculusVR and no native library supported.
01-09 22:54:57.016 15538 15557 D UE4     : [2019.01.10-03.54.57:016][  0]LogShaderLibrary: Display: Failed to load Shared Shader Library: OculusVR_SC and no native library supported.
01-09 22:54:57.016 15538 15557 D UE4     : [2019.01.10-03.54.57:016][  0]LogShaderLibrary: Display: Failed to load Shared Shader Library: SteamVR and no native library supported.
01-09 22:54:57.016 15538 15557 D UE4     : [2019.01.10-03.54.57:016][  0]LogShaderLibrary: Display: Failed to load Shared Shader Library: SteamVR_SC and no native library supported.
01-09 22:54:57.017 15538 15557 D UE4     : [2019.01.10-03.54.57:017][  0]LogShaderLibrary: Display: Failed to load Shared Shader Library: SteamVR and no native library supported.
01-09 22:54:57.017 15538 15557 D UE4     : [2019.01.10-03.54.57:017][  0]LogShaderLibrary: Display: Failed to load Shared Shader Library: SteamVR_SC and no native library supported.
01-09 22:54:57.039 15538 15557 D UE4     : [2019.01.10-03.54.57:039][  0]LogMaterial: Verifying Global Shaders for GLSL_ES2
01-09 22:54:57.150 15538 15557 D UE4     : [2019.01.10-03.54.57:150][  0]LogSlate: Using FreeType 2.4.12
01-09 22:54:57.152 15538 15557 D UE4     : [2019.01.10-03.54.57:152][  0]LogSlate: SlateFontServices - WITH_FREETYPE: 1, WITH_HARFBUZZ: 1
01-09 22:54:57.226 12580 12707 D ClClient: Not sending keepalive.  Current connection state=STOPPED
01-09 22:54:57.302 15538 15538 D ViewRootImpl@c9e8dee[GameActivity]: mHardwareRenderer.destroy()#4
01-09 22:54:57.302 15538 15538 D ViewRootImpl@c9e8dee[GameActivity]: dispatchDetachedFromWindow
01-09 22:54:57.303  3757  6272 D WindowManager: disposeInputChannel mInputChannel: b55d236 com.GeekTechnique.InfinityStack/com.epicgames.ue4.GameActivity (server)
01-09 22:54:57.304  3757  6272 I WindowManager_SurfaceController: Destroying surface Surface(name=com.GeekTechnique.InfinityStack/com.epicgames.ue4.GameActivity) called by com.android.server.wm.WindowStateAnimator.destroySurface:2907 com.android.server.wm.WindowStateAnimator.destroySurfaceLocked:1120 com.android.server.wm.WindowState.removeLocked:1864 com.android.server.wm.WindowManagerService.removeWindowInnerLocked:2934 com.android.server.wm.WindowManagerService.removeWindowLocked:2879 com.android.server.wm.WindowManagerService.removeWindowLocked:2689 com.android.server.wm.WindowManagerService.removeWindow:2684 com.android.server.wm.Session.remove:218 
01-09 22:54:57.304  3215 15153 I SurfaceFlinger: id=5917 Removed HameActivit (7/11)
01-09 22:54:57.305  3215  3266 I SurfaceFlinger: id=5917 Removed HameActivit (-2/11)
01-09 22:54:57.307 15538 15557 D UE4     : [2019.01.10-03.54.57:307][  0]LogShaderLibrary: Display: Failed to load Shared Shader Library: StackerGame and no native library supported.
01-09 22:54:57.307 15538 15557 D UE4     : [2019.01.10-03.54.57:307][  0]LogShaderLibrary: Display: Failed to load Shared Shader Library: StackerGame_SC and no native library supported.
01-09 22:54:57.307 15538 15557 D UE4     : [2019.01.10-03.54.57:307][  0]LogRHI: Display: Opened pipeline cache after state change and enqueued -1034988160 of 0 tasks for precompile.
01-09 22:54:57.308 15538 15557 D UE4     : [2019.01.10-03.54.57:308][  0]LogShaderLibrary: Display: Failed to load Shared Shader Library: StackerGame and no native library supported.
01-09 22:54:57.308 15538 15557 D UE4     : [2019.01.10-03.54.57:308][  0]LogShaderLibrary: Display: Failed to load Shared Shader Library: StackerGame_SC and no native library supported.
01-09 22:54:57.308 15538 15557 D UE4     : [2019.01.10-03.54.57:308][  0]LogRHI: Display: Opened pipeline cache after state change and enqueued -1034987392 of 0 tasks for precompile.
01-09 22:54:57.308 15538 15557 D UE4     : [2019.01.10-03.54.57:308][  0]LogRHI: Display: Failed to open default shader pipeline cache for StackerGame using shader platform 8.
01-09 22:54:57.308 15538 15557 D UE4     : [2019.01.10-03.54.57:308][  0]LogRHI: Display: Failed to open default shader pipeline cache for StackerGame using shader platform 8.
01-09 22:54:57.308 15538 15557 D UE4     : [2019.01.10-03.54.57:308][  0]LogInit: Using OS detected language (en-US).
01-09 22:54:57.308 15538 15557 D UE4     : [2019.01.10-03.54.57:308][  0]LogInit: Using OS detected locale (en-US).
01-09 22:54:57.308 15538 15557 D UE4     : [2019.01.10-03.54.57:308][  0]LogTextLocalizationManager: No localization for 'en-US' exists, so 'en' will be used for the language.
01-09 22:54:57.309 15538 15557 D UE4     : [2019.01.10-03.54.57:309][  0]LogTextLocalizationManager: No localization for 'en-US' exists, so 'en' will be used for the locale.
01-09 22:54:57.309  3757  6272 D InputTransport: Input channel destroyed: fd=410
01-09 22:54:57.309 15538 15557 D UE4     : [2019.01.10-03.54.57:309][  0]LogSlate: FontCache flush requested. Reason: Culture for localization was changed
01-09 22:54:57.309 15538 15557 D UE4     : [2019.01.10-03.54.57:309][  0]LogSlate: FontCache flush requested. Reason: Culture for localization was changed
01-09 22:54:57.310 15538 15538 D InputTransport: Input channel destroyed: fd=67
01-09 22:54:57.405 15538 15557 D UE4     : [2019.01.10-03.54.57:405][  0]LogStreaming: Display: Took  0.097s to InitGameTextLocalization.
01-09 22:54:57.490 15538 15557 D UE4     : [2019.01.10-03.54.57:489][  0]LogAssetRegistry: FAssetRegistry took 0.0829 seconds to start up
01-09 22:54:57.493  5689  5689 D io_stats: !@   8,0 r 1403542 43165156 w 1267599 29627616 d 209235 16294608 f 362553 362450 iot 2169650 1167256 th 61440 61440 43888 pt 9490 inp 0 0 112324.656
01-09 22:54:57.999 15538 15557 D UE4     : [2019.01.10-03.54.57:999][  0]LogStreaming: Display: Flushing async loaders.
01-09 22:54:58.086 15538 15557 D UE4     : [2019.01.10-03.54.58:086][  0]LogPackageLocalizationCache: Processed 10 localized package path(s) for 1 prioritized culture(s) in 0.086699 seconds
01-09 22:54:58.145  3757  9599 D TelephonyManager: getAllCellInfo : Caller (PID / UID / TID): 3757 / 1000 / 9599
01-09 22:54:58.185 15538 15557 D UE4     : [2019.01.10-03.54.58:185][  0]LogNetVersion: StackerGame 1.0.0, NetCL: 4541578, EngineNetVer: 5, GameNetVer: 0 (Checksum: 1419414380)
01-09 22:54:58.858 15538 15557 I MediaPlayer: Need to enable context aware info
01-09 22:54:58.858 15538 15557 V MediaPlayer-JNI: native_setup
01-09 22:54:58.858 15538 15557 V MediaPlayer: constructor
01-09 22:54:58.865 15538 15557 V MediaPlayer: setListener
01-09 22:54:58.866 15538 15557 D UE4     : [2019.01.10-03.54.58:866][  0]LogMoviePlayer: Initializing movie player
01-09 22:54:58.868 15538 15557 D UE4     : [2019.01.10-03.54.58:868][  0]LogTcpMessaging: Initializing TcpMessaging bridge, listening on 127.0.0.1:6666
01-09 22:54:58.870 15538 15557 D UE4     : [2019.01.10-03.54.58:870][  0]LogUdpMessaging: Initializing bridge on interface 0.0.0.0:0 to multicast group 230.0.0.1:6666.
01-09 22:54:58.882 15538 15557 D UE4     : [2019.01.10-03.54.58:882][  0]LogAndroidPermission: UAndroidPermissionCallbackProxy::GetInstance
01-09 22:54:58.883 15538 15557 D UE4     : [2019.01.10-03.54.58:883][  0]LogOcInput: OculusInput pre-init called
01-09 22:54:58.915 15538 15557 D UE4     : [2019.01.10-03.54.58:915][  0]LogUObjectArray: 35064 objects as part of root set at end of initial load.
01-09 22:54:58.915 15538 15557 D UE4     : [2019.01.10-03.54.58:915][  0]LogUObjectArray: 2 objects are not in the root set, but can never be destroyed because they are in the DisregardForGC set.
01-09 22:54:58.915 15538 15557 D UE4     : [2019.01.10-03.54.58:915][  0]LogUObjectAllocator: 3861440 out of 0 bytes used by permanent object pool.
01-09 22:54:58.915 15538 15557 D UE4     : [2019.01.10-03.54.58:915][  0]LogUObjectArray: CloseDisregardForGC: 35064/35064 objects in disregard for GC pool
01-09 22:54:58.929 15538 15557 D UE4     : [2019.01.10-03.54.58:929][  0]LogAndroid: Display: Passed PreInit()
01-09 22:54:58.931 15538 15557 D UE4     : [2019.01.10-03.54.58:931][  0]LogEngine: Initializing Engine...
01-09 22:54:58.939 15538 15557 D UE4     : [2019.01.10-03.54.58:939][  0]LogStats: UGameplayTagsManager::ConstructGameplayTagTree: ImportINI prefixes -  0.000 s
01-09 22:54:58.939 15538 15557 D UE4     : [2019.01.10-03.54.58:939][  0]LogStats: UGameplayTagsManager::ConstructGameplayTagTree: Construct from data asset -  0.000 s
01-09 22:54:58.940 15538 15557 D UE4     : [2019.01.10-03.54.58:940][  0]LogStats: UGameplayTagsManager::ConstructGameplayTagTree: ImportINI -  0.000 s
01-09 22:54:58.940 15538 15557 D UE4     : [2019.01.10-03.54.58:940][  0]LogStats: UGameplayTagsManager::ConstructGameplayTagTree: GameplayTagTreeChangedEvent.Broadcast -  0.000 s
01-09 22:54:59.024 15538 15557 D UE4     : [2019.01.10-03.54.59:024][  0]LogInit: Initializing FReadOnlyCVARCache
01-09 22:54:59.025 15538 15557 D UE4     : [2019.01.10-03.54.59:025][  0]LogAndroidAudio: Warning: SL Entered Init HW
01-09 22:54:59.025 15538 15557 D UE4     : [2019.01.10-03.54.59:025][  0]LogAndroidAudio: Warning: OpenSLES Initializing HW
01-09 22:54:59.025 15538 15557 D UE4     : [2019.01.10-03.54.59:025][  0]LogAndroidAudio: Warning: OpenSLES Initialized
01-09 22:54:59.025 15538 15557 D UE4     : [2019.01.10-03.54.59:025][  0]LogAndroidAudio: Warning: OpenSLAudioDevice: Allocated 12 sources
01-09 22:54:59.026 15538 15557 D UE4     : [2019.01.10-03.54.59:026][  0]LogInit: FAudioDevice initialized.
01-09 22:54:59.027 15538 15557 D UE4     : [2019.01.10-03.54.59:027][  0]LogAudio: Warning: Can't increase channels past starting number!
01-09 22:54:59.028 15538 15557 D UE4     : [2019.01.10-03.54.59:028][  0]LogNetVersion: Set ProjectVersion to 1.1.0. Version Checksum will be recalculated on next use.
01-09 22:54:59.028 15538 15557 D UE4     : [2019.01.10-03.54.59:028][  0]LogInit: Texture streaming: Enabled
01-09 22:54:59.030 15538 15557 D UE4     : [2019.01.10-03.54.59:030][  0]LogAudio: Warning: Can't increase channels past starting number!
01-09 22:54:59.037 15538 15557 D UE4     : [2019.01.10-03.54.59:037][  0]LogSlate: Updating window title bar state: overlay mode, drag disabled, window buttons hidden, title bar hidden
01-09 22:54:59.037 15538 15557 D UE4     : [2019.01.10-03.54.59:037][  0]LogInit: Display: Game Engine Initialized.
01-09 22:54:59.038 15538 15557 D UE4     : [2019.01.10-03.54.59:037][  0]LogGameplayTags: Display: UGameplayTagsManager::DoneAddingNativeTags. DelegateIsBound: 0
01-09 22:54:59.038 15538 15557 D UE4     : [2019.01.10-03.54.59:038][  0]LogStats: UGameplayTagsManager::ConstructGameplayTagTree: ImportINI prefixes -  0.000 s
01-09 22:54:59.038 15538 15557 D UE4     : [2019.01.10-03.54.59:038][  0]LogStats: UGameplayTagsManager::ConstructGameplayTagTree: Construct from data asset -  0.000 s
01-09 22:54:59.038 15538 15557 D UE4     : [2019.01.10-03.54.59:038][  0]LogStats: UGameplayTagsManager::ConstructGameplayTagTree: ImportINI -  0.000 s
01-09 22:54:59.038 15538 15557 D UE4     : [2019.01.10-03.54.59:038][  0]LogStats: UGameplayTagsManager::ConstructGameplayTagTree: GameplayTagTreeChangedEvent.Broadcast -  0.000 s
01-09 22:54:59.116 15538 15557 D UE4     : [2019.01.10-03.54.59:116][  0]LogInit: Display: Starting Game.
01-09 22:54:59.116 15538 15557 D UE4     : [2019.01.10-03.54.59:116][  0]LogNet: Browse: /Game/Maps/StackMap?Name=Player
01-09 22:54:59.117 15538 15557 D UE4     : [2019.01.10-03.54.59:117][  0]LogLoad: LoadMap: /Game/Maps/StackMap?Name=Player
01-09 22:54:59.377 15538 15557 D UE4     : [2019.01.10-03.54.59:377][  0]LogAIModule: Creating AISystem for world StackMap
01-09 22:54:59.378 15538 15557 D UE4     : [2019.01.10-03.54.59:378][  0]LogLoad: Game class is 'GameModeBase'
01-09 22:54:59.383 15538 15557 D UE4     : [2019.01.10-03.54.59:383][  0]LogWorld: Bringing World /Game/Maps/StackMap.StackMap up for play (max tick rate 0) at 2019.01.09-22.54.59
01-09 22:54:59.385 15538 15557 D UE4     : [2019.01.10-03.54.59:385][  0]LogWorld: Bringing up level for play took: 0.004535
01-09 22:54:59.386 15538 15557 D UE4     : [2019.01.10-03.54.59:386][  0]LogOnlineIdentity: Display: OSS: FOnlineIdentityGooglePlay::GetPlayerNickname
01-09 22:54:59.387 15538 15557 D UE4     : [2019.01.10-03.54.59:387][  0]LogGameMode: FindPlayerStart: PATHS NOT DEFINED or NO PLAYERSTART with positive rating
01-09 22:54:59.427 15538 15557 D UE4     : [2019.01.10-03.54.59:426][  0]LogUMG: Display: Widget Class GameStartMenu_C - Loaded Fast Template.
01-09 22:54:59.431 15538 15557 D UE4     : [2019.01.10-03.54.59:431][  0]LogPlayerController: Error: InputMode:UIOnly - Attempting to focus Non-Focusable widget SObjectWidget [Widget.cpp(710)]!
01-09 22:54:59.433 15538 15557 D UE4     : [2019.01.10-03.54.59:433][  0]LogLoad: Took 0.315850 seconds to LoadMap(/Game/Maps/StackMap)
01-09 22:54:59.435 15538 15557 D UE4     : [2019.01.10-03.54.59:434][  0]LogSlate: Took 0.000383 seconds to synchronously load lazily loaded font '../../../Engine/Content/EngineFonts/Faces/DroidSansMono.ufont' (77K)
01-09 22:54:59.442 15538 15612 D UE4     : *** JavaEnvDestructor: 15612
01-09 22:54:59.443 15538 15610 D UE4     : AndroidEGL::ResetDisplay()
01-09 22:54:59.443 15538 15610 D UE4     : *** JavaEnvDestructor: 15610
01-09 22:54:59.453 15538 15557 D UE4     : [2019.01.10-03.54.59:453][  0]LogAndroid: Passed GEngineLoop.Init()
01-09 22:54:59.460 15538 15557 D UE4     : [2019.01.10-03.54.59:460][  0]LogAndroidEvents: Display: DequeueAppEvent : 9, 0
01-09 22:54:59.460 15538 15557 D UE4     : [2019.01.10-03.54.59:460][  0]LogAndroidEvents: Display: DequeueAppEvent : 7, 0
01-09 22:54:59.460 15538 15557 D UE4     : [2019.01.10-03.54.59:460][  0]LogAndroidEvents: Display: DequeueAppEvent : 6, 0
01-09 22:54:59.460 15538 15557 D UE4     : [2019.01.10-03.54.59:460][  0]LogAndroidEvents: Display: DequeueAppEvent : 0, 3268145160
01-09 22:54:59.460 15538 15557 D UE4     : APP_EVENT_STATE_WINDOW_CREATED, 0, 0, 0
01-09 22:54:59.460 15538 15557 D UE4     : [2019.01.10-03.54.59:460][  0]LogAndroidEvents: Display: ExecWindowCreated
01-09 22:54:59.460 15538 15557 D UE4     : AndroidEGL::ReInitWindow()
01-09 22:54:59.460 15538 15557 D UE4     : AndroidEGL::ReInit()
01-09 22:54:59.460 15538 15557 D UE4     : AndroidEGL::ResetDisplay()
01-09 22:54:59.462 15538 15557 D UE4     : AndroidEGL::InitSurface 0, 1
01-09 22:54:59.462 15538 15557 D UE4     : AndroidEGL::CreateEGLSurface() Already initialized: 0xe181f2a8
01-09 22:54:59.462 15538 15557 D UE4     : ExecWindowCreated, 0, 1, 0
01-09 22:54:59.463 15538 15557 D UE4     : [2019.01.10-03.54.59:462][  0]LogAndroidEvents: Display: DequeueAppEvent : 12, 0
01-09 22:54:59.463 15538 15557 D UE4     : [2019.01.10-03.54.59:463][  0]LogAndroidEvents: Display: DequeueAppEvent : 8, 0
01-09 22:54:59.463 15538 15557 D UE4     : [2019.01.10-03.54.59:463][  0]LogAndroidEvents: Display: DequeueAppEvent : 9, 0
01-09 22:54:59.463 15538 15557 D UE4     : [2019.01.10-03.54.59:463][  0]LogAndroidEvents: Display: DequeueAppEvent : 7, 0
01-09 22:54:59.463 15538 15557 D UE4     : [2019.01.10-03.54.59:463][  0]LogTemp: Android resume audio
01-09 22:54:59.464 15538 15642 D UE4     : [2019.01.10-03.54.59:464][  0]LogRenderer: Reallocating scene render targets to support 720x1280 Format 10 NumSamples 1 (Frame:1).
01-09 22:54:59.466 15538 15557 D UE4     : Registering volume receiver
01-09 22:54:59.472  3757  7201 D AudioService: getStreamVolume 3 index 150
01-09 22:54:59.473 15538 15557 D UE4     : startVolumeReceiver: 15
01-09 22:54:59.473 15538 15557 D UE4     : nativeVolumeEvent(15)
01-09 22:54:59.473 15538 15557 D UE4     : Registering battery receiver
01-09 22:54:59.476 15538 15557 D UE4     : Registering headset receiver
01-09 22:54:59.478 15538 15538 D UE4     : Battery: status = 2, rawlevel = 100, scale = 100
01-09 22:54:59.479 15538 15538 D UE4     : nativeBatteryEvent(stat = 2, lvl = 100  temp = 28.20 C)
01-09 22:54:59.480 15538 15557 D UE4     : startHeadsetReceiver: 0
01-09 22:54:59.480 15538 15557 D UE4     : nativeHeadsetEvent(0)
01-09 22:54:59.481 15538 15538 D UE4     : headsetReceiver::onReceive
01-09 22:54:59.481 15538 15538 D UE4     : nativeHeadsetEvent(0)
01-09 22:54:59.483 15538 15557 D UE4     : [2019.01.10-03.54.59:483][  0]LogAndroid: Display: Low Power Mode Changed: 0
01-09 22:54:59.485 15538 15642 D UE4     : [2019.01.10-03.54.59:485][  0]LogRHI: Using OpenGL program LRU cache: 0
01-09 22:54:59.579 15538 15624 D UE4     : *** JavaEnvDestructor: 15624
01-09 22:54:59.691  4616  4823 D NetworkController.MobileSignalController(0/1): onSignalStrengthsChanged signalStrength=SignalStrength: 99 99 -120 -160 -120 -1 -1 16 -120 -15 -38 2147483647 2147483647 0x1000 gsm|lte level=1
01-09 22:54:59.691  4616  4823 D NetworkController.MobileSignalController(0/1): getMobileIconGroup(): 13
01-09 22:54:59.691  4616  4823 D NetworkController.MobileSignalController(0/1): updateVZWMobileIconGroup(): 13
01-09 22:54:59.703  5035  5670 D EPDG -- [SMARTWIFI]: onSignalStrengthsChanged: Received signal strength change, phone type is: 2
01-09 22:54:59.703  5035  6446 D EPDG -- [SMARTWIFI]: lastLteRSRP is -118currentLteRSRP is -120
01-09 22:54:59.703  5035  6446 D EPDG -- [SMARTWIFI]: lastLteRSRQ is -17currentLteRSRQ is -15
01-09 22:54:59.703  5035  6446 D EPDG -- [SMARTWIFI]: lastCdmaDb is -16currentCdmaDb is -16
01-09 22:54:59.704  5035  6446 V EPDG -- [SMARTWIFI]: Radio oldest entry removed
01-09 22:54:59.704  5035  6446 V EPDG -- [SMARTWIFI]: New entry : (SignalStrength: 99 99 -120 -160 -120 -1 -1 16 -120 -15 -38 2147483647 2147483647 0x1000 gsm|lte : 0 )
01-09 22:54:59.704  5035  6446 V EPDG -- [SMARTWIFI]: Radio entry added
01-09 22:54:59.707  4616  4823 D NetworkController.MobileSignalController(0/1): callState:0, callStateByPhone:false voLTECall:false voiceNetTpe:13 dataNetType:13, ine911:false, emergencyCallbackMode:false
01-09 22:54:59.881 15538 15622 D UE4     : *** JavaEnvDestructor: 15622
01-09 22:54:59.882 15538 15623 D UE4     : *** JavaEnvDestructor: 15623
01-09 22:54:59.883 15538 15621 D UE4     : *** JavaEnvDestructor: 15621
01-09 22:54:59.986 15538 15557 D UE4     : [2019.01.10-03.54.59:986][  0]LogUdpMessaging: Initializing bridge on interface 0.0.0.0:0 to multicast group 230.0.0.1:6666.
01-09 22:54:59.999  3757  4354 D SamsungAlarmManager: Expired : 8
01-09 22:55:00.000  3757  4354 I SamsungAlarmManager: setLocked to kernel - T:3 / 20190109T225500, SetElapsed=293132009, nowELAPSED=293132009
01-09 22:55:00.000  3757  4354 D SamsungAlarmManager: Expired : 8
01-09 22:55:00.002  3757  4354 D SamsungAlarmManager: setInexact Intent (T:3/F:0/AC:false) 20190109T225745 - CU:1000/CP:3757
01-09 22:55:00.002  3757  4354 I SamsungAlarmManager: setLocked to kernel - T:3 / 20190109T225708, SetElapsed=293260636, nowELAPSED=293132011
01-09 22:55:00.004  3757  4354 D SamsungAlarmManager: setInexact Intent (T:1/F:0/AC:false) 20190109T235500 - CU:1000/CP:3757
01-09 22:55:00.617  3757  9599 D SSRM:t  : SIOP:: AP = 330, PST = 350 (W:12), CP = 248, CUR = 191, LCD = 0
01-09 22:55:00.620  3757  9599 D ConnectivityService: filterNetworkStateForUid() uid: 1000 networkInfo: [type: WIFI[] - WIFI, state: CONNECTED/CONNECTED, reason: (unspecified), extra: "wilkinson2.4", failover: false, available: true, roaming: false, metered: false]
01-09 22:55:00.870 15538 15619 D UE4     : *** JavaEnvDestructor: 15619
01-09 22:55:00.872 15538 15620 D UE4     : *** JavaEnvDestructor: 15620
01-09 22:55:00.933  3757  9599 D GameManagerService: identifyGamePackage. com.GeekTechnique.InfinityStack
01-09 22:55:00.974 15538 15557 D UE4     : [2019.01.10-03.55.00:973][  0]LogTcpMessaging: Initializing TcpMessaging bridge, listening on 127.0.0.1:6666
01-09 22:55:00.990 15538 15557 D UE4     : Execution has been resumed!
01-09 22:55:00.991 15538 15557 D UE4     : [2019.01.10-03.55.00:991][  0]LogAndroidEvents: Display: DequeueAppEvent : 6, 0
01-09 22:55:00.997 15538 15652 D UE4     : *** JavaEnvDestructor: 15652
01-09 22:55:01.999 15538 15650 D UE4     : *** JavaEnvDestructor: 15650
01-09 22:55:01.999 15538 15651 D UE4     : *** JavaEnvDestructor: 15651
01-09 22:55:02.000 15538 15649 D UE4     : *** JavaEnvDestructor: 15649
01-09 22:55:02.121  3757  9599 D GameManagerService: identifyGamePackage. com.GeekTechnique.InfinityStack
01-09 22:55:02.499  5689  5689 D io_stats: !@   8,0 r 1403542 43165156 w 1267696 29630472 d 209240 16294812 f 362580 362477 iot 2169820 1167312 th 61440 61440 43888 pt 9490 inp 0 0 112329.662
01-09 22:55:02.982 15538 15661 D UE4     : *** JavaEnvDestructor: 15661
01-09 22:55:02.991 15538 15663 D UE4     : *** JavaEnvDestructor: 15663
01-09 22:55:03.095 15538 15557 D UE4     : Unregistering volume receiver
01-09 22:55:03.101 15538 15557 D UE4     : Unregistering battery receiver
01-09 22:55:03.106 15538 15557 D UE4     : Unregistering headset receiver
01-09 22:55:03.112 15538 15643 D UE4     : *** JavaEnvDestructor: 15643
01-09 22:55:03.118 15538 15642 D UE4     : AndroidEGL::ResetDisplay()
01-09 22:55:03.130 15538 15642 D UE4     : *** JavaEnvDestructor: 15642
01-09 22:55:03.131 15538 15557 D UE4     : [2019.01.10-03.55.03:131][  0]LogTemp: Android pause audio
01-09 22:55:03.147 15538 15557 D UE4     : Execution has been paused...
01-09 22:55:03.147 15538 15557 D UE4     : [2019.01.10-03.55.03:147][  0]LogAndroidEvents: Display: DequeueAppEvent : 12, 0
01-09 22:55:03.148 15538 15557 D UE4     : [2019.01.10-03.55.03:148][  0]LogAndroidEvents: Display: DequeueAppEvent : 8, 0
01-09 22:55:03.473  3227  3261 D Sensorhubs: readContextData: 1, 1, 3, 0, 0, 0, 0, 0, 0, 0, 0, 0, 0, 0, 0, 0, 0, 0, 1, 1, 44, 1, 1, 1, 0, -43, 123, -12, 2, 0, 0, 0, 0, 0, 0, 0, 0, 1, -86, 44
01-09 22:55:03.478  3757  4361 D SensorHubManager: onGetSensorHubDataLocked: library(40) = 1, 1, 3, 0, 0, 0, 0, 0, 0, 0, 0, 0, 0, 0, 0, 0, 0, 0, 1, 1, 44, 1, 1, 1, 0, -43, 123, -12, 2, 0, 0, 0, 0, 0, 0, 0, 0, 1, -86, 44
01-09 22:55:03.484  3757  4360 I CAE     : sendCmdToSensorHub(SensorHubCommManager.java:162) - -63, 14, 3, 55, 3,
01-09 22:55:03.486  3757  4360 D SensorHubManager: SendSensorHubData: send data = -63, 14, 3, 55, 3
01-09 22:55:03.490  3227  3227 D Sensorhubs: sendContextData: -63, 14, 3, 55, 3
01-09 22:55:03.504  3757  4360 D CAE     : onGetSensorHubData(SensorHubParserProvider.java:94) - onGetSensorHubData Event [event buffer len :40], AP_SLEEP
01-09 22:55:03.507  3757  4360 I CAE     : parse(SensorHubParserProvider.java:196) - buffer size = 40
