01-23 18:21:20.282 26863 26880 D UE4     : [2019.01.23-23.21.20:282][  0]LogRHI: Warning: Disabling the need for the round() function hack
01-23 18:21:20.282 26863 26880 D UE4     : [2019.01.23-23.21.20:282][  0]LogShaderLibrary: Display: Failed to load Shared Shader Library: Global and no native library supported.
01-23 18:21:20.283 26863 26880 D UE4     : [2019.01.23-23.21.20:283][  0]LogShaderLibrary: Display: Failed to load Shared Shader Library: Global_SC and no native library supported.
01-23 18:21:20.283 26863 26880 D UE4     : [2019.01.23-23.21.20:283][  0]LogShaderLibrary: Display: Failed to load Shared Shader Library: Paper2D and no native library supported.
01-23 18:21:20.283 26863 26880 D UE4     : [2019.01.23-23.21.20:283][  0]LogShaderLibrary: Display: Failed to load Shared Shader Library: Paper2D_SC and no native library supported.
01-23 18:21:20.283 26863 26880 D UE4     : [2019.01.23-23.21.20:283][  0]LogShaderLibrary: Display: Failed to load Shared Shader Library: Paper2D and no native library supported.
01-23 18:21:20.284 26863 26880 D UE4     : [2019.01.23-23.21.20:283][  0]LogShaderLibrary: Display: Failed to load Shared Shader Library: Paper2D_SC and no native library supported.
01-23 18:21:20.284 26863 26880 D UE4     : [2019.01.23-23.21.20:284][  0]LogShaderLibrary: Display: Failed to load Shared Shader Library: CryptoKeys and no native library supported.
01-23 18:21:20.284 26863 26880 D UE4     : [2019.01.23-23.21.20:284][  0]LogShaderLibrary: Display: Failed to load Shared Shader Library: CryptoKeys_SC and no native library supported.
01-23 18:21:20.284 26863 26880 D UE4     : [2019.01.23-23.21.20:284][  0]LogShaderLibrary: Display: Failed to load Shared Shader Library: CryptoKeys and no native library supported.
01-23 18:21:20.284 26863 26880 D UE4     : [2019.01.23-23.21.20:284][  0]LogShaderLibrary: Display: Failed to load Shared Shader Library: CryptoKeys_SC and no native library supported.
01-23 18:21:20.285 26863 26880 D UE4     : [2019.01.23-23.21.20:285][  0]LogShaderLibrary: Display: Failed to load Shared Shader Library: MeshEditor and no native library supported.
01-23 18:21:20.285 26863 26880 D UE4     : [2019.01.23-23.21.20:285][  0]LogShaderLibrary: Display: Failed to load Shared Shader Library: MeshEditor_SC and no native library supported.
01-23 18:21:20.285 26863 26880 D UE4     : [2019.01.23-23.21.20:285][  0]LogShaderLibrary: Display: Failed to load Shared Shader Library: MeshEditor and no native library supported.
01-23 18:21:20.285 26863 26880 D UE4     : [2019.01.23-23.21.20:285][  0]LogShaderLibrary: Display: Failed to load Shared Shader Library: MeshEditor_SC and no native library supported.
01-23 18:21:20.285 26863 26880 D UE4     : [2019.01.23-23.21.20:285][  0]LogShaderLibrary: Display: Failed to load Shared Shader Library: DatasmithContent and no native library supported.
01-23 18:21:20.285 26863 26880 D UE4     : [2019.01.23-23.21.20:285][  0]LogShaderLibrary: Display: Failed to load Shared Shader Library: DatasmithContent_SC and no native library supported.
01-23 18:21:20.286 26863 26880 D UE4     : [2019.01.23-23.21.20:286][  0]LogShaderLibrary: Display: Failed to load Shared Shader Library: DatasmithContent and no native library supported.
01-23 18:21:20.286  5032  5668 D EPDG -- [SMARTWIFI]: onSignalStrengthsChanged: Received signal strength change, phone type is: 2
01-23 18:21:20.286 26863 26880 D UE4     : [2019.01.23-23.21.20:286][  0]LogShaderLibrary: Display: Failed to load Shared Shader Library: DatasmithContent_SC and no native library supported.
01-23 18:21:20.286  5032  6400 D EPDG -- [SMARTWIFI]: lastLteRSRP is -105currentLteRSRP is -104
01-23 18:21:20.286 26863 26880 D UE4     : [2019.01.23-23.21.20:286][  0]LogShaderLibrary: Display: Failed to load Shared Shader Library: VariantManagerContent and no native library supported.
01-23 18:21:20.286  5032  6400 D EPDG -- [SMARTWIFI]: lastLteRSRQ is -12currentLteRSRQ is -12
01-23 18:21:20.286  5032  6400 D EPDG -- [SMARTWIFI]: lastCdmaDb is -16currentCdmaDb is -16
01-23 18:21:20.286  5032  6400 V EPDG -- [SMARTWIFI]: Radio oldest entry removed
01-23 18:21:20.286 26863 26880 D UE4     : [2019.01.23-23.21.20:286][  0]LogShaderLibrary: Display: Failed to load Shared Shader Library: VariantManagerContent_SC and no native library supported.
01-23 18:21:20.286  5032  6400 V EPDG -- [SMARTWIFI]: New entry : (SignalStrength: 99 99 -120 -160 -120 -1 -1 19 -104 -12 22 2147483647 2147483647 0x3000 gsm|lte : 0 )
01-23 18:21:20.286  5032  6400 V EPDG -- [SMARTWIFI]: Radio entry added
01-23 18:21:20.286 26863 26880 D UE4     : [2019.01.23-23.21.20:286][  0]LogShaderLibrary: Display: Failed to load Shared Shader Library: VariantManagerContent and no native library supported.
01-23 18:21:20.286 26863 26880 D UE4     : [2019.01.23-23.21.20:286][  0]LogShaderLibrary: Display: Failed to load Shared Shader Library: VariantManagerContent_SC and no native library supported.
01-23 18:21:20.287 26863 26880 D UE4     : [2019.01.23-23.21.20:287][  0]LogShaderLibrary: Display: Failed to load Shared Shader Library: MediaCompositing and no native library supported.
01-23 18:21:20.287 26863 26880 D UE4     : [2019.01.23-23.21.20:287][  0]LogShaderLibrary: Display: Failed to load Shared Shader Library: MediaCompositing_SC and no native library supported.
01-23 18:21:20.287 26863 26880 D UE4     : [2019.01.23-23.21.20:287][  0]LogShaderLibrary: Display: Failed to load Shared Shader Library: MediaCompositing and no native library supported.
01-23 18:21:20.287 26863 26880 D UE4     : [2019.01.23-23.21.20:287][  0]LogShaderLibrary: Display: Failed to load Shared Shader Library: MediaCompositing_SC and no native library supported.
01-23 18:21:20.287 26863 26880 D UE4     : [2019.01.23-23.21.20:287][  0]LogShaderLibrary: Display: Failed to load Shared Shader Library: OculusVR and no native library supported.
01-23 18:21:20.287 26863 26880 D UE4     : [2019.01.23-23.21.20:287][  0]LogShaderLibrary: Display: Failed to load Shared Shader Library: OculusVR_SC and no native library supported.
01-23 18:21:20.287  4621  4806 D NetworkController.MobileSignalController(0/1): callState:0, callStateByPhone:false voLTECall:false voiceNetTpe:13 dataNetType:13, ine911:false, emergencyCallbackMode:false
01-23 18:21:20.288 26863 26880 D UE4     : [2019.01.23-23.21.20:288][  0]LogShaderLibrary: Display: Failed to load Shared Shader Library: OculusVR and no native library supported.
01-23 18:21:20.288 26863 26880 D UE4     : [2019.01.23-23.21.20:288][  0]LogShaderLibrary: Display: Failed to load Shared Shader Library: OculusVR_SC and no native library supported.
01-23 18:21:20.288 26863 26880 D UE4     : [2019.01.23-23.21.20:288][  0]LogShaderLibrary: Display: Failed to load Shared Shader Library: SteamVR and no native library supported.
01-23 18:21:20.288 26863 26880 D UE4     : [2019.01.23-23.21.20:288][  0]LogShaderLibrary: Display: Failed to load Shared Shader Library: SteamVR_SC and no native library supported.
01-23 18:21:20.288 26863 26880 D UE4     : [2019.01.23-23.21.20:288][  0]LogShaderLibrary: Display: Failed to load Shared Shader Library: SteamVR and no native library supported.
01-23 18:21:20.289 26863 26880 D UE4     : [2019.01.23-23.21.20:288][  0]LogShaderLibrary: Display: Failed to load Shared Shader Library: SteamVR_SC and no native library supported.
01-23 18:21:20.312 26863 26880 D UE4     : [2019.01.23-23.21.20:312][  0]LogMaterial: Verifying Global Shaders for GLSL_ES2
01-23 18:21:20.433 26863 26880 D UE4     : [2019.01.23-23.21.20:433][  0]LogSlate: Using FreeType 2.4.12
01-23 18:21:20.434 26863 26880 D UE4     : [2019.01.23-23.21.20:434][  0]LogSlate: SlateFontServices - WITH_FREETYPE: 1, WITH_HARFBUZZ: 1
01-23 18:21:20.451  3755  6279 D AudioService: getStreamVolume 3 index 120
01-23 18:21:20.570  3755  5853 D CustomFrequencyManagerService: releaseDVFSLockLocked : Getting Lock type frm List : DVFS_MIN_LIMIT  frequency : 1300000  uid : 1000  pid : 3755  tag : AMS_ACT_RESUME@CPU_MIN@13
01-23 18:21:20.570  3755  5853 D ActivityManagerPerformance: AMP_release() ACT_RESUME
01-23 18:21:20.599 26863 26863 D ViewRootImpl@4bdb50f[GameActivity]: mHardwareRenderer.destroy()#4
01-23 18:21:20.599 26863 26863 D ViewRootImpl@4bdb50f[GameActivity]: dispatchDetachedFromWindow
01-23 18:21:20.600  3755  6281 D WindowManager: disposeInputChannel mInputChannel: f6c729e com.GeekTechnique.InfinityStack/com.epicgames.ue4.GameActivity (server)
01-23 18:21:20.602  3755  6281 I WindowManager_SurfaceController: Destroying surface Surface(name=com.GeekTechnique.InfinityStack/com.epicgames.ue4.GameActivity) called by com.android.server.wm.WindowStateAnimator.destroySurface:2907 com.android.server.wm.WindowStateAnimator.destroySurfaceLocked:1120 com.android.server.wm.WindowState.removeLocked:1864 com.android.server.wm.WindowManagerService.removeWindowInnerLocked:2934 com.android.server.wm.WindowManagerService.removeWindowLocked:2879 com.android.server.wm.WindowManagerService.removeWindowLocked:2689 com.android.server.wm.WindowManagerService.removeWindow:2684 com.android.server.wm.Session.remove:218 
01-23 18:21:20.602  3219  3284 I SurfaceFlinger: id=183 Removed HameActivit (6/9)
01-23 18:21:20.604  3219  9867 I SurfaceFlinger: id=183 Removed HameActivit (-2/9)
01-23 18:21:20.611  3755  6281 D InputTransport: Input channel destroyed: fd=463
01-23 18:21:20.614 26863 26863 D InputTransport: Input channel destroyed: fd=67
01-23 18:21:20.621 26863 26880 D UE4     : [2019.01.23-23.21.20:621][  0]LogShaderLibrary: Display: Failed to load Shared Shader Library: StackerGame and no native library supported.
01-23 18:21:20.621 26863 26880 D UE4     : [2019.01.23-23.21.20:621][  0]LogShaderLibrary: Display: Failed to load Shared Shader Library: StackerGame_SC and no native library supported.
01-23 18:21:20.621 26863 26880 D UE4     : [2019.01.23-23.21.20:621][  0]LogRHI: Display: Opened pipeline cache after state change and enqueued -1063111488 of 0 tasks for precompile.
01-23 18:21:20.621 26863 26880 D UE4     : [2019.01.23-23.21.20:621][  0]LogShaderLibrary: Display: Failed to load Shared Shader Library: StackerGame and no native library supported.
01-23 18:21:20.621 26863 26880 D UE4     : [2019.01.23-23.21.20:621][  0]LogShaderLibrary: Display: Failed to load Shared Shader Library: StackerGame_SC and no native library supported.
01-23 18:21:20.621 26863 26880 D UE4     : [2019.01.23-23.21.20:621][  0]LogRHI: Display: Opened pipeline cache after state change and enqueued -1063110720 of 0 tasks for precompile.
01-23 18:21:20.621 26863 26880 D UE4     : [2019.01.23-23.21.20:621][  0]LogRHI: Display: Failed to open default shader pipeline cache for StackerGame using shader platform 8.
01-23 18:21:20.622 26863 26880 D UE4     : [2019.01.23-23.21.20:622][  0]LogRHI: Display: Failed to open default shader pipeline cache for StackerGame using shader platform 8.
01-23 18:21:20.622 26863 26880 D UE4     : [2019.01.23-23.21.20:622][  0]LogInit: Using OS detected language (en-US).
01-23 18:21:20.622 26863 26880 D UE4     : [2019.01.23-23.21.20:622][  0]LogInit: Using OS detected locale (en-US).
01-23 18:21:20.622 26863 26880 D UE4     : [2019.01.23-23.21.20:622][  0]LogTextLocalizationManager: No localization for 'en-US' exists, so 'en' will be used for the language.
01-23 18:21:20.622 26863 26880 D UE4     : [2019.01.23-23.21.20:622][  0]LogTextLocalizationManager: No localization for 'en-US' exists, so 'en' will be used for the locale.
01-23 18:21:20.623 26863 26880 D UE4     : [2019.01.23-23.21.20:623][  0]LogSlate: FontCache flush requested. Reason: Culture for localization was changed
01-23 18:21:20.623 26863 26880 D UE4     : [2019.01.23-23.21.20:623][  0]LogSlate: FontCache flush requested. Reason: Culture for localization was changed
01-23 18:21:20.654  3755  7362 D AudioService: getStreamVolume 3 index 120
01-23 18:21:20.717 26863 26880 D UE4     : [2019.01.23-23.21.20:717][  0]LogStreaming: Display: Took  0.096s to InitGameTextLocalization.
01-23 18:21:20.803 26863 26880 D UE4     : [2019.01.23-23.21.20:803][  0]LogAssetRegistry: FAssetRegistry took 0.0841 seconds to start up
01-23 18:21:20.858  3755  5047 D AudioService: getStreamVolume 3 index 120
01-23 18:21:21.065  3755  3766 D AudioService: getStreamVolume 3 index 120
01-23 18:21:21.269  3755  6277 D AudioService: getStreamVolume 3 index 120
01-23 18:21:21.302 26863 26880 D UE4     : [2019.01.23-23.21.21:302][  0]LogStreaming: Display: Flushing async loaders.
01-23 18:21:21.385 26863 26880 D UE4     : [2019.01.23-23.21.21:385][  0]LogPackageLocalizationCache: Processed 10 localized package path(s) for 1 prioritized culture(s) in 0.081856 seconds
01-23 18:21:21.473  3755  4444 D AudioService: getStreamVolume 3 index 120
01-23 18:21:21.483 26863 26880 D UE4     : [2019.01.23-23.21.21:483][  0]LogNetVersion: StackerGame 1.0.0, NetCL: 4541578, EngineNetVer: 5, GameNetVer: 0 (Checksum: 1419414380)
01-23 18:21:21.668  3755  4354 D SamsungAlarmManager: Expired : 8
01-23 18:21:21.670  3755  4354 V SamsungAlarmManager: Sending to uid : 10059 action=null alarm=Alarm{5a6b205 type 3 when 9265778 com.asurion.android.verizon.vms}
01-23 18:21:21.678  3755  4498 D AudioService: getStreamVolume 3 index 120
01-23 18:21:21.684  3755  4354 D CompatibilityInfo: mCompatibilityFlags - 0
01-23 18:21:21.684  3755  4354 D CompatibilityInfo: applicationDensity - 420
01-23 18:21:21.684  3755  4354 D CompatibilityInfo: applicationScale - 1.0
01-23 18:21:21.705  3755  7344 D SamsungAlarmManager: setExact Intent (T:3/F:5/AC:false) 20190123T182126 - CU:10059/CP:6576
01-23 18:21:21.818  3755  4459 D WifiStateMachine: Current network is: "wilkinson2.4" , ID is: 30
01-23 18:21:21.818  3755  4459 I WifiStateMachine: IMS calling, current network is always qualified
01-23 18:21:21.881  3755  7358 D AudioService: getStreamVolume 3 index 120
01-23 18:21:21.952  3755  9977 D TelephonyManager: getAllCellInfo : Caller (PID / UID / TID): 3755 / 1000 / 9977
01-23 18:21:22.083  3755  7343 D AudioService: getStreamVolume 3 index 120
01-23 18:21:22.161  3755  7364 D ConnectivityService: filterNetworkStateForUid() uid: 10014 networkInfo: [type: WIFI[] - WIFI, state: CONNECTED/CONNECTED, reason: (unspecified), extra: "wilkinson2.4", failover: false, available: true, roaming: false, metered: false]
01-23 18:21:22.169 26863 26880 I MediaPlayer: Need to enable context aware info
01-23 18:21:22.169 26863 26880 V MediaPlayer-JNI: native_setup
01-23 18:21:22.170 26863 26880 V MediaPlayer: constructor
01-23 18:21:22.178 26863 26880 V MediaPlayer: setListener
01-23 18:21:22.179 26863 26880 D UE4     : [2019.01.23-23.21.22:179][  0]LogMoviePlayer: Initializing movie player
01-23 18:21:22.186 26863 26880 D UE4     : [2019.01.23-23.21.22:186][  0]LogTcpMessaging: Initializing TcpMessaging bridge, listening on 127.0.0.1:6666
01-23 18:21:22.188 26863 26880 D UE4     : [2019.01.23-23.21.22:188][  0]LogUdpMessaging: Initializing bridge on interface 0.0.0.0:0 to multicast group 230.0.0.1:6666.
01-23 18:21:22.197 26863 26880 D UE4     : [2019.01.23-23.21.22:197][  0]LogAndroidPermission: UAndroidPermissionCallbackProxy::GetInstance
01-23 18:21:22.198 26863 26880 D UE4     : [2019.01.23-23.21.22:198][  0]LogOcInput: OculusInput pre-init called
01-23 18:21:22.203  3755  4448 D ConnectivityService: filterNetworkStateForUid() uid: 10014 networkInfo: [type: WIFI[] - WIFI, state: CONNECTED/CONNECTED, reason: (unspecified), extra: "wilkinson2.4", failover: false, available: true, roaming: false, metered: false]
01-23 18:21:22.213  7043 26667 I System.out: (HTTPLog)-Static: isSBSettingEnabled false
01-23 18:21:22.213  7043 26667 I System.out: (HTTPLog)-Static: isSBSettingEnabled false
01-23 18:21:22.216  3254  3742 D EnterpriseController: netId is 0
01-23 18:21:22.217  3254  3742 D Netd    : getNetworkForDns: using netid 502 for uid 10014
01-23 18:21:22.217  3254  3742 D DnsProxyListener: DNSDBG::dns addrinfo af 0
01-23 18:21:22.229 26863 26880 D UE4     : [2019.01.23-23.21.22:229][  0]LogUObjectArray: 35064 objects as part of root set at end of initial load.
01-23 18:21:22.229 26863 26880 D UE4     : [2019.01.23-23.21.22:229][  0]LogUObjectArray: 2 objects are not in the root set, but can never be destroyed because they are in the DisregardForGC set.
01-23 18:21:22.229 26863 26880 D UE4     : [2019.01.23-23.21.22:229][  0]LogUObjectAllocator: 3861440 out of 0 bytes used by permanent object pool.
01-23 18:21:22.229 26863 26880 D UE4     : [2019.01.23-23.21.22:229][  0]LogUObjectArray: CloseDisregardForGC: 35064/35064 objects in disregard for GC pool
01-23 18:21:22.244 26863 26880 D UE4     : [2019.01.23-23.21.22:244][  0]LogAndroid: Display: Passed PreInit()
01-23 18:21:22.245 26863 26880 D UE4     : [2019.01.23-23.21.22:245][  0]LogEngine: Initializing Engine...
01-23 18:21:22.253 26863 26880 D UE4     : [2019.01.23-23.21.22:253][  0]LogStats: UGameplayTagsManager::ConstructGameplayTagTree: ImportINI prefixes -  0.000 s
01-23 18:21:22.254 26863 26880 D UE4     : [2019.01.23-23.21.22:254][  0]LogStats: UGameplayTagsManager::ConstructGameplayTagTree: Construct from data asset -  0.000 s
01-23 18:21:22.254 26863 26880 D UE4     : [2019.01.23-23.21.22:254][  0]LogStats: UGameplayTagsManager::ConstructGameplayTagTree: ImportINI -  0.000 s
01-23 18:21:22.254 26863 26880 D UE4     : [2019.01.23-23.21.22:254][  0]LogStats: UGameplayTagsManager::ConstructGameplayTagTree: GameplayTagTreeChangedEvent.Broadcast -  0.000 s
01-23 18:21:22.286  3755  7344 D AudioService: getStreamVolume 3 index 120
01-23 18:21:22.330 26863 26880 D UE4     : [2019.01.23-23.21.22:330][  0]LogInit: Initializing FReadOnlyCVARCache
01-23 18:21:22.331 26863 26880 D UE4     : [2019.01.23-23.21.22:330][  0]LogAndroidAudio: Warning: SL Entered Init HW
01-23 18:21:22.331 26863 26880 D UE4     : [2019.01.23-23.21.22:331][  0]LogAndroidAudio: Warning: OpenSLES Initializing HW
01-23 18:21:22.331 26863 26880 D UE4     : [2019.01.23-23.21.22:331][  0]LogAndroidAudio: Warning: OpenSLES Initialized
01-23 18:21:22.331 26863 26880 D UE4     : [2019.01.23-23.21.22:331][  0]LogAndroidAudio: Warning: OpenSLAudioDevice: Allocated 12 sources
01-23 18:21:22.331 26863 26880 D UE4     : [2019.01.23-23.21.22:331][  0]LogInit: FAudioDevice initialized.
01-23 18:21:22.332 26863 26880 D UE4     : [2019.01.23-23.21.22:332][  0]LogAudio: Warning: Can't increase channels past starting number!
01-23 18:21:22.335 26863 26880 D UE4     : [2019.01.23-23.21.22:335][  0]LogNetVersion: Set ProjectVersion to 1.1.0. Version Checksum will be recalculated on next use.
01-23 18:21:22.335 26863 26880 D UE4     : [2019.01.23-23.21.22:335][  0]LogInit: Texture streaming: Enabled
01-23 18:21:22.337 26863 26880 D UE4     : [2019.01.23-23.21.22:337][  0]LogAudio: Warning: Can't increase channels past starting number!
01-23 18:21:22.343  3755  3774 D CompatibilityInfo: mCompatibilityFlags - 0
01-23 18:21:22.343 26863 26880 D UE4     : [2019.01.23-23.21.22:343][  0]LogSlate: Updating window title bar state: overlay mode, drag disabled, window buttons hidden, title bar hidden
01-23 18:21:22.343  3755  3774 D CompatibilityInfo: applicationDensity - 420
01-23 18:21:22.343  3755  3774 D CompatibilityInfo: applicationScale - 1.0
01-23 18:21:22.344 26863 26880 D UE4     : [2019.01.23-23.21.22:344][  0]LogInit: Display: Game Engine Initialized.
01-23 18:21:22.344 26863 26880 D UE4     : [2019.01.23-23.21.22:344][  0]LogGameplayTags: Display: UGameplayTagsManager::DoneAddingNativeTags. DelegateIsBound: 0
01-23 18:21:22.344 26863 26880 D UE4     : [2019.01.23-23.21.22:344][  0]LogStats: UGameplayTagsManager::ConstructGameplayTagTree: ImportINI prefixes -  0.000 s
01-23 18:21:22.344 26863 26880 D UE4     : [2019.01.23-23.21.22:344][  0]LogStats: UGameplayTagsManager::ConstructGameplayTagTree: Construct from data asset -  0.000 s
01-23 18:21:22.345 26863 26880 D UE4     : [2019.01.23-23.21.22:345][  0]LogStats: UGameplayTagsManager::ConstructGameplayTagTree: ImportINI -  0.000 s
01-23 18:21:22.345 26863 26880 D UE4     : [2019.01.23-23.21.22:345][  0]LogStats: UGameplayTagsManager::ConstructGameplayTagTree: GameplayTagTreeChangedEvent.Broadcast -  0.000 s
01-23 18:21:22.354  3755  7367 D CompatibilityInfo: mCompatibilityFlags - 0
01-23 18:21:22.354  3755  7367 D CompatibilityInfo: applicationDensity - 420
01-23 18:21:22.354  3755  7367 D CompatibilityInfo: applicationScale - 1.0
01-23 18:21:22.361  3755  7357 D CompatibilityInfo: mCompatibilityFlags - 0
01-23 18:21:22.361  3755  7357 D CompatibilityInfo: applicationDensity - 420
01-23 18:21:22.361  3755  7357 D CompatibilityInfo: applicationScale - 1.0
01-23 18:21:22.373  3755  5048 D MountService: getExternalStorageMountMode : 1
01-23 18:21:22.373  3755  5048 D MountService: getExternalStorageMountMode : 3
01-23 18:21:22.373  3755  5048 D MountService: getExternalStorageMountMode : final mountMode=1, uid : 1000, packageName : com.samsung.android.lool
01-23 18:21:22.400  3755  5048 I ActivityManager: Start proc 26986:com.samsung.android.lool/1000 for broadcast com.samsung.android.lool/com.samsung.android.sm.common.DropBoxReceiver
01-23 18:21:22.400 26986 26986 E Zygote  : v2
01-23 18:21:22.401 26986 26986 I libpersona: KNOX_SDCARD checking this for 1000
01-23 18:21:22.401 26986 26986 I libpersona: KNOX_SDCARD not a persona
01-23 18:21:22.403 26986 26986 E Zygote  : accessInfo : 0
01-23 18:21:22.408 26986 26986 W SELinux : SELinux selinux_android_compute_policy_index : Policy Index[2],  Con:u:r:zygote:s0 RAM:SEPF_SECMOBILE_7.0_0009, [-1 -1 -1 -1 0 1]
01-23 18:21:22.410 26986 26986 I SELinux : SELinux: seapp_context_lookup: seinfo=platform, pkgname=com.samsung.android.lool 
01-23 18:21:22.414  3755  4498 D SamsungAlarmManager: Cancel Alarm calling from uid:10014 pid :7043 / op:PendingIntent{ae56981: PendingIntentRecord{256588 com.google.android.gms broadcastIntent}}
01-23 18:21:22.426 26863 26880 D UE4     : [2019.01.23-23.21.22:425][  0]LogInit: Display: Starting Game.
01-23 18:21:22.426 26863 26880 D UE4     : [2019.01.23-23.21.22:426][  0]LogNet: Browse: /Game/Maps/StackMap?Name=Player
01-23 18:21:22.427 26863 26880 D UE4     : [2019.01.23-23.21.22:427][  0]LogLoad: LoadMap: /Game/Maps/StackMap?Name=Player
01-23 18:21:22.444 26986 26986 D TimaKeyStoreProvider: TimaKeyStore is not enabled: cannot add TimaSignature Service and generateKeyPair Service
01-23 18:21:22.447  3755  3767 D CompatibilityInfo: mCompatibilityFlags - 0
01-23 18:21:22.447  3755  3767 D CompatibilityInfo: applicationDensity - 420
01-23 18:21:22.447  3755  3767 D CompatibilityInfo: applicationScale - 1.0
01-23 18:21:22.447  3755  3767 I ActivityManager: DSS on for com.samsung.android.lool and scale is 1.0
01-23 18:21:22.449  3755  3767 D CompatibilityInfo: mCompatibilityFlags - 0
01-23 18:21:22.449  3755  3767 D CompatibilityInfo: applicationDensity - 420
01-23 18:21:22.449  3755  3767 D CompatibilityInfo: applicationScale - 1.0
01-23 18:21:22.458  3755  3767 D CompatibilityInfo: mCompatibilityFlags - 0
01-23 18:21:22.458  3755  3767 D CompatibilityInfo: applicationDensity - 420
01-23 18:21:22.459  3755  3767 D CompatibilityInfo: applicationScale - 1.0
01-23 18:21:22.485 26986 26986 I art     : Starting a blocking GC AddRemoveAppImageSpace
01-23 18:21:22.492  3755  7368 D AudioService: getStreamVolume 3 index 120
01-23 18:21:22.584 26986 26986 D SamsungAnalytics:1.8.33: cf feature is supported
01-23 18:21:22.592 26986 26986 D SamsungAnalytics:1.8.33: [Tracker] Tracker start:1.8.33
01-23 18:21:22.592 26986 26986 I DMT-DropBoxReceiver: Received : android.intent.action.DROPBOX_ENTRY_ADDED
01-23 18:21:22.597  3755  5047 I ActivityManager: Killing 26329:com.android.documentsui/u0a114 (adj 906): DHA:empty #31
01-23 18:21:22.605  6646  6750 D ContactsProvider_EventLog: contents_sample_state: [ contacts(370) data(4042) accounts({vnd.sec.contact.phone (1)=12, com.google (7)=694}) accounts deleted({}) calls([logtype:100 cnt:395, logtype:1150 cnt:105]) countryIso(US) userId(0)  ]

01-23 18:21:22.605  6646  6750 D ContactsProvider_EventLog: contents_sample_state: [ agr({[2 ,2 ,7]=1, [2 ,7 ,2 ,7]=1, [7 ,2 ,7]=4, [7 ,7 ,2]=4, [1 ,7]=5, [7]=52, [7 ,2]=231, [1 ,2 ,7]=7, [2 ,7]=65})  ]

01-23 18:21:22.605  6646  6750 D ContactsProvider_EventLog: contents_sample_state: [ actCnt({android.process.acore=5})  ]
01-23 18:21:22.610  6646  6750 E ContactsProvider_EventLog: Flush buffer to file cnt : 1 size : 0Kb duration : 4ms lastUpdatedAfter : 7721 ms mFlush_time_threasold : 2000 mCurrentSize : 458
01-23 18:21:22.622  3755  3766 D ActivityManager: cleanUpApplicationRecord -- 26329
01-23 18:21:22.625  5967  5983 D ForegroundUtils: could not check pending caller
01-23 18:21:22.694  3755  3767 D AudioService: getStreamVolume 3 index 120
01-23 18:21:22.719 26863 26880 D UE4     : [2019.01.23-23.21.22:719][  0]LogAIModule: Creating AISystem for world StackMap
01-23 18:21:22.720 26863 26880 D UE4     : [2019.01.23-23.21.22:720][  0]LogLoad: Game class is 'GameModeBase'
01-23 18:21:22.727 26863 26880 D UE4     : [2019.01.23-23.21.22:727][  0]LogWorld: Bringing World /Game/Maps/StackMap.StackMap up for play (max tick rate 0) at 2019.01.23-18.21.22
01-23 18:21:22.730 26863 26880 D UE4     : [2019.01.23-23.21.22:730][  0]LogWorld: Bringing up level for play took: 0.006585
01-23 18:21:22.731 26863 26880 D UE4     : [2019.01.23-23.21.22:731][  0]LogOnlineIdentity: Display: OSS: FOnlineIdentityGooglePlay::GetPlayerNickname
01-23 18:21:22.733 26863 26880 D UE4     : [2019.01.23-23.21.22:733][  0]LogGameMode: FindPlayerStart: PATHS NOT DEFINED or NO PLAYERSTART with positive rating
01-23 18:21:22.770 26863 26880 D UE4     : [2019.01.23-23.21.22:770][  0]LogUMG: Display: Widget Class GameStartMenu_C - Loaded Fast Template.
01-23 18:21:22.776 26863 26880 D UE4     : [2019.01.23-23.21.22:776][  0]LogLevel: Warning: EnableInput on a LevelScript actor can not be specified for only one PlayerController.  Enabling for all PlayerControllers.
01-23 18:21:22.777 26863 26880 D UE4     : [2019.01.23-23.21.22:777][  0]LogLoad: Took 0.349971 seconds to LoadMap(/Game/Maps/StackMap)
01-23 18:21:22.779 26863 26880 D UE4     : [2019.01.23-23.21.22:779][  0]LogSlate: Took 0.000373 seconds to synchronously load lazily loaded font '../../../Engine/Content/EngineFonts/Faces/DroidSansMono.ufont' (77K)
01-23 18:21:22.786 26863 26951 D UE4     : *** JavaEnvDestructor: 26951
01-23 18:21:22.786 26863 26949 D UE4     : AndroidEGL::ResetDisplay()
01-23 18:21:22.787 26863 26949 D UE4     : *** JavaEnvDestructor: 26949
01-23 18:21:22.793  3755  4354 D SamsungAlarmManager: Expired : 4
01-23 18:21:22.794  3755  4354 I SamsungAlarmManager: setLocked to kernel - T:2 / 20190123T182426, SetElapsed=9450644, nowELAPSED=9266903
01-23 18:21:22.794  3755  4354 I SamsungAlarmManager: setLocked to kernel - T:3 / 20190123T182126, SetElapsed=9270807, nowELAPSED=9266904
01-23 18:21:22.795  3755  4354 V SamsungAlarmManager: Sending to uid : 10014 action=com.google.android.intent.action.GCM_RECONNECT alarm=Alarm{5fe1cbd type 2 when 9266903 com.google.android.gms}
01-23 18:21:22.797 26863 26880 D UE4     : [2019.01.23-23.21.22:796][  0]LogAndroid: Passed GEngineLoop.Init()
01-23 18:21:22.798  3755  6081 D SamsungAlarmManager: Cancel Alarm calling from uid:10014 pid :5873 / op:PendingIntent{12202b2: PendingIntentRecord{20a2cfc com.google.android.gms broadcastIntent}}
01-23 18:21:22.803 26863 26880 D UE4     : [2019.01.23-23.21.22:803][  0]LogAndroidEvents: Display: DequeueAppEvent : 9, 0
01-23 18:21:22.803 26863 26880 D UE4     : [2019.01.23-23.21.22:803][  0]LogAndroidEvents: Display: DequeueAppEvent : 7, 0
01-23 18:21:22.803 26863 26880 D UE4     : [2019.01.23-23.21.22:803][  0]LogAndroidEvents: Display: DequeueAppEvent : 0, 3306795016
01-23 18:21:22.803 26863 26880 D UE4     : APP_EVENT_STATE_WINDOW_CREATED, 0, 0, 1
01-23 18:21:22.803 26863 26880 D UE4     : [2019.01.23-23.21.22:803][  0]LogAndroidEvents: Display: ExecWindowCreated
01-23 18:21:22.803 26863 26880 D UE4     : AndroidEGL::ReInitWindow()
01-23 18:21:22.803 26863 26880 D UE4     : AndroidEGL::ReInit()
01-23 18:21:22.803 26863 26880 D UE4     : AndroidEGL::ResetDisplay()
01-23 18:21:22.804 26863 26880 D UE4     : AndroidEGL::InitSurface 0, 1
01-23 18:21:22.804 26863 26880 D UE4     : AndroidEGL::CreateEGLSurface() Already initialized: 0xe3fb32a8
01-23 18:21:22.805 26863 26880 D UE4     : ExecWindowCreated, 0, 1, 1
01-23 18:21:22.805 26863 26880 D UE4     : [2019.01.23-23.21.22:805][  0]LogTemp: Android resume audio
01-23 18:21:22.806 26863 27004 D UE4     : [2019.01.23-23.21.22:806][  0]LogRenderer: Reallocating scene render targets to support 720x1280 Format 10 NumSamples 1 (Frame:1).
01-23 18:21:22.809 26863 26880 D UE4     : Registering volume receiver
01-23 18:21:22.814  3755  7368 D AudioService: getStreamVolume 3 index 120
01-23 18:21:22.814 26863 26880 D UE4     : startVolumeReceiver: 12
01-23 18:21:22.815 26863 26880 D UE4     : nativeVolumeEvent(12)
01-23 18:21:22.815 26863 26880 D UE4     : Registering battery receiver
01-23 18:21:22.817 26863 26880 D UE4     : Registering headset receiver
01-23 18:21:22.818 26863 26863 D UE4     : Battery: status = 2, rawlevel = 93, scale = 100
01-23 18:21:22.818 26863 26863 D UE4     : nativeBatteryEvent(stat = 2, lvl = 93  temp = 29.20 C)
01-23 18:21:22.818 26863 26880 D UE4     : startHeadsetReceiver: 0
01-23 18:21:22.819 26863 26880 D UE4     : nativeHeadsetEvent(0)
01-23 18:21:22.821 26863 26880 D UE4     : [2019.01.23-23.21.22:821][  0]LogAndroid: Display: Low Power Mode Changed: 0
01-23 18:21:22.827 26863 27004 D UE4     : [2019.01.23-23.21.22:827][  0]LogRHI: Using OpenGL program LRU cache: 0
01-23 18:21:22.869 26863 26965 D UE4     : *** JavaEnvDestructor: 26965
01-23 18:21:22.896  3755  7367 D AudioService: getStreamVolume 3 index 120
01-23 18:21:23.099  3755  6281 D AudioService: getStreamVolume 3 index 120
01-23 18:21:23.188 26863 27008 D UE4     : [2019.01.23-23.21.23:188][  0]LogTcpMessaging: Started Connection to '127.0.0.1:58207'
01-23 18:21:23.189 26863 27008 D UE4     : [2019.01.23-23.21.23:189][  0]LogTcpMessaging: Discovered node '16D2DBB2434EF8B81C7242AD74AC3D98' on connection '127.0.0.1:58207'...
01-23 18:21:23.193 26863 26963 D UE4     : *** JavaEnvDestructor: 26963
01-23 18:21:23.194 26863 26964 D UE4     : *** JavaEnvDestructor: 26964
01-23 18:21:23.195 26863 26962 D UE4     : *** JavaEnvDestructor: 26962
01-23 18:21:23.296 26863 26880 D UE4     : [2019.01.23-23.21.23:296][  0]LogUdpMessaging: Initializing bridge on interface 0.0.0.0:0 to multicast group 230.0.0.1:6666.
01-23 18:21:23.303  3755  6081 D AudioService: getStreamVolume 3 index 120
01-23 18:21:23.329 26863 26961 D UE4     : *** JavaEnvDestructor: 26961
01-23 18:21:23.508  3755  4444 D AudioService: getStreamVolume 3 index 120
01-23 18:21:23.532  3755  6080 D ConnectivityService: filterNetworkStateForUid() uid: 5008 networkInfo: [type: WIFI[] - WIFI, state: CONNECTED/CONNECTED, reason: (unspecified), extra: "wilkinson2.4", failover: false, available: true, roaming: false, metered: false]
01-23 18:21:23.714  3755  7368 D AudioService: getStreamVolume 3 index 120
01-23 18:21:23.922  3755  5047 D AudioService: getStreamVolume 3 index 120
01-23 18:21:24.098 26863 27008 D UE4     : [2019.01.23-23.21.24:098][  0]LogTcpMessaging: Lost node '16D2DBB2434EF8B81C7242AD74AC3D98' on connection '127.0.0.1:58207'...
01-23 18:21:24.099 26863 27008 D UE4     : *** JavaEnvDestructor: 27008
01-23 18:21:24.127  3755  7360 D AudioService: getStreamVolume 3 index 120
01-23 18:21:24.189 26863 26960 D UE4     : *** JavaEnvDestructor: 26960
01-23 18:21:24.202 26863 26880 D UE4     : [2019.01.23-23.21.24:202][  0]LogTcpMessaging: Initializing TcpMessaging bridge, listening on 127.0.0.1:6666
01-23 18:21:24.212 26863 26880 D UE4     : Execution has been resumed!
01-23 18:21:24.213 26863 26880 D UE4     : [2019.01.23-23.21.24:212][  0]LogAndroidEvents: Display: DequeueAppEvent : 6, 0
01-23 18:21:24.251 26863 27012 D UE4     : *** JavaEnvDestructor: 27012
01-23 18:21:24.308 26863 27010 D UE4     : *** JavaEnvDestructor: 27010
01-23 18:21:24.311 26863 27011 D UE4     : *** JavaEnvDestructor: 27011
01-23 18:21:24.314 26863 27009 D UE4     : *** JavaEnvDestructor: 27009
01-23 18:21:24.334  3755  7364 D AudioService: getStreamVolume 3 index 120
01-23 18:21:24.537  3755  6279 D AudioService: getStreamVolume 3 index 120
01-23 18:21:24.641  3755  9977 D GameManagerService: identifyGamePackage. com.GeekTechnique.InfinityStack
01-23 18:21:24.740  3755  6080 D AudioService: getStreamVolume 3 index 120
01-23 18:21:24.796  5679  5679 D io_stats: !@   8,0 r 220359 8100604 w 83947 2443432 d 13070 1524908 f 21140 21138 iot 173140 119609 th 61440 61440 52764 pt 40 inp 0 0 4601.829
01-23 18:21:24.847  3755  4459 D WifiStateMachine: Current network is: "wilkinson2.4" , ID is: 30
01-23 18:21:24.848  3755  4459 I WifiStateMachine: IMS calling, current network is always qualified
01-23 18:21:24.946  3755  7368 D AudioService: getStreamVolume 3 index 120
01-23 18:21:25.155  3755  7367 D AudioService: getStreamVolume 3 index 120
01-23 18:21:25.207 26863 27015 D UE4     : *** JavaEnvDestructor: 27015
01-23 18:21:25.212 26863 27016 D UE4     : *** JavaEnvDestructor: 27016
01-23 18:21:25.315 26863 26880 D UE4     : Unregistering volume receiver
01-23 18:21:25.320 26863 26880 D UE4     : Unregistering battery receiver
01-23 18:21:25.324 26863 26880 D UE4     : Unregistering headset receiver
01-23 18:21:25.336 26863 27005 D UE4     : *** JavaEnvDestructor: 27005
01-23 18:21:25.339 26863 27004 D UE4     : AndroidEGL::ResetDisplay()
01-23 18:21:25.342 26863 27004 D UE4     : *** JavaEnvDestructor: 27004
01-23 18:21:25.343 26863 26880 D UE4     : [2019.01.23-23.21.25:343][  0]LogTemp: Android pause audio
01-23 18:21:25.353 26863 26880 D UE4     : Execution has been paused...
01-23 18:21:25.353 26863 26880 D UE4     : [2019.01.23-23.21.25:353][  0]LogAndroidEvents: Display: DequeueAppEvent : 11, 0
01-23 18:21:25.354 26863 26880 D UE4     : [2019.01.23-23.21.25:353][  0]LogAndroidEvents: Display: DequeueAppEvent : 7, 0
01-23 18:21:25.361  3755  6279 D AudioService: getStreamVolume 3 index 120
01-23 18:21:25.386 26863 26880 D UE4     : [2019.01.23-23.21.25:386][  0]LogTemp: Android resume audio
01-23 18:21:25.386 26863 26880 D UE4     : Registering volume receiver
01-23 18:21:25.390  3755  6281 D AudioService: getStreamVolume 3 index 120
01-23 18:21:25.390 26863 26880 D UE4     : startVolumeReceiver: 12
01-23 18:21:25.390 26863 26880 D UE4     : nativeVolumeEvent(12)
01-23 18:21:25.390 26863 26880 D UE4     : Registering battery receiver
01-23 18:21:25.394 26863 26880 D UE4     : Registering headset receiver
01-23 18:21:25.405 26863 26880 D UE4     : startHeadsetReceiver: 0
01-23 18:21:25.405 26863 26880 D UE4     : nativeHeadsetEvent(0)
01-23 18:21:25.405 26863 26880 D UE4     : [2019.01.23-23.21.25:405][  0]LogUdpMessaging: Initializing bridge on interface 0.0.0.0:0 to multicast group 230.0.0.1:6666.
01-23 18:21:25.412 26863 26880 D UE4     : [2019.01.23-23.21.25:412][  0]LogTcpMessaging: Initializing TcpMessaging bridge, listening on 127.0.0.1:6666
01-23 18:21:25.415 26863 26880 D UE4     : Execution has been resumed!
01-23 18:21:25.480 26863 27019 I         : Increase max job count 60
01-23 18:21:25.566  3755  4444 D AudioService: getStreamVolume 3 index 120
01-23 18:21:25.771  3755  7395 D AudioService: getStreamVolume 3 index 120
01-23 18:21:25.946  3755  9977 D GameManagerService: identifyGamePackage. com.GeekTechnique.InfinityStack
01-23 18:21:25.974  3755  5047 D AudioService: getStreamVolume 3 index 120
01-23 18:21:26.177  3755  7343 D AudioService: getStreamVolume 3 index 120
01-23 18:21:26.347 26395 26522 D ClClient: Not sending keepalive.  Current connection state=STOPPED
01-23 18:21:26.371 26863 27019 D UE4     : [2019.01.23-23.21.26:371][  0]LogRHI: JNI Display getPresentationDeadlineNanos=17949152 getAppVsyncOffsetNanos=0 getRefreshRate=59.000000
01-23 18:21:26.371 26863 27019 D UE4     : [2019.01.23-23.21.26:371][  0]LogRHI: Final display timing metrics: DriverRefreshRate=59.0000  DriverRefreshNanos=16949153  DriverDeadlineNanos=16949152  DriverAppVsyncOffsetNanos=0
01-23 18:21:26.371 26863 27019 D UE4     : [2019.01.23-23.21.26:371][  0]LogRHI: AndroidEGL:SwapBuffers Min=0, Max=1, Request=1, ClosestDriver=1, SetDriver=1
01-23 18:21:26.378 26863 26880 D UE4     : [2019.01.23-23.21.26:378][  0]LogSlate: Slate font cache was flushed
01-23 18:21:26.380  3755  4444 D AudioService: getStreamVolume 3 index 120
01-23 18:21:26.414 26863 26880 D UE4     : [2019.01.23-23.21.26:413][  1]LogSlate: Took 0.001136 seconds to synchronously load lazily loaded font '../../../Engine/Content/EngineFonts/Faces/DroidSansMono.ufont' (77K)
01-23 18:21:26.417 26863 27031 D UE4     : [2019.01.23-23.21.26:417][  1]LogTcpMessaging: Started Connection to '127.0.0.1:58208'
01-23 18:21:26.418 26863 27031 D UE4     : [2019.01.23-23.21.26:418][  1]LogTcpMessaging: Discovered node '16D2DBB2434EF8B81C7242AD74AC3D98' on connection '127.0.0.1:58208'...
01-23 18:21:26.575  3755  9977 D SSRM:t  : SIOP:: AP = 390, PST = 342 (W:10), CP = 259, CUR = 517, LCD = 154
01-23 18:21:26.579  3755  9977 D ConnectivityService: filterNetworkStateForUid() uid: 1000 networkInfo: [type: WIFI[] - WIFI, state: CONNECTED/CONNECTED, reason: (unspecified), extra: "wilkinson2.4", failover: false, available: true, roaming: false, metered: false]
01-23 18:21:26.583  3755  9977 D TelephonyManager: getAllCellInfo : Caller (PID / UID / TID): 3755 / 1000 / 9977
01-23 18:21:26.586  3755  7368 D AudioService: getStreamVolume 3 index 120
01-23 18:21:26.698  3755  4354 D SamsungAlarmManager: Expired : 8
01-23 18:21:26.699  3755  4354 I SamsungAlarmManager: setLocked to kernel - T:3 / 20190123T182137, SetElapsed=9281270, nowELAPSED=9270808
01-23 18:21:26.699  3755  4354 V SamsungAlarmManager: Sending to uid : 10059 action=null alarm=Alarm{57a1129 type 3 when 9270807 com.asurion.android.verizon.vms}
01-23 18:21:26.713  3755  4354 D CompatibilityInfo: mCompatibilityFlags - 0
01-23 18:21:26.713  3755  4354 D CompatibilityInfo: applicationDensity - 420
01-23 18:21:26.713  3755  4354 D CompatibilityInfo: applicationScale - 1.0
01-23 18:21:26.749  3755  7344 D SamsungAlarmManager: setExact Intent (T:3/F:5/AC:false) 20190123T182131 - CU:10059/CP:6576
01-23 18:21:26.749  3755  7344 I SamsungAlarmManager: setLocked to kernel - T:3 / 20190123T182131, SetElapsed=9275849, nowELAPSED=9270858
01-23 18:21:26.791  3755  7357 D AudioService: getStreamVolume 3 index 120
01-23 18:21:26.994  3755  7363 D AudioService: getStreamVolume 3 index 120
01-23 18:21:27.196  3755  4444 D AudioService: getStreamVolume 3 index 120
01-23 18:21:27.398  3755  7368 D AudioService: getStreamVolume 3 index 120
01-23 18:21:27.505 26863 26983 I libOpenSLES: Emulating old channel mask behavior (ignoring positional mask 0x3, using default mask 0x3 based on channel count of 2)
01-23 18:21:27.511 26863 26983 W AudioTrack: AUDIO_OUTPUT_FLAG_FAST denied by client; transfer 1, track 44100 Hz, output 48000 Hz
01-23 18:21:27.513  3241 18202 I AudioFlinger: add dynamic flag, can move to deep thread, session 2857
01-23 18:21:27.516 26863 26983 D AudioTrack: Client defaulted notificationFrames to 1181 for frameCount 3544
01-23 18:21:27.519 26863 26983 I AudioTrack: updateAudioTranstionLength FadeIn[0] FadeOut[0] FadeInRing[0]
01-23 18:21:27.520  3241 18202 W AudioPolicyIntefaceImpl: Skipped to add effects on session 2857
01-23 18:21:27.520  3241 18202 I APM_AudioPolicyManager: startOutput() output 21, stream 3, session 2857
01-23 18:21:27.523  3241  3486 D audio_hw_primary: out_set_parameters: enter: kvpairs: routing=2
01-23 18:21:27.523  3241  3486 D AudioFlinger: setCurDevice() 0x2
01-23 18:21:27.528  3241  3486 V audio_hw_primary: start_output_stream+, out->device : 00000002 , out->type = 1
01-23 18:21:27.528  3241  3486 D audio_hw_primary: start_output_stream jack_skip_check false
01-23 18:21:27.530  3241  3486 D audio_hw_primary: start_output_stream (0xed19f380) out->pcm_device:6 out->config.rate:48000 out->config.format:0 out->period_size:240
01-23 18:21:27.530  3241  3486 D audio_hw_primary: start_output_stream (0xed19f380) out->config.rate:48000 out->config.format:0 out->period_size:240
01-23 18:21:27.530  3241  3486 I audio_hw_primary: is_voice_wakeup : ret =  0  , wakeup_baby_cry_enabled = 0  ,  wakeup_mic_enabled = 0 
01-23 18:21:27.530  3241  3486 V audio_hw_primary: select_devices output_scenario:0 input_scenario:28 out_snd_device 0x2 in_snd_device:0xb
01-23 18:21:27.530  3241  3486 I audio_route: > audio_route_reset :
01-23 18:21:27.533  3241  3486 I audio_route: > audio_route_apply_path : "recognition-mic"
01-23 18:21:27.539  3241  3486 V audio_hw_primary: select_devices() input_route "recognition-mic" 
01-23 18:21:27.539  3241  3486 I audio_route: > audio_route_apply_path : "media-speaker"
01-23 18:21:27.600  3755  3766 D AudioService: getStreamVolume 3 index 120
01-23 18:21:27.621  3241  3486 V audio_hw_primary: select_devices() output_route "media-speaker" 
01-23 18:21:27.621  3241  3486 I audio_route: > audio_route_apply_path : "gain-recognition-mic"
01-23 18:21:27.622  3241  3486 V audio_hw_primary: select_devices() input_gain "gain-recognition-mic" 
01-23 18:21:27.622  3241  3486 I audio_route: > audio_route_apply_path : "gain-media-speaker"
01-23 18:21:27.622  3241  3486 V audio_hw_primary: select_devices() output_gain "gain-media-speaker" 
01-23 18:21:27.622  3241  3486 I audio_route: > audio_route_update_mixer : +
01-23 18:21:27.623  3241  3486 I audio_route: > audio_route_update_mixer : changed(0) -
01-23 18:21:27.623  3241  3486 I audio_hw_primary: select_devices - 
01-23 18:21:27.623  3241  3486 V audio_hw_primary: start_output_stream-
01-23 18:21:27.651  3241  3486 I AudioMixer: create resampler src 44100, 2, dst 48000, 2, q 8
01-23 18:21:27.652  3241  3486 D SoundAliveResampler: [SoundAliveResampler] Init+++
01-23 18:21:27.802  3755  7364 D AudioService: getStreamVolume 3 index 120
01-23 18:21:27.858  3755  4459 D WifiStateMachine: Current network is: "wilkinson2.4" , ID is: 30
01-23 18:21:27.858  3755  4459 I WifiStateMachine: IMS calling, current network is always qualified
01-23 18:21:28.004  3755  3767 D AudioService: getStreamVolume 3 index 120
01-23 18:21:28.207  3755  6281 D AudioService: getStreamVolume 3 index 120
01-23 18:21:28.412  3755  7395 D AudioService: getStreamVolume 3 index 120
01-23 18:21:28.614  3755  4415 D InputReader: Input event(7): value=1 when=4605648970000
01-23 18:21:28.614  3755  5085 D AudioService: getStreamVolume 3 index 120
01-23 18:21:28.621  3755  4415 D SamsungPhoneWindowManager: f.b. a = false hd = false eme = false ksno = false id = -1
01-23 18:21:28.621  3755  4415 V Vibrator: Called semVibrate(int, int, AudioAttributes, Mag) API - PUID: 1000, PackageName: android, token: android.os.Binder@b012913, type: 50026, repeat: -1, AudioAttr : null, Mag: TYPE_TOUCH
01-23 18:21:28.621  3755  4415 V VibratorService: vibratePatternMagnitude - package: android, repeat: -1, token: android.os.Binder@b012913, mag: 6500, def: 10000
01-23 18:21:28.622  3755  4415 D VibratorService: Turning vibrator off
01-23 18:21:28.624  3755 27044 D VibratorService: vibratorOn() : 7ms, magnitude :6500, f : -1
01-23 18:21:28.628  3755  4414 I InputDispatcher: Delivering key to (26863): action: 0x0 (0)
01-23 18:21:28.630 26863 26881 V threaded_app: New input event: type=1
01-23 18:21:28.633  8282  8282 W SemDesktopModeManager: isDesktopMode: Desktop Mode feature not available
01-23 18:21:28.641 26863 26881 V threaded_app: New input event: type=1
01-23 18:21:28.641 26863 26881 D UE4     : Received keycode: 4, softkey: 0
01-23 18:21:28.641 26863 26881 D UE4     : Received key event: 4
01-23 18:21:28.658 26863 26880 D UE4     : [2019.01.23-23.21.28:658][131]LogBlueprintUserMessages: [StackMap_C_4] test
01-23 18:21:28.658 26863 26880 D UE4     : [2019.01.23-23.21.28:658][131]LogBlueprintUserMessages: [StackMap_C_4] test2
01-23 18:21:28.659 26863 26880 D UE4     : [2019.01.23-23.21.28:658][131]LogBlueprintUserMessages: [StackMap_C_4] test4
01-23 18:21:28.659 26863 26880 D UE4     : [2019.01.23-23.21.28:659][131]LogScript: Warning: Accessed None trying to read property K2Node_DynamicCast_AsOptions_Menu
01-23 18:21:28.659 26863 26880 D UE4     : 	StackMap_C /Game/Maps/StackMap.StackMap:PersistentLevel.StackMap_C_4
01-23 18:21:28.659 26863 26880 D UE4     : 	Function /Game/Maps/StackMap.StackMap_C:ExecuteUbergraph_StackMap:027F
01-23 18:21:28.659 26863 26880 D UE4     : [2019.01.23-23.21.28:659][131]LogScript: Warning: Script call stack:
01-23 18:21:28.659 26863 26880 D UE4     : 	Function /Game/Maps/StackMap.StackMap_C:InpActEvt_Android_Back_K2Node_InputKeyEvent_0
01-23 18:21:28.659 26863 26880 D UE4     : 	Function /Game/Maps/StackMap.StackMap_C:ExecuteUbergraph_StackMap
01-23 18:21:28.659 26863 26880 D UE4     : 
01-23 18:21:28.663 26863 26880 D UE4     : [2019.01.23-23.21.28:663][131]LogSlate: Took 0.000692 seconds to synchronously load lazily loaded font '../../../Engine/Content/EngineFonts/Faces/RobotoRegular.ufont' (155K)
01-23 18:21:28.808  3755  4415 D InputReader: Input event(7): value=0 when=4605843293000
01-23 18:21:28.811  3755  4414 I InputDispatcher: Delivering key to (26863): action: 0x1 (0)
01-23 18:21:28.811 26863 26881 V threaded_app: New input event: type=1
01-23 18:21:28.812 26863 26881 V threaded_app: New input event: type=1
01-23 18:21:28.812 26863 26881 D UE4     : Received keycode: 4, softkey: 0
01-23 18:21:28.812 26863 26881 D UE4     : Received key event: 4
01-23 18:21:28.816  3755  7343 D AudioService: getStreamVolume 3 index 120
01-23 18:21:29.021  3755  7363 D AudioService: getStreamVolume 3 index 120
01-23 18:21:29.201 26863 26883 D UE4     : Used memory: 230824
01-23 18:21:29.227  3755  4453 D AudioService: getStreamVolume 3 index 120
01-23 18:21:29.319  3755  3755 D TelephonyManager: getCellLocation : Caller (PID / UID / TID): 3755 / 1000 / 3755
01-23 18:21:29.327  4621  4806 D NetworkController.MobileSignalController(0/1): onSignalStrengthsChanged signalStrength=SignalStrength: 99 99 -120 -160 -120 -1 -1 20 -103 -12 20 2147483647 2147483647 0x3000 gsm|lte level=3
01-23 18:21:29.330  4621  4806 D NetworkController.MobileSignalController(0/1): getMobileIconGroup(): 13
01-23 18:21:29.330  4621  4806 D NetworkController.MobileSignalController(0/1): updateVZWMobileIconGroup(): 13
01-23 18:21:29.332  5032  5668 D EPDG -- [SMARTWIFI]: onSignalStrengthsChanged: Received signal strength change, phone type is: 2
01-23 18:21:29.333  5032  6400 D EPDG -- [SMARTWIFI]: lastLteRSRP is -104currentLteRSRP is -103
01-23 18:21:29.333  5032  6400 D EPDG -- [SMARTWIFI]: lastLteRSRQ is -12currentLteRSRQ is -12
01-23 18:21:29.333  5032  6400 D EPDG -- [SMARTWIFI]: lastCdmaDb is -16currentCdmaDb is -16
01-23 18:21:29.333  5032  6400 V EPDG -- [SMARTWIFI]: Radio oldest entry removed
01-23 18:21:29.333  5032  6400 V EPDG -- [SMARTWIFI]: New entry : (SignalStrength: 99 99 -120 -160 -120 -1 -1 20 -103 -12 20 2147483647 2147483647 0x3000 gsm|lte : 0 )
01-23 18:21:29.334  5032  6400 V EPDG -- [SMARTWIFI]: Radio entry added
01-23 18:21:29.345  4621  4806 D NetworkController.MobileSignalController(0/1): callState:0, callStateByPhone:false voLTECall:false voiceNetTpe:13 dataNetType:13, ine911:false, emergencyCallbackMode:false
01-23 18:21:29.378  3755  7368 D BatteryService: !@BatteryListener : batteryPropertiesChanged!
01-23 18:21:29.379  3755  7368 D BatteryService: level:93, scale:100, status:2, health:2, present:true, voltage: 4184, temperature: 291, technology: Li-ion, AC powered:false, USB powered:true, POGO powered:false, Wireless powered:false, icon:17303694, invalid charger:0, maxChargingCurrent:0, maxChargingVoltage:0, chargeCounter:0
01-23 18:21:29.379  3755  7368 D BatteryService: online:6, current avg:505, charge type:1, power sharing:false, high voltage charger:false, capacity:280000, batterySWSelfDischarging:false, misc_event:0, current_now:345
01-23 18:21:29.379  3755  3755 D BatteryService: Sending ACTION_BATTERY_CHANGED.
01-23 18:21:29.384  3755  3755 V UiModeManager: updateLocked: null action, mDockState=0, category=null
01-23 18:21:29.384  3755  3755 D UiModeManager: updateConfigurationLocked: mDockState=0; mCarMode=false; mNightMode=1; uiMode=17
01-23 18:21:29.385  3755  3755 D GameManagerService: new battery level: 93
01-23 18:21:29.388  4621  4621 D KeyguardUpdateMonitor: received broadcast android.intent.action.BATTERY_CHANGED
01-23 18:21:29.393  4621  4621 D PowerUI : priorPlugType = 2 mPlugType =  2
01-23 18:21:29.395  4621  4621 D PowerUI.Notification: showChargingNotice oldChargingType : 1 currentChargingType : 1 oldChargingTime : 2227000 mChargingTime : 389000
01-23 18:21:29.395  4621  4621 D PowerUI.Notification: showChargingNotification()
01-23 18:21:29.399  5021  5021 D PhoneApp: PhoneAppBroadcastReceiver onReceive android.intent.action.BATTERY_CHANGED
01-23 18:21:29.399  5021  5021 D TelephonyExtensionManager: lowBatterySound - isLowBatterySoundScheduled: false
01-23 18:21:29.399  5021  5021 D TelephonyExtensionManager: lowBatterySound - isPlayNow: false
01-23 18:21:29.400  5021  5021 D TelephonyExtensionManager: isSpeakerON - false
01-23 18:21:29.417 26863 26863 D UE4     : Battery: status = 2, rawlevel = 93, scale = 100
01-23 18:21:29.417 26863 26863 D UE4     : nativeBatteryEvent(stat = 2, lvl = 93  temp = 29.10 C)
01-23 18:21:29.424  3755  7364 D ApplicationPolicy: isStatusBarNotificationAllowedAsUser: packageName = com.android.systemui,userId = -1
01-23 18:21:29.425  5021  5021 D TelephonyExtensionManager: lowBatterySound - batteryStatus: 2
01-23 18:21:29.425  5021  5021 D TelephonyExtensionManager: lowBatterySound - batteryLevel: 93
01-23 18:21:29.425  5021  5021 D TelephonyExtensionManager: lowBatterySound - cancel
