01-14 19:07:25.378  3757  4552 I CAE     : showListenerList(ContextAwareService.java:386) - Listener : com.samsung.android.contextaware.manager.ContextAwareService$Listener@ede0346, Service : ACTIVITY_TRACKER(1)
01-14 19:07:25.378  4561  4561 D BtGatt.GattService: LCD turned on
01-14 19:07:25.378  3757  4552 I CAE     : showListenerList(ContextAwareService.java:386) - Listener : com.samsung.android.contextaware.manager.ContextAwareService$Listener@a1e54e0, Service : PEDOMETER(1)
01-14 19:07:25.379  3757  4552 I CAE     : showListenerList(ContextAwareService.java:386) - Listener : com.samsung.android.contextaware.manager.ContextAwareService$Listener@a1e54e0, Service : PEDOMETER_CURRENT_INFO(1)
01-14 19:07:25.380  4561  5167 D BtGatt.ScanManager: handleLcdOnIntent
01-14 19:07:25.380  4561  5167 D BtGatt.ScanManager: handleLcdOnIntent
01-14 19:07:25.381  3757 27269 D MISC PowerHAL: sysfs_write -: /sys/class/input/event0/device/enabled: 1
01-14 19:07:25.382 17063 17063 D [WeatherWidget(15061)]  : {[907D161D855C099E8A312E5C2BBE6025535DBBB5BBD827FC6E63D75F709CFBF954AE0885C52E41F05277D5DF3BE7D89405855AAA9A62A3E6274E1ABA76517016]}
01-14 19:07:25.383  3757  3757 I FingerprintService: handleAcquired : acquiredInfo=10002
01-14 19:07:25.383  3757 31269 D AudioService: getStreamVolume 3 index 0
01-14 19:07:25.383  3757  3757 I FingerprintService: handleAcquired : acquiredInfo=10003
01-14 19:07:25.384  3757  4552 I CAE     : showListenerList(ContextAwareService.java:386) - Listener : com.samsung.android.contextaware.manager.ContextAwareService$Listener@be8214b, Service : ACTIVITY_TRACKER_BATCH(1)
01-14 19:07:25.384  3757  4552 I CAE     : showListenerList(ContextAwareService.java:386) - Listener : com.samsung.android.contextaware.manager.ContextAwareService$Listener@18edc41, Service : STEP_LEVEL_MONITOR(1)
01-14 19:07:25.386  3757  4552 I CAE     : showListenerList(ContextAwareService.java:386) - Listener : com.samsung.android.contextaware.manager.ContextAwareService$Listener@4e90faf, Service : SENSOR_STATUS_CHECK_RUNNER(1)
01-14 19:07:25.386  6176  6176 D TextClock: TextClock received ACTION_TIME_TICK : start
01-14 19:07:25.387  3757  4552 I CAE     : showListenerList(ContextAwareService.java:386) - Listener : com.samsung.android.contextaware.manager.ContextAwareService$Listener@a42ba6b, Service : AUTO_ROTATION(1)
01-14 19:07:25.387  6176  6176 D TextClock: TextClock received ACTION_TIME_TICK : end
01-14 19:07:25.387  3757  4552 W CAE     : unregisterCallback(ContextAwareService.java:252) - [unregi 02] Mutex is unlocked for AUTO_BRIGHTNESS
01-14 19:07:25.388  3757  4552 D SemContextService: 	.unregisterCallback : 6, client=
01-14 19:07:25.388  3757  4552 D SemContextService: ===== SemContext Service List =====
01-14 19:07:25.388  3757  4552 D SemContextService: Listener : com.samsung.android.hardware.context.SemContextService$Listener@8069509, Service : Pedometer
01-14 19:07:25.388  3757  4552 D SemContextService: Listener : com.samsung.android.hardware.context.SemContextService$Listener@8069509, Service : Step Level Monitor
01-14 19:07:25.388  3757  4552 D SemContextService: Listener : com.samsung.android.hardware.context.SemContextService$Listener@6fd3728, Service : Activity Batch
01-14 19:07:25.388  3757  4552 D SemContextService: Listener : com.samsung.android.hardware.context.SemContextService$Listener@a5d2fbc, Service : Sensor Status Check
01-14 19:07:25.388  3757  4552 D SemContextService: Listener : com.samsung.android.hardware.context.SemContextService$Listener@b1d7f29, Service : Activity Tracker
01-14 19:07:25.388  3757  4552 D SemContextService: Listener : com.samsung.android.hardware.context.SemContextService$Listener@cf829c8, Service : Auto Rotation
01-14 19:07:25.388  3757  4552 D SemContextManager:   .unregisterListener : listener = android.hardware.scontext.SContextManager$SContextListenerDelegate@bab1b51, service=Auto Brightness
01-14 19:07:25.388  3757  4552 D SContextManager:   .unregisterListener : listener = com.android.server.display.AutomaticBrightnessController$5@265e6d5, service=Auto Brightness
01-14 19:07:25.388  3757  4552 D PowerManagerUtil: Excessive delay in SensorHubAutoBrightnessEnabled::unregisterListener done: 47ms
01-14 19:07:25.395  3757  2858 D AudioService: getStreamVolume 3 index 0
01-14 19:07:25.398  4616  4616 D KeyguardFingerPrint: onAuthenticationAcquired() = 10002
01-14 19:07:25.398  4616  4616 D KeyguardFingerPrint: fingerprint applyBooster
01-14 19:07:25.403  3757  7204 D PowerManagerService: [api] [s] userActivity : event: 0 flags: 0 (uid: 10055 pid: 4616) eventTime = 240088243
01-14 19:07:25.404  4616  4616 D KeyguardFingerPrint: onAuthenticationAcquired() = 10003
01-14 19:07:25.404  4616  4616 D KeyguardFingerPrint: fingerprint applyBooster
01-14 19:07:25.409  6176  6176 D TextClock: TextClock received ACTION_TIME_TICK : start
01-14 19:07:25.410  6176  6176 D TextClock: TextClock received ACTION_TIME_TICK : end
01-14 19:07:25.411  3757 27270 D MISC PowerHAL: sysfs_write -: /sys/class/input/event1/device/enabled: 1
01-14 19:07:25.412  3757  3800 D MISC PowerHAL: sysfs_write +: /sys/class/power_supply/battery/lcd: 1
01-14 19:07:25.412  3757  3800 D MISC PowerHAL: sysfs_write -: /sys/class/power_supply/battery/lcd: 1
01-14 19:07:25.412  3757  3800 D PowerManagerService-JNI: Excessive delay in MISC setInteractive(true) while turning screen on: 199ms
01-14 19:07:25.412  3757  3800 D PowerManagerUtil: Excessive delay in nativeSetInteractive(true): 200ms
01-14 19:07:25.412  3757  3800 D PowerManagerUtil: Excessive delay in DisplayManagerInternal.requestDesiredDisplayState: 495ms
01-14 19:07:25.413  3757 29840 D PowerManagerService: [api] [s] userActivity : event: 0 flags: 0 (uid: 10055 pid: 4616) eventTime = 240088251
01-14 19:07:25.417  6176  6176 D TextClock: TextClock received ACTION_TIME_TICK : start
01-14 19:07:25.417  6176  6176 D TextClock: TextClock received ACTION_TIME_TICK : end
01-14 19:07:25.418 17063 17063 D [WeatherWidget(15061)]  EasyWeatherAppWidget: {[48948B2BE5213A6D5B0C9B7747497512D7646A5A57C4B1820BB1D39DF9F23EA3D05ADA26DF3F5FEC4FA6AFC9EED5963485B3863BE45B906B9F93E60E1BD5AC1F]}
01-14 19:07:25.421  3757 29839 D AudioService: getStreamVolume 3 index 0
01-14 19:07:25.428  5024  5024 D PhoneApp: PhoneAppBroadcastReceiver onReceive android.intent.action.ANY_DATA_STATE
01-14 19:07:25.429  5024  5024 D PhoneApp: mReceiver: ACTION_ANY_DATA_CONNECTION_STATE_CHANGED
01-14 19:07:25.429  5024  5024 D PhoneApp: - state: CONNECTED apnType= ims
01-14 19:07:25.429  5024  5024 D PhoneApp: - reason: SCREEN_ON
01-14 19:07:25.429  5024  5024 D PhoneApp: - subId: 1
01-14 19:07:25.429  5024  5024 D PhoneApp: - phoneId: 0
01-14 19:07:25.429  5024  5024 I PhoneApp: Phone.REASON_ROAMING_ON : roamingOn
01-14 19:07:25.430  5024  5024 I PhoneApp: PhoneConstants.STATE_CHANGE_REASON_KEY : SCREEN_ON
01-14 19:07:25.430  5024  5024 D PhoneApp: disconnectedDueToRoaming = false PhoneUtils.isDataRoaming() = false
01-14 19:07:25.430  5024  5024 I TelephonyExtensionManager: state - CONNECTED
01-14 19:07:25.430  5024  5024 D FileWriteThread_Telephony: FileWriteThread : threadType = 3
01-14 19:07:25.433  6176  6176 D TextClock: TextClock received ACTION_TIME_TICK : start
01-14 19:07:25.435  6176  6176 D TextClock: TextClock received ACTION_TIME_TICK : end
01-14 19:07:25.437  3757  7203 D CompatibilityInfo: mCompatibilityFlags - 0
01-14 19:07:25.438  3757  7203 D CompatibilityInfo: applicationDensity - 420
01-14 19:07:25.438  3757  7203 D CompatibilityInfo: applicationScale - 1.0
01-14 19:07:25.444  3757 29841 D AudioService: getStreamVolume 3 index 0
01-14 19:07:25.445  3757  7206 D AudioService: getStreamVolume 3 index 0
01-14 19:07:25.447  3757  4482 D AudioService: getStreamVolume 3 index 0
01-14 19:07:25.454  4616  4823 D NetworkController.MobileSignalController(0/1): onDataActivity: direction=0
01-14 19:07:25.454  5035  5670 D EPDG -- [EPDGService]: onDataActivity: direction=0
01-14 19:07:25.458  6176  6176 D TextClock: TextClock received ACTION_TIME_TICK : start
01-14 19:07:25.459  6176  6176 D TextClock: TextClock received ACTION_TIME_TICK : end
01-14 19:07:25.462  6176  6176 D TextClock: TextClock received ACTION_TIME_TICK : start
01-14 19:07:25.462  5035  5670 D EPDG -- [EPDGService]: onDataActivity: direction=0
01-14 19:07:25.462  4616  4823 D NetworkController.MobileSignalController(0/1): onDataActivity: direction=0
01-14 19:07:25.463  3757  7202 D SamsungAlarmManager: Cancel Alarm calling from uid:1001 pid :5024 / op:PendingIntent{b14ea61: PendingIntentRecord{3cacd1 com.android.phone broadcastIntent}}
01-14 19:07:25.463  6176  6176 D TextClock: TextClock received ACTION_TIME_TICK : end
01-14 19:07:25.466  6176  6176 D TextClock: TextClock received ACTION_TIME_TICK : start
01-14 19:07:25.467  6176  6176 D TextClock: TextClock received ACTION_TIME_TICK : end
01-14 19:07:25.468  3757  7202 I SamsungAlarmManager: setLocked to kernel - T:2 / 20190114T190854, SetElapsed=711593412, nowELAPSED=711504083
01-14 19:07:25.468  3757  7202 I SamsungAlarmManager: setLocked to kernel - T:3 / 19691231T191000, SetElapsed=-1546798741385, nowELAPSED=711504083
01-14 19:07:25.468  3757  4354 D SamsungAlarmManager: Expired : 8
01-14 19:07:25.469  3757  4354 I SamsungAlarmManager: setLocked to kernel - T:3 / 20190114T190730, SetElapsed=711508635, nowELAPSED=711504084
01-14 19:07:25.469  3757  4354 V SamsungAlarmManager: Sending to uid : 1000 action=com.android.server.action.UPDATE_TWILIGHT_STATE alarm=Alarm{f578986 type 1 when 600000 android}
01-14 19:07:25.478  3757  3757 D SamsungAlarmManager: Cancel Alarm calling from uid:1000 pid :3757 / op:PendingIntent{7d09247: PendingIntentRecord{33bba74 android broadcastIntent}}
01-14 19:07:25.478  6176  6176 D TextClock: TextClock received ACTION_TIME_TICK : start
01-14 19:07:25.479  6176  6176 D TextClock: TextClock received ACTION_TIME_TICK : end
01-14 19:07:25.483  6176  6176 D TextClock: TextClock received ACTION_TIME_TICK : start
01-14 19:07:25.483  6176  6176 D TextClock: TextClock received ACTION_TIME_TICK : end
01-14 19:07:25.496  3757 29840 D SamsungAlarmManager: setInexact Intent (T:3/F:8/AC:false) 20190114T190825 - CU:1001/CP:5024
01-14 19:07:25.497  4616  4616 D DateTimeView: DateTimeView received ACTION_TIME_TICK : start
01-14 19:07:25.504  3757  3757 D SamsungAlarmManager: setExact Intent (T:1/F:9/AC:false) 19691231T191000 - CU:1000/CP:3757
01-14 19:07:25.505  3757  3757 I SamsungAlarmManager: setLocked to kernel - T:3 / 20190114T190726, SetElapsed=711505111, nowELAPSED=711504119
01-14 19:07:25.505  3757  3757 D SamsungAlarmManager: Cancel Alarm calling from uid:1000 pid :3757 / op:PendingIntent{ccffbcb: PendingIntentRecord{8ce21cd android broadcastIntent}}
01-14 19:07:25.509  3757  3757 I SamsungAlarmManager: setLocked to kernel - T:2 / 20190114T190854, SetElapsed=711593413, nowELAPSED=711504124
01-14 19:07:25.509  3757  3757 I SamsungAlarmManager: setLocked to kernel - T:3 / 19691231T191000, SetElapsed=-1546798741385, nowELAPSED=711504124
01-14 19:07:25.509  3757  4354 D SamsungAlarmManager: Expired : 8
01-14 19:07:25.509  3757  3757 D SamsungAlarmManager: Cancel Alarm calling from uid:1000 pid :3757 / op:PendingIntent{bda40e8: PendingIntentRecord{f709244 android broadcastIntent}}
01-14 19:07:25.510  3757  4354 I SamsungAlarmManager: setLocked to kernel - T:3 / 20190114T190730, SetElapsed=711508635, nowELAPSED=711504125
01-14 19:07:25.510  3757  4354 V SamsungAlarmManager: Sending to uid : 1000 action=com.android.server.action.UPDATE_TWILIGHT_STATE alarm=Alarm{a4a1a74 type 1 when 600000 android}
01-14 19:07:25.511  3757  3795 D DisplayPowerController: ColorFade: onAnimationEnd
01-14 19:07:25.512  3757  3795 D DisplayPowerController: animateScreenStateChange[0]: target=2
01-14 19:07:25.513  4616  4616 D DateTimeView: DateTimeView received ACTION_TIME_TICK : end
01-14 19:07:25.515  4616  4637 I art     : Background partial concurrent mark sweep GC freed 79740(3MB) AllocSpace objects, 95(11MB) LOS objects, 33% free, 31MB/47MB, paused 802us total 225.084ms
01-14 19:07:25.531  3215  4549 I SurfaceFlinger: id=11350 Removed DolorFade (10/10)
01-14 19:07:25.539  3215  3264 I SurfaceFlinger: id=11350 Removed DolorFade (-2/10)
01-14 19:07:25.540  3757  3795 D PowerManagerUtil: Excessive delay in ColorFade : dismiss: 26ms
01-14 19:07:25.540  3757  3795 D DisplayPowerController: [Dual Screen Compatible] state[0] :2
01-14 19:07:25.540  3757  3795 D DisplayPowerController: getFinalBrightness : Summary is 53 -> 53
01-14 19:07:25.540  3757  3795 D DisplayPowerController: Animating brightness: target=53, rate=2000 (PSM:true, AB limit:(-1 ~ -1) MB Limit:(-1 ~ -1))
01-14 19:07:25.540  3757  3795 D DisplayPowerController: [M OS] 0 Notify policy about screen turned on.
01-14 19:07:25.540  3757  3795 D DisplayPowerController: [M OS] 0 REPORTED_TO_POLICY_SCREEN_TURNING_ON -> REPORTED_TO_POLICY_SCREEN_ON.
01-14 19:07:25.540  3757  3795 V KeyguardServiceDelegate: onScreenTurnedOn()
01-14 19:07:25.541  4616 17570 D KeyguardViewMediator: notifyScreenTurnedOn
01-14 19:07:25.541  3757  3795 D PowerManagerService: [s] DisplayPowerCallbacks : onStateChanged()
01-14 19:07:25.541  3757  3795 D PowerManagerService: mDisplayReady: true
01-14 19:07:25.541  4616  4616 D KeyguardViewMediator: handleNotifyScreenTurnedOn
01-14 19:07:25.551 26178 27278 D EventNotificationJob: Running EventNotificationJob, isDetail=true
01-14 19:07:25.554  3757  3757 D CompatibilityInfo: mCompatibilityFlags - 0
01-14 19:07:25.554  3757  3757 D CompatibilityInfo: applicationDensity - 420
01-14 19:07:25.554  3757  3757 D CompatibilityInfo: applicationScale - 1.0
01-14 19:07:25.560  4616  4823 D NetworkController: onReceive: intent=Intent { act=com.sec.android.LTE_WIDEBAND_INFO flg=0x10000010 launchParam=MultiScreenLaunchParams { mDisplayId=0 mFlags=0 } bqHint=0 (has extras) }
01-14 19:07:25.560  4616  4823 D NetworkController.MobileSignalController(0/1): LTE WIDEBAND : mCurrentState.isCAIndicator = false oldCAIndicator = false
01-14 19:07:25.568  5010  5903 D VolteServiceModule: onSreenOnOffChanged: on =1
01-14 19:07:25.568  5010  5903 D StackIF : updateScreenOnOff: on 1
01-14 19:07:25.569  5010  5875 D StackIF.Sender: handleMessage: what 1
01-14 19:07:25.570  5010  5875 D SECIMSJ : [6635]> REQUEST_UPDATE_COMMON_CONFIG
01-14 19:07:25.570  3232  3355 E [IMS6.0]: ImsEventLoop: select (1), errno (11)
01-14 19:07:25.570  3232  3355 I [IMS6.0]: DispatchUpdateCommonConfig()
01-14 19:07:25.571  3232  3358 E [IMS6.0]: IMS_onResponse() Resp Id:101
01-14 19:07:25.571  3232  3358 I [IMS6.0]: ResponseGeneralResponse()
01-14 19:07:25.571  3232  3358 I [IMS6.0]: ResponseGeneralResponse() handle:0
01-14 19:07:25.572  5010  5876 D SECIMSJ : [6635]< REQUEST_UPDATE_COMMON_CONFIG
01-14 19:07:25.572  5010  5876 D StackIF : processResponse: reqId 2
01-14 19:07:25.572  5024  6911 I System.out: Broadcast completed: result=0
01-14 19:07:25.572  5010  5876 D StackIF : processResponse: handle 0 result REQUEST_SUCCESS reason REASON_NO_ERROR
01-14 19:07:25.573 26178 27278 D EventNotificationJob:   finished processing events.
01-14 19:07:25.576  3757  3757 D SamsungAlarmManager: Cancel Alarm calling from uid:1000 pid :3757 / op:PendingIntent{f54cb9d: PendingIntentRecord{33bba74 android broadcastIntent}}
01-14 19:07:25.579  4616  4616 D LockIcon: state = 0, mLastState = 0, mDeviceInteractive = true, mLastDeviceInteractive = true, mScreenOn = true, mLastScreenOn = false,  force = false
01-14 19:07:25.583  6011  6011 D NfcService: Top activity class name = com.epicgames.ue4.GameActivity
01-14 19:07:25.583  6011  6011 D NfcService: FactoryTestApp is not running, keep going
01-14 19:07:25.584  3757 10512 D CoverManagerWhiteLists: isAllowedToUse : SIGNATURE_MATCH
01-14 19:07:25.585  3757 29842 D AudioService: getStreamVolume 3 index 0
01-14 19:07:25.585  6011  6011 I NfcService: When receiving ACTION_SCREEN_ON, S view cover is already opened. So screenState is ON_LOCKED by isKeyguardLocked()
01-14 19:07:25.587  3757  7205 D CompatibilityInfo: mCompatibilityFlags - 0
01-14 19:07:25.587  3757  7205 D CompatibilityInfo: applicationDensity - 420
01-14 19:07:25.587  3757  7205 D CompatibilityInfo: applicationScale - 1.0
01-14 19:07:25.588  3757  3757 D SamsungAlarmManager: setExact Intent (T:1/F:9/AC:false) 19691231T191000 - CU:1000/CP:3757
01-14 19:07:25.589  3757  3757 I SamsungAlarmManager: setLocked to kernel - T:3 / 20190114T190726, SetElapsed=711505191, nowELAPSED=711504203
01-14 19:07:25.591  3227  3261 D Sensorhubs: readContextData: 1, 1, 7, 0
01-14 19:07:25.592  3757  4361 D SensorHubManager: onGetSensorHubDataLocked: library(4) = 1, 1, 7, 0
01-14 19:07:25.592  3757  4360 D CAE     : onGetSensorHubData(SensorHubParserProvider.java:94) - onGetSensorHubData Event [event buffer len :4], AP_WAKEUP
01-14 19:07:25.592  6011 27280 D NfcService: call the applyRouting
01-14 19:07:25.593  3757  4360 I CAE     : parse(SensorHubParserProvider.java:196) - buffer size = 4
01-14 19:07:25.594  3757  4360 I CAE     : parse(SensorHubParserProvider.java:207) - 1, 1, 7, 0,
01-14 19:07:25.594  3757  4360 D CAE     : display(ContextProvider.java:375) - ================= AUTO_ROTATION =================
01-14 19:07:25.594  5035  5670 D EPDG -- [EPDGService]: getIsSimCardRemoved: returning: false
01-14 19:07:25.594  5035  5670 D EPDG -- [EPDGService]: getIsScreenOn: returning: true
01-14 19:07:25.595  5035  5670 D EPDG -- [EpdgServerSelection]: isEpdgServerDnsValid(): returning resulttrue
01-14 19:07:25.595  5035  5670 D EPDG -- [UTILS]: isEnhancedEpdg : false
01-14 19:07:25.596  3757 29838 D AudioService: getStreamVolume 3 index 0
01-14 19:07:25.597  3757  4360 I CAE     : display(ContextProvider.java:391) - Angle=[0]
01-14 19:07:25.598  3757  4364 D SemContextService: updateContext() : event = Auto Rotation
01-14 19:07:25.599  3757  3757 D SemContextManager: onSemContextChanged() : event = Auto Rotation Angle : 0
01-14 19:07:25.599  3757  3757 D SContextManager: onSContextChanged() : event = Auto Rotation Angle : 0
01-14 19:07:25.599  3757  3757 V WindowOrientationListener: OrientationSensorJudge.onSContextChanged, Rotation: 0
01-14 19:07:25.599  3757  3775 V WindowOrientationListener: OrientationSensorJudge.getProposedRotation, Rotation: 0
01-14 19:07:25.599  3757  3775 V WindowOrientationListener: OrientationSensorJudge.getProposedRotation, Rotation: 0
01-14 19:07:25.599  3757  3775 V WindowManager: rotationForOrientationLw(orient=5, last=0); user=0  sensorRotation=0 mLidState=-1 mDockMode=0 mHdmiPlugged=false
01-14 19:07:25.603  5971  5971 I HwDetectorWithState: #performNextHotwordAction action: 0
01-14 19:07:25.607  3237  3486 I APM_AudioPolicyManager: getInputForAttr() source 1999, samplingRate 16000, format 1, channelMask 10,session 68665, flags 0
01-14 19:07:25.610  3757  2859 I EDMNativeHelperService: isMicrophoneEnabled
01-14 19:07:25.610  3757  7205 D CompatibilityInfo: mCompatibilityFlags - 0
01-14 19:07:25.610  3757  7205 D CompatibilityInfo: applicationDensity - 420
01-14 19:07:25.610  3757  7205 D CompatibilityInfo: applicationScale - 1.0
01-14 19:07:25.612  3757  4532 D WifiWatchdogStateMachine:  [|223] []
01-14 19:07:25.612  3237  3486 V audio_hw_primary: adev_open_input_stream: request sample_rate:16000
01-14 19:07:25.612  3237  3486 V audio_hw_primary: in->requested_rate:16000, pcm_config_in.rate:48000 in->config.channels=2
01-14 19:07:25.613  3237  3486 D audio_hw_primary: adev_open_input_stream: preprocessing_latency = 0
01-14 19:07:25.613  3237  3486 I audio_hw_primary: adev_open_input_stream: input is null, set new input stream
01-14 19:07:25.620  3237 27282 I AudioFlinger: AudioFlinger's thread 0xe3803c00 ready to run
01-14 19:07:25.627  3757  7202 D AudioService: getStreamVolume 3 index 0
01-14 19:07:25.639  3237  8663 I APM_AudioPolicyManager: startInput() input 15214
01-14 19:07:25.641  3237 27282 D audio_hw_primary: in_set_parameters: enter: kvpairs: input_source=6;routing=-2147483644
01-14 19:07:25.641  3237 27282 V audio_hw_primary: set_processing_type: input_source(6), processing_type(0)
01-14 19:07:25.641  3237 27282 I audio_hw_primary: do_in_standby : in->standby 1
01-14 19:07:25.641  3237 27282 I samsungRecord: [samsungrecord] MicCalonoff 1
01-14 19:07:25.641  3237 27282 V audio_hw_primary: in_set_parameters: exit: status(0)
01-14 19:07:25.648  3757  7204 D AudioService: getStreamVolume 3 index 0
01-14 19:07:25.650  3757 31270 D AudioService: getStreamVolume 3 index 0
01-14 19:07:25.651  3757  7203 D AudioService: getStreamVolume 3 index 0
01-14 19:07:25.653  3237 27282 V audio_hw_primary: start_input_stream: set_hw_echoReference_enable(false)
01-14 19:07:25.653  3237 27282 W audio_hw_primary: start_input_stream echoReference effect is not supported.
01-14 19:07:25.660  5971  9459 I HotwordRecognitionRnr: Starting hotword detection.
01-14 19:07:25.671  5918  6587 W GCoreFlp: No location to return for getLastLocation()
01-14 19:07:25.683  3268 27247 I tlc_communication: mcWaitNotification is completed;237
01-14 19:07:25.684  3268 27247 I TLC_BAUTH: Check the Trustlet return code is completed;1288
01-14 19:07:25.684  3268 27247 D bauth_FPBAuthService: check_opcode status = 2, opcode = 0, func_ret_val = 0, function_status = 1, timeout = 0
01-14 19:07:25.684  3268 27247 D bauth_FPBAuthService: FPBAuthService, 3491
01-14 19:07:25.684  3268 27247 D bauth_FPBAuthService: fpop : 100024
01-14 19:07:25.684  3268 27247 D fingerprintd: onAcquired(10005)
01-14 19:07:25.684  3268 27247 D bauth_FPBAuthService: FPBAuthService, 3546
01-14 19:07:25.684  3268 27247 D bauth_FPBAuthService: fpop : 100010
01-14 19:07:25.684  3268 27247 D fingerprintd: onAuthenticated(fid=1, gid=0)
01-14 19:07:25.687  3757  3757 I FingerprintService: handleAcquired : acquiredInfo=10005
01-14 19:07:25.691  3757  3757 I FingerprintService: handleAuthenticated : true
01-14 19:07:25.691  3268 27247 I TLC_BAUTH: Call FP cmd 0xc (46);1557
01-14 19:07:25.692  3757  3757 W ContextImpl: Calling a method in the system process without a qualified user: android.app.ContextImpl.sendBroadcast:906 com.android.server.fingerprint.FingerprintService.insertSurveyLog:2113 com.android.server.fingerprint.FingerprintService$11.insertSurveyLog:1216 com.android.server.fingerprint.AuthenticationClient.onAuthenticated:140 com.android.server.fingerprint.FingerprintService.handleAuthenticated:484 
01-14 19:07:25.693  3268 27247 I TLC_BAUTH: reqUserID = User_0 | User_0;1614
01-14 19:07:25.693  3268 27247 I tlc_communication: Send Trustlet TCI Message;214
01-14 19:07:25.693  3268 27247 I tlc_communication: mcNotify is completed;224
01-14 19:07:25.694  3757  3757 I FingerprintService: sendFingerprintBigdata() mSemHqmManager.sendHWParamToHQM !!!
01-14 19:07:25.696  3268  3268 V fingerprintd: stopAuthentication()
01-14 19:07:25.696  3268  3268 D bauth_service: BAuthService, 754
01-14 19:07:25.696  3268  3268 D bauth_FPBAuthService: FPBAuthService, 636
01-14 19:07:25.696  3268  3268 D bauth_FPBAuthService: FPBAuthService, 636
01-14 19:07:25.696  3268  3268 D bauth_FPBAuthService: FPBAuthService, 985
01-14 19:07:25.696  3757  3757 W FingerprintService: stopAuthentication FP_FINISH (1ms) RESULT: 0
01-14 19:07:25.698  3757  3774 D CompatibilityInfo: mCompatibilityFlags - 0
01-14 19:07:25.698  3757  3774 D CompatibilityInfo: applicationDensity - 420
01-14 19:07:25.698  3757  3774 D CompatibilityInfo: applicationScale - 1.0
01-14 19:07:25.700  3757  3757 W ContextImpl: Calling a method in the system process without a qualified user: android.app.ContextImpl.sendBroadcast:906 com.android.server.fingerprint.FingerprintService.insertSurveyLog:2113 com.android.server.fingerprint.FingerprintService.handleAuthenticated:493 com.android.server.fingerprint.FingerprintService$5$4.run:1475 android.os.Handler.handleCallback:751 
01-14 19:07:25.700  3268 27247 I tlc_communication: mcWaitNotification is completed;237
01-14 19:07:25.700  3268 27247 I TLC_BAUTH: Check the Trustlet return code is completed;1665
01-14 19:07:25.701  4616  4616 D KeyguardFingerPrint: onAuthenticationAcquired() = 10005
01-14 19:07:25.701  4616  4616 D KeyguardFingerPrint: fingerprint applyBooster
01-14 19:07:25.702  3757  3757 I FingerprintService: sendFingerprintBigdata() mSemHqmManager.sendHWParamToHQM !!!
01-14 19:07:25.702  3268 27247 D bauth_FPBAuthSensorControl: FPBAuthSensorControl, 552
01-14 19:07:25.705  3757  5901 D PowerManagerService: [api] [s] userActivity : event: 0 flags: 0 (uid: 10055 pid: 4616) eventTime = 240088545
01-14 19:07:25.707  3757  7216 D AudioService: getStreamVolume 3 index 0
01-14 19:07:25.710  3757  4469 D CompatibilityInfo: mCompatibilityFlags - 0
01-14 19:07:25.710  3757  4469 D CompatibilityInfo: applicationDensity - 420
01-14 19:07:25.710  3757  4469 D CompatibilityInfo: applicationScale - 1.0
01-14 19:07:25.718  4616  4616 D KeyguardFingerPrint: onAuthenticationSucceeded()
01-14 19:07:25.720  3237 27282 D audio_hw_primary: start_input_stream (0xe609f000) in->config.rate:48000 in->config.format:0
01-14 19:07:25.720  3268 27247 D bauth_FPBAuthSensorControl: FPBAuthSensorControl, 552
01-14 19:07:25.720  3757  7206 W AlarmManager: Window length 1152921504606846975ms suspiciously long; limiting to 1 hour
01-14 19:07:25.720  3268 27247 I TLC_BAUTH: Call FP cmd 0x7;1303
01-14 19:07:25.720  3268 27247 I tlc_communication: Send Trustlet TCI Message;214
01-14 19:07:25.720  3268 27247 I tlc_communication: mcNotify is completed;224
01-14 19:07:25.720  3237 27282 D PreProcess: new SamsungRecord
01-14 19:07:25.721  3237 27282 D PreProcess: new NS
01-14 19:07:25.721  3237 27282 I samsungRecord: [samsungrecord] SamsungRecInit 
01-14 19:07:25.721  3237 27282 D AudioInfo: can not find AudioDataPath for fileName:/miccalib.txt
01-14 19:07:25.721  3237 27282 I samsungRecord: [samsungrecordMIC]Use HardCoding Values
01-14 19:07:25.722  3237 27282 I samsungRecord: [samsungrecordMIC]Use HardCoding Values
01-14 19:07:25.724  3237 27282 D AudioInfo: can not find AudioDataPath for fileName:/samsungrec.txt
01-14 19:07:25.724  3237 27282 I samsungRecord: [samsungrecord]Use HardCoding Values
01-14 19:07:25.725  3237 27282 D SamsungRecord_NS: [SamsungRecord_NS] Init SR 16000
01-14 19:07:25.725  3237 27282 D SamsungRecord_NS: [SamsungRecord_NS] getLevel inputsource 6, ret_level 3
01-14 19:07:25.725  3237 27282 I samsungRecord: [samsungrecord] MicCalonoff 1
01-14 19:07:25.725  3237 27282 I audio_hw_primary: is_voice_wakeup : ret =  0  , wakeup_baby_cry_enabled = 0  ,  wakeup_mic_enabled = 0 
01-14 19:07:25.725  3237 27282 V audio_hw_primary: select_devices output_scenario:-1 input_scenario:28 out_snd_device 0x0 in_snd_device:0xb
01-14 19:07:25.725  3237 27282 I audio_route: > audio_route_reset :
01-14 19:07:25.727  3237 27282 I audio_route: > audio_route_apply_path : "recognition-mic"
01-14 19:07:25.732  3237 27282 V audio_hw_primary: select_devices() input_route "recognition-mic" 
01-14 19:07:25.732  3237 27282 I audio_route: > audio_route_apply_path : "gain-recognition-mic"
01-14 19:07:25.733  3237 27282 V audio_hw_primary: select_devices() input_gain "gain-recognition-mic" 
01-14 19:07:25.733  3237 27282 I audio_route: > audio_route_update_mixer : +
01-14 19:07:25.733  3237 27282 I audio_route: > audio_route_update_mixer : changed(0) -
01-14 19:07:25.734  3237 27282 I audio_hw_primary: select_devices - 
01-14 19:07:25.734  3237 27282 V audio_hw_primary: start_input_stream -
01-14 19:07:25.737  3757  7206 I SamsungAlarmManager: setLocked to kernel - T:3 / 19691231T191000, SetElapsed=-1546798741385, nowELAPSED=711504352
01-14 19:07:25.738  3757  4354 D SamsungAlarmManager: Expired : 8
01-14 19:07:25.741  3757  7206 D SamsungAlarmManager: setInexact Intent (T:2/F:0/AC:false) 19301028T072214 - CU:10014/CP:5918
01-14 19:07:25.742  3757  4354 I SamsungAlarmManager: setLocked to kernel - T:3 / 20190114T190730, SetElapsed=711508635, nowELAPSED=711504356
01-14 19:07:25.742  3757  4354 V SamsungAlarmManager: Sending to uid : 1000 action=com.android.server.action.UPDATE_TWILIGHT_STATE alarm=Alarm{f2869e0 type 1 when 600000 android}
01-14 19:07:25.753  3757  3757 D SamsungAlarmManager: Cancel Alarm calling from uid:1000 pid :3757 / op:PendingIntent{7b78499: PendingIntentRecord{33bba74 android broadcastIntent}}
01-14 19:07:25.756  3757 10496 D ConnectivityService: filterNetworkStateForUid() uid: 10014 networkInfo: [type: WIFI[] - WIFI, state: CONNECTED/CONNECTED, reason: (unspecified), extra: "wilkinson2.4", failover: false, available: true, roaming: false, metered: false]
01-14 19:07:25.762  3757  3757 D SamsungAlarmManager: setExact Intent (T:1/F:9/AC:false) 19691231T191000 - CU:1000/CP:3757
01-14 19:07:25.763  3757  3757 I SamsungAlarmManager: setLocked to kernel - T:3 / 20190114T190726, SetElapsed=711505368, nowELAPSED=711504378
01-14 19:07:25.768  4616  4616 D PhoneStatusBar/KeyguardBottomAreaView: updateCameraVisibility isCameraDisabled=false
01-14 19:07:25.768  4616  4616 V KeyguardBottomAreaShortcutView: onUnlockMethodStateChanged old=false, new=false
01-14 19:07:25.768  4616  4616 D ScrimController: mIsSecure = true
01-14 19:07:25.769  3757  3757 I SurveyLogManager: mDeviceInfo.mScreen = true
01-14 19:07:25.769  4616  4616 D FingerprintController: onFingerprintAuthenticated userId = 0 mMode = 5 wasDeviceInteractive = true
01-14 19:07:25.770  4616  4616 D KeyguardViewMediator: keyguardDone(true)
01-14 19:07:25.770  3757  7203 D PowerManagerService: [api] [s] userActivity : event: 0 flags: 0 (uid: 10055 pid: 4616) eventTime = 240088610
01-14 19:07:25.775  3757  7206 D CustomFrequencyManagerService: acquireDVFSLockLocked : type : DVFS_MIN_LIMIT  frequency : 1000000  uid : 1000  pid : 3757  pkgName : UNLOCKSCREEN_BOOSTER@2
01-14 19:07:25.776  4616  4616 D KeyguardFingerPrint: scheduleStrongAuthTimeout(canceled mStrongAuthNotTimeOutPendingIntent)
01-14 19:07:25.777  3757  5902 D SamsungAlarmManager: Cancel Alarm calling from uid:10055 pid :4616 / op:PendingIntent{ae0435e: PendingIntentRecord{f6f194f com.android.systemui broadcastIntent}}
01-14 19:07:25.779  3757  9599 I LightSensor: Light old sensor_state 128, new sensor_state : 640 en : 1
01-14 19:07:25.780  3757  5902 I SamsungAlarmManager: setLocked to kernel - T:3 / 19691231T191000, SetElapsed=-1546798741385, nowELAPSED=711504395
01-14 19:07:25.781  3757  4354 D SamsungAlarmManager: Expired : 8
01-14 19:07:25.781  3757  5902 I FingerprintService: resetTimeout called from pid=4616
01-14 19:07:25.781  3757  4354 I SamsungAlarmManager: setLocked to kernel - T:3 / 20190114T190730, SetElapsed=711508635, nowELAPSED=711504396
01-14 19:07:25.782  3757  4354 V SamsungAlarmManager: Sending to uid : 1000 action=com.android.server.action.UPDATE_TWILIGHT_STATE alarm=Alarm{eb7833f type 1 when 600000 android}
01-14 19:07:25.782  4616  4616 D KeyguardFingerPrint: scheduleStrongAuthTimeout(set mStrongAuthNotTimeOutPendingIntent : when = 797904396 )
01-14 19:07:25.782 11375 11375 I BeaconManager: BeaconManager.onReceive - receive Action : android.intent.action.SCREEN_ON
01-14 19:07:25.783 11375 11375 D BeaconManager: BeaconManager.onReceive - end
01-14 19:07:25.783 11375 11405 I BeaconManager: BeaconManager.BeaconManagerWorkHandler - BroadcastReceiver onReceive start
01-14 19:07:25.784 11375 11405 D BeaconManager: BeaconManager.BeaconManagerWorkHandler - mScreenObserver action:android.intent.action.SCREEN_ON
01-14 19:07:25.784 11375 11405 D BeaconManager: AppControlManager.screenOnIntentReceived - start
01-14 19:07:25.784 11375 11405 D BeaconManager: AppControlManager.screenOnIntentReceived - end
01-14 19:07:25.785 11375 11405 D BeaconManager: EasySetupManager.screenOnIntentReceived - start
01-14 19:07:25.785 11375 11405 D BeaconManager: EasySetupManager.screenOnIntentReceived - end
01-14 19:07:25.785 11375 11405 D BeaconManager: BleScanHelper.screenOnIntentReceived - start
01-14 19:07:25.786 11375 11405 D BeaconManager: BleScanHelper.mBroadcastReceiver - Action: android.intent.action.SCREEN_ON, user: 0
01-14 19:07:25.786 11375 11405 V BeaconManager: BleScanHelper.startBleScan - startBleScan
01-14 19:07:25.786  3757  9599 D SensorManager: registerListener :: 6, TMD4903 RGB Sensor, 200000, 0,  
01-14 19:07:25.787  3757  4473 D AudioService: getStreamVolume 3 index 0
01-14 19:07:25.788 11375 11405 D BluetoothAdapter: STATE_ON
01-14 19:07:25.788 11375 11405 D BeaconManager: BleScanHelper.screenOnIntentReceived - end
01-14 19:07:25.788 11375 11405 I BeaconManager: BeaconManager.BeaconManagerWorkHandler - BroadcastReceiver onReceive end
01-14 19:07:25.789  3757  3757 D SamsungAlarmManager: Cancel Alarm calling from uid:1000 pid :3757 / op:PendingIntent{fda440c: PendingIntentRecord{33bba74 android broadcastIntent}}
01-14 19:07:25.789 11375 11406 D BeaconManager: BleScanHelper.MSG_CALL_START_LESCAN - ($)isFilterScanFailed/discovering:false/true
01-14 19:07:25.791 11668 11668 D oneconnect[1.0.00-39][100000039] : QcManager.mReceiver - LCD ON
01-14 19:07:25.792 11375 11406 D BluetoothAdapter: STATE_ON
01-14 19:07:25.792 11375 11406 D BluetoothAdapter: STATE_ON
01-14 19:07:25.793  3757  5902 D SamsungAlarmManager: setExact Intent (T:3/F:1/AC:false) 20190115T190725 - CU:10055/CP:4616
01-14 19:07:25.793 11375 11406 I BeaconManager: BleScanHelper.directStopLeScan - call BleScanner.stopScan()
01-14 19:07:25.795 11375 11406 D BluetoothAdapter: STATE_ON
01-14 19:07:25.796 11375 11406 D BluetoothAdapter: STATE_ON
01-14 19:07:25.797  3757  3757 D SamsungAlarmManager: setExact Intent (T:1/F:9/AC:false) 19691231T191000 - CU:1000/CP:3757
01-14 19:07:25.797  3757  3757 I SamsungAlarmManager: setLocked to kernel - T:3 / 20190114T190726, SetElapsed=711505408, nowELAPSED=711504412
01-14 19:07:25.797 11375 11406 D BluetoothLeScanner: Stop Scan
01-14 19:07:25.798  3757 32085 D AudioService: getStreamVolume 3 index 0
01-14 19:07:25.799 11668 11668 D oneconnect[1.0.00-39][100000039] : DiscoveryManager.addCachedDevice - addDevice - [Name]Hesh 3[DeviceType]ACCESSORY_OUTPUT[Discover]_BT[Services]_Connect[Connected]false[ConType]NONE[size()]1
01-14 19:07:25.799 11668 11668 D oneconnect[1.0.00-39][100000039] : DiscoveryManager.addDevice - [Name]Hesh 3[DeviceType]ACCESSORY_OUTPUT[Discover]_BT[Services]_Connect[Connected]false[ConType]NONE[size()]1
01-14 19:07:25.800 11668 11668 D oneconnect[1.0.00-39][100000039] : DiscoveryManager.addCachedDevice - addDevice - [Name]SRS-XB20[DeviceType]ACCESSORY_OUTPUT[Discover]_BT[Services]_Connect[Connected]false[ConType]NONE[size()]1
01-14 19:07:25.800 11668 11668 D oneconnect[1.0.00-39][100000039] : DiscoveryManager.addDevice - [Name]SRS-XB20[DeviceType]ACCESSORY_OUTPUT[Discover]_BT[Services]_Connect[Connected]false[ConType]NONE[size()]1
01-14 19:07:25.800  4561  5146 D BtGatt.GattService: stopScan() - queue size =1
01-14 19:07:25.800 11668 11668 D oneconnect[1.0.00-39][100000039] : DiscoveryManager.addCachedDevice - addDevice - [Name]G-BOOM[DeviceType]ACCESSORY_OUTPUT[Discover]_BT[Services]_Connect[Connected]false[ConType]NONE[size()]1
01-14 19:07:25.800 11668 11668 D oneconnect[1.0.00-39][100000039] : DiscoveryManager.addDevice - [Name]G-BOOM[DeviceType]ACCESSORY_OUTPUT[Discover]_BT[Services]_Connect[Connected]false[ConType]NONE[size()]1
01-14 19:07:25.800  3757  3771 D FingerprintService: getEnrolledFingerprints : userId = 0
01-14 19:07:25.800 11668 11668 D oneconnect[1.0.00-39][100000039] : DiscoveryManager.addCachedDevice - addDevice - [Name]Soundcore Flar[DeviceType]UNKNOWN[Discover]_BT[Services]None[Connected]false[ConType]NONE[size()]1
01-14 19:07:25.800 11668 11668 D oneconnect[1.0.00-39][100000039] : DiscoveryManager.addDevice - [Name]Soundcore Flar[DeviceType]UNKNOWN[Discover]_BT[Services]None[Connected]false[ConType]NONE[size()]1
01-14 19:07:25.801 11668 11668 D oneconnect[1.0.00-39][100000039] : DiscoveryManager.addCachedDevice - addDevice - [Name]Gamepad[DeviceType]ACCESSORY_KEYBOARD[Discover]_BT[Services]_Connect[Connected]false[ConType]NONE[size()]1
01-14 19:07:25.801 11668 11668 D oneconnect[1.0.00-39][100000039] : DiscoveryManager.addDevice - [Name]Gamepad[DeviceType]ACCESSORY_KEYBOARD[Discover]_BT[Services]_Connect[Connected]false[ConType]NONE[size()]1
01-14 19:07:25.801  4561  5146 D BtGatt.GattService: stopScan() - queue size =1
01-14 19:07:25.801 11668 11668 D oneconnect[1.0.00-39][100000039] : DiscoveryManager.addCachedDevice - addDevice - [Name]HANDS FREE[DeviceType]ACCESSORY_MONO[Discover]_BT[Services]_Connect[Connected]false[ConType]NONE[size()]1
01-14 19:07:25.801 11668 11668 D oneconnect[1.0.00-39][100000039] : DiscoveryManager.addDevice - [Name]HANDS FREE[DeviceType]ACCESSORY_MONO[Discover]_BT[Services]_Connect[Connected]false[ConType]NONE[size()]1
01-14 19:07:25.801 11668 11668 D oneconnect[1.0.00-39][100000039] : DiscoveryManager.addCachedDevice - addDevice - [Name]Soundcore Flare[DeviceType]ACCESSORY_OUTPUT[Discover]_BT[Services]_Connect[Connected]false[ConType]NONE[size()]1
01-14 19:07:25.801 11668 11668 D oneconnect[1.0.00-39][100000039] : DiscoveryManager.addDevice - [Name]Soundcore Flare[DeviceType]ACCESSORY_OUTPUT[Discover]_BT[Services]_Connect[Connected]false[ConType]NONE[size()]1
01-14 19:07:25.801 11668 11668 D oneconnect[1.0.00-39][100000039] : DiscoveryManager.addCachedDevice - addDevice - [Name]SL SOUND CANNON[DeviceType]ACCESSORY_OUTPUT[Discover]_BT[Services]_Connect[Connected]false[ConType]NONE[size()]1
01-14 19:07:25.801  3757 29839 I FingerprintService: resetTimeout called from pid=4616
01-14 19:07:25.801 11668 11668 D oneconnect[1.0.00-39][100000039] : DiscoveryManager.addDevice - [Name]SL SOUND CANNON[DeviceType]ACCESSORY_OUTPUT[Discover]_BT[Services]_Connect[Connected]false[ConType]NONE[size()]1
01-14 19:07:25.802  3757  4473 D WallpaperManagerService: getDCMLauncherEnabled false
01-14 19:07:25.802  4616  4616 I StatusBarWindowManager: isExpanded:true, true, true, false, false, false
01-14 19:07:25.802  4616  4616 I StatusBarWindowManager: applyHeight:-1
01-14 19:07:25.802  4561  5184 E BtGatt.GattService: [GSIM LOG]: gsimLogHandler: android.uid.bcmgr, msg: MESSAGE_STOP_SCAN
01-14 19:07:25.802  4561 16211 D BtGatt.GattService: unregisterClient() - clientIf=4
01-14 19:07:25.803  4561  5167 D BtGatt.ScanManager: stop scan
01-14 19:07:25.803  4561  5167 D BtGatt.ScanManager: delete FilterIndex - 18
01-14 19:07:25.811  4616  4616 D KeyguardViewMediator: handleKeyguardDone
01-14 19:07:25.813  4561  4688 D BtGatt.GattService: onScanFilterParamsConfigured() - clientIf=4, status=0, action=1, availableSpace=31
01-14 19:07:25.814  4561  4688 D BtGatt.ScanManager: callback done for clientIf - 4 status - 0
01-14 19:07:25.814  3757  3774 D CompatibilityInfo: mCompatibilityFlags - 0
01-14 19:07:25.814  3757  3774 D CompatibilityInfo: applicationDensity - 420
01-14 19:07:25.814  3757  3774 D CompatibilityInfo: applicationScale - 1.0
01-14 19:07:25.814  4561  5167 D BtGatt.ScanManager: delete FilterIndex - 21
01-14 19:07:25.816  4616  4616 D KeyguardViewMediator: handleHide
01-14 19:07:25.816  4616  4616 D KeyguardViewMediator: keyguardGoingAway
01-14 19:07:25.816  4561  4688 D BtGatt.GattService: onScanFilterParamsConfigured() - clientIf=4, status=0, action=1, availableSpace=32
01-14 19:07:25.817  4561  4688 D BtGatt.ScanManager: callback done for clientIf - 4 status - 0
01-14 19:07:25.817  4561  5167 D BtGatt.ScanManager: configureRegularScanParams() - queue=0
01-14 19:07:25.817  4561  5167 D BtGatt.ScanManager: configureRegularScanParams() - ScanSetting Scan mode=-2147483648 mLastConfiguredScanSetting=100
01-14 19:07:25.817  4561  5167 D BtGatt.ScanManager: configureRegularScanParams() - queue emtpy, scan stopped
01-14 19:07:25.818  3757 12257 E LocSvc_libulp: I/int ulp_msg_process_system_update(const UlpSystemEvent): systemEvent:0 
01-14 19:07:25.818  3757 12257 E LocSvc_libulp: I/int ulp_msg_process_start_req(), at ulp state = 1
01-14 19:07:25.819  3757 32084 D ActivityManager: resumeTopActivityInnerLocked() : #1 prevTask=null next=ActivityRecord{24e34fad0 u0 com.GeekTechnique.InfinityStack/com.epicgames.ue4.GameActivity t635} mFocusedStack=ActivityStack{e83cb46d0 stackId=1, 5 tasks}
01-14 19:07:25.819  3757 32084 D ActivityManager: applyOptionsLocked(), pendingOptions : null
01-14 19:07:25.825  3757  3757 D GameManagerService: onDisplayChanged. displyId: 0
01-14 19:07:25.825  3757  3757 D GameManagerService: dpi: 420, longPixel: 1920, shortPixel: 1080
01-14 19:07:25.834  3268 27247 I tlc_communication: mcWaitNotification is completed;237
01-14 19:07:25.834  3268 27247 I TLC_BAUTH: Check the Trustlet return code is completed;1353
01-14 19:07:25.834  3268 27247 D bauth_FPBAuthService: FPBAuthService, 995
01-14 19:07:25.834  3268 27247 D bauth_FPBAuthSensorControl: FPBAuthSensorControl, 432
01-14 19:07:25.834  3268 27247 D bauth_FPBAuthService: FPBAuthService, 1008
01-14 19:07:25.834  3268 27247 I TLC_BAUTH: Call FP cmd 0xa;1504
01-14 19:07:25.834  3268 27247 I tlc_communication: Send Trustlet TCI Message;214
01-14 19:07:25.834  3268 27247 I tlc_communication: mcNotify is completed;224
01-14 19:07:25.837  3757  4482 D AudioService: getStreamVolume 3 index 0
01-14 19:07:25.840  3757 32084 D GameManagerService: sem_perfomance_mode: 0
01-14 19:07:25.840  3757  3757 D GameManagerService: NotifyRunnable. pkg: com.GeekTechnique.InfinityStack, type: 4, isMinimized: false, isTunableApp: false
01-14 19:07:25.840  3757  3757 D GameManagerService: do nothing. mKillNotiCount: 3
01-14 19:07:25.849  3757  7204 D AudioService: getStreamVolume 3 index 0
01-14 19:07:25.851  3757 32083 D AudioService: getStreamVolume 3 index 0
01-14 19:07:25.853  3757  3793 D KnoxTimeoutHandler: notifyActivityDrawn [MsgParam] userId: 0 fullscreen is true showWhenlocked is false isMutiwindowRecord is false multiwindowstyle is 1
01-14 19:07:25.853 26491 26491 V threaded_app: Start: 0xdb87bb40
01-14 19:07:25.853  3757  3757 D KnoxTimeoutHandler: activityDrawn [MsgParam] userId: 0 fullscreen is true showWhenlocked is false isMutiwindowRecord is false multiwindowstyle is 1
01-14 19:07:25.854 26491 26538 V threaded_app: activityState=10
01-14 19:07:25.854  3757  3793 V WindowManager: Now policy shown: Window{55f1f77d0 u0 com.GeekTechnique.InfinityStack/com.epicgames.ue4.GameActivity}
01-14 19:07:25.854 26491 26538 D UE4     : [2019.01.15-00.07.25:854][  0]LogAndroid: Case APP_CMD_START
01-14 19:07:25.854  3757 29838 D AudioService: getStreamVolume 3 index 0
01-14 19:07:25.854 26491 26538 D UE4     : LogAndroidEvents: EnqueueAppEvent : 9, 0, tid = 26538
01-14 19:07:25.854  3757  3793 V WindowManager: Now policy shown: Window{11c3c13d0 u0 SurfaceView - com.GeekTechnique.InfinityStack/com.epicgames.ue4.GameActivity}
01-14 19:07:25.854  3757  3757 I KnoxTimeoutHandler: SD activityfalse
01-14 19:07:25.855 26491 26491 D UE4     : Creating console command broadcast listener
01-14 19:07:25.855  3757  3757 I KnoxTimeoutHandler: Fullscreen and mCurrent is not KNOX user. Hence hide keyguard
01-14 19:07:25.856  4616  4616 D KeyguardViewMediator: handleStartKeyguardExitAnimation startTime=240088689 fadeoutDuration=430
01-14 19:07:25.859  4616  4616 D PhoneStatusBar: disable: < expand icons* alerts system_info* back HOME RECENT clock SEARCH quick_settings >
01-14 19:07:25.859 11359 11359 D Receiver_Screen: ACTION_SCREEN_ON
01-14 19:07:25.859 26491 26491 D UE4     : ==================================> Inside onStart function in GameActivity
01-14 19:07:25.859  4616  4616 D PhoneStatusBar: setBarState: KGRD -> SHD
01-14 19:07:25.860  3757 29841 I Sensors : Proximity old sensor_state 640, new sensor_state : 512 en : 0
01-14 19:07:25.868  4616  4616 D SensorManager: unregisterListener ::   
01-14 19:07:25.869  3757  5063 D WallpaperManagerService: getDCMLauncherEnabled false
01-14 19:07:25.869  4616  4616 I StatusBarWindowManager: isExpanded:true, true, true, false, false, false
01-14 19:07:25.869  4616  4616 I StatusBarWindowManager: applyHeight:-1
01-14 19:07:25.870 26491 26491 V threaded_app: Resume: 0xdb87bb40
01-14 19:07:25.871 26491 26538 V threaded_app: activityState=11
01-14 19:07:25.871 26491 26538 D UE4     : Case APP_CMD_RESUME
01-14 19:07:25.871 26491 26538 D UE4     : [2019.01.15-00.07.25:871][  0]LogAndroid: Case APP_CMD_RESUME
01-14 19:07:25.871 26491 26491 D UE4     : ==============> [JAVA] AndroidThunkJava_KeepScreenOn(false) - Enabled screen saver
01-14 19:07:25.871 26491 26538 D UE4     : LogAndroidEvents: EnqueueAppEvent : 7, 0, tid = 26538
01-14 19:07:25.871  3757  7204 D WallpaperManagerService: getDCMLauncherEnabled false
01-14 19:07:25.872  4616  4616 I StatusBarWindowManager: isExpanded:true, true, true, false, false, false
01-14 19:07:25.872  4616  4616 I StatusBarWindowManager: applyHeight:-1
01-14 19:07:25.872 26491 26491 D UE4     : Registering sensor listeners
01-14 19:07:25.872  3268 27247 I tlc_communication: mcWaitNotification is completed;237
01-14 19:07:25.872  3268 27247 I TLC_BAUTH: Check the Trustlet return code is completed;1540
01-14 19:07:25.872  3268 27247 D bauth_FPBAuthService: FPBAuthService, 3766
01-14 19:07:25.872  3268 27247 D bauth_FPBAuthService: FPBAuthService, 4061
01-14 19:07:25.872  3268 27247 D         : fprc : cc 
01-14 19:07:25.872  3268 27247 D bauth_FPBAuthSensorControl: FPBAuthSensorControl, 800
01-14 19:07:25.872  3268 27247 D bauth_FPBAuthSensorControl: FPBAuthSensorControl, 636
01-14 19:07:25.872  3268 27247 D bauth_FPBAuthSensorControl: FPBAuthSensorControl, 644
01-14 19:07:25.873  3268 27247 D bauth_FPBAuthSensorControl: FPBAuthSensorControl, 552
01-14 19:07:25.873  3268 27247 D bauth_FPBAuthService: FPBAuthService, 1026
01-14 19:07:25.873  3268 27247 D bauth_Worker: Worker, 72
01-14 19:07:25.876  4561  4688 W bt_btif : btif_dm_upstreams_cback  ev: BTA_DM_ENER_INFO_READ
01-14 19:07:25.876  3757  4355 I SamsungAlarmManager: setLocked to kernel - T:3 / 19691231T191000, SetElapsed=-1546798741385, nowELAPSED=711504491
01-14 19:07:25.877  3757  4354 D SamsungAlarmManager: Expired : 8
01-14 19:07:25.877  3757  7206 I Sensors : Acc old sensor_state 512, new sensor_state : 513 en : 1
01-14 19:07:25.877  3757  4355 D SamsungAlarmManager: setInexact Intent (T:1/F:8/AC:false) 20190114T193725 - CU:1000/CP:3757
01-14 19:07:25.877  3757  4354 I SamsungAlarmManager: setLocked to kernel - T:3 / 20190114T190730, SetElapsed=711508635, nowELAPSED=711504492
01-14 19:07:25.877  3757  4354 V SamsungAlarmManager: Sending to uid : 1000 action=com.android.server.action.UPDATE_TWILIGHT_STATE alarm=Alarm{b7cc83c type 1 when 600000 android}
01-14 19:07:25.878  3757 29842 D CompatibilityInfo: mCompatibilityFlags - 0
01-14 19:07:25.878  3757 29842 D CompatibilityInfo: applicationDensity - 420
01-14 19:07:25.879  3757 29842 D CompatibilityInfo: applicationScale - 1.0
01-14 19:07:25.886  4616  4616 D KeyguardSecurityView: isNotiClickedOnShadeLocked= false
01-14 19:07:25.886  3757  3757 D SamsungAlarmManager: Cancel Alarm calling from uid:1000 pid :3757 / op:PendingIntent{38bb9c5: PendingIntentRecord{33bba74 android broadcastIntent}}
01-14 19:07:25.886  3757 29838 D WallpaperManagerService: getDCMLauncherEnabled false
01-14 19:07:25.886  4616  4616 I StatusBarWindowManager: isExpanded:true, true, true, true, false, false
01-14 19:07:25.886  4616  4616 I StatusBarWindowManager: applyHeight:-1
01-14 19:07:25.887  4616  4616 D KeyguardWallpaperController: mShowing=false, mOccluded=false, mFadingAway=false, match_parent=true
01-14 19:07:25.887  4616  4616 D WallpaperViewController: mWallpaperView.onPause()
01-14 19:07:25.887  4616  4616 I StatusBarWindowManager: isExpanded:true, false, true, true, false, false
01-14 19:07:25.887  4616  4616 I StatusBarWindowManager: applyHeight:-1
01-14 19:07:25.887 26491 26491 D SensorManager: registerListener :: 0, K6DS3TR Acceleration Sensor, 20000, 0,  
01-14 19:07:25.888  3757  6272 I Sensors : Mag old sensor_state 513, new sensor_state : 529 en : 1
01-14 19:07:25.888  4616  4616 V KeyguardUpdateMonitor: *** unregister callback for com.android.keyguard.CarrierText$1@111614b
01-14 19:07:25.888  4616  4616 V KeyguardUpdateMonitor: *** unregister callback for com.android.keyguard.EmergencyButton$1@ffa1c41
01-14 19:07:25.892  3757  3757 D SamsungAlarmManager: setExact Intent (T:1/F:9/AC:false) 19691231T191000 - CU:1000/CP:3757
01-14 19:07:25.892  3757  3757 I SamsungAlarmManager: setLocked to kernel - T:3 / 20190114T190726, SetElapsed=711505501, nowELAPSED=711504507
01-14 19:07:25.894  4616  4616 V KeyguardUpdateMonitor: *** unregister callback for com.android.keyguard.KeyguardSecurityContainer$1@bc01f0c
01-14 19:07:25.894  4616  4616 D KeyguardUpdateMonitor: onKeyguardVisibilityChanged(false)
01-14 19:07:25.894  4616  4616 D KeyguardFingerPrint: shouldListenForFingerprint ( isFingerprintEnabled = false , mKeyguardIsVisible = false , mDeviceInteractive = true , mBouncer = false , mGoingToSleep = false , mSwitchingUser = false , mFingerprintAlreadyAuthenticated = false , mKeyguardUnlocking = false
01-14 19:07:25.894  4616  4616 D KeyguardFingerPrint: shouldListenForFingerprint ( fingerprint is not enabled. ) 
01-14 19:07:25.894  4616  4616 V KeyguardFingerPrint: stopListeningForFingerprint()
01-14 19:07:25.894  4616  4616 D KeyguardUpdateMonitor: sendKeyguardStateUpdated(false, false, false)
01-14 19:07:25.895 26491 26491 D SensorManager: registerListener :: 1, AK09911C Magnetic field Sensor, 20000, 0,  
01-14 19:07:25.896  3757  5901 I Sensors : Gyro old sensor_state 529, new sensor_state : 531 en : 1
01-14 19:07:25.897  4616  4616 D KeyguardViewMediator: adjustStatusBarLocked: mShowing=false mOccluded=false isSecure=true --> flags=0x0
01-14 19:07:25.903  7370 23753 I DiscoveryManager: Filter criteria(%urn:x-cast:com.google.cast.media) scannerFlags(2)
01-14 19:07:25.904 11375 11406 I BeaconManager: BleScanHelper.startBleScan - Start filter Scan(SCREEN_ON)
01-14 19:07:25.904 11375 11406 D BeaconManager: BleScanHelper.printFilterCondition - mLcdOnScanInterval: 2
01-14 19:07:25.904 11375 11406 D BeaconManager: BleScanHelper.printFilterCondition - Filter: 010002000001, Mask:ffffff0000ff
