--------- beginning of system
01-14 22:20:56.467  3757 10496 D AudioService: getStreamVolume 3 index 130
01-14 22:20:56.603  3757  2859 D AudioService: getStreamVolume 3 index 130
01-14 22:20:56.670  3757  5901 D AudioService: getStreamVolume 3 index 130
01-14 22:20:56.806  3757  7203 D AudioService: getStreamVolume 3 index 130
01-14 22:20:56.873  3757  5902 D AudioService: getStreamVolume 3 index 130
01-14 22:20:57.010  3757  3771 D AudioService: getStreamVolume 3 index 130
01-14 22:20:57.061  3757  9599 D SSRM:t  : SIOP:: AP = 330, PST = 332 (W:10), CP = 254, CUR = 135, LCD = 0
01-14 22:20:57.064  3757  9599 D ConnectivityService: filterNetworkStateForUid() uid: 1000 networkInfo: [type: WIFI[] - WIFI, state: CONNECTED/CONNECTED, reason: (unspecified), extra: "wilkinson2.4", failover: false, available: true, roaming: false, metered: false]
01-14 22:20:57.076  3757 29839 D AudioService: getStreamVolume 3 index 130
01-14 22:20:57.129  5689  5689 D io_stats: !@   8,0 r 3331013 98930800 w 2707019 61166932 d 430919 31699460 f 697865 697701 iot 4415920 2538161 th 61440 61440 43892 pt 10480 inp 0 0 245434.336
--------- beginning of main
01-14 22:20:57.185 24915 24915 D SecurityManagerNative: SecurityManagerNative v2.7.2.5 On 64bit PLATFORM With BORINGSSL
01-14 22:20:57.192 24915 24915 E appproc : Enhanced Zygote ASLR: ro.knox.enhance.zygote.aslr != 1. Enhanced Zygote ASLR is DISABLED!
01-14 22:20:57.192 24915 24915 D AndroidRuntime: >>>>>> START com.android.internal.os.RuntimeInit uid 2000 <<<<<<
01-14 22:20:57.196 24915 24915 D AndroidRuntime: CheckJNI is OFF
01-14 22:20:57.199 24915 24915 D AndroidRuntime: addProductProperty: start
01-14 22:20:57.215  3757 29841 D AudioService: getStreamVolume 3 index 130
01-14 22:20:57.279  3757  5063 D AudioService: getStreamVolume 3 index 130
01-14 22:20:57.381 24915 24915 I [saiv 1.1]: saiv_OnLoadJNI.cpp(38): _init: Version 1.1 Build # 3532
01-14 22:20:57.381 24915 24915 I [saiv 1.1]: saiv_OnLoadJNI.cpp(43): _init: _init() was called
01-14 22:20:57.417  3757 29842 D AudioService: getStreamVolume 3 index 130
01-14 22:20:57.425 24915 24915 I MLDAP   : ================================================
01-14 22:20:57.425 24915 24915 I MLDAP   :  MLDAP_LIB v1.1.16
01-14 22:20:57.425 24915 24915 I MLDAP   : ================================================
01-14 22:20:57.481  3757 29838 D AudioService: getStreamVolume 3 index 130
01-14 22:20:57.506 24915 24915 I TMSDISP : AcsAndroidVirtualDisplayIntfImpl
01-14 22:20:57.550 24915 24915 D ICU     : No timezone override file found: /data/misc/zoneinfo/current/icu/icu_tzdata.dat
01-14 22:20:57.582 24915 24915 I Radio-JNI: register_android_hardware_Radio DONE
01-14 22:20:57.599 24915 24915 D ReflectionHelper: loadKlass() : caller=android.app.Activity.<clinit>:7555 <bottom of call stack> 
01-14 22:20:57.599 24915 24915 D ReflectionHelper: Reflecting method.....  class <onScreenChanged>
01-14 22:20:57.600 24915 24915 E SemAffinityControl: SemAffinityControl: registerfunction enter
01-14 22:20:57.615 24915 24915 D AndroidRuntime: Calling main entry com.android.commands.am.Am
01-14 22:20:57.621  3757  2858 D AudioService: getStreamVolume 3 index 130
01-14 22:20:57.641  3757 32085 I ActivityManager: START u0 {act=null typ=null flg=0x10000000 cmp=ComponentInfo{com.GeekTechnique.InfinityStack/com.epicgames.ue4.SplashActivity}} from uid 2000 on display 0
01-14 22:20:57.653  3757 32085 D ActivityManager: ActivityRecord() Constructor : multiScreenAttrs=MultiScreenAttrs{mDisplayId=0, mBaseDisplayId=0, mBaseActivity=false}
01-14 22:20:57.654  3757 32085 D ActivityManager: computeStackFocus: stackId=1
01-14 22:20:57.654  3757 32085 D ActivityManager: computeStackFocus: New stack r=ActivityRecord{fcc350ed0 u0 com.GeekTechnique.InfinityStack/com.epicgames.ue4.SplashActivity t-1} stackId=1
01-14 22:20:57.656  3757 32085 D ActivityTrigger: Activity is Triggerred in full screen 
01-14 22:20:57.660  3757 32085 D CompatibilityInfo: mCompatibilityFlags - 0
01-14 22:20:57.660  3757 32085 D CompatibilityInfo: applicationDensity - 420
01-14 22:20:57.660  3757 32085 D CompatibilityInfo: applicationScale - 1.0
01-14 22:20:57.661  3757 32085 D ActivityManager: moveToFront() : reason=startedActivity setFocusedActivity isAttached=true TaskRecord{39a941ad0 #649 A=com.GeekTechnique.InfinityStack U=0 StackId=1 sz=1}
01-14 22:20:57.663  3757 32085 D ActivityManager: setFocusStackUnchecked: reason=startedActivity setFocusedActivity focusCandidate=ActivityStack{e83cb46d0 stackId=1, 3 tasks} caller=com.android.server.am.ActivityStack.moveToFront:874 com.android.server.am.ActivityStackSupervisor.moveActivityStackToFront:2005 
01-14 22:20:57.667  3757 32085 D InputDispatcher: Focused application set to: xxxx
01-14 22:20:57.669  3757 32085 D ActivityManager: resumeTopActivityInnerLocked() : #1 prevTask=TaskRecord{39a941ad0 #649 A=com.GeekTechnique.InfinityStack U=0 StackId=1 sz=1} next=ActivityRecord{fcc350ed0 u0 com.GeekTechnique.InfinityStack/com.epicgames.ue4.SplashActivity t649} mFocusedStack=ActivityStack{e83cb46d0 stackId=1, 3 tasks}
01-14 22:20:57.669  3757 32085 D ActivityManager: applyOptionsLocked(), pendingOptions : null
01-14 22:20:57.671  3757 32085 D MountService: getExternalStorageMountMode : 3
01-14 22:20:57.671  3757 32085 D MountService: getExternalStorageMountMode : 3
01-14 22:20:57.671  3757 32085 D MountService: getExternalStorageMountMode : final mountMode=3, uid : 10389, packageName : com.GeekTechnique.InfinityStack
01-14 22:20:57.685  3757  7206 D AudioService: getStreamVolume 3 index 130
01-14 22:20:57.695 24925 24925 E Zygote  : v2
01-14 22:20:57.695 24925 24925 I libpersona: KNOX_SDCARD checking this for 10389
01-14 22:20:57.695 24925 24925 I libpersona: KNOX_SDCARD not a persona
01-14 22:20:57.696  3757 32085 I ActivityManager: Start proc 24925:com.GeekTechnique.InfinityStack/u0a389 for activity com.GeekTechnique.InfinityStack/com.epicgames.ue4.SplashActivity
01-14 22:20:57.697 24925 24925 E Zygote  : accessInfo : 0
01-14 22:20:57.699 24925 24925 W SELinux : SELinux selinux_android_compute_policy_index : Policy Index[2],  Con:u:r:zygote:s0 RAM:SEPF_SECMOBILE_7.0_0009, [-1 -1 -1 -1 0 1]
01-14 22:20:57.702 24925 24925 I SELinux : SELinux: seapp_context_lookup: seinfo=untrusted, level=s0:c512,c768, pkgname=com.GeekTechnique.InfinityStack 
01-14 22:20:57.704 24915 24915 D AndroidRuntime: Shutting down VM
01-14 22:20:57.710 24925 24925 I art     : Late-enabling -Xcheck:jni
01-14 22:20:57.751 24925 24925 D TimaKeyStoreProvider: TimaKeyStore is not enabled: cannot add TimaSignature Service and generateKeyPair Service
01-14 22:20:57.756 24915 24915 I TMSDISP : AcsAndroidVirtualDisplayIntfImpl::~AcsAndroidVirtualDisplayIntfImpl - Enter
01-14 22:20:57.756 24915 24915 I TMSDISP : AcsAndroidVirtualDisplayIntfImpl::~AcsAndroidVirtualDisplayIntfImpl - Enter2
01-14 22:20:57.756 24915 24915 I TMSDISP : AcsAndroidVirtualDisplayIntfImpl::~AcsAndroidVirtualDisplayIntfImpl - mSource2
01-14 22:20:57.756 24915 24915 I TMSDISP : AcsAndroidVirtualDisplayIntfImpl::~AcsAndroidVirtualDisplayIntfImpl - Exit
01-14 22:20:57.757  3757 31270 D CompatibilityInfo: mCompatibilityFlags - 0
01-14 22:20:57.757  3757 31270 D CompatibilityInfo: applicationDensity - 420
01-14 22:20:57.757  3757 31270 D CompatibilityInfo: applicationScale - 1.0
01-14 22:20:57.757  3757 31270 I ActivityManager: DSS on for com.GeekTechnique.InfinityStack and scale is 1.0
01-14 22:20:57.759  3757 31270 D CompatibilityInfo: mCompatibilityFlags - 0
01-14 22:20:57.760  3757 31270 D CompatibilityInfo: applicationDensity - 420
01-14 22:20:57.760  3757 31270 D CompatibilityInfo: applicationScale - 1.0
01-14 22:20:57.778  3757 31270 I ActivityManager: Killing 30098:com.sec.android.daemonapp/u0a184 (adj 906): DHA:empty #31
01-14 22:20:57.780  3757 31270 I ActivityManager: Killing 24097:com.samsung.android.weather/u0a90 (adj 906): DHA:empty #31
01-14 22:20:57.780  3757 31270 I ActivityManager: Killing 24015:com.samsung.android.intelligenceservice2/5010 (adj 906): DHA:empty #31
01-14 22:20:57.782  3757 31270 D CompatibilityInfo: mCompatibilityFlags - 0
01-14 22:20:57.782  3757 31270 D CompatibilityInfo: applicationDensity - 420
01-14 22:20:57.782  3757 31270 D CompatibilityInfo: applicationScale - 1.0
01-14 22:20:57.784  3757 31270 D GameManagerService: sem_perfomance_mode: 0
01-14 22:20:57.785  3757  3757 D GameManagerService: NotifyRunnable. pkg: com.GeekTechnique.InfinityStack, type: 4, isMinimized: false, isTunableApp: false
01-14 22:20:57.785  3757  3757 D GameManagerService: do nothing. mKillNotiCount: 3
01-14 22:20:57.795  3757 31270 D ActivityTrigger: ActivityTrigger activityPauseTrigger 
01-14 22:20:57.797  3757 31270 D GameManagerService: sem_perfomance_mode: 0
01-14 22:20:57.802  6011  6027 D ForegroundUtils: could not check pending caller
01-14 22:20:57.802  6011  6027 D ForegroundUtils: could not check pending caller
01-14 22:20:57.805  3757  3757 D GameManagerService: onDisplayChanged. displyId: 0
01-14 22:20:57.805  3757  3757 D GameManagerService: dpi: 420, longPixel: 1920, shortPixel: 1080
01-14 22:20:57.810  3757  9599 D GamePkgDataHelper: getGamePkgData(). com.GeekTechnique.InfinityStack
01-14 22:20:57.811  3757  9599 D GameManagerService: identifyGamePackage. com.GeekTechnique.InfinityStack
01-14 22:20:57.811  3757  9599 D GameManagerService: identifyGamePackage. com.GeekTechnique.InfinityStack
01-14 22:20:57.814  3757  3793 E JavaBinder: !!! FAILED BINDER TRANSACTION !!!  (parcel size = 116)
01-14 22:20:57.828  3757  9599 D TelephonyManager: getAllCellInfo : Caller (PID / UID / TID): 3757 / 1000 / 9599
01-14 22:20:57.838  3757  7201 D ActivityManager: cleanUpApplicationRecord -- 24015
01-14 22:20:57.841  3757  3793 W DisplayManagerService: Failed to notify process 24015 that displays changed, assuming it died.
01-14 22:20:57.841  3757  3793 W DisplayManagerService: android.os.DeadObjectException: Transaction failed on small parcel; remote process probably died
01-14 22:20:57.841  3757  3793 W DisplayManagerService: 	at android.os.BinderProxy.transactNative(Native Method)
01-14 22:20:57.841  3757  3793 W DisplayManagerService: 	at android.os.BinderProxy.transact(Binder.java:628)
01-14 22:20:57.841  3757  3793 W DisplayManagerService: 	at android.hardware.display.IDisplayManagerCallback$Stub$Proxy.onDisplayEvent(IDisplayManagerCallback.java:127)
01-14 22:20:57.841  3757  3793 W DisplayManagerService: 	at com.android.server.display.DisplayManagerService$CallbackRecord.notifyDisplayEventAsync(DisplayManagerService.java:1786)
01-14 22:20:57.841  3757  3793 W DisplayManagerService: 	at com.android.server.display.DisplayManagerService.deliverDisplayEvent(DisplayManagerService.java:1478)
01-14 22:20:57.841  3757  3793 W DisplayManagerService: 	at com.android.server.display.DisplayManagerService.-wrap7(DisplayManagerService.java)
01-14 22:20:57.841  3757  3793 W DisplayManagerService: 	at com.android.server.display.DisplayManagerService$DisplayManagerHandler.handleMessage(DisplayManagerService.java:1690)
01-14 22:20:57.841  3757  3793 W DisplayManagerService: 	at android.os.Handler.dispatchMessage(Handler.java:102)
01-14 22:20:57.841  3757  3793 W DisplayManagerService: 	at android.os.Looper.loop(Looper.java:154)
01-14 22:20:57.841  3757  3793 W DisplayManagerService: 	at android.os.HandlerThread.run(HandlerThread.java:61)
01-14 22:20:57.841  3757  3793 W DisplayManagerService: 	at com.android.server.ServiceThread.run(ServiceThread.java:46)
01-14 22:20:57.851  6011 20825 D ForegroundUtils: could not check pending caller
01-14 22:20:57.852  3757 31270 D ActivityManager: cleanUpApplicationRecord -- 30098
01-14 22:20:57.853  3757  2859 D AudioService: getStreamVolume 3 index 130
01-14 22:20:57.855  3757 31270 W ActivityManager: Scheduling restart of crashed service com.sec.android.daemonapp/com.samsung.android.weather.common.provider.service.WeatherDataService in 1000ms
01-14 22:20:57.858  3757  6272 D ActivityManager: cleanUpApplicationRecord -- 24097
01-14 22:20:57.858  6011  6027 D ForegroundUtils: could not check pending caller
01-14 22:20:57.862  6011  6033 D ForegroundUtils: could not check pending caller
01-14 22:20:57.871  6176  6176 D ViewRootImpl@dbcd7d2[LauncherActivity]: mHardwareRenderer.destroy()#1
01-14 22:20:57.873  3757 31269 V WindowManager: Relayout Window{14de1fbd0 u0 com.sec.android.app.launcher/com.sec.android.app.launcher.activities.LauncherActivity}: viewVisibility=8 req=1080x1920 WM.LayoutParams{(0,0)(fillxfill) sim=#30 ty=1 fl=#81910d00 pfl=0x20000 fmt=-2 wanim=0x103038a vsysui=0x600 needsMenuKey=2 dimDuration=0 naviIconColor=0}
01-14 22:20:57.873  3757 31269 I WindowManager_SurfaceController: Destroying surface Surface(name=com.sec.android.app.launcher/com.sec.android.app.launcher.activities.LauncherActivity) called by com.android.server.wm.WindowStateAnimator.destroySurface:2907 com.android.server.wm.WindowStateAnimator.destroySurfaceLocked:1120 com.android.server.wm.WindowState.destroyOrSaveSurface:2662 com.android.server.wm.WindowManagerService.tryStartExitingAnimation:3577 com.android.server.wm.WindowManagerService.relayoutWindow:3433 com.android.server.wm.Session.relayout:240 android.view.IWindowSession$Stub.onTransact:288 com.android.server.wm.Session.onTransact:161 
01-14 22:20:57.874  3215  4549 I SurfaceFlinger: id=11563 Removed MauncherAct (2/7)
01-14 22:20:57.874  3215 15153 I SurfaceFlinger: id=11563 Removed MauncherAct (-2/7)
01-14 22:20:57.878  6176  6176 D ViewRootImpl@dbcd7d2[LauncherActivity]: Relayout returned: oldFrame=[0,0][1080,1920] newFrame=[0,0][1080,1920] result=0x5 surface={isValid=false 0} surfaceGenerationChanged=true
01-14 22:20:57.880  6176  6176 D Launcher: onTrimMemory. Level: 20
01-14 22:20:57.887  3757 29841 D AudioService: getStreamVolume 3 index 130
01-14 22:20:57.908  3757  4473 I ActivityManager: START u0 {act=null typ=null flg=0x10000 cmp=ComponentInfo{com.GeekTechnique.InfinityStack/com.epicgames.ue4.GameActivity}} from uid 10389 on display 0
01-14 22:20:57.910  3757  4473 D ActivityManager: ActivityRecord() Constructor : multiScreenAttrs=MultiScreenAttrs{mDisplayId=0, mBaseDisplayId=0, mBaseActivity=false}
01-14 22:20:57.911  3757  4473 D ActivityManager: moveToFront() : reason=intentActivityFound isAttached=true null
01-14 22:20:57.912  3757  4473 D ActivityManager: moveToFront() : reason=sourceStackToFront isAttached=true null
01-14 22:20:57.914  3757  4473 D ActivityTrigger: Activity is Triggerred in full screen 
01-14 22:20:57.915  3757  4473 D CompatibilityInfo: mCompatibilityFlags - 0
01-14 22:20:57.915  3757  4473 D CompatibilityInfo: applicationDensity - 420
01-14 22:20:57.915  3757  4473 D CompatibilityInfo: applicationScale - 1.0
01-14 22:20:57.916  3757  4473 D ActivityManager: moveToFront() : reason=startedActivity setFocusedActivity isAttached=true TaskRecord{39a941ad0 #649 A=com.GeekTechnique.InfinityStack U=0 StackId=1 sz=2}
01-14 22:20:57.917  3757  4473 D InputDispatcher: Focused application set to: xxxx
01-14 22:20:57.918  3757  4473 D ActivityManager: resumeTopActivityInnerLocked() : #1 prevTask=TaskRecord{39a941ad0 #649 A=com.GeekTechnique.InfinityStack U=0 StackId=1 sz=2} next=ActivityRecord{7ce7928d0 u0 com.GeekTechnique.InfinityStack/com.epicgames.ue4.GameActivity t649} mFocusedStack=ActivityStack{e83cb46d0 stackId=1, 3 tasks}
01-14 22:20:57.922  3757  5062 W MultiScreenManagerService: moveTaskBackToDisplayIfNeeded(): The task has more than one activity
01-14 22:20:57.950  3757  4521 D MdnieScenarioControlService:  packageName : com.GeekTechnique.InfinityStack    className : com.epicgames.ue4.GameActivity
01-14 22:20:57.964  3757  7205 D ActivityManager: setAppIconInfo(), x : 0, y : 0, width : 0, height : 0, isHomeItem : false
01-14 22:20:57.964  3757  7205 D ActivityManager: resumeTopActivityInnerLocked() : #1 prevTask=null next=ActivityRecord{7ce7928d0 u0 com.GeekTechnique.InfinityStack/com.epicgames.ue4.GameActivity t649} mFocusedStack=ActivityStack{e83cb46d0 stackId=1, 3 tasks}
01-14 22:20:57.969  3757  7205 D CompatibilityInfo: mCompatibilityFlags - 0
01-14 22:20:57.969  3757  7205 D CompatibilityInfo: applicationDensity - 420
01-14 22:20:57.969  3757  7205 D CompatibilityInfo: applicationScale - 1.0
01-14 22:20:57.969  3757  7205 D GameManagerService: sem_perfomance_mode: 0
01-14 22:20:57.970  3757  3757 D GameManagerService: NotifyRunnable. pkg: com.GeekTechnique.InfinityStack, type: 4, isMinimized: false, isTunableApp: false
01-14 22:20:57.970  3757  3757 D GameManagerService: do nothing. mKillNotiCount: 3
01-14 22:20:57.974  3757  7205 D ActivityTrigger: ActivityTrigger activityPauseTrigger 
01-14 22:20:57.974  3757  7205 D GameManagerService: sem_perfomance_mode: 0
01-14 22:20:57.987  3757  9599 D GameManagerService: identifyGamePackage. com.GeekTechnique.InfinityStack
01-14 22:20:57.988  3757  9599 D GameManagerService: identifyGamePackage. com.GeekTechnique.InfinityStack
01-14 22:20:57.988 24925 24925 D OVRPlugin: JNI_OnLoad
01-14 22:20:58.047 24925 24925 D UE4     : Used memory before allocating anything was 51.10MB
01-14 22:20:58.056  3757  2858 D AudioService: getStreamVolume 3 index 130
01-14 22:20:58.090  3757  2859 D AudioService: getStreamVolume 3 index 130
01-14 22:20:58.251 24925 24925 D UE4     : In the JNI_OnLoad function
01-14 22:20:58.252 24925 24925 D UE4     : [JNI] - Failed to determine if app purchasing is enabled!
01-14 22:20:58.256 24925 24925 D UE4     : Path found as '/storage/emulated/0'
01-14 22:20:58.256 24925 24925 D UE4     : Font Path found as '/system/fonts/'
01-14 22:20:58.256 24925 24925 D UE4     : In the JNI_OnLoad function 5
01-14 22:20:58.259  3757  5063 D AudioService: getStreamVolume 3 index 130
01-14 22:20:58.286 24925 24925 V threaded_app: Creating: 0xdb87bb40
01-14 22:20:58.286 24925 24943 V threaded_app: Config: mcc=311 mnc=480 lang=en cnt=US orien=1 touch=3 dens=420 keys=1 nav=1 keysHid=3 navHid=0 sdk=24 size=2 long=2 modetype=1 modenight=1
01-14 22:20:58.286 24925 24943 D UE4     : Entering native app glue main function
01-14 22:20:58.286 24925 24943 D UE4     : Created event thread
01-14 22:20:58.287 24925 24943 D UE4     : Entered AndroidMain()
01-14 22:20:58.287 24925 24944 D UE4     : Entering event processing thread engine entry point
01-14 22:20:58.287 24925 24944 D UE4     : Prepared looper for event thread
01-14 22:20:58.287 24925 24944 D UE4     : Passed callback initialization
01-14 22:20:58.287 24925 24944 D UE4     : Passed sensor initialization
01-14 22:20:58.289 24925 24943 D UE4     : Controller interface supported
01-14 22:20:58.290  3757  7202 W ServiceManager: Permission failure: com.samsung.permission.SSENSOR from uid=10389 pid=24925
01-14 22:20:58.291  3757  7202 D PermissionCache: checking com.samsung.permission.SSENSOR for uid=10389 => denied (532 us)
01-14 22:20:58.291  3757  7202 E SensorService: getSensorList a sensor (MAX86900) without holding its required permission: com.samsung.permission.SSENSOR
01-14 22:20:58.291  3757  7202 I SensorService: Skipped sensor MAX86900 because it requires permission com.samsung.permission.SSENSOR and app op -1
01-14 22:20:58.292  3757  7202 W ServiceManager: Permission failure: com.samsung.permission.HRM_EXT from uid=10389 pid=24925
01-14 22:20:58.292  3757  7202 D PermissionCache: checking com.samsung.permission.HRM_EXT for uid=10389 => denied (884 us)
01-14 22:20:58.293  3757  7202 E SensorService: getSensorList a sensor (HRM Ambient Light Canceling) without holding its required permission: com.samsung.permission.HRM_EXT
01-14 22:20:58.293  3757  7202 I SensorService: Skipped sensor HRM Ambient Light Canceling because it requires permission com.samsung.permission.HRM_EXT and app op -1
01-14 22:20:58.294  3757  5062 D AudioService: getStreamVolume 3 index 130
01-14 22:20:58.294  3757  7202 W ServiceManager: Permission failure: android.permission.BODY_SENSORS from uid=10389 pid=24925
01-14 22:20:58.294  3757  7202 E SensorService: getSensorList a sensor (HRMLED IR) without holding its required permission: android.permission.BODY_SENSORS
01-14 22:20:58.294  3757  7202 I SensorService: Skipped sensor HRMLED IR because it requires permission android.permission.BODY_SENSORS and app op 56
01-14 22:20:58.295  3757  7202 W ServiceManager: Permission failure: android.permission.BODY_SENSORS from uid=10389 pid=24925
01-14 22:20:58.295  3757  7202 E SensorService: getSensorList a sensor (HRMLED RED) without holding its required permission: android.permission.BODY_SENSORS
01-14 22:20:58.295  3757  7202 I SensorService: Skipped sensor HRMLED RED because it requires permission android.permission.BODY_SENSORS and app op 56
01-14 22:20:58.295  3757  7202 E SensorService: getSensorList a sensor (HRM Proximity detecting) without holding its required permission: com.samsung.permission.HRM_EXT
01-14 22:20:58.295  3757  7202 I SensorService: Skipped sensor HRM Proximity detecting because it requires permission com.samsung.permission.HRM_EXT and app op -1
01-14 22:20:58.296  3757  7202 E SensorService: getSensorList a sensor (HRM Sensor) without holding its required permission: com.samsung.permission.SSENSOR
01-14 22:20:58.296  3757  7202 I SensorService: Skipped sensor HRM Sensor because it requires permission com.samsung.permission.SSENSOR and app op -1
01-14 22:20:58.296  3757  7202 W ServiceManager: Permission failure: android.permission.BODY_SENSORS from uid=10389 pid=24925
01-14 22:20:58.296  3757  7202 E SensorService: getSensorList a sensor (HeartRate Sensor) without holding its required permission: android.permission.BODY_SENSORS
01-14 22:20:58.296  3757  7202 I SensorService: Skipped sensor HeartRate Sensor because it requires permission android.permission.BODY_SENSORS and app op 56
01-14 22:20:58.296  3757  7202 E SensorService: getSensorList a sensor (Sensor Diagnostic Monitor) without holding its required permission: com.samsung.permission.SSENSOR
01-14 22:20:58.296  3757  7202 I SensorService: Skipped sensor Sensor Diagnostic Monitor because it requires permission com.samsung.permission.SSENSOR and app op -1
01-14 22:20:58.344 24925 24925 D ViewRootImpl@c9e8dee[GameActivity]: ThreadedRenderer.create() translucent=false
01-14 22:20:58.346  3757  5902 D WindowManager: addWindow: android.view.IWindow$Stub$Proxy@b7f8c72 displayId=0
01-14 22:20:58.348  3757  5902 D InputTransport: Input channel constructed: fd=544
01-14 22:20:58.349  3757  5902 D InputTransport: Input channel constructed: fd=552
01-14 22:20:58.349  3757  5902 D WindowManager: openInputChannel mInputChannel: 9cd4540 com.GeekTechnique.InfinityStack/com.epicgames.ue4.GameActivity (server)
01-14 22:20:58.354  3757  5902 D InputTransport: Input channel destroyed: fd=552
01-14 22:20:58.355 24925 24925 D InputTransport: Input channel constructed: fd=67
01-14 22:20:58.355 24925 24925 D ViewRootImpl@c9e8dee[GameActivity]: setView = DecorView@2d5228f[GameActivity] touchMode=true
01-14 22:20:58.358 24925 24925 D UE4     : Target SDK is 26.  This may cause issues if permissions are denied by the user.
01-14 22:20:58.359 24925 24925 D PermissionFragment: Creating PlayGamesFragment
01-14 22:20:58.378  3757  6272 I ActivityManager: START u0 {act=android.content.pm.action.REQUEST_PERMISSIONS typ=null flg=0x0 cmp=ComponentInfo{com.google.android.packageinstaller/com.android.packageinstaller.permission.ui.GrantPermissionsActivity}} from uid 10389 on display 0
01-14 22:20:58.379  3757  6272 W ActivityManager: REQUEST_PERMISSIONS Action.
01-14 22:20:58.380  3757  6272 W ActivityManager: REQUEST_PERMISSIONS Action.
01-14 22:20:58.407  3757  6272 D ActivityManager: ActivityRecord() Constructor : multiScreenAttrs=MultiScreenAttrs{mDisplayId=0, mBaseDisplayId=0, mBaseActivity=false}
01-14 22:20:58.408  3757  6272 D ActivityManager: moveToFront() : reason=sourceStackToFront isAttached=true null
01-14 22:20:58.413  3757  6272 D ActivityTrigger: Activity is Triggerred in full screen 
01-14 22:20:58.415  3757  6272 D CompatibilityInfo: mCompatibilityFlags - 0
01-14 22:20:58.415  3757  6272 D CompatibilityInfo: applicationDensity - 420
01-14 22:20:58.415  3757  6272 D CompatibilityInfo: applicationScale - 1.0
01-14 22:20:58.416  3757  6272 D ActivityManager: moveToFront() : reason=startedActivity setFocusedActivity isAttached=true TaskRecord{39a941ad0 #649 A=com.GeekTechnique.InfinityStack U=0 StackId=1 sz=3}
01-14 22:20:58.420  3757  6272 D InputDispatcher: Focused application set to: xxxx
01-14 22:20:58.423  3757  6272 D ActivityManager: resumeTopActivityInnerLocked() : #1 prevTask=TaskRecord{39a941ad0 #649 A=com.GeekTechnique.InfinityStack U=0 StackId=1 sz=3} next=ActivityRecord{7002c79d0 u0 com.google.android.packageinstaller/com.android.packageinstaller.permission.ui.GrantPermissionsActivity t649} mFocusedStack=ActivityStack{e83cb46d0 stackId=1, 3 tasks}
01-14 22:20:58.436 24925 24925 D UE4     : Vulkan version: 1.0.3
01-14 22:20:58.436 24925 24925 D UE4     : Vulkan level: 1
01-14 22:20:58.441 24925 24925 D UE4     : Found DepthBufferPreference = 0
01-14 22:20:58.441 24925 24925 D UE4     : Found bPackageDataInsideApk = 0
01-14 22:20:58.442 24925 24925 D UE4     : Found ProjectName = StackerGame
01-14 22:20:58.442 24925 24925 D UE4     : Found AppType = 
01-14 22:20:58.442 24925 24925 D UE4     : Found bHasOBBFiles = 0
01-14 22:20:58.442 24925 24925 D UE4     : Found bVerifyOBBOnStartUp = false
01-14 22:20:58.442 24925 24925 D UE4     : UI hiding set to false
01-14 22:20:58.442 24925 24925 D UE4     : BuildConfiguration set to Development
01-14 22:20:58.443 24925 24925 D UE4     : UseExternalFilesDir set to false
01-14 22:20:58.443 24925 24925 D UE4     : AllowIMU set to true
01-14 22:20:58.443 24925 24925 D UE4     : SupportsVulkan set to false
01-14 22:20:58.443 24925 24925 D UE4     : No GearVR mode detected.
01-14 22:20:58.462  3757  7205 D AudioService: getStreamVolume 3 index 130
01-14 22:20:58.475  3757  3774 W ActivityManager: Activity pause timeout for ActivityRecord{7ce7928d0 u0 com.GeekTechnique.InfinityStack/com.epicgames.ue4.GameActivity t649}
01-14 22:20:58.476  3757  3774 D ActivityManager: resumeTopActivityInnerLocked() : #1 prevTask=null next=ActivityRecord{7002c79d0 u0 com.google.android.packageinstaller/com.android.packageinstaller.permission.ui.GrantPermissionsActivity t649} mFocusedStack=ActivityStack{e83cb46d0 stackId=1, 3 tasks}
01-14 22:20:58.477  3757  3774 D ActivityManager: applyOptionsLocked(), pendingOptions : null
01-14 22:20:58.478  3757  3774 D MountService: getExternalStorageMountMode : 2
01-14 22:20:58.478  3757  3774 D MountService: getExternalStorageMountMode : 3
01-14 22:20:58.478  3757  3774 D MountService: getExternalStorageMountMode : final mountMode=2, uid : 10028, packageName : com.google.android.packageinstaller
01-14 22:20:58.497  3757 10496 D AudioService: getStreamVolume 3 index 130
01-14 22:20:58.500 24947 24947 E Zygote  : v2
01-14 22:20:58.500 24947 24947 I libpersona: KNOX_SDCARD checking this for 10028
01-14 22:20:58.500 24947 24947 I libpersona: KNOX_SDCARD not a persona
01-14 22:20:58.501  3757  3774 I ActivityManager: Start proc 24947:com.google.android.packageinstaller/u0a28 for activity com.google.android.packageinstaller/com.android.packageinstaller.permission.ui.GrantPermissionsActivity
01-14 22:20:58.503  3757  3774 D ActivityTrigger: ActivityTrigger activityStopTrigger 
01-14 22:20:58.510 24947 24947 E Zygote  : accessInfo : 0
01-14 22:20:58.512 24947 24947 W SELinux : SELinux selinux_android_compute_policy_index : Policy Index[2],  Con:u:r:zygote:s0 RAM:SEPF_SECMOBILE_7.0_0009, [-1 -1 -1 -1 0 1]
01-14 22:20:58.513 24947 24947 I SELinux : SELinux: seapp_context_lookup: seinfo=untrusted, level=s0:c512,c768, pkgname=com.google.android.packageinstaller 
01-14 22:20:58.539 24925 24925 D libEGL  : loaded /vendor/lib/egl/libGLES_mali.so
01-14 22:20:58.550 24947 24947 D TimaKeyStoreProvider: TimaKeyStore is not enabled: cannot add TimaSignature Service and generateKeyPair Service
01-14 22:20:58.554  3757 32085 D CompatibilityInfo: mCompatibilityFlags - 0
01-14 22:20:58.554  3757 32085 D CompatibilityInfo: applicationDensity - 420
01-14 22:20:58.554  3757 32085 D CompatibilityInfo: applicationScale - 1.0
01-14 22:20:58.555  3757 32085 I ActivityManager: DSS on for com.google.android.packageinstaller and scale is 1.0
01-14 22:20:58.555 24925 24946 D UE4     : Used memory: 63072
01-14 22:20:58.556  3757 32085 D CompatibilityInfo: mCompatibilityFlags - 0
01-14 22:20:58.556  3757 32085 D CompatibilityInfo: applicationDensity - 420
01-14 22:20:58.556  3757 32085 D CompatibilityInfo: applicationScale - 1.0
01-14 22:20:58.573  3757 32085 D InputDispatcher: setInputDispatchMode: enabled=1, frozen=1
01-14 22:20:58.575  3215  3215 I SurfaceFlinger: id=11568 createSurf (1080x1920),2 flag=4, TcreenshotS
01-14 22:20:58.590 24925 24930 I art     : Compiler allocated 4MB to compile void com.epicgames.ue4.GameActivity.onCreate(android.os.Bundle)
01-14 22:20:58.593 24925 24925 D UE4     : Hardware: SAMSUNG Exynos7420
01-14 22:20:58.593 24925 24925 D UE4     : ro.hardware: samsungexynos7420
01-14 22:20:58.594 24925 24925 D UE4     : Memory: 3662 MB
01-14 22:20:58.596  3757 32085 D CompatibilityInfo: mCompatibilityFlags - 0
01-14 22:20:58.596  3757 32085 D CompatibilityInfo: applicationDensity - 420
01-14 22:20:58.597  3757 32085 D CompatibilityInfo: applicationScale - 1.0
01-14 22:20:58.598 24925 24930 I art     : Do partial code cache collection, code=13KB, data=31KB
01-14 22:20:58.598 24925 24930 I art     : After code cache collection, code=13KB, data=31KB
01-14 22:20:58.598 24925 24930 I art     : Increasing code cache capacity to 128KB
01-14 22:20:58.598  3757 32085 D GameManagerService: sem_perfomance_mode: 0
01-14 22:20:58.599  3757  3757 D GameManagerService: NotifyRunnable. pkg: com.google.android.packageinstaller, type: 4, isMinimized: false, isTunableApp: false
01-14 22:20:58.599  3757  3757 D GameManagerService: do nothing. mKillNotiCount: 3
01-14 22:20:58.599 24925 24925 D UE4     : UseAffinity: false
01-14 22:20:58.599 24925 24925 D UE4     : BigCoreMask: 0xffff
01-14 22:20:58.599 24925 24925 D UE4     : LittleCoreMask: 0x0
01-14 22:20:58.600 24925 24925 D UE4     : APK path: /data/app/com.GeekTechnique.InfinityStack-1/base.apk
01-14 22:20:58.600 24925 24925 D UE4     : OBB in APK: false
01-14 22:20:58.601  3757 32085 D ActivityTrigger: ActivityTrigger activityPauseTrigger 
01-14 22:20:58.601  3757 32085 D GameManagerService: sem_perfomance_mode: 0
01-14 22:20:58.604 24925 24925 D UE4     : InternalFilePath found as '/data/user/0/com.GeekTechnique.InfinityStack/files'
01-14 22:20:58.604 24925 24925 D UE4     : ExternalFilePath found as '/storage/emulated/0/Android/data/com.GeekTechnique.InfinityStack/files'
01-14 22:20:58.604 24925 24925 D UE4     : App is running in Portrait
01-14 22:20:58.605 24925 24925 D UE4     : Android version is 7.0
01-14 22:20:58.605 24925 24925 D UE4     : Android manufacturer is samsung
01-14 22:20:58.605 24925 24925 D UE4     : Android model is SM-N920V
01-14 22:20:58.605 24925 24925 D UE4     : Android build number is NRD90M.N920VVRS3CRH1
01-14 22:20:58.605 24925 24925 D UE4     : OS language is set to en_US
01-14 22:20:58.605 24925 24925 D UE4     : Debugger attached is false
01-14 22:20:58.606  6011 20825 D ForegroundUtils: could not check pending caller
01-14 22:20:58.609  3757  9599 D GamePkgDataHelper: getGamePkgData(). com.google.android.packageinstaller
01-14 22:20:58.609  3757  9599 D GameManagerService: identifyGamePackage. com.google.android.packageinstaller
01-14 22:20:58.615  3757  9599 D TelephonyManager: getAllCellInfo : Caller (PID / UID / TID): 3757 / 1000 / 9599
01-14 22:20:58.624  3757  9599 D GameManagerService: identifyGamePackage. com.google.android.packageinstaller
01-14 22:20:58.624  3757  9599 D GameManagerService: identifyGamePackage. com.google.android.packageinstaller
01-14 22:20:58.626 24947 24947 W System  : ClassLoader referenced unknown path: /system/priv-app/GooglePackageInstaller/lib/arm64
01-14 22:20:58.646 24925 24925 W PopupManager: You have not specified a View to use as content view for popups. Falling back to the Activity content view. Note that this may not work as expected in multi-screen environments
01-14 22:20:58.647 24925 24925 D UE4     : ==============> GameActive.onCreate complete!
01-14 22:20:58.649 24925 24925 V threaded_app: Start: 0xdb87bb40
01-14 22:20:58.649 24925 24944 V threaded_app: activityState=10
01-14 22:20:58.649 24925 24925 D UE4     : Creating console command broadcast listener
01-14 22:20:58.649 24925 24944 D UE4     : LogAndroidEvents: EnqueueAppEvent : 9, 0, tid = 24944
01-14 22:20:58.652 24925 24925 D UE4     : ==================================> Inside onStart function in GameActivity
01-14 22:20:58.655 24925 24925 V threaded_app: Resume: 0xdb87bb40
01-14 22:20:58.655 24925 24944 V threaded_app: activityState=11
01-14 22:20:58.655 24925 24944 D UE4     : Case APP_CMD_RESUME
01-14 22:20:58.655 24925 24944 D UE4     : LogAndroidEvents: EnqueueAppEvent : 7, 0, tid = 24944
01-14 22:20:58.655 24925 24925 D UE4     : ==============> [JAVA] AndroidThunkJava_KeepScreenOn(false) - Enabled screen saver
01-14 22:20:58.655 24925 24925 D UE4     : Registering sensor listeners
01-14 22:20:58.665  3757 32085 D AudioService: getStreamVolume 3 index 130
01-14 22:20:58.672 24925 24925 D SensorManager: registerListener :: 0, K6DS3TR Acceleration Sensor, 20000, 0,  
01-14 22:20:58.672  3757  7203 I Sensors : Mag old sensor_state 1, new sensor_state : 17 en : 1
01-14 22:20:58.680 24925 24925 D SensorManager: registerListener :: 1, AK09911C Magnetic field Sensor, 20000, 0,  
01-14 22:20:58.681  3757  3771 I Sensors : Gyro old sensor_state 17, new sensor_state : 19 en : 1
01-14 22:20:58.688 24925 24925 D SensorManager: registerListener :: 3, K6DS3TR Gyroscope Sensor, 20000, 0,  
01-14 22:20:58.688 24925 24925 D UE4     : App is running in Portrait
01-14 22:20:58.688 24925 24925 D UE4     : ==============> Resuming main init
01-14 22:20:58.695  3757  4332 E Sensors : AccSensor : Meta event
01-14 22:20:58.698 24925 24943 D UE4     : APK Commandline: ../../../StackerGame/StackerGame.uproject  /Game/Maps/StackMap -Messaging -SessionId=EEBBDFE54E17642C8EBB6197B24FEBD3 -SessionOwner="nope" -SessionName="Launch On Device" -iterative
01-14 22:20:58.699 24925 24943 D UE4     : Override Commandline: ../../../StackerGame/StackerGame.uproject  /Game/Maps/StackMap -Messaging -SessionId=EEBBDFE54E17642C8EBB6197B24FEBD3 -SessionOwner="nope" -SessionName="Launch On Device" -iterative
01-14 22:20:58.699 24925 24943 D UE4     : Final commandline: ../../../StackerGame/StackerGame.uproject  /Game/Maps/StackMap -Messaging -SessionId=EEBBDFE54E17642C8EBB6197B24FEBD3 -SessionOwner="nope" -SessionName="Launch On Device" -iterative
01-14 22:20:58.699 24925 24943 D UE4     : Created sync event
01-14 22:20:58.699 24925 24925 D UE4     : ==============> GameActive.onResume complete!
01-14 22:20:58.704  3757 29839 D AudioService: getStreamVolume 3 index 130
01-14 22:20:58.704 24925 24925 D ViewRootImpl@e972267[GameActivity]: ThreadedRenderer.create() translucent=true
01-14 22:20:58.707  3757  2859 D WindowManager: addWindow: android.view.IWindow$Stub$Proxy@3637d3b displayId=0
01-14 22:20:58.708  3757  2859 D InputTransport: Input channel constructed: fd=560
01-14 22:20:58.708  3757  2859 D InputTransport: Input channel constructed: fd=562
01-14 22:20:58.708  3757  2859 D WindowManager: openInputChannel mInputChannel: 655f1b1 com.GeekTechnique.InfinityStack/com.epicgames.ue4.GameActivity (server)
01-14 22:20:58.709  3757  2859 D InputTransport: Input channel destroyed: fd=562
01-14 22:20:58.710 24925 24925 D InputTransport: Input channel constructed: fd=73
01-14 22:20:58.710 24925 24925 V threaded_app: InputQueueCreated: 0xdb87bb40 -- 0xdb87ca40
01-14 22:20:58.711 24925 24944 V threaded_app: APP_CMD_INPUT_CHANGED
01-14 22:20:58.711 24925 24944 V threaded_app: Attaching input queue to looper
01-14 22:20:58.711 24925 24925 D ViewRootImpl@e972267[GameActivity]: setView = DecorView@57f3814[GameActivity] touchMode=true
01-14 22:20:58.712  3757 29842 D ActivityManager: post active user change for 0 fullscreen true isHomeActivity() false
01-14 22:20:58.713  3757 29842 D KnoxTimeoutHandler: postActiveUserChange [MsgParam] userId: 0 fullscreen is true showWhenlocked is false isMutiwindowRecord is false multiwindowstyle is 0
01-14 22:20:58.713  3757  3757 D KnoxTimeoutHandler: handleActiveUserChange [MsgParam] userId: 0 fullscreen is true showWhenlocked is false isMutiwindowRecord is false multiwindowstyle is 0
01-14 22:20:58.714 24925 24925 V threaded_app: Pause: 0xdb87bb40
01-14 22:20:58.714 24925 24944 V threaded_app: activityState=13
01-14 22:20:58.715 24925 24944 D UE4     : Case APP_CMD_PAUSE
01-14 22:20:58.715 24925 24944 D UE4     : LogAndroidEvents: EnqueueAppEvent : 6, 0, tid = 24944
01-14 22:20:58.715 24925 24925 D UE4     : Unregistering sensor listeners
01-14 22:20:58.715  3757  3757 I KnoxTimeoutHandler: Shared devices show user statefalse
01-14 22:20:58.723  3757  4440 I Sensors : Mag old sensor_state 19, new sensor_state : 3 en : 0
01-14 22:20:58.732  3757 31269 I Sensors : Gyro old sensor_state 3, new sensor_state : 1 en : 0
01-14 22:20:58.740 24925 24925 D SensorManager: unregisterListener ::   
01-14 22:20:58.740 24925 24925 D UE4     : ==============> GameActive.onPause complete!
01-14 22:20:58.742  3757  4521 D MdnieScenarioControlService:  packageName : com.google.android.packageinstaller    className : com.android.packageinstaller.permission.ui.GrantPermissionsActivity
01-14 22:20:58.745 24925 24925 D ViewRootImpl@c9e8dee[GameActivity]: dispatchAttachedToWindow
01-14 22:20:58.745  3757  7205 D ActivityManager: resumeTopActivityInnerLocked() : #1 prevTask=null next=ActivityRecord{7002c79d0 u0 com.google.android.packageinstaller/com.android.packageinstaller.permission.ui.GrantPermissionsActivity t649} mFocusedStack=ActivityStack{e83cb46d0 stackId=1, 3 tasks}
01-14 22:20:58.748  3757  4469 V WindowManager: Relayout Window{9cd4540d0 u0 com.GeekTechnique.InfinityStack/com.epicgames.ue4.GameActivity}: viewVisibility=0 req=1079x1856 WM.LayoutParams{(0,0)(fillxfill) gr=#11 sim=#120 ty=2 fl=#1810508 pfl=0x20000 wanim=0x1030001 vsysui=0x400 needsMenuKey=2 naviIconColor=0}
01-14 22:20:58.749  3215  3215 I SurfaceFlinger: id=11569 createSurf (1x1),1 flag=404, HameActivit
01-14 22:20:58.774 24925 24925 D ViewRootImpl@c9e8dee[GameActivity]: Relayout returned: oldFrame=[0,0][0,0] newFrame=[0,0][1080,1920] result=0x27 surface={isValid=true -1026945024} surfaceGenerationChanged=true
01-14 22:20:58.775 24925 24925 D ViewRootImpl@c9e8dee[GameActivity]: mHardwareRenderer.initialize() mSurface={isValid=true -1026945024} hwInitialized=true
01-14 22:20:58.778 24925 24945 I OpenGLRenderer: Initialized EGL, version 1.4
01-14 22:20:58.778 24925 24945 D OpenGLRenderer: Swap behavior 1
01-14 22:20:58.787 24925 24945 D mali_winsys: EGLint new_window_surface(egl_winsys_display*, void*, EGLSurface, EGLConfig, egl_winsys_surface**, egl_color_buffer_format*, EGLBoolean) returns 0x3000,  [1080x1920]-format:1
01-14 22:20:58.795 24925 24925 D ViewRootImpl@e972267[GameActivity]: dispatchAttachedToWindow
01-14 22:20:58.797  3757 32085 V WindowManager: Relayout Window{655f1b1d0 u0 com.GeekTechnique.InfinityStack/com.epicgames.ue4.GameActivity}: viewVisibility=0 req=1079x1856 WM.LayoutParams{(0,0)(fillxfill) sim=#10 ty=1 fl=#1810500 pfl=0x20000 fmt=1 wanim=0x1030001 vsysui=0x400 needsMenuKey=2 naviIconColor=0}
01-14 22:20:58.799  3215  3215 I SurfaceFlinger: id=11570 createSurf (1080x1920),1 flag=4, HameActivit
01-14 22:20:58.809 24925 24925 D ViewRootImpl@e972267[GameActivity]: Relayout returned: oldFrame=[0,0][0,0] newFrame=[0,0][1080,1920] result=0x7 surface={isValid=true -1026942976} surfaceGenerationChanged=true
01-14 22:20:58.810  3757  3793 V WindowManager: Now policy hidden: Window{655f1b1d0 u0 com.GeekTechnique.InfinityStack/com.epicgames.ue4.GameActivity}
01-14 22:20:58.810 24925 24925 D ViewRootImpl@e972267[GameActivity]: mHardwareRenderer.initialize() mSurface={isValid=true -1026942976} hwInitialized=true
01-14 22:20:58.812 24925 24945 D mali_winsys: EGLint new_window_surface(egl_winsys_display*, void*, EGLSurface, EGLConfig, egl_winsys_surface**, egl_color_buffer_format*, EGLBoolean) returns 0x3000,  [1080x1920]-format:1
01-14 22:20:58.812  3757 31270 W MultiScreenManagerService: moveTaskBackToDisplayIfNeeded(): The task has more than one activity
01-14 22:20:58.817 24925 24930 I art     : Do partial code cache collection, code=14KB, data=32KB
01-14 22:20:58.817 24925 24930 I art     : After code cache collection, code=14KB, data=32KB
01-14 22:20:58.817 24925 24930 I art     : Increasing code cache capacity to 256KB
01-14 22:20:58.817  3757 29838 D WindowManager: addWindow: android.view.IWindow$Stub$Proxy@482b217 displayId=0
01-14 22:20:58.817  3757 31270 D ActivityManager: moveToFront() : reason=finishActivity adjustFocus setFocusedActivity isAttached=true TaskRecord{39a941ad0 #649 A=com.GeekTechnique.InfinityStack U=0 StackId=1 sz=2}
01-14 22:20:58.821 24925 24930 I art     : Compiler allocated 7MB to compile boolean com.epicgames.ue4.GameActivity.processSystemInfo(java.lang.String, java.lang.String)
01-14 22:20:58.824  3757 31270 D InputDispatcher: Focused application set to: xxxx
01-14 22:20:58.825  3757  7206 V WindowManager: Relayout Window{d26f7edd0 u0 SurfaceView - com.GeekTechnique.InfinityStack/com.epicgames.ue4.GameActivity}: viewVisibility=0 req=1080x1920 WM.LayoutParams{(0,0)(1080x1920) gr=#800033 ty=1001 fl=#4218 pfl=0x10040 fmt=4 naviIconColor=0}
01-14 22:20:58.826  3215  3215 I SurfaceFlinger: id=11571 createSurf (1080x1920),4 flag=404, HameActivit
01-14 22:20:58.827  3757  9599 D GamePkgDataHelper: getGamePkgData(). com.GeekTechnique.InfinityStack
01-14 22:20:58.827  3757  9599 D GameManagerService: identifyGamePackage. com.GeekTechnique.InfinityStack
01-14 22:20:58.828  3757  9599 D GameManagerService: identifyGamePackage. com.GeekTechnique.InfinityStack
01-14 22:20:58.829  3215  3215 I SurfaceFlinger: id=11572 createSurf (1080x1920),-1 flag=20404, HameActivit
01-14 22:20:58.835  3757  9599 D GameManagerService: identifyGamePackage. com.GeekTechnique.InfinityStack
01-14 22:20:58.836  3757  9599 D GameManagerService: identifyGamePackage. com.GeekTechnique.InfinityStack
01-14 22:20:58.840  3757  2859 D ActivityManager: resumeTopActivityInnerLocked() : #1 prevTask=null next=ActivityRecord{7ce7928d0 u0 com.GeekTechnique.InfinityStack/com.epicgames.ue4.GameActivity t649} mFocusedStack=ActivityStack{e83cb46d0 stackId=1, 3 tasks}
01-14 22:20:58.840  3757  3793 V WindowManager: Now policy hidden: Window{d26f7edd0 u0 SurfaceView - com.GeekTechnique.InfinityStack/com.epicgames.ue4.GameActivity}
01-14 22:20:58.841 24925 24925 D SurfaceView: Relayout returned: oldFrame=[0,0][0,0] newFrame=[0,0][1080,1920] result=0x7 surface={Surface(name=null)/@0x921c180 isValid=true -1026891776}
01-14 22:20:58.841 24925 24925 V threaded_app: NativeWindowCreated: 0xdb87bb40 -- 0xc2cae008
01-14 22:20:58.841 24925 24944 V threaded_app: APP_CMD_INIT_WINDOW
01-14 22:20:58.841 24925 24944 D UE4     : Case APP_CMD_INIT_WINDOW
01-14 22:20:58.842  3757  2859 D ActivityManager: applyOptionsLocked(), pendingOptions : null
01-14 22:20:58.843 24925 24944 D UE4     : LogAndroidEvents: EnqueueAppEvent : 0, 3268075528, tid = 24944
01-14 22:20:58.848  3757  7201 D WindowManager: finishDrawingWindow: Window{d26f7edd0 u0 SurfaceView - com.GeekTechnique.InfinityStack/com.epicgames.ue4.GameActivity} mDrawState=DRAW_PENDING
01-14 22:20:58.862 24925 24925 V threaded_app: SaveInstanceState: 0xdb87bb40
01-14 22:20:58.863 24925 24944 D UE4     : LogAndroidEvents: EnqueueAppEvent : 12, 0, tid = 24944
01-14 22:20:58.863 24925 24944 V threaded_app: APP_CMD_SAVE_STATE
01-14 22:20:58.864 24925 24925 V threaded_app: Stop: 0xdb87bb40
01-14 22:20:58.864 24925 24944 V threaded_app: activityState=14
01-14 22:20:58.865 24925 24944 D UE4     : LogAndroidEvents: EnqueueAppEvent : 8, 0, tid = 24944
01-14 22:20:58.872  3757  2859 D ActivityTrigger: ActivityTrigger activityPauseTrigger 
01-14 22:20:58.873  3757  2859 D GameManagerService: sem_perfomance_mode: 0
01-14 22:20:58.873  3757 10496 D AudioService: getStreamVolume 3 index 130
01-14 22:20:58.877  3757  2859 D GameManagerService: sem_perfomance_mode: 0
01-14 22:20:58.877  3757  3757 D GameManagerService: NotifyRunnable. pkg: com.GeekTechnique.InfinityStack, type: 4, isMinimized: false, isTunableApp: false
01-14 22:20:58.877  3757  3757 D GameManagerService: do nothing. mKillNotiCount: 3
01-14 22:20:58.892  3757  3774 I ActivityManager: Killing 24162:com.sec.enterprise.knox.cloudmdm.smdms/u0a178 (adj 906): DHA:empty #31
01-14 22:20:58.901 24925 24925 D UE4     : ==============> GameActive.onStop complete!
01-14 22:20:58.902  6011  6027 D ForegroundUtils: could not check pending caller
01-14 22:20:58.904 24925 24925 D ViewRootImpl@c9e8dee[GameActivity]: MSG_RESIZED_REPORT: ci=Rect(0, 0 - 0, 0) vi=Rect(0, 63 - 0, 0) or=1
01-14 22:20:58.909  3757  4469 D AudioService: getStreamVolume 3 index 130
01-14 22:20:58.911  3757  2858 D ActivityManager: cleanUpApplicationRecord -- 24162
01-14 22:20:58.915  6011  6033 D ForegroundUtils: could not check pending caller
01-14 22:20:58.916  3757  7205 D ActivityManager: resumeTopActivityInnerLocked() : #1 prevTask=null next=ActivityRecord{7ce7928d0 u0 com.GeekTechnique.InfinityStack/com.epicgames.ue4.GameActivity t649} mFocusedStack=ActivityStack{e83cb46d0 stackId=1, 3 tasks}
01-14 22:20:58.993  3757  5902 D WindowManager: finishDrawingWindow: Window{9cd4540d0 u0 com.GeekTechnique.InfinityStack/com.epicgames.ue4.GameActivity} mDrawState=DRAW_PENDING
01-14 22:20:58.999  3757  3793 I WindowManager: Screen frozen for +441ms due to Window{8fc7025d0 u0 StatusBar}
01-14 22:20:59.001  3215  3215 I SurfaceFlinger: id=11573 createSurf (2160x1920),-1 flag=20004, ClackSurfac
01-14 22:20:59.004  3215  3215 I SurfaceFlinger: id=11574 createSurf (1080x3840),-1 flag=20004, ClackSurfac
01-14 22:20:59.006  3215  3215 I SurfaceFlinger: id=11575 createSurf (2160x1920),-1 flag=20004, ClackSurfac
01-14 22:20:59.009  3215  3215 I SurfaceFlinger: id=11576 createSurf (1080x3840),-1 flag=20004, ClackSurfac
01-14 22:20:59.011  3757  3793 D InputDispatcher: setInputDispatchMode: enabled=1, frozen=0
01-14 22:20:59.017  3757  7216 V WindowManager: Relayout Window{655f1b1d0 u0 com.GeekTechnique.InfinityStack/com.epicgames.ue4.GameActivity}: viewVisibility=0 req=1080x1920 WM.LayoutParams{(0,0)(fillxfill) sim=#10 ty=1 fl=#1810500 pfl=0x20000 fmt=1 wanim=0x1030001 vsysui=0x400 needsMenuKey=2 naviIconColor=0}
01-14 22:20:59.022 24925 24925 D ViewRootImpl@e972267[GameActivity]: Relayout returned: oldFrame=[0,0][1080,1920] newFrame=[0,0][1080,1920] result=0x3 surface={isValid=true -1026942976} surfaceGenerationChanged=false
01-14 22:20:59.024  3757  7206 V WindowManager: Relayout Window{d26f7edd0 u0 SurfaceView - com.GeekTechnique.InfinityStack/com.epicgames.ue4.GameActivity}: viewVisibility=0 req=1080x1920 WM.LayoutParams{(0,0)(1080x1920) gr=#800033 ty=1001 fl=#4218 pfl=0x10040 fmt=4 naviIconColor=0}
01-14 22:20:59.029 24925 24925 D SurfaceView: Relayout returned: oldFrame=[0,0][1080,1920] newFrame=[0,0][1080,1920] result=0x3 surface={Surface(name=null)/@0x921c180 isValid=true -1026889728}
01-14 22:20:59.031  3757  7201 D WindowManager: finishDrawingWindow: Window{d26f7edd0 u0 SurfaceView - com.GeekTechnique.InfinityStack/com.epicgames.ue4.GameActivity} mDrawState=READY_TO_SHOW
01-14 22:20:59.034  3757  4521 D MdnieScenarioControlService:  packageName : com.GeekTechnique.InfinityStack    className : com.epicgames.ue4.GameActivity
01-14 22:20:59.036  3215  3266 I Layer   : [com.GeekTechnique.InfinityStack/com.epicgames.ue4.GameActivity] addSyncPoint start
01-14 22:20:59.036  3215  3266 I Layer   : [com.GeekTechnique.InfinityStack/com.epicgames.ue4.GameActivity] addSyncPoint end
01-14 22:20:59.036  3215  3266 I Layer   : [com.GeekTechnique.InfinityStack/com.epicgames.ue4.GameActivity] addSyncPoint start
01-14 22:20:59.036  3215  3266 I Layer   : [com.GeekTechnique.InfinityStack/com.epicgames.ue4.GameActivity] addSyncPoint end
01-14 22:20:59.037  3215  4549 I Layer   : [com.GeekTechnique.InfinityStack/com.epicgames.ue4.GameActivity] addSyncPoint start
01-14 22:20:59.037  3215  4549 I Layer   : [com.GeekTechnique.InfinityStack/com.epicgames.ue4.GameActivity] addSyncPoint end
01-14 22:20:59.037  3215  4549 I Layer   : [com.GeekTechnique.InfinityStack/com.epicgames.ue4.GameActivity] addSyncPoint start
01-14 22:20:59.037  3215  4549 I Layer   : [com.GeekTechnique.InfinityStack/com.epicgames.ue4.GameActivity] addSyncPoint end
01-14 22:20:59.055 24925 24943 D UE4     : EGL Extensions: 
01-14 22:20:59.055 24925 24943 D UE4     : EGL_KHR_get_all_proc_addresses EGL_ANDROID_presentation_time EGL_KHR_swap_buffers_with_damage EGL_ANDROID_create_native_client_buffer EGL_ANDROID_front_buffer_auto_refresh EGL_KHR_image EGL_KHR_image_base EGL_KHR_gl_texture_2D_image EGL_KHR_gl_texture_cubemap_image EGL_KHR_gl_renderbuffer_image EGL_KHR_fence_sync EGL_KHR_create_context EGL_KHR_config_attribs EGL_KHR_surfaceless_context EGL_EXT_create_context_robustness EGL_ANDROID_image_native_buffer EGL_KHR_wait_sync EGL_ANDROID_recordable EGL_KHR_partial_update EGL_KHR_mutable_render_buffer EGL_EXT_protected_content 
01-14 22:20:59.058 24925 24943 D UE4     : FAndroidGPUInfo
01-14 22:20:59.058 24925 24943 D UE4     : AndroidEGL::InitSurface 1, 1
01-14 22:20:59.059 24925 24943 D mali_winsys: EGLint new_window_surface(egl_winsys_display*, void*, EGLSurface, EGLConfig, egl_winsys_surface**, egl_color_buffer_format*, EGLBoolean) returns 0x3000,  [8x8]-format:2
01-14 22:20:59.059 24925 24943 D UE4     : AndroidEGL::CreateEGLSurface() 0xe181f2a8
01-14 22:20:59.059 24925 24943 D UE4     : AndroidEGL::CreateEGLSurface(1), auxSurface = eglCreatePbufferSurface(), 8x8
