01-17 17:24:13.864  3757  7201 D AudioService: getStreamVolume 3 index 120
01-17 17:24:13.925  3757  5062 D AudioService: getStreamVolume 3 index 120
01-17 17:24:14.067  3757  7205 D AudioService: getStreamVolume 3 index 120
01-17 17:24:14.090  3757  3771 D AudioService: getStreamVolume 3 index 120
01-17 17:24:14.128  3757 32085 D AudioService: getStreamVolume 3 index 120
01-17 17:24:14.271  3757 32084 D AudioService: getStreamVolume 3 index 120
01-17 17:24:14.330  3757  2859 D AudioService: getStreamVolume 3 index 120
01-17 17:24:14.472  3757  6272 D AudioService: getStreamVolume 3 index 120
01-17 17:24:14.532  3757  5902 D AudioService: getStreamVolume 3 index 120
01-17 17:24:14.674  3757  7216 D AudioService: getStreamVolume 3 index 120
01-17 17:24:14.737  3757 29838 D AudioService: getStreamVolume 3 index 120
01-17 17:24:14.876  3757  4473 D AudioService: getStreamVolume 3 index 120
01-17 17:24:14.940  3757  5901 D AudioService: getStreamVolume 3 index 120
01-17 17:24:14.982  3757  4458 D WifiStateMachine: Current network is: "wilkinson2.4" , ID is: 30
01-17 17:24:14.982  3757  4458 I WifiStateMachine: IMS calling, current network is always qualified
01-17 17:24:15.079  3757 29840 D AudioService: getStreamVolume 3 index 120
01-17 17:24:15.092  3757  7205 D AudioService: getStreamVolume 3 index 120
01-17 17:24:15.141  3757  7204 D AudioService: getStreamVolume 3 index 120
01-17 17:24:15.283  3757 10512 D AudioService: getStreamVolume 3 index 120
01-17 17:24:15.343  3757  7203 D AudioService: getStreamVolume 3 index 120
01-17 17:24:15.487  3757  7202 D AudioService: getStreamVolume 3 index 120
01-17 17:24:15.544  3757 10496 D AudioService: getStreamVolume 3 index 120
01-17 17:24:15.697  3757  4440 D AudioService: getStreamVolume 3 index 120
01-17 17:24:15.747  3757 32083 D AudioService: getStreamVolume 3 index 120
01-17 17:24:15.899  3757  7201 D AudioService: getStreamVolume 3 index 120
01-17 17:24:15.948  3757  5062 D AudioService: getStreamVolume 3 index 120
01-17 17:24:15.999  5689  5689 D io_stats: !@   8,0 r 4177068 124008528 w 3452738 76099396 d 524219 38114572 f 861654 861454 iot 5488990 3186336 th 61440 61440 43892 pt 10480 inp 0 0 307943.625
01-17 17:24:16.095  3757  5901 D AudioService: getStreamVolume 3 index 120
01-17 17:24:16.101  3757 29840 D AudioService: getStreamVolume 3 index 120
01-17 17:24:16.149  3757 32085 D AudioService: getStreamVolume 3 index 120
01-17 17:24:16.304  3757 32084 D AudioService: getStreamVolume 3 index 120
01-17 17:24:16.352  3757  2858 D AudioService: getStreamVolume 3 index 120
01-17 17:24:16.507  3757  6272 D AudioService: getStreamVolume 3 index 120
01-17 17:24:16.556  3757  7206 D AudioService: getStreamVolume 3 index 120
01-17 17:24:16.709  3757  7216 D AudioService: getStreamVolume 3 index 120
01-17 17:24:16.759  3757  4473 D AudioService: getStreamVolume 3 index 120
01-17 17:24:16.912  3757  4469 D AudioService: getStreamVolume 3 index 120
01-17 17:24:16.961  3757  5901 D AudioService: getStreamVolume 3 index 120
01-17 17:24:17.098  3757  3771 D AudioService: getStreamVolume 3 index 120
01-17 17:24:17.114  3757 32085 D AudioService: getStreamVolume 3 index 120
01-17 17:24:17.163  3757 32084 D AudioService: getStreamVolume 3 index 120
01-17 17:24:17.220 12625 12646 D UE4     : Used memory: 219468
01-17 17:24:17.317  3757  2858 D AudioService: getStreamVolume 3 index 120
01-17 17:24:17.366  3757 31270 D AudioService: getStreamVolume 3 index 120
01-17 17:24:17.520  3757  5902 D AudioService: getStreamVolume 3 index 120
01-17 17:24:17.568  3757  7206 D AudioService: getStreamVolume 3 index 120
01-17 17:24:17.677  4616  4823 D NetworkController.MobileSignalController(0/1): onSignalStrengthsChanged signalStrength=SignalStrength: 99 99 -120 -160 -120 -1 -1 19 -105 -12 42 2147483647 2147483647 0x3000 gsm|lte level=3
01-17 17:24:17.677  4616  4823 D NetworkController.MobileSignalController(0/1): getMobileIconGroup(): 13
01-17 17:24:17.678  4616  4823 D NetworkController.MobileSignalController(0/1): updateVZWMobileIconGroup(): 13
01-17 17:24:17.687  5035  5670 D EPDG -- [SMARTWIFI]: onSignalStrengthsChanged: Received signal strength change, phone type is: 2
01-17 17:24:17.687  5035  6446 D EPDG -- [SMARTWIFI]: lastLteRSRP is -107currentLteRSRP is -105
01-17 17:24:17.687  5035  6446 D EPDG -- [SMARTWIFI]: lastLteRSRQ is -12currentLteRSRQ is -12
01-17 17:24:17.687  5035  6446 D EPDG -- [SMARTWIFI]: lastCdmaDb is -16currentCdmaDb is -16
01-17 17:24:17.687  5035  6446 V EPDG -- [SMARTWIFI]: Radio oldest entry removed
01-17 17:24:17.688  5035  6446 V EPDG -- [SMARTWIFI]: New entry : (SignalStrength: 99 99 -120 -160 -120 -1 -1 19 -105 -12 42 2147483647 2147483647 0x3000 gsm|lte : 0 )
01-17 17:24:17.688  5035  6446 V EPDG -- [SMARTWIFI]: Radio entry added
01-17 17:24:17.693  4616  4823 D NetworkController.MobileSignalController(0/1): callState:0, callStateByPhone:false voLTECall:false voiceNetTpe:13 dataNetType:13, ine911:false, emergencyCallbackMode:false
01-17 17:24:17.722  3757  3771 D AudioService: getStreamVolume 3 index 120
01-17 17:24:17.770  3757 32085 D AudioService: getStreamVolume 3 index 120
01-17 17:24:17.927  3757 32084 D AudioService: getStreamVolume 3 index 120
01-17 17:24:17.972  3757 10512 D AudioService: getStreamVolume 3 index 120
01-17 17:24:18.005  3757  4458 D WifiStateMachine: Current network is: "wilkinson2.4" , ID is: 30
01-17 17:24:18.005  3757  4458 I WifiStateMachine: IMS calling, current network is always qualified
01-17 17:24:18.100  3757  2859 D AudioService: getStreamVolume 3 index 120
01-17 17:24:18.131  3757 31270 D AudioService: getStreamVolume 3 index 120
01-17 17:24:18.175  3757 29842 D AudioService: getStreamVolume 3 index 120
01-17 17:24:18.333  3757  5902 D AudioService: getStreamVolume 3 index 120
01-17 17:24:18.379  3757  7206 D AudioService: getStreamVolume 3 index 120
01-17 17:24:18.417  3757  9599 D SSRM:t  : SIOP:: AP = 430, PST = 417 (W:14), CP = 280, CUR = 553, LCD = 110
01-17 17:24:18.419  3757  9599 D ConnectivityService: filterNetworkStateForUid() uid: 1000 networkInfo: [type: WIFI[] - WIFI, state: CONNECTED/CONNECTED, reason: (unspecified), extra: "wilkinson2.4", failover: false, available: true, roaming: false, metered: false]
01-17 17:24:18.537  3757  4440 D AudioService: getStreamVolume 3 index 120
01-17 17:24:18.580  3757  4469 D AudioService: getStreamVolume 3 index 120
01-17 17:24:18.734  3757  4354 D SamsungAlarmManager: Expired : 8
01-17 17:24:18.737  3757  4354 V SamsungAlarmManager: Sending to uid : 10059 action=null alarm=Alarm{85b04bb type 3 when 964505015 com.asurion.android.verizon.vms}
01-17 17:24:18.743  3757 29840 D AudioService: getStreamVolume 3 index 120
01-17 17:24:18.751  3757  4354 D CompatibilityInfo: mCompatibilityFlags - 0
01-17 17:24:18.751  3757  4354 D CompatibilityInfo: applicationDensity - 420
01-17 17:24:18.751  3757  4354 D CompatibilityInfo: applicationScale - 1.0
01-17 17:24:18.782  3757  7205 D AudioService: getStreamVolume 3 index 120
01-17 17:24:18.788  3757  4482 D SamsungAlarmManager: setExact Intent (T:3/F:5/AC:false) 20190117T172423 - CU:10059/CP:9342
01-17 17:24:18.790  3757  4482 I SamsungAlarmManager: setLocked to kernel - T:3 / 20190117T172423, SetElapsed=964510050, nowELAPSED=964505071
01-17 17:24:18.852  4616  4823 D NetworkController.MobileSignalController(0/1): onSignalStrengthsChanged signalStrength=SignalStrength: 99 99 -120 -160 -120 -1 -1 19 -106 -12 36 2147483647 2147483647 0x3000 gsm|lte level=3
01-17 17:24:18.852  4616  4823 D NetworkController.MobileSignalController(0/1): getMobileIconGroup(): 13
01-17 17:24:18.852  4616  4823 D NetworkController.MobileSignalController(0/1): updateVZWMobileIconGroup(): 13
01-17 17:24:18.859  5035  5670 D EPDG -- [SMARTWIFI]: onSignalStrengthsChanged: Received signal strength change, phone type is: 2
01-17 17:24:18.859  5035  6446 D EPDG -- [SMARTWIFI]: lastLteRSRP is -105currentLteRSRP is -106
01-17 17:24:18.860  5035  6446 D EPDG -- [SMARTWIFI]: lastLteRSRQ is -12currentLteRSRQ is -12
01-17 17:24:18.860  5035  6446 D EPDG -- [SMARTWIFI]: lastCdmaDb is -16currentCdmaDb is -16
01-17 17:24:18.860  5035  6446 V EPDG -- [SMARTWIFI]: Radio oldest entry removed
01-17 17:24:18.860  4616  4823 D NetworkController.MobileSignalController(0/1): callState:0, callStateByPhone:false voLTECall:false voiceNetTpe:13 dataNetType:13, ine911:false, emergencyCallbackMode:false
01-17 17:24:18.860  5035  6446 V EPDG -- [SMARTWIFI]: New entry : (SignalStrength: 99 99 -120 -160 -120 -1 -1 19 -106 -12 36 2147483647 2147483647 0x3000 gsm|lte : 0 )
01-17 17:24:18.860  5035  6446 V EPDG -- [SMARTWIFI]: Radio entry added
01-17 17:24:18.946  3757  5063 D AudioService: getStreamVolume 3 index 120
01-17 17:24:18.984  3757 10496 D AudioService: getStreamVolume 3 index 120
01-17 17:24:19.102  3757  7206 D AudioService: getStreamVolume 3 index 120
01-17 17:24:19.147  3757 32083 D AudioService: getStreamVolume 3 index 120
01-17 17:24:19.186  3757  4473 D AudioService: getStreamVolume 3 index 120
01-17 17:24:19.349  3757 29840 D AudioService: getStreamVolume 3 index 120
01-17 17:24:19.388  3757 32084 D AudioService: getStreamVolume 3 index 120
01-17 17:24:19.552  3757 31270 D AudioService: getStreamVolume 3 index 120
01-17 17:24:19.590  3757 29842 D AudioService: getStreamVolume 3 index 120
01-17 17:24:19.755  3757  6272 D AudioService: getStreamVolume 3 index 120
01-17 17:24:19.792  3757  5902 D AudioService: getStreamVolume 3 index 120
01-17 17:24:19.958  3757 29838 D AudioService: getStreamVolume 3 index 120
01-17 17:24:19.993  3757  7216 D AudioService: getStreamVolume 3 index 120
01-17 17:24:20.104  3757  4440 D AudioService: getStreamVolume 3 index 120
01-17 17:24:20.159  3757  4469 D AudioService: getStreamVolume 3 index 120
01-17 17:24:20.197  3757  5901 D AudioService: getStreamVolume 3 index 120
01-17 17:24:20.361  3757  7204 D AudioService: getStreamVolume 3 index 120
01-17 17:24:20.399  3757 32084 D AudioService: getStreamVolume 3 index 120
01-17 17:24:20.564  3757  2859 D AudioService: getStreamVolume 3 index 120
01-17 17:24:20.601  3757 29842 D AudioService: getStreamVolume 3 index 120
01-17 17:24:20.744  3757  7202 D BatteryService: !@BatteryListener : batteryPropertiesChanged!
01-17 17:24:20.745  3757  7202 D BatteryService: level:99, scale:100, status:2, health:2, present:true, voltage: 4290, temperature: 307, technology: Li-ion, AC powered:false, USB powered:true, POGO powered:false, Wireless powered:false, icon:17303694, invalid charger:0, maxChargingCurrent:0, maxChargingVoltage:0, chargeCounter:0
01-17 17:24:20.745  3757  7202 D BatteryService: online:6, current avg:438, charge type:1, power sharing:false, high voltage charger:false, capacity:280000, batterySWSelfDischarging:false, misc_event:0, current_now:487
01-17 17:24:20.745  3757  3757 D BatteryService: Sending ACTION_BATTERY_CHANGED.
01-17 17:24:20.755  3757  3757 V UiModeManager: updateLocked: null action, mDockState=0, category=null
01-17 17:24:20.755  3757  3757 D UiModeManager: updateConfigurationLocked: mDockState=0; mCarMode=false; mNightMode=1; uiMode=17
01-17 17:24:20.756  3757  3757 D GameManagerService: new battery level: 99
01-17 17:24:20.759  4616  4616 D KeyguardUpdateMonitor: received broadcast android.intent.action.BATTERY_CHANGED
01-17 17:24:20.759  4616  4616 D KeyguardUpdateMonitor: handleBatteryUpdate
01-17 17:24:20.763  4616  4616 D PowerUI : priorPlugType = 2 mPlugType =  2
01-17 17:24:20.766  4616  4616 D PowerUI.Notification: showChargingNotice oldChargingType : 1 currentChargingType : 1 oldChargingTime : 240000 mChargingTime : 330000
01-17 17:24:20.766  4616  4616 D PowerUI.Notification: showChargingNotification()
01-17 17:24:20.767  3757 29838 D AudioService: getStreamVolume 3 index 120
01-17 17:24:20.774  5024  5024 D PhoneApp: PhoneAppBroadcastReceiver onReceive android.intent.action.BATTERY_CHANGED
01-17 17:24:20.774  5024  5024 D TelephonyExtensionManager: lowBatterySound - isLowBatterySoundScheduled: false
01-17 17:24:20.774  5024  5024 D TelephonyExtensionManager: lowBatterySound - isPlayNow: false
01-17 17:24:20.775  5024  5024 D TelephonyExtensionManager: isSpeakerON - true
01-17 17:24:20.780  4561  4561 V HeadsetService: HeadsetService - Received Intent.ACTION_BATTERY_CHANGED
01-17 17:24:20.781  4561 15058 D HeadsetStateMachine: Disconnected process message: 10, size: 0
01-17 17:24:20.790  5024  5024 D TelephonyExtensionManager: lowBatterySound - batteryStatus: 2
01-17 17:24:20.790  5024  5024 D TelephonyExtensionManager: lowBatterySound - batteryLevel: 99
01-17 17:24:20.790  5024  5024 D TelephonyExtensionManager: lowBatterySound - cancel
01-17 17:24:20.791  3757  7204 D SamsungAlarmManager: Cancel Alarm calling from uid:1001 pid :5024 / op:PendingIntent{22b3197: PendingIntentRecord{1e8a511 com.android.phone broadcastIntent}}
01-17 17:24:20.792  5024  5024 D TelephonyExtension: Not stopping low battery tone
01-17 17:24:20.792  3757  3771 D ApplicationPolicy: isStatusBarNotificationAllowedAsUser: packageName = com.android.systemui,userId = -1
01-17 17:24:20.795  4616  4616 D BatteryMeterDrawable: isSomethingChanged - false
01-17 17:24:20.795  4616  4616 D BatteryMeterDrawable: isSomethingChanged - false
01-17 17:24:20.801  4616  4616 D Tile.FlashlightTile: ACTION_BATTERY_CHANGED - Level :: 99, emEnabled :: false
01-17 17:24:20.803  3757  7203 D AudioService: getStreamVolume 3 index 120
01-17 17:24:20.840  4616  4616 D KeyguardServiceBoxContainer: updateCMAS() hasCmasNotification = false, mHasCMAS = false
01-17 17:24:20.969  3757  7216 D AudioService: getStreamVolume 3 index 120
01-17 17:24:21.001  5689  5689 D io_stats: !@   8,0 r 4177068 124008528 w 3452745 76099456 d 524219 38114572 f 861683 861483 iot 5489060 3186342 th 61440 61440 43892 pt 10480 inp 0 0 307948.627
01-17 17:24:21.006  3757  4440 D AudioService: getStreamVolume 3 index 120
01-17 17:24:21.026  3757  4458 D WifiStateMachine: Current network is: "wilkinson2.4" , ID is: 30
01-17 17:24:21.026  3757  4458 I WifiStateMachine: IMS calling, current network is always qualified
01-17 17:24:21.107  3757  7201 D AudioService: getStreamVolume 3 index 120
01-17 17:24:21.172  3757 29840 D AudioService: getStreamVolume 3 index 120
01-17 17:24:21.216  3757  5901 D AudioService: getStreamVolume 3 index 120
01-17 17:24:21.375  3757  4482 D AudioService: getStreamVolume 3 index 120
01-17 17:24:21.419  3757  2859 D AudioService: getStreamVolume 3 index 120
01-17 17:24:21.579  3757  5902 D AudioService: getStreamVolume 3 index 120
01-17 17:24:21.621  3757  7206 D AudioService: getStreamVolume 3 index 120
01-17 17:24:21.781  3757  4440 D AudioService: getStreamVolume 3 index 120
01-17 17:24:21.822  3757 29841 D AudioService: getStreamVolume 3 index 120
01-17 17:24:21.984  3757  4473 D AudioService: getStreamVolume 3 index 120
01-17 17:24:22.024  3757  7204 D AudioService: getStreamVolume 3 index 120
01-17 17:24:22.109  3757  3771 D AudioService: getStreamVolume 3 index 120
01-17 17:24:22.184  3757  7205 D AudioService: getStreamVolume 3 index 120
01-17 17:24:22.227  3757  4482 D AudioService: getStreamVolume 3 index 120
01-17 17:24:22.387  3757 31270 D AudioService: getStreamVolume 3 index 120
01-17 17:24:22.429  3757  6272 D AudioService: getStreamVolume 3 index 120
01-17 17:24:22.590  3757 10496 D AudioService: getStreamVolume 3 index 120
01-17 17:24:22.634  3757 29839 D AudioService: getStreamVolume 3 index 120
01-17 17:24:22.793  3757 29838 D AudioService: getStreamVolume 3 index 120
01-17 17:24:22.836  3757  4469 D AudioService: getStreamVolume 3 index 120
01-17 17:24:22.996  3757 29840 D AudioService: getStreamVolume 3 index 120
01-17 17:24:23.039  3757  7204 D AudioService: getStreamVolume 3 index 120
01-17 17:24:23.111  3757  5062 D AudioService: getStreamVolume 3 index 120
01-17 17:24:23.198  3757 32085 D AudioService: getStreamVolume 3 index 120
01-17 17:24:23.241  3757 32084 D AudioService: getStreamVolume 3 index 120
01-17 17:24:23.399  3757  7203 D AudioService: getStreamVolume 3 index 120
01-17 17:24:23.441  3757  7202 D AudioService: getStreamVolume 3 index 120
01-17 17:24:23.602  3757  5902 D AudioService: getStreamVolume 3 index 120
01-17 17:24:23.645  3757  7206 D AudioService: getStreamVolume 3 index 120
01-17 17:24:23.769  3757  4354 D SamsungAlarmManager: Expired : 8
01-17 17:24:23.770  3757  4354 V SamsungAlarmManager: Sending to uid : 10059 action=null alarm=Alarm{74a4f84 type 3 when 964510050 com.asurion.android.verizon.vms}
01-17 17:24:23.778  3757  4354 D CompatibilityInfo: mCompatibilityFlags - 0
01-17 17:24:23.778  3757  4354 D CompatibilityInfo: applicationDensity - 420
01-17 17:24:23.778  3757  4354 D CompatibilityInfo: applicationScale - 1.0
01-17 17:24:23.804  3757  4440 D SamsungAlarmManager: setExact Intent (T:3/F:5/AC:false) 20190117T172428 - CU:10059/CP:9342
01-17 17:24:23.805  3757  4440 I SamsungAlarmManager: setLocked to kernel - T:3 / 20190117T172428, SetElapsed=964515075, nowELAPSED=964510085
01-17 17:24:23.806  3757 29841 D AudioService: getStreamVolume 3 index 120
01-17 17:24:23.847  3757  5901 D AudioService: getStreamVolume 3 index 120
01-17 17:24:24.008  3757 32085 D AudioService: getStreamVolume 3 index 120
01-17 17:24:24.044  3757  4458 D WifiStateMachine: Current network is: "wilkinson2.4" , ID is: 30
01-17 17:24:24.044  3757  4458 I WifiStateMachine: IMS calling, current network is always qualified
01-17 17:24:24.048  3757 32084 D AudioService: getStreamVolume 3 index 120
01-17 17:24:24.066  4616  4823 D NetworkController.MobileSignalController(0/1): onSignalStrengthsChanged signalStrength=SignalStrength: 99 99 -120 -160 -120 -1 -1 18 -107 -12 22 2147483647 2147483647 0x3000 gsm|lte level=3
01-17 17:24:24.066  4616  4823 D NetworkController.MobileSignalController(0/1): getMobileIconGroup(): 13
01-17 17:24:24.066  4616  4823 D NetworkController.MobileSignalController(0/1): updateVZWMobileIconGroup(): 13
01-17 17:24:24.073  5035  5670 D EPDG -- [SMARTWIFI]: onSignalStrengthsChanged: Received signal strength change, phone type is: 2
01-17 17:24:24.073  5035  6446 D EPDG -- [SMARTWIFI]: lastLteRSRP is -106currentLteRSRP is -107
01-17 17:24:24.073  5035  6446 D EPDG -- [SMARTWIFI]: lastLteRSRQ is -12currentLteRSRQ is -12
01-17 17:24:24.073  5035  6446 D EPDG -- [SMARTWIFI]: lastCdmaDb is -16currentCdmaDb is -16
01-17 17:24:24.073  5035  6446 V EPDG -- [SMARTWIFI]: Radio oldest entry removed
01-17 17:24:24.073  5035  6446 V EPDG -- [SMARTWIFI]: New entry : (SignalStrength: 99 99 -120 -160 -120 -1 -1 18 -107 -12 22 2147483647 2147483647 0x3000 gsm|lte : 0 )
01-17 17:24:24.073  5035  6446 V EPDG -- [SMARTWIFI]: Radio entry added
01-17 17:24:24.075  4616  4823 D NetworkController.MobileSignalController(0/1): callState:0, callStateByPhone:false voLTECall:false voiceNetTpe:13 dataNetType:13, ine911:false, emergencyCallbackMode:false
01-17 17:24:24.113  3757  3770 D AudioService: getStreamVolume 3 index 120
01-17 17:24:24.212  3757  6272 D AudioService: getStreamVolume 3 index 120
01-17 17:24:24.250  3757 10496 D AudioService: getStreamVolume 3 index 120
01-17 17:24:24.415  3757 29839 D AudioService: getStreamVolume 3 index 120
01-17 17:24:24.451  3757  4440 D AudioService: getStreamVolume 3 index 120
01-17 17:24:24.473  3232  3360 I reSIProcate: INFO | RESIP | StackThread.cxx:33 | StackThread start to process.
01-17 17:24:24.474  3232  3360 I reSIProcate: INFO | RESIP:TRANSACTION | TransactionState.cxx:885 | ProcessTimer: null state
01-17 17:24:24.474  3232  3360 I reSIProcate: INFO | RESIP | StackThread.cxx:31 | StackThread wait time to select:1767523084
01-17 17:24:24.618  3757  4473 D AudioService: getStreamVolume 3 index 120
01-17 17:24:24.653  3757  7204 D AudioService: getStreamVolume 3 index 120
01-17 17:24:24.820  3757  7205 D AudioService: getStreamVolume 3 index 120
01-17 17:24:24.856  3757  4482 D AudioService: getStreamVolume 3 index 120
01-17 17:24:25.023  3757  2858 D AudioService: getStreamVolume 3 index 120
01-17 17:24:25.057  3757 31270 D AudioService: getStreamVolume 3 index 120
01-17 17:24:25.114  3757  2859 D AudioService: getStreamVolume 3 index 120
01-17 17:24:25.227  3757  7202 D AudioService: getStreamVolume 3 index 120
01-17 17:24:25.259  3757  5063 D AudioService: getStreamVolume 3 index 120
01-17 17:24:25.429  3757  7206 D AudioService: getStreamVolume 3 index 120
01-17 17:24:25.461  3757 29841 D AudioService: getStreamVolume 3 index 120
01-17 17:24:25.632  3757 29840 D AudioService: getStreamVolume 3 index 120
01-17 17:24:25.663  3757  5901 D AudioService: getStreamVolume 3 index 120
01-17 17:24:25.834  3757 32085 D AudioService: getStreamVolume 3 index 120
01-17 17:24:25.866  3757 32084 D AudioService: getStreamVolume 3 index 120
01-17 17:24:26.003  5689  5689 D io_stats: !@   8,0 r 4177068 124008528 w 3452746 76099460 d 524219 38114572 f 861707 861507 iot 5489160 3186344 th 61440 61440 43892 pt 10480 inp 0 0 307953.629
01-17 17:24:26.035  3757  7203 D AudioService: getStreamVolume 3 index 120
01-17 17:24:26.069  3757  3770 D AudioService: getStreamVolume 3 index 120
01-17 17:24:26.118  3757 31269 D AudioService: getStreamVolume 3 index 120
01-17 17:24:26.238  3757 29842 D AudioService: getStreamVolume 3 index 120
01-17 17:24:26.276  3757  6272 D AudioService: getStreamVolume 3 index 120
01-17 17:24:26.440  3757 29839 D AudioService: getStreamVolume 3 index 120
01-17 17:24:26.478  3757  4440 D AudioService: getStreamVolume 3 index 120
01-17 17:24:26.630  4616  4823 D NetworkController.MobileSignalController(0/1): onSignalStrengthsChanged signalStrength=SignalStrength: 99 99 -120 -160 -120 -1 -1 18 -107 -12 14 2147483647 2147483647 0x2000 gsm|lte level=2
01-17 17:24:26.631  4616  4823 D NetworkController.MobileSignalController(0/1): getMobileIconGroup(): 13
01-17 17:24:26.631  4616  4823 D NetworkController.MobileSignalController(0/1): updateVZWMobileIconGroup(): 13
01-17 17:24:26.636  5035  5670 D EPDG -- [SMARTWIFI]: onSignalStrengthsChanged: Received signal strength change, phone type is: 2
01-17 17:24:26.637  5035  6446 D EPDG -- [SMARTWIFI]: lastLteRSRP is -107currentLteRSRP is -107
01-17 17:24:26.637  5035  6446 D EPDG -- [SMARTWIFI]: lastLteRSRQ is -12currentLteRSRQ is -12
01-17 17:24:26.637  5035  6446 D EPDG -- [SMARTWIFI]: lastCdmaDb is -16currentCdmaDb is -16
01-17 17:24:26.637  5035  6446 V EPDG -- [SMARTWIFI]: Radio oldest entry removed
01-17 17:24:26.637  5035  6446 V EPDG -- [SMARTWIFI]: New entry : (SignalStrength: 99 99 -120 -160 -120 -1 -1 18 -107 -12 14 2147483647 2147483647 0x2000 gsm|lte : 0 )
01-17 17:24:26.637  5035  6446 V EPDG -- [SMARTWIFI]: Radio entry added
01-17 17:24:26.644  3757  5062 D AudioService: getStreamVolume 3 index 120
01-17 17:24:26.645  4616  4823 D NetworkController.MobileSignalController(0/1): callState:0, callStateByPhone:false voLTECall:false voiceNetTpe:13 dataNetType:13, ine911:false, emergencyCallbackMode:false
01-17 17:24:26.679  3757 10512 D AudioService: getStreamVolume 3 index 120
01-17 17:24:26.847  3757  7203 D AudioService: getStreamVolume 3 index 120
01-17 17:24:26.881  3757  3770 D AudioService: getStreamVolume 3 index 120
01-17 17:24:27.050  3757  7202 D AudioService: getStreamVolume 3 index 120
01-17 17:24:27.060  3757  4458 D WifiStateMachine: Current network is: "wilkinson2.4" , ID is: 30
01-17 17:24:27.060  3757  4458 I WifiStateMachine: IMS calling, current network is always qualified
01-17 17:24:27.083  3757  5063 D AudioService: getStreamVolume 3 index 120
01-17 17:24:27.120  3757  5902 D AudioService: getStreamVolume 3 index 120
01-17 17:24:27.206 12625 12646 D UE4     : Used memory: 219536
01-17 17:24:27.252  3757  7206 D AudioService: getStreamVolume 3 index 120
01-17 17:24:27.286  3757  4469 D AudioService: getStreamVolume 3 index 120
01-17 17:24:27.455  3757  4473 D AudioService: getStreamVolume 3 index 120
01-17 17:24:27.488  3757  5062 D AudioService: getStreamVolume 3 index 120
01-17 17:24:27.657  3757  7203 D AudioService: getStreamVolume 3 index 120
01-17 17:24:27.690  3757  3770 D AudioService: getStreamVolume 3 index 120
01-17 17:24:27.859  3757  2859 D AudioService: getStreamVolume 3 index 120
01-17 17:24:27.892  3757 10496 D AudioService: getStreamVolume 3 index 120
01-17 17:24:28.061  3757  6272 D AudioService: getStreamVolume 3 index 120
01-17 17:24:28.093  3757  7206 D AudioService: getStreamVolume 3 index 120
01-17 17:24:28.123  3757  7216 D AudioService: getStreamVolume 3 index 120
01-17 17:24:28.264  3757  4440 D AudioService: getStreamVolume 3 index 120
01-17 17:24:28.296  3757  7201 D AudioService: getStreamVolume 3 index 120
01-17 17:24:28.439  3757  9599 D SSRM:t  : SIOP:: AP = 430, PST = 422 (W:14), CP = 280, CUR = 550, LCD = 110
01-17 17:24:28.442  3757  9599 D ConnectivityService: filterNetworkStateForUid() uid: 1000 networkInfo: [type: WIFI[] - WIFI, state: CONNECTED/CONNECTED, reason: (unspecified), extra: "wilkinson2.4", failover: false, available: true, roaming: false, metered: false]
01-17 17:24:28.467  3757  3771 D AudioService: getStreamVolume 3 index 120
01-17 17:24:28.497  3757  7205 D AudioService: getStreamVolume 3 index 120
01-17 17:24:28.671  3757  5902 D AudioService: getStreamVolume 3 index 120
01-17 17:24:28.698  3757 29841 D AudioService: getStreamVolume 3 index 120
01-17 17:24:28.794  3757  4354 D SamsungAlarmManager: Expired : 8
01-17 17:24:28.795  3757  4354 V SamsungAlarmManager: Sending to uid : 10059 action=null alarm=Alarm{eb41ba2 type 3 when 964515075 com.asurion.android.verizon.vms}
01-17 17:24:28.801  3757  4354 D CompatibilityInfo: mCompatibilityFlags - 0
01-17 17:24:28.801  3757  4354 D CompatibilityInfo: applicationDensity - 420
01-17 17:24:28.801  3757  4354 D CompatibilityInfo: applicationScale - 1.0
01-17 17:24:28.818  3757  5901 D SamsungAlarmManager: setExact Intent (T:3/F:5/AC:false) 20190117T172433 - CU:10059/CP:9342
01-17 17:24:28.819  3757  5901 I SamsungAlarmManager: setLocked to kernel - T:3 / 20190117T172433, SetElapsed=964520091, nowELAPSED=964515100
01-17 17:24:28.873  3757 32084 D AudioService: getStreamVolume 3 index 120
01-17 17:24:28.902  3757 10512 D AudioService: getStreamVolume 3 index 120
01-17 17:24:29.074  3757  7203 D AudioService: getStreamVolume 3 index 120
01-17 17:24:29.106  3757 31269 D AudioService: getStreamVolume 3 index 120
01-17 17:24:29.124  3757  7202 D AudioService: getStreamVolume 3 index 120
01-17 17:24:29.199  4616  4823 D NetworkController.MobileSignalController(0/1): onSignalStrengthsChanged signalStrength=SignalStrength: 99 99 -120 -160 -120 -1 -1 19 -106 -12 22 2147483647 2147483647 0x2000 gsm|lte level=2
01-17 17:24:29.199  4616  4823 D NetworkController.MobileSignalController(0/1): getMobileIconGroup(): 13
01-17 17:24:29.199  4616  4823 D NetworkController.MobileSignalController(0/1): updateVZWMobileIconGroup(): 13
01-17 17:24:29.205  5035  5670 D EPDG -- [SMARTWIFI]: onSignalStrengthsChanged: Received signal strength change, phone type is: 2
01-17 17:24:29.207  5035  6446 D EPDG -- [SMARTWIFI]: lastLteRSRP is -107currentLteRSRP is -106
01-17 17:24:29.207  5035  6446 D EPDG -- [SMARTWIFI]: lastLteRSRQ is -12currentLteRSRQ is -12
01-17 17:24:29.207  5035  6446 D EPDG -- [SMARTWIFI]: lastCdmaDb is -16currentCdmaDb is -16
01-17 17:24:29.207  5035  6446 V EPDG -- [SMARTWIFI]: Radio oldest entry removed
01-17 17:24:29.207  5035  6446 V EPDG -- [SMARTWIFI]: New entry : (SignalStrength: 99 99 -120 -160 -120 -1 -1 19 -106 -12 22 2147483647 2147483647 0x2000 gsm|lte : 0 )
01-17 17:24:29.207  5035  6446 V EPDG -- [SMARTWIFI]: Radio entry added
01-17 17:24:29.210  4616  4823 D NetworkController.MobileSignalController(0/1): callState:0, callStateByPhone:false voLTECall:false voiceNetTpe:13 dataNetType:13, ine911:false, emergencyCallbackMode:false
01-17 17:24:29.276  3757  7206 D AudioService: getStreamVolume 3 index 120
01-17 17:24:29.309  3757 32083 D AudioService: getStreamVolume 3 index 120
01-17 17:24:29.478  3757  7204 D AudioService: getStreamVolume 3 index 120
01-17 17:24:29.512  3757  5901 D AudioService: getStreamVolume 3 index 120
01-17 17:24:29.681  3757 32085 D AudioService: getStreamVolume 3 index 120
01-17 17:24:29.715  3757 32084 D AudioService: getStreamVolume 3 index 120
01-17 17:24:29.882  3757  7203 D AudioService: getStreamVolume 3 index 120
01-17 17:24:29.916  3757 31269 D AudioService: getStreamVolume 3 index 120
01-17 17:24:30.075  3757  4458 D WifiStateMachine: Current network is: "wilkinson2.4" , ID is: 30
01-17 17:24:30.075  3757  4458 I WifiStateMachine: IMS calling, current network is always qualified
01-17 17:24:30.084  3757 29842 D AudioService: getStreamVolume 3 index 120
01-17 17:24:30.118  3757  5063 D AudioService: getStreamVolume 3 index 120
01-17 17:24:30.127  3757  5902 D AudioService: getStreamVolume 3 index 120
01-17 17:24:30.286  3757 29839 D AudioService: getStreamVolume 3 index 120
01-17 17:24:30.320  3757  7216 D AudioService: getStreamVolume 3 index 120
01-17 17:24:30.487  3757  4473 D AudioService: getStreamVolume 3 index 120
01-17 17:24:30.523  3757  5062 D AudioService: getStreamVolume 3 index 120
01-17 17:24:30.689  3757  7205 D AudioService: getStreamVolume 3 index 120
01-17 17:24:30.728  3757  4482 D AudioService: getStreamVolume 3 index 120
01-17 17:24:30.801  3757 10512 D BatteryService: !@BatteryListener : batteryPropertiesChanged!
01-17 17:24:30.801  3757 10512 D BatteryService: level:99, scale:100, status:2, health:2, present:true, voltage: 4297, temperature: 307, technology: Li-ion, AC powered:false, USB powered:true, POGO powered:false, Wireless powered:false, icon:17303694, invalid charger:0, maxChargingCurrent:0, maxChargingVoltage:0, chargeCounter:0
01-17 17:24:30.802  3757 10512 D BatteryService: online:6, current avg:427, charge type:1, power sharing:false, high voltage charger:false, capacity:280000, batterySWSelfDischarging:false, misc_event:0, current_now:420
01-17 17:24:30.802  3757  3757 D BatteryService: Sending ACTION_BATTERY_CHANGED.
01-17 17:24:30.805  3757  3757 V UiModeManager: updateLocked: null action, mDockState=0, category=null
01-17 17:24:30.805  3757  3757 D UiModeManager: updateConfigurationLocked: mDockState=0; mCarMode=false; mNightMode=1; uiMode=17
01-17 17:24:30.807  3757  3757 D GameManagerService: new battery level: 99
01-17 17:24:30.810  4616  4616 D KeyguardUpdateMonitor: received broadcast android.intent.action.BATTERY_CHANGED
01-17 17:24:30.810  4616  4616 D KeyguardUpdateMonitor: handleBatteryUpdate
01-17 17:24:30.813  4616  4616 D PowerUI : priorPlugType = 2 mPlugType =  2
01-17 17:24:30.814  4616  4616 D PowerUI.Notification: showChargingNotice oldChargingType : 1 currentChargingType : 1 oldChargingTime : 330000 mChargingTime : 210000
01-17 17:24:30.814  4616  4616 D PowerUI.Notification: showChargingNotification()
01-17 17:24:30.818  5024  5024 D PhoneApp: PhoneAppBroadcastReceiver onReceive android.intent.action.BATTERY_CHANGED
01-17 17:24:30.818  5024  5024 D TelephonyExtensionManager: lowBatterySound - isLowBatterySoundScheduled: false
01-17 17:24:30.819  5024  5024 D TelephonyExtensionManager: lowBatterySound - isPlayNow: false
01-17 17:24:30.819  5024  5024 D TelephonyExtensionManager: isSpeakerON - true
01-17 17:24:30.825  4561  4561 V HeadsetService: HeadsetService - Received Intent.ACTION_BATTERY_CHANGED
01-17 17:24:30.825  4561 15058 D HeadsetStateMachine: Disconnected process message: 10, size: 0
01-17 17:24:30.832  5024  5024 D TelephonyExtensionManager: lowBatterySound - batteryStatus: 2
01-17 17:24:30.832  5024  5024 D TelephonyExtensionManager: lowBatterySound - batteryLevel: 99
01-17 17:24:30.832  5024  5024 D TelephonyExtensionManager: lowBatterySound - cancel
01-17 17:24:30.833  3757  6272 D SamsungAlarmManager: Cancel Alarm calling from uid:1001 pid :5024 / op:PendingIntent{4dedff0: PendingIntentRecord{1e8a511 com.android.phone broadcastIntent}}
01-17 17:24:30.834  3757  5902 D ApplicationPolicy: isStatusBarNotificationAllowedAsUser: packageName = com.android.systemui,userId = -1
01-17 17:24:30.834  5024  5024 D TelephonyExtension: Not stopping low battery tone
01-17 17:24:30.836  4616  4616 D BatteryMeterDrawable: isSomethingChanged - false
01-17 17:24:30.837  4616  4616 D BatteryMeterDrawable: isSomethingChanged - false
01-17 17:24:30.840  4616  4616 D Tile.FlashlightTile: ACTION_BATTERY_CHANGED - Level :: 99, emEnabled :: false
01-17 17:24:30.890  4616  4616 D KeyguardServiceBoxContainer: updateCMAS() hasCmasNotification = false, mHasCMAS = false
01-17 17:24:30.891  3757 10512 D AudioService: getStreamVolume 3 index 120
01-17 17:24:30.929  3757  7203 D AudioService: getStreamVolume 3 index 120
01-17 17:24:31.006  5689  5689 D io_stats: !@   8,0 r 4177073 124008656 w 3452755 76099528 d 524219 38114572 f 861737 861537 iot 5489250 3186352 th 61440 61440 43892 pt 10480 inp 0 0 307958.631
01-17 17:24:31.093  3757  7202 D AudioService: getStreamVolume 3 index 120
01-17 17:24:31.130  3757 29842 D AudioService: getStreamVolume 3 index 120
01-17 17:24:31.131  3757 10496 D AudioService: getStreamVolume 3 index 120
01-17 17:24:31.294  3757 29838 D AudioService: getStreamVolume 3 index 120
01-17 17:24:31.333  3757 32083 D AudioService: getStreamVolume 3 index 120
01-17 17:24:31.496  3757 29840 D AudioService: getStreamVolume 3 index 120
01-17 17:24:31.537  3757  7204 D AudioService: getStreamVolume 3 index 120
01-17 17:24:31.697  3757  4482 D AudioService: getStreamVolume 3 index 120
01-17 17:24:31.739  3757 10512 D AudioService: getStreamVolume 3 index 120
01-17 17:24:31.746  4616  4823 D NetworkController.MobileSignalController(0/1): onSignalStrengthsChanged signalStrength=SignalStrength: 99 99 -120 -160 -120 -1 -1 18 -107 -13 8 2147483647 2147483647 0x2000 gsm|lte level=2
01-17 17:24:31.747  4616  4823 D NetworkController.MobileSignalController(0/1): getMobileIconGroup(): 13
01-17 17:24:31.748  4616  4823 D NetworkController.MobileSignalController(0/1): updateVZWMobileIconGroup(): 13
01-17 17:24:31.752  5035  5670 D EPDG -- [SMARTWIFI]: onSignalStrengthsChanged: Received signal strength change, phone type is: 2
01-17 17:24:31.752  5035  6446 D EPDG -- [SMARTWIFI]: lastLteRSRP is -106currentLteRSRP is -107
01-17 17:24:31.752  5035  6446 D EPDG -- [SMARTWIFI]: lastLteRSRQ is -12currentLteRSRQ is -13
01-17 17:24:31.752  5035  6446 D EPDG -- [SMARTWIFI]: lastCdmaDb is -16currentCdmaDb is -16
01-17 17:24:31.752  5035  6446 V EPDG -- [SMARTWIFI]: Radio oldest entry removed
01-17 17:24:31.752  5035  6446 V EPDG -- [SMARTWIFI]: New entry : (SignalStrength: 99 99 -120 -160 -120 -1 -1 18 -107 -13 8 2147483647 2147483647 0x2000 gsm|lte : 0 )
01-17 17:24:31.752  5035  6446 V EPDG -- [SMARTWIFI]: Radio entry added
01-17 17:24:31.756  4616  4823 D NetworkController.MobileSignalController(0/1): callState:0, callStateByPhone:false voLTECall:false voiceNetTpe:13 dataNetType:13, ine911:false, emergencyCallbackMode:false
01-17 17:24:31.899  3757 10496 D AudioService: getStreamVolume 3 index 120
01-17 17:24:31.940  3757  6272 D AudioService: getStreamVolume 3 index 120
01-17 17:24:32.101  3757 29838 D AudioService: getStreamVolume 3 index 120
01-17 17:24:32.132  3757  7216 D AudioService: getStreamVolume 3 index 120
01-17 17:24:32.142  3757 29839 D AudioService: getStreamVolume 3 index 120
01-17 17:24:32.303  3757 29841 D AudioService: getStreamVolume 3 index 120
01-17 17:24:32.344  3757  4473 D AudioService: getStreamVolume 3 index 120
01-17 17:24:32.505  3757 32085 D AudioService: getStreamVolume 3 index 120
01-17 17:24:32.547  3757 10512 D AudioService: getStreamVolume 3 index 120
01-17 17:24:32.706  3757  7203 D AudioService: getStreamVolume 3 index 120
01-17 17:24:32.750  3757 31270 D AudioService: getStreamVolume 3 index 120
01-17 17:24:32.909  3757  3770 D AudioService: getStreamVolume 3 index 120
01-17 17:24:32.948  3757  4532 D WifiWatchdogStateMachine:  [|218] []
01-17 17:24:32.953  3757  5063 D AudioService: getStreamVolume 3 index 120
01-17 17:24:33.089  3757  4458 D WifiStateMachine: Current network is: "wilkinson2.4" , ID is: 30
01-17 17:24:33.090  3757  4458 I WifiStateMachine: IMS calling, current network is always qualified
01-17 17:24:33.111  3757  5902 D AudioService: getStreamVolume 3 index 120
01-17 17:24:33.134  3757 32083 D AudioService: getStreamVolume 3 index 120
01-17 17:24:33.155  3757  7206 D AudioService: getStreamVolume 3 index 120
01-17 17:24:33.313  3757  4440 D AudioService: getStreamVolume 3 index 120
01-17 17:24:33.358  3757 29840 D AudioService: getStreamVolume 3 index 120
01-17 17:24:33.516  3757  7205 D AudioService: getStreamVolume 3 index 120
01-17 17:24:33.560  3757 32084 D AudioService: getStreamVolume 3 index 120
01-17 17:24:33.718  3757  2858 D AudioService: getStreamVolume 3 index 120
01-17 17:24:33.762  3757  2859 D AudioService: getStreamVolume 3 index 120
01-17 17:24:33.810  3757  4354 D SamsungAlarmManager: Expired : 8
01-17 17:24:33.811  3757  4354 V SamsungAlarmManager: Sending to uid : 10059 action=null alarm=Alarm{ec0a969 type 3 when 964520091 com.asurion.android.verizon.vms}
01-17 17:24:33.817  3757  4354 D CompatibilityInfo: mCompatibilityFlags - 0
01-17 17:24:33.817  3757  4354 D CompatibilityInfo: applicationDensity - 420
01-17 17:24:33.817  3757  4354 D CompatibilityInfo: applicationScale - 1.0
01-17 17:24:33.837  3757 10496 D SamsungAlarmManager: setExact Intent (T:3/F:5/AC:false) 20190117T172438 - CU:10059/CP:9342
01-17 17:24:33.837  3757 10496 I SamsungAlarmManager: setLocked to kernel - T:3 / 20190117T172438, SetElapsed=964525107, nowELAPSED=964520118
01-17 17:24:33.920  3757 29838 D AudioService: getStreamVolume 3 index 120
01-17 17:24:33.964  3757 32083 D AudioService: getStreamVolume 3 index 120
01-17 17:24:34.123  3757  4440 D AudioService: getStreamVolume 3 index 120
01-17 17:24:34.135  3757 29841 D AudioService: getStreamVolume 3 index 120
01-17 17:24:34.167  3757  4473 D AudioService: getStreamVolume 3 index 120
01-17 17:24:34.326  3757  5062 D AudioService: getStreamVolume 3 index 120
01-17 17:24:34.370  3757 32085 D AudioService: getStreamVolume 3 index 120
01-17 17:24:34.528  3757 31269 D AudioService: getStreamVolume 3 index 120
01-17 17:24:34.572  3757  2859 D AudioService: getStreamVolume 3 index 120
01-17 17:24:34.730  3757 10496 D AudioService: getStreamVolume 3 index 120
01-17 17:24:34.774  3757  6272 D AudioService: getStreamVolume 3 index 120
01-17 17:24:34.932  3757  7216 D AudioService: getStreamVolume 3 index 120
01-17 17:24:34.976  3757 29839 D AudioService: getStreamVolume 3 index 120
01-17 17:24:35.137  3757 29840 D AudioService: getStreamVolume 3 index 120
01-17 17:24:35.138  3757  4473 D AudioService: getStreamVolume 3 index 120
01-17 17:24:35.179  3757  5901 D AudioService: getStreamVolume 3 index 120
01-17 17:24:35.338  3757  7205 D AudioService: getStreamVolume 3 index 120
01-17 17:24:35.383  3757 32084 D AudioService: getStreamVolume 3 index 120
01-17 17:24:35.540  3757  2859 D AudioService: getStreamVolume 3 index 120
01-17 17:24:35.586  3757  7202 D AudioService: getStreamVolume 3 index 120
01-17 17:24:35.744  3757  6272 D AudioService: getStreamVolume 3 index 120
01-17 17:24:35.788  3757 29838 D AudioService: getStreamVolume 3 index 120
01-17 17:24:35.947  3757 29839 D AudioService: getStreamVolume 3 index 120
01-17 17:24:35.990  3757  7206 D AudioService: getStreamVolume 3 index 120
01-17 17:24:36.008  5689  5689 D io_stats: !@   8,0 r 4177073 124008656 w 3452758 76099560 d 524220 38114576 f 861762 861562 iot 5489310 3186355 th 61440 61440 43892 pt 10480 inp 0 0 307963.634
01-17 17:24:36.116  3757  4458 D WifiStateMachine: Current network is: "wilkinson2.4" , ID is: 30
01-17 17:24:36.120  3757  4458 I WifiStateMachine: IMS calling, current network is always qualified
01-17 17:24:36.140  3757 29841 D AudioService: getStreamVolume 3 index 120
01-17 17:24:36.149  3757 29840 D AudioService: getStreamVolume 3 index 120
01-17 17:24:36.192  3757  5062 D AudioService: getStreamVolume 3 index 120
01-17 17:24:36.352  3757 32085 D AudioService: getStreamVolume 3 index 120
01-17 17:24:36.395  3757  4482 D AudioService: getStreamVolume 3 index 120
01-17 17:24:36.554  3757  3770 D AudioService: getStreamVolume 3 index 120
01-17 17:24:36.597  3757  5063 D AudioService: getStreamVolume 3 index 120
01-17 17:24:36.756  3757  5902 D AudioService: getStreamVolume 3 index 120
01-17 17:24:36.800  3757  7216 D AudioService: getStreamVolume 3 index 120
01-17 17:24:36.959  3757  4440 D AudioService: getStreamVolume 3 index 120
01-17 17:24:37.002  3757 29841 D AudioService: getStreamVolume 3 index 120
01-17 17:24:37.142  3757 29840 D AudioService: getStreamVolume 3 index 120
01-17 17:24:37.161  3757  7204 D AudioService: getStreamVolume 3 index 120
01-17 17:24:37.204  3757 32085 D AudioService: getStreamVolume 3 index 120
01-17 17:24:37.217 12625 12646 D UE4     : Used memory: 220068
01-17 17:24:37.364  3757  4482 D AudioService: getStreamVolume 3 index 120
01-17 17:24:37.406  3757 10512 D AudioService: getStreamVolume 3 index 120
01-17 17:24:37.567  3757  3770 D AudioService: getStreamVolume 3 index 120
01-17 17:24:37.609  3757  5063 D AudioService: getStreamVolume 3 index 120
01-17 17:24:37.768  3757  7216 D AudioService: getStreamVolume 3 index 120
01-17 17:24:37.812  3757  4469 D AudioService: getStreamVolume 3 index 120
01-17 17:24:37.971  3757  4440 D AudioService: getStreamVolume 3 index 120
01-17 17:24:38.017  3757 29841 D AudioService: getStreamVolume 3 index 120
01-17 17:24:38.147  3757  5062 D AudioService: getStreamVolume 3 index 120
01-17 17:24:38.175  3757  7204 D AudioService: getStreamVolume 3 index 120
01-17 17:24:38.219  3757 32085 D AudioService: getStreamVolume 3 index 120
01-17 17:24:38.378  3757  7205 D AudioService: getStreamVolume 3 index 120
01-17 17:24:38.421  3757  2858 D AudioService: getStreamVolume 3 index 120
01-17 17:24:38.461  3757  9599 D SSRM:t  : SIOP:: AP = 430, PST = 423 (W:14), CP = 280, CUR = 546, LCD = 110
01-17 17:24:38.462  3757  9599 D ConnectivityService: filterNetworkStateForUid() uid: 1000 networkInfo: [type: WIFI[] - WIFI, state: CONNECTED/CONNECTED, reason: (unspecified), extra: "wilkinson2.4", failover: false, available: true, roaming: false, metered: false]
01-17 17:24:38.582  3757  7202 D AudioService: getStreamVolume 3 index 120
01-17 17:24:38.623  3757 10496 D AudioService: getStreamVolume 3 index 120
01-17 17:24:38.659  3757  5063 D ConnectivityService: filterNetworkStateForUid() uid: 10014 networkInfo: [type: WIFI[] - WIFI, state: CONNECTED/CONNECTED, reason: (unspecified), extra: "wilkinson2.4", failover: false, available: true, roaming: false, metered: false]
01-17 17:24:38.785  3757  5902 D AudioService: getStreamVolume 3 index 120
01-17 17:24:38.826  3757  4469 D AudioService: getStreamVolume 3 index 120
01-17 17:24:38.826  3757  4354 D SamsungAlarmManager: Expired : 8
01-17 17:24:38.827  3757  4354 V SamsungAlarmManager: Sending to uid : 10059 action=null alarm=Alarm{d3cbc8f type 3 when 964525107 com.asurion.android.verizon.vms}
01-17 17:24:38.837  3757  4354 D CompatibilityInfo: mCompatibilityFlags - 0
01-17 17:24:38.837  3757  4354 D CompatibilityInfo: applicationDensity - 420
01-17 17:24:38.837  3757  4354 D CompatibilityInfo: applicationScale - 1.0
01-17 17:24:38.871  3757 29841 D SamsungAlarmManager: setExact Intent (T:3/F:5/AC:false) 20190117T172443 - CU:10059/CP:9342
01-17 17:24:38.986  3757  5901 D AudioService: getStreamVolume 3 index 120
01-17 17:24:39.030  3757  7201 D AudioService: getStreamVolume 3 index 120
01-17 17:24:39.081  3757  4354 D SamsungAlarmManager: Expired : 4
01-17 17:24:39.084  3757  4354 D SamsungAlarmManager: setInexact Intent (T:3/F:0/AC:false) 20190117T172731 - CU:1000/CP:3757
01-17 17:24:39.084  3757  4354 I SamsungAlarmManager: setLocked to kernel - T:2 / 20190117T173035, SetElapsed=964881417, nowELAPSED=964525365
01-17 17:24:39.085  3757  4354 I SamsungAlarmManager: setLocked to kernel - T:3 / 20190117T172443, SetElapsed=964530136, nowELAPSED=964525365
01-17 17:24:39.085  3757  4354 V SamsungAlarmManager: Sending to uid : 1000 listener=android.app.AlarmManager$ListenerWrapper@fe6a08 alarm=Alarm{bb17325 type 2 when 964466295 android}
01-17 17:24:39.086  3757  4354 V SamsungAlarmManager: Sending to uid : 10032 action=com.samsung.android.app.shealth.tracker.pedometer.PedometerService.HBA alarm=Alarm{f417cfa type 3 when 964517555 com.sec.android.app.shealth}
01-17 17:24:39.090  3757  4354 V SamsungAlarmManager: Sending to uid : 1001 action=com.android.internal.telephony.data-stall alarm=Alarm{65292ab type 3 when 964525031 com.android.phone}
01-17 17:24:39.091  3757  4354 V SamsungAlarmManager: Sending to uid : 10014 action=null alarm=Alarm{51abd08 type 3 when 964525362 com.google.android.gms}
01-17 17:24:39.099  3757  7205 D CompatibilityInfo: mCompatibilityFlags - 0
01-17 17:24:39.099  3757  7205 D CompatibilityInfo: applicationDensity - 420
01-17 17:24:39.099  3757  7205 D CompatibilityInfo: applicationScale - 1.0
01-17 17:24:39.104 11359 11359 I PedometerService: onStartCommand  true, true, false
01-17 17:24:39.108  3757  3757 D SamsungAlarmManager: setInexact Listener (T:2/F:0/AC:false) 20190117T173301 - CU:1000/CP:3757
01-17 17:24:39.110  3757 31269 D SemContext.CaeProvider.SensorStatusCheckImpl: requestToUpdate SensorHub Reset Cnt : 0
01-17 17:24:39.110  3757 31269 D SemContext.CaeProvider.SensorStatusCheckImpl: SensorHub Reset Cnt : 0
01-17 17:24:39.110  3757 31269 D SemContext.CaeProvider.SensorStatusCheckImpl: LastEventMap sensorHubEvent TimeStamp address : 0 - 0
01-17 17:24:39.110  3757 31269 D SemContext.CaeProvider.SensorStatusCheckImpl: LastEventMap sensorHubEvent TimeStamp address : 1 - 0
01-17 17:24:39.111  3757 31269 D SemContext.CaeProvider.SensorStatusCheckImpl: LastEventMap sensorHubEvent TimeStamp address : 2 - 0
01-17 17:24:39.111  3757 31269 D SemContext.CaeProvider.SensorStatusCheckImpl: LastEventMap sensorHubEvent TimeStamp address : 3 - 0
01-17 17:24:39.111  3757 31269 D SemContext.CaeProvider.SensorStatusCheckImpl: LastEventMap sensorHubEvent TimeStamp address : 4 - 0
01-17 17:24:39.111  3757 31269 D SemContext.CaeProvider.SensorStatusCheckImpl: LastEventMap sensorHubEvent TimeStamp address : 5 - 0
01-17 17:24:39.111  3757 31269 D SemContext.CaeProvider.SensorStatusCheckImpl: LastEventMap sensorHubEvent TimeStamp address : 6 - 0
01-17 17:24:39.111  3757 31269 D SemContext.CaeProvider.SensorStatusCheckImpl: LastEventMap sensorHubEvent TimeStamp address : 7 - 0
01-17 17:24:39.111  3757 31269 D SemContext.CaeProvider.SensorStatusCheckImpl: LastEventMap sensorHubEvent TimeStamp address : 8 - 0
01-17 17:24:39.111  3757 31269 D SemContext.CaeProvider.SensorStatusCheckImpl: LastEventMap sensorHubEvent TimeStamp address : 9 - 0
01-17 17:24:39.111  3757 31269 D SemContextService: updateContext() : event = Sensor Status Check
01-17 17:24:39.111  3757 31269 D SemContext.CaeProvider.SensorStatusCheckImpl: initialize Last Event!!
01-17 17:24:39.112  3757 31269 D SemContextService: requestToUpdate() : service = Sensor Status Check
01-17 17:24:39.113 11359 11359 D SemContextManager:   .requestToUpdate : listener = com.samsung.android.app.shealth.tracker.pedometer.service.wrapper.ActivitySensorDelegator$SemContextListenerWrapper@d8899a1, service=Sensor Status Check
01-17 17:24:39.117  3757  2858 D CompatibilityInfo: mCompatibilityFlags - 0
01-17 17:24:39.117  3757  2858 D CompatibilityInfo: applicationDensity - 420
01-17 17:24:39.117  3757  2858 D CompatibilityInfo: applicationScale - 1.0
01-17 17:24:39.126  3757  7203 D SamsungAlarmManager: setInexact Intent (T:3/F:8/AC:false) 20190117T172539 - CU:1001/CP:5024
01-17 17:24:39.140 11359 11359 D SemContextManager: onSemContextChanged() : event = Sensor Status Check
01-17 17:24:39.149  3757  4458 D WifiStateMachine: Current network is: "wilkinson2.4" , ID is: 30
01-17 17:24:39.149  3757  4458 I WifiStateMachine: IMS calling, current network is always qualified
01-17 17:24:39.151  3757 29838 D AudioService: getStreamVolume 3 index 120
01-17 17:24:39.153  3757  3757 D MountService: getExternalStorageMountMode : 3
01-17 17:24:39.153  3757  3757 D MountService: getExternalStorageMountMode : 3
01-17 17:24:39.153  3757  3757 D MountService: getExternalStorageMountMode : final mountMode=3, uid : 10258, packageName : com.microsoft.office.outlook
01-17 17:24:39.183 13090 13090 E Zygote  : v2
01-17 17:24:39.183 13090 13090 I libpersona: KNOX_SDCARD checking this for 10258
01-17 17:24:39.183 13090 13090 I libpersona: KNOX_SDCARD not a persona
01-17 17:24:39.186  3757  3757 I ActivityManager: Start proc 13090:com.microsoft.office.outlook/u0a258 for service com.microsoft.office.outlook/com.evernote.android.job.v21.PlatformJobService
01-17 17:24:39.186 13090 13090 E Zygote  : accessInfo : 0
01-17 17:24:39.188 13090 13090 W SELinux : SELinux selinux_android_compute_policy_index : Policy Index[2],  Con:u:r:zygote:s0 RAM:SEPF_SECMOBILE_7.0_0009, [-1 -1 -1 -1 0 1]
01-17 17:24:39.190 13090 13090 I SELinux : SELinux: seapp_context_lookup: seinfo=untrusted, level=s0:c512,c768, pkgname=com.microsoft.office.outlook 
01-17 17:24:39.191  3757  4469 D AudioService: getStreamVolume 3 index 120
01-17 17:24:39.196  3757  5902 D CompatibilityInfo: mCompatibilityFlags - 0
01-17 17:24:39.196  3757  5902 D CompatibilityInfo: applicationDensity - 420
01-17 17:24:39.196  3757  5902 D CompatibilityInfo: applicationScale - 1.0
01-17 17:24:39.201  3757  3757 D MountService: getExternalStorageMountMode : 1
01-17 17:24:39.201  3757  3757 D MountService: getExternalStorageMountMode : 3
01-17 17:24:39.201  3757  3757 D MountService: getExternalStorageMountMode : final mountMode=1, uid : 10022, packageName : com.LogiaGroup.LogiaDeck
01-17 17:24:39.233  3757  4473 D AudioService: getStreamVolume 3 index 120
01-17 17:24:39.237 13104 13104 E Zygote  : v2
01-17 17:24:39.237 13104 13104 I libpersona: KNOX_SDCARD checking this for 10022
01-17 17:24:39.237 13104 13104 I libpersona: KNOX_SDCARD not a persona
01-17 17:24:39.238 13090 13090 D TimaKeyStoreProvider: TimaKeyStore is not enabled: cannot add TimaSignature Service and generateKeyPair Service
