01-11 19:30:44.569  4616  4616 D CarrierText: SIM ready and in service: subId=1, ss=0 0 voice home data home  LTE LTE CSS not supported 0 0 RoamInd=1 DefRoamInd=1 VoiceRegType=0 ImsVoiceAvail=1 IsEbSupport=1 IsEaBarred=2 Snap=0 MobileVoice=1 Unknown MobileData=0 LTE PsOnly=true FemtocellInd=0 EmergOnly=false IsDataRoamingFromRegistration=false
01-11 19:30:44.569  4616  4616 D CarrierText: setText : Verizon Wireless
01-11 19:30:44.569  4616  4616 V KeyguardUpdateMonitor: *** register callback for com.android.keyguard.EmergencyButton$1@6dfb51d
01-11 19:30:44.569  4616  4616 V KeyguardUpdateMonitor: *** unregister callback for null
01-11 19:30:44.572  3757  3757 I WifiTrafficPoller: evaluateTrafficStatsPolling
01-11 19:30:44.574  3757 32083 I Telecom : TelecomFeature: getContactsPackageName: com.samsung.android.contacts: TSI.iIC@ato
01-11 19:30:44.574  3757 32083 I Telecom : com.android.server.telecom.TelecomServiceImpl$1: getSystemDialerPackage: com.samsung.android.contacts: TSI.iIC@ato
01-11 19:30:44.579  3757  3757 D LightsService: [api] [SvcLED] turnOff:: id = 6 (uid: 1000 pid: 3757) 
01-11 19:30:44.579  3757  3757 D LightsService: [SvcLED] setSvcLedStateLocked:: SvcLEDState : 0x10 -> 0x10 | SvcLED(id=6) set Off
01-11 19:30:44.580  3757 32083 I Telecom : TelecomFeature: getContactsPackageName: com.samsung.android.contacts: TSI.iIC@ato
01-11 19:30:44.581  3757  3757 D SmartAlertController: ACTION_SCREEN_OFF
01-11 19:30:44.581  3757 32083 I Telecom : com.android.server.telecom.TelecomServiceImpl$1: getSystemDialerPackage: com.samsung.android.contacts: TSI.iIC@ato
01-11 19:30:44.584  3237 27701 D audio_hw_primary: adev_set_parameters: enter: kvpairs: screen_state=off
01-11 19:30:44.586  3757  4458 W AlarmManager: Unrecognized alarm listener com.android.server.wifi.WifiConnectivityManager$3@9146179
01-11 19:30:44.590  3757  5901 I Telecom : TelecomFeature: getContactsPackageName: com.samsung.android.contacts: TSI.iIC@ats
01-11 19:30:44.590  3757  3757 D SamsungAlarmManager: setInexact Intent (T:2/F:8/AC:false) 20190111T204144 - CU:1000/CP:3757
01-11 19:30:44.591  3757  5901 I Telecom : com.android.server.telecom.TelecomServiceImpl$1: getSystemDialerPackage: com.samsung.android.contacts: TSI.iIC@ats
01-11 19:30:44.592  3757  3757 I MdnieScenarioControlService: action  :  android.intent.action.SCREEN_OFF
01-11 19:30:44.592  3757  5901 I Telecom : TelecomFeature: getContactsPackageName: com.samsung.android.contacts: TSI.iIC@ats
01-11 19:30:44.593  3757  5901 I Telecom : com.android.server.telecom.TelecomServiceImpl$1: getSystemDialerPackage: com.samsung.android.contacts: TSI.iIC@ats
01-11 19:30:44.594  3757  3757 I FingerprintService: onReceive: android.intent.action.SCREEN_OFF
01-11 19:30:44.596  3757  3757 I BackgroundCompactionService: Schedule Type1 BGCompaction
01-11 19:30:44.600  3757  7204 I Telecom : TelecomFeature: getContactsPackageName: com.samsung.android.contacts: TSI.iIC@atw
01-11 19:30:44.601  3757  7204 I Telecom : com.android.server.telecom.TelecomServiceImpl$1: getSystemDialerPackage: com.samsung.android.contacts: TSI.iIC@atw
01-11 19:30:44.602  3757  3757 I SamsungAlarmManager: setLocked to kernel - T:3 / 19691231T191000, SetElapsed=-1546798760672, nowELAPSED=453683930
01-11 19:30:44.602  3757  4354 D SamsungAlarmManager: Expired : 8
01-11 19:30:44.602  3757  3757 D SamsungAlarmManager: setExact Listener (T:2/F:0/AC:false) 20190111T193054 - CU:1000/CP:3757
01-11 19:30:44.602  3757  3757 I SamsungAlarmManager: setLocked to kernel - T:2 / 20190111T193054, SetElapsed=453693924, nowELAPSED=453683930
01-11 19:30:44.602  3757  7204 I Telecom : TelecomFeature: getContactsPackageName: com.samsung.android.contacts: TSI.iIC@atw
01-11 19:30:44.603  3757  4354 I SamsungAlarmManager: setLocked to kernel - T:3 / 20190111T193046, SetElapsed=453685420, nowELAPSED=453683931
01-11 19:30:44.604  3757  7204 I Telecom : com.android.server.telecom.TelecomServiceImpl$1: getSystemDialerPackage: com.samsung.android.contacts: TSI.iIC@atw
01-11 19:30:44.607  3757  3757 D SamsungAlarmManager: setInexact Listener (T:2/F:0/AC:false) 20190111T193057 - CU:1000/CP:3757
01-11 19:30:44.609  3757  7216 I Telecom : TelecomFeature: getContactsPackageName: com.samsung.android.contacts: TSI.iIC@at0
01-11 19:30:44.609  3757  7216 I Telecom : com.android.server.telecom.TelecomServiceImpl$1: getSystemDialerPackage: com.samsung.android.contacts: TSI.iIC@at0
01-11 19:30:44.610  3757  7216 I Telecom : TelecomFeature: getContactsPackageName: com.samsung.android.contacts: TSI.iIC@at0
01-11 19:30:44.611  3757  7216 I Telecom : com.android.server.telecom.TelecomServiceImpl$1: getSystemDialerPackage: com.samsung.android.contacts: TSI.iIC@at0
01-11 19:30:44.614  3757  3757 D WifiService: unRegisterForSContext() : successful!
01-11 19:30:44.614  3757  3757 D SemContextService: removeListener() : Listener = com.samsung.android.hardware.context.SemContextService$Listener@a95049f, Service = Activity Tracker, used = 0
01-11 19:30:44.615  3757  3757 W CAE     : unregisterCallback(ContextAwareService.java:217) - [unregi 01] Mutex is locked for ACTIVITY_TRACKER
01-11 19:30:44.616  3757  3757 V CAE     : stop(ContextProvider.java:155)
01-11 19:30:44.616  3757  7202 I Telecom : TelecomFeature: getContactsPackageName: com.samsung.android.contacts: TSI.iIC@at4
01-11 19:30:44.616  3757  7202 I Telecom : com.android.server.telecom.TelecomServiceImpl$1: getSystemDialerPackage: com.samsung.android.contacts: TSI.iIC@at4
01-11 19:30:44.617  3757  3757 V CAE     : clear(ActivityTrackerRunner.java:108)
01-11 19:30:44.617  3757  3757 V CAE     : disable(ActivityTrackerRunner.java:96)
01-11 19:30:44.618  3757  4332 I LightSensor: #>LightSensor r=38 g=22 b=22 c=54 atime=245 again=64 lux=23
01-11 19:30:44.618  3757  7202 I Telecom : TelecomFeature: getContactsPackageName: com.samsung.android.contacts: TSI.iIC@at4
01-11 19:30:44.618  3757  3799 D LightsService: [SvcLED]  onSensorChanged::light value = 23
01-11 19:30:44.619  3757  7202 I Telecom : com.android.server.telecom.TelecomServiceImpl$1: getSystemDialerPackage: com.samsung.android.contacts: TSI.iIC@at4
01-11 19:30:44.619  3757  3799 I LightSensor: Light old sensor_state 512, new sensor_state : 0 en : 0
01-11 19:30:44.620  3757  3757 I CAE     : sendCmdToSensorHub(SensorHubCommManager.java:162) - -78, 26, 0, 0, 0, 0, 0, 0, 0, 0,
01-11 19:30:44.620  3757  3757 D SensorHubManager: SendSensorHubData: send data = -78, 26, 0, 0, 0, 0, 0, 0, 0, 0
01-11 19:30:44.620  3227 28469 D Sensorhubs: sendContextData: -78, 26, 0, 0, 0, 0, 0, 0, 0, 0
01-11 19:30:44.626  3757 29840 I Telecom : TelecomFeature: getContactsPackageName: com.samsung.android.contacts: TSI.iIC@at8
01-11 19:30:44.626  3757 29840 I Telecom : com.android.server.telecom.TelecomServiceImpl$1: getSystemDialerPackage: com.samsung.android.contacts: TSI.iIC@at8
01-11 19:30:44.626  3757  3799 D SensorManager: unregisterListener ::   
01-11 19:30:44.627  3757  3799 D PowerManagerUtil: fileWriteInt to /sys/class/sec/led/led_lowpower, 0
01-11 19:30:44.628  3757 29840 I Telecom : TelecomFeature: getContactsPackageName: com.samsung.android.contacts: TSI.iIC@at8
01-11 19:30:44.628  3757  3799 D lights  : led_pattern : 1 +
01-11 19:30:44.629  3757 29840 I Telecom : com.android.server.telecom.TelecomServiceImpl$1: getSystemDialerPackage: com.samsung.android.contacts: TSI.iIC@at8
