01-19 19:54:15.844  3757  5902 D CustomFrequencyManagerService: acquireDVFSLockLocked : type : DVFS_MIN_LIMIT  frequency : 1000000  uid : 1000  pid : 3757  pkgName : UNLOCKSCREEN_BOOSTER@2
01-19 19:54:15.845  4616  4616 D KeyguardFingerPrint: scheduleStrongAuthTimeout(canceled mStrongAuthNotTimeOutPendingIntent)
01-19 19:54:15.846  3757  5062 D SamsungAlarmManager: Cancel Alarm calling from uid:10055 pid :4616 / op:PendingIntent{5b6c8e3: PendingIntentRecord{790ec2d com.android.systemui broadcastIntent}}
01-19 19:54:15.849  3757 10512 I SamsungAlarmManager: setLocked to kernel - T:3 / 19691231T191000, SetElapsed=-1546798774994, nowELAPSED=1146280855
01-19 19:54:15.849  3757  4354 D SamsungAlarmManager: Expired : 8
01-19 19:54:15.850  3757 10512 D SamsungAlarmManager: setInexact Intent (T:2/F:0/AC:false) 19301028T072248 - CU:10014/CP:5918
01-19 19:54:15.854  3757  5062 I FingerprintService: resetTimeout called from pid=4616
01-19 19:54:15.854  3757  4354 I SamsungAlarmManager: setLocked to kernel - T:3 / 20190119T195420, SetElapsed=1146285189, nowELAPSED=1146280860
01-19 19:54:15.854  3757  4354 V SamsungAlarmManager: Sending to uid : 1000 action=com.android.server.action.UPDATE_TWILIGHT_STATE alarm=Alarm{29ae2e0 type 1 when 600000 android}
01-19 19:54:15.855  4616  4616 D KeyguardFingerPrint: scheduleStrongAuthTimeout(set mStrongAuthNotTimeOutPendingIntent : when = 1232680860 )
01-19 19:54:15.865  3757  3757 D SamsungAlarmManager: Cancel Alarm calling from uid:1000 pid :3757 / op:PendingIntent{6530999: PendingIntentRecord{33bba74 android broadcastIntent}}
01-19 19:54:15.866  3757  2859 D SamsungAlarmManager: setExact Intent (T:3/F:1/AC:false) 20190120T195415 - CU:10055/CP:4616
01-19 19:54:15.870  3757  7202 D FingerprintService: getEnrolledFingerprints : userId = 0
01-19 19:54:15.870  3757  7205 I FingerprintService: resetTimeout called from pid=4616
01-19 19:54:15.871  3757  4469 D WallpaperManagerService: getDCMLauncherEnabled false
01-19 19:54:15.871  4616  4616 I StatusBarWindowManager: isExpanded:true, true, true, false, false, false
01-19 19:54:15.871  4616  4616 I StatusBarWindowManager: applyHeight:-1
01-19 19:54:15.877  3237 17271 D audio_hw_primary: start_input_stream (0xe609f000) in->config.rate:48000 in->config.format:0
01-19 19:54:15.877  3237 17271 D PreProcess: new SamsungRecord
01-19 19:54:15.877  3237 17271 D PreProcess: new NS
01-19 19:54:15.877  3237 17271 I samsungRecord: [samsungrecord] SamsungRecInit 
01-19 19:54:15.877  3237 17271 D AudioInfo: can not find AudioDataPath for fileName:/miccalib.txt
01-19 19:54:15.877  3237 17271 I samsungRecord: [samsungrecordMIC]Use HardCoding Values
01-19 19:54:15.877  3757  3774 D CompatibilityInfo: mCompatibilityFlags - 0
01-19 19:54:15.877  3757  3774 D CompatibilityInfo: applicationDensity - 420
01-19 19:54:15.877  3757  3774 D CompatibilityInfo: applicationScale - 1.0
01-19 19:54:15.878  4616  4616 D KeyguardViewMediator: handleKeyguardDone
01-19 19:54:15.878  3237 17271 I samsungRecord: [samsungrecordMIC]Use HardCoding Values
01-19 19:54:15.878  3757  3757 D SamsungAlarmManager: setExact Intent (T:1/F:9/AC:false) 19691231T191000 - CU:1000/CP:3757
01-19 19:54:15.878  3757  3757 I SamsungAlarmManager: setLocked to kernel - T:3 / 20190119T195416, SetElapsed=1146281874, nowELAPSED=1146280885
01-19 19:54:15.879  3237 17271 D AudioInfo: can not find AudioDataPath for fileName:/samsungrec.txt
01-19 19:54:15.879  3237 17271 I samsungRecord: [samsungrecord]Use HardCoding Values
01-19 19:54:15.879  3237 17271 D SamsungRecord_NS: [SamsungRecord_NS] Init SR 16000
01-19 19:54:15.879  3237 17271 D SamsungRecord_NS: [SamsungRecord_NS] getLevel inputsource 6, ret_level 3
01-19 19:54:15.879  3237 17271 I samsungRecord: [samsungrecord] MicCalonoff 1
01-19 19:54:15.879  3237 17271 I audio_hw_primary: is_voice_wakeup : ret =  0  , wakeup_baby_cry_enabled = 0  ,  wakeup_mic_enabled = 0 
01-19 19:54:15.879  3237 17271 V audio_hw_primary: select_devices output_scenario:-1 input_scenario:28 out_snd_device 0x0 in_snd_device:0xb
01-19 19:54:15.879  3237 17271 I audio_route: > audio_route_reset :
01-19 19:54:15.881  3237 17271 I audio_route: > audio_route_apply_path : "recognition-mic"
01-19 19:54:15.882  3757  3757 I SurveyLogManager: mDeviceInfo.mScreen = true
01-19 19:54:15.888  3237 17271 V audio_hw_primary: select_devices() input_route "recognition-mic" 
01-19 19:54:15.888  3237 17271 I audio_route: > audio_route_apply_path : "gain-recognition-mic"
01-19 19:54:15.888  3237 17271 V audio_hw_primary: select_devices() input_gain "gain-recognition-mic" 
01-19 19:54:15.888  3237 17271 I audio_route: > audio_route_update_mixer : +
01-19 19:54:15.888  3237 17271 I audio_route: > audio_route_update_mixer : changed(0) -
01-19 19:54:15.888  3237 17271 I audio_hw_primary: select_devices - 
01-19 19:54:15.888  3237 17271 V audio_hw_primary: start_input_stream -
01-19 19:54:15.889  4616  4616 D KeyguardViewMediator: handleHide
01-19 19:54:15.889  4616  4616 D KeyguardViewMediator: keyguardGoingAway
01-19 19:54:15.895  3757  3771 D ActivityManager: resumeTopActivityInnerLocked() : #1 prevTask=null next=ActivityRecord{8b7f43ed0 u0 com.GeekTechnique.InfinityStack/com.epicgames.ue4.GameActivity t836} mFocusedStack=ActivityStack{e83cb46d0 stackId=1, 2 tasks}
01-19 19:54:15.897  3757  3771 D ActivityManager: applyOptionsLocked(), pendingOptions : null
01-19 19:54:15.901  3757  3793 V WindowManager: Now policy shown: Window{8cae18fd0 u0 com.GeekTechnique.InfinityStack/com.epicgames.ue4.GameActivity}
01-19 19:54:15.901  3757  3793 V WindowManager: Now policy shown: Window{d1e07abd0 u0 SurfaceView - com.GeekTechnique.InfinityStack/com.epicgames.ue4.GameActivity}
01-19 19:54:15.915  3268 17231 I tlc_communication: mcWaitNotification is completed;237
01-19 19:54:15.915  3268 17231 I TLC_BAUTH: Check the Trustlet return code is completed;1353
01-19 19:54:15.915  3268 17231 D bauth_FPBAuthService: FPBAuthService, 995
01-19 19:54:15.915  3268 17231 D bauth_FPBAuthSensorControl: FPBAuthSensorControl, 432
01-19 19:54:15.915  3268 17231 D bauth_FPBAuthService: FPBAuthService, 1008
01-19 19:54:15.915  3268 17231 I TLC_BAUTH: Call FP cmd 0xa;1504
01-19 19:54:15.915  3268 17231 I tlc_communication: Send Trustlet TCI Message;214
01-19 19:54:15.915  3268 17231 I tlc_communication: mcNotify is completed;224
01-19 19:54:15.917  3757  3771 D GameManagerService: sem_perfomance_mode: 0
01-19 19:54:15.928  4616  4616 D KeyguardViewMediator: handleStartKeyguardExitAnimation startTime=367347953 fadeoutDuration=430
01-19 19:54:15.929  3757  3793 D KnoxTimeoutHandler: notifyActivityDrawn [MsgParam] userId: 0 fullscreen is true showWhenlocked is false isMutiwindowRecord is false multiwindowstyle is 1
01-19 19:54:15.929 16988 16988 V threaded_app: Start: 0xdb87bb40
01-19 19:54:15.930 16988 17007 V threaded_app: activityState=10
01-19 19:54:15.930 16988 17007 D UE4     : [2019.01.20-00.54.15:930][  0]LogAndroid: Case APP_CMD_START
01-19 19:54:15.930 16988 17007 D UE4     : LogAndroidEvents: EnqueueAppEvent : 9, 0, tid = 17007
01-19 19:54:15.930 16988 16988 D UE4     : Creating console command broadcast listener
01-19 19:54:15.931  4616  4616 D PhoneStatusBar: disable: < expand icons* alerts system_info* back HOME RECENT clock SEARCH quick_settings >
01-19 19:54:15.932  4616  4616 D PhoneStatusBar: setBarState: KGRD -> SHD
01-19 19:54:15.932  3757  3757 D GameManagerService: onDisplayChanged. displyId: 0
01-19 19:54:15.933  3757  3757 D GameManagerService: dpi: 420, longPixel: 1920, shortPixel: 1080
01-19 19:54:15.933  3757  3770 I Sensors : Proximity old sensor_state 128, new sensor_state : 0 en : 0
01-19 19:54:15.933 16988 16988 D UE4     : ==================================> Inside onStart function in GameActivity
01-19 19:54:15.933  3757  3757 D GameManagerService: NotifyRunnable. pkg: com.GeekTechnique.InfinityStack, type: 4, isMinimized: false, isTunableApp: false
01-19 19:54:15.933  3757  3757 D GameManagerService: do nothing. mKillNotiCount: 3
01-19 19:54:15.933  3757  3757 D KnoxTimeoutHandler: activityDrawn [MsgParam] userId: 0 fullscreen is true showWhenlocked is false isMutiwindowRecord is false multiwindowstyle is 1
01-19 19:54:15.935 16988 16988 V threaded_app: Resume: 0xdb87bb40
01-19 19:54:15.935 16988 17007 V threaded_app: activityState=11
01-19 19:54:15.935 16988 17007 D UE4     : Case APP_CMD_RESUME
01-19 19:54:15.935 16988 16988 D UE4     : ==============> [JAVA] AndroidThunkJava_KeepScreenOn(false) - Enabled screen saver
01-19 19:54:15.935 16988 17007 D UE4     : [2019.01.20-00.54.15:935][  0]LogAndroid: Case APP_CMD_RESUME
01-19 19:54:15.935 16988 17007 D UE4     : LogAndroidEvents: EnqueueAppEvent : 7, 0, tid = 17007
01-19 19:54:15.937 16988 16988 D UE4     : Registering sensor listeners
01-19 19:54:15.937  3757  3757 I KnoxTimeoutHandler: SD activityfalse
01-19 19:54:15.937  3757  3757 I KnoxTimeoutHandler: Fullscreen and mCurrent is not KNOX user. Hence hide keyguard
01-19 19:54:15.941  4616  4616 D SensorManager: unregisterListener ::   
01-19 19:54:15.941  3757 10496 D WallpaperManagerService: getDCMLauncherEnabled false
01-19 19:54:15.941 11375 11375 I BeaconManager: BeaconManager.onReceive - receive Action : android.intent.action.SCREEN_ON
01-19 19:54:15.941  4616  4616 I StatusBarWindowManager: isExpanded:true, true, true, false, false, false
01-19 19:54:15.941  3757  9599 I LightSensor: Light old sensor_state 0, new sensor_state : 512 en : 1
01-19 19:54:15.941  4616  4616 I StatusBarWindowManager: applyHeight:-1
01-19 19:54:15.941 11375 11375 D BeaconManager: BeaconManager.onReceive - end
01-19 19:54:15.942 11375 11405 I BeaconManager: BeaconManager.BeaconManagerWorkHandler - BroadcastReceiver onReceive start
01-19 19:54:15.943 11375 11405 D BeaconManager: BeaconManager.BeaconManagerWorkHandler - mScreenObserver action:android.intent.action.SCREEN_ON
01-19 19:54:15.943 11375 11405 D BeaconManager: AppControlManager.screenOnIntentReceived - start
01-19 19:54:15.943 11375 11405 D BeaconManager: AppControlManager.screenOnIntentReceived - end
01-19 19:54:15.943 11375 11405 D BeaconManager: EasySetupManager.screenOnIntentReceived - start
01-19 19:54:15.943 11375 11405 D BeaconManager: EasySetupManager.screenOnIntentReceived - end
01-19 19:54:15.943 11375 11405 D BeaconManager: BleScanHelper.screenOnIntentReceived - start
01-19 19:54:15.945 11375 11405 D BeaconManager: BleScanHelper.mBroadcastReceiver - Action: android.intent.action.SCREEN_ON, user: 0
01-19 19:54:15.945 11375 11405 V BeaconManager: BleScanHelper.startBleScan - startBleScan
01-19 19:54:15.946 11668 11668 D oneconnect[1.0.00-39][100000039] : QcManager.mReceiver - LCD ON
01-19 19:54:15.947  3757 29838 D WallpaperManagerService: getDCMLauncherEnabled false
01-19 19:54:15.947  4616  4616 I StatusBarWindowManager: isExpanded:true, true, true, false, false, false
01-19 19:54:15.947  4616  4616 I StatusBarWindowManager: applyHeight:-1
01-19 19:54:15.948 11375 11405 D BluetoothAdapter: STATE_BLE_ON
01-19 19:54:15.948 11375 11405 D BeaconManager: BleScanHelper.screenOnIntentReceived - end
01-19 19:54:15.948 11375 11405 I BeaconManager: BeaconManager.BeaconManagerWorkHandler - BroadcastReceiver onReceive end
01-19 19:54:15.949  3757  9599 D SensorManager: registerListener :: 6, TMD4903 RGB Sensor, 200000, 0,  
01-19 19:54:15.949 11375 11406 D BeaconManager: BleScanHelper.MSG_CALL_START_LESCAN - ($)isFilterScanFailed/discovering:false/true
01-19 19:54:15.949  3757  7216 I Sensors : Acc old sensor_state 512, new sensor_state : 513 en : 1
01-19 19:54:15.950 11375 11406 D BluetoothAdapter: STATE_BLE_ON
01-19 19:54:15.951 11375 11406 D BluetoothAdapter: STATE_BLE_ON
01-19 19:54:15.952 11375 11406 D BluetoothAdapter: appoCount is = 0
01-19 19:54:15.953 11375 11406 I BeaconManager: BleScanHelper.directStopLeScan - call BleScanner.stopScan()
01-19 19:54:15.954 11375 11406 D BluetoothAdapter: STATE_BLE_ON
01-19 19:54:15.955 11375 11406 D BluetoothAdapter: appoCount is = 0
01-19 19:54:15.957 11375 11406 D BluetoothAdapter: STATE_BLE_ON
01-19 19:54:15.957 16988 16988 D SensorManager: registerListener :: 0, K6DS3TR Acceleration Sensor, 20000, 0,  
01-19 19:54:15.957 11375 11406 D BluetoothLeScanner: Stop Scan
01-19 19:54:15.958  3757 12257 E LocSvc_libulp: I/int ulp_msg_process_system_update(const UlpSystemEvent): systemEvent:0 
01-19 19:54:15.958  3757 12257 E LocSvc_libulp: I/int ulp_msg_process_start_req(), at ulp state = 1
01-19 19:54:15.958  3757  2858 I Sensors : Mag old sensor_state 513, new sensor_state : 529 en : 1
01-19 19:54:15.959  4561 21082 D BtGatt.GattService: stopScan() - queue size =1
01-19 19:54:15.959  4561 21082 D BtGatt.GattService: stopScan() - queue size =1
01-19 19:54:15.960 11359 11359 D Receiver_Screen: ACTION_SCREEN_ON
01-19 19:54:15.960  4561  5184 E BtGatt.GattService: [GSIM LOG]: gsimLogHandler: android.uid.bcmgr, msg: MESSAGE_STOP_SCAN
01-19 19:54:15.961  3268 17231 I tlc_communication: mcWaitNotification is completed;237
01-19 19:54:15.961  3268 17231 I TLC_BAUTH: Check the Trustlet return code is completed;1540
01-19 19:54:15.961  3268 17231 D bauth_FPBAuthService: FPBAuthService, 3766
01-19 19:54:15.961  3268 17231 D bauth_FPBAuthService: FPBAuthService, 4061
01-19 19:54:15.961  3268 17231 D         : fprc : cc 
01-19 19:54:15.961  3268 17231 D bauth_FPBAuthSensorControl: FPBAuthSensorControl, 800
01-19 19:54:15.961  3268 17231 D bauth_FPBAuthSensorControl: FPBAuthSensorControl, 636
01-19 19:54:15.961  3268 17231 D bauth_FPBAuthSensorControl: FPBAuthSensorControl, 644
01-19 19:54:15.961  4561  5167 D BtGatt.ScanManager: stop scan
01-19 19:54:15.961  4616  4616 D KeyguardSecurityView: isNotiClickedOnShadeLocked= false
01-19 19:54:15.961  4561  5167 D BtGatt.ScanManager: delete FilterIndex - 4
01-19 19:54:15.962  4561 16211 D BtGatt.GattService: unregisterClient() - clientIf=4
01-19 19:54:15.962  3268 17231 D bauth_FPBAuthSensorControl: FPBAuthSensorControl, 552
01-19 19:54:15.962  3268 17231 D bauth_FPBAuthService: FPBAuthService, 1026
01-19 19:54:15.962  3268 17231 D bauth_Worker: Worker, 72
01-19 19:54:15.962  3757 32085 D WallpaperManagerService: getDCMLauncherEnabled false
01-19 19:54:15.962  4616  4616 I StatusBarWindowManager: isExpanded:true, true, true, true, false, false
01-19 19:54:15.962  4616  4616 I StatusBarWindowManager: applyHeight:-1
01-19 19:54:15.962  4616  4616 D KeyguardWallpaperController: mShowing=false, mOccluded=false, mFadingAway=false, match_parent=true
01-19 19:54:15.963  4616  4616 D WallpaperViewController: mWallpaperView.onPause()
01-19 19:54:15.963  4616  4616 I StatusBarWindowManager: isExpanded:true, false, true, true, false, false
01-19 19:54:15.963  4616  4616 I StatusBarWindowManager: applyHeight:-1
01-19 19:54:15.964  4616  4616 V KeyguardUpdateMonitor: *** unregister callback for com.android.keyguard.CarrierText$1@ed0b82c
01-19 19:54:15.964  4616  4616 V KeyguardUpdateMonitor: *** unregister callback for com.android.keyguard.EmergencyButton$1@a1a188a
01-19 19:54:15.967  4616  4616 V KeyguardUpdateMonitor: *** unregister callback for com.android.keyguard.KeyguardSecurityContainer$1@696c4da
01-19 19:54:15.967  4616  4616 D KeyguardUpdateMonitor: onKeyguardVisibilityChanged(false)
01-19 19:54:15.967  4616  4616 D KeyguardFingerPrint: shouldListenForFingerprint ( isFingerprintEnabled = false , mKeyguardIsVisible = false , mDeviceInteractive = true , mBouncer = false , mGoingToSleep = false , mSwitchingUser = false , mFingerprintAlreadyAuthenticated = false , mKeyguardUnlocking = false
01-19 19:54:15.968  4616  4616 D KeyguardFingerPrint: shouldListenForFingerprint ( fingerprint is not enabled. ) 
01-19 19:54:15.968  4616  4616 V KeyguardFingerPrint: stopListeningForFingerprint()
01-19 19:54:15.968  4616  4616 D KeyguardUpdateMonitor: sendKeyguardStateUpdated(false, false, false)
01-19 19:54:15.968 16988 16988 D SensorManager: registerListener :: 1, AK09911C Magnetic field Sensor, 20000, 0,  
01-19 19:54:15.969  3757 29841 I Sensors : Gyro old sensor_state 529, new sensor_state : 531 en : 1
01-19 19:54:15.970  4616  4616 D KeyguardViewMediator: adjustStatusBarLocked: mShowing=false mOccluded=false isSecure=true --> flags=0x0
01-19 19:54:15.973  4561  4688 D BtGatt.GattService: onScanFilterParamsConfigured() - clientIf=4, status=0, action=1, availableSpace=31
01-19 19:54:15.973  4561  4688 D BtGatt.ScanManager: callback done for clientIf - 4 status - 0
01-19 19:54:15.974  4561  5167 D BtGatt.ScanManager: delete FilterIndex - 3
01-19 19:54:15.975  4561  4688 D BtGatt.GattService: onScanFilterParamsConfigured() - clientIf=4, status=0, action=1, availableSpace=32
01-19 19:54:15.975  4561  4688 D BtGatt.ScanManager: callback done for clientIf - 4 status - 0
01-19 19:54:15.975  4561  5167 D BtGatt.ScanManager: configureRegularScanParams() - queue=0
01-19 19:54:15.976  4561  5167 D BtGatt.ScanManager: configureRegularScanParams() - ScanSetting Scan mode=-2147483648 mLastConfiguredScanSetting=100
01-19 19:54:15.976  4561  5167 D BtGatt.ScanManager: configureRegularScanParams() - queue emtpy, scan stopped
01-19 19:54:15.977 16988 16988 D SensorManager: registerListener :: 3, K6DS3TR Gyroscope Sensor, 20000, 0,  
01-19 19:54:15.977 16988 16988 D UE4     : App is running in Portrait
01-19 19:54:15.977 16988 16988 D UE4     : ==============> Resuming main init
01-19 19:54:15.977 16988 16988 D UE4     : ==============> GameActive.onResume complete!
01-19 19:54:15.982  3757  7202 D ActivityManager: post active user change for 0 fullscreen true isHomeActivity() false
01-19 19:54:15.982  3757  7202 D KnoxTimeoutHandler: postActiveUserChange [MsgParam] userId: 0 fullscreen is true showWhenlocked is false isMutiwindowRecord is false multiwindowstyle is 0
01-19 19:54:15.982  3757  3757 D KnoxTimeoutHandler: handleActiveUserChange [MsgParam] userId: 0 fullscreen is true showWhenlocked is false isMutiwindowRecord is false multiwindowstyle is 0
01-19 19:54:15.983  3757  3757 I KnoxTimeoutHandler: Shared devices show user statefalse
01-19 19:54:15.986  4616  4616 D KeyguardFingerPrint: setDisableBIOMETRICBySecurityDialog( false )
01-19 19:54:15.993  3757 29838 V WindowManager: Relayout Window{8cae18fd0 u0 com.GeekTechnique.InfinityStack/com.epicgames.ue4.GameActivity}: viewVisibility=0 req=1080x1920 WM.LayoutParams{(0,0)(fillxfill) sim=#110 ty=1 fl=#1810500 pfl=0x20000 fmt=1 wanim=0x1030001 vsysui=0x400 needsMenuKey=2 naviIconColor=0}
01-19 19:54:15.994  3757 17280 E BatteryStatsService: no controller energy info supplied
01-19 19:54:15.994  3757  3757 D ClientCertificateManager Service: updateLockStatus, user.id 0
01-19 19:54:15.994  3757  3757 I         : CCM JNI: In ccm_update_lock_status
01-19 19:54:15.994  3757  3757 I TZ_CCM_C_Initialize: : DEBUG_CONTAINER_PROBLEM Enter TZ_CCM_C_Initialize_TLC!
01-19 19:54:15.994  3757  3757 I TZ_CCM_C_Initialize: : pInitArgs 0x7ff565ad40 has not called C_Init before.
01-19 19:54:15.994  3757  3757 I TZ_CCM_C_Initialize: : &ctx = 0x7851f892c8
01-19 19:54:15.994  3757  3757 E TZ: client_server_communication: comm_request(0x7839440000) pImpl->serverName : CCM 
01-19 19:54:15.994  3757  3757 E TZ: client_server_communication: comm_request(0x7839440000) <IClientServer>pImpl->sconn : 0x78498dcf80 
01-19 19:54:15.994  3757  3757 E TZ: client_server_communication: comm_request(0x7839440000) <IClientServer>pImpl->sconn->getInterfaceDescriptor() : CCM 
01-19 19:54:15.994  3757  3757 I TZ: client_server_communication: Cmd id = 47, len = 19456
01-19 19:54:15.994  3757  3757 I TZ: client_server_communication: Calling Communicate()
01-19 19:54:15.995  4369  4369 I TLC_SERVER: BnTLCServer::onTransact(2) 16
01-19 19:54:15.995  4369  4369 I TLC_SERVER: COMM
01-19 19:54:15.995  4616  4838 D Tile.AirplaneModeTile: # of NON-poweroff( in servicestate) : 1
01-19 19:54:15.995  4616  4838 D Tile.AirplaneModeTile:  handleUpdateState:  value false  state.dim false
01-19 19:54:15.997  3757 29839 E SdpServiceKeeper: isLicensed {pid:4616 uid:10055 userid:0 doPkg:null}
01-19 19:54:15.997  3757 29839 E SdpServiceKeeper: System app. Skip license activation
01-19 19:54:15.999  3757  4482 E SdpServiceKeeper: isLicensed {pid:4616 uid:10055 userid:0 doPkg:null}
01-19 19:54:15.999  3757  4482 E SdpServiceKeeper: System app. Skip license activation
01-19 19:54:16.000 16988 16988 D ViewRootImpl@e972267[GameActivity]: Relayout returned: oldFrame=[0,0][1080,1920] newFrame=[0,0][1080,1920] result=0x1 surface={isValid=true -1026217984} surfaceGenerationChanged=false
01-19 19:54:16.002  3757  3757 I TZ_CCM_C_Finalize: : DEBUG_CONTAINER_PROBLEM Exercising TZ_CCM_C_Finalize_TLC
01-19 19:54:16.002  3757  3757 I TZ_CCM_C_Finalize: : There are connections; No C_Finalize for pInitArgs 0x7ff565ad40 
01-19 19:54:16.002  3757  3757 D UniversalCredentialManagerService: inside mBReciever onReceive : android.intent.action.USER_PRESENT
01-19 19:54:16.004  3757 10496 V WindowManager: Relayout Window{8fc7025d0 u0 StatusBar}: viewVisibility=0 req=1080x1920 WM.LayoutParams{(0,0)(fillxfill) gr=#30 sim=#10 ty=2000 fl=#81840048 fmt=-3 vsysui=0x600 naviIconColor=0}
01-19 19:54:16.005  3757  3775 D WindowManager: set systemUiVisibility of statusbar : vis= 0x408
01-19 19:54:16.006  3757 10496 V WindowOrientationListener: OrientationSensorJudge.getProposedRotation, Rotation: 0
01-19 19:54:16.006  3757 10496 V WindowOrientationListener: OrientationSensorJudge.getProposedRotation, Rotation: 0
01-19 19:54:16.007  3757 10496 V WindowManager: rotationForOrientationLw(orient=1, last=0); user=0  sensorRotation=0 mLidState=-1 mDockMode=0 mHdmiPlugged=false
01-19 19:54:16.009  3757  7216 D SamsungAlarmManager: Cancel Alarm calling from uid:10014 pid :5918 / op:PendingIntent{4711ac2: PendingIntentRecord{be0e38d com.google.android.gms broadcastIntent}}
01-19 19:54:16.009  3757 10496 D InputDispatcher: Focus left window: 4616
01-19 19:54:16.009  3757 10496 D InputDispatcher: Focus entered window: 16988
01-19 19:54:16.009  3757 10496 D PowerManagerService: [api] setUserActivityTimeoutOverrideFromWindowManagerInternal: timeoutMillis: -1
01-19 19:54:16.009  3757 10496 D PowerManagerService: [s] getScreenOffTimeoutLocked: 3000 -> 600000
01-19 19:54:16.009  3757 10496 D PowerManagerService: [api] setScreenDimDurationOverrideFromWindowManagerInternal: timeoutMillis: -1
01-19 19:54:16.009  3757  5062 D CoverManagerWhiteLists: isAllowedToUse : SIGNATURE_MATCH
01-19 19:54:16.010  4616  4616 D ViewRootImpl@151652b[StatusBar]: Relayout returned: oldFrame=[0,0][1080,1920] newFrame=[0,0][1080,1920] result=0x1 surface={isValid=true 516923179520} surfaceGenerationChanged=false
01-19 19:54:16.012 16988 16988 D ViewRootImpl@e972267[GameActivity]: MSG_WINDOW_FOCUS_CHANGED 1
01-19 19:54:16.012 16988 16988 D ViewRootImpl@e972267[GameActivity]: mHardwareRenderer.initializeIfNeeded()#2 mSurface={isValid=true -1026217984}
01-19 19:54:16.012  4616  4616 W View    : requestLayout() improperly called by android.widget.TextView{4425cd9 V.ED..... ......ID 0,1841-1080,1920 #7f1303fc app:id/notification_panel_carrier_label} during layout: running second layout pass
01-19 19:54:16.012 16988 16988 V threaded_app: WindowFocusChanged: 0xdb87bb40 -- 1
01-19 19:54:16.012  4616  4616 I ViewRootImpl@151652b[StatusBar]: requestLayout is already in process
01-19 19:54:16.012 16988 17007 D UE4     : [2019.01.20-00.54.16:012][  0]LogAndroid: Case APP_CMD_GAINED_FOCUS
01-19 19:54:16.013 16988 17007 D UE4     : LogAndroidEvents: EnqueueAppEvent : 11, 0, tid = 17007
01-19 19:54:16.020  6011 17283 D NfcService: call the applyRouting
01-19 19:54:16.021  3757  3774 D CompatibilityInfo: mCompatibilityFlags - 0
01-19 19:54:16.021  3757  3774 D CompatibilityInfo: applicationDensity - 420
01-19 19:54:16.021  3757  3774 D CompatibilityInfo: applicationScale - 1.0
01-19 19:54:16.023 16988 16988 D SEM_CLIP_SemClipboardManager: isCocktailBarDisplayed : false
01-19 19:54:16.024 16988 16988 V InputMethodManager: Starting input: tba=android.view.inputmethod.EditorInfo@20ad8ae nm : com.GeekTechnique.InfinityStack ic=null
01-19 19:54:16.024 16988 16988 I InputMethodManager: [IMM] startInputInner - mService.startInputOrWindowGainedFocus
01-19 19:54:16.024  3757 29841 D InputMethodManagerService: windowGainedFocus mCurrentFocusedUserId - 0 and mSecureKeypadEnabled-false
01-19 19:54:16.025  3757 29841 V InputMethodManagerService: windowGainedFocus: reason=WINDOW_FOCUS_GAIN client=android.os.BinderProxy@32f39bb inputContext=null missingMethods= attribute=android.view.inputmethod.EditorInfo@aba210e nm = com.GeekTechnique.InfinityStack controlFlags=#105 softInputMode=#110 windowFlags=#1810500
01-19 19:54:16.025  3757 29841 V InputMethodManagerService: Unspecified window will hide input
01-19 19:54:16.025  3757 29841 D InputMethodManagerService: mDesktopModeManager null!
01-19 19:54:16.025  3757 29841 V InputMethodManagerService: hideCurrentInputLocked - !shouldHideSoftInput
01-19 19:54:16.025  3757 29841 D InputTransport: Input channel constructed: fd=538
01-19 19:54:16.025  3757 29841 D InputTransport: Input channel constructed: fd=550
01-19 19:54:16.026  3757 29841 D InputTransport: Input channel destroyed: fd=550
01-19 19:54:16.026  6176  6176 D InputTransport: Input channel destroyed: fd=83
01-19 19:54:16.027  8465 30394 D InputTransport: Input channel constructed: fd=53
01-19 19:54:16.031 16988 17006 D UE4     : [2019.01.20-00.54.16:031][  0]LogAndroidEvents: Display: DequeueAppEvent : 9, 0
01-19 19:54:16.031 16988 17006 D UE4     : [2019.01.20-00.54.16:031][  0]LogAndroidEvents: Display: DequeueAppEvent : 7, 0
01-19 19:54:16.033  3757  2858 D InputTransport: Input channel constructed: fd=556
01-19 19:54:16.034  3757  2858 D InputTransport: Input channel destroyed: fd=556
01-19 19:54:16.034 16988 17000 D InputTransport: Input channel constructed: fd=89
01-19 19:54:16.034 16988 16988 V InputMethodManager: Starting input: tba=android.view.inputmethod.EditorInfo@137764f nm : com.GeekTechnique.InfinityStack ic=null
01-19 19:54:16.042 16988 17006 D UE4     : [2019.01.20-00.54.16:041][  0]LogTemp: Android resume audio
01-19 19:54:16.043 16988 17006 D UE4     : Registering volume receiver
01-19 19:54:16.055  3757  3757 D AccessibilityManagerService: readMagniferWindowEnabledSettingLocked() magniferWindowEnabled = false/ userState.mIsMagniferWindowEnabled = false
01-19 19:54:16.055  3757  3757 D KnoxVpnEngineService: Vpn Receiver : android.intent.action.USER_PRESENT
01-19 19:54:16.055  3757  3757 D LightsService: [api] [SvcLED] turnOff:: id = 6 (uid: 1000 pid: 3757) 
01-19 19:54:16.055  3757  3757 D PowerManagerUtil: fileWriteString to /sys/power/wake_lock, LightsService
01-19 19:54:16.055  3757 17280 E BatteryStatsService: modem info is invalid: ModemActivityInfo{ mTimestamp=0 mSleepTimeMs=0 mIdleTimeMs=0 mTxTimeMs[]=[0, 0, 0, 0, 0] mRxTimeMs=0 mEnergyUsed=0}
01-19 19:54:16.055  3757  4447 I KnoxVpnEngineService: vpn handle : Message received
01-19 19:54:16.055  3757  3757 D LightsService: [SvcLED] setSvcLedStateLocked:: SvcLEDState : 0x0 -> 0x0 | SvcLED(id=6) set Off
01-19 19:54:16.055  3757  3799 D LightsService: [SvcLED] handleForcedSvcLEDTask()
01-19 19:54:16.056  3757  3757 I MdnieScenarioControlService: action  :  android.intent.action.USER_PRESENT
01-19 19:54:16.056  3757  3799 D LightsService: [SvcLED]  setSvcLedLightLocked :: Current SvcLED(id=5) maintains its priority right
01-19 19:54:16.056  3757  3799 D PowerManagerUtil: fileWriteString to /sys/power/wake_unlock, LightsService
01-19 19:54:16.067 11375 11406 I BeaconManager: BleScanHelper.startBleScan - Start filter Scan(SCREEN_ON)
01-19 19:54:16.067 11375 11406 D BeaconManager: BleScanHelper.printFilterCondition - mLcdOnScanInterval: 2
01-19 19:54:16.067 11375 11406 D BeaconManager: BleScanHelper.printFilterCondition - Filter: 010002000001, Mask:ffffff0000ff
01-19 19:54:16.067 11375 11406 D BeaconManager: BleScanHelper.printFilterCondition - Filter: 010002000001, Mask:ffffff0000ff
01-19 19:54:16.067 11375 11406 D BeaconManager: BleScanHelper.printFilterCondition - Filter: 42090104000200000021, Mask:ffffffff0002000000a1
01-19 19:54:16.067 11375 11406 D BeaconManager: BleScanHelper.printFilterCondition - Filter: 4204010200, Mask:fffffdee40
01-19 19:54:16.068 11375 11406 D BluetoothLeScanner: Start Scan
01-19 19:54:16.069 11375 11406 D BluetoothAdapter: STATE_BLE_ON
01-19 19:54:16.070 11375 11406 D BluetoothAdapter: appoCount is = 0
01-19 19:54:16.071 11375 11406 D BluetoothAdapter: STATE_BLE_ON
01-19 19:54:16.073 11375 11406 D BluetoothAdapter: STATE_BLE_ON
01-19 19:54:16.074 11375 11406 D BluetoothAdapter: STATE_BLE_ON
01-19 19:54:16.074 11375 11406 D BluetoothAdapter: appoCount is = 0
01-19 19:54:16.077  4561  4580 D BtGatt.GattService: registerClient() - UUID=83310ed9-9624-4ca0-9db3-ca531d66b42f
01-19 19:54:16.078  3757 32085 D CompatibilityInfo: mCompatibilityFlags - 0
01-19 19:54:16.078  3757 32085 D CompatibilityInfo: applicationDensity - 420
01-19 19:54:16.078  3757 32085 D CompatibilityInfo: applicationScale - 1.0
01-19 19:54:16.080  3757  7206 D SdpManagerService: unlock :: Internal... 0
01-19 19:54:16.080  3757  7206 D SdpManagerService: SecureUnlock :: User : 0, Type : 1
01-19 19:54:16.080  3757  7206 D SdpManagerService: SecureUnlock :: Quality for user 0 = 65536
01-19 19:54:16.081  3757  7206 D SdpManagerService: SecureUnlock :: Low security level found...!!! 0
01-19 19:54:16.081  3757  7206 D SdpManagerService: unlock :: onDeviceUnLocked from TIMA 0
01-19 19:54:16.082  3757  7206 D TimaService: TIMA3: FipsKeyStore3_init
01-19 19:54:16.082  3757  7206 D TimaService: TIMA: in getTimaVersion
01-19 19:54:16.082  3757  7206 D TimaService: TIMA: in getTimaStatus
01-19 19:54:16.082  3757  7206 D TimaService: TIMA: in getTimaStatus
01-19 19:54:16.082  3757  7206 I TLC_TZ_KEYSTORE: : TZ_KEYSTORE_fips_initialize
01-19 19:54:16.082  3757  7206 I TLC_TZ_KEYSTORE: : creating new keystore context...
01-19 19:54:16.082  3757  7206 I TLC_TZ_KEYSTORE: : initializing ccm context...
01-19 19:54:16.082  3757  7206 I TLC_TZ_KEYSTORE: : root = 0, root_strlen = 1
01-19 19:54:16.082  3757  7206 I TLC_TZ_KEYSTORE: : process = ffffffff000000000000000000000013, process_strlen = 32
01-19 19:54:16.082  3757  7206 I TZ: mc_tlc_communication: input max_sendmsg_size = 1080
01-19 19:54:16.082  3757  7206 I TZ: mc_tlc_communication: input max_recvmsg_size = 1080
01-19 19:54:16.082  3757  7206 I TZ: mc_tlc_communication: root = 0, root_len = 1
01-19 19:54:16.082  3757  7206 I TZ: mc_tlc_communication: process = ffffffff000000000000000000000013, process_strlen = 32
01-19 19:54:16.082  3757  7206 I TZ: mc_tlc_communication: aligned max_sendmsg_size = 1088
01-19 19:54:16.082  3757  7206 I TZ: mc_tlc_communication: aligned max_recvmsg_size = 1088
01-19 19:54:16.082  3757  7206 I TZ: mc_tlc_communication: device_id = 0x0
01-19 19:54:16.082  3757  7206 I TZ: mc_tlc_communication: tlc_open() was called
01-19 19:54:16.082  3757  7206 I TZ: mc_tlc_communication: Opening MobiCore device
01-19 19:54:16.082  3757  7206 I TZ: mc_tlc_communication: Allocating message buffer for TCI
01-19 19:54:16.082  3757  7206 I TZ: mc_tlc_communication: Opening the session
01-19 19:54:16.088  3757  4473 D AudioService: getStreamVolume 3 index 110
01-19 19:54:16.088  3757  3757 D MdnieScenarioControlService:  packageName : com.GeekTechnique.InfinityStack    className : com.epicgames.ue4.GameActivity
01-19 19:54:16.088  3757  3757 D UniversalCredentialManagerService: ****MSG_LOCK_STATUS_UPDATE block started****
01-19 19:54:16.088 16988 17006 D UE4     : startVolumeReceiver: 11
01-19 19:54:16.088  3757  3757 D UniversalCredentialManagerService: notifyChangeToPlugin is called for Lock status update...
01-19 19:54:16.088  3757  3757 D UcmService: notifyChangeToPlugin event 16
01-19 19:54:16.088 16988 17006 D UE4     : nativeVolumeEvent(11)
01-19 19:54:16.088  3757  3757 D UcmService: checkCallerPermissionFor is called for method-notifyChangeToPlugin
01-19 19:54:16.088  3757  3757 I UcmService: checkIfNotify for cs Name = com.samsung.ucs.agent.boot:com.samsung.ucs.agent.boot Package name = com.samsung.ucs.agent.boot
01-19 19:54:16.088  3757  3757 D UcmService: notifying to unmanaged plugin
01-19 19:54:16.088 16988 17006 D UE4     : Registering battery receiver
01-19 19:54:16.091  9678  9689 D BootAgentService: notifyChange eventId-16
01-19 19:54:16.092  3757  3757 D UcmService: activeAgent com.samsung.ucs.agent.boot:com.samsung.ucs.agent.boot notify status - -1
01-19 19:54:16.092  3757  3757 D UcmService: activeAgent status--1
01-19 19:54:16.092  3757  3757 D UniversalCredentialManagerService: ****MSG_LOCK_STATUS_UPDATE block ended****
01-19 19:54:16.092  3757  3757 I PalmMotion: [PALM] SURFACE_MOTION_ENGINE: 1 SURFACE_PALM_TOUCH: 1
01-19 19:54:16.092  3757  3757 I PalmMotion: [PALM] SURFACE_PALM_SWIPE: 1
01-19 19:54:16.092  3757  3757 D PalmMotion: [PALM] SETTINGS : [TOUCH: true] [SWEEP: true]
01-19 19:54:16.092  3757  3757 D PalmMotion: [PALM] ACCEPTED : [noblelte] PALM_CNT : 3, M_TOUCH : 100.0, M_SWEEP : 65.0, E_SWEEP : 2.0, IGNORE_M_SWEEP : false
01-19 19:54:16.094 16988 17006 D UE4     : Registering headset receiver
01-19 19:54:16.094  4616  4616 D KeyguardUpdateMonitor: handleKeyguardStateUpdated(Bundle[{timeStamp=1547945655968, occluded=false, bouncerShowing=false, showing=false}])
01-19 19:54:16.095  4616  4616 D PhoneStatusBar: disable: < expand icons alerts system_info back home* recent* clock search* quick_settings >
01-19 19:54:16.095  4616  4616 D PhoneStatusBar: makeExpandedInvisible: mExpandedVisible=true mExpandedVisible=true
01-19 19:54:16.095  3757  4355 I SamsungAlarmManager: setLocked to kernel - T:3 / 19691231T191000, SetElapsed=-1546798774994, nowELAPSED=1146281101
01-19 19:54:16.096  3757  4354 D SamsungAlarmManager: Expired : 8
01-19 19:54:16.098  3757  4355 D SamsungAlarmManager: setInexact Intent (T:1/F:8/AC:false) 20190119T202415 - CU:1000/CP:3757
01-19 19:54:16.098 16988 16988 D UE4     : Battery: status = 2, rawlevel = 91, scale = 100
01-19 19:54:16.098 16988 16988 D UE4     : nativeBatteryEvent(stat = 2, lvl = 91  temp = 29.30 C)
01-19 19:54:16.100 16988 17006 D UE4     : startHeadsetReceiver: 0
01-19 19:54:16.100 16988 17006 D UE4     : nativeHeadsetEvent(0)
01-19 19:54:16.100 16988 17006 D UE4     : [2019.01.20-00.54.16:100][  0]LogUdpMessaging: Initializing bridge on interface 0.0.0.0:0 to multicast group 230.0.0.1:6666.
01-19 19:54:16.104 16988 16988 D UE4     : headsetReceiver::onReceive
01-19 19:54:16.106  3757  4354 I SamsungAlarmManager: setLocked to kernel - T:3 / 20190119T195420, SetElapsed=1146285189, nowELAPSED=1146281112
01-19 19:54:16.106  3757  4354 V SamsungAlarmManager: Sending to uid : 1000 action=com.android.server.action.UPDATE_TWILIGHT_STATE alarm=Alarm{93bb93b type 1 when 600000 android}
01-19 19:54:16.107  4616  4616 D SwipeDoorsillDetector: reset()com.android.systemui.statusbar.phone.NotificationPanelView.resetViews:864 com.android.systemui.statusbar.phone.PanelBar.collapsePanel:173 com.android.systemui.statusbar.phone.PhoneStatusBar.makeExpandedInvisible:4151 com.android.systemui.statusbar.phone.PhoneStatusBarView$1.run:52 
01-19 19:54:16.107  4616  4616 D KeyguardCircleAffordanceView: setPreviewView: mRight=true,preview=null
01-19 19:54:16.109 16988 16988 D UE4     : nativeHeadsetEvent(0)
01-19 19:54:16.109  4616 17290 D KeyguardUpdateMonitor: broadcasted intent= Intent { act=com.samsung.keyguard.KEYGUARD_STATE_UPDATE launchParam=MultiScreenLaunchParams { mDisplayId=0 mFlags=0 } (has extras) }
01-19 19:54:16.114  7370  9273 I DiscoveryManager: Filter criteria(%urn:x-cast:com.google.cast.media) scannerFlags(2)
01-19 19:54:16.115  4616  4616 I StatusBarWindowManager: isExpanded:true, false, false, true, false, false
01-19 19:54:16.116  4616  4616 I StatusBarWindowManager: applyHeight:-1
01-19 19:54:16.116  4616  4616 I StatusBarWindowManager: isExpanded:true, false, false, true, false, false
01-19 19:54:16.116  4616  4616 I StatusBarWindowManager: applyHeight:-1
01-19 19:54:16.116  4616  4616 D PhoneStatusBar: disable: < expand icons alerts system_info back home recent clock search quick_settings >
01-19 19:54:16.117  4616  4616 D vol.SecVolumeDialog: mBroadcastReceiver : dismiss mLockScreenDialog()
01-19 19:54:16.117 16988 17006 D UE4     : [2019.01.20-00.54.16:117][  0]LogTcpMessaging: Initializing TcpMessaging bridge, listening on 127.0.0.1:6666
01-19 19:54:16.120  4616  4616 D ViewRootImpl@151652b[StatusBar]: MSG_WINDOW_FOCUS_CHANGED 0
01-19 19:54:16.121 16988 17006 D UE4     : Execution has been resumed!
01-19 19:54:16.121 16988 17006 D UE4     : [2019.01.20-00.54.16:121][  0]LogAndroidEvents: Display: DequeueAppEvent : 11, 0
01-19 19:54:16.129  3757  7206 I TZ: mc_tlc_communication: tlc_open() succeeded
01-19 19:54:16.129  3757  7206 I TLC_TZ_KEYSTORE: : ctx = 0x7824f988c0, comm = 0x7824f98880, sendmsg = 0x7837fb6000, recvmsg = 0x7837fb6440
01-19 19:54:16.129  3757  7206 I TZ_init: : TZ_init: fips_init_TLC sending initialization request...
01-19 19:54:16.129  3757  7206 I TZ_init: : TZ_init: sending initialization request...
01-19 19:54:16.131  4616  4616 I StatusBarWindowManager: isExpanded:true, false, false, true, false, false
01-19 19:54:16.131  4616  4616 I StatusBarWindowManager: applyHeight:-1
01-19 19:54:16.131  4616  4616 I StatusBarWindowManager: isExpanded:true, false, false, false, false, false
01-19 19:54:16.131  4616  4616 I StatusBarWindowManager: applyHeight:63
01-19 19:54:16.132  4616  4616 D KeyguardWallpaperController: mShowing=false, mOccluded=false, mFadingAway=false, match_parent=true
01-19 19:54:16.133  3757 32083 D WindowManager: adjustSystemUiVisibilityLw : vis= 0x408
01-19 19:54:16.134  4616  4838 D Tile.AirplaneModeTile: # of NON-poweroff( in servicestate) : 1
01-19 19:54:16.134  4616  4838 D Tile.AirplaneModeTile:  handleUpdateState:  value false  state.dim false
01-19 19:54:16.135  3757 10512 D CompatibilityInfo: mCompatibilityFlags - 0
01-19 19:54:16.135  3757 10512 D CompatibilityInfo: applicationDensity - 420
01-19 19:54:16.135  3757 10512 D CompatibilityInfo: applicationScale - 1.0
01-19 19:54:16.135  3757  2859 D ConnectivityService: filterNetworkStateForUid() uid: 10014 networkInfo: [type: WIFI[] - WIFI, state: CONNECTED/CONNECTED, reason: (unspecified), extra: "wilkinson2.4", failover: false, available: true, roaming: false, metered: false]
01-19 19:54:16.136  3757  4332 I LightSensor: #>LightSensor r=24 g=13 b=13 c=31 atime=245 again=64 lux=13
01-19 19:54:16.137  3757  3757 D SSRM:a  : Light : 13 lux
01-19 19:54:16.138  3757  3757 I LightSensor: Light old sensor_state 531, new sensor_state : 19 en : 0
01-19 19:54:16.145  3757  7216 V WindowManager: Relayout Window{8fc7025d0 u0 StatusBar}: viewVisibility=0 req=1080x63 WM.LayoutParams{(0,0)(fillx63) gr=#30 sim=#10 ty=2000 fl=#81840048 fmt=-3 vsysui=0x600 naviIconColor=0}
01-19 19:54:16.146  3757  3757 D SensorManager: unregisterListener ::   
01-19 19:54:16.146  3757  7206 I TZ_init: : TZ_init: successful initialization
01-19 19:54:16.146  3757  7206 I TLC_TZ_KEYSTORE: fips_self_test: : TZ_KEYSTORE_fips_self_test_START...
01-19 19:54:16.149  3757 10512 D CompatibilityInfo: mCompatibilityFlags - 0
01-19 19:54:16.149  3757 10512 D CompatibilityInfo: applicationDensity - 420
01-19 19:54:16.149  3757 10512 D CompatibilityInfo: applicationScale - 1.0
01-19 19:54:16.156 16988 17006 D UE4     : [2019.01.20-00.54.16:156][  0]LogAndroid: Mobile HDR: YES
01-19 19:54:16.156 16988 17006 D UE4     : [2019.01.20-00.54.16:156][  0]LogAndroid: Setting Width=720 and Height=1280 (requested scale = 1.000000)
01-19 19:54:16.156  3757  7206 I TLC_TZ_KEYSTORE: fips_self_test: : TZ_KEYSTORE_fips_self_test_END...
01-19 19:54:16.157  3757  7206 E TLC_TZ_KEYSTORE: : Self Test Succeded
01-19 19:54:16.157  3757  7206 I TZ: mc_tlc_communication: tlc_close() was called
01-19 19:54:16.157  3757  7206 I TZ: mc_tlc_communication: Closing the session
01-19 19:54:16.167  3757  5902 D CompatibilityInfo: mCompatibilityFlags - 0
01-19 19:54:16.167  3757  5902 D CompatibilityInfo: applicationDensity - 420
01-19 19:54:16.167  3757  5902 D CompatibilityInfo: applicationScale - 1.0
01-19 19:54:16.174  3757  4550 D PowerManagerService: [PWL] sb release: PowerManagerService.Broadcasts
01-19 19:54:16.175 16988 16988 D ViewRootImpl@e972267[GameActivity]: MSG_RESIZED: ci=Rect(0, 0 - 0, 0) vi=Rect(0, 0 - 0, 0) or=1
01-19 19:54:16.179  4561  4688 D BtGatt.GattService: onClientRegistered() - UUID=83310ed9-9624-4ca0-9db3-ca531d66b42f, clientIf=4, status=0
01-19 19:54:16.181 11375 11391 D BluetoothLeScanner: onClientRegistered() - status=0 clientIf=4 mClientIf=0
01-19 19:54:16.182  4561  4576 D BtGatt.GattService: start scan with filters
01-19 19:54:16.184  3757  2858 D CompatibilityInfo: mCompatibilityFlags - 0
01-19 19:54:16.184  3757  2858 D CompatibilityInfo: applicationDensity - 420
01-19 19:54:16.184  3757  2858 D CompatibilityInfo: applicationScale - 1.0
01-19 19:54:16.184  4561  4576 D BluetoothAdapter: STATE_BLE_ON
01-19 19:54:16.185  4561  4576 D BluetoothAdapter: appoCount is = 0
01-19 19:54:16.186  4561  4576 D BluetoothAdapter: STATE_BLE_ON
01-19 19:54:16.187  4561  4576 D BtGatt.GattService: getScanSettings
01-19 19:54:16.187  4616  4616 D ViewRootImpl@151652b[StatusBar]: Relayout returned: oldFrame=[0,0][1080,1920] newFrame=[0,0][1080,63] result=0x21 surface={isValid=true 516923179520} surfaceGenerationChanged=false
01-19 19:54:16.189  4561  4576 D BtGatt.GattService: Is it foreground application = false
01-19 19:54:16.189  4561  4576 D BtGatt.GattService: Its a background application running with Low Power scan mode
01-19 19:54:16.191  3757 10512 D CompatibilityInfo: mCompatibilityFlags - 0
01-19 19:54:16.191  3757 10512 D CompatibilityInfo: applicationDensity - 420
01-19 19:54:16.191  3757 10512 D CompatibilityInfo: applicationScale - 1.0
01-19 19:54:16.197  4561  5184 E BtGatt.GattService: [GSIM LOG]: gsimLogHandler: android.uid.bcmgr, msg: MESSAGE_START_SCAN
01-19 19:54:16.200  3757  7206 I TZ: mc_tlc_communication: Freeing message buffer
01-19 19:54:16.200  4561  5167 D BtGatt.ScanManager: handling starting scan
01-19 19:54:16.200  3757  7206 I TZ: mc_tlc_communication: Closing MobiCore device
01-19 19:54:16.200  3757  7206 I TZ: mc_tlc_communication: tlc_close() succeeded
01-19 19:54:16.200  3757  7206 E TLC_TZ_KEYSTORE: : Count : 1, Ret : 0
01-19 19:54:16.200  3757  7206 E         : TimaKeyStore: tima_check_tzdriver success : 0
01-19 19:54:16.200  3757  7206 D TimaHelper: checkTimaStatus() - Version FIPS3.0, Status0, Validation : true
01-19 19:54:16.201  4561  5167 D BluetoothAdapter: STATE_BLE_ON
01-19 19:54:16.203  3757  7206 D TimaService: TIMA3: FipsKeyStore3_init
01-19 19:54:16.203  3757  7206 D TimaService: TIMA: in getTimaVersion
01-19 19:54:16.203  3757  7206 D TimaService: TIMA: in getTimaStatus
01-19 19:54:16.203  3757  7206 D TimaService: TIMA: in getTimaStatus
01-19 19:54:16.203  3757  7206 I TLC_TZ_KEYSTORE: : TZ_KEYSTORE_fips_initialize
01-19 19:54:16.203  3757  7206 I TLC_TZ_KEYSTORE: : creating new keystore context...
01-19 19:54:16.203  3757  7206 I TLC_TZ_KEYSTORE: : initializing ccm context...
01-19 19:54:16.203  3757  7206 I TLC_TZ_KEYSTORE: : root = 0, root_strlen = 1
01-19 19:54:16.203  3757  7206 I TLC_TZ_KEYSTORE: : process = ffffffff000000000000000000000013, process_strlen = 32
01-19 19:54:16.203  3757  7206 I TZ: mc_tlc_communication: input max_sendmsg_size = 1080
01-19 19:54:16.203  3757  7206 I TZ: mc_tlc_communication: input max_recvmsg_size = 1080
01-19 19:54:16.203  4561  5167 D BluetoothAdapter: STATE_BLE_ON
01-19 19:54:16.203  3757  7206 I TZ: mc_tlc_communication: root = 0, root_len = 1
01-19 19:54:16.203  3757  7206 I TZ: mc_tlc_communication: process = ffffffff000000000000000000000013, process_strlen = 32
01-19 19:54:16.203  3757  7206 I TZ: mc_tlc_communication: aligned max_sendmsg_size = 1088
01-19 19:54:16.203  3757  7206 I TZ: mc_tlc_communication: aligned max_recvmsg_size = 1088
01-19 19:54:16.203  3757  7206 I TZ: mc_tlc_communication: device_id = 0x0
01-19 19:54:16.203  3757  7206 I TZ: mc_tlc_communication: tlc_open() was called
01-19 19:54:16.203  3757  7206 I TZ: mc_tlc_communication: Opening MobiCore device
01-19 19:54:16.203  3757  7206 I TZ: mc_tlc_communication: Allocating message buffer for TCI
01-19 19:54:16.203  3757  7206 I TZ: mc_tlc_communication: Opening the session
01-19 19:54:16.204  3757  5902 D WifiScanController: isNLPPackage:com.google.android.gms, true
01-19 19:54:16.205  4561  5167 D BluetoothAdapter: appoCount is = 0
01-19 19:54:16.206  3757  4458 I WifiScanController: location is disabled
01-19 19:54:16.207  3268  5563 D bauth_FPBAuthService: pcf : 0x1011
01-19 19:54:16.207  3268  5563 I TLC_BAUTH: Call FP cmd 0xc (30);1557
01-19 19:54:16.208  3757  4530 E WifiWatchdogStateMachine: Unhandled message { when=-1ms what=135229 target=com.android.internal.util.StateMachine$SmHandler } in state ValidNonSwitchableState
01-19 19:54:16.208  3268  5563 I tlc_communication: Send Trustlet TCI Message;214
01-19 19:54:16.209  3268  5563 I tlc_communication: mcNotify is completed;224
01-19 19:54:16.210 14378 14378 I wpa_supplicant: wlan0: Setting scan request: 0 sec 0 usec
01-19 19:54:16.211 14378 14378 I wpa_supplicant: P2P: Current p2p state = IDLE
01-19 19:54:16.214 14378 14378 I wpa_supplicant: Scan requested (ret=0) - scan timeout 30 seconds
01-19 19:54:16.218  4561  5167 D BluetoothAdapter: STATE_BLE_ON
01-19 19:54:16.220  4616  4748 D mali_winsys: EGLint new_window_surface(egl_winsys_display*, void*, EGLSurface, EGLConfig, egl_winsys_surface**, egl_color_buffer_format*, EGLBoolean) returns 0x3000,  [1080x63]-format:1
01-19 19:54:16.220  4616  4616 D ViewRootImpl@151652b[StatusBar]: mHardwareRenderer.updateSurface() mSurface={isValid=true 516923179520}
01-19 19:54:16.223  4616  4616 D KeyguardWallpaperController: onLayoutChange() v: com.android.systemui.statusbar.BackDropView{669de9 I.E...... ......ID 0,0-1080,63 #7f130417 app:id/backdrop}, bottom : 63, oldBottom : 1920
01-19 19:54:16.223  4616  4616 D KeyguardWallpaperController: mShowing=false, mOccluded=false, mFadingAway=false, match_parent=false
01-19 19:54:16.226 16988 17285 I         : Increase max job count 60
01-19 19:54:16.226  4561  5167 D BluetoothAdapter: STATE_BLE_ON
01-19 19:54:16.229  3757 32085 D PackageManager: setEnabledSetting : userId = 0 packageName = com.android.settings cmp = com.samsung.android.settings.qstile.PersonalModeTile newState = 1 callingPackage = 1000
01-19 19:54:16.230  4561  5167 D BluetoothAdapter: appoCount is = 0
01-19 19:54:16.236  3757  4486 D SamsungAlarmManager: setInexact Listener (T:2/F:8/AC:false) 20190119T195431 - CU:1000/CP:3757
01-19 19:54:16.236  4561  5167 D BluetoothAdapter: STATE_BLE_ON
01-19 19:54:16.236  3757  4486 I SamsungAlarmManager: setLocked to kernel - T:2 / 20190119T195431, SetElapsed=1146296217, nowELAPSED=1146281242
01-19 19:54:16.237  4561  5167 D BluetoothAdapter: STATE_BLE_ON
01-19 19:54:16.238  4561  5167 D BluetoothAdapter: appoCount is = 0
01-19 19:54:16.242  4561  4688 D BtGatt.GattService: onScanFilterEnableDisabled() - clientIf=4, status=0, action=1
01-19 19:54:16.242  4561  4688 D BtGatt.ScanManager: callback done for clientIf - 4 status - 0
01-19 19:54:16.244  4561  5167 D BtGatt.ScanManager: set filter index= 5 for clientIf= 4
01-19 19:54:16.244  4561  5167 D BtGatt.ScanManager: addFilterToController: 5
01-19 19:54:16.248  4561  4688 D BtGatt.GattService: onScanFilterConfig() - clientIf=4, action = 0 status = 0, filterType=5, availableSpace=47
01-19 19:54:16.248  4561  4688 D BtGatt.ScanManager: callback done for clientIf - 4 status - 0
01-19 19:54:16.248  4561  5167 D BtGatt.ScanManager: High Rssi Filter value is = -128
01-19 19:54:16.248  4561  5167 D BtGatt.ScanManager: Low Rssi Filter value is = -128
01-19 19:54:16.248  4561  5167 D BtGatt.ScanManager: configureFilterParamter 500 10000 1 0scanFilterRssiThreshold = -128trackableScanFilterRssiThreshold = -128matchmode is =1
01-19 19:54:16.249  4561  4688 D BtGatt.GattService: onScanFilterParamsConfigured() - clientIf=4, status=0, action=0, availableSpace=31
01-19 19:54:16.249  4561  4688 D BtGatt.ScanManager: callback done for clientIf - 4 status - 0
01-19 19:54:16.250  4561  5167 D BtGatt.ScanManager: set filter index= 10 for clientIf= 4
01-19 19:54:16.250  4561  5167 D BtGatt.ScanManager: addFilterToController: 5
01-19 19:54:16.251  4561  4688 D BtGatt.GattService: onScanFilterConfig() - clientIf=4, action = 0 status = 0, filterType=5, availableSpace=46
01-19 19:54:16.251  4561  4688 D BtGatt.ScanManager: callback done for clientIf - 4 status - 0
01-19 19:54:16.252  4561  5167 D BtGatt.ScanManager: High Rssi Filter value is = -128
01-19 19:54:16.252  4561  5167 D BtGatt.ScanManager: Low Rssi Filter value is = -128
01-19 19:54:16.252  4561  5167 D BtGatt.ScanManager: configureFilterParamter 500 10000 1 0scanFilterRssiThreshold = -128trackableScanFilterRssiThreshold = -128matchmode is =1
01-19 19:54:16.254  4561  4688 D BtGatt.GattService: onScanFilterParamsConfigured() - clientIf=4, status=0, action=0, availableSpace=30
01-19 19:54:16.254  4561  4688 D BtGatt.ScanManager: callback done for clientIf - 4 status - 0
01-19 19:54:16.255  3757  4440 D ConnectivityService: filterNetworkStateForUid() uid: 10014 networkInfo: [type: WIFI[] - WIFI, state: CONNECTED/CONNECTED, reason: (unspecified), extra: "wilkinson2.4", failover: false, available: true, roaming: false, metered: false]
01-19 19:54:16.255  4561  5167 D BtGatt.ScanManager: set filter index= 16 for clientIf= 4
01-19 19:54:16.256  4561  5167 D BtGatt.ScanManager: addFilterToController: 5
01-19 19:54:16.256  4616  4616 V hong    : mid yDiff = 382
01-19 19:54:16.256  4616  4616 V hong    : mid yDiff = 382
01-19 19:54:16.259  4561  4688 D BtGatt.GattService: onScanFilterConfig() - clientIf=4, action = 0 status = 0, filterType=5, availableSpace=45
01-19 19:54:16.259  4561  4688 D BtGatt.ScanManager: callback done for clientIf - 4 status - 0
