01-07 16:12:55.284  3757  7205 D ConnectivityService: filterNetworkStateForUid() uid: 10179 networkInfo: [type: ETHERNET[] - ETHERNET, state: DISCONNECTED/DISCONNECTED, reason: (unspecified), extra: (none), failover: false, available: true, roaming: false, metered: false]
01-07 16:12:55.284  3757  7205 D ConnectivityService: filterNetworkStateForUid() uid: 10179 networkInfo: [type: MOBILE_FOTA[] - MOBILE_FOTA, state: DISCONNECTED/DISCONNECTED, reason: (unspecified), extra: (none), failover: false, available: true, roaming: false, metered: false]
01-07 16:12:55.284  3757  7205 W NetworkIdentity: Active mobile network without subscriber!
01-07 16:12:55.285  3757  7205 D ConnectivityService: filterNetworkStateForUid() uid: 10179 networkInfo: [type: MOBILE_IMS[] - MOBILE_IMS, state: DISCONNECTED/DISCONNECTED, reason: (unspecified), extra: (none), failover: false, available: true, roaming: false, metered: false]
01-07 16:12:55.285  3757  7205 W NetworkIdentity: Active mobile network without subscriber!
01-07 16:12:55.285  3757  7205 D ConnectivityService: filterNetworkStateForUid() uid: 10179 networkInfo: [type: MOBILE_CBS[] - MOBILE_CBS, state: DISCONNECTED/DISCONNECTED, reason: (unspecified), extra: (none), failover: false, available: true, roaming: false, metered: false]
01-07 16:12:55.286  3757  7205 W NetworkIdentity: Active mobile network without subscriber!
01-07 16:12:55.286  3757  7205 D ConnectivityService: filterNetworkStateForUid() uid: 10179 networkInfo: [type: WIFI_P2P[] - WIFI_P2P, state: UNKNOWN/IDLE, reason: (unspecified), extra: (none), failover: false, available: true, roaming: false, metered: false]
01-07 16:12:55.286  3757  7205 D ConnectivityService: filterNetworkStateForUid() uid: 10179 networkInfo: [type: MOBILE_EMERGENCY[] - MOBILE_EMERGENCY, state: DISCONNECTED/DISCONNECTED, reason: (unspecified), extra: (none), failover: false, available: true, roaming: false, metered: false]
01-07 16:12:55.287  3757  7205 W NetworkIdentity: Active mobile network without subscriber!
01-07 16:12:55.287  3757  7205 D ConnectivityService: filterNetworkStateForUid() uid: 10179 networkInfo: [type: VPN[] - VPN, state: DISCONNECTED/DISCONNECTED, reason: (unspecified), extra: (none), failover: false, available: true, roaming: false, metered: false]
01-07 16:12:55.343  3757  5062 D BatteryService: !@BatteryListener : batteryPropertiesChanged!
01-07 16:12:55.344  3757  5062 D BatteryService: level:64, scale:100, status:2, health:2, present:true, voltage: 4039, temperature: 304, technology: Li-ion, AC powered:false, USB powered:true, POGO powered:false, Wireless powered:false, icon:17303694, invalid charger:0, maxChargingCurrent:0, maxChargingVoltage:0, chargeCounter:0
01-07 16:12:55.344  3757  5062 D BatteryService: online:6, current avg:585, charge type:1, power sharing:false, high voltage charger:false, capacity:280000, batterySWSelfDischarging:false, misc_event:0, current_now:558
01-07 16:12:55.344  3757  3757 D BatteryService: Sending ACTION_BATTERY_CHANGED.
01-07 16:12:55.350  3757  3757 V UiModeManager: updateLocked: null action, mDockState=0, category=null
01-07 16:12:55.350  3757  3757 D UiModeManager: updateConfigurationLocked: mDockState=0; mCarMode=false; mNightMode=1; uiMode=17
01-07 16:12:55.351  3757  3757 D GameManagerService: new battery level: 64
01-07 16:12:55.354  4616  4616 D KeyguardUpdateMonitor: received broadcast android.intent.action.BATTERY_CHANGED
01-07 16:12:55.354  4616  4616 D KeyguardUpdateMonitor: handleBatteryUpdate
01-07 16:12:55.358  4616  4616 D PowerUI : priorPlugType = 2 mPlugType =  2
01-07 16:12:55.359  4616  4616 D PowerUI.Notification: showChargingNotice oldChargingType : 1 currentChargingType : 1 oldChargingTime : 4621000 mChargingTime : 4610000
01-07 16:12:55.359  4616  4616 D PowerUI.Notification: showChargingNotification()
01-07 16:12:55.362 20189 20206 V threaded_app: New input event: type=2
01-07 16:12:55.366  5024  5024 D PhoneApp: PhoneAppBroadcastReceiver onReceive android.intent.action.BATTERY_CHANGED
01-07 16:12:55.366  5024  5024 D TelephonyExtensionManager: lowBatterySound - isLowBatterySoundScheduled: false
01-07 16:12:55.367  5024  5024 D TelephonyExtensionManager: lowBatterySound - isPlayNow: false
01-07 16:12:55.367  5024  5024 D TelephonyExtensionManager: isSpeakerON - false
01-07 16:12:55.381  5024  5024 D TelephonyExtensionManager: lowBatterySound - batteryStatus: 2
01-07 16:12:55.381  5024  5024 D TelephonyExtensionManager: lowBatterySound - batteryLevel: 64
01-07 16:12:55.381  5024  5024 D TelephonyExtensionManager: lowBatterySound - cancel
01-07 16:12:55.381  3757  5063 D SamsungAlarmManager: Cancel Alarm calling from uid:1001 pid :5024 / op:PendingIntent{45cb1fb: PendingIntentRecord{1542118 com.android.phone broadcastIntent}}
01-07 16:12:55.382  5024  5024 D TelephonyExtension: Not stopping low battery tone
01-07 16:12:55.383  3757 32084 D ApplicationPolicy: isStatusBarNotificationAllowedAsUser: packageName = com.android.systemui,userId = -1
01-07 16:12:55.387  4616  4616 D BatteryMeterDrawable: isSomethingChanged - false
01-07 16:12:55.387  4616  4616 D BatteryMeterDrawable: isSomethingChanged - false
01-07 16:12:55.390  4616  4616 D Tile.FlashlightTile: ACTION_BATTERY_CHANGED - Level :: 64, emEnabled :: false
01-07 16:12:55.438  4616  4616 D KeyguardServiceBoxContainer: updateCMAS() hasCmasNotification = false, mHasCMAS = false
01-07 16:12:55.496 20189 20206 V threaded_app: New input event: type=2
01-07 16:12:55.530 20189 20206 V threaded_app: New input event: type=2
01-07 16:12:55.542  3757  4398 D InputReader: Input event(3): value=0 when=20710761147000
01-07 16:12:55.542  3757  4398 D InputReader: Input event(3): value=0 when=20710761147000
01-07 16:12:55.542  3757  4398 I InputReader: Touch event's action is 0x1 (deviceType=0) [pCnt=1, s=] when=20710761147000
01-07 16:12:55.542  3757  4397 I InputDispatcher: Delivering touch to (20189): action: 0x1, toolType: 1
01-07 16:12:55.544 20189 20206 V threaded_app: New input event: type=2
01-07 16:12:55.545 20189 20189 D ViewRootImpl@e972267[GameActivity]: ViewPostImeInputStage processPointer 1
01-07 16:12:55.626  3757  4354 D SamsungAlarmManager: Expired : 8
01-07 16:12:55.626  3757  4354 I SamsungAlarmManager: setLocked to kernel - T:3 / 20190107T161255, SetElapsed=96197555, nowELAPSED=96197467
01-07 16:12:55.627  3757  4354 V SamsungAlarmManager: Sending to uid : 10059 action=null alarm=Alarm{cd47218 type 3 when 96197467 com.asurion.android.verizon.vms}
01-07 16:12:55.636  3757  4354 D CompatibilityInfo: mCompatibilityFlags - 0
01-07 16:12:55.636  3757  4354 D CompatibilityInfo: applicationDensity - 420
01-07 16:12:55.636  3757  4354 D CompatibilityInfo: applicationScale - 1.0
01-07 16:12:55.660  3757 10496 D SamsungAlarmManager: setExact Intent (T:3/F:5/AC:false) 20190107T161300 - CU:10059/CP:6745
01-07 16:12:55.713  3757  4354 D SamsungAlarmManager: Expired : 8
01-07 16:12:55.715  3757  4354 D SamsungAlarmManager: setInexact Intent (T:3/F:0/AC:false) 20190107T161555 - CU:1000/CP:3757
01-07 16:12:55.716  3757  4354 I SamsungAlarmManager: setLocked to kernel - T:3 / 20190107T161300, SetElapsed=96201841, nowELAPSED=96197557
01-07 16:12:55.716  3757  4354 V SamsungAlarmManager: Sending to uid : 10014 action=null alarm=Alarm{6d15256 type 3 when 96159445 com.google.android.gms}
01-07 16:12:55.718  3757  4354 V SamsungAlarmManager: Sending to uid : 1001 action=com.android.internal.telephony.data-stall alarm=Alarm{2ba72d7 type 3 when 96172372 com.android.phone}
01-07 16:12:55.721  3757  3774 D CompatibilityInfo: mCompatibilityFlags - 0
01-07 16:12:55.721  3757  3774 D CompatibilityInfo: applicationDensity - 420
01-07 16:12:55.721  3757  3774 D CompatibilityInfo: applicationScale - 1.0
01-07 16:12:55.723  3757  4354 V SamsungAlarmManager: Sending to uid : 10032 action=com.samsung.android.app.shealth.tracker.pedometer.PedometerService.HBA alarm=Alarm{1aa97c4 type 3 when 96197555 com.sec.android.app.shealth}
01-07 16:12:55.732 11359 11359 I PedometerService: onStartCommand  true, true, false
01-07 16:12:55.735  3757  2859 D CompatibilityInfo: mCompatibilityFlags - 0
01-07 16:12:55.735  3757  2859 D CompatibilityInfo: applicationDensity - 420
01-07 16:12:55.735  3757  2859 D CompatibilityInfo: applicationScale - 1.0
01-07 16:12:55.737  3757  7204 D SemContext.CaeProvider.SensorStatusCheckImpl: Sensor Check Event is null!!
01-07 16:12:55.737  3757  7204 D SemContextService: requestToUpdate() : service = Sensor Status Check
01-07 16:12:55.738 11359 11359 D SemContextManager:   .requestToUpdate : listener = com.samsung.android.app.shealth.tracker.pedometer.service.wrapper.ActivitySensorDelegator$SemContextListenerWrapper@d8899a1, service=Sensor Status Check
01-07 16:12:55.760  3757  4440 D SamsungAlarmManager: setInexact Intent (T:3/F:8/AC:false) 20190107T161355 - CU:1001/CP:5024
01-07 16:12:55.785  3757  4469 D CompatibilityInfo: mCompatibilityFlags - 0
01-07 16:12:55.785  3757  4469 D CompatibilityInfo: applicationDensity - 420
01-07 16:12:55.785  3757  4469 D CompatibilityInfo: applicationScale - 1.0
01-07 16:12:55.799  3757  7216 D CompatibilityInfo: mCompatibilityFlags - 0
01-07 16:12:55.800  3757  7216 D CompatibilityInfo: applicationDensity - 420
01-07 16:12:55.800  3757  7216 D CompatibilityInfo: applicationScale - 1.0
01-07 16:12:55.856  3757  7201 D CompatibilityInfo: mCompatibilityFlags - 0
01-07 16:12:55.856  3757  7201 D CompatibilityInfo: applicationDensity - 420
01-07 16:12:55.856  3757  7201 D CompatibilityInfo: applicationScale - 1.0
01-07 16:12:55.956  3757  7206 D ConnectivityService: filterNetworkStateForUid() uid: 10014 networkInfo: [type: WIFI[] - WIFI, state: CONNECTED/CONNECTED, reason: (unspecified), extra: "wilkinson2.4", failover: false, available: true, roaming: false, metered: false]
01-07 16:12:56.042 19856 20005 D ClClient: Not sending keepalive.  Current connection state=STOPPED
01-07 16:12:56.107  3757  7216 D SamsungAlarmManager: setInexact Intent (T:3/F:0/AC:false) 20190107T161356 - CU:10014/CP:5918
01-07 16:12:57.280  5689  5689 D io_stats: !@   8,0 r 413168 13493396 w 294575 5246184 d 37995 1934688 f 67680 67655 iot 406550 256147 th 61440 61440 57476 pt 3340 inp 0 0 20712.498
01-07 16:12:57.485  3227  3261 D Sensorhubs: readContextData: 1, 1, 7, -1
01-07 16:12:57.486  3757  4361 D SensorHubManager: onGetSensorHubDataLocked: library(4) = 1, 1, 7, -1
01-07 16:12:57.487  3757  4360 D CAE     : onGetSensorHubData(SensorHubParserProvider.java:94) - onGetSensorHubData Event [event buffer len :4], AP_WAKEUP
01-07 16:12:57.487  3757  4360 I CAE     : parse(SensorHubParserProvider.java:196) - buffer size = 4
01-07 16:12:57.488  3757  4360 I CAE     : parse(SensorHubParserProvider.java:207) - 1, 1, 7, -1,
01-07 16:12:57.488  3757  4360 D CAE     : display(ContextProvider.java:375) - ================= AUTO_ROTATION =================
01-07 16:12:57.489  3757  4360 I CAE     : display(ContextProvider.java:391) - Angle=[-1]
01-07 16:12:57.490  3757  4364 D SemContextService: updateContext() : event = Auto Rotation
01-07 16:12:57.491  3757  3757 D SemContextManager: onSemContextChanged() : event = Auto Rotation Angle : -1
01-07 16:12:57.491  3757  3757 D SContextManager: onSContextChanged() : event = Auto Rotation Angle : -1
01-07 16:12:57.491  3757  3757 V WindowOrientationListener: OrientationSensorJudge.onSContextChanged, Rotation: -1
01-07 16:12:57.618 20189 20208 D UE4     : Used memory: 216268
01-07 16:12:57.915  3757  4458 D WifiStateMachine: Current network is: "wilkinson2.4" , ID is: 30
01-07 16:12:57.915  3757  4458 I WifiStateMachine: IMS calling, current network is always qualified
01-07 16:12:59.084  4616  4823 D NetworkController.MobileSignalController(0/1): onSignalStrengthsChanged signalStrength=SignalStrength: 99 99 -120 -160 -120 -1 -1 15 -122 -16 -11 2147483647 2147483647 0x1000 gsm|lte level=1
01-07 16:12:59.087  4616  4823 D NetworkController.MobileSignalController(0/1): getMobileIconGroup(): 13
01-07 16:12:59.087  4616  4823 D NetworkController.MobileSignalController(0/1): updateVZWMobileIconGroup(): 13
01-07 16:12:59.088  3757  4473 D ConnectivityService: filterNetworkStateForUid() uid: 10179 networkInfo: [type: WIFI[] - WIFI, state: CONNECTED/CONNECTED, reason: (unspecified), extra: "wilkinson2.4", failover: false, available: true, roaming: false, metered: false]
01-07 16:12:59.091  5035  5670 D EPDG -- [SMARTWIFI]: onSignalStrengthsChanged: Received signal strength change, phone type is: 2
01-07 16:12:59.091  5035  6446 D EPDG -- [SMARTWIFI]: lastLteRSRP is -121currentLteRSRP is -122
01-07 16:12:59.092  5035  6446 D EPDG -- [SMARTWIFI]: lastLteRSRQ is -15currentLteRSRQ is -16
01-07 16:12:59.092  5035  6446 D EPDG -- [SMARTWIFI]: lastCdmaDb is -16currentCdmaDb is -16
01-07 16:12:59.092  5035  6446 V EPDG -- [SMARTWIFI]: Radio oldest entry removed
01-07 16:12:59.092  5035  6446 V EPDG -- [SMARTWIFI]: New entry : (SignalStrength: 99 99 -120 -160 -120 -1 -1 15 -122 -16 -11 2147483647 2147483647 0x1000 gsm|lte : 0 )
01-07 16:12:59.092  5035  6446 V EPDG -- [SMARTWIFI]: Radio entry added
01-07 16:12:59.098  4616  4823 D NetworkController.MobileSignalController(0/1): callState:0, callStateByPhone:false voLTECall:false voiceNetTpe:13 dataNetType:13, ine911:false, emergencyCallbackMode:false
01-07 16:12:59.322  3757  4398 D InputReader: Input event(3): value=1 when=20714541479000
01-07 16:12:59.322  3757  4398 D InputReader: Input event(3): value=1 when=20714541479000
01-07 16:12:59.323  3757  4398 I InputReader: Touch event's action is 0x0 (deviceType=0) [pCnt=1, s=0.2585 ] when=20714541479000
01-07 16:12:59.324  3757  4397 I InputDispatcher: Delivering touch to (20189): action: 0x0, toolType: 1
01-07 16:12:59.325 20189 20206 V threaded_app: New input event: type=2
01-07 16:12:59.326 20189 20189 D ViewRootImpl@e972267[GameActivity]: ViewPostImeInputStage processPointer 0
01-07 16:12:59.353 20189 20206 V threaded_app: New input event: type=2
01-07 16:12:59.370 20189 20206 V threaded_app: New input event: type=2
01-07 16:12:59.384  3757  4398 D InputReader: Input event(7): value=1 when=20714603994000
01-07 16:12:59.385  3757  4398 D InputDispatcher: timeDiff is 62ms, cancelling touch
01-07 16:12:59.385  3757  4398 I InputDispatcher: Delivering touch to (20189): action: 0x3, toolType: 1
01-07 16:12:59.387 20189 20206 V threaded_app: New input event: type=2
01-07 16:12:59.388 20189 20206 V threaded_app: New input event: type=2
01-07 16:12:59.391  3757  4398 D SamsungPhoneWindowManager: f.b. a = false hd = false eme = false ksno = false id = -1
01-07 16:12:59.391  3757  4398 V Vibrator: Called semVibrate(int, int, AudioAttributes, Mag) API - PUID: 1000, PackageName: android, token: android.os.Binder@3b5b127, type: 50026, repeat: -1, AudioAttr : null, Mag: TYPE_TOUCH
01-07 16:12:59.392  3757  4398 V VibratorService: vibratePatternMagnitude - package: android, repeat: -1, token: android.os.Binder@3b5b127, mag: 6500, def: 10000
01-07 16:12:59.392  3757  4398 D VibratorService: Turning vibrator off
01-07 16:12:59.395  3757 20378 D VibratorService: vibratorOn() : 7ms, magnitude :6500, f : -1
01-07 16:12:59.430  3757  5902 D PackageManager: getComponentMetadataForIconTray : com.epicgames.ue4.SplashActivity does not exist in mServices
01-07 16:12:59.430  3757  5902 D PackageManager: getComponentMetadataForIconTray : com.epicgames.ue4.SplashActivity does not exist in mProviders
01-07 16:12:59.430  3757  5902 D PackageManager: getComponentMetadataForIconTray : com.epicgames.ue4.SplashActivity does not exist in mReceivers
01-07 16:12:59.431  4616  4616 I ApplicationPackageManager: load=com.GeekTechnique.InfinityStack, bg=126-126, dr=126-126, forDefault=true
01-07 16:12:59.432  4616  4616 I ApplicationPackageManager: reset dr=126,126, bg=126,126
01-07 16:12:59.433  4616  4616 I ApplicationPackageManager: scaled rate=201.0, size=126, alpha=0, hold=26, target=126
01-07 16:12:59.453  3757  4398 D InputReader: Input event(3): value=0 when=20714672251000
01-07 16:12:59.453  3757  4398 D InputReader: Input event(3): value=0 when=20714672251000
01-07 16:12:59.453  3757  4398 I InputReader: Touch event's action is 0x1 (deviceType=0) [pCnt=1, s=] when=20714672251000
01-07 16:12:59.506  3757  4398 D InputReader: Input event(7): value=0 when=20714725157000
01-07 16:12:59.510  4616  4616 D Recents : toggleRecents
01-07 16:12:59.522  4616  4616 D RecentsImpl: startRecentsActivity for UserHandle{-2}
01-07 16:12:59.527  3757  4469 I ActivityManager: START u0 {act=null typ=null flg=0x10804000 cmp=ComponentInfo{com.android.systemui/com.android.systemui.recents.RecentsActivity}} from uid 10055 on display 0
01-07 16:12:59.533  3757  4469 D ActivityManager: ActivityRecord() Constructor : multiScreenAttrs=MultiScreenAttrs{mDisplayId=0, mBaseDisplayId=0, mBaseActivity=false}
01-07 16:12:59.534  3757  4469 D CustomFrequencyManagerService: acquireDVFSLockLocked : type : DVFS_MIN_LIMIT  frequency : 1500000  uid : 1000  pid : 3757  pkgName : AMS_ACT_START@CPU_MIN@60
01-07 16:12:59.535  3757  4469 D ActivityManagerPerformance: AMP_acquire() ACT_START
01-07 16:12:59.536  3757  4469 D ActivityManager: moveToFront() : reason=bringingFoundTaskToFront setFocusedActivity isAttached=true TaskRecord{75fea06d0 #110 A=com.android.systemui U=0 StackId=0 sz=1}
01-07 16:12:59.536  3757  4469 D ActivityManager: setFocusStackUnchecked: reason=bringingFoundTaskToFront setFocusedActivity focusCandidate=ActivityStack{50b3b79d0 stackId=0, 2 tasks} caller=com.android.server.am.ActivityStack.moveToFront:874 com.android.server.am.ActivityStackSupervisor.moveActivityStackToFront:2005 
01-07 16:12:59.538  3757  4469 D InputDispatcher: Focused application set to: xxxx
01-07 16:12:59.539  3757  4469 D InputDispatcher: Focus left window: 20189
01-07 16:12:59.540 20189 20189 D ViewRootImpl@e972267[GameActivity]: MSG_WINDOW_FOCUS_CHANGED 0
01-07 16:12:59.540  3757  4469 D ActivityManager: resumeTopActivityInnerLocked() : #0 prevTask=null next=ActivityRecord{8a9c43ad0 u0 com.android.systemui/.recents.RecentsActivity t110} mFocusedStack=ActivityStack{50b3b79d0 stackId=0, 2 tasks}
01-07 16:12:59.540 20189 20189 V threaded_app: WindowFocusChanged: 0xdb87bb40 -- 0
01-07 16:12:59.540  3757  4469 D ActivityTrigger: ActivityTrigger activityPauseTrigger 
01-07 16:12:59.540 20189 20206 D UE4     : [2019.01.07-21.12.59:540][886]LogAndroid: Case APP_CMD_LOST_FOCUS
01-07 16:12:59.540 20189 20206 D UE4     : LogAndroidEvents: EnqueueAppEvent : 10, 0, tid = 20206
01-07 16:12:59.540  3757  4469 D GameManagerService: sem_perfomance_mode: 0
01-07 16:12:59.540 20189 20189 D SEM_CLIP_SemClipboardManager: isCocktailBarDisplayed : false
01-07 16:12:59.543 20189 20189 V threaded_app: Pause: 0xdb87bb40
01-07 16:12:59.543 20189 20206 V threaded_app: activityState=13
01-07 16:12:59.543 20189 20206 D UE4     : Case APP_CMD_PAUSE
01-07 16:12:59.543 20189 20189 D UE4     : Unregistering sensor listeners
01-07 16:12:59.543 20189 20206 D UE4     : [2019.01.07-21.12.59:543][886]LogAndroid: Case APP_CMD_PAUSE
01-07 16:12:59.543 20189 20206 D UE4     : LogAndroidEvents: EnqueueAppEvent : 6, 0, tid = 20206
01-07 16:12:59.544 20189 20205 D UE4     : [2019.01.07-21.12.59:544][886]LogAndroidEvents: Display: DequeueAppEvent : 10, 0
01-07 16:12:59.544 20189 20205 D UE4     : [2019.01.07-21.12.59:544][886]LogAndroidEvents: Display: DequeueAppEvent : 6, 0
01-07 16:12:59.544  3757  6272 I Sensors : Acc old sensor_state 19, new sensor_state : 18 en : 0
01-07 16:12:59.551  3757  3770 I Sensors : Mag old sensor_state 18, new sensor_state : 2 en : 0
01-07 16:12:59.559  3757 29841 I Sensors : Gyro old sensor_state 2, new sensor_state : 0 en : 0
01-07 16:12:59.570  3757  4469 D ActivityManager: applyOptionsLocked(), pendingOptions : ActivityOptions(154812768), mPackageName=com.android.systemui, mAnimationType=9, mStartX=0, mStartY=0, mWidth=0, mHeight=0
01-07 16:12:59.573 20189 20189 D SensorManager: unregisterListener ::   
01-07 16:12:59.573 20189 20189 D UE4     : ==============> GameActive.onPause complete!
01-07 16:12:59.577  3757  4469 D GameManagerService: sem_perfomance_mode: 0
01-07 16:12:59.577  3757  3757 D GameManagerService: NotifyRunnable. pkg: com.android.systemui, type: 4, isMinimized: false, isTunableApp: false
01-07 16:12:59.577  3757  3757 D GameManagerService: unexpected mPrevNotiType: -1
01-07 16:12:59.578  3757  4469 D ActivityManager: resumeTopActivityInnerLocked() : #0 prevTask=null next=ActivityRecord{8a9c43ad0 u0 com.android.systemui/.recents.RecentsActivity t110} mFocusedStack=ActivityStack{50b3b79d0 stackId=0, 2 tasks}
01-07 16:12:59.582  3757  3774 D ActivityTrigger: ActivityTrigger activityStopTrigger 
01-07 16:12:59.584 20189 20189 V threaded_app: SaveInstanceState: 0xdb87bb40
01-07 16:12:59.592  4616  4722 D vol.VolumeDialogControl: onReceive ACTION_CLOSE_SYSTEM_DIALOGS
01-07 16:12:59.593  4616  4823 D LocationControllerImpl: onReceive   android.intent.action.CLOSE_SYSTEM_DIALOGS
01-07 16:12:59.597  3757  3774 D CompatibilityInfo: mCompatibilityFlags - 0
01-07 16:12:59.597  3757  3774 D CompatibilityInfo: applicationDensity - 420
01-07 16:12:59.597  3757  3774 D CompatibilityInfo: applicationScale - 1.0
01-07 16:12:59.601  3757 32085 D WindowManager: adjustSystemUiVisibilityLw : vis= 0x4408
01-07 16:12:59.622  3757  7203 D ActivityManager: post active user change for 0 fullscreen true isHomeActivity() false
01-07 16:12:59.623  3757  7203 D KnoxTimeoutHandler: postActiveUserChange [MsgParam] userId: 0 fullscreen is true showWhenlocked is false isMutiwindowRecord is false multiwindowstyle is 0
01-07 16:12:59.623  3757  3757 D KnoxTimeoutHandler: handleActiveUserChange [MsgParam] userId: 0 fullscreen is true showWhenlocked is false isMutiwindowRecord is false multiwindowstyle is 0
01-07 16:12:59.625  3757  3757 I KnoxTimeoutHandler: Shared devices show user statefalse
01-07 16:12:59.625  3757 32084 V WindowManager: Relayout Window{218c0afd0 u0 com.android.systemui/com.android.systemui.recents.RecentsActivity}: viewVisibility=0 req=1080x1920 WM.LayoutParams{(0,0)(fillxfill) sim=#120 ty=1 fl=#81910500 pfl=0x20040 fmt=-3 vsysui=0x700 needsMenuKey=2 naviIconColor=0 sfl=0x2}
01-07 16:12:59.626  3215  3215 I SurfaceFlinger: id=1563 createSurf (1080x1920),1 flag=4, SecentsActi
01-07 16:12:59.628  3757  3775 D WindowManager: set systemUiVisibility of statusbar : vis= 0x708
01-07 16:12:59.630  3757 32084 D InputDispatcher: Focus entered window: 4616
01-07 16:12:59.631  4616  4616 D ViewRootImpl@6e714cf[RecentsActivity]: Relayout returned: oldFrame=[0,0][1080,1920] newFrame=[0,0][1080,1920] result=0x7 surface={isValid=true 515140831744} surfaceGenerationChanged=true
01-07 16:12:59.631  4616  4616 D ViewRootImpl@6e714cf[RecentsActivity]: mHardwareRenderer.initialize() mSurface={isValid=true 515140831744} hwInitialized=true
01-07 16:12:59.645 20189 20328 D UE4     : *** JavaEnvDestructor: 20328
01-07 16:12:59.652  4616  4748 D mali_winsys: EGLint new_window_surface(egl_winsys_display*, void*, EGLSurface, EGLConfig, egl_winsys_surface**, egl_color_buffer_format*, EGLBoolean) returns 0x3000,  [1080x1920]-format:1
01-07 16:12:59.652  4616  4616 D TaskStackView: prepareForEnterAnimation
01-07 16:12:59.655  4616  4616 D ToggleSlider: onReceive : android.intent.action.CLOSE_SYSTEM_DIALOGS
01-07 16:12:59.655  4616  4616 D vol.SecVolumeDialog: dismissH reason: 2
01-07 16:12:59.656  4616  4616 D vol.SecVolumeDialog: dismissH : false
01-07 16:12:59.656  4616  4616 D Tile.MobileDataTile: action:android.intent.action.CLOSE_SYSTEM_DIALOGS
01-07 16:12:59.656  4616  4616 I StatusBarWindowManager: isExpanded:true, false, false, false, false, false
01-07 16:12:59.656  4616  4616 I StatusBarWindowManager: applyHeight:63
01-07 16:12:59.658  4616  4616 D SwipeDoorsillDetector: reset()com.android.systemui.statusbar.phone.NotificationPanelView.resetViews:864 com.android.systemui.statusbar.phone.PanelBar.collapsePanel:173 com.android.systemui.statusbar.phone.PhoneStatusBar.animateCollapsePanels:3951 com.android.systemui.statusbar.phone.PhoneStatusBar.animateCollapsePanels:3906 
01-07 16:12:59.662  4616  4616 D ToggleSlider: onReceive : android.intent.action.CLOSE_SYSTEM_DIALOGS
01-07 16:12:59.662  4616  4616 D ToggleSlider: onReceive : android.intent.action.CLOSE_SYSTEM_DIALOGS
01-07 16:12:59.662  4616  4616 D ViewRootImpl@6e714cf[RecentsActivity]: MSG_WINDOW_FOCUS_CHANGED 1
01-07 16:12:59.663  4616  4616 D ViewRootImpl@6e714cf[RecentsActivity]: mHardwareRenderer.initializeIfNeeded()#2 mSurface={isValid=true 515140831744}
01-07 16:12:59.663  3757 31269 D WindowManager: adjustSystemUiVisibilityLw : vis= 0x4708
01-07 16:12:59.663  4616  4616 V InputMethodManager: Starting input: tba=android.view.inputmethod.EditorInfo@1d6ed97 nm : com.android.systemui ic=null
01-07 16:12:59.663  4616  4616 I InputMethodManager: [IMM] startInputInner - mService.startInputOrWindowGainedFocus
01-07 16:12:59.664  3757  7202 D InputMethodManagerService: windowGainedFocus mCurrentFocusedUserId - 0 and mSecureKeypadEnabled-false
01-07 16:12:59.664  3757  7202 V InputMethodManagerService: windowGainedFocus: reason=WINDOW_FOCUS_GAIN client=android.os.BinderProxy@a0fe1dc inputContext=null missingMethods= attribute=android.view.inputmethod.EditorInfo@df94619 nm = com.android.systemui controlFlags=#104 softInputMode=#120 windowFlags=#81910500
01-07 16:12:59.664  3757  7202 V InputMethodManagerService: Unspecified window will hide input
01-07 16:12:59.664  3757  7202 D InputMethodManagerService: mDesktopModeManager null!
01-07 16:12:59.664  3757  7202 V InputMethodManagerService: hideCurrentInputLocked - !shouldHideSoftInput
01-07 16:12:59.665  3757  7202 D InputTransport: Input channel constructed: fd=463
01-07 16:12:59.665  3757  7202 D InputTransport: Input channel destroyed: fd=463
01-07 16:12:59.666  4616  4616 D InputTransport: Input channel constructed: fd=131
01-07 16:12:59.667  3757 32083 W ActivityManager: resizeDockedStackLocked: docked stack not found
01-07 16:12:59.712  3757 29839 D WindowManager: finishDrawingWindow: Window{218c0afd0 u0 com.android.systemui/com.android.systemui.recents.RecentsActivity} mDrawState=DRAW_PENDING
01-07 16:12:59.715  4616  4748 W OpenGLRenderer: Incorrectly called buildLayer on View: NotificationPanelView, destroying layer...
01-07 16:12:59.720  3215  3215 I SurfaceFlinger: id=1564 createSurf (996x116),1 flag=4, uhumbnail a
01-07 16:12:59.730  3757  3793 D KnoxTimeoutHandler: notifyActivityDrawn [MsgParam] userId: 0 fullscreen is true showWhenlocked is false isMutiwindowRecord is false multiwindowstyle is 0
01-07 16:12:59.731  4616  4616 D ImageWallpaper: onOffsetsChanged: xOffset=0.0, yOffset=0.0, xOffsetStep=0.0, yOffsetStep=0.0, xPixels=0, yPixels=0
01-07 16:12:59.731  3757  3757 D KnoxTimeoutHandler: activityDrawn [MsgParam] userId: 0 fullscreen is true showWhenlocked is false isMutiwindowRecord is false multiwindowstyle is 0
01-07 16:12:59.732  4616  4616 D ImageWallpaper: drawFrame=false rotation=0 mLastRotation=0
01-07 16:12:59.732  4616  4616 D ImageWallpaper: drawFrame:[frame.width()]1080[frame.height()]1920
01-07 16:12:59.732  4616  4616 D ImageWallpaper: surfaceDimensionsChanged=false mLastSurfaceRotation=0 mDisplayWidth=-1 mDisplayHeight=-1
01-07 16:12:59.732  4616  4616 D ImageWallpaper: mNewKeyboard : 0 mLastKeyboard : 0 mForceDraw = false
01-07 16:12:59.732  4616  4616 D ImageWallpaper: redrawNeeded = false, mOffsetsChanged = false
01-07 16:12:59.732  4616  4616 D ImageWallpaper: Suppressed drawFrame since redraw is not needed and offsets have not changed.
01-07 16:12:59.732  4616  4616 D WallpaperService: updateSurface forceRelayout=false redrawNeeded=false myWidth=1080 myHeight=1920 fixedSize=true mWidth=1080 mHeight=1920
01-07 16:12:59.732  4616  4616 D ImageWallpaper: onVisibilityChanged: mVisible, visible=false, true
01-07 16:12:59.732  4616  4616 D ImageWallpaper: Visibility changed to visible=true
01-07 16:12:59.733  3757  3757 I KnoxTimeoutHandler: SD activityfalse
01-07 16:12:59.733  3757  3757 I KnoxTimeoutHandler: Fullscreen and mCurrent is not KNOX user. Hence hide keyguard
01-07 16:12:59.733  4616  4616 D ImageWallpaper: drawFrame=false rotation=0 mLastRotation=0
01-07 16:12:59.733  4616  4616 D ImageWallpaper: drawFrame:[frame.width()]1080[frame.height()]1920
01-07 16:12:59.733  4616  4616 D ImageWallpaper: surfaceDimensionsChanged=false mLastSurfaceRotation=0 mDisplayWidth=-1 mDisplayHeight=-1
01-07 16:12:59.733  4616  4616 D ImageWallpaper: mNewKeyboard : 0 mLastKeyboard : 0 mForceDraw = false
01-07 16:12:59.733  4616  4616 D ImageWallpaper: redrawNeeded = false, mOffsetsChanged = false
01-07 16:12:59.733  4616  4616 D ImageWallpaper: Suppressed drawFrame since redraw is not needed and offsets have not changed.
01-07 16:12:59.742  4616  4616 D TaskStackView: startEnterAnimation : 0
01-07 16:12:59.766  4616  4637 I art     : Background partial concurrent mark sweep GC freed 119983(5MB) AllocSpace objects, 21(2MB) LOS objects, 29% free, 38MB/54MB, paused 688us total 162.131ms
01-07 16:12:59.876  3757  3766 I art     : Background partial concurrent mark sweep GC freed 83766(4MB) AllocSpace objects, 32(640KB) LOS objects, 20% free, 62MB/78MB, paused 2.733ms total 313.216ms
01-07 16:12:59.999  3757  4354 D SamsungAlarmManager: Expired : 8
01-07 16:13:00.000  3757  4354 I SamsungAlarmManager: setLocked to kernel - T:3 / 20190107T161300, SetElapsed=96202493, nowELAPSED=96201841
01-07 16:13:00.000  3757  4354 V SamsungAlarmManager: Sending to uid : 1000 action=android.intent.action.TIME_TICK alarm=Alarm{6d4a6de type 3 when 96201841 android}
01-07 16:13:00.003  3757  3757 D SamsungAlarmManager: setExact Intent (T:3/F:1/AC:false) 20190107T161359 - CU:1000/CP:3757
01-07 16:13:00.004  4616  4616 D KeyguardUpdateMonitor: received broadcast android.intent.action.TIME_TICK
01-07 16:13:00.005  4616  4616 D KeyguardUpdateMonitor: handleTimeUpdate#start
01-07 16:13:00.005  4616  4616 I KeyguardClockPage: refreshTime(): DefaultSingle2016 hometime:America/New_York locale:en_US hasBG?false, Roaming:false
01-07 16:13:00.009  4616  4616 D KeyguardUpdateMonitor: handleTimeUpdate#end
01-07 16:13:00.009  4616  4616 D SystemUI_Clock: Clock received ACTION_TIME_TICK : start
01-07 16:13:00.011  4616  4616 D SystemUI_Clock: Clock received ACTION_TIME_TICK : end
01-07 16:13:00.023  4616  4616 D TextClock: TextClock received ACTION_TIME_TICK : start
01-07 16:13:00.023  4616  4616 D TextClock: TextClock received ACTION_TIME_TICK : end
01-07 16:13:00.025  4616  4616 D TextClock: TextClock received ACTION_TIME_TICK : start
01-07 16:13:00.025  4616  4616 D TextClock: TextClock received ACTION_TIME_TICK : end
01-07 16:13:00.040  4616  4616 D TextClock: TextClock received ACTION_TIME_TICK : start
01-07 16:13:00.041  4616  4616 D TextClock: TextClock received ACTION_TIME_TICK : end
01-07 16:13:00.042  4616  4616 V hong    : mid yDiff = 382
01-07 16:13:00.042  4616  4616 V hong    : mid yDiff = 382
01-07 16:13:00.056  4616  4616 D SystemUI_DateView: DateView received ACTION_TIME_TICK : start
01-07 16:13:00.057  4616  4616 D SystemUI_DateView: DateView received ACTION_TIME_TICK : end
01-07 16:13:00.058  4616  4616 V hong    : mid yDiff = 382
01-07 16:13:00.058  4616  4616 V hong    : mid yDiff = 382
01-07 16:13:00.071  4616  4616 D TextClock: TextClock received ACTION_TIME_TICK : start
01-07 16:13:00.071  4616  4616 D TextClock: TextClock received ACTION_TIME_TICK : end
01-07 16:13:00.073  4616  4616 D TextClock: TextClock received ACTION_TIME_TICK : start
01-07 16:13:00.074  4616  4616 D TextClock: TextClock received ACTION_TIME_TICK : end
01-07 16:13:00.076  4616  4616 D DateTimeView: DateTimeView received ACTION_TIME_TICK : start
01-07 16:13:00.078  4616  4616 D DateTimeView: DateTimeView received ACTION_TIME_TICK : end
01-07 16:13:00.080  6176  6176 D TextClock: TextClock received ACTION_TIME_TICK : start
01-07 16:13:00.081  6176  6176 D TextClock: TextClock received ACTION_TIME_TICK : end
01-07 16:13:00.083  6176  6176 D TextClock: TextClock received ACTION_TIME_TICK : start
01-07 16:13:00.083  6176  6176 D TextClock: TextClock received ACTION_TIME_TICK : end
01-07 16:13:00.085  6176  6176 D TextClock: TextClock received ACTION_TIME_TICK : start
01-07 16:13:00.085  6176  6176 D TextClock: TextClock received ACTION_TIME_TICK : end
01-07 16:13:00.086  6176  6176 D TextClock: TextClock received ACTION_TIME_TICK : start
01-07 16:13:00.087  6176  6176 D TextClock: TextClock received ACTION_TIME_TICK : end
01-07 16:13:00.104  6176  6176 D TextClock: TextClock received ACTION_TIME_TICK : start
01-07 16:13:00.105  6176  6176 D TextClock: TextClock received ACTION_TIME_TICK : end
01-07 16:13:00.106  6176  6176 D TextClock: TextClock received ACTION_TIME_TICK : start
01-07 16:13:00.107  6176  6176 D TextClock: TextClock received ACTION_TIME_TICK : end
01-07 16:13:00.109  6176  6176 D TextClock: TextClock received ACTION_TIME_TICK : start
01-07 16:13:00.109  6176  6176 D TextClock: TextClock received ACTION_TIME_TICK : end
01-07 16:13:00.121  6176  6176 D TextClock: TextClock received ACTION_TIME_TICK : start
01-07 16:13:00.121  6176  6176 D TextClock: TextClock received ACTION_TIME_TICK : end
01-07 16:13:00.122  6176  6176 D TextClock: TextClock received ACTION_TIME_TICK : start
01-07 16:13:00.122  6176  6176 D TextClock: TextClock received ACTION_TIME_TICK : end
01-07 16:13:00.129  6724  6724 D [WeatherWidget(15061)]  WeatherService: {[B73D43639EB27FAA34EF41A6129C1FA787B8DDA06B4FC8C3DFFF289A8228DE1D07957C4CB0877FB29CB85D37C68D39BF076A5D6720D2DA7CE46EF7EA2858EC07]}
01-07 16:13:00.130  6724  6724 D [WeatherWidget(15061)]  : {[3AE6950019B083611567B0F9442DB03E36B37708FCADB7FDDBA670B1362D994454BFFFDA2568816BBDDA6DD60F644DCF]}
01-07 16:13:00.131  6724  6724 D [WeatherWidget(15061)]  DB L2: {[610591C4E30FED4A153FF198DAC84EFEE3319B0D622FD4A19809E90ED3C1398368D658B139FCCB8B9564F5B4E9CB634EA3B8845EF7D8353F305A62650AB40998]}
01-07 16:13:00.132  6724  6724 D [WeatherWidget(15061)]  : {[E9BDC1AC9F9B078A92B3F309630276C89F9B6E52C087A495B97355481F2FDE5B58A757A09967AB7BD9E1187CEA5BB356FACBD4A552A7402C88647F970C513A69]}
01-07 16:13:00.132  6724  6724 D [WeatherWidget(15061)]  DB L2: {[610591C4E30FED4A153FF198DAC84EFE259FA03515F619060291D19B9A2E73CB46DA064369D1073FED4BA9669B425DCA2838DFB10E455C59E93915DD39C3261D]}
01-07 16:13:00.133  6724  6724 D [WeatherWidget(15061)]  DB L2: {[610591C4E30FED4A153FF198DAC84EFE1A65FB0EE8B7C5763A9CB231BC13495C3914C78DEB3E3844BDB3328DEE027C3F5EB3131CC342F7CE7A90AB4A41B45CD9]}
01-07 16:13:00.135  6724  6724 D [WeatherWidget(15061)]  : {[3AE6950019B083611567B0F9442DB03EF4A0ECA9EDEEE1C6764DEF6294C10F4F0BAD60A0CC696E8D15537EBE77D0F441F941FE30DFEB6E45A2BAA0295B86238B6B5477898ADD292C8EB7917680951853]}
01-07 16:13:00.137  6724  6724 D [WeatherWidget(15061)]  : {[A1AF0F6A1A65A89C43D705938923D0FE0259CBA56E4484DDAF167EE897E0098D214B31210E90A8E4D761DF2724951166F2287DB34D772530C5896F56ACED7599B6734B4DB92D00B1880567C268BCDC61927EA42A31A4AC0AA2EE44B49FD28F24BF40BA060564C4C41149E825D998510E]}
01-07 16:13:00.137  6724  6724 D [WeatherWidget(15061)]  : {[4C0512EFA0AB4990F6AA1DF592AD92A7F0B9EF71550DD16C356391DD9598536C]}
01-07 16:13:00.143  3757  4398 D InputReader: Input event(3): value=1 when=20715362971000
01-07 16:13:00.143  3757  4398 D InputReader: Input event(3): value=1 when=20715362971000
01-07 16:13:00.143  3757  4398 I InputReader: Touch event's action is 0x0 (deviceType=0) [pCnt=1, s=0.2586 ] when=20715362971000
01-07 16:13:00.144  3757  4397 I InputDispatcher: Delivering touch to (4616): action: 0x0, toolType: 1
01-07 16:13:00.144  3757  4397 I InputDispatcher: Delivering touch to (4616): action: 0x0, toolType: 1
01-07 16:13:00.144  4616  4616 D ViewRootImpl@6e714cf[RecentsActivity]: ViewPostImeInputStage processPointer 0
01-07 16:13:00.147 19856 20382 D EventNotificationJob: Running EventNotificationJob, isDetail=true
01-07 16:13:00.148  3757  3774 D CompatibilityInfo: mCompatibilityFlags - 0
01-07 16:13:00.148  3757  3774 D CompatibilityInfo: applicationDensity - 420
01-07 16:13:00.149  3757  3774 D CompatibilityInfo: applicationScale - 1.0
01-07 16:13:00.150 19856 20382 D EventNotificationJob:   finished processing events.
01-07 16:13:00.157  3757  5901 D CompatibilityInfo: mCompatibilityFlags - 0
01-07 16:13:00.157  3757  5901 D CompatibilityInfo: applicationDensity - 420
01-07 16:13:00.157  3757  5901 D CompatibilityInfo: applicationScale - 1.0
01-07 16:13:00.162  3757  7202 D CompatibilityInfo: mCompatibilityFlags - 0
01-07 16:13:00.162  3757  7202 D CompatibilityInfo: applicationDensity - 420
01-07 16:13:00.162  3757  7202 D CompatibilityInfo: applicationScale - 1.0
01-07 16:13:00.165  3757  3793 D CustomFrequencyManagerService: acquireDVFSLockLocked : type : DVFS_MIN_LIMIT  frequency : 1704000  uid : 1000  pid : 3757  pkgName : AMS_RESUME_TAIL@CPU_MIN@51
01-07 16:13:00.165  3757  3793 D ActivityManagerPerformance: AMP_acquire() TAIL
01-07 16:13:00.166  3757  3793 D CustomFrequencyManagerService: releaseDVFSLockLocked : Getting Lock type frm List : DVFS_MIN_LIMIT  frequency : 1500000  uid : 1000  pid : 3757  tag : AMS_ACT_START@CPU_MIN@60
01-07 16:13:00.166  3757  3793 D ActivityManagerPerformance: AMP_release() ACT_START
01-07 16:13:00.166  3757  3793 D KnoxTimeoutHandler: notifyActivityDrawn [MsgParam] userId: 0 fullscreen is true showWhenlocked is false isMutiwindowRecord is false multiwindowstyle is 0
01-07 16:13:00.167  3757  3757 D KnoxTimeoutHandler: activityDrawn [MsgParam] userId: 0 fullscreen is true showWhenlocked is false isMutiwindowRecord is false multiwindowstyle is 0
01-07 16:13:00.167  3757  3757 I KnoxTimeoutHandler: SD activityfalse
01-07 16:13:00.167  3757  3757 I KnoxTimeoutHandler: Fullscreen and mCurrent is not KNOX user. Hence hide keyguard
01-07 16:13:00.172  3215  3266 I SurfaceFlinger: id=1564 Removed uhumbnail a (7/10)
01-07 16:13:00.173  3215  3264 I SurfaceFlinger: id=1564 Removed uhumbnail a (-2/10)
01-07 16:13:00.241  3757  4398 D InputReader: Input event(3): value=0 when=20715460374000
01-07 16:13:00.241  3757  4398 D InputReader: Input event(3): value=0 when=20715460374000
01-07 16:13:00.241  3757  4398 I InputReader: Touch event's action is 0x1 (deviceType=0) [pCnt=1, s=] when=20715460374000
01-07 16:13:00.241  3757  4397 I InputDispatcher: Delivering touch to (4616): action: 0x1, toolType: 1
01-07 16:13:00.241  3757  4397 I InputDispatcher: Delivering touch to (4616): action: 0x1, toolType: 1
01-07 16:13:00.241  4616  4616 D ViewRootImpl@6e714cf[RecentsActivity]: ViewPostImeInputStage processPointer 1
01-07 16:13:00.243  3757  9599 D GameManagerService: identifyGamePackage. com.GeekTechnique.InfinityStack
01-07 16:13:00.246  3757  3774 D CompatibilityInfo: mCompatibilityFlags - 0
01-07 16:13:00.246  3757  3774 D CompatibilityInfo: applicationDensity - 420
01-07 16:13:00.246  3757  3774 D CompatibilityInfo: applicationScale - 1.0
01-07 16:13:00.448 20189 20326 D UE4     : *** JavaEnvDestructor: 20326
01-07 16:13:00.448 20189 20327 D UE4     : *** JavaEnvDestructor: 20327
01-07 16:13:00.448 20189 20325 D UE4     : *** JavaEnvDestructor: 20325
01-07 16:13:00.466  3757  3757 D CustomFrequencyManagerService: releaseDVFSLockLocked : Getting Lock type frm List : DVFS_MIN_LIMIT  frequency : 1704000  uid : 1000  pid : 3757  tag : AMS_RESUME_TAIL@CPU_MIN@51
01-07 16:13:00.499  3757 29840 I MARsPolicyManager: Auto Run Policy not enabled
01-07 16:13:00.499  3757 29840 I ActivityManager: Killing 20189:com.GeekTechnique.InfinityStack/u0a365 (adj 200): remove task
01-07 16:13:00.560  3757  9599 D SSRM:t  : SIOP:: AP = 400, PST = 346 (W:10), CP = 264, CUR = 535, LCD = 175
01-07 16:13:00.561  3757  9599 D ConnectivityService: filterNetworkStateForUid() uid: 1000 networkInfo: [type: WIFI[] - WIFI, state: CONNECTED/CONNECTED, reason: (unspecified), extra: "wilkinson2.4", failover: false, available: true, roaming: false, metered: false]
01-07 16:13:00.564  3757  9599 D GameManagerService: identifyGamePackage. com.GeekTechnique.InfinityStack
01-07 16:13:00.564  3757  9599 D GamePkgDataHelper: getGamePkgData(). com.android.systemui
01-07 16:13:00.565  3757  9599 D GameManagerService: identifyGamePackage. com.android.systemui
01-07 16:13:00.570  3757  9599 D TelephonyManager: getAllCellInfo : Caller (PID / UID / TID): 3757 / 1000 / 9599
01-07 16:13:00.644  3757  4397 W InputDispatcher: channel ~ Consumer closed input channel or an error occurred.  events=0x9
01-07 16:13:00.644  3757  4397 E InputDispatcher: channel ~ Channel is unrecoverably broken and will be disposed!
01-07 16:13:00.652  3757  4354 D SamsungAlarmManager: Expired : 8
01-07 16:13:00.652  3757  4354 V SamsungAlarmManager: Sending to uid : 10059 action=null alarm=Alarm{116e0bf type 3 when 96202493 com.asurion.android.verizon.vms}
01-07 16:13:00.670  3757  4354 D CompatibilityInfo: mCompatibilityFlags - 0
01-07 16:13:00.670  3757  4354 D CompatibilityInfo: applicationDensity - 420
01-07 16:13:00.670  3757  4354 D CompatibilityInfo: applicationScale - 1.0
01-07 16:13:00.692  3757  9599 D GameManagerService: identifyGamePackage. com.android.systemui
01-07 16:13:00.696  3757  9599 D GameManagerService: identifyGamePackage. com.android.systemui
01-07 16:13:00.705  3757  5062 D SamsungAlarmManager: setExact Intent (T:3/F:5/AC:false) 20190107T161305 - CU:10059/CP:6745
01-07 16:13:00.706  3757  5062 I SamsungAlarmManager: setLocked to kernel - T:3 / 20190107T161305, SetElapsed=96207541, nowELAPSED=96202547
01-07 16:13:00.754  3757  4559 D skia    : Encode PNG Singlethread :     253008 us, width=648, height=1152
01-07 16:13:00.761  3757  4473 I WindowManager: WIN DEATH: Window{61ebaccd0 u0 com.GeekTechnique.InfinityStack/com.epicgames.ue4.GameActivity}
01-07 16:13:00.761  3757  4473 D WindowManager: disposeInputChannel mInputChannel: 61ebacc com.GeekTechnique.InfinityStack/com.epicgames.ue4.GameActivity (server)
01-07 16:13:00.761  3757  7203 D GraphicsStats: Buffer count: 5
01-07 16:13:00.761  3757  4473 W InputDispatcher: Attempted to unregister already unregistered input channel
01-07 16:13:00.761  3757  5063 D InputTransport: Input channel destroyed: fd=499
01-07 16:13:00.762  3757  4473 I WindowManager_SurfaceController: Destroying surface Surface(name=com.GeekTechnique.InfinityStack/com.epicgames.ue4.GameActivity) called by com.android.server.wm.WindowStateAnimator.destroySurface:2907 com.android.server.wm.WindowStateAnimator.destroySurfaceLocked:1120 com.android.server.wm.WindowState.removeLocked:1864 com.android.server.wm.WindowManagerService.removeWindowInnerLocked:2934 com.android.server.wm.WindowManagerService.removeWindowLocked:2879 com.android.server.wm.WindowState$DeathRecipient.binderDied:2304 android.os.BinderProxy.sendDeathNotice:701 <bottom of call stack> 
01-07 16:13:00.762  3757  7204 D ActivityManager: cleanUpApplicationRecord -- 20189
01-07 16:13:00.762  3215  4549 I SurfaceFlinger: id=1560 Removed HameActivit (6/9)
01-07 16:13:00.764  6011  6033 D ForegroundUtils: could not check pending caller
01-07 16:13:00.764  8465  8465 D InputTransport: Input channel destroyed: fd=66
01-07 16:13:00.765  3215  3266 I SurfaceFlinger: id=1560 Removed HameActivit (-2/9)
01-07 16:13:00.768  3757  4473 D InputTransport: Input channel destroyed: fd=525
01-07 16:13:00.769  3757  7201 I WindowManager: WIN DEATH: Window{1880a1bd0 u0 SurfaceView - com.GeekTechnique.InfinityStack/com.epicgames.ue4.GameActivity}
01-07 16:13:00.770  3757  7201 I WindowManager_SurfaceController: Destroying surface Surface(name=SurfaceView - com.GeekTechnique.InfinityStack/com.epicgames.ue4.GameActivity) called by com.android.server.wm.WindowStateAnimator.destroySurface:2907 com.android.server.wm.WindowStateAnimator.destroySurfaceLocked:1120 com.android.server.wm.WindowState.removeLocked:1864 com.android.server.wm.WindowManagerService.removeWindowInnerLocked:2934 com.android.server.wm.WindowManagerService.removeWindowLocked:2879 com.android.server.wm.WindowState$DeathRecipient.binderDied:2304 android.os.BinderProxy.sendDeathNotice:701 <bottom of call stack> 
01-07 16:13:00.770  3215  4549 I SurfaceFlinger: id=1561 Removed HameActivit (5/8)
01-07 16:13:00.770  3215  5562 I SurfaceFlinger: id=1561 Removed HameActivit (-2/8)
01-07 16:13:00.771  3215  3266 I SurfaceFlinger: id=1562 Removed HameActivit (4/7)
01-07 16:13:00.771  3215  4549 I SurfaceFlinger: id=1562 Removed HameActivit (-2/7)
01-07 16:13:00.847  3237  3352 I APM_AudioPolicyManager: stopOutput() output 21, stream 3, session 3609
01-07 16:13:00.848  3237  3352 I APM_AudioPolicyManager: write_logging() stream(3) device(0x2) time(-111971987942761250614792167885321934628996863795614396284545296931329548424065811605191390667513028355417978199165267865852207588985340007927701008868097398264848676444321903395870367633694938628096.00) volume(0.00)
01-07 16:13:00.937  3757  4458 D WifiStateMachine: Current network is: "wilkinson2.4" , ID is: 30
01-07 16:13:00.937  3757  4458 I WifiStateMachine: IMS calling, current network is always qualified
01-07 16:13:01.511  3757  3774 D CompatibilityInfo: mCompatibilityFlags - 0
01-07 16:13:01.511  3757  3774 D CompatibilityInfo: applicationDensity - 420
01-07 16:13:01.511  3757  3774 D CompatibilityInfo: applicationScale - 1.0
01-07 16:13:01.714  3227  3261 D Sensorhubs: readContextData: 1, 1, 7, 0
01-07 16:13:01.716  3757  4361 D SensorHubManager: onGetSensorHubDataLocked: library(4) = 1, 1, 7, 0
01-07 16:13:01.718  3757  4360 D CAE     : onGetSensorHubData(SensorHubParserProvider.java:94) - onGetSensorHubData Event [event buffer len :4], AP_WAKEUP
01-07 16:13:01.719  3757  4360 I CAE     : parse(SensorHubParserProvider.java:196) - buffer size = 4
01-07 16:13:01.720  3757  4360 I CAE     : parse(SensorHubParserProvider.java:207) - 1, 1, 7, 0,
01-07 16:13:01.723  3757  4360 D CAE     : display(ContextProvider.java:375) - ================= AUTO_ROTATION =================
01-07 16:13:01.725  3757  4360 I CAE     : display(ContextProvider.java:391) - Angle=[0]
01-07 16:13:01.728  3757  4364 D SemContextService: updateContext() : event = Auto Rotation
01-07 16:13:01.729  3757  3757 D SemContextManager: onSemContextChanged() : event = Auto Rotation Angle : 0
01-07 16:13:01.729  3757  3757 D SContextManager: onSContextChanged() : event = Auto Rotation Angle : 0
01-07 16:13:01.730  3757  3757 V WindowOrientationListener: OrientationSensorJudge.onSContextChanged, Rotation: 0
01-07 16:13:01.731  3757  3775 V WindowOrientationListener: OrientationSensorJudge.getProposedRotation, Rotation: 0
01-07 16:13:01.731  3757  3775 V WindowOrientationListener: OrientationSensorJudge.getProposedRotation, Rotation: 0
01-07 16:13:01.732  3757  3775 V WindowManager: rotationForOrientationLw(orient=1, last=0); user=0  sensorRotation=0 mLidState=-1 mDockMode=0 mHdmiPlugged=false
