01-25 02:07:31.950  3755  7367 D BatteryService: online:6, current avg:960, charge type:1, power sharing:false, high voltage charger:false, capacity:280000, batterySWSelfDischarging:false, misc_event:0, current_now:984
01-25 02:07:31.950  3755  7367 D BatteryService: stay LED for charging
01-25 02:07:31.950  3755  3755 D BatteryService: Sending ACTION_BATTERY_CHANGED.
01-25 02:07:31.955  3755  3755 V UiModeManager: updateLocked: null action, mDockState=0, category=null
01-25 02:07:31.955  3755  3755 D UiModeManager: updateConfigurationLocked: mDockState=0; mCarMode=false; mNightMode=1; uiMode=17
01-25 02:07:31.957  3755  3755 D GameManagerService: new battery level: 72
01-25 02:07:31.960  4621  4621 D KeyguardUpdateMonitor: received broadcast android.intent.action.BATTERY_CHANGED
01-25 02:07:31.961  4621  4621 D KeyguardUpdateMonitor: handleBatteryUpdate
01-25 02:07:31.963  4621  4621 D PowerUI : priorPlugType = 2 mPlugType =  2
01-25 02:07:31.966  4621  4621 D PowerUI.Notification: showChargingNotice oldChargingType : 1 currentChargingType : 1 oldChargingTime : 4099000 mChargingTime : 4088000
01-25 02:07:31.966  4621  4621 D PowerUI.Notification: showChargingNotification()
01-25 02:07:31.971  5021  5021 D PhoneApp: PhoneAppBroadcastReceiver onReceive android.intent.action.BATTERY_CHANGED
01-25 02:07:31.972  5021  5021 D TelephonyExtensionManager: lowBatterySound - isLowBatterySoundScheduled: false
01-25 02:07:31.972  5021  5021 D TelephonyExtensionManager: lowBatterySound - isPlayNow: false
01-25 02:07:31.972  5021  5021 D TelephonyExtensionManager: isSpeakerON - false
01-25 02:07:31.982  5021  5021 D TelephonyExtensionManager: lowBatterySound - batteryStatus: 2
01-25 02:07:31.982  5021  5021 D TelephonyExtensionManager: lowBatterySound - batteryLevel: 72
01-25 02:07:31.982  5021  5021 D TelephonyExtensionManager: lowBatterySound - cancel
01-25 02:07:31.983  3755  7360 D SamsungAlarmManager: Cancel Alarm calling from uid:1001 pid :5021 / op:PendingIntent{9a1c4a6: PendingIntentRecord{9ab141e com.android.phone broadcastIntent}}
01-25 02:07:31.984  5021  5021 D TelephonyExtension: Not stopping low battery tone
01-25 02:07:31.985  3755  7395 D ApplicationPolicy: isStatusBarNotificationAllowedAsUser: packageName = com.android.systemui,userId = -1
01-25 02:07:31.988  4621  4621 D BatteryMeterDrawable: isSomethingChanged - false
01-25 02:07:31.988  4621  4621 D BatteryMeterDrawable: isSomethingChanged - false
01-25 02:07:31.992  4621  4621 D Tile.FlashlightTile: ACTION_BATTERY_CHANGED - Level :: 72, emEnabled :: false
01-25 02:07:32.041  4621  4621 D KeyguardServiceBoxContainer: updateCMAS() hasCmasNotification = false, mHasCMAS = false
01-25 02:07:33.565  3755  3755 D TelephonyManager: getCellLocation : Caller (PID / UID / TID): 3755 / 1000 / 3755
01-25 02:07:33.584  5032  5668 D EPDG -- [SMARTWIFI]: onSignalStrengthsChanged: Received signal strength change, phone type is: 2
01-25 02:07:33.584  5032  6400 D EPDG -- [SMARTWIFI]: lastLteRSRP is -122currentLteRSRP is -121
01-25 02:07:33.584  5032  6400 D EPDG -- [SMARTWIFI]: lastLteRSRQ is -15currentLteRSRQ is -15
01-25 02:07:33.584  5032  6400 D EPDG -- [SMARTWIFI]: lastCdmaDb is -16currentCdmaDb is -16
01-25 02:07:33.584  5032  6400 V EPDG -- [SMARTWIFI]: Radio oldest entry removed
01-25 02:07:33.584  5032  6400 V EPDG -- [SMARTWIFI]: New entry : (SignalStrength: 99 99 -120 -160 -120 -1 -1 13 -121 -15 -11 2147483647 2147483647 0x1000 gsm|lte : 0 )
01-25 02:07:33.584  5032  6400 V EPDG -- [SMARTWIFI]: Radio entry added
01-25 02:07:33.598  4621  4806 D NetworkController.MobileSignalController(0/1): onSignalStrengthsChanged signalStrength=SignalStrength: 99 99 -120 -160 -120 -1 -1 13 -121 -15 -11 2147483647 2147483647 0x1000 gsm|lte level=1
01-25 02:07:33.598  4621  4806 D NetworkController.MobileSignalController(0/1): getMobileIconGroup(): 13
01-25 02:07:33.598  4621  4806 D NetworkController.MobileSignalController(0/1): updateVZWMobileIconGroup(): 13
01-25 02:07:33.604  4621  4806 D NetworkController.MobileSignalController(0/1): callState:0, callStateByPhone:false voLTECall:false voiceNetTpe:13 dataNetType:13, ine911:false, emergencyCallbackMode:false
01-25 02:07:35.131  5679  5679 D io_stats: !@   8,0 r 748791 24885676 w 573162 15454920 d 91924 8800440 f 146983 146948 iot 1015370 627611 th 61440 61440 54636 pt 2280 inp 0 0 63923.265
01-25 02:07:36.102  3755  3755 D TelephonyManager: getCellLocation : Caller (PID / UID / TID): 3755 / 1000 / 3755
01-25 02:07:36.118  5032  5668 D EPDG -- [SMARTWIFI]: onSignalStrengthsChanged: Received signal strength change, phone type is: 2
01-25 02:07:36.119  5032  6400 D EPDG -- [SMARTWIFI]: lastLteRSRP is -121currentLteRSRP is -122
01-25 02:07:36.119  5032  6400 D EPDG -- [SMARTWIFI]: lastLteRSRQ is -15currentLteRSRQ is -15
01-25 02:07:36.119  5032  6400 D EPDG -- [SMARTWIFI]: lastCdmaDb is -16currentCdmaDb is -16
01-25 02:07:36.119  5032  6400 V EPDG -- [SMARTWIFI]: Radio oldest entry removed
01-25 02:07:36.119  5032  6400 V EPDG -- [SMARTWIFI]: New entry : (SignalStrength: 99 99 -120 -160 -120 -1 -1 15 -122 -15 -11 2147483647 2147483647 0x1000 gsm|lte : 0 )
01-25 02:07:36.119  5032  6400 V EPDG -- [SMARTWIFI]: Radio entry added
01-25 02:07:36.130  4621  4806 D NetworkController.MobileSignalController(0/1): onSignalStrengthsChanged signalStrength=SignalStrength: 99 99 -120 -160 -120 -1 -1 15 -122 -15 -11 2147483647 2147483647 0x1000 gsm|lte level=1
01-25 02:07:36.130  4621  4806 D NetworkController.MobileSignalController(0/1): getMobileIconGroup(): 13
01-25 02:07:36.130  4621  4806 D NetworkController.MobileSignalController(0/1): updateVZWMobileIconGroup(): 13
01-25 02:07:36.143  4621  4806 D NetworkController.MobileSignalController(0/1): callState:0, callStateByPhone:false voLTECall:false voiceNetTpe:13 dataNetType:13, ine911:false, emergencyCallbackMode:false
01-25 02:07:36.881  3755  9977 D SSRM:t  : SIOP:: AP = 330, PST = 338 (W:12), CP = 272, CUR = 106, LCD = 0
01-25 02:07:36.885  3755  9977 D ConnectivityService: filterNetworkStateForUid() uid: 1000 networkInfo: [type: WIFI[] - WIFI, state: CONNECTED/CONNECTED, reason: (unspecified), extra: "wilkinson2.4", failover: false, available: true, roaming: false, metered: false]
01-25 02:07:40.135  5679  5679 D io_stats: !@   8,0 r 748791 24885676 w 573163 15454936 d 91924 8800440 f 147008 146973 iot 1015480 627615 th 61440 61440 54636 pt 2280 inp 0 0 63928.270
01-25 02:07:40.519  3755  4354 D SamsungAlarmManager: Expired : 4
01-25 02:07:40.520  3755  4354 I SamsungAlarmManager: setLocked to kernel - T:2 / 20190125T021127, SetElapsed=123879720, nowELAPSED=123652403
01-25 02:07:40.521  3755  4354 I SamsungAlarmManager: setLocked to kernel - T:3 / 20190125T020759, SetElapsed=123671663, nowELAPSED=123652403
01-25 02:07:40.521  3755  4354 V SamsungAlarmManager: Sending to uid : 1000 action=android.intent.action.TIME_TICK alarm=Alarm{22f7ee7 type 3 when 123611883 android}
01-25 02:07:40.546  3755  4354 V SamsungAlarmManager: Sending to uid : 10035 action=com.sec.spp.push.ACTION_SEND_PING_MESSAGE alarm=Alarm{48d9a94 type 2 when 123652402 com.sec.spp.push}
01-25 02:07:40.564  3755  3774 D CompatibilityInfo: mCompatibilityFlags - 0
01-25 02:07:40.564  3755  3774 D CompatibilityInfo: applicationDensity - 420
01-25 02:07:40.564  3755  3774 D CompatibilityInfo: applicationScale - 1.0
01-25 02:07:40.582  3755  4354 V SamsungAlarmManager: Sending to uid : 10059 action=null alarm=Alarm{7dc193d type 3 when 123616313 com.asurion.android.verizon.vms}
01-25 02:07:40.597  3755  4354 D CompatibilityInfo: mCompatibilityFlags - 0
01-25 02:07:40.597  3755  4354 D CompatibilityInfo: applicationDensity - 420
01-25 02:07:40.597  3755  4354 D CompatibilityInfo: applicationScale - 1.0
01-25 02:07:40.602  3755  3755 D SamsungAlarmManager: setExact Intent (T:3/F:1/AC:false) 20190125T020800 - CU:1000/CP:3755
01-25 02:07:40.605  4621  4621 D KeyguardUpdateMonitor: received broadcast android.intent.action.TIME_TICK
01-25 02:07:40.606  4621  4621 D KeyguardUpdateMonitor: handleTimeUpdate#start
01-25 02:07:40.606  4621  4621 I KeyguardClockPage: refreshTime(): DefaultSingle2016 hometime:America/New_York locale:en_US hasBG?false, Roaming:false
01-25 02:07:40.613  4621  4621 D KeyguardUpdateMonitor: handleTimeUpdate#end
01-25 02:07:40.621  3755  5048 D CompatibilityInfo: mCompatibilityFlags - 0
01-25 02:07:40.622  3755  5048 D CompatibilityInfo: applicationDensity - 420
01-25 02:07:40.622  3755  5048 D CompatibilityInfo: applicationScale - 1.0
01-25 02:07:40.628  3755  5047 D SamsungAlarmManager: setExact Intent (T:3/F:5/AC:false) 20190125T020745 - CU:10059/CP:6576
01-25 02:07:40.629  3755  5047 I SamsungAlarmManager: setLocked to kernel - T:3 / 20190125T020745, SetElapsed=123657497, nowELAPSED=123652511
01-25 02:07:40.629  4621  4621 D SystemUI_Clock: Clock received ACTION_TIME_TICK : start
01-25 02:07:40.635  4621  4621 D SystemUI_Clock: Clock received ACTION_TIME_TICK : end
01-25 02:07:40.637  3755  7367 D SamsungAlarmManager: setExact Intent (T:2/F:5/AC:false) 20190125T020920 - CU:10035/CP:9757
01-25 02:07:40.638  3755  7367 I SamsungAlarmManager: setLocked to kernel - T:2 / 20190125T020920, SetElapsed=123752507, nowELAPSED=123652520
01-25 02:07:40.650  4621  4621 D TextClock: TextClock received ACTION_TIME_TICK : start
01-25 02:07:40.651  4621  4621 D TextClock: TextClock received ACTION_TIME_TICK : end
01-25 02:07:40.652  3755  7358 D MountService: getExternalStorageMountMode : 1
01-25 02:07:40.652  3755  7358 D MountService: getExternalStorageMountMode : 3
01-25 02:07:40.652  3755  7358 D MountService: getExternalStorageMountMode : final mountMode=1, uid : 10035, packageName : com.sec.spp.push
01-25 02:07:40.673  3755  7358 I ActivityManager: Start proc 30096:com.sec.spp.push:RemoteDlcProcess/u0a35 for broadcast com.sec.spp.push/.dlc.sender.DlcRequestReceiver
01-25 02:07:40.674 30096 30096 E Zygote  : v2
01-25 02:07:40.674 30096 30096 I libpersona: KNOX_SDCARD checking this for 10035
01-25 02:07:40.674 30096 30096 I libpersona: KNOX_SDCARD not a persona
01-25 02:07:40.676 30096 30096 E Zygote  : accessInfo : 0
01-25 02:07:40.677 30096 30096 W SELinux : SELinux selinux_android_compute_policy_index : Policy Index[2],  Con:u:r:zygote:s0 RAM:SEPF_SECMOBILE_7.0_0009, [-1 -1 -1 -1 0 1]
01-25 02:07:40.679 30096 30096 I SELinux : SELinux: seapp_context_lookup: seinfo=samsung, level=s0:c512,c768, pkgname=com.sec.spp.push:RemoteDlcProcess 
01-25 02:07:40.680  4621  4621 D TextClock: TextClock received ACTION_TIME_TICK : start
01-25 02:07:40.681  4621  4621 D TextClock: TextClock received ACTION_TIME_TICK : end
01-25 02:07:40.702  4621  4621 D TextClock: TextClock received ACTION_TIME_TICK : start
01-25 02:07:40.704  4621  4621 D TextClock: TextClock received ACTION_TIME_TICK : end
01-25 02:07:40.706  4621  4621 V hong    : mid yDiff = 382
01-25 02:07:40.706  4621  4621 V hong    : mid yDiff = 382
01-25 02:07:40.713 30096 30096 D TimaKeyStoreProvider: TimaKeyStore is not enabled: cannot add TimaSignature Service and generateKeyPair Service
01-25 02:07:40.717  3755  4453 D CompatibilityInfo: mCompatibilityFlags - 0
01-25 02:07:40.718  3755  4453 D CompatibilityInfo: applicationDensity - 420
01-25 02:07:40.718  3755  4453 D CompatibilityInfo: applicationScale - 1.0
01-25 02:07:40.718  3755  4453 I ActivityManager: DSS on for com.sec.spp.push and scale is 1.0
01-25 02:07:40.719  3755  4453 D CompatibilityInfo: mCompatibilityFlags - 0
01-25 02:07:40.719  3755  4453 D CompatibilityInfo: applicationDensity - 420
01-25 02:07:40.719  3755  4453 D CompatibilityInfo: applicationScale - 1.0
01-25 02:07:40.728  3755  4453 D CompatibilityInfo: mCompatibilityFlags - 0
01-25 02:07:40.728  3755  4453 D CompatibilityInfo: applicationDensity - 420
01-25 02:07:40.728  3755  4453 D CompatibilityInfo: applicationScale - 1.0
01-25 02:07:40.730  4621  4621 D SystemUI_DateView: DateView received ACTION_TIME_TICK : start
01-25 02:07:40.730  4621  4621 D SystemUI_DateView: DateView received ACTION_TIME_TICK : end
01-25 02:07:40.732  4621  4621 V hong    : mid yDiff = 382
01-25 02:07:40.733  4621  4621 V hong    : mid yDiff = 382
01-25 02:07:40.733  4621  4621 D TextClock: TextClock received ACTION_TIME_TICK : start
01-25 02:07:40.735  4621  4621 D TextClock: TextClock received ACTION_TIME_TICK : end
01-25 02:07:40.754  4621  4621 D TextClock: TextClock received ACTION_TIME_TICK : start
01-25 02:07:40.755  4621  4621 D TextClock: TextClock received ACTION_TIME_TICK : end
01-25 02:07:40.761 30096 30096 I art     : Starting a blocking GC AddRemoveAppImageSpace
01-25 02:07:40.764 30096 30096 W System  : ClassLoader referenced unknown path: /data/app/com.sec.spp.push-2/lib/arm64
01-25 02:07:40.774  4621  4621 D DateTimeView: DateTimeView received ACTION_TIME_TICK : start
01-25 02:07:40.780 30096 30096 D SPPClientService: Create
01-25 02:07:40.784  4621  4621 D DateTimeView: DateTimeView received ACTION_TIME_TICK : end
01-25 02:07:40.787  6100  6100 D TextClock: TextClock received ACTION_TIME_TICK : start
01-25 02:07:40.787  6100  6100 D TextClock: TextClock received ACTION_TIME_TICK : end
01-25 02:07:40.789 30096 30115 D SPPClientService: Create DLC
01-25 02:07:40.789 30096 30115 E SPPClientService: ShipBuild Binary : True
01-25 02:07:40.794  6100  6100 D TextClock: TextClock received ACTION_TIME_TICK : start
01-25 02:07:40.794  6100  6100 D TextClock: TextClock received ACTION_TIME_TICK : end
01-25 02:07:40.802  3755  5085 D CompatibilityInfo: mCompatibilityFlags - 0
01-25 02:07:40.802  3755  5085 D CompatibilityInfo: applicationDensity - 420
01-25 02:07:40.802  3755  5085 D CompatibilityInfo: applicationScale - 1.0
01-25 02:07:40.804  6100  6100 D TextClock: TextClock received ACTION_TIME_TICK : start
01-25 02:07:40.804  6100  6100 D TextClock: TextClock received ACTION_TIME_TICK : end
01-25 02:07:40.807  3755  7357 D SamsungAlarmManager: Cancel Alarm calling from uid:10035 pid :30096 / op:PendingIntent{292c27e: PendingIntentRecord{b3363df com.sec.spp.push broadcastIntent}}
01-25 02:07:40.813  3755  6279 D CompatibilityInfo: mCompatibilityFlags - 0
01-25 02:07:40.813  3755  6279 D CompatibilityInfo: applicationDensity - 420
01-25 02:07:40.813  3755  6279 D CompatibilityInfo: applicationScale - 1.0
01-25 02:07:40.816  6100  6100 D TextClock: TextClock received ACTION_TIME_TICK : start
01-25 02:07:40.817  6100  6100 D TextClock: TextClock received ACTION_TIME_TICK : end
01-25 02:07:40.825  6100  6100 D TextClock: TextClock received ACTION_TIME_TICK : start
01-25 02:07:40.827  6100  6100 D TextClock: TextClock received ACTION_TIME_TICK : end
01-25 02:07:40.833  3755  3767 D CompatibilityInfo: mCompatibilityFlags - 0
01-25 02:07:40.833  3755  3767 D CompatibilityInfo: applicationDensity - 420
01-25 02:07:40.833  3755  3767 D CompatibilityInfo: applicationScale - 1.0
01-25 02:07:40.839  3755  7344 D CompatibilityInfo: mCompatibilityFlags - 0
01-25 02:07:40.839  3755  7344 D CompatibilityInfo: applicationDensity - 420
01-25 02:07:40.839  3755  7344 D CompatibilityInfo: applicationScale - 1.0
01-25 02:07:40.841  9757 15972 E SPPClientService: [b] __PingReply__
01-25 02:07:40.842  6100  6100 D TextClock: TextClock received ACTION_TIME_TICK : start
01-25 02:07:40.843  6100  6100 D TextClock: TextClock received ACTION_TIME_TICK : end
01-25 02:07:40.847  3755  6281 D SamsungAlarmManager: Cancel Alarm calling from uid:10035 pid :9757 / op:PendingIntent{c945efb: PendingIntentRecord{af3cc00 com.sec.spp.push broadcastIntent}}
01-25 02:07:40.847  6100  6100 D TextClock: TextClock received ACTION_TIME_TICK : start
01-25 02:07:40.848  6100  6100 D TextClock: TextClock received ACTION_TIME_TICK : end
01-25 02:07:40.849  3755  6281 I SamsungAlarmManager: setLocked to kernel - T:2 / 20190125T021127, SetElapsed=123879720, nowELAPSED=123652732
01-25 02:07:40.857  3755  3774 D CompatibilityInfo: mCompatibilityFlags - 0
01-25 02:07:40.857  3755  3774 D CompatibilityInfo: applicationDensity - 420
01-25 02:07:40.857  3755  3774 D CompatibilityInfo: applicationScale - 1.0
01-25 02:07:40.858  3755  3766 D ConnectivityService: filterNetworkStateForUid() uid: 10035 networkInfo: [type: WIFI[] - WIFI, state: CONNECTED/CONNECTED, reason: (unspecified), extra: "wilkinson2.4", failover: false, available: true, roaming: false, metered: false]
01-25 02:07:40.863  6100  6100 D TextClock: TextClock received ACTION_TIME_TICK : start
01-25 02:07:40.863  6100  6100 D TextClock: TextClock received ACTION_TIME_TICK : end
01-25 02:07:40.870  3755  7362 I ActivityManager: Killing 21920:com.samsung.android.spdfnote/u0a279 (adj 906): DHA:empty #31
01-25 02:07:40.872  3755  4444 D ConnectivityService: filterNetworkStateForUid() uid: 10035 networkInfo: [type: WIFI[] - WIFI, state: CONNECTED/CONNECTED, reason: (unspecified), extra: "wilkinson2.4", failover: false, available: true, roaming: false, metered: false]
01-25 02:07:40.874  6100  6100 D TextClock: TextClock received ACTION_TIME_TICK : start
01-25 02:07:40.875  6100  6100 D TextClock: TextClock received ACTION_TIME_TICK : end
01-25 02:07:40.883  3755  7395 D SamsungAlarmManager: Cancel Alarm calling from uid:10035 pid :9757 / op:PendingIntent{13f1b18: PendingIntentRecord{bd17cc5 com.sec.spp.push broadcastIntent}}
01-25 02:07:40.895  3755  6065 D ConnectivityService: filterNetworkStateForUid() uid: 10035 networkInfo: [type: WIFI[] - WIFI, state: CONNECTED/CONNECTED, reason: (unspecified), extra: "wilkinson2.4", failover: false, available: true, roaming: false, metered: false]
01-25 02:07:40.900  3755  5085 D ActivityManager: cleanUpApplicationRecord -- 21920
01-25 02:07:40.905  5967  5990 D ForegroundUtils: could not check pending caller
01-25 02:07:40.906  3755  4448 D SamsungAlarmManager: setExact Intent (T:2/F:5/AC:false) 20190125T022541 - CU:10035/CP:9757
01-25 02:07:40.934 26869 26896 D UE4     : Used memory: 172288
01-25 02:07:42.005  3755  7396 D BatteryService: !@BatteryListener : batteryPropertiesChanged!
01-25 02:07:42.006  3755  7396 D BatteryService: level:72, scale:100, status:2, health:2, present:true, voltage: 4154, temperature: 313, technology: Li-ion, AC powered:false, USB powered:true, POGO powered:false, Wireless powered:false, icon:17303694, invalid charger:0, maxChargingCurrent:0, maxChargingVoltage:0, chargeCounter:0
01-25 02:07:42.007  3755  7396 D BatteryService: online:6, current avg:956, charge type:1, power sharing:false, high voltage charger:false, capacity:280000, batterySWSelfDischarging:false, misc_event:0, current_now:980
01-25 02:07:42.007  3755  7396 D BatteryService: stay LED for charging
01-25 02:07:42.007  3755  3755 D BatteryService: Sending ACTION_BATTERY_CHANGED.
01-25 02:07:42.011  3755  3755 V UiModeManager: updateLocked: null action, mDockState=0, category=null
01-25 02:07:42.012  3755  3755 D UiModeManager: updateConfigurationLocked: mDockState=0; mCarMode=false; mNightMode=1; uiMode=17
01-25 02:07:42.013  3755  3755 D GameManagerService: new battery level: 72
01-25 02:07:42.017  4621  4621 D KeyguardUpdateMonitor: received broadcast android.intent.action.BATTERY_CHANGED
01-25 02:07:42.017  4621  4621 D KeyguardUpdateMonitor: handleBatteryUpdate
01-25 02:07:42.022  4621  4621 D PowerUI : priorPlugType = 2 mPlugType =  2
01-25 02:07:42.025  4621  4621 D PowerUI.Notification: showChargingNotice oldChargingType : 1 currentChargingType : 1 oldChargingTime : 4088000 mChargingTime : 4067000
01-25 02:07:42.025  4621  4621 D PowerUI.Notification: showChargingNotification()
01-25 02:07:42.032  5021  5021 D PhoneApp: PhoneAppBroadcastReceiver onReceive android.intent.action.BATTERY_CHANGED
01-25 02:07:42.032  5021  5021 D TelephonyExtensionManager: lowBatterySound - isLowBatterySoundScheduled: false
01-25 02:07:42.032  5021  5021 D TelephonyExtensionManager: lowBatterySound - isPlayNow: false
01-25 02:07:42.034  5021  5021 D TelephonyExtensionManager: isSpeakerON - false
01-25 02:07:42.048  5021  5021 D TelephonyExtensionManager: lowBatterySound - batteryStatus: 2
01-25 02:07:42.048  5021  5021 D TelephonyExtensionManager: lowBatterySound - batteryLevel: 72
01-25 02:07:42.048  5021  5021 D TelephonyExtensionManager: lowBatterySound - cancel
01-25 02:07:42.049  3755  7343 D SamsungAlarmManager: Cancel Alarm calling from uid:1001 pid :5021 / op:PendingIntent{eb00971: PendingIntentRecord{9ab141e com.android.phone broadcastIntent}}
01-25 02:07:42.049  5021  5021 D TelephonyExtension: Not stopping low battery tone
01-25 02:07:42.050  3755  4444 D ApplicationPolicy: isStatusBarNotificationAllowedAsUser: packageName = com.android.systemui,userId = -1
01-25 02:07:42.053  4621  4621 D BatteryMeterDrawable: isSomethingChanged - false
01-25 02:07:42.053  4621  4621 D BatteryMeterDrawable: isSomethingChanged - false
01-25 02:07:42.056  4621  4621 D Tile.FlashlightTile: ACTION_BATTERY_CHANGED - Level :: 72, emEnabled :: false
01-25 02:07:42.111  4621  4621 D KeyguardServiceBoxContainer: updateCMAS() hasCmasNotification = false, mHasCMAS = false
01-25 02:07:43.060  3755  4372 I TLC_TIMA_PKM_measure_kernel: TIMA: response_id = 3
01-25 02:07:43.060  3755  4372 I TLC_TIMA_PKM_measure_kernel: TIMA: response ret = 0, result_ondemand = MSG=Kernel Verification Success;
01-25 02:07:43.775  3755  3755 D TelephonyManager: getCellLocation : Caller (PID / UID / TID): 3755 / 1000 / 3755
01-25 02:07:43.795  5032  5668 D EPDG -- [SMARTWIFI]: onSignalStrengthsChanged: Received signal strength change, phone type is: 2
01-25 02:07:43.795  5032  6400 D EPDG -- [SMARTWIFI]: lastLteRSRP is -122currentLteRSRP is -121
01-25 02:07:43.795  5032  6400 D EPDG -- [SMARTWIFI]: lastLteRSRQ is -15currentLteRSRQ is -15
01-25 02:07:43.795  5032  6400 D EPDG -- [SMARTWIFI]: lastCdmaDb is -16currentCdmaDb is -16
01-25 02:07:43.795  5032  6400 V EPDG -- [SMARTWIFI]: Radio oldest entry removed
01-25 02:07:43.795  5032  6400 V EPDG -- [SMARTWIFI]: New entry : (SignalStrength: 99 99 -120 -160 -120 -1 -1 13 -121 -15 2 2147483647 2147483647 0x1000 gsm|lte : 0 )
01-25 02:07:43.795  5032  6400 V EPDG -- [SMARTWIFI]: Radio entry added
01-25 02:07:43.799  4621  4806 D NetworkController.MobileSignalController(0/1): onSignalStrengthsChanged signalStrength=SignalStrength: 99 99 -120 -160 -120 -1 -1 13 -121 -15 2 2147483647 2147483647 0x1000 gsm|lte level=1
01-25 02:07:43.799  4621  4806 D NetworkController.MobileSignalController(0/1): getMobileIconGroup(): 13
01-25 02:07:43.799  4621  4806 D NetworkController.MobileSignalController(0/1): updateVZWMobileIconGroup(): 13
01-25 02:07:43.813  4621  4806 D NetworkController.MobileSignalController(0/1): callState:0, callStateByPhone:false voLTECall:false voiceNetTpe:13 dataNetType:13, ine911:false, emergencyCallbackMode:false
01-25 02:07:45.157  5679  5679 D io_stats: !@   8,0 r 748791 24885676 w 573179 15455032 d 91924 8800440 f 147039 147004 iot 1015600 627623 th 61440 61440 54636 pt 2280 inp 0 0 63933.293
01-25 02:07:45.614  3755  4354 D SamsungAlarmManager: Expired : 8
01-25 02:07:45.615  3755  4354 I SamsungAlarmManager: setLocked to kernel - T:3 / 20190125T020759, SetElapsed=123671663, nowELAPSED=123657498
01-25 02:07:46.937  3755  9977 D SSRM:t  : SIOP:: AP = 340, PST = 338 (W:14), CP = 272, CUR = 114, LCD = 0
01-25 02:07:46.947  3755  9977 D ConnectivityService: filterNetworkStateForUid() uid: 1000 networkInfo: [type: WIFI[] - WIFI, state: CONNECTED/CONNECTED, reason: (unspecified), extra: "wilkinson2.4", failover: false, available: true, roaming: false, metered: false]
01-25 02:07:47.553  3755  4963 E Watchdog: !@Sync 2130 [25_Jan_02_07_47.552]
01-25 02:07:47.613  3755  3755 D TelephonyManager: getCellLocation : Caller (PID / UID / TID): 3755 / 1000 / 3755
01-25 02:07:47.681  5032  5668 D EPDG -- [SMARTWIFI]: onSignalStrengthsChanged: Received signal strength change, phone type is: 2
01-25 02:07:47.683  5032  6400 D EPDG -- [SMARTWIFI]: lastLteRSRP is -121currentLteRSRP is -121
01-25 02:07:47.684  5032  6400 D EPDG -- [SMARTWIFI]: lastLteRSRQ is -15currentLteRSRQ is -15
01-25 02:07:47.684  5032  6400 D EPDG -- [SMARTWIFI]: lastCdmaDb is -16currentCdmaDb is -16
01-25 02:07:47.684  5032  6400 V EPDG -- [SMARTWIFI]: Radio oldest entry removed
01-25 02:07:47.684  5032  6400 V EPDG -- [SMARTWIFI]: New entry : (SignalStrength: 99 99 -120 -160 -120 -1 -1 16 -121 -15 -60 2147483647 2147483647 0x1000 gsm|lte : 0 )
01-25 02:07:47.684  5032  6400 V EPDG -- [SMARTWIFI]: Radio entry added
01-25 02:07:47.720  4621  4806 D NetworkController.MobileSignalController(0/1): onSignalStrengthsChanged signalStrength=SignalStrength: 99 99 -120 -160 -120 -1 -1 16 -121 -15 -60 2147483647 2147483647 0x1000 gsm|lte level=1
01-25 02:07:47.721  4621  4806 D NetworkController.MobileSignalController(0/1): getMobileIconGroup(): 13
01-25 02:07:47.721  4621  4806 D NetworkController.MobileSignalController(0/1): updateVZWMobileIconGroup(): 13
01-25 02:07:47.758  4621  4806 D NetworkController.MobileSignalController(0/1): callState:0, callStateByPhone:false voLTECall:false voiceNetTpe:13 dataNetType:13, ine911:false, emergencyCallbackMode:false
01-25 02:07:48.794  3755  3755 D TelephonyManager: getCellLocation : Caller (PID / UID / TID): 3755 / 1000 / 3755
01-25 02:07:48.796  4621  4806 D NetworkController.MobileSignalController(0/1): onSignalStrengthsChanged signalStrength=SignalStrength: 99 99 -120 -160 -120 -1 -1 14 -120 -15 2 2147483647 2147483647 0x1000 gsm|lte level=1
01-25 02:07:48.797  4621  4806 D NetworkController.MobileSignalController(0/1): getMobileIconGroup(): 13
01-25 02:07:48.798  4621  4806 D NetworkController.MobileSignalController(0/1): updateVZWMobileIconGroup(): 13
01-25 02:07:48.817  5032  5668 D EPDG -- [SMARTWIFI]: onSignalStrengthsChanged: Received signal strength change, phone type is: 2
01-25 02:07:48.818  5032  6400 D EPDG -- [SMARTWIFI]: lastLteRSRP is -121currentLteRSRP is -120
01-25 02:07:48.818  5032  6400 D EPDG -- [SMARTWIFI]: lastLteRSRQ is -15currentLteRSRQ is -15
01-25 02:07:48.818  5032  6400 D EPDG -- [SMARTWIFI]: lastCdmaDb is -16currentCdmaDb is -16
01-25 02:07:48.818  5032  6400 V EPDG -- [SMARTWIFI]: Radio oldest entry removed
01-25 02:07:48.818  5032  6400 V EPDG -- [SMARTWIFI]: New entry : (SignalStrength: 99 99 -120 -160 -120 -1 -1 14 -120 -15 2 2147483647 2147483647 0x1000 gsm|lte : 0 )
01-25 02:07:48.818  5032  6400 V EPDG -- [SMARTWIFI]: Radio entry added
01-25 02:07:48.820  4621  4806 D NetworkController.MobileSignalController(0/1): callState:0, callStateByPhone:false voLTECall:false voiceNetTpe:13 dataNetType:13, ine911:false, emergencyCallbackMode:false
01-25 02:07:50.164  5679  5679 D io_stats: !@   8,0 r 748791 24885676 w 573180 15455044 d 91924 8800440 f 147064 147029 iot 1015680 627629 th 61440 61440 54636 pt 2280 inp 0 0 63938.298
01-25 02:07:50.979 26869 26896 D UE4     : Used memory: 172336
01-25 02:07:51.449  3755  3755 D TelephonyManager: getCellLocation : Caller (PID / UID / TID): 3755 / 1000 / 3755
01-25 02:07:51.455  4621  4806 D NetworkController.MobileSignalController(0/1): onSignalStrengthsChanged signalStrength=SignalStrength: 99 99 -120 -160 -120 -1 -1 13 -121 -15 6 2147483647 2147483647 0x1000 gsm|lte level=1
01-25 02:07:51.455  4621  4806 D NetworkController.MobileSignalController(0/1): getMobileIconGroup(): 13
01-25 02:07:51.455  4621  4806 D NetworkController.MobileSignalController(0/1): updateVZWMobileIconGroup(): 13
01-25 02:07:51.462  5032  5668 D EPDG -- [SMARTWIFI]: onSignalStrengthsChanged: Received signal strength change, phone type is: 2
01-25 02:07:51.463  5032  6400 D EPDG -- [SMARTWIFI]: lastLteRSRP is -120currentLteRSRP is -121
01-25 02:07:51.463  5032  6400 D EPDG -- [SMARTWIFI]: lastLteRSRQ is -15currentLteRSRQ is -15
01-25 02:07:51.463  5032  6400 D EPDG -- [SMARTWIFI]: lastCdmaDb is -16currentCdmaDb is -16
01-25 02:07:51.463  5032  6400 V EPDG -- [SMARTWIFI]: Radio oldest entry removed
01-25 02:07:51.463  5032  6400 V EPDG -- [SMARTWIFI]: New entry : (SignalStrength: 99 99 -120 -160 -120 -1 -1 13 -121 -15 6 2147483647 2147483647 0x1000 gsm|lte : 0 )
01-25 02:07:51.464  5032  6400 V EPDG -- [SMARTWIFI]: Radio entry added
01-25 02:07:51.471  4621  4806 D NetworkController.MobileSignalController(0/1): callState:0, callStateByPhone:false voLTECall:false voiceNetTpe:13 dataNetType:13, ine911:false, emergencyCallbackMode:false
01-25 02:07:51.657 22286 22300 I Finsky  : [1888] com.google.android.finsky.bs.m.run(6): Stats for Executor: BlockingExecutor com.google.android.finsky.bs.ap@c46a826[Running, pool size = 0, active threads = 0, queued tasks = 0, completed tasks = 15]
01-25 02:07:51.666 22286 22300 I Finsky  : [1888] com.google.android.finsky.bs.m.run(6): Stats for Executor: LightweightExecutor com.google.android.finsky.bs.ap@4b55c67[Running, pool size = 4, active threads = 0, queued tasks = 0, completed tasks = 56]
01-25 02:07:51.819 22286 22300 I Finsky  : [1888] com.google.android.finsky.bs.m.run(6): Stats for Executor: bgExecutor com.google.android.finsky.bs.ap@209ea14[Running, pool size = 4, active threads = 0, queued tasks = 0, completed tasks = 30]
01-25 02:07:52.112  3755  5047 D BatteryService: !@BatteryListener : batteryPropertiesChanged!
01-25 02:07:52.112  3755  5047 D BatteryService: level:72, scale:100, status:2, health:2, present:true, voltage: 4154, temperature: 313, technology: Li-ion, AC powered:false, USB powered:true, POGO powered:false, Wireless powered:false, icon:17303694, invalid charger:0, maxChargingCurrent:0, maxChargingVoltage:0, chargeCounter:0
01-25 02:07:52.112  3755  5047 D BatteryService: online:6, current avg:961, charge type:1, power sharing:false, high voltage charger:false, capacity:280000, batterySWSelfDischarging:false, misc_event:0, current_now:973
01-25 02:07:52.113  3755  5047 D BatteryService: stay LED for charging
01-25 02:07:52.113  3755  3755 D BatteryService: Sending ACTION_BATTERY_CHANGED.
01-25 02:07:52.119  3755  3755 V UiModeManager: updateLocked: null action, mDockState=0, category=null
01-25 02:07:52.120  3755  3755 D UiModeManager: updateConfigurationLocked: mDockState=0; mCarMode=false; mNightMode=1; uiMode=17
01-25 02:07:52.122  3755  3755 D GameManagerService: new battery level: 72
01-25 02:07:52.125  4621  4621 D KeyguardUpdateMonitor: received broadcast android.intent.action.BATTERY_CHANGED
01-25 02:07:52.125  4621  4621 D KeyguardUpdateMonitor: handleBatteryUpdate
01-25 02:07:52.135  4621  4621 D PowerUI : priorPlugType = 2 mPlugType =  2
01-25 02:07:52.136  4621  4621 D PowerUI.Notification: showChargingNotice oldChargingType : 1 currentChargingType : 1 oldChargingTime : 4067000 mChargingTime : 4056000
01-25 02:07:52.136  4621  4621 D PowerUI.Notification: showChargingNotification()
01-25 02:07:52.140  5021  5021 D PhoneApp: PhoneAppBroadcastReceiver onReceive android.intent.action.BATTERY_CHANGED
01-25 02:07:52.140  5021  5021 D TelephonyExtensionManager: lowBatterySound - isLowBatterySoundScheduled: false
01-25 02:07:52.140  5021  5021 D TelephonyExtensionManager: lowBatterySound - isPlayNow: false
01-25 02:07:52.141  5021  5021 D TelephonyExtensionManager: isSpeakerON - false
01-25 02:07:52.149  5021  5021 D TelephonyExtensionManager: lowBatterySound - batteryStatus: 2
01-25 02:07:52.149  5021  5021 D TelephonyExtensionManager: lowBatterySound - batteryLevel: 72
01-25 02:07:52.149  5021  5021 D TelephonyExtensionManager: lowBatterySound - cancel
01-25 02:07:52.149  3755  7395 D SamsungAlarmManager: Cancel Alarm calling from uid:1001 pid :5021 / op:PendingIntent{23aa356: PendingIntentRecord{9ab141e com.android.phone broadcastIntent}}
01-25 02:07:52.150  5021  5021 D TelephonyExtension: Not stopping low battery tone
01-25 02:07:52.151  3755  6065 D ApplicationPolicy: isStatusBarNotificationAllowedAsUser: packageName = com.android.systemui,userId = -1
01-25 02:07:52.153  4621  4621 D BatteryMeterDrawable: isSomethingChanged - false
01-25 02:07:52.153  4621  4621 D BatteryMeterDrawable: isSomethingChanged - false
01-25 02:07:52.156  4621  4621 D Tile.FlashlightTile: ACTION_BATTERY_CHANGED - Level :: 72, emEnabled :: false
01-25 02:07:52.208  4621  4621 D KeyguardServiceBoxContainer: updateCMAS() hasCmasNotification = false, mHasCMAS = false
01-25 02:07:54.013  3755  3755 D TelephonyManager: getCellLocation : Caller (PID / UID / TID): 3755 / 1000 / 3755
01-25 02:07:54.027  5032  5668 D EPDG -- [SMARTWIFI]: onSignalStrengthsChanged: Received signal strength change, phone type is: 2
01-25 02:07:54.027  5032  6400 D EPDG -- [SMARTWIFI]: lastLteRSRP is -121currentLteRSRP is -120
01-25 02:07:54.027  4621  4806 D NetworkController.MobileSignalController(0/1): onSignalStrengthsChanged signalStrength=SignalStrength: 99 99 -120 -160 -120 -1 -1 15 -120 -14 -28 2147483647 2147483647 0x1000 gsm|lte level=1
01-25 02:07:54.027  5032  6400 D EPDG -- [SMARTWIFI]: lastLteRSRQ is -15currentLteRSRQ is -14
01-25 02:07:54.028  5032  6400 D EPDG -- [SMARTWIFI]: lastCdmaDb is -16currentCdmaDb is -16
01-25 02:07:54.028  5032  6400 V EPDG -- [SMARTWIFI]: Radio oldest entry removed
01-25 02:07:54.028  5032  6400 V EPDG -- [SMARTWIFI]: New entry : (SignalStrength: 99 99 -120 -160 -120 -1 -1 15 -120 -14 -28 2147483647 2147483647 0x1000 gsm|lte : 0 )
01-25 02:07:54.028  5032  6400 V EPDG -- [SMARTWIFI]: Radio entry added
01-25 02:07:54.029  4621  4806 D NetworkController.MobileSignalController(0/1): getMobileIconGroup(): 13
01-25 02:07:54.029  4621  4806 D NetworkController.MobileSignalController(0/1): updateVZWMobileIconGroup(): 13
01-25 02:07:54.038  4621  4806 D NetworkController.MobileSignalController(0/1): callState:0, callStateByPhone:false voLTECall:false voiceNetTpe:13 dataNetType:13, ine911:false, emergencyCallbackMode:false
01-25 02:07:55.172  3755  3755 D TelephonyManager: getCellLocation : Caller (PID / UID / TID): 3755 / 1000 / 3755
01-25 02:07:55.178  5679  5679 D io_stats: !@   8,0 r 748791 24885676 w 573187 15455092 d 91924 8800440 f 147092 147057 iot 1015820 627635 th 61440 61440 54636 pt 2280 inp 0 0 63943.306
01-25 02:07:55.181  4621  4806 D NetworkController.MobileSignalController(0/1): onSignalStrengthsChanged signalStrength=SignalStrength: 99 99 -120 -160 -120 -1 -1 13 -121 -14 16 2147483647 2147483647 0x1000 gsm|lte level=1
01-25 02:07:55.183  4621  4806 D NetworkController.MobileSignalController(0/1): getMobileIconGroup(): 13
01-25 02:07:55.183  4621  4806 D NetworkController.MobileSignalController(0/1): updateVZWMobileIconGroup(): 13
01-25 02:07:55.192  5032  5668 D EPDG -- [SMARTWIFI]: onSignalStrengthsChanged: Received signal strength change, phone type is: 2
01-25 02:07:55.193  5032  6400 D EPDG -- [SMARTWIFI]: lastLteRSRP is -120currentLteRSRP is -121
01-25 02:07:55.193  5032  6400 D EPDG -- [SMARTWIFI]: lastLteRSRQ is -14currentLteRSRQ is -14
01-25 02:07:55.193  5032  6400 D EPDG -- [SMARTWIFI]: lastCdmaDb is -16currentCdmaDb is -16
01-25 02:07:55.193  5032  6400 V EPDG -- [SMARTWIFI]: Radio oldest entry removed
01-25 02:07:55.193  5032  6400 V EPDG -- [SMARTWIFI]: New entry : (SignalStrength: 99 99 -120 -160 -120 -1 -1 13 -121 -14 16 2147483647 2147483647 0x1000 gsm|lte : 0 )
01-25 02:07:55.193  5032  6400 V EPDG -- [SMARTWIFI]: Radio entry added
01-25 02:07:55.198  4621  4806 D NetworkController.MobileSignalController(0/1): callState:0, callStateByPhone:false voLTECall:false voiceNetTpe:13 dataNetType:13, ine911:false, emergencyCallbackMode:false
01-25 02:07:56.568  3755  3755 D TelephonyManager: getCellLocation : Caller (PID / UID / TID): 3755 / 1000 / 3755
01-25 02:07:56.582  5032  5668 D EPDG -- [SMARTWIFI]: onSignalStrengthsChanged: Received signal strength change, phone type is: 2
01-25 02:07:56.583  5032  6400 D EPDG -- [SMARTWIFI]: lastLteRSRP is -121currentLteRSRP is -121
01-25 02:07:56.583  5032  6400 D EPDG -- [SMARTWIFI]: lastLteRSRQ is -14currentLteRSRQ is -14
01-25 02:07:56.583  5032  6400 D EPDG -- [SMARTWIFI]: lastCdmaDb is -16currentCdmaDb is -16
01-25 02:07:56.583  5032  6400 V EPDG -- [SMARTWIFI]: Radio oldest entry removed
01-25 02:07:56.583  5032  6400 V EPDG -- [SMARTWIFI]: New entry : (SignalStrength: 99 99 -120 -160 -120 -1 -1 16 -121 -14 -60 2147483647 2147483647 0x1000 gsm|lte : 0 )
01-25 02:07:56.583  5032  6400 V EPDG -- [SMARTWIFI]: Radio entry added
01-25 02:07:56.592  4621  4806 D NetworkController.MobileSignalController(0/1): onSignalStrengthsChanged signalStrength=SignalStrength: 99 99 -120 -160 -120 -1 -1 16 -121 -14 -60 2147483647 2147483647 0x1000 gsm|lte level=1
01-25 02:07:56.592  4621  4806 D NetworkController.MobileSignalController(0/1): getMobileIconGroup(): 13
01-25 02:07:56.592  4621  4806 D NetworkController.MobileSignalController(0/1): updateVZWMobileIconGroup(): 13
01-25 02:07:56.602  4621  4806 D NetworkController.MobileSignalController(0/1): callState:0, callStateByPhone:false voLTECall:false voiceNetTpe:13 dataNetType:13, ine911:false, emergencyCallbackMode:false
01-25 02:07:56.994  3755  9977 D SSRM:t  : SIOP:: AP = 330, PST = 337 (W:14), CP = 272, CUR = 110, LCD = 0
01-25 02:07:57.001  3755  9977 D ConnectivityService: filterNetworkStateForUid() uid: 1000 networkInfo: [type: WIFI[] - WIFI, state: CONNECTED/CONNECTED, reason: (unspecified), extra: "wilkinson2.4", failover: false, available: true, roaming: false, metered: false]
01-25 02:07:59.130  3755  3755 D TelephonyManager: getCellLocation : Caller (PID / UID / TID): 3755 / 1000 / 3755
01-25 02:07:59.134  4621  4806 D NetworkController.MobileSignalController(0/1): onSignalStrengthsChanged signalStrength=SignalStrength: 99 99 -120 -160 -120 -1 -1 12 -121 -14 4 2147483647 2147483647 0x1000 gsm|lte level=1
01-25 02:07:59.135  4621  4806 D NetworkController.MobileSignalController(0/1): getMobileIconGroup(): 13
01-25 02:07:59.136  4621  4806 D NetworkController.MobileSignalController(0/1): updateVZWMobileIconGroup(): 13
01-25 02:07:59.141  5032  5668 D EPDG -- [SMARTWIFI]: onSignalStrengthsChanged: Received signal strength change, phone type is: 2
01-25 02:07:59.141  5032  6400 D EPDG -- [SMARTWIFI]: lastLteRSRP is -121currentLteRSRP is -121
01-25 02:07:59.141  5032  6400 D EPDG -- [SMARTWIFI]: lastLteRSRQ is -14currentLteRSRQ is -14
01-25 02:07:59.141  5032  6400 D EPDG -- [SMARTWIFI]: lastCdmaDb is -16currentCdmaDb is -16
01-25 02:07:59.141  5032  6400 V EPDG -- [SMARTWIFI]: Radio oldest entry removed
01-25 02:07:59.141  5032  6400 V EPDG -- [SMARTWIFI]: New entry : (SignalStrength: 99 99 -120 -160 -120 -1 -1 12 -121 -14 4 2147483647 2147483647 0x1000 gsm|lte : 0 )
01-25 02:07:59.141  5032  6400 V EPDG -- [SMARTWIFI]: Radio entry added
01-25 02:07:59.145  3755  3755 D TelephonyManager: getCellLocation : Caller (PID / UID / TID): 3755 / 1000 / 3755
01-25 02:07:59.146  4621  4806 D NetworkController.MobileSignalController(0/1): callState:0, callStateByPhone:false voLTECall:false voiceNetTpe:13 dataNetType:13, ine911:false, emergencyCallbackMode:false
01-25 02:07:59.155  5032  5668 D EPDG -- [SMARTWIFI]: onSignalStrengthsChanged: Received signal strength change, phone type is: 2
01-25 02:07:59.156  5032  6400 D EPDG -- [SMARTWIFI]: lastLteRSRP is -121currentLteRSRP is -121
01-25 02:07:59.156  5032  6400 D EPDG -- [SMARTWIFI]: lastLteRSRQ is -14currentLteRSRQ is -14
01-25 02:07:59.156  5032  6400 D EPDG -- [SMARTWIFI]: lastCdmaDb is -16currentCdmaDb is -16
01-25 02:07:59.156  5032  6400 V EPDG -- [SMARTWIFI]: Radio oldest entry removed
01-25 02:07:59.156  5032  6400 V EPDG -- [SMARTWIFI]: New entry : (SignalStrength: 99 99 -120 -160 -120 -1 -1 12 -121 -14 4 2147483647 2147483647 0x1000 gsm|lte : 0 )
01-25 02:07:59.156  5032  6400 V EPDG -- [SMARTWIFI]: Radio entry added
01-25 02:07:59.163  4621  4806 D NetworkController.MobileSignalController(0/1): onSignalStrengthsChanged signalStrength=SignalStrength: 99 99 -120 -160 -120 -1 -1 12 -121 -14 4 2147483647 2147483647 0x1000 gsm|lte level=1
01-25 02:07:59.164  4621  4806 D NetworkController.MobileSignalController(0/1): getMobileIconGroup(): 13
01-25 02:07:59.164  4621  4806 D NetworkController.MobileSignalController(0/1): updateVZWMobileIconGroup(): 13
01-25 02:07:59.169  4621  4806 D NetworkController.MobileSignalController(0/1): callState:0, callStateByPhone:false voLTECall:false voiceNetTpe:13 dataNetType:13, ine911:false, emergencyCallbackMode:false
01-25 02:07:59.780  3755  4354 D SamsungAlarmManager: Expired : 8
01-25 02:07:59.781  3755  4354 I SamsungAlarmManager: setLocked to kernel - T:3 / 20190125T020800, SetElapsed=123671883, nowELAPSED=123671663
01-25 02:08:00.000  3755  4354 D SamsungAlarmManager: Expired : 8
01-25 02:08:00.004  3755  4354 I SamsungAlarmManager: setLocked to kernel - T:3 / 20190125T021045, SetElapsed=123837497, nowELAPSED=123671886
01-25 02:08:00.185  5679  5679 D io_stats: !@   8,0 r 748791 24885676 w 573188 15455104 d 91924 8800440 f 147117 147082 iot 1015910 627639 th 61440 61440 54636 pt 2280 inp 0 0 63948.319
01-25 02:08:00.952 26869 26896 D UE4     : Used memory: 172344
01-25 02:08:01.667  3755  3755 D TelephonyManager: getCellLocation : Caller (PID / UID / TID): 3755 / 1000 / 3755
01-25 02:08:01.681  5032  5668 D EPDG -- [SMARTWIFI]: onSignalStrengthsChanged: Received signal strength change, phone type is: 2
01-25 02:08:01.681  5032  6400 D EPDG -- [SMARTWIFI]: lastLteRSRP is -121currentLteRSRP is -122
01-25 02:08:01.681  5032  6400 D EPDG -- [SMARTWIFI]: lastLteRSRQ is -14currentLteRSRQ is -14
01-25 02:08:01.681  5032  6400 D EPDG -- [SMARTWIFI]: lastCdmaDb is -16currentCdmaDb is -16
01-25 02:08:01.681  5032  6400 V EPDG -- [SMARTWIFI]: Radio oldest entry removed
01-25 02:08:01.682  5032  6400 V EPDG -- [SMARTWIFI]: New entry : (SignalStrength: 99 99 -120 -160 -120 -1 -1 14 -122 -14 -31 2147483647 2147483647 0x1000 gsm|lte : 0 )
01-25 02:08:01.682  5032  6400 V EPDG -- [SMARTWIFI]: Radio entry added
01-25 02:08:01.692  4621  4806 D NetworkController.MobileSignalController(0/1): onSignalStrengthsChanged signalStrength=SignalStrength: 99 99 -120 -160 -120 -1 -1 14 -122 -14 -31 2147483647 2147483647 0x1000 gsm|lte level=1
01-25 02:08:01.692  4621  4806 D NetworkController.MobileSignalController(0/1): getMobileIconGroup(): 13
01-25 02:08:01.692  4621  4806 D NetworkController.MobileSignalController(0/1): updateVZWMobileIconGroup(): 13
01-25 02:08:01.699  4621  4806 D NetworkController.MobileSignalController(0/1): callState:0, callStateByPhone:false voLTECall:false voiceNetTpe:13 dataNetType:13, ine911:false, emergencyCallbackMode:false
01-25 02:08:02.159  3755  3766 D BatteryService: !@BatteryListener : batteryPropertiesChanged!
01-25 02:08:02.160  3755  3766 D BatteryService: level:72, scale:100, status:2, health:2, present:true, voltage: 4157, temperature: 313, technology: Li-ion, AC powered:false, USB powered:true, POGO powered:false, Wireless powered:false, icon:17303694, invalid charger:0, maxChargingCurrent:0, maxChargingVoltage:0, chargeCounter:0
01-25 02:08:02.160  3755  3766 D BatteryService: online:6, current avg:958, charge type:1, power sharing:false, high voltage charger:false, capacity:280000, batterySWSelfDischarging:false, misc_event:0, current_now:999
01-25 02:08:02.160  3755  3766 D BatteryService: stay LED for charging
01-25 02:08:02.160  3755  3755 D BatteryService: Sending ACTION_BATTERY_CHANGED.
01-25 02:08:02.163  3755  3755 V UiModeManager: updateLocked: null action, mDockState=0, category=null
01-25 02:08:02.163  3755  3755 D UiModeManager: updateConfigurationLocked: mDockState=0; mCarMode=false; mNightMode=1; uiMode=17
01-25 02:08:02.165  3755  3755 D GameManagerService: new battery level: 72
01-25 02:08:02.167  4621  4621 D KeyguardUpdateMonitor: received broadcast android.intent.action.BATTERY_CHANGED
01-25 02:08:02.167  4621  4621 D KeyguardUpdateMonitor: handleBatteryUpdate
01-25 02:08:02.170  4621  4621 D PowerUI : priorPlugType = 2 mPlugType =  2
01-25 02:08:02.172  4621  4621 D PowerUI.Notification: showChargingNotice oldChargingType : 1 currentChargingType : 1 oldChargingTime : 4056000 mChargingTime : 4045000
01-25 02:08:02.172  4621  4621 D PowerUI.Notification: showChargingNotification()
01-25 02:08:02.177  5021  5021 D PhoneApp: PhoneAppBroadcastReceiver onReceive android.intent.action.BATTERY_CHANGED
01-25 02:08:02.177  5021  5021 D TelephonyExtensionManager: lowBatterySound - isLowBatterySoundScheduled: false
01-25 02:08:02.177  5021  5021 D TelephonyExtensionManager: lowBatterySound - isPlayNow: false
01-25 02:08:02.178  5021  5021 D TelephonyExtensionManager: isSpeakerON - false
01-25 02:08:02.189  5021  5021 D TelephonyExtensionManager: lowBatterySound - batteryStatus: 2
01-25 02:08:02.189  3755  5048 D ApplicationPolicy: isStatusBarNotificationAllowedAsUser: packageName = com.android.systemui,userId = -1
01-25 02:08:02.189  5021  5021 D TelephonyExtensionManager: lowBatterySound - batteryLevel: 72
01-25 02:08:02.189  5021  5021 D TelephonyExtensionManager: lowBatterySound - cancel
01-25 02:08:02.190  3755  7344 D SamsungAlarmManager: Cancel Alarm calling from uid:1001 pid :5021 / op:PendingIntent{b3fefd7: PendingIntentRecord{9ab141e com.android.phone broadcastIntent}}
01-25 02:08:02.190  5021  5021 D TelephonyExtension: Not stopping low battery tone
01-25 02:08:02.192  4621  4621 D BatteryMeterDrawable: isSomethingChanged - false
01-25 02:08:02.192  4621  4621 D BatteryMeterDrawable: isSomethingChanged - false
01-25 02:08:02.196  4621  4621 D Tile.FlashlightTile: ACTION_BATTERY_CHANGED - Level :: 72, emEnabled :: false
01-25 02:08:02.250  4621  4621 D KeyguardServiceBoxContainer: updateCMAS() hasCmasNotification = false, mHasCMAS = false
01-25 02:08:05.065  6646  6750 D ContactsProvider_EventLog: contents_sample_state: [ contacts(370) data(4042) accounts({vnd.sec.contact.phone (1)=12, com.google (7)=694}) accounts deleted({}) calls([logtype:100 cnt:393, logtype:1150 cnt:107]) countryIso(US) userId(0)  ]

01-25 02:08:05.065  6646  6750 D ContactsProvider_EventLog: contents_sample_state: [ agr({[2 ,2 ,7]=1, [2 ,7 ,2 ,7]=1, [7 ,2 ,7]=4, [7 ,7 ,2]=4, [1 ,7]=5, [7]=52, [7 ,2]=231, [1 ,2 ,7]=7, [2 ,7]=65})  ]

01-25 02:08:05.065  6646  6750 D ContactsProvider_EventLog: contents_sample_state: [ actCnt({android.process.acore=1})  ]
01-25 02:08:05.070  6646  6750 E ContactsProvider_EventLog: Flush buffer to file cnt : 1 size : 0Kb duration : 5ms lastUpdatedAfter : 60130 ms mFlush_time_threasold : 2000 mCurrentSize : 458
01-25 02:08:05.211  5679  5679 D io_stats: !@   8,0 r 748791 24885676 w 573199 15455256 d 91925 8800444 f 147146 147111 iot 1016020 627649 th 61440 61440 54636 pt 2280 inp 0 0 63953.328
01-25 02:08:06.789  3755  3755 D TelephonyManager: getCellLocation : Caller (PID / UID / TID): 3755 / 1000 / 3755
01-25 02:08:06.808  5032  5668 D EPDG -- [SMARTWIFI]: onSignalStrengthsChanged: Received signal strength change, phone type is: 2
01-25 02:08:06.808  5032  6400 D EPDG -- [SMARTWIFI]: lastLteRSRP is -122currentLteRSRP is -120
01-25 02:08:06.808  5032  6400 D EPDG -- [SMARTWIFI]: lastLteRSRQ is -14currentLteRSRQ is -15
01-25 02:08:06.808  5032  6400 D EPDG -- [SMARTWIFI]: lastCdmaDb is -16currentCdmaDb is -16
01-25 02:08:06.808  5032  6400 V EPDG -- [SMARTWIFI]: Radio oldest entry removed
01-25 02:08:06.808  5032  6400 V EPDG -- [SMARTWIFI]: New entry : (SignalStrength: 99 99 -120 -160 -120 -1 -1 16 -120 -15 -61 2147483647 2147483647 0x1000 gsm|lte : 0 )
01-25 02:08:06.808  5032  6400 V EPDG -- [SMARTWIFI]: Radio entry added
01-25 02:08:06.816  3755  3755 D TelephonyManager: getCellLocation : Caller (PID / UID / TID): 3755 / 1000 / 3755
01-25 02:08:06.817  5032  5668 D EPDG -- [SMARTWIFI]: onSignalStrengthsChanged: Received signal strength change, phone type is: 2
01-25 02:08:06.818  5032  6400 D EPDG -- [SMARTWIFI]: lastLteRSRP is -120currentLteRSRP is -120
01-25 02:08:06.818  5032  6400 D EPDG -- [SMARTWIFI]: lastLteRSRQ is -15currentLteRSRQ is -15
01-25 02:08:06.818  5032  6400 D EPDG -- [SMARTWIFI]: lastCdmaDb is -16currentCdmaDb is -16
01-25 02:08:06.818  5032  6400 V EPDG -- [SMARTWIFI]: Radio oldest entry removed
01-25 02:08:06.818  5032  6400 V EPDG -- [SMARTWIFI]: New entry : (SignalStrength: 99 99 -120 -160 -120 -1 -1 16 -120 -15 -61 2147483647 2147483647 0x1000 gsm|lte : 0 )
01-25 02:08:06.818  5032  6400 V EPDG -- [SMARTWIFI]: Radio entry added
01-25 02:08:06.819  4621  4806 D NetworkController.MobileSignalController(0/1): onSignalStrengthsChanged signalStrength=SignalStrength: 99 99 -120 -160 -120 -1 -1 16 -120 -15 -61 2147483647 2147483647 0x1000 gsm|lte level=1
01-25 02:08:06.820  4621  4806 D NetworkController.MobileSignalController(0/1): getMobileIconGroup(): 13
01-25 02:08:06.821  4621  4806 D NetworkController.MobileSignalController(0/1): updateVZWMobileIconGroup(): 13
01-25 02:08:06.827  4621  4806 D NetworkController.MobileSignalController(0/1): callState:0, callStateByPhone:false voLTECall:false voiceNetTpe:13 dataNetType:13, ine911:false, emergencyCallbackMode:false
01-25 02:08:06.839  4621  4806 D NetworkController.MobileSignalController(0/1): onSignalStrengthsChanged signalStrength=SignalStrength: 99 99 -120 -160 -120 -1 -1 16 -120 -15 -61 2147483647 2147483647 0x1000 gsm|lte level=1
01-25 02:08:06.839  4621  4806 D NetworkController.MobileSignalController(0/1): getMobileIconGroup(): 13
01-25 02:08:06.839  4621  4806 D NetworkController.MobileSignalController(0/1): updateVZWMobileIconGroup(): 13
01-25 02:08:06.843  4621  4806 D NetworkController.MobileSignalController(0/1): callState:0, callStateByPhone:false voLTECall:false voiceNetTpe:13 dataNetType:13, ine911:false, emergencyCallbackMode:false
01-25 02:08:07.025  3755  9977 D SSRM:t  : SIOP:: AP = 330, PST = 337 (W:14), CP = 271, CUR = 108, LCD = 0
01-25 02:08:07.030  3755  9977 D ConnectivityService: filterNetworkStateForUid() uid: 1000 networkInfo: [type: WIFI[] - WIFI, state: CONNECTED/CONNECTED, reason: (unspecified), extra: "wilkinson2.4", failover: false, available: true, roaming: false, metered: false]
01-25 02:08:09.367  3755  3755 D TelephonyManager: getCellLocation : Caller (PID / UID / TID): 3755 / 1000 / 3755
