01-13 13:00:46.278 30188 30220 D UE4     : [2019.01.13-18.00.46:278][  0]LogRHI: OpenGL MajorVersion = 2, MinorVersion = 0, ShaderPlatform = GLSL_ES2, FeatureLevel = ES2
01-13 13:00:46.278 30188 30220 D UE4     : [2019.01.13-18.00.46:278][  0]LogRHI: PLATFORM_ANDROID
01-13 13:00:46.279 30188 30220 D UE4     : [2019.01.13-18.00.46:279][  0]LogRHI: Enabling program binary cache as /storage/emulated/0/Android/data/com.GeekTechnique.InfinityStack/files/ProgramBinaryCache/GLSL_ES2_60D556DEDF0DE1EBDD6379802F1CD396F0CC8D40
01-13 13:00:46.279 30188 30220 D UE4     : [2019.01.13-18.00.46:279][  0]LogRHI: FOpenGLProgramBinaryCache will be initialized when ShaderPipelineCache opens its file
01-13 13:00:46.300 30188 30220 D UE4     : [2019.01.13-18.00.46:300][  0]LogRHI: Texture pool is 1000 MB (of 0 MB total graphics mem)
01-13 13:00:46.301 30188 30220 D UE4     : [2019.01.13-18.00.46:301][  0]LogRHI: Display: Testing for shader compiler compatibility
01-13 13:00:46.301 30188 30220 D UE4     : [2019.01.13-18.00.46:301][  0]LogRHI: Display: Shaders compile fine no need to enable hacks
01-13 13:00:46.301 30188 30220 D UE4     : [2019.01.13-18.00.46:301][  0]LogRHI: Display: Testing for round() function availability
01-13 13:00:46.302 30188 30220 D UE4     : [2019.01.13-18.00.46:301][  0]LogRHI: Warning: Disabling the need for the round() function hack
01-13 13:00:46.302 30188 30220 D UE4     : [2019.01.13-18.00.46:302][  0]LogShaderLibrary: Display: Failed to load Shared Shader Library: Global and no native library supported.
01-13 13:00:46.302 30188 30220 D UE4     : [2019.01.13-18.00.46:302][  0]LogShaderLibrary: Display: Failed to load Shared Shader Library: Global_SC and no native library supported.
01-13 13:00:46.302 30188 30220 D UE4     : [2019.01.13-18.00.46:302][  0]LogShaderLibrary: Display: Failed to load Shared Shader Library: Paper2D and no native library supported.
01-13 13:00:46.303 30188 30220 D UE4     : [2019.01.13-18.00.46:302][  0]LogShaderLibrary: Display: Failed to load Shared Shader Library: Paper2D_SC and no native library supported.
01-13 13:00:46.303 30188 30220 D UE4     : [2019.01.13-18.00.46:303][  0]LogShaderLibrary: Display: Failed to load Shared Shader Library: Paper2D and no native library supported.
01-13 13:00:46.303 30188 30220 D UE4     : [2019.01.13-18.00.46:303][  0]LogShaderLibrary: Display: Failed to load Shared Shader Library: Paper2D_SC and no native library supported.
01-13 13:00:46.303 30188 30220 D UE4     : [2019.01.13-18.00.46:303][  0]LogShaderLibrary: Display: Failed to load Shared Shader Library: CryptoKeys and no native library supported.
01-13 13:00:46.303 30188 30220 D UE4     : [2019.01.13-18.00.46:303][  0]LogShaderLibrary: Display: Failed to load Shared Shader Library: CryptoKeys_SC and no native library supported.
01-13 13:00:46.303 30188 30220 D UE4     : [2019.01.13-18.00.46:303][  0]LogShaderLibrary: Display: Failed to load Shared Shader Library: CryptoKeys and no native library supported.
01-13 13:00:46.304 30188 30220 D UE4     : [2019.01.13-18.00.46:304][  0]LogShaderLibrary: Display: Failed to load Shared Shader Library: CryptoKeys_SC and no native library supported.
01-13 13:00:46.304 30188 30220 D UE4     : [2019.01.13-18.00.46:304][  0]LogShaderLibrary: Display: Failed to load Shared Shader Library: MeshEditor and no native library supported.
01-13 13:00:46.304 30188 30220 D UE4     : [2019.01.13-18.00.46:304][  0]LogShaderLibrary: Display: Failed to load Shared Shader Library: MeshEditor_SC and no native library supported.
01-13 13:00:46.304 30188 30220 D UE4     : [2019.01.13-18.00.46:304][  0]LogShaderLibrary: Display: Failed to load Shared Shader Library: MeshEditor and no native library supported.
01-13 13:00:46.304 30188 30220 D UE4     : [2019.01.13-18.00.46:304][  0]LogShaderLibrary: Display: Failed to load Shared Shader Library: MeshEditor_SC and no native library supported.
01-13 13:00:46.305 30188 30220 D UE4     : [2019.01.13-18.00.46:304][  0]LogShaderLibrary: Display: Failed to load Shared Shader Library: DatasmithContent and no native library supported.
01-13 13:00:46.305 30188 30220 D UE4     : [2019.01.13-18.00.46:305][  0]LogShaderLibrary: Display: Failed to load Shared Shader Library: DatasmithContent_SC and no native library supported.
01-13 13:00:46.305 30188 30220 D UE4     : [2019.01.13-18.00.46:305][  0]LogShaderLibrary: Display: Failed to load Shared Shader Library: DatasmithContent and no native library supported.
01-13 13:00:46.305 30188 30220 D UE4     : [2019.01.13-18.00.46:305][  0]LogShaderLibrary: Display: Failed to load Shared Shader Library: DatasmithContent_SC and no native library supported.
01-13 13:00:46.305 30188 30220 D UE4     : [2019.01.13-18.00.46:305][  0]LogShaderLibrary: Display: Failed to load Shared Shader Library: VariantManagerContent and no native library supported.
01-13 13:00:46.305 30188 30220 D UE4     : [2019.01.13-18.00.46:305][  0]LogShaderLibrary: Display: Failed to load Shared Shader Library: VariantManagerContent_SC and no native library supported.
01-13 13:00:46.306 30188 30220 D UE4     : [2019.01.13-18.00.46:306][  0]LogShaderLibrary: Display: Failed to load Shared Shader Library: VariantManagerContent and no native library supported.
01-13 13:00:46.306 30188 30220 D UE4     : [2019.01.13-18.00.46:306][  0]LogShaderLibrary: Display: Failed to load Shared Shader Library: VariantManagerContent_SC and no native library supported.
01-13 13:00:46.306 30188 30220 D UE4     : [2019.01.13-18.00.46:306][  0]LogShaderLibrary: Display: Failed to load Shared Shader Library: MediaCompositing and no native library supported.
01-13 13:00:46.306 30188 30220 D UE4     : [2019.01.13-18.00.46:306][  0]LogShaderLibrary: Display: Failed to load Shared Shader Library: MediaCompositing_SC and no native library supported.
01-13 13:00:46.306 30188 30220 D UE4     : [2019.01.13-18.00.46:306][  0]LogShaderLibrary: Display: Failed to load Shared Shader Library: MediaCompositing and no native library supported.
01-13 13:00:46.307 30188 30220 D UE4     : [2019.01.13-18.00.46:306][  0]LogShaderLibrary: Display: Failed to load Shared Shader Library: MediaCompositing_SC and no native library supported.
01-13 13:00:46.307 30188 30220 D UE4     : [2019.01.13-18.00.46:307][  0]LogShaderLibrary: Display: Failed to load Shared Shader Library: OculusVR and no native library supported.
01-13 13:00:46.307 30188 30220 D UE4     : [2019.01.13-18.00.46:307][  0]LogShaderLibrary: Display: Failed to load Shared Shader Library: OculusVR_SC and no native library supported.
01-13 13:00:46.307 30188 30220 D UE4     : [2019.01.13-18.00.46:307][  0]LogShaderLibrary: Display: Failed to load Shared Shader Library: OculusVR and no native library supported.
01-13 13:00:46.307 30188 30220 D UE4     : [2019.01.13-18.00.46:307][  0]LogShaderLibrary: Display: Failed to load Shared Shader Library: OculusVR_SC and no native library supported.
01-13 13:00:46.308 30188 30220 D UE4     : [2019.01.13-18.00.46:308][  0]LogShaderLibrary: Display: Failed to load Shared Shader Library: SteamVR and no native library supported.
01-13 13:00:46.308 30188 30220 D UE4     : [2019.01.13-18.00.46:308][  0]LogShaderLibrary: Display: Failed to load Shared Shader Library: SteamVR_SC and no native library supported.
01-13 13:00:46.308 30188 30220 D UE4     : [2019.01.13-18.00.46:308][  0]LogShaderLibrary: Display: Failed to load Shared Shader Library: SteamVR and no native library supported.
01-13 13:00:46.308 30188 30220 D UE4     : [2019.01.13-18.00.46:308][  0]LogShaderLibrary: Display: Failed to load Shared Shader Library: SteamVR_SC and no native library supported.
01-13 13:00:46.342  3757 29841 D AudioService: getStreamVolume 3 index 90
01-13 13:00:46.343  3757 32083 D AudioService: getStreamVolume 3 index 90
01-13 13:00:46.343 30188 30220 D UE4     : [2019.01.13-18.00.46:343][  0]LogMaterial: Verifying Global Shaders for GLSL_ES2
01-13 13:00:46.388 30188 30220 D UE4     : [2019.01.13-18.00.46:388][  0]LogSlate: Using FreeType 2.4.12
01-13 13:00:46.390 30188 30220 D UE4     : [2019.01.13-18.00.46:390][  0]LogSlate: SlateFontServices - WITH_FREETYPE: 1, WITH_HARFBUZZ: 1
01-13 13:00:46.456  3757  5884 D CustomFrequencyManagerService: releaseDVFSLockLocked : Getting Lock type frm List : DVFS_MIN_LIMIT  frequency : 1300000  uid : 1000  pid : 3757  tag : AMS_ACT_RESUME@CPU_MIN@13
01-13 13:00:46.457  3757  5884 D ActivityManagerPerformance: AMP_release() ACT_RESUME
01-13 13:00:46.534  3757  4458 D WifiStateMachine: Current network is: "wilkinson2.4" , ID is: 30
01-13 13:00:46.534  3757  4458 I WifiStateMachine: IMS calling, current network is always qualified
01-13 13:00:46.545  3757  7206 D AudioService: getStreamVolume 3 index 90
01-13 13:00:46.547  3757 31269 D AudioService: getStreamVolume 3 index 90
01-13 13:00:46.549  3757  3774 D MountService: getExternalStorageMountMode : 3
01-13 13:00:46.549  3757  3774 D MountService: getExternalStorageMountMode : 3
01-13 13:00:46.549  3757  3774 D MountService: getExternalStorageMountMode : final mountMode=3, uid : 10216, packageName : com.pandora.android
01-13 13:00:46.559 30188 30188 D ViewRootImpl@c9e8dee[GameActivity]: mHardwareRenderer.destroy()#4
01-13 13:00:46.559 30188 30188 D ViewRootImpl@c9e8dee[GameActivity]: dispatchDetachedFromWindow
01-13 13:00:46.560  3757 31270 D WindowManager: disposeInputChannel mInputChannel: dbf9f46 com.GeekTechnique.InfinityStack/com.epicgames.ue4.GameActivity (server)
01-13 13:00:46.561  3757 31270 I WindowManager_SurfaceController: Destroying surface Surface(name=com.GeekTechnique.InfinityStack/com.epicgames.ue4.GameActivity) called by com.android.server.wm.WindowStateAnimator.destroySurface:2907 com.android.server.wm.WindowStateAnimator.destroySurfaceLocked:1120 com.android.server.wm.WindowState.removeLocked:1864 com.android.server.wm.WindowManagerService.removeWindowInnerLocked:2934 com.android.server.wm.WindowManagerService.removeWindowLocked:2879 com.android.server.wm.WindowManagerService.removeWindowLocked:2689 com.android.server.wm.WindowManagerService.removeWindow:2684 com.android.server.wm.Session.remove:218 
01-13 13:00:46.562  3215  5562 I SurfaceFlinger: id=9963 Removed HameActivit (7/10)
01-13 13:00:46.562  3215 15153 I SurfaceFlinger: id=9963 Removed HameActivit (-2/10)
01-13 13:00:46.566  3757 31270 D InputTransport: Input channel destroyed: fd=520
01-13 13:00:46.567 30188 30220 D UE4     : [2019.01.13-18.00.46:566][  0]LogShaderLibrary: Display: Failed to load Shared Shader Library: StackerGame and no native library supported.
01-13 13:00:46.567 30188 30220 D UE4     : [2019.01.13-18.00.46:567][  0]LogShaderLibrary: Display: Failed to load Shared Shader Library: StackerGame_SC and no native library supported.
01-13 13:00:46.567 30188 30220 D UE4     : [2019.01.13-18.00.46:567][  0]LogRHI: Display: Opened pipeline cache after state change and enqueued -1101429632 of 0 tasks for precompile.
01-13 13:00:46.567 30188 30220 D UE4     : [2019.01.13-18.00.46:567][  0]LogShaderLibrary: Display: Failed to load Shared Shader Library: StackerGame and no native library supported.
01-13 13:00:46.567 30188 30220 D UE4     : [2019.01.13-18.00.46:567][  0]LogShaderLibrary: Display: Failed to load Shared Shader Library: StackerGame_SC and no native library supported.
01-13 13:00:46.568 30188 30220 D UE4     : [2019.01.13-18.00.46:567][  0]LogRHI: Display: Opened pipeline cache after state change and enqueued -1101428864 of 0 tasks for precompile.
01-13 13:00:46.568 30188 30188 D InputTransport: Input channel destroyed: fd=67
01-13 13:00:46.568 30188 30220 D UE4     : [2019.01.13-18.00.46:568][  0]LogRHI: Display: Failed to open default shader pipeline cache for StackerGame using shader platform 8.
01-13 13:00:46.568 30188 30220 D UE4     : [2019.01.13-18.00.46:568][  0]LogInit: Using OS detected language (en-US).
01-13 13:00:46.568 30188 30220 D UE4     : [2019.01.13-18.00.46:568][  0]LogInit: Using OS detected locale (en-US).
01-13 13:00:46.568 30188 30220 D UE4     : [2019.01.13-18.00.46:568][  0]LogTextLocalizationManager: No localization for 'en-US' exists, so 'en' will be used for the language.
01-13 13:00:46.568 30188 30220 D UE4     : [2019.01.13-18.00.46:568][  0]LogTextLocalizationManager: No localization for 'en-US' exists, so 'en' will be used for the locale.
01-13 13:00:46.569 30188 30220 D UE4     : [2019.01.13-18.00.46:569][  0]LogSlate: FontCache flush requested. Reason: Culture for localization was changed
01-13 13:00:46.569 30188 30220 D UE4     : [2019.01.13-18.00.46:569][  0]LogSlate: FontCache flush requested. Reason: Culture for localization was changed
01-13 13:00:46.571 30288 30288 E Zygote  : v2
01-13 13:00:46.572 30288 30288 I libpersona: KNOX_SDCARD checking this for 10216
01-13 13:00:46.572 30288 30288 I libpersona: KNOX_SDCARD not a persona
01-13 13:00:46.573 30288 30288 E Zygote  : accessInfo : 0
01-13 13:00:46.574 30288 30288 W SELinux : SELinux selinux_android_compute_policy_index : Policy Index[2],  Con:u:r:zygote:s0 RAM:SEPF_SECMOBILE_7.0_0009, [-1 -1 -1 -1 0 1]
01-13 13:00:46.576 30288 30288 I SELinux : SELinux: seapp_context_lookup: seinfo=untrusted, level=s0:c512,c768, pkgname=com.pandora.android 
01-13 13:00:46.581  3757  3774 I ActivityManager: Start proc 30288:com.pandora.android/u0a216 for service com.pandora.android/.fordsync.AppLinkBluetoothService
01-13 13:00:46.604 30288 30288 D TimaKeyStoreProvider: TimaKeyStore is not enabled: cannot add TimaSignature Service and generateKeyPair Service
01-13 13:00:46.607  3757 29839 D CompatibilityInfo: mCompatibilityFlags - 0
01-13 13:00:46.607  3757 29839 D CompatibilityInfo: applicationDensity - 420
01-13 13:00:46.607  3757 29839 D CompatibilityInfo: applicationScale - 1.0
01-13 13:00:46.607  3757 29839 I ActivityManager: DSS on for com.pandora.android and scale is 1.0
01-13 13:00:46.609  3757 29839 D CompatibilityInfo: mCompatibilityFlags - 0
01-13 13:00:46.609  3757 29839 D CompatibilityInfo: applicationDensity - 420
01-13 13:00:46.609  3757 29839 D CompatibilityInfo: applicationScale - 1.0
01-13 13:00:46.614  3757 29839 D CompatibilityInfo: mCompatibilityFlags - 0
01-13 13:00:46.614  3757 29839 D CompatibilityInfo: applicationDensity - 420
01-13 13:00:46.614  3757 29839 D CompatibilityInfo: applicationScale - 1.0
01-13 13:00:46.618  3757  3774 D CompatibilityInfo: mCompatibilityFlags - 0
01-13 13:00:46.618  3757  3774 D CompatibilityInfo: applicationDensity - 420
01-13 13:00:46.618  3757  3774 D CompatibilityInfo: applicationScale - 1.0
01-13 13:00:46.630  6668  6733 E ContactsProvider_EventLog: Flush buffer to file cnt : 1 size : 0Kb duration : 2ms lastUpdatedAfter : 4853 ms mFlush_time_threasold : 2000 mCurrentSize : 205
01-13 13:00:46.650 30288 30288 I art     : Starting a blocking GC AddRemoveAppImageSpace
01-13 13:00:46.655 30288 30288 W System  : ClassLoader referenced unknown path: /data/app/com.pandora.android-2/lib/arm64
01-13 13:00:46.660 30188 30220 D UE4     : [2019.01.13-18.00.46:660][  0]LogStreaming: Display: Took  0.093s to InitGameTextLocalization.
01-13 13:00:46.666 30288 30288 I MultiDex: VM with version 2.1.0 has multidex support
01-13 13:00:46.667 30288 30288 I MultiDex: install
01-13 13:00:46.667 30288 30288 I MultiDex: VM has multidex support, MultiDex support library is disabled.
01-13 13:00:46.681 30288 30288 I Crashlytics: Initializing Crashlytics 1.1.11.10
01-13 13:00:46.703  3757  5062 D ConnectivityService: filterNetworkStateForUid() uid: 10326 networkInfo: [type: WIFI[] - WIFI, state: CONNECTED/CONNECTED, reason: (unspecified), extra: "wilkinson2.4", failover: false, available: true, roaming: false, metered: false]
01-13 13:00:46.704  3757 32083 D ConnectivityService: filterNetworkStateForUid() uid: 10326 networkInfo: [type: WIFI[] - WIFI, state: CONNECTED/CONNECTED, reason: (unspecified), extra: "wilkinson2.4", failover: false, available: true, roaming: false, metered: false]
01-13 13:00:46.705  3757  3771 D ConnectivityService: filterNetworkStateForUid() uid: 10326 networkInfo: [type: WIFI[] - WIFI, state: CONNECTED/CONNECTED, reason: (unspecified), extra: "wilkinson2.4", failover: false, available: true, roaming: false, metered: false]
01-13 13:00:46.726 30288 30303 D NetworkSecurityConfig: No Network Security Config specified, using platform default
01-13 13:00:46.730 30288 30303 I System.out: (HTTPLog)-Static: isSBSettingEnabled false
01-13 13:00:46.730 30288 30303 I System.out: (HTTPLog)-Static: isSBSettingEnabled false
01-13 13:00:46.732  3252  3746 D EnterpriseController: netId is 0
01-13 13:00:46.732  3252  3746 D Netd    : getNetworkForDns: using netid 561 for uid 10216
01-13 13:00:46.732  3252  3746 D DnsProxyListener: DNSDBG::dns addrinfo af 0
01-13 13:00:46.735 30288 30288 I WebViewFactory: Loading com.android.chrome version 71.0.3578.99 (code 357809952)
01-13 13:00:46.746 30188 30220 D UE4     : [2019.01.13-18.00.46:746][  0]LogAssetRegistry: FAssetRegistry took 0.0839 seconds to start up
01-13 13:00:46.747  3757  3770 D AudioService: getStreamVolume 3 index 90
01-13 13:00:46.749  3757  4469 D AudioService: getStreamVolume 3 index 90
01-13 13:00:46.789 30288 30288 I cr_LibraryLoader: Time to load native libraries: 5 ms (timestamps 9836-9841)
01-13 13:00:46.796 30288 30288 I chromium: [INFO:library_loader_hooks.cc(36)] Chromium logging enabled: level = 0, default verbosity = 0
01-13 13:00:46.796 30288 30288 I cr_LibraryLoader: Expected native library version number "71.0.3578.99", actual native library version number "71.0.3578.99"
01-13 13:00:46.802 30288 30318 W System  : ClassLoader referenced unknown path: 
01-13 13:00:46.810  3757  5902 D MountService: getExternalStorageMountMode : 3
01-13 13:00:46.810  3757  5902 D MountService: getExternalStorageMountMode : 3
01-13 13:00:46.811  3757  5902 D MountService: getExternalStorageMountMode : final mountMode=3, uid : 10104, packageName : com.android.chrome
01-13 13:00:46.826 30325 30325 E Zygote  : v2
01-13 13:00:46.826 30325 30325 I libpersona: KNOX_SDCARD checking this for 10104
01-13 13:00:46.826 30325 30325 I libpersona: KNOX_SDCARD not a persona
01-13 13:00:46.826  3757  5902 I ActivityManager: Start proc 30325:com.android.chrome:webview_service/u0a104 for service com.android.chrome/org.chromium.android_webview.services.VariationsSeedServer
01-13 13:00:46.827 30325 30325 E Zygote  : accessInfo : 0
01-13 13:00:46.828 30325 30325 W SELinux : SELinux selinux_android_compute_policy_index : Policy Index[2],  Con:u:r:zygote:s0 RAM:SEPF_SECMOBILE_7.0_0009, [-1 -1 -1 -1 0 1]
01-13 13:00:46.830 30325 30325 I SELinux : SELinux: seapp_context_lookup: seinfo=chrome, level=s0:c512,c768, pkgname=com.android.chrome:webview_service 
01-13 13:00:46.834  3757  7206 D ConnectivityService: filterNetworkStateForUid() uid: 10216 networkInfo: [type: WIFI[] - WIFI, state: CONNECTED/CONNECTED, reason: (unspecified), extra: "wilkinson2.4", failover: false, available: true, roaming: false, metered: false]
01-13 13:00:46.834  3757  7206 D ConnectivityService: Returning unblocked NetworkInfo to uid=10216
01-13 13:00:46.864 30325 30325 D TimaKeyStoreProvider: TimaKeyStore is not enabled: cannot add TimaSignature Service and generateKeyPair Service
01-13 13:00:46.869  3757  5901 D CompatibilityInfo: mCompatibilityFlags - 0
01-13 13:00:46.869  3757  5901 D CompatibilityInfo: applicationDensity - 420
01-13 13:00:46.869  3757  5901 D CompatibilityInfo: applicationScale - 1.0
01-13 13:00:46.869  3757  5901 I ActivityManager: DSS on for com.android.chrome and scale is 1.0
01-13 13:00:46.870  3757  5901 D CompatibilityInfo: mCompatibilityFlags - 0
01-13 13:00:46.870  3757  5901 D CompatibilityInfo: applicationDensity - 420
01-13 13:00:46.871  3757  5901 D CompatibilityInfo: applicationScale - 1.0
01-13 13:00:46.876  3757  5901 D CompatibilityInfo: mCompatibilityFlags - 0
01-13 13:00:46.876  3757  5901 D CompatibilityInfo: applicationDensity - 420
01-13 13:00:46.876  3757  5901 D CompatibilityInfo: applicationScale - 1.0
01-13 13:00:46.887 30288 30288 D BluetoothSocket: bindListen(): myUserId = 0
01-13 13:00:46.887 30288 30288 W BluetoothAdapter: getBluetoothService() called with no BluetoothManagerCallback
01-13 13:00:46.915  3757  5901 D ConnectivityService: filterNetworkStateForUid() uid: 10216 networkInfo: [type: WIFI[] - WIFI, state: CONNECTED/CONNECTED, reason: (unspecified), extra: "wilkinson2.4", failover: false, available: true, roaming: false, metered: false]
01-13 13:00:46.933 30288 30288 D d       : In App Purchasing SDK - Sandbox Mode: PurchasingListener registered: com.pandora.android.iap.b$a@f8b0fec
01-13 13:00:46.933 30288 30288 D d       : In App Purchasing SDK - Sandbox Mode: PurchasingListener Context: com.pandora.android.PandoraApp@8133ab0
01-13 13:00:46.935 30288 30288 I PANDORA : PANDORA ------------------------------------------------------------------------------------------------------------------------------
01-13 13:00:46.936 30288 30288 I PANDORA : Pandora App Version: 6.2 (prod, 6.2RC3-0-g847ae06), code = 6207, locale = US, brand = Verizon, model = android-nobleltevzw, product = nobleltevzw, manufacturer = samsung, name = SM-N920V, buildType = pandora
01-13 13:00:46.936 30288 30288 I PANDORA : PANDORA ------------------------------------------------------------------------------------------------------------------------------
01-13 13:00:46.949  3757  4482 D AudioService: getStreamVolume 3 index 90
01-13 13:00:46.951  3757 29842 D AudioService: getStreamVolume 3 index 90
01-13 13:00:46.974  3757 32084 D ConnectivityService: filterNetworkStateForUid() uid: 10326 networkInfo: [type: WIFI[] - WIFI, state: CONNECTED/CONNECTED, reason: (unspecified), extra: "wilkinson2.4", failover: false, available: true, roaming: false, metered: false]
01-13 13:00:46.975  3757  5901 D ConnectivityService: filterNetworkStateForUid() uid: 10326 networkInfo: [type: WIFI[] - WIFI, state: CONNECTED/CONNECTED, reason: (unspecified), extra: "wilkinson2.4", failover: false, available: true, roaming: false, metered: false]
01-13 13:00:46.977  3757  3770 D ConnectivityService: filterNetworkStateForUid() uid: 10326 networkInfo: [type: WIFI[] - WIFI, state: CONNECTED/CONNECTED, reason: (unspecified), extra: "wilkinson2.4", failover: false, available: true, roaming: false, metered: false]
01-13 13:00:47.003 30288 30354 D BluetoothSocket: bindListen(): myUserId = 0
01-13 13:00:47.003 30288 30354 W BluetoothAdapter: getBluetoothService() called with no BluetoothManagerCallback
01-13 13:00:47.003 30288 30355 D BluetoothSocket: bindListen(): myUserId = 0
01-13 13:00:47.003 30288 30355 W BluetoothAdapter: getBluetoothService() called with no BluetoothManagerCallback
01-13 13:00:47.017 30288 30354 D BluetoothA2dp: doBind(): CallingUid(myUserHandle) = 0
01-13 13:00:47.029 30288 30354 E BluetoothHeadset: BTStateChangeCB is registed
01-13 13:00:47.029  3757 29841 D AudioService: getStreamVolume 3 index 90
01-13 13:00:47.032  3757 31270 D AudioService: getStreamVolume 3 index 90
01-13 13:00:47.036  3757 29838 D ConnectivityService: filterNetworkStateForUid() uid: 10216 networkInfo: [type: WIFI[] - WIFI, state: CONNECTED/CONNECTED, reason: (unspecified), extra: "wilkinson2.4", failover: false, available: true, roaming: false, metered: false]
01-13 13:00:47.044  3757 32085 I ActivityManager: Killing 10469:com.samsung.android.snote:instantMemo/u0a160 (adj 906): DHA:empty #31
01-13 13:00:47.048  4561  4580 D A2dpStateMachine: getConnectedDevices : size=0
01-13 13:00:47.120  3757  3771 D GraphicsStats: Buffer count: 12
01-13 13:00:47.121  3757 32085 D ActivityManager: cleanUpApplicationRecord -- 10469
01-13 13:00:47.122  6011 20825 D ForegroundUtils: could not check pending caller
01-13 13:00:47.152  3757  7206 D AudioService: getStreamVolume 3 index 90
01-13 13:00:47.153  3757 29839 D AudioService: getStreamVolume 3 index 90
01-13 13:00:47.273 30188 30220 D UE4     : [2019.01.13-18.00.47:273][  0]LogStreaming: Display: Flushing async loaders.
01-13 13:00:47.350 30188 30220 D UE4     : [2019.01.13-18.00.47:350][  0]LogPackageLocalizationCache: Processed 10 localized package path(s) for 1 prioritized culture(s) in 0.076481 seconds
01-13 13:00:47.354  3757  7201 D AudioService: getStreamVolume 3 index 90
01-13 13:00:47.355  3757  6272 D AudioService: getStreamVolume 3 index 90
01-13 13:00:47.458 30188 30220 D UE4     : [2019.01.13-18.00.47:458][  0]LogNetVersion: StackerGame 1.0.0, NetCL: 4541578, EngineNetVer: 5, GameNetVer: 0 (Checksum: 1419414380)
01-13 13:00:47.556  3757  7202 D AudioService: getStreamVolume 3 index 90
01-13 13:00:47.557  3757  2859 D AudioService: getStreamVolume 3 index 90
01-13 13:00:47.758  3757 29841 D AudioService: getStreamVolume 3 index 90
01-13 13:00:47.760  3757  7203 D AudioService: getStreamVolume 3 index 90
01-13 13:00:47.831  3757  9599 D TelephonyManager: getAllCellInfo : Caller (PID / UID / TID): 3757 / 1000 / 9599
01-13 13:00:47.960  3757 31269 D AudioService: getStreamVolume 3 index 90
01-13 13:00:47.961  3757  2858 D AudioService: getStreamVolume 3 index 90
01-13 13:00:47.987  3757  7206 D ConnectivityService: filterNetworkStateForUid() uid: 10326 networkInfo: [type: WIFI[] - WIFI, state: CONNECTED/CONNECTED, reason: (unspecified), extra: "wilkinson2.4", failover: false, available: true, roaming: false, metered: false]
01-13 13:00:47.988  3757 29839 D ConnectivityService: filterNetworkStateForUid() uid: 10326 networkInfo: [type: WIFI[] - WIFI, state: CONNECTED/CONNECTED, reason: (unspecified), extra: "wilkinson2.4", failover: false, available: true, roaming: false, metered: false]
01-13 13:00:47.989  3757  4482 D ConnectivityService: filterNetworkStateForUid() uid: 10326 networkInfo: [type: WIFI[] - WIFI, state: CONNECTED/CONNECTED, reason: (unspecified), extra: "wilkinson2.4", failover: false, available: true, roaming: false, metered: false]
01-13 13:00:48.032  3757  6272 D AudioService: getStreamVolume 3 index 90
01-13 13:00:48.119 30188 30220 I MediaPlayer: Need to enable context aware info
01-13 13:00:48.119 30188 30220 V MediaPlayer-JNI: native_setup
01-13 13:00:48.120 30188 30220 V MediaPlayer: constructor
01-13 13:00:48.122 30188 30220 V MediaPlayer: setListener
01-13 13:00:48.123 30188 30220 D UE4     : [2019.01.13-18.00.48:122][  0]LogMoviePlayer: Initializing movie player
01-13 13:00:48.125 30188 30220 D UE4     : [2019.01.13-18.00.48:125][  0]LogTcpMessaging: Initializing TcpMessaging bridge, listening on 127.0.0.1:6666
01-13 13:00:48.151 30288 30361 D BluetoothA2dp: doBind(): CallingUid(myUserHandle) = 0
01-13 13:00:48.156 30288 30361 E BluetoothHeadset: BTStateChangeCB is registed
01-13 13:00:48.158  4561  5146 D A2dpStateMachine: getConnectedDevices : size=0
01-13 13:00:48.160 30188 30220 D UE4     : [2019.01.13-18.00.48:160][  0]LogUdpMessaging: Initializing bridge on interface 0.0.0.0:0 to multicast group 230.0.0.1:6666.
01-13 13:00:48.161  3757  7204 D AudioService: getStreamVolume 3 index 90
01-13 13:00:48.163  3757 32084 D AudioService: getStreamVolume 3 index 90
01-13 13:00:48.171 30188 30220 D UE4     : [2019.01.13-18.00.48:171][  0]LogAndroidPermission: UAndroidPermissionCallbackProxy::GetInstance
01-13 13:00:48.172 30188 30220 D UE4     : [2019.01.13-18.00.48:172][  0]LogOcInput: OculusInput pre-init called
01-13 13:00:48.201 30188 30220 D UE4     : [2019.01.13-18.00.48:201][  0]LogUObjectArray: 35064 objects as part of root set at end of initial load.
01-13 13:00:48.201 30188 30220 D UE4     : [2019.01.13-18.00.48:201][  0]LogUObjectArray: 2 objects are not in the root set, but can never be destroyed because they are in the DisregardForGC set.
01-13 13:00:48.201 30188 30220 D UE4     : [2019.01.13-18.00.48:201][  0]LogUObjectAllocator: 3861440 out of 0 bytes used by permanent object pool.
01-13 13:00:48.201 30188 30220 D UE4     : [2019.01.13-18.00.48:201][  0]LogUObjectArray: CloseDisregardForGC: 35064/35064 objects in disregard for GC pool
01-13 13:00:48.215 30188 30220 D UE4     : [2019.01.13-18.00.48:215][  0]LogAndroid: Display: Passed PreInit()
01-13 13:00:48.216 30188 30220 D UE4     : [2019.01.13-18.00.48:216][  0]LogEngine: Initializing Engine...
01-13 13:00:48.224 30188 30220 D UE4     : [2019.01.13-18.00.48:224][  0]LogStats: UGameplayTagsManager::ConstructGameplayTagTree: ImportINI prefixes -  0.000 s
01-13 13:00:48.225 30188 30220 D UE4     : [2019.01.13-18.00.48:225][  0]LogStats: UGameplayTagsManager::ConstructGameplayTagTree: Construct from data asset -  0.000 s
01-13 13:00:48.225 30188 30220 D UE4     : [2019.01.13-18.00.48:225][  0]LogStats: UGameplayTagsManager::ConstructGameplayTagTree: ImportINI -  0.000 s
01-13 13:00:48.225 30188 30220 D UE4     : [2019.01.13-18.00.48:225][  0]LogStats: UGameplayTagsManager::ConstructGameplayTagTree: GameplayTagTreeChangedEvent.Broadcast -  0.000 s
01-13 13:00:48.248  3757 31269 D ConnectivityService: filterNetworkStateForUid() uid: 10326 networkInfo: [type: WIFI[] - WIFI, state: CONNECTED/CONNECTED, reason: (unspecified), extra: "wilkinson2.4", failover: false, available: true, roaming: false, metered: false]
01-13 13:00:48.250  3757 29842 D ConnectivityService: filterNetworkStateForUid() uid: 10326 networkInfo: [type: WIFI[] - WIFI, state: CONNECTED/CONNECTED, reason: (unspecified), extra: "wilkinson2.4", failover: false, available: true, roaming: false, metered: false]
01-13 13:00:48.252  3757  7206 D ConnectivityService: filterNetworkStateForUid() uid: 10326 networkInfo: [type: WIFI[] - WIFI, state: CONNECTED/CONNECTED, reason: (unspecified), extra: "wilkinson2.4", failover: false, available: true, roaming: false, metered: false]
01-13 13:00:48.297 30188 30220 D UE4     : [2019.01.13-18.00.48:297][  0]LogInit: Initializing FReadOnlyCVARCache
01-13 13:00:48.298 30188 30220 D UE4     : [2019.01.13-18.00.48:298][  0]LogAndroidAudio: Warning: SL Entered Init HW
01-13 13:00:48.298 30188 30220 D UE4     : [2019.01.13-18.00.48:298][  0]LogAndroidAudio: Warning: OpenSLES Initializing HW
01-13 13:00:48.303 30188 30220 D UE4     : [2019.01.13-18.00.48:303][  0]LogAndroidAudio: Warning: OpenSLES Initialized
01-13 13:00:48.303 30188 30220 D UE4     : [2019.01.13-18.00.48:303][  0]LogAndroidAudio: Warning: OpenSLAudioDevice: Allocated 12 sources
01-13 13:00:48.303 30188 30220 D UE4     : [2019.01.13-18.00.48:303][  0]LogInit: FAudioDevice initialized.
01-13 13:00:48.304 30188 30220 D UE4     : [2019.01.13-18.00.48:304][  0]LogAudio: Warning: Can't increase channels past starting number!
01-13 13:00:48.305 30188 30220 D UE4     : [2019.01.13-18.00.48:305][  0]LogNetVersion: Set ProjectVersion to 1.1.0. Version Checksum will be recalculated on next use.
01-13 13:00:48.305 30188 30220 D UE4     : [2019.01.13-18.00.48:305][  0]LogInit: Texture streaming: Enabled
01-13 13:00:48.320 30188 30220 D UE4     : [2019.01.13-18.00.48:320][  0]LogAudio: Warning: Can't increase channels past starting number!
01-13 13:00:48.329 30188 30220 D UE4     : [2019.01.13-18.00.48:329][  0]LogSlate: Updating window title bar state: overlay mode, drag disabled, window buttons hidden, title bar hidden
01-13 13:00:48.330 30188 30220 D UE4     : [2019.01.13-18.00.48:330][  0]LogInit: Display: Game Engine Initialized.
01-13 13:00:48.330 30188 30220 D UE4     : [2019.01.13-18.00.48:330][  0]LogGameplayTags: Display: UGameplayTagsManager::DoneAddingNativeTags. DelegateIsBound: 0
01-13 13:00:48.330 30188 30220 D UE4     : [2019.01.13-18.00.48:330][  0]LogStats: UGameplayTagsManager::ConstructGameplayTagTree: ImportINI prefixes -  0.000 s
01-13 13:00:48.330 30188 30220 D UE4     : [2019.01.13-18.00.48:330][  0]LogStats: UGameplayTagsManager::ConstructGameplayTagTree: Construct from data asset -  0.000 s
01-13 13:00:48.331 30188 30220 D UE4     : [2019.01.13-18.00.48:331][  0]LogStats: UGameplayTagsManager::ConstructGameplayTagTree: ImportINI -  0.000 s
01-13 13:00:48.331 30188 30220 D UE4     : [2019.01.13-18.00.48:331][  0]LogStats: UGameplayTagsManager::ConstructGameplayTagTree: GameplayTagTreeChangedEvent.Broadcast -  0.000 s
01-13 13:00:48.363  3757  7202 D AudioService: getStreamVolume 3 index 90
01-13 13:00:48.364  3757  2859 D AudioService: getStreamVolume 3 index 90
01-13 13:00:48.420 30188 30220 D UE4     : [2019.01.13-18.00.48:420][  0]LogInit: Display: Starting Game.
01-13 13:00:48.420 30188 30220 D UE4     : [2019.01.13-18.00.48:420][  0]LogNet: Browse: /Game/Maps/StackMap?Name=Player
01-13 13:00:48.421 30188 30220 D UE4     : [2019.01.13-18.00.48:421][  0]LogLoad: LoadMap: /Game/Maps/StackMap?Name=Player
01-13 13:00:48.565  3757  7203 D AudioService: getStreamVolume 3 index 90
01-13 13:00:48.566  3757 10496 D AudioService: getStreamVolume 3 index 90
01-13 13:00:48.679 30188 30220 D UE4     : [2019.01.13-18.00.48:679][  0]LogAIModule: Creating AISystem for world StackMap
01-13 13:00:48.680 30188 30220 D UE4     : [2019.01.13-18.00.48:680][  0]LogLoad: Game class is 'GameModeBase'
01-13 13:00:48.685 30188 30220 D UE4     : [2019.01.13-18.00.48:685][  0]LogWorld: Bringing World /Game/Maps/StackMap.StackMap up for play (max tick rate 0) at 2019.01.13-13.00.48
01-13 13:00:48.688 30188 30220 D UE4     : [2019.01.13-18.00.48:688][  0]LogWorld: Bringing up level for play took: 0.005331
01-13 13:00:48.689 30188 30220 D UE4     : [2019.01.13-18.00.48:689][  0]LogOnlineIdentity: Display: OSS: FOnlineIdentityGooglePlay::GetPlayerNickname
01-13 13:00:48.690 30188 30220 D UE4     : [2019.01.13-18.00.48:690][  0]LogGameMode: FindPlayerStart: PATHS NOT DEFINED or NO PLAYERSTART with positive rating
01-13 13:00:48.726 30188 30220 D UE4     : [2019.01.13-18.00.48:726][  0]LogUMG: Display: Widget Class GameStartMenu_C - Loaded Fast Template.
01-13 13:00:48.735 30188 30220 D UE4     : [2019.01.13-18.00.48:735][  0]LogPlayerController: Error: InputMode:UIOnly - Attempting to focus Non-Focusable widget SObjectWidget [Widget.cpp(710)]!
01-13 13:00:48.737 30188 30220 D UE4     : [2019.01.13-18.00.48:736][  0]LogLoad: Took 0.315136 seconds to LoadMap(/Game/Maps/StackMap)
01-13 13:00:48.738 30188 30220 D UE4     : [2019.01.13-18.00.48:738][  0]LogSlate: Took 0.000367 seconds to synchronously load lazily loaded font '../../../Engine/Content/EngineFonts/Faces/DroidSansMono.ufont' (77K)
01-13 13:00:48.746 30188 30287 D UE4     : *** JavaEnvDestructor: 30287
01-13 13:00:48.746 30188 30285 D UE4     : AndroidEGL::ResetDisplay()
01-13 13:00:48.747 30188 30285 D UE4     : *** JavaEnvDestructor: 30285
01-13 13:00:48.760 30188 30220 D UE4     : [2019.01.13-18.00.48:760][  0]LogAndroid: Passed GEngineLoop.Init()
01-13 13:00:48.764 30188 30220 D UE4     : [2019.01.13-18.00.48:764][  0]LogAndroidEvents: Display: DequeueAppEvent : 9, 0
01-13 13:00:48.765 30188 30220 D UE4     : [2019.01.13-18.00.48:764][  0]LogAndroidEvents: Display: DequeueAppEvent : 7, 0
01-13 13:00:48.765 30188 30220 D UE4     : [2019.01.13-18.00.48:765][  0]LogAndroidEvents: Display: DequeueAppEvent : 0, 3268665352
01-13 13:00:48.765 30188 30220 D UE4     : APP_EVENT_STATE_WINDOW_CREATED, 0, 0, 1
01-13 13:00:48.765 30188 30220 D UE4     : [2019.01.13-18.00.48:765][  0]LogAndroidEvents: Display: ExecWindowCreated
01-13 13:00:48.765 30188 30220 D UE4     : AndroidEGL::ReInitWindow()
01-13 13:00:48.765 30188 30220 D UE4     : AndroidEGL::ReInit()
01-13 13:00:48.765 30188 30220 D UE4     : AndroidEGL::ResetDisplay()
01-13 13:00:48.765 30188 30220 D UE4     : AndroidEGL::InitSurface 0, 1
01-13 13:00:48.765 30188 30220 D UE4     : AndroidEGL::CreateEGLSurface() Already initialized: 0xe181f2a8
01-13 13:00:48.765 30188 30220 D UE4     : ExecWindowCreated, 0, 1, 1
01-13 13:00:48.765 30188 30220 D UE4     : [2019.01.13-18.00.48:765][  0]LogTemp: Android resume audio
01-13 13:00:48.767  3757 32083 D AudioService: getStreamVolume 3 index 90
01-13 13:00:48.767 30188 30390 D UE4     : [2019.01.13-18.00.48:767][  0]LogRenderer: Reallocating scene render targets to support 720x1280 Format 10 NumSamples 1 (Frame:1).
01-13 13:00:48.768  3757  7204 D AudioService: getStreamVolume 3 index 90
01-13 13:00:48.770 30188 30220 D UE4     : Registering volume receiver
01-13 13:00:48.780  3757 32084 D AudioService: getStreamVolume 3 index 90
01-13 13:00:48.780 30188 30220 D UE4     : startVolumeReceiver: 9
01-13 13:00:48.780 30188 30220 D UE4     : nativeVolumeEvent(9)
01-13 13:00:48.780 30188 30220 D UE4     : Registering battery receiver
01-13 13:00:48.782 30188 30220 D UE4     : Registering headset receiver
01-13 13:00:48.783 30188 30188 D UE4     : Battery: status = 2, rawlevel = 48, scale = 100
01-13 13:00:48.783 30188 30188 D UE4     : nativeBatteryEvent(stat = 2, lvl = 48  temp = 27.20 C)
01-13 13:00:48.784 30188 30220 D UE4     : startHeadsetReceiver: 0
01-13 13:00:48.784 30188 30220 D UE4     : nativeHeadsetEvent(0)
01-13 13:00:48.785 30188 30188 D UE4     : headsetReceiver::onReceive
01-13 13:00:48.785 30188 30188 D UE4     : nativeHeadsetEvent(0)
01-13 13:00:48.786 30188 30220 D UE4     : [2019.01.13-18.00.48:786][  0]LogAndroid: Display: Low Power Mode Changed: 0
01-13 13:00:48.787 30188 30390 D UE4     : [2019.01.13-18.00.48:787][  0]LogRHI: Using OpenGL program LRU cache: 0
01-13 13:00:48.835 30188 30370 D UE4     : *** JavaEnvDestructor: 30370
01-13 13:00:48.967  3757  4482 D AudioService: getStreamVolume 3 index 90
01-13 13:00:48.970  3757  7201 D AudioService: getStreamVolume 3 index 90
01-13 13:00:49.034  3757  5063 D AudioService: getStreamVolume 3 index 90
01-13 13:00:49.157  3757  6272 D ConnectivityService: filterNetworkStateForUid() uid: 10326 networkInfo: [type: WIFI[] - WIFI, state: CONNECTED/CONNECTED, reason: (unspecified), extra: "wilkinson2.4", failover: false, available: true, roaming: false, metered: false]
01-13 13:00:49.159  3757  7202 D ConnectivityService: filterNetworkStateForUid() uid: 10326 networkInfo: [type: WIFI[] - WIFI, state: CONNECTED/CONNECTED, reason: (unspecified), extra: "wilkinson2.4", failover: false, available: true, roaming: false, metered: false]
01-13 13:00:49.160  3757  4440 D ConnectivityService: filterNetworkStateForUid() uid: 10326 networkInfo: [type: WIFI[] - WIFI, state: CONNECTED/CONNECTED, reason: (unspecified), extra: "wilkinson2.4", failover: false, available: true, roaming: false, metered: false]
01-13 13:00:49.165 30188 30368 D UE4     : *** JavaEnvDestructor: 30368
01-13 13:00:49.166 30188 30369 D UE4     : *** JavaEnvDestructor: 30369
01-13 13:00:49.166 30188 30367 D UE4     : *** JavaEnvDestructor: 30367
01-13 13:00:49.170  3757 29841 D AudioService: getStreamVolume 3 index 90
01-13 13:00:49.171  3757  7203 D AudioService: getStreamVolume 3 index 90
01-13 13:00:49.270 30188 30220 D UE4     : [2019.01.13-18.00.49:270][  0]LogUdpMessaging: Initializing bridge on interface 0.0.0.0:0 to multicast group 230.0.0.1:6666.
01-13 13:00:49.372  3757 31270 D AudioService: getStreamVolume 3 index 90
01-13 13:00:49.374  3757 29838 D AudioService: getStreamVolume 3 index 90
01-13 13:00:49.425  3757  9599 D SSRM:t  : SIOP:: AP = 360, PST = 331 (W:10), CP = 233, CUR = 473, LCD = 94
01-13 13:00:49.426  3757  9599 D ConnectivityService: filterNetworkStateForUid() uid: 1000 networkInfo: [type: WIFI[] - WIFI, state: CONNECTED/CONNECTED, reason: (unspecified), extra: "wilkinson2.4", failover: false, available: true, roaming: false, metered: false]
01-13 13:00:49.452  3757 32084 D ConnectivityService: filterNetworkStateForUid() uid: 10326 networkInfo: [type: WIFI[] - WIFI, state: CONNECTED/CONNECTED, reason: (unspecified), extra: "wilkinson2.4", failover: false, available: true, roaming: false, metered: false]
01-13 13:00:49.453  3757 31269 D ConnectivityService: filterNetworkStateForUid() uid: 10326 networkInfo: [type: WIFI[] - WIFI, state: CONNECTED/CONNECTED, reason: (unspecified), extra: "wilkinson2.4", failover: false, available: true, roaming: false, metered: false]
01-13 13:00:49.457  3757  2858 D ConnectivityService: filterNetworkStateForUid() uid: 10326 networkInfo: [type: WIFI[] - WIFI, state: CONNECTED/CONNECTED, reason: (unspecified), extra: "wilkinson2.4", failover: false, available: true, roaming: false, metered: false]
01-13 13:00:49.532 30188 30366 D UE4     : *** JavaEnvDestructor: 30366
01-13 13:00:49.544  3757  4458 D WifiStateMachine: Current network is: "wilkinson2.4" , ID is: 30
01-13 13:00:49.544  3757  4458 I WifiStateMachine: IMS calling, current network is always qualified
01-13 13:00:49.555  5689  5689 D io_stats: !@   8,0 r 2528470 75960624 w 2327441 53476588 d 377082 28316704 f 603629 603486 iot 3762130 2144310 th 61440 61440 44732 pt 10220 inp 0 0 210712.606
01-13 13:00:49.574  3757  4482 D AudioService: getStreamVolume 3 index 90
01-13 13:00:49.576  3757  7201 D AudioService: getStreamVolume 3 index 90
01-13 13:00:49.621  4616  4823 D NetworkController.MobileSignalController(0/1): onSignalStrengthsChanged signalStrength=SignalStrength: 99 99 -120 -160 -120 -1 -1 17 -109 -12 44 2147483647 2147483647 0x2000 gsm|lte level=2
01-13 13:00:49.621  4616  4823 D NetworkController.MobileSignalController(0/1): getMobileIconGroup(): 13
01-13 13:00:49.621  4616  4823 D NetworkController.MobileSignalController(0/1): updateVZWMobileIconGroup(): 13
01-13 13:00:49.628  5035  5670 D EPDG -- [SMARTWIFI]: onSignalStrengthsChanged: Received signal strength change, phone type is: 2
01-13 13:00:49.629  5035  6446 D EPDG -- [SMARTWIFI]: lastLteRSRP is -108currentLteRSRP is -109
01-13 13:00:49.629  5035  6446 D EPDG -- [SMARTWIFI]: lastLteRSRQ is -12currentLteRSRQ is -12
01-13 13:00:49.629  5035  6446 D EPDG -- [SMARTWIFI]: lastCdmaDb is -16currentCdmaDb is -16
01-13 13:00:49.629  5035  6446 V EPDG -- [SMARTWIFI]: Radio oldest entry removed
01-13 13:00:49.629  5035  6446 V EPDG -- [SMARTWIFI]: New entry : (SignalStrength: 99 99 -120 -160 -120 -1 -1 17 -109 -12 44 2147483647 2147483647 0x2000 gsm|lte : 0 )
01-13 13:00:49.629  5035  6446 V EPDG -- [SMARTWIFI]: Radio entry added
01-13 13:00:49.631  4616  4823 D NetworkController.MobileSignalController(0/1): callState:0, callStateByPhone:false voLTECall:false voiceNetTpe:13 dataNetType:13, ine911:false, emergencyCallbackMode:false
01-13 13:00:49.633 30188 30220 D UE4     : [2019.01.13-18.00.49:633][  0]LogTcpMessaging: Initializing TcpMessaging bridge, listening on 127.0.0.1:6666
01-13 13:00:49.637 30188 30220 D UE4     : Execution has been resumed!
01-13 13:00:49.638 30188 30220 D UE4     : [2019.01.13-18.00.49:638][  0]LogAndroidEvents: Display: DequeueAppEvent : 6, 0
01-13 13:00:49.670 30188 30396 D UE4     : *** JavaEnvDestructor: 30396
01-13 13:00:49.775  3757  4469 D AudioService: getStreamVolume 3 index 90
01-13 13:00:49.780  3757 29840 D AudioService: getStreamVolume 3 index 90
01-13 13:00:49.898  3757  9599 D GameManagerService: identifyGamePackage. com.GeekTechnique.InfinityStack
01-13 13:00:49.978  3757  7204 D AudioService: getStreamVolume 3 index 90
01-13 13:00:49.984  3757 32084 D AudioService: getStreamVolume 3 index 90
01-13 13:00:50.039  3757 31269 D AudioService: getStreamVolume 3 index 90
01-13 13:00:50.127 30188 30365 D UE4     : *** JavaEnvDestructor: 30365
01-13 13:00:50.185  3757  2858 D AudioService: getStreamVolume 3 index 90
01-13 13:00:50.192  3757  7205 D AudioService: getStreamVolume 3 index 90
01-13 13:00:50.282 30188 30393 D UE4     : *** JavaEnvDestructor: 30393
01-13 13:00:50.286 30188 30395 D UE4     : *** JavaEnvDestructor: 30395
01-13 13:00:50.287 30188 30392 D UE4     : *** JavaEnvDestructor: 30392
01-13 13:00:50.292  3757  4482 D ConnectivityService: filterNetworkStateForUid() uid: 10326 networkInfo: [type: WIFI[] - WIFI, state: CONNECTED/CONNECTED, reason: (unspecified), extra: "wilkinson2.4", failover: false, available: true, roaming: false, metered: false]
01-13 13:00:50.295  3757  7216 D ConnectivityService: filterNetworkStateForUid() uid: 10326 networkInfo: [type: WIFI[] - WIFI, state: CONNECTED/CONNECTED, reason: (unspecified), extra: "wilkinson2.4", failover: false, available: true, roaming: false, metered: false]
01-13 13:00:50.301  3757  5063 D ConnectivityService: filterNetworkStateForUid() uid: 10326 networkInfo: [type: WIFI[] - WIFI, state: CONNECTED/CONNECTED, reason: (unspecified), extra: "wilkinson2.4", failover: false, available: true, roaming: false, metered: false]
01-13 13:00:50.389  3757  4440 D AudioService: getStreamVolume 3 index 90
01-13 13:00:50.396  3757 29841 D AudioService: getStreamVolume 3 index 90
01-13 13:00:50.591  3757  3770 D AudioService: getStreamVolume 3 index 90
01-13 13:00:50.598  3757  5902 D AudioService: getStreamVolume 3 index 90
01-13 13:00:50.635 30188 30402 D UE4     : *** JavaEnvDestructor: 30402
01-13 13:00:50.638 30188 30403 D UE4     : *** JavaEnvDestructor: 30403
01-13 13:00:50.684  3757  4354 D SamsungAlarmManager: Expired : 8
01-13 13:00:50.685  3757  4354 I SamsungAlarmManager: setLocked to kernel - T:3 / 20190113T130051, SetElapsed=603095543, nowELAPSED=603094440
01-13 13:00:50.685  3757  4354 V SamsungAlarmManager: Sending to uid : 10059 action=null alarm=Alarm{f491adb type 3 when 603094439 com.asurion.android.verizon.vms}
01-13 13:00:50.691  3757  4354 D CompatibilityInfo: mCompatibilityFlags - 0
01-13 13:00:50.692  3757  4354 D CompatibilityInfo: applicationDensity - 420
01-13 13:00:50.692  3757  4354 D CompatibilityInfo: applicationScale - 1.0
01-13 13:00:50.712  3757 31269 D SamsungAlarmManager: setExact Intent (T:3/F:5/AC:false) 20190113T130055 - CU:10059/CP:15240
01-13 13:00:50.739 30188 30220 D UE4     : Unregistering volume receiver
01-13 13:00:50.741 30188 30220 D UE4     : Unregistering battery receiver
01-13 13:00:50.742 30188 30220 D UE4     : Unregistering headset receiver
01-13 13:00:50.747 30188 30391 D UE4     : *** JavaEnvDestructor: 30391
01-13 13:00:50.748 30188 30390 D UE4     : AndroidEGL::ResetDisplay()
01-13 13:00:50.749 30188 30390 D UE4     : *** JavaEnvDestructor: 30390
01-13 13:00:50.749 30188 30220 D UE4     : [2019.01.13-18.00.50:749][  0]LogTemp: Android pause audio
01-13 13:00:50.751 30188 30220 D UE4     : Execution has been paused...
01-13 13:00:50.751 30188 30220 D UE4     : [2019.01.13-18.00.50:751][  0]LogAndroidEvents: Display: DequeueAppEvent : 11, 0
01-13 13:00:50.752 30188 30220 D UE4     : [2019.01.13-18.00.50:752][  0]LogAndroidEvents: Display: DequeueAppEvent : 7, 0
01-13 13:00:50.773 30188 30220 D UE4     : [2019.01.13-18.00.50:773][  0]LogTemp: Android resume audio
01-13 13:00:50.775 30188 30220 D UE4     : Registering volume receiver
01-13 13:00:50.782  3757  4473 D AudioService: getStreamVolume 3 index 90
01-13 13:00:50.782 30188 30220 D UE4     : startVolumeReceiver: 9
01-13 13:00:50.782 30188 30220 D UE4     : nativeVolumeEvent(9)
01-13 13:00:50.782 30188 30220 D UE4     : Registering battery receiver
01-13 13:00:50.786 30188 30220 D UE4     : Registering headset receiver
01-13 13:00:50.791 30188 30188 D UE4     : headsetReceiver::onReceive
01-13 13:00:50.791 30188 30220 D UE4     : startHeadsetReceiver: 0
01-13 13:00:50.791 30188 30220 D UE4     : nativeHeadsetEvent(0)
01-13 13:00:50.791 30188 30188 D UE4     : nativeHeadsetEvent(0)
01-13 13:00:50.791 30188 30220 D UE4     : [2019.01.13-18.00.50:791][  0]LogUdpMessaging: Initializing bridge on interface 0.0.0.0:0 to multicast group 230.0.0.1:6666.
01-13 13:00:50.793  3757  5063 D AudioService: getStreamVolume 3 index 90
01-13 13:00:50.796  3757  6272 D ConnectivityService: filterNetworkStateForUid() uid: 10326 networkInfo: [type: WIFI[] - WIFI, state: CONNECTED/CONNECTED, reason: (unspecified), extra: "wilkinson2.4", failover: false, available: true, roaming: false, metered: false]
01-13 13:00:50.798  3757 32085 D ConnectivityService: filterNetworkStateForUid() uid: 10326 networkInfo: [type: WIFI[] - WIFI, state: CONNECTED/CONNECTED, reason: (unspecified), extra: "wilkinson2.4", failover: false, available: true, roaming: false, metered: false]
01-13 13:00:50.799  3757 32085 D ConnectivityService: filterNetworkStateForUid() uid: 10326 networkInfo: [type: WIFI[] - WIFI, state: CONNECTED/CONNECTED, reason: (unspecified), extra: "wilkinson2.4", failover: false, available: true, roaming: false, metered: false]
01-13 13:00:50.800  3757 29840 D AudioService: getStreamVolume 3 index 90
01-13 13:00:50.811 30188 30220 D UE4     : [2019.01.13-18.00.50:811][  0]LogTcpMessaging: Initializing TcpMessaging bridge, listening on 127.0.0.1:6666
01-13 13:00:50.814 30188 30220 D UE4     : Execution has been resumed!
01-13 13:00:50.886 30188 30407 I         : Increase max job count 60
01-13 13:00:50.995  3757 32084 D AudioService: getStreamVolume 3 index 90
01-13 13:00:51.002  3757 31269 D AudioService: getStreamVolume 3 index 90
01-13 13:00:51.041  3757  2858 D AudioService: getStreamVolume 3 index 90
01-13 13:00:51.198  3757  3771 D AudioService: getStreamVolume 3 index 90
01-13 13:00:51.205  3757  4482 D AudioService: getStreamVolume 3 index 90
01-13 13:00:51.225 30188 30407 D UE4     : [2019.01.13-18.00.51:225][  0]LogRHI: JNI Display getPresentationDeadlineNanos=17949152 getAppVsyncOffsetNanos=0 getRefreshRate=59.000000
01-13 13:00:51.225 30188 30407 D UE4     : [2019.01.13-18.00.51:225][  0]LogRHI: Final display timing metrics: DriverRefreshRate=59.0000  DriverRefreshNanos=16949153  DriverDeadlineNanos=16949152  DriverAppVsyncOffsetNanos=0
01-13 13:00:51.225 30188 30407 D UE4     : [2019.01.13-18.00.51:225][  0]LogRHI: AndroidEGL:SwapBuffers Min=0, Max=1, Request=1, ClosestDriver=1, SetDriver=1
01-13 13:00:51.232 30188 30220 D UE4     : [2019.01.13-18.00.51:232][  0]LogSlate: Slate font cache was flushed
01-13 13:00:51.269 30188 30220 D UE4     : [2019.01.13-18.00.51:269][  1]LogSlate: Took 0.000738 seconds to synchronously load lazily loaded font '../../../Engine/Content/EngineFonts/Faces/DroidSansMono.ufont' (77K)
01-13 13:00:51.402  3757 32085 D AudioService: getStreamVolume 3 index 90
01-13 13:00:51.408  3757 29841 D AudioService: getStreamVolume 3 index 90
01-13 13:00:51.604  3757  5062 D AudioService: getStreamVolume 3 index 90
01-13 13:00:51.616  3757 32083 D AudioService: getStreamVolume 3 index 90
01-13 13:00:51.788  3757  4354 D SamsungAlarmManager: Expired : 8
