01-05 23:17:27.364  3267  3615 I TLC_BAUTH: Call FP cmd 0x12;379
01-05 23:17:27.364  3267  3615 I tlc_communication: Send Trustlet TCI Message;214
01-05 23:17:27.364  3267  3615 I tlc_communication: mcNotify is completed;224
01-05 23:17:27.366 27693 27693 W Finsky  : [1] com.google.android.finsky.ey.b.a(15): Failed to get status for package 'com.amazon.mp3' (1601)
01-05 23:17:27.371  3267  3267 D bauth_Worker: Worker, 48
01-05 23:17:27.371  3267  3267 D bauth_FPBAuthService: thread id : 3, preenroll_flag : 0, nd cnt : 0
01-05 23:17:27.371  3267  3267 D bauth_service: BAuthService, 365
01-05 23:17:27.371  3756  3756 W FingerprintService: startAuthentication FP_FINISH (14ms) RESULT: 0
01-05 23:17:27.373  4622  4622 D WallpaperViewController: onScreenTurningOn
01-05 23:17:27.373  4622  4622 D WallpaperViewController: mWallpaperView.onResume()
01-05 23:17:27.374  4622  4622 D KeyguardViewMediator: IKeyguardDrawnCallback.onDrawn()
01-05 23:17:27.374  3756  7072 V KeyguardServiceDelegate: **** SHOWN CALLED ****
01-05 23:17:27.375  3267  3615 I tlc_communication: mcWaitNotification is completed;237
01-05 23:17:27.375  3267  3615 I TLC_BAUTH: Check the Trustlet return code is completed;406
01-05 23:17:27.375  3267  3615 I TLC_BAUTH: FUNC ID 0x3 is completed;675
01-05 23:17:27.375  3267  3615 D bauth_FPBAuthService: FPBAuthService, 694
01-05 23:17:27.377  3215  3274 I Layer   : [com.GeekTechnique.InfinityStack/com.epicgames.ue4.GameActivity] addSyncPoint start
01-05 23:17:27.377  3215  3274 I Layer   : [com.GeekTechnique.InfinityStack/com.epicgames.ue4.GameActivity] addSyncPoint end
01-05 23:17:27.377  3215  3274 I Layer   : [com.GeekTechnique.InfinityStack/com.epicgames.ue4.GameActivity] addSyncPoint start
01-05 23:17:27.377  3215  3274 I Layer   : [com.GeekTechnique.InfinityStack/com.epicgames.ue4.GameActivity] addSyncPoint end
01-05 23:17:27.379  3756  3756 D LightsService: [api] [SvcLED] turnOff:: id = 5 (uid: 1000 pid: 3756) 
01-05 23:17:27.379  3756  3756 D PowerManagerUtil: fileWriteString to /sys/power/wake_lock, LightsService
01-05 23:17:27.379  3756  3756 D LightsService: [SvcLED] setSvcLedStateLocked:: SvcLEDState : 0x10 -> 0x0 | SvcLED(id=5) set Off
01-05 23:17:27.381  3756  3801 D LightsService: [SvcLED] handleForcedSvcLEDTask()
01-05 23:17:27.381  3756  3801 D lights  : led_pattern : 0 +
01-05 23:17:27.382  3756  3756 D BatteryService: turn off LED
01-05 23:17:27.383  3756  4348 I Sensors : ProximitySensor - 8(cm)
01-05 23:17:27.383  3756  9193 D TelephonyManager: getAllCellInfo : Caller (PID / UID / TID): 3756 / 1000 / 9193
01-05 23:17:27.383  3267  3615 D bauth_FPBAuthSensorControl: FPBAuthSensorControl, 346
01-05 23:17:27.383  3267  3615 D bauth_FPBAuthService: FPBAuthService, 706
01-05 23:17:27.383  3267  3615 D bauth_FPBAuthService: FPBAuthService, 3142
01-05 23:17:27.384  4622  4622 D SensorManager: Proximity, val = 8.0  [far]
01-05 23:17:27.387  3756  3801 D lights  : led_pattern : 0 -
01-05 23:17:27.387  3267  3615 D bauth_FPBAuthSensorControl: FPBAuthSensorControl, 552
01-05 23:17:27.387  3267  3615 I TLC_BAUTH: Call FP cmd 0x1;841
01-05 23:17:27.387  3756  3801 D LightsService: [SvcLED]  setSvcLedLightLocked :: Current SvcLED(id=5) maintains its priority right
01-05 23:17:27.387  3267  3615 I tlc_communication: Send Trustlet TCI Message;214
01-05 23:17:27.387  3756  3801 D PowerManagerUtil: fileWriteString to /sys/power/wake_unlock, LightsService
01-05 23:17:27.388 27693 27693 E Finsky  : [1] com.google.android.finsky.ey.b.a(28): Error getting stats
01-05 23:17:27.388 27693 27693 W Finsky  : [1] com.google.android.finsky.ey.b.a(15): Failed to get status for package 'com.seagate.goflexsatellite' (1601)
01-05 23:17:27.389  3267  3615 I tlc_communication: mcNotify is completed;224
01-05 23:17:27.389 27693 27693 E Finsky  : [1] com.google.android.finsky.ey.b.a(28): Error getting stats
01-05 23:17:27.397  3756  3756 I CAE     : handleMessage(CaPowerManager.java:188) - AP_WAKEUP
01-05 23:17:27.398  3756  3756 I CAE     : updateApPowerStatus(SensorHubParserProvider.java:451) - AP_WAKEUP
01-05 23:17:27.404  3756  3756 I CAE     : sendCmdToSensorHub(SensorHubCommManager.java:162) - -76, 13, -47, 0,
01-05 23:17:27.404  3756  3756 D SensorHubManager: SendSensorHubData: send data = -76, 13, -47, 0
01-05 23:17:27.405  3228 24927 D Sensorhubs: sendContextData: -76, 13, -47, 0
01-05 23:17:27.414  3756  3756 D ClientCertificateManager Service: updateLockStatus, user.id 0
01-05 23:17:27.414  3756  3756 I         : CCM JNI: In ccm_update_lock_status
01-05 23:17:27.415  3756  3756 I TZ_CCM_C_Initialize: : DEBUG_CONTAINER_PROBLEM Enter TZ_CCM_C_Initialize_TLC!
01-05 23:17:27.415  3756  3756 I TZ_CCM_C_Initialize: : pInitArgs 0x7fd9434200 has not called C_Init before.
01-05 23:17:27.415  3756  3756 I TZ_CCM_C_Initialize: : &ctx = 0x75ab58a2c8
01-05 23:17:27.415  3756  3756 E TZ: client_server_communication: comm_request(0x75a9109760) pImpl->serverName : CCM 
01-05 23:17:27.415  3756  3756 E TZ: client_server_communication: comm_request(0x75a9109760) <IClientServer>pImpl->sconn : 0x759284dc00 
01-05 23:17:27.415  3756  3756 E TZ: client_server_communication: comm_request(0x75a9109760) <IClientServer>pImpl->sconn->getInterfaceDescriptor() : CCM 
01-05 23:17:27.415  3756  3756 I TZ: client_server_communication: Cmd id = 47, len = 19456
01-05 23:17:27.415  3756  3756 I TZ: client_server_communication: Calling Communicate()
01-05 23:17:27.417  3756  4418 D InputReader: Input event(5): value=0 when=14767600177000
01-05 23:17:27.417  4375  4375 I TLC_SERVER: BnTLCServer::onTransact(2) 16
01-05 23:17:27.417  3756  4418 D InputReader: !@notifyKey(172), action=1
01-05 23:17:27.417  4375  4375 I TLC_SERVER: COMM
01-05 23:17:27.417  3756  4418 D InputManager-JNI: !@interceptKeyBeforeQueueing(172), action=1, interactive=true
01-05 23:17:27.418 29116 29116 D ViewRootImpl@ad5bda1[InstantMemo_Service]: mHardwareRenderer.destroy()#4
01-05 23:17:27.418  3756  4418 D InputManager-JNI: !@handleInterceptActions(172), action=1, wmActions=1
01-05 23:17:27.420  4622  4622 D ViewRootImpl@9bcb445[StatusBar]: MSG_RESIZED_REPORT: ci=Rect(0, 0 - 0, 0) vi=Rect(0, 0 - 0, 0) or=1
01-05 23:17:27.427  3228  3271 D Sensorhubs: readContextData: 1, 1, 44, 1, 1, 1, 0, -22, 57, -119, 2, 0, 0, 0, 0, 0, 0, 0, 0, 1, 117, -8
01-05 23:17:27.428  3756  4368 D SensorHubManager: onGetSensorHubDataLocked: library(22) = 1, 1, 44, 1, 1, 1, 0, -22, 57, -119, 2, 0, 0, 0, 0, 0, 0, 0, 0, 1, 117, -8
01-05 23:17:27.428 29116 29116 D InstantMemo_Service: doStopSelf() - end
01-05 23:17:27.429 29116 29116 D ViewRootImpl@ad5bda1[InstantMemo_Service]: dispatchDetachedFromWindow
01-05 23:17:27.429  3756  3756 I TZ_CCM_C_Finalize: : DEBUG_CONTAINER_PROBLEM Exercising TZ_CCM_C_Finalize_TLC
01-05 23:17:27.429  3756  3756 I TZ_CCM_C_Finalize: : There are connections; No C_Finalize for pInitArgs 0x7fd9434200 
01-05 23:17:27.434  3756  4367 D CAE     : onGetSensorHubData(SensorHubParserProvider.java:94) - onGetSensorHubData Event [event buffer len :22], AP_WAKEUP
01-05 23:17:27.435  3756  4367 I CAE     : parse(SensorHubParserProvider.java:196) - buffer size = 22
01-05 23:17:27.436  3756  4367 I CAE     : parse(SensorHubParserProvider.java:207) - 1, 1, 44, 1, 1, 1, 0, -22, 57, -119, 2, 0, 0, 0, 0, 0, 0, 0, 0, 1, 117, -8,
01-05 23:17:27.437  3756  4367 I CAE     : parse(SLMonitorRunner.java:301) - parse:4
01-05 23:17:27.438  3756  4367 D CAE     : parse(SLMonitorRunner.java:323) - dataSize:1
01-05 23:17:27.440  3756  4367 D CAE     : display(SLMonitorRunner.java:604) - ================= STEP_LEVEL_MONITOR =================
01-05 23:17:27.441  3756  3756 D UniversalCredentialManagerService: inside mBReciever onReceive : android.intent.action.SCREEN_ON
01-05 23:17:27.441  3756  4367 I CAE     : display(SLMonitorRunner.java:721) - DT=[1], DC=[1], TS=[1546748150153], ST=[SE], SC=[0], DI=[0.0], CA=[0.0], DU=[95736]
01-05 23:17:27.442  3756  4370 D SemContextService: updateContext() : event = Step Level Monitor
01-05 23:17:27.446  3445  3471 D UE4     : [2019.01.06-04.17.27:445][  0]LogStreaming: Display: Flushing async loaders.
01-05 23:17:27.449  3756  3756 D UniversalCredentialManagerService: ****MSG_LOCK_STATUS_UPDATE block started****
01-05 23:17:27.449  3756  3756 D UniversalCredentialManagerService: notifyChangeToPlugin is called for Lock status update...
01-05 23:17:27.449  5028  5148 I System.out: Broadcasting: Intent { act=android.intent.action.LTE_SMS_STATUS launchParam=MultiScreenLaunchParams { mDisplayId=0 mFlags=0 } (has extras) }
01-05 23:17:27.449  3756  3756 D UcmService: notifyChangeToPlugin event 15
01-05 23:17:27.451  3756  3756 D UcmService: checkCallerPermissionFor is called for method-notifyChangeToPlugin
01-05 23:17:27.451  3756  3756 I UcmService: checkIfNotify for cs Name = com.samsung.ucs.agent.boot:com.samsung.ucs.agent.boot Package name = com.samsung.ucs.agent.boot
01-05 23:17:27.451  3756  3756 D UcmService: notifying to unmanaged plugin
01-05 23:17:27.453 10817 10817 D SemContextManager: onSemContextChanged() : event = Step Level Monitor
01-05 23:17:27.454  9313  9328 D BootAgentService: notifyChange eventId-15
01-05 23:17:27.454 10817 10817 I Sensor[0x06]: [0x01] 33
01-05 23:17:27.455 10817 10817 I Sensor[0x04]: [0x01] 1546748150153[0x02] 0[0x03] 2[0x04] 95736
01-05 23:17:27.455  5028  6276 I System.out: Broadcast completed: result=0
01-05 23:17:27.456  3756  3756 D UcmService: activeAgent com.samsung.ucs.agent.boot:com.samsung.ucs.agent.boot notify status - -1
01-05 23:17:27.456  3756  3756 D UcmService: activeAgent status--1
01-05 23:17:27.456  3756  3756 D UniversalCredentialManagerService: ****MSG_LOCK_STATUS_UPDATE block ended****
01-05 23:17:27.483  3756  3756 I WifiTrafficPoller: evaluateTrafficStatsPolling
01-05 23:17:27.491  3756  3756 D LightsService: [api] [SvcLED] turnOff:: id = 6 (uid: 1000 pid: 3756) 
01-05 23:17:27.491  3756  3756 D PowerManagerUtil: fileWriteString to /sys/power/wake_lock, LightsService
01-05 23:17:27.492  3756  3756 D LightsService: [SvcLED] setSvcLedStateLocked:: SvcLEDState : 0x0 -> 0x0 | SvcLED(id=6) set Off
01-05 23:17:27.492  3756  3801 D LightsService: [SvcLED] handleForcedSvcLEDTask()
01-05 23:17:27.492  3756  3801 D LightsService: [SvcLED]  setSvcLedLightLocked :: Current SvcLED(id=5) maintains its priority right
01-05 23:17:27.492  3756  3801 D PowerManagerUtil: fileWriteString to /sys/power/wake_unlock, LightsService
01-05 23:17:27.494  3267  3615 I tlc_communication: mcWaitNotification is completed;237
01-05 23:17:27.494  3267  3615 I TLC_BAUTH: Check the Trustlet return code is completed;898
01-05 23:17:27.494  3267  3615 D bauth_FPBAuthService: check_opcode status = 0, opcode = 7, func_ret_val = 0, function_status = 0, timeout = 0
01-05 23:17:27.494  3267  3615 I TLC_BAUTH: Call FP cmd 0x1;841
01-05 23:17:27.494  3267  3615 I tlc_communication: Send Trustlet TCI Message;214
01-05 23:17:27.494  3267  3615 I tlc_communication: mcNotify is completed;224
01-05 23:17:27.494  3756  3756 D SmartAlertController: ACTION_SCREEN_ON
01-05 23:17:27.495  3756  4465 I WifiConnectivityManager: scheduleWatchdogTimer
01-05 23:17:27.498  3238 16746 D audio_hw_primary: adev_set_parameters: enter: kvpairs: screen_state=on
01-05 23:17:27.501  3756  3756 D SamsungAlarmManager: Cancel Alarm calling from uid:1000 pid :3756 / op:PendingIntent{33b9d58: PendingIntentRecord{462feb1 android broadcastIntent}}
01-05 23:17:27.502  1979  2002 D VolumeInfo: VolumeInfo from Parcel: id private ,type 1 ,disk null
01-05 23:17:27.502  3756  4465 D SamsungAlarmManager: setInexact Listener (T:2/F:8/AC:false) 20190105T233727 - CU:1000/CP:3756
01-05 23:17:27.502  1979  2002 D VolumeInfo: VolumeInfo from Parcel: id emulated ,type 2 ,disk null
01-05 23:17:27.505  3756  3756 I MdnieScenarioControlService: action  :  android.intent.action.SCREEN_ON
01-05 23:17:27.505  3756  3756 D MdnieScenarioControlService: isLockScreenOn : true
01-05 23:17:27.511  1979  2003 D VolumeInfo: VolumeInfo from Parcel: id private ,type 1 ,disk null
01-05 23:17:27.511  1979  2003 D VolumeInfo: VolumeInfo from Parcel: id emulated ,type 2 ,disk null
01-05 23:17:27.514  3756  3756 D WifiService: registerForSContext() : successful!
01-05 23:17:27.514  3756  3756 E SemContext.CaeProvider: setAttribute() : attribute is null!
01-05 23:17:27.515  3756  3756 W CAE     : registerCallback(ContextAwareService.java:155) - [regi 01] Mutex is locked for ACTIVITY_TRACKER
01-05 23:17:27.515  3756  4464 D SamsungAlarmManager: Cancel Alarm calling from uid:1000 pid :3756 / op:PendingIntent{5a68f96: PendingIntentRecord{baf0717 android broadcastIntent}}
01-05 23:17:27.517  3756  3756 V CAE     : start(ContextProvider.java:128)
01-05 23:17:27.517  5028  5148 I System.out: Broadcasting: Intent { act=com.sec.android.LTE_WIDEBAND_INFO flg=0x10000000 launchParam=MultiScreenLaunchParams { mDisplayId=0 mFlags=0 } (has extras) }
01-05 23:17:27.518  3756  3756 V CAE     : clear(ActivityTrackerRunner.java:108)
01-05 23:17:27.518  3756  3756 V CAE     : enable(ActivityTrackerRunner.java:84)
01-05 23:17:27.519  3756  3756 I CAE     : sendCmdToSensorHub(SensorHubCommManager.java:162) - -79, 26, 0, 0, 0, 0, 0, 0, 0, 0, 4, 17, 27,
01-05 23:17:27.519  3756  3756 D SensorHubManager: SendSensorHubData: send data = -79, 26, 0, 0, 0, 0, 0, 0, 0, 0, 4, 17, 27
01-05 23:17:27.520  3228  3272 D Sensorhubs: sendContextData: -79, 26, 0, 0, 0, 0, 0, 0, 0, 0, 4, 17, 27
01-05 23:17:27.527  4622  4814 D NetworkController: onReceive: intent=Intent { act=com.sec.android.LTE_WIDEBAND_INFO flg=0x10000010 launchParam=MultiScreenLaunchParams { mDisplayId=0 mFlags=0 } bqHint=0 (has extras) }
01-05 23:17:27.528  4622  4814 D NetworkController.MobileSignalController(0/1): LTE WIDEBAND : mCurrentState.isCAIndicator = false oldCAIndicator = false
01-05 23:17:27.531  3756  3756 D CAE     : getFaultDetectionResult(ActivityTrackerRunner.java:154) - true
01-05 23:17:27.531  4622  4814 D NetworkController.MobileSignalController(0/1): onSignalStrengthsChanged signalStrength=SignalStrength: 99 99 -120 -160 -120 -1 -1 14 -123 -15 -28 2147483647 2147483647 0x1000 gsm|lte level=1
01-05 23:17:27.531  3756  3756 I CAE     : notifyCmdProcessResultObserver(ContextProvider.java:627) - CheckResult = 0, Cause = Success
01-05 23:17:27.531  4622  4814 D NetworkController.MobileSignalController(0/1): getMobileIconGroup(): 13
01-05 23:17:27.532  5039  5662 D EPDG -- [SMARTWIFI]: onSignalStrengthsChanged: Received signal strength change, phone type is: 2
01-05 23:17:27.533  5039  6415 D EPDG -- [SMARTWIFI]: lastLteRSRP is -123currentLteRSRP is -123
01-05 23:17:27.533  5039  6415 D EPDG -- [SMARTWIFI]: lastLteRSRQ is -15currentLteRSRQ is -15
01-05 23:17:27.533  5039  6415 D EPDG -- [SMARTWIFI]: lastCdmaDb is -16currentCdmaDb is -16
01-05 23:17:27.533  5039  6415 V EPDG -- [SMARTWIFI]: Radio oldest entry removed
01-05 23:17:27.533  5039  6415 V EPDG -- [SMARTWIFI]: New entry : (SignalStrength: 99 99 -120 -160 -120 -1 -1 14 -123 -15 -28 2147483647 2147483647 0x1000 gsm|lte : 0 )
01-05 23:17:27.533  5039  6415 V EPDG -- [SMARTWIFI]: Radio entry added
01-05 23:17:27.534  5039  6413 D EPDG -- [MODEM]: message length is  9
01-05 23:17:27.534  5039  6413 D EPDG -- [MODEM]: countRead is 7 offset is 7remaining is 0
01-05 23:17:27.535  5039  6413 D EPDG -- EpdgIpcMessageFactory: ipcMainCmd: 8
01-05 23:17:27.535  5039  6413 D EPDG -- [UTILS]: isUSerBinary: true
01-05 23:17:27.535  5028  7015 I System.out: Broadcast completed: result=0
01-05 23:17:27.536  3228  3271 D Sensorhubs: readContextData: 1, 1, 48, 0, 0, 0, 19, 0, 0, 0, 3
01-05 23:17:27.536  5039  6413 D EPDG -- [RILRECEIVER]: [Rx]: Main: IPC_NET_CMD Sub: IPC_NET_REGIST
01-05 23:17:27.536  5039  6413 D EPDG -- [RILRECEIVER]: [Rx]: Param: FF 03 
01-05 23:17:27.536  3756  4368 D SensorHubManager: onGetSensorHubDataLocked: library(11) = 1, 1, 48, 0, 0, 0, 19, 0, 0, 0, 3
01-05 23:17:27.537  5039  6413 I EPDG -- [RILRECEIVER]: RX [NET_REGIST] -- RESPONSE -- EPDG AVAILABLE
01-05 23:17:27.537  3756  4367 D CAE     : onGetSensorHubData(SensorHubParserProvider.java:94) - onGetSensorHubData Event [event buffer len :11], AP_WAKEUP
01-05 23:17:27.537  4622  4814 D NetworkController.MobileSignalController(0/1): updateVZWMobileIconGroup(): 13
01-05 23:17:27.537  3756  4367 I CAE     : parse(SensorHubParserProvider.java:196) - buffer size = 11
01-05 23:17:27.538  5039  5662 D EPDG -- [SMARTWIFI]: onSignalStrengthsChanged: Received signal strength change, phone type is: 2
01-05 23:17:27.538  5039  6415 D EPDG -- [SMARTWIFI]: lastLteRSRP is -123currentLteRSRP is -123
01-05 23:17:27.538  5039  6415 D EPDG -- [SMARTWIFI]: lastLteRSRQ is -15currentLteRSRQ is -15
01-05 23:17:27.538  5039  6415 D EPDG -- [SMARTWIFI]: lastCdmaDb is -16currentCdmaDb is -16
01-05 23:17:27.538  5039  6415 V EPDG -- [SMARTWIFI]: Radio oldest entry removed
01-05 23:17:27.538  3756  4367 I CAE     : parse(SensorHubParserProvider.java:207) - 1, 1, 48, 0, 0, 0, 19, 0, 0, 0, 3,
01-05 23:17:27.538  5039  6415 V EPDG -- [SMARTWIFI]: New entry : (SignalStrength: 99 99 -120 -160 -120 -1 -1 14 -123 -15 -28 2147483647 2147483647 0x1000 gsm|lte : 0 )
01-05 23:17:27.538  5039  6415 V EPDG -- [SMARTWIFI]: Radio entry added
01-05 23:17:27.539  5039  6413 D EPDG -- [NETIPCMESSAGE]: encodeNetRegist
01-05 23:17:27.539  3756  4367 D CAE     : display(ContextProvider.java:375) - ================= AUTO_BRIGHTNESS =================
01-05 23:17:27.539  5039  6413 D EPDG -- [UTILS]: isUSerBinary: true
01-05 23:17:27.539  3756  4367 I CAE     : display(ContextProvider.java:391) - Candela=[19], AmbientLux=[3]
01-05 23:17:27.540  5039  6413 D EPDG -- [IPCDISPATCHER]: [Tx]: Main: IPC_NET_CMD Sub: IPC_NET_REGIST Cmd Type: IPC_CMD_RESP
01-05 23:17:27.540  5039  6413 D EPDG -- [IPCDISPATCHER]: [Tx]: Param: 30 03 02 00 00 00 00 00 00 00 00 00 00 
01-05 23:17:27.540  3756  4370 D SemContextService: updateContext() : event = Auto Brightness
01-05 23:17:27.540  5039  6413 D EPDG -- [MODEM]: EpdgModem instance already exists !
01-05 23:17:27.541  3756  4557 D SemContextManager: onSemContextChanged() : event = Auto Brightness
01-05 23:17:27.541  5039  6411 D EPDG -- [MODEM]: Successfully written to RIL
01-05 23:17:27.541  3756  4557 D SContextManager: onSContextChanged() : event = Auto Brightness
01-05 23:17:27.542  3756  4557 D AutomaticBrightnessController: [DAB] onSensorHubChanged : 1st lux = 3.0, 1st candela = 19.0
01-05 23:17:27.542  3756  4557 D AutomaticBrightnessController: [DAB] updateAutoBrightnessSEC : 15(15.0)    0.0 < 3.0 < 15.0 (0.0)
01-05 23:17:27.542  3756  4557 D AutomaticBrightnessController: mCallbacks.updateBrightness()
01-05 23:17:27.542  3756  3756 D CAE     : doCommendProcess(ContextAwareService.java:444) - complete notify the operation result.
01-05 23:17:27.542  3756  3797 D DisplayPowerController: animateScreenStateChange[0]: target=2
01-05 23:17:27.542  3756  3797 D DisplayPowerController: animateScreenStateChange[0]: return as screen on blocked
01-05 23:17:27.542  3756  3797 D DisplayPowerController: [Dual Screen Compatible] state[0] :2
01-05 23:17:27.542  3756  3797 D DisplayPowerController: getFinalBrightness : Summary is 78 -> 78
01-05 23:17:27.542  3756  3797 D DisplayPowerController: Animating brightness: target=78, rate=2000 (PSM:true, AB limit:(-1 ~ -1) MB Limit:(-1 ~ -1))
01-05 23:17:27.543  3267  3615 I tlc_communication: mcWaitNotification is completed;237
01-05 23:17:27.543  3267  3615 I TLC_BAUTH: Check the Trustlet return code is completed;898
01-05 23:17:27.543  3267  3615 D bauth_FPBAuthService: check_opcode status = 0, opcode = 0, func_ret_val = 0, function_status = 0, timeout = 0
01-05 23:17:27.544  3267  3615 D bauth_FPBAuthService: FPBAuthService, 3199
01-05 23:17:27.544  3267  3615 D bauth_FPBAuthService: wci 41 41
01-05 23:17:27.544  3267  3615 D         : fprc : cc 
01-05 23:17:27.544  3756  3782 D MountService: getExternalStorageMountMode : 1
01-05 23:17:27.544  3267  3615 D bauth_FPBAuthSensorControl: FPBAuthSensorControl, 800
01-05 23:17:27.544  3756  3782 D MountService: getExternalStorageMountMode : 3
01-05 23:17:27.544  3756  3782 D MountService: getExternalStorageMountMode : final mountMode=1, uid : 10184, packageName : com.sec.android.daemonapp
01-05 23:17:27.544  3267  3615 D bauth_FPBAuthService: FPBAuthService, 3330
01-05 23:17:27.544  3267  3615 I TLC_BAUTH: Call FP cmd 0x5;1123
01-05 23:17:27.544  5039  5662 D EPDG -- [EPDGService]: Event received: RIL_EPDG_STATUS_QUERY
01-05 23:17:27.544  5039  5662 D EPDG -- [EPDGService]: handleMessage: cid - 2
01-05 23:17:27.544  3756  3756 I CAE     : displayUsedCountForService(ContextAwareService.java:536) - totalCnt = 1, serviceCount = 1, subCollectionCount = 0
01-05 23:17:27.545  3267  3615 I TLC_BAUTH: Check Input Data Param buf addr = 0x0x0 , length = 0;1152
01-05 23:17:27.545  3756  3756 D CAE     : showListenerList(ContextAwareService.java:377) - ===== Context Aware Service List =====
01-05 23:17:27.545  3267  3615 I TLC_BAUTH: Check Output Data Param buf addr = 0x0x0 , length = 0;1163
01-05 23:17:27.545  3267  3615 I tlc_communication: Send Trustlet TCI Message;214
01-05 23:17:27.545  3756  3756 I CAE     : showListenerList(ContextAwareService.java:386) - Listener : com.samsung.android.contextaware.manager.ContextAwareService$Listener@377d4ed, Service : ACTIVITY_TRACKER_CURRENT_INFO(1)
01-05 23:17:27.545  3267  3615 I tlc_communication: mcNotify is completed;224
01-05 23:17:27.546  3756  3756 I CAE     : showListenerList(ContextAwareService.java:386) - Listener : com.samsung.android.contextaware.manager.ContextAwareService$Listener@377d4ed, Service : ACTIVITY_TRACKER(1)
01-05 23:17:27.546  3756  3756 I CAE     : showListenerList(ContextAwareService.java:386) - Listener : com.samsung.android.contextaware.manager.ContextAwareService$Listener@a4be10e, Service : PEDOMETER(1)
01-05 23:17:27.547  3756  3756 I CAE     : showListenerList(ContextAwareService.java:386) - Listener : com.samsung.android.contextaware.manager.ContextAwareService$Listener@a4be10e, Service : PEDOMETER_CURRENT_INFO(1)
01-05 23:17:27.547  3756  3756 I CAE     : showListenerList(ContextAwareService.java:386) - Listener : com.samsung.android.contextaware.manager.ContextAwareService$Listener@d091204, Service : ACTIVITY_TRACKER_BATCH(1)
01-05 23:17:27.548  3756  3756 I CAE     : showListenerList(ContextAwareService.java:386) - Listener : com.samsung.android.contextaware.manager.ContextAwareService$Listener@ff2e222, Service : STEP_LEVEL_MONITOR(1)
01-05 23:17:27.548  3756  3756 I CAE     : showListenerList(ContextAwareService.java:386) - Listener : com.samsung.android.contextaware.manager.ContextAwareService$Listener@a58f10, Service : SENSOR_STATUS_CHECK_RUNNER(1)
01-05 23:17:27.548  3756  3756 I CAE     : showListenerList(ContextAwareService.java:386) - Listener : com.samsung.android.contextaware.manager.ContextAwareService$Listener@86419b6, Service : AUTO_BRIGHTNESS(1)
01-05 23:17:27.549  3756  3756 W CAE     : registerCallback(ContextAwareService.java:191) - [regi 02] Mutex is unlocked for ACTIVITY_TRACKER
01-05 23:17:27.549  3756  3756 D SemContextService: 	.registerCallback : 5, client=
01-05 23:17:27.549  3756  3756 D SemContextService: ===== SemContext Service List =====
01-05 23:17:27.549  3756  3756 D SemContextService: Listener : com.samsung.android.hardware.context.SemContextService$Listener@a0e3296, Service : Pedometer
01-05 23:17:27.549  3756  3756 D SemContextService: Listener : com.samsung.android.hardware.context.SemContextService$Listener@a0e3296, Service : Step Level Monitor
01-05 23:17:27.549  3756  3756 D SemContextService: Listener : com.samsung.android.hardware.context.SemContextService$Listener@37213ed, Service : Activity Batch
01-05 23:17:27.549  3756  3756 D SemContextService: Listener : com.samsung.android.hardware.context.SemContextService$Listener@7f3640e, Service : Sensor Status Check
01-05 23:17:27.549  3756  3756 D SemContextService: Listener : com.samsung.android.hardware.context.SemContextService$Listener@b3896b7, Service : Auto Brightness
01-05 23:17:27.549  3756  3756 D SemContextService: Listener : com.samsung.android.hardware.context.SemContextService$Listener@1a5e589, Service : Activity Tracker
01-05 23:17:27.549  3756  3756 D SemContextManager:   .registerListener : listener = android.hardware.scontext.SContextManager$SContextListenerDelegate@e12fdb3, service=Activity Tracker
01-05 23:17:27.549  3756  3756 D SContextManager:   .registerListener : listener = com.android.server.wifi.WifiServiceImpl$1@793704, service=Activity Tracker
01-05 23:17:27.550  3267  3615 I tlc_communication: mcWaitNotification is completed;237
01-05 23:17:27.550  3756  3756 W CAE     : getContextInfo(ContextAwareService.java:468) - [getContext 01] Mutex is locked for ACTIVITY_TRACKER_CURRENT_INFO
01-05 23:17:27.550  3267  3615 I TLC_BAUTH: Check the Trustlet return code is completed;1207
01-05 23:17:27.550  3267  3615 D bauth_FPBAuthService: FPBAuthService, 3335
01-05 23:17:27.550  3267  3615 D bauth_FPBAuthService: check_opcode status = 2, opcode = 0, func_ret_val = 0, function_status = 0, timeout = 0
01-05 23:17:27.550  3267  3615 D bauth_FPBAuthService: FPBAuthService, 1145
01-05 23:17:27.550  3267  3615 D bauth_FPBAuthService: fpop : 100020
01-05 23:17:27.550  3267  3615 D fingerprintd: onAcquired(10001)
01-05 23:17:27.551  3267  3615 D bauth_FPBAuthUserInfo: FPBAuthUserInfo, 177
01-05 23:17:27.551  3756  3756 V CAE     : enable(ActivityTrackerCurrentInfoRunner.java:178)
01-05 23:17:27.551  3267  3615 D bauth_FPBAuthService: FPBAuthService, 3388
01-05 23:17:27.551  3267  3615 I TLC_BAUTH: Call FP cmd 0x6;1222
01-05 23:17:27.551  3267  3615 I tlc_communication: Send Trustlet TCI Message;214
01-05 23:17:27.551  3267  3615 I tlc_communication: mcNotify is completed;224
01-05 23:17:27.551  3756  3756 V CAE     : clear(ActivityTrackerCurrentInfoRunner.java:202)
01-05 23:17:27.552  3756  3756 I CAE     : sendCmdToSensorHub(SensorHubCommManager.java:162) - -72, 26, 1, 0,
01-05 23:17:27.552  3756  3756 D SensorHubManager: SendSensorHubData: send data = -72, 26, 1, 0
01-05 23:17:27.552  3228 24928 D Sensorhubs: sendContextData: -72, 26, 1, 0
01-05 23:17:27.553  1979  2002 D VolumeInfo: VolumeInfo from Parcel: id private ,type 1 ,disk null
01-05 23:17:27.553  1979  2002 D VolumeInfo: VolumeInfo from Parcel: id emulated ,type 2 ,disk null
01-05 23:17:27.557  3445  3471 D UE4     : [2019.01.06-04.17.27:557][  0]LogPackageLocalizationCache: Processed 10 localized package path(s) for 1 prioritized culture(s) in 0.108932 seconds
01-05 23:17:27.558  1979  2003 D VolumeInfo: VolumeInfo from Parcel: id private ,type 1 ,disk null
01-05 23:17:27.558  1979  2003 D VolumeInfo: VolumeInfo from Parcel: id emulated ,type 2 ,disk null
01-05 23:17:27.559  3756  3756 D CAE     : getFaultDetectionResult(ActivityTrackerCurrentInfoRunner.java:214) - true
01-05 23:17:27.560  3756  3756 I CAE     : notifyCmdProcessResultObserver(ContextProvider.java:627) - CheckResult = 0, Cause = Success
01-05 23:17:27.561  3756  3802 D SurfaceControl: Excessive delay in setPowerMode(): 278ms
01-05 23:17:27.561  3756  3802 D PowerManagerUtil: Excessive delay in !@display_state: ON: 280ms
01-05 23:17:27.561  3756  3797 D DisplayPowerController: animateScreenStateChange[0]: target=2
01-05 23:17:27.561  3756  3797 D DisplayPowerController: animateScreenStateChange[0]: return as screen on blocked
01-05 23:17:27.561  3756  3797 D DisplayPowerController: [Dual Screen Compatible] state[0] :2
01-05 23:17:27.561  3756  3797 D DisplayPowerController: getFinalBrightness : Summary is 78 -> 78
01-05 23:17:27.562  3756  3797 D DisplayPowerController: Animating brightness: target=78, rate=2000 (PSM:true, AB limit:(-1 ~ -1) MB Limit:(-1 ~ -1))
01-05 23:17:27.571  3756 15388 D WindowManager: disposeInputChannel mInputChannel: e5e81bc com.samsung.android.snote.control.ui.quickmemo.service.InstantMemo_Service (server)
01-05 23:17:27.571  3756  3639 D MISC PowerHAL: sysfs_write +: /sys/class/input/event0/device/enabled: 1
01-05 23:17:27.571  3228  3271 D Sensorhubs: readContextData: 1, 1, 26, 1, 0, -21, -80, 14, 1, 1
01-05 23:17:27.571  3756 15388 W AppOps  : Finishing op nesting under-run: uid 10160 pkg com.samsung.android.snote code 64 time=0 duration=0 nesting=0
01-05 23:17:27.571  3641  3641 E Zygote  : v2
01-05 23:17:27.571  3641  3641 I libpersona: KNOX_SDCARD checking this for 10184
01-05 23:17:27.571  3641  3641 I libpersona: KNOX_SDCARD not a persona
01-05 23:17:27.572  5039  6413 D EPDG -- [MODEM]: message length is  9
01-05 23:17:27.572  5039  6413 D EPDG -- [MODEM]: countRead is 7 offset is 7remaining is 0
01-05 23:17:27.572  5039  6413 D EPDG -- EpdgIpcMessageFactory: ipcMainCmd: 8
01-05 23:17:27.572  5039  6413 D EPDG -- [UTILS]: isUSerBinary: true
01-05 23:17:27.572  5039  6413 D EPDG -- [RILRECEIVER]: [Rx]: Main: IPC_NET_CMD Sub: IPC_NET_REGIST
01-05 23:17:27.572  5039  6413 D EPDG -- [RILRECEIVER]: [Rx]: Param: FF 03 
01-05 23:17:27.573  5039  6413 I EPDG -- [RILRECEIVER]: RX [NET_REGIST] -- RESPONSE -- EPDG AVAILABLE
01-05 23:17:27.573  5039  6413 D EPDG -- [NETIPCMESSAGE]: encodeNetRegist
01-05 23:17:27.573  5039  6413 D EPDG -- [UTILS]: isUSerBinary: true
01-05 23:17:27.573  3756  3804 W PackageManager: Failed to find settings for com.sololearn.ruby
01-05 23:17:27.573  5039  6413 D EPDG -- [IPCDISPATCHER]: [Tx]: Main: IPC_NET_CMD Sub: IPC_NET_REGIST Cmd Type: IPC_CMD_RESP
01-05 23:17:27.573  3641  3641 E Zygote  : accessInfo : 0
01-05 23:17:27.573  5039  6413 D EPDG -- [IPCDISPATCHER]: [Tx]: Param: 30 03 02 00 00 00 00 00 00 00 00 00 00 
01-05 23:17:27.573  5039  6413 D EPDG -- [MODEM]: EpdgModem instance already exists !
01-05 23:17:27.574  5039  6411 D EPDG -- [MODEM]: Successfully written to RIL
01-05 23:17:27.574  3756  4417 I WindowManager: Ignoring HOME; down is not pressed.
01-05 23:17:27.574  3756  4368 D SensorHubManager: onGetSensorHubDataLocked: library(10) = 1, 1, 26, 1, 0, -21, -80, 14, 1, 1
01-05 23:17:27.574  3756  4367 D CAE     : onGetSensorHubData(SensorHubParserProvider.java:94) - onGetSensorHubData Event [event buffer len :10], AP_WAKEUP
01-05 23:17:27.574  3756  3638 D MISC PowerHAL: sysfs_write +: /sys/class/input/event2/device/enabled: 1
01-05 23:17:27.574  3756  4367 I CAE     : parse(SensorHubParserProvider.java:196) - buffer size = 10
01-05 23:17:27.574  3756  3638 D MISC PowerHAL: sysfs_write -: /sys/class/input/event2/device/enabled: 1
01-05 23:17:27.575  3756  4367 I CAE     : parse(SensorHubParserProvider.java:207) - 1, 1, 26, 1, 0, -21, -80, 14, 1, 1,
01-05 23:17:27.575  3641  3641 W SELinux : SELinux selinux_android_compute_policy_index : Policy Index[2],  Con:u:r:zygote:s0 RAM:SEPF_SECMOBILE_7.0_0009, [-1 -1 -1 -1 0 1]
01-05 23:17:27.575  3756  3782 I ActivityManager: Start proc 3641:com.sec.android.daemonapp/u0a184 for broadcast com.sec.android.daemonapp/com.samsung.android.weather.daemon.receiver.AutoRefreshReceiver
01-05 23:17:27.575  5039  5662 D EPDG -- [EPDGService]: Event received: RIL_EPDG_STATUS_QUERY
01-05 23:17:27.575  5039  5662 D EPDG -- [EPDGService]: handleMessage: cid - 2
01-05 23:17:27.575  3756  3640 D MISC PowerHAL: sysfs_write +: /sys/class/input/event1/device/enabled: 1
01-05 23:17:27.577  3756  3756 W CAE     : getContextInfo(ContextAwareService.java:522) - [getContext 02] Mutex is unlocked for ACTIVITY_TRACKER_CURRENT_INFO
01-05 23:17:27.577  3756  3756 D SemContextService: requestToUpdate() : service = Activity Tracker
01-05 23:17:27.577  3756  3756 D SemContextManager:   .requestToUpdate : listener = android.hardware.scontext.SContextManager$SContextListenerDelegate@e12fdb3, service=Activity Tracker
01-05 23:17:27.578  3641  3641 I SELinux : SELinux: seapp_context_lookup: seinfo=platform, level=s0:c512,c768, pkgname=com.sec.android.daemonapp 
01-05 23:17:27.579  3756  4367 D CAE     : display(ContextProvider.java:375) - ================= ACTIVITY_TRACKER =================
01-05 23:17:27.579  3756  4465 D BigDataItemCURR: analyze kernel wifi wakelock 
01-05 23:17:27.579  3756  4367 I CAE     : display(ContextProvider.java:391) - Accuracy=[1], OperationMode=[0], ActivityType=[1], TimeStamp=[1546748246030]
01-05 23:17:27.580 27693 27693 W Finsky  : [1] com.google.android.finsky.ey.b.a(15): Failed to get status for package 'com.sololearn.ruby' (1601)
01-05 23:17:27.580 27693 27693 E Finsky  : [1] com.google.android.finsky.ey.b.a(28): Error getting stats
01-05 23:17:27.581  3756 15388 D InputTransport: Input channel destroyed: fd=515
01-05 23:17:27.582  3756  3756 D TelephonyManager: getCellLocation : Caller (PID / UID / TID): 3756 / 1000 / 3756
01-05 23:17:27.582  3756  4370 D SemContextService: updateContext() : event = Activity Tracker
01-05 23:17:27.582  3756  4457 D WindowManager: finishDrawingWindow: Window{4277d99d0 u0 StatusBar} mDrawState=DRAW_PENDING
01-05 23:17:27.584  4622  4622 I ViewCaptureUtil: Capture the lockscreen
01-05 23:17:27.590  3228  3271 D Sensorhubs: readContextData: 1, 1, 26, 1, 0, -21, -80, 14, 1, 1
01-05 23:17:27.590 29116 29116 D InputTransport: Input channel destroyed: fd=61
01-05 23:17:27.590  3756  4368 D SensorHubManager: onGetSensorHubDataLocked: library(10) = 1, 1, 26, 1, 0, -21, -80, 14, 1, 1
01-05 23:17:27.591  4622  4814 D NetworkController.MobileSignalController(0/1): callState:0, callStateByPhone:false voLTECall:false voiceNetTpe:13 dataNetType:13, ine911:false, emergencyCallbackMode:false
01-05 23:17:27.591  3756  4367 D CAE     : onGetSensorHubData(SensorHubParserProvider.java:94) - onGetSensorHubData Event [event buffer len :10], AP_WAKEUP
01-05 23:17:27.591  3756  4367 I CAE     : parse(SensorHubParserProvider.java:196) - buffer size = 10
01-05 23:17:27.592  3756  4367 I CAE     : parse(SensorHubParserProvider.java:207) - 1, 1, 26, 1, 0, -21, -80, 14, 1, 1,
01-05 23:17:27.597  3756  4367 D CAE     : display(ContextProvider.java:375) - ================= ACTIVITY_TRACKER =================
01-05 23:17:27.598  3756  4367 I CAE     : display(ContextProvider.java:391) - Accuracy=[1], OperationMode=[0], ActivityType=[1], TimeStamp=[1546748246030]
01-05 23:17:27.598  3756  4370 D SemContextService: updateContext() : event = Activity Tracker
01-05 23:17:27.603 29116 29116 D InstantMemo_Service: onDestroy()
01-05 23:17:27.604  3756  3783 W CAE     : setCAProperty(ContextAwareService.java:589) - [setProperty 01] Mutex is locked for AUTO_ROTATION
01-05 23:17:27.605  3756  3783 I CAE     : setPropertyValue(AutoRotationRunner.java:119) - Device Type = 0.0
01-05 23:17:27.606  3756  3783 I CAE     : setCAProperty(ContextAwareService.java:594) - result : true
01-05 23:17:27.608  3756  3756 D TelephonyManager: getCellLocation : Caller (PID / UID / TID): 3756 / 1000 / 3756
01-05 23:17:27.609  3756  3783 W CAE     : setCAProperty(ContextAwareService.java:595) - [setProperty 02] Mutex is unlocked for AUTO_ROTATION
01-05 23:17:27.610  3756  3783 W CAE     : registerCallback(ContextAwareService.java:155) - [regi 01] Mutex is locked for AUTO_ROTATION
01-05 23:17:27.613  5039  6413 D EPDG -- [MODEM]: message length is  9
01-05 23:17:27.613  5039  6413 D EPDG -- [MODEM]: countRead is 7 offset is 7remaining is 0
01-05 23:17:27.613  5039  6413 D EPDG -- EpdgIpcMessageFactory: ipcMainCmd: 8
01-05 23:17:27.613  5039  6413 D EPDG -- [UTILS]: isUSerBinary: true
01-05 23:17:27.614  5039  6413 D EPDG -- [RILRECEIVER]: [Rx]: Main: IPC_NET_CMD Sub: IPC_NET_REGIST
01-05 23:17:27.614  5039  6413 D EPDG -- [RILRECEIVER]: [Rx]: Param: FF 03 
01-05 23:17:27.614  5039  6413 I EPDG -- [RILRECEIVER]: RX [NET_REGIST] -- RESPONSE -- EPDG AVAILABLE
01-05 23:17:27.614  5039  6413 D EPDG -- [NETIPCMESSAGE]: encodeNetRegist
01-05 23:17:27.614  5039  6413 D EPDG -- [UTILS]: isUSerBinary: true
01-05 23:17:27.615  3756  3756 I FingerprintService: handleAcquired : acquiredInfo=10001
01-05 23:17:27.615  5039  6413 D EPDG -- [IPCDISPATCHER]: [Tx]: Main: IPC_NET_CMD Sub: IPC_NET_REGIST Cmd Type: IPC_CMD_RESP
01-05 23:17:27.615  5039  6413 D EPDG -- [IPCDISPATCHER]: [Tx]: Param: 30 03 02 00 00 00 00 00 00 00 00 00 00 
01-05 23:17:27.615  3756  3783 V CAE     : start(ContextProvider.java:128)
01-05 23:17:27.615  5039  6413 D EPDG -- [MODEM]: EpdgModem instance already exists !
01-05 23:17:27.616  5039  6411 D EPDG -- [MODEM]: Successfully written to RIL
01-05 23:17:27.616  5039  5662 D EPDG -- [EPDGService]: Event received: RIL_EPDG_STATUS_QUERY
01-05 23:17:27.617  5039  5662 D EPDG -- [EPDGService]: handleMessage: cid - 2
01-05 23:17:27.621  1979  2002 D VolumeInfo: VolumeInfo from Parcel: id private ,type 1 ,disk null
01-05 23:17:27.621  1979  2002 D VolumeInfo: VolumeInfo from Parcel: id emulated ,type 2 ,disk null
01-05 23:17:27.621  3756  3756 D SemContextManager: onSemContextChanged() : event = Activity Tracker
01-05 23:17:27.621  3756  3756 D SemContextManager: onSemContextChanged() : event = Activity Tracker
01-05 23:17:27.621  3756  3756 D SContextManager: onSContextChanged() : event = Activity Tracker
01-05 23:17:27.621  3756  3756 D WifiService: onSContextChanged(): status - 1, mPrevActivityStatus - -1, accuracy - 1
01-05 23:17:27.621  3756  3756 D WifiStateMachine: setActivityStatus() : status - 1
01-05 23:17:27.622  3756  3756 D SContextManager: onSContextChanged() : event = Activity Tracker
01-05 23:17:27.622  3756  3756 D WifiService: onSContextChanged(): status - 1, mPrevActivityStatus - 1, accuracy - 1
01-05 23:17:27.622  3756  3783 V CAE     : clear(AutoRotationRunner.java:182)
01-05 23:17:27.623  3756  3783 V CAE     : enable(AutoRotationRunner.java:158)
01-05 23:17:27.624  1979  2003 D VolumeInfo: VolumeInfo from Parcel: id private ,type 1 ,disk null
01-05 23:17:27.624  1979  2003 D VolumeInfo: VolumeInfo from Parcel: id emulated ,type 2 ,disk null
01-05 23:17:27.624  3756  3783 I CAE     : sendCmdToSensorHub(SensorHubCommManager.java:162) - -79, 7, 0, 0,
01-05 23:17:27.625  3756  3783 D SensorHubManager: SendSensorHubData: send data = -79, 7, 0, 0
01-05 23:17:27.625  3228  3228 D Sensorhubs: sendContextData: -79, 7, 0, 0
01-05 23:17:27.625 29116 29116 E SpenGLInView: setPageDoc is closed
01-05 23:17:27.625 29116 29116 D SPen_Library: GLCanvas static jboolean SPen::GLCanvasGlue::setPageDoc(JNIEnv*, jclass, jlong, jobject, jboolean) canvas = -596414832 pageDoc = 0 isUpdate = false
01-05 23:17:27.625 29116 29116 E SPen_Library: virtual bool SPen::WorkerThreadImpl::WaitForExecution(). Worker is on pause (Queued task: 0). No task executed executed.
01-05 23:17:27.625 29116 29116 D spe_log : static void SPen::BitmapGL::destroyGLBitmap(SPen::BitmapGL*) bitmap is null
01-05 23:17:27.625 29116 29116 D spe_log : static void SPen::BitmapGL::destroyGLBitmap(SPen::BitmapGL*) bitmap is null
01-05 23:17:27.625 29116 29116 D SPen_Library: SetPageDoc: PageDoc is null..
01-05 23:17:27.626 29116 29116 D SPen_Library: GLCanvas static void SPen::GLCanvasGlue::finalize(JNIEnv*, jclass, jlong) canvas = -596414832
01-05 23:17:27.626 29116 29116 D SPen_Library: GLCanvas virtual void SPen::GLCanvas::ClearData()
01-05 23:17:27.626 29116 29116 E SPen_Library: virtual bool SPen::WorkerThreadImpl::WaitForExecution(). Worker is on pause (Queued task: 5). No task executed executed.
01-05 23:17:27.626 29116 29116 D SPen_Library: virtual SPen::WorkerThreadImpl::~WorkerThreadImpl() Cleanup
01-05 23:17:27.626 29116 29116 E SPen_Library: virtual bool SPen::WorkerThreadImpl::WaitForExecution(). Worker is on pause (Queued task: 0). No task executed executed.
01-05 23:17:27.626 29116 29116 E SPen_Library: virtual bool SPen::WorkerThreadImpl::WaitForExecution(). Worker is on pause (Queued task: 0). No task executed executed.
01-05 23:17:27.626 29116 29116 D spe_log : static void SPen::BitmapGL::destroyGLBitmap(SPen::BitmapGL*) bitmap is null
01-05 23:17:27.626 29116 29116 D spe_log : static void SPen::BitmapGL::destroyGLBitmap(SPen::BitmapGL*) bitmap is null
01-05 23:17:27.626 29116 29116 D SPen_Library: SetPageDoc: PageDoc is null..
01-05 23:17:27.626 29116 29116 D SPen_Library: virtual SPen::WorkerThreadImpl::~WorkerThreadImpl() Cleanup
01-05 23:17:27.628 29116 29116 D spe_log : static void SPen::BitmapGL::destroyGLBitmap(SPen::BitmapGL*) bitmap is null
01-05 23:17:27.628 29116 29116 D spe_log : static void SPen::BitmapGL::destroyGLBitmap(SPen::BitmapGL*) bitmap is null
01-05 23:17:27.628 29116 29116 D spe_log : static void SPen::BitmapGL::destroyGLBitmap(SPen::BitmapGL*) bitmap is null
01-05 23:17:27.628 29116 29116 D spe_log : static void SPen::BitmapGL::destroyGLBitmap(SPen::BitmapGL*) bitmap is null
01-05 23:17:27.628 29116 29116 D spe_log : static void SPen::BitmapGL::destroyGLBitmap(SPen::BitmapGL*) bitmap is null
01-05 23:17:27.628 29116 29116 D spe_log : static void SPen::BitmapGL::destroyGLBitmap(SPen::BitmapGL*) bitmap is null
01-05 23:17:27.628 29116 29116 D spe_log : static void SPen::BitmapGL::destroyGLBitmap(SPen::BitmapGL*) bitmap is null
01-05 23:17:27.628 29116 29116 D spe_log : static void SPen::BitmapGL::destroyGLBitmap(SPen::BitmapGL*) bitmap is null
01-05 23:17:27.628 29116 29116 D spe_log : static void SPen::BitmapGL::destroyGLBitmap(SPen::BitmapGL*) bitmap is null
01-05 23:17:27.629 29116 29116 D spe_log : static void SPen::BitmapGL::destroyGLBitmap(SPen::BitmapGL*) bitmap is null
01-05 23:17:27.629 29116 29116 D spe_log : static void SPen::BitmapGL::destroyGLBitmap(SPen::BitmapGL*) bitmap is null
01-05 23:17:27.629 29116 29116 D spe_log : static void SPen::BitmapGL::destroyGLBitmap(SPen::BitmapGL*) bitmap is null
01-05 23:17:27.629 29116 29116 D spe_log : -----  SPen::PageEffectManager::~PageEffectManager()
01-05 23:17:27.629 29116 29116 D spe_log : ----- void SPen::PageEffectManager::destroyEffect()
01-05 23:17:27.629 29116 29116 E SPen_Library: virtual bool SPen::WorkerThreadImpl::WaitForExecution(). Worker is on pause (Queued task: 10). No task executed executed.
01-05 23:17:27.629 29116 29116 D SPen_Library: TextView SPen::TextView::~TextView()
01-05 23:17:27.629 29116 29116 D SPen_Library: TextDrawing SPen::TextDrawing::~TextDrawing()
01-05 23:17:27.630 29116 29116 D SPen_Library: TextView SPen::TextView::~TextView()
01-05 23:17:27.630 29116 29116 D SPen_Library: TextDrawing SPen::TextDrawing::~TextDrawing()
01-05 23:17:27.630 29116 29116 D SPen_Library: TextView SPen::TextView::~TextView()
01-05 23:17:27.630 29116 29116 D SPen_Library: TextDrawing SPen::TextDrawing::~TextDrawing()
01-05 23:17:27.630 29116 29116 D SPen_Library: TextView SPen::TextView::~TextView()
01-05 23:17:27.630 29116 29116 D SPen_Library: TextDrawing SPen::TextDrawing::~TextDrawing()
01-05 23:17:27.631 29116 29116 I PluginManager: unloadPlugin()
01-05 23:17:27.631 29116 29116 I PluginManager: InkPen
01-05 23:17:27.631 29116 29116 D SPen_Library: InkPenSkia virtual SPen::InkPenSkia::~InkPenSkia()
01-05 23:17:27.632 29116 29116 I PluginManager: unloadPlugin() is completed
01-05 23:17:27.632  3756  7017 D CompatibilityInfo: mCompatibilityFlags - 0
01-05 23:17:27.632  3756  7017 D CompatibilityInfo: applicationDensity - 420
01-05 23:17:27.632  3756  7017 D CompatibilityInfo: applicationScale - 1.0
01-05 23:17:27.632 29116 29116 D SPen_Library: virtual SPen::WorkerThreadImpl::~WorkerThreadImpl() Cleanup
01-05 23:17:27.632 29116 29116 D SPen_Library: void SPen::ShaderManager::CheckEmpty() All shaders was cleaned
01-05 23:17:27.632 29116 29116 D SPen_Library: Canvas virtual void SPen::GLCanvas::ClearData() completed
01-05 23:17:27.634  3756 10129 I NotificationService: cancelToast pkg=com.samsung.android.snote callback=android.app.ITransientNotification$Stub$Proxy@e7e5145
01-05 23:17:27.634  3756 10129 W NotificationService: Toast already cancelled. pkg=com.samsung.android.snote callback=android.app.ITransientNotification$Stub$Proxy@e7e5145
01-05 23:17:27.635  4622  4622 D KeyguardFingerPrint: onAuthenticationAcquired() = 10001
01-05 23:17:27.635  4622  4622 D KeyguardFingerPrint: fingerprint applyBooster
01-05 23:17:27.635 29116 29116 V ZoomPad : stop
01-05 23:17:27.635 29116 29116 V ZoomPad : syn close
01-05 23:17:27.647  3756 22251 I Sensors : Acc old sensor_state 129, new sensor_state : 128 en : 0
01-05 23:17:27.649  3756  3783 D CAE     : getFaultDetectionResult(AutoRotationRunner.java:195) - true
01-05 23:17:27.649  3756  3783 I CAE     : notifyCmdProcessResultObserver(ContextProvider.java:627) - CheckResult = 0, Cause = Success
01-05 23:17:27.651  3756  3804 W PackageManager: Failed to find settings for com.tivophone.android
01-05 23:17:27.654  3756 22256 D PowerManagerService: [api] [s] userActivity : event: 0 flags: 0 (uid: 10055 pid: 4622) eventTime = 14767837
01-05 23:17:27.655 29116 29116 D SensorManager: unregisterListener ::   
01-05 23:17:27.655 29116 29116 D InstantMemo_Service: onDestroy() - end
01-05 23:17:27.655 27693 27693 W Finsky  : [1] com.google.android.finsky.ey.b.a(15): Failed to get status for package 'com.tivophone.android' (1601)
01-05 23:17:27.656 27693 27693 E Finsky  : [1] com.google.android.finsky.ey.b.a(28): Error getting stats
01-05 23:17:27.657  3756  3804 W PackageManager: Failed to find settings for com.stackexchange.stackoverflow
01-05 23:17:27.657  3756  3769 I ActivityManager: Killing 29116:com.samsung.android.snote:instantMemo/u0a160 (adj 906): DHA:empty #31
01-05 23:17:27.658  3641  3641 D TimaKeyStoreProvider: TimaKeyStore is not enabled: cannot add TimaSignature Service and generateKeyPair Service
01-05 23:17:27.659  3756  3804 W PackageManager: Failed to find settings for com.optimesoftware.checkers.free
01-05 23:17:27.659 27693 27693 W Finsky  : [1] com.google.android.finsky.ey.b.a(15): Failed to get status for package 'com.stackexchange.stackoverflow' (1601)
01-05 23:17:27.659 27693 27693 E Finsky  : [1] com.google.android.finsky.ey.b.a(28): Error getting stats
01-05 23:17:27.661  3756  3783 D CAE     : doCommendProcess(ContextAwareService.java:444) - complete notify the operation result.
01-05 23:17:27.662  3756  3804 W PackageManager: Failed to find settings for com.saiuniversalbookstore.tcpip
01-05 23:17:27.662  3756  3804 W PackageManager: Failed to find settings for com.blizzard.wtcg.hearthstone
01-05 23:17:27.662  3756  3804 W PackageManager: Failed to find settings for com.blackboard.android.bbstudent
01-05 23:17:27.662  3756  3804 W PackageManager: Failed to find settings for org.nada.mobile.vinscan
01-05 23:17:27.663  3756 10130 D CompatibilityInfo: mCompatibilityFlags - 0
01-05 23:17:27.663  3756 10130 D CompatibilityInfo: applicationDensity - 420
01-05 23:17:27.663  3756 10130 D CompatibilityInfo: applicationScale - 1.0
01-05 23:17:27.663  3756 10130 I ActivityManager: DSS on for com.sec.android.daemonapp and scale is 1.0
01-05 23:17:27.665  3445  3471 D UE4     : [2019.01.06-04.17.27:665][  0]LogNetVersion: StackerGame 1.0.0, NetCL: 4541578, EngineNetVer: 5, GameNetVer: 0 (Checksum: 1419414380)
01-05 23:17:27.665  3756 10130 D CompatibilityInfo: mCompatibilityFlags - 0
01-05 23:17:27.665  3756 10130 D CompatibilityInfo: applicationDensity - 420
01-05 23:17:27.665  3756 10130 D CompatibilityInfo: applicationScale - 1.0
01-05 23:17:27.669  3756  3783 I CAE     : displayUsedCountForService(ContextAwareService.java:536) - totalCnt = 1, serviceCount = 1, subCollectionCount = 0
01-05 23:17:27.670  3756 10130 D CompatibilityInfo: mCompatibilityFlags - 0
01-05 23:17:27.670  3756  3783 D CAE     : showListenerList(ContextAwareService.java:377) - ===== Context Aware Service List =====
01-05 23:17:27.671  3756 10130 D CompatibilityInfo: applicationDensity - 420
01-05 23:17:27.671  3756 10130 D CompatibilityInfo: applicationScale - 1.0
01-05 23:17:27.671  3756  3783 I CAE     : showListenerList(ContextAwareService.java:386) - Listener : com.samsung.android.contextaware.manager.ContextAwareService$Listener@377d4ed, Service : ACTIVITY_TRACKER_CURRENT_INFO(1)
01-05 23:17:27.673  3756  3783 I CAE     : showListenerList(ContextAwareService.java:386) - Listener : com.samsung.android.contextaware.manager.ContextAwareService$Listener@377d4ed, Service : ACTIVITY_TRACKER(1)
01-05 23:17:27.674  3756  3783 I CAE     : showListenerList(ContextAwareService.java:386) - Listener : com.samsung.android.contextaware.manager.ContextAwareService$Listener@a4be10e, Service : PEDOMETER(1)
01-05 23:17:27.676  3756  3783 I CAE     : showListenerList(ContextAwareService.java:386) - Listener : com.samsung.android.contextaware.manager.ContextAwareService$Listener@a4be10e, Service : PEDOMETER_CURRENT_INFO(1)
01-05 23:17:27.678  3267  3615 I tlc_communication: mcWaitNotification is completed;237
01-05 23:17:27.678  3267  3615 I TLC_BAUTH: Check the Trustlet return code is completed;1288
01-05 23:17:27.678  3267  3615 D bauth_FPBAuthService: check_opcode status = 2, opcode = 4, func_ret_val = 0, function_status = 1, timeout = -1
01-05 23:17:27.678  3267  3615 D bauth_FPBAuthService: FPBAuthService, 1191
01-05 23:17:27.678  3267  3615 D bauth_FPBAuthSensorControl: FPBAuthSensorControl, 432
01-05 23:17:27.678  3267  3615 D bauth_FPBAuthSensorControl: FPBAuthSensorControl, 390
01-05 23:17:27.678  3267  3615 D bauth_FPBAuthService: FPBAuthService, 1208
01-05 23:17:27.679 27693 27693 W Finsky  : [1] com.google.android.finsky.ey.b.a(15): Failed to get status for package 'com.optimesoftware.checkers.free' (1601)
01-05 23:17:27.680  3267  3615 D bauth_FPBAuthSensorControl: FPBAuthSensorControl, 552
01-05 23:17:27.680  3267  3615 D bauth_FPBAuthSensorControl: FPBAuthSensorControl, 474
01-05 23:17:27.680  3267  3615 D bauth_FPBAuthSensorControl: FPBAuthSensorControl, 390
01-05 23:17:27.680  3267  3615 D bauth_FPBAuthSensorControl: FPBAuthSensorControl, 432
01-05 23:17:27.680  3756  3783 I CAE     : showListenerList(ContextAwareService.java:386) - Listener : com.samsung.android.contextaware.manager.ContextAwareService$Listener@d091204, Service : ACTIVITY_TRACKER_BATCH(1)
01-05 23:17:27.680  3267  3615 D bauth_FPBAuthService: FPBAuthService, 1340
01-05 23:17:27.680  3267  3615 D bauth_FPBAuthService: FPBAuthService, 1351
