01-11 19:38:48.710  3757  4450 D ConnectivityService: filterNetworkStateForUid() uid: 10130 networkInfo: [type: WIFI[] - WIFI, state: CONNECTED/CONNECTED, reason: (unspecified), extra: "wilkinson2.4", failover: false, available: true, roaming: false, metered: false]
01-11 19:38:48.710  3757  4450 D ConnectivityService: filterNetworkStateForUid() uid: 10130 networkInfo: [type: WIFI[] - WIFI, state: CONNECTED/CONNECTED, reason: (unspecified), extra: "wilkinson2.4", failover: false, available: true, roaming: false, metered: false]
01-11 19:38:48.710  3757  4450 D ConnectivityService: filterNetworkStateForUid() uid: 10132 networkInfo: [type: WIFI[] - WIFI, state: CONNECTED/CONNECTED, reason: (unspecified), extra: "wilkinson2.4", failover: false, available: true, roaming: false, metered: false]
01-11 19:38:48.710  3757  4450 D ConnectivityService: filterNetworkStateForUid() uid: 10132 networkInfo: [type: WIFI[] - WIFI, state: CONNECTED/CONNECTED, reason: (unspecified), extra: "wilkinson2.4", failover: false, available: true, roaming: false, metered: false]
01-11 19:38:48.710  3757  4450 D ConnectivityService: filterNetworkStateForUid() uid: 10132 networkInfo: [type: WIFI[] - WIFI, state: CONNECTED/CONNECTED, reason: (unspecified), extra: "wilkinson2.4", failover: false, available: true, roaming: false, metered: false]
01-11 19:38:48.711  3757  4450 D ConnectivityService: filterNetworkStateForUid() uid: 10132 networkInfo: [type: WIFI[] - WIFI, state: CONNECTED/CONNECTED, reason: (unspecified), extra: "wilkinson2.4", failover: false, available: true, roaming: false, metered: false]
01-11 19:38:48.711  3757  4450 D ConnectivityService: filterNetworkStateForUid() uid: 1000 networkInfo: [type: WIFI[] - WIFI, state: CONNECTED/CONNECTED, reason: (unspecified), extra: "wilkinson2.4", failover: false, available: true, roaming: false, metered: false]
01-11 19:38:48.711 21742 23060 V SyncEngine: Sync iteration finished; result=SUCCESS
01-11 19:38:48.711  3757  4450 D ConnectivityService: filterNetworkStateForUid() uid: 1000 networkInfo: [type: WIFI[] - WIFI, state: CONNECTED/CONNECTED, reason: (unspecified), extra: "wilkinson2.4", failover: false, available: true, roaming: false, metered: false]
01-11 19:38:48.711  3757  4450 D ConnectivityService: filterNetworkStateForUid() uid: 10062 networkInfo: [type: WIFI[] - WIFI, state: CONNECTED/CONNECTED, reason: (unspecified), extra: "wilkinson2.4", failover: false, available: true, roaming: false, metered: false]
01-11 19:38:48.711  3757  4450 D ConnectivityService: filterNetworkStateForUid() uid: 10062 networkInfo: [type: WIFI[] - WIFI, state: CONNECTED/CONNECTED, reason: (unspecified), extra: "wilkinson2.4", failover: false, available: true, roaming: false, metered: false]
01-11 19:38:48.712  3757  4450 D ConnectivityService: filterNetworkStateForUid() uid: 10258 networkInfo: [type: WIFI[] - WIFI, state: CONNECTED/CONNECTED, reason: (unspecified), extra: "wilkinson2.4", failover: false, available: true, roaming: false, metered: false]
01-11 19:38:48.712  3757  4450 D ConnectivityService: filterNetworkStateForUid() uid: 10258 networkInfo: [type: WIFI[] - WIFI, state: CONNECTED/CONNECTED, reason: (unspecified), extra: "wilkinson2.4", failover: false, available: true, roaming: false, metered: false]
01-11 19:38:48.712  3757  4450 D ConnectivityService: filterNetworkStateForUid() uid: 10062 networkInfo: [type: WIFI[] - WIFI, state: CONNECTED/CONNECTED, reason: (unspecified), extra: "wilkinson2.4", failover: false, available: true, roaming: false, metered: false]
01-11 19:38:48.712  3757  4450 D ConnectivityService: filterNetworkStateForUid() uid: 1000 networkInfo: [type: WIFI[] - WIFI, state: CONNECTED/CONNECTED, reason: (unspecified), extra: "wilkinson2.4", failover: false, available: true, roaming: false, metered: false]
01-11 19:38:48.712  3757  4450 D ConnectivityService: filterNetworkStateForUid() uid: 10029 networkInfo: [type: WIFI[] - WIFI, state: CONNECTED/CONNECTED, reason: (unspecified), extra: "wilkinson2.4", failover: false, available: true, roaming: false, metered: false]
01-11 19:38:48.712  3757  4450 D ConnectivityService: filterNetworkStateForUid() uid: 5009 networkInfo: [type: WIFI[] - WIFI, state: CONNECTED/CONNECTED, reason: (unspecified), extra: "wilkinson2.4", failover: false, available: true, roaming: false, metered: false]
01-11 19:38:48.713  3757  4450 D ConnectivityService: filterNetworkStateForUid() uid: 1000 networkInfo: [type: WIFI[] - WIFI, state: CONNECTED/CONNECTED, reason: (unspecified), extra: "wilkinson2.4", failover: false, available: true, roaming: false, metered: false]
01-11 19:38:48.713  3757  4450 D ConnectivityService: filterNetworkStateForUid() uid: 10022 networkInfo: [type: WIFI[] - WIFI, state: CONNECTED/CONNECTED, reason: (unspecified), extra: "wilkinson2.4", failover: false, available: true, roaming: false, metered: false]
01-11 19:38:48.713  3757  4450 D ConnectivityService: filterNetworkStateForUid() uid: 10258 networkInfo: [type: WIFI[] - WIFI, state: CONNECTED/CONNECTED, reason: (unspecified), extra: "wilkinson2.4", failover: false, available: true, roaming: false, metered: false]
01-11 19:38:48.721  3757  3766 I art     : Background sticky concurrent mark sweep GC freed 155286(12MB) AllocSpace objects, 61(2MB) LOS objects, 15% free, 73MB/87MB, paused 4.058ms total 283.842ms
01-11 19:38:48.765  3757  3757 D SamsungAlarmManager: setInexact Listener (T:2/F:0/AC:false) 20190111T194242 - CU:1000/CP:3757
01-11 19:38:48.775  3757  3757 D SamsungAlarmManager: setInexact Listener (T:2/F:0/AC:false) 20190111T194332 - CU:1000/CP:3757
01-11 19:38:48.793  3757  3757 D CompatibilityInfo: mCompatibilityFlags - 0
01-11 19:38:48.793  3757  3757 D CompatibilityInfo: applicationDensity - 420
01-11 19:38:48.793  3757  3757 D CompatibilityInfo: applicationScale - 1.0
01-11 19:38:48.816  3757  2859 D ConnectivityService: filterNetworkStateForUid() uid: 10258 networkInfo: [type: WIFI[] - WIFI, state: CONNECTED/CONNECTED, reason: (unspecified), extra: "wilkinson2.4", failover: false, available: true, roaming: false, metered: false]
01-11 19:38:48.816  3757  2859 D ConnectivityService: Returning unblocked NetworkInfo to uid=10258
01-11 19:38:48.818  3757 29841 D ConnectivityService: filterNetworkStateForUid() uid: 10258 networkInfo: [type: WIFI[] - WIFI, state: CONNECTED/CONNECTED, reason: (unspecified), extra: "wilkinson2.4", failover: false, available: true, roaming: false, metered: false]
01-11 19:38:48.823 21742 23060 V PRNGFixes: 2019-01-12 00:38:48-cf3fb49f-6e07-40c8-a0bc-77256e075a0d-No need to apply the fix ver:1.13.3
01-11 19:38:48.825 21742 23060 V PRNGFixes: 2019-01-12 00:38:48-cf3fb49f-6e07-40c8-a0bc-77256e075a0d-No need to apply the fix ver:1.13.3
01-11 19:38:48.829 21742 23060 V BrokerProxy: 2019-01-12 00:38:48-cf3fb49f-6e07-40c8-a0bc-77256e075a0d-Device runs on 23 and above, skip the check for 22 and below. ver:1.13.3
01-11 19:38:48.834 21742 23060 V AcquireTokenRequest: 2019-01-12 00:38:48-b53a2b9f-8dad-4100-9add-7ba70cdfe0ac-Sending async task from thread:23060 ver:1.13.3
01-11 19:38:48.836 21742 21932 V AcquireTokenRequest: 2019-01-12 00:38:48-b53a2b9f-8dad-4100-9add-7ba70cdfe0ac-Running task in thread:21932 ver:1.13.3
01-11 19:38:48.838 21742 21932 V AcquireTokenRequest: 2019-01-12 00:38:48-b53a2b9f-8dad-4100-9add-7ba70cdfe0ac-Start validating authority ver:1.13.3
01-11 19:38:48.839  3757  5901 D ConnectivityService: filterNetworkStateForUid() uid: 10258 networkInfo: [type: WIFI[] - WIFI, state: CONNECTED/CONNECTED, reason: (unspecified), extra: "wilkinson2.4", failover: false, available: true, roaming: false, metered: false]
01-11 19:38:48.843 21742 21932 V Discovery: 2019-01-12 00:38:48-b53a2b9f-8dad-4100-9add-7ba70cdfe0ac-Sending discovery request to:https://login.windows.net/common/discovery/instance?api-version=1.1&authorization_endpoint=https%3A%2F%2Flogin.windows.net%2F%252Fcommon%252Foauth2%252Fauthorize ver:1.13.3
01-11 19:38:48.846 21742 21932 V WebRequestHandler: 2019-01-12 00:38:48-b53a2b9f-8dad-4100-9add-7ba70cdfe0ac-WebRequestHandler thread21932 ver:1.13.3
01-11 19:38:48.848 21742 21932 V HttpWebRequest: 2019-01-12 00:38:48-b53a2b9f-8dad-4100-9add-7ba70cdfe0ac-HttpWebRequest send thread:21932 ver:1.13.3
01-11 19:38:48.849 21742 21932 V HttpWebRequest: 2019-01-12 00:38:48-b53a2b9f-8dad-4100-9add-7ba70cdfe0ac-HttpWebRequest setupConnection thread:21932 ver:1.13.3
01-11 19:38:48.851 21742 21932 V HttpWebRequest: 2019-01-12 00:38:48-b53a2b9f-8dad-4100-9add-7ba70cdfe0ac-Setting header: x-client-Ver ver:1.13.3
01-11 19:38:48.853 21742 21932 V HttpWebRequest: 2019-01-12 00:38:48-b53a2b9f-8dad-4100-9add-7ba70cdfe0ac-Setting header: return-client-request-id ver:1.13.3
01-11 19:38:48.854 21742 21932 V HttpWebRequest: 2019-01-12 00:38:48-b53a2b9f-8dad-4100-9add-7ba70cdfe0ac-Setting header: Host ver:1.13.3
01-11 19:38:48.856 21742 21932 V HttpWebRequest: 2019-01-12 00:38:48-b53a2b9f-8dad-4100-9add-7ba70cdfe0ac-Setting header: x-client-DM ver:1.13.3
01-11 19:38:48.857 21742 21932 V HttpWebRequest: 2019-01-12 00:38:48-b53a2b9f-8dad-4100-9add-7ba70cdfe0ac-Setting header: x-client-OS ver:1.13.3
01-11 19:38:48.859 21742 21932 V HttpWebRequest: 2019-01-12 00:38:48-b53a2b9f-8dad-4100-9add-7ba70cdfe0ac-Setting header: Accept ver:1.13.3
01-11 19:38:48.860 21742 21932 V HttpWebRequest: 2019-01-12 00:38:48-b53a2b9f-8dad-4100-9add-7ba70cdfe0ac-Setting header: x-client-SKU ver:1.13.3
01-11 19:38:48.861 21742 21932 V HttpWebRequest: 2019-01-12 00:38:48-b53a2b9f-8dad-4100-9add-7ba70cdfe0ac-Setting header: client-request-id ver:1.13.3
01-11 19:38:48.864 21742 21932 I System.out: (HTTPLog)-Static: isSBSettingEnabled false
01-11 19:38:48.864 21742 21932 I System.out: (HTTPLog)-Static: isSBSettingEnabled false
01-11 19:38:48.866  3252  3746 D EnterpriseController: netId is 0
01-11 19:38:48.867  3252  3746 D Netd    : getNetworkForDns: using netid 555 for uid 10258
01-11 19:38:48.867  3252  3746 D DnsProxyListener: DNSDBG::dns addrinfo af 0
01-11 19:38:49.127 21742 21892 I System.out: (HTTPLog)-Static: isSBSettingEnabled false
01-11 19:38:49.128 21742 21892 I System.out: (HTTPLog)-Static: isSBSettingEnabled false
01-11 19:38:49.130  3252  3746 D EnterpriseController: netId is 0
01-11 19:38:49.130  3252  3746 D Netd    : getNetworkForDns: using netid 555 for uid 10258
01-11 19:38:49.130  3252  3746 D DnsProxyListener: DNSDBG::dns addrinfo af 0
01-11 19:38:49.254  4616  4823 D NetworkController.MobileSignalController(0/1): onSignalStrengthsChanged signalStrength=SignalStrength: 99 99 -120 -160 -120 -1 -1 13 -121 -14 0 2147483647 2147483647 0x1000 gsm|lte level=1
01-11 19:38:49.254  4616  4823 D NetworkController.MobileSignalController(0/1): getMobileIconGroup(): 13
01-11 19:38:49.254  4616  4823 D NetworkController.MobileSignalController(0/1): updateVZWMobileIconGroup(): 13
01-11 19:38:49.260  5035  5670 D EPDG -- [SMARTWIFI]: onSignalStrengthsChanged: Received signal strength change, phone type is: 2
01-11 19:38:49.261  5035  6446 D EPDG -- [SMARTWIFI]: lastLteRSRP is -120currentLteRSRP is -121
01-11 19:38:49.261  5035  6446 D EPDG -- [SMARTWIFI]: lastLteRSRQ is -14currentLteRSRQ is -14
01-11 19:38:49.261  5035  6446 D EPDG -- [SMARTWIFI]: lastCdmaDb is -16currentCdmaDb is -16
01-11 19:38:49.261  5035  6446 V EPDG -- [SMARTWIFI]: Radio oldest entry removed
01-11 19:38:49.261  5035  6446 V EPDG -- [SMARTWIFI]: New entry : (SignalStrength: 99 99 -120 -160 -120 -1 -1 13 -121 -14 0 2147483647 2147483647 0x1000 gsm|lte : 0 )
01-11 19:38:49.261  5035  6446 V EPDG -- [SMARTWIFI]: Radio entry added
01-11 19:38:49.261  4616  4823 D NetworkController.MobileSignalController(0/1): callState:0, callStateByPhone:false voLTECall:false voiceNetTpe:13 dataNetType:13, ine911:false, emergencyCallbackMode:false
01-11 19:38:49.339 21742 21932 V HttpWebRequest: 2019-01-12 00:38:49-b53a2b9f-8dad-4100-9add-7ba70cdfe0ac-Response is received ver:1.13.3
01-11 19:38:49.346 21742 21932 V AcquireTokenRequest: 2019-01-12 00:38:49-b53a2b9f-8dad-4100-9add-7ba70cdfe0ac-The passed in authority is valid. ver:1.13.3
01-11 19:38:49.370 21742 21932 V BrokerProxy: 2019-01-12 00:38:49-b53a2b9f-8dad-4100-9add-7ba70cdfe0ac-Broker auth is turned off or no valid broker is available on the device, cannot switch to broker. ver:1.13.3
01-11 19:38:49.381 21742 21932 V AcquireTokenRequest: 2019-01-12 00:38:49-b53a2b9f-8dad-4100-9add-7ba70cdfe0ac-Try to acquire token silently, return valid AT or use RT in the cache. ver:1.13.3
01-11 19:38:49.394 21742 21932 V AcquireTokenRequest: 2019-01-12 00:38:49-b53a2b9f-8dad-4100-9add-7ba70cdfe0ac-Try to silently get token from local cache. ver:1.13.3
01-11 19:38:49.410 21742 21932 V DefaultTokenCacheStore: 2019-01-12 00:38:49-b53a2b9f-8dad-4100-9add-7ba70cdfe0ac-Started to initialize storage helper ver:1.13.3
01-11 19:38:49.412 21742 21932 V DefaultTokenCacheStore: 2019-01-12 00:38:49-b53a2b9f-8dad-4100-9add-7ba70cdfe0ac-Finished to initialize storage helper ver:1.13.3
01-11 19:38:49.430 21742 21932 V StorageHelper: 2019-01-12 00:38:49-b53a2b9f-8dad-4100-9add-7ba70cdfe0ac-Starting decryption ver:1.13.3
01-11 19:38:49.443 21742 21932 V StorageHelper: 2019-01-12 00:38:49-b53a2b9f-8dad-4100-9add-7ba70cdfe0ac-Encrypt version:U001 ver:1.13.3
01-11 19:38:49.475 21742 21932 V StorageHelper: 2019-01-12 00:38:49-b53a2b9f-8dad-4100-9add-7ba70cdfe0ac-Finished decryption ver:1.13.3
01-11 19:38:49.479 21742 21892 D AfdFeatureManager: AFD features: [oursv8151, ouzer6331, ousid5171, oufre7781, ouatt1140, oubad6821, ousso3781, ouand3931, ouinl6531, tabletdev, groupcreatefollowininboxon, groupcardfilesandroid, ouand6811, 3smopccserver-local, ouena9771, circleadimages, ouand3701, ouand8381cf, addinsmainfeatureflags, ouand1701, oucon6171]
01-11 19:38:49.488 21742 21892 D AfdFeatureManager: AFD configs: {OutlookMobile=rsvpToMeetingRequestWithMessage=true,rsvpToMeetingWithMessage=true,zeroQueryTodaySection=true,sidebarV2=true,conversationV3=true,freeBusyMeetingSupport=true,attachmentImageCompression=true,badgeCount=true,ssoAddAccountsGoogle=true,androidSearchTab=true,androidZeroQueryTodaySection=true,topContactsLive=true,inlineCalendarAttachmentsDisplay=true,androidTabletSplitCalendar=true,groupCreateFollowInInboxOn=true,groupCardFiles=true,androidContactPhotoSync=true,enable3SQueryMOPCC=true,androidUseJobCreatorForLocalContactsSync=true,enable3SQFv2=true,NativeAdsCircleCropImages=true,androidOreoNotificationChannels=true,androidPowerliftUseBigChunks=false,addinsBasic=true,addinsOutlookDotCom=true,androidIconicSync=true,contactSyncJobGuardFix=true}
01-11 19:38:49.494 21742 21892 I AfdFeatureManager: AFD feature rsvpToMeetingRequestWithMessage:true
01-11 19:38:49.499 21742 21932 V TokenCacheItem: 2019-01-12 00:38:49-b53a2b9f-8dad-4100-9add-7ba70cdfe0ac-expiresOn:Fri Jan 11 20:28:30 EST 2019 timeWithBuffer:Fri Jan 11 20:22:49 EST 2019 Buffer:2640 ver:1.13.3
01-11 19:38:49.503 21742 21892 I AfdFeatureManager: AFD feature rsvpToMeetingWithMessage:true
01-11 19:38:49.505 21742 21892 I AfdFeatureManager: AFD feature zeroQueryTodaySection:true
01-11 19:38:49.506 21742 21892 I AfdFeatureManager: AFD feature sidebarV2:true
01-11 19:38:49.512 21742 21892 I AfdFeatureManager: AFD feature conversationV3:true
01-11 19:38:49.515 21742 21892 I AfdFeatureManager: AFD feature freeBusyMeetingSupport:true
01-11 19:38:49.517 21742 21932 V AcquireTokenSilentHandler: 2019-01-12 00:38:49-b53a2b9f-8dad-4100-9add-7ba70cdfe0ac-Return AT from cache. ver:1.13.3
01-11 19:38:49.525 21742 21892 I AfdFeatureManager: AFD feature attachmentImageCompression:true
01-11 19:38:49.527 21742 21892 I AfdFeatureManager: AFD feature badgeCount:true
01-11 19:38:49.528 21742 21892 I AfdFeatureManager: AFD feature ssoAddAccountsGoogle:true
01-11 19:38:49.534 21742 21932 V AcquireTokenRequest: 2019-01-12 00:38:49-b53a2b9f-8dad-4100-9add-7ba70cdfe0ac-Token is successfully returned from silent flow.  ver:1.13.3
01-11 19:38:49.538 21742 21892 I AfdFeatureManager: AFD feature androidSearchTab:true
01-11 19:38:49.540 21742 21892 I AfdFeatureManager: AFD feature androidZeroQueryTodaySection:true
01-11 19:38:49.550 21742 21892 I AfdFeatureManager: AFD feature topContactsLive:true
01-11 19:38:49.552 21742 21892 I AfdFeatureManager: AFD feature inlineCalendarAttachmentsDisplay:true
01-11 19:38:49.557 21742 23060 V PRNGFixes: 2019-01-12 00:38:49-b53a2b9f-8dad-4100-9add-7ba70cdfe0ac-No need to apply the fix ver:1.13.3
01-11 19:38:49.559 21742 23060 V PRNGFixes: 2019-01-12 00:38:49-b53a2b9f-8dad-4100-9add-7ba70cdfe0ac-No need to apply the fix ver:1.13.3
01-11 19:38:49.567 21742 21892 I AfdFeatureManager: AFD feature androidTabletSplitCalendar:true
01-11 19:38:49.568 21742 21892 I AfdFeatureManager: AFD feature groupCreateFollowInInboxOn:true
01-11 19:38:49.569 21742 21892 I AfdFeatureManager: AFD feature groupCardFiles:true
01-11 19:38:49.569 21742 21892 I AfdFeatureManager: AFD feature androidContactPhotoSync:true
01-11 19:38:49.570 21742 23060 V BrokerProxy: 2019-01-12 00:38:49-b53a2b9f-8dad-4100-9add-7ba70cdfe0ac-Device runs on 23 and above, skip the check for 22 and below. ver:1.13.3
01-11 19:38:49.570 21742 21892 I AfdFeatureManager: AFD feature enable3SQueryMOPCC:true
01-11 19:38:49.571 21742 21892 I AfdFeatureManager: AFD feature androidUseJobCreatorForLocalContactsSync:true
01-11 19:38:49.571 21742 21892 I AfdFeatureManager: AFD feature enable3SQFv2:true
01-11 19:38:49.571 21742 21892 I AfdFeatureManager: AFD feature NativeAdsCircleCropImages:true
01-11 19:38:49.573 21742 21892 I AfdFeatureManager: AFD feature androidOreoNotificationChannels:true
01-11 19:38:49.574 21742 21892 I AfdFeatureManager: AFD feature androidPowerliftUseBigChunks:false
01-11 19:38:49.574 21742 21892 I AfdFeatureManager: AFD feature addinsBasic:true
01-11 19:38:49.575 21742 21892 I AfdFeatureManager: AFD feature addinsOutlookDotCom:true
01-11 19:38:49.575 21742 23060 V AcquireTokenRequest: 2019-01-12 00:38:49-b8f0a7c9-a6d6-49e0-a47d-b5be2414df40-Sending async task from thread:23060 ver:1.13.3
01-11 19:38:49.576 21742 21892 I AfdFeatureManager: AFD feature androidIconicSync:true
01-11 19:38:49.576 21742 21892 I AfdFeatureManager: AFD feature contactSyncJobGuardFix:true
01-11 19:38:49.577 21742 21932 V AcquireTokenRequest: 2019-01-12 00:38:49-b8f0a7c9-a6d6-49e0-a47d-b5be2414df40-Running task in thread:21932 ver:1.13.3
01-11 19:38:49.583 21742 21932 V BrokerProxy: 2019-01-12 00:38:49-b8f0a7c9-a6d6-49e0-a47d-b5be2414df40-Broker auth is turned off or no valid broker is available on the device, cannot switch to broker. ver:1.13.3
01-11 19:38:49.585 21742 21932 V AcquireTokenRequest: 2019-01-12 00:38:49-b8f0a7c9-a6d6-49e0-a47d-b5be2414df40-Try to acquire token silently, return valid AT or use RT in the cache. ver:1.13.3
01-11 19:38:49.589 21742 21932 V AcquireTokenRequest: 2019-01-12 00:38:49-b8f0a7c9-a6d6-49e0-a47d-b5be2414df40-Try to silently get token from local cache. ver:1.13.3
01-11 19:38:49.592 21742 21932 V StorageHelper: 2019-01-12 00:38:49-b8f0a7c9-a6d6-49e0-a47d-b5be2414df40-Starting decryption ver:1.13.3
01-11 19:38:49.596 21742 21932 V StorageHelper: 2019-01-12 00:38:49-b8f0a7c9-a6d6-49e0-a47d-b5be2414df40-Encrypt version:U001 ver:1.13.3
01-11 19:38:49.598 21742 21932 V StorageHelper: 2019-01-12 00:38:49-b8f0a7c9-a6d6-49e0-a47d-b5be2414df40-Finished decryption ver:1.13.3
01-11 19:38:49.602 21742 21932 V TokenCacheItem: 2019-01-12 00:38:49-b8f0a7c9-a6d6-49e0-a47d-b5be2414df40-expiresOn:Fri Jan 11 20:28:31 EST 2019 timeWithBuffer:Fri Jan 11 20:22:49 EST 2019 Buffer:2640 ver:1.13.3
01-11 19:38:49.605 21742 21932 V AcquireTokenSilentHandler: 2019-01-12 00:38:49-b8f0a7c9-a6d6-49e0-a47d-b5be2414df40-Return AT from cache. ver:1.13.3
01-11 19:38:49.607 21742 21932 V AcquireTokenRequest: 2019-01-12 00:38:49-b8f0a7c9-a6d6-49e0-a47d-b5be2414df40-Token is successfully returned from silent flow.  ver:1.13.3
01-11 19:38:49.609 21742 23060 V PRNGFixes: 2019-01-12 00:38:49-b8f0a7c9-a6d6-49e0-a47d-b5be2414df40-No need to apply the fix ver:1.13.3
01-11 19:38:49.611 21742 23060 V PRNGFixes: 2019-01-12 00:38:49-b8f0a7c9-a6d6-49e0-a47d-b5be2414df40-No need to apply the fix ver:1.13.3
01-11 19:38:49.614 21742 23060 V BrokerProxy: 2019-01-12 00:38:49-b8f0a7c9-a6d6-49e0-a47d-b5be2414df40-Device runs on 23 and above, skip the check for 22 and below. ver:1.13.3
01-11 19:38:49.618 21742 23060 V AcquireTokenRequest: 2019-01-12 00:38:49-49b2cda4-057f-45e7-a57c-06f07218c0fd-Sending async task from thread:23060 ver:1.13.3
01-11 19:38:49.619 21742 21932 V AcquireTokenRequest: 2019-01-12 00:38:49-49b2cda4-057f-45e7-a57c-06f07218c0fd-Running task in thread:21932 ver:1.13.3
01-11 19:38:49.623 21742 21932 V BrokerProxy: 2019-01-12 00:38:49-49b2cda4-057f-45e7-a57c-06f07218c0fd-Broker auth is turned off or no valid broker is available on the device, cannot switch to broker. ver:1.13.3
01-11 19:38:49.624 21742 21932 V AcquireTokenRequest: 2019-01-12 00:38:49-49b2cda4-057f-45e7-a57c-06f07218c0fd-Try to acquire token silently, return valid AT or use RT in the cache. ver:1.13.3
01-11 19:38:49.626 21742 21932 V AcquireTokenRequest: 2019-01-12 00:38:49-49b2cda4-057f-45e7-a57c-06f07218c0fd-Try to silently get token from local cache. ver:1.13.3
01-11 19:38:49.628 21742 21932 V StorageHelper: 2019-01-12 00:38:49-49b2cda4-057f-45e7-a57c-06f07218c0fd-Starting decryption ver:1.13.3
01-11 19:38:49.629 21742 21932 V StorageHelper: 2019-01-12 00:38:49-49b2cda4-057f-45e7-a57c-06f07218c0fd-Encrypt version:U001 ver:1.13.3
01-11 19:38:49.632 21742 21932 V StorageHelper: 2019-01-12 00:38:49-49b2cda4-057f-45e7-a57c-06f07218c0fd-Finished decryption ver:1.13.3
01-11 19:38:49.635 21742 21932 V TokenCacheItem: 2019-01-12 00:38:49-49b2cda4-057f-45e7-a57c-06f07218c0fd-expiresOn:Fri Jan 11 20:28:31 EST 2019 timeWithBuffer:Fri Jan 11 20:22:49 EST 2019 Buffer:2640 ver:1.13.3
01-11 19:38:49.637 21742 21932 V AcquireTokenSilentHandler: 2019-01-12 00:38:49-49b2cda4-057f-45e7-a57c-06f07218c0fd-Return AT from cache. ver:1.13.3
01-11 19:38:49.639 21742 21932 V AcquireTokenRequest: 2019-01-12 00:38:49-49b2cda4-057f-45e7-a57c-06f07218c0fd-Token is successfully returned from silent flow.  ver:1.13.3
01-11 19:38:49.644 21742 23060 V PRNGFixes: 2019-01-12 00:38:49-49b2cda4-057f-45e7-a57c-06f07218c0fd-No need to apply the fix ver:1.13.3
01-11 19:38:49.646 21742 23060 V PRNGFixes: 2019-01-12 00:38:49-49b2cda4-057f-45e7-a57c-06f07218c0fd-No need to apply the fix ver:1.13.3
01-11 19:38:49.649 21742 23060 V BrokerProxy: 2019-01-12 00:38:49-49b2cda4-057f-45e7-a57c-06f07218c0fd-Device runs on 23 and above, skip the check for 22 and below. ver:1.13.3
01-11 19:38:49.652 21742 23060 V AcquireTokenRequest: 2019-01-12 00:38:49-0269d534-e3f0-4009-b7cd-2b2bd97d3dd0-Sending async task from thread:23060 ver:1.13.3
01-11 19:38:49.654 21742 21932 V AcquireTokenRequest: 2019-01-12 00:38:49-0269d534-e3f0-4009-b7cd-2b2bd97d3dd0-Running task in thread:21932 ver:1.13.3
01-11 19:38:49.659 21742 21932 V BrokerProxy: 2019-01-12 00:38:49-0269d534-e3f0-4009-b7cd-2b2bd97d3dd0-Broker auth is turned off or no valid broker is available on the device, cannot switch to broker. ver:1.13.3
01-11 19:38:49.660 21742 21932 V AcquireTokenRequest: 2019-01-12 00:38:49-0269d534-e3f0-4009-b7cd-2b2bd97d3dd0-Try to acquire token silently, return valid AT or use RT in the cache. ver:1.13.3
01-11 19:38:49.662 21742 21932 V AcquireTokenRequest: 2019-01-12 00:38:49-0269d534-e3f0-4009-b7cd-2b2bd97d3dd0-Try to silently get token from local cache. ver:1.13.3
01-11 19:38:49.676 21742 21932 V StorageHelper: 2019-01-12 00:38:49-0269d534-e3f0-4009-b7cd-2b2bd97d3dd0-Starting decryption ver:1.13.3
01-11 19:38:49.682 21742 21932 V StorageHelper: 2019-01-12 00:38:49-0269d534-e3f0-4009-b7cd-2b2bd97d3dd0-Encrypt version:U001 ver:1.13.3
01-11 19:38:49.685 21742 21932 V StorageHelper: 2019-01-12 00:38:49-0269d534-e3f0-4009-b7cd-2b2bd97d3dd0-Finished decryption ver:1.13.3
01-11 19:38:49.687 21742 21932 V StorageHelper: 2019-01-12 00:38:49-0269d534-e3f0-4009-b7cd-2b2bd97d3dd0-Starting decryption ver:1.13.3
01-11 19:38:49.689 21742 21932 V StorageHelper: 2019-01-12 00:38:49-0269d534-e3f0-4009-b7cd-2b2bd97d3dd0-Encrypt version:U001 ver:1.13.3
01-11 19:38:49.692 21742 21932 V StorageHelper: 2019-01-12 00:38:49-0269d534-e3f0-4009-b7cd-2b2bd97d3dd0-Finished decryption ver:1.13.3
01-11 19:38:49.694 21742 21932 V StorageHelper: 2019-01-12 00:38:49-0269d534-e3f0-4009-b7cd-2b2bd97d3dd0-Starting decryption ver:1.13.3
01-11 19:38:49.695 21742 21932 V StorageHelper: 2019-01-12 00:38:49-0269d534-e3f0-4009-b7cd-2b2bd97d3dd0-Encrypt version:U001 ver:1.13.3
01-11 19:38:49.697 21742 21932 V StorageHelper: 2019-01-12 00:38:49-0269d534-e3f0-4009-b7cd-2b2bd97d3dd0-Finished decryption ver:1.13.3
01-11 19:38:49.699 21742 21932 V StorageHelper: 2019-01-12 00:38:49-0269d534-e3f0-4009-b7cd-2b2bd97d3dd0-Starting decryption ver:1.13.3
01-11 19:38:49.701 21742 21932 V StorageHelper: 2019-01-12 00:38:49-0269d534-e3f0-4009-b7cd-2b2bd97d3dd0-Encrypt version:U001 ver:1.13.3
01-11 19:38:49.703 21742 21932 V StorageHelper: 2019-01-12 00:38:49-0269d534-e3f0-4009-b7cd-2b2bd97d3dd0-Finished decryption ver:1.13.3
01-11 19:38:49.705 21742 21932 V StorageHelper: 2019-01-12 00:38:49-0269d534-e3f0-4009-b7cd-2b2bd97d3dd0-Starting decryption ver:1.13.3
01-11 19:38:49.706 21742 21932 V StorageHelper: 2019-01-12 00:38:49-0269d534-e3f0-4009-b7cd-2b2bd97d3dd0-Encrypt version:U001 ver:1.13.3
01-11 19:38:49.708 21742 21932 V StorageHelper: 2019-01-12 00:38:49-0269d534-e3f0-4009-b7cd-2b2bd97d3dd0-Finished decryption ver:1.13.3
01-11 19:38:49.710 21742 21932 V StorageHelper: 2019-01-12 00:38:49-0269d534-e3f0-4009-b7cd-2b2bd97d3dd0-Starting decryption ver:1.13.3
01-11 19:38:49.712 21742 21932 V StorageHelper: 2019-01-12 00:38:49-0269d534-e3f0-4009-b7cd-2b2bd97d3dd0-Encrypt version:U001 ver:1.13.3
01-11 19:38:49.714 21742 21932 V StorageHelper: 2019-01-12 00:38:49-0269d534-e3f0-4009-b7cd-2b2bd97d3dd0-Finished decryption ver:1.13.3
01-11 19:38:49.716 21742 21932 V StorageHelper: 2019-01-12 00:38:49-0269d534-e3f0-4009-b7cd-2b2bd97d3dd0-Starting decryption ver:1.13.3
01-11 19:38:49.718 21742 21932 V StorageHelper: 2019-01-12 00:38:49-0269d534-e3f0-4009-b7cd-2b2bd97d3dd0-Encrypt version:U001 ver:1.13.3
01-11 19:38:49.720 21742 21932 V StorageHelper: 2019-01-12 00:38:49-0269d534-e3f0-4009-b7cd-2b2bd97d3dd0-Finished decryption ver:1.13.3
01-11 19:38:49.722 21742 21932 V StorageHelper: 2019-01-12 00:38:49-0269d534-e3f0-4009-b7cd-2b2bd97d3dd0-Starting decryption ver:1.13.3
01-11 19:38:49.724 21742 21932 V StorageHelper: 2019-01-12 00:38:49-0269d534-e3f0-4009-b7cd-2b2bd97d3dd0-Encrypt version:U001 ver:1.13.3
01-11 19:38:49.726 21742 21932 V StorageHelper: 2019-01-12 00:38:49-0269d534-e3f0-4009-b7cd-2b2bd97d3dd0-Finished decryption ver:1.13.3
01-11 19:38:49.728 21742 21932 V StorageHelper: 2019-01-12 00:38:49-0269d534-e3f0-4009-b7cd-2b2bd97d3dd0-Starting decryption ver:1.13.3
01-11 19:38:49.729 21742 21932 V StorageHelper: 2019-01-12 00:38:49-0269d534-e3f0-4009-b7cd-2b2bd97d3dd0-Encrypt version:U001 ver:1.13.3
01-11 19:38:49.732 21742 21932 V StorageHelper: 2019-01-12 00:38:49-0269d534-e3f0-4009-b7cd-2b2bd97d3dd0-Finished decryption ver:1.13.3
01-11 19:38:49.734 21742 21932 V StorageHelper: 2019-01-12 00:38:49-0269d534-e3f0-4009-b7cd-2b2bd97d3dd0-Starting decryption ver:1.13.3
01-11 19:38:49.735 21742 21932 V StorageHelper: 2019-01-12 00:38:49-0269d534-e3f0-4009-b7cd-2b2bd97d3dd0-Encrypt version:U001 ver:1.13.3
01-11 19:38:49.737 21742 21932 V StorageHelper: 2019-01-12 00:38:49-0269d534-e3f0-4009-b7cd-2b2bd97d3dd0-Finished decryption ver:1.13.3
01-11 19:38:49.739 21742 21932 V StorageHelper: 2019-01-12 00:38:49-0269d534-e3f0-4009-b7cd-2b2bd97d3dd0-Starting decryption ver:1.13.3
01-11 19:38:49.741 21742 21932 V StorageHelper: 2019-01-12 00:38:49-0269d534-e3f0-4009-b7cd-2b2bd97d3dd0-Encrypt version:U001 ver:1.13.3
01-11 19:38:49.743 21742 21932 V StorageHelper: 2019-01-12 00:38:49-0269d534-e3f0-4009-b7cd-2b2bd97d3dd0-Finished decryption ver:1.13.3
01-11 19:38:49.745 21742 21932 V StorageHelper: 2019-01-12 00:38:49-0269d534-e3f0-4009-b7cd-2b2bd97d3dd0-Starting decryption ver:1.13.3
01-11 19:38:49.746 21742 21932 V StorageHelper: 2019-01-12 00:38:49-0269d534-e3f0-4009-b7cd-2b2bd97d3dd0-Encrypt version:U001 ver:1.13.3
01-11 19:38:49.748 21742 21932 V StorageHelper: 2019-01-12 00:38:49-0269d534-e3f0-4009-b7cd-2b2bd97d3dd0-Finished decryption ver:1.13.3
01-11 19:38:49.750 21742 21932 V StorageHelper: 2019-01-12 00:38:49-0269d534-e3f0-4009-b7cd-2b2bd97d3dd0-Starting decryption ver:1.13.3
01-11 19:38:49.752 21742 21932 V StorageHelper: 2019-01-12 00:38:49-0269d534-e3f0-4009-b7cd-2b2bd97d3dd0-Encrypt version:U001 ver:1.13.3
01-11 19:38:49.754 21742 21932 V StorageHelper: 2019-01-12 00:38:49-0269d534-e3f0-4009-b7cd-2b2bd97d3dd0-Finished decryption ver:1.13.3
01-11 19:38:49.756 21742 21932 V StorageHelper: 2019-01-12 00:38:49-0269d534-e3f0-4009-b7cd-2b2bd97d3dd0-Starting decryption ver:1.13.3
01-11 19:38:49.757 21742 21932 V StorageHelper: 2019-01-12 00:38:49-0269d534-e3f0-4009-b7cd-2b2bd97d3dd0-Encrypt version:U001 ver:1.13.3
01-11 19:38:49.759 21742 21932 V StorageHelper: 2019-01-12 00:38:49-0269d534-e3f0-4009-b7cd-2b2bd97d3dd0-Finished decryption ver:1.13.3
01-11 19:38:49.761 21742 21932 V StorageHelper: 2019-01-12 00:38:49-0269d534-e3f0-4009-b7cd-2b2bd97d3dd0-Starting decryption ver:1.13.3
01-11 19:38:49.763 21742 21932 V StorageHelper: 2019-01-12 00:38:49-0269d534-e3f0-4009-b7cd-2b2bd97d3dd0-Encrypt version:U001 ver:1.13.3
01-11 19:38:49.765 21742 21932 V StorageHelper: 2019-01-12 00:38:49-0269d534-e3f0-4009-b7cd-2b2bd97d3dd0-Finished decryption ver:1.13.3
01-11 19:38:49.767 21742 21932 V StorageHelper: 2019-01-12 00:38:49-0269d534-e3f0-4009-b7cd-2b2bd97d3dd0-Starting decryption ver:1.13.3
01-11 19:38:49.769 21742 21932 V StorageHelper: 2019-01-12 00:38:49-0269d534-e3f0-4009-b7cd-2b2bd97d3dd0-Encrypt version:U001 ver:1.13.3
01-11 19:38:49.771 21742 21932 V StorageHelper: 2019-01-12 00:38:49-0269d534-e3f0-4009-b7cd-2b2bd97d3dd0-Finished decryption ver:1.13.3
01-11 19:38:49.774 21742 21932 V StorageHelper: 2019-01-12 00:38:49-0269d534-e3f0-4009-b7cd-2b2bd97d3dd0-Starting decryption ver:1.13.3
01-11 19:38:49.775 21742 21932 V StorageHelper: 2019-01-12 00:38:49-0269d534-e3f0-4009-b7cd-2b2bd97d3dd0-Encrypt version:U001 ver:1.13.3
01-11 19:38:49.777 21742 21932 V StorageHelper: 2019-01-12 00:38:49-0269d534-e3f0-4009-b7cd-2b2bd97d3dd0-Finished decryption ver:1.13.3
01-11 19:38:49.778 21742 21932 V StorageHelper: 2019-01-12 00:38:49-0269d534-e3f0-4009-b7cd-2b2bd97d3dd0-Starting decryption ver:1.13.3
01-11 19:38:49.779 21742 21932 V StorageHelper: 2019-01-12 00:38:49-0269d534-e3f0-4009-b7cd-2b2bd97d3dd0-Encrypt version:U001 ver:1.13.3
01-11 19:38:49.780 21742 21932 V StorageHelper: 2019-01-12 00:38:49-0269d534-e3f0-4009-b7cd-2b2bd97d3dd0-Finished decryption ver:1.13.3
01-11 19:38:49.781 21742 21932 V StorageHelper: 2019-01-12 00:38:49-0269d534-e3f0-4009-b7cd-2b2bd97d3dd0-Starting decryption ver:1.13.3
01-11 19:38:49.782 21742 21932 V StorageHelper: 2019-01-12 00:38:49-0269d534-e3f0-4009-b7cd-2b2bd97d3dd0-Encrypt version:U001 ver:1.13.3
01-11 19:38:49.783 21742 21932 V StorageHelper: 2019-01-12 00:38:49-0269d534-e3f0-4009-b7cd-2b2bd97d3dd0-Finished decryption ver:1.13.3
01-11 19:38:49.784 21742 21932 V StorageHelper: 2019-01-12 00:38:49-0269d534-e3f0-4009-b7cd-2b2bd97d3dd0-Starting decryption ver:1.13.3
01-11 19:38:49.785 21742 21932 V StorageHelper: 2019-01-12 00:38:49-0269d534-e3f0-4009-b7cd-2b2bd97d3dd0-Encrypt version:U001 ver:1.13.3
01-11 19:38:49.786 21742 21932 V StorageHelper: 2019-01-12 00:38:49-0269d534-e3f0-4009-b7cd-2b2bd97d3dd0-Finished decryption ver:1.13.3
01-11 19:38:49.787  3757  4354 D SamsungAlarmManager: Expired : 4
01-11 19:38:49.787 21742 21932 V StorageHelper: 2019-01-12 00:38:49-0269d534-e3f0-4009-b7cd-2b2bd97d3dd0-Starting decryption ver:1.13.3
01-11 19:38:49.788  3757  4354 I SamsungAlarmManager: setLocked to kernel - T:2 / 20190111T193855, SetElapsed=454174867, nowELAPSED=454169116
01-11 19:38:49.788 21742 21932 V StorageHelper: 2019-01-12 00:38:49-0269d534-e3f0-4009-b7cd-2b2bd97d3dd0-Encrypt version:U001 ver:1.13.3
01-11 19:38:49.789  3757  4354 V SamsungAlarmManager: Sending to uid : 1000 action=com.android.server.action.UPDATE_TWILIGHT_STATE alarm=Alarm{a4b0da5 type 1 when 600000 android}
01-11 19:38:49.790  3757  4354 V SamsungAlarmManager: Sending to uid : 1000 listener=android.app.AlarmManager$ListenerWrapper@305b011 alarm=Alarm{2bb457a type 2 when 454151822 android}
01-11 19:38:49.790  3757  4354 V SamsungAlarmManager: Sending to uid : 1000 listener=android.app.AlarmManager$ListenerWrapper@443b34c alarm=Alarm{f43f12b type 2 when 454151822 android}
01-11 19:38:49.790  3757  4354 V SamsungAlarmManager: Sending to uid : 1000 listener=android.app.AlarmManager$ListenerWrapper@13fed9 alarm=Alarm{5aaf988 type 2 when 454151822 android}
01-11 19:38:49.790  3757  4354 V SamsungAlarmManager: Sending to uid : 1000 listener=android.app.AlarmManager$ListenerWrapper@b9458aa alarm=Alarm{903df21 type 2 when 454151822 android}
01-11 19:38:49.791  3757  4354 V SamsungAlarmManager: Sending to uid : 1000 listener=android.app.AlarmManager$ListenerWrapper@ea9bc9b alarm=Alarm{9283f46 type 2 when 454151822 android}
01-11 19:38:49.791  3757  4354 V SamsungAlarmManager: Sending to uid : 1000 listener=android.app.AlarmManager$ListenerWrapper@9dd8777 alarm=Alarm{f8e7507 type 2 when 454151822 android}
01-11 19:38:49.791 21742 21932 V StorageHelper: 2019-01-12 00:38:49-0269d534-e3f0-4009-b7cd-2b2bd97d3dd0-Finished decryption ver:1.13.3
01-11 19:38:49.791  3757  4354 V SamsungAlarmManager: Sending to uid : 1000 listener=android.app.AlarmManager$ListenerWrapper@ab0277f alarm=Alarm{1ba2634 type 2 when 454151822 android}
01-11 19:38:49.792  3757  4354 V SamsungAlarmManager: Sending to uid : 1000 listener=android.app.AlarmManager$ListenerWrapper@3375576 alarm=Alarm{41e4c5d type 2 when 454151822 android}
01-11 19:38:49.792  3757  4354 V SamsungAlarmManager: Sending to uid : 1000 listener=android.app.AlarmManager$ListenerWrapper@fa31fe4 alarm=Alarm{91909d2 type 2 when 454151822 android}
01-11 19:38:49.792  3757  4354 V SamsungAlarmManager: Sending to uid : 1000 listener=android.app.AlarmManager$ListenerWrapper@a3caf95 alarm=Alarm{b135aa3 type 2 when 454151822 android}
01-11 19:38:49.792  3757  4354 V SamsungAlarmManager: Sending to uid : 1000 listener=android.app.AlarmManager$ListenerWrapper@4ffd09e alarm=Alarm{9ed71a0 type 2 when 454151822 android}
01-11 19:38:49.792  3757  4354 V SamsungAlarmManager: Sending to uid : 10059 action=null alarm=Alarm{4785159 type 3 when 454129946 com.asurion.android.verizon.vms}
01-11 19:38:49.792 21742 21932 V StorageHelper: 2019-01-12 00:38:49-0269d534-e3f0-4009-b7cd-2b2bd97d3dd0-Starting decryption ver:1.13.3
01-11 19:38:49.793 21742 21932 V StorageHelper: 2019-01-12 00:38:49-0269d534-e3f0-4009-b7cd-2b2bd97d3dd0-Encrypt version:U001 ver:1.13.3
01-11 19:38:49.794 21742 21932 V StorageHelper: 2019-01-12 00:38:49-0269d534-e3f0-4009-b7cd-2b2bd97d3dd0-Finished decryption ver:1.13.3
01-11 19:38:49.795 21742 21932 V StorageHelper: 2019-01-12 00:38:49-0269d534-e3f0-4009-b7cd-2b2bd97d3dd0-Starting decryption ver:1.13.3
01-11 19:38:49.796 21742 21932 V StorageHelper: 2019-01-12 00:38:49-0269d534-e3f0-4009-b7cd-2b2bd97d3dd0-Encrypt version:U001 ver:1.13.3
01-11 19:38:49.798 21742 21932 V StorageHelper: 2019-01-12 00:38:49-0269d534-e3f0-4009-b7cd-2b2bd97d3dd0-Finished decryption ver:1.13.3
01-11 19:38:49.798  3757  4354 D CompatibilityInfo: mCompatibilityFlags - 0
01-11 19:38:49.798  3757  4354 D CompatibilityInfo: applicationDensity - 420
01-11 19:38:49.798  3757  4354 D CompatibilityInfo: applicationScale - 1.0
01-11 19:38:49.800 21742 21932 V StorageHelper: 2019-01-12 00:38:49-0269d534-e3f0-4009-b7cd-2b2bd97d3dd0-Starting decryption ver:1.13.3
01-11 19:38:49.800  3757  4354 V SamsungAlarmManager: Sending to uid : 10014 action=null alarm=Alarm{676fdff type 3 when 454169115 com.google.android.gms}
01-11 19:38:49.801 21742 21932 V StorageHelper: 2019-01-12 00:38:49-0269d534-e3f0-4009-b7cd-2b2bd97d3dd0-Encrypt version:U001 ver:1.13.3
01-11 19:38:49.802 21742 21932 V StorageHelper: 2019-01-12 00:38:49-0269d534-e3f0-4009-b7cd-2b2bd97d3dd0-Finished decryption ver:1.13.3
01-11 19:38:49.804 21742 21932 V StorageHelper: 2019-01-12 00:38:49-0269d534-e3f0-4009-b7cd-2b2bd97d3dd0-Starting decryption ver:1.13.3
01-11 19:38:49.805 21742 21932 V StorageHelper: 2019-01-12 00:38:49-0269d534-e3f0-4009-b7cd-2b2bd97d3dd0-Encrypt version:U001 ver:1.13.3
01-11 19:38:49.805 21742 21932 V StorageHelper: 2019-01-12 00:38:49-0269d534-e3f0-4009-b7cd-2b2bd97d3dd0-Finished decryption ver:1.13.3
01-11 19:38:49.806 21742 21932 V StorageHelper: 2019-01-12 00:38:49-0269d534-e3f0-4009-b7cd-2b2bd97d3dd0-Starting decryption ver:1.13.3
01-11 19:38:49.807 21742 21932 V StorageHelper: 2019-01-12 00:38:49-0269d534-e3f0-4009-b7cd-2b2bd97d3dd0-Encrypt version:U001 ver:1.13.3
01-11 19:38:49.807  3757  3757 D SamsungAlarmManager: setInexact Listener (T:2/F:0/AC:false) 20190111T194242 - CU:1000/CP:3757
01-11 19:38:49.808 21742 21932 V StorageHelper: 2019-01-12 00:38:49-0269d534-e3f0-4009-b7cd-2b2bd97d3dd0-Finished decryption ver:1.13.3
01-11 19:38:49.808 21742 21932 V StorageHelper: 2019-01-12 00:38:49-0269d534-e3f0-4009-b7cd-2b2bd97d3dd0-Starting decryption ver:1.13.3
01-11 19:38:49.809 21742 21932 V StorageHelper: 2019-01-12 00:38:49-0269d534-e3f0-4009-b7cd-2b2bd97d3dd0-Encrypt version:U001 ver:1.13.3
01-11 19:38:49.810 21742 21932 V StorageHelper: 2019-01-12 00:38:49-0269d534-e3f0-4009-b7cd-2b2bd97d3dd0-Finished decryption ver:1.13.3
01-11 19:38:49.810 21742 21932 V StorageHelper: 2019-01-12 00:38:49-0269d534-e3f0-4009-b7cd-2b2bd97d3dd0-Starting decryption ver:1.13.3
01-11 19:38:49.811 21742 21932 V StorageHelper: 2019-01-12 00:38:49-0269d534-e3f0-4009-b7cd-2b2bd97d3dd0-Encrypt version:U001 ver:1.13.3
01-11 19:38:49.812 21742 21932 V StorageHelper: 2019-01-12 00:38:49-0269d534-e3f0-4009-b7cd-2b2bd97d3dd0-Finished decryption ver:1.13.3
01-11 19:38:49.812  3757  3757 D CompatibilityInfo: mCompatibilityFlags - 0
01-11 19:38:49.812  3757  3757 D CompatibilityInfo: applicationDensity - 420
01-11 19:38:49.812 21742 21932 V StorageHelper: 2019-01-12 00:38:49-0269d534-e3f0-4009-b7cd-2b2bd97d3dd0-Starting decryption ver:1.13.3
01-11 19:38:49.812  3757  3757 D CompatibilityInfo: applicationScale - 1.0
01-11 19:38:49.813 21742 21932 V StorageHelper: 2019-01-12 00:38:49-0269d534-e3f0-4009-b7cd-2b2bd97d3dd0-Encrypt version:U001 ver:1.13.3
01-11 19:38:49.814 21742 21932 V StorageHelper: 2019-01-12 00:38:49-0269d534-e3f0-4009-b7cd-2b2bd97d3dd0-Finished decryption ver:1.13.3
01-11 19:38:49.815 21742 21932 V StorageHelper: 2019-01-12 00:38:49-0269d534-e3f0-4009-b7cd-2b2bd97d3dd0-Starting decryption ver:1.13.3
01-11 19:38:49.815 21742 21932 V StorageHelper: 2019-01-12 00:38:49-0269d534-e3f0-4009-b7cd-2b2bd97d3dd0-Encrypt version:U001 ver:1.13.3
01-11 19:38:49.816 21742 21932 V StorageHelper: 2019-01-12 00:38:49-0269d534-e3f0-4009-b7cd-2b2bd97d3dd0-Finished decryption ver:1.13.3
01-11 19:38:49.817 21742 21932 V StorageHelper: 2019-01-12 00:38:49-0269d534-e3f0-4009-b7cd-2b2bd97d3dd0-Starting decryption ver:1.13.3
01-11 19:38:49.818 21742 21932 V StorageHelper: 2019-01-12 00:38:49-0269d534-e3f0-4009-b7cd-2b2bd97d3dd0-Encrypt version:U001 ver:1.13.3
01-11 19:38:49.818 21742 21932 V StorageHelper: 2019-01-12 00:38:49-0269d534-e3f0-4009-b7cd-2b2bd97d3dd0-Finished decryption ver:1.13.3
01-11 19:38:49.819 21742 21932 V StorageHelper: 2019-01-12 00:38:49-0269d534-e3f0-4009-b7cd-2b2bd97d3dd0-Starting decryption ver:1.13.3
01-11 19:38:49.820 21742 21932 V StorageHelper: 2019-01-12 00:38:49-0269d534-e3f0-4009-b7cd-2b2bd97d3dd0-Encrypt version:U001 ver:1.13.3
01-11 19:38:49.821 21742 21932 V StorageHelper: 2019-01-12 00:38:49-0269d534-e3f0-4009-b7cd-2b2bd97d3dd0-Finished decryption ver:1.13.3
01-11 19:38:49.821 21742 21932 V StorageHelper: 2019-01-12 00:38:49-0269d534-e3f0-4009-b7cd-2b2bd97d3dd0-Starting decryption ver:1.13.3
01-11 19:38:49.822 21742 21932 V StorageHelper: 2019-01-12 00:38:49-0269d534-e3f0-4009-b7cd-2b2bd97d3dd0-Encrypt version:U001 ver:1.13.3
01-11 19:38:49.822 21742 21932 V StorageHelper: 2019-01-12 00:38:49-0269d534-e3f0-4009-b7cd-2b2bd97d3dd0-Finished decryption ver:1.13.3
01-11 19:38:49.823 21742 21932 V StorageHelper: 2019-01-12 00:38:49-0269d534-e3f0-4009-b7cd-2b2bd97d3dd0-Starting decryption ver:1.13.3
01-11 19:38:49.824 21742 21932 V StorageHelper: 2019-01-12 00:38:49-0269d534-e3f0-4009-b7cd-2b2bd97d3dd0-Encrypt version:U001 ver:1.13.3
01-11 19:38:49.825 21742 21932 V StorageHelper: 2019-01-12 00:38:49-0269d534-e3f0-4009-b7cd-2b2bd97d3dd0-Finished decryption ver:1.13.3
01-11 19:38:49.825 21742 21932 V StorageHelper: 2019-01-12 00:38:49-0269d534-e3f0-4009-b7cd-2b2bd97d3dd0-Starting decryption ver:1.13.3
01-11 19:38:49.826 21742 21932 V StorageHelper: 2019-01-12 00:38:49-0269d534-e3f0-4009-b7cd-2b2bd97d3dd0-Encrypt version:U001 ver:1.13.3
01-11 19:38:49.827 21742 21932 V StorageHelper: 2019-01-12 00:38:49-0269d534-e3f0-4009-b7cd-2b2bd97d3dd0-Finished decryption ver:1.13.3
01-11 19:38:49.827 21742 21932 V StorageHelper: 2019-01-12 00:38:49-0269d534-e3f0-4009-b7cd-2b2bd97d3dd0-Starting decryption ver:1.13.3
01-11 19:38:49.828 21742 21932 V StorageHelper: 2019-01-12 00:38:49-0269d534-e3f0-4009-b7cd-2b2bd97d3dd0-Encrypt version:U001 ver:1.13.3
01-11 19:38:49.828  3757  2859 D CompatibilityInfo: mCompatibilityFlags - 0
01-11 19:38:49.828  3757  2859 D CompatibilityInfo: applicationDensity - 420
01-11 19:38:49.828  3757  2859 D CompatibilityInfo: applicationScale - 1.0
01-11 19:38:49.829 21742 21932 V StorageHelper: 2019-01-12 00:38:49-0269d534-e3f0-4009-b7cd-2b2bd97d3dd0-Finished decryption ver:1.13.3
01-11 19:38:49.829 21742 21932 V StorageHelper: 2019-01-12 00:38:49-0269d534-e3f0-4009-b7cd-2b2bd97d3dd0-Starting decryption ver:1.13.3
01-11 19:38:49.830 21742 21932 V StorageHelper: 2019-01-12 00:38:49-0269d534-e3f0-4009-b7cd-2b2bd97d3dd0-Encrypt version:U001 ver:1.13.3
01-11 19:38:49.831 21742 21932 V StorageHelper: 2019-01-12 00:38:49-0269d534-e3f0-4009-b7cd-2b2bd97d3dd0-Finished decryption ver:1.13.3
01-11 19:38:49.832 21742 21932 V TokenCacheItem: 2019-01-12 00:38:49-0269d534-e3f0-4009-b7cd-2b2bd97d3dd0-expiresOn:Fri Jan 11 20:28:30 EST 2019 timeWithBuffer:Fri Jan 11 20:22:49 EST 2019 Buffer:2640 ver:1.13.3
01-11 19:38:49.832 21742 21932 V AcquireTokenSilentHandler: 2019-01-12 00:38:49-0269d534-e3f0-4009-b7cd-2b2bd97d3dd0-Return AT from cache. ver:1.13.3
01-11 19:38:49.833 21742 21932 V AcquireTokenRequest: 2019-01-12 00:38:49-0269d534-e3f0-4009-b7cd-2b2bd97d3dd0-Token is successfully returned from silent flow.  ver:1.13.3
01-11 19:38:49.834 21742 21932 D AriaEventLogger: Event adal_telemetry props={Microsoft.ADAL.application_name=com.microsoft.office.outlook, Microsoft.ADAL.tenant_id=npwNiKjU/EjjZ8N6RrrzQVJa/MI8vYqsWS34RGCbHIM=, first_launch_date=2017-01-19, Microsoft.ADAL.application_version=2.2.151, Office365RestDirect=1, Microsoft.ADAL.authority_type=Microsoft.ADAL.aad, Microsoft.ADAL.is_successful=true, Microsoft.ADAL.authority_validation_status=Microsoft.ADAL.authority_validation_status_success, Microsoft.ADAL.prompt_behavior=Auto, Microsoft.ADAL.response_time=183, ci=mQuBmECBE3, Microsoft.ADAL.user_id=3qYg7V56cxkIuUrq17jLOyyxRveoUUmU84MiEEWy1iM=, device_category=phone, Microsoft.ADAL.is_frt=, Microsoft.ADAL.correlation_id=0269d534-e3f0-4009-b7cd-2b2bd97d3dd0, Microsoft.ADAL.is_rt=true, Microsoft.ADAL.device_id=6SuLXltqC4TXOT1Rwr/rG12QspVbrB0ib2omL57FSU4=, Microsoft.ADAL.cache_event_count=1, ad_id=fbcfcf52-54db-417e-bb88-53d882355520, Microsoft.ADAL.api_id=3, aggregated=1, OneDriveForBusiness=1, Microsoft.ADAL.client_id=27922004-5251-4030-b22d-91ecd9a37ea4, Microsoft.ADAL.request_id=cca6e3b6-c621-404d-bed9-5ba134b4fec0, Microsoft.ADAL.is_mrrt=}
01-11 19:38:49.835  3757 29840 D SamsungAlarmManager: setExact Intent (T:3/F:5/AC:false) 20190111T193854 - CU:10059/CP:15240
01-11 19:38:49.835  3757 29840 I SamsungAlarmManager: setLocked to kernel - T:3 / 20190111T193854, SetElapsed=454174151, nowELAPSED=454169163
01-11 19:38:49.839 21742 23060 I outlook.Accounts: Updated tokens for 0 accounts (2 attempted)
01-11 19:38:49.839  3757  3757 D SamsungAlarmManager: setInexact Listener (T:2/F:0/AC:false) 20190111T194242 - CU:1000/CP:3757
01-11 19:38:49.846  3757  3757 D SamsungAlarmManager: setInexact Listener (T:2/F:0/AC:false) 20190111T194242 - CU:1000/CP:3757
01-11 19:38:49.851  3757  3757 D SamsungAlarmManager: setInexact Listener (T:2/F:0/AC:false) 20190111T194242 - CU:1000/CP:3757
01-11 19:38:49.856  3757  3757 D SamsungAlarmManager: setInexact Listener (T:2/F:0/AC:false) 20190111T194242 - CU:1000/CP:3757
01-11 19:38:49.859  3757  3757 D SamsungAlarmManager: setInexact Listener (T:2/F:0/AC:false) 20190111T194242 - CU:1000/CP:3757
01-11 19:38:49.873  3757 32085 D CompatibilityInfo: mCompatibilityFlags - 0
01-11 19:38:49.873  3757 32085 D CompatibilityInfo: applicationDensity - 420
01-11 19:38:49.873  3757 32085 D CompatibilityInfo: applicationScale - 1.0
01-11 19:38:49.875  3757  3757 D SamsungAlarmManager: setInexact Listener (T:2/F:0/AC:false) 20190111T194242 - CU:1000/CP:3757
01-11 19:38:49.882  3757 10512 D CompatibilityInfo: mCompatibilityFlags - 0
01-11 19:38:49.883  3757 10512 D CompatibilityInfo: applicationDensity - 420
01-11 19:38:49.883  3757 10512 D CompatibilityInfo: applicationScale - 1.0
01-11 19:38:49.884  3757  3757 D SamsungAlarmManager: setInexact Listener (T:2/F:0/AC:false) 20190111T194242 - CU:1000/CP:3757
01-11 19:38:49.887  3757  3757 D SamsungAlarmManager: setInexact Listener (T:2/F:0/AC:false) 20190111T194242 - CU:1000/CP:3757
01-11 19:38:49.889  3757  3757 D SamsungAlarmManager: setInexact Listener (T:2/F:0/AC:false) 20190111T194242 - CU:1000/CP:3757
01-11 19:38:49.891  3757  3757 D SamsungAlarmManager: setInexact Listener (T:2/F:0/AC:false) 20190111T194242 - CU:1000/CP:3757
01-11 19:38:49.892  3757  3757 D SamsungAlarmManager: Cancel Alarm calling from uid:1000 pid :3757 / op:PendingIntent{6f8d8a6: PendingIntentRecord{33bba74 android broadcastIntent}}
01-11 19:38:49.894  3757  3757 D SamsungAlarmManager: setExact Intent (T:1/F:9/AC:false) 19691231T191000 - CU:1000/CP:3757
01-11 19:38:49.894  3757  3757 I SamsungAlarmManager: setLocked to kernel - T:3 / 20190111T193850, SetElapsed=454170220, nowELAPSED=454169222
01-11 19:38:49.906  3757  3757 I SamsungAlarmManager: setLocked to kernel - T:3 / 19691231T190959, SetElapsed=-1546798760673, nowELAPSED=454169234
01-11 19:38:49.906  3757  4354 D SamsungAlarmManager: Expired : 8
01-11 19:38:49.906  3757  3757 D SamsungAlarmManager: setInexact Listener (T:2/F:0/AC:false) 20190111T194242 - CU:1000/CP:3757
01-11 19:38:49.907  3757  4354 I SamsungAlarmManager: setLocked to kernel - T:3 / 20190111T193854, SetElapsed=454174151, nowELAPSED=454169234
01-11 19:38:49.910  3757  3757 D SamsungAlarmManager: setInexact Listener (T:2/F:0/AC:false) 20190111T194742 - CU:1000/CP:3757
01-11 19:38:49.910  3757  3757 D ConnectivityService: filterNetworkStateForUid() uid: 10258 networkInfo: [type: WIFI[] - WIFI, state: CONNECTED/CONNECTED, reason: (unspecified), extra: "wilkinson2.4", failover: false, available: true, roaming: false, metered: false]
01-11 19:38:49.932  3757  2859 D CompatibilityInfo: mCompatibilityFlags - 0
01-11 19:38:49.932  3757  2859 D CompatibilityInfo: applicationDensity - 420
01-11 19:38:49.932  3757  2859 D CompatibilityInfo: applicationScale - 1.0
01-11 19:38:50.026  3757  3771 D ConnectivityService: filterNetworkStateForUid() uid: 10014 networkInfo: [type: WIFI[] - WIFI, state: CONNECTED/CONNECTED, reason: (unspecified), extra: "wilkinson2.4", failover: false, available: true, roaming: false, metered: false]
01-11 19:38:50.218  3757 29842 D SamsungAlarmManager: setInexact Intent (T:3/F:0/AC:false) 20190111T193950 - CU:10014/CP:5918
01-11 19:38:51.409 21742 21888 I RequestAddCookies: Cookie store not available in HTTP context
01-11 19:38:51.433 21742 21888 I ResponseProcessCookies: Cookie store not available in HTTP context
01-11 19:38:51.436 21742 21888 I System.out: AsyncTask #3 calls detatch()
01-11 19:38:51.442 21742 23114 D AriaEventLogger: Event try_to_be_connected props={first_launch_date=2017-01-19, ad_id=fbcfcf52-54db-417e-bb88-53d882355520, reason=TCPCLIENT_CONSTRUCTOR, Office365RestDirect=1, device_category=phone, ci=mQuBmECBE3, OneDriveForBusiness=1}
01-11 19:38:51.519 21742 21935 I System.out: (HTTPLog)-Static: isSBSettingEnabled false
01-11 19:38:51.520 21742 21935 I System.out: (HTTPLog)-Static: isSBSettingEnabled false
01-11 19:38:51.998 19734 19748 I Finsky  : [5756] com.google.android.finsky.bn.an.run(6): Stats for Executor: BlockingExecutor com.google.android.finsky.bn.ao@67d37c7[Running, pool size = 0, active threads = 0, queued tasks = 0, completed tasks = 9]
01-11 19:38:52.002 19734 19748 I Finsky  : [5756] com.google.android.finsky.bn.an.run(6): Stats for Executor: LightweightExecutor com.google.android.finsky.bn.ao@53991f4[Running, pool size = 4, active threads = 0, queued tasks = 0, completed tasks = 56]
01-11 19:38:52.179 19734 19748 I Finsky  : [5756] com.google.android.finsky.bn.an.run(6): Stats for Executor: bgExecutor com.google.android.finsky.bn.ao@ab3ad1d[Running, pool size = 4, active threads = 0, queued tasks = 0, completed tasks = 10]
01-11 19:38:52.192 19734 19748 I Finsky  : [5756] com.google.android.finsky.bn.an.run(6): Stats for Executor: SimChangeExecutor com.google.android.finsky.bn.ao@eadbb92[Running, pool size = 1, active threads = 1, queued tasks = 4, completed tasks = 0]
01-11 19:38:52.342 19734 19748 I Finsky  : [5756] com.google.android.finsky.bn.an.run(6): Stats for Executor: Db-xternal_referrer_status.db com.google.android.finsky.bn.ao@40b8963[Running, pool size = 0, active threads = 0, queued tasks = 0, completed tasks = 1]
