12-30 19:42:06.705 27216 27237 D UE4     : [2018.12.31-00.42.06:705][  0]LogRHI:   GL_OES_EGL_image
12-30 19:42:06.705 27216 27237 D UE4     : [2018.12.31-00.42.06:705][  0]LogRHI:   GL_OES_EGL_image_external
12-30 19:42:06.705 27216 27237 D UE4     : [2018.12.31-00.42.06:705][  0]LogRHI:   GL_OES_EGL_image_external_essl3
12-30 19:42:06.705 27216 27237 D UE4     : [2018.12.31-00.42.06:705][  0]LogRHI:   GL_OES_EGL_sync
12-30 19:42:06.705 27216 27237 D UE4     : [2018.12.31-00.42.06:705][  0]LogRHI:   GL_OES_texture_npot
12-30 19:42:06.706 27216 27237 D UE4     : [2018.12.31-00.42.06:705][  0]LogRHI:   GL_OES_vertex_half_float
12-30 19:42:06.706 27216 27237 D UE4     : [2018.12.31-00.42.06:706][  0]LogRHI:   GL_OES_required_internalformat
12-30 19:42:06.706 27216 27237 D UE4     : [2018.12.31-00.42.06:706][  0]LogRHI:   GL_OES_vertex_array_object
12-30 19:42:06.706 27216 27237 D UE4     : [2018.12.31-00.42.06:706][  0]LogRHI:   GL_OES_mapbuffer
12-30 19:42:06.706 27216 27237 D UE4     : [2018.12.31-00.42.06:706][  0]LogRHI:   GL_EXT_texture_format_BGRA8888
12-30 19:42:06.706 27216 27237 D UE4     : [2018.12.31-00.42.06:706][  0]LogRHI:   GL_EXT_texture_rg
12-30 19:42:06.706 27216 27237 D UE4     : [2018.12.31-00.42.06:706][  0]LogRHI:   GL_EXT_texture_type_2_10_10_10_REV
12-30 19:42:06.706 27216 27237 D UE4     : [2018.12.31-00.42.06:706][  0]LogRHI:   GL_OES_fbo_render_mipmap
12-30 19:42:06.706 27216 27237 D UE4     : [2018.12.31-00.42.06:706][  0]LogRHI:   GL_OES_element_index_uint
12-30 19:42:06.706 27216 27237 D UE4     : [2018.12.31-00.42.06:706][  0]LogRHI:   GL_EXT_shadow_samplers
12-30 19:42:06.706 27216 27237 D UE4     : [2018.12.31-00.42.06:706][  0]LogRHI:   GL_OES_texture_compression_astc
12-30 19:42:06.706 27216 27237 D UE4     : [2018.12.31-00.42.06:706][  0]LogRHI:   GL_KHR_texture_compression_astc_ldr
12-30 19:42:06.706 27216 27237 D UE4     : [2018.12.31-00.42.06:706][  0]LogRHI:   GL_KHR_texture_compression_astc_hdr
12-30 19:42:06.706 27216 27237 D UE4     : [2018.12.31-00.42.06:706][  0]LogRHI:   GL_KHR_texture_compression_astc_sliced_3d
12-30 19:42:06.706 27216 27237 D UE4     : [2018.12.31-00.42.06:706][  0]LogRHI:   GL_KHR_debug
12-30 19:42:06.706 27216 27237 D UE4     : [2018.12.31-00.42.06:706][  0]LogRHI:   GL_EXT_occlusion_query_boolean
12-30 19:42:06.706 27216 27237 D UE4     : [2018.12.31-00.42.06:706][  0]LogRHI:   GL_EXT_disjoint_timer_query
12-30 19:42:06.706 27216 27237 D UE4     : [2018.12.31-00.42.06:706][  0]LogRHI:   GL_EXT_blend_minmax
12-30 19:42:06.706 27216 27237 D UE4     : [2018.12.31-00.42.06:706][  0]LogRHI:   GL_EXT_discard_framebuffer
12-30 19:42:06.707 27216 27237 D UE4     : [2018.12.31-00.42.06:706][  0]LogRHI:   GL_OES_get_program_binary
12-30 19:42:06.707 27216 27237 D UE4     : [2018.12.31-00.42.06:707][  0]LogRHI:   GL_OES_texture_3D
12-30 19:42:06.707 27216 27237 D UE4     : [2018.12.31-00.42.06:707][  0]LogRHI:   GL_EXT_texture_storage
12-30 19:42:06.707 27216 27237 D UE4     : [2018.12.31-00.42.06:707][  0]LogRHI:   GL_EXT_multisampled_render_to_texture
12-30 19:42:06.707 27216 27237 D UE4     : [2018.12.31-00.42.06:707][  0]LogRHI:   GL_OES_surfaceless_context
12-30 19:42:06.707 27216 27237 D UE4     : [2018.12.31-00.42.06:707][  0]LogRHI:   GL_OES_texture_stencil8
12-30 19:42:06.707 27216 27237 D UE4     : [2018.12.31-00.42.06:707][  0]LogRHI:   GL_EXT_shader_pixel_local_storage
12-30 19:42:06.707 27216 27237 D UE4     : [2018.12.31-00.42.06:707][  0]LogRHI:   GL_ARM_shader_framebuffer_fetch
12-30 19:42:06.707 27216 27237 D UE4     : [2018.12.31-00.42.06:707][  0]LogRHI:   GL_ARM_shader_framebuffer_fetch_depth_stencil
12-30 19:42:06.707 27216 27237 D UE4     : [2018.12.31-00.42.06:707][  0]LogRHI:   GL_ARM_mali_program_binary
12-30 19:42:06.707 27216 27237 D UE4     : [2018.12.31-00.42.06:707][  0]LogRHI:   GL_EXT_sRGB
12-30 19:42:06.707 27216 27237 D UE4     : [2018.12.31-00.42.06:707][  0]LogRHI:   GL_EXT_sRGB_write_control
12-30 19:42:06.707 27216 27237 D UE4     : [2018.12.31-00.42.06:707][  0]LogRHI:   GL_EXT_texture_sRGB_decode
12-30 19:42:06.707 27216 27237 D UE4     : [2018.12.31-00.42.06:707][  0]LogRHI:   GL_EXT_texture_sRGB_R8
12-30 19:42:06.707 27216 27237 D UE4     : [2018.12.31-00.42.06:707][  0]LogRHI:   GL_EXT_texture_sRGB_RG8
12-30 19:42:06.707 27216 27237 D UE4     : [2018.12.31-00.42.06:707][  0]LogRHI:   GL_KHR_blend_equation_advanced
12-30 19:42:06.707 27216 27237 D UE4     : [2018.12.31-00.42.06:707][  0]LogRHI:   GL_KHR_blend_equation_advanced_coherent
12-30 19:42:06.707 27216 27237 D UE4     : [2018.12.31-00.42.06:707][  0]LogRHI:   GL_OES_texture_storage_multisample_2d_array
12-30 19:42:06.707 27216 27237 D UE4     : [2018.12.31-00.42.06:707][  0]LogRHI:   GL_OES_shader_image_atomic
12-30 19:42:06.707 27216 27237 D UE4     : [2018.12.31-00.42.06:707][  0]LogRHI:   GL_EXT_robustness
12-30 19:42:06.708 27216 27237 D UE4     : [2018.12.31-00.42.06:707][  0]LogRHI:   GL_EXT_draw_buffers_indexed
12-30 19:42:06.708 27216 27237 D UE4     : [2018.12.31-00.42.06:708][  0]LogRHI:   GL_OES_draw_buffers_indexed
12-30 19:42:06.708 27216 27237 D UE4     : [2018.12.31-00.42.06:708][  0]LogRHI:   GL_EXT_texture_border_clamp
12-30 19:42:06.708 27216 27237 D UE4     : [2018.12.31-00.42.06:708][  0]LogRHI:   GL_OES_texture_border_clamp
12-30 19:42:06.708 27216 27237 D UE4     : [2018.12.31-00.42.06:708][  0]LogRHI:   GL_EXT_texture_cube_map_array
12-30 19:42:06.708 27216 27237 D UE4     : [2018.12.31-00.42.06:708][  0]LogRHI:   GL_OES_texture_cube_map_array
12-30 19:42:06.708 27216 27237 D UE4     : [2018.12.31-00.42.06:708][  0]LogRHI:   GL_OES_sample_variables
12-30 19:42:06.708 27216 27237 D UE4     : [2018.12.31-00.42.06:708][  0]LogRHI:   GL_OES_sample_shading
12-30 19:42:06.708 27216 27237 D UE4     : [2018.12.31-00.42.06:708][  0]LogRHI:   GL_OES_shader_multisample_interpolation
12-30 19:42:06.708 27216 27237 D UE4     : [2018.12.31-00.42.06:708][  0]LogRHI:   GL_EXT_shader_io_blocks
12-30 19:42:06.708 27216 27237 D UE4     : [2018.12.31-00.42.06:708][  0]LogRHI:   GL_OES_shader_io_blocks
12-30 19:42:06.708 27216 27237 D UE4     : [2018.12.31-00.42.06:708][  0]LogRHI:   GL_EXT_tessellation_shader
12-30 19:42:06.708 27216 27237 D UE4     : [2018.12.31-00.42.06:708][  0]LogRHI:   GL_OES_tessellation_shader
12-30 19:42:06.708 27216 27237 D UE4     : [2018.12.31-00.42.06:708][  0]LogRHI:   GL_EXT_primitive_bounding_box
12-30 19:42:06.708 27216 27237 D UE4     : [2018.12.31-00.42.06:708][  0]LogRHI:   GL_OES_primitive_bounding_box
12-30 19:42:06.708 27216 27237 D UE4     : [2018.12.31-00.42.06:708][  0]LogRHI:   GL_EXT_geometry_shader
12-30 19:42:06.708 27216 27237 D UE4     : [2018.12.31-00.42.06:708][  0]LogRHI:   GL_OES_geometry_shader
12-30 19:42:06.708 27216 27237 D UE4     : [2018.12.31-00.42.06:708][  0]LogRHI:   GL_ANDROID_extension_pack_es31a
12-30 19:42:06.708 27216 27237 D UE4     : [2018.12.31-00.42.06:708][  0]LogRHI:   GL_EXT_gpu_shader5
12-30 19:42:06.708 27216 27237 D UE4     : [2018.12.31-00.42.06:708][  0]LogRHI:   GL_OES_gpu_shader5
12-30 19:42:06.708 27216 27237 D UE4     : [2018.12.31-00.42.06:708][  0]LogRHI:   GL_EXT_texture_buffer
12-30 19:42:06.709 27216 27237 D UE4     : [2018.12.31-00.42.06:708][  0]LogRHI:   GL_OES_texture_buffer
12-30 19:42:06.709 27216 27237 D UE4     : [2018.12.31-00.42.06:709][  0]LogRHI:   GL_EXT_copy_image
12-30 19:42:06.709 27216 27237 D UE4     : [2018.12.31-00.42.06:709][  0]LogRHI:   GL_OES_copy_image
12-30 19:42:06.709 27216 27237 D UE4     : [2018.12.31-00.42.06:709][  0]LogRHI:   GL_EXT_color_buffer_half_float
12-30 19:42:06.709 27216 27237 D UE4     : [2018.12.31-00.42.06:709][  0]LogRHI:   GL_EXT_color_buffer_float
12-30 19:42:06.709 27216 27237 D UE4     : [2018.12.31-00.42.06:709][  0]LogRHI:   GL_EXT_YUV_target
12-30 19:42:06.709 27216 27237 D UE4     : [2018.12.31-00.42.06:709][  0]LogRHI:   GL_OVR_multiview
12-30 19:42:06.709 27216 27237 D UE4     : [2018.12.31-00.42.06:709][  0]LogRHI:   GL_OVR_multiview2
12-30 19:42:06.709 27216 27237 D UE4     : [2018.12.31-00.42.06:709][  0]LogRHI:   GL_OVR_multiview_multisampled_render_to_texture
12-30 19:42:06.709 27216 27237 D UE4     : [2018.12.31-00.42.06:709][  0]LogRHI:   GL_KHR_robustness
12-30 19:42:06.709 27216 27237 D UE4     : [2018.12.31-00.42.06:709][  0]LogRHI:   GL_KHR_robust_buffer_access_behavior
12-30 19:42:06.709 27216 27237 D UE4     : [2018.12.31-00.42.06:709][  0]LogRHI:   GL_EXT_draw_elements_base_vertex
12-30 19:42:06.709 27216 27237 D UE4     : [2018.12.31-00.42.06:709][  0]LogRHI:   GL_OES_draw_elements_base_vertex
12-30 19:42:06.709 27216 27237 D UE4     : [2018.12.31-00.42.06:709][  0]LogRHI:   GL_EXT_protected_textures
12-30 19:42:06.709 27216 27237 D UE4     : [2018.12.31-00.42.06:709][  0]LogRHI:   GL_MAX_VERTEX_ATTRIBS: 16
12-30 19:42:06.709 27216 27237 D UE4     : [2018.12.31-00.42.06:709][  0]LogRHI:   GL_MAX_VARYING_VECTORS: 15
12-30 19:42:06.709 27216 27237 D UE4     : [2018.12.31-00.42.06:709][  0]LogRHI:   GL_MAX_VERTEX_UNIFORM_VECTORS: 1024
12-30 19:42:06.709 27216 27237 D UE4     : [2018.12.31-00.42.06:709][  0]LogRHI:   GL_MAX_FRAGMENT_UNIFORM_VECTORS: 1024
12-30 19:42:06.711 27216 27237 D UE4     : [2018.12.31-00.42.06:711][  0]LogRHI: Fragment shader lowp precision: 10
12-30 19:42:06.711 27216 27237 D UE4     : [2018.12.31-00.42.06:711][  0]LogRHI: Fragment shader mediump precision: 10
12-30 19:42:06.711 27216 27237 D UE4     : [2018.12.31-00.42.06:711][  0]LogRHI: Fragment shader highp precision: 23
12-30 19:42:06.711 27216 27237 D UE4     : [2018.12.31-00.42.06:711][  0]LogRHI: Support for 8x MSAA detected
12-30 19:42:06.711 27216 27237 D UE4     : [2018.12.31-00.42.06:711][  0]LogRHI: Image external enabled: ImageExternalESSL300
12-30 19:42:06.712 27216 27237 D UE4     : [2018.12.31-00.42.06:712][  0]LogRHI: Device supports mobile multi-view.
12-30 19:42:06.713 27216 27237 D UE4     : [2018.12.31-00.42.06:713][  0]LogRHI:   GL_MAX_TEXTURE_SIZE: 8192
12-30 19:42:06.713 27216 27237 D UE4     : [2018.12.31-00.42.06:713][  0]LogRHI:   GL_MAX_CUBE_MAP_TEXTURE_SIZE: 4096
12-30 19:42:06.714 27216 27237 D UE4     : [2018.12.31-00.42.06:713][  0]LogRHI:   GL_MAX_ARRAY_TEXTURE_LAYERS: 256
12-30 19:42:06.714 27216 27237 D UE4     : [2018.12.31-00.42.06:714][  0]LogRHI:   GL_MAX_RENDERBUFFER_SIZE: 8192
12-30 19:42:06.714 27216 27237 D UE4     : [2018.12.31-00.42.06:714][  0]LogRHI:   GL_MAX_TEXTURE_IMAGE_UNITS: 16
12-30 19:42:06.714 27216 27237 D UE4     : [2018.12.31-00.42.06:714][  0]LogRHI:   GL_MAX_DRAW_BUFFERS: 4
12-30 19:42:06.714 27216 27237 D UE4     : [2018.12.31-00.42.06:714][  0]LogRHI:   GL_MAX_COLOR_ATTACHMENTS: 1
12-30 19:42:06.714 27216 27237 D UE4     : [2018.12.31-00.42.06:714][  0]LogRHI:   GL_MAX_SAMPLES: 1
12-30 19:42:06.714 27216 27237 D UE4     : [2018.12.31-00.42.06:714][  0]LogRHI:   GL_MAX_COLOR_TEXTURE_SAMPLES: 1
12-30 19:42:06.714 27216 27237 D UE4     : [2018.12.31-00.42.06:714][  0]LogRHI:   GL_MAX_DEPTH_TEXTURE_SAMPLES: 1
12-30 19:42:06.714 27216 27237 D UE4     : [2018.12.31-00.42.06:714][  0]LogRHI:   GL_MAX_INTEGER_SAMPLES: 1
12-30 19:42:06.714 27216 27237 D UE4     : [2018.12.31-00.42.06:714][  0]LogRHI:   GL_MAX_COMBINED_TEXTURE_IMAGE_UNITS: 96
12-30 19:42:06.714 27216 27237 D UE4     : [2018.12.31-00.42.06:714][  0]LogRHI:   GL_MAX_VERTEX_ATTRIBS: 16
12-30 19:42:06.714 27216 27237 D UE4     : [2018.12.31-00.42.06:714][  0]LogRHI: OpenGL MajorVersion = 2, MinorVersion = 0, ShaderPlatform = GLSL_ES2, FeatureLevel = ES2
12-30 19:42:06.714 27216 27237 D UE4     : [2018.12.31-00.42.06:714][  0]LogRHI: PLATFORM_ANDROID
12-30 19:42:06.714 27216 27237 D UE4     : [2018.12.31-00.42.06:714][  0]LogRHI: Enabling program binary cache as /storage/emulated/0/Android/data/com.GeekTechnique.InfinityStack/files/ProgramBinaryCache/GLSL_ES2_60D556DEDF0DE1EBDD6379802F1CD396F0CC8D40
12-30 19:42:06.714 27216 27237 D UE4     : [2018.12.31-00.42.06:714][  0]LogRHI: FOpenGLProgramBinaryCache will be initialized when ShaderPipelineCache opens its file
12-30 19:42:06.722 27216 27237 D UE4     : [2018.12.31-00.42.06:721][  0]LogRHI: Texture pool is 1000 MB (of 0 MB total graphics mem)
12-30 19:42:06.722 27216 27237 D UE4     : [2018.12.31-00.42.06:722][  0]LogRHI: Display: Testing for shader compiler compatibility
12-30 19:42:06.730 27216 27237 D UE4     : [2018.12.31-00.42.06:730][  0]LogRHI: Display: Shaders compile fine no need to enable hacks
12-30 19:42:06.730 27216 27237 D UE4     : [2018.12.31-00.42.06:730][  0]LogRHI: Display: Testing for round() function availability
12-30 19:42:06.731 27216 27237 D UE4     : [2018.12.31-00.42.06:731][  0]LogRHI: Warning: Disabling the need for the round() function hack
12-30 19:42:06.732 27216 27237 D UE4     : [2018.12.31-00.42.06:732][  0]LogShaderLibrary: Display: Failed to load Shared Shader Library: Global and no native library supported.
12-30 19:42:06.732 27216 27237 D UE4     : [2018.12.31-00.42.06:732][  0]LogShaderLibrary: Display: Failed to load Shared Shader Library: Global_SC and no native library supported.
12-30 19:42:06.732 27216 27237 D UE4     : [2018.12.31-00.42.06:732][  0]LogShaderLibrary: Display: Failed to load Shared Shader Library: Paper2D and no native library supported.
12-30 19:42:06.733 27216 27237 D UE4     : [2018.12.31-00.42.06:733][  0]LogShaderLibrary: Display: Failed to load Shared Shader Library: Paper2D_SC and no native library supported.
12-30 19:42:06.733 27216 27237 D UE4     : [2018.12.31-00.42.06:733][  0]LogShaderLibrary: Display: Failed to load Shared Shader Library: Paper2D and no native library supported.
12-30 19:42:06.733 27216 27237 D UE4     : [2018.12.31-00.42.06:733][  0]LogShaderLibrary: Display: Failed to load Shared Shader Library: Paper2D_SC and no native library supported.
12-30 19:42:06.733 27216 27237 D UE4     : [2018.12.31-00.42.06:733][  0]LogShaderLibrary: Display: Failed to load Shared Shader Library: CryptoKeys and no native library supported.
12-30 19:42:06.733 27216 27237 D UE4     : [2018.12.31-00.42.06:733][  0]LogShaderLibrary: Display: Failed to load Shared Shader Library: CryptoKeys_SC and no native library supported.
12-30 19:42:06.734 27216 27237 D UE4     : [2018.12.31-00.42.06:734][  0]LogShaderLibrary: Display: Failed to load Shared Shader Library: CryptoKeys and no native library supported.
12-30 19:42:06.734 27216 27237 D UE4     : [2018.12.31-00.42.06:734][  0]LogShaderLibrary: Display: Failed to load Shared Shader Library: CryptoKeys_SC and no native library supported.
12-30 19:42:06.734 27216 27237 D UE4     : [2018.12.31-00.42.06:734][  0]LogShaderLibrary: Display: Failed to load Shared Shader Library: MeshEditor and no native library supported.
12-30 19:42:06.734 27216 27237 D UE4     : [2018.12.31-00.42.06:734][  0]LogShaderLibrary: Display: Failed to load Shared Shader Library: MeshEditor_SC and no native library supported.
12-30 19:42:06.734 27216 27237 D UE4     : [2018.12.31-00.42.06:734][  0]LogShaderLibrary: Display: Failed to load Shared Shader Library: MeshEditor and no native library supported.
12-30 19:42:06.735 27216 27237 D UE4     : [2018.12.31-00.42.06:735][  0]LogShaderLibrary: Display: Failed to load Shared Shader Library: MeshEditor_SC and no native library supported.
12-30 19:42:06.735 27216 27237 D UE4     : [2018.12.31-00.42.06:735][  0]LogShaderLibrary: Display: Failed to load Shared Shader Library: DatasmithContent and no native library supported.
12-30 19:42:06.735 27216 27237 D UE4     : [2018.12.31-00.42.06:735][  0]LogShaderLibrary: Display: Failed to load Shared Shader Library: DatasmithContent_SC and no native library supported.
12-30 19:42:06.735 27216 27237 D UE4     : [2018.12.31-00.42.06:735][  0]LogShaderLibrary: Display: Failed to load Shared Shader Library: DatasmithContent and no native library supported.
12-30 19:42:06.735 27216 27237 D UE4     : [2018.12.31-00.42.06:735][  0]LogShaderLibrary: Display: Failed to load Shared Shader Library: DatasmithContent_SC and no native library supported.
12-30 19:42:06.735 27216 27237 D UE4     : [2018.12.31-00.42.06:735][  0]LogShaderLibrary: Display: Failed to load Shared Shader Library: VariantManagerContent and no native library supported.
12-30 19:42:06.736 27216 27237 D UE4     : [2018.12.31-00.42.06:736][  0]LogShaderLibrary: Display: Failed to load Shared Shader Library: VariantManagerContent_SC and no native library supported.
12-30 19:42:06.736 27216 27237 D UE4     : [2018.12.31-00.42.06:736][  0]LogShaderLibrary: Display: Failed to load Shared Shader Library: VariantManagerContent and no native library supported.
12-30 19:42:06.736 27216 27237 D UE4     : [2018.12.31-00.42.06:736][  0]LogShaderLibrary: Display: Failed to load Shared Shader Library: VariantManagerContent_SC and no native library supported.
12-30 19:42:06.736 27216 27237 D UE4     : [2018.12.31-00.42.06:736][  0]LogShaderLibrary: Display: Failed to load Shared Shader Library: MediaCompositing and no native library supported.
12-30 19:42:06.736 27216 27237 D UE4     : [2018.12.31-00.42.06:736][  0]LogShaderLibrary: Display: Failed to load Shared Shader Library: MediaCompositing_SC and no native library supported.
12-30 19:42:06.737 27216 27237 D UE4     : [2018.12.31-00.42.06:736][  0]LogShaderLibrary: Display: Failed to load Shared Shader Library: MediaCompositing and no native library supported.
12-30 19:42:06.737 27216 27237 D UE4     : [2018.12.31-00.42.06:737][  0]LogShaderLibrary: Display: Failed to load Shared Shader Library: MediaCompositing_SC and no native library supported.
12-30 19:42:06.737 27216 27237 D UE4     : [2018.12.31-00.42.06:737][  0]LogShaderLibrary: Display: Failed to load Shared Shader Library: OculusVR and no native library supported.
12-30 19:42:06.737 27216 27237 D UE4     : [2018.12.31-00.42.06:737][  0]LogShaderLibrary: Display: Failed to load Shared Shader Library: OculusVR_SC and no native library supported.
12-30 19:42:06.737 27216 27237 D UE4     : [2018.12.31-00.42.06:737][  0]LogShaderLibrary: Display: Failed to load Shared Shader Library: OculusVR and no native library supported.
12-30 19:42:06.737 27216 27237 D UE4     : [2018.12.31-00.42.06:737][  0]LogShaderLibrary: Display: Failed to load Shared Shader Library: OculusVR_SC and no native library supported.
12-30 19:42:06.738 27216 27237 D UE4     : [2018.12.31-00.42.06:738][  0]LogShaderLibrary: Display: Failed to load Shared Shader Library: SteamVR and no native library supported.
12-30 19:42:06.738 27216 27237 D UE4     : [2018.12.31-00.42.06:738][  0]LogShaderLibrary: Display: Failed to load Shared Shader Library: SteamVR_SC and no native library supported.
12-30 19:42:06.738 27216 27237 D UE4     : [2018.12.31-00.42.06:738][  0]LogShaderLibrary: Display: Failed to load Shared Shader Library: SteamVR and no native library supported.
12-30 19:42:06.738 27216 27237 D UE4     : [2018.12.31-00.42.06:738][  0]LogShaderLibrary: Display: Failed to load Shared Shader Library: SteamVR_SC and no native library supported.
12-30 19:42:06.762 27216 27237 D UE4     : [2018.12.31-00.42.06:762][  0]LogMaterial: Verifying Global Shaders for GLSL_ES2
12-30 19:42:06.791  3759  4357 D SamsungAlarmManager: Expired : 8
12-30 19:42:06.791  3759  4357 I SamsungAlarmManager: setLocked to kernel - T:3 / 20181230T194207, SetElapsed=239378197, nowELAPSED=239377536
12-30 19:42:06.792  3759  4357 V SamsungAlarmManager: Sending to uid : 1000 action=com.android.server.action.UPDATE_TWILIGHT_STATE alarm=Alarm{3def767 type 1 when 600000 android}
12-30 19:42:06.796  3759  3759 D SamsungAlarmManager: Cancel Alarm calling from uid:1000 pid :3759 / op:PendingIntent{5fae914: PendingIntentRecord{92446ee android broadcastIntent}}
12-30 19:42:06.798  3759  3759 D SamsungAlarmManager: setExact Intent (T:1/F:9/AC:false) 19691231T191000 - CU:1000/CP:3759
12-30 19:42:06.819  3759  5850 D CustomFrequencyManagerService: releaseDVFSLockLocked : Getting Lock type frm List : DVFS_MIN_LIMIT  frequency : 1300000  uid : 1000  pid : 3759  tag : AMS_ACT_RESUME@CPU_MIN@59
12-30 19:42:06.820  3759  5850 D ActivityManagerPerformance: AMP_release() ACT_RESUME
12-30 19:42:06.872 27216 27237 D UE4     : [2018.12.31-00.42.06:872][  0]LogSlate: Using FreeType 2.4.12
12-30 19:42:06.874 27216 27237 D UE4     : [2018.12.31-00.42.06:874][  0]LogSlate: SlateFontServices - WITH_FREETYPE: 1, WITH_HARFBUZZ: 1
12-30 19:42:07.040 27216 27216 D ViewRootImpl@a4fedf0[GameActivity]: mHardwareRenderer.destroy()#4
12-30 19:42:07.040 27216 27216 D ViewRootImpl@a4fedf0[GameActivity]: dispatchDetachedFromWindow
12-30 19:42:07.041  3759  6065 D WindowManager: disposeInputChannel mInputChannel: a024295 com.GeekTechnique.InfinityStack/com.epicgames.ue4.GameActivity (server)
12-30 19:42:07.044  3759  6065 I WindowManager_SurfaceController: Destroying surface Surface(name=com.GeekTechnique.InfinityStack/com.epicgames.ue4.GameActivity) called by com.android.server.wm.WindowStateAnimator.destroySurface:2907 com.android.server.wm.WindowStateAnimator.destroySurfaceLocked:1120 com.android.server.wm.WindowState.removeLocked:1864 com.android.server.wm.WindowManagerService.removeWindowInnerLocked:2934 com.android.server.wm.WindowManagerService.removeWindowLocked:2879 com.android.server.wm.WindowManagerService.removeWindowLocked:2689 com.android.server.wm.WindowManagerService.removeWindow:2684 com.android.server.wm.Session.remove:218 
12-30 19:42:07.045  3216  4399 I SurfaceFlinger: id=3556 Removed HameActivit (6/9)
12-30 19:42:07.048 27216 27237 D UE4     : [2018.12.31-00.42.07:048][  0]LogShaderLibrary: Display: Failed to load Shared Shader Library: StackerGame and no native library supported.
12-30 19:42:07.048  3216  3280 I SurfaceFlinger: id=3556 Removed HameActivit (-2/9)
12-30 19:42:07.048 27216 27237 D UE4     : [2018.12.31-00.42.07:048][  0]LogShaderLibrary: Display: Failed to load Shared Shader Library: StackerGame_SC and no native library supported.
12-30 19:42:07.048 27216 27237 D UE4     : [2018.12.31-00.42.07:048][  0]LogRHI: Display: Opened pipeline cache after state change and enqueued -966122624 of 0 tasks for precompile.
12-30 19:42:07.049 27216 27237 D UE4     : [2018.12.31-00.42.07:048][  0]LogShaderLibrary: Display: Failed to load Shared Shader Library: StackerGame and no native library supported.
12-30 19:42:07.049 27216 27237 D UE4     : [2018.12.31-00.42.07:049][  0]LogShaderLibrary: Display: Failed to load Shared Shader Library: StackerGame_SC and no native library supported.
12-30 19:42:07.049 27216 27237 D UE4     : [2018.12.31-00.42.07:049][  0]LogRHI: Display: Opened pipeline cache after state change and enqueued -966121856 of 0 tasks for precompile.
12-30 19:42:07.049 27216 27237 D UE4     : [2018.12.31-00.42.07:049][  0]LogRHI: Display: Failed to open default shader pipeline cache for StackerGame using shader platform 8.
12-30 19:42:07.049 27216 27237 D UE4     : [2018.12.31-00.42.07:049][  0]LogRHI: Display: Failed to open default shader pipeline cache for StackerGame using shader platform 8.
12-30 19:42:07.049 27216 27237 D UE4     : [2018.12.31-00.42.07:049][  0]LogInit: Using OS detected language (en-US).
12-30 19:42:07.049 27216 27237 D UE4     : [2018.12.31-00.42.07:049][  0]LogInit: Using OS detected locale (en-US).
12-30 19:42:07.049 27216 27237 D UE4     : [2018.12.31-00.42.07:049][  0]LogTextLocalizationManager: No localization for 'en-US' exists, so 'en' will be used for the language.
12-30 19:42:07.050 27216 27237 D UE4     : [2018.12.31-00.42.07:050][  0]LogTextLocalizationManager: No localization for 'en-US' exists, so 'en' will be used for the locale.
12-30 19:42:07.050 27216 27237 D UE4     : [2018.12.31-00.42.07:050][  0]LogSlate: FontCache flush requested. Reason: Culture for localization was changed
12-30 19:42:07.050 27216 27237 D UE4     : [2018.12.31-00.42.07:050][  0]LogSlate: FontCache flush requested. Reason: Culture for localization was changed
12-30 19:42:07.053  3759  6065 D InputTransport: Input channel destroyed: fd=407
12-30 19:42:07.055 27216 27216 D InputTransport: Input channel destroyed: fd=67
12-30 19:42:07.145 27216 27237 D UE4     : [2018.12.31-00.42.07:145][  0]LogStreaming: Display: Took  0.096s to InitGameTextLocalization.
12-30 19:42:07.158  3759  4566 D skia    : Encode PNG Singlethread :     466308 us, width=648, height=1114
12-30 19:42:07.229 27216 27237 D UE4     : [2018.12.31-00.42.07:229][  0]LogAssetRegistry: FAssetRegistry took 0.0817 seconds to start up
12-30 19:42:07.389  3759  4465 D WifiStateMachine: Current network is: "wilkinson2.4" , ID is: 30
12-30 19:42:07.389  3759  4465 I WifiStateMachine: IMS calling, current network is always qualified
12-30 19:42:07.390  3759  7765 I ActivityManager: Killing 26253:com.android.documentsui/u0a114 (adj 906): DHA:empty #31
12-30 19:42:07.420  3759  7291 D ActivityManager: cleanUpApplicationRecord -- 26253
12-30 19:42:07.422  5974 11057 D ForegroundUtils: could not check pending caller
12-30 19:42:07.452  3759  4357 D SamsungAlarmManager: Expired : 8
12-30 19:42:07.453  3759  4357 I SamsungAlarmManager: setLocked to kernel - T:3 / 20181230T194207, SetElapsed=239378541, nowELAPSED=239378197
12-30 19:42:07.453  3759  4357 V SamsungAlarmManager: Sending to uid : 10014 listener=android.os.BinderProxy@143eb6 alarm=Alarm{85185bd type 3 when 239378197 com.google.android.gms}
12-30 19:42:07.461 17758 17811 W GCoreFlp: No location to return for getLastLocation()
12-30 19:42:07.701  3759  4971 E Watchdog: !@Sync 2601 [30_Dec_19_42_07.701]
12-30 19:42:07.740 27216 27237 D UE4     : [2018.12.31-00.42.07:740][  0]LogStreaming: Display: Flushing async loaders.
12-30 19:42:07.783  5693  5693 D io_stats: !@   8,0 r 1163750 34109708 w 913703 17616652 d 154209 9856456 f 207684 207646 iot 1409450 888710 th 61440 61440 51480 pt 1340 inp 0 0 78079.519
12-30 19:42:07.796  3759  4357 D SamsungAlarmManager: Expired : 8
12-30 19:42:07.797  3759  4357 I SamsungAlarmManager: setLocked to kernel - T:3 / 20181230T194208, SetElapsed=239378861, nowELAPSED=239378542
12-30 19:42:07.797  3759  4357 V SamsungAlarmManager: Sending to uid : 1000 action=com.android.server.action.UPDATE_TWILIGHT_STATE alarm=Alarm{ea3b7b2 type 1 when 600000 android}
12-30 19:42:07.807  3759  3759 D SamsungAlarmManager: Cancel Alarm calling from uid:1000 pid :3759 / op:PendingIntent{359a303: PendingIntentRecord{92446ee android broadcastIntent}}
12-30 19:42:07.816  3759  3759 D SamsungAlarmManager: setExact Intent (T:1/F:9/AC:false) 19691231T191000 - CU:1000/CP:3759
12-30 19:42:07.822 27216 27237 D UE4     : [2018.12.31-00.42.07:821][  0]LogPackageLocalizationCache: Processed 10 localized package path(s) for 1 prioritized culture(s) in 0.079948 seconds
12-30 19:42:07.919 27216 27237 D UE4     : [2018.12.31-00.42.07:919][  0]LogNetVersion: StackerGame 1.0.0, NetCL: 4541578, EngineNetVer: 5, GameNetVer: 0 (Checksum: 1419414380)
12-30 19:42:08.116  3759  4357 D SamsungAlarmManager: Expired : 8
12-30 19:42:08.117  3759  4357 I SamsungAlarmManager: setLocked to kernel - T:3 / 20181230T194208, SetElapsed=239379553, nowELAPSED=239378862
12-30 19:42:08.118  3759  4357 V SamsungAlarmManager: Sending to uid : 10059 action=null alarm=Alarm{4278280 type 3 when 239378861 com.asurion.android.verizon.vms}
12-30 19:42:08.129  3759  4357 D CompatibilityInfo: mCompatibilityFlags - 0
12-30 19:42:08.129  3759  4357 D CompatibilityInfo: applicationDensity - 420
12-30 19:42:08.129  3759  4357 D CompatibilityInfo: applicationScale - 1.0
12-30 19:42:08.150  3759  9132 D SSRM:t  : SIOP:: AP = 450, PST = 357 (W:10), CP = 263, CUR = 786, LCD = 115
12-30 19:42:08.152  3759  9132 D ConnectivityService: filterNetworkStateForUid() uid: 1000 networkInfo: [type: WIFI[] - WIFI, state: CONNECTED/CONNECTED, reason: (unspecified), extra: "wilkinson2.4", failover: false, available: true, roaming: false, metered: false]
12-30 19:42:08.168  3759 30978 D SamsungAlarmManager: setExact Intent (T:3/F:5/AC:false) 20181230T194213 - CU:10059/CP:487
12-30 19:42:08.208  3759  9132 D TelephonyManager: getAllCellInfo : Caller (PID / UID / TID): 3759 / 1000 / 9132
12-30 19:42:08.597 27216 27237 I MediaPlayer: Need to enable context aware info
12-30 19:42:08.597 27216 27237 V MediaPlayer-JNI: native_setup
12-30 19:42:08.597 27216 27237 V MediaPlayer: constructor
12-30 19:42:08.601 27216 27237 V MediaPlayer: setListener
12-30 19:42:08.602 27216 27237 D UE4     : [2018.12.31-00.42.08:602][  0]LogMoviePlayer: Initializing movie player
12-30 19:42:08.603 27216 27237 D UE4     : [2018.12.31-00.42.08:603][  0]LogTcpMessaging: Initializing TcpMessaging bridge, listening on 127.0.0.1:6666
12-30 19:42:08.606 27216 27237 D UE4     : [2018.12.31-00.42.08:606][  0]LogUdpMessaging: Initializing bridge on interface 0.0.0.0:0 to multicast group 230.0.0.1:6666.
12-30 19:42:08.618 27216 27237 D UE4     : [2018.12.31-00.42.08:618][  0]LogAndroidPermission: UAndroidPermissionCallbackProxy::GetInstance
12-30 19:42:08.619 27216 27237 D UE4     : [2018.12.31-00.42.08:619][  0]LogOcInput: OculusInput pre-init called
12-30 19:42:08.650 27216 27237 D UE4     : [2018.12.31-00.42.08:650][  0]LogUObjectArray: 35064 objects as part of root set at end of initial load.
12-30 19:42:08.650 27216 27237 D UE4     : [2018.12.31-00.42.08:650][  0]LogUObjectArray: 2 objects are not in the root set, but can never be destroyed because they are in the DisregardForGC set.
12-30 19:42:08.650 27216 27237 D UE4     : [2018.12.31-00.42.08:650][  0]LogUObjectAllocator: 3861440 out of 0 bytes used by permanent object pool.
12-30 19:42:08.650 27216 27237 D UE4     : [2018.12.31-00.42.08:650][  0]LogUObjectArray: CloseDisregardForGC: 35064/35064 objects in disregard for GC pool
12-30 19:42:08.665 27216 27237 D UE4     : [2018.12.31-00.42.08:664][  0]LogAndroid: Display: Passed PreInit()
12-30 19:42:08.666 27216 27237 D UE4     : [2018.12.31-00.42.08:666][  0]LogEngine: Initializing Engine...
12-30 19:42:08.674 27216 27237 D UE4     : [2018.12.31-00.42.08:674][  0]LogStats: UGameplayTagsManager::ConstructGameplayTagTree: ImportINI prefixes -  0.000 s
12-30 19:42:08.675 27216 27237 D UE4     : [2018.12.31-00.42.08:675][  0]LogStats: UGameplayTagsManager::ConstructGameplayTagTree: Construct from data asset -  0.000 s
12-30 19:42:08.675 27216 27237 D UE4     : [2018.12.31-00.42.08:675][  0]LogStats: UGameplayTagsManager::ConstructGameplayTagTree: ImportINI -  0.000 s
12-30 19:42:08.675 27216 27237 D UE4     : [2018.12.31-00.42.08:675][  0]LogStats: UGameplayTagsManager::ConstructGameplayTagTree: GameplayTagTreeChangedEvent.Broadcast -  0.000 s
12-30 19:42:08.755 27216 27237 D UE4     : [2018.12.31-00.42.08:755][  0]LogInit: Initializing FReadOnlyCVARCache
12-30 19:42:08.756 27216 27237 D UE4     : [2018.12.31-00.42.08:756][  0]LogAndroidAudio: Warning: SL Entered Init HW
12-30 19:42:08.756 27216 27237 D UE4     : [2018.12.31-00.42.08:756][  0]LogAndroidAudio: Warning: OpenSLES Initializing HW
12-30 19:42:08.756 27216 27237 D UE4     : [2018.12.31-00.42.08:756][  0]LogAndroidAudio: Warning: OpenSLES Initialized
12-30 19:42:08.756 27216 27237 D UE4     : [2018.12.31-00.42.08:756][  0]LogAndroidAudio: Warning: OpenSLAudioDevice: Allocated 12 sources
12-30 19:42:08.757 27216 27237 D UE4     : [2018.12.31-00.42.08:756][  0]LogInit: FAudioDevice initialized.
12-30 19:42:08.758 27216 27237 D UE4     : [2018.12.31-00.42.08:758][  0]LogAudio: Warning: Can't increase channels past starting number!
12-30 19:42:08.759 27216 27237 D UE4     : [2018.12.31-00.42.08:759][  0]LogNetVersion: Set ProjectVersion to 0.0.6. Version Checksum will be recalculated on next use.
12-30 19:42:08.760 27216 27237 D UE4     : [2018.12.31-00.42.08:759][  0]LogInit: Texture streaming: Enabled
12-30 19:42:08.761 27216 27237 D UE4     : [2018.12.31-00.42.08:761][  0]LogAudio: Warning: Can't increase channels past starting number!
12-30 19:42:08.769 27216 27237 D UE4     : [2018.12.31-00.42.08:769][  0]LogSlate: Updating window title bar state: overlay mode, drag disabled, window buttons hidden, title bar hidden
12-30 19:42:08.770 27216 27237 D UE4     : [2018.12.31-00.42.08:770][  0]LogInit: Display: Game Engine Initialized.
12-30 19:42:08.770 27216 27237 D UE4     : [2018.12.31-00.42.08:770][  0]LogGameplayTags: Display: UGameplayTagsManager::DoneAddingNativeTags. DelegateIsBound: 0
12-30 19:42:08.771 27216 27237 D UE4     : [2018.12.31-00.42.08:771][  0]LogStats: UGameplayTagsManager::ConstructGameplayTagTree: ImportINI prefixes -  0.000 s
12-30 19:42:08.771 27216 27237 D UE4     : [2018.12.31-00.42.08:771][  0]LogStats: UGameplayTagsManager::ConstructGameplayTagTree: Construct from data asset -  0.000 s
12-30 19:42:08.771 27216 27237 D UE4     : [2018.12.31-00.42.08:771][  0]LogStats: UGameplayTagsManager::ConstructGameplayTagTree: ImportINI -  0.000 s
12-30 19:42:08.771 27216 27237 D UE4     : [2018.12.31-00.42.08:771][  0]LogStats: UGameplayTagsManager::ConstructGameplayTagTree: GameplayTagTreeChangedEvent.Broadcast -  0.000 s
12-30 19:42:08.808  3759  4357 D SamsungAlarmManager: Expired : 8
12-30 19:42:08.808  3759  4357 I SamsungAlarmManager: setLocked to kernel - T:3 / 20181230T194213, SetElapsed=239383905, nowELAPSED=239379553
12-30 19:42:08.809  3759  4357 V SamsungAlarmManager: Sending to uid : 1000 action=com.android.server.action.UPDATE_TWILIGHT_STATE alarm=Alarm{3496c5f type 1 when 600000 android}
12-30 19:42:08.814  3759  3759 D SamsungAlarmManager: Cancel Alarm calling from uid:1000 pid :3759 / op:PendingIntent{5c246ac: PendingIntentRecord{92446ee android broadcastIntent}}
12-30 19:42:08.818  3759  3759 D SamsungAlarmManager: setExact Intent (T:1/F:9/AC:false) 19691231T191000 - CU:1000/CP:3759
12-30 19:42:08.819  3759  3759 I SamsungAlarmManager: setLocked to kernel - T:3 / 20181230T194209, SetElapsed=239380559, nowELAPSED=239379564
12-30 19:42:08.861 27216 27237 D UE4     : [2018.12.31-00.42.08:861][  0]LogInit: Display: Starting Game.
12-30 19:42:08.861 27216 27237 D UE4     : [2018.12.31-00.42.08:861][  0]LogNet: Browse: /Game/Maps/StackMap?Name=Player
12-30 19:42:08.862 27216 27237 D UE4     : [2018.12.31-00.42.08:862][  0]LogLoad: LoadMap: /Game/Maps/StackMap?Name=Player
12-30 19:42:09.024 27216 27237 D UE4     : [2018.12.31-00.42.09:024][  0]LogAIModule: Creating AISystem for world StackMap
12-30 19:42:09.025 27216 27237 D UE4     : [2018.12.31-00.42.09:025][  0]LogLoad: Game class is 'GameModeBase'
12-30 19:42:09.030 27216 27237 D UE4     : [2018.12.31-00.42.09:030][  0]LogWorld: Bringing World /Game/Maps/StackMap.StackMap up for play (max tick rate 0) at 2018.12.30-19.42.09
12-30 19:42:09.031 27216 27237 D UE4     : [2018.12.31-00.42.09:031][  0]LogWorld: Bringing up level for play took: 0.003721
12-30 19:42:09.032 27216 27237 D UE4     : [2018.12.31-00.42.09:032][  0]LogOnlineIdentity: Display: OSS: FOnlineIdentityGooglePlay::GetPlayerNickname
12-30 19:42:09.034 27216 27237 D UE4     : [2018.12.31-00.42.09:034][  0]LogGameMode: FindPlayerStart: PATHS NOT DEFINED or NO PLAYERSTART with positive rating
12-30 19:42:09.066 27216 27237 D UE4     : [2018.12.31-00.42.09:066][  0]LogUMG: Display: Widget Class GameStartMenu_C - Loaded Fast Template.
12-30 19:42:09.069 27216 27237 D UE4     : [2018.12.31-00.42.09:069][  0]LogPlayerController: Error: InputMode:UIOnly - Attempting to focus Non-Focusable widget SObjectWidget [Widget.cpp(710)]!
12-30 19:42:09.070 27216 27237 D UE4     : [2018.12.31-00.42.09:070][  0]LogLoad: Took 0.208090 seconds to LoadMap(/Game/Maps/StackMap)
12-30 19:42:09.072 27216 27237 D UE4     : [2018.12.31-00.42.09:072][  0]LogSlate: Took 0.000540 seconds to synchronously load lazily loaded font '../../../Engine/Content/EngineFonts/Faces/RobotoBold.ufont' (160K)
12-30 19:42:09.079 27216 27304 D UE4     : *** JavaEnvDestructor: 27304
12-30 19:42:09.080 27216 27301 D UE4     : AndroidEGL::ResetDisplay()
12-30 19:42:09.080 27216 27301 D UE4     : *** JavaEnvDestructor: 27301
12-30 19:42:09.090 27216 27237 D UE4     : [2018.12.31-00.42.09:090][  0]LogAndroid: Passed GEngineLoop.Init()
12-30 19:42:09.096 27216 27237 D UE4     : [2018.12.31-00.42.09:096][  0]LogAndroidEvents: Display: DequeueAppEvent : 9, 0
12-30 19:42:09.097 27216 27237 D UE4     : [2018.12.31-00.42.09:096][  0]LogAndroidEvents: Display: DequeueAppEvent : 7, 0
12-30 19:42:09.097 27216 27237 D UE4     : [2018.12.31-00.42.09:097][  0]LogAndroidEvents: Display: DequeueAppEvent : 0, 3403270152
12-30 19:42:09.097 27216 27237 D UE4     : APP_EVENT_STATE_WINDOW_CREATED, 0, 0, 1
12-30 19:42:09.097 27216 27237 D UE4     : [2018.12.31-00.42.09:097][  0]LogAndroidEvents: Display: ExecWindowCreated
12-30 19:42:09.097 27216 27237 D UE4     : AndroidEGL::ReInitWindow()
12-30 19:42:09.097 27216 27237 D UE4     : AndroidEGL::ReInit()
12-30 19:42:09.097 27216 27237 D UE4     : AndroidEGL::ResetDisplay()
12-30 19:42:09.097 27216 27237 D UE4     : AndroidEGL::InitSurface 0, 1
12-30 19:42:09.098 27216 27237 D UE4     : AndroidEGL::CreateEGLSurface() Already initialized: 0xe999f2a8
12-30 19:42:09.098 27216 27237 D UE4     : ExecWindowCreated, 0, 1, 1
12-30 19:42:09.098 27216 27237 D UE4     : [2018.12.31-00.42.09:098][  0]LogTemp: Android resume audio
12-30 19:42:09.099 27216 27337 D UE4     : [2018.12.31-00.42.09:099][  0]LogRenderer: Reallocating scene render targets to support 720x1280 Format 2 NumSamples 1 (Frame:1).
12-30 19:42:09.100 27216 27237 D UE4     : Registering volume receiver
12-30 19:42:09.107  3759  7793 D AudioService: getStreamVolume 3 index 90
12-30 19:42:09.108 27216 27237 D UE4     : startVolumeReceiver: 9
12-30 19:42:09.108 27216 27237 D UE4     : nativeVolumeEvent(9)
12-30 19:42:09.108 27216 27237 D UE4     : Registering battery receiver
12-30 19:42:09.110 27216 27237 D UE4     : Registering headset receiver
12-30 19:42:09.113 27216 27237 D UE4     : startHeadsetReceiver: 0
12-30 19:42:09.113 27216 27237 D UE4     : nativeHeadsetEvent(0)
12-30 19:42:09.113 27216 27216 D UE4     : Battery: status = 2, rawlevel = 46, scale = 100
12-30 19:42:09.114 27216 27216 D UE4     : nativeBatteryEvent(stat = 2, lvl = 46  temp = 29.70 C)
12-30 19:42:09.115 27216 27216 D UE4     : headsetReceiver::onReceive
12-30 19:42:09.115 27216 27216 D UE4     : nativeHeadsetEvent(0)
12-30 19:42:09.124 27216 27337 D UE4     : [2018.12.31-00.42.09:124][  0]LogRHI: Using OpenGL program LRU cache: 0
12-30 19:42:09.147 27216 27319 D UE4     : *** JavaEnvDestructor: 27319
12-30 19:42:09.218  3759  7765 D ConnectivityService: filterNetworkStateForUid() uid: 10014 networkInfo: [type: WIFI[] - WIFI, state: CONNECTED/CONNECTED, reason: (unspecified), extra: "wilkinson2.4", failover: false, available: true, roaming: false, metered: false]
12-30 19:42:09.262  3759  3759 D TelephonyManager: getCellLocation : Caller (PID / UID / TID): 3759 / 1000 / 3759
12-30 19:42:09.268  4634  4817 D NetworkController.MobileSignalController(0/1): onSignalStrengthsChanged signalStrength=SignalStrength: 99 99 -120 -160 -120 -1 -1 17 -109 -12 16 2147483647 2147483647 0x2000 gsm|lte level=2
12-30 19:42:09.269  4634  4817 D NetworkController.MobileSignalController(0/1): getMobileIconGroup(): 13
12-30 19:42:09.269  4634  4817 D NetworkController.MobileSignalController(0/1): updateVZWMobileIconGroup(): 13
12-30 19:42:09.283  5040  5672 D EPDG -- [SMARTWIFI]: onSignalStrengthsChanged: Received signal strength change, phone type is: 2
12-30 19:42:09.285  5040  6397 D EPDG -- [SMARTWIFI]: lastLteRSRP is -109currentLteRSRP is -109
12-30 19:42:09.285  5040  6397 D EPDG -- [SMARTWIFI]: lastLteRSRQ is -12currentLteRSRQ is -12
12-30 19:42:09.285  5040  6397 D EPDG -- [SMARTWIFI]: lastCdmaDb is -16currentCdmaDb is -16
12-30 19:42:09.286  5040  6397 V EPDG -- [SMARTWIFI]: Radio oldest entry removed
12-30 19:42:09.286  5040  6397 V EPDG -- [SMARTWIFI]: New entry : (SignalStrength: 99 99 -120 -160 -120 -1 -1 17 -109 -12 16 2147483647 2147483647 0x2000 gsm|lte : 0 )
12-30 19:42:09.286  5040  6397 V EPDG -- [SMARTWIFI]: Radio entry added
12-30 19:42:09.296  4634  4817 D NetworkController.MobileSignalController(0/1): callState:0, callStateByPhone:false voLTECall:false voiceNetTpe:13 dataNetType:13, ine911:false, emergencyCallbackMode:false
12-30 19:42:09.302  3759 30978 D ConnectivityService: filterNetworkStateForUid() uid: 10014 networkInfo: [type: WIFI[] - WIFI, state: CONNECTED/CONNECTED, reason: (unspecified), extra: "wilkinson2.4", failover: false, available: true, roaming: false, metered: false]
12-30 19:42:09.312  7087 27011 I System.out: (HTTPLog)-Static: isSBSettingEnabled false
12-30 19:42:09.313  7087 27011 I System.out: (HTTPLog)-Static: isSBSettingEnabled false
12-30 19:42:09.314  3251  3744 D EnterpriseController: netId is 0
12-30 19:42:09.315  3251  3744 D Netd    : getNetworkForDns: using netid 541 for uid 10014
12-30 19:42:09.315  3251  3744 D DnsProxyListener: DNSDBG::dns addrinfo af 0
12-30 19:42:09.433  3759  3777 D CompatibilityInfo: mCompatibilityFlags - 0
12-30 19:42:09.433  3759  3777 D CompatibilityInfo: applicationDensity - 420
12-30 19:42:09.433  3759  3777 D CompatibilityInfo: applicationScale - 1.0
12-30 19:42:09.445  3759  6065 D CompatibilityInfo: mCompatibilityFlags - 0
12-30 19:42:09.445  3759  6065 D CompatibilityInfo: applicationDensity - 420
12-30 19:42:09.445  3759  6065 D CompatibilityInfo: applicationScale - 1.0
12-30 19:42:09.452  3759  6084 D CompatibilityInfo: mCompatibilityFlags - 0
12-30 19:42:09.452  3759  6084 D CompatibilityInfo: applicationDensity - 420
12-30 19:42:09.452  3759  6084 D CompatibilityInfo: applicationScale - 1.0
12-30 19:42:09.473  3759  6084 D CompatibilityInfo: mCompatibilityFlags - 0
12-30 19:42:09.473  3759  6084 D CompatibilityInfo: applicationDensity - 420
12-30 19:42:09.473  3759  6084 D CompatibilityInfo: applicationScale - 1.0
12-30 19:42:09.476 30525 30525 I DMT-DropBoxReceiver: Received : android.intent.action.DROPBOX_ENTRY_ADDED
12-30 19:42:09.480  3759  7765 D CompatibilityInfo: mCompatibilityFlags - 0
12-30 19:42:09.480  3759  7765 D CompatibilityInfo: applicationDensity - 420
12-30 19:42:09.480  3759  7765 D CompatibilityInfo: applicationScale - 1.0
12-30 19:42:09.498  3759 17328 D SamsungAlarmManager: Cancel Alarm calling from uid:10014 pid :7087 / op:PendingIntent{7bfcaba: PendingIntentRecord{97de539 com.google.android.gms broadcastIntent}}
12-30 19:42:09.500  3759 17328 I SamsungAlarmManager: setLocked to kernel - T:3 / 19691231T191000, SetElapsed=-1545976949255, nowELAPSED=239380245
12-30 19:42:09.500  3759  4357 D SamsungAlarmManager: Expired : 8
12-30 19:42:09.501  3759  4357 I SamsungAlarmManager: setLocked to kernel - T:3 / 20181230T194213, SetElapsed=239383905, nowELAPSED=239380246
12-30 19:42:09.501  3759  4357 V SamsungAlarmManager: Sending to uid : 1000 action=com.android.server.action.UPDATE_TWILIGHT_STATE alarm=Alarm{24a2d6b type 1 when 600000 android}
12-30 19:42:09.507  3759  6084 D CompatibilityInfo: mCompatibilityFlags - 0
12-30 19:42:09.507  3759  6084 D CompatibilityInfo: applicationDensity - 420
12-30 19:42:09.508  3759  6084 D CompatibilityInfo: applicationScale - 1.0
12-30 19:42:09.517  3759  3759 D SamsungAlarmManager: Cancel Alarm calling from uid:1000 pid :3759 / op:PendingIntent{45c3547: PendingIntentRecord{92446ee android broadcastIntent}}
12-30 19:42:09.520  3759  3759 D SamsungAlarmManager: setExact Intent (T:1/F:9/AC:false) 19691231T191000 - CU:1000/CP:3759
12-30 19:42:09.520  3759  3759 I SamsungAlarmManager: setLocked to kernel - T:3 / 20181230T194210, SetElapsed=239381262, nowELAPSED=239380265
12-30 19:42:09.612 27216 27317 D UE4     : *** JavaEnvDestructor: 27317
12-30 19:42:09.613 27216 27318 D UE4     : *** JavaEnvDestructor: 27318
12-30 19:42:09.614 27216 27316 D UE4     : *** JavaEnvDestructor: 27316
12-30 19:42:09.715 27216 27237 D UE4     : [2018.12.31-00.42.09:715][  0]LogUdpMessaging: Initializing bridge on interface 0.0.0.0:0 to multicast group 230.0.0.1:6666.
12-30 19:42:09.760 26462 26507 I System.out: (HTTPLog)-Static: isSBSettingEnabled false
12-30 19:42:09.761 26462 26507 I System.out: (HTTPLog)-Static: isSBSettingEnabled false
12-30 19:42:09.765  3251  3744 D EnterpriseController: netId is 0
12-30 19:42:09.765  3251  3744 D Netd    : getNetworkForDns: using netid 541 for uid 10339
12-30 19:42:09.765  3251  3744 D DnsProxyListener: DNSDBG::dns addrinfo af 0
12-30 19:42:10.403  3759  4465 D WifiStateMachine: Current network is: "wilkinson2.4" , ID is: 30
12-30 19:42:10.403  3759  4465 I WifiStateMachine: IMS calling, current network is always qualified
12-30 19:42:10.517  3759  4357 D SamsungAlarmManager: Expired : 8
12-30 19:42:10.519  3759  4357 I SamsungAlarmManager: setLocked to kernel - T:3 / 20181230T194213, SetElapsed=239383905, nowELAPSED=239381264
12-30 19:42:10.520  3759  4357 V SamsungAlarmManager: Sending to uid : 1000 action=com.android.server.action.UPDATE_TWILIGHT_STATE alarm=Alarm{f688174 type 1 when 600000 android}
12-30 19:42:10.537  3759  3759 D SamsungAlarmManager: Cancel Alarm calling from uid:1000 pid :3759 / op:PendingIntent{aa8a69d: PendingIntentRecord{92446ee android broadcastIntent}}
12-30 19:42:10.543  3759  3759 D SamsungAlarmManager: setExact Intent (T:1/F:9/AC:false) 19691231T191000 - CU:1000/CP:3759
12-30 19:42:10.544  3759  3759 I SamsungAlarmManager: setLocked to kernel - T:3 / 20181230T194211, SetElapsed=239382283, nowELAPSED=239381289
12-30 19:42:10.605 27216 27314 D UE4     : *** JavaEnvDestructor: 27314
12-30 19:42:10.608 27216 27315 D UE4     : *** JavaEnvDestructor: 27315
12-30 19:42:10.709 27216 27237 D UE4     : [2018.12.31-00.42.10:709][  0]LogTcpMessaging: Initializing TcpMessaging bridge, listening on 127.0.0.1:6666
12-30 19:42:10.720 27216 27237 D UE4     : [2018.12.31-00.42.10:720][  0]LogAndroid: Display: Low Power Mode Changed: 0
12-30 19:42:10.732 27216 27237 D UE4     : Execution has been resumed!
12-30 19:42:10.732 27216 27237 D UE4     : [2018.12.31-00.42.10:732][  0]LogAndroidEvents: Display: DequeueAppEvent : 6, 0
12-30 19:42:10.799 27216 27350 D UE4     : *** JavaEnvDestructor: 27350
12-30 19:42:11.538  3759  4357 D SamsungAlarmManager: Expired : 8
12-30 19:42:11.541  3759  4357 I SamsungAlarmManager: setLocked to kernel - T:3 / 20181230T194213, SetElapsed=239383905, nowELAPSED=239382285
12-30 19:42:11.542  3759  4357 V SamsungAlarmManager: Sending to uid : 1000 action=com.android.server.action.UPDATE_TWILIGHT_STATE alarm=Alarm{700f712 type 1 when 600000 android}
12-30 19:42:11.564  3759  3759 D SamsungAlarmManager: Cancel Alarm calling from uid:1000 pid :3759 / op:PendingIntent{9cdee3: PendingIntentRecord{92446ee android broadcastIntent}}
12-30 19:42:11.575  3759  3759 D SamsungAlarmManager: setExact Intent (T:1/F:9/AC:false) 19691231T191000 - CU:1000/CP:3759
12-30 19:42:11.575  3759  3759 I SamsungAlarmManager: setLocked to kernel - T:3 / 20181230T194212, SetElapsed=239383309, nowELAPSED=239382320
12-30 19:42:11.731 27216 27348 D UE4     : *** JavaEnvDestructor: 27348
12-30 19:42:11.733 27216 27349 D UE4     : *** JavaEnvDestructor: 27349
12-30 19:42:11.734 27216 27347 D UE4     : *** JavaEnvDestructor: 27347
12-30 19:42:12.203  3759  9132 D GameManagerService: identifyGamePackage. com.GeekTechnique.InfinityStack
12-30 19:42:12.564  3759  4357 D SamsungAlarmManager: Expired : 8
12-30 19:42:12.565  3759  4357 I SamsungAlarmManager: setLocked to kernel - T:3 / 20181230T194213, SetElapsed=239383905, nowELAPSED=239383310
12-30 19:42:12.566  3759  4357 V SamsungAlarmManager: Sending to uid : 1000 action=com.android.server.action.UPDATE_TWILIGHT_STATE alarm=Alarm{54640e0 type 1 when 600000 android}
12-30 19:42:12.589  3759  3759 D SamsungAlarmManager: Cancel Alarm calling from uid:1000 pid :3759 / op:PendingIntent{3ee0f99: PendingIntentRecord{92446ee android broadcastIntent}}
12-30 19:42:12.598  3759  3759 D SamsungAlarmManager: setExact Intent (T:1/F:9/AC:false) 19691231T191000 - CU:1000/CP:3759
12-30 19:42:12.714 27216 27354 D UE4     : *** JavaEnvDestructor: 27354
12-30 19:42:12.722 27216 27355 D UE4     : *** JavaEnvDestructor: 27355
12-30 19:42:12.790  5693  5693 D io_stats: !@   8,0 r 1163775 34110120 w 913874 17618284 d 154215 9856480 f 207714 207676 iot 1409570 888750 th 61440 61440 51480 pt 1340 inp 0 0 78084.525
12-30 19:42:12.824 27216 27237 D UE4     : Unregistering volume receiver
12-30 19:42:12.829 27216 27237 D UE4     : Unregistering battery receiver
12-30 19:42:12.833 27216 27237 D UE4     : Unregistering headset receiver
12-30 19:42:12.839 27216 27338 D UE4     : *** JavaEnvDestructor: 27338
12-30 19:42:12.852 27216 27337 D UE4     : AndroidEGL::ResetDisplay()
12-30 19:42:12.864 27216 27337 D UE4     : *** JavaEnvDestructor: 27337
12-30 19:42:12.865 27216 27237 D UE4     : [2018.12.31-00.42.12:865][  0]LogTemp: Android pause audio
12-30 19:42:12.869 27216 27237 D UE4     : Execution has been paused...
12-30 19:42:12.869 27216 27237 D UE4     : [2018.12.31-00.42.12:869][  0]LogAndroidEvents: Display: DequeueAppEvent : 11, 0
12-30 19:42:12.869 27216 27237 D UE4     : [2018.12.31-00.42.12:869][  0]LogAndroidEvents: Display: DequeueAppEvent : 7, 0
12-30 19:42:12.894 27216 27237 D UE4     : [2018.12.31-00.42.12:894][  0]LogTemp: Android resume audio
12-30 19:42:12.895 27216 27237 D UE4     : Registering volume receiver
12-30 19:42:12.899  3759 30978 D AudioService: getStreamVolume 3 index 90
12-30 19:42:12.899 27216 27237 D UE4     : startVolumeReceiver: 9
12-30 19:42:12.899 27216 27237 D UE4     : nativeVolumeEvent(9)
12-30 19:42:12.899 27216 27237 D UE4     : Registering battery receiver
12-30 19:42:12.903 27216 27237 D UE4     : Registering headset receiver
12-30 19:42:12.908 27216 27237 D UE4     : startHeadsetReceiver: 0
12-30 19:42:12.908 27216 27216 D UE4     : headsetReceiver::onReceive
12-30 19:42:12.908 27216 27237 D UE4     : nativeHeadsetEvent(0)
12-30 19:42:12.908 27216 27216 D UE4     : nativeHeadsetEvent(0)
12-30 19:42:12.908 27216 27237 D UE4     : [2018.12.31-00.42.12:908][  0]LogUdpMessaging: Initializing bridge on interface 0.0.0.0:0 to multicast group 230.0.0.1:6666.
