01-07 16:12:40.645 20189 20205 D UE4     : [2019.01.07-21.12.40:645][  0]LogOcInput: OculusInput pre-init called
01-07 16:12:40.675 20189 20205 D UE4     : [2019.01.07-21.12.40:675][  0]LogUObjectArray: 35064 objects as part of root set at end of initial load.
01-07 16:12:40.675 20189 20205 D UE4     : [2019.01.07-21.12.40:675][  0]LogUObjectArray: 2 objects are not in the root set, but can never be destroyed because they are in the DisregardForGC set.
01-07 16:12:40.676 20189 20205 D UE4     : [2019.01.07-21.12.40:675][  0]LogUObjectAllocator: 3861432 out of 0 bytes used by permanent object pool.
01-07 16:12:40.676 20189 20205 D UE4     : [2019.01.07-21.12.40:676][  0]LogUObjectArray: CloseDisregardForGC: 35064/35064 objects in disregard for GC pool
01-07 16:12:40.690 20189 20205 D UE4     : [2019.01.07-21.12.40:690][  0]LogAndroid: Display: Passed PreInit()
01-07 16:12:40.692 20189 20205 D UE4     : [2019.01.07-21.12.40:692][  0]LogEngine: Initializing Engine...
01-07 16:12:40.700 20189 20205 D UE4     : [2019.01.07-21.12.40:700][  0]LogStats: UGameplayTagsManager::ConstructGameplayTagTree: ImportINI prefixes -  0.000 s
01-07 16:12:40.700 20189 20205 D UE4     : [2019.01.07-21.12.40:700][  0]LogStats: UGameplayTagsManager::ConstructGameplayTagTree: Construct from data asset -  0.000 s
01-07 16:12:40.701 20189 20205 D UE4     : [2019.01.07-21.12.40:701][  0]LogStats: UGameplayTagsManager::ConstructGameplayTagTree: ImportINI -  0.000 s
01-07 16:12:40.701 20189 20205 D UE4     : [2019.01.07-21.12.40:701][  0]LogStats: UGameplayTagsManager::ConstructGameplayTagTree: GameplayTagTreeChangedEvent.Broadcast -  0.000 s
01-07 16:12:40.774 20189 20205 D UE4     : [2019.01.07-21.12.40:773][  0]LogInit: Initializing FReadOnlyCVARCache
01-07 16:12:40.774 20189 20205 D UE4     : [2019.01.07-21.12.40:774][  0]LogAndroidAudio: Warning: SL Entered Init HW
01-07 16:12:40.774 20189 20205 D UE4     : [2019.01.07-21.12.40:774][  0]LogAndroidAudio: Warning: OpenSLES Initializing HW
01-07 16:12:40.774 20189 20205 D UE4     : [2019.01.07-21.12.40:774][  0]LogAndroidAudio: Warning: OpenSLES Initialized
01-07 16:12:40.775 20189 20205 D UE4     : [2019.01.07-21.12.40:775][  0]LogAndroidAudio: Warning: OpenSLAudioDevice: Allocated 12 sources
01-07 16:12:40.775 20189 20205 D UE4     : [2019.01.07-21.12.40:775][  0]LogInit: FAudioDevice initialized.
01-07 16:12:40.776 20189 20205 D UE4     : [2019.01.07-21.12.40:775][  0]LogAudio: Warning: Can't increase channels past starting number!
01-07 16:12:40.777 20189 20205 D UE4     : [2019.01.07-21.12.40:777][  0]LogNetVersion: Set ProjectVersion to 1.0.2. Version Checksum will be recalculated on next use.
01-07 16:12:40.777 20189 20205 D UE4     : [2019.01.07-21.12.40:777][  0]LogInit: Texture streaming: Enabled
01-07 16:12:40.798 20189 20205 D UE4     : [2019.01.07-21.12.40:798][  0]LogAudio: Warning: Can't increase channels past starting number!
01-07 16:12:40.804 20189 20205 D UE4     : [2019.01.07-21.12.40:804][  0]LogSlate: Updating window title bar state: overlay mode, drag disabled, window buttons hidden, title bar hidden
01-07 16:12:40.805 20189 20205 D UE4     : [2019.01.07-21.12.40:805][  0]LogInit: Display: Game Engine Initialized.
01-07 16:12:40.805 20189 20205 D UE4     : [2019.01.07-21.12.40:805][  0]LogGameplayTags: Display: UGameplayTagsManager::DoneAddingNativeTags. DelegateIsBound: 0
01-07 16:12:40.805 20189 20205 D UE4     : [2019.01.07-21.12.40:805][  0]LogStats: UGameplayTagsManager::ConstructGameplayTagTree: ImportINI prefixes -  0.000 s
01-07 16:12:40.805 20189 20205 D UE4     : [2019.01.07-21.12.40:805][  0]LogStats: UGameplayTagsManager::ConstructGameplayTagTree: Construct from data asset -  0.000 s
01-07 16:12:40.806 20189 20205 D UE4     : [2019.01.07-21.12.40:806][  0]LogStats: UGameplayTagsManager::ConstructGameplayTagTree: ImportINI -  0.000 s
01-07 16:12:40.806 20189 20205 D UE4     : [2019.01.07-21.12.40:806][  0]LogStats: UGameplayTagsManager::ConstructGameplayTagTree: GameplayTagTreeChangedEvent.Broadcast -  0.000 s
01-07 16:12:40.894 20189 20205 D UE4     : [2019.01.07-21.12.40:894][  0]LogInit: Display: Starting Game.
01-07 16:12:40.894 20189 20205 D UE4     : [2019.01.07-21.12.40:894][  0]LogNet: Browse: /Game/Maps/StackMap?Name=Player
01-07 16:12:40.895 20189 20205 D UE4     : [2019.01.07-21.12.40:895][  0]LogLoad: LoadMap: /Game/Maps/StackMap?Name=Player
01-07 16:12:41.159 20189 20205 D UE4     : [2019.01.07-21.12.41:159][  0]LogAIModule: Creating AISystem for world StackMap
01-07 16:12:41.160 20189 20205 D UE4     : [2019.01.07-21.12.41:160][  0]LogLoad: Game class is 'GameModeBase'
01-07 16:12:41.167 20189 20205 D UE4     : [2019.01.07-21.12.41:167][  0]LogWorld: Bringing World /Game/Maps/StackMap.StackMap up for play (max tick rate 0) at 2019.01.07-16.12.41
01-07 16:12:41.169 20189 20205 D UE4     : [2019.01.07-21.12.41:169][  0]LogWorld: Bringing up level for play took: 0.004440
01-07 16:12:41.170 20189 20205 D UE4     : [2019.01.07-21.12.41:170][  0]LogOnlineIdentity: Display: OSS: FOnlineIdentityGooglePlay::GetPlayerNickname
01-07 16:12:41.171 20189 20205 D UE4     : [2019.01.07-21.12.41:171][  0]LogGameMode: FindPlayerStart: PATHS NOT DEFINED or NO PLAYERSTART with positive rating
01-07 16:12:41.211 20189 20205 D UE4     : [2019.01.07-21.12.41:210][  0]LogUMG: Display: Widget Class GameStartMenu_C - Loaded Fast Template.
01-07 16:12:41.215 20189 20205 D UE4     : [2019.01.07-21.12.41:215][  0]LogPlayerController: Error: InputMode:UIOnly - Attempting to focus Non-Focusable widget SObjectWidget [Widget.cpp(710)]!
01-07 16:12:41.217 20189 20205 D UE4     : [2019.01.07-21.12.41:217][  0]LogLoad: Took 0.321977 seconds to LoadMap(/Game/Maps/StackMap)
01-07 16:12:41.219 20189 20205 D UE4     : [2019.01.07-21.12.41:218][  0]LogSlate: Took 0.000404 seconds to synchronously load lazily loaded font '../../../Engine/Content/EngineFonts/Faces/DroidSansMono.ufont' (77K)
01-07 16:12:41.224 20189 20270 D UE4     : *** JavaEnvDestructor: 20270
01-07 16:12:41.226 20189 20268 D UE4     : AndroidEGL::ResetDisplay()
01-07 16:12:41.226 20189 20268 D UE4     : *** JavaEnvDestructor: 20268
01-07 16:12:41.235 20189 20205 D UE4     : [2019.01.07-21.12.41:235][  0]LogAndroid: Passed GEngineLoop.Init()
01-07 16:12:41.241 20189 20205 D UE4     : [2019.01.07-21.12.41:241][  0]LogAndroidEvents: Display: DequeueAppEvent : 9, 0
01-07 16:12:41.242 20189 20205 D UE4     : [2019.01.07-21.12.41:241][  0]LogAndroidEvents: Display: DequeueAppEvent : 7, 0
01-07 16:12:41.242 20189 20205 D UE4     : [2019.01.07-21.12.41:242][  0]LogAndroidEvents: Display: DequeueAppEvent : 0, 3268063240
01-07 16:12:41.242 20189 20205 D UE4     : APP_EVENT_STATE_WINDOW_CREATED, 0, 0, 1
01-07 16:12:41.242 20189 20205 D UE4     : [2019.01.07-21.12.41:242][  0]LogAndroidEvents: Display: ExecWindowCreated
01-07 16:12:41.242 20189 20205 D UE4     : AndroidEGL::ReInitWindow()
01-07 16:12:41.242 20189 20205 D UE4     : AndroidEGL::ReInit()
01-07 16:12:41.242 20189 20205 D UE4     : AndroidEGL::ResetDisplay()
01-07 16:12:41.243 20189 20205 D UE4     : AndroidEGL::InitSurface 0, 1
01-07 16:12:41.243 20189 20205 D UE4     : AndroidEGL::CreateEGLSurface() Already initialized: 0xe181f208
01-07 16:12:41.243 20189 20205 D UE4     : ExecWindowCreated, 0, 1, 1
01-07 16:12:41.243 20189 20205 D UE4     : [2019.01.07-21.12.41:243][  0]LogTemp: Android resume audio
01-07 16:12:41.246 20189 20305 D UE4     : [2019.01.07-21.12.41:246][  0]LogRenderer: Reallocating scene render targets to support 720x1280 Format 10 NumSamples 1 (Frame:1).
01-07 16:12:41.247 20189 20205 D UE4     : Registering volume receiver
01-07 16:12:41.253  3757  7204 D AudioService: getStreamVolume 3 index 80
01-07 16:12:41.253 20189 20205 D UE4     : startVolumeReceiver: 8
01-07 16:12:41.253 20189 20205 D UE4     : nativeVolumeEvent(8)
01-07 16:12:41.253 20189 20205 D UE4     : Registering battery receiver
01-07 16:12:41.255 20189 20205 D UE4     : Registering headset receiver
01-07 16:12:41.256 20189 20189 D UE4     : Battery: status = 2, rawlevel = 64, scale = 100
01-07 16:12:41.257 20189 20189 D UE4     : nativeBatteryEvent(stat = 2, lvl = 64  temp = 30.40 C)
01-07 16:12:41.257 20189 20205 D UE4     : startHeadsetReceiver: 0
01-07 16:12:41.257 20189 20205 D UE4     : nativeHeadsetEvent(0)
01-07 16:12:41.258 20189 20189 D UE4     : headsetReceiver::onReceive
01-07 16:12:41.258 20189 20189 D UE4     : nativeHeadsetEvent(0)
01-07 16:12:41.261 20189 20205 D UE4     : [2019.01.07-21.12.41:261][  0]LogAndroid: Display: Low Power Mode Changed: 0
01-07 16:12:41.266 20189 20305 D UE4     : [2019.01.07-21.12.41:266][  0]LogRHI: Using OpenGL program LRU cache: 0
01-07 16:12:41.309 20189 20287 D UE4     : *** JavaEnvDestructor: 20287
01-07 16:12:41.645 20189 20285 D UE4     : *** JavaEnvDestructor: 20285
01-07 16:12:41.647 20189 20286 D UE4     : *** JavaEnvDestructor: 20286
01-07 16:12:41.647 20189 20309 D UE4     : [2019.01.07-21.12.41:647][  0]LogTcpMessaging: Started Connection to '127.0.0.1:56937'
01-07 16:12:41.647 20189 20284 D UE4     : *** JavaEnvDestructor: 20284
01-07 16:12:41.648 20189 20309 D UE4     : [2019.01.07-21.12.41:648][  0]LogTcpMessaging: Discovered node 'B4EC856841545866D4A53EA5F259F15E' on connection '127.0.0.1:56937'...
01-07 16:12:41.750 20189 20205 D UE4     : [2019.01.07-21.12.41:749][  0]LogUdpMessaging: Initializing bridge on interface 0.0.0.0:0 to multicast group 230.0.0.1:6666.
01-07 16:12:42.269  5689  5689 D io_stats: !@   8,0 r 413168 13493396 w 294438 5244024 d 37991 1934540 f 67582 67557 iot 406170 256050 th 61440 61440 57476 pt 3340 inp 0 0 20697.486
01-07 16:12:42.472 20189 20283 D UE4     : *** JavaEnvDestructor: 20283
01-07 16:12:42.647 20189 20282 D UE4     : *** JavaEnvDestructor: 20282
01-07 16:12:42.826  3757  4458 D WifiStateMachine: Current network is: "wilkinson2.4" , ID is: 30
01-07 16:12:42.827  3757  4458 I WifiStateMachine: IMS calling, current network is always qualified
01-07 16:12:43.031  3757  9599 D GameManagerService: identifyGamePackage. com.GeekTechnique.InfinityStack
01-07 16:12:43.044 20189 20309 D UE4     : [2019.01.07-21.12.43:044][  0]LogTcpMessaging: Lost node 'B4EC856841545866D4A53EA5F259F15E' on connection '127.0.0.1:56937'...
01-07 16:12:43.045 20189 20309 D UE4     : *** JavaEnvDestructor: 20309
01-07 16:12:43.147 20189 20205 D UE4     : [2019.01.07-21.12.43:146][  0]LogTcpMessaging: Initializing TcpMessaging bridge, listening on 127.0.0.1:6666
01-07 16:12:43.156 20189 20205 D UE4     : Execution has been resumed!
01-07 16:12:43.156 20189 20205 D UE4     : [2019.01.07-21.12.43:156][  0]LogAndroidEvents: Display: DequeueAppEvent : 6, 0
01-07 16:12:43.158 20189 20313 D UE4     : *** JavaEnvDestructor: 20313
01-07 16:12:43.720  4616  4823 D NetworkController.MobileSignalController(0/1): onSignalStrengthsChanged signalStrength=SignalStrength: 99 99 -120 -160 -120 -1 -1 15 -120 -15 -18 2147483647 2147483647 0x1000 gsm|lte level=1
01-07 16:12:43.721  4616  4823 D NetworkController.MobileSignalController(0/1): getMobileIconGroup(): 13
01-07 16:12:43.721  4616  4823 D NetworkController.MobileSignalController(0/1): updateVZWMobileIconGroup(): 13
01-07 16:12:43.725  3757  7201 D ConnectivityService: filterNetworkStateForUid() uid: 10179 networkInfo: [type: WIFI[] - WIFI, state: CONNECTED/CONNECTED, reason: (unspecified), extra: "wilkinson2.4", failover: false, available: true, roaming: false, metered: false]
01-07 16:12:43.728  5035  5670 D EPDG -- [SMARTWIFI]: onSignalStrengthsChanged: Received signal strength change, phone type is: 2
01-07 16:12:43.728  5035  6446 D EPDG -- [SMARTWIFI]: lastLteRSRP is -120currentLteRSRP is -120
01-07 16:12:43.728  5035  6446 D EPDG -- [SMARTWIFI]: lastLteRSRQ is -14currentLteRSRQ is -15
01-07 16:12:43.728  5035  6446 D EPDG -- [SMARTWIFI]: lastCdmaDb is -16currentCdmaDb is -16
01-07 16:12:43.729  5035  6446 V EPDG -- [SMARTWIFI]: Radio oldest entry removed
01-07 16:12:43.729  5035  6446 V EPDG -- [SMARTWIFI]: New entry : (SignalStrength: 99 99 -120 -160 -120 -1 -1 15 -120 -15 -18 2147483647 2147483647 0x1000 gsm|lte : 0 )
01-07 16:12:43.729  5035  6446 V EPDG -- [SMARTWIFI]: Radio entry added
01-07 16:12:43.734  4616  4823 D NetworkController.MobileSignalController(0/1): callState:0, callStateByPhone:false voLTECall:false voiceNetTpe:13 dataNetType:13, ine911:false, emergencyCallbackMode:false
01-07 16:12:43.774 20189 20311 D UE4     : *** JavaEnvDestructor: 20311
01-07 16:12:43.776 20189 20312 D UE4     : *** JavaEnvDestructor: 20312
01-07 16:12:43.777 20189 20310 D UE4     : *** JavaEnvDestructor: 20310
01-07 16:12:44.150 20189 20316 D UE4     : *** JavaEnvDestructor: 20316
01-07 16:12:44.156 20189 20317 D UE4     : *** JavaEnvDestructor: 20317
01-07 16:12:44.258 20189 20205 D UE4     : Unregistering volume receiver
01-07 16:12:44.261 20189 20205 D UE4     : Unregistering battery receiver
01-07 16:12:44.264 20189 20205 D UE4     : Unregistering headset receiver
01-07 16:12:44.271 20189 20306 D UE4     : *** JavaEnvDestructor: 20306
01-07 16:12:44.275 20189 20305 D UE4     : AndroidEGL::ResetDisplay()
01-07 16:12:44.278 20189 20305 D UE4     : *** JavaEnvDestructor: 20305
01-07 16:12:44.284 20189 20205 D UE4     : [2019.01.07-21.12.44:284][  0]LogTemp: Android pause audio
01-07 16:12:44.293 20189 20205 D UE4     : Execution has been paused...
01-07 16:12:44.293 20189 20205 D UE4     : [2019.01.07-21.12.44:293][  0]LogAndroidEvents: Display: DequeueAppEvent : 11, 0
01-07 16:12:44.294 20189 20205 D UE4     : [2019.01.07-21.12.44:293][  0]LogAndroidEvents: Display: DequeueAppEvent : 7, 0
01-07 16:12:44.321 20189 20205 D UE4     : [2019.01.07-21.12.44:321][  0]LogTemp: Android resume audio
01-07 16:12:44.322 20189 20205 D UE4     : Registering volume receiver
01-07 16:12:44.326  3757  6272 D AudioService: getStreamVolume 3 index 80
01-07 16:12:44.326 20189 20205 D UE4     : startVolumeReceiver: 8
01-07 16:12:44.326 20189 20205 D UE4     : nativeVolumeEvent(8)
01-07 16:12:44.327 20189 20205 D UE4     : Registering battery receiver
01-07 16:12:44.343 20189 20205 D UE4     : Registering headset receiver
01-07 16:12:44.346 20189 20205 D UE4     : startHeadsetReceiver: 0
01-07 16:12:44.346 20189 20189 D UE4     : headsetReceiver::onReceive
01-07 16:12:44.346 20189 20205 D UE4     : nativeHeadsetEvent(0)
01-07 16:12:44.346 20189 20189 D UE4     : nativeHeadsetEvent(0)
01-07 16:12:44.346 20189 20205 D UE4     : [2019.01.07-21.12.44:346][  0]LogUdpMessaging: Initializing bridge on interface 0.0.0.0:0 to multicast group 230.0.0.1:6666.
01-07 16:12:44.352  3757  9599 D GameManagerService: identifyGamePackage. com.GeekTechnique.InfinityStack
01-07 16:12:44.357 20189 20205 D UE4     : [2019.01.07-21.12.44:357][  0]LogTcpMessaging: Initializing TcpMessaging bridge, listening on 127.0.0.1:6666
01-07 16:12:44.360 20189 20205 D UE4     : Execution has been resumed!
01-07 16:12:44.424 20189 20323 I         : Increase max job count 60
01-07 16:12:44.754 20189 20323 D UE4     : [2019.01.07-21.12.44:754][  0]LogRHI: JNI Display getPresentationDeadlineNanos=17949152 getAppVsyncOffsetNanos=0 getRefreshRate=59.000000
01-07 16:12:44.754 20189 20323 D UE4     : [2019.01.07-21.12.44:754][  0]LogRHI: Final display timing metrics: DriverRefreshRate=59.0000  DriverRefreshNanos=16949153  DriverDeadlineNanos=16949152  DriverAppVsyncOffsetNanos=0
01-07 16:12:44.754 20189 20323 D UE4     : [2019.01.07-21.12.44:754][  0]LogRHI: AndroidEGL:SwapBuffers Min=0, Max=1, Request=1, ClosestDriver=1, SetDriver=1
01-07 16:12:44.760 20189 20205 D UE4     : [2019.01.07-21.12.44:760][  0]LogSlate: Slate font cache was flushed
01-07 16:12:44.794 20189 20205 D UE4     : [2019.01.07-21.12.44:794][  1]LogSlate: Took 0.001378 seconds to synchronously load lazily loaded font '../../../Engine/Content/EngineFonts/Faces/DroidSansMono.ufont' (77K)
01-07 16:12:45.292  3757  3771 D BatteryService: !@BatteryListener : batteryPropertiesChanged!
01-07 16:12:45.292  3757  3771 D BatteryService: level:64, scale:100, status:2, health:2, present:true, voltage: 4037, temperature: 304, technology: Li-ion, AC powered:false, USB powered:true, POGO powered:false, Wireless powered:false, icon:17303694, invalid charger:0, maxChargingCurrent:0, maxChargingVoltage:0, chargeCounter:0
01-07 16:12:45.292  3757  3771 D BatteryService: online:6, current avg:691, charge type:1, power sharing:false, high voltage charger:false, capacity:280000, batterySWSelfDischarging:false, misc_event:0, current_now:541
01-07 16:12:45.293  3757  3757 D BatteryService: Sending ACTION_BATTERY_CHANGED.
01-07 16:12:45.297  3757  3757 V UiModeManager: updateLocked: null action, mDockState=0, category=null
01-07 16:12:45.297  3757  3757 D UiModeManager: updateConfigurationLocked: mDockState=0; mCarMode=false; mNightMode=1; uiMode=17
01-07 16:12:45.298  3757  3757 D GameManagerService: new battery level: 64
01-07 16:12:45.300  4616  4616 D KeyguardUpdateMonitor: received broadcast android.intent.action.BATTERY_CHANGED
01-07 16:12:45.300  4616  4616 D KeyguardUpdateMonitor: handleBatteryUpdate
01-07 16:12:45.305  4616  4616 D PowerUI : priorPlugType = 2 mPlugType =  2
01-07 16:12:45.307  4616  4616 D PowerUI.Notification: showChargingNotice oldChargingType : 1 currentChargingType : 1 oldChargingTime : 4632000 mChargingTime : 4621000
01-07 16:12:45.307  4616  4616 D PowerUI.Notification: showChargingNotification()
01-07 16:12:45.310  5024  5024 D PhoneApp: PhoneAppBroadcastReceiver onReceive android.intent.action.BATTERY_CHANGED
01-07 16:12:45.312  5024  5024 D TelephonyExtensionManager: lowBatterySound - isLowBatterySoundScheduled: false
01-07 16:12:45.313  5024  5024 D TelephonyExtensionManager: lowBatterySound - isPlayNow: false
01-07 16:12:45.314  5024  5024 D TelephonyExtensionManager: isSpeakerON - false
01-07 16:12:45.326  5024  5024 D TelephonyExtensionManager: lowBatterySound - batteryStatus: 2
01-07 16:12:45.326  5024  5024 D TelephonyExtensionManager: lowBatterySound - batteryLevel: 64
01-07 16:12:45.326  5024  5024 D TelephonyExtensionManager: lowBatterySound - cancel
01-07 16:12:45.326  3757  6272 D SamsungAlarmManager: Cancel Alarm calling from uid:1001 pid :5024 / op:PendingIntent{15e917e: PendingIntentRecord{1542118 com.android.phone broadcastIntent}}
01-07 16:12:45.327  5024  5024 D TelephonyExtension: Not stopping low battery tone
01-07 16:12:45.328  3757  3770 D ApplicationPolicy: isStatusBarNotificationAllowedAsUser: packageName = com.android.systemui,userId = -1
01-07 16:12:45.331  4616  4616 D BatteryMeterDrawable: isSomethingChanged - false
01-07 16:12:45.332  4616  4616 D BatteryMeterDrawable: isSomethingChanged - false
01-07 16:12:45.335  4616  4616 D Tile.FlashlightTile: ACTION_BATTERY_CHANGED - Level :: 64, emEnabled :: false
01-07 16:12:45.362 20189 20334 D UE4     : [2019.01.07-21.12.45:362][ 36]LogTcpMessaging: Started Connection to '127.0.0.1:56938'
01-07 16:12:45.364 20189 20334 D UE4     : [2019.01.07-21.12.45:364][ 36]LogTcpMessaging: Discovered node 'B4EC856841545866D4A53EA5F259F15E' on connection '127.0.0.1:56938'...
01-07 16:12:45.394  4616  4616 D KeyguardServiceBoxContainer: updateCMAS() hasCmasNotification = false, mHasCMAS = false
01-07 16:12:45.580  3757  4354 D SamsungAlarmManager: Expired : 8
01-07 16:12:45.582  3757  4354 I SamsungAlarmManager: setLocked to kernel - T:3 / 20190107T161255, SetElapsed=96197555, nowELAPSED=96187423
01-07 16:12:45.583  3757  4354 V SamsungAlarmManager: Sending to uid : 10059 action=null alarm=Alarm{b0c86df type 3 when 96187420 com.asurion.android.verizon.vms}
01-07 16:12:45.590  3757  4354 D CompatibilityInfo: mCompatibilityFlags - 0
01-07 16:12:45.590  3757  4354 D CompatibilityInfo: applicationDensity - 420
01-07 16:12:45.591  3757  4354 D CompatibilityInfo: applicationScale - 1.0
01-07 16:12:45.613  3757  5901 D SamsungAlarmManager: setExact Intent (T:3/F:5/AC:false) 20190107T161250 - CU:10059/CP:6745
01-07 16:12:45.613  3757  5901 I SamsungAlarmManager: setLocked to kernel - T:3 / 20190107T161250, SetElapsed=96192445, nowELAPSED=96187454
01-07 16:12:45.847  3757  4458 D WifiStateMachine: Current network is: "wilkinson2.4" , ID is: 30
01-07 16:12:45.848  3757  4458 I WifiStateMachine: IMS calling, current network is always qualified
01-07 16:12:45.891 20189 20304 I libOpenSLES: Emulating old channel mask behavior (ignoring positional mask 0x3, using default mask 0x3 based on channel count of 2)
01-07 16:12:45.894 20189 20304 W AudioTrack: AUDIO_OUTPUT_FLAG_FAST denied by client; transfer 1, track 44100 Hz, output 48000 Hz
01-07 16:12:45.897  3237  3486 I AudioFlinger: add dynamic flag, can move to deep thread, session 3609
01-07 16:12:45.904 20189 20304 D AudioTrack: Client defaulted notificationFrames to 1181 for frameCount 3544
01-07 16:12:45.915 20189 20304 I AudioTrack: updateAudioTranstionLength FadeIn[0] FadeOut[0] FadeInRing[0]
01-07 16:12:45.915  3237  3812 W AudioPolicyIntefaceImpl: Skipped to add effects on session 3609
01-07 16:12:45.916  3237  3812 I APM_AudioPolicyManager: startOutput() output 21, stream 3, session 3609
01-07 16:12:45.918  3237  3477 D audio_hw_primary: out_set_parameters: enter: kvpairs: routing=2
01-07 16:12:45.918  3237  3477 D AudioFlinger: setCurDevice() 0x2
01-07 16:12:45.922  3237  3477 V audio_hw_primary: start_output_stream+, out->device : 00000002 , out->type = 1
01-07 16:12:45.922  3237  3477 D audio_hw_primary: start_output_stream jack_skip_check false
01-07 16:12:45.923  3237  3477 D audio_hw_primary: start_output_stream (0xe60a0260) out->pcm_device:6 out->config.rate:48000 out->config.format:0 out->period_size:240
01-07 16:12:45.923  3237  3477 D audio_hw_primary: start_output_stream (0xe60a0260) out->config.rate:48000 out->config.format:0 out->period_size:240
01-07 16:12:45.923  3237  3477 I audio_hw_primary: is_voice_wakeup : ret =  0  , wakeup_baby_cry_enabled = 0  ,  wakeup_mic_enabled = 0 
01-07 16:12:45.923  3237  3477 V audio_hw_primary: select_devices output_scenario:0 input_scenario:28 out_snd_device 0x2 in_snd_device:0xb
01-07 16:12:45.924  3237  3477 I audio_route: > audio_route_reset :
01-07 16:12:45.927  3237  3477 I audio_route: > audio_route_apply_path : "recognition-mic"
01-07 16:12:45.932  3237  3477 V audio_hw_primary: select_devices() input_route "recognition-mic" 
01-07 16:12:45.932  3237  3477 I audio_route: > audio_route_apply_path : "media-speaker"
01-07 16:12:46.010  3237  3477 V audio_hw_primary: select_devices() output_route "media-speaker" 
01-07 16:12:46.010  3237  3477 I audio_route: > audio_route_apply_path : "gain-recognition-mic"
01-07 16:12:46.010  3237  3477 V audio_hw_primary: select_devices() input_gain "gain-recognition-mic" 
01-07 16:12:46.010  3237  3477 I audio_route: > audio_route_apply_path : "gain-media-speaker"
01-07 16:12:46.011  3237  3477 V audio_hw_primary: select_devices() output_gain "gain-media-speaker" 
01-07 16:12:46.011  3237  3477 I audio_route: > audio_route_update_mixer : +
01-07 16:12:46.011  3237  3477 I audio_route: > audio_route_update_mixer : changed(0) -
01-07 16:12:46.011  3237  3477 I audio_hw_primary: select_devices - 
01-07 16:12:46.011  3237  3477 V audio_hw_primary: start_output_stream-
01-07 16:12:46.039  3237  3477 I AudioMixer: create resampler src 44100, 2, dst 48000, 2, q 8
01-07 16:12:46.040  3237  3477 D SoundAliveResampler: [SoundAliveResampler] Init+++
01-07 16:12:46.042 19856 20005 D ClClient: Not sending keepalive.  Current connection state=STOPPED
01-07 16:12:46.272  4616  4823 D NetworkController.MobileSignalController(0/1): onSignalStrengthsChanged signalStrength=SignalStrength: 99 99 -120 -160 -120 -1 -1 15 -121 -15 18 2147483647 2147483647 0x1000 gsm|lte level=1
01-07 16:12:46.272  4616  4823 D NetworkController.MobileSignalController(0/1): getMobileIconGroup(): 13
01-07 16:12:46.272  4616  4823 D NetworkController.MobileSignalController(0/1): updateVZWMobileIconGroup(): 13
01-07 16:12:46.273  3757  5062 D ConnectivityService: filterNetworkStateForUid() uid: 10179 networkInfo: [type: WIFI[] - WIFI, state: CONNECTED/CONNECTED, reason: (unspecified), extra: "wilkinson2.4", failover: false, available: true, roaming: false, metered: false]
01-07 16:12:46.279  5035  5670 D EPDG -- [SMARTWIFI]: onSignalStrengthsChanged: Received signal strength change, phone type is: 2
01-07 16:12:46.279  5035  6446 D EPDG -- [SMARTWIFI]: lastLteRSRP is -120currentLteRSRP is -121
01-07 16:12:46.281  5035  6446 D EPDG -- [SMARTWIFI]: lastLteRSRQ is -15currentLteRSRQ is -15
01-07 16:12:46.281  5035  6446 D EPDG -- [SMARTWIFI]: lastCdmaDb is -16currentCdmaDb is -16
01-07 16:12:46.281  5035  6446 V EPDG -- [SMARTWIFI]: Radio oldest entry removed
01-07 16:12:46.281  5035  6446 V EPDG -- [SMARTWIFI]: New entry : (SignalStrength: 99 99 -120 -160 -120 -1 -1 15 -121 -15 18 2147483647 2147483647 0x1000 gsm|lte : 0 )
01-07 16:12:46.281  5035  6446 V EPDG -- [SMARTWIFI]: Radio entry added
01-07 16:12:46.285  4616  4823 D NetworkController.MobileSignalController(0/1): callState:0, callStateByPhone:false voLTECall:false voiceNetTpe:13 dataNetType:13, ine911:false, emergencyCallbackMode:false
01-07 16:12:46.791  3757  4398 D InputReader: Input event(3): value=1 when=20702010417000
01-07 16:12:46.791  3757  4398 D InputReader: Input event(3): value=1 when=20702010417000
01-07 16:12:46.793  3757  4398 I InputReader: Touch event's action is 0x0 (deviceType=0) [pCnt=1, s=0.2576 ] when=20702010417000
01-07 16:12:46.793  3757  4397 I InputDispatcher: Delivering touch to (20189): action: 0x0, toolType: 1
01-07 16:12:46.799 20189 20206 V threaded_app: New input event: type=2
01-07 16:12:46.800 20189 20189 D ViewRootImpl@e972267[GameActivity]: ViewPostImeInputStage processPointer 0
01-07 16:12:46.802 20189 20189 W System  : ClassLoader referenced unknown path: /system/framework/QPerformance.jar
01-07 16:12:46.807 20189 20189 E BoostFramework: BoostFramework() : Exception_1 = java.lang.ClassNotFoundException: Didn't find class "com.qualcomm.qti.Performance" on path: DexPathList[[],nativeLibraryDirectories=[/system/lib, /vendor/lib]]
01-07 16:12:46.807 20189 20189 V BoostFramework: BoostFramework() : mPerf = null
01-07 16:12:46.816 20189 20206 V threaded_app: New input event: type=2
01-07 16:12:46.832 20189 20206 V threaded_app: New input event: type=2
01-07 16:12:46.848 20189 20206 V threaded_app: New input event: type=2
01-07 16:12:46.865 20189 20206 V threaded_app: New input event: type=2
01-07 16:12:46.882 20189 20206 V threaded_app: New input event: type=2
01-07 16:12:46.899 20189 20206 V threaded_app: New input event: type=2
01-07 16:12:46.915 20189 20206 V threaded_app: New input event: type=2
01-07 16:12:46.932 20189 20206 V threaded_app: New input event: type=2
01-07 16:12:46.949 20189 20206 V threaded_app: New input event: type=2
01-07 16:12:46.965  3757  4398 D InputReader: Input event(3): value=0 when=20702184026000
01-07 16:12:46.965  3757  4398 D InputReader: Input event(3): value=0 when=20702184026000
01-07 16:12:46.965  3757  4398 I InputReader: Touch event's action is 0x1 (deviceType=0) [pCnt=1, s=] when=20702184026000
01-07 16:12:46.966  3757  4397 I InputDispatcher: Delivering touch to (20189): action: 0x1, toolType: 1
01-07 16:12:46.966 20189 20206 V threaded_app: New input event: type=2
01-07 16:12:46.968 20189 20189 D ViewRootImpl@e972267[GameActivity]: ViewPostImeInputStage processPointer 1
01-07 16:12:47.275  5689  5689 D io_stats: !@   8,0 r 413168 13493396 w 294506 5244660 d 37992 1934676 f 67611 67586 iot 406300 256067 th 61440 61440 57476 pt 3340 inp 0 0 20702.493
01-07 16:12:47.473  4616  4823 D NetworkController.MobileSignalController(0/1): onSignalStrengthsChanged signalStrength=SignalStrength: 99 99 -120 -160 -120 -1 -1 14 -121 -15 8 2147483647 2147483647 0x1000 gsm|lte level=1
01-07 16:12:47.474  4616  4823 D NetworkController.MobileSignalController(0/1): getMobileIconGroup(): 13
01-07 16:12:47.474  4616  4823 D NetworkController.MobileSignalController(0/1): updateVZWMobileIconGroup(): 13
01-07 16:12:47.479  3757  6272 D ConnectivityService: filterNetworkStateForUid() uid: 10179 networkInfo: [type: WIFI[] - WIFI, state: CONNECTED/CONNECTED, reason: (unspecified), extra: "wilkinson2.4", failover: false, available: true, roaming: false, metered: false]
01-07 16:12:47.484  5035  5670 D EPDG -- [SMARTWIFI]: onSignalStrengthsChanged: Received signal strength change, phone type is: 2
01-07 16:12:47.484  5035  6446 D EPDG -- [SMARTWIFI]: lastLteRSRP is -121currentLteRSRP is -121
01-07 16:12:47.484  5035  6446 D EPDG -- [SMARTWIFI]: lastLteRSRQ is -15currentLteRSRQ is -15
01-07 16:12:47.484  5035  6446 D EPDG -- [SMARTWIFI]: lastCdmaDb is -16currentCdmaDb is -16
01-07 16:12:47.484  5035  6446 V EPDG -- [SMARTWIFI]: Radio oldest entry removed
01-07 16:12:47.484  5035  6446 V EPDG -- [SMARTWIFI]: New entry : (SignalStrength: 99 99 -120 -160 -120 -1 -1 14 -121 -15 8 2147483647 2147483647 0x1000 gsm|lte : 0 )
01-07 16:12:47.484  5035  6446 V EPDG -- [SMARTWIFI]: Radio entry added
01-07 16:12:47.493  4616  4823 D NetworkController.MobileSignalController(0/1): callState:0, callStateByPhone:false voLTECall:false voiceNetTpe:13 dataNetType:13, ine911:false, emergencyCallbackMode:false
01-07 16:12:47.617 20189 20208 D UE4     : Used memory: 216436
01-07 16:12:48.005  3757  4966 E Watchdog: !@Sync 689 [07_Jan_16_12_48.004]
01-07 16:12:48.530  3227  3261 D Sensorhubs: readContextData: 1, 1, 7, 0
01-07 16:12:48.533  3757  4361 D SensorHubManager: onGetSensorHubDataLocked: library(4) = 1, 1, 7, 0
01-07 16:12:48.536  3757  4360 D CAE     : onGetSensorHubData(SensorHubParserProvider.java:94) - onGetSensorHubData Event [event buffer len :4], AP_WAKEUP
01-07 16:12:48.537  3757  4360 I CAE     : parse(SensorHubParserProvider.java:196) - buffer size = 4
01-07 16:12:48.537  3757  4360 I CAE     : parse(SensorHubParserProvider.java:207) - 1, 1, 7, 0,
01-07 16:12:48.539  3757  4360 D CAE     : display(ContextProvider.java:375) - ================= AUTO_ROTATION =================
01-07 16:12:48.541  3757  4360 I CAE     : display(ContextProvider.java:391) - Angle=[0]
01-07 16:12:48.542  3757  4364 D SemContextService: updateContext() : event = Auto Rotation
01-07 16:12:48.543  3757  3757 D SemContextManager: onSemContextChanged() : event = Auto Rotation Angle : 0
01-07 16:12:48.543  3757  3757 D SContextManager: onSContextChanged() : event = Auto Rotation Angle : 0
01-07 16:12:48.544  3757  3757 V WindowOrientationListener: OrientationSensorJudge.onSContextChanged, Rotation: 0
01-07 16:12:48.544  3757  3775 V WindowOrientationListener: OrientationSensorJudge.getProposedRotation, Rotation: 0
01-07 16:12:48.544  3757  3775 V WindowOrientationListener: OrientationSensorJudge.getProposedRotation, Rotation: 0
01-07 16:12:48.544  3757  3775 V WindowManager: rotationForOrientationLw(orient=1, last=0); user=0  sensorRotation=0 mLidState=-1 mDockMode=0 mHdmiPlugged=false
01-07 16:12:48.864  3757  4458 D WifiStateMachine: Current network is: "wilkinson2.4" , ID is: 30
01-07 16:12:48.864  3757  4458 I WifiStateMachine: IMS calling, current network is always qualified
01-07 16:12:49.175  3757  4398 D InputReader: Input event(3): value=1 when=20704394558000
01-07 16:12:49.175  3757  4398 D InputReader: Input event(3): value=1 when=20704394558000
01-07 16:12:49.176  3757  4398 I InputReader: Touch event's action is 0x0 (deviceType=0) [pCnt=1, s=0.2577 ] when=20704394558000
01-07 16:12:49.176  3757  4397 I InputDispatcher: Delivering touch to (20189): action: 0x0, toolType: 1
01-07 16:12:49.177 20189 20206 V threaded_app: New input event: type=2
01-07 16:12:49.178 20189 20189 D ViewRootImpl@e972267[GameActivity]: ViewPostImeInputStage processPointer 0
01-07 16:12:49.184 20189 20205 D UE4     : [2019.01.07-21.12.49:184][265]LogSlate: FSceneViewport::OnFocusLost() reason 0
01-07 16:12:49.203 20189 20206 V threaded_app: New input event: type=2
01-07 16:12:49.219 20189 20206 V threaded_app: New input event: type=2
01-07 16:12:49.237 20189 20206 V threaded_app: New input event: type=2
01-07 16:12:49.255 20189 20206 V threaded_app: New input event: type=2
01-07 16:12:49.269 20189 20206 V threaded_app: New input event: type=2
01-07 16:12:49.272  3757  4398 D InputReader: Input event(3): value=0 when=20704491581000
01-07 16:12:49.272  3757  4398 D InputReader: Input event(3): value=0 when=20704491581000
01-07 16:12:49.272  3757  4398 I InputReader: Touch event's action is 0x1 (deviceType=0) [pCnt=1, s=] when=20704491581000
01-07 16:12:49.273  3757  4397 I InputDispatcher: Delivering touch to (20189): action: 0x1, toolType: 1
01-07 16:12:49.277 20189 20206 V threaded_app: New input event: type=2
01-07 16:12:49.279 20189 20189 D ViewRootImpl@e972267[GameActivity]: ViewPostImeInputStage processPointer 1
01-07 16:12:50.280  3757  4398 D InputReader: Input event(3): value=1 when=20705499945000
01-07 16:12:50.281  3757  4398 D InputReader: Input event(3): value=1 when=20705499945000
01-07 16:12:50.281  3757  4398 I InputReader: Touch event's action is 0x0 (deviceType=0) [pCnt=1, s=0.2578 ] when=20705499945000
01-07 16:12:50.281  3757  4397 I InputDispatcher: Delivering touch to (20189): action: 0x0, toolType: 1
01-07 16:12:50.282 20189 20206 V threaded_app: New input event: type=2
01-07 16:12:50.283 20189 20189 D ViewRootImpl@e972267[GameActivity]: ViewPostImeInputStage processPointer 0
01-07 16:12:50.305 20189 20206 V threaded_app: New input event: type=2
01-07 16:12:50.322 20189 20206 V threaded_app: New input event: type=2
01-07 16:12:50.334  3757  4398 D InputReader: Input event(3): value=0 when=20705553580000
01-07 16:12:50.334  3757  4398 D InputReader: Input event(3): value=0 when=20705553580000
01-07 16:12:50.334  3757  4398 I InputReader: Touch event's action is 0x1 (deviceType=0) [pCnt=1, s=] when=20705553580000
01-07 16:12:50.335  3757  4397 I InputDispatcher: Delivering touch to (20189): action: 0x1, toolType: 1
01-07 16:12:50.336 20189 20206 V threaded_app: New input event: type=2
01-07 16:12:50.337 20189 20206 V threaded_app: New input event: type=2
01-07 16:12:50.340 20189 20189 D ViewRootImpl@e972267[GameActivity]: ViewPostImeInputStage processPointer 1
01-07 16:12:50.544  3757  9599 D SSRM:t  : SIOP:: AP = 380, PST = 340 (W:10), CP = 262, CUR = 450, LCD = 175
01-07 16:12:50.546  3757  9599 D ConnectivityService: filterNetworkStateForUid() uid: 1000 networkInfo: [type: WIFI[] - WIFI, state: CONNECTED/CONNECTED, reason: (unspecified), extra: "wilkinson2.4", failover: false, available: true, roaming: false, metered: false]
01-07 16:12:50.604  3757  4354 D SamsungAlarmManager: Expired : 8
01-07 16:12:50.605  3757  4354 I SamsungAlarmManager: setLocked to kernel - T:3 / 20190107T161255, SetElapsed=96197555, nowELAPSED=96192446
01-07 16:12:50.606  3757  4354 V SamsungAlarmManager: Sending to uid : 10059 action=null alarm=Alarm{c3f8df5 type 3 when 96192445 com.asurion.android.verizon.vms}
01-07 16:12:50.612  3757  4354 D CompatibilityInfo: mCompatibilityFlags - 0
01-07 16:12:50.612  3757  4354 D CompatibilityInfo: applicationDensity - 420
01-07 16:12:50.612  3757  4354 D CompatibilityInfo: applicationScale - 1.0
01-07 16:12:50.632  3757  5902 D SamsungAlarmManager: setExact Intent (T:3/F:5/AC:false) 20190107T161255 - CU:10059/CP:6745
01-07 16:12:50.632  3757  5902 I SamsungAlarmManager: setLocked to kernel - T:3 / 20190107T161255, SetElapsed=96197467, nowELAPSED=96192473
01-07 16:12:51.123  3757  4398 D InputReader: Input event(3): value=1 when=20706342774000
01-07 16:12:51.123  3757  4398 D InputReader: Input event(3): value=1 when=20706342774000
01-07 16:12:51.123  3757  4398 I InputReader: Touch event's action is 0x0 (deviceType=0) [pCnt=1, s=0.2579 ] when=20706342774000
01-07 16:12:51.124  3757  4397 I InputDispatcher: Delivering touch to (20189): action: 0x0, toolType: 1
01-07 16:12:51.124 20189 20206 V threaded_app: New input event: type=2
01-07 16:12:51.126 20189 20189 D ViewRootImpl@e972267[GameActivity]: ViewPostImeInputStage processPointer 0
01-07 16:12:51.155 20189 20206 V threaded_app: New input event: type=2
01-07 16:12:51.172 20189 20206 V threaded_app: New input event: type=2
01-07 16:12:51.189 20189 20206 V threaded_app: New input event: type=2
01-07 16:12:51.205 20189 20206 V threaded_app: New input event: type=2
01-07 16:12:51.222 20189 20206 V threaded_app: New input event: type=2
01-07 16:12:51.232  3757  4398 D InputReader: Input event(3): value=0 when=20706451239000
01-07 16:12:51.232  3757  4398 D InputReader: Input event(3): value=0 when=20706451239000
01-07 16:12:51.232  3757  4398 I InputReader: Touch event's action is 0x1 (deviceType=0) [pCnt=1, s=] when=20706451239000
01-07 16:12:51.232  3757  4397 I InputDispatcher: Delivering touch to (20189): action: 0x1, toolType: 1
01-07 16:12:51.233 20189 20206 V threaded_app: New input event: type=2
01-07 16:12:51.234 20189 20206 V threaded_app: New input event: type=2
01-07 16:12:51.236 20189 20189 D ViewRootImpl@e972267[GameActivity]: ViewPostImeInputStage processPointer 1
01-07 16:12:51.794  3757  4398 D InputReader: Input event(3): value=1 when=20707013430000
01-07 16:12:51.794  3757  4398 D InputReader: Input event(3): value=1 when=20707013430000
01-07 16:12:51.794  3757  4398 I InputReader: Touch event's action is 0x0 (deviceType=0) [pCnt=1, s=0.2580 ] when=20707013430000
01-07 16:12:51.796  3757  4397 I InputDispatcher: Delivering touch to (20189): action: 0x0, toolType: 1
01-07 16:12:51.796 20189 20206 V threaded_app: New input event: type=2
01-07 16:12:51.799 20189 20189 D ViewRootImpl@e972267[GameActivity]: ViewPostImeInputStage processPointer 0
01-07 16:12:51.826 20189 20206 V threaded_app: New input event: type=2
01-07 16:12:51.840 20189 20206 V threaded_app: New input event: type=2
01-07 16:12:51.857 20189 20206 V threaded_app: New input event: type=2
01-07 16:12:51.874 20189 20206 V threaded_app: New input event: type=2
01-07 16:12:51.877  3757  4458 D WifiStateMachine: Current network is: "wilkinson2.4" , ID is: 30
01-07 16:12:51.877  3757  4458 I WifiStateMachine: IMS calling, current network is always qualified
01-07 16:12:51.890 20189 20206 V threaded_app: New input event: type=2
01-07 16:12:51.907 20189 20206 V threaded_app: New input event: type=2
01-07 16:12:51.923  3757  4398 D InputReader: Input event(3): value=0 when=20707143025000
01-07 16:12:51.923 20189 20206 V threaded_app: New input event: type=2
01-07 16:12:51.924  3757  4398 D InputReader: Input event(3): value=0 when=20707143025000
01-07 16:12:51.924  3757  4398 I InputReader: Touch event's action is 0x1 (deviceType=0) [pCnt=1, s=] when=20707143025000
01-07 16:12:51.925  3757  4397 I InputDispatcher: Delivering touch to (20189): action: 0x1, toolType: 1
01-07 16:12:51.927 20189 20206 V threaded_app: New input event: type=2
01-07 16:12:51.928 20189 20189 D ViewRootImpl@e972267[GameActivity]: ViewPostImeInputStage processPointer 1
01-07 16:12:52.276  5689  5689 D io_stats: !@   8,0 r 413168 13493396 w 294509 5244696 d 37992 1934676 f 67635 67610 iot 406390 256070 th 61440 61440 57476 pt 3340 inp 0 0 20707.495
01-07 16:12:52.367  3757  4398 D InputReader: Input event(3): value=1 when=20707586561000
01-07 16:12:52.367  3757  4398 D InputReader: Input event(3): value=1 when=20707586561000
01-07 16:12:52.367  3757  4398 I InputReader: Touch event's action is 0x0 (deviceType=0) [pCnt=1, s=0.2581 ] when=20707586561000
01-07 16:12:52.368  3757  4397 I InputDispatcher: Delivering touch to (20189): action: 0x0, toolType: 1
01-07 16:12:52.368 20189 20206 V threaded_app: New input event: type=2
01-07 16:12:52.370 20189 20189 D ViewRootImpl@e972267[GameActivity]: ViewPostImeInputStage processPointer 0
01-07 16:12:52.392 20189 20206 V threaded_app: New input event: type=2
01-07 16:12:52.407 20189 20206 V threaded_app: New input event: type=2
01-07 16:12:52.425 20189 20206 V threaded_app: New input event: type=2
01-07 16:12:52.442 20189 20206 V threaded_app: New input event: type=2
01-07 16:12:52.458 20189 20206 V threaded_app: New input event: type=2
01-07 16:12:52.474 20189 20206 V threaded_app: New input event: type=2
01-07 16:12:52.525 20189 20206 V threaded_app: New input event: type=2
01-07 16:12:52.542 20189 20206 V threaded_app: New input event: type=2
01-07 16:12:52.558 20189 20206 V threaded_app: New input event: type=2
01-07 16:12:52.575 20189 20206 V threaded_app: New input event: type=2
01-07 16:12:52.592 20189 20206 V threaded_app: New input event: type=2
01-07 16:12:52.608 20189 20206 V threaded_app: New input event: type=2
01-07 16:12:52.626 20189 20206 V threaded_app: New input event: type=2
01-07 16:12:52.658 20189 20206 V threaded_app: New input event: type=2
01-07 16:12:52.675 20189 20206 V threaded_app: New input event: type=2
01-07 16:12:52.682  3757  4398 D InputReader: Input event(3): value=0 when=20707901121000
01-07 16:12:52.682  3757  4398 D InputReader: Input event(3): value=0 when=20707901121000
01-07 16:12:52.682  3757  4398 I InputReader: Touch event's action is 0x1 (deviceType=0) [pCnt=1, s=] when=20707901121000
01-07 16:12:52.683  3757  4397 I InputDispatcher: Delivering touch to (20189): action: 0x1, toolType: 1
01-07 16:12:52.685 20189 20206 V threaded_app: New input event: type=2
01-07 16:12:52.687 20189 20206 V threaded_app: New input event: type=2
01-07 16:12:52.689 20189 20189 D ViewRootImpl@e972267[GameActivity]: ViewPostImeInputStage processPointer 1
01-07 16:12:53.475  3757  4398 D InputReader: Input event(3): value=1 when=20708694838000
01-07 16:12:53.475  3757  4398 D InputReader: Input event(3): value=1 when=20708694838000
01-07 16:12:53.476  3757  4398 I InputReader: Touch event's action is 0x0 (deviceType=0) [pCnt=1, s=0.2582 ] when=20708694838000
01-07 16:12:53.476  3757  4397 I InputDispatcher: Delivering touch to (20189): action: 0x0, toolType: 1
01-07 16:12:53.477 20189 20206 V threaded_app: New input event: type=2
01-07 16:12:53.478 20189 20189 D ViewRootImpl@e972267[GameActivity]: ViewPostImeInputStage processPointer 0
01-07 16:12:53.493 20189 20206 V threaded_app: New input event: type=2
01-07 16:12:53.510 20189 20206 V threaded_app: New input event: type=2
01-07 16:12:53.526 20189 20206 V threaded_app: New input event: type=2
01-07 16:12:53.543 20189 20206 V threaded_app: New input event: type=2
01-07 16:12:53.560 20189 20206 V threaded_app: New input event: type=2
01-07 16:12:53.576 20189 20206 V threaded_app: New input event: type=2
01-07 16:12:53.593 20189 20206 V threaded_app: New input event: type=2
01-07 16:12:53.609 20189 20206 V threaded_app: New input event: type=2
01-07 16:12:53.626 20189 20206 V threaded_app: New input event: type=2
01-07 16:12:53.644 20189 20206 V threaded_app: New input event: type=2
01-07 16:12:53.660 20189 20206 V threaded_app: New input event: type=2
01-07 16:12:53.677 20189 20206 V threaded_app: New input event: type=2
01-07 16:12:53.693 20189 20206 V threaded_app: New input event: type=2
01-07 16:12:53.811 20189 20206 V threaded_app: New input event: type=2
01-07 16:12:53.827 20189 20206 V threaded_app: New input event: type=2
01-07 16:12:53.845 20189 20206 V threaded_app: New input event: type=2
01-07 16:12:53.866  3757  4398 D InputReader: Input event(3): value=0 when=20709085289000
01-07 16:12:53.866  3757  4398 D InputReader: Input event(3): value=0 when=20709085289000
01-07 16:12:53.866  3757  4398 I InputReader: Touch event's action is 0x1 (deviceType=0) [pCnt=1, s=] when=20709085289000
01-07 16:12:53.866  3757  4397 I InputDispatcher: Delivering touch to (20189): action: 0x1, toolType: 1
01-07 16:12:53.867 20189 20206 V threaded_app: New input event: type=2
01-07 16:12:53.868 20189 20189 D ViewRootImpl@e972267[GameActivity]: ViewPostImeInputStage processPointer 1
01-07 16:12:54.227  3757  4398 D InputReader: Input event(3): value=1 when=20709446731000
01-07 16:12:54.227  3757  4398 D InputReader: Input event(3): value=1 when=20709446731000
01-07 16:12:54.228  3757  4398 I InputReader: Touch event's action is 0x0 (deviceType=0) [pCnt=1, s=0.2583 ] when=20709446731000
01-07 16:12:54.228  3757  4397 I InputDispatcher: Delivering touch to (20189): action: 0x0, toolType: 1
01-07 16:12:54.228  3757  4397 D PowerManagerService: [api] userActivityFromNative : 10 (event: 2 flags: 0) eventTime = 20709446
01-07 16:12:54.229 20189 20206 V threaded_app: New input event: type=2
01-07 16:12:54.230 20189 20189 D ViewRootImpl@e972267[GameActivity]: ViewPostImeInputStage processPointer 0
01-07 16:12:54.264 20189 20206 V threaded_app: New input event: type=2
01-07 16:12:54.279 20189 20206 V threaded_app: New input event: type=2
01-07 16:12:54.296 20189 20206 V threaded_app: New input event: type=2
01-07 16:12:54.313 20189 20206 V threaded_app: New input event: type=2
01-07 16:12:54.328 20189 20206 V threaded_app: New input event: type=2
01-07 16:12:54.344 20189 20206 V threaded_app: New input event: type=2
01-07 16:12:54.361 20189 20206 V threaded_app: New input event: type=2
01-07 16:12:54.377 20189 20206 V threaded_app: New input event: type=2
01-07 16:12:54.413 20189 20206 V threaded_app: New input event: type=2
01-07 16:12:54.445 20189 20206 V threaded_app: New input event: type=2
01-07 16:12:54.478 20189 20206 V threaded_app: New input event: type=2
01-07 16:12:54.512 20189 20206 V threaded_app: New input event: type=2
01-07 16:12:54.595 20189 20206 V threaded_app: New input event: type=2
01-07 16:12:54.611 20189 20206 V threaded_app: New input event: type=2
01-07 16:12:54.629 20189 20206 V threaded_app: New input event: type=2
01-07 16:12:54.651  3757  4398 D InputReader: Input event(3): value=0 when=20709870826000
01-07 16:12:54.651  3757  4398 D InputReader: Input event(3): value=0 when=20709870826000
01-07 16:12:54.651  3757  4398 I InputReader: Touch event's action is 0x1 (deviceType=0) [pCnt=1, s=] when=20709870826000
01-07 16:12:54.652  3757  4397 I InputDispatcher: Delivering touch to (20189): action: 0x1, toolType: 1
01-07 16:12:54.652 20189 20206 V threaded_app: New input event: type=2
01-07 16:12:54.654 20189 20189 D ViewRootImpl@e972267[GameActivity]: ViewPostImeInputStage processPointer 1
01-07 16:12:54.899  3757  4458 D WifiStateMachine: Current network is: "wilkinson2.4" , ID is: 30
01-07 16:12:54.900  3757  4458 I WifiStateMachine: IMS calling, current network is always qualified
01-07 16:12:55.075  3757  4398 D InputReader: Input event(3): value=1 when=20710294314000
01-07 16:12:55.075  3757  4398 D InputReader: Input event(3): value=1 when=20710294314000
01-07 16:12:55.075  3757  4398 I InputReader: Touch event's action is 0x0 (deviceType=0) [pCnt=1, s=0.2584 ] when=20710294314000
01-07 16:12:55.075  3757  4397 I InputDispatcher: Delivering touch to (20189): action: 0x0, toolType: 1
01-07 16:12:55.076 20189 20206 V threaded_app: New input event: type=2
01-07 16:12:55.077 20189 20189 D ViewRootImpl@e972267[GameActivity]: ViewPostImeInputStage processPointer 0
01-07 16:12:55.095 20189 20206 V threaded_app: New input event: type=2
01-07 16:12:55.113 20189 20206 V threaded_app: New input event: type=2
01-07 16:12:55.131 20189 20206 V threaded_app: New input event: type=2
01-07 16:12:55.147 20189 20206 V threaded_app: New input event: type=2
01-07 16:12:55.163 20189 20206 V threaded_app: New input event: type=2
01-07 16:12:55.179 20189 20206 V threaded_app: New input event: type=2
01-07 16:12:55.212 20189 20206 V threaded_app: New input event: type=2
01-07 16:12:55.247 20189 20206 V threaded_app: New input event: type=2
01-07 16:12:55.278  3757  7205 D ConnectivityService: filterNetworkStateForUid() uid: 10179 networkInfo: [type: MOBILE[] - MOBILE, state: DISCONNECTED/DISCONNECTED, reason: (unspecified), extra: (none), failover: false, available: true, roaming: false, metered: false]
01-07 16:12:55.278  3757  7205 W NetworkIdentity: Active mobile network without subscriber!
01-07 16:12:55.279  3757  7205 D ConnectivityService: filterNetworkStateForUid() uid: 10179 networkInfo: [type: WIFI[] - WIFI, state: CONNECTED/CONNECTED, reason: (unspecified), extra: "wilkinson2.4", failover: false, available: true, roaming: false, metered: false]
01-07 16:12:55.280 20189 20206 V threaded_app: New input event: type=2
01-07 16:12:55.280  3757  7205 D ConnectivityService: filterNetworkStateForUid() uid: 10179 networkInfo: [type: MOBILE_MMS[] - MOBILE_MMS, state: DISCONNECTED/DISCONNECTED, reason: (unspecified), extra: (none), failover: false, available: true, roaming: false, metered: false]
01-07 16:12:55.280  3757  7205 W NetworkIdentity: Active mobile network without subscriber!
01-07 16:12:55.281  3757  7205 D ConnectivityService: filterNetworkStateForUid() uid: 10179 networkInfo: [type: MOBILE_SUPL[] - MOBILE_SUPL, state: DISCONNECTED/DISCONNECTED, reason: (unspecified), extra: (none), failover: false, available: true, roaming: false, metered: false]
01-07 16:12:55.281  3757  7205 W NetworkIdentity: Active mobile network without subscriber!
01-07 16:12:55.282  3757  7205 D ConnectivityService: filterNetworkStateForUid() uid: 10179 networkInfo: [type: MOBILE_DUN[] - MOBILE_DUN, state: DISCONNECTED/DISCONNECTED, reason: (unspecified), extra: (none), failover: false, available: true, roaming: false, metered: false]
01-07 16:12:55.282  3757  7205 W NetworkIdentity: Active mobile network without subscriber!
01-07 16:12:55.283  3757  7205 D ConnectivityService: filterNetworkStateForUid() uid: 10179 networkInfo: [type: MOBILE_HIPRI[] - MOBILE_HIPRI, state: DISCONNECTED/DISCONNECTED, reason: (unspecified), extra: (none), failover: false, available: true, roaming: false, metered: false]
01-07 16:12:55.283  3757  7205 W NetworkIdentity: Active mobile network without subscriber!
01-07 16:12:55.283  3757  7205 D ConnectivityService: filterNetworkStateForUid() uid: 10179 networkInfo: [type: BLUETOOTH[] - BLUETOOTH, state: DISCONNECTED/DISCONNECTED, reason: (unspecified), extra: (none), failover: false, available: true, roaming: false, metered: false]
