01-14 22:21:18.978  3757  3774 I ActivityManager: Start proc 25389:com.samsung.android.calendar/u0a285 for broadcast com.samsung.android.calendar/com.android.calendar.common.receiver.WeatherActionReceiver
01-14 22:21:18.978 25339 25382 D [WeatherWidget(15061)]  : {[859EC4DAD3474A9CEBA32F62EB1268E89447C581EB66ADF4CBF2E33379D62BB200627BEE6E49C1C46D43520D6A9DA2638CF3D0CB913190B1FBFE16B4076611FD4E3A345D9B6523D6C70871768F9F36803969FA98636C86BDD96A50A5C332E314]}
01-14 22:21:18.980 25389 25389 E Zygote  : v2
01-14 22:21:18.980 25389 25389 I libpersona: KNOX_SDCARD checking this for 10285
01-14 22:21:18.980 25389 25389 I libpersona: KNOX_SDCARD not a persona
01-14 22:21:18.982 25389 25389 E Zygote  : accessInfo : 0
01-14 22:21:18.982 25339 25339 D [WeatherWidget(15061)]  : {[92814B0137E99BC1A45799D2DF2DAFD83A90D0369E5261C256E9236009B90AF93102C9204285E779911B0A5260A23C245E74F3C56E9790760016E17A78A5351E620ABA6DD04E0BBC5BEB0BE5BCB996C15E4CCEB222DCD8ACBD64D148B8E63FF2863828B305279E9681EA47CB6EA2A991]}
01-14 22:21:18.983 25389 25389 W SELinux : SELinux selinux_android_compute_policy_index : Policy Index[2],  Con:u:r:zygote:s0 RAM:SEPF_SECMOBILE_7.0_0009, [-1 -1 -1 -1 0 1]
01-14 22:21:18.983 25339 25339 D [WeatherWidget(15061)]  : {[AB2EA232D9D918C5DCF18761D4838C31104B8E91A5A763C5694710FFAD965B7D]}
01-14 22:21:18.984 25339 25339 D [WeatherWidget(15061)]  : {[15C09394A4E9AFE55A5C62F22AB3FC596F042F71D50D29517626203C1B5A081E1575B704CCD205238E47B82C2F87C3F6]}
01-14 22:21:18.985 25339 25339 D [WeatherWidget(15061)]  : {[59F4E8D154FA78031E153DE0D941ACE8947ECD727D686F7FF92D2F0FC224CC9A]}
01-14 22:21:18.986 25389 25389 I SELinux : SELinux: seapp_context_lookup: seinfo=platform, level=s0:c512,c768, pkgname=com.samsung.android.calendar 
01-14 22:21:18.991  3268 25312 I tlc_communication: mcWaitNotification is completed;237
01-14 22:21:18.991  3268 25312 I TLC_BAUTH: Check the Trustlet return code is completed;1353
01-14 22:21:18.991  3268 25312 D bauth_FPBAuthService: FPBAuthService, 3843
01-14 22:21:18.991  3268 25312 D bauth_FPBAuthService: check_opcode status = 2, opcode = 7, func_ret_val = 0, function_status = 2, timeout = 50
01-14 22:21:19.007 25339 25382 D [WeatherWidget(15061)]  : {[859EC4DAD3474A9CEBA32F62EB1268E89447C581EB66ADF4CBF2E33379D62BB279EDA8E071F27C9197642CEA5FDDAFF7710C3872B8D73A78AE1CF06ECC505D472FC0AE196F2354D5F39CCE3448FCBC8BD03E113D9F93BE8CE7C7767706D11EAB]}
01-14 22:21:19.021 25339 25339 D [WeatherWidget(15061)]  : {[92814B0137E99BC1A45799D2DF2DAFD83A90D0369E5261C256E9236009B90AF93102C9204285E779911B0A5260A23C245E74F3C56E9790760016E17A78A5351E620ABA6DD04E0BBC5BEB0BE5BCB996C15E4CCEB222DCD8ACBD64D148B8E63FF2863828B305279E9681EA47CB6EA2A991]}
01-14 22:21:19.023 25339 25339 D [WeatherWidget(15061)]  DB L2: {[610591C4E30FED4A153FF198DAC84EFE34105AC04224A27A6EA4D87EAF16DF76B52CD5EF9AE8CDBACF25F24E6EA3A49D0CA79EEABA193FCE0366092B3760C5F3]}
01-14 22:21:19.025 25339 25339 D [WeatherWidget(15061)]  : {[5996EF099FC0F34ED8933B9995473FDED202967BF4BAF497ED98BD1013E2EEAF9BBE67BFF187987F2BABB50CE278C770]}
01-14 22:21:19.036 25339 25382 D [WeatherWidget(15061)]  : {[859EC4DAD3474A9CEBA32F62EB1268E89447C581EB66ADF4CBF2E33379D62BB200627BEE6E49C1C46D43520D6A9DA2630CCD81D41050E9D711EBCA3575D3F84BB9C0C08A239F728882FBE41A16B69551D86E0F53134885C04A184C7343C69186E849C0DC393EBCFBF383825B59D6728F]}
01-14 22:21:19.037 25339 25339 D [WeatherWidget(15061)]  : {[BD1693628C029252CA095FEF8F76FB8C539598E2A2EC5ABD453EC4CE5E63D453DBF6198B31C9A83BA74935A3A5928488]}
01-14 22:21:19.037 25339 25382 D [WeatherWidget(15061)]  : {[859EC4DAD3474A9CEBA32F62EB1268E89447C581EB66ADF4CBF2E33379D62BB28B35DE955CB55CCA3966639978F926BA1ABF1B2AD9AE2A3F21A7E891A6250C7A6F3262A9596E65E972CCE0C7A50406DB3FC88E05E37AB7C94AEBC3F0859280C7]}
01-14 22:21:19.038 25339 25339 D [WeatherWidget(15061)]  DB L2: {[610591C4E30FED4A153FF198DAC84EFEE3319B0D622FD4A19809E90ED3C1398368D658B139FCCB8B9564F5B4E9CB634E15571913B999571412BC81CA2C78A07C]}
01-14 22:21:19.041 25389 25389 D TimaKeyStoreProvider: TimaKeyStore is not enabled: cannot add TimaSignature Service and generateKeyPair Service
01-14 22:21:19.041  3268 25312 I TLC_BAUTH: Call FP cmd 0x7;1303
01-14 22:21:19.041  3268 25312 I tlc_communication: Send Trustlet TCI Message;214
01-14 22:21:19.041  3268 25312 I tlc_communication: mcNotify is completed;224
01-14 22:21:19.046  3757 29842 D CompatibilityInfo: mCompatibilityFlags - 0
01-14 22:21:19.047  3757 29842 D CompatibilityInfo: applicationDensity - 420
01-14 22:21:19.047  3757 29842 D CompatibilityInfo: applicationScale - 1.0
01-14 22:21:19.047  3757 29842 I ActivityManager: DSS on for com.samsung.android.calendar and scale is 1.0
01-14 22:21:19.050  3757 29842 D CompatibilityInfo: mCompatibilityFlags - 0
01-14 22:21:19.050  3757 29842 D CompatibilityInfo: applicationDensity - 420
01-14 22:21:19.050  3757 29842 D CompatibilityInfo: applicationScale - 1.0
01-14 22:21:19.058  3757  7216 D AudioService: getStreamVolume 3 index 130
01-14 22:21:19.058 25339 25382 D [WeatherWidget(15061)]  : {[859EC4DAD3474A9CEBA32F62EB1268E89447C581EB66ADF4CBF2E33379D62BB2E8CF3207F8897E5BA2D90BDF02DBD917AFBE957E5547295A090B4F4ED3CBDF1F26D4A1517409F4BB9B5BF084A773920BCA343D97867AB51E74B2C7ACB7935FE5B87DAA6421391CC411C1907645D47357]}
01-14 22:21:19.059 25339 25339 D [WeatherWidget(15061)]  : {[E9BDC1AC9F9B078A92B3F309630276C89F9B6E52C087A495B97355481F2FDE5B58A757A09967AB7BD9E1187CEA5BB356FACBD4A552A7402C88647F970C513A69]}
01-14 22:21:19.059  3757 29842 D CompatibilityInfo: mCompatibilityFlags - 0
01-14 22:21:19.060  3757 29842 D CompatibilityInfo: applicationDensity - 420
01-14 22:21:19.060  3757 29842 D CompatibilityInfo: applicationScale - 1.0
01-14 22:21:19.060 25339 25339 D [WeatherWidget(15061)]  : {[D8993B48F5FD9B7A71D8615D2329D19831F0A74A0A012330746D4C85901923EC69EB218C1E2A8BAB5D68704D277342DC]}
01-14 22:21:19.061 25339 25339 D [WeatherWidget(15061)]  : {[9C1073CE82D9D334C812CB80328F71A308EED20030F641D17F48B30F1B500A82]}
01-14 22:21:19.063  3757 31270 D AudioService: getStreamVolume 3 index 130
01-14 22:21:19.063 25339 25339 D [WeatherWidget(15061)]  : {[1FCD247B1B468B541089CDB282555A1CAFBBAA4A6237F21D24FDB8D4BBA99CFA5621CC8348493446A06E82586171CC94]}
01-14 22:21:19.064 25339 25382 D [WeatherWidget(15061)]  : {[859EC4DAD3474A9CEBA32F62EB1268E89447C581EB66ADF4CBF2E33379D62BB200627BEE6E49C1C46D43520D6A9DA2631AE852A791496D084DE0B9D0873A09AD84EE4CD2475EB59B2C856455E4C07AF7370489C023478F27AE960535F4D9EB62]}
01-14 22:21:19.075 25339 25339 D [WeatherWidget(15061)]  : {[442A78C441563703DDF891B97B4BA6FAC6929EAFE01E0B33A09EB07889B9E5B5B11C7477EA9D98558B4038DFA470D91B]}
01-14 22:21:19.076 25389 25389 W System  : ClassLoader referenced unknown path: /system/app/SamsungCalendar_Stable/lib/arm64
01-14 22:21:19.080 25339 25339 D [WeatherWidget(15061)]  : {[E9E3936005EAFD75CC1E7148AA3CAD83C0A3F51B25B9D2379A42E2A47CD480734C79BE494F43B505E51CD64275996150]}
01-14 22:21:19.084 25339 25339 D [WeatherWidget(15061)]  : {[490D55564B5675E444E8C95C5EC590FE6B85D26C8567267E8F65BA76FB680B1EC9424358B64A64B59C59E0777C5E6D35]}
01-14 22:21:19.088 25339 25339 D [WeatherWidget(15061)]  : {[CD3A5B2C74BC1DAD147333218241B1E2BCFE655EBA7042BEC194CB74F5CE4851167F282537419E8C5B10F57730E27337]}
01-14 22:21:19.089  3268 25312 I tlc_communication: mcWaitNotification is completed;237
01-14 22:21:19.089  3268 25312 I TLC_BAUTH: Check the Trustlet return code is completed;1353
01-14 22:21:19.089  3268 25312 D bauth_FPBAuthService: FPBAuthService, 3843
01-14 22:21:19.089  3268 25312 D bauth_FPBAuthService: check_opcode status = 2, opcode = 7, func_ret_val = 0, function_status = 2, timeout = 0
01-14 22:21:19.090 25339 25339 D [WeatherWidget(15061)]  DB L2: {[610591C4E30FED4A153FF198DAC84EFEE3319B0D622FD4A19809E90ED3C1398368D658B139FCCB8B9564F5B4E9CB634E71C2CBC280733E5CE5FF2AAE8B964A3D]}
01-14 22:21:19.090 25389 25389 I MultiDex: VM with version 2.1.0 has multidex support
01-14 22:21:19.090 25389 25389 I MultiDex: install
01-14 22:21:19.090 25389 25389 I MultiDex: VM has multidex support, MultiDex support library is disabled.
01-14 22:21:19.091 25339 25339 D [WeatherWidget(15061)]  : {[E9BDC1AC9F9B078A92B3F309630276C89F9B6E52C087A495B97355481F2FDE5B58A757A09967AB7BD9E1187CEA5BB356FACBD4A552A7402C88647F970C513A69]}
01-14 22:21:19.092 25339 25339 D [WeatherWidget(15061)]  DB L2: {[610591C4E30FED4A153FF198DAC84EFE259FA03515F619060291D19B9A2E73CB46DA064369D1073FED4BA9669B425DCAD722A8EEF9CBB09B388805A8159283D6]}
01-14 22:21:19.094 25339 25339 D [WeatherWidget(15061)]  DB L2: {[610591C4E30FED4A153FF198DAC84EFE1A65FB0EE8B7C5763A9CB231BC13495C0980BD17AB2024B4E3F440D28DAC546BB9F364A68CBD0F5982AB501ECDC4CAA7]}
01-14 22:21:19.096 25339 25339 D [WeatherWidget(15061)]  : {[DFD94D30EABD30B99C8E6B65B7E5E9E8C1CC814BB8E01A1E672D69F2337595306D821D52B117BFB2B7725BA186A553C2]}
01-14 22:21:19.100 25339 25339 D [WeatherWidget(15061)]  DB L2: {[610591C4E30FED4A153FF198DAC84EFE34105AC04224A27A6EA4D87EAF16DF76B52CD5EF9AE8CDBACF25F24E6EA3A49D4E16D607B9579CB8F28E17B614808326]}
01-14 22:21:19.101 25339 25339 D [WeatherWidget(15061)]  : {[0E8A41EEBD23A8CDC74AF20A1577A23791B87F716BC65ACCEAEEE7E1F1D9E8F70CF8D16B6F652A06E336413549345898]}
01-14 22:21:19.102 25339 25339 D [WeatherWidget(15061)]  DB L2: {[610591C4E30FED4A153FF198DAC84EFEE3319B0D622FD4A19809E90ED3C1398368D658B139FCCB8B9564F5B4E9CB634EAC25A21EC76126F1DCAE1C6E507E5647]}
01-14 22:21:19.104 25339 25339 D [WeatherWidget(15061)]  : {[E9BDC1AC9F9B078A92B3F309630276C89F9B6E52C087A495B97355481F2FDE5B58A757A09967AB7BD9E1187CEA5BB356FACBD4A552A7402C88647F970C513A69]}
01-14 22:21:19.105 25339 25339 D [WeatherWidget(15061)]  DB L2: {[610591C4E30FED4A153FF198DAC84EFE259FA03515F619060291D19B9A2E73CB46DA064369D1073FED4BA9669B425DCA2A71E48B7F12859D9E0861D77BAD149F]}
01-14 22:21:19.106 25339 25339 D [WeatherWidget(15061)]  DB L2: {[610591C4E30FED4A153FF198DAC84EFE1A65FB0EE8B7C5763A9CB231BC13495C0980BD17AB2024B4E3F440D28DAC546BBB8DA59BC6470D8581DE23724885A595]}
01-14 22:21:19.108 25339 25339 D [WeatherWidget(15061)]  : {[4E5D5C4244EADDBCDA19A1AC7B26969AC122CA82D70BF5134F46159523EC92F746C4CC9CE8750321D511FD264A16901A]}
01-14 22:21:19.110 25389 25389 D SamsungAnalytics:1.8.22: cf feature is supported
01-14 22:21:19.121 25389 25389 D SamsungAnalytics:1.8.22: [Tracker] Tracker start:1.8.22
01-14 22:21:19.127  3757 29840 D CompatibilityInfo: mCompatibilityFlags - 0
01-14 22:21:19.127  3757 29840 D CompatibilityInfo: applicationDensity - 420
01-14 22:21:19.127  3757 29840 D CompatibilityInfo: applicationScale - 1.0
01-14 22:21:19.139  3757  4469 D SamsungAlarmManager: Cancel Alarm calling from uid:10285 pid :25389 / op:PendingIntent{444a0cf: PendingIntentRecord{951ba5c com.samsung.android.calendar broadcastIntent}}
01-14 22:21:19.145 25339 25339 D [WeatherWidget(15061)]  : {[6962E010A53E2D3751CD098CFC73BF657588F3F4788A26999E31E1752D4FF82774D028596ACA2FE49A346BC8C446F647]}
01-14 22:21:19.146 25339 25339 D [WeatherWidget(15061)]  : {[E65FB96B7B517D18451E52AC3AC95EAE1C55837DF224D2E04BE512E5B91DAEEC3CBF89DC032BF37FFE88B84E22AF77A9]}
01-14 22:21:19.146 25339 25339 D [WeatherWidget(15061)]  : {[7EC14F8BB6636439449F06DA0EA7F05EA7C6F9B614AB48073A569CEF12D3C828]}
01-14 22:21:19.146 25339 25339 D [WeatherWidget(15061)]  DB L2: {[610591C4E30FED4A153FF198DAC84EFEE3319B0D622FD4A19809E90ED3C1398368D658B139FCCB8B9564F5B4E9CB634E7DD6FEBAD5285838C710C65EE6E4FEB3]}
01-14 22:21:19.147 25339 25339 D [WeatherWidget(15061)]  : {[E9BDC1AC9F9B078A92B3F309630276C89F9B6E52C087A495B97355481F2FDE5B58A757A09967AB7BD9E1187CEA5BB356FACBD4A552A7402C88647F970C513A69]}
01-14 22:21:19.147 25339 25339 D [WeatherWidget(15061)]  DB L2: {[610591C4E30FED4A153FF198DAC84EFE259FA03515F619060291D19B9A2E73CB46DA064369D1073FED4BA9669B425DCA088F9206CA3ED34CE67D198D5BF91AB0]}
01-14 22:21:19.148 25339 25339 D [WeatherWidget(15061)]  DB L2: {[610591C4E30FED4A153FF198DAC84EFE1A65FB0EE8B7C5763A9CB231BC13495C0980BD17AB2024B4E3F440D28DAC546B4D8D1E1385FF565F1D1D6776C1EEF226]}
01-14 22:21:19.151 25339 25339 D [WeatherWidget(15061)]  : {[A3D0376F110ED1708C277D8494D333F60FEAA5C695DC06C5BCC463A68D8759B59561AC759D3F668AF78C1B1218B957E3A811DE095895007FDDE939F900F3C7DC]}
01-14 22:21:19.151 25339 25339 D [WeatherWidget(15061)]  : {[57479E78314F38F7DB3EE477BEF7D670BB43903225A8E2C8ECAC2DCBEE8B3FAFB9D01D93C98549BF46477C6F30D70DF9]}
01-14 22:21:19.151 25339 25339 D [WeatherWidget(15061)]  : {[AB2EA232D9D918C5DCF18761D4838C31104B8E91A5A763C5694710FFAD965B7D]}
01-14 22:21:19.152 25339 25339 D [WeatherWidget(15061)]  DB L2: {[610591C4E30FED4A153FF198DAC84EFEE3319B0D622FD4A19809E90ED3C1398368D658B139FCCB8B9564F5B4E9CB634E2F26BE68F63556D8DF19D8BB21B67B5E]}
01-14 22:21:19.152 25339 25339 D [WeatherWidget(15061)]  : {[E9BDC1AC9F9B078A92B3F309630276C89F9B6E52C087A495B97355481F2FDE5B58A757A09967AB7BD9E1187CEA5BB356FACBD4A552A7402C88647F970C513A69]}
01-14 22:21:19.152 25339 25339 D [WeatherWidget(15061)]  : {[038FBE6A0C1C9C4D400219E8B85B450684640AA3F6A989087DE001E389A08436]}
01-14 22:21:19.153 25339 25339 D [WeatherWidget(15061)]  : {[55815A80F8D7EB03565E3F8393CFF9E918AD5F915CD5FAE51E5B2FF14F5C1A4B1563130EEBFC107F9855B4CB50427F22]}
01-14 22:21:19.153 25339 25339 D [WeatherWidget(15061)]  DB L2: {[610591C4E30FED4A153FF198DAC84EFEE3319B0D622FD4A19809E90ED3C1398368D658B139FCCB8B9564F5B4E9CB634E05792F8006BA644615F78C819C57CB77]}
01-14 22:21:19.153 25339 25339 D [WeatherWidget(15061)]  : {[E9BDC1AC9F9B078A92B3F309630276C89F9B6E52C087A495B97355481F2FDE5B58A757A09967AB7BD9E1187CEA5BB356FACBD4A552A7402C88647F970C513A69]}
01-14 22:21:19.154 25339 25339 D [WeatherWidget(15061)]  DB L2: {[610591C4E30FED4A153FF198DAC84EFE259FA03515F619060291D19B9A2E73CB46DA064369D1073FED4BA9669B425DCA34BC74E1C2120BC385EEFF68368FD0E0]}
01-14 22:21:19.154 25339 25339 D [WeatherWidget(15061)]  DB L2: {[610591C4E30FED4A153FF198DAC84EFE1A65FB0EE8B7C5763A9CB231BC13495C0980BD17AB2024B4E3F440D28DAC546B2D683BC11DC8D3F71DD0BD6753E83EEC]}
01-14 22:21:19.155 25339 25339 D [WeatherWidget(15061)]  : {[65D4E43CEE7D8C0CDA49BFB88BB89A27968B4E49378209C95B4CB8E9297D0BA7412576CA5588D348B4A36528D9FED6CC]}
01-14 22:21:19.155 25339 25339 D [WeatherWidget(15061)]  : {[59EA6A3DBAD270A161BB723EFF01548F9DD24336AF7B48BD918089CB2F6B87C0D20C24B05FC9EF007ECF617A9F2C4ACF]}
01-14 22:21:19.156 25339 25339 D [WeatherWidget(15061)]  : {[C779B23635AEA1DE19D8E21946A84D7EBF6E42F665CE93E080A88758086C57A2CA0D51FBF69F2D2F1196008265DC1374]}
01-14 22:21:19.156  3757 10512 I ActivityManager: Killing 24197:com.android.chrome/u0a104 (adj 906): DHA:empty #31
01-14 22:21:19.158 25339 25339 D [WeatherWidget(15061)]  : {[B778DD2FBB910D9C0BC35536CD290B67B9F22D4F1CD949F4ACA881B9EAE6663F]}
01-14 22:21:19.158 25339 25339 D [WeatherWidget(15061)]  DB L2: {[610591C4E30FED4A153FF198DAC84EFEE3319B0D622FD4A19809E90ED3C1398368D658B139FCCB8B9564F5B4E9CB634EFB0C05FAA74A49C0E4E7AE87B4FEEF47]}
01-14 22:21:19.158 25339 25339 D [WeatherWidget(15061)]  : {[E9BDC1AC9F9B078A92B3F309630276C89F9B6E52C087A495B97355481F2FDE5B58A757A09967AB7BD9E1187CEA5BB356FACBD4A552A7402C88647F970C513A69]}
01-14 22:21:19.159 25339 25339 D [WeatherWidget(15061)]  DB L2: {[610591C4E30FED4A153FF198DAC84EFE259FA03515F619060291D19B9A2E73CB46DA064369D1073FED4BA9669B425DCAA08D23DC4674FCBAE58ECEE9ED044511]}
01-14 22:21:19.159 25339 25339 D [WeatherWidget(15061)]  DB L2: {[610591C4E30FED4A153FF198DAC84EFE1A65FB0EE8B7C5763A9CB231BC13495C0980BD17AB2024B4E3F440D28DAC546B4929F9591A136EFAD07994A7C1547782]}
01-14 22:21:19.160 25339 25339 D [WeatherWidget(15061)]  : {[AB2EA232D9D918C5DCF18761D4838C31104B8E91A5A763C5694710FFAD965B7D]}
01-14 22:21:19.162 25339 25339 D [WeatherWidget(15061)]  : {[6A7C0127EA4BBB302979E48D8BC3D458C7DE07B497371FE61B6D6EC2B5F9E5AC4C2EDBCDBAFB49A60C94917619076D1F0546F464E59553B899A29CD1C19D8682CEF88BB16BFEE745F93B8DEB4B9AC8177E9644C1C7923DD8195F51F063CE6B4F]}
01-14 22:21:19.181 25339 25339 D [WeatherWidget(15061)]  : {[AB2EA232D9D918C5DCF18761D4838C31104B8E91A5A763C5694710FFAD965B7D]}
01-14 22:21:19.182 25339 25339 D [WeatherWidget(15061)]  : {[47835F44FEC2C7BBFBE7512D1F4A504EBD404C1A429956ABCB46767BFEF0647C]}
01-14 22:21:19.182 25339 25339 D [WeatherWidget(15061)]  DB L2: {[610591C4E30FED4A153FF198DAC84EFEE3319B0D622FD4A19809E90ED3C1398368D658B139FCCB8B9564F5B4E9CB634EEBCDC8BA6765334D38A6A6410A45FF40]}
01-14 22:21:19.182 25339 25339 D [WeatherWidget(15061)]  : {[E9BDC1AC9F9B078A92B3F309630276C89F9B6E52C087A495B97355481F2FDE5B58A757A09967AB7BD9E1187CEA5BB356FACBD4A552A7402C88647F970C513A69]}
01-14 22:21:19.183 25339 25339 D [WeatherWidget(15061)]  DB L2: {[610591C4E30FED4A153FF198DAC84EFE259FA03515F619060291D19B9A2E73CB46DA064369D1073FED4BA9669B425DCAB28652A7F0D89281E8B340E1614BDDAC]}
01-14 22:21:19.183 25339 25339 D [WeatherWidget(15061)]  DB L2: {[610591C4E30FED4A153FF198DAC84EFE1A65FB0EE8B7C5763A9CB231BC13495C0980BD17AB2024B4E3F440D28DAC546B5E23685DCC5A9A1B7FC3D4700BDB1A84]}
01-14 22:21:19.185  3757  5062 D ActivityManager: cleanUpApplicationRecord -- 24197
01-14 22:21:19.187 25339 25339 D [WeatherWidget(15061)]  : {[A1AF0F6A1A65A89C43D705938923D0FEED5EA035ED6D20B759619BC00C9935D6831863E46609C00F8BD79F5366D18B84]}
01-14 22:21:19.187 25339 25339 D [WeatherWidget(15061)]  DateTimeUtil: {[A1AF0F6A1A65A89C43D705938923D0FE9DF34BB466E70FF7FD832CE714038F3A3776BB1F62D62DA80DD4A92EF35C4CD445754706FA22E18EA6EE4C5DFE5A8D8015F0293E3BBCCD400BE3EBF7F361FA015C5BF469B8015F45DCCBBB10EAB95175382FDFA3F596721B33D0989943534607]}
01-14 22:21:19.188  6011  6033 D ForegroundUtils: could not check pending caller
01-14 22:21:19.188 25339 25339 D [WeatherWidget(15061)]  : {[6C8BD4E604DF95F636C08F656DA275D4BC565E39B2BCB4A04CE7139F6599A9E64510B98C126080875F28E67EC9EB677D]}
01-14 22:21:19.188 25339 25339 D [WeatherWidget(15061)]  : {[AB2EA232D9D918C5DCF18761D4838C31104B8E91A5A763C5694710FFAD965B7D]}
01-14 22:21:19.188 25339 25339 D [WeatherWidget(15061)]  : {[C53CE27E092CD8BA4DFBF93175A1A85054BAB1668233A3939C20BCCE4C4E64AD]}
01-14 22:21:19.189 25339 25339 D [WeatherWidget(15061)]  DB L2: {[610591C4E30FED4A153FF198DAC84EFEE3319B0D622FD4A19809E90ED3C1398368D658B139FCCB8B9564F5B4E9CB634E1504D34C33CB0CD18F5410A759864F0D]}
01-14 22:21:19.189 25339 25339 D [WeatherWidget(15061)]  : {[E9BDC1AC9F9B078A92B3F309630276C89F9B6E52C087A495B97355481F2FDE5B58A757A09967AB7BD9E1187CEA5BB356FACBD4A552A7402C88647F970C513A69]}
01-14 22:21:19.189 25339 25339 D [WeatherWidget(15061)]  DB L2: {[610591C4E30FED4A153FF198DAC84EFE259FA03515F619060291D19B9A2E73CB46DA064369D1073FED4BA9669B425DCA255C4AA4EC792426284ED2FD0C3E5679]}
01-14 22:21:19.190 25339 25339 D [WeatherWidget(15061)]  DB L2: {[610591C4E30FED4A153FF198DAC84EFE1A65FB0EE8B7C5763A9CB231BC13495C0980BD17AB2024B4E3F440D28DAC546B0E347D198067C86B8516E513D16876A2]}
01-14 22:21:19.190  3268 25312 I TLC_BAUTH: Call FP cmd 0x7;1303
01-14 22:21:19.190  3268 25312 I tlc_communication: Send Trustlet TCI Message;214
01-14 22:21:19.190  3268 25312 I tlc_communication: mcNotify is completed;224
01-14 22:21:19.191 25339 25339 D [WeatherWidget(15061)]  : {[948A6EB1C0DA2798C54B3301BBDD45C0694648AA603980A166E458521D7F57068DD819869022A35A0407A2DC433DED9DDD1A9BFB11AE030A756CE09B0BE96FB8]}
01-14 22:21:19.191 25339 25339 D [WeatherWidget(15061)]  DB L2: {[610591C4E30FED4A153FF198DAC84EFEE3319B0D622FD4A19809E90ED3C1398368D658B139FCCB8B9564F5B4E9CB634EDCE8ECDCBECA54EE408D0194D991A661]}
01-14 22:21:19.192 25339 25339 D [WeatherWidget(15061)]  : {[E9BDC1AC9F9B078A92B3F309630276C89F9B6E52C087A495B97355481F2FDE5B58A757A09967AB7BD9E1187CEA5BB356FACBD4A552A7402C88647F970C513A69]}
01-14 22:21:19.192 25339 25339 D [WeatherWidget(15061)]  : {[9965EFA5A36BD1E3837939C6B9E80AA76D2E78EA3FD07038785F5CB313A0CE7A30B7D7AC7D0E7781ED148AECE3F71A76]}
01-14 22:21:19.193 25339 25339 D [WeatherWidget(15061)]  DB L2: {[610591C4E30FED4A153FF198DAC84EFEE3319B0D622FD4A19809E90ED3C1398368D658B139FCCB8B9564F5B4E9CB634EDF0AF0F02174E1D5A04E6FD51C571B22]}
01-14 22:21:19.193 25339 25339 D [WeatherWidget(15061)]  : {[E9BDC1AC9F9B078A92B3F309630276C89F9B6E52C087A495B97355481F2FDE5B58A757A09967AB7BD9E1187CEA5BB356FACBD4A552A7402C88647F970C513A69]}
01-14 22:21:19.194 25339 25339 D [WeatherWidget(15061)]  DB L2: {[610591C4E30FED4A153FF198DAC84EFE259FA03515F619060291D19B9A2E73CB46DA064369D1073FED4BA9669B425DCA9C618BA0EF237B76DFC7F9EAED8200B8]}
01-14 22:21:19.196 25339 25339 D [WeatherWidget(15061)]  : {[AB2EA232D9D918C5DCF18761D4838C31104B8E91A5A763C5694710FFAD965B7D]}
01-14 22:21:19.196 25339 25339 D [WeatherWidget(15061)]  : {[4DDAD4FFEC751211057A46C65D5CC8CB940267D64149B4EA741F4074EDA0F3C3]}
01-14 22:21:19.197 25339 25339 D [WeatherWidget(15061)]  : {[8A6B22D311CC62E1DFE8D83ADE676BAF5784C7E08D8E6335AA252FCF3CA5BDE0]}
01-14 22:21:19.197 25339 25339 D [WeatherWidget(15061)]  : {[AB2EA232D9D918C5DCF18761D4838C31104B8E91A5A763C5694710FFAD965B7D]}
01-14 22:21:19.198 25339 25339 D [WeatherWidget(15061)]  : {[AB2EA232D9D918C5DCF18761D4838C31104B8E91A5A763C5694710FFAD965B7D]}
01-14 22:21:19.198 25339 25339 D [WeatherWidget(15061)]  DB L2: {[610591C4E30FED4A153FF198DAC84EFE34105AC04224A27A6EA4D87EAF16DF76B52CD5EF9AE8CDBACF25F24E6EA3A49DF2BF3DD9A1CEF5F2CFADF785C4A6D05C]}
01-14 22:21:19.198 25339 25339 D [WeatherWidget(15061)]  DB L2: {[610591C4E30FED4A153FF198DAC84EFEE3319B0D622FD4A19809E90ED3C1398368D658B139FCCB8B9564F5B4E9CB634EBE5A1E0689026D27426FD1032E1EC250]}
01-14 22:21:19.199 25339 25339 D [WeatherWidget(15061)]  : {[E9BDC1AC9F9B078A92B3F309630276C89F9B6E52C087A495B97355481F2FDE5B58A757A09967AB7BD9E1187CEA5BB356FACBD4A552A7402C88647F970C513A69]}
01-14 22:21:19.199 25339 25339 D [WeatherWidget(15061)]  DB L2: {[610591C4E30FED4A153FF198DAC84EFE259FA03515F619060291D19B9A2E73CB46DA064369D1073FED4BA9669B425DCA059C76E25E85F76E52818FFA938D6EF6]}
01-14 22:21:19.200 25339 25339 D [WeatherWidget(15061)]  DB L2: {[610591C4E30FED4A153FF198DAC84EFE1A65FB0EE8B7C5763A9CB231BC13495C0980BD17AB2024B4E3F440D28DAC546B99A5C59607805D2C556D6575D1140958]}
01-14 22:21:19.205  3757 29839 D AppWidgetServiceImpl: updateAppWidgetInstanceLocked, full update widget = AppWidgetId{2:Host{HostId{user:0, app:10081, hostId:1024, pkg:com.sec.android.app.launcher}}:Provider{ProviderId{user:0, app:10184, cmp:ComponentInfo{com.sec.android.daemonapp/com.sec.android.daemonapp.appwidget.WeatherAppWidget}}}}
01-14 22:21:19.207  3757  3757 D AppWidgetServiceImpl: handleNotifyUpdateAppWidget, w = AppWidgetId{2:Host{HostId{user:0, app:10081, hostId:1024, pkg:com.sec.android.app.launcher}}:Provider{ProviderId{user:0, app:10184, cmp:ComponentInfo{com.sec.android.daemonapp/com.sec.android.daemonapp.appwidget.WeatherAppWidget}}}}, isBlackListWidget = false, mIsPolicySeqNum = true, mIsPolicyTooLarge = true, mIsPolicySkipMerge = true
01-14 22:21:19.207  3757  3757 D AppWidgetServiceImpl: handleNotifyUpdateAppWidget, seqNumber = 110
01-14 22:21:19.207 25339 25339 D [WeatherWidget(15061)]  WeatherService: {[EC3334F14841398C8B464A72D0E61AB7C19CA34DF69EC42A7BD50FF01EB06E70CB5057E333274446F281A2D0E6349EA2]}
01-14 22:21:19.208 25339 25339 I [WeatherWidget(15061)]  WeatherDaemonService: {[0D15A0BDCA5CCB9CB67CEA5D6A5B70109924D60A174C2DFAD12A2CF8FFE4FFD84AD2C072B915697F3BB7ED77A8F03857]}
01-14 22:21:19.211  3757  2859 D CompatibilityInfo: mCompatibilityFlags - 0
01-14 22:21:19.211  3757  2859 D CompatibilityInfo: applicationDensity - 420
01-14 22:21:19.211  3757  2859 D CompatibilityInfo: applicationScale - 1.0
01-14 22:21:19.212 25339 25339 D [WeatherWidget(15061)]  WeatherAppWidget2x1: {[9C41A2EAFAAB2EF4F8363256C22FE8AD24D3616384EBEB10D68DCF98DD19E13C8DAEC659FCF79C4F6DA3AFAC23ED58EA3D4378042F5849EE7FB8C870D83CEAC0FF8D7CB56B4EBFCE49B698FEAD4F8865FE6B57F91143F0D1AF4A03B624757E0822C624EAFAD0B0166EBDD301EF56B9B3C825D296A113166AA2A03C6DE52B98C5]}
01-14 22:21:19.215 25339 25339 D [WeatherWidget(15061)]  WeatherAppWidget2x1: {[9C41A2EAFAAB2EF4F8363256C22FE8AD773772D9F7F97004FA2809B1271F964067B7E70A50E611E89C14863617FEBC955198FC6BA4F5710E9F626FE9D5618A6F]}
01-14 22:21:19.216 25339 25339 D [WeatherWidget(15061)]  : {[907D161D855C099E8A312E5C2BBE6025535DBBB5BBD827FC6E63D75F709CFBF954AE0885C52E41F05277D5DF3BE7D89405855AAA9A62A3E6274E1ABA76517016]}
01-14 22:21:19.216 25339 25339 D [WeatherWidget(15061)]  WeatherAppWidget2x1: {[9C41A2EAFAAB2EF4F8363256C22FE8AD176C2E70281622FE10C55CE4F020D91847EBF4B34973709DA9F468F8024D59099B1123845E09A0FAC59473FA9ED60953]}
01-14 22:21:19.220  3757  2859 D CompatibilityInfo: mCompatibilityFlags - 0
01-14 22:21:19.220  3757  2859 D CompatibilityInfo: applicationDensity - 420
01-14 22:21:19.221  3757  2859 D CompatibilityInfo: applicationScale - 1.0
01-14 22:21:19.222 25339 25339 D [WeatherWidget(15061)]  EasyWeatherAppWidget: {[48948B2BE5213A6D5B0C9B7747497512CAC38177609B2B6F1F16DB965D7D43410EDA2D444ACBA386E91E1FA6B3C38870128DD346C4D39F4B310AAEB16D5215E65B3E04A593E577F60D76D1932AD9EADD94EAF615C6107B1CB6BBC6925C276A50905BC4844BCE60A7227618CF993BA17DB60DEFC01AF183A5C8F14BF1A44B724C]}
01-14 22:21:19.223  3268 25312 I tlc_communication: mcWaitNotification is completed;237
01-14 22:21:19.223  3268 25312 I TLC_BAUTH: Check the Trustlet return code is completed;1353
01-14 22:21:19.223  3268 25312 D bauth_FPBAuthService: FPBAuthService, 3843
01-14 22:21:19.223  3268 25312 D bauth_FPBAuthService: check_opcode status = 2, opcode = 0, func_ret_val = 0, function_status = 2, timeout = 0
01-14 22:21:19.224  3268 25312 D bauth_FPBAuthSensorControl: FPBAuthSensorControl, 552
01-14 22:21:19.225  3268 25312 D bauth_FPBAuthService: FPBAuthService, 3918
01-14 22:21:19.225  3268 25312 D bauth_FPBAuthService: fpop : 100023
01-14 22:21:19.225  3268 25312 D fingerprintd: onAcquired(10004)
01-14 22:21:19.225  3268 25312 D bauth_FPBAuthService: FPBAuthService, 3948
01-14 22:21:19.226  3757  3757 I FingerprintService: handleAcquired : acquiredInfo=10004
01-14 22:21:19.226  3268 25312 D bauth_FPBAuthService: FPBAuthService, 3108
01-14 22:21:19.226  3268 25312 D bauth_FPBAuthService: BAuthSessionOpen Skip
01-14 22:21:19.226  3268 25312 D bauth_FPBAuthService: FPBAuthService, 3199
01-14 22:21:19.226  3268 25312 D bauth_FPBAuthService: wci 17 17
01-14 22:21:19.226  3268 25312 D         : fprc : cc 
01-14 22:21:19.226  3268 25312 D bauth_FPBAuthSensorControl: FPBAuthSensorControl, 800
01-14 22:21:19.226  3268 25312 D bauth_FPBAuthService: FPBAuthService, 3223
01-14 22:21:19.229 25339 25339 D [WeatherWidget(15061)]  : {[907D161D855C099E8A312E5C2BBE6025535DBBB5BBD827FC6E63D75F709CFBF954AE0885C52E41F05277D5DF3BE7D89405855AAA9A62A3E6274E1ABA76517016]}
01-14 22:21:19.229 25339 25339 D [WeatherWidget(15061)]  EasyWeatherAppWidget: {[48948B2BE5213A6D5B0C9B7747497512D7646A5A57C4B1820BB1D39DF9F23EA3D05ADA26DF3F5FEC4FA6AFC9EED5963485B3863BE45B906B9F93E60E1BD5AC1F]}
01-14 22:21:19.235  4616  4616 D KeyguardFingerPrint: onAuthenticationAcquired() = 10004
01-14 22:21:19.235  4616  4616 D KeyguardFingerPrint: fingerprint applyBooster
01-14 22:21:19.238  3757 29841 D CompatibilityInfo: mCompatibilityFlags - 0
01-14 22:21:19.238  3757 29841 D CompatibilityInfo: applicationDensity - 420
01-14 22:21:19.238  3757 29841 D CompatibilityInfo: applicationScale - 1.0
01-14 22:21:19.240  3757 31270 D PowerManagerService: [api] [s] userActivity : event: 0 flags: 0 (uid: 10055 pid: 4616) eventTime = 245456449
01-14 22:21:19.240  3268 25312 D bauth_FPBAuthServiceStorage: FPBAuthServiceStorage, 539
01-14 22:21:19.241  3757 25377 I BarTender:BatteryStatsDumper: writing to daily db completed
01-14 22:21:19.242  3268 25312 D bauth_FPBAuthSensorControl: FPBAuthSensorControl, 552
01-14 22:21:19.242 25339 25339 D [WeatherWidget(15061)]  DB L2: {[610591C4E30FED4A153FF198DAC84EFEE3319B0D622FD4A19809E90ED3C1398368D658B139FCCB8B9564F5B4E9CB634EEBF060A764E5650FA26DF8ABB25CFF54]}
01-14 22:21:19.242  3268 25312 D bauth_FPBAuthService: FPBAuthService, 3290
01-14 22:21:19.242 25339 25339 D [WeatherWidget(15061)]  : {[E9BDC1AC9F9B078A92B3F309630276C89F9B6E52C087A495B97355481F2FDE5B58A757A09967AB7BD9E1187CEA5BB356FACBD4A552A7402C88647F970C513A69]}
01-14 22:21:19.242 25339 25339 D [WeatherWidget(15061)]  : {[5FC4320581A8AC15DE22E16C22104154DDB37EC6622F7E91D9C1CCFAC2B2EF80F93C376ECC4FBB424F7FF28F4280227DB334EA55199F7AACE77E1F7E05855FE9C5216C1E592E2DE9E3372C7DE1544C653B39BB904C4BB23956C2942A765DE4897EE4944E1A5DF873C5C36E467FF60B9115DA36AF64C64BACED3980A1B336FEA5]}
01-14 22:21:19.242 25339 25339 D [WeatherWidget(15061)]  DB L2: {[610591C4E30FED4A153FF198DAC84EFE259FA03515F619060291D19B9A2E73CB46DA064369D1073FED4BA9669B425DCAA446F40097CC873EA8CDF064FAD50318]}
01-14 22:21:19.243 25339 25339 E [WeatherWidget(15061)]  : {[2199EA5540A978CF17D17C413568550AD4BAB8F3CC7B6E7B1F57271E9DB2E3B4EFB2331D03CB1080D541ED3A459C40D58B8BE1E09C9D17723ECF142F3ABDB479]}
01-14 22:21:19.246  3268 25312 I TLC_BAUTH: Call FP cmd 0xc (49);1557
01-14 22:21:19.246  3268 25312 I TLC_BAUTH: Skip cmd : 0xc, opcode : 49;1582
01-14 22:21:19.246  3268 25312 I TLC_BAUTH: Call FP cmd 0x5;1123
01-14 22:21:19.247  3268 25312 I tlc_communication: Send Trustlet TCI Message;214
01-14 22:21:19.247  3268 25312 I tlc_communication: mcNotify is completed;224
01-14 22:21:19.249  3757 29841 D CompatibilityInfo: mCompatibilityFlags - 0
01-14 22:21:19.249  3757 29841 D CompatibilityInfo: applicationDensity - 420
01-14 22:21:19.249  3757 29841 D CompatibilityInfo: applicationScale - 1.0
01-14 22:21:19.251 25339 25339 D [WeatherWidget(15061)]  WeatherAppWidget: {[9C41A2EAFAAB2EF4F8363256C22FE8ADE74F100B9CC487BE27E8F8A137E768022F3D75E4272B69C004B1ABF10C0F2210143AA65B58B0C7B8B0AA82129EA61300ACE1FEEB8AE1B3C007EB73257700FEB4C83357904C34359E6B7F99DFAFFAE5B5ED5A5635FC04D229F5EEB63A6D89559EBE95942ABBCB979FCA0BD97B1C2A838A]}
01-14 22:21:19.255 25339 25339 D [WeatherWidget(15061)]  : {[4C0512EFA0AB4990F6AA1DF592AD92A7F0B9EF71550DD16C356391DD9598536C]}
01-14 22:21:19.256 25339 25339 D [WeatherWidget(15061)]  : {[60F9DFBE0DDF665D78B93B355C69FD16FD82FBECAFC71D5DC70E8ABB3824B9582234AD038886808B2E7B2600E0220D8BE8A853685EF6E90C12176907908AD1737EA9980A151C821AE64ADECB1FD68FC0201B657D72E980D477D98F74E5B061CB717CE9EA74172678781AA7A2C9859440]}
01-14 22:21:19.257  3757 25377 I BarTender:BatteryStatsDumper: writing to weekly db completed
01-14 22:21:19.258  3757 25377 I BarTender:BatteryStatsDumper: refreshstats completed
01-14 22:21:19.258  3757 25377 I BarTender:GATHERERBATTSTATS: set - time:1547522479258
01-14 22:21:19.258  3757 25377 I BarTender:ANALYZERBATTSTATS: Observer from Gatherer - time:1547522479258
01-14 22:21:19.258  3757  4355 I BarTender:ANALYZERBATTSTATS: MSG_TYPE_BARTENDER_CHECK_POWER::
01-14 22:21:19.258  3757  4355 I BarTender:BatteryStatsDBHelper: checkForPowerThreshold called : 1547522479258
01-14 22:21:19.261  3757  5063 D AudioService: getStreamVolume 3 index 130
01-14 22:21:19.262  3757 31269 D CompatibilityInfo: mCompatibilityFlags - 0
01-14 22:21:19.262  3757 31269 D CompatibilityInfo: applicationDensity - 420
01-14 22:21:19.262  3757 31269 D CompatibilityInfo: applicationScale - 1.0
01-14 22:21:19.264  3757  4482 D AudioService: getStreamVolume 3 index 130
01-14 22:21:19.266 25339 25339 D [WeatherWidget(15061)]  WeatherAppWidget2x1: {[9C41A2EAFAAB2EF4F8363256C22FE8AD24D3616384EBEB10D68DCF98DD19E13C8DAEC659FCF79C4F6DA3AFAC23ED58EA3D4378042F5849EE7FB8C870D83CEAC0FF8D7CB56B4EBFCE49B698FEAD4F8865221971923C18F12719644D45976617AED33BB6A15515C3F60A8531A75A13C2AF7D95698B2F985693F00ECCAE55872FE3]}
01-14 22:21:19.267 25339 25339 D [WeatherWidget(15061)]  : {[907D161D855C099E8A312E5C2BBE6025535DBBB5BBD827FC6E63D75F709CFBF954AE0885C52E41F05277D5DF3BE7D89405855AAA9A62A3E6274E1ABA76517016]}
01-14 22:21:19.267 25339 25339 D [WeatherWidget(15061)]  WeatherAppWidget2x1: {[9C41A2EAFAAB2EF4F8363256C22FE8AD176C2E70281622FE10C55CE4F020D91847EBF4B34973709DA9F468F8024D59099B1123845E09A0FAC59473FA9ED60953]}
01-14 22:21:19.271  3757  7202 D CompatibilityInfo: mCompatibilityFlags - 0
01-14 22:21:19.271  3757  7202 D CompatibilityInfo: applicationDensity - 420
01-14 22:21:19.271  3757  7202 D CompatibilityInfo: applicationScale - 1.0
01-14 22:21:19.273 25339 25339 D [WeatherWidget(15061)]  EasyWeatherAppWidget: {[48948B2BE5213A6D5B0C9B7747497512CAC38177609B2B6F1F16DB965D7D43410EDA2D444ACBA386E91E1FA6B3C38870128DD346C4D39F4B310AAEB16D5215E65B3E04A593E577F60D76D1932AD9EADD16B356DA517EF1B193C3C2443D58583FF4130EE2B5F5334C0BA0A0CCF7224CD6C07C390FD15A32A436637D0FACABFEA4]}
01-14 22:21:19.276 25339 25339 D [WeatherWidget(15061)]  : {[907D161D855C099E8A312E5C2BBE6025535DBBB5BBD827FC6E63D75F709CFBF954AE0885C52E41F05277D5DF3BE7D89405855AAA9A62A3E6274E1ABA76517016]}
01-14 22:21:19.276 25339 25339 D [WeatherWidget(15061)]  EasyWeatherAppWidget: {[48948B2BE5213A6D5B0C9B7747497512D7646A5A57C4B1820BB1D39DF9F23EA3D05ADA26DF3F5FEC4FA6AFC9EED5963485B3863BE45B906B9F93E60E1BD5AC1F]}
01-14 22:21:19.287  3757  7202 D CompatibilityInfo: mCompatibilityFlags - 0
01-14 22:21:19.287  3757  7202 D CompatibilityInfo: applicationDensity - 420
01-14 22:21:19.287  3757  7202 D CompatibilityInfo: applicationScale - 1.0
01-14 22:21:19.296  3757  7202 D CompatibilityInfo: mCompatibilityFlags - 0
01-14 22:21:19.296  3757  7202 D CompatibilityInfo: applicationDensity - 420
01-14 22:21:19.296  3757  7202 D CompatibilityInfo: applicationScale - 1.0
01-14 22:21:19.306  3757  7202 D CompatibilityInfo: mCompatibilityFlags - 0
01-14 22:21:19.307  3757  7202 D CompatibilityInfo: applicationDensity - 420
01-14 22:21:19.307  3757  7202 D CompatibilityInfo: applicationScale - 1.0
01-14 22:21:19.308  3268 25312 I tlc_communication: mcWaitNotification is completed;237
01-14 22:21:19.308  3268 25312 I TLC_BAUTH: Check the Trustlet return code is completed;1207
01-14 22:21:19.308  3268 25312 D bauth_FPBAuthService: FPBAuthService, 3335
01-14 22:21:19.308  3268 25312 D bauth_FPBAuthService: check_opcode status = 2, opcode = 0, func_ret_val = 0, function_status = 0, timeout = 0
01-14 22:21:19.308  3268 25312 D bauth_FPBAuthService: FPBAuthService, 1145
01-14 22:21:19.308  3268 25312 D bauth_FPBAuthService: fpop : 100020
01-14 22:21:19.308  3268 25312 D fingerprintd: onAcquired(10001)
01-14 22:21:19.308  3268 25312 D bauth_FPBAuthUserInfo: FPBAuthUserInfo, 177
01-14 22:21:19.308  3268 25312 D bauth_FPBAuthService: FPBAuthService, 3388
01-14 22:21:19.308  3268 25312 I TLC_BAUTH: Call FP cmd 0x6;1222
01-14 22:21:19.308  3268 25312 I tlc_communication: Send Trustlet TCI Message;214
01-14 22:21:19.308  3268 25312 I tlc_communication: mcNotify is completed;224
01-14 22:21:19.308  3757  3757 I FingerprintService: handleAcquired : acquiredInfo=10001
01-14 22:21:19.315  3757  7202 D CompatibilityInfo: mCompatibilityFlags - 0
01-14 22:21:19.315  3757  7202 D CompatibilityInfo: applicationDensity - 420
01-14 22:21:19.315  3757  7202 D CompatibilityInfo: applicationScale - 1.0
01-14 22:21:19.320  4616  4616 D KeyguardFingerPrint: onAuthenticationAcquired() = 10001
01-14 22:21:19.321  4616  4616 D KeyguardFingerPrint: fingerprint applyBooster
01-14 22:21:19.324  3757  7202 D CompatibilityInfo: mCompatibilityFlags - 0
01-14 22:21:19.324  3757  7202 D CompatibilityInfo: applicationDensity - 420
01-14 22:21:19.324  3757  7202 D CompatibilityInfo: applicationScale - 1.0
01-14 22:21:19.325  3757  2859 D PowerManagerService: [api] [s] userActivity : event: 0 flags: 0 (uid: 10055 pid: 4616) eventTime = 245456533
01-14 22:21:19.332  3757  7202 D CompatibilityInfo: mCompatibilityFlags - 0
01-14 22:21:19.332  3757  7202 D CompatibilityInfo: applicationDensity - 420
01-14 22:21:19.332  3757  7202 D CompatibilityInfo: applicationScale - 1.0
01-14 22:21:19.337  3757  7202 D CompatibilityInfo: mCompatibilityFlags - 0
01-14 22:21:19.337  3757  7202 D CompatibilityInfo: applicationDensity - 420
01-14 22:21:19.337  3757  7202 D CompatibilityInfo: applicationScale - 1.0
01-14 22:21:19.341  3757  7202 D CompatibilityInfo: mCompatibilityFlags - 0
01-14 22:21:19.341  3757  7202 D CompatibilityInfo: applicationDensity - 420
01-14 22:21:19.341  3757  7202 D CompatibilityInfo: applicationScale - 1.0
01-14 22:21:19.347  3757 29842 D CompatibilityInfo: mCompatibilityFlags - 0
01-14 22:21:19.347  3757 29842 D CompatibilityInfo: applicationDensity - 420
01-14 22:21:19.347  3757 29842 D CompatibilityInfo: applicationScale - 1.0
01-14 22:21:19.349 25339 25339 D [WeatherWidget(15061)]  WeatherAppWidget: {[9C41A2EAFAAB2EF4F8363256C22FE8ADE74F100B9CC487BE27E8F8A137E768022F3D75E4272B69C004B1ABF10C0F2210143AA65B58B0C7B8B0AA82129EA61300ACE1FEEB8AE1B3C007EB73257700FEB40012AEFB7CC6C0EA9B17C2FF4B39AE6B298CD024C1101FF065A2AF329AA7DF89EFE62864AF3246FBDE35B30915ED3694]}
01-14 22:21:19.350 25339 25339 D [WeatherWidget(15061)]  WeatherAppWidget: {[9C41A2EAFAAB2EF4F8363256C22FE8AD6E9D978B68C2FD7A71EB2B51B96A06C3A95A89D17C6469EAC826AD48ED45A31F]}
01-14 22:21:19.351 25339 25339 D [WeatherWidget(15061)]  : {[4C0512EFA0AB4990F6AA1DF592AD92A7F0B9EF71550DD16C356391DD9598536C]}
01-14 22:21:19.353 25339 25339 D [WeatherWidget(15061)]  : {[60F9DFBE0DDF665D78B93B355C69FD16FD82FBECAFC71D5DC70E8ABB3824B9582234AD038886808B2E7B2600E0220D8BE8A853685EF6E90C12176907908AD1737EA9980A151C821AE64ADECB1FD68FC013DE463E4EDFCBB35B461500719C42A0C023AF6918851AB2BD2E4F0D2F9A2C5C]}
01-14 22:21:19.354 25339 25339 D [WeatherWidget(15061)]  : {[9CE2F3DEF0EB8239E7173934CC09B9E757DE44ACE5366257F344D287889F9E96A68C3BA64025C2DF7A292A27442586FD2FADD4B451F44E8E4B69E4036140806354B17B45A601739A14F58872325CD31E779504AA6B5C39B3B30927A8C862BBB1D636C3125B84C074A01D13FDACF35281FD58FFB49BBF8157F2A4609E333381DC3671C924C6AF34AF0AA1D30FDC170853A91D2B2D6DE91B1E9D71BEF10599803CDD5899C8E5E85B45BE1BD6A72FC114A4A2374A31FEFE78E7BDD7186AB43AA6D3E6AEE8B22557D27F97F2BA4A1ED496552A3FD19712AD98B0F4CD3627263FEC6C983CB987D2B86F05C3483D7893CEA4CF]}
01-14 22:21:19.355 25339 25339 D [WeatherWidget(15061)]  : {[92814B0137E99BC1A45799D2DF2DAFD83A90D0369E5261C256E9236009B90AF93102C9204285E779911B0A5260A23C245E74F3C56E9790760016E17A78A5351E620ABA6DD04E0BBC5BEB0BE5BCB996C15E4CCEB222DCD8ACBD64D148B8E63FF2863828B305279E9681EA47CB6EA2A991]}
01-14 22:21:19.356 25339 25339 D [WeatherWidget(15061)]  : {[AB2EA232D9D918C5DCF18761D4838C31104B8E91A5A763C5694710FFAD965B7D]}
01-14 22:21:19.357 25339 25339 D [WeatherWidget(15061)]  : {[15C09394A4E9AFE55A5C62F22AB3FC596F042F71D50D29517626203C1B5A081E1575B704CCD205238E47B82C2F87C3F6]}
01-14 22:21:19.358 25339 25339 D [WeatherWidget(15061)]  : {[59F4E8D154FA78031E153DE0D941ACE8947ECD727D686F7FF92D2F0FC224CC9A]}
01-14 22:21:19.360 25339 25339 D [WeatherWidget(15061)]  : {[92814B0137E99BC1A45799D2DF2DAFD83A90D0369E5261C256E9236009B90AF93102C9204285E779911B0A5260A23C245E74F3C56E9790760016E17A78A5351E620ABA6DD04E0BBC5BEB0BE5BCB996C15E4CCEB222DCD8ACBD64D148B8E63FF2863828B305279E9681EA47CB6EA2A991]}
01-14 22:21:19.361 25339 25339 D [WeatherWidget(15061)]  DB L2: {[610591C4E30FED4A153FF198DAC84EFE34105AC04224A27A6EA4D87EAF16DF76B52CD5EF9AE8CDBACF25F24E6EA3A49D5E3A795039FB4FE5244830001223CF7F]}
01-14 22:21:19.362 25339 25339 D [WeatherWidget(15061)]  : {[5996EF099FC0F34ED8933B9995473FDED202967BF4BAF497ED98BD1013E2EEAF9BBE67BFF187987F2BABB50CE278C770]}
01-14 22:21:19.363 25339 25339 D [WeatherWidget(15061)]  : {[BD1693628C029252CA095FEF8F76FB8C539598E2A2EC5ABD453EC4CE5E63D453DBF6198B31C9A83BA74935A3A5928488]}
01-14 22:21:19.364 25339 25339 D [WeatherWidget(15061)]  DB L2: {[610591C4E30FED4A153FF198DAC84EFEE3319B0D622FD4A19809E90ED3C1398368D658B139FCCB8B9564F5B4E9CB634EAB56391B31E822011CEE1311E5BAC529]}
01-14 22:21:19.365 25339 25339 D [WeatherWidget(15061)]  : {[E9BDC1AC9F9B078A92B3F309630276C89F9B6E52C087A495B97355481F2FDE5B58A757A09967AB7BD9E1187CEA5BB356FACBD4A552A7402C88647F970C513A69]}
01-14 22:21:19.366 25339 25339 D [WeatherWidget(15061)]  : {[D8993B48F5FD9B7A71D8615D2329D19831F0A74A0A012330746D4C85901923EC69EB218C1E2A8BAB5D68704D277342DC]}
01-14 22:21:19.367 25339 25339 D [WeatherWidget(15061)]  : {[9C1073CE82D9D334C812CB80328F71A308EED20030F641D17F48B30F1B500A82]}
01-14 22:21:19.369 25339 25339 D [WeatherWidget(15061)]  : {[1FCD247B1B468B541089CDB282555A1CAFBBAA4A6237F21D24FDB8D4BBA99CFA5621CC8348493446A06E82586171CC94]}
01-14 22:21:19.370 25339 25339 D [WeatherWidget(15061)]  : {[490D55564B5675E444E8C95C5EC590FE6B85D26C8567267E8F65BA76FB680B1EC9424358B64A64B59C59E0777C5E6D35]}
01-14 22:21:19.371 25339 25339 D [WeatherWidget(15061)]  : {[CD3A5B2C74BC1DAD147333218241B1E2BCFE655EBA7042BEC194CB74F5CE4851167F282537419E8C5B10F57730E27337]}
01-14 22:21:19.372 25339 25339 D [WeatherWidget(15061)]  DB L2: {[610591C4E30FED4A153FF198DAC84EFEE3319B0D622FD4A19809E90ED3C1398368D658B139FCCB8B9564F5B4E9CB634E1F607677F6A20224DBB2782BE813D275]}
01-14 22:21:19.374 25339 25339 D [WeatherWidget(15061)]  : {[E9BDC1AC9F9B078A92B3F309630276C89F9B6E52C087A495B97355481F2FDE5B58A757A09967AB7BD9E1187CEA5BB356FACBD4A552A7402C88647F970C513A69]}
01-14 22:21:19.375 25339 25339 D [WeatherWidget(15061)]  DB L2: {[610591C4E30FED4A153FF198DAC84EFE259FA03515F619060291D19B9A2E73CB46DA064369D1073FED4BA9669B425DCAC1F553D627CB4C7386D34785CDA5C759]}
01-14 22:21:19.376 25339 25339 D [WeatherWidget(15061)]  DB L2: {[610591C4E30FED4A153FF198DAC84EFE1A65FB0EE8B7C5763A9CB231BC13495CF89C30B92C9E7561C51C9274478BC6513ACF70D7852D0538DFAECD5306CD3FD4]}
01-14 22:21:19.378 25339 25339 D [WeatherWidget(15061)]  : {[DFD94D30EABD30B99C8E6B65B7E5E9E8C1CC814BB8E01A1E672D69F2337595306D821D52B117BFB2B7725BA186A553C2]}
01-14 22:21:19.379 25339 25339 D [WeatherWidget(15061)]  DB L2: {[610591C4E30FED4A153FF198DAC84EFE34105AC04224A27A6EA4D87EAF16DF76B52CD5EF9AE8CDBACF25F24E6EA3A49DEDE9305729F5E6BDAEB6A5B0C5ABADE0]}
01-14 22:21:19.380 25339 25339 D [WeatherWidget(15061)]  : {[0E8A41EEBD23A8CDC74AF20A1577A23791B87F716BC65ACCEAEEE7E1F1D9E8F70CF8D16B6F652A06E336413549345898]}
01-14 22:21:19.381 25339 25339 D [WeatherWidget(15061)]  DB L2: {[610591C4E30FED4A153FF198DAC84EFEE3319B0D622FD4A19809E90ED3C1398368D658B139FCCB8B9564F5B4E9CB634E1DCFF7D3348C0D13A09E3F82985F62F1]}
01-14 22:21:19.382 25339 25339 D [WeatherWidget(15061)]  : {[E9BDC1AC9F9B078A92B3F309630276C89F9B6E52C087A495B97355481F2FDE5B58A757A09967AB7BD9E1187CEA5BB356FACBD4A552A7402C88647F970C513A69]}
01-14 22:21:19.383 25339 25339 D [WeatherWidget(15061)]  DB L2: {[610591C4E30FED4A153FF198DAC84EFE259FA03515F619060291D19B9A2E73CB46DA064369D1073FED4BA9669B425DCA3D3EB538FF3C6CA7E44CCE130CC0A821]}
01-14 22:21:19.384 25339 25339 D [WeatherWidget(15061)]  DB L2: {[610591C4E30FED4A153FF198DAC84EFE1A65FB0EE8B7C5763A9CB231BC13495CF89C30B92C9E7561C51C9274478BC651B9C23A0FBDD990095404322986B07EF9]}
01-14 22:21:19.387 25339 25339 D [WeatherWidget(15061)]  : {[4E5D5C4244EADDBCDA19A1AC7B26969AC122CA82D70BF5134F46159523EC92F746C4CC9CE8750321D511FD264A16901A]}
01-14 22:21:19.391 25339 25339 D [WeatherWidget(15061)]  : {[6962E010A53E2D3751CD098CFC73BF657588F3F4788A26999E31E1752D4FF82774D028596ACA2FE49A346BC8C446F647]}
01-14 22:21:19.392 25339 25339 D [WeatherWidget(15061)]  : {[E65FB96B7B517D18451E52AC3AC95EAE1C55837DF224D2E04BE512E5B91DAEEC3CBF89DC032BF37FFE88B84E22AF77A9]}
01-14 22:21:19.393 25339 25339 D [WeatherWidget(15061)]  : {[7EC14F8BB6636439449F06DA0EA7F05EA7C6F9B614AB48073A569CEF12D3C828]}
01-14 22:21:19.394 25339 25339 D [WeatherWidget(15061)]  DB L2: {[610591C4E30FED4A153FF198DAC84EFEE3319B0D622FD4A19809E90ED3C1398368D658B139FCCB8B9564F5B4E9CB634E7BE347E86D3450CAE8A811C0252DC524]}
01-14 22:21:19.396 25339 25339 D [WeatherWidget(15061)]  : {[E9BDC1AC9F9B078A92B3F309630276C89F9B6E52C087A495B97355481F2FDE5B58A757A09967AB7BD9E1187CEA5BB356FACBD4A552A7402C88647F970C513A69]}
01-14 22:21:19.397 25339 25339 D [WeatherWidget(15061)]  DB L2: {[610591C4E30FED4A153FF198DAC84EFE259FA03515F619060291D19B9A2E73CB46DA064369D1073FED4BA9669B425DCA0C6B0152ADBDF479E3A0577E447A0DCD]}
01-14 22:21:19.398 25339 25339 D [WeatherWidget(15061)]  DB L2: {[610591C4E30FED4A153FF198DAC84EFE1A65FB0EE8B7C5763A9CB231BC13495CF89C30B92C9E7561C51C9274478BC6511BA3355B8B5CF6AE8A0D3D3E8C4BF3BC]}
01-14 22:21:19.400 25339 25339 D [WeatherWidget(15061)]  : {[A3D0376F110ED1708C277D8494D333F60FEAA5C695DC06C5BCC463A68D8759B59561AC759D3F668AF78C1B1218B957E3A811DE095895007FDDE939F900F3C7DC]}
01-14 22:21:19.401 25339 25339 D [WeatherWidget(15061)]  : {[57479E78314F38F7DB3EE477BEF7D670BB43903225A8E2C8ECAC2DCBEE8B3FAFB9D01D93C98549BF46477C6F30D70DF9]}
01-14 22:21:19.403 25339 25339 D [WeatherWidget(15061)]  : {[AB2EA232D9D918C5DCF18761D4838C31104B8E91A5A763C5694710FFAD965B7D]}
01-14 22:21:19.404 25339 25339 D [WeatherWidget(15061)]  DB L2: {[610591C4E30FED4A153FF198DAC84EFEE3319B0D622FD4A19809E90ED3C1398368D658B139FCCB8B9564F5B4E9CB634E47EF472C71CD1ABCF3CBA2D3E8778F85]}
01-14 22:21:19.405 25339 25339 D [WeatherWidget(15061)]  : {[E9BDC1AC9F9B078A92B3F309630276C89F9B6E52C087A495B97355481F2FDE5B58A757A09967AB7BD9E1187CEA5BB356FACBD4A552A7402C88647F970C513A69]}
01-14 22:21:19.406 25339 25339 D [WeatherWidget(15061)]  : {[038FBE6A0C1C9C4D400219E8B85B450684640AA3F6A989087DE001E389A08436]}
01-14 22:21:19.407 25339 25339 D [WeatherWidget(15061)]  : {[55815A80F8D7EB03565E3F8393CFF9E918AD5F915CD5FAE51E5B2FF14F5C1A4B1563130EEBFC107F9855B4CB50427F22]}
01-14 22:21:19.408 25339 25339 D [WeatherWidget(15061)]  DB L2: {[610591C4E30FED4A153FF198DAC84EFEE3319B0D622FD4A19809E90ED3C1398368D658B139FCCB8B9564F5B4E9CB634E03C20E0B99E1F82A2A47523E0BA877A1]}
01-14 22:21:19.410 25339 25339 D [WeatherWidget(15061)]  : {[E9BDC1AC9F9B078A92B3F309630276C89F9B6E52C087A495B97355481F2FDE5B58A757A09967AB7BD9E1187CEA5BB356FACBD4A552A7402C88647F970C513A69]}
01-14 22:21:19.411 25339 25339 D [WeatherWidget(15061)]  DB L2: {[610591C4E30FED4A153FF198DAC84EFE259FA03515F619060291D19B9A2E73CB46DA064369D1073FED4BA9669B425DCAC73B68C1E5F86657BCB3C7860C5FE35C]}
01-14 22:21:19.412 25339 25339 D [WeatherWidget(15061)]  DB L2: {[610591C4E30FED4A153FF198DAC84EFE1A65FB0EE8B7C5763A9CB231BC13495CF89C30B92C9E7561C51C9274478BC651072C9FD24070B49F7B505EF75FC7DA73]}
01-14 22:21:19.414 25339 25339 D [WeatherWidget(15061)]  : {[65D4E43CEE7D8C0CDA49BFB88BB89A27968B4E49378209C95B4CB8E9297D0BA7412576CA5588D348B4A36528D9FED6CC]}
01-14 22:21:19.415 25339 25339 D [WeatherWidget(15061)]  : {[59EA6A3DBAD270A161BB723EFF01548F9DD24336AF7B48BD918089CB2F6B87C0D20C24B05FC9EF007ECF617A9F2C4ACF]}
01-14 22:21:19.416 25339 25339 D [WeatherWidget(15061)]  : {[C779B23635AEA1DE19D8E21946A84D7EBF6E42F665CE93E080A88758086C57A2CA0D51FBF69F2D2F1196008265DC1374]}
01-14 22:21:19.422 25339 25339 D [WeatherWidget(15061)]  : {[B778DD2FBB910D9C0BC35536CD290B67B9F22D4F1CD949F4ACA881B9EAE6663F]}
01-14 22:21:19.423 25339 25339 D [WeatherWidget(15061)]  DB L2: {[610591C4E30FED4A153FF198DAC84EFEE3319B0D622FD4A19809E90ED3C1398368D658B139FCCB8B9564F5B4E9CB634E4C94B3E5427C88F9803F3D01DA25C6D4]}
01-14 22:21:19.424 25339 25339 D [WeatherWidget(15061)]  : {[E9BDC1AC9F9B078A92B3F309630276C89F9B6E52C087A495B97355481F2FDE5B58A757A09967AB7BD9E1187CEA5BB356FACBD4A552A7402C88647F970C513A69]}
01-14 22:21:19.425 25339 25339 D [WeatherWidget(15061)]  DB L2: {[610591C4E30FED4A153FF198DAC84EFE259FA03515F619060291D19B9A2E73CB46DA064369D1073FED4BA9669B425DCA5EEC9D7B0F8E0C976531DF0DE7420D2C]}
01-14 22:21:19.426 25339 25339 D [WeatherWidget(15061)]  DB L2: {[610591C4E30FED4A153FF198DAC84EFE1A65FB0EE8B7C5763A9CB231BC13495CF89C30B92C9E7561C51C9274478BC651C64F6C045FB3432ED5442CF995522A63]}
01-14 22:21:19.428 25339 25339 D [WeatherWidget(15061)]  : {[AB2EA232D9D918C5DCF18761D4838C31104B8E91A5A763C5694710FFAD965B7D]}
01-14 22:21:19.434 25339 25339 D [WeatherWidget(15061)]  : {[6A7C0127EA4BBB302979E48D8BC3D458C7DE07B497371FE61B6D6EC2B5F9E5AC4C2EDBCDBAFB49A60C94917619076D1F0546F464E59553B899A29CD1C19D8682CEF88BB16BFEE745F93B8DEB4B9AC8177E9644C1C7923DD8195F51F063CE6B4F]}
01-14 22:21:19.438 25339 25339 D [WeatherWidget(15061)]  : {[AB2EA232D9D918C5DCF18761D4838C31104B8E91A5A763C5694710FFAD965B7D]}
01-14 22:21:19.439 25339 25339 D [WeatherWidget(15061)]  : {[47835F44FEC2C7BBFBE7512D1F4A504EBD404C1A429956ABCB46767BFEF0647C]}
01-14 22:21:19.440 25339 25339 D [WeatherWidget(15061)]  DB L2: {[610591C4E30FED4A153FF198DAC84EFEE3319B0D622FD4A19809E90ED3C1398368D658B139FCCB8B9564F5B4E9CB634E5685797B1A05DBCD802AEDA42DD4F6EE]}
01-14 22:21:19.441 25339 25339 D [WeatherWidget(15061)]  : {[E9BDC1AC9F9B078A92B3F309630276C89F9B6E52C087A495B97355481F2FDE5B58A757A09967AB7BD9E1187CEA5BB356FACBD4A552A7402C88647F970C513A69]}
01-14 22:21:19.442 25339 25339 D [WeatherWidget(15061)]  DB L2: {[610591C4E30FED4A153FF198DAC84EFE259FA03515F619060291D19B9A2E73CB46DA064369D1073FED4BA9669B425DCA329D173D003B72C1B9FF42606044FA51]}
01-14 22:21:19.443 25339 25339 D [WeatherWidget(15061)]  DB L2: {[610591C4E30FED4A153FF198DAC84EFE1A65FB0EE8B7C5763A9CB231BC13495CF89C30B92C9E7561C51C9274478BC651684D87609AF74990489738B6CEEC704B]}
01-14 22:21:19.448 25339 25339 D [WeatherWidget(15061)]  : {[A1AF0F6A1A65A89C43D705938923D0FEED5EA035ED6D20B759619BC00C9935D6831863E46609C00F8BD79F5366D18B84]}
01-14 22:21:19.449 25339 25339 D [WeatherWidget(15061)]  DateTimeUtil: {[A1AF0F6A1A65A89C43D705938923D0FE9DF34BB466E70FF7FD832CE714038F3A3776BB1F62D62DA80DD4A92EF35C4CD445754706FA22E18EA6EE4C5DFE5A8D8015F0293E3BBCCD400BE3EBF7F361FA015C5BF469B8015F45DCCBBB10EAB95175382FDFA3F596721B33D0989943534607]}
01-14 22:21:19.450 25339 25339 D [WeatherWidget(15061)]  : {[6C8BD4E604DF95F636C08F656DA275D4BC565E39B2BCB4A04CE7139F6599A9E64510B98C126080875F28E67EC9EB677D]}
01-14 22:21:19.451 25339 25339 D [WeatherWidget(15061)]  : {[AB2EA232D9D918C5DCF18761D4838C31104B8E91A5A763C5694710FFAD965B7D]}
01-14 22:21:19.453 25339 25339 D [WeatherWidget(15061)]  : {[C53CE27E092CD8BA4DFBF93175A1A85054BAB1668233A3939C20BCCE4C4E64AD]}
01-14 22:21:19.454  3268 25312 I tlc_communication: mcWaitNotification is completed;237
01-14 22:21:19.454 25339 25339 D [WeatherWidget(15061)]  DB L2: {[610591C4E30FED4A153FF198DAC84EFEE3319B0D622FD4A19809E90ED3C1398368D658B139FCCB8B9564F5B4E9CB634EC0654E2636DA0EDF67FB1EB0EA6CC7DB]}
01-14 22:21:19.454  3268 25312 I TLC_BAUTH: Check the Trustlet return code is completed;1288
01-14 22:21:19.455  3268 25312 D bauth_FPBAuthService: check_opcode status = 2, opcode = 4, func_ret_val = 0, function_status = 1, timeout = -1
01-14 22:21:19.455  3268 25312 D bauth_FPBAuthService: FPBAuthService, 1191
01-14 22:21:19.455  3268 25312 D bauth_FPBAuthSensorControl: FPBAuthSensorControl, 432
01-14 22:21:19.455  3268 25312 D bauth_FPBAuthSensorControl: FPBAuthSensorControl, 390
