12-30 19:42:05.240  3759  4488 I SensorService: Skipped sensor HRMLED IR because it requires permission android.permission.BODY_SENSORS and app op 56
12-30 19:42:05.240  3759  4488 W ServiceManager: Permission failure: android.permission.BODY_SENSORS from uid=10345 pid=27216
12-30 19:42:05.240  3759  4488 E SensorService: getSensorList a sensor (HRMLED RED) without holding its required permission: android.permission.BODY_SENSORS
12-30 19:42:05.240  3759  4488 I SensorService: Skipped sensor HRMLED RED because it requires permission android.permission.BODY_SENSORS and app op 56
12-30 19:42:05.240  3759  4488 E SensorService: getSensorList a sensor (HRM Proximity detecting) without holding its required permission: com.samsung.permission.HRM_EXT
12-30 19:42:05.240  3759  4488 I SensorService: Skipped sensor HRM Proximity detecting because it requires permission com.samsung.permission.HRM_EXT and app op -1
12-30 19:42:05.240  3759  4488 E SensorService: getSensorList a sensor (HRM Sensor) without holding its required permission: com.samsung.permission.SSENSOR
12-30 19:42:05.240  3759  4488 I SensorService: Skipped sensor HRM Sensor because it requires permission com.samsung.permission.SSENSOR and app op -1
12-30 19:42:05.240  3759  4488 W ServiceManager: Permission failure: android.permission.BODY_SENSORS from uid=10345 pid=27216
12-30 19:42:05.240  3759  4488 E SensorService: getSensorList a sensor (HeartRate Sensor) without holding its required permission: android.permission.BODY_SENSORS
12-30 19:42:05.240  3759  4488 I SensorService: Skipped sensor HeartRate Sensor because it requires permission android.permission.BODY_SENSORS and app op 56
12-30 19:42:05.240  3759  4488 E SensorService: getSensorList a sensor (Sensor Diagnostic Monitor) without holding its required permission: com.samsung.permission.SSENSOR
12-30 19:42:05.240  3759  4488 I SensorService: Skipped sensor Sensor Diagnostic Monitor because it requires permission com.samsung.permission.SSENSOR and app op -1
12-30 19:42:05.243 27216 27237 D UE4     : Controller interface supported
12-30 19:42:05.244  3759 16756 D BatteryService: !@BatteryListener : batteryPropertiesChanged!
12-30 19:42:05.244  3759 16756 D BatteryService: level:46, scale:100, status:2, health:2, present:true, voltage: 3880, temperature: 297, technology: Li-ion, AC powered:false, USB powered:true, POGO powered:false, Wireless powered:false, icon:17303694, invalid charger:0, maxChargingCurrent:0, maxChargingVoltage:0, chargeCounter:0
12-30 19:42:05.244  3759 16756 D BatteryService: online:6, current avg:276, charge type:1, power sharing:false, high voltage charger:false, capacity:280000, batterySWSelfDischarging:false, misc_event:0, current_now:181
12-30 19:42:05.245  3759  3759 D BatteryService: Sending ACTION_BATTERY_CHANGED.
12-30 19:42:05.247  3759  3759 V UiModeManager: updateLocked: null action, mDockState=0, category=null
12-30 19:42:05.247  3759  3759 D UiModeManager: updateConfigurationLocked: mDockState=0; mCarMode=false; mNightMode=1; uiMode=17
12-30 19:42:05.247  3759  3759 D GameManagerService: new battery level: 46
12-30 19:42:05.248  4634  4634 D KeyguardUpdateMonitor: received broadcast android.intent.action.BATTERY_CHANGED
12-30 19:42:05.250  4634  4634 D PowerUI : priorPlugType = 2 mPlugType =  2
12-30 19:42:05.251  4634  4634 D PowerUI.Notification: showChargingNotice oldChargingType : 1 currentChargingType : 1 oldChargingTime : 5852000 mChargingTime : 5852000
12-30 19:42:05.251  4634  4634 D PowerUI.Notification: There is no change about charging status, so return!
12-30 19:42:05.251  4634  4634 D KeyguardUpdateMonitor: handleBatteryUpdate
12-30 19:42:05.252  4634  4634 D BatteryMeterDrawable: isSomethingChanged - false
12-30 19:42:05.252  4634  4634 D BatteryMeterDrawable: isSomethingChanged - false
12-30 19:42:05.253  5029  5029 D PhoneApp: PhoneAppBroadcastReceiver onReceive android.intent.action.BATTERY_CHANGED
12-30 19:42:05.253  5029  5029 D TelephonyExtensionManager: lowBatterySound - isLowBatterySoundScheduled: false
12-30 19:42:05.253  5029  5029 D TelephonyExtensionManager: lowBatterySound - isPlayNow: false
12-30 19:42:05.254  5029  5029 D TelephonyExtensionManager: isSpeakerON - false
12-30 19:42:05.254  4634  4634 D Tile.FlashlightTile: ACTION_BATTERY_CHANGED - Level :: 46, emEnabled :: false
12-30 19:42:05.261  3759  4357 D SamsungAlarmManager: Expired : 8
12-30 19:42:05.261  3759  4357 I SamsungAlarmManager: setLocked to kernel - T:3 / 20181230T194207, SetElapsed=239378197, nowELAPSED=239376006
12-30 19:42:05.262  3759  4357 V SamsungAlarmManager: Sending to uid : 1000 action=com.android.server.action.UPDATE_TWILIGHT_STATE alarm=Alarm{3c1a852 type 1 when 600000 android}
12-30 19:42:05.266  3759  3759 D SamsungAlarmManager: Cancel Alarm calling from uid:1000 pid :3759 / op:PendingIntent{69661d9: PendingIntentRecord{92446ee android broadcastIntent}}
12-30 19:42:05.266  5029  5029 D TelephonyExtensionManager: lowBatterySound - batteryStatus: 2
12-30 19:42:05.266  5029  5029 D TelephonyExtensionManager: lowBatterySound - batteryLevel: 46
12-30 19:42:05.267  5029  5029 D TelephonyExtensionManager: lowBatterySound - cancel
12-30 19:42:05.267  3759 10289 D SamsungAlarmManager: Cancel Alarm calling from uid:1001 pid :5029 / op:PendingIntent{6adf79e: PendingIntentRecord{3268d2c com.android.phone broadcastIntent}}
12-30 19:42:05.268  3759  3759 D SamsungAlarmManager: setExact Intent (T:1/F:9/AC:false) 19691231T191000 - CU:1000/CP:3759
12-30 19:42:05.268  3759  3759 I SamsungAlarmManager: setLocked to kernel - T:3 / 20181230T194206, SetElapsed=239377011, nowELAPSED=239376013
12-30 19:42:05.269  5029  5029 D TelephonyExtension: Not stopping low battery tone
12-30 19:42:05.274 27216 27216 D ViewRootImpl@a4fedf0[GameActivity]: ThreadedRenderer.create() translucent=false
12-30 19:42:05.275  3759  6065 D WindowManager: addWindow: android.view.IWindow$Stub$Proxy@bb8c27f displayId=0
12-30 19:42:05.277  3759  6065 D InputTransport: Input channel constructed: fd=407
12-30 19:42:05.277  3759  6065 D InputTransport: Input channel constructed: fd=539
12-30 19:42:05.278  3759  6065 D WindowManager: openInputChannel mInputChannel: a024295 com.GeekTechnique.InfinityStack/com.epicgames.ue4.GameActivity (server)
12-30 19:42:05.279  3759  6065 D InputTransport: Input channel destroyed: fd=539
12-30 19:42:05.280 27216 27216 D InputTransport: Input channel constructed: fd=67
12-30 19:42:05.280 27216 27216 D ViewRootImpl@a4fedf0[GameActivity]: setView = DecorView@6279f69[GameActivity] touchMode=true
12-30 19:42:05.282 27216 27216 D PermissionFragment: Creating PlayGamesFragment
12-30 19:42:05.288  3759  6076 I ActivityManager: START u0 {act=android.content.pm.action.REQUEST_PERMISSIONS typ=null flg=0x0 cmp=ComponentInfo{com.google.android.packageinstaller/com.android.packageinstaller.permission.ui.GrantPermissionsActivity}} from uid 10345 on display 0
12-30 19:42:05.288  3759  6076 W ActivityManager: REQUEST_PERMISSIONS Action.
12-30 19:42:05.289  3759  6076 W ActivityManager: REQUEST_PERMISSIONS Action.
12-30 19:42:05.294  3759  6076 D ActivityManager: ActivityRecord() Constructor : multiScreenAttrs=MultiScreenAttrs{mDisplayId=0, mBaseDisplayId=0, mBaseActivity=false}
12-30 19:42:05.295  3759  6076 D CustomFrequencyManagerService: releaseDVFSLockLocked : Getting Lock type frm List : DVFS_MIN_LIMIT  frequency : 2100000  uid : 1000  pid : 3759  tag : AMS_APP_SWITCH@CPU_MIN@41
12-30 19:42:05.296  3759  6076 D CustomFrequencyManagerService: acquireDVFSLockLocked : type : DVFS_MIN_LIMIT  frequency : 2100000  uid : 1000  pid : 3759  pkgName : AMS_APP_SWITCH@CPU_MIN@41
12-30 19:42:05.297  3759  6076 D ActivityManagerPerformance: AMP_acquire() APP_SWITCH
12-30 19:42:05.297  3759  6076 D ActivityManager: moveToFront() : reason=sourceStackToFront isAttached=true null
12-30 19:42:05.298  3759  6076 D ActivityTrigger: Activity is Triggerred in full screen 
12-30 19:42:05.299  3759  6076 D CompatibilityInfo: mCompatibilityFlags - 0
12-30 19:42:05.299  3759  6076 D CompatibilityInfo: applicationDensity - 420
12-30 19:42:05.299  3759  6076 D CompatibilityInfo: applicationScale - 1.0
12-30 19:42:05.299  3759  6076 D ActivityManager: moveToFront() : reason=startedActivity setFocusedActivity isAttached=true TaskRecord{50bf66dd0 #2463 A=com.GeekTechnique.InfinityStack U=0 StackId=1 sz=3}
12-30 19:42:05.300  3759  6076 D InputDispatcher: Focused application set to: xxxx
12-30 19:42:05.300  3759  6076 D ActivityManager: resumeTopActivityInnerLocked() : #1 prevTask=TaskRecord{50bf66dd0 #2463 A=com.GeekTechnique.InfinityStack U=0 StackId=1 sz=3} next=ActivityRecord{77defaad0 u0 com.google.android.packageinstaller/com.android.packageinstaller.permission.ui.GrantPermissionsActivity t2463} mFocusedStack=ActivityStack{ef4282dd0 stackId=1, 5 tasks}
12-30 19:42:05.300  3759  6076 D ActivityTrigger: ActivityTrigger activityPauseTrigger 
12-30 19:42:05.301  3759  6076 D GameManagerService: sem_perfomance_mode: 0
12-30 19:42:05.309 27216 27216 D UE4     : Vulkan version: 1.0.3
12-30 19:42:05.309 27216 27216 D UE4     : Vulkan level: 1
12-30 19:42:05.311 27216 27216 D UE4     : Found DepthBufferPreference = 0
12-30 19:42:05.311 27216 27216 D UE4     : Found bPackageDataInsideApk = 0
12-30 19:42:05.311 27216 27216 D UE4     : Found ProjectName = StackerGame
12-30 19:42:05.311 27216 27216 D UE4     : Found AppType = 
12-30 19:42:05.312 27216 27216 D UE4     : Found bHasOBBFiles = 0
12-30 19:42:05.312 27216 27216 D UE4     : Found bVerifyOBBOnStartUp = false
12-30 19:42:05.312 27216 27216 D UE4     : UI hiding set to false
12-30 19:42:05.312 27216 27216 D UE4     : BuildConfiguration set to Development
12-30 19:42:05.312 27216 27216 D UE4     : UseExternalFilesDir set to false
12-30 19:42:05.312 27216 27216 D UE4     : AllowIMU set to true
12-30 19:42:05.312 27216 27216 D UE4     : SupportsVulkan set to false
12-30 19:42:05.312 27216 27216 D UE4     : No GearVR mode detected.
12-30 19:42:05.349 27216 27216 D libEGL  : loaded /vendor/lib/egl/libGLES_mali.so
12-30 19:42:05.377 27216 27241 D UE4     : Used memory: 64844
12-30 19:42:05.399 27216 27216 D UE4     : Hardware: SAMSUNG Exynos7420
12-30 19:42:05.400 27216 27216 D UE4     : ro.hardware: samsungexynos7420
12-30 19:42:05.400 27216 27216 D UE4     : Memory: 3662 MB
12-30 19:42:05.405 27216 27216 D UE4     : UseAffinity: false
12-30 19:42:05.406 27216 27216 D UE4     : BigCoreMask: 0xffff
12-30 19:42:05.406 27216 27216 D UE4     : LittleCoreMask: 0x0
12-30 19:42:05.407 27216 27216 D UE4     : APK path: /data/app/com.GeekTechnique.InfinityStack-1/base.apk
12-30 19:42:05.407 27216 27216 D UE4     : OBB in APK: false
12-30 19:42:05.410 27216 27216 D UE4     : InternalFilePath found as '/data/user/0/com.GeekTechnique.InfinityStack/files'
12-30 19:42:05.410 27216 27216 D UE4     : ExternalFilePath found as '/storage/emulated/0/Android/data/com.GeekTechnique.InfinityStack/files'
12-30 19:42:05.410 27216 27216 D UE4     : App is running in Portrait
12-30 19:42:05.411 27216 27216 D UE4     : Android version is 7.0
12-30 19:42:05.411 27216 27216 D UE4     : Android manufacturer is samsung
12-30 19:42:05.411 27216 27216 D UE4     : Android model is SM-N920V
12-30 19:42:05.411 27216 27216 D UE4     : Android build number is NRD90M.N920VVRS3CRH1
12-30 19:42:05.411 27216 27216 D UE4     : OS language is set to en_US
12-30 19:42:05.411 27216 27216 D UE4     : Debugger attached is false
12-30 19:42:05.418 27216 27221 I art     : Do partial code cache collection, code=0B, data=16KB
12-30 19:42:05.418 27216 27221 I art     : After code cache collection, code=0B, data=16KB
12-30 19:42:05.418 27216 27221 I art     : Increasing code cache capacity to 128KB
12-30 19:42:05.420 27216 27221 I art     : Compiler allocated 4MB to compile void com.epicgames.ue4.GameActivity.onCreate(android.os.Bundle)
12-30 19:42:05.453 27216 27216 W PopupManager: You have not specified a View to use as content view for popups. Falling back to the Activity content view. Note that this may not work as expected in multi-screen environments
12-30 19:42:05.455 27216 27216 D UE4     : ==============> GameActive.onCreate complete!
12-30 19:42:05.456 27216 27216 V threaded_app: Start: 0xe37fbbe0
12-30 19:42:05.456 27216 27239 V threaded_app: activityState=10
12-30 19:42:05.456 27216 27239 D UE4     : LogAndroidEvents: EnqueueAppEvent : 9, 0, tid = 27239
12-30 19:42:05.456 27216 27216 D UE4     : Creating console command broadcast listener
12-30 19:42:05.458 27216 27216 D UE4     : ==================================> Inside onStart function in GameActivity
12-30 19:42:05.460 27216 27216 V threaded_app: Resume: 0xe37fbbe0
12-30 19:42:05.460 27216 27239 V threaded_app: activityState=11
12-30 19:42:05.460 27216 27239 D UE4     : Case APP_CMD_RESUME
12-30 19:42:05.460 27216 27239 D UE4     : LogAndroidEvents: EnqueueAppEvent : 7, 0, tid = 27239
12-30 19:42:05.460 27216 27216 D UE4     : ==============> [JAVA] AndroidThunkJava_KeepScreenOn(false) - Enabled screen saver
12-30 19:42:05.460 27216 27216 D UE4     : Registering sensor listeners
12-30 19:42:05.475 27216 27216 D SensorManager: registerListener :: 0, K6DS3TR Acceleration Sensor, 20000, 0,  
12-30 19:42:05.476  3759  7793 I Sensors : Mag old sensor_state 1, new sensor_state : 17 en : 1
12-30 19:42:05.482 27216 27216 D SensorManager: registerListener :: 1, AK09911C Magnetic field Sensor, 20000, 0,  
12-30 19:42:05.483  3759  5835 I Sensors : Gyro old sensor_state 17, new sensor_state : 19 en : 1
12-30 19:42:05.490 27216 27216 D SensorManager: registerListener :: 3, K6DS3TR Gyroscope Sensor, 20000, 0,  
12-30 19:42:05.490 27216 27216 D UE4     : App is running in Portrait
12-30 19:42:05.490 27216 27216 D UE4     : ==============> Resuming main init
12-30 19:42:05.498  3759  4337 E Sensors : AccSensor : Meta event
12-30 19:42:05.499 27216 27237 D UE4     : APK Commandline: ../../../StackerGame/StackerGame.uproject  /Game/Maps/StackMap -Messaging -SessionId=1E0D68C6414436B208E9DAA3FB85B712 -SessionOwner="nope" -SessionName="Launch On Device" -iterative
12-30 19:42:05.500 27216 27237 D UE4     : Override Commandline: ../../../StackerGame/StackerGame.uproject  /Game/Maps/StackMap -Messaging -SessionId=1E0D68C6414436B208E9DAA3FB85B712 -SessionOwner="nope" -SessionName="Launch On Device" -iterative
12-30 19:42:05.500 27216 27237 D UE4     : Final commandline: ../../../StackerGame/StackerGame.uproject  /Game/Maps/StackMap -Messaging -SessionId=1E0D68C6414436B208E9DAA3FB85B712 -SessionOwner="nope" -SessionName="Launch On Device" -iterative
12-30 19:42:05.500 27216 27237 D UE4     : Created sync event
12-30 19:42:05.501 27216 27216 D UE4     : ==============> GameActive.onResume complete!
12-30 19:42:05.503 27216 27216 D ViewRootImpl@eb23581[GameActivity]: ThreadedRenderer.create() translucent=true
12-30 19:42:05.504  3759  7293 D WindowManager: addWindow: android.view.IWindow$Stub$Proxy@c27fee4 displayId=0
12-30 19:42:05.505  3759  7293 D InputTransport: Input channel constructed: fd=558
12-30 19:42:05.505  3759  7293 D InputTransport: Input channel constructed: fd=561
12-30 19:42:05.505  3759  7293 D WindowManager: openInputChannel mInputChannel: 3e0ca02 com.GeekTechnique.InfinityStack/com.epicgames.ue4.GameActivity (server)
12-30 19:42:05.506  3759  7293 D InputTransport: Input channel destroyed: fd=561
12-30 19:42:05.506 27216 27216 D InputTransport: Input channel constructed: fd=73
12-30 19:42:05.506 27216 27216 V threaded_app: InputQueueCreated: 0xe37fbbe0 -- 0xe37fcae0
12-30 19:42:05.506 27216 27239 V threaded_app: APP_CMD_INPUT_CHANGED
12-30 19:42:05.506 27216 27239 V threaded_app: Attaching input queue to looper
12-30 19:42:05.507 27216 27216 D ViewRootImpl@eb23581[GameActivity]: setView = DecorView@f44626[GameActivity] touchMode=true
12-30 19:42:05.507  3759  3772 D ActivityManager: post active user change for 0 fullscreen true isHomeActivity() false
12-30 19:42:05.508  3759  3772 D KnoxTimeoutHandler: postActiveUserChange [MsgParam] userId: 0 fullscreen is true showWhenlocked is false isMutiwindowRecord is false multiwindowstyle is 0
12-30 19:42:05.508  3759  3759 D KnoxTimeoutHandler: handleActiveUserChange [MsgParam] userId: 0 fullscreen is true showWhenlocked is false isMutiwindowRecord is false multiwindowstyle is 0
12-30 19:42:05.509  3759  3759 I KnoxTimeoutHandler: Shared devices show user statefalse
12-30 19:42:05.509 27216 27216 D ViewRootImpl@a4fedf0[GameActivity]: dispatchAttachedToWindow
12-30 19:42:05.510  3759 10294 V WindowManager: Relayout Window{a024295d0 u0 com.GeekTechnique.InfinityStack/com.epicgames.ue4.GameActivity}: viewVisibility=0 req=1079x1856 WM.LayoutParams{(0,0)(fillxfill) gr=#11 sim=#120 ty=2 fl=#1810508 wanim=0x1030001 needsMenuKey=2 naviIconColor=0}
12-30 19:42:05.510  3216  3216 I SurfaceFlinger: id=3556 createSurf (1080x1920),1 flag=404, HameActivit
12-30 19:42:05.515 27216 27216 D ViewRootImpl@a4fedf0[GameActivity]: Relayout returned: oldFrame=[0,0][0,0] newFrame=[0,0][1080,1920] result=0x7 surface={isValid=true -888711168} surfaceGenerationChanged=true
12-30 19:42:05.515 27216 27216 D ViewRootImpl@a4fedf0[GameActivity]: mHardwareRenderer.initialize() mSurface={isValid=true -888711168} hwInitialized=true
12-30 19:42:05.516 27216 27240 I OpenGLRenderer: Initialized EGL, version 1.4
12-30 19:42:05.516 27216 27240 D OpenGLRenderer: Swap behavior 1
12-30 19:42:05.523 27216 27240 D mali_winsys: EGLint new_window_surface(egl_winsys_display*, void*, EGLSurface, EGLConfig, egl_winsys_surface**, egl_color_buffer_format*, EGLBoolean) returns 0x3000,  [1080x1920]-format:1
12-30 19:42:05.527 27216 27216 D ViewRootImpl@eb23581[GameActivity]: dispatchAttachedToWindow
12-30 19:42:05.529  3759 30979 V WindowManager: Relayout Window{3e0ca02d0 u0 com.GeekTechnique.InfinityStack/com.epicgames.ue4.GameActivity}: viewVisibility=0 req=1079x1856 WM.LayoutParams{(0,0)(fillxfill) sim=#10 ty=1 fl=#1810500 fmt=1 wanim=0x1030001 needsMenuKey=2 naviIconColor=0}
12-30 19:42:05.530  3216  3216 I SurfaceFlinger: id=3557 createSurf (1080x1920),1 flag=4, HameActivit
12-30 19:42:05.536 27216 27216 D ViewRootImpl@eb23581[GameActivity]: Relayout returned: oldFrame=[0,0][0,0] newFrame=[0,0][1080,1920] result=0x7 surface={isValid=true -891699200} surfaceGenerationChanged=true
12-30 19:42:05.537 27216 27216 D ViewRootImpl@eb23581[GameActivity]: mHardwareRenderer.initialize() mSurface={isValid=true -891699200} hwInitialized=true
12-30 19:42:05.538 27216 27240 D mali_winsys: EGLint new_window_surface(egl_winsys_display*, void*, EGLSurface, EGLConfig, egl_winsys_surface**, egl_color_buffer_format*, EGLBoolean) returns 0x3000,  [1080x1920]-format:1
12-30 19:42:05.539  3759 10295 D WindowManager: addWindow: android.view.IWindow$Stub$Proxy@3cecf13 displayId=0
12-30 19:42:05.542  3759  4488 V WindowManager: Relayout Window{c467349d0 u0 SurfaceView - com.GeekTechnique.InfinityStack/com.epicgames.ue4.GameActivity}: viewVisibility=0 req=1080x1920 WM.LayoutParams{(0,0)(1080x1920) gr=#800033 ty=1001 fl=#4218 pfl=0x10040 fmt=4 naviIconColor=0}
12-30 19:42:05.542  3216  3216 I SurfaceFlinger: id=3558 createSurf (1080x1920),4 flag=404, HameActivit
12-30 19:42:05.544  3216  3216 I SurfaceFlinger: id=3559 createSurf (1080x1920),-1 flag=20404, HameActivit
12-30 19:42:05.549 27216 27216 D SurfaceView: Relayout returned: oldFrame=[0,0][0,0] newFrame=[0,0][1080,1920] result=0x7 surface={Surface(name=null)/@0xe4e9eb2 isValid=true -891697152}
12-30 19:42:05.549 27216 27216 V threaded_app: NativeWindowCreated: 0xe37fbbe0 -- 0xcad9c808
12-30 19:42:05.549 27216 27239 V threaded_app: APP_CMD_INIT_WINDOW
12-30 19:42:05.549 27216 27239 D UE4     : Case APP_CMD_INIT_WINDOW
12-30 19:42:05.550 27216 27239 D UE4     : LogAndroidEvents: EnqueueAppEvent : 0, 3403270152, tid = 27239
12-30 19:42:05.550  3759 16756 D WindowManager: finishDrawingWindow: Window{c467349d0 u0 SurfaceView - com.GeekTechnique.InfinityStack/com.epicgames.ue4.GameActivity} mDrawState=DRAW_PENDING
12-30 19:42:05.556 27216 27216 V threaded_app: Pause: 0xe37fbbe0
12-30 19:42:05.556 27216 27239 V threaded_app: activityState=13
12-30 19:42:05.556 27216 27239 D UE4     : Case APP_CMD_PAUSE
12-30 19:42:05.556 27216 27239 D UE4     : LogAndroidEvents: EnqueueAppEvent : 6, 0, tid = 27239
12-30 19:42:05.557 27216 27216 D UE4     : Unregistering sensor listeners
12-30 19:42:05.565  3759  6065 I Sensors : Mag old sensor_state 19, new sensor_state : 3 en : 0
12-30 19:42:05.572  3759  5836 I Sensors : Gyro old sensor_state 3, new sensor_state : 1 en : 0
12-30 19:42:05.579 27216 27216 D SensorManager: unregisterListener ::   
12-30 19:42:05.579 27216 27216 D UE4     : ==============> GameActive.onPause complete!
12-30 19:42:05.580  3759 10288 D ActivityManager: resumeTopActivityInnerLocked() : #1 prevTask=TaskRecord{50bf66dd0 #2463 A=com.GeekTechnique.InfinityStack U=0 StackId=1 sz=3} next=ActivityRecord{77defaad0 u0 com.google.android.packageinstaller/com.android.packageinstaller.permission.ui.GrantPermissionsActivity t2463} mFocusedStack=ActivityStack{ef4282dd0 stackId=1, 5 tasks}
12-30 19:42:05.580  3759 10288 D ActivityManager: applyOptionsLocked(), pendingOptions : null
12-30 19:42:05.581  3759 10288 D MountService: getExternalStorageMountMode : 2
12-30 19:42:05.581  3759 10288 D MountService: getExternalStorageMountMode : 3
12-30 19:42:05.581  3759 10288 D MountService: getExternalStorageMountMode : final mountMode=2, uid : 10028, packageName : com.google.android.packageinstaller
12-30 19:42:05.597 27269 27269 E Zygote  : v2
12-30 19:42:05.597 27269 27269 I libpersona: KNOX_SDCARD checking this for 10028
12-30 19:42:05.597 27269 27269 I libpersona: KNOX_SDCARD not a persona
12-30 19:42:05.597  3759 10288 I ActivityManager: Start proc 27269:com.google.android.packageinstaller/u0a28 for activity com.google.android.packageinstaller/com.android.packageinstaller.permission.ui.GrantPermissionsActivity
12-30 19:42:05.598 27269 27269 E Zygote  : accessInfo : 0
12-30 19:42:05.598 27269 27269 W SELinux : SELinux selinux_android_compute_policy_index : Policy Index[2],  Con:u:r:zygote:s0 RAM:SEPF_SECMOBILE_7.0_0009, [-1 -1 -1 -1 0 1]
12-30 19:42:05.599 27216 27216 D ViewRootImpl@a4fedf0[GameActivity]: MSG_RESIZED_REPORT: ci=Rect(0, 0 - 0, 0) vi=Rect(0, 0 - 0, 0) or=1
12-30 19:42:05.600 27269 27269 I SELinux : SELinux: seapp_context_lookup: seinfo=untrusted, level=s0:c512,c768, pkgname=com.google.android.packageinstaller 
12-30 19:42:05.642 27269 27269 D TimaKeyStoreProvider: TimaKeyStore is not enabled: cannot add TimaSignature Service and generateKeyPair Service
12-30 19:42:05.645  3759  7291 D CompatibilityInfo: mCompatibilityFlags - 0
12-30 19:42:05.645  3759  7291 D CompatibilityInfo: applicationDensity - 420
12-30 19:42:05.645  3759  7291 D CompatibilityInfo: applicationScale - 1.0
12-30 19:42:05.645  3759  7291 I ActivityManager: DSS on for com.google.android.packageinstaller and scale is 1.0
12-30 19:42:05.647  3759  7291 D CompatibilityInfo: mCompatibilityFlags - 0
12-30 19:42:05.647  3759  7291 D CompatibilityInfo: applicationDensity - 420
12-30 19:42:05.647  3759  7291 D CompatibilityInfo: applicationScale - 1.0
12-30 19:42:05.655  3759  5835 D WindowManager: finishDrawingWindow: Window{a024295d0 u0 com.GeekTechnique.InfinityStack/com.epicgames.ue4.GameActivity} mDrawState=DRAW_PENDING
12-30 19:42:05.659  3759  7765 V WindowManager: Relayout Window{3e0ca02d0 u0 com.GeekTechnique.InfinityStack/com.epicgames.ue4.GameActivity}: viewVisibility=0 req=1080x1920 WM.LayoutParams{(0,0)(fillxfill) sim=#10 ty=1 fl=#1810500 fmt=1 wanim=0x1030001 needsMenuKey=2 naviIconColor=0}
12-30 19:42:05.661  3759  7291 D CompatibilityInfo: mCompatibilityFlags - 0
12-30 19:42:05.661  3759  7291 D CompatibilityInfo: applicationDensity - 420
12-30 19:42:05.661  3759  7291 D CompatibilityInfo: applicationScale - 1.0
12-30 19:42:05.662 27216 27221 I art     : Do partial code cache collection, code=14KB, data=32KB
12-30 19:42:05.662  3759  7291 D GameManagerService: sem_perfomance_mode: 0
12-30 19:42:05.663  3759  3759 D GameManagerService: NotifyRunnable. pkg: com.google.android.packageinstaller, type: 4, isMinimized: false, isTunableApp: false
12-30 19:42:05.663  3759  3759 D GameManagerService: unexpected mPrevNotiType: -1
12-30 19:42:05.667 27216 27216 D ViewRootImpl@eb23581[GameActivity]: Relayout returned: oldFrame=[0,0][1080,1920] newFrame=[0,0][1080,1920] result=0x1 surface={isValid=true -891699200} surfaceGenerationChanged=false
12-30 19:42:05.669  3759 17329 V WindowManager: Relayout Window{c467349d0 u0 SurfaceView - com.GeekTechnique.InfinityStack/com.epicgames.ue4.GameActivity}: viewVisibility=0 req=1080x1920 WM.LayoutParams{(0,0)(1080x1920) gr=#800033 ty=1001 fl=#4218 pfl=0x10040 fmt=4 naviIconColor=0}
12-30 19:42:05.669  5974 11057 D ForegroundUtils: could not check pending caller
12-30 19:42:05.670  3759  9132 D GamePkgDataHelper: getGamePkgData(). com.google.android.packageinstaller
12-30 19:42:05.671 27216 27221 I art     : After code cache collection, code=14KB, data=32KB
12-30 19:42:05.672 27216 27221 I art     : Increasing code cache capacity to 256KB
12-30 19:42:05.673  3759  9132 D GameManagerService: identifyGamePackage. com.google.android.packageinstaller
12-30 19:42:05.673 27216 27216 D SurfaceView: Relayout returned: oldFrame=[0,0][1080,1920] newFrame=[0,0][1080,1920] result=0x1 surface={Surface(name=null)/@0xe4e9eb2 isValid=true -891572224}
12-30 19:42:05.674  3759 30978 D WindowManager: finishDrawingWindow: Window{c467349d0 u0 SurfaceView - com.GeekTechnique.InfinityStack/com.epicgames.ue4.GameActivity} mDrawState=READY_TO_SHOW
12-30 19:42:05.676  3759  9132 D TelephonyManager: getAllCellInfo : Caller (PID / UID / TID): 3759 / 1000 / 9132
12-30 19:42:05.682 27216 27221 I art     : Compiler allocated 7MB to compile boolean com.epicgames.ue4.GameActivity.processSystemInfo(java.lang.String, java.lang.String)
12-30 19:42:05.684  3759  9132 D GameManagerService: identifyGamePackage. com.google.android.packageinstaller
12-30 19:42:05.684  3759  9132 D GameManagerService: identifyGamePackage. com.google.android.packageinstaller
12-30 19:42:05.693 27269 27269 W System  : ClassLoader referenced unknown path: /system/priv-app/GooglePackageInstaller/lib/arm64
12-30 19:42:05.699  3216  5364 I Layer   : [com.GeekTechnique.InfinityStack/com.epicgames.ue4.GameActivity] addSyncPoint start
12-30 19:42:05.699  3216  5364 I Layer   : [com.GeekTechnique.InfinityStack/com.epicgames.ue4.GameActivity] addSyncPoint end
12-30 19:42:05.699  3216  5364 I Layer   : [com.GeekTechnique.InfinityStack/com.epicgames.ue4.GameActivity] addSyncPoint start
12-30 19:42:05.699  3216  5364 I Layer   : [com.GeekTechnique.InfinityStack/com.epicgames.ue4.GameActivity] addSyncPoint end
12-30 19:42:05.736  3759 16760 D WindowManager: finishDrawingWindow: Window{3e0ca02d0 u0 com.GeekTechnique.InfinityStack/com.epicgames.ue4.GameActivity} mDrawState=DRAW_PENDING
12-30 19:42:05.737 27216 27216 D ViewRootImpl@eb23581[GameActivity]: MSG_RESIZED_REPORT: ci=Rect(0, 0 - 0, 0) vi=Rect(0, 0 - 0, 0) or=1
12-30 19:42:05.746  3759  6076 D WindowManager: finishDrawingWindow: Window{3e0ca02d0 u0 com.GeekTechnique.InfinityStack/com.epicgames.ue4.GameActivity} mDrawState=HAS_DRAWN
12-30 19:42:05.750  3759  3794 D KnoxTimeoutHandler: notifyActivityDrawn [MsgParam] userId: 0 fullscreen is true showWhenlocked is false isMutiwindowRecord is false multiwindowstyle is 1
12-30 19:42:05.750  3759  3759 D KnoxTimeoutHandler: activityDrawn [MsgParam] userId: 0 fullscreen is true showWhenlocked is false isMutiwindowRecord is false multiwindowstyle is 1
12-30 19:42:05.752  3759  3759 I KnoxTimeoutHandler: SD activityfalse
12-30 19:42:05.752  3759  3759 I KnoxTimeoutHandler: Fullscreen and mCurrent is not KNOX user. Hence hide keyguard
12-30 19:42:05.753  3759  3794 D CustomFrequencyManagerService: acquireDVFSLockLocked : type : DVFS_MIN_LIMIT  frequency : 1704000  uid : 1000  pid : 3759  pkgName : AMS_RESUME_TAIL@CPU_MIN@47
12-30 19:42:05.753  3759  3794 D ActivityManagerPerformance: AMP_acquire() TAIL
12-30 19:42:05.754  3759  3794 D CustomFrequencyManagerService: releaseDVFSLockLocked : Getting Lock type frm List : DVFS_MIN_LIMIT  frequency : 2100000  uid : 1000  pid : 3759  tag : AMS_APP_SWITCH@CPU_MIN@41
12-30 19:42:05.754  3759  3794 D ActivityManagerPerformance: AMP_release() APP_SWITCH
12-30 19:42:05.754  3759  3794 D ViewRootImpl@85ff6ee[InfinityStack]: dispatchDetachedFromWindow
12-30 19:42:05.755  3759  3794 D WindowManager: disposeInputChannel mInputChannel: c5f8a1c Starting com.GeekTechnique.InfinityStack (server)
12-30 19:42:05.755  3759  3777 D ActivityTrigger: ActivityTrigger activityStopTrigger 
12-30 19:42:05.759  3759  3794 D InputTransport: Input channel destroyed: fd=551
12-30 19:42:05.759  3759  3794 D InputTransport: Input channel destroyed: fd=553
12-30 19:42:05.760  3759  3794 D ViewRootImpl@1cf661c[ContainerKeyguardScrim]: mHardwareRenderer.destroy()#1
12-30 19:42:05.760 27216 27237 D UE4     : EGL Extensions: 
12-30 19:42:05.760 27216 27237 D UE4     : EGL_KHR_get_all_proc_addresses EGL_ANDROID_presentation_time EGL_KHR_swap_buffers_with_damage EGL_ANDROID_create_native_client_buffer EGL_ANDROID_front_buffer_auto_refresh EGL_KHR_image EGL_KHR_image_base EGL_KHR_gl_texture_2D_image EGL_KHR_gl_texture_cubemap_image EGL_KHR_gl_renderbuffer_image EGL_KHR_fence_sync EGL_KHR_create_context EGL_KHR_config_attribs EGL_KHR_surfaceless_context EGL_EXT_create_context_robustness EGL_ANDROID_image_native_buffer EGL_KHR_wait_sync EGL_ANDROID_recordable EGL_KHR_partial_update EGL_KHR_mutable_render_buffer EGL_EXT_protected_content 
12-30 19:42:05.765 27216 27237 D UE4     : FAndroidGPUInfo
12-30 19:42:05.765 27216 27237 D UE4     : AndroidEGL::InitSurface 1, 1
12-30 19:42:05.766 27216 27237 D mali_winsys: EGLint new_window_surface(egl_winsys_display*, void*, EGLSurface, EGLConfig, egl_winsys_surface**, egl_color_buffer_format*, EGLBoolean) returns 0x3000,  [8x8]-format:2
12-30 19:42:05.766 27216 27237 D UE4     : AndroidEGL::CreateEGLSurface() 0xe999f2a8
12-30 19:42:05.766 27216 27237 D UE4     : AndroidEGL::CreateEGLSurface(1), auxSurface = eglCreatePbufferSurface(), 8x8
12-30 19:42:05.769 27216 27237 D vulkan  : searching for layers in '/data/app/com.GeekTechnique.InfinityStack-1/lib/arm'
12-30 19:42:05.769 27216 27237 D vulkan  : searching for layers in '/system/fake-libs'
12-30 19:42:05.770 27216 27237 D vulkan  : searching for layers in '/data/app/com.GeekTechnique.InfinityStack-1/base.apk!/lib/armeabi-v7a'
12-30 19:42:05.770 27216 27237 D vulkan  : vulkan api version_1_0 1.0.0
12-30 19:42:05.770 27216 27237 D vulkan  : vulkan header version 13
12-30 19:42:05.780  3759  6071 D SamsungAlarmManager: setInexact Intent (T:1/F:0/AC:false) 20181230T194215 - CU:10339/CP:26462
12-30 19:42:05.782  3759  3772 D SamsungAlarmManager: Cancel Alarm calling from uid:10339 pid :26462 / op:PendingIntent{bf9fb05: PendingIntentRecord{20539f4 com.okcupid.okcupid startService}}
12-30 19:42:05.783  3759  3772 I SamsungAlarmManager: setLocked to kernel - T:3 / 19691231T191000, SetElapsed=-1545976949255, nowELAPSED=239376528
12-30 19:42:05.783  3759  4357 D SamsungAlarmManager: Expired : 8
12-30 19:42:05.784  3759  4357 I SamsungAlarmManager: setLocked to kernel - T:3 / 20181230T194207, SetElapsed=239378197, nowELAPSED=239376529
12-30 19:42:05.784  3759  4357 V SamsungAlarmManager: Sending to uid : 1000 action=com.android.server.action.UPDATE_TWILIGHT_STATE alarm=Alarm{ec9975a type 1 when 600000 android}
12-30 19:42:05.788  3759  3759 D SamsungAlarmManager: Cancel Alarm calling from uid:1000 pid :3759 / op:PendingIntent{18f0d8b: PendingIntentRecord{92446ee android broadcastIntent}}
12-30 19:42:05.790  3759 16755 D SamsungAlarmManager: setInexact Intent (T:1/F:0/AC:false) 20181230T194215 - CU:10339/CP:26462
12-30 19:42:05.792  3759 16756 W MultiScreenManagerService: moveTaskBackToDisplayIfNeeded(): The task has more than one activity
12-30 19:42:05.793  3759 16756 D ActivityManager: moveToFront() : reason=finishActivity adjustFocus setFocusedActivity isAttached=true TaskRecord{50bf66dd0 #2463 A=com.GeekTechnique.InfinityStack U=0 StackId=1 sz=2}
12-30 19:42:05.796  3759 16756 D InputDispatcher: Focused application set to: xxxx
12-30 19:42:05.797  3759 16756 D InputDispatcher: Focus entered window: 27216
12-30 19:42:05.797  3759 16756 D ActivityTrigger: ActivityTrigger activityPauseTrigger 
12-30 19:42:05.797  3759 16756 D GameManagerService: sem_perfomance_mode: 0
12-30 19:42:05.799  3759  3759 D SamsungAlarmManager: setExact Intent (T:1/F:9/AC:false) 19691231T191000 - CU:1000/CP:3759
12-30 19:42:05.800  3759  3759 I SamsungAlarmManager: setLocked to kernel - T:3 / 20181230T194206, SetElapsed=239377536, nowELAPSED=239376545
12-30 19:42:05.802  3759  4530 D MdnieScenarioControlService:  packageName : com.GeekTechnique.InfinityStack    className : com.epicgames.ue4.GameActivity
12-30 19:42:05.816  3759 30978 D ActivityManager: resumeTopActivityInnerLocked() : #1 prevTask=null next=ActivityRecord{70bf5c6d0 u0 com.GeekTechnique.InfinityStack/com.epicgames.ue4.GameActivity t2463} mFocusedStack=ActivityStack{ef4282dd0 stackId=1, 5 tasks}
12-30 19:42:05.816  3759 30978 D ActivityManager: resumeTopActivityInnerLocked() : #1 prevTask=TaskRecord{50bf66dd0 #2463 A=com.GeekTechnique.InfinityStack U=0 StackId=1 sz=2} next=ActivityRecord{70bf5c6d0 u0 com.GeekTechnique.InfinityStack/com.epicgames.ue4.GameActivity t2463} mFocusedStack=ActivityStack{ef4282dd0 stackId=1, 5 tasks}
12-30 19:42:05.817  3759 30978 D CustomFrequencyManagerService: acquireDVFSLockLocked : type : DVFS_MIN_LIMIT  frequency : 1300000  uid : 1000  pid : 3759  pkgName : AMS_ACT_RESUME@CPU_MIN@59
12-30 19:42:05.817  3759 30978 D ActivityManagerPerformance: AMP_acquire() ACT_RESUME
12-30 19:42:05.818  3759 30978 D ActivityManager: applyOptionsLocked(), pendingOptions : null
12-30 19:42:05.826  3759 30978 D GameManagerService: sem_perfomance_mode: 0
12-30 19:42:05.826  3759  3759 D GameManagerService: NotifyRunnable. pkg: com.GeekTechnique.InfinityStack, type: 4, isMinimized: false, isTunableApp: false
12-30 19:42:05.826  3759  3759 D GameManagerService: unexpected mPrevNotiType: -1
12-30 19:42:05.832 27216 27216 D ViewRootImpl@eb23581[GameActivity]: MSG_WINDOW_FOCUS_CHANGED 1
12-30 19:42:05.833 27216 27216 D ViewRootImpl@eb23581[GameActivity]: mHardwareRenderer.initializeIfNeeded()#2 mSurface={isValid=true -891699200}
12-30 19:42:05.833 27216 27216 V threaded_app: WindowFocusChanged: 0xe37fbbe0 -- 1
12-30 19:42:05.833 27216 27239 D UE4     : LogAndroidEvents: EnqueueAppEvent : 11, 0, tid = 27239
12-30 19:42:05.840 27216 27216 D SEM_CLIP_SemClipboardManager: isCocktailBarDisplayed : false
12-30 19:42:05.840  5974  6004 D ForegroundUtils: could not check pending caller
12-30 19:42:05.841 27216 27216 V InputMethodManager: Starting input: tba=android.view.inputmethod.EditorInfo@f65f357 nm : com.GeekTechnique.InfinityStack ic=null
12-30 19:42:05.841 27216 27216 I InputMethodManager: [IMM] startInputInner - mService.startInputOrWindowGainedFocus
12-30 19:42:05.841  3759  3772 D InputMethodManagerService: windowGainedFocus mCurrentFocusedUserId - 0 and mSecureKeypadEnabled-false
12-30 19:42:05.843  3759  3772 V InputMethodManagerService: windowGainedFocus: reason=WINDOW_FOCUS_GAIN client=android.os.BinderProxy@56f7420 inputContext=null missingMethods= attribute=android.view.inputmethod.EditorInfo@da44281 nm = com.GeekTechnique.InfinityStack controlFlags=#105 softInputMode=#10 windowFlags=#1810500
12-30 19:42:05.843  3759  3772 V InputMethodManagerService: Unspecified window will hide input
12-30 19:42:05.843  3759  3772 D InputMethodManagerService: mDesktopModeManager null!
12-30 19:42:05.843  3759  3772 V InputMethodManagerService: hideCurrentInputLocked - !shouldHideSoftInput
12-30 19:42:05.844  3759  3772 D InputTransport: Input channel constructed: fd=551
12-30 19:42:05.844  3759  3772 D InputTransport: Input channel constructed: fd=553
12-30 19:42:05.844  3759  3772 D InputTransport: Input channel destroyed: fd=553
12-30 19:42:05.844 16417 24031 D InputTransport: Input channel constructed: fd=70
12-30 19:42:05.846 27216 27216 V threaded_app: Resume: 0xe37fbbe0
12-30 19:42:05.846 27216 27239 V threaded_app: activityState=11
12-30 19:42:05.846 27216 27239 D UE4     : Case APP_CMD_RESUME
12-30 19:42:05.846 27216 27216 D UE4     : ==============> [JAVA] AndroidThunkJava_KeepScreenOn(false) - Enabled screen saver
12-30 19:42:05.846 27216 27239 D UE4     : LogAndroid: Case APP_CMD_RESUME
12-30 19:42:05.846 27216 27239 D UE4     : LogAndroidEvents: EnqueueAppEvent : 7, 0, tid = 27239
12-30 19:42:05.847 27216 27216 D UE4     : Registering sensor listeners
12-30 19:42:05.847  3759 10295 D InputTransport: Input channel constructed: fd=553
12-30 19:42:05.848  3759 10295 D InputTransport: Input channel destroyed: fd=553
12-30 19:42:05.849 27216 27228 D InputTransport: Input channel constructed: fd=89
12-30 19:42:05.852 26462 26462 D InputTransport: Input channel destroyed: fd=61
12-30 19:42:05.863 27216 27216 D SensorManager: registerListener :: 0, K6DS3TR Acceleration Sensor, 20000, 0,  
12-30 19:42:05.863  3759 16756 I Sensors : Mag old sensor_state 1, new sensor_state : 17 en : 1
12-30 19:42:05.870 27216 27216 D SensorManager: registerListener :: 1, AK09911C Magnetic field Sensor, 20000, 0,  
12-30 19:42:05.871  3759  4508 I Sensors : Gyro old sensor_state 17, new sensor_state : 19 en : 1
12-30 19:42:05.878 27216 27216 D SensorManager: registerListener :: 3, K6DS3TR Gyroscope Sensor, 20000, 0,  
12-30 19:42:05.878 27216 27216 D UE4     : App is running in Portrait
12-30 19:42:05.878 27216 27216 D UE4     : ==============> Resuming main init
12-30 19:42:05.878 27216 27216 D UE4     : ==============> GameActive.onResume complete!
12-30 19:42:05.879  3759  6065 D ActivityManager: post active user change for 0 fullscreen true isHomeActivity() false
12-30 19:42:05.879  3759  6065 D KnoxTimeoutHandler: postActiveUserChange [MsgParam] userId: 0 fullscreen is true showWhenlocked is false isMutiwindowRecord is false multiwindowstyle is 0
12-30 19:42:05.879  3759  3759 D KnoxTimeoutHandler: handleActiveUserChange [MsgParam] userId: 0 fullscreen is true showWhenlocked is false isMutiwindowRecord is false multiwindowstyle is 0
12-30 19:42:05.880  3759  3759 I KnoxTimeoutHandler: Shared devices show user statefalse
12-30 19:42:05.881 27216 27216 V InputMethodManager: Starting input: tba=android.view.inputmethod.EditorInfo@ad74e44 nm : com.GeekTechnique.InfinityStack ic=null
12-30 19:42:05.882  3759 16760 V WindowManager: Relayout Window{3e0ca02d0 u0 com.GeekTechnique.InfinityStack/com.epicgames.ue4.GameActivity}: viewVisibility=0 req=1080x1920 WM.LayoutParams{(0,0)(fillxfill) sim=#110 ty=1 fl=#1810500 fmt=1 wanim=0x1030001 needsMenuKey=2 naviIconColor=0}
12-30 19:42:05.885 27216 27216 D ViewRootImpl@eb23581[GameActivity]: Relayout returned: oldFrame=[0,0][1080,1920] newFrame=[0,0][1080,1920] result=0x1 surface={isValid=true -891699200} surfaceGenerationChanged=false
12-30 19:42:05.886  3759  4337 E Sensors : AccSensor : Meta event
12-30 19:42:05.896  5974 11057 D ForegroundUtils: could not check pending caller
12-30 19:42:05.942  3759  3794 I WindowManager_SurfaceController: Destroying surface Surface(name=Starting com.GeekTechnique.InfinityStack) called by com.android.server.wm.WindowStateAnimator.destroySurface:2907 com.android.server.wm.WindowStateAnimator.destroySurfaceLocked:1120 com.android.server.wm.WindowState.destroyOrSaveSurface:2662 com.android.server.wm.AppWindowToken.destroySurfaces:423 com.android.server.wm.AppWindowToken.destroySurfaces:387 com.android.server.wm.WindowStateAnimator.finishExit:686 com.android.server.wm.WindowStateAnimator.stepAnimationLocked:570 com.android.server.wm.WindowAnimator.updateWindowsLocked:439 
12-30 19:42:05.942  3216  5364 I SurfaceFlinger: id=3555 Removed JnfinitySta (7/10)
12-30 19:42:05.947  3216  5364 I SurfaceFlinger: id=3555 Removed JnfinitySta (-2/10)
12-30 19:42:06.011 26275 26365 D ClClient: Not sending keepalive.  Current connection state=STOPPED
12-30 19:42:06.027  3759  4530 D MdnieScenarioControlService:  packageName : com.GeekTechnique.InfinityStack    className : com.epicgames.ue4.GameActivity
12-30 19:42:06.053  3759  3759 D CustomFrequencyManagerService: releaseDVFSLockLocked : Getting Lock type frm List : DVFS_MIN_LIMIT  frequency : 1704000  uid : 1000  pid : 3759  tag : AMS_RESUME_TAIL@CPU_MIN@47
12-30 19:42:06.068 27216 27237 D UE4     : LogPluginManager: Mounting plugin Paper2D
12-30 19:42:06.076 27216 27237 D UE4     : LogPluginManager: Mounting plugin AISupport
12-30 19:42:06.078 27216 27237 D UE4     : LogPluginManager: Mounting plugin LightPropagationVolume
12-30 19:42:06.079 27216 27237 D UE4     : LogPluginManager: Mounting plugin AssetManagerEditor
12-30 19:42:06.081 27216 27237 D UE4     : LogPluginManager: Mounting plugin CryptoKeys
12-30 19:42:06.082 27216 27237 D UE4     : LogPluginManager: Mounting plugin FacialAnimation
12-30 19:42:06.084 27216 27237 D UE4     : LogPluginManager: Mounting plugin MeshEditor
12-30 19:42:06.085 27216 27237 D UE4     : LogPluginManager: Mounting plugin DatasmithContent
12-30 19:42:06.086 27216 27237 D UE4     : LogPluginManager: Mounting plugin VariantManagerContent
12-30 19:42:06.088 27216 27237 D UE4     : LogPluginManager: Mounting plugin AlembicImporter
12-30 19:42:06.089 27216 27237 D UE4     : LogPluginManager: Mounting plugin AppleImageUtils
12-30 19:42:06.090 27216 27237 D UE4     : LogPluginManager: Mounting plugin AppleVision
12-30 19:42:06.092 27216 27237 D UE4     : LogPluginManager: Mounting plugin BackChannel
12-30 19:42:06.093 27216 27237 D UE4     : LogPluginManager: Mounting plugin CharacterAI
12-30 19:42:06.095 27216 27237 D UE4     : LogPluginManager: Mounting plugin GeometryCache
12-30 19:42:06.096 27216 27237 D UE4     : LogPluginManager: Mounting plugin AndroidMedia
12-30 19:42:06.097 27216 27237 D UE4     : LogPluginManager: Mounting plugin ImgMedia
12-30 19:42:06.099 27216 27237 D UE4     : LogPluginManager: Mounting plugin LinearTimecode
12-30 19:42:06.100 27216 27237 D UE4     : LogPluginManager: Mounting plugin MediaCompositing
12-30 19:42:06.102 27216 27237 D UE4     : LogPluginManager: Mounting plugin TcpMessaging
12-30 19:42:06.103 27216 27237 D UE4     : LogPluginManager: Mounting plugin UdpMessaging
12-30 19:42:06.105 27216 27237 D UE4     : LogPluginManager: Mounting plugin ActorSequence
12-30 19:42:06.106 27216 27237 D UE4     : LogPluginManager: Mounting plugin NetcodeUnitTest
12-30 19:42:06.107 27216 27237 D UE4     : LogPluginManager: Mounting plugin NUTUnrealEngine4
12-30 19:42:06.109 27216 27237 D UE4     : LogPluginManager: Mounting plugin OnlineSubsystemGooglePlay
12-30 19:42:06.110 27216 27237 D UE4     : LogPluginManager: Mounting plugin OnlineSubsystem
12-30 19:42:06.112 27216 27237 D UE4     : LogPluginManager: Mounting plugin OnlineSubsystemNull
12-30 19:42:06.113 27216 27237 D UE4     : LogPluginManager: Mounting plugin OnlineSubsystemUtils
12-30 19:42:06.115 27216 27237 D UE4     : LogPluginManager: Mounting plugin AndroidDeviceProfileSelector
12-30 19:42:06.117 27216 27237 D UE4     : LogPluginManager: Mounting plugin AndroidMoviePlayer
12-30 19:42:06.118 27216 27237 D UE4     : LogPluginManager: Mounting plugin AndroidPermission
12-30 19:42:06.119 27216 27237 D UE4     : LogPluginManager: Mounting plugin ArchVisCharacter
12-30 19:42:06.121 27216 27237 D UE4     : LogPluginManager: Mounting plugin CableComponent
12-30 19:42:06.122 27216 27237 D UE4     : LogPluginManager: Mounting plugin CustomMeshComponent
12-30 19:42:06.124 27216 27237 D UE4     : LogPluginManager: Mounting plugin EditableMesh
12-30 19:42:06.125 27216 27237 D UE4     : LogPluginManager: Mounting plugin ExampleDeviceProfileSelector
12-30 19:42:06.127 27216 27237 D UE4     : LogPluginManager: Mounting plugin Firebase
12-30 19:42:06.128 27216 27237 D UE4     : LogPluginManager: Mounting plugin GoogleCloudMessaging
12-30 19:42:06.130 27216 27237 D UE4     : LogPluginManager: Mounting plugin LocationServicesBPLibrary
12-30 19:42:06.131 27216 27237 D UE4     : LogPluginManager: Mounting plugin MobilePatchingUtils
12-30 19:42:06.133 27216 27237 D UE4     : LogPluginManager: Mounting plugin OculusVR
12-30 19:42:06.141 27216 27237 D UE4     : LogPluginManager: Mounting plugin PhysXVehicles
12-30 19:42:06.146 27216 27237 D UE4     : LogPluginManager: Mounting plugin ProceduralMeshComponent
12-30 19:42:06.147 27216 27237 D UE4     : LogPluginManager: Mounting plugin RuntimePhysXCooking
12-30 19:42:06.149 27216 27237 D UE4     : LogPluginManager: Mounting plugin SteamVR
12-30 19:42:06.151 27216 27237 D UE4     : LogStreaming: Display: Took  0.084s to configure plugins.
12-30 19:42:06.197  3759  9132 D GamePkgDataHelper: getGamePkgData(). com.GeekTechnique.InfinityStack
12-30 19:42:06.199  3759  9132 D GameManagerService: identifyGamePackage. com.GeekTechnique.InfinityStack
12-30 19:42:06.199  3759  9132 D GameManagerService: identifyGamePackage. com.GeekTechnique.InfinityStack
12-30 19:42:06.200  3759  9132 D TelephonyManager: getAllCellInfo : Caller (PID / UID / TID): 3759 / 1000 / 9132
12-30 19:42:06.206  3759  9132 D GameManagerService: identifyGamePackage. com.GeekTechnique.InfinityStack
12-30 19:42:06.206  3759  9132 D GameManagerService: identifyGamePackage. com.GeekTechnique.InfinityStack
12-30 19:42:06.346 27216 27237 D UE4     : LogInit: Using libcurl 7.46.0
12-30 19:42:06.346 27216 27237 D UE4     : LogInit:  - built for arm-unknown-linux-androideabi
12-30 19:42:06.346 27216 27237 D UE4     : LogInit:  - supports SSL with OpenSSL/1.0.1s
12-30 19:42:06.346 27216 27237 D UE4     : LogInit:  - supports HTTP deflate (compression) using libz 1.2.8
12-30 19:42:06.346 27216 27237 D UE4     : LogInit:  - other features:
12-30 19:42:06.346 27216 27237 D UE4     : LogInit:      CURL_VERSION_SSL
12-30 19:42:06.346 27216 27237 D UE4     : LogInit:      CURL_VERSION_LIBZ
12-30 19:42:06.346 27216 27237 D UE4     : LogInit:      CURL_VERSION_IPV6
12-30 19:42:06.346 27216 27237 D UE4     : LogInit:      CURL_VERSION_ASYNCHDNS
12-30 19:42:06.346 27216 27237 D UE4     : LogInit:      CURL_VERSION_TLSAUTH_SRP
12-30 19:42:06.347 27216 27237 D UE4     : LogInit:  CurlRequestOptions (configurable via config and command line):
12-30 19:42:06.347 27216 27237 D UE4     : LogInit:  - bVerifyPeer = true  - Libcurl will verify peer certificate
12-30 19:42:06.347 27216 27237 D UE4     : LogInit:  - bUseHttpProxy = false  - Libcurl will NOT use HTTP proxy
12-30 19:42:06.347 27216 27237 D UE4     : LogInit:  - bDontReuseConnections = false  - Libcurl will reuse connections
12-30 19:42:06.347 27216 27237 D UE4     : LogInit:  - MaxHostConnections = 16  - Libcurl will limit the number of connections to a host
12-30 19:42:06.347 27216 27237 D UE4     : LogInit:  - LocalHostAddr = Default
12-30 19:42:06.347 27216 27237 D UE4     : LogInit:  - BufferSize = 65536
12-30 19:42:06.349 27216 27237 D UE4     : LogOnline: Display: OSS: OnlineSubsystemGooglePlayModule::StartupModule()
12-30 19:42:06.349 27216 27237 D UE4     : FOnlineSubsystemGooglePlay::Init
12-30 19:42:06.349 27216 27237 D UE4     : LogOnlineIdentity: Display: OSS: FOnlineIdentityGooglePlay::FOnlineIdentityGooglePlay()
12-30 19:42:06.350 27216 27237 D UE4     : FOnlineSubsystemGooglePlay::IsInAppPurchasingEnabled 0
12-30 19:42:06.358 27216 27237 D UE4     : LogHMD: App is not packaged for Gear VR
12-30 19:42:06.358 27216 27237 D UE4     : LogInit: Build: ++UE4+Release-4.21-CL-4613538
12-30 19:42:06.358 27216 27237 D UE4     : LogInit: Engine Version: 4.21.1-4613538+++UE4+Release-4.21
12-30 19:42:06.358 27216 27237 D UE4     : LogInit: Compatible Engine Version: 4.21.0-4541578+++UE4+Release-4.21
12-30 19:42:06.358 27216 27237 D UE4     : LogInit: Net CL: 4541578
12-30 19:42:06.358 27216 27237 D UE4     : LogInit: OS: Android (7.0), CPU: SM-N920V, GPU: Mali-T760
12-30 19:42:06.358 27216 27237 D UE4     : LogInit: Compiled (32-bit): Nov 30 2018 05:07:29
12-30 19:42:06.358 27216 27237 D UE4     : LogInit: Compiled with Clang: 3.8.275480 
12-30 19:42:06.358 27216 27237 D UE4     : LogInit: Build Configuration: Development
12-30 19:42:06.358 27216 27237 D UE4     : LogInit: Branch Name: ++UE4+Release-4.21
12-30 19:42:06.358 27216 27237 D UE4     : LogInit: Command Line:   /Game/Maps/StackMap -Messaging -SessionId=1E0D68C6414436B208E9DAA3FB85B712 -SessionOwner="nope" -SessionName="Launch On Device" -iterative
12-30 19:42:06.358 27216 27237 D UE4     : LogInit: Base Directory: 
12-30 19:42:06.358 27216 27237 D UE4     : LogInit: Installed Engine Build: 0
12-30 19:42:06.358 27216 27237 D UE4     : LogDevObjectVersion: Number of dev versions registered: 22
12-30 19:42:06.359 27216 27237 D UE4     : LogDevObjectVersion:   Dev-Blueprints (B0D832E4-1F89-4F0D-ACCF-7EB736FD4AA2): 10
12-30 19:42:06.359 27216 27237 D UE4     : LogDevObjectVersion:   Dev-Build (E1C64328-A22C-4D53-A36C-8E866417BD8C): 0
12-30 19:42:06.359 27216 27237 D UE4     : LogDevObjectVersion:   Dev-Core (375EC13C-06E4-48FB-B500-84F0262A717E): 2
12-30 19:42:06.359 27216 27237 D UE4     : LogDevObjectVersion:   Dev-Editor (E4B068ED-F494-42E9-A231-DA0B2E46BB41): 26
12-30 19:42:06.359 27216 27237 D UE4     : LogDevObjectVersion:   Dev-Framework (CFFC743F-43B0-4480-9391-14DF171D2073): 34
12-30 19:42:06.359 27216 27237 D UE4     : LogDevObjectVersion:   Dev-Mobile (B02B49B5-BB20-44E9-A304-32B752E40360): 2
12-30 19:42:06.359 27216 27237 D UE4     : LogDevObjectVersion:   Dev-Networking (A4E4105C-59A1-49B5-A7C5-40C4547EDFEE): 0
12-30 19:42:06.359 27216 27237 D UE4     : LogDevObjectVersion:   Dev-Online (39C831C9-5AE6-47DC-9A44-9C173E1C8E7C): 0
12-30 19:42:06.359 27216 27237 D UE4     : LogDevObjectVersion:   Dev-Physics (78F01B33-EBEA-4F98-B9B4-84EACCB95AA2): 0
12-30 19:42:06.359 27216 27237 D UE4     : LogDevObjectVersion:   Dev-Platform (6631380F-2D4D-43E0-8009-CF276956A95A): 0
