01-07 15:43:04.744  4616  4823 D NetworkController.MobileSignalController(0/1): callState:0, callStateByPhone:false voLTECall:false voiceNetTpe:13 dataNetType:13, ine911:false, emergencyCallbackMode:false
01-07 15:43:04.745  3757  3757 W CAE     : getContextInfo(ContextAwareService.java:522) - [getContext 02] Mutex is unlocked for ACTIVITY_TRACKER_CURRENT_INFO
01-07 15:43:04.745  3757  3757 D SemContextService: requestToUpdate() : service = Activity Tracker
01-07 15:43:04.745  3757  3757 D SemContextManager:   .requestToUpdate : listener = android.hardware.scontext.SContextManager$SContextListenerDelegate@92f8a34, service=Activity Tracker
01-07 15:43:04.748  3227  3261 D Sensorhubs: readContextData: 1, 1, 26, 1, 4, 114, 15, -18, 1, 1
01-07 15:43:04.749  3757  4361 D SensorHubManager: onGetSensorHubDataLocked: library(10) = 1, 1, 26, 1, 4, 114, 15, -18, 1, 1
01-07 15:43:04.749  3757  4360 D CAE     : onGetSensorHubData(SensorHubParserProvider.java:94) - onGetSensorHubData Event [event buffer len :10], AP_WAKEUP
01-07 15:43:04.749  3757  4360 I CAE     : parse(SensorHubParserProvider.java:196) - buffer size = 10
01-07 15:43:04.750  3757  4360 I CAE     : parse(SensorHubParserProvider.java:207) - 1, 1, 26, 1, 4, 114, 15, -18, 1, 1,
01-07 15:43:04.751  3757  4360 D CAE     : display(ContextProvider.java:375) - ================= ACTIVITY_TRACKER =================
01-07 15:43:04.751  3757  4360 I CAE     : display(ContextProvider.java:391) - Accuracy=[1], OperationMode=[0], ActivityType=[1], TimeStamp=[1546893784046]
01-07 15:43:04.752  3757  4364 D SemContextService: updateContext() : event = Activity Tracker
01-07 15:43:04.753  6724  6724 D [WeatherWidget(15061)]  AutoRefreshReceiver: {[43EB1C024052B99D53E991930172379613F1DDEBA8981688ED2B3D727735919C70C5D7BBF5F50DDC0CF8C19D95633ACD7E4A65BD04C0F25CEB4C410885D1A56202B0B922715AB19814BFCF7276BE09FC]}
01-07 15:43:04.754  3757 32084 D ConnectivityService: filterNetworkStateForUid() uid: 10184 networkInfo: [type: WIFI[] - WIFI, state: CONNECTED/CONNECTED, reason: (unspecified), extra: "wilkinson2.4", failover: false, available: true, roaming: false, metered: false]
01-07 15:43:04.756  6724  6724 D [WeatherWidget(15061)]  AutoRefresh: {[A9E3247E6374877349C1CACD1460A265047B4B2A8D20B86E535A74106B5E6A0A318C3719B498E2BF9C7AF2698CA594848F08ADD8A2511B1553E93A28557AA4003EEA54A693F24BBF50FE4F5CB87D566F]}
01-07 15:43:04.760  4616  4823 D NetworkController.MobileSignalController(0/1): onSignalStrengthsChanged signalStrength=SignalStrength: 99 99 -120 -160 -120 -1 -1 14 -119 -18 8 2147483647 2147483647 0x1000 gsm|lte level=1
01-07 15:43:04.760  4616  4823 D NetworkController.MobileSignalController(0/1): getMobileIconGroup(): 13
01-07 15:43:04.760  4616  4823 D NetworkController.MobileSignalController(0/1): updateVZWMobileIconGroup(): 13
01-07 15:43:04.760  3757  3757 D SemContextManager: onSemContextChanged() : event = Activity Tracker
01-07 15:43:04.760  3757  3757 D SContextManager: onSContextChanged() : event = Activity Tracker
01-07 15:43:04.760  3757  3757 D WifiService: onSContextChanged(): status - 1, mPrevActivityStatus - -1, accuracy - 1
01-07 15:43:04.760  3757  3757 D WifiStateMachine: setActivityStatus() : status - 1
01-07 15:43:04.761  6724  6724 D [WeatherWidget(15061)]  WidgetCount: {[58A211B6B849F6AF6FA5E7616FBE3EE98829A5398C07564C0DB3BFB5D240ABC2]}
01-07 15:43:04.762  6724  6724 D [WeatherWidget(15061)]  WidgetCount: {[CCB0E3EE44F2E0E1B203CCF447EC08807DF4714E0771C754FA3E35B5E7EAE40E]}
01-07 15:43:04.766  3227  3261 D Sensorhubs: readContextData: 1, 1, 26, 1, 4, 114, 15, -18, 1, 1
01-07 15:43:04.767  3757  4361 D SensorHubManager: onGetSensorHubDataLocked: library(10) = 1, 1, 26, 1, 4, 114, 15, -18, 1, 1
01-07 15:43:04.768  3757  4360 D CAE     : onGetSensorHubData(SensorHubParserProvider.java:94) - onGetSensorHubData Event [event buffer len :10], AP_WAKEUP
01-07 15:43:04.768  3757  4360 I CAE     : parse(SensorHubParserProvider.java:196) - buffer size = 10
01-07 15:43:04.768  6724  6724 E [WeatherWidget(15061)]  WidgetCount: {[374860753549FBD2F918DC857B953F313E9B8F988E44851CE755F67D26C95D016AF425B8FD52D50AAADE15BD72796BD97B25BA6B1BDCA76BF677FE6939A5017D668B9E8EC407FA006075FF844D51C8FD9400AEE403E6DEC7D3F815F25E43901867B355D5E1B80C22A076B997AD520968371ABDEBA654476CC49C0CCD33CEA4A489A0C57739E14E2A476B42DA7A26D30D59D7DA05154E3563CAAA0A17792969B155FEA6E50C9AD41B085C7EFF1598DA8F490909B7EAB9742EC344F539A191602F]}
01-07 15:43:04.769  3757  4360 I CAE     : parse(SensorHubParserProvider.java:207) - 1, 1, 26, 1, 4, 114, 15, -18, 1, 1,
01-07 15:43:04.769  6724  6724 W [WeatherWidget(15061)]  AutoRefresh: {[D53A15B67DB17F41440E345CD99455465D14694CE8A1269A7EAEFB5F96F16958FCB3D277A8B58C501F891D03498ECC9427A8A1B0948A5E10DA07EA8EC78439C75EBAA6F21FEB79925A2942C24267D985]}
01-07 15:43:04.769  5035  6445 D EPDG -- [MODEM]: message length is  9
01-07 15:43:04.769  5035  6445 D EPDG -- [MODEM]: countRead is 7 offset is 7remaining is 0
01-07 15:43:04.769  5035  6445 D EPDG -- EpdgIpcMessageFactory: ipcMainCmd: 8
01-07 15:43:04.769  5035  6445 D EPDG -- [UTILS]: isUSerBinary: true
01-07 15:43:04.769  5035  6445 D EPDG -- [RILRECEIVER]: [Rx]: Main: IPC_NET_CMD Sub: IPC_NET_REGIST
01-07 15:43:04.769  5035  6445 D EPDG -- [RILRECEIVER]: [Rx]: Param: FF 03 
01-07 15:43:04.769  5035  6445 I EPDG -- [RILRECEIVER]: RX [NET_REGIST] -- RESPONSE -- EPDG AVAILABLE
01-07 15:43:04.769  6724  6724 D [WeatherWidget(15061)]  AutoRefresh: {[DD8FBC6D54171C39FC146F4B92E3003C5649E9338C118EF80D124C9BCEAD78BA033BED019E63FB366286FDFAC7F09798]}
01-07 15:43:04.769  5035  6445 D EPDG -- [NETIPCMESSAGE]: encodeNetRegist
01-07 15:43:04.769  5035  6445 D EPDG -- [UTILS]: isUSerBinary: true
01-07 15:43:04.769  3757  4360 D CAE     : display(ContextProvider.java:375) - ================= ACTIVITY_TRACKER =================
01-07 15:43:04.770  6724  6724 D [WeatherWidget(15061)]  DB L2: {[610591C4E30FED4A153FF198DAC84EFEE3319B0D622FD4A19809E90ED3C1398368D658B139FCCB8B9564F5B4E9CB634EEC1F09DCE29BE412C071BD8BAAFDB944]}
01-07 15:43:04.770  5035  6445 D EPDG -- [IPCDISPATCHER]: [Tx]: Main: IPC_NET_CMD Sub: IPC_NET_REGIST Cmd Type: IPC_CMD_RESP
01-07 15:43:04.770  5035  6445 D EPDG -- [IPCDISPATCHER]: [Tx]: Param: 30 03 02 00 00 00 00 00 00 00 00 00 00 
01-07 15:43:04.770  5035  6445 D EPDG -- [MODEM]: EpdgModem instance already exists !
01-07 15:43:04.770  3757  4360 I CAE     : display(ContextProvider.java:391) - Accuracy=[1], OperationMode=[0], ActivityType=[1], TimeStamp=[1546893784046]
01-07 15:43:04.770  5035  6442 D EPDG -- [MODEM]: Successfully written to RIL
01-07 15:43:04.770  5035  5670 D EPDG -- [EPDGService]: Event received: RIL_EPDG_STATUS_QUERY
01-07 15:43:04.770  5035  5670 D EPDG -- [EPDGService]: handleMessage: cid - 2
01-07 15:43:04.771  3757  4364 D SemContextService: updateContext() : event = Activity Tracker
01-07 15:43:04.771  3757  3757 D SemContextManager: onSemContextChanged() : event = Activity Tracker
01-07 15:43:04.771  3757  3800 D SurfaceControl: Excessive delay in setPowerMode(): 279ms
01-07 15:43:04.771  3757  3757 D SContextManager: onSContextChanged() : event = Activity Tracker
01-07 15:43:04.771  3757  3800 D PowerManagerUtil: Excessive delay in !@display_state: ON: 280ms
01-07 15:43:04.771  3757  3757 D WifiService: onSContextChanged(): status - 1, mPrevActivityStatus - 1, accuracy - 1
01-07 15:43:04.771  3757  3795 D DisplayPowerController: animateScreenStateChange[0]: target=2
01-07 15:43:04.771  3757  3795 D DisplayPowerController: animateScreenStateChange[0]: return as screen on blocked
01-07 15:43:04.771  3757  3795 D DisplayPowerController: [Dual Screen Compatible] state[0] :2
01-07 15:43:04.771  3757  3795 D DisplayPowerController: getFinalBrightness : Summary is 175 -> 175
01-07 15:43:04.772  3757  3795 D DisplayPowerController: Animating brightness: target=175, rate=2000 (PSM:true, AB limit:(-1 ~ -1) MB Limit:(-1 ~ -1))
01-07 15:43:04.774  4616  4823 D NetworkController.MobileSignalController(0/1): callState:0, callStateByPhone:false voLTECall:false voiceNetTpe:13 dataNetType:13, ine911:false, emergencyCallbackMode:false
01-07 15:43:04.775  3757 13248 D MISC PowerHAL: sysfs_write +: /sys/class/input/event2/device/enabled: 1
01-07 15:43:04.775  3757 13248 D MISC PowerHAL: sysfs_write -: /sys/class/input/event2/device/enabled: 1
01-07 15:43:04.775  3757  3793 I art     : Starting a blocking GC Explicit
01-07 15:43:04.775  3757 13249 D MISC PowerHAL: sysfs_write +: /sys/class/input/event0/device/enabled: 1
01-07 15:43:04.775  3757  7206 D WindowManager: finishDrawingWindow: Window{8fc7025d0 u0 StatusBar} mDrawState=DRAW_PENDING
01-07 15:43:04.776  6724  6724 D [WeatherWidget(15061)]  : {[E9BDC1AC9F9B078A92B3F309630276C89F9B6E52C087A495B97355481F2FDE5B58A757A09967AB7BD9E1187CEA5BB356FACBD4A552A7402C88647F970C513A69]}
01-07 15:43:04.776  4616  4616 D KeyguardUpdateMonitor: handleTimeUpdate#start
01-07 15:43:04.776  4616  4616 I KeyguardClockPage: refreshTime(): DefaultSingle2016 hometime:America/New_York locale:en_US hasBG?false, Roaming:false
01-07 15:43:04.777  6724  6724 D [WeatherWidget(15061)]  DB L2: {[610591C4E30FED4A153FF198DAC84EFE259FA03515F619060291D19B9A2E73CB46DA064369D1073FED4BA9669B425DCA7E638F47BAB341D02E2661D0E60D0A3F]}
01-07 15:43:04.778  6724  6724 D [WeatherWidget(15061)]  DB L2: {[610591C4E30FED4A153FF198DAC84EFE1A65FB0EE8B7C5763A9CB231BC13495CD31242F2BDFDEBE03BA53E862DFE9789931985D0648546B9AEDDC55B40B2D8ED]}
01-07 15:43:04.780  6724  6724 D [WeatherWidget(15061)]  DB L2: {[610591C4E30FED4A153FF198DAC84EFEE3319B0D622FD4A19809E90ED3C1398368D658B139FCCB8B9564F5B4E9CB634E4D2FE47E133238A4642A78AFAD833690]}
01-07 15:43:04.781  6724  6724 D [WeatherWidget(15061)]  : {[E9BDC1AC9F9B078A92B3F309630276C89F9B6E52C087A495B97355481F2FDE5B58A757A09967AB7BD9E1187CEA5BB356FACBD4A552A7402C88647F970C513A69]}
01-07 15:43:04.781  3757 13251 D MISC PowerHAL: sysfs_write +: /sys/class/input/event1/device/enabled: 1
01-07 15:43:04.781  6724  6724 D [WeatherWidget(15061)]  AutoRefresh: {[6085FEB5CD30F2E1C044828754B85C01721392526B334AEF3377E50B3CE9E9862757DC9E448012440243A4D04B6C306D]}
01-07 15:43:04.781  6724  6724 D [WeatherWidget(15061)]  AutoRefresh: {[68AAD060E684063EFCB6ADB215EA574A65DD9AAB63BC77D5138EDD06ED7F0332DC51C4601D96A6DFB84A34CA2570C18A]}
01-07 15:43:04.782  6724  6724 D [WeatherWidget(15061)]  AutoRefresh: {[F67DC00F53FD5CE2FA393625B6A8E3DE72288451EDFC40A20486BB5642EB86DFB1D15D61C574CE503565CEA6EEF822E2]}
01-07 15:43:04.782  6724  6724 D [WeatherWidget(15061)]  AutoRefresh: {[32BBB3D68833B07C743FEFF010431B836EE0B06B187539E8FD079DC8A1721F2DAB6B2B38646181500569A108ACAF2B35285C3FDD3F55AA5E46A0FB232E13D039]}
01-07 15:43:04.782  6724  6724 D [WeatherWidget(15061)]  AutoRefresh: {[9B644277DED53DD25932524C385943327EFEBCE57D6BB6C096E6E42D5C8130CD262680B7AC7C69B33DD9D313F0ED3F6B]}
01-07 15:43:04.786  3757  3770 D CompatibilityInfo: mCompatibilityFlags - 0
01-07 15:43:04.786  3757  3770 D CompatibilityInfo: applicationDensity - 420
01-07 15:43:04.786  3757  3770 D CompatibilityInfo: applicationScale - 1.0
01-07 15:43:04.787  3757  4397 I WindowManager: Ignoring HOME; down is not pressed.
01-07 15:43:04.789  6724  6724 D [WeatherWidget(15061)]  WeatherScreenReceiver: {[AE44B1CAE710C9799F38EE823B33FC6FD1758E066E5B1B99A2F7EE69509032FEEB075795FA0CFCF2F5C15479C41947E9750870FC7DC1D73237312BEFAFD09EFB]}
01-07 15:43:04.789  3268 13224 I tlc_communication: mcWaitNotification is completed;237
01-07 15:43:04.789  3268 13224 I TLC_BAUTH: Check the Trustlet return code is completed;1288
01-07 15:43:04.789  3268 13224 D bauth_FPBAuthService: check_opcode status = 2, opcode = 4, func_ret_val = 0, function_status = 1, timeout = -1
01-07 15:43:04.789  3268 13224 D bauth_FPBAuthService: FPBAuthService, 1191
01-07 15:43:04.789  3268 13224 D bauth_FPBAuthSensorControl: FPBAuthSensorControl, 432
01-07 15:43:04.789  3268 13224 D bauth_FPBAuthSensorControl: FPBAuthSensorControl, 390
01-07 15:43:04.789  3268 13224 D bauth_FPBAuthService: FPBAuthService, 1208
01-07 15:43:04.790  3268 13224 D bauth_FPBAuthSensorControl: FPBAuthSensorControl, 552
01-07 15:43:04.792  4616  4616 D KeyguardUpdateMonitor: handleTimeUpdate#end
01-07 15:43:04.793  4616  4616 D SystemUI_Clock: Clock received ACTION_TIME_TICK : start
01-07 15:43:04.795  3757  7201 D CompatibilityInfo: mCompatibilityFlags - 0
01-07 15:43:04.795  3757  7201 D CompatibilityInfo: applicationDensity - 420
01-07 15:43:04.795  3757  7201 D CompatibilityInfo: applicationScale - 1.0
01-07 15:43:04.798  6724  6724 D [WeatherWidget(15061)]  WidgetCount: {[58A211B6B849F6AF6FA5E7616FBE3EE98829A5398C07564C0DB3BFB5D240ABC2]}
01-07 15:43:04.798  6724  6724 D [WeatherWidget(15061)]  WidgetCount: {[CCB0E3EE44F2E0E1B203CCF447EC08807DF4714E0771C754FA3E35B5E7EAE40E]}
01-07 15:43:04.799  6724  6724 D [WeatherWidget(15061)]  WidgetCount: {[2186A9543452C41452D43BCFD5226C4BA24310F8C8A6AE911E2720EA3C7BA04739C257A7FDCA4ECD086B1A59118E54A843347CCAA559B7F1D4FF7B228FB898B1]}
01-07 15:43:04.800  4616  4616 D SystemUI_Clock: Clock received ACTION_TIME_TICK : end
01-07 15:43:04.805  5035  6445 D EPDG -- [MODEM]: message length is  9
01-07 15:43:04.805  5035  6445 D EPDG -- [MODEM]: countRead is 7 offset is 7remaining is 0
01-07 15:43:04.805  5035  6445 D EPDG -- EpdgIpcMessageFactory: ipcMainCmd: 8
01-07 15:43:04.805  5035  6445 D EPDG -- [UTILS]: isUSerBinary: true
01-07 15:43:04.805  5035  6445 D EPDG -- [RILRECEIVER]: [Rx]: Main: IPC_NET_CMD Sub: IPC_NET_REGIST
01-07 15:43:04.805  5035  6445 D EPDG -- [RILRECEIVER]: [Rx]: Param: FF 03 
01-07 15:43:04.805  5035  6445 I EPDG -- [RILRECEIVER]: RX [NET_REGIST] -- RESPONSE -- EPDG AVAILABLE
01-07 15:43:04.805  5035  6445 D EPDG -- [NETIPCMESSAGE]: encodeNetRegist
01-07 15:43:04.805  5035  6445 D EPDG -- [UTILS]: isUSerBinary: true
01-07 15:43:04.806  5035  6445 D EPDG -- [IPCDISPATCHER]: [Tx]: Main: IPC_NET_CMD Sub: IPC_NET_REGIST Cmd Type: IPC_CMD_RESP
01-07 15:43:04.806  5035  6445 D EPDG -- [IPCDISPATCHER]: [Tx]: Param: 30 03 02 00 00 00 00 00 00 00 00 00 00 
01-07 15:43:04.806  5035  6445 D EPDG -- [MODEM]: EpdgModem instance already exists !
01-07 15:43:04.806  5035  6442 D EPDG -- [MODEM]: Successfully written to RIL
01-07 15:43:04.806  5035  5670 D EPDG -- [EPDGService]: Event received: RIL_EPDG_STATUS_QUERY
01-07 15:43:04.806  5035  5670 D EPDG -- [EPDGService]: handleMessage: cid - 2
01-07 15:43:04.820  3757 29839 D CompatibilityInfo: mCompatibilityFlags - 0
01-07 15:43:04.820  3757 29839 D CompatibilityInfo: applicationDensity - 420
01-07 15:43:04.820  3757 29839 D CompatibilityInfo: applicationScale - 1.0
01-07 15:43:04.821  4616  4616 D KeyguardFingerPrint: onAuthenticationAcquired() = 10001
01-07 15:43:04.821  4616  4616 D KeyguardFingerPrint: fingerprint applyBooster
01-07 15:43:04.828  3757  5063 D PowerManagerService: [api] [s] userActivity : event: 0 flags: 0 (uid: 10055 pid: 4616) eventTime = 20207059
01-07 15:43:04.835  3757 32083 D AudioService: getStreamVolume 3 index 80
01-07 15:43:04.838  3757  4469 D AudioService: getStreamVolume 3 index 80
01-07 15:43:04.842  4616  4616 I ViewCaptureUtil: Capture the lockscreen
01-07 15:43:04.860  4616  4616 D TextClock: TextClock received ACTION_TIME_TICK : start
01-07 15:43:04.861  3757  3757 D PersonaManagerService: ACTION_SCREEN_ON onReceive
01-07 15:43:04.862  3757  3805 D PersonaManagerServiceHandler: MSG_ACTION_SCREEN_ON called
01-07 15:43:04.862  4616  4616 D TextClock: TextClock received ACTION_TIME_TICK : end
01-07 15:43:04.866  4561  4561 D BtGatt.GattService: LCD turned on
01-07 15:43:04.867  4561  5167 D BtGatt.ScanManager: handleLcdOnIntent
01-07 15:43:04.867  4561  5167 D BtGatt.ScanManager: handleLcdOnIntent
01-07 15:43:04.869  3268 13224 D bauth_FPBAuthSensorControl: FPBAuthSensorControl, 474
01-07 15:43:04.869  3268 13224 D bauth_FPBAuthSensorControl: FPBAuthSensorControl, 390
01-07 15:43:04.869  3268 13224 D bauth_FPBAuthSensorControl: FPBAuthSensorControl, 432
01-07 15:43:04.869  3268 13224 D bauth_FPBAuthService: FPBAuthService, 1340
01-07 15:43:04.869  3268 13224 D bauth_FPBAuthService: FPBAuthService, 1351
01-07 15:43:04.871  3268 13224 D bauth_FPBAuthSensorControl: FPBAuthSensorControl, 552
01-07 15:43:04.871  3268 13224 D bauth_FPBAuthService: FPBAuthService, 3388
01-07 15:43:04.871  3268 13224 I TLC_BAUTH: Call FP cmd 0x6;1222
01-07 15:43:04.871  3268 13224 I tlc_communication: Send Trustlet TCI Message;214
01-07 15:43:04.871  3268 13224 I tlc_communication: mcNotify is completed;224
01-07 15:43:04.887  4616  4616 D TextClock: TextClock received ACTION_TIME_TICK : start
01-07 15:43:04.890  6724  6724 D [WeatherWidget(15061)]  WeatherService: {[9487F20DCED78CE73EA66807BB270FD3E62FA8D486253144167A6949370A3CD8]}
01-07 15:43:04.890  6724  6724 D [WeatherWidget(15061)]  : {[3AE6950019B083611567B0F9442DB03E36B37708FCADB7FDDBA670B1362D994454BFFFDA2568816BBDDA6DD60F644DCF]}
01-07 15:43:04.892  3757 31270 D CompatibilityInfo: mCompatibilityFlags - 0
01-07 15:43:04.892  3757 31270 D CompatibilityInfo: applicationDensity - 420
01-07 15:43:04.892  3757 31270 D CompatibilityInfo: applicationScale - 1.0
01-07 15:43:04.893  4616  4616 D TextClock: TextClock received ACTION_TIME_TICK : end
01-07 15:43:04.900  5024  5024 D PhoneApp: PhoneAppBroadcastReceiver onReceive android.intent.action.ANY_DATA_STATE
01-07 15:43:04.908  5024  5024 D PhoneApp: mReceiver: ACTION_ANY_DATA_CONNECTION_STATE_CHANGED
01-07 15:43:04.908  5024  5024 D PhoneApp: - state: CONNECTED apnType= ims
01-07 15:43:04.908  5024  5024 D PhoneApp: - reason: SCREEN_ON
01-07 15:43:04.908  5024  5024 D PhoneApp: - subId: 1
01-07 15:43:04.908  5024  5024 D PhoneApp: - phoneId: 0
01-07 15:43:04.909  5024  5024 I PhoneApp: Phone.REASON_ROAMING_ON : roamingOn
01-07 15:43:04.909  5024  5024 I PhoneApp: PhoneConstants.STATE_CHANGE_REASON_KEY : SCREEN_ON
01-07 15:43:04.909  5024  5024 D PhoneApp: disconnectedDueToRoaming = false PhoneUtils.isDataRoaming() = false
01-07 15:43:04.909  5024  5024 I TelephonyExtensionManager: state - CONNECTED
01-07 15:43:04.910  5024  5024 D FileWriteThread_Telephony: FileWriteThread : threadType = 3
01-07 15:43:04.914  4616  4616 D TextClock: TextClock received ACTION_TIME_TICK : start
01-07 15:43:04.914  4616  4616 D TextClock: TextClock received ACTION_TIME_TICK : end
01-07 15:43:04.919  4616  4616 V hong    : mid yDiff = 382
01-07 15:43:04.919  4616  4616 V hong    : mid yDiff = 382
01-07 15:43:04.922  5035  5670 D EPDG -- [EPDGService]: onDataActivity: direction=0
01-07 15:43:04.927  4616  4823 D NetworkController.MobileSignalController(0/1): onDataActivity: direction=0
01-07 15:43:04.929  4616  4616 D SystemUI_DateView: DateView received ACTION_TIME_TICK : start
01-07 15:43:04.929  3757 13249 D MISC PowerHAL: sysfs_write -: /sys/class/input/event0/device/enabled: 1
01-07 15:43:04.929  4616  4616 D SystemUI_DateView: DateView received ACTION_TIME_TICK : end
01-07 15:43:04.930  4616  4616 V hong    : mid yDiff = 382
01-07 15:43:04.930  4616  4616 V hong    : mid yDiff = 382
01-07 15:43:04.930  5035  5670 D EPDG -- [EPDGService]: onDataActivity: direction=0
01-07 15:43:04.931  4616  4823 D NetworkController.MobileSignalController(0/1): onDataActivity: direction=0
01-07 15:43:04.931  3757 32085 D SamsungAlarmManager: Cancel Alarm calling from uid:1001 pid :5024 / op:PendingIntent{4cb0007: PendingIntentRecord{3cacd1 com.android.phone broadcastIntent}}
01-07 15:43:04.940  4616  4616 D TextClock: TextClock received ACTION_TIME_TICK : start
01-07 15:43:04.940  4616  4616 D TextClock: TextClock received ACTION_TIME_TICK : end
01-07 15:43:04.945  3757  4473 D SamsungAlarmManager: setInexact Intent (T:3/F:8/AC:false) 20190107T154404 - CU:1001/CP:5024
01-07 15:43:04.947  3757  3757 D SamsungAlarmManager: Cancel Alarm calling from uid:1000 pid :3757 / op:PendingIntent{ccffbcb: PendingIntentRecord{8ce21cd android broadcastIntent}}
01-07 15:43:04.947  3757  3757 D SamsungAlarmManager: Cancel Alarm calling from uid:1000 pid :3757 / op:PendingIntent{bda40e8: PendingIntentRecord{f709244 android broadcastIntent}}
01-07 15:43:04.948  6724  6724 D [WeatherWidget(15061)]  : {[A1AF0F6A1A65A89C43D705938923D0FE0259CBA56E4484DDAF167EE897E0098D214B31210E90A8E4D761DF2724951166F2287DB34D772530C5896F56ACED7599E8BF1AA6F0E29FFF8BEFB4DA22B9353474FFFE211F3634C070A094C78E5D9E9841053A9356A94D84B3C0FCDD8139064F]}
01-07 15:43:04.952  4616  4616 D TextClock: TextClock received ACTION_TIME_TICK : start
01-07 15:43:04.952  4616  4616 D TextClock: TextClock received ACTION_TIME_TICK : end
01-07 15:43:04.956  5010  5903 D VolteServiceModule: onSreenOnOffChanged: on =1
01-07 15:43:04.956  5010  5903 D StackIF : updateScreenOnOff: on 1
01-07 15:43:04.957  5010  5875 D StackIF.Sender: handleMessage: what 1
01-07 15:43:04.957  5010  5875 D SECIMSJ : [0808]> REQUEST_UPDATE_COMMON_CONFIG
01-07 15:43:04.958  3232  3355 E [IMS6.0]: ImsEventLoop: select (1), errno (11)
01-07 15:43:04.958  3232  3355 I [IMS6.0]: DispatchUpdateCommonConfig()
01-07 15:43:04.959  3232  3358 E [IMS6.0]: IMS_onResponse() Resp Id:101
01-07 15:43:04.959  3232  3358 I [IMS6.0]: ResponseGeneralResponse()
01-07 15:43:04.959  3232  3358 I [IMS6.0]: ResponseGeneralResponse() handle:0
01-07 15:43:04.959  6724  6724 D [WeatherWidget(15061)]  WeatherService: {[44BE909F148A112BE24DB9207B7094FC3FC96DDEE23640287DA5ACAB1D582780247AD6051A6DEB776FBEE4CC777897AD]}
01-07 15:43:04.960  5010  5876 D SECIMSJ : [0808]< REQUEST_UPDATE_COMMON_CONFIG
01-07 15:43:04.960  5010  5876 D StackIF : processResponse: reqId 2
01-07 15:43:04.960  5010  5876 D StackIF : processResponse: handle 0 result REQUEST_SUCCESS reason REASON_NO_ERROR
01-07 15:43:04.964  6011  6011 D NfcService: Top activity class name = com.epicgames.ue4.GameActivity
01-07 15:43:04.964  6011  6011 D NfcService: FactoryTestApp is not running, keep going
01-07 15:43:04.965  3757  7201 D CoverManagerWhiteLists: isAllowedToUse : SIGNATURE_MATCH
01-07 15:43:04.965  6011  6011 I NfcService: When receiving ACTION_SCREEN_ON, S view cover is already opened. So screenState is ON_LOCKED by isKeyguardLocked()
01-07 15:43:04.969  4616  4616 D DateTimeView: DateTimeView received ACTION_TIME_TICK : start
01-07 15:43:04.971  4616  4616 D DateTimeView: DateTimeView received ACTION_TIME_TICK : end
01-07 15:43:04.971  5035  5670 D EPDG -- [EPDGService]: getIsSimCardRemoved: returning: false
01-07 15:43:04.971  5035  5670 D EPDG -- [EPDGService]: getIsScreenOn: returning: true
01-07 15:43:04.972  5035  5670 D EPDG -- [EpdgServerSelection]: isEpdgServerDnsValid(): returning resulttrue
01-07 15:43:04.972  5035  5670 D EPDG -- [UTILS]: isEnhancedEpdg : false
01-07 15:43:04.974  6011 13263 D NfcService: call the applyRouting
01-07 15:43:04.975  6176  6176 D TextClock: TextClock received ACTION_TIME_TICK : start
01-07 15:43:04.976  6176  6176 D TextClock: TextClock received ACTION_TIME_TICK : end
01-07 15:43:04.979  3757 13251 D MISC PowerHAL: sysfs_write -: /sys/class/input/event1/device/enabled: 1
01-07 15:43:04.979  3757  3800 D MISC PowerHAL: sysfs_write +: /sys/class/power_supply/battery/lcd: 1
01-07 15:43:04.979  3757  3800 D MISC PowerHAL: sysfs_write -: /sys/class/power_supply/battery/lcd: 1
01-07 15:43:04.979  3757  3800 D PowerManagerService-JNI: Excessive delay in MISC setInteractive(true) while turning screen on: 208ms
01-07 15:43:04.980  3757  3800 D PowerManagerUtil: Excessive delay in nativeSetInteractive(true): 208ms
01-07 15:43:04.980  3757  3800 D PowerManagerUtil: Excessive delay in DisplayManagerInternal.requestDesiredDisplayState: 489ms
01-07 15:43:04.985  3268 13224 I tlc_communication: mcWaitNotification is completed;237
01-07 15:43:04.985  3268 13224 I TLC_BAUTH: Check the Trustlet return code is completed;1288
01-07 15:43:04.985  3268 13224 D bauth_FPBAuthService: check_opcode status = 2, opcode = 5, func_ret_val = 0, function_status = 1, timeout = 0
01-07 15:43:04.985  3268 13224 D bauth_FPBAuthService: FPBAuthService, 1541
01-07 15:43:04.985  3268 13224 D bauth_FPBAuthService: FPBAuthService, 1551
01-07 15:43:04.985  3268 13224 D bauth_FPBAuthService: FPBAuthService, 1552
01-07 15:43:04.985  3268 13224 D bauth_FPBAuthService: fpop : 100021
01-07 15:43:04.985  3268 13224 D fingerprintd: onAcquired(10002)
01-07 15:43:04.985  3268 13224 D bauth_FPBAuthService: FPBAuthService, 3388
01-07 15:43:04.985  3268 13224 I TLC_BAUTH: Call FP cmd 0x6;1222
01-07 15:43:04.985  3268 13224 I tlc_communication: Send Trustlet TCI Message;214
01-07 15:43:04.985  3268 13224 I tlc_communication: mcNotify is completed;224
01-07 15:43:04.986  3757  3757 I FingerprintService: handleAcquired : acquiredInfo=10002
01-07 15:43:04.987  6176  6176 D TextClock: TextClock received ACTION_TIME_TICK : start
01-07 15:43:04.987  6176  6176 D TextClock: TextClock received ACTION_TIME_TICK : end
01-07 15:43:04.988  5971  5971 I HwDetectorWithState: #performNextHotwordAction action: 0
01-07 15:43:04.989  3268 13224 I tlc_communication: mcWaitNotification is completed;237
01-07 15:43:04.989  3268 13224 I TLC_BAUTH: Check the Trustlet return code is completed;1288
01-07 15:43:04.989  3268 13224 D bauth_FPBAuthService: check_opcode status = 2, opcode = 6, func_ret_val = 0, function_status = 1, timeout = 0
01-07 15:43:04.989  3268 13224 D bauth_FPBAuthService: FPBAuthService, 1164
01-07 15:43:04.989  3268 13224 D bauth_FPBAuthService: FPBAuthService, 1170
01-07 15:43:04.989  3268 13224 D bauth_FPBAuthService: fpop : 100022
01-07 15:43:04.990  3268 13224 D fingerprintd: onAcquired(10003)
01-07 15:43:04.990  3268 13224 D bauth_FPBAuthService: FPBAuthService, 3388
01-07 15:43:04.990  3268 13224 I TLC_BAUTH: Call FP cmd 0x6;1222
01-07 15:43:04.990  3268 13224 I tlc_communication: Send Trustlet TCI Message;214
01-07 15:43:04.990  3268 13224 I tlc_communication: mcNotify is completed;224
01-07 15:43:04.990  3757  3757 I FingerprintService: handleAcquired : acquiredInfo=10003
01-07 15:43:04.991  6176  6176 D TextClock: TextClock received ACTION_TIME_TICK : start
01-07 15:43:04.992  6176  6176 D TextClock: TextClock received ACTION_TIME_TICK : end
01-07 15:43:04.995  3237  3813 I APM_AudioPolicyManager: getInputForAttr() source 1999, samplingRate 16000, format 1, channelMask 10,session 3457, flags 0
01-07 15:43:04.998  3757 32084 I EDMNativeHelperService: isMicrophoneEnabled
01-07 15:43:04.998  6724  6724 W Settings: Setting data_roaming has moved from android.provider.Settings.Secure to android.provider.Settings.Global.
01-07 15:43:04.999  6176  6176 D TextClock: TextClock received ACTION_TIME_TICK : start
01-07 15:43:04.999  6724  6724 D [WeatherWidget(15061)]  RoamingUtil: {[D5984B6ED8EBD0D73FB67FEB395BAAC73F219977E266B99BFD20FE5B7E3463847E3B63D34100EA2FDE5D491F7660E834A06868EFA0E6868FEA46A0B406848524]}
01-07 15:43:04.999  6176  6176 D TextClock: TextClock received ACTION_TIME_TICK : end
01-07 15:43:04.999  3237  3813 V audio_hw_primary: adev_open_input_stream: request sample_rate:16000
01-07 15:43:04.999  3237  3813 V audio_hw_primary: in->requested_rate:16000, pcm_config_in.rate:48000 in->config.channels=2
01-07 15:43:05.000  3237  3813 D audio_hw_primary: adev_open_input_stream: preprocessing_latency = 0
01-07 15:43:05.000  3237  3813 I audio_hw_primary: adev_open_input_stream: input is null, set new input stream
01-07 15:43:05.001  6176  6176 D TextClock: TextClock received ACTION_TIME_TICK : start
01-07 15:43:05.002  6176  6176 D TextClock: TextClock received ACTION_TIME_TICK : end
01-07 15:43:05.007  3237 13265 I AudioFlinger: AudioFlinger's thread 0xe4183800 ready to run
01-07 15:43:05.007  4616  4616 D KeyguardFingerPrint: onAuthenticationAcquired() = 10002
01-07 15:43:05.007  4616  4616 D KeyguardFingerPrint: fingerprint applyBooster
01-07 15:43:05.010  3757  4473 D PowerManagerService: [api] [s] userActivity : event: 0 flags: 0 (uid: 10055 pid: 4616) eventTime = 20207242
01-07 15:43:05.012  4616  4616 D KeyguardFingerPrint: onAuthenticationAcquired() = 10003
01-07 15:43:05.012  4616  4616 D KeyguardFingerPrint: fingerprint applyBooster
01-07 15:43:05.014  6176  6176 D TextClock: TextClock received ACTION_TIME_TICK : start
01-07 15:43:05.015  6176  6176 D TextClock: TextClock received ACTION_TIME_TICK : end
01-07 15:43:05.017  3757 32084 D PowerManagerService: [api] [s] userActivity : event: 0 flags: 0 (uid: 10055 pid: 4616) eventTime = 20207248
01-07 15:43:05.018  6724  6724 D [WeatherWidget(15061)]  WeatherService: {[EC3334F14841398C8B464A72D0E61AB7C19CA34DF69EC42A7BD50FF01EB06E70CB5057E333274446F281A2D0E6349EA2]}
01-07 15:43:05.020  6176  6176 D TextClock: TextClock received ACTION_TIME_TICK : start
01-07 15:43:05.021  6176  6176 D TextClock: TextClock received ACTION_TIME_TICK : end
01-07 15:43:05.024  6176  6176 D TextClock: TextClock received ACTION_TIME_TICK : start
01-07 15:43:05.025  6176  6176 D TextClock: TextClock received ACTION_TIME_TICK : end
01-07 15:43:05.028  6724  6724 D [WeatherWidget(15061)]  WeatherAppWidget: {[9C41A2EAFAAB2EF4F8363256C22FE8ADE74F100B9CC487BE27E8F8A137E768022F3D75E4272B69C004B1ABF10C0F2210143AA65B58B0C7B8B0AA82129EA61300ACE1FEEB8AE1B3C007EB73257700FEB4C83357904C34359E6B7F99DFAFFAE5B5ED5A5635FC04D229F5EEB63A6D89559EBE95942ABBCB979FCA0BD97B1C2A838A]}
01-07 15:43:05.028  6176  6176 D TextClock: TextClock received ACTION_TIME_TICK : start
01-07 15:43:05.029  6176  6176 D TextClock: TextClock received ACTION_TIME_TICK : end
01-07 15:43:05.032  3237  3237 I APM_AudioPolicyManager: startInput() input 1190
01-07 15:43:05.034  4616  4823 D NetworkController: onReceive: intent=Intent { act=com.sec.android.LTE_WIDEBAND_INFO flg=0x10000010 launchParam=MultiScreenLaunchParams { mDisplayId=0 mFlags=0 } bqHint=0 (has extras) }
01-07 15:43:05.034  4616  4823 D NetworkController.MobileSignalController(0/1): LTE WIDEBAND : mCurrentState.isCAIndicator = false oldCAIndicator = false
01-07 15:43:05.035  3237 13265 D audio_hw_primary: in_set_parameters: enter: kvpairs: input_source=6;routing=-2147483644
01-07 15:43:05.035  3237 13265 V audio_hw_primary: set_processing_type: input_source(6), processing_type(0)
01-07 15:43:05.035  3237 13265 I audio_hw_primary: do_in_standby : in->standby 1
01-07 15:43:05.035  3237 13265 I samsungRecord: [samsungrecord] MicCalonoff 1
01-07 15:43:05.035  3237 13265 V audio_hw_primary: in_set_parameters: exit: status(0)
01-07 15:43:05.040  6724  6724 D [WeatherWidget(15061)]  : {[4C0512EFA0AB4990F6AA1DF592AD92A7F0B9EF71550DD16C356391DD9598536C]}
01-07 15:43:05.041  6724  6724 D [WeatherWidget(15061)]  : {[60F9DFBE0DDF665D78B93B355C69FD16FD82FBECAFC71D5DC70E8ABB3824B9582234AD038886808B2E7B2600E0220D8BE8A853685EF6E90C12176907908AD1737EA9980A151C821AE64ADECB1FD68FC0201B657D72E980D477D98F74E5B061CB717CE9EA74172678781AA7A2C9859440]}
01-07 15:43:05.047  3237 13265 V audio_hw_primary: start_input_stream: set_hw_echoReference_enable(false)
01-07 15:43:05.047  3237 13265 W audio_hw_primary: start_input_stream echoReference effect is not supported.
01-07 15:43:05.048  3757  5901 D CompatibilityInfo: mCompatibilityFlags - 0
01-07 15:43:05.048  3757  5901 D CompatibilityInfo: applicationDensity - 420
01-07 15:43:05.048  3757  5901 D CompatibilityInfo: applicationScale - 1.0
01-07 15:43:05.049  3757 29842 D AudioService: getStreamVolume 3 index 80
01-07 15:43:05.050  3757  4473 D AudioService: getStreamVolume 3 index 80
01-07 15:43:05.051  5024  6892 I System.out: Broadcast completed: result=0
01-07 15:43:05.051  6724  6724 D [WeatherWidget(15061)]  WeatherAppWidget2x1: {[9C41A2EAFAAB2EF4F8363256C22FE8AD24D3616384EBEB10D68DCF98DD19E13C8DAEC659FCF79C4F6DA3AFAC23ED58EA3D4378042F5849EE7FB8C870D83CEAC0FF8D7CB56B4EBFCE49B698FEAD4F8865221971923C18F12719644D45976617AED33BB6A15515C3F60A8531A75A13C2AF7D95698B2F985693F00ECCAE55872FE3]}
01-07 15:43:05.053  6724  6724 D [WeatherWidget(15061)]  : {[907D161D855C099E8A312E5C2BBE6025535DBBB5BBD827FC6E63D75F709CFBF954AE0885C52E41F05277D5DF3BE7D89405855AAA9A62A3E6274E1ABA76517016]}
01-07 15:43:05.053  5971 13267 I HotwordRecognitionRnr: Starting hotword detection.
01-07 15:43:05.058  6724  6724 D [WeatherWidget(15061)]  WeatherAppWidget2x1: {[9C41A2EAFAAB2EF4F8363256C22FE8AD176C2E70281622FE10C55CE4F020D91847EBF4B34973709DA9F468F8024D59099B1123845E09A0FAC59473FA9ED60953]}
01-07 15:43:05.061  3757  4532 D WifiWatchdogStateMachine:  [|210] []
01-07 15:43:05.062  5918  6587 W GCoreFlp: No location to return for getLastLocation()
01-07 15:43:05.066  3757  2858 D CompatibilityInfo: mCompatibilityFlags - 0
01-07 15:43:05.066  3757  2858 D CompatibilityInfo: applicationDensity - 420
01-07 15:43:05.066  3757  2858 D CompatibilityInfo: applicationScale - 1.0
01-07 15:43:05.068  6724  6724 D [WeatherWidget(15061)]  EasyWeatherAppWidget: {[48948B2BE5213A6D5B0C9B7747497512CAC38177609B2B6F1F16DB965D7D43410EDA2D444ACBA386E91E1FA6B3C38870128DD346C4D39F4B310AAEB16D5215E65B3E04A593E577F60D76D1932AD9EADD16B356DA517EF1B193C3C2443D58583FF4130EE2B5F5334C0BA0A0CCF7224CD6C07C390FD15A32A436637D0FACABFEA4]}
01-07 15:43:05.073  6724  6724 D [WeatherWidget(15061)]  : {[907D161D855C099E8A312E5C2BBE6025535DBBB5BBD827FC6E63D75F709CFBF954AE0885C52E41F05277D5DF3BE7D89405855AAA9A62A3E6274E1ABA76517016]}
01-07 15:43:05.074  6724  6724 D [WeatherWidget(15061)]  EasyWeatherAppWidget: {[48948B2BE5213A6D5B0C9B7747497512D7646A5A57C4B1820BB1D39DF9F23EA3D05ADA26DF3F5FEC4FA6AFC9EED5963485B3863BE45B906B9F93E60E1BD5AC1F]}
01-07 15:43:05.083  3757  2858 D CompatibilityInfo: mCompatibilityFlags - 0
01-07 15:43:05.084  3757  2858 D CompatibilityInfo: applicationDensity - 420
01-07 15:43:05.084  3757  2858 D CompatibilityInfo: applicationScale - 1.0
01-07 15:43:05.106  3757 29840 W AlarmManager: Window length 1152921504606846975ms suspiciously long; limiting to 1 hour
01-07 15:43:05.108  3237 13265 D audio_hw_primary: start_input_stream (0xe609f000) in->config.rate:48000 in->config.format:0
01-07 15:43:05.108  3237 13265 D PreProcess: new SamsungRecord
01-07 15:43:05.109  3237 13265 D PreProcess: new NS
01-07 15:43:05.109  3237 13265 I samsungRecord: [samsungrecord] SamsungRecInit 
01-07 15:43:05.109  3237 13265 D AudioInfo: can not find AudioDataPath for fileName:/miccalib.txt
01-07 15:43:05.109  3237 13265 I samsungRecord: [samsungrecordMIC]Use HardCoding Values
01-07 15:43:05.110  3237 13265 I samsungRecord: [samsungrecordMIC]Use HardCoding Values
01-07 15:43:05.112  3237 13265 D AudioInfo: can not find AudioDataPath for fileName:/samsungrec.txt
01-07 15:43:05.112  3237 13265 I samsungRecord: [samsungrecord]Use HardCoding Values
01-07 15:43:05.112  3237 13265 D SamsungRecord_NS: [SamsungRecord_NS] Init SR 16000
01-07 15:43:05.112  3237 13265 D SamsungRecord_NS: [SamsungRecord_NS] getLevel inputsource 6, ret_level 3
01-07 15:43:05.112  3237 13265 I samsungRecord: [samsungrecord] MicCalonoff 1
01-07 15:43:05.112  3237 13265 I audio_hw_primary: is_voice_wakeup : ret =  0  , wakeup_baby_cry_enabled = 0  ,  wakeup_mic_enabled = 0 
01-07 15:43:05.112  3237 13265 V audio_hw_primary: select_devices output_scenario:-1 input_scenario:28 out_snd_device 0x0 in_snd_device:0xb
01-07 15:43:05.112  3237 13265 I audio_route: > audio_route_reset :
01-07 15:43:05.114  3757 29840 D SamsungAlarmManager: setInexact Intent (T:2/F:0/AC:false) 19301028T072250 - CU:10014/CP:5918
01-07 15:43:05.114  3237 13265 I audio_route: > audio_route_apply_path : "recognition-mic"
01-07 15:43:05.120  3237 13265 V audio_hw_primary: select_devices() input_route "recognition-mic" 
01-07 15:43:05.120  3237 13265 I audio_route: > audio_route_apply_path : "gain-recognition-mic"
01-07 15:43:05.121  3237 13265 V audio_hw_primary: select_devices() input_gain "gain-recognition-mic" 
01-07 15:43:05.121  3237 13265 I audio_route: > audio_route_update_mixer : +
01-07 15:43:05.121  3237 13265 I audio_route: > audio_route_update_mixer : changed(0) -
01-07 15:43:05.121  3237 13265 I audio_hw_primary: select_devices - 
01-07 15:43:05.121  3237 13265 V audio_hw_primary: start_input_stream -
01-07 15:43:05.136  3757  3793 I art     : Explicit concurrent mark sweep GC freed 86084(4MB) AllocSpace objects, 29(640KB) LOS objects, 20% free, 60MB/76MB, paused 2.895ms total 360.595ms
01-07 15:43:05.142  3757  3775 W CAE     : setCAProperty(ContextAwareService.java:589) - [setProperty 01] Mutex is locked for AUTO_ROTATION
01-07 15:43:05.145  3757  3775 I CAE     : setPropertyValue(AutoRotationRunner.java:119) - Device Type = 0.0
01-07 15:43:05.146  3757  3775 I CAE     : setCAProperty(ContextAwareService.java:594) - result : true
01-07 15:43:05.147  3757  3775 W CAE     : setCAProperty(ContextAwareService.java:595) - [setProperty 02] Mutex is unlocked for AUTO_ROTATION
01-07 15:43:05.149  3757  3775 W CAE     : registerCallback(ContextAwareService.java:155) - [regi 01] Mutex is locked for AUTO_ROTATION
01-07 15:43:05.150  3757  3775 V CAE     : start(ContextProvider.java:128)
01-07 15:43:05.154  3757  3775 V CAE     : clear(AutoRotationRunner.java:182)
01-07 15:43:05.154  3757  3775 V CAE     : enable(AutoRotationRunner.java:158)
01-07 15:43:05.155  3757  3775 I CAE     : sendCmdToSensorHub(SensorHubCommManager.java:162) - -79, 7, 0, 0,
01-07 15:43:05.156  3757  3775 D SensorHubManager: SendSensorHubData: send data = -79, 7, 0, 0
01-07 15:43:05.157  3227 28468 D Sensorhubs: sendContextData: -79, 7, 0, 0
01-07 15:43:05.160  3757  3757 I SurveyLogManager: mDeviceInfo.mScreen = true
01-07 15:43:05.165  3757  3775 D CAE     : getFaultDetectionResult(AutoRotationRunner.java:195) - true
01-07 15:43:05.166  3757  3775 I CAE     : notifyCmdProcessResultObserver(ContextProvider.java:627) - CheckResult = 0, Cause = Success
01-07 15:43:05.169  3757  9599 I LightSensor: Light old sensor_state 128, new sensor_state : 640 en : 1
01-07 15:43:05.172 11375 11375 I BeaconManager: BeaconManager.onReceive - receive Action : android.intent.action.SCREEN_ON
01-07 15:43:05.172 11375 11375 D BeaconManager: BeaconManager.onReceive - end
01-07 15:43:05.173 11375 11405 I BeaconManager: BeaconManager.BeaconManagerWorkHandler - BroadcastReceiver onReceive start
01-07 15:43:05.173 11375 11405 D BeaconManager: BeaconManager.BeaconManagerWorkHandler - mScreenObserver action:android.intent.action.SCREEN_ON
01-07 15:43:05.173 11375 11405 D BeaconManager: AppControlManager.screenOnIntentReceived - start
01-07 15:43:05.173 11375 11405 D BeaconManager: AppControlManager.screenOnIntentReceived - end
01-07 15:43:05.174 11375 11405 D BeaconManager: EasySetupManager.screenOnIntentReceived - start
01-07 15:43:05.174 11375 11405 D BeaconManager: EasySetupManager.screenOnIntentReceived - end
01-07 15:43:05.174 11375 11405 D BeaconManager: BleScanHelper.screenOnIntentReceived - start
01-07 15:43:05.177  3757  3775 D CAE     : doCommendProcess(ContextAwareService.java:444) - complete notify the operation result.
01-07 15:43:05.177  3757  9599 D SensorManager: registerListener :: 6, TMD4903 RGB Sensor, 200000, 0,  
01-07 15:43:05.180 11375 11405 D BeaconManager: BleScanHelper.mBroadcastReceiver - Action: android.intent.action.SCREEN_ON, user: 0
01-07 15:43:05.180 11668 11668 D oneconnect[1.0.00-39][100000039] : QcManager.mReceiver - LCD ON
01-07 15:43:05.180 11375 11405 V BeaconManager: BleScanHelper.startBleScan - startBleScan
01-07 15:43:05.182  3757  3775 I CAE     : displayUsedCountForService(ContextAwareService.java:536) - totalCnt = 1, serviceCount = 1, subCollectionCount = 0
01-07 15:43:05.183  3757  3775 D CAE     : showListenerList(ContextAwareService.java:377) - ===== Context Aware Service List =====
01-07 15:43:05.183 11375 11405 D BluetoothAdapter: STATE_BLE_ON
01-07 15:43:05.184  3757  3775 I CAE     : showListenerList(ContextAwareService.java:386) - Listener : com.samsung.android.contextaware.manager.ContextAwareService$Listener@ede0346, Service : ACTIVITY_TRACKER_CURRENT_INFO(1)
01-07 15:43:05.184 11375 11405 D BeaconManager: BleScanHelper.screenOnIntentReceived - end
01-07 15:43:05.184 11375 11405 I BeaconManager: BeaconManager.BeaconManagerWorkHandler - BroadcastReceiver onReceive end
01-07 15:43:05.184  3757  3775 I CAE     : showListenerList(ContextAwareService.java:386) - Listener : com.samsung.android.contextaware.manager.ContextAwareService$Listener@ede0346, Service : ACTIVITY_TRACKER(1)
01-07 15:43:05.185 11375 11406 D BeaconManager: BleScanHelper.MSG_CALL_START_LESCAN - ($)isFilterScanFailed/discovering:false/true
01-07 15:43:05.186  3757  3775 I CAE     : showListenerList(ContextAwareService.java:386) - Listener : com.samsung.android.contextaware.manager.ContextAwareService$Listener@a1e54e0, Service : PEDOMETER(1)
01-07 15:43:05.188  3757  3775 I CAE     : showListenerList(ContextAwareService.java:386) - Listener : com.samsung.android.contextaware.manager.ContextAwareService$Listener@a1e54e0, Service : PEDOMETER_CURRENT_INFO(1)
01-07 15:43:05.189 11375 11406 D BluetoothAdapter: STATE_BLE_ON
01-07 15:43:05.190  3757  3775 I CAE     : showListenerList(ContextAwareService.java:386) - Listener : com.samsung.android.contextaware.manager.ContextAwareService$Listener@be8214b, Service : ACTIVITY_TRACKER_BATCH(1)
01-07 15:43:05.192 11375 11406 D BluetoothAdapter: STATE_BLE_ON
01-07 15:43:05.193  3757  3775 I CAE     : showListenerList(ContextAwareService.java:386) - Listener : com.samsung.android.contextaware.manager.ContextAwareService$Listener@18edc41, Service : STEP_LEVEL_MONITOR(1)
01-07 15:43:05.193 11375 11406 D BluetoothAdapter: appoCount is = 0
01-07 15:43:05.193 11375 11406 I BeaconManager: BleScanHelper.directStopLeScan - call BleScanner.stopScan()
01-07 15:43:05.194  3757  3775 I CAE     : showListenerList(ContextAwareService.java:386) - Listener : com.samsung.android.contextaware.manager.ContextAwareService$Listener@4e90faf, Service : SENSOR_STATUS_CHECK_RUNNER(1)
01-07 15:43:05.195  3757  3775 I CAE     : showListenerList(ContextAwareService.java:386) - Listener : com.samsung.android.contextaware.manager.ContextAwareService$Listener@4df5e0f, Service : AUTO_BRIGHTNESS(1)
01-07 15:43:05.196 11375 11406 D BluetoothAdapter: STATE_BLE_ON
01-07 15:43:05.197  3757  3775 I CAE     : showListenerList(ContextAwareService.java:386) - Listener : com.samsung.android.contextaware.manager.ContextAwareService$Listener@619a81e, Service : AUTO_ROTATION(1)
01-07 15:43:05.197 11375 11406 D BluetoothAdapter: appoCount is = 0
01-07 15:43:05.198  3757 12257 E LocSvc_libulp: I/int ulp_msg_process_system_update(const UlpSystemEvent): systemEvent:0 
01-07 15:43:05.198  3757  3775 W CAE     : registerCallback(ContextAwareService.java:191) - [regi 02] Mutex is unlocked for AUTO_ROTATION
01-07 15:43:05.198  3757 12257 E LocSvc_libulp: I/int ulp_msg_process_start_req(), at ulp state = 1
01-07 15:43:05.198  3757  3775 D SemContextService: 	.registerCallback : 6, client=
01-07 15:43:05.198  3757  3775 D SemContextService: ===== SemContext Service List =====
01-07 15:43:05.198  3757  3775 D SemContextService: Listener : com.samsung.android.hardware.context.SemContextService$Listener@8069509, Service : Pedometer
01-07 15:43:05.198  3757  3775 D SemContextService: Listener : com.samsung.android.hardware.context.SemContextService$Listener@8069509, Service : Step Level Monitor
01-07 15:43:05.198  3757  3775 D SemContextService: Listener : com.samsung.android.hardware.context.SemContextService$Listener@6fd3728, Service : Activity Batch
01-07 15:43:05.198 11375 11406 D BluetoothAdapter: STATE_BLE_ON
01-07 15:43:05.198  3757  3775 D SemContextService: Listener : com.samsung.android.hardware.context.SemContextService$Listener@a5d2fbc, Service : Sensor Status Check
01-07 15:43:05.198  3757  3775 D SemContextService: Listener : com.samsung.android.hardware.context.SemContextService$Listener@5dce9c, Service : Auto Brightness
01-07 15:43:05.198  3757  3775 D SemContextService: Listener : com.samsung.android.hardware.context.SemContextService$Listener@5c73888, Service : Activity Tracker
01-07 15:43:05.198  3757  3775 D SemContextService: Listener : com.samsung.android.hardware.context.SemContextService$Listener@f59e8ff, Service : Auto Rotation
01-07 15:43:05.198  3757  3775 D SemContextManager:   .registerListener : listener = android.hardware.scontext.SContextManager$SContextListenerDelegate@1fb3709, service=Auto Rotation
01-07 15:43:05.198 11375 11406 D BluetoothLeScanner: Stop Scan
01-07 15:43:05.198  3757  3775 D SContextManager:   .registerListener : listener = com.android.server.policy.WindowOrientationListener$OrientationSensorJudge@9949c3f, service=Auto Rotation
01-07 15:43:05.199  3757  3775 D DisplayPowerController: [api] WindowManagerPolicy.ScreenOnListener : Received onScreenOn().
01-07 15:43:05.199  3757  3795 I DisplayPowerController: Unblocked screen on after 713 ms
01-07 15:43:05.199  3757  3795 D DisplayPowerController: animateScreenStateChange[0]: target=2
01-07 15:43:05.199  3757  3795 D ColorFade: prepare: mode=2
01-07 15:43:05.199  3757  3795 D ColorFade: ColorFade is already prepared
01-07 15:43:05.199  3757  3795 D DisplayPowerController: ColorFade: onAnimationStart
01-07 15:43:05.199  3757  3795 D DisplayPowerState: !@ [0] ColorFade exit
01-07 15:43:05.200  3757  3795 D PowerManagerService: [input device light] onColorFadeExit(true)
01-07 15:43:05.200  3757  3795 D DisplayPowerController: [Dual Screen Compatible] state[0] :2
01-07 15:43:05.200  3757  3795 D AutomaticBrightnessController: [DAB] no lux value from sensor manager
01-07 15:43:05.200  3757  4552 D AutomaticBrightnessController: [DAB] setLightSensorEnabled : unregisterListenerRunnable
01-07 15:43:05.200  4561  4576 D BtGatt.GattService: stopScan() - queue size =1
01-07 15:43:05.200  3757  3795 D DisplayPowerController: getFinalBrightness : Summary is 175 -> 175
01-07 15:43:05.200  3757  3795 D DisplayPowerController: Animating brightness: target=175, rate=2000 (PSM:true, AB limit:(-1 ~ -1) MB Limit:(-1 ~ -1))
01-07 15:43:05.201  3757  4552 D SemContextService: removeListener() : Listener = com.samsung.android.hardware.context.SemContextService$Listener@5dce9c, Service = Auto Brightness, used = 0
01-07 15:43:05.201  3757  3795 D DisplayPowerState: Requesting new screen state: [0] state=ON, backlight (By colorFade)=175
01-07 15:43:05.201  3757  3795 D DisplayPowerController: [Dual Screen Compatible] state[0] :2
01-07 15:43:05.201  3757  4552 W CAE     : unregisterCallback(ContextAwareService.java:217) - [unregi 01] Mutex is locked for AUTO_BRIGHTNESS
01-07 15:43:05.201  3757  4553 D DisplayPowerState: Updating screen state [0]: state=ON, backlight (by ColorFade)=175
01-07 15:43:05.201  3757  3795 D DisplayPowerController: getFinalBrightness : Summary is 175 -> 175
01-07 15:43:05.201  3757  4553 D lights  : lcd : 175 +
01-07 15:43:05.201  3757  3795 D DisplayPowerController: Animating brightness: target=175, rate=2000 (PSM:true, AB limit:(-1 ~ -1) MB Limit:(-1 ~ -1))
01-07 15:43:05.202  3757  4552 V CAE     : stop(ContextProvider.java:155)
01-07 15:43:05.207 11359 11359 D Receiver_Screen: ACTION_SCREEN_ON
01-07 15:43:05.211  3757  4552 V CAE     : clear(AutoBrightnessRunner.java:267)
01-07 15:43:05.214  3757  4553 D lights  : lcd : 175 -
01-07 15:43:05.216  3757  4552 V CAE     : disable(AutoBrightnessRunner.java:256)
01-07 15:43:05.217  3757  4552 I CAE     : sendCmdToSensorHub(SensorHubCommManager.java:162) - -78, 48, 0, 0,
01-07 15:43:05.217  3757  4552 D SensorHubManager: SendSensorHubData: send data = -78, 48, 0, 0
01-07 15:43:05.217  3227 28469 D Sensorhubs: sendContextData: -78, 48, 0, 0
01-07 15:43:05.221  4561  4576 D BtGatt.GattService: stopScan() - queue size =1
01-07 15:43:05.224  4561  5184 E BtGatt.GattService: [GSIM LOG]: gsimLogHandler: android.uid.bcmgr, msg: MESSAGE_STOP_SCAN
01-07 15:43:05.224  4561  5167 D BtGatt.ScanManager: stop scan
01-07 15:43:05.225  4561  5167 D BtGatt.ScanManager: delete FilterIndex - 23
01-07 15:43:05.226  3757  4552 D CAE     : getFaultDetectionResult(AutoBrightnessRunner.java:281) - true
01-07 15:43:05.227  3757  4552 I CAE     : notifyCmdProcessResultObserver(ContextProvider.java:627) - CheckResult = 0, Cause = Success
01-07 15:43:05.232  4561  4580 D BtGatt.GattService: unregisterClient() - clientIf=4
01-07 15:43:05.238  4561  4688 D BtGatt.GattService: onScanFilterParamsConfigured() - clientIf=4, status=0, action=1, availableSpace=31
01-07 15:43:05.238  4561  4688 D BtGatt.ScanManager: callback done for clientIf - 4 status - 0
01-07 15:43:05.239  4561  5167 D BtGatt.ScanManager: delete FilterIndex - 24
01-07 15:43:05.240  4561  4688 D BtGatt.GattService: onScanFilterParamsConfigured() - clientIf=4, status=0, action=1, availableSpace=32
01-07 15:43:05.240  4561  4688 D BtGatt.ScanManager: callback done for clientIf - 4 status - 0
01-07 15:43:05.240  4561  5167 D BtGatt.ScanManager: configureRegularScanParams() - queue=0
01-07 15:43:05.241  4561  5167 D BtGatt.ScanManager: configureRegularScanParams() - ScanSetting Scan mode=-2147483648 mLastConfiguredScanSetting=100
01-07 15:43:05.241  4561  5167 D BtGatt.ScanManager: configureRegularScanParams() - queue emtpy, scan stopped
01-07 15:43:05.242  3757  4552 D CAE     : doCommendProcess(ContextAwareService.java:444) - complete notify the operation result.
01-07 15:43:05.243  3268 13224 I tlc_communication: mcWaitNotification is completed;237
01-07 15:43:05.243  3268 13224 I TLC_BAUTH: Check the Trustlet return code is completed;1288
01-07 15:43:05.243  3268 13224 D bauth_FPBAuthService: check_opcode status = 2, opcode = 0, func_ret_val = 0, function_status = 1, timeout = 0
01-07 15:43:05.243  3268 13224 D bauth_FPBAuthService: FPBAuthService, 3491
01-07 15:43:05.243  3268 13224 D bauth_FPBAuthService: fpop : 100024
01-07 15:43:05.243  3268 13224 D fingerprintd: onAcquired(10005)
01-07 15:43:05.243  3268 13224 D bauth_FPBAuthService: FPBAuthService, 3546
01-07 15:43:05.243  3268 13224 D bauth_FPBAuthService: fpop : 100010
01-07 15:43:05.243  3757  3757 I FingerprintService: handleAcquired : acquiredInfo=10005
01-07 15:43:05.244  3268 13224 D fingerprintd: onAuthenticated(fid=2, gid=0)
01-07 15:43:05.251  3757  3757 I FingerprintService: handleAuthenticated : true
01-07 15:43:05.251  3268 13224 I TLC_BAUTH: Call FP cmd 0xc (46);1557
