01-11 16:57:31.092  5689  5689 D io_stats: !@   8,0 r 1916970 58335544 w 1919269 43214084 d 310757 22786444 f 501526 501400 iot 3054150 1706590 th 61440 61440 43080 pt 9550 inp 0 0 165977.732
01-11 16:57:31.415  3757  4966 E Watchdog: !@Sync 5530 [11_Jan_16_57_31.413]
01-11 16:57:31.907  3757  4458 D WifiStateMachine: Current network is: "wilkinson2.4" , ID is: 30
01-11 16:57:31.907  3757  4458 I WifiStateMachine: IMS calling, current network is always qualified
01-11 16:57:32.930 11131 11223 D ClClient: Not sending keepalive.  Current connection state=STOPPED
01-11 16:57:33.805  3757  4354 D SamsungAlarmManager: Expired : 8
01-11 16:57:33.807  3757  4354 I SamsungAlarmManager: setLocked to kernel - T:3 / 20190111T165751, SetElapsed=444511776, nowELAPSED=444494304
01-11 16:57:33.809  3757  4354 V SamsungAlarmManager: Sending to uid : 10059 action=null alarm=Alarm{3344965 type 3 when 444494301 com.asurion.android.verizon.vms}
01-11 16:57:33.817  3757  4354 D CompatibilityInfo: mCompatibilityFlags - 0
01-11 16:57:33.818  3757  4354 D CompatibilityInfo: applicationDensity - 420
01-11 16:57:33.818  3757  4354 D CompatibilityInfo: applicationScale - 1.0
01-11 16:57:33.846  3757  7201 D SamsungAlarmManager: setExact Intent (T:3/F:5/AC:false) 20190111T165738 - CU:10059/CP:15240
01-11 16:57:33.847  3757  7201 I SamsungAlarmManager: setLocked to kernel - T:3 / 20190111T165738, SetElapsed=444499332, nowELAPSED=444494344
01-11 16:57:34.926  3757  4458 D WifiStateMachine: Current network is: "wilkinson2.4" , ID is: 30
01-11 16:57:34.927  3757  4458 I WifiStateMachine: IMS calling, current network is always qualified
01-11 16:57:35.434  3757  2858 D BatteryService: !@BatteryListener : batteryPropertiesChanged!
01-11 16:57:35.436  3757  2858 D BatteryService: level:50, scale:100, status:2, health:2, present:true, voltage: 3926, temperature: 303, technology: Li-ion, AC powered:false, USB powered:true, POGO powered:false, Wireless powered:false, icon:17303694, invalid charger:0, maxChargingCurrent:0, maxChargingVoltage:0, chargeCounter:0
01-11 16:57:35.436  3757  2858 D BatteryService: online:6, current avg:452, charge type:1, power sharing:false, high voltage charger:false, capacity:280000, batterySWSelfDischarging:false, misc_event:0, current_now:502
01-11 16:57:35.436  3757  3757 D BatteryService: Sending ACTION_BATTERY_CHANGED.
01-11 16:57:35.440  3757  3757 V UiModeManager: updateLocked: null action, mDockState=0, category=null
01-11 16:57:35.440  3757  3757 D UiModeManager: updateConfigurationLocked: mDockState=0; mCarMode=false; mNightMode=1; uiMode=17
01-11 16:57:35.441  3757  3757 D GameManagerService: new battery level: 50
01-11 16:57:35.441  3757  3757 D GameManagerService: before send intent to GameIntentService
01-11 16:57:35.444  4616  4616 D KeyguardUpdateMonitor: received broadcast android.intent.action.BATTERY_CHANGED
01-11 16:57:35.444  4616  4616 D KeyguardUpdateMonitor: handleBatteryUpdate
01-11 16:57:35.446  4616  4616 D PowerUI : priorPlugType = 2 mPlugType =  2
01-11 16:57:35.448  4616  4616 D PowerUI.Notification: showChargingNotice oldChargingType : 1 currentChargingType : 1 oldChargingTime : 6256000 mChargingTime : 6245000
01-11 16:57:35.448  4616  4616 D PowerUI.Notification: showChargingNotification()
01-11 16:57:35.460  5024  5024 D PhoneApp: PhoneAppBroadcastReceiver onReceive android.intent.action.BATTERY_CHANGED
01-11 16:57:35.461  5024  5024 D TelephonyExtensionManager: lowBatterySound - isLowBatterySoundScheduled: false
01-11 16:57:35.461  5024  5024 D TelephonyExtensionManager: lowBatterySound - isPlayNow: false
01-11 16:57:35.463  5024  5024 D TelephonyExtensionManager: isSpeakerON - true
01-11 16:57:35.487  3757  3757 D CompatibilityInfo: mCompatibilityFlags - 0
01-11 16:57:35.487  3757  3757 D CompatibilityInfo: applicationDensity - 420
01-11 16:57:35.487  3757  3757 D CompatibilityInfo: applicationScale - 1.0
01-11 16:57:35.488  3757  3757 D GameManagerService: after send intent to GameIntentService. componentName:ComponentInfo{com.enhance.gameservice/com.enhance.gameservice.GameIntentService}
01-11 16:57:35.496  3757  6272 D ApplicationPolicy: isStatusBarNotificationAllowedAsUser: packageName = com.android.systemui,userId = -1
01-11 16:57:35.496  5024  5024 D TelephonyExtensionManager: lowBatterySound - batteryStatus: 2
01-11 16:57:35.496  5024  5024 D TelephonyExtensionManager: lowBatterySound - batteryLevel: 50
01-11 16:57:35.496  5024  5024 D TelephonyExtensionManager: lowBatterySound - cancel
01-11 16:57:35.496 26652 26909 D GOS:GameIntentService: onHandleIntent. begin
01-11 16:57:35.497 26652 26909 D GOS:GameIntentService: onHandleIntent. GameIntentService. type 6
01-11 16:57:35.497  3757 32083 D SamsungAlarmManager: Cancel Alarm calling from uid:1001 pid :5024 / op:PendingIntent{7333848: PendingIntentRecord{a39a255 com.android.phone broadcastIntent}}
01-11 16:57:35.497 26652 26909 D GOS:GameIntentService: batteryLevel: 50
01-11 16:57:35.497 26652 26909 D GOS:GameIntentService: new deviceStatusLevel: 2
01-11 16:57:35.497 26652 26909 D GOS:GameIntentService: prev deviceStatusLevel: 2
01-11 16:57:35.498  5024  5024 D TelephonyExtension: Not stopping low battery tone
01-11 16:57:35.505  4616  4616 D BatteryMeterDrawable: isSomethingChanged - false
01-11 16:57:35.505  4616  4616 D BatteryMeterDrawable: isSomethingChanged - false
01-11 16:57:35.511  4616  4616 D Tile.FlashlightTile: ACTION_BATTERY_CHANGED - Level :: 50, emEnabled :: false
01-11 16:57:35.567  4616  4616 D KeyguardServiceBoxContainer: updateCMAS() hasCmasNotification = false, mHasCMAS = false
01-11 16:57:36.096  5689  5689 D io_stats: !@   8,0 r 1916970 58335544 w 1919281 43214188 d 310757 22786444 f 501555 501429 iot 3054230 1706600 th 61440 61440 43080 pt 9550 inp 0 0 165982.737
01-11 16:57:37.756 26102 26132 D UE4     : Used memory: 222108
01-11 16:57:37.945  3757  4458 D WifiStateMachine: Current network is: "wilkinson2.4" , ID is: 30
01-11 16:57:37.945  3757  4458 I WifiStateMachine: IMS calling, current network is always qualified
01-11 16:57:38.074  3757  9599 D SSRM:t  : SIOP:: AP = 470, PST = 461 (W:18), CP = 286, CUR = 676, LCD = 119
01-11 16:57:38.077  3757  9599 D ConnectivityService: filterNetworkStateForUid() uid: 1000 networkInfo: [type: WIFI[] - WIFI, state: CONNECTED/CONNECTED, reason: (unspecified), extra: "wilkinson2.4", failover: false, available: true, roaming: false, metered: false]
01-11 16:57:38.836  3757  4354 D SamsungAlarmManager: Expired : 8
01-11 16:57:38.839  3757  4354 I SamsungAlarmManager: setLocked to kernel - T:3 / 20190111T165751, SetElapsed=444511776, nowELAPSED=444499336
01-11 16:57:38.841  3757  4354 V SamsungAlarmManager: Sending to uid : 10059 action=null alarm=Alarm{ba516e1 type 3 when 444499332 com.asurion.android.verizon.vms}
01-11 16:57:38.849  3757  4354 D CompatibilityInfo: mCompatibilityFlags - 0
01-11 16:57:38.849  3757  4354 D CompatibilityInfo: applicationDensity - 420
01-11 16:57:38.852  3757  4354 D CompatibilityInfo: applicationScale - 1.0
01-11 16:57:38.878  3757 29842 D SamsungAlarmManager: setExact Intent (T:3/F:5/AC:false) 20190111T165743 - CU:10059/CP:15240
01-11 16:57:38.880  3757 29842 I SamsungAlarmManager: setLocked to kernel - T:3 / 20190111T165743, SetElapsed=444504367, nowELAPSED=444499376
01-11 16:57:40.969  3757  4458 D WifiStateMachine: Current network is: "wilkinson2.4" , ID is: 30
01-11 16:57:40.969  3757  4458 I WifiStateMachine: IMS calling, current network is always qualified
01-11 16:57:41.099  5689  5689 D io_stats: !@   8,0 r 1916970 58335544 w 1919285 43214204 d 310757 22786444 f 501579 501453 iot 3054310 1706603 th 61440 61440 43080 pt 9550 inp 0 0 165987.740
01-11 16:57:42.930 11131 11223 D ClClient: Not sending keepalive.  Current connection state=STOPPED
01-11 16:57:43.870  3757  4354 D SamsungAlarmManager: Expired : 8
01-11 16:57:43.871  3757  4354 I SamsungAlarmManager: setLocked to kernel - T:3 / 20190111T165751, SetElapsed=444511776, nowELAPSED=444504368
01-11 16:57:43.871  3757  4354 V SamsungAlarmManager: Sending to uid : 10059 action=null alarm=Alarm{6b7d2c7 type 3 when 444504367 com.asurion.android.verizon.vms}
01-11 16:57:43.881  3757  4354 D CompatibilityInfo: mCompatibilityFlags - 0
01-11 16:57:43.882  3757  4354 D CompatibilityInfo: applicationDensity - 420
01-11 16:57:43.882  3757  4354 D CompatibilityInfo: applicationScale - 1.0
01-11 16:57:43.917  3757  3770 D SamsungAlarmManager: setExact Intent (T:3/F:5/AC:false) 20190111T165748 - CU:10059/CP:15240
01-11 16:57:43.918  3757  3770 I SamsungAlarmManager: setLocked to kernel - T:3 / 20190111T165748, SetElapsed=444509402, nowELAPSED=444504415
01-11 16:57:43.986  3757  4458 D WifiStateMachine: Current network is: "wilkinson2.4" , ID is: 30
01-11 16:57:43.986  3757  4458 I WifiStateMachine: IMS calling, current network is always qualified
01-11 16:57:45.488  3757  3771 D BatteryService: !@BatteryListener : batteryPropertiesChanged!
01-11 16:57:45.488  3757  3771 D BatteryService: level:50, scale:100, status:2, health:2, present:true, voltage: 3926, temperature: 304, technology: Li-ion, AC powered:false, USB powered:true, POGO powered:false, Wireless powered:false, icon:17303694, invalid charger:0, maxChargingCurrent:0, maxChargingVoltage:0, chargeCounter:0
01-11 16:57:45.488  3757  3771 D BatteryService: online:6, current avg:460, charge type:1, power sharing:false, high voltage charger:false, capacity:280000, batterySWSelfDischarging:false, misc_event:0, current_now:461
01-11 16:57:45.489  3757  3757 D BatteryService: Sending ACTION_BATTERY_CHANGED.
01-11 16:57:45.492  3757  3757 V UiModeManager: updateLocked: null action, mDockState=0, category=null
01-11 16:57:45.492  3757  3757 D UiModeManager: updateConfigurationLocked: mDockState=0; mCarMode=false; mNightMode=1; uiMode=17
01-11 16:57:45.496  3757  3757 D GameManagerService: new battery level: 50
01-11 16:57:45.497  3757  3757 D GameManagerService: before send intent to GameIntentService
01-11 16:57:45.506  4616  4616 D KeyguardUpdateMonitor: received broadcast android.intent.action.BATTERY_CHANGED
01-11 16:57:45.506  4616  4616 D KeyguardUpdateMonitor: handleBatteryUpdate
01-11 16:57:45.510  4616  4616 D PowerUI : priorPlugType = 2 mPlugType =  2
01-11 16:57:45.512  4616  4616 D PowerUI.Notification: showChargingNotice oldChargingType : 1 currentChargingType : 1 oldChargingTime : 6245000 mChargingTime : 6245000
01-11 16:57:45.512  4616  4616 D PowerUI.Notification: There is no change about charging status, so return!
01-11 16:57:45.515  4616  4616 D BatteryMeterDrawable: isSomethingChanged - false
01-11 16:57:45.515  4616  4616 D BatteryMeterDrawable: isSomethingChanged - false
01-11 16:57:45.517  5024  5024 D PhoneApp: PhoneAppBroadcastReceiver onReceive android.intent.action.BATTERY_CHANGED
01-11 16:57:45.517  5024  5024 D TelephonyExtensionManager: lowBatterySound - isLowBatterySoundScheduled: false
01-11 16:57:45.517  5024  5024 D TelephonyExtensionManager: lowBatterySound - isPlayNow: false
01-11 16:57:45.519  5024  5024 D TelephonyExtensionManager: isSpeakerON - true
01-11 16:57:45.523  4616  4616 D Tile.FlashlightTile: ACTION_BATTERY_CHANGED - Level :: 50, emEnabled :: false
01-11 16:57:45.535 26102 26102 D UE4     : Battery: status = 2, rawlevel = 50, scale = 100
01-11 16:57:45.535 26102 26102 D UE4     : nativeBatteryEvent(stat = 2, lvl = 50  temp = 30.40 C)
01-11 16:57:45.541  3757  3757 D CompatibilityInfo: mCompatibilityFlags - 0
01-11 16:57:45.542  3757  3757 D CompatibilityInfo: applicationDensity - 420
01-11 16:57:45.542  3757  3757 D CompatibilityInfo: applicationScale - 1.0
01-11 16:57:45.545  3757  3757 D GameManagerService: after send intent to GameIntentService. componentName:ComponentInfo{com.enhance.gameservice/com.enhance.gameservice.GameIntentService}
01-11 16:57:45.551  5024  5024 D TelephonyExtensionManager: lowBatterySound - batteryStatus: 2
01-11 16:57:45.551  5024  5024 D TelephonyExtensionManager: lowBatterySound - batteryLevel: 50
01-11 16:57:45.551  5024  5024 D TelephonyExtensionManager: lowBatterySound - cancel
01-11 16:57:45.552  3757  7204 D SamsungAlarmManager: Cancel Alarm calling from uid:1001 pid :5024 / op:PendingIntent{f15292: PendingIntentRecord{a39a255 com.android.phone broadcastIntent}}
01-11 16:57:45.552  5024  5024 D TelephonyExtension: Not stopping low battery tone
01-11 16:57:45.552 26652 26942 D GOS:GameIntentService: onHandleIntent. begin
01-11 16:57:45.553 26652 26942 D GOS:GameIntentService: onHandleIntent. GameIntentService. type 6
01-11 16:57:45.553 26652 26942 D GOS:GameIntentService: batteryLevel: 50
01-11 16:57:45.553 26652 26942 D GOS:GameIntentService: new deviceStatusLevel: 2
01-11 16:57:45.553 26652 26942 D GOS:GameIntentService: prev deviceStatusLevel: 2
01-11 16:57:46.102  5689  5689 D io_stats: !@   8,0 r 1916970 58335544 w 1919286 43214220 d 310757 22786444 f 501604 501478 iot 3054380 1706607 th 61440 61440 43080 pt 9550 inp 0 0 165992.743
01-11 16:57:46.906  3237  3352 I APM_AudioPolicyManager: stopOutput() output 21, stream 3, session 55929
01-11 16:57:47.009  3757  4458 D WifiStateMachine: Current network is: "wilkinson2.4" , ID is: 30
01-11 16:57:47.009  3757  4458 I WifiStateMachine: IMS calling, current network is always qualified
01-11 16:57:47.753 26102 26132 D UE4     : Used memory: 221804
01-11 16:57:48.104  3757  9599 D SSRM:t  : SIOP:: AP = 470, PST = 462 (W:20), CP = 287, CUR = 671, LCD = 119
01-11 16:57:48.106  3757  9599 D H       : limitCPUFreq:: freq = 1300000
01-11 16:57:48.106  3757  9599 D CustomFrequencyManagerService: releaseDVFSLockLocked : Getting Lock type frm List : DVFS_MAX_LIMIT  frequency : 1400000  uid : 1000  pid : 3757  tag : SIOP_ARM_MAX@20
01-11 16:57:48.108  3757  9599 D CustomFrequencyManagerService: acquireDVFSLockLocked : type : DVFS_MAX_LIMIT  frequency : 1300000  uid : 1000  pid : 3757  pkgName : SIOP_ARM_MAX@20
01-11 16:57:48.110  3757  9599 D H       : limitGPUFreq:: freq = 420
01-11 16:57:48.115  3757  9599 D ConnectivityService: filterNetworkStateForUid() uid: 1000 networkInfo: [type: WIFI[] - WIFI, state: CONNECTED/CONNECTED, reason: (unspecified), extra: "wilkinson2.4", failover: false, available: true, roaming: false, metered: false]
01-11 16:57:48.117  3757  9599 D TelephonyManager: getAllCellInfo : Caller (PID / UID / TID): 3757 / 1000 / 9599
01-11 16:57:48.196  3757  3771 D ConnectivityService: filterNetworkStateForUid() uid: 10014 networkInfo: [type: WIFI[] - WIFI, state: CONNECTED/CONNECTED, reason: (unspecified), extra: "wilkinson2.4", failover: false, available: true, roaming: false, metered: false]
01-11 16:57:48.905  3757  4354 D SamsungAlarmManager: Expired : 8
01-11 16:57:48.907  3757  4354 I SamsungAlarmManager: setLocked to kernel - T:3 / 20190111T165751, SetElapsed=444511776, nowELAPSED=444509403
01-11 16:57:48.908  3757  4354 V SamsungAlarmManager: Sending to uid : 10059 action=null alarm=Alarm{cd4d463 type 3 when 444509402 com.asurion.android.verizon.vms}
01-11 16:57:48.923  3757  4354 D CompatibilityInfo: mCompatibilityFlags - 0
01-11 16:57:48.923  3757  4354 D CompatibilityInfo: applicationDensity - 420
01-11 16:57:48.923  3757  4354 D CompatibilityInfo: applicationScale - 1.0
01-11 16:57:48.953  3757  2859 D SamsungAlarmManager: setExact Intent (T:3/F:5/AC:false) 20190111T165753 - CU:10059/CP:15240
01-11 16:57:49.827  3237  3477 I audio_hw_primary: do_out_standby +
01-11 16:57:49.836  3237  3477 D audio_hw_primary: output_devices devices:0
01-11 16:57:49.836  3237  3477 D audio_hw_primary: output_devices devices:0
01-11 16:57:49.836  3237  3477 I audio_hw_primary: is_voice_wakeup : ret =  0  , wakeup_baby_cry_enabled = 0  ,  wakeup_mic_enabled = 0 
01-11 16:57:49.836  3237  3477 V audio_hw_primary: select_devices output_scenario:-1 input_scenario:28 out_snd_device 0x0 in_snd_device:0xb
01-11 16:57:49.837  3237  3477 I audio_hw_primary: set_spk_rx_mute mute(1), rx val=0
01-11 16:57:49.838  3237  3477 I audio_route: > audio_route_reset :
01-11 16:57:49.838  3237  3477 I audio_route: > audio_route_apply_path : "recognition-mic"
01-11 16:57:49.841  3237  3477 V audio_hw_primary: select_devices() input_route "recognition-mic" 
01-11 16:57:49.841  3237  3477 I audio_route: > audio_route_apply_path : "gain-recognition-mic"
01-11 16:57:49.841  3237  3477 V audio_hw_primary: select_devices() input_gain "gain-recognition-mic" 
01-11 16:57:49.841  3237  3477 I audio_route: > audio_route_update_mixer : +
01-11 16:57:49.877  3237  3477 I audio_route: > audio_route_update_mixer : changed(4) -
01-11 16:57:49.877  3237  3477 I audio_hw_primary: select_devices - 
01-11 16:57:49.877  3237  3477 I audio_hw_primary: do_out_standby -
01-11 16:57:50.030  3757  4458 D WifiStateMachine: Current network is: "wilkinson2.4" , ID is: 30
01-11 16:57:50.030  3757  4458 I WifiStateMachine: IMS calling, current network is always qualified
01-11 16:57:50.112  3757  4532 D WifiWatchdogStateMachine:  [|214] []
01-11 16:57:51.105  5689  5689 D io_stats: !@   8,0 r 1916970 58335544 w 1919289 43214248 d 310757 22786444 f 501629 501503 iot 3054460 1706611 th 61440 61440 43080 pt 9550 inp 0 0 165997.746
01-11 16:57:51.279  3757  4354 D SamsungAlarmManager: Expired : 8
01-11 16:57:51.281  3757  4354 D SamsungAlarmManager: setInexact Intent (T:3/F:0/AC:false) 20190111T170037 - CU:1000/CP:3757
01-11 16:57:51.281  3757  4354 I SamsungAlarmManager: setLocked to kernel - T:3 / 20190111T165753, SetElapsed=444514433, nowELAPSED=444511778
01-11 16:57:51.282  3757  4354 V SamsungAlarmManager: Sending to uid : 10032 action=com.samsung.android.app.shealth.tracker.pedometer.PedometerService.HBA alarm=Alarm{b90c119 type 3 when 444497555 com.sec.android.app.shealth}
01-11 16:57:51.285  3757  4354 V SamsungAlarmManager: Sending to uid : 1001 action=com.android.internal.telephony.data-stall alarm=Alarm{9ce05de type 3 when 444511334 com.android.phone}
01-11 16:57:51.286 11359 11359 I PedometerService: onStartCommand  true, true, false
01-11 16:57:51.287  3757 31270 D SemContext.CaeProvider.SensorStatusCheckImpl: requestToUpdate SensorHub Reset Cnt : 0
01-11 16:57:51.287  3757 31270 D SemContext.CaeProvider.SensorStatusCheckImpl: SensorHub Reset Cnt : 0
01-11 16:57:51.287  3757 31270 D SemContext.CaeProvider.SensorStatusCheckImpl: LastEventMap sensorHubEvent TimeStamp address : 0 - 0
01-11 16:57:51.287  3757 31270 D SemContext.CaeProvider.SensorStatusCheckImpl: LastEventMap sensorHubEvent TimeStamp address : 1 - 0
01-11 16:57:51.287  3757 31270 D SemContext.CaeProvider.SensorStatusCheckImpl: LastEventMap sensorHubEvent TimeStamp address : 2 - 0
01-11 16:57:51.287  3757 31270 D SemContext.CaeProvider.SensorStatusCheckImpl: LastEventMap sensorHubEvent TimeStamp address : 3 - 0
01-11 16:57:51.287  3757 31270 D SemContext.CaeProvider.SensorStatusCheckImpl: LastEventMap sensorHubEvent TimeStamp address : 4 - 0
01-11 16:57:51.287  3757 31270 D SemContext.CaeProvider.SensorStatusCheckImpl: LastEventMap sensorHubEvent TimeStamp address : 5 - 0
01-11 16:57:51.287  3757 31270 D SemContext.CaeProvider.SensorStatusCheckImpl: LastEventMap sensorHubEvent TimeStamp address : 6 - 0
01-11 16:57:51.287  3757 31270 D SemContext.CaeProvider.SensorStatusCheckImpl: LastEventMap sensorHubEvent TimeStamp address : 7 - 0
01-11 16:57:51.287  3757 31270 D SemContext.CaeProvider.SensorStatusCheckImpl: LastEventMap sensorHubEvent TimeStamp address : 8 - 0
01-11 16:57:51.287  3757 31270 D SemContext.CaeProvider.SensorStatusCheckImpl: LastEventMap sensorHubEvent TimeStamp address : 9 - 0
01-11 16:57:51.288  3757 31270 D SemContextService: updateContext() : event = Sensor Status Check
01-11 16:57:51.290  3757 31270 D SemContext.CaeProvider.SensorStatusCheckImpl: initialize Last Event!!
01-11 16:57:51.290  3757 31270 D SemContextService: requestToUpdate() : service = Sensor Status Check
01-11 16:57:51.292 11359 11359 D SemContextManager:   .requestToUpdate : listener = com.samsung.android.app.shealth.tracker.pedometer.service.wrapper.ActivitySensorDelegator$SemContextListenerWrapper@d8899a1, service=Sensor Status Check
01-11 16:57:51.293  3757  4354 V SamsungAlarmManager: Sending to uid : 10014 action=null alarm=Alarm{a3653bf type 3 when 444511776 com.google.android.gms}
01-11 16:57:51.303  3757  7202 D CompatibilityInfo: mCompatibilityFlags - 0
01-11 16:57:51.303  3757  7202 D CompatibilityInfo: applicationDensity - 420
01-11 16:57:51.303  3757  7202 D CompatibilityInfo: applicationScale - 1.0
01-11 16:57:51.315 11359 11359 D SemContextManager: onSemContextChanged() : event = Sensor Status Check
01-11 16:57:51.325  3757  5063 D CompatibilityInfo: mCompatibilityFlags - 0
01-11 16:57:51.325  3757  5063 D CompatibilityInfo: applicationDensity - 420
01-11 16:57:51.325  3757  5063 D CompatibilityInfo: applicationScale - 1.0
01-11 16:57:51.327  3757  2858 D SamsungAlarmManager: setInexact Intent (T:3/F:8/AC:false) 20190111T165851 - CU:1001/CP:5024
01-11 16:57:51.371  3757  5062 D CompatibilityInfo: mCompatibilityFlags - 0
01-11 16:57:51.371  3757  5062 D CompatibilityInfo: applicationDensity - 420
01-11 16:57:51.371  3757  5062 D CompatibilityInfo: applicationScale - 1.0
01-11 16:57:51.389  3757  2859 D CompatibilityInfo: mCompatibilityFlags - 0
01-11 16:57:51.389  3757  2859 D CompatibilityInfo: applicationDensity - 420
01-11 16:57:51.389  3757  2859 D CompatibilityInfo: applicationScale - 1.0
01-11 16:57:51.455  3757  5901 D CompatibilityInfo: mCompatibilityFlags - 0
01-11 16:57:51.455  3757  5901 D CompatibilityInfo: applicationDensity - 420
01-11 16:57:51.455  3757  5901 D CompatibilityInfo: applicationScale - 1.0
01-11 16:57:51.560  3757  5901 D ConnectivityService: filterNetworkStateForUid() uid: 10014 networkInfo: [type: WIFI[] - WIFI, state: CONNECTED/CONNECTED, reason: (unspecified), extra: "wilkinson2.4", failover: false, available: true, roaming: false, metered: false]
01-11 16:57:51.747  3757  4473 D SamsungAlarmManager: setInexact Intent (T:3/F:0/AC:false) 20190111T165851 - CU:10014/CP:5918
01-11 16:57:52.932 11131 11223 D ClClient: Not sending keepalive.  Current connection state=STOPPED
01-11 16:57:53.040  3757  4458 D WifiStateMachine: Current network is: "wilkinson2.4" , ID is: 30
01-11 16:57:53.040  3757  4458 I WifiStateMachine: IMS calling, current network is always qualified
01-11 16:57:53.936  3757  4354 D SamsungAlarmManager: Expired : 8
01-11 16:57:53.937  3757  4354 I SamsungAlarmManager: setLocked to kernel - T:3 / 20190111T165800, SetElapsed=444520497, nowELAPSED=444514434
01-11 16:57:53.937  3757  4354 V SamsungAlarmManager: Sending to uid : 10059 action=null alarm=Alarm{ad599a type 3 when 444514433 com.asurion.android.verizon.vms}
01-11 16:57:53.947  3757  4354 D CompatibilityInfo: mCompatibilityFlags - 0
01-11 16:57:53.947  3757  4354 D CompatibilityInfo: applicationDensity - 420
01-11 16:57:53.947  3757  4354 D CompatibilityInfo: applicationScale - 1.0
01-11 16:57:53.983  3757  7202 D SamsungAlarmManager: setExact Intent (T:3/F:5/AC:false) 20190111T165758 - CU:10059/CP:15240
01-11 16:57:53.984  3757  7202 I SamsungAlarmManager: setLocked to kernel - T:3 / 20190111T165758, SetElapsed=444519466, nowELAPSED=444514481
01-11 16:57:55.533  3757 31270 D BatteryService: !@BatteryListener : batteryPropertiesChanged!
01-11 16:57:55.534  3757 31270 D BatteryService: level:50, scale:100, status:2, health:2, present:true, voltage: 3936, temperature: 304, technology: Li-ion, AC powered:false, USB powered:true, POGO powered:false, Wireless powered:false, icon:17303694, invalid charger:0, maxChargingCurrent:0, maxChargingVoltage:0, chargeCounter:0
01-11 16:57:55.534  3757 31270 D BatteryService: online:6, current avg:460, charge type:1, power sharing:false, high voltage charger:false, capacity:280000, batterySWSelfDischarging:false, misc_event:0, current_now:594
01-11 16:57:55.534  3757  3757 D BatteryService: Sending ACTION_BATTERY_CHANGED.
01-11 16:57:55.538  3757  3757 V UiModeManager: updateLocked: null action, mDockState=0, category=null
01-11 16:57:55.538  3757  3757 D UiModeManager: updateConfigurationLocked: mDockState=0; mCarMode=false; mNightMode=1; uiMode=17
01-11 16:57:55.543  3757  3757 D GameManagerService: new battery level: 50
01-11 16:57:55.543  3757  3757 D GameManagerService: before send intent to GameIntentService
01-11 16:57:55.548  4616  4616 D KeyguardUpdateMonitor: received broadcast android.intent.action.BATTERY_CHANGED
01-11 16:57:55.549  4616  4616 D KeyguardUpdateMonitor: handleBatteryUpdate
01-11 16:57:55.553  4616  4616 D PowerUI : priorPlugType = 2 mPlugType =  2
01-11 16:57:55.556  4616  4616 D PowerUI.Notification: showChargingNotice oldChargingType : 1 currentChargingType : 1 oldChargingTime : 6245000 mChargingTime : 6234000
01-11 16:57:55.556  4616  4616 D PowerUI.Notification: showChargingNotification()
01-11 16:57:55.559  5024  5024 D PhoneApp: PhoneAppBroadcastReceiver onReceive android.intent.action.BATTERY_CHANGED
01-11 16:57:55.560  5024  5024 D TelephonyExtensionManager: lowBatterySound - isLowBatterySoundScheduled: false
01-11 16:57:55.560  5024  5024 D TelephonyExtensionManager: lowBatterySound - isPlayNow: false
01-11 16:57:55.560  5024  5024 D TelephonyExtensionManager: isSpeakerON - true
01-11 16:57:55.580  3757  3757 D CompatibilityInfo: mCompatibilityFlags - 0
01-11 16:57:55.581  3757  3757 D CompatibilityInfo: applicationDensity - 420
01-11 16:57:55.581  3757  3757 D CompatibilityInfo: applicationScale - 1.0
01-11 16:57:55.583  3757  3757 D GameManagerService: after send intent to GameIntentService. componentName:ComponentInfo{com.enhance.gameservice/com.enhance.gameservice.GameIntentService}
01-11 16:57:55.589 26652 26968 D GOS:GameIntentService: onHandleIntent. begin
01-11 16:57:55.590 26652 26968 D GOS:GameIntentService: onHandleIntent. GameIntentService. type 6
01-11 16:57:55.590 26652 26968 D GOS:GameIntentService: batteryLevel: 50
01-11 16:57:55.590 26652 26968 D GOS:GameIntentService: new deviceStatusLevel: 2
01-11 16:57:55.590 26652 26968 D GOS:GameIntentService: prev deviceStatusLevel: 2
01-11 16:57:55.592  5024  5024 D TelephonyExtensionManager: lowBatterySound - batteryStatus: 2
01-11 16:57:55.592  5024  5024 D TelephonyExtensionManager: lowBatterySound - batteryLevel: 50
01-11 16:57:55.592  5024  5024 D TelephonyExtensionManager: lowBatterySound - cancel
01-11 16:57:55.593  3757  5062 D SamsungAlarmManager: Cancel Alarm calling from uid:1001 pid :5024 / op:PendingIntent{f9399c1: PendingIntentRecord{a39a255 com.android.phone broadcastIntent}}
01-11 16:57:55.594  3757 10512 D ApplicationPolicy: isStatusBarNotificationAllowedAsUser: packageName = com.android.systemui,userId = -1
01-11 16:57:55.595  5024  5024 D TelephonyExtension: Not stopping low battery tone
01-11 16:57:55.597  4616  4616 D BatteryMeterDrawable: isSomethingChanged - false
01-11 16:57:55.597  4616  4616 D BatteryMeterDrawable: isSomethingChanged - false
01-11 16:57:55.606  4616  4616 D Tile.FlashlightTile: ACTION_BATTERY_CHANGED - Level :: 50, emEnabled :: false
01-11 16:57:55.667  4616  4616 D KeyguardServiceBoxContainer: updateCMAS() hasCmasNotification = false, mHasCMAS = false
01-11 16:57:56.069  3757  4458 D WifiStateMachine: Current network is: "wilkinson2.4" , ID is: 30
01-11 16:57:56.070  3757  4458 I WifiStateMachine: IMS calling, current network is always qualified
01-11 16:57:56.107  5689  5689 D io_stats: !@   8,0 r 1916972 58335552 w 1919340 43214804 d 310758 22786448 f 501665 501539 iot 3054600 1706650 th 61440 61440 43080 pt 9550 inp 0 0 166002.749
01-11 16:57:57.161 25095 25123 I Finsky  : [5684] com.google.android.finsky.bn.an.run(6): Stats for Executor: BlockingExecutor com.google.android.finsky.bn.ao@b116f39[Running, pool size = 0, active threads = 0, queued tasks = 0, completed tasks = 6]
01-11 16:57:57.164 25095 25123 I Finsky  : [5684] com.google.android.finsky.bn.an.run(6): Stats for Executor: LightweightExecutor com.google.android.finsky.bn.ao@565e97e[Running, pool size = 4, active threads = 0, queued tasks = 0, completed tasks = 56]
01-11 16:57:57.441 25095 25123 I Finsky  : [5684] com.google.android.finsky.bn.an.run(6): Stats for Executor: bgExecutor com.google.android.finsky.bn.ao@efcfedf[Running, pool size = 4, active threads = 0, queued tasks = 0, completed tasks = 10]
01-11 16:57:57.443 25095 25123 I Finsky  : [5684] com.google.android.finsky.bn.an.run(6): Stats for Executor: SimChangeExecutor com.google.android.finsky.bn.ao@6daa72c[Running, pool size = 1, active threads = 1, queued tasks = 4, completed tasks = 0]
01-11 16:57:57.646 25095 25123 I Finsky  : [5684] com.google.android.finsky.bn.an.run(6): Stats for Executor: Db-xternal_referrer_status.db com.google.android.finsky.bn.ao@210c5f5[Running, pool size = 0, active threads = 0, queued tasks = 0, completed tasks = 0]
01-11 16:57:57.673 25095 25123 I Finsky  : [5684] com.google.android.finsky.bn.an.run(6): Stats for Executor: Db-split_install_service com.google.android.finsky.bn.ao@df31f8a[Running, pool size = 0, active threads = 0, queued tasks = 0, completed tasks = 1]
01-11 16:57:57.675 25095 25123 I Finsky  : [5684] com.google.android.finsky.bn.an.run(6): Stats for Executor: SplitInstallBackgroundThread com.google.android.finsky.bn.ao@2dca9fb[Running, pool size = 0, active threads = 0, queued tasks = 0, completed tasks = 0]
01-11 16:57:57.706 25095 25123 I Finsky  : [5684] com.google.android.finsky.bn.an.run(6): Stats for Executor: StorageAwareDownloadServiceManagerSpaceChecker com.google.android.finsky.bn.ao@6e10a18[Running, pool size = 0, active threads = 0, queued tasks = 0, completed tasks = 0]
01-11 16:57:57.798 26102 26132 D UE4     : Used memory: 222168
01-11 16:57:57.950 25095 25123 I Finsky  : [5684] com.google.android.finsky.bn.an.run(6): Stats for Executor: InstallBackgroundThread com.google.android.finsky.bn.ao@574cc71[Running, pool size = 0, active threads = 0, queued tasks = 0, completed tasks = 1]
01-11 16:57:57.952 25095 25123 I Finsky  : [5684] com.google.android.finsky.bn.an.run(6): Stats for Executor: Db-install_service com.google.android.finsky.bn.ao@96baa56[Running, pool size = 0, active threads = 0, queued tasks = 0, completed tasks = 0]
01-11 16:57:57.959 25095 25123 I Finsky  : [5684] com.google.android.finsky.bn.an.run(6): Stats for Executor: InstallBackgroundThread com.google.android.finsky.bn.ao@541ead7[Running, pool size = 0, active threads = 0, queued tasks = 0, completed tasks = 0]
01-11 16:57:58.243 25095 25123 I Finsky  : [5684] com.google.android.finsky.bn.an.run(6): Stats for Executor: Db-user_languages_store com.google.android.finsky.bn.ao@be8afc4[Running, pool size = 0, active threads = 0, queued tasks = 0, completed tasks = 1]
01-11 16:57:58.277  3757  9599 D SSRM:t  : SIOP:: AP = 470, PST = 464 (W:20), CP = 287, CUR = 659, LCD = 119
01-11 16:57:58.280  3757  9599 D ConnectivityService: filterNetworkStateForUid() uid: 1000 networkInfo: [type: WIFI[] - WIFI, state: CONNECTED/CONNECTED, reason: (unspecified), extra: "wilkinson2.4", failover: false, available: true, roaming: false, metered: false]
01-11 16:57:58.337 25095 25123 I Finsky  : [5684] com.google.android.finsky.bn.an.run(6): Stats for Executor: InstallBackgroundThread com.google.android.finsky.bn.ao@d38bead[Running, pool size = 0, active threads = 0, queued tasks = 0, completed tasks = 0]
01-11 16:57:58.341 25095 25123 I Finsky  : [5684] com.google.android.finsky.bn.an.run(6): Stats for Executor: InstallBackgroundThread com.google.android.finsky.bn.ao@21015e2[Running, pool size = 0, active threads = 0, queued tasks = 0, completed tasks = 0]
01-11 16:57:58.969  3757  4354 D SamsungAlarmManager: Expired : 8
01-11 16:57:58.969  3757  4354 I SamsungAlarmManager: setLocked to kernel - T:3 / 20190111T165800, SetElapsed=444520497, nowELAPSED=444519466
01-11 16:57:58.970  3757  4354 V SamsungAlarmManager: Sending to uid : 10059 action=null alarm=Alarm{6f77566 type 3 when 444519466 com.asurion.android.verizon.vms}
01-11 16:57:58.981  3757  4354 D CompatibilityInfo: mCompatibilityFlags - 0
01-11 16:57:58.981  3757  4354 D CompatibilityInfo: applicationDensity - 420
01-11 16:57:58.981  3757  4354 D CompatibilityInfo: applicationScale - 1.0
01-11 16:57:59.002  3757 32084 D SamsungAlarmManager: setExact Intent (T:3/F:5/AC:false) 20190111T165803 - CU:10059/CP:15240
01-11 16:57:59.092  3757  4458 D WifiStateMachine: Current network is: "wilkinson2.4" , ID is: 30
01-11 16:57:59.092  3757  4458 I WifiStateMachine: IMS calling, current network is always qualified
01-11 16:57:59.279 11131 11174 D AccessTokenRefreshRunnable: Running the refresh ...
01-11 16:58:00.000  3757  4354 D SamsungAlarmManager: Expired : 8
01-11 16:58:00.001  3757  4354 I SamsungAlarmManager: setLocked to kernel - T:3 / 20190111T165803, SetElapsed=444524490, nowELAPSED=444520498
01-11 16:58:00.001  3757  4354 V SamsungAlarmManager: Sending to uid : 1000 action=android.intent.action.TIME_TICK alarm=Alarm{2869954 type 3 when 444520497 android}
01-11 16:58:00.009  3757  3757 D SamsungAlarmManager: setExact Intent (T:3/F:1/AC:false) 20190111T165900 - CU:1000/CP:3757
01-11 16:58:00.011  4616  4616 D KeyguardUpdateMonitor: received broadcast android.intent.action.TIME_TICK
01-11 16:58:00.012  4616  4616 D KeyguardUpdateMonitor: handleTimeUpdate#start
01-11 16:58:00.012  4616  4616 I KeyguardClockPage: refreshTime(): DefaultSingle2016 hometime:America/New_York locale:en_US hasBG?false, Roaming:false
01-11 16:58:00.024  4616  4616 D KeyguardUpdateMonitor: handleTimeUpdate#end
01-11 16:58:00.025  4616  4616 D SystemUI_Clock: Clock received ACTION_TIME_TICK : start
01-11 16:58:00.033  4616  4616 D SystemUI_Clock: Clock received ACTION_TIME_TICK : end
01-11 16:58:00.046  4616  4616 D TextClock: TextClock received ACTION_TIME_TICK : start
01-11 16:58:00.047  4616  4616 D TextClock: TextClock received ACTION_TIME_TICK : end
01-11 16:58:00.049  4616  4616 D TextClock: TextClock received ACTION_TIME_TICK : start
01-11 16:58:00.052  4616  4616 D TextClock: TextClock received ACTION_TIME_TICK : end
01-11 16:58:00.073  4616  4616 D TextClock: TextClock received ACTION_TIME_TICK : start
01-11 16:58:00.075  4616  4616 D TextClock: TextClock received ACTION_TIME_TICK : end
01-11 16:58:00.076  4616  4616 V hong    : mid yDiff = 382
01-11 16:58:00.076  4616  4616 V hong    : mid yDiff = 382
01-11 16:58:00.095  4616  4616 D SystemUI_DateView: DateView received ACTION_TIME_TICK : start
01-11 16:58:00.095  4616  4616 D SystemUI_DateView: DateView received ACTION_TIME_TICK : end
01-11 16:58:00.096  4616  4616 V hong    : mid yDiff = 382
01-11 16:58:00.096  4616  4616 V hong    : mid yDiff = 382
01-11 16:58:00.098  4616  4616 D TextClock: TextClock received ACTION_TIME_TICK : start
01-11 16:58:00.099  4616  4616 D TextClock: TextClock received ACTION_TIME_TICK : end
01-11 16:58:00.107  4616  4616 D TextClock: TextClock received ACTION_TIME_TICK : start
01-11 16:58:00.108  4616  4616 D TextClock: TextClock received ACTION_TIME_TICK : end
01-11 16:58:00.116  6176  6176 D TextClock: TextClock received ACTION_TIME_TICK : start
01-11 16:58:00.117  6176  6176 D TextClock: TextClock received ACTION_TIME_TICK : end
01-11 16:58:00.122  6176  6176 D TextClock: TextClock received ACTION_TIME_TICK : start
01-11 16:58:00.123  6176  6176 D TextClock: TextClock received ACTION_TIME_TICK : end
01-11 16:58:00.130  6176  6176 D TextClock: TextClock received ACTION_TIME_TICK : start
01-11 16:58:00.131  6176  6176 D TextClock: TextClock received ACTION_TIME_TICK : end
01-11 16:58:00.134  6176  6176 D TextClock: TextClock received ACTION_TIME_TICK : start
01-11 16:58:00.136  6176  6176 D TextClock: TextClock received ACTION_TIME_TICK : end
01-11 16:58:00.139  6176  6176 D TextClock: TextClock received ACTION_TIME_TICK : start
01-11 16:58:00.142  6176  6176 D TextClock: TextClock received ACTION_TIME_TICK : end
01-11 16:58:00.145  6176  6176 D TextClock: TextClock received ACTION_TIME_TICK : start
01-11 16:58:00.146  6176  6176 D TextClock: TextClock received ACTION_TIME_TICK : end
01-11 16:58:00.152  6176  6176 D TextClock: TextClock received ACTION_TIME_TICK : start
01-11 16:58:00.155  6176  6176 D TextClock: TextClock received ACTION_TIME_TICK : end
01-11 16:58:00.164  6176  6176 D TextClock: TextClock received ACTION_TIME_TICK : start
01-11 16:58:00.165  6176  6176 D TextClock: TextClock received ACTION_TIME_TICK : end
01-11 16:58:00.171  6176  6176 D TextClock: TextClock received ACTION_TIME_TICK : start
01-11 16:58:00.172  6176  6176 D TextClock: TextClock received ACTION_TIME_TICK : end
01-11 16:58:00.187 11131 26979 D EventNotificationJob: Running EventNotificationJob, isDetail=true
01-11 16:58:00.196  3757  3774 D CompatibilityInfo: mCompatibilityFlags - 0
01-11 16:58:00.196  3757  3774 D CompatibilityInfo: applicationDensity - 420
01-11 16:58:00.196  3757  3774 D CompatibilityInfo: applicationScale - 1.0
01-11 16:58:00.201  4616  4616 D DateTimeView: DateTimeView received ACTION_TIME_TICK : start
01-11 16:58:00.204 11131 26979 D EventNotificationJob:   finished processing events.
01-11 16:58:00.205  4616  4616 D DateTimeView: DateTimeView received ACTION_TIME_TICK : end
01-11 16:58:00.210 25446 25446 D [WeatherWidget(15061)]  WeatherService: {[B73D43639EB27FAA34EF41A6129C1FA787B8DDA06B4FC8C3DFFF289A8228DE1D07957C4CB0877FB29CB85D37C68D39BF076A5D6720D2DA7CE46EF7EA2858EC07]}
01-11 16:58:00.211 25446 25446 D [WeatherWidget(15061)]  : {[3AE6950019B083611567B0F9442DB03E36B37708FCADB7FDDBA670B1362D994454BFFFDA2568816BBDDA6DD60F644DCF]}
01-11 16:58:00.213 25446 25446 D [WeatherWidget(15061)]  DB L2: {[610591C4E30FED4A153FF198DAC84EFEE3319B0D622FD4A19809E90ED3C1398368D658B139FCCB8B9564F5B4E9CB634EAB56391B31E822011CEE1311E5BAC529]}
01-11 16:58:00.214 25446 25446 D [WeatherWidget(15061)]  : {[E9BDC1AC9F9B078A92B3F309630276C89F9B6E52C087A495B97355481F2FDE5B58A757A09967AB7BD9E1187CEA5BB356FACBD4A552A7402C88647F970C513A69]}
01-11 16:58:00.219 25446 25446 D [WeatherWidget(15061)]  DB L2: {[610591C4E30FED4A153FF198DAC84EFE259FA03515F619060291D19B9A2E73CB46DA064369D1073FED4BA9669B425DCAA446F40097CC873EA8CDF064FAD50318]}
01-11 16:58:00.221 25446 25446 D [WeatherWidget(15061)]  DB L2: {[610591C4E30FED4A153FF198DAC84EFE1A65FB0EE8B7C5763A9CB231BC13495CF89C30B92C9E7561C51C9274478BC6513D16E486AFE06F7F11166691C4F6F9BF]}
01-11 16:58:00.221  3757  7206 D CompatibilityInfo: mCompatibilityFlags - 0
01-11 16:58:00.222  3757  7206 D CompatibilityInfo: applicationDensity - 420
01-11 16:58:00.222  3757  7206 D CompatibilityInfo: applicationScale - 1.0
01-11 16:58:00.227 25446 25446 D [WeatherWidget(15061)]  : {[3AE6950019B083611567B0F9442DB03EF4A0ECA9EDEEE1C6764DEF6294C10F4F0BAD60A0CC696E8D15537EBE77D0F441F941FE30DFEB6E45A2BAA0295B86238B6B5477898ADD292C8EB7917680951853]}
01-11 16:58:00.231 25446 25446 D [WeatherWidget(15061)]  : {[A1AF0F6A1A65A89C43D705938923D0FE0259CBA56E4484DDAF167EE897E0098D214B31210E90A8E4D761DF2724951166F2287DB34D772530C5896F56ACED759975FF35F9B0D69F512E6FBEE71C4908CBA8CD1B3FF189DB156810701341B5B3920D19B099BC0231708B515093B1B64649]}
01-11 16:58:00.234 25446 25446 D [WeatherWidget(15061)]  : {[4C0512EFA0AB4990F6AA1DF592AD92A7F0B9EF71550DD16C356391DD9598536C]}
01-11 16:58:00.250  3757  4473 D CompatibilityInfo: mCompatibilityFlags - 0
01-11 16:58:00.250  3757  4473 D CompatibilityInfo: applicationDensity - 420
01-11 16:58:00.250  3757  4473 D CompatibilityInfo: applicationScale - 1.0
01-11 16:58:01.110  5689  5689 D io_stats: !@   8,0 r 1916972 58335552 w 1919345 43214824 d 310758 22786448 f 501690 501564 iot 3054700 1706653 th 61440 61440 43080 pt 9550 inp 0 0 166007.751
01-11 16:58:01.416  3757  4966 E Watchdog: !@Sync 5531 [11_Jan_16_58_01.416]
01-11 16:58:02.106  3757  4458 D WifiStateMachine: Current network is: "wilkinson2.4" , ID is: 30
01-11 16:58:02.107  3757  4458 I WifiStateMachine: IMS calling, current network is always qualified
01-11 16:58:02.930 11131 11223 D ClClient: Not sending keepalive.  Current connection state=STOPPED
01-11 16:58:03.993  3757  4354 D SamsungAlarmManager: Expired : 8
01-11 16:58:03.994  3757  4354 I SamsungAlarmManager: setLocked to kernel - T:3 / 20190111T165851, SetElapsed=444572232, nowELAPSED=444524491
01-11 16:58:03.994  3757  4354 V SamsungAlarmManager: Sending to uid : 10059 action=null alarm=Alarm{ff10fd type 3 when 444524490 com.asurion.android.verizon.vms}
01-11 16:58:04.012  3757  4354 D CompatibilityInfo: mCompatibilityFlags - 0
01-11 16:58:04.012  3757  4354 D CompatibilityInfo: applicationDensity - 420
01-11 16:58:04.012  3757  4354 D CompatibilityInfo: applicationScale - 1.0
01-11 16:58:04.035  3757  7203 D SamsungAlarmManager: setExact Intent (T:3/F:5/AC:false) 20190111T165809 - CU:10059/CP:15240
01-11 16:58:04.035  3757  7203 I SamsungAlarmManager: setLocked to kernel - T:3 / 20190111T165809, SetElapsed=444529519, nowELAPSED=444524532
01-11 16:58:05.126  3757  4458 D WifiStateMachine: Current network is: "wilkinson2.4" , ID is: 30
01-11 16:58:05.126  3757  4458 I WifiStateMachine: IMS calling, current network is always qualified
01-11 16:58:05.584  3757 29838 D BatteryService: !@BatteryListener : batteryPropertiesChanged!
01-11 16:58:05.585  3757 29838 D BatteryService: level:50, scale:100, status:2, health:2, present:true, voltage: 3930, temperature: 305, technology: Li-ion, AC powered:false, USB powered:true, POGO powered:false, Wireless powered:false, icon:17303694, invalid charger:0, maxChargingCurrent:0, maxChargingVoltage:0, chargeCounter:0
01-11 16:58:05.585  3757 29838 D BatteryService: online:6, current avg:476, charge type:1, power sharing:false, high voltage charger:false, capacity:280000, batterySWSelfDischarging:false, misc_event:0, current_now:515
01-11 16:58:05.585  3757  3757 D BatteryService: Sending ACTION_BATTERY_CHANGED.
01-11 16:58:05.591  3757  3757 V UiModeManager: updateLocked: null action, mDockState=0, category=null
01-11 16:58:05.592  3757  3757 D UiModeManager: updateConfigurationLocked: mDockState=0; mCarMode=false; mNightMode=1; uiMode=17
01-11 16:58:05.593  3757  3757 D GameManagerService: new battery level: 50
01-11 16:58:05.593  3757  3757 D GameManagerService: before send intent to GameIntentService
01-11 16:58:05.595  4616  4616 D KeyguardUpdateMonitor: received broadcast android.intent.action.BATTERY_CHANGED
01-11 16:58:05.597  4616  4616 D PowerUI : priorPlugType = 2 mPlugType =  2
01-11 16:58:05.598  4616  4616 D PowerUI.Notification: showChargingNotice oldChargingType : 1 currentChargingType : 1 oldChargingTime : 6234000 mChargingTime : 6223000
01-11 16:58:05.599  4616  4616 D PowerUI.Notification: showChargingNotification()
01-11 16:58:05.603  5024  5024 D PhoneApp: PhoneAppBroadcastReceiver onReceive android.intent.action.BATTERY_CHANGED
01-11 16:58:05.603  5024  5024 D TelephonyExtensionManager: lowBatterySound - isLowBatterySoundScheduled: false
01-11 16:58:05.603  5024  5024 D TelephonyExtensionManager: lowBatterySound - isPlayNow: false
01-11 16:58:05.605  5024  5024 D TelephonyExtensionManager: isSpeakerON - true
01-11 16:58:05.626 26102 26102 D UE4     : Battery: status = 2, rawlevel = 50, scale = 100
01-11 16:58:05.626 26102 26102 D UE4     : nativeBatteryEvent(stat = 2, lvl = 50  temp = 30.50 C)
01-11 16:58:05.631  3757  3757 D CompatibilityInfo: mCompatibilityFlags - 0
01-11 16:58:05.631  3757  3757 D CompatibilityInfo: applicationDensity - 420
01-11 16:58:05.631  3757  3757 D CompatibilityInfo: applicationScale - 1.0
01-11 16:58:05.633  3757  3757 D GameManagerService: after send intent to GameIntentService. componentName:ComponentInfo{com.enhance.gameservice/com.enhance.gameservice.GameIntentService}
01-11 16:58:05.639  5024  5024 D TelephonyExtensionManager: lowBatterySound - batteryStatus: 2
01-11 16:58:05.639  5024  5024 D TelephonyExtensionManager: lowBatterySound - batteryLevel: 50
01-11 16:58:05.639  5024  5024 D TelephonyExtensionManager: lowBatterySound - cancel
01-11 16:58:05.640  3757  7204 D ApplicationPolicy: isStatusBarNotificationAllowedAsUser: packageName = com.android.systemui,userId = -1
01-11 16:58:05.640  3757 32085 D SamsungAlarmManager: Cancel Alarm calling from uid:1001 pid :5024 / op:PendingIntent{75df6c0: PendingIntentRecord{a39a255 com.android.phone broadcastIntent}}
01-11 16:58:05.641  5024  5024 D TelephonyExtension: Not stopping low battery tone
01-11 16:58:05.641  4616  4616 D KeyguardUpdateMonitor: handleBatteryUpdate
01-11 16:58:05.643 26652 26990 D GOS:GameIntentService: onHandleIntent. begin
01-11 16:58:05.644  4616  4616 D BatteryMeterDrawable: isSomethingChanged - false
01-11 16:58:05.645 26652 26990 D GOS:GameIntentService: onHandleIntent. GameIntentService. type 6
01-11 16:58:05.645 26652 26990 D GOS:GameIntentService: batteryLevel: 50
01-11 16:58:05.645  4616  4616 D BatteryMeterDrawable: isSomethingChanged - false
01-11 16:58:05.645 26652 26990 D GOS:GameIntentService: new deviceStatusLevel: 2
01-11 16:58:05.645 26652 26990 D GOS:GameIntentService: prev deviceStatusLevel: 2
01-11 16:58:05.655  4616  4616 D Tile.FlashlightTile: ACTION_BATTERY_CHANGED - Level :: 50, emEnabled :: false
01-11 16:58:05.696  6668  6733 D ContactsProvider_EventLog: contents_sample_state: [ contacts(369) data(4037) accounts({vnd.sec.contact.phone (1)=12, com.google (7)=693}) accounts deleted({}) calls([logtype:100 cnt:405, logtype:1150 cnt:95]) countryIso(US) userId(0)  ]

01-11 16:58:05.696  6668  6733 D ContactsProvider_EventLog: contents_sample_state: [ agr({[2 ,2 ,7]=1, [2 ,7 ,2 ,7]=1, [7 ,2 ,7]=4, [7 ,7 ,2]=4, [1 ,7]=5, [7]=51, [7 ,2]=231, [1 ,2 ,7]=7, [2 ,7]=65})  ]

01-11 16:58:05.696  6668  6733 D ContactsProvider_EventLog: contents_sample_state: [ actCnt({android.process.acore=1})  ]
01-11 16:58:05.702  6668  6733 E ContactsProvider_EventLog: Flush buffer to file cnt : 1 size : 0Kb duration : 6ms lastUpdatedAfter : 60120 ms mFlush_time_threasold : 2000 mCurrentSize : 457
01-11 16:58:05.704  4616  4616 D KeyguardServiceBoxContainer: updateCMAS() hasCmasNotification = false, mHasCMAS = false
01-11 16:58:06.113  5689  5689 D io_stats: !@   8,0 r 1916972 58335552 w 1919358 43215000 d 310759 22786452 f 501721 501595 iot 3054780 1706663 th 61440 61440 43080 pt 9550 inp 0 0 166012.754
01-11 16:58:07.765 26102 26132 D UE4     : Used memory: 222292
01-11 16:58:07.860 25095 25123 I Finsky  : [5684] com.google.android.finsky.bn.an.run(6): Stats for Executor: Db-notification_cache com.google.android.finsky.bn.ao@6505d73[Running, pool size = 0, active threads = 0, queued tasks = 0, completed tasks = 1]
01-11 16:58:07.862 25095 25123 I Finsky  : [5684] com.google.android.finsky.bn.an.run(6): Stats for Executor: VerifyAppsDataStore com.google.android.finsky.bn.ao@6a30430[Running, pool size = 0, active threads = 0, queued tasks = 0, completed tasks = 2]
01-11 16:58:07.870 25095 25123 I Finsky  : [5684] com.google.android.finsky.bn.an.run(6): Stats for Executor: Db-verify_apps.db com.google.android.finsky.bn.ao@bcf98a9[Running, pool size = 0, active threads = 0, queued tasks = 0, completed tasks = 1]
01-11 16:58:08.154  3757  4458 D WifiStateMachine: Current network is: "wilkinson2.4" , ID is: 30
01-11 16:58:08.154  3757  4458 I WifiStateMachine: IMS calling, current network is always qualified
01-11 16:58:08.303  3757  9599 D SSRM:t  : SIOP:: AP = 460, PST = 465 (W:20), CP = 288, CUR = 648, LCD = 119
01-11 16:58:08.305  3757  9599 D H       : limitCPUFreq:: freq = 1200000
01-11 16:58:08.306  3757  9599 D CustomFrequencyManagerService: releaseDVFSLockLocked : Getting Lock type frm List : DVFS_MAX_LIMIT  frequency : 1300000  uid : 1000  pid : 3757  tag : SIOP_ARM_MAX@20
01-11 16:58:08.307  3757  9599 D CustomFrequencyManagerService: acquireDVFSLockLocked : type : DVFS_MAX_LIMIT  frequency : 1200000  uid : 1000  pid : 3757  pkgName : SIOP_ARM_MAX@20
01-11 16:58:08.309  3757  9599 D ConnectivityService: filterNetworkStateForUid() uid: 1000 networkInfo: [type: WIFI[] - WIFI, state: CONNECTED/CONNECTED, reason: (unspecified), extra: "wilkinson2.4", failover: false, available: true, roaming: false, metered: false]
01-11 16:58:08.313  3757  9599 D TelephonyManager: getAllCellInfo : Caller (PID / UID / TID): 3757 / 1000 / 9599
01-11 16:58:08.343 25095 25123 I Finsky  : [5684] com.google.android.finsky.bn.an.run(6): Stats for Executor: Db-scheduler com.google.android.finsky.bn.ao@39dae2e[Running, pool size = 0, active threads = 0, queued tasks = 0, completed tasks = 3]
01-11 16:58:08.377 25095 25123 I Finsky  : [5684] com.google.android.finsky.bn.an.run(6): Stats for Executor: InstallQueueDatabaseManager com.google.android.finsky.bn.ao@ac95dcf[Running, pool size = 0, active threads = 0, queued tasks = 0, completed tasks = 1]
01-11 16:58:09.022  3757  4354 D SamsungAlarmManager: Expired : 8
01-11 16:58:09.023  3757  4354 I SamsungAlarmManager: setLocked to kernel - T:3 / 20190111T165851, SetElapsed=444572232, nowELAPSED=444529520
01-11 16:58:09.023  3757  4354 V SamsungAlarmManager: Sending to uid : 10059 action=null alarm=Alarm{cb0bff9 type 3 when 444529519 com.asurion.android.verizon.vms}
01-11 16:58:09.028  3757  4354 D CompatibilityInfo: mCompatibilityFlags - 0
01-11 16:58:09.028  3757  4354 D CompatibilityInfo: applicationDensity - 420
01-11 16:58:09.028  3757  4354 D CompatibilityInfo: applicationScale - 1.0
01-11 16:58:09.046  3757 10496 D SamsungAlarmManager: setExact Intent (T:3/F:5/AC:false) 20190111T165814 - CU:10059/CP:15240
01-11 16:58:09.046  3757 10496 I SamsungAlarmManager: setLocked to kernel - T:3 / 20190111T165814, SetElapsed=444534536, nowELAPSED=444529543
01-11 16:58:11.117  5689  5689 D io_stats: !@   8,0 r 1916972 58335552 w 1919364 43215028 d 310759 22786452 f 501745 501619 iot 3054840 1706666 th 61440 61440 43080 pt 9550 inp 0 0 166017.758
01-11 16:58:11.169  3757  4458 D WifiStateMachine: Current network is: "wilkinson2.4" , ID is: 30
01-11 16:58:11.169  3757  4458 I WifiStateMachine: IMS calling, current network is always qualified
01-11 16:58:11.821  4616  4823 D NetworkController.MobileSignalController(0/1): onSignalStrengthsChanged signalStrength=SignalStrength: 99 99 -120 -160 -120 -1 -1 14 -119 -15 -11 2147483647 2147483647 0x1000 gsm|lte level=1
