01-09 14:10:07.262  7638  7656 D UE4     : [2019.01.09-19.10.07:262][  0]LogConfig: Setting CVar [[r.ClearSceneMethod:1]]
01-09 14:10:07.262  7638  7656 D UE4     : [2019.01.09-19.10.07:262][  0]LogConfig: Setting CVar [[r.BasePassOutputsVelocity:0]]
01-09 14:10:07.262  7638  7656 D UE4     : [2019.01.09-19.10.07:262][  0]LogConfig: Setting CVar [[r.SelectiveBasePassOutputs:0]]
01-09 14:10:07.262  7638  7656 D UE4     : [2019.01.09-19.10.07:262][  0]LogConfig: Setting CVar [[r.AllowGlobalClipPlane:0]]
01-09 14:10:07.262  7638  7656 D UE4     : [2019.01.09-19.10.07:262][  0]LogConfig: Setting CVar [[r.GBufferFormat:1]]
01-09 14:10:07.262  7638  7656 D UE4     : [2019.01.09-19.10.07:262][  0]LogConfig: Setting CVar [[r.MorphTarget.Mode:1]]
01-09 14:10:07.262  7638  7656 D UE4     : [2019.01.09-19.10.07:262][  0]LogConfig: Setting CVar [[vr.InstancedStereo:0]]
01-09 14:10:07.262  7638  7656 D UE4     : [2019.01.09-19.10.07:262][  0]LogConfig: Setting CVar [[vr.MultiView:0]]
01-09 14:10:07.262  7638  7656 D UE4     : [2019.01.09-19.10.07:262][  0]LogConfig: Setting CVar [[vr.MobileMultiView:0]]
01-09 14:10:07.262  7638  7656 D UE4     : [2019.01.09-19.10.07:262][  0]LogConfig: Setting CVar [[vr.MobileMultiView.Direct:0]]
01-09 14:10:07.262  7638  7656 D UE4     : [2019.01.09-19.10.07:262][  0]LogConfig: Setting CVar [[vr.MonoscopicFarField:0]]
01-09 14:10:07.262  7638  7656 D UE4     : [2019.01.09-19.10.07:262][  0]LogConfig: Setting CVar [[r.WireframeCullThreshold:5.000000]]
01-09 14:10:07.262  7638  7656 D UE4     : [2019.01.09-19.10.07:262][  0]LogConfig: Setting CVar [[r.SupportStationarySkylight:1]]
01-09 14:10:07.262  7638  7656 D UE4     : [2019.01.09-19.10.07:262][  0]LogConfig: Setting CVar [[r.SupportLowQualityLightmaps:1]]
01-09 14:10:07.262  7638  7656 D UE4     : [2019.01.09-19.10.07:262][  0]LogConfig: Setting CVar [[r.SupportPointLightWholeSceneShadows:1]]
01-09 14:10:07.262  7638  7656 D UE4     : [2019.01.09-19.10.07:262][  0]LogConfig: Setting CVar [[r.SupportAtmosphericFog:1]]
01-09 14:10:07.262  7638  7656 D UE4     : [2019.01.09-19.10.07:262][  0]LogConfig: Setting CVar [[r.SkinCache.CompileShaders:0]]
01-09 14:10:07.263  7638  7656 D UE4     : [2019.01.09-19.10.07:262][  0]LogConfig: Setting CVar [[r.Mobile.EnableStaticAndCSMShadowReceivers:1]]
01-09 14:10:07.263  7638  7656 D UE4     : [2019.01.09-19.10.07:263][  0]LogConfig: Setting CVar [[r.Mobile.AllowDistanceFieldShadows:1]]
01-09 14:10:07.263  7638  7656 D UE4     : [2019.01.09-19.10.07:263][  0]LogConfig: Setting CVar [[r.Mobile.AllowMovableDirectionalLights:1]]
01-09 14:10:07.263  7638  7656 D UE4     : [2019.01.09-19.10.07:263][  0]LogConfig: Setting CVar [[r.MobileNumDynamicPointLights:4]]
01-09 14:10:07.263  7638  7656 D UE4     : [2019.01.09-19.10.07:263][  0]LogConfig: Setting CVar [[r.MobileDynamicPointLightsUseStaticBranch:1]]
01-09 14:10:07.263  7638  7656 D UE4     : [2019.01.09-19.10.07:263][  0]LogConfig: Setting CVar [[r.SkinCache.SceneMemoryLimitInMB:128.000000]]
01-09 14:10:07.263  7638  7656 D UE4     : [2019.01.09-19.10.07:263][  0]LogConfig: Setting CVar [[r.GPUSkin.Limit2BoneInfluences:0]]
01-09 14:10:07.263  7638  7656 D UE4     : [2019.01.09-19.10.07:263][  0]LogConfig: Setting CVar [[r.SupportDepthOnlyIndexBuffers:1]]
01-09 14:10:07.263  7638  7656 D UE4     : [2019.01.09-19.10.07:263][  0]LogConfig: Setting CVar [[r.SupportReversedIndexBuffers:1]]
01-09 14:10:07.263  7638  7656 D UE4     : [2019.01.09-19.10.07:263][  0]LogConfig: Applying CVar settings from Section [/Script/Engine.RendererOverrideSettings] File [../../../StackerGame/Saved/Config/Android/Engine.ini]
01-09 14:10:07.263  7638  7656 D UE4     : [2019.01.09-19.10.07:263][  0]LogConfig: Applying CVar settings from Section [/Script/Engine.StreamingSettings] File [../../../StackerGame/Saved/Config/Android/Engine.ini]
01-09 14:10:07.263  7638  7656 D UE4     : [2019.01.09-19.10.07:263][  0]LogConfig: Setting CVar [[s.MinBulkDataSizeForAsyncLoading:131072]]
01-09 14:10:07.263  7638  7656 D UE4     : [2019.01.09-19.10.07:263][  0]LogConfig: Setting CVar [[s.AsyncLoadingThreadEnabled:0]]
01-09 14:10:07.263  7638  7656 D UE4     : [2019.01.09-19.10.07:263][  0]LogConfig: Setting CVar [[s.EventDrivenLoaderEnabled:1]]
01-09 14:10:07.263  7638  7656 D UE4     : [2019.01.09-19.10.07:263][  0]LogConfig: Setting CVar [[s.WarnIfTimeLimitExceeded:0]]
01-09 14:10:07.263  7638  7656 D UE4     : [2019.01.09-19.10.07:263][  0]LogConfig: Setting CVar [[s.TimeLimitExceededMultiplier:1.5]]
01-09 14:10:07.263  7638  7656 D UE4     : [2019.01.09-19.10.07:263][  0]LogConfig: Setting CVar [[s.TimeLimitExceededMinTime:0.005]]
01-09 14:10:07.263  7638  7656 D UE4     : [2019.01.09-19.10.07:263][  0]LogConfig: Setting CVar [[s.UseBackgroundLevelStreaming:1]]
01-09 14:10:07.264  7638  7656 D UE4     : [2019.01.09-19.10.07:264][  0]LogConfig: Setting CVar [[s.PriorityAsyncLoadingExtraTime:15.0]]
01-09 14:10:07.264  7638  7656 D UE4     : [2019.01.09-19.10.07:264][  0]LogConfig: Setting CVar [[s.LevelStreamingActorsUpdateTimeLimit:5.0]]
01-09 14:10:07.264  7638  7656 D UE4     : [2019.01.09-19.10.07:264][  0]LogConfig: Setting CVar [[s.PriorityLevelStreamingActorsUpdateExtraTime:5.0]]
01-09 14:10:07.264  7638  7656 D UE4     : [2019.01.09-19.10.07:264][  0]LogConfig: Setting CVar [[s.LevelStreamingComponentsRegistrationGranularity:10]]
01-09 14:10:07.264  7638  7656 D UE4     : [2019.01.09-19.10.07:264][  0]LogConfig: Setting CVar [[s.UnregisterComponentsTimeLimit:1.0]]
01-09 14:10:07.264  7638  7656 D UE4     : [2019.01.09-19.10.07:264][  0]LogConfig: Setting CVar [[s.LevelStreamingComponentsUnregistrationGranularity:5]]
01-09 14:10:07.264  7638  7656 D UE4     : [2019.01.09-19.10.07:264][  0]LogConfig: Applying CVar settings from Section [/Script/Engine.GarbageCollectionSettings] File [../../../StackerGame/Saved/Config/Android/Engine.ini]
01-09 14:10:07.264  7638  7656 D UE4     : [2019.01.09-19.10.07:264][  0]LogConfig: Setting CVar [[gc.MaxObjectsNotConsideredByGC:1]]
01-09 14:10:07.264  7638  7656 D UE4     : [2019.01.09-19.10.07:264][  0]LogConfig: Setting CVar [[gc.SizeOfPermanentObjectPool:0]]
01-09 14:10:07.264  7638  7656 D UE4     : [2019.01.09-19.10.07:264][  0]LogConfig: Setting CVar [[gc.FlushStreamingOnGC:0]]
01-09 14:10:07.264  7638  7656 D UE4     : [2019.01.09-19.10.07:264][  0]LogConfig: Setting CVar [[gc.NumRetriesBeforeForcingGC:10]]
01-09 14:10:07.264  7638  7656 D UE4     : [2019.01.09-19.10.07:264][  0]LogConfig: Setting CVar [[gc.AllowParallelGC:1]]
01-09 14:10:07.264  7638  7656 D UE4     : [2019.01.09-19.10.07:264][  0]LogConfig: Setting CVar [[gc.TimeBetweenPurgingPendingKillObjects:61.1]]
01-09 14:10:07.264  7638  7656 D UE4     : [2019.01.09-19.10.07:264][  0]LogConfig: Setting CVar [[gc.MaxObjectsInEditor:8388607]]
01-09 14:10:07.264  7638  7656 D UE4     : [2019.01.09-19.10.07:264][  0]LogConfig: Setting CVar [[gc.IncrementalBeginDestroyEnabled:1]]
01-09 14:10:07.264  7638  7656 D UE4     : [2019.01.09-19.10.07:264][  0]LogConfig: Setting CVar [[gc.CreateGCClusters:1]]
01-09 14:10:07.264  7638  7656 D UE4     : [2019.01.09-19.10.07:264][  0]LogConfig: Setting CVar [[gc.MergeGCClusters:0]]
01-09 14:10:07.265  7638  7656 D UE4     : [2019.01.09-19.10.07:265][  0]LogConfig: Setting CVar [[gc.MinGCClusterSize:5]]
01-09 14:10:07.265  7638  7656 D UE4     : [2019.01.09-19.10.07:265][  0]LogConfig: Setting CVar [[gc.ActorClusteringEnabled:0]]
01-09 14:10:07.265  7638  7656 D UE4     : [2019.01.09-19.10.07:265][  0]LogConfig: Setting CVar [[gc.BlueprintClusteringEnabled:0]]
01-09 14:10:07.265  7638  7656 D UE4     : [2019.01.09-19.10.07:265][  0]LogConfig: Setting CVar [[gc.UseDisregardForGCOnDedicatedServers:0]]
01-09 14:10:07.265  7638  7656 D UE4     : [2019.01.09-19.10.07:265][  0]LogConfig: Setting CVar [[gc.MaxObjectsInGame:131072]]
01-09 14:10:07.265  7638  7656 D UE4     : [2019.01.09-19.10.07:265][  0]LogConfig: Applying CVar settings from Section [/Script/Engine.NetworkSettings] File [../../../StackerGame/Saved/Config/Android/Engine.ini]
01-09 14:10:07.266  7638  7656 D UE4     : [2019.01.09-19.10.07:266][  0]LogAndroid: Mobile HDR: YES
01-09 14:10:07.266  7638  7656 D UE4     : [2019.01.09-19.10.07:266][  0]LogAndroid: Setting Width=720 and Height=1280 (requested scale = 1.000000)
01-09 14:10:07.266  7638  7656 D UE4     : [2019.01.09-19.10.07:266][  0]LogConfig: Applying CVar settings from Section [ViewDistanceQuality@3] File [../../../StackerGame/Saved/Config/Android/Scalability.ini]
01-09 14:10:07.266  7638  7656 D UE4     : [2019.01.09-19.10.07:266][  0]LogConfig: Setting CVar [[r.SkeletalMeshLODBias:0]]
01-09 14:10:07.266  7638  7656 D UE4     : [2019.01.09-19.10.07:266][  0]LogConfig: Setting CVar [[r.ViewDistanceScale:1.0]]
01-09 14:10:07.266  7638  7656 D UE4     : [2019.01.09-19.10.07:266][  0]LogConfig: Applying CVar settings from Section [AntiAliasingQuality@3] File [../../../StackerGame/Saved/Config/Android/Scalability.ini]
01-09 14:10:07.266  7638  7656 D UE4     : [2019.01.09-19.10.07:266][  0]LogConfig: Setting CVar [[r.PostProcessAAQuality:4]]
01-09 14:10:07.266  7638  7656 D UE4     : [2019.01.09-19.10.07:266][  0]LogConfig: Applying CVar settings from Section [ShadowQuality@3] File [../../../StackerGame/Saved/Config/Android/Scalability.ini]
01-09 14:10:07.266  7638  7656 D UE4     : [2019.01.09-19.10.07:266][  0]LogConfig: Setting CVar [[r.LightFunctionQuality:1]]
01-09 14:10:07.266  7638  7656 D UE4     : [2019.01.09-19.10.07:266][  0]LogConfig: Setting CVar [[r.ShadowQuality:5]]
01-09 14:10:07.266  7638  7656 D UE4     : [2019.01.09-19.10.07:266][  0]LogConfig: Setting CVar [[r.Shadow.CSM.MaxCascades:10]]
01-09 14:10:07.266  7638  7656 D UE4     : [2019.01.09-19.10.07:266][  0]LogConfig: Setting CVar [[r.Shadow.MaxResolution:2048]]
01-09 14:10:07.267  7638  7656 D UE4     : [2019.01.09-19.10.07:267][  0]LogConfig: Setting CVar [[r.Shadow.MaxCSMResolution:2048]]
01-09 14:10:07.267  7638  7656 D UE4     : [2019.01.09-19.10.07:267][  0]LogConfig: Setting CVar [[r.Shadow.RadiusThreshold:0.01]]
01-09 14:10:07.267  7638  7656 D UE4     : [2019.01.09-19.10.07:267][  0]LogConfig: Setting CVar [[r.Shadow.DistanceScale:1.0]]
01-09 14:10:07.267  7638  7656 D UE4     : [2019.01.09-19.10.07:267][  0]LogConfig: Setting CVar [[r.Shadow.CSM.TransitionScale:1.0]]
01-09 14:10:07.267  7638  7656 D UE4     : [2019.01.09-19.10.07:267][  0]LogConfig: Setting CVar [[r.Shadow.PreShadowResolutionFactor:1.0]]
01-09 14:10:07.267  7638  7656 D UE4     : [2019.01.09-19.10.07:267][  0]LogConfig: Setting CVar [[r.DistanceFieldShadowing:1]]
01-09 14:10:07.267  7638  7656 D UE4     : [2019.01.09-19.10.07:267][  0]LogConfig: Setting CVar [[r.DistanceFieldAO:1]]
01-09 14:10:07.267  7638  7656 D UE4     : [2019.01.09-19.10.07:267][  0]LogConfig: Setting CVar [[r.AOQuality:2]]
01-09 14:10:07.267  7638  7656 D UE4     : [2019.01.09-19.10.07:267][  0]LogConfig: Setting CVar [[r.VolumetricFog:1]]
01-09 14:10:07.267  7638  7656 D UE4     : [2019.01.09-19.10.07:267][  0]LogConfig: Setting CVar [[r.VolumetricFog.GridPixelSize:8]]
01-09 14:10:07.267  7638  7656 D UE4     : [2019.01.09-19.10.07:267][  0]LogConfig: Setting CVar [[r.VolumetricFog.GridSizeZ:128]]
01-09 14:10:07.267  7638  7656 D UE4     : [2019.01.09-19.10.07:267][  0]LogConfig: Setting CVar [[r.VolumetricFog.HistoryMissSupersampleCount:4]]
01-09 14:10:07.267  7638  7656 D UE4     : [2019.01.09-19.10.07:267][  0]LogConfig: Setting CVar [[r.LightMaxDrawDistanceScale:1]]
01-09 14:10:07.267  7638  7656 D UE4     : [2019.01.09-19.10.07:267][  0]LogConfig: Setting CVar [[r.CapsuleShadows:1]]
01-09 14:10:07.267  7638  7656 D UE4     : [2019.01.09-19.10.07:267][  0]LogConfig: Applying CVar settings from Section [PostProcessQuality@3] File [../../../StackerGame/Saved/Config/Android/Scalability.ini]
01-09 14:10:07.267  7638  7656 D UE4     : [2019.01.09-19.10.07:267][  0]LogConfig: Setting CVar [[r.MotionBlurQuality:4]]
01-09 14:10:07.267  7638  7656 D UE4     : [2019.01.09-19.10.07:267][  0]LogConfig: Setting CVar [[r.AmbientOcclusionMipLevelFactor:0.4]]
01-09 14:10:07.268  7638  7656 D UE4     : [2019.01.09-19.10.07:267][  0]LogConfig: Setting CVar [[r.AmbientOcclusionMaxQuality:100]]
01-09 14:10:07.268  7638  7656 D UE4     : [2019.01.09-19.10.07:268][  0]LogConfig: Setting CVar [[r.AmbientOcclusionLevels:-1]]
01-09 14:10:07.268  7638  7656 D UE4     : [2019.01.09-19.10.07:268][  0]LogConfig: Setting CVar [[r.AmbientOcclusionRadiusScale:1.0]]
01-09 14:10:07.268  7638  7656 D UE4     : [2019.01.09-19.10.07:268][  0]LogConfig: Setting CVar [[r.DepthOfFieldQuality:2]]
01-09 14:10:07.268  7638  7656 D UE4     : [2019.01.09-19.10.07:268][  0]LogConfig: Setting CVar [[r.RenderTargetPoolMin:400]]
01-09 14:10:07.268  7638  7656 D UE4     : [2019.01.09-19.10.07:268][  0]LogConfig: Setting CVar [[r.LensFlareQuality:2]]
01-09 14:10:07.268  7638  7656 D UE4     : [2019.01.09-19.10.07:268][  0]LogConfig: Setting CVar [[r.SceneColorFringeQuality:1]]
01-09 14:10:07.268  7638  7656 D UE4     : [2019.01.09-19.10.07:268][  0]LogConfig: Setting CVar [[r.EyeAdaptationQuality:2]]
01-09 14:10:07.268  7638  7656 D UE4     : [2019.01.09-19.10.07:268][  0]LogConfig: Setting CVar [[r.BloomQuality:5]]
01-09 14:10:07.268  7638  7656 D UE4     : [2019.01.09-19.10.07:268][  0]LogConfig: Setting CVar [[r.FastBlurThreshold:100]]
01-09 14:10:07.268  7638  7656 D UE4     : [2019.01.09-19.10.07:268][  0]LogConfig: Setting CVar [[r.Upscale.Quality:3]]
01-09 14:10:07.268  7638  7656 D UE4     : [2019.01.09-19.10.07:268][  0]LogConfig: Setting CVar [[r.Tonemapper.GrainQuantization:1]]
01-09 14:10:07.268  7638  7656 D UE4     : [2019.01.09-19.10.07:268][  0]LogConfig: Setting CVar [[r.LightShaftQuality:1]]
01-09 14:10:07.268  7638  7656 D UE4     : [2019.01.09-19.10.07:268][  0]LogConfig: Setting CVar [[r.Filter.SizeScale:1]]
01-09 14:10:07.268  7638  7656 D UE4     : [2019.01.09-19.10.07:268][  0]LogConfig: Setting CVar [[r.Tonemapper.Quality:5]]
01-09 14:10:07.268  7638  7656 D UE4     : [2019.01.09-19.10.07:268][  0]LogConfig: Setting CVar [[r.DOF.Gather.AccumulatorQuality:1        ; higher gathering accumulator quality]]
01-09 14:10:07.268  7638  7656 D UE4     : [2019.01.09-19.10.07:268][  0]LogConfig: Setting CVar [[r.DOF.Gather.PostfilterMethod:1          ; Median3x3 postfilering method]]
01-09 14:10:07.268  7638  7656 D UE4     : [2019.01.09-19.10.07:268][  0]LogConfig: Setting CVar [[r.DOF.Gather.EnableBokehSettings:0       ; no bokeh simulation when gathering]]
01-09 14:10:07.269  7638  7656 D UE4     : [2019.01.09-19.10.07:269][  0]LogConfig: Setting CVar [[r.DOF.Gather.RingCount:4                 ; medium number of samples when gathering]]
01-09 14:10:07.269  7638  7656 D UE4     : [2019.01.09-19.10.07:269][  0]LogConfig: Setting CVar [[r.DOF.Scatter.ForegroundCompositing:1    ; additive foreground scattering]]
01-09 14:10:07.269  7638  7656 D UE4     : [2019.01.09-19.10.07:269][  0]LogConfig: Setting CVar [[r.DOF.Scatter.BackgroundCompositing:2    ; additive background scattering]]
01-09 14:10:07.269  7638  7656 D UE4     : [2019.01.09-19.10.07:269][  0]LogConfig: Setting CVar [[r.DOF.Scatter.EnableBokehSettings:1      ; bokeh simulation when scattering]]
01-09 14:10:07.269  7638  7656 D UE4     : [2019.01.09-19.10.07:269][  0]LogConfig: Setting CVar [[r.DOF.Scatter.MaxSpriteRatio:0.1         ; only a maximum of 10% of scattered bokeh]]
01-09 14:10:07.269  7638  7656 D UE4     : [2019.01.09-19.10.07:269][  0]LogConfig: Setting CVar [[r.DOF.Recombine.Quality:1                ; cheap slight out of focus]]
01-09 14:10:07.269  7638  7656 D UE4     : [2019.01.09-19.10.07:269][  0]LogConfig: Setting CVar [[r.DOF.Recombine.EnableBokehSettings:0    ; no bokeh simulation on slight out of focus]]
01-09 14:10:07.269  7638  7656 D UE4     : [2019.01.09-19.10.07:269][  0]LogConfig: Setting CVar [[r.DOF.TemporalAAQuality:1                ; more stable temporal accumulation]]
01-09 14:10:07.269  7638  7656 D UE4     : [2019.01.09-19.10.07:269][  0]LogConfig: Setting CVar [[r.DOF.Kernel.MaxForegroundRadius:0.025]]
01-09 14:10:07.269  5024  6911 D TP/MmsProvider: query uri=content://mms/685/addr, match=13, calling pid = 7345
01-09 14:10:07.269  7638  7656 D UE4     : [2019.01.09-19.10.07:269][  0]LogConfig: Setting CVar [[r.DOF.Kernel.MaxBackgroundRadius:0.025]]
01-09 14:10:07.269  7638  7656 D UE4     : [2019.01.09-19.10.07:269][  0]LogConfig: Applying CVar settings from Section [TextureQuality@3] File [../../../StackerGame/Saved/Config/Android/Scalability.ini]
01-09 14:10:07.269  7638  7656 D UE4     : [2019.01.09-19.10.07:269][  0]LogConfig: Setting CVar [[r.Streaming.MipBias:0]]
01-09 14:10:07.269  7638  7656 D UE4     : [2019.01.09-19.10.07:269][  0]LogConfig: Setting CVar [[r.Streaming.AmortizeCPUToGPUCopy:0]]
01-09 14:10:07.269  7638  7656 D UE4     : [2019.01.09-19.10.07:269][  0]LogConfig: Setting CVar [[r.Streaming.MaxNumTexturesToStreamPerFrame:0]]
01-09 14:10:07.269  7638  7656 D UE4     : [2019.01.09-19.10.07:269][  0]LogConfig: Setting CVar [[r.Streaming.Boost:1]]
01-09 14:10:07.269  7638  7656 D UE4     : [2019.01.09-19.10.07:269][  0]LogConfig: Setting CVar [[r.MaxAnisotropy:8]]
01-09 14:10:07.270  7638  7656 D UE4     : [2019.01.09-19.10.07:270][  0]LogConfig: Setting CVar [[r.Streaming.LimitPoolSizeToVRAM:0]]
01-09 14:10:07.270  7638  7656 D UE4     : [2019.01.09-19.10.07:270][  0]LogConfig: Setting CVar [[r.Streaming.PoolSize:1000]]
01-09 14:10:07.270  7638  7656 D UE4     : [2019.01.09-19.10.07:270][  0]LogConfig: Setting CVar [[r.Streaming.MaxEffectiveScreenSize:0]]
01-09 14:10:07.270  7638  7656 D UE4     : [2019.01.09-19.10.07:270][  0]LogConfig: Applying CVar settings from Section [EffectsQuality@3] File [../../../StackerGame/Saved/Config/Android/Scalability.ini]
01-09 14:10:07.270  7638  7656 D UE4     : [2019.01.09-19.10.07:270][  0]LogConfig: Setting CVar [[r.TranslucencyLightingVolumeDim:64]]
01-09 14:10:07.270  7638  7656 D UE4     : [2019.01.09-19.10.07:270][  0]LogConfig: Setting CVar [[r.RefractionQuality:2]]
01-09 14:10:07.270  7638  7656 D UE4     : [2019.01.09-19.10.07:270][  0]LogConfig: Setting CVar [[r.SSR.Quality:3]]
01-09 14:10:07.270  7638  7656 D UE4     : [2019.01.09-19.10.07:270][  0]LogConfig: Setting CVar [[r.SceneColorFormat:4]]
01-09 14:10:07.270  7638  7656 D UE4     : [2019.01.09-19.10.07:270][  0]LogConfig: Setting CVar [[r.DetailMode:2]]
01-09 14:10:07.270  7638  7656 D UE4     : [2019.01.09-19.10.07:270][  0]LogConfig: Setting CVar [[r.TranslucencyVolumeBlur:1]]
01-09 14:10:07.270  7638  7656 D UE4     : [2019.01.09-19.10.07:270][  0]LogConfig: Setting CVar [[r.MaterialQualityLevel:1 ; High quality]]
01-09 14:10:07.270  7638  7656 D UE4     : [2019.01.09-19.10.07:270][  0]LogConfig: Setting CVar [[r.SSS.Scale:1]]
01-09 14:10:07.270  7638  7656 D UE4     : [2019.01.09-19.10.07:270][  0]LogConfig: Setting CVar [[r.SSS.SampleSet:2]]
01-09 14:10:07.270  7638  7656 D UE4     : [2019.01.09-19.10.07:270][  0]LogConfig: Setting CVar [[r.SSS.Quality:1]]
01-09 14:10:07.270  7638  7656 D UE4     : [2019.01.09-19.10.07:270][  0]LogConfig: Setting CVar [[r.SSS.HalfRes:1]]
01-09 14:10:07.270  7638  7656 D UE4     : [2019.01.09-19.10.07:270][  0]LogConfig: Setting CVar [[r.EmitterSpawnRateScale:1.0]]
01-09 14:10:07.271  7638  7656 D UE4     : [2019.01.09-19.10.07:270][  0]LogConfig: Setting CVar [[r.ParticleLightQuality:2]]
01-09 14:10:07.271  7638  7656 D UE4     : [2019.01.09-19.10.07:271][  0]LogConfig: Applying CVar settings from Section [FoliageQuality@3] File [../../../StackerGame/Saved/Config/Android/Scalability.ini]
01-09 14:10:07.271  7638  7656 D UE4     : [2019.01.09-19.10.07:271][  0]LogConfig: Setting CVar [[foliage.DensityScale:1.0]]
01-09 14:10:07.271  7638  7656 D UE4     : [2019.01.09-19.10.07:271][  0]LogConfig: Setting CVar [[grass.DensityScale:1.0]]
01-09 14:10:07.272  7638  7656 D UE4     : [2019.01.09-19.10.07:272][  0]LogAndroid: Vulkan not available as project packaged without bSupportsVulkan or bSupportsVulkanSM5.
01-09 14:10:07.272  5024  6911 D TP/MmsProvider: query uri=content://mms/685/addr, match=13:Elapsed time : 3.167 ms
01-09 14:10:07.292  3757  7205 D AudioService: getStreamVolume 3 index 130
01-09 14:10:07.293  5024  6242 D TP/MmsProvider: query uri=content://mms/684/addr, match=13, calling pid = 7345
01-09 14:10:07.296  3757  4482 D AudioService: getStreamVolume 3 index 130
01-09 14:10:07.296  5024  6242 D TP/MmsProvider: query uri=content://mms/684/addr, match=13:Elapsed time : 3.308 ms
01-09 14:10:07.297  3757 29840 D AudioService: getStreamVolume 3 index 130
01-09 14:10:07.310  7638  7656 D UE4     : [2019.01.09-19.10.07:310][  0]LogAndroid: Checking 32 rules from DeviceProfile ini file.
01-09 14:10:07.310  7638  7656 D UE4     : [2019.01.09-19.10.07:310][  0]LogAndroid:   Default profile: Android_Default
01-09 14:10:07.311  7638  7656 D UE4     : [2019.01.09-19.10.07:311][  0]LogAndroid:   GpuFamily: Mali-T760
01-09 14:10:07.311  7638  7656 D UE4     : [2019.01.09-19.10.07:311][  0]LogAndroid:   GlVersion: OpenGL ES 3.2 v1.r15p0-00rel0.68b65ac7cf15907aeb95fa944f39eef2
01-09 14:10:07.311  7638  7656 D UE4     : [2019.01.09-19.10.07:311][  0]LogAndroid:   VulkanAvailable: false
01-09 14:10:07.311  7638  7656 D UE4     : [2019.01.09-19.10.07:311][  0]LogAndroid:   VulkanVersion: 1.0.26
01-09 14:10:07.311  7638  7656 D UE4     : [2019.01.09-19.10.07:311][  0]LogAndroid:   AndroidVersion: 7.0
01-09 14:10:07.311  7638  7656 D UE4     : [2019.01.09-19.10.07:311][  0]LogAndroid:   DeviceMake: samsung
01-09 14:10:07.311  7638  7656 D UE4     : [2019.01.09-19.10.07:311][  0]LogAndroid:   DeviceModel: SM-N920V
01-09 14:10:07.311  7638  7656 D UE4     : [2019.01.09-19.10.07:311][  0]LogAndroid:   DeviceBuildNumber: NRD90M.N920VVRS3CRH1
01-09 14:10:07.311  7638  7656 D UE4     : [2019.01.09-19.10.07:311][  0]LogAndroid:   UsingHoudini: false
01-09 14:10:07.317  5024 29628 D TP/MmsProvider: query uri=content://mms/683/addr, match=13, calling pid = 7345
01-09 14:10:07.320  5024 29628 D TP/MmsProvider: query uri=content://mms/683/addr, match=13:Elapsed time : 3.510 ms
01-09 14:10:07.323  3757  2859 D AudioService: getStreamVolume 3 index 130
01-09 14:10:07.329  3757  6272 D AudioService: getStreamVolume 3 index 130
01-09 14:10:07.338  5024  7785 D TP/MmsProvider: query uri=content://mms/682/addr, match=13, calling pid = 7345
01-09 14:10:07.342  5024  7785 D TP/MmsProvider: query uri=content://mms/682/addr, match=13:Elapsed time : 3.535 ms
01-09 14:10:07.343  7638  7656 D UE4     : [2019.01.09-19.10.07:342][  0]LogAndroid: Selected Device Profile: [Android_Mali_T7xx]
01-09 14:10:07.343  7638  7656 D UE4     : [2019.01.09-19.10.07:343][  0]LogInit: Applying CVar settings loaded from the selected device profile: [Android_Mali_T7xx]
01-09 14:10:07.344  7638  7656 D UE4     : [2019.01.09-19.10.07:344][  0]LogHAL: Display: Platform has ~ 3 GB [3840643072 / 4294967296 / 4], which maps to Smaller [LargestMinGB=8, LargerMinGB=6, DefaultMinGB=4, SmallerMinGB=3, SmallestMinGB=0)
01-09 14:10:07.344  7638  7656 D UE4     : [2019.01.09-19.10.07:344][  0]LogInit: Going up to parent DeviceProfile [Android_High]
01-09 14:10:07.344  7638  7656 D UE4     : [2019.01.09-19.10.07:344][  0]LogConfig: Setting CVar [[r.BloomQuality:1]]
01-09 14:10:07.344  7638  7656 D UE4     : [2019.01.09-19.10.07:344][  0]LogConfig: Setting CVar [[r.DepthOfFieldQuality:1]]
01-09 14:10:07.344  7638  7656 D UE4     : [2019.01.09-19.10.07:344][  0]LogConfig: Setting CVar [[r.LightShaftQuality:1]]
01-09 14:10:07.344  7638  7656 D UE4     : [2019.01.09-19.10.07:344][  0]LogConfig: Setting CVar [[r.RefractionQuality:1]]
01-09 14:10:07.344  7638  7656 D UE4     : [2019.01.09-19.10.07:344][  0]LogConfig: Setting CVar [[r.MobileContentScaleFactor:1.0]]
01-09 14:10:07.344  7638  7656 D UE4     : [2019.01.09-19.10.07:344][  0]LogInit: Going up to parent DeviceProfile [Android]
01-09 14:10:07.345  7638  7656 D UE4     : [2019.01.09-19.10.07:345][  0]LogConfig: Setting CVar [[r.ShadowQuality:2]]
01-09 14:10:07.345  7638  7656 D UE4     : [2019.01.09-19.10.07:345][  0]LogConfig: Setting CVar [[slate.AbsoluteIndices:1]]
01-09 14:10:07.345  7638  7656 D UE4     : [2019.01.09-19.10.07:345][  0]LogConfig: Setting CVar [[r.Vulkan.DelayAcquireBackBuffer:0]]
01-09 14:10:07.345  7638  7656 D UE4     : [2019.01.09-19.10.07:345][  0]LogConfig: Setting CVar [[r.Vulkan.RobustBufferAccess:1]]
01-09 14:10:07.345  7638  7656 D UE4     : [2019.01.09-19.10.07:345][  0]LogConfig: Setting CVar [[r.Vulkan.DescriptorSetLayoutMode:2]]
01-09 14:10:07.345  7638  7656 D UE4     : [2019.01.09-19.10.07:345][  0]LogInit: Going up to parent DeviceProfile []
01-09 14:10:07.345  7638  7656 D UE4     : [2019.01.09-19.10.07:345][  0]LogConfig: Applying CVar settings from Section [ViewDistanceQuality@3] File [../../../StackerGame/Saved/Config/Android/Scalability.ini]
01-09 14:10:07.345  7638  7656 D UE4     : [2019.01.09-19.10.07:345][  0]LogConfig: Setting CVar [[r.SkeletalMeshLODBias:0]]
01-09 14:10:07.345  7638  7656 D UE4     : [2019.01.09-19.10.07:345][  0]LogConfig: Setting CVar [[r.ViewDistanceScale:1.0]]
01-09 14:10:07.346  7638  7656 D UE4     : [2019.01.09-19.10.07:345][  0]LogConfig: Applying CVar settings from Section [AntiAliasingQuality@3] File [../../../StackerGame/Saved/Config/Android/Scalability.ini]
01-09 14:10:07.346  7638  7656 D UE4     : [2019.01.09-19.10.07:346][  0]LogConfig: Setting CVar [[r.PostProcessAAQuality:4]]
01-09 14:10:07.346  7638  7656 D UE4     : [2019.01.09-19.10.07:346][  0]LogConfig: Applying CVar settings from Section [ShadowQuality@3] File [../../../StackerGame/Saved/Config/Android/Scalability.ini]
01-09 14:10:07.346  7638  7656 D UE4     : [2019.01.09-19.10.07:346][  0]LogConfig: Setting CVar [[r.LightFunctionQuality:1]]
01-09 14:10:07.346  7638  7656 D UE4     : [2019.01.09-19.10.07:346][  0]LogConfig: Setting CVar [[r.ShadowQuality:5]]
01-09 14:10:07.346  7638  7656 D UE4     : [2019.01.09-19.10.07:346][  0]LogConsoleManager: Setting the console variable 'r.ShadowQuality' with 'SetByScalability' was ignored as it is lower priority than the previous 'SetByDeviceProfile'. Value remains '2'
01-09 14:10:07.346  7638  7656 D UE4     : [2019.01.09-19.10.07:346][  0]LogConfig: Setting CVar [[r.Shadow.CSM.MaxCascades:10]]
01-09 14:10:07.346  7638  7656 D UE4     : [2019.01.09-19.10.07:346][  0]LogConfig: Setting CVar [[r.Shadow.MaxResolution:2048]]
01-09 14:10:07.346  7638  7656 D UE4     : [2019.01.09-19.10.07:346][  0]LogConfig: Setting CVar [[r.Shadow.MaxCSMResolution:2048]]
01-09 14:10:07.346  7638  7656 D UE4     : [2019.01.09-19.10.07:346][  0]LogConfig: Setting CVar [[r.Shadow.RadiusThreshold:0.01]]
01-09 14:10:07.346  7638  7656 D UE4     : [2019.01.09-19.10.07:346][  0]LogConfig: Setting CVar [[r.Shadow.DistanceScale:1.0]]
01-09 14:10:07.346  7638  7656 D UE4     : [2019.01.09-19.10.07:346][  0]LogConfig: Setting CVar [[r.Shadow.CSM.TransitionScale:1.0]]
01-09 14:10:07.346  7638  7656 D UE4     : [2019.01.09-19.10.07:346][  0]LogConfig: Setting CVar [[r.Shadow.PreShadowResolutionFactor:1.0]]
01-09 14:10:07.346  7638  7656 D UE4     : [2019.01.09-19.10.07:346][  0]LogConfig: Setting CVar [[r.DistanceFieldShadowing:1]]
01-09 14:10:07.346  7638  7656 D UE4     : [2019.01.09-19.10.07:346][  0]LogConfig: Setting CVar [[r.DistanceFieldAO:1]]
01-09 14:10:07.346  7638  7656 D UE4     : [2019.01.09-19.10.07:346][  0]LogConfig: Setting CVar [[r.AOQuality:2]]
01-09 14:10:07.346  7638  7656 D UE4     : [2019.01.09-19.10.07:346][  0]LogConfig: Setting CVar [[r.VolumetricFog:1]]
01-09 14:10:07.346  7638  7656 D UE4     : [2019.01.09-19.10.07:346][  0]LogConfig: Setting CVar [[r.VolumetricFog.GridPixelSize:8]]
01-09 14:10:07.347  7638  7656 D UE4     : [2019.01.09-19.10.07:346][  0]LogConfig: Setting CVar [[r.VolumetricFog.GridSizeZ:128]]
01-09 14:10:07.347  7638  7656 D UE4     : [2019.01.09-19.10.07:347][  0]LogConfig: Setting CVar [[r.VolumetricFog.HistoryMissSupersampleCount:4]]
01-09 14:10:07.347  7638  7656 D UE4     : [2019.01.09-19.10.07:347][  0]LogConfig: Setting CVar [[r.LightMaxDrawDistanceScale:1]]
01-09 14:10:07.347  7638  7656 D UE4     : [2019.01.09-19.10.07:347][  0]LogConfig: Setting CVar [[r.CapsuleShadows:1]]
01-09 14:10:07.347  7638  7656 D UE4     : [2019.01.09-19.10.07:347][  0]LogConfig: Applying CVar settings from Section [PostProcessQuality@3] File [../../../StackerGame/Saved/Config/Android/Scalability.ini]
01-09 14:10:07.347  7638  7656 D UE4     : [2019.01.09-19.10.07:347][  0]LogConfig: Setting CVar [[r.MotionBlurQuality:4]]
01-09 14:10:07.347  7638  7656 D UE4     : [2019.01.09-19.10.07:347][  0]LogConfig: Setting CVar [[r.AmbientOcclusionMipLevelFactor:0.4]]
01-09 14:10:07.347  7638  7656 D UE4     : [2019.01.09-19.10.07:347][  0]LogConfig: Setting CVar [[r.AmbientOcclusionMaxQuality:100]]
01-09 14:10:07.347  7638  7656 D UE4     : [2019.01.09-19.10.07:347][  0]LogConfig: Setting CVar [[r.AmbientOcclusionLevels:-1]]
01-09 14:10:07.347  7638  7656 D UE4     : [2019.01.09-19.10.07:347][  0]LogConfig: Setting CVar [[r.AmbientOcclusionRadiusScale:1.0]]
01-09 14:10:07.347  7638  7656 D UE4     : [2019.01.09-19.10.07:347][  0]LogConfig: Setting CVar [[r.DepthOfFieldQuality:2]]
01-09 14:10:07.347  7638  7656 D UE4     : [2019.01.09-19.10.07:347][  0]LogConsoleManager: Setting the console variable 'r.DepthOfFieldQuality' with 'SetByScalability' was ignored as it is lower priority than the previous 'SetByDeviceProfile'. Value remains '1'
01-09 14:10:07.347  7638  7656 D UE4     : [2019.01.09-19.10.07:347][  0]LogConfig: Setting CVar [[r.RenderTargetPoolMin:400]]
01-09 14:10:07.347  7638  7656 D UE4     : [2019.01.09-19.10.07:347][  0]LogConfig: Setting CVar [[r.LensFlareQuality:2]]
01-09 14:10:07.347  7638  7656 D UE4     : [2019.01.09-19.10.07:347][  0]LogConfig: Setting CVar [[r.SceneColorFringeQuality:1]]
01-09 14:10:07.347  7638  7656 D UE4     : [2019.01.09-19.10.07:347][  0]LogConfig: Setting CVar [[r.EyeAdaptationQuality:2]]
01-09 14:10:07.347  7638  7656 D UE4     : [2019.01.09-19.10.07:347][  0]LogConfig: Setting CVar [[r.BloomQuality:5]]
01-09 14:10:07.347  7638  7656 D UE4     : [2019.01.09-19.10.07:347][  0]LogConsoleManager: Setting the console variable 'r.BloomQuality' with 'SetByScalability' was ignored as it is lower priority than the previous 'SetByDeviceProfile'. Value remains '1'
01-09 14:10:07.348  7638  7656 D UE4     : [2019.01.09-19.10.07:348][  0]LogConfig: Setting CVar [[r.FastBlurThreshold:100]]
01-09 14:10:07.348  7638  7656 D UE4     : [2019.01.09-19.10.07:348][  0]LogConfig: Setting CVar [[r.Upscale.Quality:3]]
01-09 14:10:07.348  7638  7656 D UE4     : [2019.01.09-19.10.07:348][  0]LogConfig: Setting CVar [[r.Tonemapper.GrainQuantization:1]]
01-09 14:10:07.348  7638  7656 D UE4     : [2019.01.09-19.10.07:348][  0]LogConfig: Setting CVar [[r.LightShaftQuality:1]]
01-09 14:10:07.348  7638  7656 D UE4     : [2019.01.09-19.10.07:348][  0]LogConsoleManager: Setting the console variable 'r.LightShaftQuality' with 'SetByScalability' was ignored as it is lower priority than the previous 'SetByDeviceProfile'. Value remains '1'
01-09 14:10:07.348  7638  7656 D UE4     : [2019.01.09-19.10.07:348][  0]LogConfig: Setting CVar [[r.Filter.SizeScale:1]]
01-09 14:10:07.348  7638  7656 D UE4     : [2019.01.09-19.10.07:348][  0]LogConfig: Setting CVar [[r.Tonemapper.Quality:5]]
01-09 14:10:07.348  7638  7656 D UE4     : [2019.01.09-19.10.07:348][  0]LogConfig: Setting CVar [[r.DOF.Gather.AccumulatorQuality:1        ; higher gathering accumulator quality]]
01-09 14:10:07.348  7638  7656 D UE4     : [2019.01.09-19.10.07:348][  0]LogConfig: Setting CVar [[r.DOF.Gather.PostfilterMethod:1          ; Median3x3 postfilering method]]
01-09 14:10:07.348  7638  7656 D UE4     : [2019.01.09-19.10.07:348][  0]LogConfig: Setting CVar [[r.DOF.Gather.EnableBokehSettings:0       ; no bokeh simulation when gathering]]
01-09 14:10:07.348  7638  7656 D UE4     : [2019.01.09-19.10.07:348][  0]LogConfig: Setting CVar [[r.DOF.Gather.RingCount:4                 ; medium number of samples when gathering]]
01-09 14:10:07.348  7638  7656 D UE4     : [2019.01.09-19.10.07:348][  0]LogConfig: Setting CVar [[r.DOF.Scatter.ForegroundCompositing:1    ; additive foreground scattering]]
01-09 14:10:07.348  7638  7656 D UE4     : [2019.01.09-19.10.07:348][  0]LogConfig: Setting CVar [[r.DOF.Scatter.BackgroundCompositing:2    ; additive background scattering]]
01-09 14:10:07.348  7638  7656 D UE4     : [2019.01.09-19.10.07:348][  0]LogConfig: Setting CVar [[r.DOF.Scatter.EnableBokehSettings:1      ; bokeh simulation when scattering]]
01-09 14:10:07.348  7638  7656 D UE4     : [2019.01.09-19.10.07:348][  0]LogConfig: Setting CVar [[r.DOF.Scatter.MaxSpriteRatio:0.1         ; only a maximum of 10% of scattered bokeh]]
01-09 14:10:07.348  7638  7656 D UE4     : [2019.01.09-19.10.07:348][  0]LogConfig: Setting CVar [[r.DOF.Recombine.Quality:1                ; cheap slight out of focus]]
01-09 14:10:07.348  7638  7656 D UE4     : [2019.01.09-19.10.07:348][  0]LogConfig: Setting CVar [[r.DOF.Recombine.EnableBokehSettings:0    ; no bokeh simulation on slight out of focus]]
01-09 14:10:07.349  7638  7656 D UE4     : [2019.01.09-19.10.07:348][  0]LogConfig: Setting CVar [[r.DOF.TemporalAAQuality:1                ; more stable temporal accumulation]]
01-09 14:10:07.349  7638  7656 D UE4     : [2019.01.09-19.10.07:349][  0]LogConfig: Setting CVar [[r.DOF.Kernel.MaxForegroundRadius:0.025]]
01-09 14:10:07.349  7638  7656 D UE4     : [2019.01.09-19.10.07:349][  0]LogConfig: Setting CVar [[r.DOF.Kernel.MaxBackgroundRadius:0.025]]
01-09 14:10:07.349  7638  7656 D UE4     : [2019.01.09-19.10.07:349][  0]LogConfig: Applying CVar settings from Section [TextureQuality@3] File [../../../StackerGame/Saved/Config/Android/Scalability.ini]
01-09 14:10:07.349  7638  7656 D UE4     : [2019.01.09-19.10.07:349][  0]LogConfig: Setting CVar [[r.Streaming.MipBias:0]]
01-09 14:10:07.349  7638  7656 D UE4     : [2019.01.09-19.10.07:349][  0]LogConfig: Setting CVar [[r.Streaming.AmortizeCPUToGPUCopy:0]]
01-09 14:10:07.349  7638  7656 D UE4     : [2019.01.09-19.10.07:349][  0]LogConfig: Setting CVar [[r.Streaming.MaxNumTexturesToStreamPerFrame:0]]
01-09 14:10:07.349  7638  7656 D UE4     : [2019.01.09-19.10.07:349][  0]LogConfig: Setting CVar [[r.Streaming.Boost:1]]
01-09 14:10:07.349  7638  7656 D UE4     : [2019.01.09-19.10.07:349][  0]LogConfig: Setting CVar [[r.MaxAnisotropy:8]]
01-09 14:10:07.349  7638  7656 D UE4     : [2019.01.09-19.10.07:349][  0]LogConfig: Setting CVar [[r.Streaming.LimitPoolSizeToVRAM:0]]
01-09 14:10:07.349  7638  7656 D UE4     : [2019.01.09-19.10.07:349][  0]LogConfig: Setting CVar [[r.Streaming.PoolSize:1000]]
01-09 14:10:07.349  7638  7656 D UE4     : [2019.01.09-19.10.07:349][  0]LogConfig: Setting CVar [[r.Streaming.MaxEffectiveScreenSize:0]]
01-09 14:10:07.349  7638  7656 D UE4     : [2019.01.09-19.10.07:349][  0]LogConfig: Applying CVar settings from Section [EffectsQuality@3] File [../../../StackerGame/Saved/Config/Android/Scalability.ini]
01-09 14:10:07.349  7638  7656 D UE4     : [2019.01.09-19.10.07:349][  0]LogConfig: Setting CVar [[r.TranslucencyLightingVolumeDim:64]]
01-09 14:10:07.349  7638  7656 D UE4     : [2019.01.09-19.10.07:349][  0]LogConfig: Setting CVar [[r.RefractionQuality:2]]
01-09 14:10:07.349  7638  7656 D UE4     : [2019.01.09-19.10.07:349][  0]LogConsoleManager: Setting the console variable 'r.RefractionQuality' with 'SetByScalability' was ignored as it is lower priority than the previous 'SetByDeviceProfile'. Value remains '1'
01-09 14:10:07.350  7638  7656 D UE4     : [2019.01.09-19.10.07:350][  0]LogConfig: Setting CVar [[r.SSR.Quality:3]]
01-09 14:10:07.350  7638  7656 D UE4     : [2019.01.09-19.10.07:350][  0]LogConfig: Setting CVar [[r.SceneColorFormat:4]]
01-09 14:10:07.350  7638  7656 D UE4     : [2019.01.09-19.10.07:350][  0]LogConfig: Setting CVar [[r.DetailMode:2]]
01-09 14:10:07.350  7638  7656 D UE4     : [2019.01.09-19.10.07:350][  0]LogConfig: Setting CVar [[r.TranslucencyVolumeBlur:1]]
01-09 14:10:07.350  7638  7656 D UE4     : [2019.01.09-19.10.07:350][  0]LogConfig: Setting CVar [[r.MaterialQualityLevel:1 ; High quality]]
01-09 14:10:07.350  7638  7656 D UE4     : [2019.01.09-19.10.07:350][  0]LogConfig: Setting CVar [[r.SSS.Scale:1]]
01-09 14:10:07.350  7638  7656 D UE4     : [2019.01.09-19.10.07:350][  0]LogConfig: Setting CVar [[r.SSS.SampleSet:2]]
01-09 14:10:07.350  7638  7656 D UE4     : [2019.01.09-19.10.07:350][  0]LogConfig: Setting CVar [[r.SSS.Quality:1]]
01-09 14:10:07.350  7638  7656 D UE4     : [2019.01.09-19.10.07:350][  0]LogConfig: Setting CVar [[r.SSS.HalfRes:1]]
01-09 14:10:07.350  7638  7656 D UE4     : [2019.01.09-19.10.07:350][  0]LogConfig: Setting CVar [[r.EmitterSpawnRateScale:1.0]]
01-09 14:10:07.350  7638  7656 D UE4     : [2019.01.09-19.10.07:350][  0]LogConfig: Setting CVar [[r.ParticleLightQuality:2]]
01-09 14:10:07.350  7638  7656 D UE4     : [2019.01.09-19.10.07:350][  0]LogConfig: Applying CVar settings from Section [FoliageQuality@3] File [../../../StackerGame/Saved/Config/Android/Scalability.ini]
01-09 14:10:07.350  7638  7656 D UE4     : [2019.01.09-19.10.07:350][  0]LogConfig: Setting CVar [[foliage.DensityScale:1.0]]
01-09 14:10:07.350  7638  7656 D UE4     : [2019.01.09-19.10.07:350][  0]LogConfig: Setting CVar [[grass.DensityScale:1.0]]
01-09 14:10:07.350  7638  7656 D UE4     : [2019.01.09-19.10.07:350][  0]LogConfig: Applying CVar settings from Section [Startup] File [../../../Engine/Config/ConsoleVariables.ini]
01-09 14:10:07.351  7638  7656 D UE4     : [2019.01.09-19.10.07:351][  0]LogConfig: Setting CVar [[net.UseAdaptiveNetUpdateFrequency:0]]
01-09 14:10:07.351  7638  7656 D UE4     : [2019.01.09-19.10.07:351][  0]LogConfig: Applying CVar settings from Section [ConsoleVariables] File [../../../StackerGame/Saved/Config/Android/Engine.ini]
01-09 14:10:07.351  7638  7656 D UE4     : [2019.01.09-19.10.07:351][  0]LogConfig: Setting CVar [[r.AllowOcclusionQueries:0]]
01-09 14:10:07.351  7638  7656 D UE4     : [2019.01.09-19.10.07:351][  0]LogConfig: Setting CVar [[Slate.CacheRenderData:0]]
01-09 14:10:07.351  7638  7656 D UE4     : [2019.01.09-19.10.07:351][  0]LogConfig: Setting CVar [[r.VSync:1]]
01-09 14:10:07.351  7638  7656 D UE4     : [2019.01.09-19.10.07:351][  0]LogConfig: Setting CVar [[r.ParallelShadows:0]]
01-09 14:10:07.354  7638  7656 D UE4     : [2019.01.09-19.10.07:354][  0]LogInit: Memory total: Physical=3662.72MB (4GB approx) Available=1460.51MB PageSize=4.0KB
01-09 14:10:07.355  7638  7656 D UE4     : [2019.01.09-19.10.07:355][  0]LogInit: Using OS detected language (en-US).
01-09 14:10:07.355  7638  7656 D UE4     : [2019.01.09-19.10.07:355][  0]LogInit: Using OS detected locale (en-US).
01-09 14:10:07.356  7638  7656 D UE4     : [2019.01.09-19.10.07:356][  0]LogTextLocalizationManager: No specific localization for 'en-US' exists, so the 'en' localization will be used.
01-09 14:10:07.363  5024  6892 D TP/MmsProvider: query uri=content://mms/681/addr, match=13, calling pid = 7345
01-09 14:10:07.367  5024  6892 D TP/MmsProvider: query uri=content://mms/681/addr, match=13:Elapsed time : 3.971 ms
01-09 14:10:07.396  5024 29626 D TP/MmsProvider: query uri=content://mms/679/addr, match=13, calling pid = 7345
01-09 14:10:07.401  5024 29626 D TP/MmsProvider: query uri=content://mms/679/addr, match=13:Elapsed time : 4.450 ms
01-09 14:10:07.418  3757 29841 D AudioService: getStreamVolume 3 index 130
01-09 14:10:07.421  3757  7201 D AudioService: getStreamVolume 3 index 130
01-09 14:10:07.423  3757  7204 D AudioService: getStreamVolume 3 index 130
01-09 14:10:07.425  3757  4482 D AudioService: getStreamVolume 3 index 130
01-09 14:10:07.426  5024 27597 D TP/MmsProvider: query uri=content://mms/677/addr, match=13, calling pid = 7345
01-09 14:10:07.426  3757 29842 D AudioService: getStreamVolume 3 index 130
01-09 14:10:07.430  5024 27597 D TP/MmsProvider: query uri=content://mms/677/addr, match=13:Elapsed time : 4.166 ms
01-09 14:10:07.436  3757  6272 D AudioService: getStreamVolume 3 index 130
01-09 14:10:07.452  3757 32085 D AudioService: getStreamVolume 3 index 130
01-09 14:10:07.457  5024  5271 D TP/MmsProvider: query uri=content://mms/675/addr, match=13, calling pid = 7345
01-09 14:10:07.461  5024  5271 D TP/MmsProvider: query uri=content://mms/675/addr, match=13:Elapsed time : 4.917 ms
01-09 14:10:07.472  7638  7656 D UE4     : [2019.01.09-19.10.07:471][  0]LogStreaming: Display: Took  0.117s to InitEngineTextLocalization.
01-09 14:10:07.482  5024  6911 D TP/MmsProvider: query uri=content://mms/674/addr, match=13, calling pid = 7345
01-09 14:10:07.486  5024  6911 D TP/MmsProvider: query uri=content://mms/674/addr, match=13:Elapsed time : 3.343 ms
01-09 14:10:07.490  7638  7656 D UE4     : [2019.01.09-19.10.07:490][  0]LogSlate: New Slate User Created.  User Index 0, Is Virtual User: 0
01-09 14:10:07.490  7638  7656 D UE4     : [2019.01.09-19.10.07:490][  0]LogSlate: Slate User Registered.  User Index 0, Is Virtual User: 0
01-09 14:10:07.491  7638  7656 D UE4     : [2019.01.09-19.10.07:491][  0]LogAndroid: VulkanRHI will NOT be used:
01-09 14:10:07.491  7638  7656 D UE4     : [2019.01.09-19.10.07:491][  0]LogAndroid:  ** Vulkan support is not available (Driver, RHI or shaders are missing, or disabled by cmdline, see above logging for details)
01-09 14:10:07.491  7638  7656 D UE4     : [2019.01.09-19.10.07:491][  0]LogAndroid: OpenGL ES will be used.
01-09 14:10:07.491  7638  7656 D UE4     : FPlatformOpenGLDevice:Init
01-09 14:10:07.491  7638  7656 D UE4     : AndroidEGL::InitSurface 0, 1
01-09 14:10:07.491  7638  7656 D UE4     : [JAVA] - SetDesiredViewSize width=720 and height=1280
01-09 14:10:07.491  7638  7656 D UE4     : AndroidEGL::CreateEGLSurface() Already initialized: 0xe181f208
01-09 14:10:07.492  7638  7656 D UE4     : [2019.01.09-19.10.07:492][  0]LogRHI: Extension eglPresentationTimeANDROID Present
01-09 14:10:07.492  7638  7656 D UE4     : [2019.01.09-19.10.07:492][  0]LogRHI: Extension eglGetNextFrameIdANDROID Not Present
01-09 14:10:07.492  7638  7656 D UE4     : [2019.01.09-19.10.07:492][  0]LogRHI: Extension eglGetCompositorTimingANDROID Not Present
01-09 14:10:07.492  7638  7656 D UE4     : [2019.01.09-19.10.07:492][  0]LogRHI: Extension eglGetFrameTimestampsANDROID Not Present
01-09 14:10:07.493  7638  7656 D UE4     : [2019.01.09-19.10.07:492][  0]LogRHI: Extension eglQueryTimestampSupportedANDROID Not Present
01-09 14:10:07.493  7638  7656 D UE4     : [2019.01.09-19.10.07:493][  0]LogRHI: Extension eglGetCompositorTimingSupportedANDROID Not Present
01-09 14:10:07.493  7638  7656 D UE4     : [2019.01.09-19.10.07:493][  0]LogRHI: Extension eglGetFrameTimestampsSupportedANDROID Not Present
01-09 14:10:07.493  3757 32085 D AudioService: getStreamVolume 3 index 130
01-09 14:10:07.493  7638  7656 D UE4     : [2019.01.09-19.10.07:493][  0]LogRHI: Initializing OpenGL RHI
01-09 14:10:07.494  7638  7656 D UE4     : [2019.01.09-19.10.07:493][  0]LogRHI:   GL_VENDOR: ARM
01-09 14:10:07.494  7638  7656 D UE4     : [2019.01.09-19.10.07:494][  0]LogRHI:   GL_RENDERER: Mali-T760
01-09 14:10:07.494  7638  7656 D UE4     : [2019.01.09-19.10.07:494][  0]LogRHI:   GL_VERSION: OpenGL ES 3.2 v1.r15p0-00rel0.68b65ac7cf15907aeb95fa944f39eef2
01-09 14:10:07.494  7638  7656 D UE4     : [2019.01.09-19.10.07:494][  0]LogRHI:   GL_SHADING_LANGUAGE_VERSION: OpenGL ES GLSL ES 3.20
01-09 14:10:07.494  7638  7656 D UE4     : [2019.01.09-19.10.07:494][  0]LogRHI: OpenGL Extensions:
01-09 14:10:07.494  7638  7656 D UE4     : [2019.01.09-19.10.07:494][  0]LogRHI:   GL_EXT_debug_marker
01-09 14:10:07.494  7638  7656 D UE4     : [2019.01.09-19.10.07:494][  0]LogRHI:   GL_ARM_rgba8
01-09 14:10:07.494  7638  7656 D UE4     : [2019.01.09-19.10.07:494][  0]LogRHI:   GL_ARM_mali_shader_binary
01-09 14:10:07.494  7638  7656 D UE4     : [2019.01.09-19.10.07:494][  0]LogRHI:   GL_OES_depth24
01-09 14:10:07.494  7638  7656 D UE4     : [2019.01.09-19.10.07:494][  0]LogRHI:   GL_OES_depth_texture
01-09 14:10:07.494  7638  7656 D UE4     : [2019.01.09-19.10.07:494][  0]LogRHI:   GL_OES_depth_texture_cube_map
01-09 14:10:07.494  7638  7656 D UE4     : [2019.01.09-19.10.07:494][  0]LogRHI:   GL_OES_packed_depth_stencil
01-09 14:10:07.494  7638  7656 D UE4     : [2019.01.09-19.10.07:494][  0]LogRHI:   GL_OES_rgb8_rgba8
01-09 14:10:07.494  7638  7656 D UE4     : [2019.01.09-19.10.07:494][  0]LogRHI:   GL_EXT_read_format_bgra
01-09 14:10:07.494  7638  7656 D UE4     : [2019.01.09-19.10.07:494][  0]LogRHI:   GL_OES_compressed_paletted_texture
01-09 14:10:07.494  7638  7656 D UE4     : [2019.01.09-19.10.07:494][  0]LogRHI:   GL_OES_compressed_ETC1_RGB8_texture
01-09 14:10:07.494  7638  7656 D UE4     : [2019.01.09-19.10.07:494][  0]LogRHI:   GL_OES_standard_derivatives
01-09 14:10:07.494  7638  7656 D UE4     : [2019.01.09-19.10.07:494][  0]LogRHI:   GL_OES_EGL_image
01-09 14:10:07.495  7638  7656 D UE4     : [2019.01.09-19.10.07:494][  0]LogRHI:   GL_OES_EGL_image_external
01-09 14:10:07.495  7638  7656 D UE4     : [2019.01.09-19.10.07:495][  0]LogRHI:   GL_OES_EGL_image_external_essl3
01-09 14:10:07.495  7638  7656 D UE4     : [2019.01.09-19.10.07:495][  0]LogRHI:   GL_OES_EGL_sync
01-09 14:10:07.495  7638  7656 D UE4     : [2019.01.09-19.10.07:495][  0]LogRHI:   GL_OES_texture_npot
01-09 14:10:07.495  7638  7656 D UE4     : [2019.01.09-19.10.07:495][  0]LogRHI:   GL_OES_vertex_half_float
01-09 14:10:07.495  7638  7656 D UE4     : [2019.01.09-19.10.07:495][  0]LogRHI:   GL_OES_required_internalformat
01-09 14:10:07.495  7638  7656 D UE4     : [2019.01.09-19.10.07:495][  0]LogRHI:   GL_OES_vertex_array_object
01-09 14:10:07.495  7638  7656 D UE4     : [2019.01.09-19.10.07:495][  0]LogRHI:   GL_OES_mapbuffer
01-09 14:10:07.495  7638  7656 D UE4     : [2019.01.09-19.10.07:495][  0]LogRHI:   GL_EXT_texture_format_BGRA8888
01-09 14:10:07.495  7638  7656 D UE4     : [2019.01.09-19.10.07:495][  0]LogRHI:   GL_EXT_texture_rg
01-09 14:10:07.495  7638  7656 D UE4     : [2019.01.09-19.10.07:495][  0]LogRHI:   GL_EXT_texture_type_2_10_10_10_REV
01-09 14:10:07.495  7638  7656 D UE4     : [2019.01.09-19.10.07:495][  0]LogRHI:   GL_OES_fbo_render_mipmap
01-09 14:10:07.495  7638  7656 D UE4     : [2019.01.09-19.10.07:495][  0]LogRHI:   GL_OES_element_index_uint
01-09 14:10:07.495  7638  7656 D UE4     : [2019.01.09-19.10.07:495][  0]LogRHI:   GL_EXT_shadow_samplers
01-09 14:10:07.495  7638  7656 D UE4     : [2019.01.09-19.10.07:495][  0]LogRHI:   GL_OES_texture_compression_astc
01-09 14:10:07.495  7638  7656 D UE4     : [2019.01.09-19.10.07:495][  0]LogRHI:   GL_KHR_texture_compression_astc_ldr
01-09 14:10:07.495  7638  7656 D UE4     : [2019.01.09-19.10.07:495][  0]LogRHI:   GL_KHR_texture_compression_astc_hdr
01-09 14:10:07.495  7638  7656 D UE4     : [2019.01.09-19.10.07:495][  0]LogRHI:   GL_KHR_texture_compression_astc_sliced_3d
01-09 14:10:07.495  7638  7656 D UE4     : [2019.01.09-19.10.07:495][  0]LogRHI:   GL_KHR_debug
01-09 14:10:07.495  7638  7656 D UE4     : [2019.01.09-19.10.07:495][  0]LogRHI:   GL_EXT_occlusion_query_boolean
01-09 14:10:07.495  7638  7656 D UE4     : [2019.01.09-19.10.07:495][  0]LogRHI:   GL_EXT_disjoint_timer_query
01-09 14:10:07.496  7638  7656 D UE4     : [2019.01.09-19.10.07:495][  0]LogRHI:   GL_EXT_blend_minmax
01-09 14:10:07.496  7638  7656 D UE4     : [2019.01.09-19.10.07:496][  0]LogRHI:   GL_EXT_discard_framebuffer
01-09 14:10:07.496  7638  7656 D UE4     : [2019.01.09-19.10.07:496][  0]LogRHI:   GL_OES_get_program_binary
01-09 14:10:07.496  7638  7656 D UE4     : [2019.01.09-19.10.07:496][  0]LogRHI:   GL_OES_texture_3D
01-09 14:10:07.496  7638  7656 D UE4     : [2019.01.09-19.10.07:496][  0]LogRHI:   GL_EXT_texture_storage
01-09 14:10:07.496  7638  7656 D UE4     : [2019.01.09-19.10.07:496][  0]LogRHI:   GL_EXT_multisampled_render_to_texture
01-09 14:10:07.496  7638  7656 D UE4     : [2019.01.09-19.10.07:496][  0]LogRHI:   GL_OES_surfaceless_context
01-09 14:10:07.496  7638  7656 D UE4     : [2019.01.09-19.10.07:496][  0]LogRHI:   GL_OES_texture_stencil8
01-09 14:10:07.496  7638  7656 D UE4     : [2019.01.09-19.10.07:496][  0]LogRHI:   GL_EXT_shader_pixel_local_storage
01-09 14:10:07.496  7638  7656 D UE4     : [2019.01.09-19.10.07:496][  0]LogRHI:   GL_ARM_shader_framebuffer_fetch
01-09 14:10:07.496  7638  7656 D UE4     : [2019.01.09-19.10.07:496][  0]LogRHI:   GL_ARM_shader_framebuffer_fetch_depth_stencil
01-09 14:10:07.496  7638  7656 D UE4     : [2019.01.09-19.10.07:496][  0]LogRHI:   GL_ARM_mali_program_binary
01-09 14:10:07.496  7638  7656 D UE4     : [2019.01.09-19.10.07:496][  0]LogRHI:   GL_EXT_sRGB
01-09 14:10:07.496  7638  7656 D UE4     : [2019.01.09-19.10.07:496][  0]LogRHI:   GL_EXT_sRGB_write_control
01-09 14:10:07.496  7638  7656 D UE4     : [2019.01.09-19.10.07:496][  0]LogRHI:   GL_EXT_texture_sRGB_decode
01-09 14:10:07.496  7638  7656 D UE4     : [2019.01.09-19.10.07:496][  0]LogRHI:   GL_EXT_texture_sRGB_R8
01-09 14:10:07.496  7638  7656 D UE4     : [2019.01.09-19.10.07:496][  0]LogRHI:   GL_EXT_texture_sRGB_RG8
01-09 14:10:07.496  7638  7656 D UE4     : [2019.01.09-19.10.07:496][  0]LogRHI:   GL_KHR_blend_equation_advanced
01-09 14:10:07.496  7638  7656 D UE4     : [2019.01.09-19.10.07:496][  0]LogRHI:   GL_KHR_blend_equation_advanced_coherent
01-09 14:10:07.496  7638  7656 D UE4     : [2019.01.09-19.10.07:496][  0]LogRHI:   GL_OES_texture_storage_multisample_2d_array
01-09 14:10:07.496  7638  7656 D UE4     : [2019.01.09-19.10.07:496][  0]LogRHI:   GL_OES_shader_image_atomic
01-09 14:10:07.497  7638  7656 D UE4     : [2019.01.09-19.10.07:497][  0]LogRHI:   GL_EXT_robustness
01-09 14:10:07.497  7638  7656 D UE4     : [2019.01.09-19.10.07:497][  0]LogRHI:   GL_EXT_draw_buffers_indexed
01-09 14:10:07.497  7638  7656 D UE4     : [2019.01.09-19.10.07:497][  0]LogRHI:   GL_OES_draw_buffers_indexed
