01-24 03:12:05.744 28299 28299 V MediaRouter: Dispatching route change: UserRouteInfo{ name=WilkinsonTivo, description=null, status=null, category=RouteCategory{ name=Devices types=ROUTE_TYPE_USER  groupable=false }, supportedTypes=ROUTE_TYPE_USER , presentationDisplay=null }
01-24 03:12:05.744 28299 28299 V MediaRouter: Dispatching route change: UserRouteInfo{ name=Roku Stick - 5S673X092305, description=null, status=null, category=RouteCategory{ name=Devices types=ROUTE_TYPE_USER  groupable=false }, supportedTypes=ROUTE_TYPE_USER , presentationDisplay=null }
01-24 03:12:05.744 28299 28299 V MediaRouter: Dispatching route change: UserRouteInfo{ name=Roku Stick - 5S673X092305, description=null, status=null, category=RouteCategory{ name=Devices types=ROUTE_TYPE_USER  groupable=false }, supportedTypes=ROUTE_TYPE_USER , presentationDisplay=null }
01-24 03:12:05.745 28299 28299 V MediaRouter: Dispatching route change: UserRouteInfo{ name=WilkinsonTivo, description=null, status=null, category=RouteCategory{ name=Devices types=ROUTE_TYPE_USER  groupable=false }, supportedTypes=ROUTE_TYPE_USER , presentationDisplay=null }
01-24 03:12:05.745 28299 28299 V MediaRouter: Dispatching route change: UserRouteInfo{ name=WilkinsonTivo, description=null, status=null, category=RouteCategory{ name=Devices types=ROUTE_TYPE_USER  groupable=false }, supportedTypes=ROUTE_TYPE_USER , presentationDisplay=null }
01-24 03:12:05.746 28299 28299 V MediaRouter: Dispatching route change: UserRouteInfo{ name=WilkinsonTivo, description=null, status=null, category=RouteCategory{ name=Devices types=ROUTE_TYPE_USER  groupable=false }, supportedTypes=ROUTE_TYPE_USER , presentationDisplay=null }
01-24 03:12:05.746 28299 28299 V MediaRouter: Dispatching route change: UserRouteInfo{ name=WilkinsonTivo, description=null, status=null, category=RouteCategory{ name=Devices types=ROUTE_TYPE_USER  groupable=false }, supportedTypes=ROUTE_TYPE_USER , presentationDisplay=null }
01-24 03:12:05.747 28299 28299 V MediaRouter: Dispatching route change: UserRouteInfo{ name=XBR-65X900E, description=null, status=null, category=RouteCategory{ name=Devices types=ROUTE_TYPE_USER  groupable=false }, supportedTypes=ROUTE_TYPE_USER , presentationDisplay=null }
01-24 03:12:05.747 28299 28299 V MediaRouter: Dispatching route change: UserRouteInfo{ name=XBR-65X900E, description=null, status=null, category=RouteCategory{ name=Devices types=ROUTE_TYPE_USER  groupable=false }, supportedTypes=ROUTE_TYPE_USER , presentationDisplay=null }
01-24 03:12:05.747 28299 28299 V MediaRouter: Dispatching route change: UserRouteInfo{ name=Roku Ultra - YP00GH254959, description=null, status=null, category=RouteCategory{ name=Devices types=ROUTE_TYPE_USER  groupable=false }, supportedTypes=ROUTE_TYPE_USER , presentationDisplay=null }
01-24 03:12:05.747 28299 28299 V MediaRouter: Dispatching route change: UserRouteInfo{ name=Roku Ultra - YP00GH254959, description=null, status=null, category=RouteCategory{ name=Devices types=ROUTE_TYPE_USER  groupable=false }, supportedTypes=ROUTE_TYPE_USER , presentationDisplay=null }
01-24 03:12:05.764  3755  6065 D ConnectivityService: filterNetworkStateForUid() uid: 10187 networkInfo: [type: WIFI[] - WIFI, state: CONNECTED/CONNECTED, reason: (unspecified), extra: "wilkinson2.4", failover: false, available: true, roaming: false, metered: false]
01-24 03:12:05.767  3755  6081 D ConnectivityService: filterNetworkStateForUid() uid: 10187 networkInfo: [type: WIFI[] - WIFI, state: CONNECTED/CONNECTED, reason: (unspecified), extra: "wilkinson2.4", failover: false, available: true, roaming: false, metered: false]
01-24 03:12:05.770  3755  6281 D ConnectivityService: filterNetworkStateForUid() uid: 10187 networkInfo: [type: WIFI[] - WIFI, state: CONNECTED/CONNECTED, reason: (unspecified), extra: "wilkinson2.4", failover: false, available: true, roaming: false, metered: false]
01-24 03:12:05.772  3755  6080 D ConnectivityService: filterNetworkStateForUid() uid: 10187 networkInfo: [type: WIFI[] - WIFI, state: CONNECTED/CONNECTED, reason: (unspecified), extra: "wilkinson2.4", failover: false, available: true, roaming: false, metered: false]
01-24 03:12:05.786  3755  7357 D ConnectivityService: filterNetworkStateForUid() uid: 10187 networkInfo: [type: WIFI[] - WIFI, state: CONNECTED/CONNECTED, reason: (unspecified), extra: "wilkinson2.4", failover: false, available: true, roaming: false, metered: false]
01-24 03:12:05.789  3755  3766 D ConnectivityService: filterNetworkStateForUid() uid: 10187 networkInfo: [type: WIFI[] - WIFI, state: CONNECTED/CONNECTED, reason: (unspecified), extra: "wilkinson2.4", failover: false, available: true, roaming: false, metered: false]
01-24 03:12:05.792  3755  7363 D ConnectivityService: filterNetworkStateForUid() uid: 10187 networkInfo: [type: WIFI[] - WIFI, state: CONNECTED/CONNECTED, reason: (unspecified), extra: "wilkinson2.4", failover: false, available: true, roaming: false, metered: false]
01-24 03:12:05.794  3755  6277 D ConnectivityService: filterNetworkStateForUid() uid: 10187 networkInfo: [type: WIFI[] - WIFI, state: CONNECTED/CONNECTED, reason: (unspecified), extra: "wilkinson2.4", failover: false, available: true, roaming: false, metered: false]
01-24 03:12:05.806  3755  7368 D AudioService: getStreamVolume 3 index 110
01-24 03:12:05.807  3755  7362 D ConnectivityService: filterNetworkStateForUid() uid: 10187 networkInfo: [type: WIFI[] - WIFI, state: CONNECTED/CONNECTED, reason: (unspecified), extra: "wilkinson2.4", failover: false, available: true, roaming: false, metered: false]
01-24 03:12:05.809  3755  7344 D ConnectivityService: filterNetworkStateForUid() uid: 10187 networkInfo: [type: WIFI[] - WIFI, state: CONNECTED/CONNECTED, reason: (unspecified), extra: "wilkinson2.4", failover: false, available: true, roaming: false, metered: false]
01-24 03:12:05.811  3755  7358 D ConnectivityService: filterNetworkStateForUid() uid: 10187 networkInfo: [type: WIFI[] - WIFI, state: CONNECTED/CONNECTED, reason: (unspecified), extra: "wilkinson2.4", failover: false, available: true, roaming: false, metered: false]
01-24 03:12:05.814  3755  7347 D ConnectivityService: filterNetworkStateForUid() uid: 10187 networkInfo: [type: WIFI[] - WIFI, state: CONNECTED/CONNECTED, reason: (unspecified), extra: "wilkinson2.4", failover: false, available: true, roaming: false, metered: false]
01-24 03:12:05.911  3755  4459 D WifiStateMachine: Current network is: "wilkinson2.4" , ID is: 30
01-24 03:12:05.911  3755  4459 I WifiStateMachine: IMS calling, current network is always qualified
01-24 03:12:05.945  3755  9977 D TelephonyManager: getAllCellInfo : Caller (PID / UID / TID): 3755 / 1000 / 9977
01-24 03:12:06.008  3755  7360 D AudioService: getStreamVolume 3 index 110
01-24 03:12:06.069  3755  3755 D TelephonyManager: getCellLocation : Caller (PID / UID / TID): 3755 / 1000 / 3755
01-24 03:12:06.071  4621  4806 D NetworkController.MobileSignalController(0/1): onSignalStrengthsChanged signalStrength=SignalStrength: 99 99 -120 -160 -120 -1 -1 14 -111 -10 24 2147483647 2147483647 0x2000 gsm|lte level=2
01-24 03:12:06.072  4621  4806 D NetworkController.MobileSignalController(0/1): getMobileIconGroup(): 13
01-24 03:12:06.072  4621  4806 D NetworkController.MobileSignalController(0/1): updateVZWMobileIconGroup(): 13
01-24 03:12:06.088  5032  5668 D EPDG -- [SMARTWIFI]: onSignalStrengthsChanged: Received signal strength change, phone type is: 2
01-24 03:12:06.088  5032  6400 D EPDG -- [SMARTWIFI]: lastLteRSRP is -112currentLteRSRP is -111
01-24 03:12:06.088  5032  6400 D EPDG -- [SMARTWIFI]: lastLteRSRQ is -10currentLteRSRQ is -10
01-24 03:12:06.088  5032  6400 D EPDG -- [SMARTWIFI]: lastCdmaDb is -16currentCdmaDb is -16
01-24 03:12:06.088  5032  6400 V EPDG -- [SMARTWIFI]: Radio oldest entry removed
01-24 03:12:06.088  5032  6400 V EPDG -- [SMARTWIFI]: New entry : (SignalStrength: 99 99 -120 -160 -120 -1 -1 14 -111 -10 24 2147483647 2147483647 0x2000 gsm|lte : 0 )
01-24 03:12:06.088  5032  6400 V EPDG -- [SMARTWIFI]: Radio entry added
01-24 03:12:06.092  4621  4806 D NetworkController.MobileSignalController(0/1): callState:0, callStateByPhone:false voLTECall:false voiceNetTpe:13 dataNetType:13, ine911:false, emergencyCallbackMode:false
01-24 03:12:06.192  3755  7357 D ConnectivityService: filterNetworkStateForUid() uid: 10187 networkInfo: [type: WIFI[] - WIFI, state: CONNECTED/CONNECTED, reason: (unspecified), extra: "wilkinson2.4", failover: false, available: true, roaming: false, metered: false]
01-24 03:12:06.193 28299 28299 V MediaRouter: Dispatching route change: UserRouteInfo{ name=WilkinsonTivo, description=null, status=null, category=RouteCategory{ name=Devices types=ROUTE_TYPE_USER  groupable=false }, supportedTypes=ROUTE_TYPE_USER , presentationDisplay=null }
01-24 03:12:06.195 28299 28299 V MediaRouter: Dispatching route change: UserRouteInfo{ name=WilkinsonTivo, description=null, status=null, category=RouteCategory{ name=Devices types=ROUTE_TYPE_USER  groupable=false }, supportedTypes=ROUTE_TYPE_USER , presentationDisplay=null }
01-24 03:12:06.195  3755  3766 D ConnectivityService: filterNetworkStateForUid() uid: 10187 networkInfo: [type: WIFI[] - WIFI, state: CONNECTED/CONNECTED, reason: (unspecified), extra: "wilkinson2.4", failover: false, available: true, roaming: false, metered: false]
01-24 03:12:06.197 28299 28299 V MediaRouter: Dispatching route change: UserRouteInfo{ name=Master Bedroom, description=null, status=null, category=RouteCategory{ name=Devices types=ROUTE_TYPE_USER  groupable=false }, supportedTypes=ROUTE_TYPE_USER , presentationDisplay=null }
01-24 03:12:06.197 28299 28299 V MediaRouter: Dispatching route change: UserRouteInfo{ name=Master Bedroom, description=null, status=null, category=RouteCategory{ name=Devices types=ROUTE_TYPE_USER  groupable=false }, supportedTypes=ROUTE_TYPE_USER , presentationDisplay=null }
01-24 03:12:06.198 28299 28299 V MediaRouter: Dispatching route change: UserRouteInfo{ name=WilkinsonTivo, description=null, status=null, category=RouteCategory{ name=Devices types=ROUTE_TYPE_USER  groupable=false }, supportedTypes=ROUTE_TYPE_USER , presentationDisplay=null }
01-24 03:12:06.199 28299 28299 V MediaRouter: Dispatching route change: UserRouteInfo{ name=WilkinsonTivo, description=null, status=null, category=RouteCategory{ name=Devices types=ROUTE_TYPE_USER  groupable=false }, supportedTypes=ROUTE_TYPE_USER , presentationDisplay=null }
01-24 03:12:06.200  3755  7363 D ConnectivityService: filterNetworkStateForUid() uid: 10187 networkInfo: [type: WIFI[] - WIFI, state: CONNECTED/CONNECTED, reason: (unspecified), extra: "wilkinson2.4", failover: false, available: true, roaming: false, metered: false]
01-24 03:12:06.201 28299 28299 V MediaRouter: Dispatching route change: UserRouteInfo{ name=Roku Stick - 5S673X092305, description=null, status=null, category=RouteCategory{ name=Devices types=ROUTE_TYPE_USER  groupable=false }, supportedTypes=ROUTE_TYPE_USER , presentationDisplay=null }
01-24 03:12:06.201 28299 28299 V MediaRouter: Dispatching route change: UserRouteInfo{ name=Roku Stick - 5S673X092305, description=null, status=null, category=RouteCategory{ name=Devices types=ROUTE_TYPE_USER  groupable=false }, supportedTypes=ROUTE_TYPE_USER , presentationDisplay=null }
01-24 03:12:06.201 28299 28299 V MediaRouter: Dispatching route change: UserRouteInfo{ name=WilkinsonTivo, description=null, status=null, category=RouteCategory{ name=Devices types=ROUTE_TYPE_USER  groupable=false }, supportedTypes=ROUTE_TYPE_USER , presentationDisplay=null }
01-24 03:12:06.202 28299 28299 V MediaRouter: Dispatching route change: UserRouteInfo{ name=WilkinsonTivo, description=null, status=null, category=RouteCategory{ name=Devices types=ROUTE_TYPE_USER  groupable=false }, supportedTypes=ROUTE_TYPE_USER , presentationDisplay=null }
01-24 03:12:06.202 28299 28299 V MediaRouter: Dispatching route change: UserRouteInfo{ name=WilkinsonTivo, description=null, status=null, category=RouteCategory{ name=Devices types=ROUTE_TYPE_USER  groupable=false }, supportedTypes=ROUTE_TYPE_USER , presentationDisplay=null }
01-24 03:12:06.203 28299 28299 V MediaRouter: Dispatching route change: UserRouteInfo{ name=WilkinsonTivo, description=null, status=null, category=RouteCategory{ name=Devices types=ROUTE_TYPE_USER  groupable=false }, supportedTypes=ROUTE_TYPE_USER , presentationDisplay=null }
01-24 03:12:06.203  3755  6277 D ConnectivityService: filterNetworkStateForUid() uid: 10187 networkInfo: [type: WIFI[] - WIFI, state: CONNECTED/CONNECTED, reason: (unspecified), extra: "wilkinson2.4", failover: false, available: true, roaming: false, metered: false]
01-24 03:12:06.203 28299 28299 V MediaRouter: Dispatching route change: UserRouteInfo{ name=XBR-65X900E, description=null, status=null, category=RouteCategory{ name=Devices types=ROUTE_TYPE_USER  groupable=false }, supportedTypes=ROUTE_TYPE_USER , presentationDisplay=null }
01-24 03:12:06.204 28299 28299 V MediaRouter: Dispatching route change: UserRouteInfo{ name=XBR-65X900E, description=null, status=null, category=RouteCategory{ name=Devices types=ROUTE_TYPE_USER  groupable=false }, supportedTypes=ROUTE_TYPE_USER , presentationDisplay=null }
01-24 03:12:06.204 28299 28299 V MediaRouter: Dispatching route change: UserRouteInfo{ name=Roku Ultra - YP00GH254959, description=null, status=null, category=RouteCategory{ name=Devices types=ROUTE_TYPE_USER  groupable=false }, supportedTypes=ROUTE_TYPE_USER , presentationDisplay=null }
01-24 03:12:06.205 28299 28299 V MediaRouter: Dispatching route change: UserRouteInfo{ name=Roku Ultra - YP00GH254959, description=null, status=null, category=RouteCategory{ name=Devices types=ROUTE_TYPE_USER  groupable=false }, supportedTypes=ROUTE_TYPE_USER , presentationDisplay=null }
01-24 03:12:06.209  3755  7368 D AudioService: getStreamVolume 3 index 110
01-24 03:12:06.271 15211 15232 I MediaPlayer: Need to enable context aware info
01-24 03:12:06.271 15211 15232 V MediaPlayer-JNI: native_setup
01-24 03:12:06.271 15211 15232 V MediaPlayer: constructor
01-24 03:12:06.275 15211 15232 V MediaPlayer: setListener
01-24 03:12:06.277 15211 15232 D UE4     : [2019.01.24-08.12.06:277][  0]LogMoviePlayer: Initializing movie player
01-24 03:12:06.284 15211 15232 D UE4     : [2019.01.24-08.12.06:284][  0]LogTcpMessaging: Initializing TcpMessaging bridge, listening on 127.0.0.1:6666
01-24 03:12:06.320 15211 15232 D UE4     : [2019.01.24-08.12.06:320][  0]LogUdpMessaging: Initializing bridge on interface 0.0.0.0:0 to multicast group 230.0.0.1:6666.
01-24 03:12:06.330 15211 15232 D UE4     : [2019.01.24-08.12.06:330][  0]LogAndroidPermission: UAndroidPermissionCallbackProxy::GetInstance
01-24 03:12:06.331 15211 15232 D UE4     : [2019.01.24-08.12.06:331][  0]LogOcInput: OculusInput pre-init called
01-24 03:12:06.361 15211 15232 D UE4     : [2019.01.24-08.12.06:361][  0]LogUObjectArray: 35064 objects as part of root set at end of initial load.
01-24 03:12:06.361 15211 15232 D UE4     : [2019.01.24-08.12.06:361][  0]LogUObjectArray: 2 objects are not in the root set, but can never be destroyed because they are in the DisregardForGC set.
01-24 03:12:06.361 15211 15232 D UE4     : [2019.01.24-08.12.06:361][  0]LogUObjectAllocator: 3861440 out of 0 bytes used by permanent object pool.
01-24 03:12:06.361 15211 15232 D UE4     : [2019.01.24-08.12.06:361][  0]LogUObjectArray: CloseDisregardForGC: 35064/35064 objects in disregard for GC pool
01-24 03:12:06.375 15211 15232 D UE4     : [2019.01.24-08.12.06:375][  0]LogAndroid: Display: Passed PreInit()
01-24 03:12:06.377 15211 15232 D UE4     : [2019.01.24-08.12.06:377][  0]LogEngine: Initializing Engine...
01-24 03:12:06.385 15211 15232 D UE4     : [2019.01.24-08.12.06:385][  0]LogStats: UGameplayTagsManager::ConstructGameplayTagTree: ImportINI prefixes -  0.000 s
01-24 03:12:06.386 15211 15232 D UE4     : [2019.01.24-08.12.06:386][  0]LogStats: UGameplayTagsManager::ConstructGameplayTagTree: Construct from data asset -  0.000 s
01-24 03:12:06.386 15211 15232 D UE4     : [2019.01.24-08.12.06:386][  0]LogStats: UGameplayTagsManager::ConstructGameplayTagTree: ImportINI -  0.000 s
01-24 03:12:06.386 15211 15232 D UE4     : [2019.01.24-08.12.06:386][  0]LogStats: UGameplayTagsManager::ConstructGameplayTagTree: GameplayTagTreeChangedEvent.Broadcast -  0.000 s
01-24 03:12:06.402  3755  4354 D SamsungAlarmManager: Expired : 8
01-24 03:12:06.403  3755  4354 I SamsungAlarmManager: setLocked to kernel - T:3 / 20190124T031300, SetElapsed=41161194, nowELAPSED=41107596
01-24 03:12:06.403  3755  4354 V SamsungAlarmManager: Sending to uid : 10059 action=null alarm=Alarm{2a9d2c3 type 3 when 41107596 com.asurion.android.verizon.vms}
01-24 03:12:06.409  3755  4354 D CompatibilityInfo: mCompatibilityFlags - 0
01-24 03:12:06.409  3755  4354 D CompatibilityInfo: applicationDensity - 420
01-24 03:12:06.409  3755  4354 D CompatibilityInfo: applicationScale - 1.0
01-24 03:12:06.412  3755  6081 D AudioService: getStreamVolume 3 index 110
01-24 03:12:06.425  3755  6080 D SamsungAlarmManager: setExact Intent (T:3/F:5/AC:false) 20190124T031211 - CU:10059/CP:6576
01-24 03:12:06.425  3755  6080 I SamsungAlarmManager: setLocked to kernel - T:3 / 20190124T031211, SetElapsed=41112613, nowELAPSED=41107619
01-24 03:12:06.458 15211 15232 D UE4     : [2019.01.24-08.12.06:458][  0]LogInit: Initializing FReadOnlyCVARCache
01-24 03:12:06.458 15211 15232 D UE4     : [2019.01.24-08.12.06:458][  0]LogAndroidAudio: Warning: SL Entered Init HW
01-24 03:12:06.458 15211 15232 D UE4     : [2019.01.24-08.12.06:458][  0]LogAndroidAudio: Warning: OpenSLES Initializing HW
01-24 03:12:06.464 15211 15232 D UE4     : [2019.01.24-08.12.06:464][  0]LogAndroidAudio: Warning: OpenSLES Initialized
01-24 03:12:06.464 15211 15232 D UE4     : [2019.01.24-08.12.06:464][  0]LogAndroidAudio: Warning: OpenSLAudioDevice: Allocated 12 sources
01-24 03:12:06.465 15211 15232 D UE4     : [2019.01.24-08.12.06:465][  0]LogInit: FAudioDevice initialized.
01-24 03:12:06.466 15211 15232 D UE4     : [2019.01.24-08.12.06:466][  0]LogAudio: Warning: Can't increase channels past starting number!
01-24 03:12:06.467 15211 15232 D UE4     : [2019.01.24-08.12.06:467][  0]LogNetVersion: Set ProjectVersion to 1.1.0. Version Checksum will be recalculated on next use.
01-24 03:12:06.468 15211 15232 D UE4     : [2019.01.24-08.12.06:467][  0]LogInit: Texture streaming: Enabled
01-24 03:12:06.484 15211 15232 D UE4     : [2019.01.24-08.12.06:484][  0]LogAudio: Warning: Can't increase channels past starting number!
01-24 03:12:06.496 15211 15232 D UE4     : [2019.01.24-08.12.06:495][  0]LogSlate: Updating window title bar state: overlay mode, drag disabled, window buttons hidden, title bar hidden
01-24 03:12:06.497 15211 15232 D UE4     : [2019.01.24-08.12.06:497][  0]LogInit: Display: Game Engine Initialized.
01-24 03:12:06.498 15211 15232 D UE4     : [2019.01.24-08.12.06:498][  0]LogGameplayTags: Display: UGameplayTagsManager::DoneAddingNativeTags. DelegateIsBound: 0
01-24 03:12:06.498 15211 15232 D UE4     : [2019.01.24-08.12.06:498][  0]LogStats: UGameplayTagsManager::ConstructGameplayTagTree: ImportINI prefixes -  0.000 s
01-24 03:12:06.498 15211 15232 D UE4     : [2019.01.24-08.12.06:498][  0]LogStats: UGameplayTagsManager::ConstructGameplayTagTree: Construct from data asset -  0.000 s
01-24 03:12:06.498 15211 15232 D UE4     : [2019.01.24-08.12.06:498][  0]LogStats: UGameplayTagsManager::ConstructGameplayTagTree: ImportINI -  0.000 s
01-24 03:12:06.499 15211 15232 D UE4     : [2019.01.24-08.12.06:499][  0]LogStats: UGameplayTagsManager::ConstructGameplayTagTree: GameplayTagTreeChangedEvent.Broadcast -  0.000 s
01-24 03:12:06.581 15211 15232 D UE4     : [2019.01.24-08.12.06:581][  0]LogInit: Display: Starting Game.
01-24 03:12:06.582 15211 15232 D UE4     : [2019.01.24-08.12.06:581][  0]LogNet: Browse: /Game/Maps/StackMap?Name=Player
01-24 03:12:06.582 15211 15232 D UE4     : [2019.01.24-08.12.06:582][  0]LogLoad: LoadMap: /Game/Maps/StackMap?Name=Player
01-24 03:12:06.614  3755  3766 D AudioService: getStreamVolume 3 index 110
01-24 03:12:06.817  3755  6277 D AudioService: getStreamVolume 3 index 110
01-24 03:12:06.874 15211 15232 D UE4     : [2019.01.24-08.12.06:874][  0]LogAIModule: Creating AISystem for world StackMap
01-24 03:12:06.875 15211 15232 D UE4     : [2019.01.24-08.12.06:875][  0]LogLoad: Game class is 'GameModeBase'
01-24 03:12:06.882 15211 15232 D UE4     : [2019.01.24-08.12.06:882][  0]LogWorld: Bringing World /Game/Maps/StackMap.StackMap up for play (max tick rate 0) at 2019.01.24-03.12.06
01-24 03:12:06.884 15211 15232 D UE4     : [2019.01.24-08.12.06:884][  0]LogWorld: Bringing up level for play took: 0.005770
01-24 03:12:06.885 15211 15232 D UE4     : [2019.01.24-08.12.06:885][  0]LogOnlineIdentity: Display: OSS: FOnlineIdentityGooglePlay::GetPlayerNickname
01-24 03:12:06.887 15211 15232 D UE4     : [2019.01.24-08.12.06:887][  0]LogGameMode: FindPlayerStart: PATHS NOT DEFINED or NO PLAYERSTART with positive rating
01-24 03:12:06.920  3755  3767 D ConnectivityService: filterNetworkStateForUid() uid: 10187 networkInfo: [type: WIFI[] - WIFI, state: CONNECTED/CONNECTED, reason: (unspecified), extra: "wilkinson2.4", failover: false, available: true, roaming: false, metered: false]
01-24 03:12:06.922  3755  5085 D ConnectivityService: filterNetworkStateForUid() uid: 10187 networkInfo: [type: WIFI[] - WIFI, state: CONNECTED/CONNECTED, reason: (unspecified), extra: "wilkinson2.4", failover: false, available: true, roaming: false, metered: false]
01-24 03:12:06.934 15211 15232 D UE4     : [2019.01.24-08.12.06:934][  0]LogUMG: Display: Widget Class GameStartMenu_C - Loaded Fast Template.
01-24 03:12:06.944 15211 15232 D UE4     : [2019.01.24-08.12.06:944][  0]LogLevel: Warning: EnableInput on a LevelScript actor can not be specified for only one PlayerController.  Enabling for all PlayerControllers.
01-24 03:12:06.946 15211 15232 D UE4     : [2019.01.24-08.12.06:945][  0]LogLoad: Took 0.363122 seconds to LoadMap(/Game/Maps/StackMap)
01-24 03:12:06.947 15211 15232 D UE4     : [2019.01.24-08.12.06:947][  0]LogSlate: Took 0.000432 seconds to synchronously load lazily loaded font '../../../Engine/Content/EngineFonts/Faces/DroidSansMono.ufont' (77K)
01-24 03:12:06.954 15211 15298 D UE4     : *** JavaEnvDestructor: 15298
01-24 03:12:06.955 15211 15296 D UE4     : AndroidEGL::ResetDisplay()
01-24 03:12:06.955 15211 15296 D UE4     : *** JavaEnvDestructor: 15296
01-24 03:12:06.969 15211 15232 D UE4     : [2019.01.24-08.12.06:969][  0]LogAndroid: Passed GEngineLoop.Init()
01-24 03:12:06.974 15211 15232 D UE4     : [2019.01.24-08.12.06:974][  0]LogAndroidEvents: Display: DequeueAppEvent : 9, 0
01-24 03:12:06.974 15211 15232 D UE4     : [2019.01.24-08.12.06:974][  0]LogAndroidEvents: Display: DequeueAppEvent : 7, 0
01-24 03:12:06.975 15211 15232 D UE4     : [2019.01.24-08.12.06:975][  0]LogAndroidEvents: Display: DequeueAppEvent : 0, 3306786824
01-24 03:12:06.975 15211 15232 D UE4     : APP_EVENT_STATE_WINDOW_CREATED, 0, 0, 1
01-24 03:12:06.975 15211 15232 D UE4     : [2019.01.24-08.12.06:975][  0]LogAndroidEvents: Display: ExecWindowCreated
01-24 03:12:06.975 15211 15232 D UE4     : AndroidEGL::ReInitWindow()
01-24 03:12:06.975 15211 15232 D UE4     : AndroidEGL::ReInit()
01-24 03:12:06.975 15211 15232 D UE4     : AndroidEGL::ResetDisplay()
01-24 03:12:06.975 15211 15232 D UE4     : AndroidEGL::InitSurface 0, 1
01-24 03:12:06.975 15211 15232 D UE4     : AndroidEGL::CreateEGLSurface() Already initialized: 0xe3fb32a8
01-24 03:12:06.975 15211 15232 D UE4     : ExecWindowCreated, 0, 1, 1
01-24 03:12:06.975 15211 15333 D UE4     : [2019.01.24-08.12.06:975][  0]LogRenderer: Reallocating scene render targets to support 720x1280 Format 10 NumSamples 1 (Frame:1).
01-24 03:12:06.975 15211 15232 D UE4     : [2019.01.24-08.12.06:975][  0]LogTemp: Android resume audio
01-24 03:12:06.980 15211 15232 D UE4     : Registering volume receiver
01-24 03:12:06.986  3755  4453 D AudioService: getStreamVolume 3 index 110
01-24 03:12:06.986 15211 15232 D UE4     : startVolumeReceiver: 11
01-24 03:12:06.986 15211 15232 D UE4     : nativeVolumeEvent(11)
01-24 03:12:06.986 15211 15232 D UE4     : Registering battery receiver
01-24 03:12:06.988 15211 15232 D UE4     : Registering headset receiver
01-24 03:12:06.990 15211 15232 D UE4     : startHeadsetReceiver: 0
01-24 03:12:06.990 15211 15232 D UE4     : nativeHeadsetEvent(0)
01-24 03:12:06.990 15211 15211 D UE4     : Battery: status = 2, rawlevel = 80, scale = 100
01-24 03:12:06.990 15211 15211 D UE4     : nativeBatteryEvent(stat = 2, lvl = 80  temp = 30.50 C)
01-24 03:12:06.998 15211 15333 D UE4     : [2019.01.24-08.12.06:998][  0]LogRHI: Using OpenGL program LRU cache: 0
01-24 03:12:07.019  3755  5048 D AudioService: getStreamVolume 3 index 110
01-24 03:12:07.032 15211 15314 D UE4     : *** JavaEnvDestructor: 15314
01-24 03:12:07.223  3755  6065 D AudioService: getStreamVolume 3 index 110
01-24 03:12:07.291 15211 15335 D UE4     : [2019.01.24-08.12.07:291][  0]LogTcpMessaging: Started Connection to '127.0.0.1:40115'
01-24 03:12:07.293 15211 15335 D UE4     : [2019.01.24-08.12.07:293][  0]LogTcpMessaging: Discovered node '332C98DC4996BEEDBFBB33B7C0E3F778' on connection '127.0.0.1:40115'...
01-24 03:12:07.327 15211 15312 D UE4     : *** JavaEnvDestructor: 15312
01-24 03:12:07.329 15211 15313 D UE4     : *** JavaEnvDestructor: 15313
01-24 03:12:07.330 15211 15311 D UE4     : *** JavaEnvDestructor: 15311
01-24 03:12:07.427  3755  7357 D AudioService: getStreamVolume 3 index 110
01-24 03:12:07.434 15211 15232 D UE4     : [2019.01.24-08.12.07:433][  0]LogUdpMessaging: Initializing bridge on interface 0.0.0.0:0 to multicast group 230.0.0.1:6666.
01-24 03:12:07.630  3755  7363 D AudioService: getStreamVolume 3 index 110
01-24 03:12:07.833  3755  7358 D AudioService: getStreamVolume 3 index 110
01-24 03:12:07.913  3755  9977 D GameManagerService: identifyGamePackage. com.GeekTechnique.InfinityStack
01-24 03:12:08.038  3755  5048 D AudioService: getStreamVolume 3 index 110
01-24 03:12:08.182 15211 15310 D UE4     : *** JavaEnvDestructor: 15310
01-24 03:12:08.243  3755  6081 D AudioService: getStreamVolume 3 index 110
01-24 03:12:08.291 15211 15309 D UE4     : *** JavaEnvDestructor: 15309
01-24 03:12:08.296 15211 15335 D UE4     : [2019.01.24-08.12.08:295][  0]LogTcpMessaging: Lost node '332C98DC4996BEEDBFBB33B7C0E3F778' on connection '127.0.0.1:40115'...
01-24 03:12:08.296 15211 15335 D UE4     : *** JavaEnvDestructor: 15335
01-24 03:12:08.399 15211 15232 D UE4     : [2019.01.24-08.12.08:399][  0]LogTcpMessaging: Initializing TcpMessaging bridge, listening on 127.0.0.1:6666
01-24 03:12:08.415 15211 15232 D UE4     : [2019.01.24-08.12.08:415][  0]LogAndroid: Display: Low Power Mode Changed: 0
01-24 03:12:08.417 15211 15232 D UE4     : Execution has been resumed!
01-24 03:12:08.418 15211 15232 D UE4     : [2019.01.24-08.12.08:417][  0]LogAndroidEvents: Display: DequeueAppEvent : 6, 0
01-24 03:12:08.448  3755  7357 D AudioService: getStreamVolume 3 index 110
01-24 03:12:08.455 15211 15339 D UE4     : *** JavaEnvDestructor: 15339
01-24 03:12:08.651  3755  7363 D AudioService: getStreamVolume 3 index 110
01-24 03:12:08.856  3755  7368 D AudioService: getStreamVolume 3 index 110
01-24 03:12:08.945  3755  4459 D WifiStateMachine: Current network is: "wilkinson2.4" , ID is: 30
01-24 03:12:08.948  3755  4459 I WifiStateMachine: IMS calling, current network is always qualified
01-24 03:12:09.064  3755  7395 D AudioService: getStreamVolume 3 index 110
01-24 03:12:09.229  5679  5679 D io_stats: !@   8,0 r 403343 15149304 w 225940 7932780 d 43645 5161612 f 66144 66127 iot 489700 313527 th 61440 61440 60516 pt 700 inp 0 0 31036.031
01-24 03:12:09.269  3755  4498 D AudioService: getStreamVolume 3 index 110
01-24 03:12:09.457 15211 15337 D UE4     : *** JavaEnvDestructor: 15337
01-24 03:12:09.459 15211 15338 D UE4     : *** JavaEnvDestructor: 15338
01-24 03:12:09.460 15211 15336 D UE4     : *** JavaEnvDestructor: 15336
01-24 03:12:09.473  3755  6080 D AudioService: getStreamVolume 3 index 110
01-24 03:12:09.680  3755  7357 D AudioService: getStreamVolume 3 index 110
01-24 03:12:09.885  3755  7363 D AudioService: getStreamVolume 3 index 110
01-24 03:12:09.938  3755  9977 D GameManagerService: identifyGamePackage. com.GeekTechnique.InfinityStack
01-24 03:12:10.090  3755  5085 D AudioService: getStreamVolume 3 index 110
01-24 03:12:10.299  3755  7395 D AudioService: getStreamVolume 3 index 110
01-24 03:12:10.307 15211 15343 D UE4     : *** JavaEnvDestructor: 15343
01-24 03:12:10.408 15211 15342 D UE4     : *** JavaEnvDestructor: 15342
01-24 03:12:10.411 15211 15232 D UE4     : Unregistering volume receiver
01-24 03:12:10.416 15211 15232 D UE4     : Unregistering battery receiver
01-24 03:12:10.421 15211 15232 D UE4     : Unregistering headset receiver
01-24 03:12:10.429 15211 15334 D UE4     : *** JavaEnvDestructor: 15334
01-24 03:12:10.431 15211 15333 D UE4     : AndroidEGL::ResetDisplay()
01-24 03:12:10.432 15211 15333 D UE4     : *** JavaEnvDestructor: 15333
01-24 03:12:10.433 15211 15232 D UE4     : [2019.01.24-08.12.10:433][  0]LogTemp: Android pause audio
01-24 03:12:10.437 15211 15232 D UE4     : Execution has been paused...
01-24 03:12:10.438 15211 15232 D UE4     : [2019.01.24-08.12.10:437][  0]LogAndroidEvents: Display: DequeueAppEvent : 11, 0
01-24 03:12:10.438 15211 15232 D UE4     : [2019.01.24-08.12.10:438][  0]LogAndroidEvents: Display: DequeueAppEvent : 7, 0
01-24 03:12:10.469 15211 15232 D UE4     : [2019.01.24-08.12.10:469][  0]LogTemp: Android resume audio
01-24 03:12:10.477 15211 15232 D UE4     : Registering volume receiver
01-24 03:12:10.482  3755  6081 D AudioService: getStreamVolume 3 index 110
01-24 03:12:10.482 15211 15232 D UE4     : startVolumeReceiver: 11
01-24 03:12:10.482 15211 15232 D UE4     : nativeVolumeEvent(11)
01-24 03:12:10.482 15211 15232 D UE4     : Registering battery receiver
01-24 03:12:10.486 15211 15232 D UE4     : Registering headset receiver
01-24 03:12:10.488 15211 15232 D UE4     : startHeadsetReceiver: 0
01-24 03:12:10.488 15211 15232 D UE4     : nativeHeadsetEvent(0)
01-24 03:12:10.497 15211 15232 D UE4     : [2019.01.24-08.12.10:497][  0]LogUdpMessaging: Initializing bridge on interface 0.0.0.0:0 to multicast group 230.0.0.1:6666.
01-24 03:12:10.502  3755  6080 D AudioService: getStreamVolume 3 index 110
01-24 03:12:10.504 15211 15232 D UE4     : [2019.01.24-08.12.10:504][  0]LogTcpMessaging: Initializing TcpMessaging bridge, listening on 127.0.0.1:6666
01-24 03:12:10.507 15211 15232 D UE4     : Execution has been resumed!
01-24 03:12:10.588 15211 15348 I         : Increase max job count 60
01-24 03:12:10.704  3755  7357 D AudioService: getStreamVolume 3 index 110
01-24 03:12:10.741  3755  6279 D ConnectivityService: filterNetworkStateForUid() uid: 10187 networkInfo: [type: WIFI[] - WIFI, state: CONNECTED/CONNECTED, reason: (unspecified), extra: "wilkinson2.4", failover: false, available: true, roaming: false, metered: false]
01-24 03:12:10.908  3755  3767 D AudioService: getStreamVolume 3 index 110
01-24 03:12:10.929 15211 15348 D UE4     : [2019.01.24-08.12.10:929][  0]LogRHI: JNI Display getPresentationDeadlineNanos=17949152 getAppVsyncOffsetNanos=0 getRefreshRate=59.000000
01-24 03:12:10.929 15211 15348 D UE4     : [2019.01.24-08.12.10:929][  0]LogRHI: Final display timing metrics: DriverRefreshRate=59.0000  DriverRefreshNanos=16949153  DriverDeadlineNanos=16949152  DriverAppVsyncOffsetNanos=0
01-24 03:12:10.929 15211 15348 D UE4     : [2019.01.24-08.12.10:929][  0]LogRHI: AndroidEGL:SwapBuffers Min=0, Max=1, Request=1, ClosestDriver=1, SetDriver=1
01-24 03:12:10.934 15211 15232 D UE4     : [2019.01.24-08.12.10:934][  0]LogSlate: Slate font cache was flushed
01-24 03:12:10.964 15211 15232 D UE4     : [2019.01.24-08.12.10:964][  1]LogSlate: Took 0.001332 seconds to synchronously load lazily loaded font '../../../Engine/Content/EngineFonts/Faces/DroidSansMono.ufont' (77K)
01-24 03:12:11.111  3755  7347 D AudioService: getStreamVolume 3 index 110
01-24 03:12:11.316  3755  4498 D AudioService: getStreamVolume 3 index 110
01-24 03:12:11.405  3755  7343 D BatteryService: !@BatteryListener : batteryPropertiesChanged!
01-24 03:12:11.406  3755  7343 D BatteryService: level:80, scale:100, status:2, health:2, present:true, voltage: 4100, temperature: 303, technology: Li-ion, AC powered:false, USB powered:true, POGO powered:false, Wireless powered:false, icon:17303694, invalid charger:0, maxChargingCurrent:0, maxChargingVoltage:0, chargeCounter:0
01-24 03:12:11.406  3755  7343 D BatteryService: online:6, current avg:699, charge type:1, power sharing:false, high voltage charger:false, capacity:280000, batterySWSelfDischarging:false, misc_event:0, current_now:275
01-24 03:12:11.407  3755  3755 D BatteryService: Sending ACTION_BATTERY_CHANGED.
01-24 03:12:11.412  3755  3755 V UiModeManager: updateLocked: null action, mDockState=0, category=null
01-24 03:12:11.412  3755  3755 D UiModeManager: updateConfigurationLocked: mDockState=0; mCarMode=false; mNightMode=1; uiMode=17
01-24 03:12:11.413  3755  3755 D GameManagerService: new battery level: 80
01-24 03:12:11.416  4621  4621 D KeyguardUpdateMonitor: received broadcast android.intent.action.BATTERY_CHANGED
01-24 03:12:11.419  3755  4354 D SamsungAlarmManager: Expired : 8
01-24 03:12:11.420  3755  4354 I SamsungAlarmManager: setLocked to kernel - T:3 / 20190124T031300, SetElapsed=41161194, nowELAPSED=41112613
01-24 03:12:11.420  3755  4354 V SamsungAlarmManager: Sending to uid : 10059 action=null alarm=Alarm{ae2070f type 3 when 41112613 com.asurion.android.verizon.vms}
01-24 03:12:11.421  4621  4621 D PowerUI : priorPlugType = 2 mPlugType =  2
01-24 03:12:11.425  4621  4621 D PowerUI.Notification: showChargingNotice oldChargingType : 1 currentChargingType : 1 oldChargingTime : 2540000 mChargingTime : 2540000
01-24 03:12:11.426  5021  5021 D PhoneApp: PhoneAppBroadcastReceiver onReceive android.intent.action.BATTERY_CHANGED
01-24 03:12:11.428  4621  4621 D PowerUI.Notification: There is no change about charging status, so return!
01-24 03:12:11.431  5021  5021 D TelephonyExtensionManager: lowBatterySound - isLowBatterySoundScheduled: false
01-24 03:12:11.431  5021  5021 D TelephonyExtensionManager: lowBatterySound - isPlayNow: false
01-24 03:12:11.432  5021  5021 D TelephonyExtensionManager: isSpeakerON - false
01-24 03:12:11.437  4621  4621 D BatteryMeterDrawable: isSomethingChanged - false
01-24 03:12:11.437  4621  4621 D BatteryMeterDrawable: isSomethingChanged - false
01-24 03:12:11.441  4621  4621 D KeyguardUpdateMonitor: handleBatteryUpdate
01-24 03:12:11.441 15211 15211 D UE4     : Battery: status = 2, rawlevel = 80, scale = 100
01-24 03:12:11.442 15211 15211 D UE4     : nativeBatteryEvent(stat = 2, lvl = 80  temp = 30.30 C)
01-24 03:12:11.445  4621  4621 D Tile.FlashlightTile: ACTION_BATTERY_CHANGED - Level :: 80, emEnabled :: false
01-24 03:12:11.449  3755  4354 D CompatibilityInfo: mCompatibilityFlags - 0
01-24 03:12:11.450  3755  4354 D CompatibilityInfo: applicationDensity - 420
01-24 03:12:11.450  3755  4354 D CompatibilityInfo: applicationScale - 1.0
01-24 03:12:11.455  5021  5021 D TelephonyExtensionManager: lowBatterySound - batteryStatus: 2
01-24 03:12:11.456  5021  5021 D TelephonyExtensionManager: lowBatterySound - batteryLevel: 80
01-24 03:12:11.456  5021  5021 D TelephonyExtensionManager: lowBatterySound - cancel
01-24 03:12:11.457  3755  7395 D SamsungAlarmManager: Cancel Alarm calling from uid:1001 pid :5021 / op:PendingIntent{84e01a5: PendingIntentRecord{4292b20 com.android.phone broadcastIntent}}
01-24 03:12:11.458  5021  5021 D TelephonyExtension: Not stopping low battery tone
01-24 03:12:11.467  3755  7358 D SamsungAlarmManager: setExact Intent (T:3/F:5/AC:false) 20190124T031216 - CU:10059/CP:6576
01-24 03:12:11.468  3755  7358 I SamsungAlarmManager: setLocked to kernel - T:3 / 20190124T031216, SetElapsed=41117656, nowELAPSED=41112662
01-24 03:12:11.519  3755  7360 D AudioService: getStreamVolume 3 index 110
01-24 03:12:11.556  3755  9977 D SSRM:t  : SIOP:: AP = 360, PST = 331 (W:10), CP = 259, CUR = 357, LCD = 52
01-24 03:12:11.558  3755  9977 D ConnectivityService: filterNetworkStateForUid() uid: 1000 networkInfo: [type: WIFI[] - WIFI, state: CONNECTED/CONNECTED, reason: (unspecified), extra: "wilkinson2.4", failover: false, available: true, roaming: false, metered: false]
01-24 03:12:11.722  3755  6080 D AudioService: getStreamVolume 3 index 110
01-24 03:12:11.924  3755  7357 D AudioService: getStreamVolume 3 index 110
01-24 03:12:11.926  3755  4444 D ConnectivityService: filterNetworkStateForUid() uid: 10187 networkInfo: [type: WIFI[] - WIFI, state: CONNECTED/CONNECTED, reason: (unspecified), extra: "wilkinson2.4", failover: false, available: true, roaming: false, metered: false]
01-24 03:12:11.932  3755  3766 D ConnectivityService: filterNetworkStateForUid() uid: 10187 networkInfo: [type: WIFI[] - WIFI, state: CONNECTED/CONNECTED, reason: (unspecified), extra: "wilkinson2.4", failover: false, available: true, roaming: false, metered: false]
01-24 03:12:11.955  3755  4459 D WifiStateMachine: Current network is: "wilkinson2.4" , ID is: 30
01-24 03:12:11.955  3755  4459 I WifiStateMachine: IMS calling, current network is always qualified
01-24 03:12:12.076 15211 15332 I libOpenSLES: Emulating old channel mask behavior (ignoring positional mask 0x3, using default mask 0x3 based on channel count of 2)
01-24 03:12:12.082 15211 15332 W AudioTrack: AUDIO_OUTPUT_FLAG_FAST denied by client; transfer 1, track 44100 Hz, output 48000 Hz
01-24 03:12:12.083  3241  3241 I AudioFlinger: add dynamic flag, can move to deep thread, session 9305
01-24 03:12:12.087 15211 15332 D AudioTrack: Client defaulted notificationFrames to 1181 for frameCount 3544
01-24 03:12:12.089 15211 15332 I AudioTrack: updateAudioTranstionLength FadeIn[0] FadeOut[0] FadeInRing[0]
01-24 03:12:12.092  3241  9518 W AudioPolicyIntefaceImpl: Skipped to add effects on session 9305
01-24 03:12:12.092  3241  9518 I APM_AudioPolicyManager: startOutput() output 21, stream 3, session 9305
01-24 03:12:12.094  3241  3486 D audio_hw_primary: out_set_parameters: enter: kvpairs: routing=2
01-24 03:12:12.094  3241  3486 D AudioFlinger: setCurDevice() 0x2
01-24 03:12:12.098  3241  3486 V audio_hw_primary: start_output_stream+, out->device : 00000002 , out->type = 1
01-24 03:12:12.098  3241  3486 D audio_hw_primary: start_output_stream jack_skip_check false
01-24 03:12:12.098  3241  3486 D audio_hw_primary: start_output_stream (0xed19f380) out->pcm_device:6 out->config.rate:48000 out->config.format:0 out->period_size:240
01-24 03:12:12.098  3241  3486 D audio_hw_primary: start_output_stream (0xed19f380) out->config.rate:48000 out->config.format:0 out->period_size:240
01-24 03:12:12.098  3241  3486 I audio_hw_primary: is_voice_wakeup : ret =  0  , wakeup_baby_cry_enabled = 0  ,  wakeup_mic_enabled = 0 
01-24 03:12:12.098  3241  3486 V audio_hw_primary: select_devices output_scenario:0 input_scenario:28 out_snd_device 0x2 in_snd_device:0xb
01-24 03:12:12.099  3241  3486 I audio_route: > audio_route_reset :
01-24 03:12:12.099  3241  3486 I audio_route: > audio_route_apply_path : "recognition-mic"
01-24 03:12:12.102  3241  3486 V audio_hw_primary: select_devices() input_route "recognition-mic" 
01-24 03:12:12.102  3241  3486 I audio_route: > audio_route_apply_path : "media-speaker"
01-24 03:12:12.128  3755  7362 D AudioService: getStreamVolume 3 index 110
01-24 03:12:12.148 14908 14996 W ACCore  : Timed out waiting for a successful connection count increase
01-24 03:12:12.150 14908 14996 I ACCalendarManager: Hydration: Can't move forward as not connected to the FE
01-24 03:12:12.182  3241  3486 V audio_hw_primary: select_devices() output_route "media-speaker" 
01-24 03:12:12.182  3241  3486 I audio_route: > audio_route_apply_path : "gain-recognition-mic"
01-24 03:12:12.182  3241  3486 V audio_hw_primary: select_devices() input_gain "gain-recognition-mic" 
01-24 03:12:12.183  3241  3486 I audio_route: > audio_route_apply_path : "gain-media-speaker"
01-24 03:12:12.183  3241  3486 V audio_hw_primary: select_devices() output_gain "gain-media-speaker" 
01-24 03:12:12.183  3241  3486 I audio_route: > audio_route_update_mixer : +
01-24 03:12:12.183  3241  3486 I audio_route: > audio_route_update_mixer : changed(0) -
01-24 03:12:12.183  3241  3486 I audio_hw_primary: select_devices - 
01-24 03:12:12.183  3241  3486 V audio_hw_primary: start_output_stream-
01-24 03:12:12.212  3241  3486 I AudioMixer: create resampler src 44100, 2, dst 48000, 2, q 8
01-24 03:12:12.213  3241  3486 D SoundAliveResampler: [SoundAliveResampler] Init+++
01-24 03:12:12.330  3755  7358 D AudioService: getStreamVolume 3 index 110
01-24 03:12:12.447 14908 15055 D ClClient: Not sending keepalive.  Current connection state=STOPPED
01-24 03:12:12.507 15211 15367 D UE4     : [2019.01.24-08.12.12:507][ 93]LogTcpMessaging: Started Connection to '127.0.0.1:40117'
01-24 03:12:12.508 15211 15367 D UE4     : [2019.01.24-08.12.12:508][ 93]LogTcpMessaging: Discovered node '332C98DC4996BEEDBFBB33B7C0E3F778' on connection '127.0.0.1:40117'...
01-24 03:12:12.533  3755  5048 D AudioService: getStreamVolume 3 index 110
01-24 03:12:12.735  3755  7343 D AudioService: getStreamVolume 3 index 110
01-24 03:12:12.835 14940 14940 W sbx     : Failed to find local clusters.
01-24 03:12:12.925  3755  6279 D ConnectivityService: filterNetworkStateForUid() uid: 10130 networkInfo: [type: WIFI[] - WIFI, state: CONNECTED/CONNECTED, reason: (unspecified), extra: "wilkinson2.4", failover: false, available: true, roaming: false, metered: false]
01-24 03:12:12.926 14908 15123 I System.out: (HTTPLog)-Static: isSBSettingEnabled false
01-24 03:12:12.927 14908 15123 I System.out: (HTTPLog)-Static: isSBSettingEnabled false
01-24 03:12:12.932 14940 15370 E woz     : Job(ItemMessageAttachmentsCacheEvictorJob#0.25) Enqueued job 'ItemMessageAttachmentsCacheEvictorJob' failed
01-24 03:12:12.932 14940 15370 E woz     : java.lang.IllegalArgumentException: Attachment cache cannot be null.
01-24 03:12:12.932 14940 15370 E woz     : 	at ovk.a(Unknown Source)
01-24 03:12:12.932 14940 15370 E woz     : 	at owy.a(Unknown Source)
01-24 03:12:12.932 14940 15370 E woz     : 	at xog.a(SourceFile:2)
01-24 03:12:12.932 14940 15370 E woz     : 	at wol.b(SourceFile:2)
01-24 03:12:12.932 14940 15370 E woz     : 	at wom.a(Unknown Source)
01-24 03:12:12.932 14940 15370 E woz     : 	at xog.a(SourceFile:2)
01-24 03:12:12.932 14940 15370 E woz     : 	at xnn.run(SourceFile:1)
01-24 03:12:12.932 14940 15370 E woz     : 	at wfo.run(Unknown Source)
01-24 03:12:12.932 14940 15370 E woz     : 	at java.util.concurrent.Executors$RunnableAdapter.call(Executors.java:428)
01-24 03:12:12.932 14940 15370 E woz     : 	at java.util.concurrent.FutureTask.run(FutureTask.java:237)
01-24 03:12:12.932 14940 15370 E woz     : 	at java.util.concurrent.ScheduledThreadPoolExecutor$ScheduledFutureTask.run(ScheduledThreadPoolExecutor.java:272)
01-24 03:12:12.932 14940 15370 E woz     : 	at java.util.concurrent.ThreadPoolExecutor.runWorker(ThreadPoolExecutor.java:1133)
01-24 03:12:12.932 14940 15370 E woz     : 	at java.util.concurrent.ThreadPoolExecutor$Worker.run(ThreadPoolExecutor.java:607)
01-24 03:12:12.932 14940 15370 E woz     : 	at java.lang.Thread.run(Thread.java:762)
01-24 03:12:12.936  3254  3742 D EnterpriseController: netId is 0
01-24 03:12:12.936  3755  6277 D AudioService: getStreamVolume 3 index 110
01-24 03:12:12.936  3254  3742 D Netd    : getNetworkForDns: using netid 502 for uid 10130
01-24 03:12:12.937  3254  3742 D DnsProxyListener: DNSDBG::dns addrinfo af 0
01-24 03:12:13.036  3755  5085 W DropBoxManagerService: Dropping: exp_det_cert_pin_failure (10 > 0 bytes)
01-24 03:12:13.047  3755  3774 D CompatibilityInfo: mCompatibilityFlags - 0
01-24 03:12:13.047  3755  3774 D CompatibilityInfo: applicationDensity - 420
01-24 03:12:13.047  3755  3774 D CompatibilityInfo: applicationScale - 1.0
01-24 03:12:13.060  3755  7362 D CompatibilityInfo: mCompatibilityFlags - 0
01-24 03:12:13.060  3755  7362 D CompatibilityInfo: applicationDensity - 420
01-24 03:12:13.060  3755  7362 D CompatibilityInfo: applicationScale - 1.0
01-24 03:12:13.069  3755  7368 D CompatibilityInfo: mCompatibilityFlags - 0
01-24 03:12:13.069  3755  7368 D CompatibilityInfo: applicationDensity - 420
01-24 03:12:13.069  3755  7368 D CompatibilityInfo: applicationScale - 1.0
01-24 03:12:13.082  3755  4453 D CompatibilityInfo: mCompatibilityFlags - 0
01-24 03:12:13.083  3755  4453 D CompatibilityInfo: applicationDensity - 420
01-24 03:12:13.084  3755  4453 D CompatibilityInfo: applicationScale - 1.0
01-24 03:12:13.090  3755  7358 D CompatibilityInfo: mCompatibilityFlags - 0
01-24 03:12:13.091  3755  7358 D CompatibilityInfo: applicationDensity - 420
01-24 03:12:13.091  3755  7358 D CompatibilityInfo: applicationScale - 1.0
01-24 03:12:13.101  3755  7347 D CompatibilityInfo: mCompatibilityFlags - 0
01-24 03:12:13.102  3755  7347 D CompatibilityInfo: applicationDensity - 420
01-24 03:12:13.102  3755  7347 D CompatibilityInfo: applicationScale - 1.0
01-24 03:12:13.111  3755  7396 D CompatibilityInfo: mCompatibilityFlags - 0
01-24 03:12:13.111  3755  7396 D CompatibilityInfo: applicationDensity - 420
01-24 03:12:13.111  3755  7396 D CompatibilityInfo: applicationScale - 1.0
01-24 03:12:13.116  4788  4788 I DMT-DropBoxReceiver: Received : android.intent.action.DROPBOX_ENTRY_ADDED
01-24 03:12:13.117  3755  7360 D CompatibilityInfo: mCompatibilityFlags - 0
01-24 03:12:13.117  3755  7360 D CompatibilityInfo: applicationDensity - 420
01-24 03:12:13.118  3755  7360 D CompatibilityInfo: applicationScale - 1.0
01-24 03:12:13.132  3755  5048 D CompatibilityInfo: mCompatibilityFlags - 0
01-24 03:12:13.132  3755  5048 D CompatibilityInfo: applicationDensity - 420
01-24 03:12:13.132  3755  5048 D CompatibilityInfo: applicationScale - 1.0
01-24 03:12:13.139  3755  6081 D AudioService: getStreamVolume 3 index 110
01-24 03:12:13.227 15211 15235 D UE4     : Used memory: 221192
01-24 03:12:13.256  3755  7364 D ConnectivityService: filterNetworkStateForUid() uid: 10014 networkInfo: [type: WIFI[] - WIFI, state: CONNECTED/CONNECTED, reason: (unspecified), extra: "wilkinson2.4", failover: false, available: true, roaming: false, metered: false]
01-24 03:12:13.345  3755  7363 D AudioService: getStreamVolume 3 index 110
01-24 03:12:13.533  3755  7344 D ConnectivityService: filterNetworkStateForUid() uid: 10130 networkInfo: [type: WIFI[] - WIFI, state: CONNECTED/CONNECTED, reason: (unspecified), extra: "wilkinson2.4", failover: false, available: true, roaming: false, metered: false]
01-24 03:12:13.548  3755  4453 D AudioService: getStreamVolume 3 index 110
01-24 03:12:13.676  3755  6065 D SamsungAlarmManager: Cancel Alarm calling from uid:10014 pid :5873 / op:PendingIntent{cca29f6: PendingIntentRecord{6674b11 com.google.android.gms broadcastIntent}}
01-24 03:12:13.684  3755  5048 D SamsungAlarmManager: setExact Intent (T:2/F:5/AC:false) 20190124T034113 - CU:10014/CP:5873
01-24 03:12:13.701  3755  3774 D CompatibilityInfo: mCompatibilityFlags - 0
01-24 03:12:13.701  3755  3774 D CompatibilityInfo: applicationDensity - 420
01-24 03:12:13.701  3755  3774 D CompatibilityInfo: applicationScale - 1.0
01-24 03:12:13.708  3755  3766 D ConnectivityService: filterNetworkStateForUid() uid: 10014 networkInfo: [type: WIFI[] - WIFI, state: CONNECTED/CONNECTED, reason: (unspecified), extra: "wilkinson2.4", failover: false, available: true, roaming: false, metered: false]
01-24 03:12:13.710  3755  6080 D ConnectivityService: filterNetworkStateForUid() uid: 10014 networkInfo: [type: WIFI[] - WIFI, state: CONNECTED/CONNECTED, reason: (unspecified), extra: "wilkinson2.4", failover: false, available: true, roaming: false, metered: false]
01-24 03:12:13.712  3755  4444 D CompatibilityInfo: mCompatibilityFlags - 0
01-24 03:12:13.713  3755  4444 D CompatibilityInfo: applicationDensity - 420
01-24 03:12:13.713  3755  4444 D CompatibilityInfo: applicationScale - 1.0
01-24 03:12:13.721  9254  9254 I GCM     : Message from 745476177629
01-24 03:12:13.724  3755  7364 D SamsungAlarmManager: Cancel Alarm calling from uid:10014 pid :5873 / op:PendingIntent{52101f7: PendingIntentRecord{4a70533 com.google.android.gms broadcastIntent}}
01-24 03:12:13.734  3755  7362 D CompatibilityInfo: mCompatibilityFlags - 0
01-24 03:12:13.735  3755  7362 D CompatibilityInfo: applicationDensity - 420
01-24 03:12:13.735  3755  7362 D CompatibilityInfo: applicationScale - 1.0
01-24 03:12:13.750  3755  4498 D AudioService: getStreamVolume 3 index 110
01-24 03:12:13.784  9254  9316 W System  : ClassLoader referenced unknown path: 
01-24 03:12:13.786  9254  9316 W System  : ClassLoader referenced unknown path: /system/priv-app/GoogleServicesFramework/lib/arm64
01-24 03:12:13.820  3755  7396 D CompatibilityInfo: mCompatibilityFlags - 0
01-24 03:12:13.821  3755  7396 D CompatibilityInfo: applicationDensity - 420
01-24 03:12:13.821  3755  7396 D CompatibilityInfo: applicationScale - 1.0
01-24 03:12:13.859  3755  4448 D MountService: getExternalStorageMountMode : 3
01-24 03:12:13.859  3755  4448 D MountService: getExternalStorageMountMode : 3
01-24 03:12:13.859  3755  4448 D MountService: getExternalStorageMountMode : final mountMode=3, uid : 10029, packageName : com.android.vending
01-24 03:12:13.883  3755  4448 I ActivityManager: Start proc 15384:com.android.vending/u0a29 for service com.android.vending/com.google.android.finsky.contentfilterui.ContentFiltersService
01-24 03:12:13.888 15384 15384 E Zygote  : v2
01-24 03:12:13.888 15384 15384 I libpersona: KNOX_SDCARD checking this for 10029
01-24 03:12:13.888 15384 15384 I libpersona: KNOX_SDCARD not a persona
01-24 03:12:13.890 15384 15384 E Zygote  : accessInfo : 0
