02-05 15:17:30.426  3754  4507 D MdnieScenarioControlService:  packageName : com.GeekTechnique.InfinityStack    className : com.epicgames.ue4.GameActivity
02-05 15:17:30.427 16382 16382 D SensorManager: registerListener :: 3, K6DS3TR Gyroscope Sensor, 20000, 0,  
02-05 15:17:30.427 16382 16382 D UE4     : App is running in Portrait
02-05 15:17:30.427 16382 16382 D UE4     : ==============> Resuming main init
02-05 15:17:30.428 16382 16382 D UE4     : ==============> GameActive.onResume complete!
02-05 15:17:30.428  3754  5086 D ActivityManager: post active user change for 0 fullscreen true isHomeActivity() false
02-05 15:17:30.428  3754  5086 D KnoxTimeoutHandler: postActiveUserChange [MsgParam] userId: 0 fullscreen is true showWhenlocked is false isMutiwindowRecord is false multiwindowstyle is 0
02-05 15:17:30.429 16382 16382 V InputMethodManager: Starting input: tba=android.view.inputmethod.EditorInfo@95dfbba nm : com.GeekTechnique.InfinityStack ic=null
02-05 15:17:30.430  3754  7315 V WindowManager: Relayout Window{3d86facd0 u0 com.GeekTechnique.InfinityStack/com.epicgames.ue4.GameActivity}: viewVisibility=0 req=1080x1920 WM.LayoutParams{(0,0)(fillxfill) sim=#110 ty=1 fl=#1810500 pfl=0x20000 fmt=1 wanim=0x1030001 vsysui=0x400 needsMenuKey=2 naviIconColor=0}
02-05 15:17:30.430 16196 16196 D ViewRootImpl@1a0d00e[]: dispatchAttachedToWindow
02-05 15:17:30.432  3754  3754 D KnoxTimeoutHandler: handleActiveUserChange [MsgParam] userId: 0 fullscreen is true showWhenlocked is false isMutiwindowRecord is false multiwindowstyle is 0
02-05 15:17:30.433 16382 16382 D ViewRootImpl@cc1395f[GameActivity]: Relayout returned: oldFrame=[0,0][1080,1920] newFrame=[0,0][1080,1920] result=0x1 surface={isValid=true -1095288832} surfaceGenerationChanged=false
02-05 15:17:30.433  3754  3754 I KnoxTimeoutHandler: Shared devices show user statefalse
02-05 15:17:30.434  3754  7641 V WindowManager: Relayout Window{5ad1bdcd0 u0 com.samsung.android.game.gametools}: viewVisibility=0 req=1x1856 WM.LayoutParams{(0,0)(1xfill) gr=#33 sim=#20 ty=2002 fl=#1000628 fmt=-3 naviIconColor=0}
02-05 15:17:30.435  3217  3217 I SurfaceFlinger: id=486 createSurf (1x1920),1 flag=4, 
02-05 15:17:30.440 16196 16196 D ViewRootImpl@1a0d00e[]: Relayout returned: oldFrame=[0,0][0,0] newFrame=[0,0][1,1920] result=0x7 surface={isValid=true 535229212160} surfaceGenerationChanged=true
02-05 15:17:30.440 16196 16196 D ViewRootImpl@1a0d00e[]: mHardwareRenderer.initialize() mSurface={isValid=true 535229212160} hwInitialized=true
02-05 15:17:30.441 16196 16419 D mali_winsys: EGLint new_window_surface(egl_winsys_display*, void*, EGLSurface, EGLConfig, egl_winsys_surface**, egl_color_buffer_format*, EGLBoolean) returns 0x3000,  [1x1920]-format:1
02-05 15:17:30.442 16196 16196 D ViewRootImpl@1a0d00e[]: MSG_RESIZED_REPORT: ci=Rect(0, 0 - 0, 0) vi=Rect(0, 0 - 0, 0) or=1
02-05 15:17:30.444  5905  5918 D ForegroundUtils: could not check pending caller
02-05 15:17:30.452  3754  7313 D WindowManager: finishDrawingWindow: Window{5ad1bdcd0 u0 com.samsung.android.game.gametools} mDrawState=DRAW_PENDING
02-05 15:17:30.464  3754  3817 I WindowManager_SurfaceController: Destroying surface Surface(name=Starting com.GeekTechnique.InfinityStack) called by com.android.server.wm.WindowStateAnimator.destroySurface:2907 com.android.server.wm.WindowStateAnimator.destroySurfaceLocked:1120 com.android.server.wm.WindowState.destroyOrSaveSurface:2662 com.android.server.wm.AppWindowToken.destroySurfaces:423 com.android.server.wm.AppWindowToken.destroySurfaces:387 com.android.server.wm.WindowStateAnimator.finishExit:686 com.android.server.wm.WindowStateAnimator.stepAnimationLocked:570 com.android.server.wm.WindowAnimator.updateWindowsLocked:439 
02-05 15:17:30.464  3217  3280 I SurfaceFlinger: id=479 Removed JnfinitySta (6/9)
02-05 15:17:30.468  3217  3280 I SurfaceFlinger: id=479 Removed JnfinitySta (-2/9)
02-05 15:17:30.534 16382 16443 D UE4     : LogPluginManager: Mounting plugin Paper2D
02-05 15:17:30.540 16382 16443 D UE4     : LogPluginManager: Mounting plugin AISupport
02-05 15:17:30.542 16382 16443 D UE4     : LogPluginManager: Mounting plugin LightPropagationVolume
02-05 15:17:30.544 16382 16443 D UE4     : LogPluginManager: Mounting plugin AssetManagerEditor
02-05 15:17:30.547 16382 16443 D UE4     : LogPluginManager: Mounting plugin CryptoKeys
02-05 15:17:30.549 16382 16443 D UE4     : LogPluginManager: Mounting plugin FacialAnimation
02-05 15:17:30.551 16382 16443 D UE4     : LogPluginManager: Mounting plugin MeshEditor
02-05 15:17:30.553 16382 16443 D UE4     : LogPluginManager: Mounting plugin EditableMesh
02-05 15:17:30.555 16382 16443 D UE4     : LogPluginManager: Mounting plugin DatasmithContent
02-05 15:17:30.558 16382 16443 D UE4     : LogPluginManager: Mounting plugin VariantManagerContent
02-05 15:17:30.560 16382 16443 D UE4     : LogPluginManager: Mounting plugin AlembicImporter
02-05 15:17:30.562 16382 16443 D UE4     : LogPluginManager: Mounting plugin GeometryCache
02-05 15:17:30.562  3754  3754 D CustomFrequencyManagerService: releaseDVFSLockLocked : Getting Lock type frm List : DVFS_MIN_LIMIT  frequency : 1704000  uid : 1000  pid : 3754  tag : AMS_RESUME_TAIL@CPU_MIN@25
02-05 15:17:30.564 16382 16443 D UE4     : LogPluginManager: Mounting plugin AppleImageUtils
02-05 15:17:30.566 16382 16443 D UE4     : LogPluginManager: Mounting plugin AppleVision
02-05 15:17:30.569 16382 16443 D UE4     : LogPluginManager: Mounting plugin BackChannel
02-05 15:17:30.571 16382 16443 D UE4     : LogPluginManager: Mounting plugin CharacterAI
02-05 15:17:30.573 16382 16443 D UE4     : LogPluginManager: Mounting plugin AndroidMedia
02-05 15:17:30.575  3754  4507 D MdnieScenarioControlService:  packageName : com.GeekTechnique.InfinityStack    className : com.epicgames.ue4.GameActivity
02-05 15:17:30.575 16382 16443 D UE4     : LogPluginManager: Mounting plugin ImgMedia
02-05 15:17:30.578 16382 16443 D UE4     : LogPluginManager: Mounting plugin LinearTimecode
02-05 15:17:30.580 16382 16443 D UE4     : LogPluginManager: Mounting plugin MediaCompositing
02-05 15:17:30.582 16382 16443 D UE4     : LogPluginManager: Mounting plugin TcpMessaging
02-05 15:17:30.584 16382 16443 D UE4     : LogPluginManager: Mounting plugin UdpMessaging
02-05 15:17:30.586 16382 16443 D UE4     : LogPluginManager: Mounting plugin ActorSequence
02-05 15:17:30.588 16382 16443 D UE4     : LogPluginManager: Mounting plugin NetcodeUnitTest
02-05 15:17:30.591 16382 16443 D UE4     : LogPluginManager: Mounting plugin NUTUnrealEngine4
02-05 15:17:30.593 16382 16443 D UE4     : LogPluginManager: Mounting plugin OnlineSubsystemGooglePlay
02-05 15:17:30.595 16382 16443 D UE4     : LogPluginManager: Mounting plugin OnlineSubsystem
02-05 15:17:30.598 16382 16443 D UE4     : LogPluginManager: Mounting plugin AndroidPermission
02-05 15:17:30.600 16382 16443 D UE4     : LogPluginManager: Mounting plugin OnlineSubsystemNull
02-05 15:17:30.602 16382 16443 D UE4     : LogPluginManager: Mounting plugin OnlineSubsystemUtils
02-05 15:17:30.605 16382 16443 D UE4     : LogPluginManager: Mounting plugin AndroidDeviceProfileSelector
02-05 15:17:30.607 16382 16443 D UE4     : LogPluginManager: Mounting plugin AndroidMoviePlayer
02-05 15:17:30.609 16382 16443 D UE4     : LogPluginManager: Mounting plugin ArchVisCharacter
02-05 15:17:30.612 16382 16443 D UE4     : LogPluginManager: Mounting plugin CableComponent
02-05 15:17:30.614 16382 16443 D UE4     : LogPluginManager: Mounting plugin CustomMeshComponent
02-05 15:17:30.616 16382 16443 D UE4     : LogPluginManager: Mounting plugin ExampleDeviceProfileSelector
02-05 15:17:30.618 16382 16443 D UE4     : LogPluginManager: Mounting plugin Firebase
02-05 15:17:30.621 16382 16443 D UE4     : LogPluginManager: Mounting plugin GoogleCloudMessaging
02-05 15:17:30.623 16382 16443 D UE4     : LogPluginManager: Mounting plugin LocationServicesBPLibrary
02-05 15:17:30.625 16382 16443 D UE4     : LogPluginManager: Mounting plugin MobilePatchingUtils
02-05 15:17:30.627 16382 16443 D UE4     : LogPluginManager: Mounting plugin OculusVR
02-05 15:17:30.633 16382 16443 D UE4     : LogPluginManager: Mounting plugin ProceduralMeshComponent
02-05 15:17:30.636 16382 16443 D UE4     : LogPluginManager: Mounting plugin PhysXVehicles
02-05 15:17:30.641 16382 16443 D UE4     : LogPluginManager: Mounting plugin RuntimePhysXCooking
02-05 15:17:30.643 16382 16443 D UE4     : LogPluginManager: Mounting plugin SteamVR
02-05 15:17:30.649 16382 16443 D UE4     : LogStreaming: Display: Took  0.116s to configure plugins.
02-05 15:17:30.736 16196 16196 E MoreInfoHPW_View: Parent view is not a TextView
02-05 15:17:30.738 16196 16196 V MediaPlayer-JNI: native_setup
02-05 15:17:30.738 16196 16196 V MediaPlayer: constructor
02-05 15:17:30.738 16382 16443 D UE4     : LogInit: Using libcurl 7.46.0
02-05 15:17:30.738 16382 16443 D UE4     : LogInit:  - built for arm-unknown-linux-androideabi
02-05 15:17:30.738 16382 16443 D UE4     : LogInit:  - supports SSL with OpenSSL/1.0.1s
02-05 15:17:30.738 16382 16443 D UE4     : LogInit:  - supports HTTP deflate (compression) using libz 1.2.8
02-05 15:17:30.738 16382 16443 D UE4     : LogInit:  - other features:
02-05 15:17:30.738 16382 16443 D UE4     : LogInit:      CURL_VERSION_SSL
02-05 15:17:30.738 16382 16443 D UE4     : LogInit:      CURL_VERSION_LIBZ
02-05 15:17:30.738 16382 16443 D UE4     : LogInit:      CURL_VERSION_IPV6
02-05 15:17:30.738 16382 16443 D UE4     : LogInit:      CURL_VERSION_ASYNCHDNS
02-05 15:17:30.738 16382 16443 D UE4     : LogInit:      CURL_VERSION_TLSAUTH_SRP
02-05 15:17:30.738 16196 16196 V MediaPlayer: setListener
02-05 15:17:30.739 16382 16443 D UE4     : LogInit:  CurlRequestOptions (configurable via config and command line):
02-05 15:17:30.739 16382 16443 D UE4     : LogInit:  - bVerifyPeer = true  - Libcurl will verify peer certificate
02-05 15:17:30.739 16382 16443 D UE4     : LogInit:  - bUseHttpProxy = false  - Libcurl will NOT use HTTP proxy
02-05 15:17:30.739 16382 16443 D UE4     : LogInit:  - bDontReuseConnections = false  - Libcurl will reuse connections
02-05 15:17:30.739 16382 16443 D UE4     : LogInit:  - MaxHostConnections = 16  - Libcurl will limit the number of connections to a host
02-05 15:17:30.739 16382 16443 D UE4     : LogInit:  - LocalHostAddr = Default
02-05 15:17:30.739 16382 16443 D UE4     : LogInit:  - BufferSize = 65536
02-05 15:17:30.740 16382 16443 D UE4     : LogOnline: Display: OSS: OnlineSubsystemGooglePlayModule::StartupModule()
02-05 15:17:30.740 16382 16443 D UE4     : FOnlineSubsystemGooglePlay::Init
02-05 15:17:30.741 16382 16443 D UE4     : LogOnlineIdentity: Display: OSS: FOnlineIdentityGooglePlay::FOnlineIdentityGooglePlay()
02-05 15:17:30.741 16382 16443 D UE4     : FOnlineSubsystemGooglePlay::IsInAppPurchasingEnabled 0
02-05 15:17:30.743  3754  5086 D ApplicationPolicy: isStatusBarNotificationAllowedAsUser: packageName = com.samsung.android.game.gametools,userId = 0
02-05 15:17:30.747  3754  9958 D GamePkgDataHelper: getGamePkgData(). com.GeekTechnique.InfinityStack
02-05 15:17:30.747 16382 16443 D UE4     : LogHMD: App is not packaged for Gear VR
02-05 15:17:30.747 16382 16443 D UE4     : LogInit: Build: ++UE4+Release-4.21-CL-4613538
02-05 15:17:30.747 16382 16443 D UE4     : LogInit: Engine Version: 4.21.1-4613538+++UE4+Release-4.21
02-05 15:17:30.747 16382 16443 D UE4     : LogInit: Compatible Engine Version: 4.21.0-4541578+++UE4+Release-4.21
02-05 15:17:30.747 16382 16443 D UE4     : LogInit: Net CL: 4541578
02-05 15:17:30.747 16382 16443 D UE4     : LogInit: OS: Android (7.0), CPU: SM-N920V, GPU: Mali-T760
02-05 15:17:30.747 16382 16443 D UE4     : LogInit: Compiled (32-bit): Nov 30 2018 05:07:29
02-05 15:17:30.747 16382 16443 D UE4     : LogInit: Compiled with Clang: 3.8.275480 
02-05 15:17:30.747 16382 16443 D UE4     : LogInit: Build Configuration: Development
02-05 15:17:30.747 16382 16443 D UE4     : LogInit: Branch Name: ++UE4+Release-4.21
02-05 15:17:30.747 16382 16443 D UE4     : LogInit: Command Line:   /Game/Maps/StackMap -Messaging -SessionId=9E7785C84A58E64061776A9C063C7781 -SessionOwner="nope" -SessionName="Launch On Device" -iterative
02-05 15:17:30.747 16382 16443 D UE4     : LogInit: Base Directory: 
02-05 15:17:30.747 16382 16443 D UE4     : LogInit: Installed Engine Build: 0
02-05 15:17:30.747 16382 16443 D UE4     : LogDevObjectVersion: Number of dev versions registered: 22
02-05 15:17:30.747 16382 16443 D UE4     : LogDevObjectVersion:   Dev-Blueprints (B0D832E4-1F89-4F0D-ACCF-7EB736FD4AA2): 10
02-05 15:17:30.748 16382 16443 D UE4     : LogDevObjectVersion:   Dev-Build (E1C64328-A22C-4D53-A36C-8E866417BD8C): 0
02-05 15:17:30.748 16382 16443 D UE4     : LogDevObjectVersion:   Dev-Core (375EC13C-06E4-48FB-B500-84F0262A717E): 2
02-05 15:17:30.748 16382 16443 D UE4     : LogDevObjectVersion:   Dev-Editor (E4B068ED-F494-42E9-A231-DA0B2E46BB41): 26
02-05 15:17:30.748 16382 16443 D UE4     : LogDevObjectVersion:   Dev-Framework (CFFC743F-43B0-4480-9391-14DF171D2073): 34
02-05 15:17:30.748 16382 16443 D UE4     : LogDevObjectVersion:   Dev-Mobile (B02B49B5-BB20-44E9-A304-32B752E40360): 2
02-05 15:17:30.748 16382 16443 D UE4     : LogDevObjectVersion:   Dev-Networking (A4E4105C-59A1-49B5-A7C5-40C4547EDFEE): 0
02-05 15:17:30.748 16382 16443 D UE4     : LogDevObjectVersion:   Dev-Online (39C831C9-5AE6-47DC-9A44-9C173E1C8E7C): 0
02-05 15:17:30.748 16382 16443 D UE4     : LogDevObjectVersion:   Dev-Physics (78F01B33-EBEA-4F98-B9B4-84EACCB95AA2): 0
02-05 15:17:30.748 16382 16443 D UE4     : LogDevObjectVersion:   Dev-Platform (6631380F-2D4D-43E0-8009-CF276956A95A): 0
02-05 15:17:30.748 16382 16443 D UE4     : LogDevObjectVersion:   Dev-Rendering (12F88B9F-8875-4AFC-A67C-D90C383ABD29): 27
02-05 15:17:30.748 16382 16443 D UE4     : LogDevObjectVersion:   Dev-Sequencer (7B5AE74C-D270-4C10-A958-57980B212A5A): 9
02-05 15:17:30.748 16382 16443 D UE4     : LogDevObjectVersion:   Dev-VR (D7296918-1DD6-4BDD-9DE2-64A83CC13884): 2
02-05 15:17:30.748 16382 16443 D UE4     : LogDevObjectVersion:   Dev-LoadTimes (C2A15278-BFE7-4AFE-6C17-90FF531DF755): 1
02-05 15:17:30.748 16382 16443 D UE4     : LogDevObjectVersion:   Private-Geometry (6EACA3D4-40EC-4CC1-B786-8BED09428FC5): 3
02-05 15:17:30.748 16382 16443 D UE4     : LogDevObjectVersion:   Dev-AnimPhys (29E575DD-E0A3-4627-9D10-D276232CDCEA): 17
02-05 15:17:30.748 16382 16443 D UE4     : LogDevObjectVersion:   Dev-Anim (AF43A65D-7FD3-4947-9873-3E8ED9C1BB05): 2
02-05 15:17:30.748 16382 16443 D UE4     : LogDevObjectVersion:   Dev-ReflectionCapture (6B266CEC-1EC7-4B8F-A30B-E4D90942FC07): 1
02-05 15:17:30.748 16382 16443 D UE4     : LogDevObjectVersion:   Dev-Automation (0DF73D61-A23F-47EA-B727-89E90C41499A): 1
02-05 15:17:30.748 16382 16443 D UE4     : LogDevObjectVersion:   FortniteMain (601D1886-AC64-4F84-AA16-D3DE0DEAC7D6): 17
02-05 15:17:30.748 16382 16443 D UE4     : LogDevObjectVersion:   Dev-Enterprise (9DFFBCD6-494F-0158-E221-12823C92A888): 4
02-05 15:17:30.748 16382 16443 D UE4     : LogDevObjectVersion:   Dev-Niagara (F2AED0AC-9AFE-416F-8664-AA7FFA26D6FC): 1
02-05 15:17:30.749  3754  9958 D GameManagerService: identifyGamePackage. com.GeekTechnique.InfinityStack
02-05 15:17:30.749  4617  4617 D PhoneStatusBar: addNotification key=0|com.samsung.android.game.gametools|12422|null|10250
02-05 15:17:30.751  3754  9958 D GameManagerService: identifyGamePackage. com.GeekTechnique.InfinityStack
02-05 15:17:30.752  3754  9958 D GameManagerService: identifyGamePackage. com.GeekTechnique.InfinityStack
02-05 15:17:30.752  3754  9958 D GameManagerService: identifyGamePackage. com.GeekTechnique.InfinityStack
02-05 15:17:30.753 16382 16443 D UE4     : LogStreaming: Display: Took  0.004s to delete old logs.
02-05 15:17:30.757  3754  3783 D CompatibilityInfo: mCompatibilityFlags - 0
02-05 15:17:30.757  3754  3783 D CompatibilityInfo: applicationDensity - 420
02-05 15:17:30.757  3754  3783 D CompatibilityInfo: applicationScale - 1.0
02-05 15:17:30.799 16382 16443 D UE4     : LogInit: Presizing for max 131072 objects, including 1 objects not considered by GC, pre-allocating 0 bytes for permanent pool.
02-05 15:17:30.801 16382 16443 D UE4     : LogStreaming: Display: Async Loading initialized: Event Driven Loader: true, Async Loading Thread: false, Async Post Load: true
02-05 15:17:30.819  4617  4617 D PhoneStatusBar: No Fullscreen intent: 0|com.samsung.android.game.gametools|12422|null|10250 isHeadsUped : false
02-05 15:17:30.825  4617  4617 D KeyguardServiceBoxContainer: updateCMAS() hasCmasNotification = false, mHasCMAS = false
02-05 15:17:30.827  3754  3783 D CompatibilityInfo: mCompatibilityFlags - 0
02-05 15:17:30.827  3754  3783 D CompatibilityInfo: applicationDensity - 420
02-05 15:17:30.827  3754  3783 D CompatibilityInfo: applicationScale - 1.0
02-05 15:17:30.835 16382 16443 D UE4     : LogInit: Object subsystem initialized
02-05 15:17:30.840 16382 16443 D UE4     : LogConfig: Setting CVar [[con.DebugEarlyDefault:1]]
02-05 15:17:30.840 16382 16443 D UE4     : [2019.02.05-20.17.30:840][  0]LogConfig: Setting CVar [[con.DebugEarlyDefault:1]]
02-05 15:17:30.841 16382 16443 D UE4     : [2019.02.05-20.17.30:841][  0]LogConfig: Applying CVar settings from Section [/Script/Engine.RendererSettings] File [../../../StackerGame/Saved/Config/Android/Engine.ini]
02-05 15:17:30.841 16382 16443 D UE4     : [2019.02.05-20.17.30:841][  0]LogConfig: Setting CVar [[r.GPUCrashDebugging:0]]
02-05 15:17:30.841 16382 16443 D UE4     : [2019.02.05-20.17.30:841][  0]LogConfig: Setting CVar [[r.MobileHDR:1]]
02-05 15:17:30.841 16382 16443 D UE4     : [2019.02.05-20.17.30:841][  0]LogConfig: Setting CVar [[r.Mobile.DisableVertexFog:1]]
02-05 15:17:30.841 16382 16443 D UE4     : [2019.02.05-20.17.30:841][  0]LogConfig: Setting CVar [[r.Shadow.CSM.MaxMobileCascades:2]]
02-05 15:17:30.841 16382 16443 D UE4     : [2019.02.05-20.17.30:841][  0]LogConfig: Setting CVar [[r.MobileMSAA:1]]
02-05 15:17:30.841 16382 16443 D UE4     : [2019.02.05-20.17.30:841][  0]LogConfig: Setting CVar [[r.DiscardUnusedQuality:0]]
02-05 15:17:30.841 16382 16443 D UE4     : [2019.02.05-20.17.30:841][  0]LogConfig: Setting CVar [[r.AllowOcclusionQueries:1]]
02-05 15:17:30.841 16382 16443 D UE4     : [2019.02.05-20.17.30:841][  0]LogConfig: Setting CVar [[r.MinScreenRadiusForLights:0.030000]]
02-05 15:17:30.841 16382 16443 D UE4     : [2019.02.05-20.17.30:841][  0]LogConfig: Setting CVar [[r.MinScreenRadiusForDepthPrepass:0.030000]]
02-05 15:17:30.841 16382 16443 D UE4     : [2019.02.05-20.17.30:841][  0]LogConfig: Setting CVar [[r.MinScreenRadiusForCSMDepth:0.010000]]
02-05 15:17:30.841 16382 16443 D UE4     : [2019.02.05-20.17.30:841][  0]LogConfig: Setting CVar [[r.PrecomputedVisibilityWarning:0]]
02-05 15:17:30.841 16382 16443 D UE4     : [2019.02.05-20.17.30:841][  0]LogConfig: Setting CVar [[r.TextureStreaming:1]]
02-05 15:17:30.841 16382 16443 D UE4     : [2019.02.05-20.17.30:841][  0]LogConfig: Setting CVar [[Compat.UseDXT5NormalMaps:0]]
02-05 15:17:30.841 16382 16443 D UE4     : [2019.02.05-20.17.30:841][  0]LogConfig: Setting CVar [[r.ClearCoatNormal:0]]
02-05 15:17:30.842 16382 16443 D UE4     : [2019.02.05-20.17.30:841][  0]LogConfig: Setting CVar [[r.ReflectionCaptureResolution:128]]
02-05 15:17:30.842 16382 16443 D UE4     : [2019.02.05-20.17.30:842][  0]LogConfig: Setting CVar [[r.ReflectionEnvironmentLightmapMixBasedOnRoughness:1]]
02-05 15:17:30.842 16382 16443 D UE4     : [2019.02.05-20.17.30:842][  0]LogConfig: Setting CVar [[r.ForwardShading:0]]
02-05 15:17:30.842 16382 16443 D UE4     : [2019.02.05-20.17.30:842][  0]LogConfig: Setting CVar [[r.VertexFoggingForOpaque:1]]
02-05 15:17:30.842 16382 16443 D UE4     : [2019.02.05-20.17.30:842][  0]LogConfig: Setting CVar [[r.AllowStaticLighting:1]]
02-05 15:17:30.842 16382 16443 D UE4     : [2019.02.05-20.17.30:842][  0]LogConfig: Setting CVar [[r.NormalMapsForStaticLighting:0]]
02-05 15:17:30.842 16382 16443 D UE4     : [2019.02.05-20.17.30:842][  0]LogConfig: Setting CVar [[r.GenerateMeshDistanceFields:0]]
02-05 15:17:30.842 16382 16443 D UE4     : [2019.02.05-20.17.30:842][  0]LogConfig: Setting CVar [[r.DistanceFieldBuild.EightBit:0]]
02-05 15:17:30.842 16382 16443 D UE4     : [2019.02.05-20.17.30:842][  0]LogConfig: Setting CVar [[r.GenerateLandscapeGIData:0]]
02-05 15:17:30.842 16382 16443 D UE4     : [2019.02.05-20.17.30:842][  0]LogConfig: Setting CVar [[r.DistanceFieldBuild.Compress:0]]
02-05 15:17:30.842 16382 16443 D UE4     : [2019.02.05-20.17.30:842][  0]LogConfig: Setting CVar [[r.TessellationAdaptivePixelsPerTriangle:48.000000]]
02-05 15:17:30.842 16382 16443 D UE4     : [2019.02.05-20.17.30:842][  0]LogConfig: Setting CVar [[r.SeparateTranslucency:0]]
02-05 15:17:30.842 16382 16443 D UE4     : [2019.02.05-20.17.30:842][  0]LogConfig: Setting CVar [[r.TranslucentSortPolicy:0]]
02-05 15:17:30.842 16382 16443 D UE4     : [2019.02.05-20.17.30:842][  0]LogConfig: Setting CVar [[r.CustomDepth:1]]
02-05 15:17:30.842 16382 16443 D UE4     : [2019.02.05-20.17.30:842][  0]LogConfig: Setting CVar [[r.CustomDepthTemporalAAJitter:1]]
02-05 15:17:30.842 16382 16443 D UE4     : [2019.02.05-20.17.30:842][  0]LogConfig: Setting CVar [[r.PostProcessing.PropagateAlpha:1]]
02-05 15:17:30.842 16382 16443 D UE4     : [2019.02.05-20.17.30:842][  0]LogConfig: Setting CVar [[r.DefaultFeature.Bloom:0]]
02-05 15:17:30.843 16382 16443 D UE4     : [2019.02.05-20.17.30:842][  0]LogConfig: Setting CVar [[r.DefaultFeature.AmbientOcclusion:0]]
02-05 15:17:30.843 16382 16443 D UE4     : [2019.02.05-20.17.30:843][  0]LogConfig: Setting CVar [[r.DefaultFeature.AmbientOcclusionStaticFraction:1]]
02-05 15:17:30.843 16382 16443 D UE4     : [2019.02.05-20.17.30:843][  0]LogConfig: Setting CVar [[r.DefaultFeature.AutoExposure:0]]
02-05 15:17:30.843 16382 16443 D UE4     : [2019.02.05-20.17.30:843][  0]LogConfig: Setting CVar [[r.DefaultFeature.AutoExposure.Method:0]]
02-05 15:17:30.843 16382 16443 D UE4     : [2019.02.05-20.17.30:843][  0]LogConfig: Setting CVar [[r.DefaultFeature.MotionBlur:0]]
02-05 15:17:30.843 16382 16443 D UE4     : [2019.02.05-20.17.30:843][  0]LogConfig: Setting CVar [[r.DefaultFeature.LensFlare:0]]
02-05 15:17:30.843 16382 16443 D UE4     : [2019.02.05-20.17.30:843][  0]LogConfig: Setting CVar [[r.DefaultFeature.AntiAliasing:0]]
02-05 15:17:30.843 16382 16443 D UE4     : [2019.02.05-20.17.30:843][  0]LogConfig: Setting CVar [[r.Shadow.UnbuiltPreviewInGame:1]]
02-05 15:17:30.843 16382 16443 D UE4     : [2019.02.05-20.17.30:843][  0]LogConfig: Setting CVar [[r.StencilForLODDither:0]]
02-05 15:17:30.843 16382 16443 D UE4     : [2019.02.05-20.17.30:843][  0]LogConfig: Setting CVar [[r.EarlyZPass:3]]
02-05 15:17:30.843 16382 16443 D UE4     : [2019.02.05-20.17.30:843][  0]LogConfig: Setting CVar [[r.EarlyZPassMovable:1]]
02-05 15:17:30.844 16382 16443 D UE4     : [2019.02.05-20.17.30:844][  0]LogConfig: Setting CVar [[r.EarlyZPassOnlyMaterialMasking:0]]
02-05 15:17:30.844 16382 16443 D UE4     : [2019.02.05-20.17.30:844][  0]LogConfig: Setting CVar [[r.DBuffer:1]]
02-05 15:17:30.844 16382 16443 D UE4     : [2019.02.05-20.17.30:844][  0]LogConfig: Setting CVar [[r.ClearSceneMethod:1]]
02-05 15:17:30.844 16382 16443 D UE4     : [2019.02.05-20.17.30:844][  0]LogConfig: Setting CVar [[r.BasePassOutputsVelocity:0]]
02-05 15:17:30.844 16382 16443 D UE4     : [2019.02.05-20.17.30:844][  0]LogConfig: Setting CVar [[r.SelectiveBasePassOutputs:0]]
02-05 15:17:30.844 16382 16443 D UE4     : [2019.02.05-20.17.30:844][  0]LogConfig: Setting CVar [[r.AllowGlobalClipPlane:0]]
02-05 15:17:30.844 16382 16443 D UE4     : [2019.02.05-20.17.30:844][  0]LogConfig: Setting CVar [[r.GBufferFormat:1]]
02-05 15:17:30.844 16382 16443 D UE4     : [2019.02.05-20.17.30:844][  0]LogConfig: Setting CVar [[r.MorphTarget.Mode:1]]
02-05 15:17:30.844 16382 16443 D UE4     : [2019.02.05-20.17.30:844][  0]LogConfig: Setting CVar [[vr.InstancedStereo:0]]
02-05 15:17:30.844 16382 16443 D UE4     : [2019.02.05-20.17.30:844][  0]LogConfig: Setting CVar [[vr.MultiView:0]]
02-05 15:17:30.844 16382 16443 D UE4     : [2019.02.05-20.17.30:844][  0]LogConfig: Setting CVar [[vr.MobileMultiView:0]]
02-05 15:17:30.844 16382 16443 D UE4     : [2019.02.05-20.17.30:844][  0]LogConfig: Setting CVar [[vr.MobileMultiView.Direct:0]]
02-05 15:17:30.844 16382 16443 D UE4     : [2019.02.05-20.17.30:844][  0]LogConfig: Setting CVar [[vr.MonoscopicFarField:0]]
02-05 15:17:30.844 16382 16443 D UE4     : [2019.02.05-20.17.30:844][  0]LogConfig: Setting CVar [[r.WireframeCullThreshold:5.000000]]
02-05 15:17:30.844 16382 16443 D UE4     : [2019.02.05-20.17.30:844][  0]LogConfig: Setting CVar [[r.SupportStationarySkylight:1]]
02-05 15:17:30.844 16382 16443 D UE4     : [2019.02.05-20.17.30:844][  0]LogConfig: Setting CVar [[r.SupportLowQualityLightmaps:1]]
02-05 15:17:30.845 16382 16443 D UE4     : [2019.02.05-20.17.30:844][  0]LogConfig: Setting CVar [[r.SupportPointLightWholeSceneShadows:1]]
02-05 15:17:30.845 16382 16443 D UE4     : [2019.02.05-20.17.30:845][  0]LogConfig: Setting CVar [[r.SupportAtmosphericFog:1]]
02-05 15:17:30.845 16382 16443 D UE4     : [2019.02.05-20.17.30:845][  0]LogConfig: Setting CVar [[r.SkinCache.CompileShaders:0]]
02-05 15:17:30.845 16382 16443 D UE4     : [2019.02.05-20.17.30:845][  0]LogConfig: Setting CVar [[r.Mobile.EnableStaticAndCSMShadowReceivers:1]]
02-05 15:17:30.845 16382 16443 D UE4     : [2019.02.05-20.17.30:845][  0]LogConfig: Setting CVar [[r.Mobile.AllowDistanceFieldShadows:1]]
02-05 15:17:30.845 16382 16443 D UE4     : [2019.02.05-20.17.30:845][  0]LogConfig: Setting CVar [[r.Mobile.AllowMovableDirectionalLights:1]]
02-05 15:17:30.845 16382 16443 D UE4     : [2019.02.05-20.17.30:845][  0]LogConfig: Setting CVar [[r.MobileNumDynamicPointLights:4]]
02-05 15:17:30.845 16382 16443 D UE4     : [2019.02.05-20.17.30:845][  0]LogConfig: Setting CVar [[r.MobileDynamicPointLightsUseStaticBranch:1]]
02-05 15:17:30.845 16382 16443 D UE4     : [2019.02.05-20.17.30:845][  0]LogConfig: Setting CVar [[r.SkinCache.SceneMemoryLimitInMB:128.000000]]
02-05 15:17:30.845 16382 16443 D UE4     : [2019.02.05-20.17.30:845][  0]LogConfig: Setting CVar [[r.GPUSkin.Limit2BoneInfluences:0]]
02-05 15:17:30.845 16382 16443 D UE4     : [2019.02.05-20.17.30:845][  0]LogConfig: Setting CVar [[r.SupportDepthOnlyIndexBuffers:1]]
02-05 15:17:30.845 16382 16443 D UE4     : [2019.02.05-20.17.30:845][  0]LogConfig: Setting CVar [[r.SupportReversedIndexBuffers:1]]
02-05 15:17:30.845 16382 16443 D UE4     : [2019.02.05-20.17.30:845][  0]LogConfig: Applying CVar settings from Section [/Script/Engine.RendererOverrideSettings] File [../../../StackerGame/Saved/Config/Android/Engine.ini]
02-05 15:17:30.845 16382 16443 D UE4     : [2019.02.05-20.17.30:845][  0]LogConfig: Applying CVar settings from Section [/Script/Engine.StreamingSettings] File [../../../StackerGame/Saved/Config/Android/Engine.ini]
02-05 15:17:30.845 16382 16443 D UE4     : [2019.02.05-20.17.30:845][  0]LogConfig: Setting CVar [[s.MinBulkDataSizeForAsyncLoading:131072]]
02-05 15:17:30.845 16382 16443 D UE4     : [2019.02.05-20.17.30:845][  0]LogConfig: Setting CVar [[s.AsyncLoadingThreadEnabled:0]]
02-05 15:17:30.845 16382 16443 D UE4     : [2019.02.05-20.17.30:845][  0]LogConfig: Setting CVar [[s.EventDrivenLoaderEnabled:1]]
02-05 15:17:30.845 16382 16443 D UE4     : [2019.02.05-20.17.30:845][  0]LogConfig: Setting CVar [[s.WarnIfTimeLimitExceeded:0]]
02-05 15:17:30.846 16382 16443 D UE4     : [2019.02.05-20.17.30:846][  0]LogConfig: Setting CVar [[s.TimeLimitExceededMultiplier:1.5]]
02-05 15:17:30.846 16382 16443 D UE4     : [2019.02.05-20.17.30:846][  0]LogConfig: Setting CVar [[s.TimeLimitExceededMinTime:0.005]]
02-05 15:17:30.846 16382 16443 D UE4     : [2019.02.05-20.17.30:846][  0]LogConfig: Setting CVar [[s.UseBackgroundLevelStreaming:1]]
02-05 15:17:30.846 16382 16443 D UE4     : [2019.02.05-20.17.30:846][  0]LogConfig: Setting CVar [[s.PriorityAsyncLoadingExtraTime:15.0]]
02-05 15:17:30.846 16382 16443 D UE4     : [2019.02.05-20.17.30:846][  0]LogConfig: Setting CVar [[s.LevelStreamingActorsUpdateTimeLimit:5.0]]
02-05 15:17:30.846 16382 16443 D UE4     : [2019.02.05-20.17.30:846][  0]LogConfig: Setting CVar [[s.PriorityLevelStreamingActorsUpdateExtraTime:5.0]]
02-05 15:17:30.846 16382 16443 D UE4     : [2019.02.05-20.17.30:846][  0]LogConfig: Setting CVar [[s.LevelStreamingComponentsRegistrationGranularity:10]]
02-05 15:17:30.846 16382 16443 D UE4     : [2019.02.05-20.17.30:846][  0]LogConfig: Setting CVar [[s.UnregisterComponentsTimeLimit:1.0]]
02-05 15:17:30.846 16382 16443 D UE4     : [2019.02.05-20.17.30:846][  0]LogConfig: Setting CVar [[s.LevelStreamingComponentsUnregistrationGranularity:5]]
02-05 15:17:30.846 16382 16443 D UE4     : [2019.02.05-20.17.30:846][  0]LogConfig: Applying CVar settings from Section [/Script/Engine.GarbageCollectionSettings] File [../../../StackerGame/Saved/Config/Android/Engine.ini]
02-05 15:17:30.846 16382 16443 D UE4     : [2019.02.05-20.17.30:846][  0]LogConfig: Setting CVar [[gc.MaxObjectsNotConsideredByGC:1]]
02-05 15:17:30.846 16382 16443 D UE4     : [2019.02.05-20.17.30:846][  0]LogConfig: Setting CVar [[gc.SizeOfPermanentObjectPool:0]]
02-05 15:17:30.846 16382 16443 D UE4     : [2019.02.05-20.17.30:846][  0]LogConfig: Setting CVar [[gc.FlushStreamingOnGC:0]]
02-05 15:17:30.846 16382 16443 D UE4     : [2019.02.05-20.17.30:846][  0]LogConfig: Setting CVar [[gc.NumRetriesBeforeForcingGC:10]]
02-05 15:17:30.846 16382 16443 D UE4     : [2019.02.05-20.17.30:846][  0]LogConfig: Setting CVar [[gc.AllowParallelGC:1]]
02-05 15:17:30.847 16382 16443 D UE4     : [2019.02.05-20.17.30:846][  0]LogConfig: Setting CVar [[gc.TimeBetweenPurgingPendingKillObjects:61.1]]
02-05 15:17:30.847 16382 16443 D UE4     : [2019.02.05-20.17.30:847][  0]LogConfig: Setting CVar [[gc.MaxObjectsInEditor:8388607]]
02-05 15:17:30.847 16382 16443 D UE4     : [2019.02.05-20.17.30:847][  0]LogConfig: Setting CVar [[gc.IncrementalBeginDestroyEnabled:1]]
02-05 15:17:30.847 16382 16443 D UE4     : [2019.02.05-20.17.30:847][  0]LogConfig: Setting CVar [[gc.CreateGCClusters:1]]
02-05 15:17:30.847 16382 16443 D UE4     : [2019.02.05-20.17.30:847][  0]LogConfig: Setting CVar [[gc.MergeGCClusters:0]]
02-05 15:17:30.847 16382 16443 D UE4     : [2019.02.05-20.17.30:847][  0]LogConfig: Setting CVar [[gc.MinGCClusterSize:5]]
02-05 15:17:30.847 16382 16443 D UE4     : [2019.02.05-20.17.30:847][  0]LogConfig: Setting CVar [[gc.ActorClusteringEnabled:0]]
02-05 15:17:30.847 16382 16443 D UE4     : [2019.02.05-20.17.30:847][  0]LogConfig: Setting CVar [[gc.BlueprintClusteringEnabled:0]]
02-05 15:17:30.847 16382 16443 D UE4     : [2019.02.05-20.17.30:847][  0]LogConfig: Setting CVar [[gc.UseDisregardForGCOnDedicatedServers:0]]
02-05 15:17:30.847 16382 16443 D UE4     : [2019.02.05-20.17.30:847][  0]LogConfig: Setting CVar [[gc.MaxObjectsInGame:131072]]
02-05 15:17:30.847 16382 16443 D UE4     : [2019.02.05-20.17.30:847][  0]LogConfig: Applying CVar settings from Section [/Script/Engine.NetworkSettings] File [../../../StackerGame/Saved/Config/Android/Engine.ini]
02-05 15:17:30.849 16382 16443 D UE4     : [2019.02.05-20.17.30:849][  0]LogAndroid: Mobile HDR: YES
02-05 15:17:30.849 16382 16443 D UE4     : [2019.02.05-20.17.30:849][  0]LogAndroid: Setting Width=720 and Height=1280 (requested scale = 1.000000)
02-05 15:17:30.850 16382 16443 D UE4     : [2019.02.05-20.17.30:850][  0]LogConfig: Applying CVar settings from Section [ViewDistanceQuality@3] File [../../../StackerGame/Saved/Config/Android/Scalability.ini]
02-05 15:17:30.850 16382 16443 D UE4     : [2019.02.05-20.17.30:850][  0]LogConfig: Setting CVar [[r.SkeletalMeshLODBias:0]]
02-05 15:17:30.850 16382 16443 D UE4     : [2019.02.05-20.17.30:850][  0]LogConfig: Setting CVar [[r.ViewDistanceScale:1.0]]
02-05 15:17:30.850 16382 16443 D UE4     : [2019.02.05-20.17.30:850][  0]LogConfig: Applying CVar settings from Section [AntiAliasingQuality@3] File [../../../StackerGame/Saved/Config/Android/Scalability.ini]
02-05 15:17:30.850 16382 16443 D UE4     : [2019.02.05-20.17.30:850][  0]LogConfig: Setting CVar [[r.PostProcessAAQuality:4]]
02-05 15:17:30.850 16382 16443 D UE4     : [2019.02.05-20.17.30:850][  0]LogConfig: Applying CVar settings from Section [ShadowQuality@3] File [../../../StackerGame/Saved/Config/Android/Scalability.ini]
02-05 15:17:30.850 16382 16443 D UE4     : [2019.02.05-20.17.30:850][  0]LogConfig: Setting CVar [[r.LightFunctionQuality:1]]
02-05 15:17:30.851 16382 16443 D UE4     : [2019.02.05-20.17.30:851][  0]LogConfig: Setting CVar [[r.ShadowQuality:5]]
02-05 15:17:30.851 16382 16443 D UE4     : [2019.02.05-20.17.30:851][  0]LogConfig: Setting CVar [[r.Shadow.CSM.MaxCascades:10]]
02-05 15:17:30.851 16382 16443 D UE4     : [2019.02.05-20.17.30:851][  0]LogConfig: Setting CVar [[r.Shadow.MaxResolution:2048]]
02-05 15:17:30.851 16382 16443 D UE4     : [2019.02.05-20.17.30:851][  0]LogConfig: Setting CVar [[r.Shadow.MaxCSMResolution:2048]]
02-05 15:17:30.851 16382 16443 D UE4     : [2019.02.05-20.17.30:851][  0]LogConfig: Setting CVar [[r.Shadow.RadiusThreshold:0.01]]
02-05 15:17:30.851 16382 16443 D UE4     : [2019.02.05-20.17.30:851][  0]LogConfig: Setting CVar [[r.Shadow.DistanceScale:1.0]]
02-05 15:17:30.851 16382 16443 D UE4     : [2019.02.05-20.17.30:851][  0]LogConfig: Setting CVar [[r.Shadow.CSM.TransitionScale:1.0]]
02-05 15:17:30.851 16382 16443 D UE4     : [2019.02.05-20.17.30:851][  0]LogConfig: Setting CVar [[r.Shadow.PreShadowResolutionFactor:1.0]]
02-05 15:17:30.851 16382 16443 D UE4     : [2019.02.05-20.17.30:851][  0]LogConfig: Setting CVar [[r.DistanceFieldShadowing:1]]
02-05 15:17:30.851 16382 16443 D UE4     : [2019.02.05-20.17.30:851][  0]LogConfig: Setting CVar [[r.DistanceFieldAO:1]]
02-05 15:17:30.851 16382 16443 D UE4     : [2019.02.05-20.17.30:851][  0]LogConfig: Setting CVar [[r.AOQuality:2]]
02-05 15:17:30.851 16382 16443 D UE4     : [2019.02.05-20.17.30:851][  0]LogConfig: Setting CVar [[r.VolumetricFog:1]]
02-05 15:17:30.851 16382 16443 D UE4     : [2019.02.05-20.17.30:851][  0]LogConfig: Setting CVar [[r.VolumetricFog.GridPixelSize:8]]
02-05 15:17:30.851 16382 16443 D UE4     : [2019.02.05-20.17.30:851][  0]LogConfig: Setting CVar [[r.VolumetricFog.GridSizeZ:128]]
02-05 15:17:30.851 16382 16443 D UE4     : [2019.02.05-20.17.30:851][  0]LogConfig: Setting CVar [[r.VolumetricFog.HistoryMissSupersampleCount:4]]
02-05 15:17:30.851 16382 16443 D UE4     : [2019.02.05-20.17.30:851][  0]LogConfig: Setting CVar [[r.LightMaxDrawDistanceScale:1]]
02-05 15:17:30.852 16382 16443 D UE4     : [2019.02.05-20.17.30:852][  0]LogConfig: Setting CVar [[r.CapsuleShadows:1]]
02-05 15:17:30.852 16382 16443 D UE4     : [2019.02.05-20.17.30:852][  0]LogConfig: Applying CVar settings from Section [PostProcessQuality@3] File [../../../StackerGame/Saved/Config/Android/Scalability.ini]
02-05 15:17:30.852 16382 16443 D UE4     : [2019.02.05-20.17.30:852][  0]LogConfig: Setting CVar [[r.MotionBlurQuality:4]]
02-05 15:17:30.852 16382 16443 D UE4     : [2019.02.05-20.17.30:852][  0]LogConfig: Setting CVar [[r.AmbientOcclusionMipLevelFactor:0.4]]
02-05 15:17:30.852 16382 16443 D UE4     : [2019.02.05-20.17.30:852][  0]LogConfig: Setting CVar [[r.AmbientOcclusionMaxQuality:100]]
02-05 15:17:30.852 16382 16443 D UE4     : [2019.02.05-20.17.30:852][  0]LogConfig: Setting CVar [[r.AmbientOcclusionLevels:-1]]
02-05 15:17:30.852 16382 16443 D UE4     : [2019.02.05-20.17.30:852][  0]LogConfig: Setting CVar [[r.AmbientOcclusionRadiusScale:1.0]]
02-05 15:17:30.852 16382 16443 D UE4     : [2019.02.05-20.17.30:852][  0]LogConfig: Setting CVar [[r.DepthOfFieldQuality:2]]
02-05 15:17:30.852 16382 16443 D UE4     : [2019.02.05-20.17.30:852][  0]LogConfig: Setting CVar [[r.RenderTargetPoolMin:400]]
02-05 15:17:30.852 16382 16443 D UE4     : [2019.02.05-20.17.30:852][  0]LogConfig: Setting CVar [[r.LensFlareQuality:2]]
02-05 15:17:30.852 16382 16443 D UE4     : [2019.02.05-20.17.30:852][  0]LogConfig: Setting CVar [[r.SceneColorFringeQuality:1]]
02-05 15:17:30.852 16382 16443 D UE4     : [2019.02.05-20.17.30:852][  0]LogConfig: Setting CVar [[r.EyeAdaptationQuality:2]]
02-05 15:17:30.852 16382 16443 D UE4     : [2019.02.05-20.17.30:852][  0]LogConfig: Setting CVar [[r.BloomQuality:5]]
02-05 15:17:30.852 16382 16443 D UE4     : [2019.02.05-20.17.30:852][  0]LogConfig: Setting CVar [[r.FastBlurThreshold:100]]
02-05 15:17:30.852 16382 16443 D UE4     : [2019.02.05-20.17.30:852][  0]LogConfig: Setting CVar [[r.Upscale.Quality:3]]
02-05 15:17:30.852 16382 16443 D UE4     : [2019.02.05-20.17.30:852][  0]LogConfig: Setting CVar [[r.Tonemapper.GrainQuantization:1]]
02-05 15:17:30.853 16382 16443 D UE4     : [2019.02.05-20.17.30:853][  0]LogConfig: Setting CVar [[r.LightShaftQuality:1]]
02-05 15:17:30.853 16382 16443 D UE4     : [2019.02.05-20.17.30:853][  0]LogConfig: Setting CVar [[r.Filter.SizeScale:1]]
02-05 15:17:30.853 16382 16443 D UE4     : [2019.02.05-20.17.30:853][  0]LogConfig: Setting CVar [[r.Tonemapper.Quality:5]]
02-05 15:17:30.853 16382 16443 D UE4     : [2019.02.05-20.17.30:853][  0]LogConfig: Setting CVar [[r.DOF.Gather.AccumulatorQuality:1        ; higher gathering accumulator quality]]
02-05 15:17:30.853 16382 16443 D UE4     : [2019.02.05-20.17.30:853][  0]LogConfig: Setting CVar [[r.DOF.Gather.PostfilterMethod:1          ; Median3x3 postfilering method]]
02-05 15:17:30.853 16382 16443 D UE4     : [2019.02.05-20.17.30:853][  0]LogConfig: Setting CVar [[r.DOF.Gather.EnableBokehSettings:0       ; no bokeh simulation when gathering]]
02-05 15:17:30.853 16382 16443 D UE4     : [2019.02.05-20.17.30:853][  0]LogConfig: Setting CVar [[r.DOF.Gather.RingCount:4                 ; medium number of samples when gathering]]
02-05 15:17:30.853 16382 16443 D UE4     : [2019.02.05-20.17.30:853][  0]LogConfig: Setting CVar [[r.DOF.Scatter.ForegroundCompositing:1    ; additive foreground scattering]]
02-05 15:17:30.853 16382 16443 D UE4     : [2019.02.05-20.17.30:853][  0]LogConfig: Setting CVar [[r.DOF.Scatter.BackgroundCompositing:2    ; additive background scattering]]
02-05 15:17:30.853 16382 16443 D UE4     : [2019.02.05-20.17.30:853][  0]LogConfig: Setting CVar [[r.DOF.Scatter.EnableBokehSettings:1      ; bokeh simulation when scattering]]
02-05 15:17:30.853 16382 16443 D UE4     : [2019.02.05-20.17.30:853][  0]LogConfig: Setting CVar [[r.DOF.Scatter.MaxSpriteRatio:0.1         ; only a maximum of 10% of scattered bokeh]]
02-05 15:17:30.853 16382 16443 D UE4     : [2019.02.05-20.17.30:853][  0]LogConfig: Setting CVar [[r.DOF.Recombine.Quality:1                ; cheap slight out of focus]]
02-05 15:17:30.853 16382 16443 D UE4     : [2019.02.05-20.17.30:853][  0]LogConfig: Setting CVar [[r.DOF.Recombine.EnableBokehSettings:0    ; no bokeh simulation on slight out of focus]]
02-05 15:17:30.854 16382 16443 D UE4     : [2019.02.05-20.17.30:853][  0]LogConfig: Setting CVar [[r.DOF.TemporalAAQuality:1                ; more stable temporal accumulation]]
02-05 15:17:30.854 16382 16443 D UE4     : [2019.02.05-20.17.30:854][  0]LogConfig: Setting CVar [[r.DOF.Kernel.MaxForegroundRadius:0.025]]
02-05 15:17:30.854 16382 16443 D UE4     : [2019.02.05-20.17.30:854][  0]LogConfig: Setting CVar [[r.DOF.Kernel.MaxBackgroundRadius:0.025]]
02-05 15:17:30.854 16382 16443 D UE4     : [2019.02.05-20.17.30:854][  0]LogConfig: Applying CVar settings from Section [TextureQuality@3] File [../../../StackerGame/Saved/Config/Android/Scalability.ini]
02-05 15:17:30.854 16382 16443 D UE4     : [2019.02.05-20.17.30:854][  0]LogConfig: Setting CVar [[r.Streaming.MipBias:0]]
02-05 15:17:30.854 16382 16443 D UE4     : [2019.02.05-20.17.30:854][  0]LogConfig: Setting CVar [[r.Streaming.AmortizeCPUToGPUCopy:0]]
02-05 15:17:30.854 16382 16443 D UE4     : [2019.02.05-20.17.30:854][  0]LogConfig: Setting CVar [[r.Streaming.MaxNumTexturesToStreamPerFrame:0]]
02-05 15:17:30.854 16382 16443 D UE4     : [2019.02.05-20.17.30:854][  0]LogConfig: Setting CVar [[r.Streaming.Boost:1]]
02-05 15:17:30.854 16382 16443 D UE4     : [2019.02.05-20.17.30:854][  0]LogConfig: Setting CVar [[r.MaxAnisotropy:8]]
02-05 15:17:30.854 16382 16443 D UE4     : [2019.02.05-20.17.30:854][  0]LogConfig: Setting CVar [[r.Streaming.LimitPoolSizeToVRAM:0]]
02-05 15:17:30.854 16382 16443 D UE4     : [2019.02.05-20.17.30:854][  0]LogConfig: Setting CVar [[r.Streaming.PoolSize:1000]]
02-05 15:17:30.854 16382 16443 D UE4     : [2019.02.05-20.17.30:854][  0]LogConfig: Setting CVar [[r.Streaming.MaxEffectiveScreenSize:0]]
02-05 15:17:30.854 16382 16443 D UE4     : [2019.02.05-20.17.30:854][  0]LogConfig: Applying CVar settings from Section [EffectsQuality@3] File [../../../StackerGame/Saved/Config/Android/Scalability.ini]
02-05 15:17:30.854 16382 16443 D UE4     : [2019.02.05-20.17.30:854][  0]LogConfig: Setting CVar [[r.TranslucencyLightingVolumeDim:64]]
02-05 15:17:30.854 16382 16443 D UE4     : [2019.02.05-20.17.30:854][  0]LogConfig: Setting CVar [[r.RefractionQuality:2]]
02-05 15:17:30.854 16382 16443 D UE4     : [2019.02.05-20.17.30:854][  0]LogConfig: Setting CVar [[r.SSR.Quality:3]]
02-05 15:17:30.854 16382 16443 D UE4     : [2019.02.05-20.17.30:854][  0]LogConfig: Setting CVar [[r.SceneColorFormat:4]]
02-05 15:17:30.855 16382 16443 D UE4     : [2019.02.05-20.17.30:855][  0]LogConfig: Setting CVar [[r.DetailMode:2]]
02-05 15:17:30.855 16382 16443 D UE4     : [2019.02.05-20.17.30:855][  0]LogConfig: Setting CVar [[r.TranslucencyVolumeBlur:1]]
02-05 15:17:30.855 16382 16443 D UE4     : [2019.02.05-20.17.30:855][  0]LogConfig: Setting CVar [[r.MaterialQualityLevel:1 ; High quality]]
02-05 15:17:30.855 16382 16443 D UE4     : [2019.02.05-20.17.30:855][  0]LogConfig: Setting CVar [[r.SSS.Scale:1]]
02-05 15:17:30.855 16382 16443 D UE4     : [2019.02.05-20.17.30:855][  0]LogConfig: Setting CVar [[r.SSS.SampleSet:2]]
02-05 15:17:30.855 16382 16443 D UE4     : [2019.02.05-20.17.30:855][  0]LogConfig: Setting CVar [[r.SSS.Quality:1]]
02-05 15:17:30.855 16382 16443 D UE4     : [2019.02.05-20.17.30:855][  0]LogConfig: Setting CVar [[r.SSS.HalfRes:1]]
02-05 15:17:30.855 16382 16443 D UE4     : [2019.02.05-20.17.30:855][  0]LogConfig: Setting CVar [[r.EmitterSpawnRateScale:1.0]]
02-05 15:17:30.855 16382 16443 D UE4     : [2019.02.05-20.17.30:855][  0]LogConfig: Setting CVar [[r.ParticleLightQuality:2]]
02-05 15:17:30.855 16382 16443 D UE4     : [2019.02.05-20.17.30:855][  0]LogConfig: Applying CVar settings from Section [FoliageQuality@3] File [../../../StackerGame/Saved/Config/Android/Scalability.ini]
02-05 15:17:30.855 16382 16443 D UE4     : [2019.02.05-20.17.30:855][  0]LogConfig: Setting CVar [[foliage.DensityScale:1.0]]
02-05 15:17:30.855 16382 16443 D UE4     : [2019.02.05-20.17.30:855][  0]LogConfig: Setting CVar [[grass.DensityScale:1.0]]
02-05 15:17:30.856 16382 16443 D UE4     : [2019.02.05-20.17.30:856][  0]LogAndroid: Vulkan not available as project packaged without bSupportsVulkan or bSupportsVulkanSM5.
02-05 15:17:30.896 16382 16443 D UE4     : [2019.02.05-20.17.30:896][  0]LogAndroid: Checking 32 rules from DeviceProfile ini file.
02-05 15:17:30.897 16382 16443 D UE4     : [2019.02.05-20.17.30:897][  0]LogAndroid:   Default profile: Android_Default
02-05 15:17:30.897 16382 16443 D UE4     : [2019.02.05-20.17.30:897][  0]LogAndroid:   GpuFamily: Mali-T760
02-05 15:17:30.897 16382 16443 D UE4     : [2019.02.05-20.17.30:897][  0]LogAndroid:   GlVersion: OpenGL ES 3.2 v1.r15p0-00rel0.68b65ac7cf15907aeb95fa944f39eef2
02-05 15:17:30.897 16382 16443 D UE4     : [2019.02.05-20.17.30:897][  0]LogAndroid:   VulkanAvailable: false
02-05 15:17:30.897 16382 16443 D UE4     : [2019.02.05-20.17.30:897][  0]LogAndroid:   VulkanVersion: 1.0.26
02-05 15:17:30.897 16382 16443 D UE4     : [2019.02.05-20.17.30:897][  0]LogAndroid:   AndroidVersion: 7.0
02-05 15:17:30.897 16382 16443 D UE4     : [2019.02.05-20.17.30:897][  0]LogAndroid:   DeviceMake: samsung
02-05 15:17:30.897 16382 16443 D UE4     : [2019.02.05-20.17.30:897][  0]LogAndroid:   DeviceModel: SM-N920V
02-05 15:17:30.897 16382 16443 D UE4     : [2019.02.05-20.17.30:897][  0]LogAndroid:   DeviceBuildNumber: NRD90M.N920VVRS3CRH1
02-05 15:17:30.897 16382 16443 D UE4     : [2019.02.05-20.17.30:897][  0]LogAndroid:   UsingHoudini: false
02-05 15:17:30.933  3754  4442 D WifiStateMachine: Current network is: "wilkinson2.4" , ID is: 30
02-05 15:17:30.933  3754  4442 I WifiStateMachine: IMS calling, current network is always qualified
02-05 15:17:30.937 16382 16443 D UE4     : [2019.02.05-20.17.30:937][  0]LogAndroid: Selected Device Profile: [Android_Mali_T7xx]
02-05 15:17:30.937 16382 16443 D UE4     : [2019.02.05-20.17.30:937][  0]LogInit: Applying CVar settings loaded from the selected device profile: [Android_Mali_T7xx]
02-05 15:17:30.939 16382 16443 D UE4     : [2019.02.05-20.17.30:939][  0]LogHAL: Display: Platform has ~ 3 GB [3840643072 / 4294967296 / 4], which maps to Smaller [LargestMinGB=8, LargerMinGB=6, DefaultMinGB=4, SmallerMinGB=3, SmallestMinGB=0)
02-05 15:17:30.939 16382 16443 D UE4     : [2019.02.05-20.17.30:939][  0]LogInit: Going up to parent DeviceProfile [Android_High]
02-05 15:17:30.939 16382 16443 D UE4     : [2019.02.05-20.17.30:939][  0]LogConfig: Setting CVar [[r.BloomQuality:1]]
02-05 15:17:30.939 16382 16443 D UE4     : [2019.02.05-20.17.30:939][  0]LogConfig: Setting CVar [[r.DepthOfFieldQuality:1]]
02-05 15:17:30.939 16382 16443 D UE4     : [2019.02.05-20.17.30:939][  0]LogConfig: Setting CVar [[r.LightShaftQuality:1]]
02-05 15:17:30.939 16382 16443 D UE4     : [2019.02.05-20.17.30:939][  0]LogConfig: Setting CVar [[r.RefractionQuality:1]]
02-05 15:17:30.939 16382 16443 D UE4     : [2019.02.05-20.17.30:939][  0]LogConfig: Setting CVar [[r.MobileContentScaleFactor:1.0]]
02-05 15:17:30.939 16382 16443 D UE4     : [2019.02.05-20.17.30:939][  0]LogInit: Going up to parent DeviceProfile [Android]
02-05 15:17:30.940 16382 16443 D UE4     : [2019.02.05-20.17.30:940][  0]LogConfig: Setting CVar [[r.ShadowQuality:2]]
02-05 15:17:30.940 16382 16443 D UE4     : [2019.02.05-20.17.30:940][  0]LogConfig: Setting CVar [[slate.AbsoluteIndices:1]]
02-05 15:17:30.940 16382 16443 D UE4     : [2019.02.05-20.17.30:940][  0]LogConfig: Setting CVar [[r.Vulkan.DelayAcquireBackBuffer:0]]
02-05 15:17:30.940 16382 16443 D UE4     : [2019.02.05-20.17.30:940][  0]LogConfig: Setting CVar [[r.Vulkan.RobustBufferAccess:1]]
02-05 15:17:30.940 16382 16443 D UE4     : [2019.02.05-20.17.30:940][  0]LogConfig: Setting CVar [[r.Vulkan.DescriptorSetLayoutMode:2]]
02-05 15:17:30.940 16382 16443 D UE4     : [2019.02.05-20.17.30:940][  0]LogInit: Going up to parent DeviceProfile []
02-05 15:17:30.940 16382 16443 D UE4     : [2019.02.05-20.17.30:940][  0]LogConfig: Applying CVar settings from Section [ViewDistanceQuality@3] File [../../../StackerGame/Saved/Config/Android/Scalability.ini]
02-05 15:17:30.940 16382 16443 D UE4     : [2019.02.05-20.17.30:940][  0]LogConfig: Setting CVar [[r.SkeletalMeshLODBias:0]]
02-05 15:17:30.941 16382 16443 D UE4     : [2019.02.05-20.17.30:940][  0]LogConfig: Setting CVar [[r.ViewDistanceScale:1.0]]
02-05 15:17:30.941 16382 16443 D UE4     : [2019.02.05-20.17.30:941][  0]LogConfig: Applying CVar settings from Section [AntiAliasingQuality@3] File [../../../StackerGame/Saved/Config/Android/Scalability.ini]
02-05 15:17:30.941 16382 16443 D UE4     : [2019.02.05-20.17.30:941][  0]LogConfig: Setting CVar [[r.PostProcessAAQuality:4]]
02-05 15:17:30.941 16382 16443 D UE4     : [2019.02.05-20.17.30:941][  0]LogConfig: Applying CVar settings from Section [ShadowQuality@3] File [../../../StackerGame/Saved/Config/Android/Scalability.ini]
02-05 15:17:30.941 16382 16443 D UE4     : [2019.02.05-20.17.30:941][  0]LogConfig: Setting CVar [[r.LightFunctionQuality:1]]
02-05 15:17:30.941 16382 16443 D UE4     : [2019.02.05-20.17.30:941][  0]LogConfig: Setting CVar [[r.ShadowQuality:5]]
02-05 15:17:30.941 16382 16443 D UE4     : [2019.02.05-20.17.30:941][  0]LogConsoleManager: Setting the console variable 'r.ShadowQuality' with 'SetByScalability' was ignored as it is lower priority than the previous 'SetByDeviceProfile'. Value remains '2'
02-05 15:17:30.941 16382 16443 D UE4     : [2019.02.05-20.17.30:941][  0]LogConfig: Setting CVar [[r.Shadow.CSM.MaxCascades:10]]
02-05 15:17:30.941 16382 16443 D UE4     : [2019.02.05-20.17.30:941][  0]LogConfig: Setting CVar [[r.Shadow.MaxResolution:2048]]
02-05 15:17:30.941 16382 16443 D UE4     : [2019.02.05-20.17.30:941][  0]LogConfig: Setting CVar [[r.Shadow.MaxCSMResolution:2048]]
02-05 15:17:30.941 16382 16443 D UE4     : [2019.02.05-20.17.30:941][  0]LogConfig: Setting CVar [[r.Shadow.RadiusThreshold:0.01]]
02-05 15:17:30.941 16382 16443 D UE4     : [2019.02.05-20.17.30:941][  0]LogConfig: Setting CVar [[r.Shadow.DistanceScale:1.0]]
02-05 15:17:30.941 16382 16443 D UE4     : [2019.02.05-20.17.30:941][  0]LogConfig: Setting CVar [[r.Shadow.CSM.TransitionScale:1.0]]
02-05 15:17:30.941 16382 16443 D UE4     : [2019.02.05-20.17.30:941][  0]LogConfig: Setting CVar [[r.Shadow.PreShadowResolutionFactor:1.0]]
02-05 15:17:30.941 16382 16443 D UE4     : [2019.02.05-20.17.30:941][  0]LogConfig: Setting CVar [[r.DistanceFieldShadowing:1]]
02-05 15:17:30.941 16382 16443 D UE4     : [2019.02.05-20.17.30:941][  0]LogConfig: Setting CVar [[r.DistanceFieldAO:1]]
02-05 15:17:30.941 16382 16443 D UE4     : [2019.02.05-20.17.30:941][  0]LogConfig: Setting CVar [[r.AOQuality:2]]
02-05 15:17:30.942 16382 16443 D UE4     : [2019.02.05-20.17.30:942][  0]LogConfig: Setting CVar [[r.VolumetricFog:1]]
02-05 15:17:30.942 16382 16443 D UE4     : [2019.02.05-20.17.30:942][  0]LogConfig: Setting CVar [[r.VolumetricFog.GridPixelSize:8]]
02-05 15:17:30.942 16382 16443 D UE4     : [2019.02.05-20.17.30:942][  0]LogConfig: Setting CVar [[r.VolumetricFog.GridSizeZ:128]]
02-05 15:17:30.942 16382 16443 D UE4     : [2019.02.05-20.17.30:942][  0]LogConfig: Setting CVar [[r.VolumetricFog.HistoryMissSupersampleCount:4]]
