01-09 22:55:18.359  3757  3757 D LightsService: [SvcLED] setSvcLedStateLocked:: SvcLEDState : 0x10 -> 0x0 | SvcLED(id=5) set Off
01-09 22:55:18.359  3757  3757 D BatteryService: turn off LED
01-09 22:55:18.359  3757  3799 D LightsService: [SvcLED] handleForcedSvcLEDTask()
01-09 22:55:18.359  3757  3799 D lights  : led_pattern : 0 +
01-09 22:55:18.360  3268 15880 D bauth_FPBAuthSensorControl: FPBAuthSensorControl, 346
01-09 22:55:18.360  3268 15880 D bauth_FPBAuthService: FPBAuthService, 706
01-09 22:55:18.360  3268 15880 D bauth_FPBAuthService: FPBAuthService, 3142
01-09 22:55:18.362 14510 14510 D InputTransport: Input channel destroyed: fd=54
01-09 22:55:18.363  3757  3799 D lights  : led_pattern : 0 -
01-09 22:55:18.363  3757  3799 D LightsService: [SvcLED]  setSvcLedLightLocked :: Current SvcLED(id=5) maintains its priority right
01-09 22:55:18.363  3757  3799 D PowerManagerUtil: fileWriteString to /sys/power/wake_unlock, LightsService
01-09 22:55:18.364 14510 14510 D InstantMemo_Service: onDestroy()
01-09 22:55:18.364  3268 15880 D bauth_FPBAuthSensorControl: FPBAuthSensorControl, 552
01-09 22:55:18.364  3268 15880 I TLC_BAUTH: Call FP cmd 0x1;841
01-09 22:55:18.364  3757  9599 D TelephonyManager: getAllCellInfo : Caller (PID / UID / TID): 3757 / 1000 / 9599
01-09 22:55:18.364  3268 15880 I tlc_communication: Send Trustlet TCI Message;214
01-09 22:55:18.364  3268 15880 I tlc_communication: mcNotify is completed;224
01-09 22:55:18.366  4616  4616 D SensorManager: Proximity, val = 8.0  [far]
01-09 22:55:18.367  4616  4616 D ViewRootImpl@151652b[StatusBar]: MSG_RESIZED_REPORT: ci=Rect(0, 0 - 0, 0) vi=Rect(0, 0 - 0, 0) or=1
01-09 22:55:18.367  3757  3757 I CAE     : handleMessage(CaPowerManager.java:188) - AP_WAKEUP
01-09 22:55:18.367  3757  3757 I CAE     : updateApPowerStatus(SensorHubParserProvider.java:451) - AP_WAKEUP
01-09 22:55:18.370  3757  3757 I CAE     : sendCmdToSensorHub(SensorHubCommManager.java:162) - -76, 13, -47, 0,
01-09 22:55:18.370  3757  3757 D SensorHubManager: SendSensorHubData: send data = -76, 13, -47, 0
01-09 22:55:18.370  3227 28468 D Sensorhubs: sendContextData: -76, 13, -47, 0
01-09 22:55:18.371 14510 14510 E SpenGLInView: setPageDoc is closed
01-09 22:55:18.371 14510 14510 D SPen_Library: GLCanvas static jboolean SPen::GLCanvasGlue::setPageDoc(JNIEnv*, jclass, jlong, jobject, jboolean) canvas = -534860480 pageDoc = 0 isUpdate = false
01-09 22:55:18.371 14510 14510 E SPen_Library: virtual bool SPen::WorkerThreadImpl::WaitForExecution(). Worker is on pause (Queued task: 0). No task executed executed.
01-09 22:55:18.371 14510 14510 D spe_log : static void SPen::BitmapGL::destroyGLBitmap(SPen::BitmapGL*) bitmap is null
01-09 22:55:18.371 14510 14510 D spe_log : static void SPen::BitmapGL::destroyGLBitmap(SPen::BitmapGL*) bitmap is null
01-09 22:55:18.371 14510 14510 D SPen_Library: SetPageDoc: PageDoc is null..
01-09 22:55:18.371 14510 14510 D SPen_Library: GLCanvas static void SPen::GLCanvasGlue::finalize(JNIEnv*, jclass, jlong) canvas = -534860480
01-09 22:55:18.371 14510 14510 D SPen_Library: GLCanvas virtual void SPen::GLCanvas::ClearData()
01-09 22:55:18.371 14510 14510 E SPen_Library: virtual bool SPen::WorkerThreadImpl::WaitForExecution(). Worker is on pause (Queued task: 5). No task executed executed.
01-09 22:55:18.371 14510 14510 D SPen_Library: virtual SPen::WorkerThreadImpl::~WorkerThreadImpl() Cleanup
01-09 22:55:18.371 14510 14510 E SPen_Library: virtual bool SPen::WorkerThreadImpl::WaitForExecution(). Worker is on pause (Queued task: 0). No task executed executed.
01-09 22:55:18.371 14510 14510 E SPen_Library: virtual bool SPen::WorkerThreadImpl::WaitForExecution(). Worker is on pause (Queued task: 0). No task executed executed.
01-09 22:55:18.371 14510 14510 D spe_log : static void SPen::BitmapGL::destroyGLBitmap(SPen::BitmapGL*) bitmap is null
01-09 22:55:18.371 14510 14510 D spe_log : static void SPen::BitmapGL::destroyGLBitmap(SPen::BitmapGL*) bitmap is null
01-09 22:55:18.371 14510 14510 D SPen_Library: SetPageDoc: PageDoc is null..
01-09 22:55:18.371 14510 14510 D SPen_Library: virtual SPen::WorkerThreadImpl::~WorkerThreadImpl() Cleanup
01-09 22:55:18.371 14510 14510 D spe_log : static void SPen::BitmapGL::destroyGLBitmap(SPen::BitmapGL*) bitmap is null
01-09 22:55:18.371 14510 14510 D spe_log : static void SPen::BitmapGL::destroyGLBitmap(SPen::BitmapGL*) bitmap is null
01-09 22:55:18.371 14510 14510 D spe_log : static void SPen::BitmapGL::destroyGLBitmap(SPen::BitmapGL*) bitmap is null
01-09 22:55:18.371 14510 14510 D spe_log : static void SPen::BitmapGL::destroyGLBitmap(SPen::BitmapGL*) bitmap is null
01-09 22:55:18.371 14510 14510 D spe_log : static void SPen::BitmapGL::destroyGLBitmap(SPen::BitmapGL*) bitmap is null
01-09 22:55:18.371 14510 14510 D spe_log : static void SPen::BitmapGL::destroyGLBitmap(SPen::BitmapGL*) bitmap is null
01-09 22:55:18.371 14510 14510 D spe_log : static void SPen::BitmapGL::destroyGLBitmap(SPen::BitmapGL*) bitmap is null
01-09 22:55:18.371 14510 14510 D spe_log : static void SPen::BitmapGL::destroyGLBitmap(SPen::BitmapGL*) bitmap is null
01-09 22:55:18.371 14510 14510 D spe_log : static void SPen::BitmapGL::destroyGLBitmap(SPen::BitmapGL*) bitmap is null
01-09 22:55:18.371 14510 14510 D spe_log : static void SPen::BitmapGL::destroyGLBitmap(SPen::BitmapGL*) bitmap is null
01-09 22:55:18.371 14510 14510 D spe_log : static void SPen::BitmapGL::destroyGLBitmap(SPen::BitmapGL*) bitmap is null
01-09 22:55:18.371 14510 14510 D spe_log : static void SPen::BitmapGL::destroyGLBitmap(SPen::BitmapGL*) bitmap is null
01-09 22:55:18.371 14510 14510 D spe_log : -----  SPen::PageEffectManager::~PageEffectManager()
01-09 22:55:18.371 14510 14510 D spe_log : ----- void SPen::PageEffectManager::destroyEffect()
01-09 22:55:18.371 14510 14510 E SPen_Library: virtual bool SPen::WorkerThreadImpl::WaitForExecution(). Worker is on pause (Queued task: 10). No task executed executed.
01-09 22:55:18.371 14510 14510 D SPen_Library: TextView SPen::TextView::~TextView()
01-09 22:55:18.371 14510 14510 D SPen_Library: TextDrawing SPen::TextDrawing::~TextDrawing()
01-09 22:55:18.371 14510 14510 D SPen_Library: TextView SPen::TextView::~TextView()
01-09 22:55:18.371 14510 14510 D SPen_Library: TextDrawing SPen::TextDrawing::~TextDrawing()
01-09 22:55:18.371 14510 14510 D SPen_Library: TextView SPen::TextView::~TextView()
01-09 22:55:18.371 14510 14510 D SPen_Library: TextDrawing SPen::TextDrawing::~TextDrawing()
01-09 22:55:18.371 14510 14510 D SPen_Library: TextView SPen::TextView::~TextView()
01-09 22:55:18.371 14510 14510 D SPen_Library: TextDrawing SPen::TextDrawing::~TextDrawing()
01-09 22:55:18.371 14510 14510 I PluginManager: unloadPlugin()
01-09 22:55:18.372 14510 14510 I PluginManager: InkPen
01-09 22:55:18.372 14510 14510 D SPen_Library: InkPenSkia virtual SPen::InkPenSkia::~InkPenSkia()
01-09 22:55:18.372 14510 14510 I PluginManager: unloadPlugin() is completed
01-09 22:55:18.372 14510 14510 D SPen_Library: virtual SPen::WorkerThreadImpl::~WorkerThreadImpl() Cleanup
01-09 22:55:18.372 14510 14510 D SPen_Library: void SPen::ShaderManager::CheckEmpty() All shaders was cleaned
01-09 22:55:18.372 14510 14510 D SPen_Library: Canvas virtual void SPen::GLCanvas::ClearData() completed
01-09 22:55:18.374  3757 32083 I NotificationService: cancelToast pkg=com.samsung.android.snote callback=android.app.ITransientNotification$Stub$Proxy@665cce
01-09 22:55:18.374  3757 32083 W NotificationService: Toast already cancelled. pkg=com.samsung.android.snote callback=android.app.ITransientNotification$Stub$Proxy@665cce
01-09 22:55:18.375 14510 14510 V ZoomPad : stop
01-09 22:55:18.375 14510 14510 V ZoomPad : syn close
01-09 22:55:18.375  3757  7216 I Sensors : Acc old sensor_state 129, new sensor_state : 128 en : 0
01-09 22:55:18.381  3757  3757 D ClientCertificateManager Service: updateLockStatus, user.id 0
01-09 22:55:18.381  3757  3757 I         : CCM JNI: In ccm_update_lock_status
01-09 22:55:18.381  3757  3757 I TZ_CCM_C_Initialize: : DEBUG_CONTAINER_PROBLEM Enter TZ_CCM_C_Initialize_TLC!
01-09 22:55:18.381  3757  3757 I TZ_CCM_C_Initialize: : pInitArgs 0x7ff565ad40 has not called C_Init before.
01-09 22:55:18.381  3757  3757 I TZ_CCM_C_Initialize: : &ctx = 0x7851f892c8
01-09 22:55:18.381  3757  3757 E TZ: client_server_communication: comm_request(0x7839440000) pImpl->serverName : CCM 
01-09 22:55:18.381  3757  3757 E TZ: client_server_communication: comm_request(0x7839440000) <IClientServer>pImpl->sconn : 0x78498dcf80 
01-09 22:55:18.381  3757  3757 E TZ: client_server_communication: comm_request(0x7839440000) <IClientServer>pImpl->sconn->getInterfaceDescriptor() : CCM 
01-09 22:55:18.381  3757  3757 I TZ: client_server_communication: Cmd id = 47, len = 19456
01-09 22:55:18.381  3757  3757 I TZ: client_server_communication: Calling Communicate()
01-09 22:55:18.382  4369  4376 I TLC_SERVER: BnTLCServer::onTransact(2) 16
01-09 22:55:18.382  4369  4376 I TLC_SERVER: COMM
01-09 22:55:18.384 14510 14510 D SensorManager: unregisterListener ::   
01-09 22:55:18.384 14510 14510 D InstantMemo_Service: onDestroy() - end
01-09 22:55:18.386  3227  3261 D Sensorhubs: readContextData: 1, 1, 44, 1, 1, 1, 0, -41, 38, 32, 2, 0, 0, 0, 0, 0, 0, 0, 0, 0, 69, 45
01-09 22:55:18.386  3757  2858 I ActivityManager: Killing 10795:com.verizon.vzwavs/u0a0 (adj 906): DHA:empty #31
01-09 22:55:18.387  3757  4361 D SensorHubManager: onGetSensorHubDataLocked: library(22) = 1, 1, 44, 1, 1, 1, 0, -41, 38, 32, 2, 0, 0, 0, 0, 0, 0, 0, 0, 0, 69, 45
01-09 22:55:18.387  3757  4360 D CAE     : onGetSensorHubData(SensorHubParserProvider.java:94) - onGetSensorHubData Event [event buffer len :22], AP_WAKEUP
01-09 22:55:18.387  3757  4360 I CAE     : parse(SensorHubParserProvider.java:196) - buffer size = 22
01-09 22:55:18.388  3757  4360 I CAE     : parse(SensorHubParserProvider.java:207) - 1, 1, 44, 1, 1, 1, 0, -41, 38, 32, 2, 0, 0, 0, 0, 0, 0, 0, 0, 0, 69, 45,
01-09 22:55:18.388  3757  4360 I CAE     : parse(SLMonitorRunner.java:301) - parse:4
01-09 22:55:18.388  3757  4360 D CAE     : parse(SLMonitorRunner.java:323) - dataSize:1
01-09 22:55:18.389  3757  4360 D CAE     : display(SLMonitorRunner.java:604) - ================= STEP_LEVEL_MONITOR =================
01-09 22:55:18.389  3757  4360 I CAE     : display(SLMonitorRunner.java:721) - DT=[1], DC=[1], TS=[1547092500000], ST=[SE], SC=[0], DI=[0.0], CA=[0.0], DU=[17709]
01-09 22:55:18.390  3757  4364 D SemContextService: updateContext() : event = Step Level Monitor
01-09 22:55:18.391 11359 11359 D SemContextManager: onSemContextChanged() : event = Step Level Monitor
01-09 22:55:18.391 11359 11359 I Sensor[0x06]: [0x01] 33
01-09 22:55:18.392 11359 11359 I Sensor[0x04]: [0x01] 1547092500000[0x02] 0[0x03] 2[0x04] 17709
01-09 22:55:18.401  3757 31269 D ActivityManager: cleanUpApplicationRecord -- 10795
01-09 22:55:18.402  6011  6027 D ForegroundUtils: could not check pending caller
01-09 22:55:18.405  5024  5209 I System.out: Broadcasting: Intent { act=android.intent.action.LTE_SMS_STATUS launchParam=MultiScreenLaunchParams { mDisplayId=0 mFlags=0 } (has extras) }
01-09 22:55:18.408  3757  3757 I TZ_CCM_C_Finalize: : DEBUG_CONTAINER_PROBLEM Exercising TZ_CCM_C_Finalize_TLC
01-09 22:55:18.408  3757  3757 I TZ_CCM_C_Finalize: : There are connections; No C_Finalize for pInitArgs 0x7ff565ad40 
01-09 22:55:18.409  5024  6242 I System.out: Broadcast completed: result=0
01-09 22:55:18.412  3757  3757 D UniversalCredentialManagerService: inside mBReciever onReceive : android.intent.action.SCREEN_ON
01-09 22:55:18.413  3757  3757 D UniversalCredentialManagerService: ****MSG_LOCK_STATUS_UPDATE block started****
01-09 22:55:18.413  3757  3757 D UniversalCredentialManagerService: notifyChangeToPlugin is called for Lock status update...
01-09 22:55:18.413  3757  3757 D UcmService: notifyChangeToPlugin event 15
01-09 22:55:18.414  3757  3757 D UcmService: checkCallerPermissionFor is called for method-notifyChangeToPlugin
01-09 22:55:18.414  3757  3757 I UcmService: checkIfNotify for cs Name = com.samsung.ucs.agent.boot:com.samsung.ucs.agent.boot Package name = com.samsung.ucs.agent.boot
01-09 22:55:18.414  3757  3757 D UcmService: notifying to unmanaged plugin
01-09 22:55:18.414  9678  9689 D BootAgentService: notifyChange eventId-15
01-09 22:55:18.415  3757  3757 D UcmService: activeAgent com.samsung.ucs.agent.boot:com.samsung.ucs.agent.boot notify status - -1
01-09 22:55:18.415  3757  3757 D UcmService: activeAgent status--1
01-09 22:55:18.415  3757  3757 D UniversalCredentialManagerService: ****MSG_LOCK_STATUS_UPDATE block ended****
01-09 22:55:18.423  3757  3757 I WifiTrafficPoller: evaluateTrafficStatsPolling
01-09 22:55:18.431  3757  3757 D LightsService: [api] [SvcLED] turnOff:: id = 6 (uid: 1000 pid: 3757) 
01-09 22:55:18.431  3757  3757 D PowerManagerUtil: fileWriteString to /sys/power/wake_lock, LightsService
01-09 22:55:18.431  3757  3757 D LightsService: [SvcLED] setSvcLedStateLocked:: SvcLEDState : 0x0 -> 0x0 | SvcLED(id=6) set Off
01-09 22:55:18.431  3757  3799 D LightsService: [SvcLED] handleForcedSvcLEDTask()
01-09 22:55:18.431  3757  3799 D LightsService: [SvcLED]  setSvcLedLightLocked :: Current SvcLED(id=5) maintains its priority right
01-09 22:55:18.431  3757  3799 D PowerManagerUtil: fileWriteString to /sys/power/wake_unlock, LightsService
01-09 22:55:18.433  3757  3757 D SmartAlertController: ACTION_SCREEN_ON
01-09 22:55:18.435  3237  8663 D audio_hw_primary: adev_set_parameters: enter: kvpairs: screen_state=on
01-09 22:55:18.436  3757  4458 I WifiConnectivityManager: scheduleWatchdogTimer
01-09 22:55:18.438  3757  3757 D SamsungAlarmManager: Cancel Alarm calling from uid:1000 pid :3757 / op:PendingIntent{5e44896: PendingIntentRecord{a54cc17 android broadcastIntent}}
01-09 22:55:18.441  3757  4458 D SamsungAlarmManager: setInexact Listener (T:2/F:8/AC:false) 20190109T231518 - CU:1000/CP:3757
01-09 22:55:18.450  3757  3757 I MdnieScenarioControlService: action  :  android.intent.action.SCREEN_ON
01-09 22:55:18.450  3757  3757 D MdnieScenarioControlService: isLockScreenOn : true
01-09 22:55:18.451  3268 15880 I tlc_communication: mcWaitNotification is completed;237
01-09 22:55:18.451  3268 15880 I TLC_BAUTH: Check the Trustlet return code is completed;898
01-09 22:55:18.451  3268 15880 D bauth_FPBAuthService: check_opcode status = 0, opcode = 7, func_ret_val = 0, function_status = 0, timeout = 0
01-09 22:55:18.451  3268 15880 I TLC_BAUTH: Call FP cmd 0x1;841
01-09 22:55:18.451  3268 15880 I tlc_communication: Send Trustlet TCI Message;214
01-09 22:55:18.451  3268 15880 I tlc_communication: mcNotify is completed;224
01-09 22:55:18.456  3757  4457 D SamsungAlarmManager: Cancel Alarm calling from uid:1000 pid :3757 / op:PendingIntent{ddcc97a: PendingIntentRecord{ac1252b android broadcastIntent}}
01-09 22:55:18.456  3757  3757 D WifiService: registerForSContext() : successful!
01-09 22:55:18.456  3757  3757 E SemContext.CaeProvider: setAttribute() : attribute is null!
01-09 22:55:18.457  3757  3757 W CAE     : registerCallback(ContextAwareService.java:155) - [regi 01] Mutex is locked for ACTIVITY_TRACKER
01-09 22:55:18.462  3757  3757 V CAE     : start(ContextProvider.java:128)
01-09 22:55:18.463  3757  3757 V CAE     : clear(ActivityTrackerRunner.java:108)
01-09 22:55:18.466  3757  3757 V CAE     : enable(ActivityTrackerRunner.java:84)
01-09 22:55:18.467  3757  3757 I CAE     : sendCmdToSensorHub(SensorHubCommManager.java:162) - -79, 26, 0, 0, 0, 0, 0, 0, 0, 0, 3, 55, 18,
01-09 22:55:18.467  3757  3757 D SensorHubManager: SendSensorHubData: send data = -79, 26, 0, 0, 0, 0, 0, 0, 0, 0, 3, 55, 18
01-09 22:55:18.467  3227  3227 D Sensorhubs: sendContextData: -79, 26, 0, 0, 0, 0, 0, 0, 0, 0, 3, 55, 18
01-09 22:55:18.468  3268 15880 I tlc_communication: mcWaitNotification is completed;237
01-09 22:55:18.468  3268 15880 I TLC_BAUTH: Check the Trustlet return code is completed;898
01-09 22:55:18.468  3268 15880 D bauth_FPBAuthService: check_opcode status = 0, opcode = 0, func_ret_val = 0, function_status = 0, timeout = 0
01-09 22:55:18.468  3268 15880 D bauth_FPBAuthService: FPBAuthService, 3199
01-09 22:55:18.468  3268 15880 D bauth_FPBAuthService: wci 66 66
01-09 22:55:18.469  3268 15880 D         : fprc : cc 
01-09 22:55:18.469  3268 15880 D bauth_FPBAuthSensorControl: FPBAuthSensorControl, 800
01-09 22:55:18.469  3268 15880 D bauth_FPBAuthService: FPBAuthService, 3330
01-09 22:55:18.469  3268 15880 I TLC_BAUTH: Call FP cmd 0x5;1123
01-09 22:55:18.471  3268 15880 I TLC_BAUTH: Check Input Data Param buf addr = 0x0x0 , length = 0;1152
01-09 22:55:18.472  3268 15880 I TLC_BAUTH: Check Output Data Param buf addr = 0x0x0 , length = 0;1163
01-09 22:55:18.473  3268 15880 I tlc_communication: Send Trustlet TCI Message;214
01-09 22:55:18.473  3268 15880 I tlc_communication: mcNotify is completed;224
01-09 22:55:18.475  3757  3757 D CAE     : getFaultDetectionResult(ActivityTrackerRunner.java:154) - true
01-09 22:55:18.476  3757  3757 I CAE     : notifyCmdProcessResultObserver(ContextProvider.java:627) - CheckResult = 0, Cause = Success
01-09 22:55:18.478  3757  4458 D BigDataItemCURR: analyze kernel wifi wakelock 
01-09 22:55:18.480  5024  5209 I System.out: Broadcasting: Intent { act=com.sec.android.LTE_WIDEBAND_INFO flg=0x10000000 launchParam=MultiScreenLaunchParams { mDisplayId=0 mFlags=0 } (has extras) }
01-09 22:55:18.480  3268 15880 I tlc_communication: mcWaitNotification is completed;237
01-09 22:55:18.480  3268 15880 I TLC_BAUTH: Check the Trustlet return code is completed;1207
01-09 22:55:18.480  3268 15880 D bauth_FPBAuthService: FPBAuthService, 3335
01-09 22:55:18.480  3268 15880 D bauth_FPBAuthService: check_opcode status = 2, opcode = 0, func_ret_val = 0, function_status = 0, timeout = 0
01-09 22:55:18.480  3268 15880 D bauth_FPBAuthService: FPBAuthService, 1145
01-09 22:55:18.480  3268 15880 D bauth_FPBAuthService: fpop : 100020
01-09 22:55:18.481  3268 15880 D fingerprintd: onAcquired(10001)
01-09 22:55:18.483  3268 15880 D bauth_FPBAuthUserInfo: FPBAuthUserInfo, 177
01-09 22:55:18.483  3268 15880 D bauth_FPBAuthService: FPBAuthService, 3388
01-09 22:55:18.484  3268 15880 I TLC_BAUTH: Call FP cmd 0x6;1222
01-09 22:55:18.484  3268 15880 I tlc_communication: Send Trustlet TCI Message;214
01-09 22:55:18.484  3268 15880 I tlc_communication: mcNotify is completed;224
01-09 22:55:18.487  3757  3757 D CAE     : doCommendProcess(ContextAwareService.java:444) - complete notify the operation result.
01-09 22:55:18.489  3757  3757 I CAE     : displayUsedCountForService(ContextAwareService.java:536) - totalCnt = 1, serviceCount = 1, subCollectionCount = 0
01-09 22:55:18.489  3757  3757 D CAE     : showListenerList(ContextAwareService.java:377) - ===== Context Aware Service List =====
01-09 22:55:18.490  3757  3757 I CAE     : showListenerList(ContextAwareService.java:386) - Listener : com.samsung.android.contextaware.manager.ContextAwareService$Listener@ede0346, Service : ACTIVITY_TRACKER_CURRENT_INFO(1)
01-09 22:55:18.490  3757  3757 I CAE     : showListenerList(ContextAwareService.java:386) - Listener : com.samsung.android.contextaware.manager.ContextAwareService$Listener@ede0346, Service : ACTIVITY_TRACKER(1)
01-09 22:55:18.490  3757  3757 I CAE     : showListenerList(ContextAwareService.java:386) - Listener : com.samsung.android.contextaware.manager.ContextAwareService$Listener@a1e54e0, Service : PEDOMETER(1)
01-09 22:55:18.490  3757  3757 I CAE     : showListenerList(ContextAwareService.java:386) - Listener : com.samsung.android.contextaware.manager.ContextAwareService$Listener@a1e54e0, Service : PEDOMETER_CURRENT_INFO(1)
01-09 22:55:18.491  3757  3757 I CAE     : showListenerList(ContextAwareService.java:386) - Listener : com.samsung.android.contextaware.manager.ContextAwareService$Listener@be8214b, Service : ACTIVITY_TRACKER_BATCH(1)
01-09 22:55:18.491  3757  3757 I CAE     : showListenerList(ContextAwareService.java:386) - Listener : com.samsung.android.contextaware.manager.ContextAwareService$Listener@18edc41, Service : STEP_LEVEL_MONITOR(1)
01-09 22:55:18.491  3757  3757 I CAE     : showListenerList(ContextAwareService.java:386) - Listener : com.samsung.android.contextaware.manager.ContextAwareService$Listener@4e90faf, Service : SENSOR_STATUS_CHECK_RUNNER(1)
01-09 22:55:18.492  3757  3757 I CAE     : showListenerList(ContextAwareService.java:386) - Listener : com.samsung.android.contextaware.manager.ContextAwareService$Listener@2641593, Service : AUTO_BRIGHTNESS(1)
01-09 22:55:18.492  3227  3261 D Sensorhubs: readContextData: 1, 1, 48, 0, 0, 0, 63, 0, 0, 0, 17
01-09 22:55:18.492  3757  3757 W CAE     : registerCallback(ContextAwareService.java:191) - [regi 02] Mutex is unlocked for ACTIVITY_TRACKER
01-09 22:55:18.492  3757  3757 D SemContextService: 	.registerCallback : 5, client=
01-09 22:55:18.492  3757  3757 D SemContextService: ===== SemContext Service List =====
01-09 22:55:18.492  3757  3757 D SemContextService: Listener : com.samsung.android.hardware.context.SemContextService$Listener@8069509, Service : Pedometer
01-09 22:55:18.492  3757  3757 D SemContextService: Listener : com.samsung.android.hardware.context.SemContextService$Listener@8069509, Service : Step Level Monitor
01-09 22:55:18.492  3757  3757 D SemContextService: Listener : com.samsung.android.hardware.context.SemContextService$Listener@6fd3728, Service : Activity Batch
01-09 22:55:18.492  3757  3757 D SemContextService: Listener : com.samsung.android.hardware.context.SemContextService$Listener@a5d2fbc, Service : Sensor Status Check
01-09 22:55:18.492  3757  3757 D SemContextService: Listener : com.samsung.android.hardware.context.SemContextService$Listener@5e229d0, Service : Auto Brightness
01-09 22:55:18.492  3757  4361 D SensorHubManager: onGetSensorHubDataLocked: library(11) = 1, 1, 48, 0, 0, 0, 63, 0, 0, 0, 17
01-09 22:55:18.493  3757  3757 D SemContextService: Listener : com.samsung.android.hardware.context.SemContextService$Listener@13077ef, Service : Activity Tracker
01-09 22:55:18.493  3757  3757 D SemContextManager:   .registerListener : listener = android.hardware.scontext.SContextManager$SContextListenerDelegate@92f8a34, service=Activity Tracker
01-09 22:55:18.493  3757  3757 D SContextManager:   .registerListener : listener = com.android.server.wifi.WifiServiceImpl$1@6b021a5, service=Activity Tracker
01-09 22:55:18.493  3757  3757 W CAE     : getContextInfo(ContextAwareService.java:468) - [getContext 01] Mutex is locked for ACTIVITY_TRACKER_CURRENT_INFO
01-09 22:55:18.493  3757  4360 D CAE     : onGetSensorHubData(SensorHubParserProvider.java:94) - onGetSensorHubData Event [event buffer len :11], AP_WAKEUP
01-09 22:55:18.494  3757  4360 I CAE     : parse(SensorHubParserProvider.java:196) - buffer size = 11
01-09 22:55:18.494  4616  4823 D NetworkController.MobileSignalController(0/1): onSignalStrengthsChanged signalStrength=SignalStrength: 99 99 -120 -160 -120 -1 -1 16 -120 -15 -38 2147483647 2147483647 0x1000 gsm|lte level=1
01-09 22:55:18.494  4616  4823 D NetworkController.MobileSignalController(0/1): getMobileIconGroup(): 13
01-09 22:55:18.494  4616  4823 D NetworkController.MobileSignalController(0/1): updateVZWMobileIconGroup(): 13
01-09 22:55:18.494  5035  5670 D EPDG -- [SMARTWIFI]: onSignalStrengthsChanged: Received signal strength change, phone type is: 2
01-09 22:55:18.494  3757  4360 I CAE     : parse(SensorHubParserProvider.java:207) - 1, 1, 48, 0, 0, 0, 63, 0, 0, 0, 17,
01-09 22:55:18.494  3757  3757 V CAE     : enable(ActivityTrackerCurrentInfoRunner.java:178)
01-09 22:55:18.494  5035  6445 D EPDG -- [MODEM]: message length is  9
01-09 22:55:18.495  3757  3757 V CAE     : clear(ActivityTrackerCurrentInfoRunner.java:202)
01-09 22:55:18.495  3757  3757 I CAE     : sendCmdToSensorHub(SensorHubCommManager.java:162) - -72, 26, 1, 0,
01-09 22:55:18.495  5035  6445 D EPDG -- [MODEM]: countRead is 7 offset is 7remaining is 0
01-09 22:55:18.495  3757  3757 D SensorHubManager: SendSensorHubData: send data = -72, 26, 1, 0
01-09 22:55:18.495  5035  6446 D EPDG -- [SMARTWIFI]: lastLteRSRP is -120currentLteRSRP is -120
01-09 22:55:18.495  5035  6445 D EPDG -- EpdgIpcMessageFactory: ipcMainCmd: 8
01-09 22:55:18.495  5035  6446 D EPDG -- [SMARTWIFI]: lastLteRSRQ is -15currentLteRSRQ is -15
01-09 22:55:18.495  5035  6445 D EPDG -- [UTILS]: isUSerBinary: true
01-09 22:55:18.495  3757  4360 D CAE     : display(ContextProvider.java:375) - ================= AUTO_BRIGHTNESS =================
01-09 22:55:18.496  3227 28469 D Sensorhubs: sendContextData: -72, 26, 1, 0
01-09 22:55:18.496  5035  6445 D EPDG -- [RILRECEIVER]: [Rx]: Main: IPC_NET_CMD Sub: IPC_NET_REGIST
01-09 22:55:18.496  5035  6445 D EPDG -- [RILRECEIVER]: [Rx]: Param: FF 03 
01-09 22:55:18.496  5035  6445 I EPDG -- [RILRECEIVER]: RX [NET_REGIST] -- RESPONSE -- EPDG AVAILABLE
01-09 22:55:18.496  5035  6445 D EPDG -- [NETIPCMESSAGE]: encodeNetRegist
01-09 22:55:18.496  5035  6445 D EPDG -- [UTILS]: isUSerBinary: true
01-09 22:55:18.496  3757  4360 I CAE     : display(ContextProvider.java:391) - Candela=[63], AmbientLux=[17]
01-09 22:55:18.497  5035  6446 D EPDG -- [SMARTWIFI]: lastCdmaDb is -16currentCdmaDb is -16
01-09 22:55:18.497  5035  6446 V EPDG -- [SMARTWIFI]: Radio oldest entry removed
01-09 22:55:18.497  5035  6446 V EPDG -- [SMARTWIFI]: New entry : (SignalStrength: 99 99 -120 -160 -120 -1 -1 16 -120 -15 -38 2147483647 2147483647 0x1000 gsm|lte : 0 )
01-09 22:55:18.497  5035  6446 V EPDG -- [SMARTWIFI]: Radio entry added
01-09 22:55:18.497  3757  4364 D SemContextService: updateContext() : event = Auto Brightness
01-09 22:55:18.498  3757  4552 D SemContextManager: onSemContextChanged() : event = Auto Brightness
01-09 22:55:18.498  3757  4552 D SContextManager: onSContextChanged() : event = Auto Brightness
01-09 22:55:18.498  3757  4552 D AutomaticBrightnessController: [DAB] onSensorHubChanged : 1st lux = 17.0, 1st candela = 63.0
01-09 22:55:18.498  3757  4552 D AutomaticBrightnessController: [DAB] updateAutoBrightnessSEC : 49(49.0)    0.0 < 17.0 < 113.0 (0.0)
01-09 22:55:18.498  3757  4552 D AutomaticBrightnessController: mCallbacks.updateBrightness()
01-09 22:55:18.498  3757  3795 D DisplayPowerController: animateScreenStateChange[0]: target=2
01-09 22:55:18.498  3757  3795 D DisplayPowerController: animateScreenStateChange[0]: return as screen on blocked
01-09 22:55:18.498  3757  3795 D DisplayPowerController: [Dual Screen Compatible] state[0] :2
01-09 22:55:18.498  3757  3795 D DisplayPowerController: getFinalBrightness : Summary is 116 -> 116
01-09 22:55:18.498  3757  3795 D DisplayPowerController: Animating brightness: target=116, rate=2000 (PSM:true, AB limit:(-1 ~ -1) MB Limit:(-1 ~ -1))
01-09 22:55:18.498  5035  6445 D EPDG -- [IPCDISPATCHER]: [Tx]: Main: IPC_NET_CMD Sub: IPC_NET_REGIST Cmd Type: IPC_CMD_RESP
01-09 22:55:18.499  5035  6445 D EPDG -- [IPCDISPATCHER]: [Tx]: Param: 30 03 02 00 00 00 00 00 00 00 00 00 00 
01-09 22:55:18.499  5035  6445 D EPDG -- [MODEM]: EpdgModem instance already exists !
01-09 22:55:18.499  5035  6442 D EPDG -- [MODEM]: Successfully written to RIL
01-09 22:55:18.502  3757  3800 D SurfaceControl: Excessive delay in setPowerMode(): 283ms
01-09 22:55:18.502  3757  3800 D PowerManagerUtil: Excessive delay in !@display_state: ON: 284ms
01-09 22:55:18.503  3757  3795 D DisplayPowerController: animateScreenStateChange[0]: target=2
01-09 22:55:18.503  3757  3795 D DisplayPowerController: animateScreenStateChange[0]: return as screen on blocked
01-09 22:55:18.503  3757  3795 D DisplayPowerController: [Dual Screen Compatible] state[0] :2
01-09 22:55:18.503  3757  3795 D DisplayPowerController: getFinalBrightness : Summary is 116 -> 116
01-09 22:55:18.503  3757 32083 D WindowManager: finishDrawingWindow: Window{8fc7025d0 u0 StatusBar} mDrawState=DRAW_PENDING
01-09 22:55:18.503  3757  3795 D DisplayPowerController: Animating brightness: target=116, rate=2000 (PSM:true, AB limit:(-1 ~ -1) MB Limit:(-1 ~ -1))
01-09 22:55:18.507  5035  5670 D EPDG -- [SMARTWIFI]: onSignalStrengthsChanged: Received signal strength change, phone type is: 2
01-09 22:55:18.508  5035  5670 D EPDG -- [EPDGService]: Event received: RIL_EPDG_STATUS_QUERY
01-09 22:55:18.508  5035  5670 D EPDG -- [EPDGService]: handleMessage: cid - 2
01-09 22:55:18.508  5035  6446 D EPDG -- [SMARTWIFI]: lastLteRSRP is -120currentLteRSRP is -120
01-09 22:55:18.508  5035  6446 D EPDG -- [SMARTWIFI]: lastLteRSRQ is -15currentLteRSRQ is -15
01-09 22:55:18.508  5035  6446 D EPDG -- [SMARTWIFI]: lastCdmaDb is -16currentCdmaDb is -16
01-09 22:55:18.508  5035  6446 V EPDG -- [SMARTWIFI]: Radio oldest entry removed
01-09 22:55:18.508  5035  6446 V EPDG -- [SMARTWIFI]: New entry : (SignalStrength: 99 99 -120 -160 -120 -1 -1 16 -120 -15 -38 2147483647 2147483647 0x1000 gsm|lte : 0 )
01-09 22:55:18.508  5035  6446 V EPDG -- [SMARTWIFI]: Radio entry added
01-09 22:55:18.509  3757  3757 D CAE     : getFaultDetectionResult(ActivityTrackerCurrentInfoRunner.java:214) - true
01-09 22:55:18.511  3757  3757 I CAE     : notifyCmdProcessResultObserver(ContextProvider.java:627) - CheckResult = 0, Cause = Success
01-09 22:55:18.511  3757 15899 D MISC PowerHAL: sysfs_write +: /sys/class/input/event2/device/enabled: 1
01-09 22:55:18.511  3757 15899 D MISC PowerHAL: sysfs_write -: /sys/class/input/event2/device/enabled: 1
01-09 22:55:18.511  3757  3774 D CompatibilityInfo: mCompatibilityFlags - 0
01-09 22:55:18.511  3757  3774 D CompatibilityInfo: applicationDensity - 420
01-09 22:55:18.511  3757  3774 D CompatibilityInfo: applicationScale - 1.0
01-09 22:55:18.515  3227  3261 D Sensorhubs: readContextData: 1, 1, 26, 1, 0, -41, 107, -54, 1, 1
01-09 22:55:18.515  3757  4361 D SensorHubManager: onGetSensorHubDataLocked: library(10) = 1, 1, 26, 1, 0, -41, 107, -54, 1, 1
01-09 22:55:18.517  3757 15901 D MISC PowerHAL: sysfs_write +: /sys/class/input/event0/device/enabled: 1
01-09 22:55:18.518  3757 15902 D MISC PowerHAL: sysfs_write +: /sys/class/input/event1/device/enabled: 1
01-09 22:55:18.518 14150 14150 D [WeatherWidget(15061)]  AutoRefreshReceiver: {[43EB1C024052B99D53E991930172379613F1DDEBA8981688ED2B3D727735919C70C5D7BBF5F50DDC0CF8C19D95633ACD7E4A65BD04C0F25CEB4C410885D1A56202B0B922715AB19814BFCF7276BE09FC]}
01-09 22:55:18.519  3757  4360 D CAE     : onGetSensorHubData(SensorHubParserProvider.java:94) - onGetSensorHubData Event [event buffer len :10], AP_WAKEUP
01-09 22:55:18.519  3757  4360 I CAE     : parse(SensorHubParserProvider.java:196) - buffer size = 10
01-09 22:55:18.520  4616  4823 D NetworkController.MobileSignalController(0/1): callState:0, callStateByPhone:false voLTECall:false voiceNetTpe:13 dataNetType:13, ine911:false, emergencyCallbackMode:false
01-09 22:55:18.520  3757  4360 I CAE     : parse(SensorHubParserProvider.java:207) - 1, 1, 26, 1, 0, -41, 107, -54, 1, 1,
01-09 22:55:18.521  3757  4360 D CAE     : display(ContextProvider.java:375) - ================= ACTIVITY_TRACKER =================
01-09 22:55:18.521  3757  4360 I CAE     : display(ContextProvider.java:391) - Accuracy=[1], OperationMode=[0], ActivityType=[1], TimeStamp=[1547092517834]
01-09 22:55:18.522  3757  3757 W CAE     : getContextInfo(ContextAwareService.java:522) - [getContext 02] Mutex is unlocked for ACTIVITY_TRACKER_CURRENT_INFO
01-09 22:55:18.522  3757  3757 D SemContextService: requestToUpdate() : service = Activity Tracker
01-09 22:55:18.522  3757  3757 D SemContextManager:   .requestToUpdate : listener = android.hardware.scontext.SContextManager$SContextListenerDelegate@92f8a34, service=Activity Tracker
01-09 22:55:18.523  3757  4364 D SemContextService: updateContext() : event = Activity Tracker
01-09 22:55:18.523  3757  3775 W CAE     : setCAProperty(ContextAwareService.java:589) - [setProperty 01] Mutex is locked for AUTO_ROTATION
01-09 22:55:18.524  3757  3775 I CAE     : setPropertyValue(AutoRotationRunner.java:119) - Device Type = 0.0
01-09 22:55:18.524  3757  3775 I CAE     : setCAProperty(ContextAwareService.java:594) - result : true
01-09 22:55:18.525  3757  3775 W CAE     : setCAProperty(ContextAwareService.java:595) - [setProperty 02] Mutex is unlocked for AUTO_ROTATION
01-09 22:55:18.526  3757  3775 W CAE     : registerCallback(ContextAwareService.java:155) - [regi 01] Mutex is locked for AUTO_ROTATION
01-09 22:55:18.527  3757  5062 D ConnectivityService: filterNetworkStateForUid() uid: 10184 networkInfo: [type: WIFI[] - WIFI, state: CONNECTED/CONNECTED, reason: (unspecified), extra: "wilkinson2.4", failover: false, available: true, roaming: false, metered: false]
01-09 22:55:18.527  3757  3775 V CAE     : start(ContextProvider.java:128)
01-09 22:55:18.528  3757  3757 I FingerprintService: handleAcquired : acquiredInfo=10001
01-09 22:55:18.528  3757  3757 D SemContextManager: onSemContextChanged() : event = Activity Tracker
01-09 22:55:18.528 14150 14150 D [WeatherWidget(15061)]  AutoRefresh: {[A9E3247E6374877349C1CACD1460A265047B4B2A8D20B86E535A74106B5E6A0A318C3719B498E2BF9C7AF2698CA594848F08ADD8A2511B1553E93A28557AA4003EEA54A693F24BBF50FE4F5CB87D566F]}
01-09 22:55:18.531  5035  6445 D EPDG -- [MODEM]: message length is  9
01-09 22:55:18.531  5035  6445 D EPDG -- [MODEM]: countRead is 7 offset is 7remaining is 0
01-09 22:55:18.531  5035  6445 D EPDG -- EpdgIpcMessageFactory: ipcMainCmd: 8
01-09 22:55:18.532  5035  6445 D EPDG -- [UTILS]: isUSerBinary: true
01-09 22:55:18.532  3757  3757 D SContextManager: onSContextChanged() : event = Activity Tracker
01-09 22:55:18.532  3757  3757 D WifiService: onSContextChanged(): status - 1, mPrevActivityStatus - -1, accuracy - 1
01-09 22:55:18.532  3757  3757 D WifiStateMachine: setActivityStatus() : status - 1
01-09 22:55:18.532  5035  6445 D EPDG -- [RILRECEIVER]: [Rx]: Main: IPC_NET_CMD Sub: IPC_NET_REGIST
01-09 22:55:18.532  5035  6445 D EPDG -- [RILRECEIVER]: [Rx]: Param: FF 03 
01-09 22:55:18.532  5035  6445 I EPDG -- [RILRECEIVER]: RX [NET_REGIST] -- RESPONSE -- EPDG AVAILABLE
01-09 22:55:18.532  5035  6445 D EPDG -- [NETIPCMESSAGE]: encodeNetRegist
01-09 22:55:18.532  5035  6445 D EPDG -- [UTILS]: isUSerBinary: true
01-09 22:55:18.533  3757  3775 V CAE     : clear(AutoRotationRunner.java:182)
01-09 22:55:18.533  5035  6445 D EPDG -- [IPCDISPATCHER]: [Tx]: Main: IPC_NET_CMD Sub: IPC_NET_REGIST Cmd Type: IPC_CMD_RESP
01-09 22:55:18.533  5035  6445 D EPDG -- [IPCDISPATCHER]: [Tx]: Param: 30 03 02 00 00 00 00 00 00 00 00 00 00 
01-09 22:55:18.533  5035  6445 D EPDG -- [MODEM]: EpdgModem instance already exists !
01-09 22:55:18.534  5035  5670 D EPDG -- [EPDGService]: Event received: RIL_EPDG_STATUS_QUERY
01-09 22:55:18.534  5035  6442 D EPDG -- [MODEM]: Successfully written to RIL
01-09 22:55:18.534  5035  5670 D EPDG -- [EPDGService]: handleMessage: cid - 2
01-09 22:55:18.535  3227  3261 D Sensorhubs: readContextData: 1, 1, 26, 1, 0, -41, 107, -54, 1, 1
01-09 22:55:18.536  3757  4361 D SensorHubManager: onGetSensorHubDataLocked: library(10) = 1, 1, 26, 1, 0, -41, 107, -54, 1, 1
01-09 22:55:18.536  3757  4360 D CAE     : onGetSensorHubData(SensorHubParserProvider.java:94) - onGetSensorHubData Event [event buffer len :10], AP_WAKEUP
01-09 22:55:18.537  3757  4360 I CAE     : parse(SensorHubParserProvider.java:196) - buffer size = 10
01-09 22:55:18.537  3757  4360 I CAE     : parse(SensorHubParserProvider.java:207) - 1, 1, 26, 1, 0, -41, 107, -54, 1, 1,
01-09 22:55:18.538  3757  4360 D CAE     : display(ContextProvider.java:375) - ================= ACTIVITY_TRACKER =================
01-09 22:55:18.543  3757  4360 I CAE     : display(ContextProvider.java:391) - Accuracy=[1], OperationMode=[0], ActivityType=[1], TimeStamp=[1547092517834]
01-09 22:55:18.544  3757  4364 D SemContextService: updateContext() : event = Activity Tracker
01-09 22:55:18.544  3757  3775 V CAE     : enable(AutoRotationRunner.java:158)
01-09 22:55:18.544  3757  3757 D SemContextManager: onSemContextChanged() : event = Activity Tracker
01-09 22:55:18.544  3757  3757 D SContextManager: onSContextChanged() : event = Activity Tracker
01-09 22:55:18.544  3757  3757 D WifiService: onSContextChanged(): status - 1, mPrevActivityStatus - 1, accuracy - 1
01-09 22:55:18.545  3757  3775 I CAE     : sendCmdToSensorHub(SensorHubCommManager.java:162) - -79, 7, 0, 0,
01-09 22:55:18.545  3757  3775 D SensorHubManager: SendSensorHubData: send data = -79, 7, 0, 0
01-09 22:55:18.546  3227  3262 D Sensorhubs: sendContextData: -79, 7, 0, 0
01-09 22:55:18.546 14150 14150 D [WeatherWidget(15061)]  WidgetCount: {[58A211B6B849F6AF6FA5E7616FBE3EE98829A5398C07564C0DB3BFB5D240ABC2]}
01-09 22:55:18.547 14150 14150 D [WeatherWidget(15061)]  WidgetCount: {[CCB0E3EE44F2E0E1B203CCF447EC08807DF4714E0771C754FA3E35B5E7EAE40E]}
01-09 22:55:18.548  4616  4616 D KeyguardFingerPrint: onAuthenticationAcquired() = 10001
01-09 22:55:18.548  4616  4616 D KeyguardFingerPrint: fingerprint applyBooster
01-09 22:55:18.554 14150 14150 E [WeatherWidget(15061)]  WidgetCount: {[374860753549FBD2F918DC857B953F313E9B8F988E44851CE755F67D26C95D016AF425B8FD52D50AAADE15BD72796BD97B25BA6B1BDCA76BF677FE6939A5017D668B9E8EC407FA006075FF844D51C8FD9400AEE403E6DEC7D3F815F25E43901867B355D5E1B80C22A076B997AD520968371ABDEBA654476CC49C0CCD33CEA4A489A0C57739E14E2A476B42DA7A26D30D59D7DA05154E3563CAAA0A17792969B155FEA6E50C9AD41B085C7EFF1598DA8F490909B7EAB9742EC344F539A191602F]}
01-09 22:55:18.555 14150 14150 W [WeatherWidget(15061)]  AutoRefresh: {[D53A15B67DB17F41440E345CD99455465D14694CE8A1269A7EAEFB5F96F16958FCB3D277A8B58C501F891D03498ECC9427A8A1B0948A5E10DA07EA8EC78439C75EBAA6F21FEB79925A2942C24267D985]}
01-09 22:55:18.555  3757  3775 D CAE     : getFaultDetectionResult(AutoRotationRunner.java:195) - true
01-09 22:55:18.555 14150 14150 D [WeatherWidget(15061)]  AutoRefresh: {[DD8FBC6D54171C39FC146F4B92E3003C5649E9338C118EF80D124C9BCEAD78BA61F7857D909A4E3326EAB74998CBDDFA]}
01-09 22:55:18.556 14150 14150 D [WeatherWidget(15061)]  AutoRefresh: {[DAA3029AD21664020D6C01A02A23662F55CB720E0A93F0107429254F30560EA350135D7C073ACB5A1F901A83E1981A11E94F264434D2EAE841C590F4A83E571C]}
01-09 22:55:18.557  3757  3775 I CAE     : notifyCmdProcessResultObserver(ContextProvider.java:627) - CheckResult = 0, Cause = Success
01-09 22:55:18.558 14150 14150 D [WeatherWidget(15061)]  WidgetCount: {[58A211B6B849F6AF6FA5E7616FBE3EE98829A5398C07564C0DB3BFB5D240ABC2]}
01-09 22:55:18.558 14150 14150 D [WeatherWidget(15061)]  WidgetCount: {[CCB0E3EE44F2E0E1B203CCF447EC08807DF4714E0771C754FA3E35B5E7EAE40E]}
01-09 22:55:18.559 14150 14150 E [WeatherWidget(15061)]  WidgetCount: {[374860753549FBD2F918DC857B953F313E9B8F988E44851CE755F67D26C95D016AF425B8FD52D50AAADE15BD72796BD97B25BA6B1BDCA76BF677FE6939A5017D668B9E8EC407FA006075FF844D51C8FD9400AEE403E6DEC7D3F815F25E43901867B355D5E1B80C22A076B997AD520968371ABDEBA654476CC49C0CCD33CEA4A489A0C57739E14E2A476B42DA7A26D30D59D7DA05154E3563CAAA0A17792969B155FEA6E50C9AD41B085C7EFF1598DA8F490909B7EAB9742EC344F539A191602F]}
01-09 22:55:18.559 14150 14150 W [WeatherWidget(15061)]  AutoRefresh: {[D53A15B67DB17F41440E345CD99455465D14694CE8A1269A7EAEFB5F96F16958FCB3D277A8B58C501F891D03498ECC9427A8A1B0948A5E10DA07EA8EC78439C75EBAA6F21FEB79925A2942C24267D985]}
01-09 22:55:18.559 14150 14150 D [WeatherWidget(15061)]  AutoRefresh: {[5F2692A23F5F6D2A0A639C030BC7D4C8A55F06D138BD1B68810084C2CD59BD8633C1B2E4914F4726527FD2C2C22EA269BA1A12A059ECBF025DB486C676F83D853BB13F957BBE26259B67B2670649283C051FA75A9DD1690B3DAE22B1FF7A66FD]}
01-09 22:55:18.559  3757 31270 D PowerManagerService: [api] [s] userActivity : event: 0 flags: 0 (uid: 10055 pid: 4616) eventTime = 112345724
01-09 22:55:18.561 14150 14150 D [WeatherWidget(15061)]  WidgetCount: {[58A211B6B849F6AF6FA5E7616FBE3EE98829A5398C07564C0DB3BFB5D240ABC2]}
01-09 22:55:18.561 14150 14150 D [WeatherWidget(15061)]  WidgetCount: {[CCB0E3EE44F2E0E1B203CCF447EC08807DF4714E0771C754FA3E35B5E7EAE40E]}
01-09 22:55:18.561  4616  4823 D NetworkController: onReceive: intent=Intent { act=com.sec.android.LTE_WIDEBAND_INFO flg=0x10000010 launchParam=MultiScreenLaunchParams { mDisplayId=0 mFlags=0 } bqHint=0 (has extras) }
01-09 22:55:18.561 14150 14150 E [WeatherWidget(15061)]  WidgetCount: {[374860753549FBD2F918DC857B953F313E9B8F988E44851CE755F67D26C95D016AF425B8FD52D50AAADE15BD72796BD97B25BA6B1BDCA76BF677FE6939A5017D668B9E8EC407FA006075FF844D51C8FD9400AEE403E6DEC7D3F815F25E43901867B355D5E1B80C22A076B997AD520968371ABDEBA654476CC49C0CCD33CEA4A489A0C57739E14E2A476B42DA7A26D30D59D7DA05154E3563CAAA0A17792969B155FEA6E50C9AD41B085C7EFF1598DA8F490909B7EAB9742EC344F539A191602F]}
01-09 22:55:18.562  4616  4823 D NetworkController.MobileSignalController(0/1): LTE WIDEBAND : mCurrentState.isCAIndicator = false oldCAIndicator = false
01-09 22:55:18.562 14150 14150 W [WeatherWidget(15061)]  AutoRefresh: {[D53A15B67DB17F41440E345CD99455465D14694CE8A1269A7EAEFB5F96F16958FCB3D277A8B58C501F891D03498ECC9427A8A1B0948A5E10DA07EA8EC78439C75EBAA6F21FEB79925A2942C24267D985]}
01-09 22:55:18.562 14150 14150 D [WeatherWidget(15061)]  AutoRefresh: {[BB2DDE1AFA7743067A9042988155B749BF6E6EA87AC543B876DD886589FB26B4BF0B34D1A5E3E4AB730A9329A8CDB003EF359AD6EF055CCA54A96393203DE3F1]}
01-09 22:55:18.562  4616  4823 D NetworkController.MobileSignalController(0/1): onSignalStrengthsChanged signalStrength=SignalStrength: 99 99 -120 -160 -120 -1 -1 16 -120 -15 -38 2147483647 2147483647 0x1000 gsm|lte level=1
01-09 22:55:18.563  4616  4823 D NetworkController.MobileSignalController(0/1): getMobileIconGroup(): 13
01-09 22:55:18.563  4616  4823 D NetworkController.MobileSignalController(0/1): updateVZWMobileIconGroup(): 13
01-09 22:55:18.563 14150 14150 D [WeatherWidget(15061)]  AutoRefresh: {[B33DE841DA76937F910955AA7116E83C81812CF4650F5AE9E7F5D7086D07844A]}
01-09 22:55:18.563 14150 14150 D [WeatherWidget(15061)]  AutoRefresh: {[8911099221A427173896A51804E85BF206A327DE7DF820F9CDD5744582AEFB605137D1EB799EED91AA6E0064EB0BE4C18C481AC3812083CB17FC12F487F850A5]}
01-09 22:55:18.563 14150 14150 D [WeatherWidget(15061)]  AutoRefresh: {[015FFE1A0AB8DFEE27465DBCB0DEED81B682DDA9F7F7C3667562D576E7B71C9CA9BE2BD89FD021281BA873738E9212501CAAE208F0C8CA1EC3625D69D365CEF0]}
01-09 22:55:18.565 14150 14150 D SamsungAnalytics:1.8.33: user do not agree
01-09 22:55:18.565 14150 14150 D [WeatherWidget(15061)]  AutoRefresh: {[583D17101080CE6232CA32FB58AD4AFF328FF032088FB7BDD9F949EF4BA4C2010F198BA2C15EDA99661C2C6092CDA7F04C9E991EE7E4913B25DE7A145DD359BB]}
01-09 22:55:18.566 14150 14150 D [WeatherWidget(15061)]  DB L2: {[610591C4E30FED4A153FF198DAC84EFE6FDEF75CF322FBBCD845543B7D34C336BCDC628C5A398BE96221028271EB2B2A5C181D0B4FEDE00C0803A01D9B08439D]}
01-09 22:55:18.567 14150 14150 D [WeatherWidget(15061)]  DB L1: {[AAC4384C35CA6909274880C63FD2B8C5C23F90F1E4FCAD3137C9B25E5485CF6CE2C01066B559C652E10C25FE0B4BF96F406C73B14855D08159DEFAA1213CDD9E6E256B718F9AAAE9B58CA29A512EDDDA2DF7EA47281267FA162FD81A30638E50]}
01-09 22:55:18.567 14150 14150 D [WeatherWidget(15061)]  DB L1: {[AAC4384C35CA6909274880C63FD2B8C5C23F90F1E4FCAD3137C9B25E5485CF6CA36D65E1CBE698D431127BA8BC3335EA706DB5264669B490436D7D0699DB59CA03D78C39FA0C06BC9BDCB3E3599B18E935A7283CCD6D009B3D44EE8C940ECC4E]}
01-09 22:55:18.568 14150 14150 D [WeatherWidget(15061)]  DB L1: {[AAC4384C35CA6909274880C63FD2B8C5C23F90F1E4FCAD3137C9B25E5485CF6CE1E6FA9D504D28B314E341565D99FB9E3D9BFD59A9FBDE9F7A644D565C62E3EA40EE6AF7D77518ED704BB99C0C3DFE4C45AEAFBC4E13FC5D657F54B1281BF21A]}
01-09 22:55:18.568  3757  3775 D CAE     : doCommendProcess(ContextAwareService.java:444) - complete notify the operation result.
01-09 22:55:18.569 14150 14150 D [WeatherWidget(15061)]  DB L1: {[AAC4384C35CA6909274880C63FD2B8C5C23F90F1E4FCAD3137C9B25E5485CF6C43EF53C0FEBF28DEF3FCA680EA58C44B5D25AB1B683754EB40AD54CB14EF9E496A5D06D754F83C9734E5E29C48E4FC45E224BDC6011EA4A645F9DD82ECA576DD]}
01-09 22:55:18.570  4616  4823 D NetworkController.MobileSignalController(0/1): callState:0, callStateByPhone:false voLTECall:false voiceNetTpe:13 dataNetType:13, ine911:false, emergencyCallbackMode:false
01-09 22:55:18.570 14150 14150 D [WeatherWidget(15061)]  : {[236FFFA4FE6D378EDABD8749C406D4B6CB913B8A746B23D80C4BDF1D854D18D94B64F3924BC8A399202BEA461AEB2E3552CCDCEA960F905BC1C1EE983F7893EAC0252D3FE4332FAE86F0AF7F3CB4FB6332A12789D75D2730470F7540F2B08332]}
01-09 22:55:18.570 14150 14150 D [WeatherWidget(15061)]  DB L1: {[AAC4384C35CA6909274880C63FD2B8C5C23F90F1E4FCAD3137C9B25E5485CF6C6D7058835B7948EE788667108072801A22A604F55136A728949C37F2CEB2CDCE967574333D277FE023E1945E56018127B8713D8FBAD5DAB8FB2C9D95640A2CF7]}
01-09 22:55:18.570  4616  4616 I ViewCaptureUtil: Capture the lockscreen
01-09 22:55:18.571 14150 14150 D [WeatherWidget(15061)]  DB L1: {[AAC4384C35CA6909274880C63FD2B8C5C23F90F1E4FCAD3137C9B25E5485CF6C691327CFE5AD6D653284F4A970830624A5E54589A95767542C677DDC0F8E2FAB02E1A8B2E5C042F90B6E6629618B8A8AFA807D21970E52B4E2AE7F1BF5CB0259]}
01-09 22:55:18.572 14150 14150 D [WeatherWidget(15061)]  DB L1: {[AAC4384C35CA6909274880C63FD2B8C5C23F90F1E4FCAD3137C9B25E5485CF6CA681C2023C186156145358766F0E629E081097C93001B1B1786A5F6B428254A4925AE0E476944030EF05D109A576848CA565F50892FF8B054A38E909B8CF7238]}
01-09 22:55:18.573  3757  3775 I CAE     : displayUsedCountForService(ContextAwareService.java:536) - totalCnt = 1, serviceCount = 1, subCollectionCount = 0
01-09 22:55:18.573 14150 14150 D [WeatherWidget(15061)]  : {[236FFFA4FE6D378EDABD8749C406D4B6CB913B8A746B23D80C4BDF1D854D18D94B64F3924BC8A399202BEA461AEB2E3552CCDCEA960F905BC1C1EE983F7893EAC0252D3FE4332FAE86F0AF7F3CB4FB6332A12789D75D2730470F7540F2B08332]}
01-09 22:55:18.573  3757  3775 D CAE     : showListenerList(ContextAwareService.java:377) - ===== Context Aware Service List =====
01-09 22:55:18.574 14150 14150 D [WeatherWidget(15061)]  DB L1: {[AAC4384C35CA6909274880C63FD2B8C5C23F90F1E4FCAD3137C9B25E5485CF6C3C78A5E693B1C9260ACD8B5F8C5E92DB582B01A93A7AD642199C1DE6A7BA02F690EB2D95602B54577224E059B3BD02AC4A94FCC2E7825C6441CC9AD5CEC05FB8]}
01-09 22:55:18.574  3757  3775 I CAE     : showListenerList(ContextAwareService.java:386) - Listener : com.samsung.android.contextaware.manager.ContextAwareService$Listener@ede0346, Service : ACTIVITY_TRACKER_CURRENT_INFO(1)
01-09 22:55:18.574 14150 14150 D [WeatherWidget(15061)]  DB L1: {[AAC4384C35CA6909274880C63FD2B8C5C23F90F1E4FCAD3137C9B25E5485CF6CFD4A5CBCF4DC22347A0D4AB17E59396E46F4F40B100EE1D580B4238A9A4AF10EE9A2A67D18299F51A90341FE9CC261554E7CD84DA9CFBFC106D679451F7EA93E]}
01-09 22:55:18.577 14150 14150 D [WeatherWidget(15061)]  : {[8BC4E8BC56DCF4A2B44928B44EA3EC2741EEA162DE355878DCCA661DA61B38E9D8F8184285040BEC5BF67AF1AE358717]}
01-09 22:55:18.578  5035  6445 D EPDG -- [MODEM]: message length is  9
01-09 22:55:18.578  3757  5062 D ConnectivityService: filterNetworkStateForUid() uid: 10184 networkInfo: [type: WIFI[] - WIFI, state: CONNECTED/CONNECTED, reason: (unspecified), extra: "wilkinson2.4", failover: false, available: true, roaming: false, metered: false]
01-09 22:55:18.578  5035  6445 D EPDG -- [MODEM]: countRead is 7 offset is 7remaining is 0
01-09 22:55:18.578  5035  6445 D EPDG -- EpdgIpcMessageFactory: ipcMainCmd: 8
01-09 22:55:18.578  5035  6445 D EPDG -- [UTILS]: isUSerBinary: true
01-09 22:55:18.578  5035  6445 D EPDG -- [RILRECEIVER]: [Rx]: Main: IPC_NET_CMD Sub: IPC_NET_REGIST
01-09 22:55:18.578  5035  6445 D EPDG -- [RILRECEIVER]: [Rx]: Param: FF 03 
01-09 22:55:18.579  5035  6445 I EPDG -- [RILRECEIVER]: RX [NET_REGIST] -- RESPONSE -- EPDG AVAILABLE
01-09 22:55:18.579  5035  6445 D EPDG -- [NETIPCMESSAGE]: encodeNetRegist
01-09 22:55:18.579  5035  6445 D EPDG -- [UTILS]: isUSerBinary: true
01-09 22:55:18.580  5024  5041 I System.out: Broadcast completed: result=0
01-09 22:55:18.580 14150 14150 D [WeatherWidget(15061)]  : {[8BC4E8BC56DCF4A2B44928B44EA3EC272B4CF8C909D816EBBC1F43D2B410284C30B9555259F42C4FE8057ABD3AD9C572]}
01-09 22:55:18.580  5035  6445 D EPDG -- [IPCDISPATCHER]: [Tx]: Main: IPC_NET_CMD Sub: IPC_NET_REGIST Cmd Type: IPC_CMD_RESP
01-09 22:55:18.580  5035  6445 D EPDG -- [IPCDISPATCHER]: [Tx]: Param: 30 03 02 00 00 00 00 00 00 00 00 00 00 
01-09 22:55:18.580  5035  6445 D EPDG -- [MODEM]: EpdgModem instance already exists !
01-09 22:55:18.580  5035  6442 D EPDG -- [MODEM]: Successfully written to RIL
01-09 22:55:18.580  3757  7205 D ConnectivityService: filterNetworkStateForUid() uid: 10184 networkInfo: [type: WIFI[] - WIFI, state: CONNECTED/CONNECTED, reason: (unspecified), extra: "wilkinson2.4", failover: false, available: true, roaming: false, metered: false]
01-09 22:55:18.581  5035  5670 D EPDG -- [EPDGService]: Event received: RIL_EPDG_STATUS_QUERY
01-09 22:55:18.581  5035  5670 D EPDG -- [EPDGService]: handleMessage: cid - 2
01-09 22:55:18.582 14150 14150 D [WeatherWidget(15061)]  WLM_v4: {[988F7CAFDC123B4762D8CEADE50EDB18CE56603A68984DBD9B738FB00A1A711B18AFB749D94F4A1F201644C144E9121EAD2B982E59A5E3209B8D24AED0D69B03]}
01-09 22:55:18.584 14150 14150 D [WeatherWidget(15061)]  : {[E3E3D168C9C5248B4F043312344B15E0795A0C7BB2D7DCD2A4F37CD2923FFE2D6A89D63FEEFD3133FE71BC9C2BEAB96F4B267F5CEC4C5298747C5922E148C650]}
01-09 22:55:18.584  3757  5901 D ConnectivityService: filterNetworkStateForUid() uid: 10184 networkInfo: [type: WIFI[] - WIFI, state: CONNECTED/CONNECTED, reason: (unspecified), extra: "wilkinson2.4", failover: false, available: true, roaming: false, metered: false]
01-09 22:55:18.585  3757  3775 I CAE     : showListenerList(ContextAwareService.java:386) - Listener : com.samsung.android.contextaware.manager.ContextAwareService$Listener@ede0346, Service : ACTIVITY_TRACKER(1)
01-09 22:55:18.585  3757  3775 I CAE     : showListenerList(ContextAwareService.java:386) - Listener : com.samsung.android.contextaware.manager.ContextAwareService$Listener@a1e54e0, Service : PEDOMETER(1)
01-09 22:55:18.586  3757  3775 I CAE     : showListenerList(ContextAwareService.java:386) - Listener : com.samsung.android.contextaware.manager.ContextAwareService$Listener@a1e54e0, Service : PEDOMETER_CURRENT_INFO(1)
