01-10 16:19:31.919  3757  2859 D ActivityManager: moveToFront() : reason=finishActivity adjustFocus setFocusedActivity isAttached=true TaskRecord{1a58f6ed0 #405 A=com.GeekTechnique.InfinityStack U=0 StackId=1 sz=3}
01-10 16:19:31.921  3757  2859 D InputDispatcher: Focused application set to: xxxx
01-10 16:19:31.922  3757  2859 D InputDispatcher: Focus entered window: 8950
01-10 16:19:31.922  3757  2859 D ActivityTrigger: ActivityTrigger activityPauseTrigger 
01-10 16:19:31.923  3757  2859 D GameManagerService: sem_perfomance_mode: 0
01-10 16:19:31.923  8950  8950 D ViewRootImpl@e972267[GameActivity]: MSG_WINDOW_FOCUS_CHANGED 1
01-10 16:19:31.923  8950  8950 D ViewRootImpl@e972267[GameActivity]: mHardwareRenderer.initializeIfNeeded()#2 mSurface={isValid=true -1024464896}
01-10 16:19:31.923  8950  8950 V threaded_app: WindowFocusChanged: 0xdb87bb40 -- 1
01-10 16:19:31.923  8950  8971 D UE4     : LogAndroidEvents: EnqueueAppEvent : 11, 0, tid = 8971
01-10 16:19:31.927  3757  7201 D ActivityManager: resumeTopActivityInnerLocked() : #1 prevTask=null next=ActivityRecord{b277da3d0 u0 com.GeekTechnique.InfinityStack/com.epicgames.ue4.GameActivity t405} mFocusedStack=ActivityStack{7f37dfad0 stackId=1, 2 tasks}
01-10 16:19:31.927  3757  7201 D ActivityManager: resumeTopActivityInnerLocked() : #1 prevTask=TaskRecord{1a58f6ed0 #405 A=com.GeekTechnique.InfinityStack U=0 StackId=1 sz=3} next=ActivityRecord{b277da3d0 u0 com.GeekTechnique.InfinityStack/com.epicgames.ue4.GameActivity t405} mFocusedStack=ActivityStack{7f37dfad0 stackId=1, 2 tasks}
01-10 16:19:31.929  3757  7201 D CustomFrequencyManagerService: acquireDVFSLockLocked : type : DVFS_MIN_LIMIT  frequency : 1300000  uid : 1000  pid : 3757  pkgName : AMS_ACT_RESUME@CPU_MIN@13
01-10 16:19:31.929  3757  7201 D ActivityManagerPerformance: AMP_acquire() ACT_RESUME
01-10 16:19:31.929  3757  7201 D ActivityManager: applyOptionsLocked(), pendingOptions : null
01-10 16:19:31.936  3757  7201 D GameManagerService: sem_perfomance_mode: 0
01-10 16:19:31.936  3757  3757 D GameManagerService: NotifyRunnable. pkg: com.GeekTechnique.InfinityStack, type: 4, isMinimized: false, isTunableApp: false
01-10 16:19:31.936  3757  3757 D GameManagerService: do nothing. mKillNotiCount: 3
01-10 16:19:31.936  8950  8950 D SEM_CLIP_SemClipboardManager: isCocktailBarDisplayed : false
01-10 16:19:31.937  8950  8950 V InputMethodManager: Starting input: tba=android.view.inputmethod.EditorInfo@9eace44 nm : com.GeekTechnique.InfinityStack ic=null
01-10 16:19:31.937  8950  8950 I InputMethodManager: [IMM] startInputInner - mService.startInputOrWindowGainedFocus
01-10 16:19:31.937  3757  7216 D InputMethodManagerService: windowGainedFocus mCurrentFocusedUserId - 0 and mSecureKeypadEnabled-false
01-10 16:19:31.942  3757  7216 V InputMethodManagerService: windowGainedFocus: reason=WINDOW_FOCUS_GAIN client=android.os.BinderProxy@5ec5ecc inputContext=null missingMethods= attribute=android.view.inputmethod.EditorInfo@4f5a40b nm = com.GeekTechnique.InfinityStack controlFlags=#105 softInputMode=#10 windowFlags=#1810500
01-10 16:19:31.942  3757  7216 V InputMethodManagerService: Unspecified window will hide input
01-10 16:19:31.942  3757  7216 D InputMethodManagerService: mDesktopModeManager null!
01-10 16:19:31.942  3757  7216 V InputMethodManagerService: hideCurrentInputLocked - !shouldHideSoftInput
01-10 16:19:31.943  3757  7216 D InputTransport: Input channel constructed: fd=406
01-10 16:19:31.943  3757  7216 D InputTransport: Input channel constructed: fd=409
01-10 16:19:31.943  3757  7216 D InputTransport: Input channel destroyed: fd=409
01-10 16:19:31.943  6176  6176 D InputTransport: Input channel destroyed: fd=82
01-10 16:19:31.944  8465 15320 D InputTransport: Input channel constructed: fd=66
01-10 16:19:31.944  8950  8950 D PermissionFragment: permission granted for android.permission.WRITE_EXTERNAL_STORAGE
01-10 16:19:31.946  3757  7204 D InputTransport: Input channel constructed: fd=409
01-10 16:19:31.946  3757  7204 D InputTransport: Input channel destroyed: fd=409
01-10 16:19:31.946  8950  8950 V threaded_app: Resume: 0xdb87bb40
01-10 16:19:31.946  8950  8971 V threaded_app: activityState=11
01-10 16:19:31.946  8950  8971 D UE4     : Case APP_CMD_RESUME
01-10 16:19:31.946  8950  8971 D UE4     : LogAndroid: Case APP_CMD_RESUME
01-10 16:19:31.946  8950  8971 D UE4     : LogAndroidEvents: EnqueueAppEvent : 7, 0, tid = 8971
01-10 16:19:31.946  8950  8962 D InputTransport: Input channel constructed: fd=89
01-10 16:19:31.946  8950  8950 D UE4     : ==============> [JAVA] AndroidThunkJava_KeepScreenOn(false) - Enabled screen saver
01-10 16:19:31.947  8950  8950 D UE4     : Registering sensor listeners
01-10 16:19:31.949  3757  6272 I Sensors : Acc old sensor_state 0, new sensor_state : 1 en : 1
01-10 16:19:31.956  8950  8950 D SensorManager: registerListener :: 0, K6DS3TR Acceleration Sensor, 20000, 0,  
01-10 16:19:31.956  3757  5901 I Sensors : Mag old sensor_state 1, new sensor_state : 17 en : 1
01-10 16:19:31.963  8950  8950 D SensorManager: registerListener :: 1, AK09911C Magnetic field Sensor, 20000, 0,  
01-10 16:19:31.964  3757  4440 I Sensors : Gyro old sensor_state 17, new sensor_state : 19 en : 1
01-10 16:19:31.970  8950  8950 D SensorManager: registerListener :: 3, K6DS3TR Gyroscope Sensor, 20000, 0,  
01-10 16:19:31.970  8950  8950 D UE4     : App is running in Portrait
01-10 16:19:31.970  8950  8950 D UE4     : ==============> Resuming main init
01-10 16:19:31.971  8950  8950 D UE4     : ==============> GameActive.onResume complete!
01-10 16:19:31.971  3757 29841 D ActivityManager: post active user change for 0 fullscreen true isHomeActivity() false
01-10 16:19:31.971  3757 29841 D KnoxTimeoutHandler: postActiveUserChange [MsgParam] userId: 0 fullscreen is true showWhenlocked is false isMutiwindowRecord is false multiwindowstyle is 0
01-10 16:19:31.971  3757  3757 D KnoxTimeoutHandler: handleActiveUserChange [MsgParam] userId: 0 fullscreen is true showWhenlocked is false isMutiwindowRecord is false multiwindowstyle is 0
01-10 16:19:31.972  8950  8950 V InputMethodManager: Starting input: tba=android.view.inputmethod.EditorInfo@6abb2d nm : com.GeekTechnique.InfinityStack ic=null
01-10 16:19:31.972  3757  3757 I KnoxTimeoutHandler: Shared devices show user statefalse
01-10 16:19:31.973  3757  5062 V WindowManager: Relayout Window{5529d0d0 u0 com.GeekTechnique.InfinityStack/com.epicgames.ue4.GameActivity}: viewVisibility=0 req=1080x1920 WM.LayoutParams{(0,0)(fillxfill) sim=#110 ty=1 fl=#1810500 pfl=0x20000 fmt=1 wanim=0x1030001 vsysui=0x400 needsMenuKey=2 naviIconColor=0}
01-10 16:19:31.978  8950  8950 D ViewRootImpl@e972267[GameActivity]: Relayout returned: oldFrame=[0,0][1080,1920] newFrame=[0,0][1080,1920] result=0x1 surface={isValid=true -1024464896} surfaceGenerationChanged=false
01-10 16:19:31.983  3757  7206 I ActivityManager: Killing 8373:com.samsung.android.app.watchmanagerstub/u0a129 (adj 906): DHA:empty #31
01-10 16:19:31.988  6011  6033 D ForegroundUtils: could not check pending caller
01-10 16:19:31.991  3757  3793 I WindowManager_SurfaceController: Destroying surface Surface(name=Starting com.GeekTechnique.InfinityStack) called by com.android.server.wm.WindowStateAnimator.destroySurface:2907 com.android.server.wm.WindowStateAnimator.destroySurfaceLocked:1120 com.android.server.wm.WindowState.destroyOrSaveSurface:2662 com.android.server.wm.AppWindowToken.destroySurfaces:423 com.android.server.wm.AppWindowToken.destroySurfaces:387 com.android.server.wm.WindowStateAnimator.finishExit:686 com.android.server.wm.WindowStateAnimator.stepAnimationLocked:570 com.android.server.wm.WindowAnimator.updateWindowsLocked:439 
01-10 16:19:31.991  3215  5562 I SurfaceFlinger: id=6571 Removed JnfinitySta (7/14)
01-10 16:19:31.995  3757 10512 D ActivityManager: cleanUpApplicationRecord -- 8373
01-10 16:19:31.996  6011 20825 D ForegroundUtils: could not check pending caller
01-10 16:19:31.997  3215  4549 I SurfaceFlinger: id=6571 Removed JnfinitySta (-2/14)
01-10 16:19:32.027 29432  8332 I System.out: (HTTPLog)-Static: isSBSettingEnabled false
01-10 16:19:32.028 29432  8332 I System.out: (HTTPLog)-Static: isSBSettingEnabled false
01-10 16:19:32.051  3757  7216 D ConnectivityService: filterNetworkStateForUid() uid: 10029 networkInfo: [type: WIFI[] - WIFI, state: CONNECTED/CONNECTED, reason: (unspecified), extra: "wilkinson2.4", failover: false, available: true, roaming: false, metered: false]
01-10 16:19:32.052  3757  7201 D ConnectivityService: filterNetworkStateForUid() uid: 10029 networkInfo: [type: WIFI[] - WIFI, state: CONNECTED/CONNECTED, reason: (unspecified), extra: "wilkinson2.4", failover: false, available: true, roaming: false, metered: false]
01-10 16:19:32.107  3757  3757 D CustomFrequencyManagerService: releaseDVFSLockLocked : Getting Lock type frm List : DVFS_MIN_LIMIT  frequency : 1704000  uid : 1000  pid : 3757  tag : AMS_RESUME_TAIL@CPU_MIN@51
01-10 16:19:32.119  3757  4521 D MdnieScenarioControlService:  packageName : com.GeekTechnique.InfinityStack    className : com.epicgames.ue4.GameActivity
01-10 16:19:32.147  8950  8970 D UE4     : LogPluginManager: Mounting plugin Paper2D
01-10 16:19:32.151  8950  8970 D UE4     : LogPluginManager: Mounting plugin AISupport
01-10 16:19:32.153  8950  8970 D UE4     : LogPluginManager: Mounting plugin LightPropagationVolume
01-10 16:19:32.155  8950  8970 D UE4     : LogPluginManager: Mounting plugin AssetManagerEditor
01-10 16:19:32.156  8950  8970 D UE4     : LogPluginManager: Mounting plugin CryptoKeys
01-10 16:19:32.158  8950  8970 D UE4     : LogPluginManager: Mounting plugin FacialAnimation
01-10 16:19:32.159  8950  8970 D UE4     : LogPluginManager: Mounting plugin MeshEditor
01-10 16:19:32.161  8950  8970 D UE4     : LogPluginManager: Mounting plugin DatasmithContent
01-10 16:19:32.163  8950  8970 D UE4     : LogPluginManager: Mounting plugin VariantManagerContent
01-10 16:19:32.165  8950  8970 D UE4     : LogPluginManager: Mounting plugin AlembicImporter
01-10 16:19:32.166  8950  8970 D UE4     : LogPluginManager: Mounting plugin AppleImageUtils
01-10 16:19:32.168  8950  8970 D UE4     : LogPluginManager: Mounting plugin AppleVision
01-10 16:19:32.169  8950  8970 D UE4     : LogPluginManager: Mounting plugin BackChannel
01-10 16:19:32.171  8950  8970 D UE4     : LogPluginManager: Mounting plugin CharacterAI
01-10 16:19:32.172  8950  8970 D UE4     : LogPluginManager: Mounting plugin GeometryCache
01-10 16:19:32.174  8950  8970 D UE4     : LogPluginManager: Mounting plugin AndroidMedia
01-10 16:19:32.175  8950  8970 D UE4     : LogPluginManager: Mounting plugin ImgMedia
01-10 16:19:32.176  8950  8970 D UE4     : LogPluginManager: Mounting plugin LinearTimecode
01-10 16:19:32.178  8950  8970 D UE4     : LogPluginManager: Mounting plugin MediaCompositing
01-10 16:19:32.179  8950  8970 D UE4     : LogPluginManager: Mounting plugin TcpMessaging
01-10 16:19:32.181  8950  8970 D UE4     : LogPluginManager: Mounting plugin UdpMessaging
01-10 16:19:32.183  8950  8970 D UE4     : LogPluginManager: Mounting plugin ActorSequence
01-10 16:19:32.184  8950  8970 D UE4     : LogPluginManager: Mounting plugin NetcodeUnitTest
01-10 16:19:32.186  8950  8970 D UE4     : LogPluginManager: Mounting plugin NUTUnrealEngine4
01-10 16:19:32.187  8950  8970 D UE4     : LogPluginManager: Mounting plugin OnlineSubsystemGooglePlay
01-10 16:19:32.189  8950  8970 D UE4     : LogPluginManager: Mounting plugin OnlineSubsystem
01-10 16:19:32.191  8950  8970 D UE4     : LogPluginManager: Mounting plugin OnlineSubsystemNull
01-10 16:19:32.192  8950  8970 D UE4     : LogPluginManager: Mounting plugin OnlineSubsystemUtils
01-10 16:19:32.194  8950  8970 D UE4     : LogPluginManager: Mounting plugin AndroidDeviceProfileSelector
01-10 16:19:32.195  8950  8970 D UE4     : LogPluginManager: Mounting plugin AndroidMoviePlayer
01-10 16:19:32.197  8950  8970 D UE4     : LogPluginManager: Mounting plugin AndroidPermission
01-10 16:19:32.198  8950  8970 D UE4     : LogPluginManager: Mounting plugin ArchVisCharacter
01-10 16:19:32.200  8950  8970 D UE4     : LogPluginManager: Mounting plugin CableComponent
01-10 16:19:32.202  8950  8970 D UE4     : LogPluginManager: Mounting plugin CustomMeshComponent
01-10 16:19:32.203  8950  8970 D UE4     : LogPluginManager: Mounting plugin EditableMesh
01-10 16:19:32.204  8950  8970 D UE4     : LogPluginManager: Mounting plugin ExampleDeviceProfileSelector
01-10 16:19:32.206  8950  8970 D UE4     : LogPluginManager: Mounting plugin Firebase
01-10 16:19:32.207  8950  8970 D UE4     : LogPluginManager: Mounting plugin GoogleCloudMessaging
01-10 16:19:32.209  8950  8970 D UE4     : LogPluginManager: Mounting plugin LocationServicesBPLibrary
01-10 16:19:32.210  8950  8970 D UE4     : LogPluginManager: Mounting plugin MobilePatchingUtils
01-10 16:19:32.212  8950  8970 D UE4     : LogPluginManager: Mounting plugin OculusVR
01-10 16:19:32.216  8950  8970 D UE4     : LogPluginManager: Mounting plugin PhysXVehicles
01-10 16:19:32.221  8950  8970 D UE4     : LogPluginManager: Mounting plugin ProceduralMeshComponent
01-10 16:19:32.223  8950  8970 D UE4     : LogPluginManager: Mounting plugin RuntimePhysXCooking
01-10 16:19:32.224  8950  8970 D UE4     : LogPluginManager: Mounting plugin SteamVR
01-10 16:19:32.227  8950  8970 D UE4     : LogStreaming: Display: Took  0.081s to configure plugins.
01-10 16:19:32.289  3757  9599 D GamePkgDataHelper: getGamePkgData(). com.GeekTechnique.InfinityStack
01-10 16:19:32.289  3757  9599 D GameManagerService: identifyGamePackage. com.GeekTechnique.InfinityStack
01-10 16:19:32.289  3757  9599 D GameManagerService: identifyGamePackage. com.GeekTechnique.InfinityStack
01-10 16:19:32.292  3757  9599 D TelephonyManager: getAllCellInfo : Caller (PID / UID / TID): 3757 / 1000 / 9599
01-10 16:19:32.296  3757  9599 D GameManagerService: identifyGamePackage. com.GeekTechnique.InfinityStack
01-10 16:19:32.296  3757  9599 D GameManagerService: identifyGamePackage. com.GeekTechnique.InfinityStack
01-10 16:19:32.315  8950  8970 D UE4     : LogInit: Using libcurl 7.46.0
01-10 16:19:32.315  8950  8970 D UE4     : LogInit:  - built for arm-unknown-linux-androideabi
01-10 16:19:32.315  8950  8970 D UE4     : LogInit:  - supports SSL with OpenSSL/1.0.1s
01-10 16:19:32.315  8950  8970 D UE4     : LogInit:  - supports HTTP deflate (compression) using libz 1.2.8
01-10 16:19:32.315  8950  8970 D UE4     : LogInit:  - other features:
01-10 16:19:32.315  8950  8970 D UE4     : LogInit:      CURL_VERSION_SSL
01-10 16:19:32.315  8950  8970 D UE4     : LogInit:      CURL_VERSION_LIBZ
01-10 16:19:32.315  8950  8970 D UE4     : LogInit:      CURL_VERSION_IPV6
01-10 16:19:32.315  8950  8970 D UE4     : LogInit:      CURL_VERSION_ASYNCHDNS
01-10 16:19:32.315  8950  8970 D UE4     : LogInit:      CURL_VERSION_TLSAUTH_SRP
01-10 16:19:32.316  8950  8970 D UE4     : LogInit:  CurlRequestOptions (configurable via config and command line):
01-10 16:19:32.316  8950  8970 D UE4     : LogInit:  - bVerifyPeer = true  - Libcurl will verify peer certificate
01-10 16:19:32.316  8950  8970 D UE4     : LogInit:  - bUseHttpProxy = false  - Libcurl will NOT use HTTP proxy
01-10 16:19:32.316  8950  8970 D UE4     : LogInit:  - bDontReuseConnections = false  - Libcurl will reuse connections
01-10 16:19:32.316  8950  8970 D UE4     : LogInit:  - MaxHostConnections = 16  - Libcurl will limit the number of connections to a host
01-10 16:19:32.316  8950  8970 D UE4     : LogInit:  - LocalHostAddr = Default
01-10 16:19:32.316  8950  8970 D UE4     : LogInit:  - BufferSize = 65536
01-10 16:19:32.318  8950  8970 D UE4     : LogOnline: Display: OSS: OnlineSubsystemGooglePlayModule::StartupModule()
01-10 16:19:32.318  8950  8970 D UE4     : FOnlineSubsystemGooglePlay::Init
01-10 16:19:32.319  8950  8970 D UE4     : LogOnlineIdentity: Display: OSS: FOnlineIdentityGooglePlay::FOnlineIdentityGooglePlay()
01-10 16:19:32.319  8950  8970 D UE4     : FOnlineSubsystemGooglePlay::IsInAppPurchasingEnabled 0
01-10 16:19:32.326  8950  8970 D UE4     : LogHMD: App is not packaged for Gear VR
01-10 16:19:32.326  8950  8970 D UE4     : LogInit: Build: ++UE4+Release-4.21-CL-4613538
01-10 16:19:32.326  8950  8970 D UE4     : LogInit: Engine Version: 4.21.1-4613538+++UE4+Release-4.21
01-10 16:19:32.326  8950  8970 D UE4     : LogInit: Compatible Engine Version: 4.21.0-4541578+++UE4+Release-4.21
01-10 16:19:32.326  8950  8970 D UE4     : LogInit: Net CL: 4541578
01-10 16:19:32.326  8950  8970 D UE4     : LogInit: OS: Android (7.0), CPU: SM-N920V, GPU: Mali-T760
01-10 16:19:32.326  8950  8970 D UE4     : LogInit: Compiled (32-bit): Nov 30 2018 05:07:29
01-10 16:19:32.326  8950  8970 D UE4     : LogInit: Compiled with Clang: 3.8.275480 
01-10 16:19:32.326  8950  8970 D UE4     : LogInit: Build Configuration: Development
01-10 16:19:32.326  8950  8970 D UE4     : LogInit: Branch Name: ++UE4+Release-4.21
01-10 16:19:32.326  8950  8970 D UE4     : LogInit: Command Line:   /Game/Maps/StackMap -Messaging -SessionId=D708E44A4FBA23F436FFDAAAB4299BE1 -SessionOwner="nope" -SessionName="Launch On Device" -iterative
01-10 16:19:32.326  8950  8970 D UE4     : LogInit: Base Directory: 
01-10 16:19:32.326  8950  8970 D UE4     : LogInit: Installed Engine Build: 0
01-10 16:19:32.326  8950  8970 D UE4     : LogDevObjectVersion: Number of dev versions registered: 22
01-10 16:19:32.326  8950  8970 D UE4     : LogDevObjectVersion:   Dev-Blueprints (B0D832E4-1F89-4F0D-ACCF-7EB736FD4AA2): 10
01-10 16:19:32.327  8950  8970 D UE4     : LogDevObjectVersion:   Dev-Build (E1C64328-A22C-4D53-A36C-8E866417BD8C): 0
01-10 16:19:32.327  8950  8970 D UE4     : LogDevObjectVersion:   Dev-Core (375EC13C-06E4-48FB-B500-84F0262A717E): 2
01-10 16:19:32.327  8950  8970 D UE4     : LogDevObjectVersion:   Dev-Editor (E4B068ED-F494-42E9-A231-DA0B2E46BB41): 26
01-10 16:19:32.327  8950  8970 D UE4     : LogDevObjectVersion:   Dev-Framework (CFFC743F-43B0-4480-9391-14DF171D2073): 34
01-10 16:19:32.327  8950  8970 D UE4     : LogDevObjectVersion:   Dev-Mobile (B02B49B5-BB20-44E9-A304-32B752E40360): 2
01-10 16:19:32.327  8950  8970 D UE4     : LogDevObjectVersion:   Dev-Networking (A4E4105C-59A1-49B5-A7C5-40C4547EDFEE): 0
01-10 16:19:32.327  8950  8970 D UE4     : LogDevObjectVersion:   Dev-Online (39C831C9-5AE6-47DC-9A44-9C173E1C8E7C): 0
01-10 16:19:32.327  8950  8970 D UE4     : LogDevObjectVersion:   Dev-Physics (78F01B33-EBEA-4F98-B9B4-84EACCB95AA2): 0
01-10 16:19:32.327  8950  8970 D UE4     : LogDevObjectVersion:   Dev-Platform (6631380F-2D4D-43E0-8009-CF276956A95A): 0
01-10 16:19:32.327  8950  8970 D UE4     : LogDevObjectVersion:   Dev-Rendering (12F88B9F-8875-4AFC-A67C-D90C383ABD29): 27
01-10 16:19:32.327  8950  8970 D UE4     : LogDevObjectVersion:   Dev-Sequencer (7B5AE74C-D270-4C10-A958-57980B212A5A): 9
01-10 16:19:32.327  8950  8970 D UE4     : LogDevObjectVersion:   Dev-VR (D7296918-1DD6-4BDD-9DE2-64A83CC13884): 2
01-10 16:19:32.327  8950  8970 D UE4     : LogDevObjectVersion:   Dev-LoadTimes (C2A15278-BFE7-4AFE-6C17-90FF531DF755): 1
01-10 16:19:32.327  8950  8970 D UE4     : LogDevObjectVersion:   Private-Geometry (6EACA3D4-40EC-4CC1-B786-8BED09428FC5): 3
01-10 16:19:32.327  8950  8970 D UE4     : LogDevObjectVersion:   Dev-AnimPhys (29E575DD-E0A3-4627-9D10-D276232CDCEA): 17
01-10 16:19:32.327  8950  8970 D UE4     : LogDevObjectVersion:   Dev-Anim (AF43A65D-7FD3-4947-9873-3E8ED9C1BB05): 2
01-10 16:19:32.327  8950  8970 D UE4     : LogDevObjectVersion:   Dev-ReflectionCapture (6B266CEC-1EC7-4B8F-A30B-E4D90942FC07): 1
01-10 16:19:32.327  8950  8970 D UE4     : LogDevObjectVersion:   Dev-Automation (0DF73D61-A23F-47EA-B727-89E90C41499A): 1
01-10 16:19:32.327  8950  8970 D UE4     : LogDevObjectVersion:   FortniteMain (601D1886-AC64-4F84-AA16-D3DE0DEAC7D6): 17
01-10 16:19:32.327  8950  8970 D UE4     : LogDevObjectVersion:   Dev-Enterprise (9DFFBCD6-494F-0158-E221-12823C92A888): 4
01-10 16:19:32.327  8950  8970 D UE4     : LogDevObjectVersion:   Dev-Niagara (F2AED0AC-9AFE-416F-8664-AA7FFA26D6FC): 1
01-10 16:19:32.328  8950  8970 D UE4     : LogStreaming: Display: Took  0.001s to delete old logs.
01-10 16:19:32.352  3757  2859 I ActivityManager: Killing 8404:com.samsung.android.intelligenceservice2/5010 (adj 906): DHA:empty #31
01-10 16:19:32.362  3757 32083 D ActivityManager: cleanUpApplicationRecord -- 8404
01-10 16:19:32.363  6011 20825 D ForegroundUtils: could not check pending caller
01-10 16:19:32.369  8950  8970 D UE4     : LogInit: Presizing for max 131072 objects, including 1 objects not considered by GC, pre-allocating 0 bytes for permanent pool.
01-10 16:19:32.371  8950  8970 D UE4     : LogStreaming: Display: Async Loading initialized: Event Driven Loader: true, Async Loading Thread: false, Async Post Load: true
01-10 16:19:32.404  3757  4354 D SamsungAlarmManager: Expired : 8
01-10 16:19:32.404  3757  4354 V SamsungAlarmManager: Sending to uid : 10059 action=null alarm=Alarm{640fd01 type 3 when 355810721 com.asurion.android.verizon.vms}
01-10 16:19:32.404  8950  8970 D UE4     : LogInit: Object subsystem initialized
01-10 16:19:32.407  3757  4354 D CompatibilityInfo: mCompatibilityFlags - 0
01-10 16:19:32.407  3757  4354 D CompatibilityInfo: applicationDensity - 420
01-10 16:19:32.407  3757  4354 D CompatibilityInfo: applicationScale - 1.0
01-10 16:19:32.410  8950  8970 D UE4     : LogConfig: Setting CVar [[con.DebugEarlyDefault:1]]
01-10 16:19:32.411  8950  8970 D UE4     : [2019.01.10-21.19.32:410][  0]LogConfig: Setting CVar [[con.DebugEarlyDefault:1]]
01-10 16:19:32.411  8950  8970 D UE4     : [2019.01.10-21.19.32:411][  0]LogConfig: Applying CVar settings from Section [/Script/Engine.RendererSettings] File [../../../StackerGame/Saved/Config/Android/Engine.ini]
01-10 16:19:32.411  8950  8970 D UE4     : [2019.01.10-21.19.32:411][  0]LogConfig: Setting CVar [[r.GPUCrashDebugging:0]]
01-10 16:19:32.411  8950  8970 D UE4     : [2019.01.10-21.19.32:411][  0]LogConfig: Setting CVar [[r.MobileHDR:1]]
01-10 16:19:32.411  8950  8970 D UE4     : [2019.01.10-21.19.32:411][  0]LogConfig: Setting CVar [[r.Mobile.DisableVertexFog:1]]
01-10 16:19:32.411  8950  8970 D UE4     : [2019.01.10-21.19.32:411][  0]LogConfig: Setting CVar [[r.Shadow.CSM.MaxMobileCascades:2]]
01-10 16:19:32.411  8950  8970 D UE4     : [2019.01.10-21.19.32:411][  0]LogConfig: Setting CVar [[r.MobileMSAA:1]]
01-10 16:19:32.411  8950  8970 D UE4     : [2019.01.10-21.19.32:411][  0]LogConfig: Setting CVar [[r.DiscardUnusedQuality:0]]
01-10 16:19:32.411  8950  8970 D UE4     : [2019.01.10-21.19.32:411][  0]LogConfig: Setting CVar [[r.AllowOcclusionQueries:1]]
01-10 16:19:32.411  8950  8970 D UE4     : [2019.01.10-21.19.32:411][  0]LogConfig: Setting CVar [[r.MinScreenRadiusForLights:0.030000]]
01-10 16:19:32.411  8950  8970 D UE4     : [2019.01.10-21.19.32:411][  0]LogConfig: Setting CVar [[r.MinScreenRadiusForDepthPrepass:0.030000]]
01-10 16:19:32.411  8950  8970 D UE4     : [2019.01.10-21.19.32:411][  0]LogConfig: Setting CVar [[r.MinScreenRadiusForCSMDepth:0.010000]]
01-10 16:19:32.412  8950  8970 D UE4     : [2019.01.10-21.19.32:411][  0]LogConfig: Setting CVar [[r.PrecomputedVisibilityWarning:0]]
01-10 16:19:32.412  8950  8970 D UE4     : [2019.01.10-21.19.32:412][  0]LogConfig: Setting CVar [[r.TextureStreaming:1]]
01-10 16:19:32.412  8950  8970 D UE4     : [2019.01.10-21.19.32:412][  0]LogConfig: Setting CVar [[Compat.UseDXT5NormalMaps:0]]
01-10 16:19:32.412  8950  8970 D UE4     : [2019.01.10-21.19.32:412][  0]LogConfig: Setting CVar [[r.ClearCoatNormal:0]]
01-10 16:19:32.412  8950  8970 D UE4     : [2019.01.10-21.19.32:412][  0]LogConfig: Setting CVar [[r.ReflectionCaptureResolution:128]]
01-10 16:19:32.412  8950  8970 D UE4     : [2019.01.10-21.19.32:412][  0]LogConfig: Setting CVar [[r.ReflectionEnvironmentLightmapMixBasedOnRoughness:1]]
01-10 16:19:32.412  8950  8970 D UE4     : [2019.01.10-21.19.32:412][  0]LogConfig: Setting CVar [[r.ForwardShading:0]]
01-10 16:19:32.412  8950  8970 D UE4     : [2019.01.10-21.19.32:412][  0]LogConfig: Setting CVar [[r.VertexFoggingForOpaque:1]]
01-10 16:19:32.412  8950  8970 D UE4     : [2019.01.10-21.19.32:412][  0]LogConfig: Setting CVar [[r.AllowStaticLighting:1]]
01-10 16:19:32.412  8950  8970 D UE4     : [2019.01.10-21.19.32:412][  0]LogConfig: Setting CVar [[r.NormalMapsForStaticLighting:0]]
01-10 16:19:32.412  8950  8970 D UE4     : [2019.01.10-21.19.32:412][  0]LogConfig: Setting CVar [[r.GenerateMeshDistanceFields:0]]
01-10 16:19:32.412  8950  8970 D UE4     : [2019.01.10-21.19.32:412][  0]LogConfig: Setting CVar [[r.DistanceFieldBuild.EightBit:0]]
01-10 16:19:32.412  8950  8970 D UE4     : [2019.01.10-21.19.32:412][  0]LogConfig: Setting CVar [[r.GenerateLandscapeGIData:0]]
01-10 16:19:32.412  8950  8970 D UE4     : [2019.01.10-21.19.32:412][  0]LogConfig: Setting CVar [[r.DistanceFieldBuild.Compress:0]]
01-10 16:19:32.412  8950  8970 D UE4     : [2019.01.10-21.19.32:412][  0]LogConfig: Setting CVar [[r.TessellationAdaptivePixelsPerTriangle:48.000000]]
01-10 16:19:32.412  8950  8970 D UE4     : [2019.01.10-21.19.32:412][  0]LogConfig: Setting CVar [[r.SeparateTranslucency:0]]
01-10 16:19:32.412  8950  8970 D UE4     : [2019.01.10-21.19.32:412][  0]LogConfig: Setting CVar [[r.TranslucentSortPolicy:0]]
01-10 16:19:32.413  8950  8970 D UE4     : [2019.01.10-21.19.32:413][  0]LogConfig: Setting CVar [[r.CustomDepth:1]]
01-10 16:19:32.413  8950  8970 D UE4     : [2019.01.10-21.19.32:413][  0]LogConfig: Setting CVar [[r.CustomDepthTemporalAAJitter:1]]
01-10 16:19:32.413  8950  8970 D UE4     : [2019.01.10-21.19.32:413][  0]LogConfig: Setting CVar [[r.PostProcessing.PropagateAlpha:1]]
01-10 16:19:32.413  8950  8970 D UE4     : [2019.01.10-21.19.32:413][  0]LogConfig: Setting CVar [[r.DefaultFeature.Bloom:0]]
01-10 16:19:32.413  8950  8970 D UE4     : [2019.01.10-21.19.32:413][  0]LogConfig: Setting CVar [[r.DefaultFeature.AmbientOcclusion:0]]
01-10 16:19:32.413  8950  8970 D UE4     : [2019.01.10-21.19.32:413][  0]LogConfig: Setting CVar [[r.DefaultFeature.AmbientOcclusionStaticFraction:1]]
01-10 16:19:32.413  8950  8970 D UE4     : [2019.01.10-21.19.32:413][  0]LogConfig: Setting CVar [[r.DefaultFeature.AutoExposure:0]]
01-10 16:19:32.413  8950  8970 D UE4     : [2019.01.10-21.19.32:413][  0]LogConfig: Setting CVar [[r.DefaultFeature.AutoExposure.Method:0]]
01-10 16:19:32.413  8950  8970 D UE4     : [2019.01.10-21.19.32:413][  0]LogConfig: Setting CVar [[r.DefaultFeature.MotionBlur:0]]
01-10 16:19:32.413  8950  8970 D UE4     : [2019.01.10-21.19.32:413][  0]LogConfig: Setting CVar [[r.DefaultFeature.LensFlare:0]]
01-10 16:19:32.413  8950  8970 D UE4     : [2019.01.10-21.19.32:413][  0]LogConfig: Setting CVar [[r.DefaultFeature.AntiAliasing:0]]
01-10 16:19:32.413  8950  8970 D UE4     : [2019.01.10-21.19.32:413][  0]LogConfig: Setting CVar [[r.Shadow.UnbuiltPreviewInGame:1]]
01-10 16:19:32.413  8950  8970 D UE4     : [2019.01.10-21.19.32:413][  0]LogConfig: Setting CVar [[r.StencilForLODDither:0]]
01-10 16:19:32.413  8950  8970 D UE4     : [2019.01.10-21.19.32:413][  0]LogConfig: Setting CVar [[r.EarlyZPass:3]]
01-10 16:19:32.414  8950  8970 D UE4     : [2019.01.10-21.19.32:414][  0]LogConfig: Setting CVar [[r.EarlyZPassMovable:1]]
01-10 16:19:32.414  8950  8970 D UE4     : [2019.01.10-21.19.32:414][  0]LogConfig: Setting CVar [[r.EarlyZPassOnlyMaterialMasking:0]]
01-10 16:19:32.414  8950  8970 D UE4     : [2019.01.10-21.19.32:414][  0]LogConfig: Setting CVar [[r.DBuffer:1]]
01-10 16:19:32.414  8950  8970 D UE4     : [2019.01.10-21.19.32:414][  0]LogConfig: Setting CVar [[r.ClearSceneMethod:1]]
01-10 16:19:32.414  8950  8970 D UE4     : [2019.01.10-21.19.32:414][  0]LogConfig: Setting CVar [[r.BasePassOutputsVelocity:0]]
01-10 16:19:32.414  8950  8970 D UE4     : [2019.01.10-21.19.32:414][  0]LogConfig: Setting CVar [[r.SelectiveBasePassOutputs:0]]
01-10 16:19:32.414  8950  8970 D UE4     : [2019.01.10-21.19.32:414][  0]LogConfig: Setting CVar [[r.AllowGlobalClipPlane:0]]
01-10 16:19:32.414  8950  8970 D UE4     : [2019.01.10-21.19.32:414][  0]LogConfig: Setting CVar [[r.GBufferFormat:1]]
01-10 16:19:32.414  8950  8970 D UE4     : [2019.01.10-21.19.32:414][  0]LogConfig: Setting CVar [[r.MorphTarget.Mode:1]]
01-10 16:19:32.414  8950  8970 D UE4     : [2019.01.10-21.19.32:414][  0]LogConfig: Setting CVar [[vr.InstancedStereo:0]]
01-10 16:19:32.414  8950  8970 D UE4     : [2019.01.10-21.19.32:414][  0]LogConfig: Setting CVar [[vr.MultiView:0]]
01-10 16:19:32.414  8950  8970 D UE4     : [2019.01.10-21.19.32:414][  0]LogConfig: Setting CVar [[vr.MobileMultiView:0]]
01-10 16:19:32.414  8950  8970 D UE4     : [2019.01.10-21.19.32:414][  0]LogConfig: Setting CVar [[vr.MobileMultiView.Direct:0]]
01-10 16:19:32.414  8950  8970 D UE4     : [2019.01.10-21.19.32:414][  0]LogConfig: Setting CVar [[vr.MonoscopicFarField:0]]
01-10 16:19:32.415  8950  8970 D UE4     : [2019.01.10-21.19.32:415][  0]LogConfig: Setting CVar [[r.WireframeCullThreshold:5.000000]]
01-10 16:19:32.415  8950  8970 D UE4     : [2019.01.10-21.19.32:415][  0]LogConfig: Setting CVar [[r.SupportStationarySkylight:1]]
01-10 16:19:32.415  8950  8970 D UE4     : [2019.01.10-21.19.32:415][  0]LogConfig: Setting CVar [[r.SupportLowQualityLightmaps:1]]
01-10 16:19:32.415  8950  8970 D UE4     : [2019.01.10-21.19.32:415][  0]LogConfig: Setting CVar [[r.SupportPointLightWholeSceneShadows:1]]
01-10 16:19:32.415  3757 29840 D SamsungAlarmManager: setExact Intent (T:3/F:5/AC:false) 20190110T161937 - CU:10059/CP:15240
01-10 16:19:32.415  8950  8970 D UE4     : [2019.01.10-21.19.32:415][  0]LogConfig: Setting CVar [[r.SupportAtmosphericFog:1]]
01-10 16:19:32.415  8950  8970 D UE4     : [2019.01.10-21.19.32:415][  0]LogConfig: Setting CVar [[r.SkinCache.CompileShaders:0]]
01-10 16:19:32.415  8950  8970 D UE4     : [2019.01.10-21.19.32:415][  0]LogConfig: Setting CVar [[r.Mobile.EnableStaticAndCSMShadowReceivers:1]]
01-10 16:19:32.415  3757 29840 I SamsungAlarmManager: setLocked to kernel - T:3 / 20190110T161937, SetElapsed=355815729, nowELAPSED=355810732
01-10 16:19:32.415  8950  8970 D UE4     : [2019.01.10-21.19.32:415][  0]LogConfig: Setting CVar [[r.Mobile.AllowDistanceFieldShadows:1]]
01-10 16:19:32.415  8950  8970 D UE4     : [2019.01.10-21.19.32:415][  0]LogConfig: Setting CVar [[r.Mobile.AllowMovableDirectionalLights:1]]
01-10 16:19:32.415  8950  8970 D UE4     : [2019.01.10-21.19.32:415][  0]LogConfig: Setting CVar [[r.MobileNumDynamicPointLights:4]]
01-10 16:19:32.415  8950  8970 D UE4     : [2019.01.10-21.19.32:415][  0]LogConfig: Setting CVar [[r.MobileDynamicPointLightsUseStaticBranch:1]]
01-10 16:19:32.415  8950  8970 D UE4     : [2019.01.10-21.19.32:415][  0]LogConfig: Setting CVar [[r.SkinCache.SceneMemoryLimitInMB:128.000000]]
01-10 16:19:32.415  8950  8970 D UE4     : [2019.01.10-21.19.32:415][  0]LogConfig: Setting CVar [[r.GPUSkin.Limit2BoneInfluences:0]]
01-10 16:19:32.415  8950  8970 D UE4     : [2019.01.10-21.19.32:415][  0]LogConfig: Setting CVar [[r.SupportDepthOnlyIndexBuffers:1]]
01-10 16:19:32.415  8950  8970 D UE4     : [2019.01.10-21.19.32:415][  0]LogConfig: Setting CVar [[r.SupportReversedIndexBuffers:1]]
01-10 16:19:32.415  8950  8970 D UE4     : [2019.01.10-21.19.32:415][  0]LogConfig: Applying CVar settings from Section [/Script/Engine.RendererOverrideSettings] File [../../../StackerGame/Saved/Config/Android/Engine.ini]
01-10 16:19:32.416  8950  8970 D UE4     : [2019.01.10-21.19.32:416][  0]LogConfig: Applying CVar settings from Section [/Script/Engine.StreamingSettings] File [../../../StackerGame/Saved/Config/Android/Engine.ini]
01-10 16:19:32.416  8950  8970 D UE4     : [2019.01.10-21.19.32:416][  0]LogConfig: Setting CVar [[s.MinBulkDataSizeForAsyncLoading:131072]]
01-10 16:19:32.416  8950  8970 D UE4     : [2019.01.10-21.19.32:416][  0]LogConfig: Setting CVar [[s.AsyncLoadingThreadEnabled:0]]
01-10 16:19:32.416  8950  8970 D UE4     : [2019.01.10-21.19.32:416][  0]LogConfig: Setting CVar [[s.EventDrivenLoaderEnabled:1]]
01-10 16:19:32.416  8950  8970 D UE4     : [2019.01.10-21.19.32:416][  0]LogConfig: Setting CVar [[s.WarnIfTimeLimitExceeded:0]]
01-10 16:19:32.416  8950  8970 D UE4     : [2019.01.10-21.19.32:416][  0]LogConfig: Setting CVar [[s.TimeLimitExceededMultiplier:1.5]]
01-10 16:19:32.416  8950  8970 D UE4     : [2019.01.10-21.19.32:416][  0]LogConfig: Setting CVar [[s.TimeLimitExceededMinTime:0.005]]
01-10 16:19:32.416  8950  8970 D UE4     : [2019.01.10-21.19.32:416][  0]LogConfig: Setting CVar [[s.UseBackgroundLevelStreaming:1]]
01-10 16:19:32.416  8950  8970 D UE4     : [2019.01.10-21.19.32:416][  0]LogConfig: Setting CVar [[s.PriorityAsyncLoadingExtraTime:15.0]]
01-10 16:19:32.416  8950  8970 D UE4     : [2019.01.10-21.19.32:416][  0]LogConfig: Setting CVar [[s.LevelStreamingActorsUpdateTimeLimit:5.0]]
01-10 16:19:32.416  8950  8970 D UE4     : [2019.01.10-21.19.32:416][  0]LogConfig: Setting CVar [[s.PriorityLevelStreamingActorsUpdateExtraTime:5.0]]
01-10 16:19:32.416  8950  8970 D UE4     : [2019.01.10-21.19.32:416][  0]LogConfig: Setting CVar [[s.LevelStreamingComponentsRegistrationGranularity:10]]
01-10 16:19:32.416  8950  8970 D UE4     : [2019.01.10-21.19.32:416][  0]LogConfig: Setting CVar [[s.UnregisterComponentsTimeLimit:1.0]]
01-10 16:19:32.416  8950  8970 D UE4     : [2019.01.10-21.19.32:416][  0]LogConfig: Setting CVar [[s.LevelStreamingComponentsUnregistrationGranularity:5]]
01-10 16:19:32.416  8950  8970 D UE4     : [2019.01.10-21.19.32:416][  0]LogConfig: Applying CVar settings from Section [/Script/Engine.GarbageCollectionSettings] File [../../../StackerGame/Saved/Config/Android/Engine.ini]
01-10 16:19:32.417  8950  8970 D UE4     : [2019.01.10-21.19.32:417][  0]LogConfig: Setting CVar [[gc.MaxObjectsNotConsideredByGC:1]]
01-10 16:19:32.417  8950  8970 D UE4     : [2019.01.10-21.19.32:417][  0]LogConfig: Setting CVar [[gc.SizeOfPermanentObjectPool:0]]
01-10 16:19:32.417  8950  8970 D UE4     : [2019.01.10-21.19.32:417][  0]LogConfig: Setting CVar [[gc.FlushStreamingOnGC:0]]
01-10 16:19:32.417  8950  8970 D UE4     : [2019.01.10-21.19.32:417][  0]LogConfig: Setting CVar [[gc.NumRetriesBeforeForcingGC:10]]
01-10 16:19:32.417  8950  8970 D UE4     : [2019.01.10-21.19.32:417][  0]LogConfig: Setting CVar [[gc.AllowParallelGC:1]]
01-10 16:19:32.417  8950  8970 D UE4     : [2019.01.10-21.19.32:417][  0]LogConfig: Setting CVar [[gc.TimeBetweenPurgingPendingKillObjects:61.1]]
01-10 16:19:32.417  8950  8970 D UE4     : [2019.01.10-21.19.32:417][  0]LogConfig: Setting CVar [[gc.MaxObjectsInEditor:8388607]]
01-10 16:19:32.417  8950  8970 D UE4     : [2019.01.10-21.19.32:417][  0]LogConfig: Setting CVar [[gc.IncrementalBeginDestroyEnabled:1]]
01-10 16:19:32.417  8950  8970 D UE4     : [2019.01.10-21.19.32:417][  0]LogConfig: Setting CVar [[gc.CreateGCClusters:1]]
01-10 16:19:32.417  8950  8970 D UE4     : [2019.01.10-21.19.32:417][  0]LogConfig: Setting CVar [[gc.MergeGCClusters:0]]
01-10 16:19:32.417  8950  8970 D UE4     : [2019.01.10-21.19.32:417][  0]LogConfig: Setting CVar [[gc.MinGCClusterSize:5]]
01-10 16:19:32.417  8950  8970 D UE4     : [2019.01.10-21.19.32:417][  0]LogConfig: Setting CVar [[gc.ActorClusteringEnabled:0]]
01-10 16:19:32.417  8950  8970 D UE4     : [2019.01.10-21.19.32:417][  0]LogConfig: Setting CVar [[gc.BlueprintClusteringEnabled:0]]
01-10 16:19:32.417  8950  8970 D UE4     : [2019.01.10-21.19.32:417][  0]LogConfig: Setting CVar [[gc.UseDisregardForGCOnDedicatedServers:0]]
01-10 16:19:32.417  8950  8970 D UE4     : [2019.01.10-21.19.32:417][  0]LogConfig: Setting CVar [[gc.MaxObjectsInGame:131072]]
01-10 16:19:32.417  8950  8970 D UE4     : [2019.01.10-21.19.32:417][  0]LogConfig: Applying CVar settings from Section [/Script/Engine.NetworkSettings] File [../../../StackerGame/Saved/Config/Android/Engine.ini]
01-10 16:19:32.418  8950  8970 D UE4     : [2019.01.10-21.19.32:418][  0]LogAndroid: Mobile HDR: YES
01-10 16:19:32.418  8950  8970 D UE4     : [2019.01.10-21.19.32:418][  0]LogAndroid: Setting Width=720 and Height=1280 (requested scale = 1.000000)
01-10 16:19:32.418  8950  8970 D UE4     : [2019.01.10-21.19.32:418][  0]LogConfig: Applying CVar settings from Section [ViewDistanceQuality@3] File [../../../StackerGame/Saved/Config/Android/Scalability.ini]
01-10 16:19:32.418  8950  8970 D UE4     : [2019.01.10-21.19.32:418][  0]LogConfig: Setting CVar [[r.SkeletalMeshLODBias:0]]
01-10 16:19:32.419  8950  8970 D UE4     : [2019.01.10-21.19.32:418][  0]LogConfig: Setting CVar [[r.ViewDistanceScale:1.0]]
01-10 16:19:32.419  8950  8970 D UE4     : [2019.01.10-21.19.32:419][  0]LogConfig: Applying CVar settings from Section [AntiAliasingQuality@3] File [../../../StackerGame/Saved/Config/Android/Scalability.ini]
01-10 16:19:32.419  8950  8970 D UE4     : [2019.01.10-21.19.32:419][  0]LogConfig: Setting CVar [[r.PostProcessAAQuality:4]]
01-10 16:19:32.419  8950  8970 D UE4     : [2019.01.10-21.19.32:419][  0]LogConfig: Applying CVar settings from Section [ShadowQuality@3] File [../../../StackerGame/Saved/Config/Android/Scalability.ini]
01-10 16:19:32.419  8950  8970 D UE4     : [2019.01.10-21.19.32:419][  0]LogConfig: Setting CVar [[r.LightFunctionQuality:1]]
01-10 16:19:32.419  8950  8970 D UE4     : [2019.01.10-21.19.32:419][  0]LogConfig: Setting CVar [[r.ShadowQuality:5]]
01-10 16:19:32.419  8950  8970 D UE4     : [2019.01.10-21.19.32:419][  0]LogConfig: Setting CVar [[r.Shadow.CSM.MaxCascades:10]]
01-10 16:19:32.419  8950  8970 D UE4     : [2019.01.10-21.19.32:419][  0]LogConfig: Setting CVar [[r.Shadow.MaxResolution:2048]]
01-10 16:19:32.419  8950  8970 D UE4     : [2019.01.10-21.19.32:419][  0]LogConfig: Setting CVar [[r.Shadow.MaxCSMResolution:2048]]
01-10 16:19:32.419  8950  8970 D UE4     : [2019.01.10-21.19.32:419][  0]LogConfig: Setting CVar [[r.Shadow.RadiusThreshold:0.01]]
01-10 16:19:32.419  8950  8970 D UE4     : [2019.01.10-21.19.32:419][  0]LogConfig: Setting CVar [[r.Shadow.DistanceScale:1.0]]
01-10 16:19:32.419  8950  8970 D UE4     : [2019.01.10-21.19.32:419][  0]LogConfig: Setting CVar [[r.Shadow.CSM.TransitionScale:1.0]]
01-10 16:19:32.419  8950  8970 D UE4     : [2019.01.10-21.19.32:419][  0]LogConfig: Setting CVar [[r.Shadow.PreShadowResolutionFactor:1.0]]
01-10 16:19:32.419  8950  8970 D UE4     : [2019.01.10-21.19.32:419][  0]LogConfig: Setting CVar [[r.DistanceFieldShadowing:1]]
01-10 16:19:32.419  8950  8970 D UE4     : [2019.01.10-21.19.32:419][  0]LogConfig: Setting CVar [[r.DistanceFieldAO:1]]
01-10 16:19:32.419  8950  8970 D UE4     : [2019.01.10-21.19.32:419][  0]LogConfig: Setting CVar [[r.AOQuality:2]]
01-10 16:19:32.419  8950  8970 D UE4     : [2019.01.10-21.19.32:419][  0]LogConfig: Setting CVar [[r.VolumetricFog:1]]
01-10 16:19:32.420  8950  8970 D UE4     : [2019.01.10-21.19.32:419][  0]LogConfig: Setting CVar [[r.VolumetricFog.GridPixelSize:8]]
01-10 16:19:32.420  8950  8970 D UE4     : [2019.01.10-21.19.32:420][  0]LogConfig: Setting CVar [[r.VolumetricFog.GridSizeZ:128]]
01-10 16:19:32.420  8950  8970 D UE4     : [2019.01.10-21.19.32:420][  0]LogConfig: Setting CVar [[r.VolumetricFog.HistoryMissSupersampleCount:4]]
01-10 16:19:32.420  8950  8970 D UE4     : [2019.01.10-21.19.32:420][  0]LogConfig: Setting CVar [[r.LightMaxDrawDistanceScale:1]]
01-10 16:19:32.420  8950  8970 D UE4     : [2019.01.10-21.19.32:420][  0]LogConfig: Setting CVar [[r.CapsuleShadows:1]]
01-10 16:19:32.420  8950  8970 D UE4     : [2019.01.10-21.19.32:420][  0]LogConfig: Applying CVar settings from Section [PostProcessQuality@3] File [../../../StackerGame/Saved/Config/Android/Scalability.ini]
01-10 16:19:32.420  8950  8970 D UE4     : [2019.01.10-21.19.32:420][  0]LogConfig: Setting CVar [[r.MotionBlurQuality:4]]
01-10 16:19:32.420  8950  8970 D UE4     : [2019.01.10-21.19.32:420][  0]LogConfig: Setting CVar [[r.AmbientOcclusionMipLevelFactor:0.4]]
01-10 16:19:32.420  8950  8970 D UE4     : [2019.01.10-21.19.32:420][  0]LogConfig: Setting CVar [[r.AmbientOcclusionMaxQuality:100]]
01-10 16:19:32.420  8950  8970 D UE4     : [2019.01.10-21.19.32:420][  0]LogConfig: Setting CVar [[r.AmbientOcclusionLevels:-1]]
01-10 16:19:32.420  8950  8970 D UE4     : [2019.01.10-21.19.32:420][  0]LogConfig: Setting CVar [[r.AmbientOcclusionRadiusScale:1.0]]
01-10 16:19:32.420  8950  8970 D UE4     : [2019.01.10-21.19.32:420][  0]LogConfig: Setting CVar [[r.DepthOfFieldQuality:2]]
01-10 16:19:32.420  8950  8970 D UE4     : [2019.01.10-21.19.32:420][  0]LogConfig: Setting CVar [[r.RenderTargetPoolMin:400]]
01-10 16:19:32.420  8950  8970 D UE4     : [2019.01.10-21.19.32:420][  0]LogConfig: Setting CVar [[r.LensFlareQuality:2]]
01-10 16:19:32.420  8950  8970 D UE4     : [2019.01.10-21.19.32:420][  0]LogConfig: Setting CVar [[r.SceneColorFringeQuality:1]]
01-10 16:19:32.420  8950  8970 D UE4     : [2019.01.10-21.19.32:420][  0]LogConfig: Setting CVar [[r.EyeAdaptationQuality:2]]
01-10 16:19:32.420  8950  8970 D UE4     : [2019.01.10-21.19.32:420][  0]LogConfig: Setting CVar [[r.BloomQuality:5]]
01-10 16:19:32.421  8950  8970 D UE4     : [2019.01.10-21.19.32:420][  0]LogConfig: Setting CVar [[r.FastBlurThreshold:100]]
01-10 16:19:32.421  8950  8970 D UE4     : [2019.01.10-21.19.32:421][  0]LogConfig: Setting CVar [[r.Upscale.Quality:3]]
01-10 16:19:32.421  8950  8970 D UE4     : [2019.01.10-21.19.32:421][  0]LogConfig: Setting CVar [[r.Tonemapper.GrainQuantization:1]]
01-10 16:19:32.421  8950  8970 D UE4     : [2019.01.10-21.19.32:421][  0]LogConfig: Setting CVar [[r.LightShaftQuality:1]]
01-10 16:19:32.421  8950  8970 D UE4     : [2019.01.10-21.19.32:421][  0]LogConfig: Setting CVar [[r.Filter.SizeScale:1]]
01-10 16:19:32.421  8950  8970 D UE4     : [2019.01.10-21.19.32:421][  0]LogConfig: Setting CVar [[r.Tonemapper.Quality:5]]
01-10 16:19:32.421  8950  8970 D UE4     : [2019.01.10-21.19.32:421][  0]LogConfig: Setting CVar [[r.DOF.Gather.AccumulatorQuality:1        ; higher gathering accumulator quality]]
01-10 16:19:32.421  8950  8970 D UE4     : [2019.01.10-21.19.32:421][  0]LogConfig: Setting CVar [[r.DOF.Gather.PostfilterMethod:1          ; Median3x3 postfilering method]]
01-10 16:19:32.421  8950  8970 D UE4     : [2019.01.10-21.19.32:421][  0]LogConfig: Setting CVar [[r.DOF.Gather.EnableBokehSettings:0       ; no bokeh simulation when gathering]]
01-10 16:19:32.421  8950  8970 D UE4     : [2019.01.10-21.19.32:421][  0]LogConfig: Setting CVar [[r.DOF.Gather.RingCount:4                 ; medium number of samples when gathering]]
01-10 16:19:32.421  8950  8970 D UE4     : [2019.01.10-21.19.32:421][  0]LogConfig: Setting CVar [[r.DOF.Scatter.ForegroundCompositing:1    ; additive foreground scattering]]
01-10 16:19:32.421  8950  8970 D UE4     : [2019.01.10-21.19.32:421][  0]LogConfig: Setting CVar [[r.DOF.Scatter.BackgroundCompositing:2    ; additive background scattering]]
01-10 16:19:32.421  8950  8970 D UE4     : [2019.01.10-21.19.32:421][  0]LogConfig: Setting CVar [[r.DOF.Scatter.EnableBokehSettings:1      ; bokeh simulation when scattering]]
01-10 16:19:32.421  8950  8970 D UE4     : [2019.01.10-21.19.32:421][  0]LogConfig: Setting CVar [[r.DOF.Scatter.MaxSpriteRatio:0.1         ; only a maximum of 10% of scattered bokeh]]
01-10 16:19:32.421  8950  8970 D UE4     : [2019.01.10-21.19.32:421][  0]LogConfig: Setting CVar [[r.DOF.Recombine.Quality:1                ; cheap slight out of focus]]
01-10 16:19:32.421  8950  8970 D UE4     : [2019.01.10-21.19.32:421][  0]LogConfig: Setting CVar [[r.DOF.Recombine.EnableBokehSettings:0    ; no bokeh simulation on slight out of focus]]
01-10 16:19:32.422  8950  8970 D UE4     : [2019.01.10-21.19.32:422][  0]LogConfig: Setting CVar [[r.DOF.TemporalAAQuality:1                ; more stable temporal accumulation]]
01-10 16:19:32.422  8950  8970 D UE4     : [2019.01.10-21.19.32:422][  0]LogConfig: Setting CVar [[r.DOF.Kernel.MaxForegroundRadius:0.025]]
01-10 16:19:32.422  8950  8970 D UE4     : [2019.01.10-21.19.32:422][  0]LogConfig: Setting CVar [[r.DOF.Kernel.MaxBackgroundRadius:0.025]]
01-10 16:19:32.422  8950  8970 D UE4     : [2019.01.10-21.19.32:422][  0]LogConfig: Applying CVar settings from Section [TextureQuality@3] File [../../../StackerGame/Saved/Config/Android/Scalability.ini]
01-10 16:19:32.422  8950  8970 D UE4     : [2019.01.10-21.19.32:422][  0]LogConfig: Setting CVar [[r.Streaming.MipBias:0]]
01-10 16:19:32.422  8950  8970 D UE4     : [2019.01.10-21.19.32:422][  0]LogConfig: Setting CVar [[r.Streaming.AmortizeCPUToGPUCopy:0]]
01-10 16:19:32.422  8950  8970 D UE4     : [2019.01.10-21.19.32:422][  0]LogConfig: Setting CVar [[r.Streaming.MaxNumTexturesToStreamPerFrame:0]]
01-10 16:19:32.422  8950  8970 D UE4     : [2019.01.10-21.19.32:422][  0]LogConfig: Setting CVar [[r.Streaming.Boost:1]]
01-10 16:19:32.422  8950  8970 D UE4     : [2019.01.10-21.19.32:422][  0]LogConfig: Setting CVar [[r.MaxAnisotropy:8]]
01-10 16:19:32.422  8950  8970 D UE4     : [2019.01.10-21.19.32:422][  0]LogConfig: Setting CVar [[r.Streaming.LimitPoolSizeToVRAM:0]]
01-10 16:19:32.422  8950  8970 D UE4     : [2019.01.10-21.19.32:422][  0]LogConfig: Setting CVar [[r.Streaming.PoolSize:1000]]
01-10 16:19:32.422  8950  8970 D UE4     : [2019.01.10-21.19.32:422][  0]LogConfig: Setting CVar [[r.Streaming.MaxEffectiveScreenSize:0]]
01-10 16:19:32.422  8950  8970 D UE4     : [2019.01.10-21.19.32:422][  0]LogConfig: Applying CVar settings from Section [EffectsQuality@3] File [../../../StackerGame/Saved/Config/Android/Scalability.ini]
01-10 16:19:32.422  8950  8970 D UE4     : [2019.01.10-21.19.32:422][  0]LogConfig: Setting CVar [[r.TranslucencyLightingVolumeDim:64]]
01-10 16:19:32.422  8950  8970 D UE4     : [2019.01.10-21.19.32:422][  0]LogConfig: Setting CVar [[r.RefractionQuality:2]]
01-10 16:19:32.423  8950  8970 D UE4     : [2019.01.10-21.19.32:423][  0]LogConfig: Setting CVar [[r.SSR.Quality:3]]
01-10 16:19:32.423  8950  8970 D UE4     : [2019.01.10-21.19.32:423][  0]LogConfig: Setting CVar [[r.SceneColorFormat:4]]
01-10 16:19:32.423  8950  8970 D UE4     : [2019.01.10-21.19.32:423][  0]LogConfig: Setting CVar [[r.DetailMode:2]]
01-10 16:19:32.423  8950  8970 D UE4     : [2019.01.10-21.19.32:423][  0]LogConfig: Setting CVar [[r.TranslucencyVolumeBlur:1]]
01-10 16:19:32.423  8950  8970 D UE4     : [2019.01.10-21.19.32:423][  0]LogConfig: Setting CVar [[r.MaterialQualityLevel:1 ; High quality]]
01-10 16:19:32.423  8950  8970 D UE4     : [2019.01.10-21.19.32:423][  0]LogConfig: Setting CVar [[r.SSS.Scale:1]]
01-10 16:19:32.423  8950  8970 D UE4     : [2019.01.10-21.19.32:423][  0]LogConfig: Setting CVar [[r.SSS.SampleSet:2]]
01-10 16:19:32.424  8950  8970 D UE4     : [2019.01.10-21.19.32:424][  0]LogConfig: Setting CVar [[r.SSS.Quality:1]]
01-10 16:19:32.424  8950  8970 D UE4     : [2019.01.10-21.19.32:424][  0]LogConfig: Setting CVar [[r.SSS.HalfRes:1]]
01-10 16:19:32.424  8950  8970 D UE4     : [2019.01.10-21.19.32:424][  0]LogConfig: Setting CVar [[r.EmitterSpawnRateScale:1.0]]
01-10 16:19:32.424  8950  8970 D UE4     : [2019.01.10-21.19.32:424][  0]LogConfig: Setting CVar [[r.ParticleLightQuality:2]]
01-10 16:19:32.424  8950  8970 D UE4     : [2019.01.10-21.19.32:424][  0]LogConfig: Applying CVar settings from Section [FoliageQuality@3] File [../../../StackerGame/Saved/Config/Android/Scalability.ini]
01-10 16:19:32.424  8950  8970 D UE4     : [2019.01.10-21.19.32:424][  0]LogConfig: Setting CVar [[foliage.DensityScale:1.0]]
01-10 16:19:32.424  8950  8970 D UE4     : [2019.01.10-21.19.32:424][  0]LogConfig: Setting CVar [[grass.DensityScale:1.0]]
01-10 16:19:32.425  8950  8970 D UE4     : [2019.01.10-21.19.32:425][  0]LogAndroid: Vulkan not available as project packaged without bSupportsVulkan or bSupportsVulkanSM5.
01-10 16:19:32.464  8950  8970 D UE4     : [2019.01.10-21.19.32:464][  0]LogAndroid: Checking 32 rules from DeviceProfile ini file.
01-10 16:19:32.464  8950  8970 D UE4     : [2019.01.10-21.19.32:464][  0]LogAndroid:   Default profile: Android_Default
01-10 16:19:32.464  8950  8970 D UE4     : [2019.01.10-21.19.32:464][  0]LogAndroid:   GpuFamily: Mali-T760
01-10 16:19:32.464  8950  8970 D UE4     : [2019.01.10-21.19.32:464][  0]LogAndroid:   GlVersion: OpenGL ES 3.2 v1.r15p0-00rel0.68b65ac7cf15907aeb95fa944f39eef2
01-10 16:19:32.464  8950  8970 D UE4     : [2019.01.10-21.19.32:464][  0]LogAndroid:   VulkanAvailable: false
01-10 16:19:32.464  8950  8970 D UE4     : [2019.01.10-21.19.32:464][  0]LogAndroid:   VulkanVersion: 1.0.26
01-10 16:19:32.464  8950  8970 D UE4     : [2019.01.10-21.19.32:464][  0]LogAndroid:   AndroidVersion: 7.0
01-10 16:19:32.464  8950  8970 D UE4     : [2019.01.10-21.19.32:464][  0]LogAndroid:   DeviceMake: samsung
01-10 16:19:32.464  8950  8970 D UE4     : [2019.01.10-21.19.32:464][  0]LogAndroid:   DeviceModel: SM-N920V
01-10 16:19:32.464  8950  8970 D UE4     : [2019.01.10-21.19.32:464][  0]LogAndroid:   DeviceBuildNumber: NRD90M.N920VVRS3CRH1
01-10 16:19:32.464  8950  8970 D UE4     : [2019.01.10-21.19.32:464][  0]LogAndroid:   UsingHoudini: false
01-10 16:19:32.494  8950  8970 D UE4     : [2019.01.10-21.19.32:494][  0]LogAndroid: Selected Device Profile: [Android_Mali_T7xx]
01-10 16:19:32.494  8950  8970 D UE4     : [2019.01.10-21.19.32:494][  0]LogInit: Applying CVar settings loaded from the selected device profile: [Android_Mali_T7xx]
01-10 16:19:32.496  8950  8970 D UE4     : [2019.01.10-21.19.32:496][  0]LogHAL: Display: Platform has ~ 3 GB [3840643072 / 4294967296 / 4], which maps to Smaller [LargestMinGB=8, LargerMinGB=6, DefaultMinGB=4, SmallerMinGB=3, SmallestMinGB=0)
01-10 16:19:32.496  8950  8970 D UE4     : [2019.01.10-21.19.32:496][  0]LogInit: Going up to parent DeviceProfile [Android_High]
01-10 16:19:32.496  8950  8970 D UE4     : [2019.01.10-21.19.32:496][  0]LogConfig: Setting CVar [[r.BloomQuality:1]]
01-10 16:19:32.496  8950  8970 D UE4     : [2019.01.10-21.19.32:496][  0]LogConfig: Setting CVar [[r.DepthOfFieldQuality:1]]
