01-08 10:41:11.515  2145  2162 D UE4     : [2019.01.08-15.41.11:514][  0]LogShaderLibrary: Display: Failed to load Shared Shader Library: DatasmithContent and no native library supported.
01-08 10:41:11.515  2145  2162 D UE4     : [2019.01.08-15.41.11:515][  0]LogShaderLibrary: Display: Failed to load Shared Shader Library: DatasmithContent_SC and no native library supported.
01-08 10:41:11.515  2145  2162 D UE4     : [2019.01.08-15.41.11:515][  0]LogShaderLibrary: Display: Failed to load Shared Shader Library: VariantManagerContent and no native library supported.
01-08 10:41:11.515  2145  2162 D UE4     : [2019.01.08-15.41.11:515][  0]LogShaderLibrary: Display: Failed to load Shared Shader Library: VariantManagerContent_SC and no native library supported.
01-08 10:41:11.515  2145  2162 D UE4     : [2019.01.08-15.41.11:515][  0]LogShaderLibrary: Display: Failed to load Shared Shader Library: VariantManagerContent and no native library supported.
01-08 10:41:11.515  2145  2162 D UE4     : [2019.01.08-15.41.11:515][  0]LogShaderLibrary: Display: Failed to load Shared Shader Library: VariantManagerContent_SC and no native library supported.
01-08 10:41:11.516  2145  2162 D UE4     : [2019.01.08-15.41.11:515][  0]LogShaderLibrary: Display: Failed to load Shared Shader Library: MediaCompositing and no native library supported.
01-08 10:41:11.516  2145  2162 D UE4     : [2019.01.08-15.41.11:516][  0]LogShaderLibrary: Display: Failed to load Shared Shader Library: MediaCompositing_SC and no native library supported.
01-08 10:41:11.516  2145  2162 D UE4     : [2019.01.08-15.41.11:516][  0]LogShaderLibrary: Display: Failed to load Shared Shader Library: MediaCompositing and no native library supported.
01-08 10:41:11.516  2145  2162 D UE4     : [2019.01.08-15.41.11:516][  0]LogShaderLibrary: Display: Failed to load Shared Shader Library: MediaCompositing_SC and no native library supported.
01-08 10:41:11.516  2145  2162 D UE4     : [2019.01.08-15.41.11:516][  0]LogShaderLibrary: Display: Failed to load Shared Shader Library: OculusVR and no native library supported.
01-08 10:41:11.516  2145  2162 D UE4     : [2019.01.08-15.41.11:516][  0]LogShaderLibrary: Display: Failed to load Shared Shader Library: OculusVR_SC and no native library supported.
01-08 10:41:11.517  2145  2162 D UE4     : [2019.01.08-15.41.11:516][  0]LogShaderLibrary: Display: Failed to load Shared Shader Library: OculusVR and no native library supported.
01-08 10:41:11.517  2145  2162 D UE4     : [2019.01.08-15.41.11:517][  0]LogShaderLibrary: Display: Failed to load Shared Shader Library: OculusVR_SC and no native library supported.
01-08 10:41:11.517  2145  2162 D UE4     : [2019.01.08-15.41.11:517][  0]LogShaderLibrary: Display: Failed to load Shared Shader Library: SteamVR and no native library supported.
01-08 10:41:11.517  2145  2162 D UE4     : [2019.01.08-15.41.11:517][  0]LogShaderLibrary: Display: Failed to load Shared Shader Library: SteamVR_SC and no native library supported.
01-08 10:41:11.517  2145  2162 D UE4     : [2019.01.08-15.41.11:517][  0]LogShaderLibrary: Display: Failed to load Shared Shader Library: SteamVR and no native library supported.
01-08 10:41:11.517  2145  2162 D UE4     : [2019.01.08-15.41.11:517][  0]LogShaderLibrary: Display: Failed to load Shared Shader Library: SteamVR_SC and no native library supported.
01-08 10:41:11.540  2145  2162 D UE4     : [2019.01.08-15.41.11:540][  0]LogMaterial: Verifying Global Shaders for GLSL_ES2
01-08 10:41:11.573  3757  7205 D AudioService: getStreamVolume 3 index 70
01-08 10:41:11.595  3757 31269 D AudioService: getStreamVolume 3 index 70
01-08 10:41:11.597  3757  2859 D AudioService: getStreamVolume 3 index 70
01-08 10:41:11.597  3757  7206 D AudioService: getStreamVolume 3 index 70
01-08 10:41:11.598  3757  3771 D AudioService: getStreamVolume 3 index 70
01-08 10:41:11.657  2145  2162 D UE4     : [2019.01.08-15.41.11:656][  0]LogSlate: Using FreeType 2.4.12
01-08 10:41:11.658  2145  2162 D UE4     : [2019.01.08-15.41.11:658][  0]LogSlate: SlateFontServices - WITH_FREETYPE: 1, WITH_HARFBUZZ: 1
01-08 10:41:11.773  3757  2858 D AudioService: getStreamVolume 3 index 70
01-08 10:41:11.797  3757  7204 D AudioService: getStreamVolume 3 index 70
01-08 10:41:11.798  3757  4469 D AudioService: getStreamVolume 3 index 70
01-08 10:41:11.799  3757 29838 D AudioService: getStreamVolume 3 index 70
01-08 10:41:11.799  3757  5062 D AudioService: getStreamVolume 3 index 70
01-08 10:41:11.822  2145  2145 D ViewRootImpl@c9e8dee[GameActivity]: mHardwareRenderer.destroy()#4
01-08 10:41:11.822  2145  2145 D ViewRootImpl@c9e8dee[GameActivity]: dispatchDetachedFromWindow
01-08 10:41:11.823  3757  5063 D WindowManager: disposeInputChannel mInputChannel: 8a5ff30 com.GeekTechnique.InfinityStack/com.epicgames.ue4.GameActivity (server)
01-08 10:41:11.827  3757  5063 I WindowManager_SurfaceController: Destroying surface Surface(name=com.GeekTechnique.InfinityStack/com.epicgames.ue4.GameActivity) called by com.android.server.wm.WindowStateAnimator.destroySurface:2907 com.android.server.wm.WindowStateAnimator.destroySurfaceLocked:1120 com.android.server.wm.WindowState.removeLocked:1864 com.android.server.wm.WindowManagerService.removeWindowInnerLocked:2934 com.android.server.wm.WindowManagerService.removeWindowLocked:2879 com.android.server.wm.WindowManagerService.removeWindowLocked:2689 com.android.server.wm.WindowManagerService.removeWindow:2684 com.android.server.wm.Session.remove:218 
01-08 10:41:11.828  3215  5562 I SurfaceFlinger: id=2346 Removed HameActivit (9/13)
01-08 10:41:11.828  3215  3264 I SurfaceFlinger: id=2346 Removed HameActivit (-2/13)
01-08 10:41:11.829  3757  5884 D CustomFrequencyManagerService: releaseDVFSLockLocked : Getting Lock type frm List : DVFS_MIN_LIMIT  frequency : 1300000  uid : 1000  pid : 3757  tag : AMS_ACT_RESUME@CPU_MIN@13
01-08 10:41:11.830  2145  2162 D UE4     : [2019.01.08-15.41.11:830][  0]LogShaderLibrary: Display: Failed to load Shared Shader Library: StackerGame and no native library supported.
01-08 10:41:11.830  2145  2162 D UE4     : [2019.01.08-15.41.11:830][  0]LogShaderLibrary: Display: Failed to load Shared Shader Library: StackerGame_SC and no native library supported.
01-08 10:41:11.830  2145  2162 D UE4     : [2019.01.08-15.41.11:830][  0]LogRHI: Display: Opened pipeline cache after state change and enqueued -1100654016 of 0 tasks for precompile.
01-08 10:41:11.831  2145  2162 D UE4     : [2019.01.08-15.41.11:831][  0]LogShaderLibrary: Display: Failed to load Shared Shader Library: StackerGame and no native library supported.
01-08 10:41:11.831  2145  2162 D UE4     : [2019.01.08-15.41.11:831][  0]LogShaderLibrary: Display: Failed to load Shared Shader Library: StackerGame_SC and no native library supported.
01-08 10:41:11.831  2145  2162 D UE4     : [2019.01.08-15.41.11:831][  0]LogRHI: Display: Opened pipeline cache after state change and enqueued -1100653248 of 0 tasks for precompile.
01-08 10:41:11.831  2145  2162 D UE4     : [2019.01.08-15.41.11:831][  0]LogRHI: Display: Failed to open default shader pipeline cache for StackerGame using shader platform 8.
01-08 10:41:11.831  2145  2162 D UE4     : [2019.01.08-15.41.11:831][  0]LogRHI: Display: Failed to open default shader pipeline cache for StackerGame using shader platform 8.
01-08 10:41:11.832  2145  2162 D UE4     : [2019.01.08-15.41.11:831][  0]LogInit: Using OS detected language (en-US).
01-08 10:41:11.832  3757  5884 D ActivityManagerPerformance: AMP_release() ACT_RESUME
01-08 10:41:11.832  2145  2162 D UE4     : [2019.01.08-15.41.11:832][  0]LogInit: Using OS detected locale (en-US).
01-08 10:41:11.832  2145  2162 D UE4     : [2019.01.08-15.41.11:832][  0]LogTextLocalizationManager: No localization for 'en-US' exists, so 'en' will be used for the language.
01-08 10:41:11.832  2145  2162 D UE4     : [2019.01.08-15.41.11:832][  0]LogTextLocalizationManager: No localization for 'en-US' exists, so 'en' will be used for the locale.
01-08 10:41:11.833  2145  2162 D UE4     : [2019.01.08-15.41.11:833][  0]LogSlate: FontCache flush requested. Reason: Culture for localization was changed
01-08 10:41:11.833  2145  2162 D UE4     : [2019.01.08-15.41.11:833][  0]LogSlate: FontCache flush requested. Reason: Culture for localization was changed
01-08 10:41:11.841  3757  5063 D InputTransport: Input channel destroyed: fd=402
01-08 10:41:11.845  2145  2145 D InputTransport: Input channel destroyed: fd=67
01-08 10:41:11.846  3757  4458 D WifiStateMachine: Current network is: "wilkinson2.4" , ID is: 30
01-08 10:41:11.847  3757  4458 I WifiStateMachine: IMS calling, current network is always qualified
01-08 10:41:11.935  2145  2162 D UE4     : [2019.01.08-15.41.11:935][  0]LogStreaming: Display: Took  0.104s to InitGameTextLocalization.
01-08 10:41:11.975  3757  5902 I ActivityManager: Killing 1597:com.samsung.android.app.watchmanagerstub/u0a129 (adj 906): DHA:empty #31
01-08 10:41:11.975  3757  6272 D AudioService: getStreamVolume 3 index 70
01-08 10:41:11.988  3757  7201 D ActivityManager: cleanUpApplicationRecord -- 1597
01-08 10:41:11.991  6011  6033 D ForegroundUtils: could not check pending caller
01-08 10:41:11.998  3757 10496 D AudioService: getStreamVolume 3 index 70
01-08 10:41:12.001  3757  7216 D AudioService: getStreamVolume 3 index 70
01-08 10:41:12.004  3757  5901 D AudioService: getStreamVolume 3 index 70
01-08 10:41:12.006  3757  4440 D AudioService: getStreamVolume 3 index 70
01-08 10:41:12.031  2145  2162 D UE4     : [2019.01.08-15.41.12:031][  0]LogAssetRegistry: FAssetRegistry took 0.0939 seconds to start up
01-08 10:41:12.142  3757  7203 I RemotePrintSpooler: [user: 0] unbindLocked()
01-08 10:41:12.149  3757  2858 I ActivityManager: Killing 1630:com.samsung.android.intelligenceservice2/5010 (adj 906): DHA:empty #31
01-08 10:41:12.167  3757 31270 D ActivityManager: cleanUpApplicationRecord -- 1630
01-08 10:41:12.168  6011  6033 D ForegroundUtils: could not check pending caller
01-08 10:41:12.178  3757  5063 D AudioService: getStreamVolume 3 index 70
01-08 10:41:12.201  3757 29841 D AudioService: getStreamVolume 3 index 70
01-08 10:41:12.203  3757  6272 D AudioService: getStreamVolume 3 index 70
01-08 10:41:12.206  3757 10512 D AudioService: getStreamVolume 3 index 70
01-08 10:41:12.207  3757  7205 D AudioService: getStreamVolume 3 index 70
01-08 10:41:12.380  3757  7216 D AudioService: getStreamVolume 3 index 70
01-08 10:41:12.389  6668  6733 D ContactsProvider_EventLog: contents_sample_state: [ contacts(369) data(4037) accounts({vnd.sec.contact.phone (1)=12, com.google (7)=693}) accounts deleted({}) calls([logtype:100 cnt:430, logtype:1150 cnt:70]) countryIso(US) userId(0)  ]

01-08 10:41:12.389  6668  6733 D ContactsProvider_EventLog: contents_sample_state: [ agr({[2 ,2 ,7]=1, [2 ,7 ,2 ,7]=1, [7 ,2 ,7]=4, [7 ,7 ,2]=4, [1 ,7]=5, [7]=51, [7 ,2]=231, [1 ,2 ,7]=7, [2 ,7]=65})  ]

01-08 10:41:12.389  6668  6733 D ContactsProvider_EventLog: contents_sample_state: [ actCnt({android.process.acore=5})  ]
01-08 10:41:12.393  6668  6733 E ContactsProvider_EventLog: Flush buffer to file cnt : 1 size : 0Kb duration : 4ms lastUpdatedAfter : 6596 ms mFlush_time_threasold : 2000 mCurrentSize : 457
01-08 10:41:12.404  3757 29840 D AudioService: getStreamVolume 3 index 70
01-08 10:41:12.405  3757  7204 D AudioService: getStreamVolume 3 index 70
01-08 10:41:12.408  3757  4469 D AudioService: getStreamVolume 3 index 70
01-08 10:41:12.409  3757  5062 D AudioService: getStreamVolume 3 index 70
01-08 10:41:12.528  2145  2162 D UE4     : [2019.01.08-15.41.12:527][  0]LogStreaming: Display: Flushing async loaders.
01-08 10:41:12.584  3757 32085 D AudioService: getStreamVolume 3 index 70
01-08 10:41:12.607  3757 31270 D AudioService: getStreamVolume 3 index 70
01-08 10:41:12.610  3757  5063 D AudioService: getStreamVolume 3 index 70
01-08 10:41:12.611  2145  2162 D UE4     : [2019.01.08-15.41.12:611][  0]LogPackageLocalizationCache: Processed 10 localized package path(s) for 1 prioritized culture(s) in 0.081866 seconds
01-08 10:41:12.613  3757 29841 D AudioService: getStreamVolume 3 index 70
01-08 10:41:12.615  3757  6272 D AudioService: getStreamVolume 3 index 70
01-08 10:41:12.633  3757  4473 D ConnectivityService: filterNetworkStateForUid() uid: 10029 networkInfo: [type: WIFI[] - WIFI, state: CONNECTED/CONNECTED, reason: (unspecified), extra: "wilkinson2.4", failover: false, available: true, roaming: false, metered: false]
01-08 10:41:12.636  3757  7205 D ConnectivityService: filterNetworkStateForUid() uid: 10029 networkInfo: [type: WIFI[] - WIFI, state: CONNECTED/CONNECTED, reason: (unspecified), extra: "wilkinson2.4", failover: false, available: true, roaming: false, metered: false]
01-08 10:41:12.708  2145  2162 D UE4     : [2019.01.08-15.41.12:708][  0]LogNetVersion: StackerGame 1.0.0, NetCL: 4541578, EngineNetVer: 5, GameNetVer: 0 (Checksum: 1419414380)
01-08 10:41:12.786  3757  7216 D AudioService: getStreamVolume 3 index 70
01-08 10:41:12.810  3757  5901 D AudioService: getStreamVolume 3 index 70
01-08 10:41:12.813  3757  4440 D AudioService: getStreamVolume 3 index 70
01-08 10:41:12.815  3757 32083 D AudioService: getStreamVolume 3 index 70
01-08 10:41:12.817  3757 29840 D AudioService: getStreamVolume 3 index 70
01-08 10:41:12.887  5689  5689 D io_stats: !@   8,0 r 640094 20257308 w 536568 12095344 d 76841 6770116 f 167520 167470 iot 947350 488197 th 61440 61440 48264 pt 3510 inp 0 0 49946.797
01-08 10:41:12.989  3757  7204 D AudioService: getStreamVolume 3 index 70
01-08 10:41:13.013 32527 32692 D ClClient: Not sending keepalive.  Current connection state=STOPPED
01-08 10:41:13.020  3757 32085 D AudioService: getStreamVolume 3 index 70
01-08 10:41:13.021  3757 31270 D AudioService: getStreamVolume 3 index 70
01-08 10:41:13.024  3757  5063 D AudioService: getStreamVolume 3 index 70
01-08 10:41:13.026  3757 29841 D AudioService: getStreamVolume 3 index 70
01-08 10:41:13.064  3757 29839 D ConnectivityService: filterNetworkStateForUid() uid: 10014 networkInfo: [type: WIFI[] - WIFI, state: CONNECTED/CONNECTED, reason: (unspecified), extra: "wilkinson2.4", failover: false, available: true, roaming: false, metered: false]
01-08 10:41:13.095  3757  6272 D ConnectivityService: filterNetworkStateForUid() uid: 10014 networkInfo: [type: WIFI[] - WIFI, state: CONNECTED/CONNECTED, reason: (unspecified), extra: "wilkinson2.4", failover: false, available: true, roaming: false, metered: false]
01-08 10:41:13.102  7370  2014 I System.out: (HTTPLog)-Static: isSBSettingEnabled false
01-08 10:41:13.102  7370  2014 I System.out: (HTTPLog)-Static: isSBSettingEnabled false
01-08 10:41:13.104  3252  3746 D EnterpriseController: netId is 0
01-08 10:41:13.104  3252  3746 D Netd    : getNetworkForDns: using netid 519 for uid 10014
01-08 10:41:13.104  3252  3746 D DnsProxyListener: DNSDBG::dns addrinfo af 0
01-08 10:41:13.115  3757  7205 D BatteryService: !@BatteryListener : batteryPropertiesChanged!
01-08 10:41:13.116  3757  7205 D BatteryService: level:84, scale:100, status:2, health:2, present:true, voltage: 4232, temperature: 279, technology: Li-ion, AC powered:false, USB powered:true, POGO powered:false, Wireless powered:false, icon:17303694, invalid charger:0, maxChargingCurrent:0, maxChargingVoltage:0, chargeCounter:0
01-08 10:41:13.116  3757  7205 D BatteryService: online:6, current avg:553, charge type:1, power sharing:false, high voltage charger:false, capacity:280000, batterySWSelfDischarging:false, misc_event:0, current_now:701
01-08 10:41:13.116  3757  3757 D BatteryService: Sending ACTION_BATTERY_CHANGED.
01-08 10:41:13.120  3757  3757 V UiModeManager: updateLocked: null action, mDockState=0, category=null
01-08 10:41:13.120  3757  3757 D UiModeManager: updateConfigurationLocked: mDockState=0; mCarMode=false; mNightMode=1; uiMode=17
01-08 10:41:13.121  3757  3757 D GameManagerService: new battery level: 84
01-08 10:41:13.124  4616  4616 D KeyguardUpdateMonitor: received broadcast android.intent.action.BATTERY_CHANGED
01-08 10:41:13.124  4616  4616 D KeyguardUpdateMonitor: handleBatteryUpdate
01-08 10:41:13.127  4616  4616 D PowerUI : priorPlugType = 2 mPlugType =  2
01-08 10:41:13.128  4616  4616 D PowerUI.Notification: showChargingNotice oldChargingType : 1 currentChargingType : 1 oldChargingTime : 2818000 mChargingTime : 2818000
01-08 10:41:13.128  4616  4616 D PowerUI.Notification: There is no change about charging status, so return!
01-08 10:41:13.131  4616  4616 D BatteryMeterDrawable: isSomethingChanged - false
01-08 10:41:13.131  4616  4616 D BatteryMeterDrawable: isSomethingChanged - false
01-08 10:41:13.132  5024  5024 D PhoneApp: PhoneAppBroadcastReceiver onReceive android.intent.action.BATTERY_CHANGED
01-08 10:41:13.133  5024  5024 D TelephonyExtensionManager: lowBatterySound - isLowBatterySoundScheduled: false
01-08 10:41:13.133  5024  5024 D TelephonyExtensionManager: lowBatterySound - isPlayNow: false
01-08 10:41:13.134  5024  5024 D TelephonyExtensionManager: isSpeakerON - false
01-08 10:41:13.135  4616  4616 D Tile.FlashlightTile: ACTION_BATTERY_CHANGED - Level :: 84, emEnabled :: false
01-08 10:41:13.155  5024  5024 D TelephonyExtensionManager: lowBatterySound - batteryStatus: 2
01-08 10:41:13.155  5024  5024 D TelephonyExtensionManager: lowBatterySound - batteryLevel: 84
01-08 10:41:13.155  5024  5024 D TelephonyExtensionManager: lowBatterySound - cancel
01-08 10:41:13.156  3757  7202 D SamsungAlarmManager: Cancel Alarm calling from uid:1001 pid :5024 / op:PendingIntent{6c1b1de: PendingIntentRecord{c794fd3 com.android.phone broadcastIntent}}
01-08 10:41:13.157  5024  5024 D TelephonyExtension: Not stopping low battery tone
01-08 10:41:13.192  3757  4482 D AudioService: getStreamVolume 3 index 70
01-08 10:41:13.196  3757  9599 D TelephonyManager: getAllCellInfo : Caller (PID / UID / TID): 3757 / 1000 / 9599
01-08 10:41:13.221  3757  6272 D AudioService: getStreamVolume 3 index 70
01-08 10:41:13.223  3757  3774 D CompatibilityInfo: mCompatibilityFlags - 0
01-08 10:41:13.223  3757  3774 D CompatibilityInfo: applicationDensity - 420
01-08 10:41:13.223  3757  3774 D CompatibilityInfo: applicationScale - 1.0
01-08 10:41:13.225  3757 10512 D AudioService: getStreamVolume 3 index 70
01-08 10:41:13.227  3757 10496 D AudioService: getStreamVolume 3 index 70
01-08 10:41:13.229  3757  7216 D AudioService: getStreamVolume 3 index 70
01-08 10:41:13.232  3757  7205 D CompatibilityInfo: mCompatibilityFlags - 0
01-08 10:41:13.232  3757  7205 D CompatibilityInfo: applicationDensity - 420
01-08 10:41:13.232  3757  7205 D CompatibilityInfo: applicationScale - 1.0
01-08 10:41:13.237  3757  2859 D CompatibilityInfo: mCompatibilityFlags - 0
01-08 10:41:13.237  3757  2859 D CompatibilityInfo: applicationDensity - 420
01-08 10:41:13.237  3757  2859 D CompatibilityInfo: applicationScale - 1.0
01-08 10:41:13.251  3757  2859 D CompatibilityInfo: mCompatibilityFlags - 0
01-08 10:41:13.251  3757  2859 D CompatibilityInfo: applicationDensity - 420
01-08 10:41:13.252  3757  2859 D CompatibilityInfo: applicationScale - 1.0
01-08 10:41:13.254 16809 16809 I DMT-DropBoxReceiver: Received : android.intent.action.DROPBOX_ENTRY_ADDED
01-08 10:41:13.257  3757  4440 D CompatibilityInfo: mCompatibilityFlags - 0
01-08 10:41:13.257  3757  4440 D CompatibilityInfo: applicationDensity - 420
01-08 10:41:13.257  3757  4440 D CompatibilityInfo: applicationScale - 1.0
01-08 10:41:13.272  3757  5063 D SamsungAlarmManager: Cancel Alarm calling from uid:10014 pid :7370 / op:PendingIntent{a16d651: PendingIntentRecord{f17fff1 com.google.android.gms broadcastIntent}}
01-08 10:41:13.281  3757 29842 D CompatibilityInfo: mCompatibilityFlags - 0
01-08 10:41:13.281  3757 29842 D CompatibilityInfo: applicationDensity - 420
01-08 10:41:13.281  3757 29842 D CompatibilityInfo: applicationScale - 1.0
01-08 10:41:13.390  2145  2162 I MediaPlayer: Need to enable context aware info
01-08 10:41:13.390  2145  2162 V MediaPlayer-JNI: native_setup
01-08 10:41:13.390  2145  2162 V MediaPlayer: constructor
01-08 10:41:13.395  2145  2162 V MediaPlayer: setListener
01-08 10:41:13.396  2145  2162 D UE4     : [2019.01.08-15.41.13:396][  0]LogMoviePlayer: Initializing movie player
01-08 10:41:13.397  3757  5902 D AudioService: getStreamVolume 3 index 70
01-08 10:41:13.397  2145  2162 D UE4     : [2019.01.08-15.41.13:397][  0]LogTcpMessaging: Initializing TcpMessaging bridge, listening on 127.0.0.1:6666
01-08 10:41:13.399  2145  2162 D UE4     : [2019.01.08-15.41.13:399][  0]LogUdpMessaging: Initializing bridge on interface 0.0.0.0:0 to multicast group 230.0.0.1:6666.
01-08 10:41:13.408  2145  2162 D UE4     : [2019.01.08-15.41.13:407][  0]LogAndroidPermission: UAndroidPermissionCallbackProxy::GetInstance
01-08 10:41:13.409  2145  2162 D UE4     : [2019.01.08-15.41.13:408][  0]LogOcInput: OculusInput pre-init called
01-08 10:41:13.416  3757  4559 D skia    : Encode PNG Singlethread :     225504 us, width=648, height=1114
01-08 10:41:13.423  3757  7203 D AudioService: getStreamVolume 3 index 70
01-08 10:41:13.427  3757 32083 D AudioService: getStreamVolume 3 index 70
01-08 10:41:13.428  3757  3770 D AudioService: getStreamVolume 3 index 70
01-08 10:41:13.432  3757 32085 D AudioService: getStreamVolume 3 index 70
01-08 10:41:13.437  2145  2162 D UE4     : [2019.01.08-15.41.13:437][  0]LogUObjectArray: 35064 objects as part of root set at end of initial load.
01-08 10:41:13.437  2145  2162 D UE4     : [2019.01.08-15.41.13:437][  0]LogUObjectArray: 2 objects are not in the root set, but can never be destroyed because they are in the DisregardForGC set.
01-08 10:41:13.438  2145  2162 D UE4     : [2019.01.08-15.41.13:438][  0]LogUObjectAllocator: 3861440 out of 0 bytes used by permanent object pool.
01-08 10:41:13.438  2145  2162 D UE4     : [2019.01.08-15.41.13:438][  0]LogUObjectArray: CloseDisregardForGC: 35064/35064 objects in disregard for GC pool
01-08 10:41:13.453  2145  2162 D UE4     : [2019.01.08-15.41.13:452][  0]LogAndroid: Display: Passed PreInit()
01-08 10:41:13.454  2145  2162 D UE4     : [2019.01.08-15.41.13:454][  0]LogEngine: Initializing Engine...
01-08 10:41:13.463  2145  2162 D UE4     : [2019.01.08-15.41.13:463][  0]LogStats: UGameplayTagsManager::ConstructGameplayTagTree: ImportINI prefixes -  0.000 s
01-08 10:41:13.463  2145  2162 D UE4     : [2019.01.08-15.41.13:463][  0]LogStats: UGameplayTagsManager::ConstructGameplayTagTree: Construct from data asset -  0.000 s
01-08 10:41:13.463  2145  2162 D UE4     : [2019.01.08-15.41.13:463][  0]LogStats: UGameplayTagsManager::ConstructGameplayTagTree: ImportINI -  0.000 s
01-08 10:41:13.463  2145  2162 D UE4     : [2019.01.08-15.41.13:463][  0]LogStats: UGameplayTagsManager::ConstructGameplayTagTree: GameplayTagTreeChangedEvent.Broadcast -  0.000 s
01-08 10:41:13.534  2145  2162 D UE4     : [2019.01.08-15.41.13:534][  0]LogInit: Initializing FReadOnlyCVARCache
01-08 10:41:13.535  2145  2162 D UE4     : [2019.01.08-15.41.13:535][  0]LogAndroidAudio: Warning: SL Entered Init HW
01-08 10:41:13.535  2145  2162 D UE4     : [2019.01.08-15.41.13:535][  0]LogAndroidAudio: Warning: OpenSLES Initializing HW
01-08 10:41:13.535  2145  2162 D UE4     : [2019.01.08-15.41.13:535][  0]LogAndroidAudio: Warning: OpenSLES Initialized
01-08 10:41:13.535  2145  2162 D UE4     : [2019.01.08-15.41.13:535][  0]LogAndroidAudio: Warning: OpenSLAudioDevice: Allocated 12 sources
01-08 10:41:13.535  2145  2162 D UE4     : [2019.01.08-15.41.13:535][  0]LogInit: FAudioDevice initialized.
01-08 10:41:13.536  2145  2162 D UE4     : [2019.01.08-15.41.13:536][  0]LogAudio: Warning: Can't increase channels past starting number!
01-08 10:41:13.538  2145  2162 D UE4     : [2019.01.08-15.41.13:537][  0]LogNetVersion: Set ProjectVersion to 1.0.2. Version Checksum will be recalculated on next use.
01-08 10:41:13.538  2145  2162 D UE4     : [2019.01.08-15.41.13:538][  0]LogInit: Texture streaming: Enabled
01-08 10:41:13.540  2145  2162 D UE4     : [2019.01.08-15.41.13:540][  0]LogAudio: Warning: Can't increase channels past starting number!
01-08 10:41:13.548  2145  2162 D UE4     : [2019.01.08-15.41.13:548][  0]LogSlate: Updating window title bar state: overlay mode, drag disabled, window buttons hidden, title bar hidden
01-08 10:41:13.548  2145  2162 D UE4     : [2019.01.08-15.41.13:548][  0]LogInit: Display: Game Engine Initialized.
01-08 10:41:13.549  2145  2162 D UE4     : [2019.01.08-15.41.13:549][  0]LogGameplayTags: Display: UGameplayTagsManager::DoneAddingNativeTags. DelegateIsBound: 0
01-08 10:41:13.549  2145  2162 D UE4     : [2019.01.08-15.41.13:549][  0]LogStats: UGameplayTagsManager::ConstructGameplayTagTree: ImportINI prefixes -  0.000 s
01-08 10:41:13.549  2145  2162 D UE4     : [2019.01.08-15.41.13:549][  0]LogStats: UGameplayTagsManager::ConstructGameplayTagTree: Construct from data asset -  0.000 s
01-08 10:41:13.549  2145  2162 D UE4     : [2019.01.08-15.41.13:549][  0]LogStats: UGameplayTagsManager::ConstructGameplayTagTree: ImportINI -  0.000 s
01-08 10:41:13.549  2145  2162 D UE4     : [2019.01.08-15.41.13:549][  0]LogStats: UGameplayTagsManager::ConstructGameplayTagTree: GameplayTagTreeChangedEvent.Broadcast -  0.000 s
01-08 10:41:13.598  3757 31270 D AudioService: getStreamVolume 3 index 70
01-08 10:41:13.625  3757  5062 D AudioService: getStreamVolume 3 index 70
01-08 10:41:13.628  2145  2162 D UE4     : [2019.01.08-15.41.13:628][  0]LogInit: Display: Starting Game.
01-08 10:41:13.629  2145  2162 D UE4     : [2019.01.08-15.41.13:629][  0]LogNet: Browse: /Game/Maps/StackMap?Name=Player
01-08 10:41:13.629  3757 29839 D AudioService: getStreamVolume 3 index 70
01-08 10:41:13.631  2145  2162 D UE4     : [2019.01.08-15.41.13:631][  0]LogLoad: LoadMap: /Game/Maps/StackMap?Name=Player
01-08 10:41:13.631  3757  6272 D AudioService: getStreamVolume 3 index 70
01-08 10:41:13.634  3757  5902 D AudioService: getStreamVolume 3 index 70
01-08 10:41:13.673  3757  9599 D SSRM:t  : SIOP:: AP = 380, PST = 319 (W:10), CP = 241, CUR = 494, LCD = 39
01-08 10:41:13.674  3757  9599 D ConnectivityService: filterNetworkStateForUid() uid: 1000 networkInfo: [type: WIFI[] - WIFI, state: CONNECTED/CONNECTED, reason: (unspecified), extra: "wilkinson2.4", failover: false, available: true, roaming: false, metered: false]
01-08 10:41:13.801  3757 31269 D AudioService: getStreamVolume 3 index 70
01-08 10:41:13.827  3757  7205 D AudioService: getStreamVolume 3 index 70
01-08 10:41:13.837  3757  5063 D AudioService: getStreamVolume 3 index 70
01-08 10:41:13.843  3757  7206 D AudioService: getStreamVolume 3 index 70
01-08 10:41:13.850  3757  7201 D AudioService: getStreamVolume 3 index 70
01-08 10:41:13.911  2145  2162 D UE4     : [2019.01.08-15.41.13:910][  0]LogAIModule: Creating AISystem for world StackMap
01-08 10:41:13.912  2145  2162 D UE4     : [2019.01.08-15.41.13:912][  0]LogLoad: Game class is 'GameModeBase'
01-08 10:41:13.918  2145  2162 D UE4     : [2019.01.08-15.41.13:918][  0]LogWorld: Bringing World /Game/Maps/StackMap.StackMap up for play (max tick rate 0) at 2019.01.08-10.41.13
01-08 10:41:13.923  2145  2162 D UE4     : [2019.01.08-15.41.13:922][  0]LogWorld: Bringing up level for play took: 0.008131
01-08 10:41:13.924  2145  2162 D UE4     : [2019.01.08-15.41.13:924][  0]LogOnlineIdentity: Display: OSS: FOnlineIdentityGooglePlay::GetPlayerNickname
01-08 10:41:13.926  2145  2162 D UE4     : [2019.01.08-15.41.13:925][  0]LogGameMode: FindPlayerStart: PATHS NOT DEFINED or NO PLAYERSTART with positive rating
01-08 10:41:13.964  2145  2162 D UE4     : [2019.01.08-15.41.13:964][  0]LogUMG: Display: Widget Class GameStartMenu_C - Loaded Fast Template.
01-08 10:41:13.969  2145  2162 D UE4     : [2019.01.08-15.41.13:969][  0]LogPlayerController: Error: InputMode:UIOnly - Attempting to focus Non-Focusable widget SObjectWidget [Widget.cpp(710)]!
01-08 10:41:13.971  2145  2162 D UE4     : [2019.01.08-15.41.13:971][  0]LogLoad: Took 0.340332 seconds to LoadMap(/Game/Maps/StackMap)
01-08 10:41:13.973  2145  2162 D UE4     : [2019.01.08-15.41.13:973][  0]LogSlate: Took 0.000414 seconds to synchronously load lazily loaded font '../../../Engine/Content/EngineFonts/Faces/DroidSansMono.ufont' (77K)
01-08 10:41:13.979  2145  2225 D UE4     : *** JavaEnvDestructor: 2225
01-08 10:41:13.980  2145  2223 D UE4     : AndroidEGL::ResetDisplay()
01-08 10:41:13.981  2145  2223 D UE4     : *** JavaEnvDestructor: 2223
01-08 10:41:13.992  2145  2162 D UE4     : [2019.01.08-15.41.13:992][  0]LogAndroid: Passed GEngineLoop.Init()
01-08 10:41:14.002  2145  2162 D UE4     : [2019.01.08-15.41.14:002][  0]LogAndroidEvents: Display: DequeueAppEvent : 9, 0
01-08 10:41:14.002  2145  2162 D UE4     : [2019.01.08-15.41.14:002][  0]LogAndroidEvents: Display: DequeueAppEvent : 7, 0
01-08 10:41:14.002  2145  2162 D UE4     : [2019.01.08-15.41.14:002][  0]LogAndroidEvents: Display: DequeueAppEvent : 0, 3268669448
01-08 10:41:14.002  2145  2162 D UE4     : APP_EVENT_STATE_WINDOW_CREATED, 0, 0, 1
01-08 10:41:14.002  2145  2162 D UE4     : [2019.01.08-15.41.14:002][  0]LogAndroidEvents: Display: ExecWindowCreated
01-08 10:41:14.002  2145  2162 D UE4     : AndroidEGL::ReInitWindow()
01-08 10:41:14.002  2145  2162 D UE4     : AndroidEGL::ReInit()
01-08 10:41:14.002  2145  2162 D UE4     : AndroidEGL::ResetDisplay()
01-08 10:41:14.003  2145  2162 D UE4     : AndroidEGL::InitSurface 0, 1
01-08 10:41:14.003  2145  2162 D UE4     : AndroidEGL::CreateEGLSurface() Already initialized: 0xe181f2a8
01-08 10:41:14.003  2145  2162 D UE4     : ExecWindowCreated, 0, 1, 1
01-08 10:41:14.003  2145  2162 D UE4     : [2019.01.08-15.41.14:003][  0]LogTemp: Android resume audio
01-08 10:41:14.003  2145  2263 D UE4     : [2019.01.08-15.41.14:003][  0]LogRenderer: Reallocating scene render targets to support 720x1280 Format 10 NumSamples 1 (Frame:1).
01-08 10:41:14.005  3757  4354 D SamsungAlarmManager: Expired : 8
01-08 10:41:14.005  3757 32085 D AudioService: getStreamVolume 3 index 70
01-08 10:41:14.005  3757  4354 V SamsungAlarmManager: Sending to uid : 10059 action=null alarm=Alarm{260d590 type 3 when 162699691 com.asurion.android.verizon.vms}
01-08 10:41:14.008  2145  2162 D UE4     : Registering volume receiver
01-08 10:41:14.015  3757  4354 D CompatibilityInfo: mCompatibilityFlags - 0
01-08 10:41:14.015  3757  4354 D CompatibilityInfo: applicationDensity - 420
01-08 10:41:14.015  3757  4354 D CompatibilityInfo: applicationScale - 1.0
01-08 10:41:14.023  3757 31270 D AudioService: getStreamVolume 3 index 70
01-08 10:41:14.023  2145  2162 D UE4     : startVolumeReceiver: 7
01-08 10:41:14.023  2145  2162 D UE4     : nativeVolumeEvent(7)
01-08 10:41:14.023  2145  2162 D UE4     : Registering battery receiver
01-08 10:41:14.026  2145  2162 D UE4     : Registering headset receiver
01-08 10:41:14.027  2145  2263 D UE4     : [2019.01.08-15.41.14:027][  0]LogRHI: Using OpenGL program LRU cache: 0
01-08 10:41:14.028  2145  2145 D UE4     : Battery: status = 2, rawlevel = 84, scale = 100
01-08 10:41:14.028  2145  2145 D UE4     : nativeBatteryEvent(stat = 2, lvl = 84  temp = 27.90 C)
01-08 10:41:14.028  2145  2162 D UE4     : startHeadsetReceiver: 0
01-08 10:41:14.029  2145  2162 D UE4     : nativeHeadsetEvent(0)
01-08 10:41:14.030  2145  2145 D UE4     : headsetReceiver::onReceive
01-08 10:41:14.030  2145  2145 D UE4     : nativeHeadsetEvent(0)
01-08 10:41:14.031  2145  2162 D UE4     : [2019.01.08-15.41.14:031][  0]LogAndroid: Display: Low Power Mode Changed: 0
01-08 10:41:14.032  3757 29839 D AudioService: getStreamVolume 3 index 70
01-08 10:41:14.035  2145  2245 D UE4     : *** JavaEnvDestructor: 2245
01-08 10:41:14.036  3757  6272 D SamsungAlarmManager: setExact Intent (T:3/F:5/AC:false) 20190108T104119 - CU:10059/CP:6745
01-08 10:41:14.036  3757  6272 I SamsungAlarmManager: setLocked to kernel - T:3 / 20190108T104119, SetElapsed=162704715, nowELAPSED=162699722
01-08 10:41:14.038  3757 10512 D AudioService: getStreamVolume 3 index 70
01-08 10:41:14.048  3757 31269 D AudioService: getStreamVolume 3 index 70
01-08 10:41:14.052  3757  7205 D AudioService: getStreamVolume 3 index 70
01-08 10:41:14.113  4561  4688 D ScanRecord: parseFromBytes
01-08 10:41:14.113  4561  4688 D ScanRecord: first manudata for manu ID
01-08 10:41:14.114  4561  4688 D ScanRecord: Not a Multi Manu data
01-08 10:41:14.114  4561  4688 D ScanRecord: Not a Multi Manu data
01-08 10:41:14.114  4561  4688 D ScanRecord: Not a Multi Manu data
01-08 10:41:14.115  4561  4688 D ScanRecord: Not a Multi Manu data
01-08 10:41:14.115  4561  4688 D ScanRecord: parseFromBytes
01-08 10:41:14.115  4561  4688 D ScanRecord: first manudata for manu ID
01-08 10:41:14.115  4561  4688 D ScanRecord: Not a Multi Manu data
01-08 10:41:14.208  3757  5063 D AudioService: getStreamVolume 3 index 70
01-08 10:41:14.214  4561  4688 D ScanRecord: parseFromBytes
01-08 10:41:14.214  4561  4688 D ScanRecord: first manudata for manu ID
01-08 10:41:14.215  4561  4688 D ScanRecord: Not a Multi Manu data
01-08 10:41:14.215  4561  4688 D ScanRecord: Not a Multi Manu data
01-08 10:41:14.215  4561  4688 D ScanRecord: Not a Multi Manu data
01-08 10:41:14.215  4561  4688 D ScanRecord: Not a Multi Manu data
01-08 10:41:14.215  4561  4688 D ScanRecord: parseFromBytes
01-08 10:41:14.215  4561  4688 D ScanRecord: first manudata for manu ID
01-08 10:41:14.215  4561  4688 D ScanRecord: Not a Multi Manu data
01-08 10:41:14.235  3757  7206 D AudioService: getStreamVolume 3 index 70
01-08 10:41:14.240  3757  7201 D AudioService: getStreamVolume 3 index 70
01-08 10:41:14.251  3757  3770 D AudioService: getStreamVolume 3 index 70
01-08 10:41:14.254  3757 32085 D AudioService: getStreamVolume 3 index 70
01-08 10:41:14.405  2145  2243 D UE4     : *** JavaEnvDestructor: 2243
01-08 10:41:14.406  2145  2244 D UE4     : *** JavaEnvDestructor: 2244
01-08 10:41:14.406  2145  2242 D UE4     : *** JavaEnvDestructor: 2242
01-08 10:41:14.411  3757 32084 D AudioService: getStreamVolume 3 index 70
01-08 10:41:14.439  3757  4469 D AudioService: getStreamVolume 3 index 70
01-08 10:41:14.444  3757  4482 D AudioService: getStreamVolume 3 index 70
01-08 10:41:14.455  3757  6272 D AudioService: getStreamVolume 3 index 70
01-08 10:41:14.457  3757  5902 D AudioService: getStreamVolume 3 index 70
01-08 10:41:14.508  2145  2162 D UE4     : [2019.01.08-15.41.14:508][  0]LogUdpMessaging: Initializing bridge on interface 0.0.0.0:0 to multicast group 230.0.0.1:6666.
01-08 10:41:14.616  3757 31269 D AudioService: getStreamVolume 3 index 70
01-08 10:41:14.642  3757  7205 D AudioService: getStreamVolume 3 index 70
01-08 10:41:14.647  3757  5063 D AudioService: getStreamVolume 3 index 70
01-08 10:41:14.658  3757  7206 D AudioService: getStreamVolume 3 index 70
01-08 10:41:14.662  3757  7201 D AudioService: getStreamVolume 3 index 70
01-08 10:41:14.820 13664 32448 I EventLogSendingHelper: Sending log events.
01-08 10:41:14.821  3757 32083 D AudioService: getStreamVolume 3 index 70
01-08 10:41:14.846  3757  3770 D AudioService: getStreamVolume 3 index 70
01-08 10:41:14.856  3757 32085 D AudioService: getStreamVolume 3 index 70
01-08 10:41:14.861  3757  7202 D AudioService: getStreamVolume 3 index 70
01-08 10:41:14.865  3757 31270 D AudioService: getStreamVolume 3 index 70
01-08 10:41:14.867  3757  4458 D WifiStateMachine: Current network is: "wilkinson2.4" , ID is: 30
01-08 10:41:14.867  3757  4458 I WifiStateMachine: IMS calling, current network is always qualified
01-08 10:41:15.027  3757  4469 D AudioService: getStreamVolume 3 index 70
01-08 10:41:15.052  3757  4482 D AudioService: getStreamVolume 3 index 70
01-08 10:41:15.065  3757  6272 D AudioService: getStreamVolume 3 index 70
01-08 10:41:15.071  3757  5902 D AudioService: getStreamVolume 3 index 70
01-08 10:41:15.077  3757  4473 D AudioService: getStreamVolume 3 index 70
01-08 10:41:15.234  3757  7205 D AudioService: getStreamVolume 3 index 70
01-08 10:41:15.258  3757  5063 D AudioService: getStreamVolume 3 index 70
01-08 10:41:15.271  3757  7206 D AudioService: getStreamVolume 3 index 70
01-08 10:41:15.278  3757  7201 D AudioService: getStreamVolume 3 index 70
01-08 10:41:15.285  3757 32083 D AudioService: getStreamVolume 3 index 70
01-08 10:41:15.399  2145  2240 D UE4     : *** JavaEnvDestructor: 2240
01-08 10:41:15.402  2145  2241 D UE4     : *** JavaEnvDestructor: 2241
01-08 10:41:15.439  3757  7202 D AudioService: getStreamVolume 3 index 70
01-08 10:41:15.462  3757 31270 D AudioService: getStreamVolume 3 index 70
01-08 10:41:15.475  3757 32084 D AudioService: getStreamVolume 3 index 70
01-08 10:41:15.482  3757  4469 D AudioService: getStreamVolume 3 index 70
01-08 10:41:15.489  3757  4482 D AudioService: getStreamVolume 3 index 70
01-08 10:41:15.505  2145  2162 D UE4     : [2019.01.08-15.41.15:505][  0]LogTcpMessaging: Initializing TcpMessaging bridge, listening on 127.0.0.1:6666
01-08 10:41:15.510  2145  2162 D UE4     : Execution has been resumed!
01-08 10:41:15.511  2145  2162 D UE4     : [2019.01.08-15.41.15:510][  0]LogAndroidEvents: Display: DequeueAppEvent : 6, 0
01-08 10:41:15.523  2145  2271 D UE4     : *** JavaEnvDestructor: 2271
01-08 10:41:15.642  3757  5902 D AudioService: getStreamVolume 3 index 70
01-08 10:41:15.666  3757  4473 D AudioService: getStreamVolume 3 index 70
01-08 10:41:15.679  3757 31269 D AudioService: getStreamVolume 3 index 70
01-08 10:41:15.685  3757  7205 D AudioService: getStreamVolume 3 index 70
01-08 10:41:15.695  3757  5063 D AudioService: getStreamVolume 3 index 70
01-08 10:41:15.751  5035  6445 D EPDG -- [MODEM]: message length is  13
01-08 10:41:15.754  5035  6445 D EPDG -- [MODEM]: countRead is 11 offset is 11remaining is 0
01-08 10:41:15.755  5035  6445 D EPDG -- EpdgIpcMessageFactory: ipcMainCmd: 112
01-08 10:41:15.756  5035  6445 D EPDG -- [UTILS]: isUSerBinary: true
01-08 10:41:15.764  5024  5209 I System.out: Broadcasting: Intent { act=com.sec.android.LTE_WIDEBAND_INFO flg=0x10000000 launchParam=MultiScreenLaunchParams { mDisplayId=0 mFlags=0 } (has extras) }
01-08 10:41:15.771  5024  5378 E ImsAdaptorImpl: setSSACInfo : ImsAdaptorImpl.
01-08 10:41:15.774  5035  6445 D EPDG -- [RILRECEIVER]: [Rx]: Main: IPC_IIL_CMD Sub: IPC_IIL_SSAC_INFO
01-08 10:41:15.774  5035  6445 D EPDG -- [RILRECEIVER]: [Rx]: Param: FF FF FF FF FF FF 
01-08 10:41:15.777  5010  5660 D SsacManager: updateSSACInfo : Voice(-1:65535000) Video(-1:65535000)
01-08 10:41:15.777  4616  4823 D NetworkController: onReceive: intent=Intent { act=com.sec.android.LTE_WIDEBAND_INFO flg=0x10000010 launchParam=MultiScreenLaunchParams { mDisplayId=0 mFlags=0 } bqHint=0 (has extras) }
01-08 10:41:15.777  4616  4823 D NetworkController.MobileSignalController(0/1): LTE WIDEBAND : mCurrentState.isCAIndicator = true oldCAIndicator = false
01-08 10:41:15.778  5010  5660 D SsacManager: Voice Call updateSSACInfo : f[100], t[0]
01-08 10:41:15.779  5010  5660 D SsacManager: Video Call updateSSACInfo : f[100], t[0]
01-08 10:41:15.781  5024  5271 I System.out: Broadcast completed: result=0
01-08 10:41:15.781  4616  4823 D NetworkController.MobileSignalController(0/1): getMobileIconGroup(): 13
01-08 10:41:15.781  4616  4823 D NetworkController.MobileSignalController(0/1): updateVZWMobileIconGroup(): 13
01-08 10:41:15.782  5035  6445 D EPDG -- [NETIPCMESSAGE]: decodeIilSsacInfo()
01-08 10:41:15.782  5035  6445 D EPDG -- [RILRECEIVER]: SSAC info received. Voice Factor -1Voice Time 65535000Video Factor -1Video Time 65535000
01-08 10:41:15.783  5035  5670 D EPDG -- [EPDGService]: Event received: RIL_IIL_SSAC_INFO_UPDATE
01-08 10:41:15.783  5035  5670 D EPDG -- [EPDGService]: handleMessage: cid - 0
01-08 10:41:15.784  5035  5670 D EPDG -- [EPDGService]: getIsSsacVoiceEnabled: returning: true
01-08 10:41:15.785  5010  5660 D Mno     : fromName: name=VZW_us
01-08 10:41:15.787  5010  5660 D Mno     : fromName: found mno : VZW_us, us
01-08 10:41:15.802  4616  4823 D NetworkController.MobileSignalController(0/1): callState:0, callStateByPhone:false voLTECall:false voiceNetTpe:13 dataNetType:13, ine911:false, emergencyCallbackMode:false
01-08 10:41:15.806  3757  9599 D GameManagerService: identifyGamePackage. com.GeekTechnique.InfinityStack
01-08 10:41:15.843  5024  5209 I System.out: Broadcasting: Intent { act=com.sec.android.LTE_WIDEBAND_INFO flg=0x10000000 launchParam=MultiScreenLaunchParams { mDisplayId=0 mFlags=0 } (has extras) }
01-08 10:41:15.845  3757 29838 D AudioService: getStreamVolume 3 index 70
01-08 10:41:15.847  4616  4823 D NetworkController: onReceive: intent=Intent { act=com.sec.android.LTE_WIDEBAND_INFO flg=0x10000010 launchParam=MultiScreenLaunchParams { mDisplayId=0 mFlags=0 } bqHint=0 (has extras) }
01-08 10:41:15.847  4616  4823 D NetworkController.MobileSignalController(0/1): LTE WIDEBAND : mCurrentState.isCAIndicator = true oldCAIndicator = true
01-08 10:41:15.848  5024  5272 I System.out: Broadcast completed: result=0
01-08 10:41:15.868  3757  4469 D AudioService: getStreamVolume 3 index 70
01-08 10:41:15.881  3757  4482 D AudioService: getStreamVolume 3 index 70
01-08 10:41:15.886  3757  6272 D AudioService: getStreamVolume 3 index 70
01-08 10:41:15.896  3757  5902 D AudioService: getStreamVolume 3 index 70
01-08 10:41:16.049  3757 10496 D AudioService: getStreamVolume 3 index 70
01-08 10:41:16.074  3757  7216 D AudioService: getStreamVolume 3 index 70
01-08 10:41:16.087  3757  5901 D AudioService: getStreamVolume 3 index 70
01-08 10:41:16.096  3757  3771 D AudioService: getStreamVolume 3 index 70
01-08 10:41:16.102  3757  7201 D AudioService: getStreamVolume 3 index 70
01-08 10:41:16.141  5024  5209 I System.out: Broadcasting: Intent { act=com.sec.android.LTE_WIDEBAND_INFO flg=0x10000000 launchParam=MultiScreenLaunchParams { mDisplayId=0 mFlags=0 } (has extras) }
01-08 10:41:16.149  4616  4823 D NetworkController: onReceive: intent=Intent { act=com.sec.android.LTE_WIDEBAND_INFO flg=0x10000010 launchParam=MultiScreenLaunchParams { mDisplayId=0 mFlags=0 } bqHint=0 (has extras) }
01-08 10:41:16.150  4616  4823 D NetworkController.MobileSignalController(0/1): LTE WIDEBAND : mCurrentState.isCAIndicator = true oldCAIndicator = true
01-08 10:41:16.152  5024 29628 I System.out: Broadcast completed: result=0
01-08 10:41:16.256  3757 29840 D AudioService: getStreamVolume 3 index 70
01-08 10:41:16.282  3757  4440 D AudioService: getStreamVolume 3 index 70
01-08 10:41:16.294  3757  2859 D AudioService: getStreamVolume 3 index 70
01-08 10:41:16.304  3757 31270 D AudioService: getStreamVolume 3 index 70
01-08 10:41:16.310  3757  5062 D AudioService: getStreamVolume 3 index 70
01-08 10:41:16.438  3757  5902 D ConnectivityService: filterNetworkStateForUid() uid: 5008 networkInfo: [type: WIFI[] - WIFI, state: CONNECTED/CONNECTED, reason: (unspecified), extra: "wilkinson2.4", failover: false, available: true, roaming: false, metered: false]
01-08 10:41:16.463  3757  7216 D AudioService: getStreamVolume 3 index 70
01-08 10:41:16.486  3757  5901 D AudioService: getStreamVolume 3 index 70
01-08 10:41:16.500  3757  5063 D AudioService: getStreamVolume 3 index 70
01-08 10:41:16.509  3757  7201 D AudioService: getStreamVolume 3 index 70
01-08 10:41:16.514  3757  7203 D AudioService: getStreamVolume 3 index 70
01-08 10:41:16.532  2145  2269 D UE4     : *** JavaEnvDestructor: 2269
01-08 10:41:16.534  2145  2270 D UE4     : *** JavaEnvDestructor: 2270
01-08 10:41:16.537  2145  2268 D UE4     : *** JavaEnvDestructor: 2268
01-08 10:41:16.668  3757  2858 D AudioService: getStreamVolume 3 index 70
01-08 10:41:16.688  3757 29840 D AudioService: getStreamVolume 3 index 70
01-08 10:41:16.702  3757  4440 D AudioService: getStreamVolume 3 index 70
01-08 10:41:16.712  3757  2859 D AudioService: getStreamVolume 3 index 70
01-08 10:41:16.716  3757 31270 D AudioService: getStreamVolume 3 index 70
01-08 10:41:16.876  3757 29841 D AudioService: getStreamVolume 3 index 70
01-08 10:41:16.895  3757 29839 D AudioService: getStreamVolume 3 index 70
01-08 10:41:16.907  3757 29842 D AudioService: getStreamVolume 3 index 70
01-08 10:41:16.917  3757 10512 D AudioService: getStreamVolume 3 index 70
01-08 10:41:16.923  3757  4473 D AudioService: getStreamVolume 3 index 70
01-08 10:41:17.080  3757  5063 D AudioService: getStreamVolume 3 index 70
01-08 10:41:17.098  3757  7201 D AudioService: getStreamVolume 3 index 70
01-08 10:41:17.110  3757  7203 D AudioService: getStreamVolume 3 index 70
01-08 10:41:17.119  3757  2858 D AudioService: getStreamVolume 3 index 70
01-08 10:41:17.127  3757 29840 D AudioService: getStreamVolume 3 index 70
01-08 10:41:17.188  3757  9599 D GameManagerService: identifyGamePackage. com.GeekTechnique.InfinityStack
01-08 10:41:17.228  4561  4688 D ScanRecord: parseFromBytes
01-08 10:41:17.228  4561  4688 D ScanRecord: first manudata for manu ID
01-08 10:41:17.228  4561  4688 D ScanRecord: Not a Multi Manu data
01-08 10:41:17.228  4561  4688 D ScanRecord: Not a Multi Manu data
01-08 10:41:17.228  4561  4688 D ScanRecord: Not a Multi Manu data
01-08 10:41:17.228  4561  4688 D ScanRecord: Not a Multi Manu data
01-08 10:41:17.228  4561  4688 D ScanRecord: parseFromBytes
01-08 10:41:17.229  4561  4688 D ScanRecord: first manudata for manu ID
01-08 10:41:17.229  4561  4688 D ScanRecord: Not a Multi Manu data
01-08 10:41:17.286  4561  4688 D ScanRecord: parseFromBytes
01-08 10:41:17.286  3757  2859 D AudioService: getStreamVolume 3 index 70
01-08 10:41:17.287  4561  4688 D ScanRecord: first manudata for manu ID
01-08 10:41:17.287  4561  4688 D ScanRecord: Not a Multi Manu data
01-08 10:41:17.288  4561  4688 D ScanRecord: Not a Multi Manu data
01-08 10:41:17.288  4561  4688 D ScanRecord: Not a Multi Manu data
01-08 10:41:17.288  4561  4688 D ScanRecord: Not a Multi Manu data
01-08 10:41:17.288  4561  4688 D ScanRecord: parseFromBytes
01-08 10:41:17.288  4561  4688 D ScanRecord: first manudata for manu ID
01-08 10:41:17.289  4561  4688 D ScanRecord: Not a Multi Manu data
01-08 10:41:17.304  3757 31270 D AudioService: getStreamVolume 3 index 70
01-08 10:41:17.313  3757  5062 D AudioService: getStreamVolume 3 index 70
01-08 10:41:17.321  3757 29841 D AudioService: getStreamVolume 3 index 70
01-08 10:41:17.330  3757 29839 D AudioService: getStreamVolume 3 index 70
01-08 10:41:17.490  3757  7216 D AudioService: getStreamVolume 3 index 70
01-08 10:41:17.509  2145  2274 D UE4     : *** JavaEnvDestructor: 2274
01-08 10:41:17.512  2145  2275 D UE4     : *** JavaEnvDestructor: 2275
01-08 10:41:17.513  3757  5901 D AudioService: getStreamVolume 3 index 70
01-08 10:41:17.519  3757  5063 D AudioService: getStreamVolume 3 index 70
01-08 10:41:17.529  3757  7201 D AudioService: getStreamVolume 3 index 70
01-08 10:41:17.535  3757  7203 D AudioService: getStreamVolume 3 index 70
01-08 10:41:17.615  2145  2162 D UE4     : Unregistering volume receiver
01-08 10:41:17.622  2145  2162 D UE4     : Unregistering battery receiver
01-08 10:41:17.626  2145  2162 D UE4     : Unregistering headset receiver
01-08 10:41:17.631  2145  2264 D UE4     : *** JavaEnvDestructor: 2264
01-08 10:41:17.641  2145  2263 D UE4     : AndroidEGL::ResetDisplay()
01-08 10:41:17.646  2145  2263 D UE4     : *** JavaEnvDestructor: 2263
01-08 10:41:17.648  2145  2162 D UE4     : [2019.01.08-15.41.17:648][  0]LogTemp: Android pause audio
01-08 10:41:17.652  2145  2162 D UE4     : Execution has been paused...
01-08 10:41:17.652  2145  2162 D UE4     : [2019.01.08-15.41.17:652][  0]LogAndroidEvents: Display: DequeueAppEvent : 11, 0
01-08 10:41:17.652  2145  2162 D UE4     : [2019.01.08-15.41.17:652][  0]LogAndroidEvents: Display: DequeueAppEvent : 7, 0
01-08 10:41:17.673  2145  2162 D UE4     : [2019.01.08-15.41.17:673][  0]LogTemp: Android resume audio
01-08 10:41:17.674  2145  2162 D UE4     : Registering volume receiver
01-08 10:41:17.679  3757 29838 D AudioService: getStreamVolume 3 index 70
01-08 10:41:17.679  2145  2162 D UE4     : startVolumeReceiver: 7
01-08 10:41:17.680  2145  2162 D UE4     : nativeVolumeEvent(7)
01-08 10:41:17.680  2145  2162 D UE4     : Registering battery receiver
01-08 10:41:17.689  2145  2162 D UE4     : Registering headset receiver
01-08 10:41:17.693  2145  2162 D UE4     : startHeadsetReceiver: 0
01-08 10:41:17.693  2145  2162 D UE4     : nativeHeadsetEvent(0)
01-08 10:41:17.693  2145  2162 D UE4     : [2019.01.08-15.41.17:693][  0]LogUdpMessaging: Initializing bridge on interface 0.0.0.0:0 to multicast group 230.0.0.1:6666.
01-08 10:41:17.694  2145  2145 D UE4     : headsetReceiver::onReceive
01-08 10:41:17.694  2145  2145 D UE4     : nativeHeadsetEvent(0)
01-08 10:41:17.701  3757 29841 D AudioService: getStreamVolume 3 index 70
01-08 10:41:17.706  2145  2162 D UE4     : [2019.01.08-15.41.17:705][  0]LogTcpMessaging: Initializing TcpMessaging bridge, listening on 127.0.0.1:6666
01-08 10:41:17.708  2145  2162 D UE4     : Execution has been resumed!
01-08 10:41:17.716  3757 29842 D AudioService: getStreamVolume 3 index 70
01-08 10:41:17.721  3757 10512 D AudioService: getStreamVolume 3 index 70
01-08 10:41:17.732  3757  4473 D AudioService: getStreamVolume 3 index 70
01-08 10:41:17.738  3757  7216 D AudioService: getStreamVolume 3 index 70
01-08 10:41:17.785  2145  2282 I         : Increase max job count 60
01-08 10:41:17.880  3757  4458 D WifiStateMachine: Current network is: "wilkinson2.4" , ID is: 30
01-08 10:41:17.880  3757  4458 I WifiStateMachine: IMS calling, current network is always qualified
01-08 10:41:17.891  5689  5689 D io_stats: !@   8,0 r 640153 20258500 w 536701 12097064 d 76851 6770380 f 167558 167508 iot 947550 488251 th 61440 61440 48264 pt 3510 inp 0 0 49951.802
01-08 10:41:17.904  3757  5901 D AudioService: getStreamVolume 3 index 70
01-08 10:41:17.917  3757  5063 D AudioService: getStreamVolume 3 index 70
01-08 10:41:17.923  3757  7201 D AudioService: getStreamVolume 3 index 70
01-08 10:41:17.934  3757  7203 D AudioService: getStreamVolume 3 index 70
01-08 10:41:17.939  3757  2858 D AudioService: getStreamVolume 3 index 70
01-08 10:41:18.106  3757 32084 D AudioService: getStreamVolume 3 index 70
