01-24 03:12:13.890  3755  7396 D SamsungAlarmManager: setInexact Intent (T:2/F:0/AC:false) 20190124T033604 - CU:10014/CP:5873
01-24 03:12:13.891 15384 15384 W SELinux : SELinux selinux_android_compute_policy_index : Policy Index[2],  Con:u:r:zygote:s0 RAM:SEPF_SECMOBILE_7.0_0009, [-1 -1 -1 -1 0 1]
01-24 03:12:13.894 15384 15384 I SELinux : SELinux: seapp_context_lookup: seinfo=gmscore, level=s0:c512,c768, pkgname=com.android.vending 
01-24 03:12:13.931 15384 15384 D TimaKeyStoreProvider: TimaKeyStore is not enabled: cannot add TimaSignature Service and generateKeyPair Service
01-24 03:12:13.934  3755  4498 D CompatibilityInfo: mCompatibilityFlags - 0
01-24 03:12:13.934  3755  4498 D CompatibilityInfo: applicationDensity - 420
01-24 03:12:13.934  3755  4498 D CompatibilityInfo: applicationScale - 1.0
01-24 03:12:13.934  3755  4498 I ActivityManager: DSS on for com.android.vending and scale is 1.0
01-24 03:12:13.937  3755  4498 D CompatibilityInfo: mCompatibilityFlags - 0
01-24 03:12:13.937  3755  4498 D CompatibilityInfo: applicationDensity - 420
01-24 03:12:13.937  3755  4498 D CompatibilityInfo: applicationScale - 1.0
01-24 03:12:13.942  3755  4498 D CompatibilityInfo: mCompatibilityFlags - 0
01-24 03:12:13.942  3755  4498 D CompatibilityInfo: applicationDensity - 420
01-24 03:12:13.942  3755  4498 D CompatibilityInfo: applicationScale - 1.0
01-24 03:12:13.953  3755  7357 D AudioService: getStreamVolume 3 index 110
01-24 03:12:13.961  3755  3773 D ConnectivityService: filterNetworkStateForUid() uid: 1000 networkInfo: [type: WIFI[] - WIFI, state: CONNECTED/CONNECTED, reason: (unspecified), extra: "wilkinson2.4", failover: false, available: true, roaming: false, metered: false]
01-24 03:12:13.973  3755  3773 D ConnectivityService: filterNetworkStateForUid() uid: 10130 networkInfo: [type: WIFI[] - WIFI, state: CONNECTED/CONNECTED, reason: (unspecified), extra: "wilkinson2.4", failover: false, available: true, roaming: false, metered: false]
01-24 03:12:13.987  3755  3773 D ConnectivityService: filterNetworkStateForUid() uid: 1000 networkInfo: [type: WIFI[] - WIFI, state: CONNECTED/CONNECTED, reason: (unspecified), extra: "wilkinson2.4", failover: false, available: true, roaming: false, metered: false]
01-24 03:12:14.004  3755  3773 D CompatibilityInfo: mCompatibilityFlags - 0
01-24 03:12:14.004  3755  3773 D CompatibilityInfo: applicationDensity - 420
01-24 03:12:14.004  3755  3773 D CompatibilityInfo: applicationScale - 1.0
01-24 03:12:14.014  3755  3773 D ConnectivityService: filterNetworkStateForUid() uid: 1000 networkInfo: [type: WIFI[] - WIFI, state: CONNECTED/CONNECTED, reason: (unspecified), extra: "wilkinson2.4", failover: false, available: true, roaming: false, metered: false]
01-24 03:12:14.154  3755  4498 D AudioService: getStreamVolume 3 index 110
01-24 03:12:14.202 15384 15404 I Finsky  : [1017] com.google.android.finsky.ec.a.j.a(5): Started reading experiment flags from file [SKocQA9EQQFTb-1gQsc5WsjVhGA].
01-24 03:12:14.207 15384 15404 I Finsky  : [1017] com.google.android.finsky.ec.a.j.a(39): Finished reading experiment flags from file [SKocQA9EQQFTb-1gQsc5WsjVhGA].
01-24 03:12:14.233  5679  5679 D io_stats: !@   8,0 r 403431 15151404 w 226004 7933688 d 43648 5161756 f 66182 66165 iot 489870 313566 th 61440 61440 60516 pt 700 inp 0 0 31041.036
01-24 03:12:14.255  3755  6279 D DevicePolicyManagerService: PfW getPlayForWorkProxy() 0
01-24 03:12:14.262  3755  6279 D DevicePolicyManagerService: PfW getPlayForWorkProxy() flags & FLAG_ALLOW_PROXY_FOR_PFW 0
01-24 03:12:14.262  3755  6279 D DevicePolicyManagerService: PfW getPlayForWorkProxy() flag 0 does not allow PfW
01-24 03:12:14.269 15384 15404 I Finsky  : [1017] com.google.android.finsky.ec.a.j.a(5): Started reading experiment flags from file [2TXj98UjelU6KHxzFTPqYwyrBHY].
01-24 03:12:14.275 15384 15404 I Finsky  : [1017] com.google.android.finsky.ec.a.j.a(39): Finished reading experiment flags from file [2TXj98UjelU6KHxzFTPqYwyrBHY].
01-24 03:12:14.278 15384 15404 I Finsky  : [1017] com.google.android.finsky.ec.a.j.a(5): Started reading experiment flags from file [MNFQ0NbHDueWE836GpoCHrpOKRk].
01-24 03:12:14.281 15384 15404 I Finsky  : [1017] com.google.android.finsky.ec.a.j.a(39): Finished reading experiment flags from file [MNFQ0NbHDueWE836GpoCHrpOKRk].
01-24 03:12:14.284 15384 15404 I Finsky  : [1017] com.google.android.finsky.ec.a.j.a(5): Started reading experiment flags from file [mDjP--PLwJqqUIE1_BXJAAbs-4w].
01-24 03:12:14.287 15384 15404 I Finsky  : [1017] com.google.android.finsky.ec.a.j.a(39): Finished reading experiment flags from file [mDjP--PLwJqqUIE1_BXJAAbs-4w].
01-24 03:12:14.289 15384 15404 I Finsky  : [1017] com.google.android.finsky.ec.a.j.a(5): Started reading experiment flags from file [kq2FYJSbkihsEWCTpDIFd2ezg6s].
01-24 03:12:14.295 15384 15404 I Finsky  : [1017] com.google.android.finsky.ec.a.j.a(39): Finished reading experiment flags from file [kq2FYJSbkihsEWCTpDIFd2ezg6s].
01-24 03:12:14.318  3755  4453 D ConnectivityService: filterNetworkStateForUid() uid: 10130 networkInfo: [type: WIFI[] - WIFI, state: CONNECTED/CONNECTED, reason: (unspecified), extra: "wilkinson2.4", failover: false, available: true, roaming: false, metered: false]
01-24 03:12:14.339  3755  3773 D ConnectivityService: filterNetworkStateForUid() uid: 1000 networkInfo: [type: WIFI[] - WIFI, state: CONNECTED/CONNECTED, reason: (unspecified), extra: "wilkinson2.4", failover: false, available: true, roaming: false, metered: false]
01-24 03:12:14.345  3755  3773 D ConnectivityService: filterNetworkStateForUid() uid: 10130 networkInfo: [type: WIFI[] - WIFI, state: CONNECTED/CONNECTED, reason: (unspecified), extra: "wilkinson2.4", failover: false, available: true, roaming: false, metered: false]
01-24 03:12:14.346  3755  3773 D ConnectivityService: filterNetworkStateForUid() uid: 1000 networkInfo: [type: WIFI[] - WIFI, state: CONNECTED/CONNECTED, reason: (unspecified), extra: "wilkinson2.4", failover: false, available: true, roaming: false, metered: false]
01-24 03:12:14.357  3755  7367 D AudioService: getStreamVolume 3 index 110
01-24 03:12:14.378 15384 15412 I PlayCommon: [1024] com.google.android.play.b.g.d(132): Preparing logs for uploading
01-24 03:12:14.379  3755  7358 D ConnectivityService: filterNetworkStateForUid() uid: 10029 networkInfo: [type: WIFI[] - WIFI, state: CONNECTED/CONNECTED, reason: (unspecified), extra: "wilkinson2.4", failover: false, available: true, roaming: false, metered: false]
01-24 03:12:14.379  3755  7358 D ConnectivityService: Returning unblocked NetworkInfo to uid=10029
01-24 03:12:14.389  3755  7395 D ConnectivityService: filterNetworkStateForUid() uid: 10029 networkInfo: [type: WIFI[] - WIFI, state: CONNECTED/CONNECTED, reason: (unspecified), extra: "wilkinson2.4", failover: false, available: true, roaming: false, metered: false]
01-24 03:12:14.409  3254  3742 D EnterpriseController: netId is 0
01-24 03:12:14.410  3254  3742 D Netd    : getNetworkForDns: using netid 502 for uid 10029
01-24 03:12:14.410  3254  3742 D DnsProxyListener: DNSDBG::dns addrinfo af 0
01-24 03:12:14.411 15384 15400 I Finsky  : [1013] com.google.android.finsky.application.b.c.ai(86): Not a unicorn device
01-24 03:12:14.415 15384 15412 I PlayCommon: [1024] com.google.android.play.b.x.a(9): Connecting to server for timestamp: https://play.googleapis.com/play/log/timestamp
01-24 03:12:14.417 15384 15401 W Settings: Setting download_manager_max_bytes_over_mobile has moved from android.provider.Settings.Secure to android.provider.Settings.Global.
01-24 03:12:14.417 15384 15412 D NetworkSecurityConfig: No Network Security Config specified, using platform default
01-24 03:12:14.418  3755  3773 D ConnectivityService: filterNetworkStateForUid() uid: 1000 networkInfo: [type: WIFI[] - WIFI, state: CONNECTED/CONNECTED, reason: (unspecified), extra: "wilkinson2.4", failover: false, available: true, roaming: false, metered: false]
01-24 03:12:14.421 15384 15401 I Finsky  : [1014] com.google.android.finsky.dn.a.a(41): SettingNotFoundException, fall through to G.downloadBytesOverMobileMaximum
01-24 03:12:14.421 15384 15412 I System.out: (HTTPLog)-Static: isSBSettingEnabled false
01-24 03:12:14.422 15384 15401 W Settings: Setting download_manager_recommended_max_bytes_over_mobile has moved from android.provider.Settings.Secure to android.provider.Settings.Global.
01-24 03:12:14.422 15384 15412 I System.out: (HTTPLog)-Static: isSBSettingEnabled false
01-24 03:12:14.423  3254  3742 D EnterpriseController: netId is 0
01-24 03:12:14.423  3254  3742 D Netd    : getNetworkForDns: using netid 502 for uid 10029
01-24 03:12:14.423  3254  3742 D DnsProxyListener: DNSDBG::dns addrinfo af 0
01-24 03:12:14.425 15384 15401 I Finsky  : [1014] com.google.android.finsky.dn.a.b(50): SettingNotFoundException, fall through to G.downloadBytesOverMobileRecommended
01-24 03:12:14.439  3755  3773 D CompatibilityInfo: mCompatibilityFlags - 0
01-24 03:12:14.439  3755  3773 D CompatibilityInfo: applicationDensity - 420
01-24 03:12:14.439  3755  3773 D CompatibilityInfo: applicationScale - 1.0
01-24 03:12:14.442  3755  3773 D ConnectivityService: filterNetworkStateForUid() uid: 1000 networkInfo: [type: WIFI[] - WIFI, state: CONNECTED/CONNECTED, reason: (unspecified), extra: "wilkinson2.4", failover: false, available: true, roaming: false, metered: false]
01-24 03:12:14.461  3755  3773 D ConnectivityService: filterNetworkStateForUid() uid: 1000 networkInfo: [type: WIFI[] - WIFI, state: CONNECTED/CONNECTED, reason: (unspecified), extra: "wilkinson2.4", failover: false, available: true, roaming: false, metered: false]
01-24 03:12:14.464  3755  6065 D PackageManager: setEnabledSetting : userId = 0 packageName = com.android.vending cmp = com.android.vending.AssetBrowserActivity newState = 1 callingPackage = 10029
01-24 03:12:14.488  3755  7396 D ConnectivityService: filterNetworkStateForUid() uid: 10029 networkInfo: [type: WIFI[] - WIFI, state: CONNECTED/CONNECTED, reason: (unspecified), extra: "wilkinson2.4", failover: false, available: true, roaming: false, metered: false]
01-24 03:12:14.492 15384 15401 I Finsky  : [1014] com.google.android.finsky.verifier.impl.fb.e(130): Setup app restrictions monitor
01-24 03:12:14.500 15384 15401 I Finsky  : [1014] com.google.android.finsky.verifier.impl.gl.a(16): Device wide unknown source restriction is changed.
01-24 03:12:14.504 15384 15422 D ConnectivityManager: requestNetwork; CallingUid : 10029, CallingPid : 15384
01-24 03:12:14.517  3755  3774 D CompatibilityInfo: mCompatibilityFlags - 0
01-24 03:12:14.517  3755  3774 D CompatibilityInfo: applicationDensity - 420
01-24 03:12:14.517  3755  3774 D CompatibilityInfo: applicationScale - 1.0
01-24 03:12:14.522  3755  5048 D ConnectivityService: listenForNetwork for Listen from uid/pid:10029/15384 for NetworkRequest [ id=85, legacyType=-1, [ Capabilities: INTERNET&NOT_RESTRICTED&TRUSTED] ]
01-24 03:12:14.524  3755  4487 D ConnectivityService: rematching NetworkAgentInfo [WIFI () - 502]
01-24 03:12:14.524 15384 15403 I cr_CronetLibraryLoader: Cronet version: 72.0.3626.14, arch: armv8l
01-24 03:12:14.524  3755  4487 D ConnectivityService:  network has: [ Transports: WIFI Capabilities: NOT_METERED&INTERNET&NOT_RESTRICTED&TRUSTED&NOT_VPN&VALIDATED LinkUpBandwidth>=1048576Kbps LinkDnBandwidth>=1048576Kbps SignalStrength: -61]
01-24 03:12:14.524  3755  4487 D ConnectivityService:   checking if request is satisfied: NetworkRequest [ id=32, legacyType=-1, [ Transports: CELLULAR Capabilities: IMS&TRUSTED&NOT_VPN] ]
01-24 03:12:14.524  3755  4487 D ConnectivityService:   checking if request is satisfied: NetworkRequest [ id=84, legacyType=-1, [ Capabilities: INTERNET&NOT_RESTRICTED&TRUSTED] ]
01-24 03:12:14.524  3755  4487 D ConnectivityService:   checking if request is satisfied: NetworkRequest [ id=8, legacyType=-1, [ Transports: WIFI Capabilities: INTERNET&NOT_RESTRICTED&TRUSTED&NOT_VPN] ]
01-24 03:12:14.524  3755  4487 D ConnectivityService:   checking if request is satisfied: NetworkRequest [ id=11, legacyType=-1, [ Transports: CELLULAR Capabilities: IMS&TRUSTED&NOT_VPN] ]
01-24 03:12:14.524  3755  4487 D ConnectivityService: Network NetworkAgentInfo [WIFI () - 502] was already satisfying request 1. No change.
01-24 03:12:14.525  3755  4487 D ConnectivityService:   checking if request is satisfied: NetworkRequest [ id=3, legacyType=-1, [] ]
01-24 03:12:14.525  3755  4487 D ConnectivityService:   checking if request is satisfied: NetworkRequest [ id=7, legacyType=-1, [ Transports: CELLULAR|WIFI Capabilities: NOT_RESTRICTED&TRUSTED&NOT_VPN] ]
01-24 03:12:14.525  3755  4487 D ConnectivityService:   checking if request is satisfied: NetworkRequest [ id=5, legacyType=-1, [ Transports: CELLULAR Capabilities: INTERNET&NOT_RESTRICTED&TRUSTED&NOT_VPN] ]
01-24 03:12:14.526  3755  7395 D ConnectivityService: filterNetworkStateForUid() uid: 10029 networkInfo: [type: WIFI[] - WIFI, state: CONNECTED/CONNECTED, reason: (unspecified), extra: "wilkinson2.4", failover: false, available: true, roaming: false, metered: false]
01-24 03:12:14.526  3755  4487 D ConnectivityService:   checking if request is satisfied: NetworkRequest [ id=85, legacyType=-1, [ Capabilities: INTERNET&NOT_RESTRICTED&TRUSTED] ]
01-24 03:12:14.527  3755  4487 D ConnectivityService:   checking if request is satisfied: NetworkRequest [ id=9, legacyType=-1, [ Transports: WIFI Capabilities: INTERNET&NOT_RESTRICTED&TRUSTED&NOT_VPN] ]
01-24 03:12:14.527  3755  4487 D ConnectivityService:   checking if request is satisfied: NetworkRequest [ id=4, legacyType=-1, [] ]
01-24 03:12:14.528  3755  4487 D ConnectivityService:   checking if request is satisfied: NetworkRequest [ id=6, legacyType=-1, [ Transports: WIFI Capabilities: INTERNET&NOT_RESTRICTED&TRUSTED&NOT_VPN] ]
01-24 03:12:14.528  3755  4487 D ConnectivityService: Network NetworkAgentInfo [WIFI () - 502] was already satisfying request 12. No change.
01-24 03:12:14.530  3755  6080 D PackageManager: setEnabledSetting : userId = 0 packageName = com.android.vending cmp = com.google.android.finsky.activities.DebugActivity newState = 2 callingPackage = 10029
01-24 03:12:14.532  3755  4487 D ConnectivityService:   checking if request is satisfied: NetworkRequest [ id=72, legacyType=-1, [ Capabilities: INTERNET&NOT_RESTRICTED&TRUSTED] ]
01-24 03:12:14.533  3755  4487 D ConnectivityService: sending notification AVAILABLE for NetworkRequest [ id=85, legacyType=-1, [ Capabilities: INTERNET&NOT_RESTRICTED&TRUSTED] ]
01-24 03:12:14.534  3755  4487 D ConnectivityService: rematching NetworkAgentInfo [MOBILE (LTE) - 509]
01-24 03:12:14.534  3755  4487 D ConnectivityService:  network has: [ Transports: CELLULAR Capabilities: IMS&NOT_METERED&NOT_RESTRICTED&TRUSTED&NOT_VPN&VALIDATED LinkUpBandwidth>=51200Kbps LinkDnBandwidth>=102400Kbps Specifier: <1>]
01-24 03:12:14.535  3755  4487 D ConnectivityService: Network NetworkAgentInfo [MOBILE (LTE) - 509] was already satisfying request 32. No change.
01-24 03:12:14.535  3755  4487 D ConnectivityService:   checking if request is satisfied: NetworkRequest [ id=84, legacyType=-1, [ Capabilities: INTERNET&NOT_RESTRICTED&TRUSTED] ]
01-24 03:12:14.535  3755  4487 D ConnectivityService:   checking if request is satisfied: NetworkRequest [ id=8, legacyType=-1, [ Transports: WIFI Capabilities: INTERNET&NOT_RESTRICTED&TRUSTED&NOT_VPN] ]
01-24 03:12:14.535  3755  4487 D ConnectivityService:   checking if request is satisfied: NetworkRequest [ id=11, legacyType=-1, [ Transports: CELLULAR Capabilities: IMS&TRUSTED&NOT_VPN] ]
01-24 03:12:14.535  3755  4487 D ConnectivityService:   checking if request is satisfied: NetworkRequest [ id=1, legacyType=-1, [ Capabilities: INTERNET&NOT_RESTRICTED&TRUSTED&NOT_VPN] ]
01-24 03:12:14.536  3755  4487 D ConnectivityService:   checking if request is satisfied: NetworkRequest [ id=3, legacyType=-1, [] ]
01-24 03:12:14.536  3755  4487 D ConnectivityService:   checking if request is satisfied: NetworkRequest [ id=7, legacyType=-1, [ Transports: CELLULAR|WIFI Capabilities: NOT_RESTRICTED&TRUSTED&NOT_VPN] ]
01-24 03:12:14.536  3755  4487 D ConnectivityService:   checking if request is satisfied: NetworkRequest [ id=5, legacyType=-1, [ Transports: CELLULAR Capabilities: INTERNET&NOT_RESTRICTED&TRUSTED&NOT_VPN] ]
01-24 03:12:14.536  3755  4487 D ConnectivityService:   checking if request is satisfied: NetworkRequest [ id=85, legacyType=-1, [ Capabilities: INTERNET&NOT_RESTRICTED&TRUSTED] ]
01-24 03:12:14.536  3755  7357 D ConnectivityService: filterNetworkStateForUid() uid: 10029 networkInfo: [type: WIFI[] - WIFI, state: CONNECTED/CONNECTED, reason: (unspecified), extra: "wilkinson2.4", failover: false, available: true, roaming: false, metered: false]
01-24 03:12:14.536  3755  4487 D ConnectivityService:   checking if request is satisfied: NetworkRequest [ id=9, legacyType=-1, [ Transports: WIFI Capabilities: INTERNET&NOT_RESTRICTED&TRUSTED&NOT_VPN] ]
01-24 03:12:14.536  3755  4487 D ConnectivityService:   checking if request is satisfied: NetworkRequest [ id=4, legacyType=-1, [] ]
01-24 03:12:14.536  3755  4487 D ConnectivityService:   checking if request is satisfied: NetworkRequest [ id=6, legacyType=-1, [ Transports: WIFI Capabilities: INTERNET&NOT_RESTRICTED&TRUSTED&NOT_VPN] ]
01-24 03:12:14.536  3755  4487 D ConnectivityService:   checking if request is satisfied: NetworkRequest [ id=12, legacyType=-1, [ Capabilities: INTERNET&NOT_RESTRICTED&TRUSTED&NOT_VPN] ]
01-24 03:12:14.537  3755  4487 D ConnectivityService:   checking if request is satisfied: NetworkRequest [ id=72, legacyType=-1, [ Capabilities: INTERNET&NOT_RESTRICTED&TRUSTED] ]
01-24 03:12:14.538  3755  5047 D ConnectivityService: filterNetworkStateForUid() uid: 10029 networkInfo: [type: WIFI[] - WIFI, state: CONNECTED/CONNECTED, reason: (unspecified), extra: "wilkinson2.4", failover: false, available: true, roaming: false, metered: false]
01-24 03:12:14.545  3755  3767 D ConnectivityService: filterNetworkStateForUid() uid: 10029 networkInfo: [type: WIFI[] - WIFI, state: CONNECTED/CONNECTED, reason: (unspecified), extra: "wilkinson2.4", failover: false, available: true, roaming: false, metered: false]
01-24 03:12:14.557  3755  7368 D ActivityManager: The following uid has registered to recieve broadcast for proxy related updates 10029
01-24 03:12:14.558  3755  7368 W ContextImpl: Calling a method in the system process without a qualified user: android.app.ContextImpl.sendBroadcast:921 com.android.server.am.ActivityManagerService.requestKnoxVpnToSendProxyBroadcast:26832 com.android.server.am.ActivityManagerService.registerReceiver:21662 android.app.ActivityManagerNative.onTransact:466 com.android.server.am.ActivityManagerService.onTransact:3612 
01-24 03:12:14.560  3755  5048 D AudioService: getStreamVolume 3 index 110
01-24 03:12:14.561  3755  3755 D KnoxVpnEngineService: Vpn Receiver : com.samsung.android.knox.intent.action.VPN_PROXY_BROADCAST_INTERNAL
01-24 03:12:14.562  3755  4446 I KnoxVpnEngineService: vpn handle : Message received
01-24 03:12:14.615 15384 15394 I art     : Background partial concurrent mark sweep GC freed 31168(2MB) AllocSpace objects, 22(440KB) LOS objects, 40% free, 7MB/12MB, paused 10.636ms total 152.483ms
01-24 03:12:14.653  3755  6080 W DropBoxManagerService: Dropping: exp_det_cert_pin_failure (10 > 0 bytes)
01-24 03:12:14.664 15384 15395 I Finsky  : [1009] com.google.android.finsky.contentfilterui.o.a(7): Received content filters request from sharedUserId=com.google.uid.shared:10014
01-24 03:12:14.683 15384 15384 I Finsky  : [1] com.google.android.finsky.installer.a.am.a(45): Installer: Attempting to start installer
01-24 03:12:14.721 15384 15412 I PlayCommon: [1024] com.google.android.play.b.g.a(325): Connecting to server: https://play.googleapis.com/play/log?format=raw&proto_v2=true
01-24 03:12:14.721 15384 15412 I System.out: (HTTPLog)-Static: isSBSettingEnabled false
01-24 03:12:14.722 15384 15412 I System.out: (HTTPLog)-Static: isSBSettingEnabled false
01-24 03:12:14.722  3755  6081 D CompatibilityInfo: mCompatibilityFlags - 0
01-24 03:12:14.722  3755  6081 D CompatibilityInfo: applicationDensity - 420
01-24 03:12:14.722  3755  6081 D CompatibilityInfo: applicationScale - 1.0
01-24 03:12:14.727 15384 15384 I Finsky  : [1] com.google.android.finsky.installer.a.t.<init>(17): Not checking if recovering from paused session because experiment is off
01-24 03:12:14.730  5873  5873 W ChimeraUtils: Non Chimera context
01-24 03:12:14.744  3755  5047 D CompatibilityInfo: mCompatibilityFlags - 0
01-24 03:12:14.744  3755  5047 D CompatibilityInfo: applicationDensity - 420
01-24 03:12:14.744  3755  5047 D CompatibilityInfo: applicationScale - 1.0
01-24 03:12:14.758  3755  6281 D CompatibilityInfo: mCompatibilityFlags - 0
01-24 03:12:14.758  3755  6281 D CompatibilityInfo: applicationDensity - 420
01-24 03:12:14.758  3755  6281 D CompatibilityInfo: applicationScale - 1.0
01-24 03:12:14.763  3755  7364 D AudioService: getStreamVolume 3 index 110
01-24 03:12:14.772  3755  3766 D ConnectivityService: filterNetworkStateForUid() uid: 10029 networkInfo: [type: WIFI[] - WIFI, state: CONNECTED/CONNECTED, reason: (unspecified), extra: "wilkinson2.4", failover: false, available: true, roaming: false, metered: false]
01-24 03:12:14.774  3755  7347 D ConnectivityService: filterNetworkStateForUid() uid: 10029 networkInfo: [type: WIFI[] - WIFI, state: CONNECTED/CONNECTED, reason: (unspecified), extra: "wilkinson2.4", failover: false, available: true, roaming: false, metered: false]
01-24 03:12:14.775  3755  5047 D CompatibilityInfo: mCompatibilityFlags - 0
01-24 03:12:14.775  3755  5047 D CompatibilityInfo: applicationDensity - 420
01-24 03:12:14.775  3755  5047 D CompatibilityInfo: applicationScale - 1.0
01-24 03:12:14.775 15384 15384 I Finsky  : [1] com.google.android.finsky.installer.a.am.a(546): Installer kick - no action, not running yet
01-24 03:12:14.776 15384 15384 I Finsky  : [1] com.google.android.finsky.installer.a.am.a(546): Installer kick - no action, not running yet
01-24 03:12:14.795  3755  5047 D CompatibilityInfo: mCompatibilityFlags - 0
01-24 03:12:14.798  3755  5047 D CompatibilityInfo: applicationDensity - 420
01-24 03:12:14.798  3755  5047 D CompatibilityInfo: applicationScale - 1.0
01-24 03:12:14.800  4788  4788 I DMT-DropBoxReceiver: Received : android.intent.action.DROPBOX_ENTRY_ADDED
01-24 03:12:14.809  3755  7368 D CompatibilityInfo: mCompatibilityFlags - 0
01-24 03:12:14.809  3755  7368 D CompatibilityInfo: applicationDensity - 420
01-24 03:12:14.809  3755  7368 D CompatibilityInfo: applicationScale - 1.0
01-24 03:12:14.871 15384 15412 I PlayCommon: [1024] com.google.android.play.b.g.a(416): Successfully uploaded logs.
01-24 03:12:14.876 15384 15427 I Finsky  : [1036] com.google.android.finsky.library.a.f.a(76): Loaded library for account: [cs6ds05TsNN3KdvKwKXn-fZGqtk]
01-24 03:12:14.876 15384 15427 I Finsky  : [1036] com.google.android.finsky.library.a.f.a(76): Loaded library for account: [fa9GKUeBHlepAmjt-hj-JzEI6fw]
01-24 03:12:14.877 15384 15427 I Finsky  : [1036] com.google.android.finsky.library.a.f.a(76): Loaded library for account: [P-coAiOh0E_E8woVrkso7gFF5j0]
01-24 03:12:14.877 15384 15427 I Finsky  : [1036] com.google.android.finsky.library.a.f.a(76): Loaded library for account: [ZH2QOCwalY_zTUEa8HAQYXtYnMk]
01-24 03:12:14.878 15384 15427 I Finsky  : [1036] com.google.android.finsky.library.a.f.a(81): Finished loading 4 libraries.
01-24 03:12:14.904 15384 15384 I Finsky  : [1] com.google.android.finsky.installer.a.az.a(4): Installer: Installer starting, recovering 0 running downloads
01-24 03:12:14.905 15384 15428 I Finsky  : [1037] com.google.android.finsky.installer.a.bh.run(2): Installer: Installer starting, cleaning up sessions.
01-24 03:12:14.932  3755  6281 D CompatibilityInfo: mCompatibilityFlags - 0
01-24 03:12:14.932  3755  6281 D CompatibilityInfo: applicationDensity - 420
01-24 03:12:14.932  3755  6281 D CompatibilityInfo: applicationScale - 1.0
01-24 03:12:14.947 15384 15428 I Finsky  : [1037] com.google.android.finsky.installer.a.bh.run(8): Installer: Installer started.
01-24 03:12:14.955 15384 15384 I Finsky  : [1] com.google.android.finsky.splitinstallservice.du.a(10): Connecting InstallListener to SplitInstallService broadcaster...
01-24 03:12:14.963  3755  7395 D ConnectivityService: filterNetworkStateForUid() uid: 10029 networkInfo: [type: WIFI[] - WIFI, state: CONNECTED/CONNECTED, reason: (unspecified), extra: "wilkinson2.4", failover: false, available: true, roaming: false, metered: false]
01-24 03:12:14.965  3755  3766 D ConnectivityService: filterNetworkStateForUid() uid: 10029 networkInfo: [type: WIFI[] - WIFI, state: CONNECTED/CONNECTED, reason: (unspecified), extra: "wilkinson2.4", failover: false, available: true, roaming: false, metered: false]
01-24 03:12:14.968  3755  7357 D AudioService: getStreamVolume 3 index 110
01-24 03:12:14.972  3755  4459 D WifiStateMachine: Current network is: "wilkinson2.4" , ID is: 30
01-24 03:12:14.972  3755  4459 I WifiStateMachine: IMS calling, current network is always qualified
01-24 03:12:14.990  3755  4448 D CompatibilityInfo: mCompatibilityFlags - 0
01-24 03:12:14.990  3755  4448 D CompatibilityInfo: applicationDensity - 420
01-24 03:12:14.990  3755  4448 D CompatibilityInfo: applicationScale - 1.0
01-24 03:12:15.099  5873  5893 I Auth    : [ReflectiveChannelBinder] Successfully bound channel!
01-24 03:12:15.109  3755  5085 D CompatibilityInfo: mCompatibilityFlags - 0
01-24 03:12:15.109  3755  5085 D CompatibilityInfo: applicationDensity - 420
01-24 03:12:15.109  3755  5085 D CompatibilityInfo: applicationScale - 1.0
01-24 03:12:15.123  5873  5893 I System.out: (HTTPLog)-Static: isSBSettingEnabled false
01-24 03:12:15.125  5873  5893 I System.out: (HTTPLog)-Static: isSBSettingEnabled false
01-24 03:12:15.127  3755  6277 D AudioService: getStreamVolume 3 index 110
01-24 03:12:15.128  3254  3742 D EnterpriseController: netId is 0
01-24 03:12:15.129  3254  3742 D Netd    : getNetworkForDns: using netid 502 for uid 10014
01-24 03:12:15.129  3254  3742 D DnsProxyListener: DNSDBG::dns addrinfo af 0
01-24 03:12:15.152  3755  3774 D CompatibilityInfo: mCompatibilityFlags - 0
01-24 03:12:15.152  3755  3774 D CompatibilityInfo: applicationDensity - 420
01-24 03:12:15.152  3755  3774 D CompatibilityInfo: applicationScale - 1.0
01-24 03:12:15.170  3755  7358 D AudioService: getStreamVolume 3 index 110
01-24 03:12:15.172  5873  5893 W Conscrypt: Could not set socket write timeout: java.net.SocketException: Socket closed
01-24 03:12:15.177  5873  5893 W Conscrypt: 	at com.google.android.gms.org.conscrypt.Platform.setSocketWriteTimeout(:com.google.android.gms@14799019@14.7.99 (040400-223214910):2)
01-24 03:12:15.177  5873  5893 W Conscrypt: 	at com.google.android.gms.org.conscrypt.ConscryptFileDescriptorSocket.setSoWriteTimeout(:com.google.android.gms@14799019@14.7.99 (040400-223214910):2)
01-24 03:12:15.242  5873  5893 W Conscrypt: Could not set socket write timeout: java.net.SocketException: Socket closed
01-24 03:12:15.242  5873  5893 W Conscrypt: 	at com.google.android.gms.org.conscrypt.Platform.setSocketWriteTimeout(:com.google.android.gms@14799019@14.7.99 (040400-223214910):2)
01-24 03:12:15.242  5873  5893 W Conscrypt: 	at com.google.android.gms.org.conscrypt.ConscryptFileDescriptorSocket.setSoWriteTimeout(:com.google.android.gms@14799019@14.7.99 (040400-223214910):2)
01-24 03:12:15.295  3755  7360 D ConnectivityService: filterNetworkStateForUid() uid: 10014 networkInfo: [type: WIFI[] - WIFI, state: CONNECTED/CONNECTED, reason: (unspecified), extra: "wilkinson2.4", failover: false, available: true, roaming: false, metered: false]
01-24 03:12:15.297  3755  7368 D ConnectivityService: filterNetworkStateForUid() uid: 10014 networkInfo: [type: WIFI[] - WIFI, state: CONNECTED/CONNECTED, reason: (unspecified), extra: "wilkinson2.4", failover: false, available: true, roaming: false, metered: false]
01-24 03:12:15.306  3755  5085 D SamsungAlarmManager: Cancel Alarm calling from uid:10014 pid :5873 / op:PendingIntent{287e7d5: PendingIntentRecord{4a70533 com.google.android.gms broadcastIntent}}
01-24 03:12:15.372  3755  7360 D AudioService: getStreamVolume 3 index 110
01-24 03:12:15.384  3755  4444 D SamsungAlarmManager: setInexact Intent (T:2/F:0/AC:false) 20190124T033604 - CU:10014/CP:5873
01-24 03:12:15.422  3755  7368 D CompatibilityInfo: mCompatibilityFlags - 0
01-24 03:12:15.423  3755  7368 D CompatibilityInfo: applicationDensity - 420
01-24 03:12:15.423  3755  7368 D CompatibilityInfo: applicationScale - 1.0
01-24 03:12:15.452  3254  3742 D EnterpriseController: netId is 0
01-24 03:12:15.453  3254  3742 D Netd    : getNetworkForDns: using netid 502 for uid 10014
01-24 03:12:15.453  3254  3742 D DnsProxyListener: DNSDBG::dns addrinfo af 0
01-24 03:12:15.526  5873 14653 W Conscrypt: Could not set socket write timeout: java.net.SocketException: Socket closed
01-24 03:12:15.526  5873 14653 W Conscrypt: 	at com.google.android.gms.org.conscrypt.Platform.setSocketWriteTimeout(:com.google.android.gms@14799019@14.7.99 (040400-223214910):2)
01-24 03:12:15.526  5873 14653 W Conscrypt: 	at com.google.android.gms.org.conscrypt.ConscryptFileDescriptorSocket.setSoWriteTimeout(:com.google.android.gms@14799019@14.7.99 (040400-223214910):2)
01-24 03:12:15.576  3755  7395 D AudioService: getStreamVolume 3 index 110
01-24 03:12:15.583  3755  7362 W DropBoxManagerService: Dropping: exp_det_cert_pin_failure (10 > 0 bytes)
01-24 03:12:15.594  3755  3774 D CompatibilityInfo: mCompatibilityFlags - 0
01-24 03:12:15.594  3755  3774 D CompatibilityInfo: applicationDensity - 420
01-24 03:12:15.594  3755  3774 D CompatibilityInfo: applicationScale - 1.0
01-24 03:12:15.595  3755  4415 D InputReader: Input event(3): value=1 when=31042398857000
01-24 03:12:15.596  3755  4415 D InputReader: Input event(3): value=1 when=31042398857000
01-24 03:12:15.597  3755  4415 I InputReader: Touch event's action is 0x0 (deviceType=0) [pCnt=1, s=0.1160 ] when=31042398857000
01-24 03:12:15.598  3755  4414 I InputDispatcher: Delivering touch to (15211): action: 0x0, toolType: 1
01-24 03:12:15.601 15211 15233 V threaded_app: New input event: type=2
01-24 03:12:15.602 15211 15211 D ViewRootImpl@c266894[GameActivity]: ViewPostImeInputStage processPointer 0
01-24 03:12:15.604 15211 15211 W System  : ClassLoader referenced unknown path: /system/framework/QPerformance.jar
01-24 03:12:15.605 15211 15211 E BoostFramework: BoostFramework() : Exception_1 = java.lang.ClassNotFoundException: Didn't find class "com.qualcomm.qti.Performance" on path: DexPathList[[],nativeLibraryDirectories=[/system/lib, /vendor/lib]]
01-24 03:12:15.607 15211 15232 D UE4     : [2019.01.24-08.12.15:606][278]LogSlate: FSceneViewport::OnFocusLost() reason 0
01-24 03:12:15.607 15211 15211 V BoostFramework: BoostFramework() : mPerf = null
01-24 03:12:15.607  3755  6281 D CompatibilityInfo: mCompatibilityFlags - 0
01-24 03:12:15.607  3755  6281 D CompatibilityInfo: applicationDensity - 420
01-24 03:12:15.607  3755  6281 D CompatibilityInfo: applicationScale - 1.0
01-24 03:12:15.612  5873 14653 W Conscrypt: Could not set socket write timeout: java.net.SocketException: Socket closed
01-24 03:12:15.612  5873 14653 W Conscrypt: 	at com.google.android.gms.org.conscrypt.Platform.setSocketWriteTimeout(:com.google.android.gms@14799019@14.7.99 (040400-223214910):2)
01-24 03:12:15.612  5873 14653 W Conscrypt: 	at com.google.android.gms.org.conscrypt.ConscryptFileDescriptorSocket.setSoWriteTimeout(:com.google.android.gms@14799019@14.7.99 (040400-223214910):2)
01-24 03:12:15.615  3755  3766 D CompatibilityInfo: mCompatibilityFlags - 0
01-24 03:12:15.615  3755  3766 D CompatibilityInfo: applicationDensity - 420
01-24 03:12:15.615  3755  3766 D CompatibilityInfo: applicationScale - 1.0
01-24 03:12:15.620 15211 15233 V threaded_app: New input event: type=2
01-24 03:12:15.636 15211 15233 V threaded_app: New input event: type=2
01-24 03:12:15.641  3755  3766 D CompatibilityInfo: mCompatibilityFlags - 0
01-24 03:12:15.642  3755  3766 D CompatibilityInfo: applicationDensity - 420
01-24 03:12:15.642  3755  3766 D CompatibilityInfo: applicationScale - 1.0
01-24 03:12:15.645  4788  4788 I DMT-DropBoxReceiver: Received : android.intent.action.DROPBOX_ENTRY_ADDED
01-24 03:12:15.651 15211 15233 V threaded_app: New input event: type=2
01-24 03:12:15.669 15211 15233 V threaded_app: New input event: type=2
01-24 03:12:15.685 15211 15233 V threaded_app: New input event: type=2
01-24 03:12:15.692  3755  4415 D InputReader: Input event(3): value=0 when=31042496379000
01-24 03:12:15.692  3755  4415 D InputReader: Input event(3): value=0 when=31042496379000
01-24 03:12:15.692  3755  4415 I InputReader: Touch event's action is 0x1 (deviceType=0) [pCnt=1, s=] when=31042496379000
01-24 03:12:15.693  3755  4414 I InputDispatcher: Delivering touch to (15211): action: 0x1, toolType: 1
01-24 03:12:15.693 15211 15233 V threaded_app: New input event: type=2
01-24 03:12:15.694 15211 15233 V threaded_app: New input event: type=2
01-24 03:12:15.695 15211 15211 D ViewRootImpl@c266894[GameActivity]: ViewPostImeInputStage processPointer 1
01-24 03:12:15.712 15211 15232 D UE4     : [2019.01.24-08.12.15:711][284]LogUMG: Display: Widget Class OptionsMenu_C - Loaded Fast Template.
01-24 03:12:15.724 15211 15232 D UE4     : [2019.01.24-08.12.15:724][284]LogSlate: Took 0.000864 seconds to synchronously load lazily loaded font '../../../Engine/Content/EngineFonts/Faces/RobotoBold.ufont' (160K)
01-24 03:12:15.740  3755  7343 D ConnectivityService: filterNetworkStateForUid() uid: 10187 networkInfo: [type: WIFI[] - WIFI, state: CONNECTED/CONNECTED, reason: (unspecified), extra: "wilkinson2.4", failover: false, available: true, roaming: false, metered: false]
01-24 03:12:15.745  3755  4448 D ConnectivityService: filterNetworkStateForUid() uid: 10187 networkInfo: [type: WIFI[] - WIFI, state: CONNECTED/CONNECTED, reason: (unspecified), extra: "wilkinson2.4", failover: false, available: true, roaming: false, metered: false]
01-24 03:12:15.746  3755  3766 D ConnectivityService: filterNetworkStateForUid() uid: 10187 networkInfo: [type: WIFI[] - WIFI, state: CONNECTED/CONNECTED, reason: (unspecified), extra: "wilkinson2.4", failover: false, available: true, roaming: false, metered: false]
01-24 03:12:15.749  3755  5085 D ConnectivityService: filterNetworkStateForUid() uid: 10187 networkInfo: [type: WIFI[] - WIFI, state: CONNECTED/CONNECTED, reason: (unspecified), extra: "wilkinson2.4", failover: false, available: true, roaming: false, metered: false]
01-24 03:12:15.752  3755  6279 D ConnectivityService: filterNetworkStateForUid() uid: 10187 networkInfo: [type: WIFI[] - WIFI, state: CONNECTED/CONNECTED, reason: (unspecified), extra: "wilkinson2.4", failover: false, available: true, roaming: false, metered: false]
01-24 03:12:15.755  3755  6281 D ConnectivityService: filterNetworkStateForUid() uid: 10187 networkInfo: [type: WIFI[] - WIFI, state: CONNECTED/CONNECTED, reason: (unspecified), extra: "wilkinson2.4", failover: false, available: true, roaming: false, metered: false]
01-24 03:12:15.761  3755  6065 D ConnectivityService: filterNetworkStateForUid() uid: 10187 networkInfo: [type: WIFI[] - WIFI, state: CONNECTED/CONNECTED, reason: (unspecified), extra: "wilkinson2.4", failover: false, available: true, roaming: false, metered: false]
01-24 03:12:15.765 28299 28299 V MediaRouter: Dispatching route change: UserRouteInfo{ name=WilkinsonTivo, description=null, status=null, category=RouteCategory{ name=Devices types=ROUTE_TYPE_USER  groupable=false }, supportedTypes=ROUTE_TYPE_USER , presentationDisplay=null }
01-24 03:12:15.766 28299 28299 V MediaRouter: Dispatching route change: UserRouteInfo{ name=WilkinsonTivo, description=null, status=null, category=RouteCategory{ name=Devices types=ROUTE_TYPE_USER  groupable=false }, supportedTypes=ROUTE_TYPE_USER , presentationDisplay=null }
01-24 03:12:15.766 28299 28299 V MediaRouter: Dispatching route change: UserRouteInfo{ name=Master Bedroom, description=null, status=null, category=RouteCategory{ name=Devices types=ROUTE_TYPE_USER  groupable=false }, supportedTypes=ROUTE_TYPE_USER , presentationDisplay=null }
01-24 03:12:15.767 28299 28299 V MediaRouter: Dispatching route change: UserRouteInfo{ name=Master Bedroom, description=null, status=null, category=RouteCategory{ name=Devices types=ROUTE_TYPE_USER  groupable=false }, supportedTypes=ROUTE_TYPE_USER , presentationDisplay=null }
01-24 03:12:15.768 28299 28299 V MediaRouter: Dispatching route change: UserRouteInfo{ name=WilkinsonTivo, description=null, status=null, category=RouteCategory{ name=Devices types=ROUTE_TYPE_USER  groupable=false }, supportedTypes=ROUTE_TYPE_USER , presentationDisplay=null }
01-24 03:12:15.768 28299 28299 V MediaRouter: Dispatching route change: UserRouteInfo{ name=WilkinsonTivo, description=null, status=null, category=RouteCategory{ name=Devices types=ROUTE_TYPE_USER  groupable=false }, supportedTypes=ROUTE_TYPE_USER , presentationDisplay=null }
01-24 03:12:15.769 28299 28299 V MediaRouter: Dispatching route change: UserRouteInfo{ name=Roku Stick - 5S673X092305, description=null, status=null, category=RouteCategory{ name=Devices types=ROUTE_TYPE_USER  groupable=false }, supportedTypes=ROUTE_TYPE_USER , presentationDisplay=null }
01-24 03:12:15.769 28299 28299 V MediaRouter: Dispatching route change: UserRouteInfo{ name=Roku Stick - 5S673X092305, description=null, status=null, category=RouteCategory{ name=Devices types=ROUTE_TYPE_USER  groupable=false }, supportedTypes=ROUTE_TYPE_USER , presentationDisplay=null }
01-24 03:12:15.770 28299 28299 V MediaRouter: Dispatching route change: UserRouteInfo{ name=WilkinsonTivo, description=null, status=null, category=RouteCategory{ name=Devices types=ROUTE_TYPE_USER  groupable=false }, supportedTypes=ROUTE_TYPE_USER , presentationDisplay=null }
01-24 03:12:15.771 28299 28299 V MediaRouter: Dispatching route change: UserRouteInfo{ name=WilkinsonTivo, description=null, status=null, category=RouteCategory{ name=Devices types=ROUTE_TYPE_USER  groupable=false }, supportedTypes=ROUTE_TYPE_USER , presentationDisplay=null }
01-24 03:12:15.772 28299 28299 V MediaRouter: Dispatching route change: UserRouteInfo{ name=WilkinsonTivo, description=null, status=null, category=RouteCategory{ name=Devices types=ROUTE_TYPE_USER  groupable=false }, supportedTypes=ROUTE_TYPE_USER , presentationDisplay=null }
01-24 03:12:15.772 28299 28299 V MediaRouter: Dispatching route change: UserRouteInfo{ name=WilkinsonTivo, description=null, status=null, category=RouteCategory{ name=Devices types=ROUTE_TYPE_USER  groupable=false }, supportedTypes=ROUTE_TYPE_USER , presentationDisplay=null }
01-24 03:12:15.773 28299 28299 V MediaRouter: Dispatching route change: UserRouteInfo{ name=XBR-65X900E, description=null, status=null, category=RouteCategory{ name=Devices types=ROUTE_TYPE_USER  groupable=false }, supportedTypes=ROUTE_TYPE_USER , presentationDisplay=null }
01-24 03:12:15.773 28299 28299 V MediaRouter: Dispatching route change: UserRouteInfo{ name=XBR-65X900E, description=null, status=null, category=RouteCategory{ name=Devices types=ROUTE_TYPE_USER  groupable=false }, supportedTypes=ROUTE_TYPE_USER , presentationDisplay=null }
01-24 03:12:15.774 28299 28299 V MediaRouter: Dispatching route change: UserRouteInfo{ name=Roku Ultra - YP00GH254959, description=null, status=null, category=RouteCategory{ name=Devices types=ROUTE_TYPE_USER  groupable=false }, supportedTypes=ROUTE_TYPE_USER , presentationDisplay=null }
01-24 03:12:15.774 28299 28299 V MediaRouter: Dispatching route change: UserRouteInfo{ name=Roku Ultra - YP00GH254959, description=null, status=null, category=RouteCategory{ name=Devices types=ROUTE_TYPE_USER  groupable=false }, supportedTypes=ROUTE_TYPE_USER , presentationDisplay=null }
01-24 03:12:15.779  3755  7396 D AudioService: getStreamVolume 3 index 110
01-24 03:12:15.811  3755  7368 D ConnectivityService: filterNetworkStateForUid() uid: 10187 networkInfo: [type: WIFI[] - WIFI, state: CONNECTED/CONNECTED, reason: (unspecified), extra: "wilkinson2.4", failover: false, available: true, roaming: false, metered: false]
01-24 03:12:15.814  3755  4453 D ConnectivityService: filterNetworkStateForUid() uid: 10187 networkInfo: [type: WIFI[] - WIFI, state: CONNECTED/CONNECTED, reason: (unspecified), extra: "wilkinson2.4", failover: false, available: true, roaming: false, metered: false]
01-24 03:12:15.817  3755  3766 D ConnectivityService: filterNetworkStateForUid() uid: 10187 networkInfo: [type: WIFI[] - WIFI, state: CONNECTED/CONNECTED, reason: (unspecified), extra: "wilkinson2.4", failover: false, available: true, roaming: false, metered: false]
01-24 03:12:15.823  3755  6081 D ConnectivityService: filterNetworkStateForUid() uid: 10187 networkInfo: [type: WIFI[] - WIFI, state: CONNECTED/CONNECTED, reason: (unspecified), extra: "wilkinson2.4", failover: false, available: true, roaming: false, metered: false]
01-24 03:12:15.847  3755  5047 D ConnectivityService: filterNetworkStateForUid() uid: 10187 networkInfo: [type: WIFI[] - WIFI, state: CONNECTED/CONNECTED, reason: (unspecified), extra: "wilkinson2.4", failover: false, available: true, roaming: false, metered: false]
01-24 03:12:15.857  3755  7363 D ConnectivityService: filterNetworkStateForUid() uid: 10187 networkInfo: [type: WIFI[] - WIFI, state: CONNECTED/CONNECTED, reason: (unspecified), extra: "wilkinson2.4", failover: false, available: true, roaming: false, metered: false]
01-24 03:12:15.859  3755  6065 D ConnectivityService: filterNetworkStateForUid() uid: 10187 networkInfo: [type: WIFI[] - WIFI, state: CONNECTED/CONNECTED, reason: (unspecified), extra: "wilkinson2.4", failover: false, available: true, roaming: false, metered: false]
01-24 03:12:15.861  3755  7344 D ConnectivityService: filterNetworkStateForUid() uid: 10187 networkInfo: [type: WIFI[] - WIFI, state: CONNECTED/CONNECTED, reason: (unspecified), extra: "wilkinson2.4", failover: false, available: true, roaming: false, metered: false]
01-24 03:12:15.873  3755  4444 D ConnectivityService: filterNetworkStateForUid() uid: 10187 networkInfo: [type: WIFI[] - WIFI, state: CONNECTED/CONNECTED, reason: (unspecified), extra: "wilkinson2.4", failover: false, available: true, roaming: false, metered: false]
01-24 03:12:15.875  5873 12978 I InstantApps: DomainFilterImpl: Domain filter response size: 60264
01-24 03:12:15.875  3755  7364 D ConnectivityService: filterNetworkStateForUid() uid: 10187 networkInfo: [type: WIFI[] - WIFI, state: CONNECTED/CONNECTED, reason: (unspecified), extra: "wilkinson2.4", failover: false, available: true, roaming: false, metered: false]
01-24 03:12:15.878  3755  3767 D ConnectivityService: filterNetworkStateForUid() uid: 10187 networkInfo: [type: WIFI[] - WIFI, state: CONNECTED/CONNECTED, reason: (unspecified), extra: "wilkinson2.4", failover: false, available: true, roaming: false, metered: false]
01-24 03:12:15.881  3755  4448 D ConnectivityService: filterNetworkStateForUid() uid: 10187 networkInfo: [type: WIFI[] - WIFI, state: CONNECTED/CONNECTED, reason: (unspecified), extra: "wilkinson2.4", failover: false, available: true, roaming: false, metered: false]
01-24 03:12:15.981  3755  5085 D AudioService: getStreamVolume 3 index 110
01-24 03:12:16.024  3755  6065 D ConnectivityService: filterNetworkStateForUid() uid: 10014 networkInfo: [type: WIFI[] - WIFI, state: CONNECTED/CONNECTED, reason: (unspecified), extra: "wilkinson2.4", failover: false, available: true, roaming: false, metered: false]
01-24 03:12:16.025  3755  7357 D ConnectivityService: filterNetworkStateForUid() uid: 10014 networkInfo: [type: WIFI[] - WIFI, state: CONNECTED/CONNECTED, reason: (unspecified), extra: "wilkinson2.4", failover: false, available: true, roaming: false, metered: false]
01-24 03:12:16.029  3755  7364 D SamsungAlarmManager: Cancel Alarm calling from uid:10014 pid :5873 / op:PendingIntent{535bcb6: PendingIntentRecord{4a70533 com.google.android.gms broadcastIntent}}
01-24 03:12:16.098  5873  5890 I art     : Background sticky concurrent mark sweep GC freed 162816(8MB) AllocSpace objects, 17(632KB) LOS objects, 33% free, 19MB/29MB, paused 928us total 117.536ms
01-24 03:12:16.103  3755  6281 D SamsungAlarmManager: setInexact Intent (T:2/F:0/AC:false) 20190124T033604 - CU:10014/CP:5873
01-24 03:12:16.183  3755  6281 D AudioService: getStreamVolume 3 index 110
01-24 03:12:16.309 15211 15332 I libOpenSLES: Emulating old channel mask behavior (ignoring positional mask 0x3, using default mask 0x3 based on channel count of 2)
01-24 03:12:16.311 15211 15332 W AudioTrack: AUDIO_OUTPUT_FLAG_FAST denied by client; transfer 1, track 44100 Hz, output 48000 Hz
01-24 03:12:16.312  3241 19487 I AudioFlinger: add dynamic flag, can move to deep thread, session 9313
01-24 03:12:16.313 15211 15332 D AudioTrack: Client defaulted notificationFrames to 1181 for frameCount 3544
01-24 03:12:16.314 15211 15332 I AudioTrack: This process already got info. FadeIn[0] FadeOut[0] FadeInRing[0]
01-24 03:12:16.314  3241  3241 W AudioPolicyIntefaceImpl: Skipped to add effects on session 9313
01-24 03:12:16.314  3241  3241 I APM_AudioPolicyManager: startOutput() output 21, stream 3, session 9313
01-24 03:12:16.344  3241  3486 I AudioMixer: create resampler src 44100, 2, dst 48000, 2, q 8
01-24 03:12:16.345  3241  3486 D SoundAliveResampler: [SoundAliveResampler] Init+++
01-24 03:12:16.385  3755  7364 D AudioService: getStreamVolume 3 index 110
01-24 03:12:16.462  3755  4354 D SamsungAlarmManager: Expired : 8
01-24 03:12:16.463  3755  4354 I SamsungAlarmManager: setLocked to kernel - T:3 / 20190124T031300, SetElapsed=41161194, nowELAPSED=41117657
01-24 03:12:16.464  3755  4354 V SamsungAlarmManager: Sending to uid : 10059 action=null alarm=Alarm{224fdb7 type 3 when 41117656 com.asurion.android.verizon.vms}
01-24 03:12:16.476  3755  4354 D CompatibilityInfo: mCompatibilityFlags - 0
01-24 03:12:16.476  3755  4354 D CompatibilityInfo: applicationDensity - 420
01-24 03:12:16.476  3755  4354 D CompatibilityInfo: applicationScale - 1.0
01-24 03:12:16.505  3755  7343 D SamsungAlarmManager: setExact Intent (T:3/F:5/AC:false) 20190124T031221 - CU:10059/CP:6576
01-24 03:12:16.506  3755  7343 I SamsungAlarmManager: setLocked to kernel - T:3 / 20190124T031221, SetElapsed=41122688, nowELAPSED=41117699
01-24 03:12:16.591  3755  7360 D AudioService: getStreamVolume 3 index 110
01-24 03:12:16.727 15211 15475 I AudioTrack: Skip ramp
01-24 03:12:16.773  3231  3265 D Sensorhubs: readContextData: 1, 1, 7, 0
01-24 03:12:16.776  3755  4361 D SensorHubManager: onGetSensorHubDataLocked: library(4) = 1, 1, 7, 0
01-24 03:12:16.779  3755  4360 D CAE     : onGetSensorHubData(SensorHubParserProvider.java:94) - onGetSensorHubData Event [event buffer len :4], AP_WAKEUP
01-24 03:12:16.780  3755  4360 I CAE     : parse(SensorHubParserProvider.java:196) - buffer size = 4
01-24 03:12:16.781  3755  4360 I CAE     : parse(SensorHubParserProvider.java:207) - 1, 1, 7, 0,
01-24 03:12:16.783  3755  4360 D CAE     : display(ContextProvider.java:375) - ================= AUTO_ROTATION =================
01-24 03:12:16.784  3755  4360 I CAE     : display(ContextProvider.java:391) - Angle=[0]
01-24 03:12:16.790  3755  4363 D SemContextService: updateContext() : event = Auto Rotation
01-24 03:12:16.792  3755  3755 D SemContextManager: onSemContextChanged() : event = Auto Rotation Angle : 0
01-24 03:12:16.793  3755  3755 D SContextManager: onSContextChanged() : event = Auto Rotation Angle : 0
01-24 03:12:16.793  3755  3755 V WindowOrientationListener: OrientationSensorJudge.onSContextChanged, Rotation: 0
01-24 03:12:16.793  3755  5085 D AudioService: getStreamVolume 3 index 110
01-24 03:12:16.794  3755  3775 V WindowOrientationListener: OrientationSensorJudge.getProposedRotation, Rotation: 0
01-24 03:12:16.794  3755  3775 V WindowOrientationListener: OrientationSensorJudge.getProposedRotation, Rotation: 0
01-24 03:12:16.794  3755  3775 V WindowManager: rotationForOrientationLw(orient=1, last=0); user=0  sensorRotation=0 mLidState=-1 mDockMode=0 mHdmiPlugged=false
01-24 03:12:16.812  3755  6279 D ConnectivityService: filterNetworkStateForUid() uid: 10187 networkInfo: [type: WIFI[] - WIFI, state: CONNECTED/CONNECTED, reason: (unspecified), extra: "wilkinson2.4", failover: false, available: true, roaming: false, metered: false]
01-24 03:12:16.814 28299 28299 V MediaRouter: Dispatching route change: UserRouteInfo{ name=WilkinsonTivo, description=null, status=null, category=RouteCategory{ name=Devices types=ROUTE_TYPE_USER  groupable=false }, supportedTypes=ROUTE_TYPE_USER , presentationDisplay=null }
01-24 03:12:16.814 28299 28299 V MediaRouter: Dispatching route change: UserRouteInfo{ name=WilkinsonTivo, description=null, status=null, category=RouteCategory{ name=Devices types=ROUTE_TYPE_USER  groupable=false }, supportedTypes=ROUTE_TYPE_USER , presentationDisplay=null }
01-24 03:12:16.815 28299 28299 V MediaRouter: Dispatching route change: UserRouteInfo{ name=Master Bedroom, description=null, status=null, category=RouteCategory{ name=Devices types=ROUTE_TYPE_USER  groupable=false }, supportedTypes=ROUTE_TYPE_USER , presentationDisplay=null }
01-24 03:12:16.815 28299 28299 V MediaRouter: Dispatching route change: UserRouteInfo{ name=Master Bedroom, description=null, status=null, category=RouteCategory{ name=Devices types=ROUTE_TYPE_USER  groupable=false }, supportedTypes=ROUTE_TYPE_USER , presentationDisplay=null }
01-24 03:12:16.815 15211 15332 I libOpenSLES: Emulating old channel mask behavior (ignoring positional mask 0x3, using default mask 0x3 based on channel count of 2)
01-24 03:12:16.816 15211 15332 W AudioTrack: AUDIO_OUTPUT_FLAG_FAST denied by client; transfer 1, track 44100 Hz, output 48000 Hz
