01-14 22:20:59.703 24925 24943 D UE4     : [2019.01.15-03.20.59:703][  0]LogConfig: Setting CVar [[r.Shadow.CSM.MaxCascades:10]]
01-14 22:20:59.703 24925 24943 D UE4     : [2019.01.15-03.20.59:703][  0]LogConfig: Setting CVar [[r.Shadow.MaxResolution:2048]]
01-14 22:20:59.703 24925 24943 D UE4     : [2019.01.15-03.20.59:703][  0]LogConfig: Setting CVar [[r.Shadow.MaxCSMResolution:2048]]
01-14 22:20:59.703 24925 24943 D UE4     : [2019.01.15-03.20.59:703][  0]LogConfig: Setting CVar [[r.Shadow.RadiusThreshold:0.01]]
01-14 22:20:59.703 24925 24943 D UE4     : [2019.01.15-03.20.59:703][  0]LogConfig: Setting CVar [[r.Shadow.DistanceScale:1.0]]
01-14 22:20:59.703 24925 24943 D UE4     : [2019.01.15-03.20.59:703][  0]LogConfig: Setting CVar [[r.Shadow.CSM.TransitionScale:1.0]]
01-14 22:20:59.703 24925 24943 D UE4     : [2019.01.15-03.20.59:703][  0]LogConfig: Setting CVar [[r.Shadow.PreShadowResolutionFactor:1.0]]
01-14 22:20:59.703 24925 24943 D UE4     : [2019.01.15-03.20.59:703][  0]LogConfig: Setting CVar [[r.DistanceFieldShadowing:1]]
01-14 22:20:59.703 24925 24943 D UE4     : [2019.01.15-03.20.59:703][  0]LogConfig: Setting CVar [[r.DistanceFieldAO:1]]
01-14 22:20:59.703 24925 24943 D UE4     : [2019.01.15-03.20.59:703][  0]LogConfig: Setting CVar [[r.AOQuality:2]]
01-14 22:20:59.703 24925 24943 D UE4     : [2019.01.15-03.20.59:703][  0]LogConfig: Setting CVar [[r.VolumetricFog:1]]
01-14 22:20:59.703 24925 24943 D UE4     : [2019.01.15-03.20.59:703][  0]LogConfig: Setting CVar [[r.VolumetricFog.GridPixelSize:8]]
01-14 22:20:59.703 24925 24943 D UE4     : [2019.01.15-03.20.59:703][  0]LogConfig: Setting CVar [[r.VolumetricFog.GridSizeZ:128]]
01-14 22:20:59.703 24925 24943 D UE4     : [2019.01.15-03.20.59:703][  0]LogConfig: Setting CVar [[r.VolumetricFog.HistoryMissSupersampleCount:4]]
01-14 22:20:59.704 24925 24943 D UE4     : [2019.01.15-03.20.59:703][  0]LogConfig: Setting CVar [[r.LightMaxDrawDistanceScale:1]]
01-14 22:20:59.704 24925 24943 D UE4     : [2019.01.15-03.20.59:704][  0]LogConfig: Setting CVar [[r.CapsuleShadows:1]]
01-14 22:20:59.704 24925 24943 D UE4     : [2019.01.15-03.20.59:704][  0]LogConfig: Applying CVar settings from Section [PostProcessQuality@3] File [../../../StackerGame/Saved/Config/Android/Scalability.ini]
01-14 22:20:59.704 24925 24943 D UE4     : [2019.01.15-03.20.59:704][  0]LogConfig: Setting CVar [[r.MotionBlurQuality:4]]
01-14 22:20:59.704 24925 24943 D UE4     : [2019.01.15-03.20.59:704][  0]LogConfig: Setting CVar [[r.AmbientOcclusionMipLevelFactor:0.4]]
01-14 22:20:59.704 24925 24943 D UE4     : [2019.01.15-03.20.59:704][  0]LogConfig: Setting CVar [[r.AmbientOcclusionMaxQuality:100]]
01-14 22:20:59.704 24925 24943 D UE4     : [2019.01.15-03.20.59:704][  0]LogConfig: Setting CVar [[r.AmbientOcclusionLevels:-1]]
01-14 22:20:59.704 24925 24943 D UE4     : [2019.01.15-03.20.59:704][  0]LogConfig: Setting CVar [[r.AmbientOcclusionRadiusScale:1.0]]
01-14 22:20:59.704 24925 24943 D UE4     : [2019.01.15-03.20.59:704][  0]LogConfig: Setting CVar [[r.DepthOfFieldQuality:2]]
01-14 22:20:59.704 24925 24943 D UE4     : [2019.01.15-03.20.59:704][  0]LogConsoleManager: Setting the console variable 'r.DepthOfFieldQuality' with 'SetByScalability' was ignored as it is lower priority than the previous 'SetByDeviceProfile'. Value remains '1'
01-14 22:20:59.704 24925 24943 D UE4     : [2019.01.15-03.20.59:704][  0]LogConfig: Setting CVar [[r.RenderTargetPoolMin:400]]
01-14 22:20:59.704 24925 24943 D UE4     : [2019.01.15-03.20.59:704][  0]LogConfig: Setting CVar [[r.LensFlareQuality:2]]
01-14 22:20:59.704 24925 24943 D UE4     : [2019.01.15-03.20.59:704][  0]LogConfig: Setting CVar [[r.SceneColorFringeQuality:1]]
01-14 22:20:59.704 24925 24943 D UE4     : [2019.01.15-03.20.59:704][  0]LogConfig: Setting CVar [[r.EyeAdaptationQuality:2]]
01-14 22:20:59.704 24925 24943 D UE4     : [2019.01.15-03.20.59:704][  0]LogConfig: Setting CVar [[r.BloomQuality:5]]
01-14 22:20:59.704 24925 24943 D UE4     : [2019.01.15-03.20.59:704][  0]LogConsoleManager: Setting the console variable 'r.BloomQuality' with 'SetByScalability' was ignored as it is lower priority than the previous 'SetByDeviceProfile'. Value remains '1'
01-14 22:20:59.704 24925 24943 D UE4     : [2019.01.15-03.20.59:704][  0]LogConfig: Setting CVar [[r.FastBlurThreshold:100]]
01-14 22:20:59.705 24925 24943 D UE4     : [2019.01.15-03.20.59:705][  0]LogConfig: Setting CVar [[r.Upscale.Quality:3]]
01-14 22:20:59.705 24925 24943 D UE4     : [2019.01.15-03.20.59:705][  0]LogConfig: Setting CVar [[r.Tonemapper.GrainQuantization:1]]
01-14 22:20:59.705 24925 24943 D UE4     : [2019.01.15-03.20.59:705][  0]LogConfig: Setting CVar [[r.LightShaftQuality:1]]
01-14 22:20:59.705 24925 24943 D UE4     : [2019.01.15-03.20.59:705][  0]LogConsoleManager: Setting the console variable 'r.LightShaftQuality' with 'SetByScalability' was ignored as it is lower priority than the previous 'SetByDeviceProfile'. Value remains '1'
01-14 22:20:59.705 24925 24943 D UE4     : [2019.01.15-03.20.59:705][  0]LogConfig: Setting CVar [[r.Filter.SizeScale:1]]
01-14 22:20:59.705 24925 24943 D UE4     : [2019.01.15-03.20.59:705][  0]LogConfig: Setting CVar [[r.Tonemapper.Quality:5]]
01-14 22:20:59.705 24925 24943 D UE4     : [2019.01.15-03.20.59:705][  0]LogConfig: Setting CVar [[r.DOF.Gather.AccumulatorQuality:1        ; higher gathering accumulator quality]]
01-14 22:20:59.705 24925 24943 D UE4     : [2019.01.15-03.20.59:705][  0]LogConfig: Setting CVar [[r.DOF.Gather.PostfilterMethod:1          ; Median3x3 postfilering method]]
01-14 22:20:59.705 24925 24943 D UE4     : [2019.01.15-03.20.59:705][  0]LogConfig: Setting CVar [[r.DOF.Gather.EnableBokehSettings:0       ; no bokeh simulation when gathering]]
01-14 22:20:59.705 24925 24943 D UE4     : [2019.01.15-03.20.59:705][  0]LogConfig: Setting CVar [[r.DOF.Gather.RingCount:4                 ; medium number of samples when gathering]]
01-14 22:20:59.705 24925 24943 D UE4     : [2019.01.15-03.20.59:705][  0]LogConfig: Setting CVar [[r.DOF.Scatter.ForegroundCompositing:1    ; additive foreground scattering]]
01-14 22:20:59.705 24925 24943 D UE4     : [2019.01.15-03.20.59:705][  0]LogConfig: Setting CVar [[r.DOF.Scatter.BackgroundCompositing:2    ; additive background scattering]]
01-14 22:20:59.705 24925 24943 D UE4     : [2019.01.15-03.20.59:705][  0]LogConfig: Setting CVar [[r.DOF.Scatter.EnableBokehSettings:1      ; bokeh simulation when scattering]]
01-14 22:20:59.705 24925 24943 D UE4     : [2019.01.15-03.20.59:705][  0]LogConfig: Setting CVar [[r.DOF.Scatter.MaxSpriteRatio:0.1         ; only a maximum of 10% of scattered bokeh]]
01-14 22:20:59.705 24925 24943 D UE4     : [2019.01.15-03.20.59:705][  0]LogConfig: Setting CVar [[r.DOF.Recombine.Quality:1                ; cheap slight out of focus]]
01-14 22:20:59.705 24925 24943 D UE4     : [2019.01.15-03.20.59:705][  0]LogConfig: Setting CVar [[r.DOF.Recombine.EnableBokehSettings:0    ; no bokeh simulation on slight out of focus]]
01-14 22:20:59.706 24925 24943 D UE4     : [2019.01.15-03.20.59:705][  0]LogConfig: Setting CVar [[r.DOF.TemporalAAQuality:1                ; more stable temporal accumulation]]
01-14 22:20:59.706 24925 24943 D UE4     : [2019.01.15-03.20.59:706][  0]LogConfig: Setting CVar [[r.DOF.Kernel.MaxForegroundRadius:0.025]]
01-14 22:20:59.706 24925 24943 D UE4     : [2019.01.15-03.20.59:706][  0]LogConfig: Setting CVar [[r.DOF.Kernel.MaxBackgroundRadius:0.025]]
01-14 22:20:59.706 24925 24943 D UE4     : [2019.01.15-03.20.59:706][  0]LogConfig: Applying CVar settings from Section [TextureQuality@3] File [../../../StackerGame/Saved/Config/Android/Scalability.ini]
01-14 22:20:59.706 24925 24943 D UE4     : [2019.01.15-03.20.59:706][  0]LogConfig: Setting CVar [[r.Streaming.MipBias:0]]
01-14 22:20:59.706 24925 24943 D UE4     : [2019.01.15-03.20.59:706][  0]LogConfig: Setting CVar [[r.Streaming.AmortizeCPUToGPUCopy:0]]
01-14 22:20:59.706 24925 24943 D UE4     : [2019.01.15-03.20.59:706][  0]LogConfig: Setting CVar [[r.Streaming.MaxNumTexturesToStreamPerFrame:0]]
01-14 22:20:59.706 24925 24943 D UE4     : [2019.01.15-03.20.59:706][  0]LogConfig: Setting CVar [[r.Streaming.Boost:1]]
01-14 22:20:59.706 24925 24943 D UE4     : [2019.01.15-03.20.59:706][  0]LogConfig: Setting CVar [[r.MaxAnisotropy:8]]
01-14 22:20:59.706 24925 24943 D UE4     : [2019.01.15-03.20.59:706][  0]LogConfig: Setting CVar [[r.Streaming.LimitPoolSizeToVRAM:0]]
01-14 22:20:59.706 24925 24943 D UE4     : [2019.01.15-03.20.59:706][  0]LogConfig: Setting CVar [[r.Streaming.PoolSize:1000]]
01-14 22:20:59.706 24925 24943 D UE4     : [2019.01.15-03.20.59:706][  0]LogConfig: Setting CVar [[r.Streaming.MaxEffectiveScreenSize:0]]
01-14 22:20:59.706 24925 24943 D UE4     : [2019.01.15-03.20.59:706][  0]LogConfig: Applying CVar settings from Section [EffectsQuality@3] File [../../../StackerGame/Saved/Config/Android/Scalability.ini]
01-14 22:20:59.706 24925 24943 D UE4     : [2019.01.15-03.20.59:706][  0]LogConfig: Setting CVar [[r.TranslucencyLightingVolumeDim:64]]
01-14 22:20:59.706 24925 24943 D UE4     : [2019.01.15-03.20.59:706][  0]LogConfig: Setting CVar [[r.RefractionQuality:2]]
01-14 22:20:59.706 24925 24943 D UE4     : [2019.01.15-03.20.59:706][  0]LogConsoleManager: Setting the console variable 'r.RefractionQuality' with 'SetByScalability' was ignored as it is lower priority than the previous 'SetByDeviceProfile'. Value remains '1'
01-14 22:20:59.707 24925 24943 D UE4     : [2019.01.15-03.20.59:706][  0]LogConfig: Setting CVar [[r.SSR.Quality:3]]
01-14 22:20:59.707 24925 24943 D UE4     : [2019.01.15-03.20.59:707][  0]LogConfig: Setting CVar [[r.SceneColorFormat:4]]
01-14 22:20:59.707 24925 24943 D UE4     : [2019.01.15-03.20.59:707][  0]LogConfig: Setting CVar [[r.DetailMode:2]]
01-14 22:20:59.707 24925 24943 D UE4     : [2019.01.15-03.20.59:707][  0]LogConfig: Setting CVar [[r.TranslucencyVolumeBlur:1]]
01-14 22:20:59.707 24925 24943 D UE4     : [2019.01.15-03.20.59:707][  0]LogConfig: Setting CVar [[r.MaterialQualityLevel:1 ; High quality]]
01-14 22:20:59.707 24925 24943 D UE4     : [2019.01.15-03.20.59:707][  0]LogConfig: Setting CVar [[r.SSS.Scale:1]]
01-14 22:20:59.707 24925 24943 D UE4     : [2019.01.15-03.20.59:707][  0]LogConfig: Setting CVar [[r.SSS.SampleSet:2]]
01-14 22:20:59.707 24925 24943 D UE4     : [2019.01.15-03.20.59:707][  0]LogConfig: Setting CVar [[r.SSS.Quality:1]]
01-14 22:20:59.707 24925 24943 D UE4     : [2019.01.15-03.20.59:707][  0]LogConfig: Setting CVar [[r.SSS.HalfRes:1]]
01-14 22:20:59.707 24925 24943 D UE4     : [2019.01.15-03.20.59:707][  0]LogConfig: Setting CVar [[r.EmitterSpawnRateScale:1.0]]
01-14 22:20:59.707 24925 24943 D UE4     : [2019.01.15-03.20.59:707][  0]LogConfig: Setting CVar [[r.ParticleLightQuality:2]]
01-14 22:20:59.707 24925 24943 D UE4     : [2019.01.15-03.20.59:707][  0]LogConfig: Applying CVar settings from Section [FoliageQuality@3] File [../../../StackerGame/Saved/Config/Android/Scalability.ini]
01-14 22:20:59.707 24925 24943 D UE4     : [2019.01.15-03.20.59:707][  0]LogConfig: Setting CVar [[foliage.DensityScale:1.0]]
01-14 22:20:59.707 24925 24943 D UE4     : [2019.01.15-03.20.59:707][  0]LogConfig: Setting CVar [[grass.DensityScale:1.0]]
01-14 22:20:59.707 24925 24943 D UE4     : [2019.01.15-03.20.59:707][  0]LogConfig: Applying CVar settings from Section [Startup] File [../../../Engine/Config/ConsoleVariables.ini]
01-14 22:20:59.708 24925 24943 D UE4     : [2019.01.15-03.20.59:708][  0]LogConfig: Setting CVar [[net.UseAdaptiveNetUpdateFrequency:0]]
01-14 22:20:59.708 24925 24943 D UE4     : [2019.01.15-03.20.59:708][  0]LogConfig: Applying CVar settings from Section [ConsoleVariables] File [../../../StackerGame/Saved/Config/Android/Engine.ini]
01-14 22:20:59.708 24925 24943 D UE4     : [2019.01.15-03.20.59:708][  0]LogConfig: Setting CVar [[r.AllowOcclusionQueries:0]]
01-14 22:20:59.708 24925 24943 D UE4     : [2019.01.15-03.20.59:708][  0]LogConfig: Setting CVar [[Slate.CacheRenderData:0]]
01-14 22:20:59.709 24925 24943 D UE4     : [2019.01.15-03.20.59:708][  0]LogConfig: Setting CVar [[r.VSync:1]]
01-14 22:20:59.709 24925 24943 D UE4     : [2019.01.15-03.20.59:709][  0]LogConfig: Setting CVar [[r.ParallelShadows:0]]
01-14 22:20:59.712 24925 24943 D UE4     : [2019.01.15-03.20.59:712][  0]LogInit: Memory total: Physical=3662.72MB (4GB approx) Available=1730.87MB PageSize=4.0KB
01-14 22:20:59.713 24925 24943 D UE4     : [2019.01.15-03.20.59:713][  0]LogInit: Using OS detected language (en-US).
01-14 22:20:59.713 24925 24943 D UE4     : [2019.01.15-03.20.59:713][  0]LogInit: Using OS detected locale (en-US).
01-14 22:20:59.714 24925 24943 D UE4     : [2019.01.15-03.20.59:714][  0]LogTextLocalizationManager: No specific localization for 'en-US' exists, so the 'en' localization will be used.
01-14 22:20:59.715  3757 32083 D AudioService: getStreamVolume 3 index 130
01-14 22:20:59.833 24925 24943 D UE4     : [2019.01.15-03.20.59:833][  0]LogStreaming: Display: Took  0.120s to InitEngineTextLocalization.
01-14 22:20:59.853 24925 24943 D UE4     : [2019.01.15-03.20.59:853][  0]LogSlate: New Slate User Created.  User Index 0, Is Virtual User: 0
01-14 22:20:59.854 24925 24943 D UE4     : [2019.01.15-03.20.59:854][  0]LogSlate: Slate User Registered.  User Index 0, Is Virtual User: 0
01-14 22:20:59.854 24925 24943 D UE4     : [2019.01.15-03.20.59:854][  0]LogAndroid: VulkanRHI will NOT be used:
01-14 22:20:59.854 24925 24943 D UE4     : [2019.01.15-03.20.59:854][  0]LogAndroid:  ** Vulkan support is not available (Driver, RHI or shaders are missing, or disabled by cmdline, see above logging for details)
01-14 22:20:59.854 24925 24943 D UE4     : [2019.01.15-03.20.59:854][  0]LogAndroid: OpenGL ES will be used.
01-14 22:20:59.854 24925 24943 D UE4     : FPlatformOpenGLDevice:Init
01-14 22:20:59.854 24925 24943 D UE4     : AndroidEGL::InitSurface 0, 1
01-14 22:20:59.855 24925 24943 D UE4     : [JAVA] - SetDesiredViewSize width=720 and height=1280
01-14 22:20:59.855 24925 24943 D UE4     : AndroidEGL::CreateEGLSurface() Already initialized: 0xe181f2a8
01-14 22:20:59.855 24925 24943 D UE4     : [2019.01.15-03.20.59:855][  0]LogRHI: Extension eglPresentationTimeANDROID Present
01-14 22:20:59.855 24925 24943 D UE4     : [2019.01.15-03.20.59:855][  0]LogRHI: Extension eglGetNextFrameIdANDROID Not Present
01-14 22:20:59.855 24925 24943 D UE4     : [2019.01.15-03.20.59:855][  0]LogRHI: Extension eglGetCompositorTimingANDROID Not Present
01-14 22:20:59.856 24925 24943 D UE4     : [2019.01.15-03.20.59:855][  0]LogRHI: Extension eglGetFrameTimestampsANDROID Not Present
01-14 22:20:59.856 24925 24943 D UE4     : [2019.01.15-03.20.59:856][  0]LogRHI: Extension eglQueryTimestampSupportedANDROID Not Present
01-14 22:20:59.856 24925 24943 D UE4     : [2019.01.15-03.20.59:856][  0]LogRHI: Extension eglGetCompositorTimingSupportedANDROID Not Present
01-14 22:20:59.856 24925 24943 D UE4     : [2019.01.15-03.20.59:856][  0]LogRHI: Extension eglGetFrameTimestampsSupportedANDROID Not Present
01-14 22:20:59.856 24925 24943 D UE4     : [2019.01.15-03.20.59:856][  0]LogRHI: Initializing OpenGL RHI
01-14 22:20:59.857 24925 24943 D UE4     : [2019.01.15-03.20.59:856][  0]LogRHI:   GL_VENDOR: ARM
01-14 22:20:59.857 24925 24943 D UE4     : [2019.01.15-03.20.59:857][  0]LogRHI:   GL_RENDERER: Mali-T760
01-14 22:20:59.857 24925 24943 D UE4     : [2019.01.15-03.20.59:857][  0]LogRHI:   GL_VERSION: OpenGL ES 3.2 v1.r15p0-00rel0.68b65ac7cf15907aeb95fa944f39eef2
01-14 22:20:59.857 24925 24943 D UE4     : [2019.01.15-03.20.59:857][  0]LogRHI:   GL_SHADING_LANGUAGE_VERSION: OpenGL ES GLSL ES 3.20
01-14 22:20:59.857 24925 24943 D UE4     : [2019.01.15-03.20.59:857][  0]LogRHI: OpenGL Extensions:
01-14 22:20:59.857 24925 24943 D UE4     : [2019.01.15-03.20.59:857][  0]LogRHI:   GL_EXT_debug_marker
01-14 22:20:59.857 24925 24943 D UE4     : [2019.01.15-03.20.59:857][  0]LogRHI:   GL_ARM_rgba8
01-14 22:20:59.857 24925 24943 D UE4     : [2019.01.15-03.20.59:857][  0]LogRHI:   GL_ARM_mali_shader_binary
01-14 22:20:59.857 24925 24943 D UE4     : [2019.01.15-03.20.59:857][  0]LogRHI:   GL_OES_depth24
01-14 22:20:59.857 24925 24943 D UE4     : [2019.01.15-03.20.59:857][  0]LogRHI:   GL_OES_depth_texture
01-14 22:20:59.857 24925 24943 D UE4     : [2019.01.15-03.20.59:857][  0]LogRHI:   GL_OES_depth_texture_cube_map
01-14 22:20:59.857 24925 24943 D UE4     : [2019.01.15-03.20.59:857][  0]LogRHI:   GL_OES_packed_depth_stencil
01-14 22:20:59.857 24925 24943 D UE4     : [2019.01.15-03.20.59:857][  0]LogRHI:   GL_OES_rgb8_rgba8
01-14 22:20:59.857 24925 24943 D UE4     : [2019.01.15-03.20.59:857][  0]LogRHI:   GL_EXT_read_format_bgra
01-14 22:20:59.857 24925 24943 D UE4     : [2019.01.15-03.20.59:857][  0]LogRHI:   GL_OES_compressed_paletted_texture
01-14 22:20:59.857 24925 24943 D UE4     : [2019.01.15-03.20.59:857][  0]LogRHI:   GL_OES_compressed_ETC1_RGB8_texture
01-14 22:20:59.857 24925 24943 D UE4     : [2019.01.15-03.20.59:857][  0]LogRHI:   GL_OES_standard_derivatives
01-14 22:20:59.857 24925 24943 D UE4     : [2019.01.15-03.20.59:857][  0]LogRHI:   GL_OES_EGL_image
01-14 22:20:59.858 24925 24943 D UE4     : [2019.01.15-03.20.59:857][  0]LogRHI:   GL_OES_EGL_image_external
01-14 22:20:59.858 24925 24943 D UE4     : [2019.01.15-03.20.59:858][  0]LogRHI:   GL_OES_EGL_image_external_essl3
01-14 22:20:59.858 24925 24943 D UE4     : [2019.01.15-03.20.59:858][  0]LogRHI:   GL_OES_EGL_sync
01-14 22:20:59.858 24925 24943 D UE4     : [2019.01.15-03.20.59:858][  0]LogRHI:   GL_OES_texture_npot
01-14 22:20:59.858 24925 24943 D UE4     : [2019.01.15-03.20.59:858][  0]LogRHI:   GL_OES_vertex_half_float
01-14 22:20:59.858 24925 24943 D UE4     : [2019.01.15-03.20.59:858][  0]LogRHI:   GL_OES_required_internalformat
01-14 22:20:59.858 24925 24943 D UE4     : [2019.01.15-03.20.59:858][  0]LogRHI:   GL_OES_vertex_array_object
01-14 22:20:59.858 24925 24943 D UE4     : [2019.01.15-03.20.59:858][  0]LogRHI:   GL_OES_mapbuffer
01-14 22:20:59.858 24925 24943 D UE4     : [2019.01.15-03.20.59:858][  0]LogRHI:   GL_EXT_texture_format_BGRA8888
01-14 22:20:59.858 24925 24943 D UE4     : [2019.01.15-03.20.59:858][  0]LogRHI:   GL_EXT_texture_rg
01-14 22:20:59.858 24925 24943 D UE4     : [2019.01.15-03.20.59:858][  0]LogRHI:   GL_EXT_texture_type_2_10_10_10_REV
01-14 22:20:59.858 24925 24943 D UE4     : [2019.01.15-03.20.59:858][  0]LogRHI:   GL_OES_fbo_render_mipmap
01-14 22:20:59.858 24925 24943 D UE4     : [2019.01.15-03.20.59:858][  0]LogRHI:   GL_OES_element_index_uint
01-14 22:20:59.858 24925 24943 D UE4     : [2019.01.15-03.20.59:858][  0]LogRHI:   GL_EXT_shadow_samplers
01-14 22:20:59.858 24925 24943 D UE4     : [2019.01.15-03.20.59:858][  0]LogRHI:   GL_OES_texture_compression_astc
01-14 22:20:59.858 24925 24943 D UE4     : [2019.01.15-03.20.59:858][  0]LogRHI:   GL_KHR_texture_compression_astc_ldr
01-14 22:20:59.858 24925 24943 D UE4     : [2019.01.15-03.20.59:858][  0]LogRHI:   GL_KHR_texture_compression_astc_hdr
01-14 22:20:59.858 24925 24943 D UE4     : [2019.01.15-03.20.59:858][  0]LogRHI:   GL_KHR_texture_compression_astc_sliced_3d
01-14 22:20:59.858 24925 24943 D UE4     : [2019.01.15-03.20.59:858][  0]LogRHI:   GL_KHR_debug
01-14 22:20:59.858 24925 24943 D UE4     : [2019.01.15-03.20.59:858][  0]LogRHI:   GL_EXT_occlusion_query_boolean
01-14 22:20:59.858 24925 24943 D UE4     : [2019.01.15-03.20.59:858][  0]LogRHI:   GL_EXT_disjoint_timer_query
01-14 22:20:59.859 24925 24943 D UE4     : [2019.01.15-03.20.59:858][  0]LogRHI:   GL_EXT_blend_minmax
01-14 22:20:59.859 24925 24943 D UE4     : [2019.01.15-03.20.59:859][  0]LogRHI:   GL_EXT_discard_framebuffer
01-14 22:20:59.859 24925 24943 D UE4     : [2019.01.15-03.20.59:859][  0]LogRHI:   GL_OES_get_program_binary
01-14 22:20:59.859 24925 24943 D UE4     : [2019.01.15-03.20.59:859][  0]LogRHI:   GL_OES_texture_3D
01-14 22:20:59.859 24925 24943 D UE4     : [2019.01.15-03.20.59:859][  0]LogRHI:   GL_EXT_texture_storage
01-14 22:20:59.859 24925 24943 D UE4     : [2019.01.15-03.20.59:859][  0]LogRHI:   GL_EXT_multisampled_render_to_texture
01-14 22:20:59.859 24925 24943 D UE4     : [2019.01.15-03.20.59:859][  0]LogRHI:   GL_OES_surfaceless_context
01-14 22:20:59.859 24925 24943 D UE4     : [2019.01.15-03.20.59:859][  0]LogRHI:   GL_OES_texture_stencil8
01-14 22:20:59.859 24925 24943 D UE4     : [2019.01.15-03.20.59:859][  0]LogRHI:   GL_EXT_shader_pixel_local_storage
01-14 22:20:59.859 24925 24943 D UE4     : [2019.01.15-03.20.59:859][  0]LogRHI:   GL_ARM_shader_framebuffer_fetch
01-14 22:20:59.859 24925 24943 D UE4     : [2019.01.15-03.20.59:859][  0]LogRHI:   GL_ARM_shader_framebuffer_fetch_depth_stencil
01-14 22:20:59.859 24925 24943 D UE4     : [2019.01.15-03.20.59:859][  0]LogRHI:   GL_ARM_mali_program_binary
01-14 22:20:59.859 24925 24943 D UE4     : [2019.01.15-03.20.59:859][  0]LogRHI:   GL_EXT_sRGB
01-14 22:20:59.859 24925 24943 D UE4     : [2019.01.15-03.20.59:859][  0]LogRHI:   GL_EXT_sRGB_write_control
01-14 22:20:59.859 24925 24943 D UE4     : [2019.01.15-03.20.59:859][  0]LogRHI:   GL_EXT_texture_sRGB_decode
01-14 22:20:59.859 24925 24943 D UE4     : [2019.01.15-03.20.59:859][  0]LogRHI:   GL_EXT_texture_sRGB_R8
01-14 22:20:59.859 24925 24943 D UE4     : [2019.01.15-03.20.59:859][  0]LogRHI:   GL_EXT_texture_sRGB_RG8
01-14 22:20:59.859 24925 24943 D UE4     : [2019.01.15-03.20.59:859][  0]LogRHI:   GL_KHR_blend_equation_advanced
01-14 22:20:59.859 24925 24943 D UE4     : [2019.01.15-03.20.59:859][  0]LogRHI:   GL_KHR_blend_equation_advanced_coherent
01-14 22:20:59.859 24925 24943 D UE4     : [2019.01.15-03.20.59:859][  0]LogRHI:   GL_OES_texture_storage_multisample_2d_array
01-14 22:20:59.859 24925 24943 D UE4     : [2019.01.15-03.20.59:859][  0]LogRHI:   GL_OES_shader_image_atomic
01-14 22:20:59.860 24925 24943 D UE4     : [2019.01.15-03.20.59:859][  0]LogRHI:   GL_EXT_robustness
01-14 22:20:59.860 24925 24943 D UE4     : [2019.01.15-03.20.59:860][  0]LogRHI:   GL_EXT_draw_buffers_indexed
01-14 22:20:59.860 24925 24943 D UE4     : [2019.01.15-03.20.59:860][  0]LogRHI:   GL_OES_draw_buffers_indexed
01-14 22:20:59.860 24925 24943 D UE4     : [2019.01.15-03.20.59:860][  0]LogRHI:   GL_EXT_texture_border_clamp
01-14 22:20:59.860 24925 24943 D UE4     : [2019.01.15-03.20.59:860][  0]LogRHI:   GL_OES_texture_border_clamp
01-14 22:20:59.860 24925 24943 D UE4     : [2019.01.15-03.20.59:860][  0]LogRHI:   GL_EXT_texture_cube_map_array
01-14 22:20:59.860 24925 24943 D UE4     : [2019.01.15-03.20.59:860][  0]LogRHI:   GL_OES_texture_cube_map_array
01-14 22:20:59.860 24925 24943 D UE4     : [2019.01.15-03.20.59:860][  0]LogRHI:   GL_OES_sample_variables
01-14 22:20:59.860 24925 24943 D UE4     : [2019.01.15-03.20.59:860][  0]LogRHI:   GL_OES_sample_shading
01-14 22:20:59.860 24925 24943 D UE4     : [2019.01.15-03.20.59:860][  0]LogRHI:   GL_OES_shader_multisample_interpolation
01-14 22:20:59.860 24925 24943 D UE4     : [2019.01.15-03.20.59:860][  0]LogRHI:   GL_EXT_shader_io_blocks
01-14 22:20:59.860 24925 24943 D UE4     : [2019.01.15-03.20.59:860][  0]LogRHI:   GL_OES_shader_io_blocks
01-14 22:20:59.860 24925 24943 D UE4     : [2019.01.15-03.20.59:860][  0]LogRHI:   GL_EXT_tessellation_shader
01-14 22:20:59.860 24925 24943 D UE4     : [2019.01.15-03.20.59:860][  0]LogRHI:   GL_OES_tessellation_shader
01-14 22:20:59.860 24925 24943 D UE4     : [2019.01.15-03.20.59:860][  0]LogRHI:   GL_EXT_primitive_bounding_box
01-14 22:20:59.860 24925 24943 D UE4     : [2019.01.15-03.20.59:860][  0]LogRHI:   GL_OES_primitive_bounding_box
01-14 22:20:59.860 24925 24943 D UE4     : [2019.01.15-03.20.59:860][  0]LogRHI:   GL_EXT_geometry_shader
01-14 22:20:59.860 24925 24943 D UE4     : [2019.01.15-03.20.59:860][  0]LogRHI:   GL_OES_geometry_shader
01-14 22:20:59.860 24925 24943 D UE4     : [2019.01.15-03.20.59:860][  0]LogRHI:   GL_ANDROID_extension_pack_es31a
01-14 22:20:59.860 24925 24943 D UE4     : [2019.01.15-03.20.59:860][  0]LogRHI:   GL_EXT_gpu_shader5
01-14 22:20:59.860 24925 24943 D UE4     : [2019.01.15-03.20.59:860][  0]LogRHI:   GL_OES_gpu_shader5
01-14 22:20:59.861 24925 24943 D UE4     : [2019.01.15-03.20.59:861][  0]LogRHI:   GL_EXT_texture_buffer
01-14 22:20:59.861 24925 24943 D UE4     : [2019.01.15-03.20.59:861][  0]LogRHI:   GL_OES_texture_buffer
01-14 22:20:59.861 24925 24943 D UE4     : [2019.01.15-03.20.59:861][  0]LogRHI:   GL_EXT_copy_image
01-14 22:20:59.861 24925 24943 D UE4     : [2019.01.15-03.20.59:861][  0]LogRHI:   GL_OES_copy_image
01-14 22:20:59.861 24925 24943 D UE4     : [2019.01.15-03.20.59:861][  0]LogRHI:   GL_EXT_color_buffer_half_float
01-14 22:20:59.861 24925 24943 D UE4     : [2019.01.15-03.20.59:861][  0]LogRHI:   GL_EXT_color_buffer_float
01-14 22:20:59.861 24925 24943 D UE4     : [2019.01.15-03.20.59:861][  0]LogRHI:   GL_EXT_YUV_target
01-14 22:20:59.861 24925 24943 D UE4     : [2019.01.15-03.20.59:861][  0]LogRHI:   GL_OVR_multiview
01-14 22:20:59.861 24925 24943 D UE4     : [2019.01.15-03.20.59:861][  0]LogRHI:   GL_OVR_multiview2
01-14 22:20:59.861 24925 24943 D UE4     : [2019.01.15-03.20.59:861][  0]LogRHI:   GL_OVR_multiview_multisampled_render_to_texture
01-14 22:20:59.861 24925 24943 D UE4     : [2019.01.15-03.20.59:861][  0]LogRHI:   GL_KHR_robustness
01-14 22:20:59.861 24925 24943 D UE4     : [2019.01.15-03.20.59:861][  0]LogRHI:   GL_KHR_robust_buffer_access_behavior
01-14 22:20:59.861 24925 24943 D UE4     : [2019.01.15-03.20.59:861][  0]LogRHI:   GL_EXT_draw_elements_base_vertex
01-14 22:20:59.861 24925 24943 D UE4     : [2019.01.15-03.20.59:861][  0]LogRHI:   GL_OES_draw_elements_base_vertex
01-14 22:20:59.861 24925 24943 D UE4     : [2019.01.15-03.20.59:861][  0]LogRHI:   GL_EXT_protected_textures
01-14 22:20:59.861 24925 24943 D UE4     : [2019.01.15-03.20.59:861][  0]LogRHI:   GL_MAX_VERTEX_ATTRIBS: 16
01-14 22:20:59.861 24925 24943 D UE4     : [2019.01.15-03.20.59:861][  0]LogRHI:   GL_MAX_VARYING_VECTORS: 15
01-14 22:20:59.861 24925 24943 D UE4     : [2019.01.15-03.20.59:861][  0]LogRHI:   GL_MAX_VERTEX_UNIFORM_VECTORS: 1024
01-14 22:20:59.861 24925 24943 D UE4     : [2019.01.15-03.20.59:861][  0]LogRHI:   GL_MAX_FRAGMENT_UNIFORM_VECTORS: 1024
01-14 22:20:59.863 24925 24943 D UE4     : [2019.01.15-03.20.59:863][  0]LogRHI: Fragment shader lowp precision: 10
01-14 22:20:59.863 24925 24943 D UE4     : [2019.01.15-03.20.59:863][  0]LogRHI: Fragment shader mediump precision: 10
01-14 22:20:59.863 24925 24943 D UE4     : [2019.01.15-03.20.59:863][  0]LogRHI: Fragment shader highp precision: 23
01-14 22:20:59.863 24925 24943 D UE4     : [2019.01.15-03.20.59:863][  0]LogRHI: Support for 8x MSAA detected
01-14 22:20:59.863 24925 24943 D UE4     : [2019.01.15-03.20.59:863][  0]LogRHI: Image external enabled: ImageExternalESSL300
01-14 22:20:59.864 24925 24943 D UE4     : [2019.01.15-03.20.59:864][  0]LogRHI: Device supports mobile multi-view.
01-14 22:20:59.865 24925 24943 D UE4     : [2019.01.15-03.20.59:865][  0]LogRHI:   GL_MAX_TEXTURE_SIZE: 8192
01-14 22:20:59.865 24925 24943 D UE4     : [2019.01.15-03.20.59:865][  0]LogRHI:   GL_MAX_CUBE_MAP_TEXTURE_SIZE: 4096
01-14 22:20:59.865 24925 24943 D UE4     : [2019.01.15-03.20.59:865][  0]LogRHI:   GL_MAX_ARRAY_TEXTURE_LAYERS: 256
01-14 22:20:59.865 24925 24943 D UE4     : [2019.01.15-03.20.59:865][  0]LogRHI:   GL_MAX_RENDERBUFFER_SIZE: 8192
01-14 22:20:59.865 24925 24943 D UE4     : [2019.01.15-03.20.59:865][  0]LogRHI:   GL_MAX_TEXTURE_IMAGE_UNITS: 16
01-14 22:20:59.865 24925 24943 D UE4     : [2019.01.15-03.20.59:865][  0]LogRHI:   GL_MAX_DRAW_BUFFERS: 4
01-14 22:20:59.865 24925 24943 D UE4     : [2019.01.15-03.20.59:865][  0]LogRHI:   GL_MAX_COLOR_ATTACHMENTS: 1
01-14 22:20:59.865 24925 24943 D UE4     : [2019.01.15-03.20.59:865][  0]LogRHI:   GL_MAX_SAMPLES: 1
01-14 22:20:59.865 24925 24943 D UE4     : [2019.01.15-03.20.59:865][  0]LogRHI:   GL_MAX_COLOR_TEXTURE_SAMPLES: 1
01-14 22:20:59.865 24925 24943 D UE4     : [2019.01.15-03.20.59:865][  0]LogRHI:   GL_MAX_DEPTH_TEXTURE_SAMPLES: 1
01-14 22:20:59.865 24925 24943 D UE4     : [2019.01.15-03.20.59:865][  0]LogRHI:   GL_MAX_INTEGER_SAMPLES: 1
01-14 22:20:59.865 24925 24943 D UE4     : [2019.01.15-03.20.59:865][  0]LogRHI:   GL_MAX_COMBINED_TEXTURE_IMAGE_UNITS: 96
01-14 22:20:59.866 24925 24943 D UE4     : [2019.01.15-03.20.59:865][  0]LogRHI:   GL_MAX_VERTEX_ATTRIBS: 16
01-14 22:20:59.866 24925 24943 D UE4     : [2019.01.15-03.20.59:866][  0]LogRHI: OpenGL MajorVersion = 2, MinorVersion = 0, ShaderPlatform = GLSL_ES2, FeatureLevel = ES2
01-14 22:20:59.866 24925 24943 D UE4     : [2019.01.15-03.20.59:866][  0]LogRHI: PLATFORM_ANDROID
01-14 22:20:59.866 24925 24943 D UE4     : [2019.01.15-03.20.59:866][  0]LogRHI: Enabling program binary cache as /storage/emulated/0/Android/data/com.GeekTechnique.InfinityStack/files/ProgramBinaryCache/GLSL_ES2_60D556DEDF0DE1EBDD6379802F1CD396F0CC8D40
01-14 22:20:59.866 24925 24943 D UE4     : [2019.01.15-03.20.59:866][  0]LogRHI: FOpenGLProgramBinaryCache will be initialized when ShaderPipelineCache opens its file
01-14 22:20:59.875 24925 24943 D UE4     : [2019.01.15-03.20.59:874][  0]LogRHI: Texture pool is 1000 MB (of 0 MB total graphics mem)
01-14 22:20:59.875 24925 24943 D UE4     : [2019.01.15-03.20.59:875][  0]LogRHI: Display: Testing for shader compiler compatibility
01-14 22:20:59.882 24925 24943 D UE4     : [2019.01.15-03.20.59:881][  0]LogRHI: Display: Shaders compile fine no need to enable hacks
01-14 22:20:59.882 24925 24943 D UE4     : [2019.01.15-03.20.59:882][  0]LogRHI: Display: Testing for round() function availability
01-14 22:20:59.883 24925 24943 D UE4     : [2019.01.15-03.20.59:883][  0]LogRHI: Warning: Disabling the need for the round() function hack
01-14 22:20:59.883 24925 24943 D UE4     : [2019.01.15-03.20.59:883][  0]LogShaderLibrary: Display: Failed to load Shared Shader Library: Global and no native library supported.
01-14 22:20:59.883 24925 24943 D UE4     : [2019.01.15-03.20.59:883][  0]LogShaderLibrary: Display: Failed to load Shared Shader Library: Global_SC and no native library supported.
01-14 22:20:59.884 24925 24943 D UE4     : [2019.01.15-03.20.59:884][  0]LogShaderLibrary: Display: Failed to load Shared Shader Library: Paper2D and no native library supported.
01-14 22:20:59.884  3757  7205 D AudioService: getStreamVolume 3 index 130
01-14 22:20:59.884 24925 24943 D UE4     : [2019.01.15-03.20.59:884][  0]LogShaderLibrary: Display: Failed to load Shared Shader Library: Paper2D_SC and no native library supported.
01-14 22:20:59.884 24925 24943 D UE4     : [2019.01.15-03.20.59:884][  0]LogShaderLibrary: Display: Failed to load Shared Shader Library: Paper2D and no native library supported.
01-14 22:20:59.884 24925 24943 D UE4     : [2019.01.15-03.20.59:884][  0]LogShaderLibrary: Display: Failed to load Shared Shader Library: Paper2D_SC and no native library supported.
01-14 22:20:59.884 24925 24943 D UE4     : [2019.01.15-03.20.59:884][  0]LogShaderLibrary: Display: Failed to load Shared Shader Library: CryptoKeys and no native library supported.
01-14 22:20:59.885 24925 24943 D UE4     : [2019.01.15-03.20.59:885][  0]LogShaderLibrary: Display: Failed to load Shared Shader Library: CryptoKeys_SC and no native library supported.
01-14 22:20:59.885 24925 24943 D UE4     : [2019.01.15-03.20.59:885][  0]LogShaderLibrary: Display: Failed to load Shared Shader Library: CryptoKeys and no native library supported.
01-14 22:20:59.885 24925 24943 D UE4     : [2019.01.15-03.20.59:885][  0]LogShaderLibrary: Display: Failed to load Shared Shader Library: CryptoKeys_SC and no native library supported.
01-14 22:20:59.885 24925 24943 D UE4     : [2019.01.15-03.20.59:885][  0]LogShaderLibrary: Display: Failed to load Shared Shader Library: MeshEditor and no native library supported.
01-14 22:20:59.885 24925 24943 D UE4     : [2019.01.15-03.20.59:885][  0]LogShaderLibrary: Display: Failed to load Shared Shader Library: MeshEditor_SC and no native library supported.
01-14 22:20:59.885 24925 24943 D UE4     : [2019.01.15-03.20.59:885][  0]LogShaderLibrary: Display: Failed to load Shared Shader Library: MeshEditor and no native library supported.
01-14 22:20:59.886 24925 24943 D UE4     : [2019.01.15-03.20.59:886][  0]LogShaderLibrary: Display: Failed to load Shared Shader Library: MeshEditor_SC and no native library supported.
01-14 22:20:59.886 24925 24943 D UE4     : [2019.01.15-03.20.59:886][  0]LogShaderLibrary: Display: Failed to load Shared Shader Library: DatasmithContent and no native library supported.
01-14 22:20:59.886 24925 24943 D UE4     : [2019.01.15-03.20.59:886][  0]LogShaderLibrary: Display: Failed to load Shared Shader Library: DatasmithContent_SC and no native library supported.
01-14 22:20:59.886 24925 24943 D UE4     : [2019.01.15-03.20.59:886][  0]LogShaderLibrary: Display: Failed to load Shared Shader Library: DatasmithContent and no native library supported.
01-14 22:20:59.886 24925 24943 D UE4     : [2019.01.15-03.20.59:886][  0]LogShaderLibrary: Display: Failed to load Shared Shader Library: DatasmithContent_SC and no native library supported.
01-14 22:20:59.886 24925 24943 D UE4     : [2019.01.15-03.20.59:886][  0]LogShaderLibrary: Display: Failed to load Shared Shader Library: VariantManagerContent and no native library supported.
01-14 22:20:59.887 24925 24943 D UE4     : [2019.01.15-03.20.59:887][  0]LogShaderLibrary: Display: Failed to load Shared Shader Library: VariantManagerContent_SC and no native library supported.
01-14 22:20:59.887 24925 24943 D UE4     : [2019.01.15-03.20.59:887][  0]LogShaderLibrary: Display: Failed to load Shared Shader Library: VariantManagerContent and no native library supported.
01-14 22:20:59.887 24925 24943 D UE4     : [2019.01.15-03.20.59:887][  0]LogShaderLibrary: Display: Failed to load Shared Shader Library: VariantManagerContent_SC and no native library supported.
01-14 22:20:59.887 24925 24943 D UE4     : [2019.01.15-03.20.59:887][  0]LogShaderLibrary: Display: Failed to load Shared Shader Library: MediaCompositing and no native library supported.
01-14 22:20:59.887 24925 24943 D UE4     : [2019.01.15-03.20.59:887][  0]LogShaderLibrary: Display: Failed to load Shared Shader Library: MediaCompositing_SC and no native library supported.
01-14 22:20:59.887 24925 24943 D UE4     : [2019.01.15-03.20.59:887][  0]LogShaderLibrary: Display: Failed to load Shared Shader Library: MediaCompositing and no native library supported.
01-14 22:20:59.888 24925 24943 D UE4     : [2019.01.15-03.20.59:888][  0]LogShaderLibrary: Display: Failed to load Shared Shader Library: MediaCompositing_SC and no native library supported.
01-14 22:20:59.888 24925 24943 D UE4     : [2019.01.15-03.20.59:888][  0]LogShaderLibrary: Display: Failed to load Shared Shader Library: OculusVR and no native library supported.
01-14 22:20:59.888 24925 24943 D UE4     : [2019.01.15-03.20.59:888][  0]LogShaderLibrary: Display: Failed to load Shared Shader Library: OculusVR_SC and no native library supported.
01-14 22:20:59.888 24925 24943 D UE4     : [2019.01.15-03.20.59:888][  0]LogShaderLibrary: Display: Failed to load Shared Shader Library: OculusVR and no native library supported.
01-14 22:20:59.888 24925 24943 D UE4     : [2019.01.15-03.20.59:888][  0]LogShaderLibrary: Display: Failed to load Shared Shader Library: OculusVR_SC and no native library supported.
01-14 22:20:59.888 24925 24943 D UE4     : [2019.01.15-03.20.59:888][  0]LogShaderLibrary: Display: Failed to load Shared Shader Library: SteamVR and no native library supported.
01-14 22:20:59.889 24925 24943 D UE4     : [2019.01.15-03.20.59:889][  0]LogShaderLibrary: Display: Failed to load Shared Shader Library: SteamVR_SC and no native library supported.
01-14 22:20:59.889 24925 24943 D UE4     : [2019.01.15-03.20.59:889][  0]LogShaderLibrary: Display: Failed to load Shared Shader Library: SteamVR and no native library supported.
01-14 22:20:59.889 24925 24943 D UE4     : [2019.01.15-03.20.59:889][  0]LogShaderLibrary: Display: Failed to load Shared Shader Library: SteamVR_SC and no native library supported.
01-14 22:20:59.910 24925 24943 D UE4     : [2019.01.15-03.20.59:910][  0]LogMaterial: Verifying Global Shaders for GLSL_ES2
01-14 22:20:59.916  3757  3770 D AudioService: getStreamVolume 3 index 130
01-14 22:20:59.944 24925 24943 D UE4     : [2019.01.15-03.20.59:944][  0]LogSlate: Using FreeType 2.4.12
01-14 22:20:59.946 24925 24943 D UE4     : [2019.01.15-03.20.59:946][  0]LogSlate: SlateFontServices - WITH_FREETYPE: 1, WITH_HARFBUZZ: 1
01-14 22:20:59.999  3757  4354 D SamsungAlarmManager: Expired : 8
01-14 22:21:00.000  3757  4354 I SamsungAlarmManager: setLocked to kernel - T:3 / 20190114T222124, SetElapsed=723143765, nowELAPSED=723118778
01-14 22:21:00.087  3757  5901 D AudioService: getStreamVolume 3 index 130
01-14 22:21:00.112 24925 24925 D ViewRootImpl@c9e8dee[GameActivity]: mHardwareRenderer.destroy()#4
01-14 22:21:00.113 24925 24925 D ViewRootImpl@c9e8dee[GameActivity]: dispatchDetachedFromWindow
01-14 22:21:00.114  3757 29839 D WindowManager: disposeInputChannel mInputChannel: 9cd4540 com.GeekTechnique.InfinityStack/com.epicgames.ue4.GameActivity (server)
01-14 22:21:00.117  3757 29839 I WindowManager_SurfaceController: Destroying surface Surface(name=com.GeekTechnique.InfinityStack/com.epicgames.ue4.GameActivity) called by com.android.server.wm.WindowStateAnimator.destroySurface:2907 com.android.server.wm.WindowStateAnimator.destroySurfaceLocked:1120 com.android.server.wm.WindowState.removeLocked:1864 com.android.server.wm.WindowManagerService.removeWindowInnerLocked:2934 com.android.server.wm.WindowManagerService.removeWindowLocked:2879 com.android.server.wm.WindowManagerService.removeWindowLocked:2689 com.android.server.wm.WindowManagerService.removeWindow:2684 com.android.server.wm.Session.remove:218 
01-14 22:21:00.117  3215  3266 I SurfaceFlinger: id=11569 Removed HameActivit (6/10)
01-14 22:21:00.121  3215 15153 I SurfaceFlinger: id=11569 Removed HameActivit (-2/10)
01-14 22:21:00.123  3757  4482 D AudioService: getStreamVolume 3 index 130
01-14 22:21:00.134  3757 29839 D InputTransport: Input channel destroyed: fd=544
01-14 22:21:00.134 24925 24943 D UE4     : [2019.01.15-03.21.00:134][  0]LogShaderLibrary: Display: Failed to load Shared Shader Library: StackerGame and no native library supported.
01-14 22:21:00.134 24925 24943 D UE4     : [2019.01.15-03.21.00:134][  0]LogShaderLibrary: Display: Failed to load Shared Shader Library: StackerGame_SC and no native library supported.
01-14 22:21:00.134 24925 24943 D UE4     : [2019.01.15-03.21.00:134][  0]LogRHI: Display: Opened pipeline cache after state change and enqueued -1092965696 of 0 tasks for precompile.
01-14 22:21:00.134 24925 24943 D UE4     : [2019.01.15-03.21.00:134][  0]LogShaderLibrary: Display: Failed to load Shared Shader Library: StackerGame and no native library supported.
01-14 22:21:00.135 24925 24943 D UE4     : [2019.01.15-03.21.00:135][  0]LogShaderLibrary: Display: Failed to load Shared Shader Library: StackerGame_SC and no native library supported.
01-14 22:21:00.135 24925 24943 D UE4     : [2019.01.15-03.21.00:135][  0]LogRHI: Display: Opened pipeline cache after state change and enqueued -1092964928 of 0 tasks for precompile.
01-14 22:21:00.135 24925 24943 D UE4     : [2019.01.15-03.21.00:135][  0]LogRHI: Display: Failed to open default shader pipeline cache for StackerGame using shader platform 8.
01-14 22:21:00.135 24925 24943 D UE4     : [2019.01.15-03.21.00:135][  0]LogInit: Using OS detected language (en-US).
01-14 22:21:00.135 24925 24943 D UE4     : [2019.01.15-03.21.00:135][  0]LogInit: Using OS detected locale (en-US).
01-14 22:21:00.135 24925 24943 D UE4     : [2019.01.15-03.21.00:135][  0]LogTextLocalizationManager: No localization for 'en-US' exists, so 'en' will be used for the language.
01-14 22:21:00.136 24925 24943 D UE4     : [2019.01.15-03.21.00:135][  0]LogTextLocalizationManager: No localization for 'en-US' exists, so 'en' will be used for the locale.
01-14 22:21:00.136 24925 24925 D InputTransport: Input channel destroyed: fd=67
01-14 22:21:00.136 24925 24943 D UE4     : [2019.01.15-03.21.00:136][  0]LogSlate: FontCache flush requested. Reason: Culture for localization was changed
01-14 22:21:00.136 24925 24943 D UE4     : [2019.01.15-03.21.00:136][  0]LogSlate: FontCache flush requested. Reason: Culture for localization was changed
01-14 22:21:00.232 24925 24943 D UE4     : [2019.01.15-03.21.00:231][  0]LogStreaming: Display: Took  0.097s to InitGameTextLocalization.
01-14 22:21:00.283 23605 25008 I SpayFw_SensingController: created
01-14 22:21:00.291  3757 31270 D AudioService: getStreamVolume 3 index 130
01-14 22:21:00.315 24925 24943 D UE4     : [2019.01.15-03.21.00:315][  0]LogAssetRegistry: FAssetRegistry took 0.0813 seconds to start up
01-14 22:21:00.323  3757  7203 D SamsungAlarmManager: setInexact Intent (T:1/F:8/AC:false) 20190115T022116 - CU:1000/CP:23605
01-14 22:21:00.325  3757  7201 D AudioService: getStreamVolume 3 index 130
01-14 22:21:00.329 23605 25008 I SpayFw_SensingController: policy off
01-14 22:21:00.493  3757 31269 D AudioService: getStreamVolume 3 index 130
01-14 22:21:00.529  3757 10496 D AudioService: getStreamVolume 3 index 130
01-14 22:21:00.697  3757  5063 D AudioService: getStreamVolume 3 index 130
01-14 22:21:00.731  3757  7204 D AudioService: getStreamVolume 3 index 130
01-14 22:21:00.840  3757  9599 D TelephonyManager: getAllCellInfo : Caller (PID / UID / TID): 3757 / 1000 / 9599
01-14 22:21:00.849 24925 24943 D UE4     : [2019.01.15-03.21.00:849][  0]LogStreaming: Display: Flushing async loaders.
01-14 22:21:00.900  3757 32083 D AudioService: getStreamVolume 3 index 130
01-14 22:21:00.934 24925 24943 D UE4     : [2019.01.15-03.21.00:934][  0]LogPackageLocalizationCache: Processed 10 localized package path(s) for 1 prioritized culture(s) in 0.083875 seconds
01-14 22:21:00.935  3757  7205 D AudioService: getStreamVolume 3 index 130
01-14 22:21:01.013  3757  3793 I art     : Starting a blocking GC Explicit
01-14 22:21:01.035 24925 24943 D UE4     : [2019.01.15-03.21.01:035][  0]LogNetVersion: StackerGame 1.0.0, NetCL: 4541578, EngineNetVer: 5, GameNetVer: 0 (Checksum: 1419414380)
01-14 22:21:01.102  3757  4473 D AudioService: getStreamVolume 3 index 130
01-14 22:21:01.140  3757 32084 D AudioService: getStreamVolume 3 index 130
01-14 22:21:01.305  3757 10512 D AudioService: getStreamVolume 3 index 130
01-14 22:21:01.343  3757 32085 D AudioService: getStreamVolume 3 index 130
01-14 22:21:01.369  3757  3793 I art     : Explicit concurrent mark sweep GC freed 60805(3MB) AllocSpace objects, 26(532KB) LOS objects, 18% free, 70MB/86MB, paused 2.842ms total 356.398ms
01-14 22:21:01.508  3757 29839 D AudioService: getStreamVolume 3 index 130
01-14 22:21:01.547  3757 29838 D AudioService: getStreamVolume 3 index 130
01-14 22:21:01.711  3757  6272 D AudioService: getStreamVolume 3 index 130
01-14 22:21:01.724 24925 24943 I MediaPlayer: Need to enable context aware info
01-14 22:21:01.724 24925 24943 V MediaPlayer-JNI: native_setup
01-14 22:21:01.724 24925 24943 V MediaPlayer: constructor
01-14 22:21:01.730 24925 24943 V MediaPlayer: setListener
01-14 22:21:01.731 24925 24943 D UE4     : [2019.01.15-03.21.01:731][  0]LogMoviePlayer: Initializing movie player
01-14 22:21:01.733 24925 24943 D UE4     : [2019.01.15-03.21.01:732][  0]LogTcpMessaging: Initializing TcpMessaging bridge, listening on 127.0.0.1:6666
01-14 22:21:01.750  3757 10496 D AudioService: getStreamVolume 3 index 130
01-14 22:21:01.770 24925 24943 D UE4     : [2019.01.15-03.21.01:769][  0]LogUdpMessaging: Initializing bridge on interface 0.0.0.0:0 to multicast group 230.0.0.1:6666.
01-14 22:21:01.782 24925 24943 D UE4     : [2019.01.15-03.21.01:782][  0]LogAndroidPermission: UAndroidPermissionCallbackProxy::GetInstance
01-14 22:21:01.783 24925 24943 D UE4     : [2019.01.15-03.21.01:783][  0]LogOcInput: OculusInput pre-init called
01-14 22:21:01.814 24925 24943 D UE4     : [2019.01.15-03.21.01:814][  0]LogUObjectArray: 35064 objects as part of root set at end of initial load.
01-14 22:21:01.814 24925 24943 D UE4     : [2019.01.15-03.21.01:814][  0]LogUObjectArray: 2 objects are not in the root set, but can never be destroyed because they are in the DisregardForGC set.
01-14 22:21:01.814 24925 24943 D UE4     : [2019.01.15-03.21.01:814][  0]LogUObjectAllocator: 3861440 out of 0 bytes used by permanent object pool.
01-14 22:21:01.814 24925 24943 D UE4     : [2019.01.15-03.21.01:814][  0]LogUObjectArray: CloseDisregardForGC: 35064/35064 objects in disregard for GC pool
01-14 22:21:01.829 24925 24943 D UE4     : [2019.01.15-03.21.01:829][  0]LogAndroid: Display: Passed PreInit()
01-14 22:21:01.830 24925 24943 D UE4     : [2019.01.15-03.21.01:830][  0]LogEngine: Initializing Engine...
01-14 22:21:01.841 24925 24943 D UE4     : [2019.01.15-03.21.01:841][  0]LogStats: UGameplayTagsManager::ConstructGameplayTagTree: ImportINI prefixes -  0.000 s
01-14 22:21:01.841 24925 24943 D UE4     : [2019.01.15-03.21.01:841][  0]LogStats: UGameplayTagsManager::ConstructGameplayTagTree: Construct from data asset -  0.000 s
01-14 22:21:01.841 24925 24943 D UE4     : [2019.01.15-03.21.01:841][  0]LogStats: UGameplayTagsManager::ConstructGameplayTagTree: ImportINI -  0.000 s
01-14 22:21:01.842 24925 24943 D UE4     : [2019.01.15-03.21.01:842][  0]LogStats: UGameplayTagsManager::ConstructGameplayTagTree: GameplayTagTreeChangedEvent.Broadcast -  0.000 s
01-14 22:21:01.915  3757  5063 D AudioService: getStreamVolume 3 index 130
01-14 22:21:01.955 24925 24943 D UE4     : [2019.01.15-03.21.01:955][  0]LogInit: Initializing FReadOnlyCVARCache
01-14 22:21:01.955  3757  7204 D AudioService: getStreamVolume 3 index 130
01-14 22:21:01.956 24925 24943 D UE4     : [2019.01.15-03.21.01:956][  0]LogAndroidAudio: Warning: SL Entered Init HW
01-14 22:21:01.956 24925 24943 D UE4     : [2019.01.15-03.21.01:956][  0]LogAndroidAudio: Warning: OpenSLES Initializing HW
01-14 22:21:01.956 24925 24943 D UE4     : [2019.01.15-03.21.01:956][  0]LogAndroidAudio: Warning: OpenSLES Initialized
01-14 22:21:01.956 24925 24943 D UE4     : [2019.01.15-03.21.01:956][  0]LogAndroidAudio: Warning: OpenSLAudioDevice: Allocated 12 sources
01-14 22:21:01.956 24925 24943 D UE4     : [2019.01.15-03.21.01:956][  0]LogInit: FAudioDevice initialized.
01-14 22:21:01.957 24925 24943 D UE4     : [2019.01.15-03.21.01:957][  0]LogAudio: Warning: Can't increase channels past starting number!
01-14 22:21:01.959 24925 24943 D UE4     : [2019.01.15-03.21.01:959][  0]LogNetVersion: Set ProjectVersion to 1.1.0. Version Checksum will be recalculated on next use.
01-14 22:21:01.959 24925 24943 D UE4     : [2019.01.15-03.21.01:959][  0]LogInit: Texture streaming: Enabled
01-14 22:21:01.979 24925 24943 D UE4     : [2019.01.15-03.21.01:979][  0]LogAudio: Warning: Can't increase channels past starting number!
01-14 22:21:01.988 24925 24943 D UE4     : [2019.01.15-03.21.01:988][  0]LogSlate: Updating window title bar state: overlay mode, drag disabled, window buttons hidden, title bar hidden
01-14 22:21:01.989 24925 24943 D UE4     : [2019.01.15-03.21.01:989][  0]LogInit: Display: Game Engine Initialized.
01-14 22:21:01.989 24925 24943 D UE4     : [2019.01.15-03.21.01:989][  0]LogGameplayTags: Display: UGameplayTagsManager::DoneAddingNativeTags. DelegateIsBound: 0
01-14 22:21:01.989 24925 24943 D UE4     : [2019.01.15-03.21.01:989][  0]LogStats: UGameplayTagsManager::ConstructGameplayTagTree: ImportINI prefixes -  0.000 s
01-14 22:21:01.989 24925 24943 D UE4     : [2019.01.15-03.21.01:989][  0]LogStats: UGameplayTagsManager::ConstructGameplayTagTree: Construct from data asset -  0.000 s
01-14 22:21:01.990 24925 24943 D UE4     : [2019.01.15-03.21.01:990][  0]LogStats: UGameplayTagsManager::ConstructGameplayTagTree: ImportINI -  0.000 s
01-14 22:21:01.990 24925 24943 D UE4     : [2019.01.15-03.21.01:990][  0]LogStats: UGameplayTagsManager::ConstructGameplayTagTree: GameplayTagTreeChangedEvent.Broadcast -  0.000 s
01-14 22:21:02.134  5689  5689 D io_stats: !@   8,0 r 3331352 98939596 w 2707298 61181484 d 430922 31699472 f 697928 697764 iot 4416410 2538522 th 61440 61440 43892 pt 10480 inp 0 0 245439.342
01-14 22:21:02.168  3757  7205 D AudioService: getStreamVolume 3 index 130
01-14 22:21:02.177  3757  3770 D AudioService: getStreamVolume 3 index 130
01-14 22:21:02.240 24925 24943 D UE4     : [2019.01.15-03.21.02:240][  0]LogInit: Display: Starting Game.
01-14 22:21:02.240 24925 24943 D UE4     : [2019.01.15-03.21.02:240][  0]LogNet: Browse: /Game/Maps/StackMap?Name=Player
01-14 22:21:02.242 24925 24943 D UE4     : [2019.01.15-03.21.02:242][  0]LogLoad: LoadMap: /Game/Maps/StackMap?Name=Player
01-14 22:21:02.372  3757  5062 D AudioService: getStreamVolume 3 index 130
01-14 22:21:02.383  3757  5901 D AudioService: getStreamVolume 3 index 130
01-14 22:21:02.575  3757  7202 D AudioService: getStreamVolume 3 index 130
01-14 22:21:02.586  3757  4482 D AudioService: getStreamVolume 3 index 130
01-14 22:21:02.610 24925 24943 D UE4     : [2019.01.15-03.21.02:610][  0]LogAIModule: Creating AISystem for world StackMap
01-14 22:21:02.611 24925 24943 D UE4     : [2019.01.15-03.21.02:611][  0]LogLoad: Game class is 'GameModeBase'
01-14 22:21:02.618 24925 24943 D UE4     : [2019.01.15-03.21.02:618][  0]LogWorld: Bringing World /Game/Maps/StackMap.StackMap up for play (max tick rate 0) at 2019.01.14-22.21.02
01-14 22:21:02.620 24925 24943 D UE4     : [2019.01.15-03.21.02:620][  0]LogWorld: Bringing up level for play took: 0.005156
01-14 22:21:02.621 24925 24943 D UE4     : [2019.01.15-03.21.02:621][  0]LogOnlineIdentity: Display: OSS: FOnlineIdentityGooglePlay::GetPlayerNickname
01-14 22:21:02.623 24925 24943 D UE4     : [2019.01.15-03.21.02:623][  0]LogGameMode: FindPlayerStart: PATHS NOT DEFINED or NO PLAYERSTART with positive rating
01-14 22:21:02.667 24925 24943 D UE4     : [2019.01.15-03.21.02:667][  0]LogUMG: Display: Widget Class GameStartMenu_C - Loaded Fast Template.
