01-08 10:41:18.119  3757  5062 D AudioService: getStreamVolume 3 index 70
01-08 10:41:18.126  3757 29841 D AudioService: getStreamVolume 3 index 70
01-08 10:41:18.136  3757  6272 D AudioService: getStreamVolume 3 index 70
01-08 10:41:18.141  3757  5902 D AudioService: getStreamVolume 3 index 70
01-08 10:41:18.310  3757 10496 D AudioService: getStreamVolume 3 index 70
01-08 10:41:18.321  3757  7205 D AudioService: getStreamVolume 3 index 70
01-08 10:41:18.328  3757  3771 D AudioService: getStreamVolume 3 index 70
01-08 10:41:18.338  3757  7206 D AudioService: getStreamVolume 3 index 70
01-08 10:41:18.343  3757  7204 D AudioService: getStreamVolume 3 index 70
01-08 10:41:18.512  3757  4469 D AudioService: getStreamVolume 3 index 70
01-08 10:41:18.525  3757  4482 D AudioService: getStreamVolume 3 index 70
01-08 10:41:18.532  3757 29839 D AudioService: getStreamVolume 3 index 70
01-08 10:41:18.540  3757 29842 D AudioService: getStreamVolume 3 index 70
01-08 10:41:18.546  3757 10512 D AudioService: getStreamVolume 3 index 70
01-08 10:41:18.617  2145  2282 D UE4     : [2019.01.08-15.41.18:617][  0]LogRHI: JNI Display getPresentationDeadlineNanos=17949152 getAppVsyncOffsetNanos=0 getRefreshRate=59.000000
01-08 10:41:18.617  2145  2282 D UE4     : [2019.01.08-15.41.18:617][  0]LogRHI: Final display timing metrics: DriverRefreshRate=59.0000  DriverRefreshNanos=16949153  DriverDeadlineNanos=16949152  DriverAppVsyncOffsetNanos=0
01-08 10:41:18.618  2145  2282 D UE4     : [2019.01.08-15.41.18:617][  0]LogRHI: AndroidEGL:SwapBuffers Min=0, Max=1, Request=1, ClosestDriver=1, SetDriver=1
01-08 10:41:18.624  2145  2162 D UE4     : [2019.01.08-15.41.18:624][  0]LogSlate: Slate font cache was flushed
01-08 10:41:18.659  2145  2162 D UE4     : [2019.01.08-15.41.18:659][  1]LogSlate: Took 0.000760 seconds to synchronously load lazily loaded font '../../../Engine/Content/EngineFonts/Faces/DroidSansMono.ufont' (77K)
01-08 10:41:18.715  3757  7206 D AudioService: getStreamVolume 3 index 70
01-08 10:41:18.726  3757  7204 D AudioService: getStreamVolume 3 index 70
01-08 10:41:18.735  3757 32083 D AudioService: getStreamVolume 3 index 70
01-08 10:41:18.743  3757  3770 D AudioService: getStreamVolume 3 index 70
01-08 10:41:18.750  3757 29840 D AudioService: getStreamVolume 3 index 70
01-08 10:41:18.917  3757  2859 D AudioService: getStreamVolume 3 index 70
01-08 10:41:18.930  3757 32084 D AudioService: getStreamVolume 3 index 70
01-08 10:41:18.938  3757  4482 D AudioService: getStreamVolume 3 index 70
01-08 10:41:18.945  3757  5902 D AudioService: getStreamVolume 3 index 70
01-08 10:41:18.953  3757 10496 D AudioService: getStreamVolume 3 index 70
01-08 10:41:19.029  3757  4354 D SamsungAlarmManager: Expired : 8
01-08 10:41:19.032  3757  4354 V SamsungAlarmManager: Sending to uid : 10059 action=null alarm=Alarm{2ab4aec type 3 when 162704715 com.asurion.android.verizon.vms}
01-08 10:41:19.047  3757  4354 D CompatibilityInfo: mCompatibilityFlags - 0
01-08 10:41:19.047  3757  4354 D CompatibilityInfo: applicationDensity - 420
01-08 10:41:19.047  3757  4354 D CompatibilityInfo: applicationScale - 1.0
01-08 10:41:19.097  3757  3771 D SamsungAlarmManager: setExact Intent (T:3/F:5/AC:false) 20190108T104124 - CU:10059/CP:6745
01-08 10:41:19.097  3757  3771 I SamsungAlarmManager: setLocked to kernel - T:3 / 20190108T104124, SetElapsed=162709777, nowELAPSED=162704783
01-08 10:41:19.119  3757  7204 D AudioService: getStreamVolume 3 index 70
01-08 10:41:19.133  3757 32083 D AudioService: getStreamVolume 3 index 70
01-08 10:41:19.146  3757  3770 D AudioService: getStreamVolume 3 index 70
01-08 10:41:19.150  3757 29840 D AudioService: getStreamVolume 3 index 70
01-08 10:41:19.159  3757  7202 D AudioService: getStreamVolume 3 index 70
01-08 10:41:19.323  3757  4469 D AudioService: getStreamVolume 3 index 70
01-08 10:41:19.342  3757 29841 D AudioService: getStreamVolume 3 index 70
01-08 10:41:19.352  3757 29842 D AudioService: getStreamVolume 3 index 70
01-08 10:41:19.356  3757 10512 D AudioService: getStreamVolume 3 index 70
01-08 10:41:19.361  3757  4473 D AudioService: getStreamVolume 3 index 70
01-08 10:41:19.528  3757  7203 D AudioService: getStreamVolume 3 index 70
01-08 10:41:19.545  3757  2858 D AudioService: getStreamVolume 3 index 70
01-08 10:41:19.554  3757 32085 D AudioService: getStreamVolume 3 index 70
01-08 10:41:19.558  3757  4440 D AudioService: getStreamVolume 3 index 70
01-08 10:41:19.564  3757 31270 D AudioService: getStreamVolume 3 index 70
01-08 10:41:19.732  3757 29839 D AudioService: getStreamVolume 3 index 70
01-08 10:41:19.751  3757  6272 D AudioService: getStreamVolume 3 index 70
01-08 10:41:19.754  2145  2262 I libOpenSLES: Emulating old channel mask behavior (ignoring positional mask 0x3, using default mask 0x3 based on channel count of 2)
01-08 10:41:19.759  3757  5902 D AudioService: getStreamVolume 3 index 70
01-08 10:41:19.762  3757 10496 D AudioService: getStreamVolume 3 index 70
01-08 10:41:19.767  2145  2262 W AudioTrack: AUDIO_OUTPUT_FLAG_FAST denied by client; transfer 1, track 44100 Hz, output 48000 Hz
01-08 10:41:19.769  3757 31269 D AudioService: getStreamVolume 3 index 70
01-08 10:41:19.770  3237 17217 I AudioFlinger: add dynamic flag, can move to deep thread, session 8945
01-08 10:41:19.774  2145  2262 D AudioTrack: Client defaulted notificationFrames to 590 for frameCount 1772
01-08 10:41:19.778  2145  2262 I AudioTrack: updateAudioTranstionLength FadeIn[0] FadeOut[0] FadeInRing[0]
01-08 10:41:19.778  3237  3486 W AudioPolicyIntefaceImpl: Skipped to add effects on session 8945
01-08 10:41:19.778  3237  3486 I APM_AudioPolicyManager: startOutput() output 21, stream 3, session 8945
01-08 10:41:19.781  3237  3477 D audio_hw_primary: out_set_parameters: enter: kvpairs: routing=2
01-08 10:41:19.781  3237  3477 D AudioFlinger: setCurDevice() 0x2
01-08 10:41:19.782  3237  3477 V audio_hw_primary: start_output_stream+, out->device : 00000002 , out->type = 1
01-08 10:41:19.782  3237  3477 D audio_hw_primary: start_output_stream jack_skip_check false
01-08 10:41:19.783  3237  3477 D audio_hw_primary: start_output_stream (0xe60a0260) out->pcm_device:6 out->config.rate:48000 out->config.format:0 out->period_size:240
01-08 10:41:19.783  3237  3477 D audio_hw_primary: start_output_stream (0xe60a0260) out->config.rate:48000 out->config.format:0 out->period_size:240
01-08 10:41:19.783  3237  3477 I audio_hw_primary: is_voice_wakeup : ret =  0  , wakeup_baby_cry_enabled = 0  ,  wakeup_mic_enabled = 0 
01-08 10:41:19.783  3237  3477 V audio_hw_primary: select_devices output_scenario:0 input_scenario:28 out_snd_device 0x2 in_snd_device:0xb
01-08 10:41:19.783  3237  3477 I audio_route: > audio_route_reset :
01-08 10:41:19.784  3237  3477 I audio_route: > audio_route_apply_path : "recognition-mic"
01-08 10:41:19.789  3237  3477 V audio_hw_primary: select_devices() input_route "recognition-mic" 
01-08 10:41:19.789  3237  3477 I audio_route: > audio_route_apply_path : "media-speaker"
01-08 10:41:19.817 13664 32448 I EventLogSendingHelper: Sending log events.
01-08 10:41:19.871  3237  3477 V audio_hw_primary: select_devices() output_route "media-speaker" 
01-08 10:41:19.872  3237  3477 I audio_route: > audio_route_apply_path : "gain-recognition-mic"
01-08 10:41:19.872  3237  3477 V audio_hw_primary: select_devices() input_gain "gain-recognition-mic" 
01-08 10:41:19.872  3237  3477 I audio_route: > audio_route_apply_path : "gain-media-speaker"
01-08 10:41:19.873  3237  3477 V audio_hw_primary: select_devices() output_gain "gain-media-speaker" 
01-08 10:41:19.873  3237  3477 I audio_route: > audio_route_update_mixer : +
01-08 10:41:19.874  3237  3477 I audio_route: > audio_route_update_mixer : changed(0) -
01-08 10:41:19.874  3237  3477 I audio_hw_primary: select_devices - 
01-08 10:41:19.874  3237  3477 V audio_hw_primary: start_output_stream-
01-08 10:41:19.902  3237  3477 I AudioMixer: create resampler src 44100, 2, dst 48000, 2, q 8
01-08 10:41:19.903  3237  3477 D SoundAliveResampler: [SoundAliveResampler] Init+++
01-08 10:41:19.935  3757  7203 D AudioService: getStreamVolume 3 index 70
01-08 10:41:19.956  3757  2858 D AudioService: getStreamVolume 3 index 70
01-08 10:41:19.965  3757 32085 D AudioService: getStreamVolume 3 index 70
01-08 10:41:19.966  3757  4440 D AudioService: getStreamVolume 3 index 70
01-08 10:41:19.973  3757  7202 D AudioService: getStreamVolume 3 index 70
01-08 10:41:20.137  3757 31270 D AudioService: getStreamVolume 3 index 70
01-08 10:41:20.165  3757  4482 D AudioService: getStreamVolume 3 index 70
01-08 10:41:20.169  3757  4469 D AudioService: getStreamVolume 3 index 70
01-08 10:41:20.172  3757 29841 D AudioService: getStreamVolume 3 index 70
01-08 10:41:20.176  3757 29842 D AudioService: getStreamVolume 3 index 70
01-08 10:41:20.341  3757  3771 D AudioService: getStreamVolume 3 index 70
01-08 10:41:20.369  3757  7206 D AudioService: getStreamVolume 3 index 70
01-08 10:41:20.373  3757  7204 D AudioService: getStreamVolume 3 index 70
01-08 10:41:20.378  3757 32083 D AudioService: getStreamVolume 3 index 70
01-08 10:41:20.379  3757  3770 D AudioService: getStreamVolume 3 index 70
01-08 10:41:20.431  4561  4688 D ScanRecord: parseFromBytes
01-08 10:41:20.432  4561  4688 D ScanRecord: first manudata for manu ID
01-08 10:41:20.433  4561  4688 D ScanRecord: Not a Multi Manu data
01-08 10:41:20.433  4561  4688 D ScanRecord: Not a Multi Manu data
01-08 10:41:20.433  4561  4688 D ScanRecord: Not a Multi Manu data
01-08 10:41:20.433  4561  4688 D ScanRecord: Not a Multi Manu data
01-08 10:41:20.434  4561  4688 D ScanRecord: parseFromBytes
01-08 10:41:20.434  4561  4688 D ScanRecord: first manudata for manu ID
01-08 10:41:20.434  4561  4688 D ScanRecord: Not a Multi Manu data
01-08 10:41:20.436  4561  4688 D ScanRecord: parseFromBytes
01-08 10:41:20.437  4561  4688 D ScanRecord: first manudata for manu ID
01-08 10:41:20.438  4561  4688 D ScanRecord: Not a Multi Manu data
01-08 10:41:20.438  4561  4688 D ScanRecord: Not a Multi Manu data
01-08 10:41:20.438  4561  4688 D ScanRecord: Not a Multi Manu data
01-08 10:41:20.438  4561  4688 D ScanRecord: Not a Multi Manu data
01-08 10:41:20.438  4561  4688 D ScanRecord: parseFromBytes
01-08 10:41:20.439  4561  4688 D ScanRecord: first manudata for manu ID
01-08 10:41:20.439  4561  4688 D ScanRecord: Not a Multi Manu data
01-08 10:41:20.464  2145  2165 D UE4     : Used memory: 225816
01-08 10:41:20.495  4561  4688 D ScanRecord: parseFromBytes
01-08 10:41:20.495  4561  4688 D ScanRecord: first manudata for manu ID
01-08 10:41:20.495  4561  4688 D ScanRecord: Not a Multi Manu data
01-08 10:41:20.495  4561  4688 D ScanRecord: Not a Multi Manu data
01-08 10:41:20.495  4561  4688 D ScanRecord: Not a Multi Manu data
01-08 10:41:20.495  4561  4688 D ScanRecord: Not a Multi Manu data
01-08 10:41:20.495  4561  4688 D ScanRecord: parseFromBytes
01-08 10:41:20.495  4561  4688 D ScanRecord: first manudata for manu ID
01-08 10:41:20.496  4561  4688 D ScanRecord: Not a Multi Manu data
01-08 10:41:20.545  3757 29838 D AudioService: getStreamVolume 3 index 70
01-08 10:41:20.580  3757  4469 D AudioService: getStreamVolume 3 index 70
01-08 10:41:20.583  3757  6272 D AudioService: getStreamVolume 3 index 70
01-08 10:41:20.586  3757  5902 D AudioService: getStreamVolume 3 index 70
01-08 10:41:20.597  3757 10496 D AudioService: getStreamVolume 3 index 70
01-08 10:41:20.753  3757 31269 D AudioService: getStreamVolume 3 index 70
01-08 10:41:20.783  3757  5063 D AudioService: getStreamVolume 3 index 70
01-08 10:41:20.787  3757  7201 D AudioService: getStreamVolume 3 index 70
01-08 10:41:20.791  3757  7203 D AudioService: getStreamVolume 3 index 70
01-08 10:41:20.802  3757  2858 D AudioService: getStreamVolume 3 index 70
01-08 10:41:20.903  3757  4458 D WifiStateMachine: Current network is: "wilkinson2.4" , ID is: 30
01-08 10:41:20.903  3757  4458 I WifiStateMachine: IMS calling, current network is always qualified
01-08 10:41:20.959  3757  7205 D AudioService: getStreamVolume 3 index 70
01-08 10:41:20.985  3757 32084 D AudioService: getStreamVolume 3 index 70
01-08 10:41:20.989  3757 29838 D AudioService: getStreamVolume 3 index 70
01-08 10:41:20.995  3757  5062 D AudioService: getStreamVolume 3 index 70
01-08 10:41:21.005  3757 29839 D AudioService: getStreamVolume 3 index 70
01-08 10:41:21.162  3757 10496 D AudioService: getStreamVolume 3 index 70
01-08 10:41:21.186  3757 31269 D AudioService: getStreamVolume 3 index 70
01-08 10:41:21.194  3757  5901 D AudioService: getStreamVolume 3 index 70
01-08 10:41:21.196  3757  5063 D AudioService: getStreamVolume 3 index 70
01-08 10:41:21.210  3757  7201 D AudioService: getStreamVolume 3 index 70
01-08 10:41:21.366  3757 32083 D AudioService: getStreamVolume 3 index 70
01-08 10:41:21.388  3757  3770 D AudioService: getStreamVolume 3 index 70
01-08 10:41:21.399  3757 29840 D AudioService: getStreamVolume 3 index 70
01-08 10:41:21.405  3757  2859 D AudioService: getStreamVolume 3 index 70
01-08 10:41:21.415  3757  7202 D AudioService: getStreamVolume 3 index 70
01-08 10:41:21.569  3757 29842 D AudioService: getStreamVolume 3 index 70
01-08 10:41:21.591  3757 10512 D AudioService: getStreamVolume 3 index 70
01-08 10:41:21.603  3757  4473 D AudioService: getStreamVolume 3 index 70
01-08 10:41:21.608  3757  7216 D AudioService: getStreamVolume 3 index 70
01-08 10:41:21.620  3757  3771 D AudioService: getStreamVolume 3 index 70
01-08 10:41:21.775  3757 32083 D AudioService: getStreamVolume 3 index 70
01-08 10:41:21.800  3757  3770 D AudioService: getStreamVolume 3 index 70
01-08 10:41:21.806  3757 29840 D AudioService: getStreamVolume 3 index 70
01-08 10:41:21.811  3757  2859 D AudioService: getStreamVolume 3 index 70
01-08 10:41:21.828  3757  7202 D AudioService: getStreamVolume 3 index 70
01-08 10:41:21.977  3757  4469 D AudioService: getStreamVolume 3 index 70
01-08 10:41:22.004  3757 29841 D AudioService: getStreamVolume 3 index 70
01-08 10:41:22.008  3757 29842 D AudioService: getStreamVolume 3 index 70
01-08 10:41:22.015  3757 10512 D AudioService: getStreamVolume 3 index 70
01-08 10:41:22.032  3757  4473 D AudioService: getStreamVolume 3 index 70
01-08 10:41:22.183  3757  3771 D AudioService: getStreamVolume 3 index 70
01-08 10:41:22.208  3757  7201 D AudioService: getStreamVolume 3 index 70
01-08 10:41:22.211  3757 32083 D AudioService: getStreamVolume 3 index 70
01-08 10:41:22.221  3757  3770 D AudioService: getStreamVolume 3 index 70
01-08 10:41:22.235  3757 29840 D AudioService: getStreamVolume 3 index 70
01-08 10:41:22.387  3757 29839 D AudioService: getStreamVolume 3 index 70
01-08 10:41:22.410  3757  6272 D AudioService: getStreamVolume 3 index 70
01-08 10:41:22.413  3757  5902 D AudioService: getStreamVolume 3 index 70
01-08 10:41:22.426  3757 10496 D AudioService: getStreamVolume 3 index 70
01-08 10:41:22.437  3757  5063 D AudioService: getStreamVolume 3 index 70
01-08 10:41:22.591  3757  7203 D AudioService: getStreamVolume 3 index 70
01-08 10:41:22.613  3757  2858 D AudioService: getStreamVolume 3 index 70
01-08 10:41:22.614  3757 32085 D AudioService: getStreamVolume 3 index 70
01-08 10:41:22.630  3757  4440 D AudioService: getStreamVolume 3 index 70
01-08 10:41:22.639  3757  7205 D AudioService: getStreamVolume 3 index 70
01-08 10:41:22.795  3757  5062 D AudioService: getStreamVolume 3 index 70
01-08 10:41:22.819  3757 29839 D AudioService: getStreamVolume 3 index 70
01-08 10:41:22.820  3757  6272 D AudioService: getStreamVolume 3 index 70
01-08 10:41:22.835  3757  5902 D AudioService: getStreamVolume 3 index 70
01-08 10:41:22.840  3757 10496 D AudioService: getStreamVolume 3 index 70
01-08 10:41:22.893  5689  5689 D io_stats: !@   8,0 r 640165 20259208 w 536736 12097508 d 76854 6770532 f 167586 167536 iot 947690 488267 th 61440 61440 48264 pt 3510 inp 0 0 49956.804
01-08 10:41:22.930  3227  3261 D Sensorhubs: readContextData: 1, 1, 7, 0
01-08 10:41:22.936  3757  4361 D SensorHubManager: onGetSensorHubDataLocked: library(4) = 1, 1, 7, 0
01-08 10:41:22.938  3757  4360 D CAE     : onGetSensorHubData(SensorHubParserProvider.java:94) - onGetSensorHubData Event [event buffer len :4], AP_WAKEUP
01-08 10:41:22.939  3757  4360 I CAE     : parse(SensorHubParserProvider.java:196) - buffer size = 4
01-08 10:41:22.940  3757  4360 I CAE     : parse(SensorHubParserProvider.java:207) - 1, 1, 7, 0,
01-08 10:41:22.941  3757  4360 D CAE     : display(ContextProvider.java:375) - ================= AUTO_ROTATION =================
01-08 10:41:22.944  3757  4360 I CAE     : display(ContextProvider.java:391) - Angle=[0]
01-08 10:41:22.947  3757  4364 D SemContextService: updateContext() : event = Auto Rotation
01-08 10:41:22.948  3757  3757 D SemContextManager: onSemContextChanged() : event = Auto Rotation Angle : 0
01-08 10:41:22.948  3757  3757 D SContextManager: onSContextChanged() : event = Auto Rotation Angle : 0
01-08 10:41:22.949  3757  3757 V WindowOrientationListener: OrientationSensorJudge.onSContextChanged, Rotation: 0
01-08 10:41:22.950  3757  3775 V WindowOrientationListener: OrientationSensorJudge.getProposedRotation, Rotation: 0
01-08 10:41:22.950  3757  3775 V WindowOrientationListener: OrientationSensorJudge.getProposedRotation, Rotation: 0
01-08 10:41:22.950  3757  3775 V WindowManager: rotationForOrientationLw(orient=1, last=0); user=0  sensorRotation=0 mLidState=-1 mDockMode=0 mHdmiPlugged=false
01-08 10:41:22.998  3757 31269 D AudioService: getStreamVolume 3 index 70
01-08 10:41:23.012 32527 32692 D ClClient: Not sending keepalive.  Current connection state=STOPPED
01-08 10:41:23.023  3757  7201 D AudioService: getStreamVolume 3 index 70
01-08 10:41:23.027  3757  7203 D AudioService: getStreamVolume 3 index 70
01-08 10:41:23.040  3757  2858 D AudioService: getStreamVolume 3 index 70
01-08 10:41:23.044  3757 32085 D AudioService: getStreamVolume 3 index 70
01-08 10:41:23.173  3757 29840 D BatteryService: !@BatteryListener : batteryPropertiesChanged!
01-08 10:41:23.174  3757 29840 D BatteryService: level:84, scale:100, status:2, health:2, present:true, voltage: 4180, temperature: 278, technology: Li-ion, AC powered:false, USB powered:true, POGO powered:false, Wireless powered:false, icon:17303694, invalid charger:0, maxChargingCurrent:0, maxChargingVoltage:0, chargeCounter:0
01-08 10:41:23.174  3757 29840 D BatteryService: online:6, current avg:520, charge type:1, power sharing:false, high voltage charger:false, capacity:280000, batterySWSelfDischarging:false, misc_event:0, current_now:428
01-08 10:41:23.174  3757  3757 D BatteryService: Sending ACTION_BATTERY_CHANGED.
01-08 10:41:23.181  3757  3757 V UiModeManager: updateLocked: null action, mDockState=0, category=null
01-08 10:41:23.181  3757  3757 D UiModeManager: updateConfigurationLocked: mDockState=0; mCarMode=false; mNightMode=1; uiMode=17
01-08 10:41:23.183  3757  3757 D GameManagerService: new battery level: 84
01-08 10:41:23.186  4616  4616 D KeyguardUpdateMonitor: received broadcast android.intent.action.BATTERY_CHANGED
01-08 10:41:23.187  4616  4616 D KeyguardUpdateMonitor: handleBatteryUpdate
01-08 10:41:23.193  4616  4616 D PowerUI : priorPlugType = 2 mPlugType =  2
01-08 10:41:23.195  4616  4616 D PowerUI.Notification: showChargingNotice oldChargingType : 1 currentChargingType : 1 oldChargingTime : 2818000 mChargingTime : 2807000
01-08 10:41:23.195  4616  4616 D PowerUI.Notification: showChargingNotification()
01-08 10:41:23.202  3757  4469 D AudioService: getStreamVolume 3 index 70
01-08 10:41:23.207  5024  5024 D PhoneApp: PhoneAppBroadcastReceiver onReceive android.intent.action.BATTERY_CHANGED
01-08 10:41:23.207  5024  5024 D TelephonyExtensionManager: lowBatterySound - isLowBatterySoundScheduled: false
01-08 10:41:23.207  5024  5024 D TelephonyExtensionManager: lowBatterySound - isPlayNow: false
01-08 10:41:23.209  5024  5024 D TelephonyExtensionManager: isSpeakerON - false
01-08 10:41:23.223  2145  2145 D UE4     : Battery: status = 2, rawlevel = 84, scale = 100
01-08 10:41:23.223  2145  2145 D UE4     : nativeBatteryEvent(stat = 2, lvl = 84  temp = 27.80 C)
01-08 10:41:23.225  5024  5024 D TelephonyExtensionManager: lowBatterySound - batteryStatus: 2
01-08 10:41:23.225  5024  5024 D TelephonyExtensionManager: lowBatterySound - batteryLevel: 84
01-08 10:41:23.225  5024  5024 D TelephonyExtensionManager: lowBatterySound - cancel
01-08 10:41:23.227  3757  5902 D SamsungAlarmManager: Cancel Alarm calling from uid:1001 pid :5024 / op:PendingIntent{887c94a: PendingIntentRecord{c794fd3 com.android.phone broadcastIntent}}
01-08 10:41:23.228  5024  5024 D TelephonyExtension: Not stopping low battery tone
01-08 10:41:23.229  3757 29842 D ApplicationPolicy: isStatusBarNotificationAllowedAsUser: packageName = com.android.systemui,userId = -1
01-08 10:41:23.230  3757  4473 D AudioService: getStreamVolume 3 index 70
01-08 10:41:23.233  3757  7216 D AudioService: getStreamVolume 3 index 70
01-08 10:41:23.243  3757  7203 D AudioService: getStreamVolume 3 index 70
01-08 10:41:23.244  4616  4616 D BatteryMeterDrawable: isSomethingChanged - false
01-08 10:41:23.244  4616  4616 D BatteryMeterDrawable: isSomethingChanged - false
01-08 10:41:23.246  3757  4440 D AudioService: getStreamVolume 3 index 70
01-08 10:41:23.250  4616  4616 D Tile.FlashlightTile: ACTION_BATTERY_CHANGED - Level :: 84, emEnabled :: false
01-08 10:41:23.301  4616  4616 D KeyguardServiceBoxContainer: updateCMAS() hasCmasNotification = false, mHasCMAS = false
01-08 10:41:23.404  3757  7216 D AudioService: getStreamVolume 3 index 70
01-08 10:41:23.434  3757  3771 D AudioService: getStreamVolume 3 index 70
01-08 10:41:23.441  3757  5901 D AudioService: getStreamVolume 3 index 70
01-08 10:41:23.448  3757 32083 D AudioService: getStreamVolume 3 index 70
01-08 10:41:23.452  3757  2859 D AudioService: getStreamVolume 3 index 70
01-08 10:41:23.478  4561  4688 D ScanRecord: parseFromBytes
01-08 10:41:23.478  4561  4688 D ScanRecord: first manudata for manu ID
01-08 10:41:23.478  4561  4688 D ScanRecord: Not a Multi Manu data
01-08 10:41:23.478  4561  4688 D ScanRecord: Not a Multi Manu data
01-08 10:41:23.478  4561  4688 D ScanRecord: Not a Multi Manu data
01-08 10:41:23.478  4561  4688 D ScanRecord: Not a Multi Manu data
01-08 10:41:23.478  4561  4688 D ScanRecord: parseFromBytes
01-08 10:41:23.478  4561  4688 D ScanRecord: first manudata for manu ID
01-08 10:41:23.478  4561  4688 D ScanRecord: Not a Multi Manu data
01-08 10:41:23.553  4561  4688 D ScanRecord: parseFromBytes
01-08 10:41:23.553  4561  4688 D ScanRecord: first manudata for manu ID
01-08 10:41:23.554  4561  4688 D ScanRecord: Not a Multi Manu data
01-08 10:41:23.554  4561  4688 D ScanRecord: Not a Multi Manu data
01-08 10:41:23.554  4561  4688 D ScanRecord: Not a Multi Manu data
01-08 10:41:23.554  4561  4688 D ScanRecord: Not a Multi Manu data
01-08 10:41:23.555  4561  4688 D ScanRecord: parseFromBytes
01-08 10:41:23.555  4561  4688 D ScanRecord: first manudata for manu ID
01-08 10:41:23.555  4561  4688 D ScanRecord: Not a Multi Manu data
01-08 10:41:23.586  4561  4688 D ScanRecord: parseFromBytes
01-08 10:41:23.587  4561  4688 D ScanRecord: first manudata for manu ID
01-08 10:41:23.588  4561  4688 D ScanRecord: Not a Multi Manu data
01-08 10:41:23.588  4561  4688 D ScanRecord: Not a Multi Manu data
01-08 10:41:23.588  4561  4688 D ScanRecord: Not a Multi Manu data
01-08 10:41:23.588  4561  4688 D ScanRecord: Not a Multi Manu data
01-08 10:41:23.588  4561  4688 D ScanRecord: parseFromBytes
01-08 10:41:23.588  4561  4688 D ScanRecord: first manudata for manu ID
01-08 10:41:23.588  4561  4688 D ScanRecord: Not a Multi Manu data
01-08 10:41:23.589  4561  4688 D ScanRecord: parseFromBytes
01-08 10:41:23.589  4561  4688 D ScanRecord: first manudata for manu ID
01-08 10:41:23.589  4561  4688 D ScanRecord: Not a Multi Manu data
01-08 10:41:23.590  4561  4688 D ScanRecord: Not a Multi Manu data
01-08 10:41:23.590  4561  4688 D ScanRecord: Not a Multi Manu data
01-08 10:41:23.590  4561  4688 D ScanRecord: Not a Multi Manu data
01-08 10:41:23.590  4561  4688 D ScanRecord: parseFromBytes
01-08 10:41:23.590  4561  4688 D ScanRecord: first manudata for manu ID
01-08 10:41:23.590  4561  4688 D ScanRecord: Not a Multi Manu data
01-08 10:41:23.601  4561  4688 D ScanRecord: parseFromBytes
01-08 10:41:23.601  4561  4688 D ScanRecord: first manudata for manu ID
01-08 10:41:23.601  4561  4688 D ScanRecord: Not a Multi Manu data
01-08 10:41:23.601  4561  4688 D ScanRecord: Not a Multi Manu data
01-08 10:41:23.601  4561  4688 D ScanRecord: Not a Multi Manu data
01-08 10:41:23.601  4561  4688 D ScanRecord: Not a Multi Manu data
01-08 10:41:23.601  4561  4688 D ScanRecord: parseFromBytes
01-08 10:41:23.601  4561  4688 D ScanRecord: first manudata for manu ID
01-08 10:41:23.602  4561  4688 D ScanRecord: Not a Multi Manu data
01-08 10:41:23.607  3757  7205 D AudioService: getStreamVolume 3 index 70
01-08 10:41:23.637  3757  5062 D AudioService: getStreamVolume 3 index 70
01-08 10:41:23.644  3757 29839 D AudioService: getStreamVolume 3 index 70
01-08 10:41:23.653  3757 29841 D AudioService: getStreamVolume 3 index 70
01-08 10:41:23.655  3757 10496 D AudioService: getStreamVolume 3 index 70
01-08 10:41:23.706  3757  9599 D SSRM:t  : SIOP:: AP = 390, PST = 327 (W:10), CP = 247, CUR = 538, LCD = 39
01-08 10:41:23.710  3757  9599 D ConnectivityService: filterNetworkStateForUid() uid: 1000 networkInfo: [type: WIFI[] - WIFI, state: CONNECTED/CONNECTED, reason: (unspecified), extra: "wilkinson2.4", failover: false, available: true, roaming: false, metered: false]
01-08 10:41:23.813  3757  5902 D AudioService: getStreamVolume 3 index 70
01-08 10:41:23.840  3757 31269 D AudioService: getStreamVolume 3 index 70
01-08 10:41:23.849  3757  5063 D AudioService: getStreamVolume 3 index 70
01-08 10:41:23.856  3757 29842 D AudioService: getStreamVolume 3 index 70
01-08 10:41:23.859  3757 32085 D AudioService: getStreamVolume 3 index 70
01-08 10:41:23.917  3757  4458 D WifiStateMachine: Current network is: "wilkinson2.4" , ID is: 30
01-08 10:41:23.917  3757  4458 I WifiStateMachine: IMS calling, current network is always qualified
01-08 10:41:24.023  3757  2858 D AudioService: getStreamVolume 3 index 70
01-08 10:41:24.048  3757  7203 D AudioService: getStreamVolume 3 index 70
01-08 10:41:24.056  3757  2859 D AudioService: getStreamVolume 3 index 70
01-08 10:41:24.060  3757 29840 D AudioService: getStreamVolume 3 index 70
01-08 10:41:24.062  3757  7202 D AudioService: getStreamVolume 3 index 70
01-08 10:41:24.090  3757  4354 D SamsungAlarmManager: Expired : 8
01-08 10:41:24.092  3757  4354 V SamsungAlarmManager: Sending to uid : 10059 action=null alarm=Alarm{a6170bb type 3 when 162709777 com.asurion.android.verizon.vms}
01-08 10:41:24.098  3757  4354 D CompatibilityInfo: mCompatibilityFlags - 0
01-08 10:41:24.101  3757  4354 D CompatibilityInfo: applicationDensity - 420
01-08 10:41:24.101  3757  4354 D CompatibilityInfo: applicationScale - 1.0
01-08 10:41:24.132  3757 29839 D SamsungAlarmManager: setExact Intent (T:3/F:5/AC:false) 20190108T104129 - CU:10059/CP:6745
01-08 10:41:24.227  3757 10496 D AudioService: getStreamVolume 3 index 70
01-08 10:41:24.253  3757 31269 D AudioService: getStreamVolume 3 index 70
01-08 10:41:24.266  3757  5063 D AudioService: getStreamVolume 3 index 70
01-08 10:41:24.269  3757  3770 D AudioService: getStreamVolume 3 index 70
01-08 10:41:24.271  3757  7204 D AudioService: getStreamVolume 3 index 70
01-08 10:41:24.429  3757  2858 D AudioService: getStreamVolume 3 index 70
01-08 10:41:24.454  3757 29840 D AudioService: getStreamVolume 3 index 70
01-08 10:41:24.470  3757  7202 D AudioService: getStreamVolume 3 index 70
01-08 10:41:24.475  3757  4482 D AudioService: getStreamVolume 3 index 70
01-08 10:41:24.478  3757 31270 D AudioService: getStreamVolume 3 index 70
01-08 10:41:24.606  3757  4398 D InputReader: Input event(3): value=1 when=49958517706000
01-08 10:41:24.606  3757  4398 D InputReader: Input event(3): value=1 when=49958517706000
01-08 10:41:24.606  3757  4398 I InputReader: Touch event's action is 0x0 (deviceType=0) [pCnt=1, s=0.4012 ] when=49958517706000
01-08 10:41:24.607  3757  4397 I InputDispatcher: Delivering touch to (2145): action: 0x0, toolType: 1
01-08 10:41:24.613  2145  2163 V threaded_app: New input event: type=2
01-08 10:41:24.614  2145  2145 D ViewRootImpl@e972267[GameActivity]: ViewPostImeInputStage processPointer 0
01-08 10:41:24.615  2145  2145 W System  : ClassLoader referenced unknown path: /system/framework/QPerformance.jar
01-08 10:41:24.620  2145  2145 E BoostFramework: BoostFramework() : Exception_1 = java.lang.ClassNotFoundException: Didn't find class "com.qualcomm.qti.Performance" on path: DexPathList[[],nativeLibraryDirectories=[/system/lib, /vendor/lib]]
01-08 10:41:24.620  2145  2145 V BoostFramework: BoostFramework() : mPerf = null
01-08 10:41:24.629  2145  2162 D UE4     : [2019.01.08-15.41.24:629][229]LogSlate: FSceneViewport::OnFocusLost() reason 0
01-08 10:41:24.634  3757  5063 D AudioService: getStreamVolume 3 index 70
01-08 10:41:24.635  2145  2163 V threaded_app: New input event: type=2
01-08 10:41:24.649  2145  2163 V threaded_app: New input event: type=2
01-08 10:41:24.659  3757  3771 D AudioService: getStreamVolume 3 index 70
01-08 10:41:24.666  2145  2163 V threaded_app: New input event: type=2
01-08 10:41:24.674  3757 32085 D AudioService: getStreamVolume 3 index 70
01-08 10:41:24.680  3757  7204 D AudioService: getStreamVolume 3 index 70
01-08 10:41:24.682  2145  2163 V threaded_app: New input event: type=2
01-08 10:41:24.684  3757  2858 D AudioService: getStreamVolume 3 index 70
01-08 10:41:24.699  2145  2163 V threaded_app: New input event: type=2
01-08 10:41:24.714  3757  4398 D InputReader: Input event(3): value=0 when=49958625452000
01-08 10:41:24.714  3757  4398 D InputReader: Input event(3): value=0 when=49958625452000
01-08 10:41:24.714  3757  4398 I InputReader: Touch event's action is 0x1 (deviceType=0) [pCnt=1, s=] when=49958625452000
01-08 10:41:24.714  3757  4397 I InputDispatcher: Delivering touch to (2145): action: 0x1, toolType: 1
01-08 10:41:24.715  2145  2163 V threaded_app: New input event: type=2
01-08 10:41:24.726  2145  2163 V threaded_app: New input event: type=2
01-08 10:41:24.728  2145  2145 D ViewRootImpl@e972267[GameActivity]: ViewPostImeInputStage processPointer 1
01-08 10:41:24.755  2145  2262 I libOpenSLES: Emulating old channel mask behavior (ignoring positional mask 0x3, using default mask 0x3 based on channel count of 2)
01-08 10:41:24.757  2145  2262 W AudioTrack: AUDIO_OUTPUT_FLAG_FAST denied by client; transfer 1, track 44100 Hz, output 48000 Hz
01-08 10:41:24.758  3237 17217 I AudioFlinger: add dynamic flag, can move to deep thread, session 8953
01-08 10:41:24.759  2145  2262 D AudioTrack: Client defaulted notificationFrames to 590 for frameCount 1772
01-08 10:41:24.759  2145  2262 I AudioTrack: This process already got info. FadeIn[0] FadeOut[0] FadeInRing[0]
01-08 10:41:24.760  3237  8662 W AudioPolicyIntefaceImpl: Skipped to add effects on session 8953
01-08 10:41:24.760  3237  8662 I APM_AudioPolicyManager: startOutput() output 21, stream 3, session 8953
01-08 10:41:24.783  3237  3477 I AudioMixer: create resampler src 44100, 2, dst 48000, 2, q 8
01-08 10:41:24.783  3237  3477 D SoundAliveResampler: [SoundAliveResampler] Init+++
01-08 10:41:24.838  3757  4440 D AudioService: getStreamVolume 3 index 70
01-08 10:41:24.861  3757  7205 D AudioService: getStreamVolume 3 index 70
01-08 10:41:24.880  3757  5062 D AudioService: getStreamVolume 3 index 70
01-08 10:41:24.883  3757  4469 D AudioService: getStreamVolume 3 index 70
01-08 10:41:24.885  3757 29838 D AudioService: getStreamVolume 3 index 70
01-08 10:41:25.042  3757  6272 D AudioService: getStreamVolume 3 index 70
01-08 10:41:25.069  3757 31269 D AudioService: getStreamVolume 3 index 70
01-08 10:41:25.084  3757  5063 D AudioService: getStreamVolume 3 index 70
01-08 10:41:25.087  3757  3771 D AudioService: getStreamVolume 3 index 70
01-08 10:41:25.089  3757 32085 D AudioService: getStreamVolume 3 index 70
01-08 10:41:25.245  3757  2858 D AudioService: getStreamVolume 3 index 70
01-08 10:41:25.279  3757  7203 D AudioService: getStreamVolume 3 index 70
01-08 10:41:25.289  3757  4440 D AudioService: getStreamVolume 3 index 70
01-08 10:41:25.290  3757  7202 D AudioService: getStreamVolume 3 index 70
01-08 10:41:25.293  3757  4482 D AudioService: getStreamVolume 3 index 70
01-08 10:41:25.450  3757 10512 D AudioService: getStreamVolume 3 index 70
01-08 10:41:25.482  3757  4473 D AudioService: getStreamVolume 3 index 70
01-08 10:41:25.492  3757  5063 D AudioService: getStreamVolume 3 index 70
01-08 10:41:25.494  3757  3770 D AudioService: getStreamVolume 3 index 70
01-08 10:41:25.495  3757  7204 D AudioService: getStreamVolume 3 index 70
01-08 10:41:25.511  2145  2162 D UE4     : [2019.01.08-15.41.25:511][262]LogUMG: Display: Widget Class Button_C - Loaded Fast Template.
01-08 10:41:25.513  2145  2162 D UE4     : [2019.01.08-15.41.25:513][262]LogUMG: Display: Widget Class ScoreCounter_C - Loaded Fast Template.
01-08 10:41:25.529  2145  2162 D UE4     : [2019.01.08-15.41.25:529][262]LogSlate: Took 0.000711 seconds to synchronously load lazily loaded font '../../../Engine/Content/EngineFonts/Faces/RobotoBold.ufont' (160K)
01-08 10:41:25.529  2145  2262 I libOpenSLES: Emulating old channel mask behavior (ignoring positional mask 0x3, using default mask 0x3 based on channel count of 2)
01-08 10:41:25.531  2145  2262 W AudioTrack: AUDIO_OUTPUT_FLAG_FAST denied by client; transfer 1, track 44100 Hz, output 48000 Hz
01-08 10:41:25.532  3237  3486 I AudioFlinger: add dynamic flag, can move to deep thread, session 8961
01-08 10:41:25.534  2145  2262 D AudioTrack: Client defaulted notificationFrames to 590 for frameCount 1772
01-08 10:41:25.537  2145  2262 I AudioTrack: This process already got info. FadeIn[0] FadeOut[0] FadeInRing[0]
01-08 10:41:25.537  3237  8663 W AudioPolicyIntefaceImpl: Skipped to add effects on session 8961
01-08 10:41:25.537  3237  8663 I APM_AudioPolicyManager: startOutput() output 21, stream 3, session 8961
01-08 10:41:25.566  3237  3477 I AudioMixer: create resampler src 44100, 2, dst 48000, 2, q 8
01-08 10:41:25.566  3237  3477 D SoundAliveResampler: [SoundAliveResampler] Init+++
01-08 10:41:25.627  3237  3352 I APM_AudioPolicyManager: stopOutput() output 21, stream 3, session 8945
01-08 10:41:25.653  3757  7203 D AudioService: getStreamVolume 3 index 70
01-08 10:41:25.656  2145  2311 I AudioTrack: Skip ramp
01-08 10:41:25.685  3757  2859 D AudioService: getStreamVolume 3 index 70
01-08 10:41:25.697  3757 29840 D AudioService: getStreamVolume 3 index 70
01-08 10:41:25.702  3757  7205 D AudioService: getStreamVolume 3 index 70
01-08 10:41:25.706  3757  4482 D AudioService: getStreamVolume 3 index 70
01-08 10:41:25.768  3237  3352 I APM_AudioPolicyManager: stopOutput() output 21, stream 3, session 8953
01-08 10:41:25.856  3757  6272 D AudioService: getStreamVolume 3 index 70
01-08 10:41:25.890  3757 10496 D AudioService: getStreamVolume 3 index 70
01-08 10:41:25.900  3757  4473 D AudioService: getStreamVolume 3 index 70
01-08 10:41:25.904  3757  7216 D AudioService: getStreamVolume 3 index 70
01-08 10:41:25.912  3757  3771 D AudioService: getStreamVolume 3 index 70
01-08 10:41:26.059  3757  3770 D AudioService: getStreamVolume 3 index 70
01-08 10:41:26.095  3757  7204 D AudioService: getStreamVolume 3 index 70
01-08 10:41:26.106  3757  5901 D AudioService: getStreamVolume 3 index 70
01-08 10:41:26.108  3757  7201 D AudioService: getStreamVolume 3 index 70
01-08 10:41:26.115  3757 32083 D AudioService: getStreamVolume 3 index 70
01-08 10:41:26.249  5024  5209 I System.out: Broadcasting: Intent { act=com.sec.android.LTE_WIDEBAND_INFO flg=0x10000000 launchParam=MultiScreenLaunchParams { mDisplayId=0 mFlags=0 } (has extras) }
01-08 10:41:26.249  5035  6445 D EPDG -- [MODEM]: message length is  13
01-08 10:41:26.250  5035  6445 D EPDG -- [MODEM]: countRead is 11 offset is 11remaining is 0
01-08 10:41:26.251  5035  6445 D EPDG -- EpdgIpcMessageFactory: ipcMainCmd: 112
01-08 10:41:26.252  5035  6445 D EPDG -- [UTILS]: isUSerBinary: true
01-08 10:41:26.254  5035  6445 D EPDG -- [RILRECEIVER]: [Rx]: Main: IPC_IIL_CMD Sub: IPC_IIL_SSAC_INFO
01-08 10:41:26.254  5035  6445 D EPDG -- [RILRECEIVER]: [Rx]: Param: FF FF FF FF FF FF 
01-08 10:41:26.255  4616  4823 D NetworkController: onReceive: intent=Intent { act=com.sec.android.LTE_WIDEBAND_INFO flg=0x10000010 launchParam=MultiScreenLaunchParams { mDisplayId=0 mFlags=0 } bqHint=0 (has extras) }
01-08 10:41:26.255  5024  5378 E ImsAdaptorImpl: setSSACInfo : ImsAdaptorImpl.
01-08 10:41:26.255  4616  4823 D NetworkController.MobileSignalController(0/1): LTE WIDEBAND : mCurrentState.isCAIndicator = false oldCAIndicator = true
01-08 10:41:26.256  5035  6445 D EPDG -- [NETIPCMESSAGE]: decodeIilSsacInfo()
01-08 10:41:26.256  5035  6445 D EPDG -- [RILRECEIVER]: SSAC info received. Voice Factor -1Voice Time 65535000Video Factor -1Video Time 65535000
01-08 10:41:26.257  5035  5670 D EPDG -- [EPDGService]: Event received: RIL_IIL_SSAC_INFO_UPDATE
01-08 10:41:26.257  5035  5670 D EPDG -- [EPDGService]: handleMessage: cid - 0
01-08 10:41:26.257  5035  5670 D EPDG -- [EPDGService]: getIsSsacVoiceEnabled: returning: true
01-08 10:41:26.261  5024 29626 I System.out: Broadcast completed: result=0
01-08 10:41:26.262  5010  5022 D SsacManager: updateSSACInfo : Voice(-1:65535000) Video(-1:65535000)
01-08 10:41:26.262  5010  5022 D SsacManager: Voice Call updateSSACInfo : f[100], t[0]
01-08 10:41:26.262  5010  5022 D SsacManager: Video Call updateSSACInfo : f[100], t[0]
01-08 10:41:26.262  3757  4482 D AudioService: getStreamVolume 3 index 70
01-08 10:41:26.264  5010  5022 D Mno     : fromName: name=VZW_us
01-08 10:41:26.264  5010  5022 D Mno     : fromName: found mno : VZW_us, us
01-08 10:41:26.270  3757  7202 I ActivityManager: Killing 1696:com.samsung.android.weather/u0a90 (adj 906): DHA:empty #31
01-08 10:41:26.279  4616  4823 D NetworkController.MobileSignalController(0/1): getMobileIconGroup(): 13
01-08 10:41:26.279  4616  4823 D NetworkController.MobileSignalController(0/1): updateVZWMobileIconGroup(): 13
01-08 10:41:26.309  3757 29841 D AudioService: getStreamVolume 3 index 70
01-08 10:41:26.311  3757 29838 D AudioService: getStreamVolume 3 index 70
01-08 10:41:26.314  3757 10512 D AudioService: getStreamVolume 3 index 70
01-08 10:41:26.314  4616  4823 D NetworkController.MobileSignalController(0/1): callState:0, callStateByPhone:false voLTECall:false voiceNetTpe:13 dataNetType:13, ine911:false, emergencyCallbackMode:false
01-08 10:41:26.318  3757  5902 D AudioService: getStreamVolume 3 index 70
01-08 10:41:26.323  3757 31269 D ActivityManager: cleanUpApplicationRecord -- 1696
01-08 10:41:26.332  6011 20825 D ForegroundUtils: could not check pending caller
01-08 10:41:26.465  3757  7205 D AudioService: getStreamVolume 3 index 70
01-08 10:41:26.513  3757  4482 D AudioService: getStreamVolume 3 index 70
01-08 10:41:26.516  3757  7202 D AudioService: getStreamVolume 3 index 70
01-08 10:41:26.525  3757 29841 D AudioService: getStreamVolume 3 index 70
01-08 10:41:26.529  3757 29838 D AudioService: getStreamVolume 3 index 70
01-08 10:41:26.594  4561  4688 D ScanRecord: parseFromBytes
01-08 10:41:26.595  4561  4688 D ScanRecord: Not a Multi Manu data
01-08 10:41:26.595  4561  4688 D ScanRecord: Not a Multi Manu data
01-08 10:41:26.595  4561  4688 D ScanRecord: Not a Multi Manu data
01-08 10:41:26.595  4561  4688 D ScanRecord: Not a Multi Manu data
01-08 10:41:26.596  4561  4688 D ScanRecord: parseFromBytes
01-08 10:41:26.596  4561  4688 D ScanRecord: Not a Multi Manu data
01-08 10:41:26.602  4561  4688 D ScanRecord: parseFromBytes
01-08 10:41:26.602  4561  4688 D ScanRecord: first manudata for manu ID
01-08 10:41:26.602  4561  4688 D ScanRecord: Not a Multi Manu data
01-08 10:41:26.602  4561  4688 D ScanRecord: Not a Multi Manu data
01-08 10:41:26.602  4561  4688 D ScanRecord: Not a Multi Manu data
01-08 10:41:26.603  4561  4688 D ScanRecord: Not a Multi Manu data
01-08 10:41:26.603  4561  4688 D ScanRecord: parseFromBytes
01-08 10:41:26.603  4561  4688 D ScanRecord: first manudata for manu ID
01-08 10:41:26.603  4561  4688 D ScanRecord: Not a Multi Manu data
01-08 10:41:26.613  4561  4688 D ScanRecord: parseFromBytes
01-08 10:41:26.613  4561  4688 D ScanRecord: first manudata for manu ID
01-08 10:41:26.613  4561  4688 D ScanRecord: Not a Multi Manu data
01-08 10:41:26.613  4561  4688 D ScanRecord: Not a Multi Manu data
01-08 10:41:26.613  4561  4688 D ScanRecord: Not a Multi Manu data
01-08 10:41:26.613  4561  4688 D ScanRecord: Not a Multi Manu data
01-08 10:41:26.613  4561  4688 D ScanRecord: parseFromBytes
01-08 10:41:26.613  4561  4688 D ScanRecord: first manudata for manu ID
01-08 10:41:26.613  4561  4688 D ScanRecord: Not a Multi Manu data
01-08 10:41:26.633  4561  4688 D ScanRecord: parseFromBytes
01-08 10:41:26.633  4561  4688 D ScanRecord: first manudata for manu ID
01-08 10:41:26.634  4561  4688 D ScanRecord: Not a Multi Manu data
01-08 10:41:26.635  4561  4688 D ScanRecord: Not a Multi Manu data
01-08 10:41:26.635  4561  4688 D ScanRecord: Not a Multi Manu data
01-08 10:41:26.635  4561  4688 D ScanRecord: Not a Multi Manu data
01-08 10:41:26.636  4561  4688 D ScanRecord: parseFromBytes
01-08 10:41:26.636  4561  4688 D ScanRecord: first manudata for manu ID
01-08 10:41:26.637  4561  4688 D ScanRecord: Not a Multi Manu data
01-08 10:41:26.673  3757 10496 D AudioService: getStreamVolume 3 index 70
01-08 10:41:26.717  3757  4473 D AudioService: getStreamVolume 3 index 70
01-08 10:41:26.724  3757  3770 D AudioService: getStreamVolume 3 index 70
01-08 10:41:26.729  3757  7206 D AudioService: getStreamVolume 3 index 70
01-08 10:41:26.734  3757  3771 D AudioService: getStreamVolume 3 index 70
01-08 10:41:26.734  4561  4688 D ScanRecord: parseFromBytes
01-08 10:41:26.734  4561  4688 D ScanRecord: first manudata for manu ID
01-08 10:41:26.734  4561  4688 D ScanRecord: Not a Multi Manu data
01-08 10:41:26.734  4561  4688 D ScanRecord: Not a Multi Manu data
01-08 10:41:26.734  4561  4688 D ScanRecord: Not a Multi Manu data
01-08 10:41:26.734  4561  4688 D ScanRecord: Not a Multi Manu data
01-08 10:41:26.734  4561  4688 D ScanRecord: parseFromBytes
01-08 10:41:26.734  4561  4688 D ScanRecord: first manudata for manu ID
01-08 10:41:26.735  4561  4688 D ScanRecord: Not a Multi Manu data
01-08 10:41:26.737  4561  4688 D ScanRecord: parseFromBytes
01-08 10:41:26.737  4561  4688 D ScanRecord: first manudata for manu ID
01-08 10:41:26.738  4561  4688 D ScanRecord: Not a Multi Manu data
01-08 10:41:26.738  4561  4688 D ScanRecord: Not a Multi Manu data
01-08 10:41:26.738  4561  4688 D ScanRecord: Not a Multi Manu data
01-08 10:41:26.738  4561  4688 D ScanRecord: Not a Multi Manu data
01-08 10:41:26.738  4561  4688 D ScanRecord: parseFromBytes
01-08 10:41:26.738  4561  4688 D ScanRecord: first manudata for manu ID
01-08 10:41:26.738  4561  4688 D ScanRecord: Not a Multi Manu data
01-08 10:41:26.757  3757  4398 D InputReader: Input event(3): value=1 when=49960667983000
01-08 10:41:26.757  3757  4398 D InputReader: Input event(3): value=1 when=49960667983000
01-08 10:41:26.758  3757  4398 I InputReader: Touch event's action is 0x0 (deviceType=0) [pCnt=1, s=0.4013 ] when=49960667983000
01-08 10:41:26.759  3757  4397 I InputDispatcher: Delivering touch to (2145): action: 0x0, toolType: 1
01-08 10:41:26.760  2145  2163 V threaded_app: New input event: type=2
01-08 10:41:26.775  2145  2145 D ViewRootImpl@e972267[GameActivity]: ViewPostImeInputStage processPointer 0
01-08 10:41:26.786  2145  2162 D UE4     : [2019.01.08-15.41.26:786][314]LogSlate: FSceneViewport::OnFocusLost() reason 0
01-08 10:41:26.786  2145  2163 V threaded_app: New input event: type=2
01-08 10:41:26.802  2145  2163 V threaded_app: New input event: type=2
01-08 10:41:26.802  2145  2262 I libOpenSLES: Emulating old channel mask behavior (ignoring positional mask 0x3, using default mask 0x3 based on channel count of 2)
01-08 10:41:26.804  2145  2262 W AudioTrack: AUDIO_OUTPUT_FLAG_FAST denied by client; transfer 1, track 44100 Hz, output 48000 Hz
01-08 10:41:26.804  3237 27701 I AudioFlinger: add dynamic flag, can move to deep thread, session 8969
01-08 10:41:26.805  2145  2262 D AudioTrack: Client defaulted notificationFrames to 590 for frameCount 1772
01-08 10:41:26.806  2145  2262 I AudioTrack: This process already got info. FadeIn[0] FadeOut[0] FadeInRing[0]
01-08 10:41:26.806  3237 22865 W AudioPolicyIntefaceImpl: Skipped to add effects on session 8969
01-08 10:41:26.806  3237 22865 I APM_AudioPolicyManager: startOutput() output 21, stream 3, session 8969
01-08 10:41:26.821  2145  2163 V threaded_app: New input event: type=2
01-08 10:41:26.827  3237  3477 I AudioMixer: create resampler src 44100, 2, dst 48000, 2, q 8
01-08 10:41:26.828  3237  3477 D SoundAliveResampler: [SoundAliveResampler] Init+++
01-08 10:41:26.837  2145  2163 V threaded_app: New input event: type=2
01-08 10:41:26.854  2145  2163 V threaded_app: New input event: type=2
01-08 10:41:26.872  2145  2163 V threaded_app: New input event: type=2
01-08 10:41:26.878  3757  7203 D AudioService: getStreamVolume 3 index 70
01-08 10:41:26.902  2145  2163 V threaded_app: New input event: type=2
01-08 10:41:26.923  3757  2859 D AudioService: getStreamVolume 3 index 70
01-08 10:41:26.925  2145  2163 V threaded_app: New input event: type=2
01-08 10:41:26.929  3757 29840 D AudioService: getStreamVolume 3 index 70
01-08 10:41:26.929  3757  4398 D InputReader: Input event(3): value=0 when=49960840892000
01-08 10:41:26.929  3757  4398 D InputReader: Input event(3): value=0 when=49960840892000
01-08 10:41:26.929  3757  4398 I InputReader: Touch event's action is 0x1 (deviceType=0) [pCnt=1, s=] when=49960840892000
01-08 10:41:26.931  3757  4397 I InputDispatcher: Delivering touch to (2145): action: 0x1, toolType: 1
01-08 10:41:26.935  3757  7205 D AudioService: getStreamVolume 3 index 70
01-08 10:41:26.938  3757  4482 D AudioService: getStreamVolume 3 index 70
01-08 10:41:26.941  2145  2163 V threaded_app: New input event: type=2
01-08 10:41:26.942  3757  4458 D WifiStateMachine: Current network is: "wilkinson2.4" , ID is: 30
01-08 10:41:26.942  3757  4458 I WifiStateMachine: IMS calling, current network is always qualified
01-08 10:41:26.944  2145  2145 D ViewRootImpl@e972267[GameActivity]: ViewPostImeInputStage processPointer 1
01-08 10:41:27.082  3757 29841 D AudioService: getStreamVolume 3 index 70
01-08 10:41:27.128  3757 29838 D AudioService: getStreamVolume 3 index 70
01-08 10:41:27.134  3757 10512 D AudioService: getStreamVolume 3 index 70
01-08 10:41:27.137  3757  5902 D AudioService: getStreamVolume 3 index 70
01-08 10:41:27.151  3757 29842 D AudioService: getStreamVolume 3 index 70
01-08 10:41:27.295  3757  5063 D AudioService: getStreamVolume 3 index 70
01-08 10:41:27.341  3757  3771 D AudioService: getStreamVolume 3 index 70
01-08 10:41:27.345  3757 32085 D AudioService: getStreamVolume 3 index 70
01-08 10:41:27.352  3757  5901 D AudioService: getStreamVolume 3 index 70
01-08 10:41:27.355  3757  7203 D AudioService: getStreamVolume 3 index 70
01-08 10:41:27.507  3757  4482 D AudioService: getStreamVolume 3 index 70
01-08 10:41:27.544  3757  7202 D AudioService: getStreamVolume 3 index 70
01-08 10:41:27.551  3757 29841 D AudioService: getStreamVolume 3 index 70
01-08 10:41:27.554  3757 29838 D AudioService: getStreamVolume 3 index 70
01-08 10:41:27.558  3757 10512 D AudioService: getStreamVolume 3 index 70
01-08 10:41:27.716  3757  3770 D AudioService: getStreamVolume 3 index 70
01-08 10:41:27.750  2145  2319 I AudioTrack: Skip ramp
01-08 10:41:27.750  3757  7206 D AudioService: getStreamVolume 3 index 70
01-08 10:41:27.761  3757  7216 D AudioService: getStreamVolume 3 index 70
01-08 10:41:27.763  3757 31269 D AudioService: getStreamVolume 3 index 70
01-08 10:41:27.765  3757  2858 D AudioService: getStreamVolume 3 index 70
01-08 10:41:27.849  3237  3352 I APM_AudioPolicyManager: stopOutput() output 21, stream 3, session 8969
01-08 10:41:27.897  5689  5689 D io_stats: !@   8,0 r 640165 20259208 w 536759 12097744 d 76856 6770552 f 167614 167564 iot 947800 488279 th 61440 61440 48264 pt 3510 inp 0 0 49961.807
01-08 10:41:27.909  3757  4398 D InputReader: Input event(3): value=1 when=49961820777000
01-08 10:41:27.909  3757  4398 D InputReader: Input event(3): value=1 when=49961820777000
01-08 10:41:27.910  3757  4398 I InputReader: Touch event's action is 0x0 (deviceType=0) [pCnt=1, s=0.4014 ] when=49961820777000
01-08 10:41:27.911  3757  4397 I InputDispatcher: Delivering touch to (2145): action: 0x0, toolType: 1
01-08 10:41:27.912  2145  2163 V threaded_app: New input event: type=2
01-08 10:41:27.912  3757  4397 D PowerManagerService: [api] userActivityFromNative : 30 (event: 2 flags: 0) eventTime = 49961820
01-08 10:41:27.917  2145  2145 D ViewRootImpl@e972267[GameActivity]: ViewPostImeInputStage processPointer 0
01-08 10:41:27.926  3757 32083 D AudioService: getStreamVolume 3 index 70
01-08 10:41:27.938  2145  2163 V threaded_app: New input event: type=2
01-08 10:41:27.942  2145  2262 I libOpenSLES: Emulating old channel mask behavior (ignoring positional mask 0x4, using default mask 0x1 based on channel count of 1)
01-08 10:41:27.945  2145  2262 W AudioTrack: AUDIO_OUTPUT_FLAG_FAST denied by client; transfer 1, track 44100 Hz, output 48000 Hz
01-08 10:41:27.946  3237 27701 I AudioFlinger: add dynamic flag, can move to deep thread, session 8977
01-08 10:41:27.947  2145  2262 D AudioTrack: Client defaulted notificationFrames to 590 for frameCount 1772
01-08 10:41:27.951  2145  2262 I AudioTrack: This process already got info. FadeIn[0] FadeOut[0] FadeInRing[0]
01-08 10:41:27.952  3237 22865 W AudioPolicyIntefaceImpl: Skipped to add effects on session 8977
