--------- beginning of main
01-25 01:24:54.168  4839  4839 V MediaRouter: Dispatching route change: UserRouteInfo{ name=XBR-65X900E, description=null, status=null, category=RouteCategory{ name=Devices types=ROUTE_TYPE_USER  groupable=false }, supportedTypes=ROUTE_TYPE_USER , presentationDisplay=null }
01-25 01:24:54.169  4839  4839 V MediaRouter: Dispatching route change: UserRouteInfo{ name=XBR-65X900E, description=null, status=null, category=RouteCategory{ name=Devices types=ROUTE_TYPE_USER  groupable=false }, supportedTypes=ROUTE_TYPE_USER , presentationDisplay=null }
01-25 01:24:54.170  4839  4839 V MediaRouter: Dispatching route change: UserRouteInfo{ name=Master Bedroom, description=null, status=null, category=RouteCategory{ name=Devices types=ROUTE_TYPE_USER  groupable=false }, supportedTypes=ROUTE_TYPE_USER , presentationDisplay=null }
01-25 01:24:54.170  4839  4839 V MediaRouter: Dispatching route change: UserRouteInfo{ name=Master Bedroom, description=null, status=null, category=RouteCategory{ name=Devices types=ROUTE_TYPE_USER  groupable=false }, supportedTypes=ROUTE_TYPE_USER , presentationDisplay=null }
01-25 01:24:54.171  4839  4839 V MediaRouter: Dispatching route change: UserRouteInfo{ name=WilkinsonTivo, description=null, status=null, category=RouteCategory{ name=Devices types=ROUTE_TYPE_USER  groupable=false }, supportedTypes=ROUTE_TYPE_USER , presentationDisplay=null }
01-25 01:24:54.171  4839  4839 V MediaRouter: Dispatching route change: UserRouteInfo{ name=WilkinsonTivo, description=null, status=null, category=RouteCategory{ name=Devices types=ROUTE_TYPE_USER  groupable=false }, supportedTypes=ROUTE_TYPE_USER , presentationDisplay=null }
01-25 01:24:54.172  4839  4839 V MediaRouter: Dispatching route change: UserRouteInfo{ name=Roku Stick - 5S673X092305, description=null, status=null, category=RouteCategory{ name=Devices types=ROUTE_TYPE_USER  groupable=false }, supportedTypes=ROUTE_TYPE_USER , presentationDisplay=null }
01-25 01:24:54.172  4839  4839 V MediaRouter: Dispatching route change: UserRouteInfo{ name=Roku Stick - 5S673X092305, description=null, status=null, category=RouteCategory{ name=Devices types=ROUTE_TYPE_USER  groupable=false }, supportedTypes=ROUTE_TYPE_USER , presentationDisplay=null }
01-25 01:24:54.174  4839  4839 V MediaRouter: Dispatching route change: UserRouteInfo{ name=WilkinsonTivo, description=null, status=null, category=RouteCategory{ name=Devices types=ROUTE_TYPE_USER  groupable=false }, supportedTypes=ROUTE_TYPE_USER , presentationDisplay=null }
01-25 01:24:54.174  4839  4839 V MediaRouter: Dispatching route change: UserRouteInfo{ name=WilkinsonTivo, description=null, status=null, category=RouteCategory{ name=Devices types=ROUTE_TYPE_USER  groupable=false }, supportedTypes=ROUTE_TYPE_USER , presentationDisplay=null }
01-25 01:24:54.175  4839  4839 V MediaRouter: Dispatching route change: UserRouteInfo{ name=WilkinsonTivo, description=null, status=null, category=RouteCategory{ name=Devices types=ROUTE_TYPE_USER  groupable=false }, supportedTypes=ROUTE_TYPE_USER , presentationDisplay=null }
01-25 01:24:54.176  4839  4839 V MediaRouter: Dispatching route change: UserRouteInfo{ name=WilkinsonTivo, description=null, status=null, category=RouteCategory{ name=Devices types=ROUTE_TYPE_USER  groupable=false }, supportedTypes=ROUTE_TYPE_USER , presentationDisplay=null }
01-25 01:24:54.176  4839  4839 V MediaRouter: Dispatching route change: UserRouteInfo{ name=Roku Ultra - YP00GH254959, description=null, status=null, category=RouteCategory{ name=Devices types=ROUTE_TYPE_USER  groupable=false }, supportedTypes=ROUTE_TYPE_USER , presentationDisplay=null }
01-25 01:24:54.177  4839  4839 V MediaRouter: Dispatching route change: UserRouteInfo{ name=Roku Ultra - YP00GH254959, description=null, status=null, category=RouteCategory{ name=Devices types=ROUTE_TYPE_USER  groupable=false }, supportedTypes=ROUTE_TYPE_USER , presentationDisplay=null }
01-25 01:24:54.177  4839  4839 V MediaRouter: Dispatching route change: UserRouteInfo{ name=WilkinsonTivo, description=null, status=null, category=RouteCategory{ name=Devices types=ROUTE_TYPE_USER  groupable=false }, supportedTypes=ROUTE_TYPE_USER , presentationDisplay=null }
01-25 01:24:54.178  4839  4839 V MediaRouter: Dispatching route change: UserRouteInfo{ name=WilkinsonTivo, description=null, status=null, category=RouteCategory{ name=Devices types=ROUTE_TYPE_USER  groupable=false }, supportedTypes=ROUTE_TYPE_USER , presentationDisplay=null }
01-25 01:24:54.237  4839  4839 V MediaRouter: Dispatching route change: UserRouteInfo{ name=XBR-65X900E, description=null, status=null, category=RouteCategory{ name=Devices types=ROUTE_TYPE_USER  groupable=false }, supportedTypes=ROUTE_TYPE_USER , presentationDisplay=null }
01-25 01:24:54.237  4839  4839 V MediaRouter: Dispatching route change: UserRouteInfo{ name=XBR-65X900E, description=null, status=null, category=RouteCategory{ name=Devices types=ROUTE_TYPE_USER  groupable=false }, supportedTypes=ROUTE_TYPE_USER , presentationDisplay=null }
01-25 01:24:54.238  4839  4839 V MediaRouter: Dispatching route change: UserRouteInfo{ name=Master Bedroom, description=null, status=null, category=RouteCategory{ name=Devices types=ROUTE_TYPE_USER  groupable=false }, supportedTypes=ROUTE_TYPE_USER , presentationDisplay=null }
01-25 01:24:54.239  4839  4839 V MediaRouter: Dispatching route change: UserRouteInfo{ name=Master Bedroom, description=null, status=null, category=RouteCategory{ name=Devices types=ROUTE_TYPE_USER  groupable=false }, supportedTypes=ROUTE_TYPE_USER , presentationDisplay=null }
01-25 01:24:54.239  4839  4839 V MediaRouter: Dispatching route change: UserRouteInfo{ name=WilkinsonTivo, description=null, status=null, category=RouteCategory{ name=Devices types=ROUTE_TYPE_USER  groupable=false }, supportedTypes=ROUTE_TYPE_USER , presentationDisplay=null }
01-25 01:24:54.239  4839  4839 V MediaRouter: Dispatching route change: UserRouteInfo{ name=WilkinsonTivo, description=null, status=null, category=RouteCategory{ name=Devices types=ROUTE_TYPE_USER  groupable=false }, supportedTypes=ROUTE_TYPE_USER , presentationDisplay=null }
01-25 01:24:54.240  4839  4839 V MediaRouter: Dispatching route change: UserRouteInfo{ name=Roku Stick - 5S673X092305, description=null, status=null, category=RouteCategory{ name=Devices types=ROUTE_TYPE_USER  groupable=false }, supportedTypes=ROUTE_TYPE_USER , presentationDisplay=null }
01-25 01:24:54.241  4839  4839 V MediaRouter: Dispatching route change: UserRouteInfo{ name=Roku Stick - 5S673X092305, description=null, status=null, category=RouteCategory{ name=Devices types=ROUTE_TYPE_USER  groupable=false }, supportedTypes=ROUTE_TYPE_USER , presentationDisplay=null }
01-25 01:24:54.241  4839  4839 V MediaRouter: Dispatching route change: UserRouteInfo{ name=WilkinsonTivo, description=null, status=null, category=RouteCategory{ name=Devices types=ROUTE_TYPE_USER  groupable=false }, supportedTypes=ROUTE_TYPE_USER , presentationDisplay=null }
01-25 01:24:54.241  4839  4839 V MediaRouter: Dispatching route change: UserRouteInfo{ name=WilkinsonTivo, description=null, status=null, category=RouteCategory{ name=Devices types=ROUTE_TYPE_USER  groupable=false }, supportedTypes=ROUTE_TYPE_USER , presentationDisplay=null }
01-25 01:24:54.242  4839  4839 V MediaRouter: Dispatching route change: UserRouteInfo{ name=WilkinsonTivo, description=null, status=null, category=RouteCategory{ name=Devices types=ROUTE_TYPE_USER  groupable=false }, supportedTypes=ROUTE_TYPE_USER , presentationDisplay=null }
01-25 01:24:54.242  4839  4839 V MediaRouter: Dispatching route change: UserRouteInfo{ name=WilkinsonTivo, description=null, status=null, category=RouteCategory{ name=Devices types=ROUTE_TYPE_USER  groupable=false }, supportedTypes=ROUTE_TYPE_USER , presentationDisplay=null }
01-25 01:24:54.243  4839  4839 V MediaRouter: Dispatching route change: UserRouteInfo{ name=Roku Ultra - YP00GH254959, description=null, status=null, category=RouteCategory{ name=Devices types=ROUTE_TYPE_USER  groupable=false }, supportedTypes=ROUTE_TYPE_USER , presentationDisplay=null }
01-25 01:24:54.243  4839  4839 V MediaRouter: Dispatching route change: UserRouteInfo{ name=Roku Ultra - YP00GH254959, description=null, status=null, category=RouteCategory{ name=Devices types=ROUTE_TYPE_USER  groupable=false }, supportedTypes=ROUTE_TYPE_USER , presentationDisplay=null }
01-25 01:24:54.244  4839  4839 V MediaRouter: Dispatching route change: UserRouteInfo{ name=WilkinsonTivo, description=null, status=null, category=RouteCategory{ name=Devices types=ROUTE_TYPE_USER  groupable=false }, supportedTypes=ROUTE_TYPE_USER , presentationDisplay=null }
01-25 01:24:54.244  4839  4839 V MediaRouter: Dispatching route change: UserRouteInfo{ name=WilkinsonTivo, description=null, status=null, category=RouteCategory{ name=Devices types=ROUTE_TYPE_USER  groupable=false }, supportedTypes=ROUTE_TYPE_USER , presentationDisplay=null }
--------- beginning of system
01-25 01:24:54.328  3755  4354 D SamsungAlarmManager: Expired : 8
01-25 01:24:54.329  3755  4354 I SamsungAlarmManager: setLocked to kernel - T:3 / 20190125T012500, SetElapsed=121092119, nowELAPSED=121086447
01-25 01:24:54.329  3755  4354 V SamsungAlarmManager: Sending to uid : 10059 action=null alarm=Alarm{bec66de type 3 when 121086447 com.asurion.android.verizon.vms}
01-25 01:24:54.340  3755  4354 D CompatibilityInfo: mCompatibilityFlags - 0
01-25 01:24:54.340  3755  4354 D CompatibilityInfo: applicationDensity - 420
01-25 01:24:54.340  3755  4354 D CompatibilityInfo: applicationScale - 1.0
01-25 01:24:54.345  3755  4415 D InputReader: Input event(3): value=0 when=61362718100000
01-25 01:24:54.345  3755  4415 D InputReader: Input event(3): value=0 when=61362718100000
01-25 01:24:54.345  3755  4415 I InputReader: Touch event's action is 0x1 (deviceType=0) [pCnt=1, s=] when=61362718100000
01-25 01:24:54.346  3755  4414 I InputDispatcher: Delivering touch to (4839): action: 0x1, toolType: 1
01-25 01:24:54.363  4839  4839 D ViewRootImpl@4279139[WatchWhileActivity]: ViewPostImeInputStage processPointer 1
01-25 01:24:54.365  3755  7363 D SamsungAlarmManager: setExact Intent (T:3/F:5/AC:false) 20190125T012459 - CU:10059/CP:6576
01-25 01:24:54.366  3755  7363 I SamsungAlarmManager: setLocked to kernel - T:3 / 20190125T012459, SetElapsed=121091475, nowELAPSED=121086484
01-25 01:24:54.624  9651  9651 D SecurityManagerNative: SecurityManagerNative v2.7.2.5 On 64bit PLATFORM With BORINGSSL
01-25 01:24:54.630  9651  9651 E appproc : Enhanced Zygote ASLR: ro.knox.enhance.zygote.aslr != 1. Enhanced Zygote ASLR is DISABLED!
01-25 01:24:54.630  9651  9651 D AndroidRuntime: >>>>>> START com.android.internal.os.RuntimeInit uid 2000 <<<<<<
01-25 01:24:54.639  9651  9651 D AndroidRuntime: CheckJNI is OFF
01-25 01:24:54.642  9651  9651 D AndroidRuntime: addProductProperty: start
01-25 01:24:54.724  9651  9651 I [saiv 1.1]: saiv_OnLoadJNI.cpp(38): _init: Version 1.1 Build # 3532
01-25 01:24:54.724  9651  9651 I [saiv 1.1]: saiv_OnLoadJNI.cpp(43): _init: _init() was called
01-25 01:24:54.769  9651  9651 I MLDAP   : ================================================
01-25 01:24:54.769  9651  9651 I MLDAP   :  MLDAP_LIB v1.1.16
01-25 01:24:54.769  9651  9651 I MLDAP   : ================================================
01-25 01:24:54.846  9651  9651 I TMSDISP : AcsAndroidVirtualDisplayIntfImpl
01-25 01:24:54.893  9651  9651 D ICU     : No timezone override file found: /data/misc/zoneinfo/current/icu/icu_tzdata.dat
01-25 01:24:54.902  4839  4839 V MediaRouter: Dispatching route change: UserRouteInfo{ name=XBR-65X900E, description=null, status=null, category=RouteCategory{ name=Devices types=ROUTE_TYPE_USER  groupable=false }, supportedTypes=ROUTE_TYPE_USER , presentationDisplay=null }
01-25 01:24:54.903  4839  4839 V MediaRouter: Dispatching route change: UserRouteInfo{ name=XBR-65X900E, description=null, status=null, category=RouteCategory{ name=Devices types=ROUTE_TYPE_USER  groupable=false }, supportedTypes=ROUTE_TYPE_USER , presentationDisplay=null }
01-25 01:24:54.904  4839  4839 V MediaRouter: Dispatching route change: UserRouteInfo{ name=Master Bedroom, description=null, status=null, category=RouteCategory{ name=Devices types=ROUTE_TYPE_USER  groupable=false }, supportedTypes=ROUTE_TYPE_USER , presentationDisplay=null }
01-25 01:24:54.904  4839  4839 V MediaRouter: Dispatching route change: UserRouteInfo{ name=Master Bedroom, description=null, status=null, category=RouteCategory{ name=Devices types=ROUTE_TYPE_USER  groupable=false }, supportedTypes=ROUTE_TYPE_USER , presentationDisplay=null }
01-25 01:24:54.905  4839  4839 V MediaRouter: Dispatching route change: UserRouteInfo{ name=WilkinsonTivo, description=null, status=null, category=RouteCategory{ name=Devices types=ROUTE_TYPE_USER  groupable=false }, supportedTypes=ROUTE_TYPE_USER , presentationDisplay=null }
01-25 01:24:54.905  4839  4839 V MediaRouter: Dispatching route change: UserRouteInfo{ name=WilkinsonTivo, description=null, status=null, category=RouteCategory{ name=Devices types=ROUTE_TYPE_USER  groupable=false }, supportedTypes=ROUTE_TYPE_USER , presentationDisplay=null }
01-25 01:24:54.906  4839  4839 V MediaRouter: Dispatching route change: UserRouteInfo{ name=Roku Stick - 5S673X092305, description=null, status=null, category=RouteCategory{ name=Devices types=ROUTE_TYPE_USER  groupable=false }, supportedTypes=ROUTE_TYPE_USER , presentationDisplay=null }
01-25 01:24:54.906  4839  4839 V MediaRouter: Dispatching route change: UserRouteInfo{ name=Roku Stick - 5S673X092305, description=null, status=null, category=RouteCategory{ name=Devices types=ROUTE_TYPE_USER  groupable=false }, supportedTypes=ROUTE_TYPE_USER , presentationDisplay=null }
01-25 01:24:54.907  4839  4839 V MediaRouter: Dispatching route change: UserRouteInfo{ name=WilkinsonTivo, description=null, status=null, category=RouteCategory{ name=Devices types=ROUTE_TYPE_USER  groupable=false }, supportedTypes=ROUTE_TYPE_USER , presentationDisplay=null }
01-25 01:24:54.908  4839  4839 V MediaRouter: Dispatching route change: UserRouteInfo{ name=WilkinsonTivo, description=null, status=null, category=RouteCategory{ name=Devices types=ROUTE_TYPE_USER  groupable=false }, supportedTypes=ROUTE_TYPE_USER , presentationDisplay=null }
01-25 01:24:54.909  4839  4839 V MediaRouter: Dispatching route change: UserRouteInfo{ name=WilkinsonTivo, description=null, status=null, category=RouteCategory{ name=Devices types=ROUTE_TYPE_USER  groupable=false }, supportedTypes=ROUTE_TYPE_USER , presentationDisplay=null }
01-25 01:24:54.909  4839  4839 V MediaRouter: Dispatching route change: UserRouteInfo{ name=WilkinsonTivo, description=null, status=null, category=RouteCategory{ name=Devices types=ROUTE_TYPE_USER  groupable=false }, supportedTypes=ROUTE_TYPE_USER , presentationDisplay=null }
01-25 01:24:54.910  4839  4839 V MediaRouter: Dispatching route change: UserRouteInfo{ name=WilkinsonTivo, description=null, status=null, category=RouteCategory{ name=Devices types=ROUTE_TYPE_USER  groupable=false }, supportedTypes=ROUTE_TYPE_USER , presentationDisplay=null }
01-25 01:24:54.910  4839  4839 V MediaRouter: Dispatching route change: UserRouteInfo{ name=WilkinsonTivo, description=null, status=null, category=RouteCategory{ name=Devices types=ROUTE_TYPE_USER  groupable=false }, supportedTypes=ROUTE_TYPE_USER , presentationDisplay=null }
01-25 01:24:54.911  4839  4839 V MediaRouter: Dispatching route change: UserRouteInfo{ name=Roku Ultra - YP00GH254959, description=null, status=null, category=RouteCategory{ name=Devices types=ROUTE_TYPE_USER  groupable=false }, supportedTypes=ROUTE_TYPE_USER , presentationDisplay=null }
01-25 01:24:54.911  4839  4839 V MediaRouter: Dispatching route change: UserRouteInfo{ name=Roku Ultra - YP00GH254959, description=null, status=null, category=RouteCategory{ name=Devices types=ROUTE_TYPE_USER  groupable=false }, supportedTypes=ROUTE_TYPE_USER , presentationDisplay=null }
01-25 01:24:54.921  9651  9651 I Radio-JNI: register_android_hardware_Radio DONE
01-25 01:24:54.932  9651  9651 D ReflectionHelper: loadKlass() : caller=android.app.Activity.<clinit>:7555 <bottom of call stack> 
01-25 01:24:54.932  9651  9651 D ReflectionHelper: Reflecting method.....  class <onScreenChanged>
01-25 01:24:54.934  9651  9651 E SemAffinityControl: SemAffinityControl: registerfunction enter
01-25 01:24:54.948  9651  9651 D AndroidRuntime: Calling main entry com.android.commands.am.Am
01-25 01:24:54.973  3755  6080 I ActivityManager: START u0 {act=null typ=null flg=0x10000000 cmp=ComponentInfo{com.GeekTechnique.InfinityStack/com.epicgames.ue4.SplashActivity}} from uid 2000 on display 0
01-25 01:24:54.981  3755  6080 D ActivityManager: ActivityRecord() Constructor : multiScreenAttrs=MultiScreenAttrs{mDisplayId=0, mBaseDisplayId=0, mBaseActivity=false}
01-25 01:24:54.983  3755  6080 D CustomFrequencyManagerService: acquireDVFSLockLocked : type : DVFS_MIN_LIMIT  frequency : 2100000  uid : 1000  pid : 3755  pkgName : AMS_APP_SWITCH@CPU_MIN@19
01-25 01:24:54.985  3755  6080 D ActivityManagerPerformance: AMP_acquire() APP_SWITCH
01-25 01:24:54.985  3755  9977 D TelephonyManager: getAllCellInfo : Caller (PID / UID / TID): 3755 / 1000 / 9977
01-25 01:24:54.986  3755  6080 D ActivityTrigger: Activity is Triggerred in full screen 
01-25 01:24:54.987  3755  6080 D CompatibilityInfo: mCompatibilityFlags - 0
01-25 01:24:54.987  3755  6080 D CompatibilityInfo: applicationDensity - 420
01-25 01:24:54.987  3755  6080 D CompatibilityInfo: applicationScale - 1.0
01-25 01:24:54.987  3755  6080 D ActivityManager: moveToFront() : reason=startedActivity setFocusedActivity isAttached=true TaskRecord{2cc9c78d0 #1106 A=com.GeekTechnique.InfinityStack U=0 StackId=1 sz=1}
01-25 01:24:54.995  3755  6080 D InputDispatcher: Focused application set to: xxxx
01-25 01:24:54.996  3755  6080 D InputDispatcher: Focus left window: 4839
01-25 01:24:54.997  3755  6080 D ActivityManager: resumeTopActivityInnerLocked() : #1 prevTask=TaskRecord{2cc9c78d0 #1106 A=com.GeekTechnique.InfinityStack U=0 StackId=1 sz=1} next=ActivityRecord{22fd38cd0 u0 com.GeekTechnique.InfinityStack/com.epicgames.ue4.SplashActivity t1106} mFocusedStack=ActivityStack{7046066d0 stackId=1, 4 tasks}
01-25 01:24:54.997  3755  6080 D ActivityTrigger: ActivityTrigger activityPauseTrigger 
01-25 01:24:54.997  3755  6080 D GameManagerService: sem_perfomance_mode: 0
01-25 01:24:55.004  9651  9651 D AndroidRuntime: Shutting down VM
01-25 01:24:55.004  3755  4498 D ActivityManager: resumeTopActivityInnerLocked() : #1 prevTask=TaskRecord{ad5f555d0 #1103 A=com.google.android.youtube U=0 StackId=1 sz=1} next=ActivityRecord{22fd38cd0 u0 com.GeekTechnique.InfinityStack/com.epicgames.ue4.SplashActivity t1106} mFocusedStack=ActivityStack{7046066d0 stackId=1, 4 tasks}
01-25 01:24:55.005  3755  4498 D ActivityManager: applyOptionsLocked(), pendingOptions : null
01-25 01:24:55.006  3755  4498 D MountService: getExternalStorageMountMode : 3
01-25 01:24:55.006  3755  3790 D WindowManager: addWindow: android.view.ViewRootImpl$W@3701542 displayId=0
01-25 01:24:55.006  3755  4498 D MountService: getExternalStorageMountMode : 3
01-25 01:24:55.006  3755  4498 D MountService: getExternalStorageMountMode : final mountMode=3, uid : 10407, packageName : com.GeekTechnique.InfinityStack
01-25 01:24:55.006  3755  3790 D InputTransport: Input channel constructed: fd=403
01-25 01:24:55.006  3755  3790 D InputTransport: Input channel constructed: fd=475
01-25 01:24:55.006  3755  3790 D WindowManager: openInputChannel mInputChannel: 3f5953 Starting com.GeekTechnique.InfinityStack (server)
01-25 01:24:55.007  3755  3790 D ViewRootImpl@3e59f8d[InfinityStack]: setView = DecorView@1628290[InfinityStack] touchMode=true
01-25 01:24:55.021  9665  9665 E Zygote  : v2
01-25 01:24:55.021  9665  9665 I libpersona: KNOX_SDCARD checking this for 10407
01-25 01:24:55.021  9665  9665 I libpersona: KNOX_SDCARD not a persona
01-25 01:24:55.021  3755  3790 D ViewRootImpl@3e59f8d[InfinityStack]: dispatchAttachedToWindow
01-25 01:24:55.021  3755  4498 I ActivityManager: Start proc 9665:com.GeekTechnique.InfinityStack/u0a407 for activity com.GeekTechnique.InfinityStack/com.epicgames.ue4.SplashActivity
01-25 01:24:55.022  9665  9665 E Zygote  : accessInfo : 0
01-25 01:24:55.023  3755  3790 V WindowManager: Relayout Window{3f5953d0 u0 Starting com.GeekTechnique.InfinityStack}: viewVisibility=0 req=1079x1856 WM.LayoutParams{(0,0)(fillxfill) sim=#20 ty=3 fl=#1830518 pfl=0x20011 wanim=0x1030001 vsysui=0x400 needsMenuKey=2 naviIconColor=0}
01-25 01:24:55.023  9665  9665 W SELinux : SELinux selinux_android_compute_policy_index : Policy Index[2],  Con:u:r:zygote:s0 RAM:SEPF_SECMOBILE_7.0_0009, [-1 -1 -1 -1 0 1]
01-25 01:24:55.023  3219  3219 I SurfaceFlinger: id=3526 createSurf (1x1),1 flag=404, JnfinitySta
01-25 01:24:55.024  9665  9665 I SELinux : SELinux: seapp_context_lookup: seinfo=untrusted, level=s0:c512,c768, pkgname=com.GeekTechnique.InfinityStack 
01-25 01:24:55.028  9651  9651 I TMSDISP : AcsAndroidVirtualDisplayIntfImpl::~AcsAndroidVirtualDisplayIntfImpl - Enter
01-25 01:24:55.028  9651  9651 I TMSDISP : AcsAndroidVirtualDisplayIntfImpl::~AcsAndroidVirtualDisplayIntfImpl - Enter2
01-25 01:24:55.028  9651  9651 I TMSDISP : AcsAndroidVirtualDisplayIntfImpl::~AcsAndroidVirtualDisplayIntfImpl - mSource2
01-25 01:24:55.028  9651  9651 I TMSDISP : AcsAndroidVirtualDisplayIntfImpl::~AcsAndroidVirtualDisplayIntfImpl - Exit
01-25 01:24:55.029  9665  9665 I art     : Late-enabling -Xcheck:jni
01-25 01:24:55.040  3755  3790 D ViewRootImpl@3e59f8d[InfinityStack]: Relayout returned: oldFrame=[0,0][0,0] newFrame=[0,0][1080,1920] result=0x27 surface={isValid=true 517826968064} surfaceGenerationChanged=true
01-25 01:24:55.050  9665  9665 D TimaKeyStoreProvider: TimaKeyStore is not enabled: cannot add TimaSignature Service and generateKeyPair Service
01-25 01:24:55.075  3755  7362 D CompatibilityInfo: mCompatibilityFlags - 0
01-25 01:24:55.075  3755  7362 D CompatibilityInfo: applicationDensity - 420
01-25 01:24:55.075  3755  7362 D CompatibilityInfo: applicationScale - 1.0
01-25 01:24:55.076  3755  7362 I ActivityManager: DSS on for com.GeekTechnique.InfinityStack and scale is 1.0
01-25 01:24:55.076  3755  7362 D CompatibilityInfo: mCompatibilityFlags - 0
01-25 01:24:55.076  3755  7362 D CompatibilityInfo: applicationDensity - 420
01-25 01:24:55.077  3755  7362 D CompatibilityInfo: applicationScale - 1.0
01-25 01:24:55.077  3755  7362 V WindowOrientationListener: OrientationSensorJudge.getProposedRotation, Rotation: 0
01-25 01:24:55.077  3755  7362 V WindowOrientationListener: OrientationSensorJudge.getProposedRotation, Rotation: 0
01-25 01:24:55.077  3755  7362 V WindowManager: rotationForOrientationLw(orient=1, last=0); user=0  sensorRotation=0 mLidState=-1 mDockMode=0 mHdmiPlugged=false
01-25 01:24:55.082  3755  7362 D CompatibilityInfo: mCompatibilityFlags - 0
01-25 01:24:55.082  3755  7362 D CompatibilityInfo: applicationDensity - 420
01-25 01:24:55.082  3755  7362 D CompatibilityInfo: applicationScale - 1.0
01-25 01:24:55.083  3755  7362 D GameManagerService: sem_perfomance_mode: 0
01-25 01:24:55.083  3755  3755 D GameManagerService: NotifyRunnable. pkg: com.GeekTechnique.InfinityStack, type: 4, isMinimized: false, isTunableApp: false
01-25 01:24:55.083  3755  3755 D GameManagerService: do nothing. mKillNotiCount: 3
01-25 01:24:55.086  4839  4839 D ViewRootImpl@4279139[WatchWhileActivity]: MSG_WINDOW_FOCUS_CHANGED 0
01-25 01:24:55.088  5967  8175 D ForegroundUtils: could not check pending caller
01-25 01:24:55.094  3755  3790 D WindowManager: finishDrawingWindow: Window{3f5953d0 u0 Starting com.GeekTechnique.InfinityStack} mDrawState=DRAW_PENDING
01-25 01:24:55.103  3755  3775 D WindowManager: set systemUiVisibility of statusbar : vis= 0x408
01-25 01:24:55.105  3755  7395 D WindowManager: adjustSystemUiVisibilityLw : vis= 0x408
01-25 01:24:55.109  3755  3790 D ViewRootImpl@3e59f8d[InfinityStack]: MSG_RESIZED: ci=Rect(0, 0 - 0, 0) vi=Rect(0, 0 - 0, 0) or=1
01-25 01:24:55.112  4621  4621 D SwipeDoorsillDetector: reset()com.android.systemui.statusbar.phone.NotificationPanelView.resetViews:864 com.android.systemui.statusbar.phone.PanelBar.collapsePanel:173 com.android.systemui.statusbar.phone.PhoneStatusBar.setWindowState:4340 com.android.systemui.statusbar.CommandQueue$H.handleMessage:678 
01-25 01:24:55.121  3755  3767 V WindowManager: Relayout Window{b07c3e0d0 u0 SurfaceView - com.google.android.youtube/com.google.android.apps.youtube.app.WatchWhileActivity}: viewVisibility=8 req=1920x1080 WM.LayoutParams{(21,1601)(353x197) gr=#800033 ty=1001 fl=#4218 pfl=0x12040 fmt=4 naviIconColor=0}
01-25 01:24:55.126  4839  4839 D SurfaceView: Relayout returned: oldFrame=[21,1601][374,1798] newFrame=[21,1601][374,1798] result=0x5 surface={Surface(name=null)/@0xdea0713 isValid=false 0}
01-25 01:24:55.126  3755  9977 D GamePkgDataHelper: getGamePkgData(). com.GeekTechnique.InfinityStack
01-25 01:24:55.127  3755  9977 D GameManagerService: identifyGamePackage. com.GeekTechnique.InfinityStack
01-25 01:24:55.127  3755  9977 D GameManagerService: identifyGamePackage. com.GeekTechnique.InfinityStack
01-25 01:24:55.128  4839  9101 I ACodec  : [OMX.Exynos.vp9.dec] Now Executing->Idle
01-25 01:24:55.128  3250  9102 I EXYNOS_BASE_COMP: [0xe8fb1500][Exynos_OMX_ComponentStateSet] current:(OMX_StateExecuting) dest:(OMX_StateIdle)
01-25 01:24:55.128  3250  9102 I EXYNOS_BASE_PORT: [0xe8fb1500][Exynos_OMX_BufferFlushProcess] Flush input Port
01-25 01:24:55.128  3250  9112 W libexynosv4l2: failed to ioctl: VIDIOC_DQBUF (22 - Invalid argument)
01-25 01:24:55.129  3250  9102 I EXYNOS_BASE_PORT: [0xe8fb1500][Exynos_OMX_BufferFlushProcess] Flush output Port
01-25 01:24:55.129  3250  9111 W libexynosv4l2: failed to ioctl: VIDIOC_DQBUF (22 - Invalid argument)
01-25 01:24:55.131  3755  9977 D TelephonyManager: getAllCellInfo : Caller (PID / UID / TID): 3755 / 1000 / 9977
01-25 01:24:55.138  3755  9977 D GameManagerService: identifyGamePackage. com.GeekTechnique.InfinityStack
01-25 01:24:55.138  3755  9977 D GameManagerService: identifyGamePackage. com.GeekTechnique.InfinityStack
01-25 01:24:55.147  3250  9102 I EXYNOS_BASE_COMP: [0xe8fb1500][Exynos_OMX_ComponentStateSet] OMX_EventCmdComplete
01-25 01:24:55.149  3250  9102 I EXYNOS_BASE_COMP: [0xe8fb1500][Exynos_OMX_ComponentStateSet] current:(OMX_StateIdle) dest:(OMX_StateLoaded)
01-25 01:24:55.153  3250  9102 I EXYNOS_BASE_COMP: [0xe8fb1500][Exynos_OMX_ComponentStateSet] OMX_EventCmdComplete
01-25 01:24:55.153  4839  9101 I ACodec  : [OMX.Exynos.vp9.dec] Now Idle->Loaded
01-25 01:24:55.153  4839  9101 I ACodec  : [OMX.Exynos.vp9.dec] Now Loaded
01-25 01:24:55.153  4839  9101 I ACodec  :  [OMX.Exynos.vp9.dec] Now kWhatShutdownCompleted event : 8445
01-25 01:24:55.154  3755  4444 I ActivityManager: START u0 {act=null typ=null flg=0x10000 cmp=ComponentInfo{com.GeekTechnique.InfinityStack/com.epicgames.ue4.GameActivity}} from uid 10407 on display 0
01-25 01:24:55.156  3755  4444 D ActivityManager: ActivityRecord() Constructor : multiScreenAttrs=MultiScreenAttrs{mDisplayId=0, mBaseDisplayId=0, mBaseActivity=false}
01-25 01:24:55.157  3755  4444 D ActivityManager: moveToFront() : reason=intentActivityFound isAttached=true null
01-25 01:24:55.158  4839  9100 I MediaCodec: Codec shutdown complete
01-25 01:24:55.158  3755  4444 D ActivityManager: moveToFront() : reason=sourceStackToFront isAttached=true null
01-25 01:24:55.160  3755  4444 D ActivityTrigger: Activity is Triggerred in full screen 
01-25 01:24:55.161  3755  4444 D CompatibilityInfo: mCompatibilityFlags - 0
01-25 01:24:55.161  3755  4444 D CompatibilityInfo: applicationDensity - 420
01-25 01:24:55.161  3755  4444 D CompatibilityInfo: applicationScale - 1.0
01-25 01:24:55.161  3755  4444 D ActivityManager: moveToFront() : reason=startedActivity setFocusedActivity isAttached=true TaskRecord{2cc9c78d0 #1106 A=com.GeekTechnique.InfinityStack U=0 StackId=1 sz=2}
01-25 01:24:55.162  3755  4444 D InputDispatcher: Focused application set to: xxxx
01-25 01:24:55.163  3755  4444 D ActivityManager: resumeTopActivityInnerLocked() : #1 prevTask=TaskRecord{2cc9c78d0 #1106 A=com.GeekTechnique.InfinityStack U=0 StackId=1 sz=2} next=ActivityRecord{90f0a9ad0 u0 com.GeekTechnique.InfinityStack/com.epicgames.ue4.GameActivity t1106} mFocusedStack=ActivityStack{7046066d0 stackId=1, 4 tasks}
01-25 01:24:55.163  3755  4444 D ActivityTrigger: ActivityTrigger activityPauseTrigger 
01-25 01:24:55.163  3755  4444 D GameManagerService: sem_perfomance_mode: 0
01-25 01:24:55.165  4839  9101 I ACodec  :  [OMX.Exynos.vp9.dec] Now uninitialized
01-25 01:24:55.165  4839  9101 I ACodec  :  [] Now kWhatShutdownCompleted event : 8445
01-25 01:24:55.166  3755  3775 D WindowManager: set systemUiVisibility of statusbar : vis= 0x408
01-25 01:24:55.166  4839  9100 I MediaCodec: Codec shutdown complete
01-25 01:24:55.170  3755  7362 W MultiScreenManagerService: moveTaskBackToDisplayIfNeeded(): The task has more than one activity
01-25 01:24:55.186  4839  4839 D ViewRootImpl@4279139[WatchWhileActivity]: mHardwareRenderer.destroy()#1
01-25 01:24:55.189  3755  7364 V WindowManager: Relayout Window{4de9271d0 u0 com.google.android.youtube/com.google.android.apps.youtube.app.WatchWhileActivity}: viewVisibility=8 req=1080x1920 WM.LayoutParams{(0,0)(fillxfill) sim=#10 ty=1 fl=#81810100 pfl=0x20000 fmt=-3 wanim=0x1030465 vsysui=0x1700 sysuil=true needsMenuKey=2 naviIconColor=0}
01-25 01:24:55.194  4839  4839 D ViewRootImpl@4279139[WatchWhileActivity]: Relayout returned: oldFrame=[0,0][1080,1920] newFrame=[0,0][1080,1920] result=0x5 surface={isValid=false 0} surfaceGenerationChanged=true
01-25 01:24:55.208  3755  6080 D ActivityManager: setAppIconInfo(), x : 0, y : 0, width : 0, height : 0, isHomeItem : false
01-25 01:24:55.209  3755  6080 D ActivityManager: resumeTopActivityInnerLocked() : #1 prevTask=TaskRecord{2cc9c78d0 #1106 A=com.GeekTechnique.InfinityStack U=0 StackId=1 sz=2} next=ActivityRecord{90f0a9ad0 u0 com.GeekTechnique.InfinityStack/com.epicgames.ue4.GameActivity t1106} mFocusedStack=ActivityStack{7046066d0 stackId=1, 4 tasks}
01-25 01:24:55.209  3755  6080 D ActivityManager: applyOptionsLocked(), pendingOptions : null
01-25 01:24:55.214  3755  6080 D CompatibilityInfo: mCompatibilityFlags - 0
01-25 01:24:55.214  3755  6080 D CompatibilityInfo: applicationDensity - 420
01-25 01:24:55.214  3755  6080 D CompatibilityInfo: applicationScale - 1.0
01-25 01:24:55.215  3755  6080 D GameManagerService: sem_perfomance_mode: 0
01-25 01:24:55.215  3755  3755 D GameManagerService: NotifyRunnable. pkg: com.GeekTechnique.InfinityStack, type: 4, isMinimized: false, isTunableApp: false
01-25 01:24:55.215  3755  3755 D GameManagerService: do nothing. mKillNotiCount: 3
01-25 01:24:55.225  3755  4521 D MdnieScenarioControlService:  packageName : com.GeekTechnique.InfinityStack    className : com.epicgames.ue4.GameActivity
01-25 01:24:55.235  9665  9665 D OVRPlugin: JNI_OnLoad
01-25 01:24:55.301  9665  9665 D UE4     : Used memory before allocating anything was 53.44MB
01-25 01:24:55.324  3755  3764 I art     : Background partial concurrent mark sweep GC freed 81385(5MB) AllocSpace objects, 17(340KB) LOS objects, 20% free, 63MB/79MB, paused 3.065ms total 260.126ms
01-25 01:24:55.325  3219  3219 D libexynosgscaler: virtual CGscaler::~CGscaler()
01-25 01:24:55.325  3219  3219 D libexynosgscaler: virtual LibMpp::~LibMpp()
01-25 01:24:55.325  3219  3219 D         : virtual MppFactory::~MppFactory()
01-25 01:24:55.328  3755  4521 V MdnieScenarioControlService: Calling MdnieManager API(setContentMode(0))
01-25 01:24:55.329  3755  4521 D SemDisplaySolutionManagerService: where : application what : DEFAULT setScreenBrightnessScaleFactor(-1.0)
01-25 01:24:55.329  3755  4521 D PowerManagerService: [api] setScreenBrightnessScaleFactor: scaleFactor: -1.0 (uid: 1000 pid: 3755)
01-25 01:24:55.330  3755  4521 D SemDisplaySolutionManagerService: setMultipleScreenBrightness , application, DEFAULT, -1.0
01-25 01:24:55.330  3755  4521 V MdnieScenarioControlService: Calling SemDisplaySolutionManager API(setMultipleScreenBrightness(0)
01-25 01:24:55.332  3755  4521 I AudioService: audioEffectParam;audioHDR=0;packageName=com.GeekTechnique.InfinityStack
01-25 01:24:55.332  3755  4521 V MdnieScenarioControlService: setUIMode from UI function
01-25 01:24:55.347  3755  3767 D PackageManager: getComponentMetadataForIconTray : com.google.android.apps.youtube.app.application.Shell$HomeActivity does not exist in mServices
01-25 01:24:55.347  3755  3767 D PackageManager: getComponentMetadataForIconTray : com.google.android.apps.youtube.app.application.Shell$HomeActivity does not exist in mProviders
01-25 01:24:55.347  3755  3767 D PackageManager: getComponentMetadataForIconTray : com.google.android.apps.youtube.app.application.Shell$HomeActivity does not exist in mReceivers
01-25 01:24:55.349  4621  4621 I ApplicationPackageManager: load=com.google.android.youtube, bg=126-126, dr=126-126, forDefault=true
01-25 01:24:55.349  4621  4621 I ApplicationPackageManager: reset dr=126,126, bg=126,126
01-25 01:24:55.350  4621  4621 I ApplicationPackageManager: scaled rate=0.76881355, size=126, alpha=4, hold=26, target=126
01-25 01:24:55.440  7984  8144 D ClClient: Not sending keepalive.  Current connection state=STOPPED
01-25 01:24:55.511  9665  9665 D UE4     : In the JNI_OnLoad function
01-25 01:24:55.512  9665  9665 D UE4     : [JNI] - Failed to determine if app purchasing is enabled!
01-25 01:24:55.514  9665  9665 D UE4     : Path found as '/storage/emulated/0'
01-25 01:24:55.514  9665  9665 D UE4     : Font Path found as '/system/fonts/'
01-25 01:24:55.514  9665  9665 D UE4     : In the JNI_OnLoad function 5
01-25 01:24:55.533  9665  9665 V threaded_app: Creating: 0xddd2d960
01-25 01:24:55.534  9665  9683 V threaded_app: Config: mcc=311 mnc=480 lang=en cnt=US orien=1 touch=3 dens=420 keys=1 nav=1 keysHid=3 navHid=0 sdk=24 size=2 long=2 modetype=1 modenight=1
01-25 01:24:55.534  9665  9683 D UE4     : Entering native app glue main function
01-25 01:24:55.534  9665  9683 D UE4     : Created event thread
01-25 01:24:55.534  9665  9683 D UE4     : Entered AndroidMain()
01-25 01:24:55.534  9665  9684 D UE4     : Entering event processing thread engine entry point
01-25 01:24:55.534  9665  9684 D UE4     : Prepared looper for event thread
01-25 01:24:55.534  9665  9684 D UE4     : Passed callback initialization
01-25 01:24:55.534  9665  9684 D UE4     : Passed sensor initialization
01-25 01:24:55.536  9665  9683 D UE4     : Controller interface supported
01-25 01:24:55.536  3755  7396 E SensorService: getSensorList a sensor (MAX86900) without holding its required permission: com.samsung.permission.SSENSOR
01-25 01:24:55.536  3755  7396 I SensorService: Skipped sensor MAX86900 because it requires permission com.samsung.permission.SSENSOR and app op -1
01-25 01:24:55.536  3755  7396 E SensorService: getSensorList a sensor (HRM Ambient Light Canceling) without holding its required permission: com.samsung.permission.HRM_EXT
01-25 01:24:55.536  3755  7396 I SensorService: Skipped sensor HRM Ambient Light Canceling because it requires permission com.samsung.permission.HRM_EXT and app op -1
01-25 01:24:55.536  3755  7396 W ServiceManager: Permission failure: android.permission.BODY_SENSORS from uid=10407 pid=9665
01-25 01:24:55.536  3755  7396 E SensorService: getSensorList a sensor (HRMLED IR) without holding its required permission: android.permission.BODY_SENSORS
01-25 01:24:55.536  3755  7396 I SensorService: Skipped sensor HRMLED IR because it requires permission android.permission.BODY_SENSORS and app op 56
01-25 01:24:55.536  3755  7396 W ServiceManager: Permission failure: android.permission.BODY_SENSORS from uid=10407 pid=9665
01-25 01:24:55.536  3755  7396 E SensorService: getSensorList a sensor (HRMLED RED) without holding its required permission: android.permission.BODY_SENSORS
01-25 01:24:55.536  3755  7396 I SensorService: Skipped sensor HRMLED RED because it requires permission android.permission.BODY_SENSORS and app op 56
01-25 01:24:55.536  3755  7396 E SensorService: getSensorList a sensor (HRM Proximity detecting) without holding its required permission: com.samsung.permission.HRM_EXT
01-25 01:24:55.536  3755  7396 I SensorService: Skipped sensor HRM Proximity detecting because it requires permission com.samsung.permission.HRM_EXT and app op -1
01-25 01:24:55.536  3755  7396 E SensorService: getSensorList a sensor (HRM Sensor) without holding its required permission: com.samsung.permission.SSENSOR
01-25 01:24:55.536  3755  7396 I SensorService: Skipped sensor HRM Sensor because it requires permission com.samsung.permission.SSENSOR and app op -1
01-25 01:24:55.536  3755  7396 W ServiceManager: Permission failure: android.permission.BODY_SENSORS from uid=10407 pid=9665
01-25 01:24:55.536  3755  7396 E SensorService: getSensorList a sensor (HeartRate Sensor) without holding its required permission: android.permission.BODY_SENSORS
01-25 01:24:55.536  3755  7396 I SensorService: Skipped sensor HeartRate Sensor because it requires permission android.permission.BODY_SENSORS and app op 56
01-25 01:24:55.536  3755  7396 E SensorService: getSensorList a sensor (Sensor Diagnostic Monitor) without holding its required permission: com.samsung.permission.SSENSOR
01-25 01:24:55.536  3755  7396 I SensorService: Skipped sensor Sensor Diagnostic Monitor because it requires permission com.samsung.permission.SSENSOR and app op -1
01-25 01:24:55.568  9665  9665 D ViewRootImpl@4bdb50f[GameActivity]: ThreadedRenderer.create() translucent=false
01-25 01:24:55.569  3755  7368 D WindowManager: addWindow: android.view.IWindow$Stub$Proxy@8b2c254 displayId=0
01-25 01:24:55.570  3755  7368 D InputTransport: Input channel constructed: fd=357
01-25 01:24:55.570  3755  7368 D InputTransport: Input channel constructed: fd=522
01-25 01:24:55.570  3755  7368 D WindowManager: openInputChannel mInputChannel: f3c52f2 com.GeekTechnique.InfinityStack/com.epicgames.ue4.GameActivity (server)
01-25 01:24:55.571  3755  7368 D InputTransport: Input channel destroyed: fd=522
01-25 01:24:55.572  9665  9665 D InputTransport: Input channel constructed: fd=67
01-25 01:24:55.572  9665  9665 D ViewRootImpl@4bdb50f[GameActivity]: setView = DecorView@a8ad99c[GameActivity] touchMode=true
01-25 01:24:55.574  9665  9665 D UE4     : Target SDK is 26.  This may cause issues if permissions are denied by the user.
01-25 01:24:55.575  9665  9665 D PermissionFragment: Creating PlayGamesFragment
01-25 01:24:55.579  3755  7395 D BatteryService: !@BatteryListener : batteryPropertiesChanged!
01-25 01:24:55.579  3755  7395 D BatteryService: level:38, scale:100, status:2, health:2, present:true, voltage: 3874, temperature: 301, technology: Li-ion, AC powered:false, USB powered:true, POGO powered:false, Wireless powered:false, icon:17303694, invalid charger:0, maxChargingCurrent:0, maxChargingVoltage:0, chargeCounter:0
01-25 01:24:55.579  3755  7395 D BatteryService: online:6, current avg:658, charge type:1, power sharing:false, high voltage charger:false, capacity:280000, batterySWSelfDischarging:false, misc_event:0, current_now:328
01-25 01:24:55.579  3755  3755 D BatteryService: Sending ACTION_BATTERY_CHANGED.
01-25 01:24:55.580  3755  3792 D PowerManagerService: [PSM] lowPowerModeEnabled: true (mLowPowerModeSetting: true, mIsPowered: true, mAutoLowPowerModeConfigured: false, mBatteryLevel: 38, mLowBatteryTriggerLevel: 0, mUltraPowerSavingModeEnabled: false, mEmergencyModeEnabled: false)
01-25 01:24:55.585  3755  3755 V UiModeManager: updateLocked: null action, mDockState=0, category=null
01-25 01:24:55.585  3755  3755 D UiModeManager: updateConfigurationLocked: mDockState=0; mCarMode=false; mNightMode=1; uiMode=17
01-25 01:24:55.585  3755  3755 D GameManagerService: new battery level: 38
01-25 01:24:55.586  4621  4621 D KeyguardUpdateMonitor: received broadcast android.intent.action.BATTERY_CHANGED
01-25 01:24:55.588  4621  4621 D PowerUI : priorPlugType = 2 mPlugType =  2
01-25 01:24:55.590  4621  4621 D PowerUI.Notification: showChargingNotice oldChargingType : 1 currentChargingType : 1 oldChargingTime : 7271000 mChargingTime : 7260000
01-25 01:24:55.590  4621  4621 D PowerUI.Notification: showChargingNotification()
01-25 01:24:55.591  3755  3785 E BatteryStatsService: no controller energy info supplied
01-25 01:24:55.593  5021  5021 D PhoneApp: PhoneAppBroadcastReceiver onReceive android.intent.action.BATTERY_CHANGED
01-25 01:24:55.593  5021  5021 D TelephonyExtensionManager: lowBatterySound - isLowBatterySoundScheduled: false
01-25 01:24:55.593  5021  5021 D TelephonyExtensionManager: lowBatterySound - isPlayNow: false
01-25 01:24:55.593  5021  5021 D TelephonyExtensionManager: isSpeakerON - false
01-25 01:24:55.595  7776  7776 E MtpServerJNI: server is null in send_object_removed
01-25 01:24:55.596  7984  7984 I BatteryReceiver: now=1548397495596 source=USB level=0.38 health=GOOD
01-25 01:24:55.597  3755  4453 I ActivityManager: START u0 {act=android.content.pm.action.REQUEST_PERMISSIONS typ=null flg=0x0 cmp=ComponentInfo{com.google.android.packageinstaller/com.android.packageinstaller.permission.ui.GrantPermissionsActivity}} from uid 10407 on display 0
01-25 01:24:55.597  3755  4453 W ActivityManager: REQUEST_PERMISSIONS Action.
01-25 01:24:55.598  3755  4453 W ActivityManager: REQUEST_PERMISSIONS Action.
01-25 01:24:55.602  3755  4453 D ActivityManager: ActivityRecord() Constructor : multiScreenAttrs=MultiScreenAttrs{mDisplayId=0, mBaseDisplayId=0, mBaseActivity=false}
01-25 01:24:55.603  3755  4453 D CustomFrequencyManagerService: releaseDVFSLockLocked : Getting Lock type frm List : DVFS_MIN_LIMIT  frequency : 2100000  uid : 1000  pid : 3755  tag : AMS_APP_SWITCH@CPU_MIN@19
01-25 01:24:55.604  3755  4453 D CustomFrequencyManagerService: acquireDVFSLockLocked : type : DVFS_MIN_LIMIT  frequency : 2100000  uid : 1000  pid : 3755  pkgName : AMS_APP_SWITCH@CPU_MIN@19
01-25 01:24:55.611  3755  4453 D ActivityManagerPerformance: AMP_acquire() APP_SWITCH
01-25 01:24:55.611  3755  4453 D ActivityManager: moveToFront() : reason=sourceStackToFront isAttached=true null
01-25 01:24:55.612  3755  4453 D ActivityTrigger: Activity is Triggerred in full screen 
01-25 01:24:55.613  3755  4453 D CompatibilityInfo: mCompatibilityFlags - 0
01-25 01:24:55.613  3755  4453 D CompatibilityInfo: applicationDensity - 420
01-25 01:24:55.613  3755  4453 D CompatibilityInfo: applicationScale - 1.0
01-25 01:24:55.613  3755  4453 D ActivityManager: moveToFront() : reason=startedActivity setFocusedActivity isAttached=true TaskRecord{2cc9c78d0 #1106 A=com.GeekTechnique.InfinityStack U=0 StackId=1 sz=3}
01-25 01:24:55.613  3755  4453 D InputDispatcher: Focused application set to: xxxx
01-25 01:24:55.614  3755  4453 D ActivityManager: resumeTopActivityInnerLocked() : #1 prevTask=TaskRecord{2cc9c78d0 #1106 A=com.GeekTechnique.InfinityStack U=0 StackId=1 sz=3} next=ActivityRecord{7213d43d0 u0 com.google.android.packageinstaller/com.android.packageinstaller.permission.ui.GrantPermissionsActivity t1106} mFocusedStack=ActivityStack{7046066d0 stackId=1, 4 tasks}
01-25 01:24:55.614  3755  4453 D ActivityTrigger: ActivityTrigger activityPauseTrigger 
01-25 01:24:55.614  3755  4453 D GameManagerService: sem_perfomance_mode: 0
01-25 01:24:55.619  5021  5021 D TelephonyExtensionManager: lowBatterySound - batteryStatus: 2
01-25 01:24:55.619  5021  5021 D TelephonyExtensionManager: lowBatterySound - batteryLevel: 38
01-25 01:24:55.619  5021  5021 D TelephonyExtensionManager: lowBatterySound - cancel
01-25 01:24:55.619  3755  4444 D SamsungAlarmManager: Cancel Alarm calling from uid:1001 pid :5021 / op:PendingIntent{438ac3e: PendingIntentRecord{9ab141e com.android.phone broadcastIntent}}
01-25 01:24:55.620  5021  5021 D TelephonyExtension: Not stopping low battery tone
01-25 01:24:55.621  3755  3785 E BatteryStatsService: power: Missing API
01-25 01:24:55.621  3755  7344 D ApplicationPolicy: isStatusBarNotificationAllowedAsUser: packageName = com.android.systemui,userId = -1
01-25 01:24:55.623  4621  4621 D BatteryMeterDrawable: isSomethingChanged - true
01-25 01:24:55.623  4621  4621 D BatteryMeterDrawable: isSomethingChanged - true
01-25 01:24:55.625  4621  4621 D KeyguardUpdateMonitor: handleBatteryUpdate
01-25 01:24:55.626  4621  4621 D Tile.FlashlightTile: ACTION_BATTERY_CHANGED - Level :: 38, emEnabled :: false
01-25 01:24:55.628  9665  9665 D UE4     : Vulkan version: 1.0.3
01-25 01:24:55.628  9665  9665 D UE4     : Vulkan level: 1
01-25 01:24:55.630  9665  9665 D UE4     : Found DepthBufferPreference = 0
01-25 01:24:55.630  9665  9665 D UE4     : Found bPackageDataInsideApk = 0
01-25 01:24:55.630  9665  9665 D UE4     : Found ProjectName = StackerGame
01-25 01:24:55.630  9665  9665 D UE4     : Found AppType = 
01-25 01:24:55.631  9665  9665 D UE4     : Found bHasOBBFiles = 0
01-25 01:24:55.631  9665  9665 D UE4     : Found bVerifyOBBOnStartUp = false
01-25 01:24:55.631  9665  9665 D UE4     : UI hiding set to false
01-25 01:24:55.631  9665  9665 D UE4     : BuildConfiguration set to Development
01-25 01:24:55.631  9665  9665 D UE4     : UseExternalFilesDir set to false
01-25 01:24:55.631  9665  9665 D UE4     : AllowIMU set to true
01-25 01:24:55.631  9665  9665 D UE4     : SupportsVulkan set to false
01-25 01:24:55.631  9665  9665 D UE4     : No GearVR mode detected.
01-25 01:24:55.632  3755  3785 E BatteryStatsService: modem info is invalid: ModemActivityInfo{ mTimestamp=0 mSleepTimeMs=0 mIdleTimeMs=0 mTxTimeMs[]=[0, 0, 0, 0, 0] mRxTimeMs=0 mEnergyUsed=0}
01-25 01:24:55.656  3755  4459 D WifiStateMachine: Current network is: "wilkinson2.4" , ID is: 30
01-25 01:24:55.656  3755  4459 I WifiStateMachine: IMS calling, current network is always qualified
01-25 01:24:55.670  9665  9665 D libEGL  : loaded /vendor/lib/egl/libGLES_mali.so
01-25 01:24:55.680  4621  4621 D KeyguardServiceBoxContainer: updateCMAS() hasCmasNotification = false, mHasCMAS = false
01-25 01:24:55.700  9665  9689 D UE4     : Used memory: 64356
01-25 01:24:55.710  9665  9665 D UE4     : Hardware: SAMSUNG Exynos7420
01-25 01:24:55.710  9665  9665 D UE4     : ro.hardware: samsungexynos7420
01-25 01:24:55.711  9665  9665 D UE4     : Memory: 3662 MB
01-25 01:24:55.715  9665  9665 D UE4     : UseAffinity: false
01-25 01:24:55.715  9665  9665 D UE4     : BigCoreMask: 0xffff
01-25 01:24:55.715  9665  9665 D UE4     : LittleCoreMask: 0x0
01-25 01:24:55.717  9665  9665 D UE4     : APK path: /data/app/com.GeekTechnique.InfinityStack-1/base.apk
01-25 01:24:55.717  9665  9665 D UE4     : OBB in APK: false
01-25 01:24:55.719  9665  9665 D UE4     : InternalFilePath found as '/data/user/0/com.GeekTechnique.InfinityStack/files'
01-25 01:24:55.719  9665  9665 D UE4     : ExternalFilePath found as '/storage/emulated/0/Android/data/com.GeekTechnique.InfinityStack/files'
01-25 01:24:55.720  9665  9665 D UE4     : App is running in Portrait
01-25 01:24:55.720  9665  9665 D UE4     : Android version is 7.0
01-25 01:24:55.720  9665  9665 D UE4     : Android manufacturer is samsung
01-25 01:24:55.720  9665  9665 D UE4     : Android model is SM-N920V
01-25 01:24:55.720  9665  9665 D UE4     : Android build number is NRD90M.N920VVRS3CRH1
01-25 01:24:55.720  9665  9665 D UE4     : OS language is set to en_US
01-25 01:24:55.720  9665  9665 D UE4     : Debugger attached is false
01-25 01:24:55.744  9665  9670 I art     : Compiler allocated 4MB to compile void com.epicgames.ue4.GameActivity.onCreate(android.os.Bundle)
01-25 01:24:55.747  9665  9670 I art     : Do partial code cache collection, code=13KB, data=31KB
01-25 01:24:55.747  9665  9670 I art     : After code cache collection, code=13KB, data=31KB
01-25 01:24:55.747  9665  9670 I art     : Increasing code cache capacity to 128KB
01-25 01:24:55.761  9665  9665 W PopupManager: You have not specified a View to use as content view for popups. Falling back to the Activity content view. Note that this may not work as expected in multi-screen environments
01-25 01:24:55.763  9665  9665 D UE4     : ==============> GameActive.onCreate complete!
01-25 01:24:55.764  9665  9665 V threaded_app: Start: 0xddd2d960
01-25 01:24:55.764  9665  9684 V threaded_app: activityState=10
01-25 01:24:55.764  9665  9665 D UE4     : Creating console command broadcast listener
01-25 01:24:55.764  9665  9684 D UE4     : LogAndroidEvents: EnqueueAppEvent : 9, 0, tid = 9684
01-25 01:24:55.765  9665  9665 D UE4     : ==================================> Inside onStart function in GameActivity
01-25 01:24:55.768  9665  9665 V threaded_app: Resume: 0xddd2d960
01-25 01:24:55.768  9665  9684 V threaded_app: activityState=11
01-25 01:24:55.768  9665  9684 D UE4     : Case APP_CMD_RESUME
01-25 01:24:55.768  9665  9684 D UE4     : LogAndroidEvents: EnqueueAppEvent : 7, 0, tid = 9684
01-25 01:24:55.768  9665  9665 D UE4     : ==============> [JAVA] AndroidThunkJava_KeepScreenOn(false) - Enabled screen saver
01-25 01:24:55.768  9665  9665 D UE4     : Registering sensor listeners
01-25 01:24:55.783  9665  9665 D SensorManager: registerListener :: 0, K6DS3TR Acceleration Sensor, 20000, 0,  
01-25 01:24:55.784  3755  4448 I Sensors : Mag old sensor_state 1, new sensor_state : 17 en : 1
01-25 01:24:55.791  9665  9665 D SensorManager: registerListener :: 1, AK09911C Magnetic field Sensor, 20000, 0,  
01-25 01:24:55.792  3755  4444 I Sensors : Gyro old sensor_state 17, new sensor_state : 19 en : 1
01-25 01:24:55.799  9665  9665 D SensorManager: registerListener :: 3, K6DS3TR Gyroscope Sensor, 20000, 0,  
01-25 01:24:55.799  9665  9665 D UE4     : App is running in Portrait
01-25 01:24:55.799  9665  9665 D UE4     : ==============> Resuming main init
01-25 01:24:55.807  3755  4344 E Sensors : AccSensor : Meta event
