12-30 13:54:29.129  8652  8670 V threaded_app: New input event: type=2
12-30 13:54:29.132  3238  3481 I AudioMixer: create resampler src 32000, 1, dst 48000, 1, q 8
12-30 13:54:29.132  3238  3481 D SoundAliveResampler: [SoundAliveResampler] Init+++
12-30 13:54:29.147  8652  8670 V threaded_app: New input event: type=2
12-30 13:54:29.162  3759  4357 D SamsungAlarmManager: Expired : 8
12-30 13:54:29.163  3759  4357 I SamsungAlarmManager: setLocked to kernel - T:3 / 20181230T135500, SetElapsed=218552564, nowELAPSED=218521727
12-30 13:54:29.164  3759  4357 V SamsungAlarmManager: Sending to uid : 10059 action=null alarm=Alarm{29854d3 type 3 when 218521726 com.asurion.android.verizon.vms}
12-30 13:54:29.164  8652  8670 V threaded_app: New input event: type=2
12-30 13:54:29.171  3759  4357 D CompatibilityInfo: mCompatibilityFlags - 0
12-30 13:54:29.171  3759  4357 D CompatibilityInfo: applicationDensity - 420
12-30 13:54:29.172  3759  4357 D CompatibilityInfo: applicationScale - 1.0
12-30 13:54:29.181  8652  8670 V threaded_app: New input event: type=2
12-30 13:54:29.197  8652  8670 V threaded_app: New input event: type=2
12-30 13:54:29.198  3759 16756 D SamsungAlarmManager: setExact Intent (T:3/F:5/AC:false) 20181230T135434 - CU:10059/CP:487
12-30 13:54:29.200  3759 16756 I SamsungAlarmManager: setLocked to kernel - T:3 / 20181230T135434, SetElapsed=218526754, nowELAPSED=218521764
12-30 13:54:29.207 29219 29240 I Finsky  : [1540] com.google.android.finsky.bn.an.run(6): Stats for Executor: bgExecutor com.google.android.finsky.bn.ao@52a18a9[Running, pool size = 4, active threads = 0, queued tasks = 0, completed tasks = 10]
12-30 13:54:29.213  8652  8670 V threaded_app: New input event: type=2
12-30 13:54:29.223  3759  4395 D InputReader: Input event(3): value=0 when=73223889100000
12-30 13:54:29.223  3759  4395 D InputReader: Input event(3): value=0 when=73223889100000
12-30 13:54:29.224  3759  4395 I InputReader: Touch event's action is 0x1 (deviceType=0) [pCnt=1, s=] when=73223889100000
12-30 13:54:29.224  3759  4394 I InputDispatcher: Delivering touch to (8652): action: 0x1, toolType: 1
12-30 13:54:29.224  8652  8670 V threaded_app: New input event: type=2
12-30 13:54:29.225  8652  8652 D ViewRootImpl@eb23581[GameActivity]: ViewPostImeInputStage processPointer 1
12-30 13:54:29.256 29219 29240 I Finsky  : [1540] com.google.android.finsky.bn.an.run(6): Stats for Executor: SimChangeExecutor com.google.android.finsky.bn.ao@2262e2e[Running, pool size = 1, active threads = 1, queued tasks = 4, completed tasks = 0]
12-30 13:54:29.567 29219 29240 I Finsky  : [1540] com.google.android.finsky.bn.an.run(6): Stats for Executor: Db-xternal_referrer_status.db com.google.android.finsky.bn.ao@1e7ddcf[Running, pool size = 0, active threads = 0, queued tasks = 0, completed tasks = 1]
12-30 13:54:29.568 29219 29240 I Finsky  : [1540] com.google.android.finsky.bn.an.run(6): Stats for Executor: Db-split_install_service com.google.android.finsky.bn.ao@268b35c[Running, pool size = 0, active threads = 0, queued tasks = 0, completed tasks = 5]
12-30 13:54:29.570 29219 29240 I Finsky  : [1540] com.google.android.finsky.bn.an.run(6): Stats for Executor: SplitInstallBackgroundThread com.google.android.finsky.bn.ao@2629665[Running, pool size = 0, active threads = 0, queued tasks = 0, completed tasks = 1]
12-30 13:54:29.579 29219 29240 I Finsky  : [1540] com.google.android.finsky.bn.an.run(6): Stats for Executor: StorageAwareDownloadServiceManagerSpaceChecker com.google.android.finsky.bn.ao@2ae87eb[Running, pool size = 0, active threads = 0, queued tasks = 0, completed tasks = 0]
12-30 13:54:29.692  8652  8911 I AudioTrack: Skip ramp
12-30 13:54:29.778 29219 29240 I Finsky  : [1540] com.google.android.finsky.bn.an.run(6): Stats for Executor: Db-scheduler com.google.android.finsky.bn.ao@c7ba948[Running, pool size = 0, active threads = 0, queued tasks = 0, completed tasks = 26]
12-30 13:54:29.781 29219 29240 I Finsky  : [1540] com.google.android.finsky.bn.an.run(6): Stats for Executor: Db-frosting.db com.google.android.finsky.bn.ao@3eb33e1[Running, pool size = 0, active threads = 0, queued tasks = 0, completed tasks = 4]
12-30 13:54:29.783 29219 29240 I Finsky  : [1540] com.google.android.finsky.bn.an.run(6): Stats for Executor: Db-notification_cache com.google.android.finsky.bn.ao@5f9d506[Running, pool size = 0, active threads = 0, queued tasks = 0, completed tasks = 5]
12-30 13:54:29.792  3238  3362 I APM_AudioPolicyManager: stopOutput() output 21, stream 3, session 7393
12-30 13:54:30.012 29219 29240 I Finsky  : [1540] com.google.android.finsky.bn.an.run(6): Stats for Executor: InstallQueueDatabaseManager com.google.android.finsky.bn.ao@2ebb7c7[Running, pool size = 0, active threads = 0, queued tasks = 0, completed tasks = 7]
12-30 13:54:30.118 29219 29240 I Finsky  : [1540] com.google.android.finsky.bn.an.run(6): Stats for Executor: Db-scheduler_logging_store.db com.google.android.finsky.bn.ao@b4611f4[Running, pool size = 0, active threads = 0, queued tasks = 0, completed tasks = 6]
12-30 13:54:30.186  3759  4395 D InputReader: Input event(3): value=1 when=73224851875000
12-30 13:54:30.186  3759  4395 D InputReader: Input event(3): value=1 when=73224851875000
12-30 13:54:30.187  3759  4395 I InputReader: Touch event's action is 0x0 (deviceType=0) [pCnt=1, s=0.7310 ] when=73224851875000
12-30 13:54:30.187  3759  4394 I InputDispatcher: Delivering touch to (8652): action: 0x0, toolType: 1
12-30 13:54:30.188  8652  8670 V threaded_app: New input event: type=2
12-30 13:54:30.189  8652  8652 D ViewRootImpl@eb23581[GameActivity]: ViewPostImeInputStage processPointer 0
12-30 13:54:30.203  8652  8802 I libOpenSLES: Emulating old channel mask behavior (ignoring positional mask 0x4, using default mask 0x1 based on channel count of 1)
12-30 13:54:30.204  8652  8802 W AudioTrack: AUDIO_OUTPUT_FLAG_FAST denied by client; transfer 1, track 44100 Hz, output 48000 Hz
12-30 13:54:30.204  3238  3238 I AudioFlinger: add dynamic flag, can move to deep thread, session 7401
12-30 13:54:30.205  3759  4465 D WifiStateMachine: Current network is: "wilkinson2.4" , ID is: 30
12-30 13:54:30.205  3759  4465 I WifiStateMachine: IMS calling, current network is always qualified
12-30 13:54:30.206  8652  8802 D AudioTrack: Client defaulted notificationFrames to 590 for frameCount 1772
12-30 13:54:30.206  8652  8802 I AudioTrack: This process already got info. FadeIn[0] FadeOut[0] FadeInRing[0]
12-30 13:54:30.207  3238 17425 W AudioPolicyIntefaceImpl: Skipped to add effects on session 7401
12-30 13:54:30.207  3238 17425 I APM_AudioPolicyManager: startOutput() output 21, stream 3, session 7401
12-30 13:54:30.216  8652  8670 V threaded_app: New input event: type=2
12-30 13:54:30.232  8652  8670 V threaded_app: New input event: type=2
12-30 13:54:30.232  3238  3481 I AudioMixer: create resampler src 44100, 1, dst 48000, 1, q 8
12-30 13:54:30.232  3238  3481 D SoundAliveResampler: [SoundAliveResampler] Init+++
12-30 13:54:30.248  8652  8670 V threaded_app: New input event: type=2
12-30 13:54:30.266  8652  8670 V threaded_app: New input event: type=2
12-30 13:54:30.273  3759  4395 D InputReader: Input event(3): value=0 when=73224938620000
12-30 13:54:30.273  3759  4395 D InputReader: Input event(3): value=0 when=73224938620000
12-30 13:54:30.273  3759  4395 I InputReader: Touch event's action is 0x1 (deviceType=0) [pCnt=1, s=] when=73224938620000
12-30 13:54:30.273  3759  4394 I InputDispatcher: Delivering touch to (8652): action: 0x1, toolType: 1
12-30 13:54:30.274  8652  8670 V threaded_app: New input event: type=2
12-30 13:54:30.275  8652  8670 V threaded_app: New input event: type=2
12-30 13:54:30.276  8652  8652 D ViewRootImpl@eb23581[GameActivity]: ViewPostImeInputStage processPointer 1
12-30 13:54:30.661 29219 29240 I Finsky  : [1540] com.google.android.finsky.bn.an.run(6): Stats for Executor: InstallBackgroundThread com.google.android.finsky.bn.ao@d062d1d[Running, pool size = 0, active threads = 0, queued tasks = 0, completed tasks = 0]
12-30 13:54:30.665 29219 29240 I Finsky  : [1540] com.google.android.finsky.bn.an.run(6): Stats for Executor: Db-install_service com.google.android.finsky.bn.ao@ece3b92[Running, pool size = 0, active threads = 0, queued tasks = 0, completed tasks = 0]
12-30 13:54:30.669 29219 29240 I Finsky  : [1540] com.google.android.finsky.bn.an.run(6): Stats for Executor: InstallBackgroundThread com.google.android.finsky.bn.ao@8e20963[Running, pool size = 0, active threads = 0, queued tasks = 0, completed tasks = 0]
12-30 13:54:30.834  8652  8915 I AudioTrack: Skip ramp
12-30 13:54:30.934  3238  3362 I APM_AudioPolicyManager: stopOutput() output 21, stream 3, session 7401
12-30 13:54:31.247  3759  4395 D InputReader: Input event(3): value=1 when=73225912664000
12-30 13:54:31.247  3759  4395 D InputReader: Input event(3): value=1 when=73225912664000
12-30 13:54:31.247  3759  4395 I InputReader: Touch event's action is 0x0 (deviceType=0) [pCnt=1, s=0.7311 ] when=73225912664000
12-30 13:54:31.248  3759  4394 I InputDispatcher: Delivering touch to (8652): action: 0x0, toolType: 1
12-30 13:54:31.248  8652  8670 V threaded_app: New input event: type=2
12-30 13:54:31.249  8652  8652 D ViewRootImpl@eb23581[GameActivity]: ViewPostImeInputStage processPointer 0
12-30 13:54:31.266  8652  8802 I libOpenSLES: Emulating old channel mask behavior (ignoring positional mask 0x4, using default mask 0x1 based on channel count of 1)
12-30 13:54:31.268  8652  8670 V threaded_app: New input event: type=2
12-30 13:54:31.270  8652  8802 W AudioTrack: AUDIO_OUTPUT_FLAG_FAST denied by client; transfer 1, track 44100 Hz, output 48000 Hz
12-30 13:54:31.270  3238 10754 I AudioFlinger: add dynamic flag, can move to deep thread, session 7409
12-30 13:54:31.271  8652  8802 D AudioTrack: Client defaulted notificationFrames to 590 for frameCount 1772
12-30 13:54:31.272  8652  8802 I AudioTrack: This process already got info. FadeIn[0] FadeOut[0] FadeInRing[0]
12-30 13:54:31.272  3238  3238 W AudioPolicyIntefaceImpl: Skipped to add effects on session 7409
12-30 13:54:31.272  3238  3238 I APM_AudioPolicyManager: startOutput() output 21, stream 3, session 7409
12-30 13:54:31.284  8652  8670 V threaded_app: New input event: type=2
12-30 13:54:31.294  3238  3481 I AudioMixer: create resampler src 44100, 1, dst 48000, 1, q 8
12-30 13:54:31.294  3238  3481 D SoundAliveResampler: [SoundAliveResampler] Init+++
12-30 13:54:31.301  8652  8670 V threaded_app: New input event: type=2
12-30 13:54:31.319  8652  8670 V threaded_app: New input event: type=2
12-30 13:54:31.322  3759  4395 D InputReader: Input event(3): value=0 when=73225987942000
12-30 13:54:31.322  3759  4395 D InputReader: Input event(3): value=0 when=73225987942000
12-30 13:54:31.322  3759  4395 I InputReader: Touch event's action is 0x1 (deviceType=0) [pCnt=1, s=] when=73225987942000
12-30 13:54:31.323  3759  4394 I InputDispatcher: Delivering touch to (8652): action: 0x1, toolType: 1
12-30 13:54:31.324  8652  8670 V threaded_app: New input event: type=2
12-30 13:54:31.326  8652  8670 V threaded_app: New input event: type=2
12-30 13:54:31.328  8652  8652 D ViewRootImpl@eb23581[GameActivity]: ViewPostImeInputStage processPointer 1
12-30 13:54:31.896  8652  8918 I AudioTrack: Skip ramp
12-30 13:54:31.996  3238  3362 I APM_AudioPolicyManager: stopOutput() output 21, stream 3, session 7409
12-30 13:54:32.256  3759  4395 D InputReader: Input event(3): value=1 when=73226921607000
12-30 13:54:32.256  3759  4395 D InputReader: Input event(3): value=1 when=73226921607000
12-30 13:54:32.256  3759  4395 I InputReader: Touch event's action is 0x0 (deviceType=0) [pCnt=1, s=0.7312 ] when=73226921607000
12-30 13:54:32.256  3759  4394 I InputDispatcher: Delivering touch to (8652): action: 0x0, toolType: 1
12-30 13:54:32.257  8652  8670 V threaded_app: New input event: type=2
12-30 13:54:32.260  8652  8652 D ViewRootImpl@eb23581[GameActivity]: ViewPostImeInputStage processPointer 0
12-30 13:54:32.274  8652  8802 I libOpenSLES: Emulating old channel mask behavior (ignoring positional mask 0x4, using default mask 0x1 based on channel count of 1)
12-30 13:54:32.275  8652  8802 W AudioTrack: AUDIO_OUTPUT_FLAG_FAST denied by client; transfer 1, track 32000 Hz, output 48000 Hz
12-30 13:54:32.275  3238  3238 I AudioFlinger: add dynamic flag, can move to deep thread, session 7417
12-30 13:54:32.276  8652  8802 D AudioTrack: Client defaulted notificationFrames to 429 for frameCount 1288
12-30 13:54:32.276  8652  8802 I AudioTrack: This process already got info. FadeIn[0] FadeOut[0] FadeInRing[0]
12-30 13:54:32.277  3238 17425 W AudioPolicyIntefaceImpl: Skipped to add effects on session 7417
12-30 13:54:32.277  3238 17425 I APM_AudioPolicyManager: startOutput() output 21, stream 3, session 7417
12-30 13:54:32.287  8652  8670 V threaded_app: New input event: type=2
12-30 13:54:32.296  3238  3481 I AudioMixer: create resampler src 32000, 1, dst 48000, 1, q 8
12-30 13:54:32.296  3238  3481 D SoundAliveResampler: [SoundAliveResampler] Init+++
12-30 13:54:32.303  8652  8670 V threaded_app: New input event: type=2
12-30 13:54:32.320  8652  8670 V threaded_app: New input event: type=2
12-30 13:54:32.336  8652  8670 V threaded_app: New input event: type=2
12-30 13:54:32.355  8652  8670 V threaded_app: New input event: type=2
12-30 13:54:32.369  8652  8670 V threaded_app: New input event: type=2
12-30 13:54:32.387  8652  8670 V threaded_app: New input event: type=2
12-30 13:54:32.403  8652  8670 V threaded_app: New input event: type=2
12-30 13:54:32.408  3759  4395 D InputReader: Input event(3): value=0 when=73227073251000
12-30 13:54:32.408  3759  4395 D InputReader: Input event(3): value=0 when=73227073251000
12-30 13:54:32.408  3759  4395 I InputReader: Touch event's action is 0x1 (deviceType=0) [pCnt=1, s=] when=73227073251000
12-30 13:54:32.408  8652  8670 V threaded_app: New input event: type=2
12-30 13:54:32.408  3759  4394 I InputDispatcher: Delivering touch to (8652): action: 0x1, toolType: 1
12-30 13:54:32.409  8652  8652 D ViewRootImpl@eb23581[GameActivity]: ViewPostImeInputStage processPointer 1
12-30 13:54:32.410  3759  9132 D GameManagerService: identifyGamePackage. com.GeekTechnique.InfinityStack
12-30 13:54:32.541  5693  5693 D io_stats: !@   8,0 r 988689 28963192 w 837233 15791276 d 141809 8853324 f 180169 180135 iot 1247620 812768 th 61440 61440 51480 pt 1340 inp 0 0 73227.206
12-30 13:54:32.560  3759  5060 D BatteryService: !@BatteryListener : batteryPropertiesChanged!
12-30 13:54:32.561  3759  5060 D BatteryService: level:39, scale:100, status:2, health:2, present:true, voltage: 3884, temperature: 316, technology: Li-ion, AC powered:false, USB powered:true, POGO powered:false, Wireless powered:false, icon:17303694, invalid charger:0, maxChargingCurrent:0, maxChargingVoltage:0, chargeCounter:0
12-30 13:54:32.561  3759  5060 D BatteryService: online:6, current avg:541, charge type:1, power sharing:false, high voltage charger:false, capacity:280000, batterySWSelfDischarging:false, misc_event:0, current_now:557
12-30 13:54:32.561  3759  3759 D BatteryService: Sending ACTION_BATTERY_CHANGED.
12-30 13:54:32.566  3759  3759 V UiModeManager: updateLocked: null action, mDockState=0, category=null
12-30 13:54:32.566  3759  3759 D UiModeManager: updateConfigurationLocked: mDockState=0; mCarMode=false; mNightMode=1; uiMode=17
12-30 13:54:32.567  3759  3759 D GameManagerService: new battery level: 39
12-30 13:54:32.569  4634  4634 D KeyguardUpdateMonitor: received broadcast android.intent.action.BATTERY_CHANGED
12-30 13:54:32.569  4634  4634 D KeyguardUpdateMonitor: handleBatteryUpdate
12-30 13:54:32.572  4634  4634 D PowerUI : priorPlugType = 2 mPlugType =  2
12-30 13:54:32.573  4634  4634 D PowerUI.Notification: showChargingNotice oldChargingType : 1 currentChargingType : 1 oldChargingTime : 6598000 mChargingTime : 6587000
12-30 13:54:32.573  4634  4634 D PowerUI.Notification: showChargingNotification()
12-30 13:54:32.578  5029  5029 D PhoneApp: PhoneAppBroadcastReceiver onReceive android.intent.action.BATTERY_CHANGED
12-30 13:54:32.579  5029  5029 D TelephonyExtensionManager: lowBatterySound - isLowBatterySoundScheduled: false
12-30 13:54:32.579  5029  5029 D TelephonyExtensionManager: lowBatterySound - isPlayNow: false
12-30 13:54:32.579  5029  5029 D TelephonyExtensionManager: isSpeakerON - false
12-30 13:54:32.588  5029  5029 D TelephonyExtensionManager: lowBatterySound - batteryStatus: 2
12-30 13:54:32.588  5029  5029 D TelephonyExtensionManager: lowBatterySound - batteryLevel: 39
12-30 13:54:32.588  5029  5029 D TelephonyExtensionManager: lowBatterySound - cancel
12-30 13:54:32.589  3759  7291 D SamsungAlarmManager: Cancel Alarm calling from uid:1001 pid :5029 / op:PendingIntent{ae3cf09: PendingIntentRecord{3268d2c com.android.phone broadcastIntent}}
12-30 13:54:32.589  3759  6071 D ApplicationPolicy: isStatusBarNotificationAllowedAsUser: packageName = com.android.systemui,userId = -1
12-30 13:54:32.589  5029  5029 D TelephonyExtension: Not stopping low battery tone
12-30 13:54:32.591  4634  4634 D BatteryMeterDrawable: isSomethingChanged - false
12-30 13:54:32.591  4634  4634 D BatteryMeterDrawable: isSomethingChanged - false
12-30 13:54:32.595  4634  4634 D Tile.FlashlightTile: ACTION_BATTERY_CHANGED - Level :: 39, emEnabled :: false
12-30 13:54:32.642  4634  4634 D KeyguardServiceBoxContainer: updateCMAS() hasCmasNotification = false, mHasCMAS = false
12-30 13:54:32.856  8652  8921 I AudioTrack: Skip ramp
12-30 13:54:32.956  3238  3362 I APM_AudioPolicyManager: stopOutput() output 21, stream 3, session 7417
12-30 13:54:33.215  3759  4465 D WifiStateMachine: Current network is: "wilkinson2.4" , ID is: 30
12-30 13:54:33.215  3759  4465 I WifiStateMachine: IMS calling, current network is always qualified
12-30 13:54:33.226  3759  4395 D InputReader: Input event(3): value=1 when=73227892066000
12-30 13:54:33.227  3759  4395 D InputReader: Input event(3): value=1 when=73227892066000
12-30 13:54:33.227  3759  4395 I InputReader: Touch event's action is 0x0 (deviceType=0) [pCnt=1, s=0.7313 ] when=73227892066000
12-30 13:54:33.227  3759  4394 I InputDispatcher: Delivering touch to (8652): action: 0x0, toolType: 1
12-30 13:54:33.228  8652  8670 V threaded_app: New input event: type=2
12-30 13:54:33.230  8652  8652 D ViewRootImpl@eb23581[GameActivity]: ViewPostImeInputStage processPointer 0
12-30 13:54:33.244  8652  8802 I libOpenSLES: Emulating old channel mask behavior (ignoring positional mask 0x4, using default mask 0x1 based on channel count of 1)
12-30 13:54:33.245  8652  8802 W AudioTrack: AUDIO_OUTPUT_FLAG_FAST denied by client; transfer 1, track 32000 Hz, output 48000 Hz
12-30 13:54:33.245  3238  4228 I AudioFlinger: add dynamic flag, can move to deep thread, session 7425
12-30 13:54:33.246  8652  8802 D AudioTrack: Client defaulted notificationFrames to 429 for frameCount 1288
12-30 13:54:33.247  8652  8802 I AudioTrack: This process already got info. FadeIn[0] FadeOut[0] FadeInRing[0]
12-30 13:54:33.247  3238  3238 W AudioPolicyIntefaceImpl: Skipped to add effects on session 7425
12-30 13:54:33.248  3238  3238 I APM_AudioPolicyManager: startOutput() output 21, stream 3, session 7425
12-30 13:54:33.255  8652  8670 V threaded_app: New input event: type=2
12-30 13:54:33.272  8652  8670 V threaded_app: New input event: type=2
12-30 13:54:33.276  3238  3481 I AudioMixer: create resampler src 32000, 1, dst 48000, 1, q 8
12-30 13:54:33.277  3238  3481 D SoundAliveResampler: [SoundAliveResampler] Init+++
12-30 13:54:33.288  8652  8670 V threaded_app: New input event: type=2
12-30 13:54:33.305  8652  8670 V threaded_app: New input event: type=2
12-30 13:54:33.321  8652  8670 V threaded_app: New input event: type=2
12-30 13:54:33.338  8652  8670 V threaded_app: New input event: type=2
12-30 13:54:33.354  8652  8670 V threaded_app: New input event: type=2
12-30 13:54:33.367  3759  4395 D InputReader: Input event(3): value=0 when=73228032342000
12-30 13:54:33.367  3759  4395 D InputReader: Input event(3): value=0 when=73228032342000
12-30 13:54:33.367  3759  4395 I InputReader: Touch event's action is 0x1 (deviceType=0) [pCnt=1, s=] when=73228032342000
12-30 13:54:33.367  3759  4394 I InputDispatcher: Delivering touch to (8652): action: 0x1, toolType: 1
12-30 13:54:33.368  8652  8670 V threaded_app: New input event: type=2
12-30 13:54:33.369  8652  8652 D ViewRootImpl@eb23581[GameActivity]: ViewPostImeInputStage processPointer 1
12-30 13:54:33.819  8652  8923 I AudioTrack: Skip ramp
12-30 13:54:33.918  3238  3362 I APM_AudioPolicyManager: stopOutput() output 21, stream 3, session 7425
12-30 13:54:33.984  8652  8672 D UE4     : Used memory: 223660
12-30 13:54:34.043  3759  9132 D SSRM:t  : SIOP:: AP = 410, PST = 379 (W:10), CP = 281, CUR = 579, LCD = 115
12-30 13:54:34.051  3759  9132 D ConnectivityService: filterNetworkStateForUid() uid: 1000 networkInfo: [type: WIFI[] - WIFI, state: CONNECTED/CONNECTED, reason: (unspecified), extra: "wilkinson2.4", failover: false, available: true, roaming: false, metered: false]
12-30 13:54:34.100  3759  4395 D InputReader: Input event(3): value=1 when=73228765364000
12-30 13:54:34.100  3759  4395 D InputReader: Input event(3): value=1 when=73228765364000
12-30 13:54:34.100  3759  4395 I InputReader: Touch event's action is 0x0 (deviceType=0) [pCnt=1, s=0.7314 ] when=73228765364000
12-30 13:54:34.100  3759  4394 I InputDispatcher: Delivering touch to (8652): action: 0x0, toolType: 1
12-30 13:54:34.101  3759  4394 D PowerManagerService: [api] userActivityFromNative : 20 (event: 2 flags: 0) eventTime = 73228765
12-30 13:54:34.101  8652  8670 V threaded_app: New input event: type=2
12-30 13:54:34.102  8652  8652 D ViewRootImpl@eb23581[GameActivity]: ViewPostImeInputStage processPointer 0
12-30 13:54:34.124  8652  8670 V threaded_app: New input event: type=2
12-30 13:54:34.131  8652  8669 D UE4     : [2018.12.30-18.54.34:131][977]LogUMG: Display: Widget Class NewHighScore_C - Loaded Fast Template.
12-30 13:54:34.135  8652  8669 D UE4     : [2018.12.30-18.54.34:135][977]LogOnlineLeaderboard: Display: OSS: WriteLeaderboards
12-30 13:54:34.135  8652  8669 D UE4     : [2018.12.30-18.54.34:135][977]LogOnlineLeaderboard: Display: OSS: Going through stats for leaderboard :  NormalHighScore 
12-30 13:54:34.136  8652  8669 D UE4     : [2018.12.30-18.54.34:135][977]LogOnlineLeaderboard: Display: OSS: Here's a stat
12-30 13:54:34.136  8652  8669 D UE4     : [2018.12.30-18.54.34:136][977]LogOnlineLeaderboard: Display: OSS: FOnlineLeaderboardsGooglePlay::WriteLeaderboards() Int32 value Score: 17 
12-30 13:54:34.136  8652  8669 D UE4     : [2018.12.30-18.54.34:136][977]LogOnlineLeaderboard: Display: OSS: flush leaderboards session name :GameSession
12-30 13:54:34.140  8652  8670 V threaded_app: New input event: type=2
12-30 13:54:34.152  8652  8802 I libOpenSLES: Emulating old channel mask behavior (ignoring positional mask 0x3, using default mask 0x3 based on channel count of 2)
12-30 13:54:34.154  8652  8802 W AudioTrack: AUDIO_OUTPUT_FLAG_FAST denied by client; transfer 1, track 44100 Hz, output 48000 Hz
12-30 13:54:34.154  3238 12663 I AudioFlinger: add dynamic flag, can move to deep thread, session 7433
12-30 13:54:34.157  8652  8802 D AudioTrack: Client defaulted notificationFrames to 590 for frameCount 1772
12-30 13:54:34.158  8652  8802 I AudioTrack: This process already got info. FadeIn[0] FadeOut[0] FadeInRing[0]
12-30 13:54:34.158  3238 17425 W AudioPolicyIntefaceImpl: Skipped to add effects on session 7433
12-30 13:54:34.158  8652  8670 V threaded_app: New input event: type=2
12-30 13:54:34.159  3238 17425 I APM_AudioPolicyManager: startOutput() output 21, stream 3, session 7433
12-30 13:54:34.172  8652  8670 V threaded_app: New input event: type=2
12-30 13:54:34.178  3238  3481 I AudioMixer: create resampler src 44100, 2, dst 48000, 2, q 8
12-30 13:54:34.178  3238  3481 D SoundAliveResampler: [SoundAliveResampler] Init+++
12-30 13:54:34.190  3759  4357 D SamsungAlarmManager: Expired : 8
12-30 13:54:34.191  3759  4357 I SamsungAlarmManager: setLocked to kernel - T:3 / 20181230T135500, SetElapsed=218552564, nowELAPSED=218526754
12-30 13:54:34.191  3759  4357 V SamsungAlarmManager: Sending to uid : 10059 action=null alarm=Alarm{60a150e type 3 when 218526754 com.asurion.android.verizon.vms}
12-30 13:54:34.198  3759  4357 D CompatibilityInfo: mCompatibilityFlags - 0
12-30 13:54:34.198  3759  4357 D CompatibilityInfo: applicationDensity - 420
12-30 13:54:34.198  3759  4357 D CompatibilityInfo: applicationScale - 1.0
12-30 13:54:34.207  8652  8670 V threaded_app: New input event: type=2
12-30 13:54:34.219  3759 10295 D SamsungAlarmManager: setExact Intent (T:3/F:5/AC:false) 20181230T135439 - CU:10059/CP:487
12-30 13:54:34.219  3759 10295 I SamsungAlarmManager: setLocked to kernel - T:3 / 20181230T135439, SetElapsed=218531776, nowELAPSED=218526783
12-30 13:54:34.240  8652  8670 V threaded_app: New input event: type=2
12-30 13:54:34.306  8652  8670 V threaded_app: New input event: type=2
12-30 13:54:34.328  3759  4395 D InputReader: Input event(3): value=0 when=73228993426000
12-30 13:54:34.328  3759  4395 D InputReader: Input event(3): value=0 when=73228993426000
12-30 13:54:34.328  3759  4395 I InputReader: Touch event's action is 0x1 (deviceType=0) [pCnt=1, s=] when=73228993426000
12-30 13:54:34.328  3759  4394 I InputDispatcher: Delivering touch to (8652): action: 0x1, toolType: 1
12-30 13:54:34.329  8652  8670 V threaded_app: New input event: type=2
12-30 13:54:34.330  8652  8652 D ViewRootImpl@eb23581[GameActivity]: ViewPostImeInputStage processPointer 1
12-30 13:54:34.745  8652  8927 I AudioTrack: Skip ramp
12-30 13:54:34.838  3238  3362 I APM_AudioPolicyManager: stopOutput() output 21, stream 3, session 7433
12-30 13:54:36.144  3759  4395 D InputReader: Input event(3): value=1 when=73230809899000
12-30 13:54:36.144  3759  4395 D InputReader: Input event(3): value=1 when=73230809899000
12-30 13:54:36.145  3759  4395 I InputReader: Touch event's action is 0x0 (deviceType=0) [pCnt=1, s=0.7315 ] when=73230809899000
12-30 13:54:36.145  3759  4394 I InputDispatcher: Delivering touch to (8652): action: 0x0, toolType: 1
12-30 13:54:36.151  8652  8670 V threaded_app: New input event: type=2
12-30 13:54:36.152  8652  8652 D ViewRootImpl@eb23581[GameActivity]: ViewPostImeInputStage processPointer 0
12-30 13:54:36.182  8652  8670 V threaded_app: New input event: type=2
12-30 13:54:36.193  8652  8670 V threaded_app: New input event: type=2
12-30 13:54:36.211  8652  8670 V threaded_app: New input event: type=2
12-30 13:54:36.229  8652  8670 V threaded_app: New input event: type=2
12-30 13:54:36.232  3759  4465 D WifiStateMachine: Current network is: "wilkinson2.4" , ID is: 30
12-30 13:54:36.232  3759  4465 I WifiStateMachine: IMS calling, current network is always qualified
12-30 13:54:36.244  8652  8670 V threaded_app: New input event: type=2
12-30 13:54:36.260  8652  8670 V threaded_app: New input event: type=2
12-30 13:54:36.263  3759  4395 D InputReader: Input event(3): value=0 when=73230928696000
12-30 13:54:36.263  3759  4395 D InputReader: Input event(3): value=0 when=73230928696000
12-30 13:54:36.263  3759  4395 I InputReader: Touch event's action is 0x1 (deviceType=0) [pCnt=1, s=] when=73230928696000
12-30 13:54:36.264  3759  4394 I InputDispatcher: Delivering touch to (8652): action: 0x1, toolType: 1
12-30 13:54:36.266  8652  8670 V threaded_app: New input event: type=2
12-30 13:54:36.267  8652  8652 D ViewRootImpl@eb23581[GameActivity]: ViewPostImeInputStage processPointer 1
12-30 13:54:36.288  8652  8669 D UE4     : [2018.12.30-18.54.36:288][105]LogNet: Browse: /Game/Maps/StackMap
12-30 13:54:36.296  8652  8669 D UE4     : [2018.12.30-18.54.36:296][105]LogLoad: LoadMap: /Game/Maps/StackMap
12-30 13:54:36.354  8652  8669 D UE4     : [2018.12.30-18.54.36:354][105]LogStreaming: Display: Flushing async loaders.
12-30 13:54:36.383  3238  3362 I APM_AudioPolicyManager: stopOutput() output 21, stream 3, session 7289
12-30 13:54:36.383  3238  3362 I APM_AudioPolicyManager: write_logging() stream(3) device(0x2) time(-64565866882049357387973732879279819313339242805990723986777867587273594623679162118585582003697776793863804137660713044457064084869396737005703807890789677235328515152745538748290963775135986963316318474259081986048.00) volume(0.00)
12-30 13:54:36.482  8652  8669 D UE4     : [2018.12.30-18.54.36:482][105]LogAIModule: Creating AISystem for world StackMap
12-30 13:54:36.483  8652  8669 D UE4     : [2018.12.30-18.54.36:483][105]LogLoad: Game class is 'GameModeBase'
12-30 13:54:36.489  8652  8669 D UE4     : [2018.12.30-18.54.36:489][105]LogWorld: Bringing World /Game/Maps/StackMap.StackMap up for play (max tick rate 0) at 2018.12.30-13.54.36
12-30 13:54:36.490  8652  8669 D UE4     : [2018.12.30-18.54.36:490][105]LogWorld: Bringing up level for play took: 0.002280
12-30 13:54:36.490  8652  8669 D UE4     : [2018.12.30-18.54.36:490][105]LogOnlineIdentity: Display: OSS: FOnlineIdentityGooglePlay::GetPlayerNickname
12-30 13:54:36.491  8652  8669 D UE4     : [2018.12.30-18.54.36:491][105]LogGameMode: FindPlayerStart: PATHS NOT DEFINED or NO PLAYERSTART with positive rating
12-30 13:54:36.514  8652  8669 D UE4     : [2018.12.30-18.54.36:514][105]LogUMG: Display: Widget Class GameStartMenu_C - Loaded Fast Template.
12-30 13:54:36.516  8652  8669 D UE4     : [2018.12.30-18.54.36:515][105]LogPlayerController: Error: InputMode:UIOnly - Attempting to focus Non-Focusable widget SObjectWidget [Widget.cpp(710)]!
12-30 13:54:36.517  8652  8669 D UE4     : [2018.12.30-18.54.36:517][105]LogLoad: Took 0.220984 seconds to LoadMap(/Game/Maps/StackMap)
12-30 13:54:37.544  5693  5693 D io_stats: !@   8,0 r 988689 28963192 w 837260 15791484 d 141810 8853328 f 180199 180165 iot 1247720 812777 th 61440 61440 51480 pt 1340 inp 0 0 73232.208
12-30 13:54:37.696  3759  4379 I TLC_TIMA_PKM_measure_kernel: TIMA: response_id = 3
12-30 13:54:37.696  3759  4379 I TLC_TIMA_PKM_measure_kernel: TIMA: response ret = 0, result_ondemand = MSG=Kernel Verification Success;
12-30 13:54:37.788  3759  4395 D InputReader: Input event(3): value=1 when=73232453455000
12-30 13:54:37.788  3759  4395 D InputReader: Input event(3): value=1 when=73232453455000
12-30 13:54:37.788  3759  4395 I InputReader: Touch event's action is 0x0 (deviceType=0) [pCnt=1, s=0.7316 ] when=73232453455000
12-30 13:54:37.789  3759  4394 I InputDispatcher: Delivering touch to (8652): action: 0x0, toolType: 1
12-30 13:54:37.789  8652  8670 V threaded_app: New input event: type=2
12-30 13:54:37.791  8652  8652 D ViewRootImpl@eb23581[GameActivity]: ViewPostImeInputStage processPointer 0
12-30 13:54:37.797  8652  8669 D UE4     : [2018.12.30-18.54.37:797][172]LogSlate: FSceneViewport::OnFocusLost() reason 0
12-30 13:54:37.815  8652  8670 V threaded_app: New input event: type=2
12-30 13:54:37.832  8652  8670 V threaded_app: New input event: type=2
12-30 13:54:37.848  8652  8670 V threaded_app: New input event: type=2
12-30 13:54:37.852  3759  4395 D InputReader: Input event(3): value=0 when=73232517888000
12-30 13:54:37.852  3759  4395 D InputReader: Input event(3): value=0 when=73232517888000
12-30 13:54:37.852  3759  4395 I InputReader: Touch event's action is 0x1 (deviceType=0) [pCnt=1, s=] when=73232517888000
12-30 13:54:37.853  3759  4394 I InputDispatcher: Delivering touch to (8652): action: 0x1, toolType: 1
12-30 13:54:37.854  8652  8670 V threaded_app: New input event: type=2
12-30 13:54:37.855  8652  8670 V threaded_app: New input event: type=2
12-30 13:54:37.857  8652  8652 D ViewRootImpl@eb23581[GameActivity]: ViewPostImeInputStage processPointer 1
12-30 13:54:37.871  8652  8669 D UE4     : [2018.12.30-18.54.37:871][176]LogUMG: Display: Widget Class OptionsMenu_C - Loaded Fast Template.
12-30 13:54:39.212  3759  4357 D SamsungAlarmManager: Expired : 8
12-30 13:54:39.213  3759  4357 I SamsungAlarmManager: setLocked to kernel - T:3 / 20181230T135500, SetElapsed=218552564, nowELAPSED=218531777
12-30 13:54:39.213  3759  4357 V SamsungAlarmManager: Sending to uid : 10059 action=null alarm=Alarm{d85253c type 3 when 218531776 com.asurion.android.verizon.vms}
12-30 13:54:39.222  3759  4357 D CompatibilityInfo: mCompatibilityFlags - 0
12-30 13:54:39.222  3759  4357 D CompatibilityInfo: applicationDensity - 420
12-30 13:54:39.223  3759  4357 D CompatibilityInfo: applicationScale - 1.0
12-30 13:54:39.246  3759  4465 D WifiStateMachine: Current network is: "wilkinson2.4" , ID is: 30
12-30 13:54:39.246  3759  4465 I WifiStateMachine: IMS calling, current network is always qualified
12-30 13:54:39.248  3759  6065 D SamsungAlarmManager: setExact Intent (T:3/F:5/AC:false) 20181230T135444 - CU:10059/CP:487
12-30 13:54:39.248  3759  6065 I SamsungAlarmManager: setLocked to kernel - T:3 / 20181230T135444, SetElapsed=218536803, nowELAPSED=218531812
12-30 13:54:39.309  3238  3481 I audio_hw_primary: do_out_standby +
12-30 13:54:39.313  3238  3481 D audio_hw_primary: output_devices devices:0
12-30 13:54:39.313  3238  3481 D audio_hw_primary: output_devices devices:0
12-30 13:54:39.313  3238  3481 I audio_hw_primary: is_voice_wakeup : ret =  0  , wakeup_baby_cry_enabled = 0  ,  wakeup_mic_enabled = 0 
12-30 13:54:39.313  3238  3481 V audio_hw_primary: select_devices output_scenario:-1 input_scenario:28 out_snd_device 0x0 in_snd_device:0xb
12-30 13:54:39.314  3238  3481 I audio_hw_primary: set_spk_rx_mute mute(1), rx val=0
12-30 13:54:39.314  3238  3481 I audio_route: > audio_route_reset :
12-30 13:54:39.319  3238  3481 I audio_route: > audio_route_apply_path : "recognition-mic"
12-30 13:54:39.326  3238  3481 V audio_hw_primary: select_devices() input_route "recognition-mic" 
12-30 13:54:39.328  3238  3481 I audio_route: > audio_route_apply_path : "gain-recognition-mic"
12-30 13:54:39.328  3238  3481 V audio_hw_primary: select_devices() input_gain "gain-recognition-mic" 
12-30 13:54:39.328  3238  3481 I audio_route: > audio_route_update_mixer : +
12-30 13:54:39.354  3238  3481 I audio_route: > audio_route_update_mixer : changed(4) -
12-30 13:54:39.355  3238  3481 I audio_hw_primary: select_devices - 
12-30 13:54:39.355  3238  3481 I audio_hw_primary: do_out_standby -
12-30 13:54:39.671 29219 29240 I Finsky  : [1540] com.google.android.finsky.bn.an.run(6): Stats for Executor: VerifyAppsDataStore com.google.android.finsky.bn.ao@8dd7e19[Running, pool size = 0, active threads = 0, queued tasks = 0, completed tasks = 2]
12-30 13:54:39.683 29219 29240 I Finsky  : [1540] com.google.android.finsky.bn.an.run(6): Stats for Executor: Db-verify_apps.db com.google.android.finsky.bn.ao@3107ede[Running, pool size = 0, active threads = 0, queued tasks = 0, completed tasks = 1]
12-30 13:54:39.926  3759  4395 D InputReader: Input event(3): value=1 when=73234591437000
12-30 13:54:39.926  3759  4395 D InputReader: Input event(3): value=1 when=73234591437000
12-30 13:54:39.926  3759  4395 I InputReader: Touch event's action is 0x0 (deviceType=0) [pCnt=1, s=0.7317 ] when=73234591437000
12-30 13:54:39.927  3759  4394 I InputDispatcher: Delivering touch to (8652): action: 0x0, toolType: 1
12-30 13:54:39.927  8652  8670 V threaded_app: New input event: type=2
12-30 13:54:39.929  8652  8652 D ViewRootImpl@eb23581[GameActivity]: ViewPostImeInputStage processPointer 0
12-30 13:54:39.929  3759  3778 I MultiWindowEdgeDetector: getEdgeFlags: 1, [65.25,54.75], w=39, h=63, screenWidth=1080, caller=com.samsung.android.multiwindow.MultiWindowEdgeDetector.onTouchEvent:78 com.android.server.wm.TaskTapPointerEventListener.onPointerEvent:97 com.android.server.wm.PointerEventDispatcher.onInputEvent:53 android.view.InputEventReceiver.dispatchInputEvent:185 android.os.MessageQueue.nativePollOnce:-2 
12-30 13:54:39.930  3759  3778 I MultiWindowEdgeDetector: getEdgeFlags: 1, [65.25,54.75], w=39, h=63, screenWidth=1080, caller=com.samsung.android.multiwindow.MultiWindowEdgeDetector.onTouchEvent:78 com.android.server.wm.MultiWindowPointerEventListenerImpl.onPointerEvent:242 com.android.server.wm.PointerEventDispatcher.onInputEvent:53 android.view.InputEventReceiver.dispatchInputEvent:185 android.os.MessageQueue.nativePollOnce:-2 
12-30 13:54:39.937  3759  3778 I MultiWindowEdgeDetector: getEdgeFlags: 1, [65.25,54.75], w=39, h=63, screenWidth=1080, caller=com.samsung.android.multiwindow.MultiWindowEdgeDetector.onTouchEvent:78 com.android.server.policy.SystemGesturesPointerEventListener.onPointerEvent:117 com.android.server.wm.PointerEventDispatcher.onInputEvent:53 android.view.InputEventReceiver.dispatchInputEvent:185 android.os.MessageQueue.nativePollOnce:-2 
12-30 13:54:39.951  8652  8670 V threaded_app: New input event: type=2
12-30 13:54:39.968  8652  8670 V threaded_app: New input event: type=2
12-30 13:54:39.984  8652  8670 V threaded_app: New input event: type=2
12-30 13:54:40.001  8652  8670 V threaded_app: New input event: type=2
12-30 13:54:40.001  3759  4395 D InputReader: Input event(3): value=0 when=73234666940000
12-30 13:54:40.001  3759  4395 D InputReader: Input event(3): value=0 when=73234666940000
12-30 13:54:40.001  3759  4395 I InputReader: Touch event's action is 0x1 (deviceType=0) [pCnt=1, s=] when=73234666940000
12-30 13:54:40.002  3759  4394 I InputDispatcher: Delivering touch to (8652): action: 0x1, toolType: 1
12-30 13:54:40.003  8652  8670 V threaded_app: New input event: type=2
12-30 13:54:40.004  8652  8652 D ViewRootImpl@eb23581[GameActivity]: ViewPostImeInputStage processPointer 1
12-30 13:54:41.080  3759  4395 D InputReader: Input event(3): value=1 when=73235745734000
12-30 13:54:41.080  3759  4395 D InputReader: Input event(3): value=1 when=73235745734000
12-30 13:54:41.080  3759  4395 I InputReader: Touch event's action is 0x0 (deviceType=0) [pCnt=1, s=0.7318 ] when=73235745734000
12-30 13:54:41.081  3759  4394 I InputDispatcher: Delivering touch to (8652): action: 0x0, toolType: 1
12-30 13:54:41.083  8652  8670 V threaded_app: New input event: type=2
12-30 13:54:41.084  8652  8652 D ViewRootImpl@eb23581[GameActivity]: ViewPostImeInputStage processPointer 0
12-30 13:54:41.104  8652  8670 V threaded_app: New input event: type=2
12-30 13:54:41.121  8652  8670 V threaded_app: New input event: type=2
12-30 13:54:41.137  8652  8670 V threaded_app: New input event: type=2
12-30 13:54:41.155  8652  8670 V threaded_app: New input event: type=2
12-30 13:54:41.166  3759  4395 D InputReader: Input event(3): value=0 when=73235831966000
12-30 13:54:41.166  3759  4395 D InputReader: Input event(3): value=0 when=73235831966000
12-30 13:54:41.166  3759  4395 I InputReader: Touch event's action is 0x1 (deviceType=0) [pCnt=1, s=] when=73235831966000
12-30 13:54:41.167  3759  4394 I InputDispatcher: Delivering touch to (8652): action: 0x1, toolType: 1
12-30 13:54:41.167  8652  8670 V threaded_app: New input event: type=2
12-30 13:54:41.169  8652  8652 D ViewRootImpl@eb23581[GameActivity]: ViewPostImeInputStage processPointer 1
12-30 13:54:41.185  8652  8669 D UE4     : [2018.12.30-18.54.41:185][375]Closing by request
12-30 13:54:41.185  8652  8669 D UE4     : [2018.12.30-18.54.41:185][375]LogWindows: FAndroidMisc::RequestExit(0)
12-30 13:54:41.198  8652  8669 D UE4     : [2018.12.30-18.54.41:198][376]LogAndroid: Exiting
12-30 13:54:41.214  8652  8802 D UE4     : *** JavaEnvDestructor: 8802
12-30 13:54:41.215  8652  8669 D UE4     : [2018.12.30-18.54.41:215][376]LogAndroidAudio: Warning: OpenSLES Tearing Down HW
12-30 13:54:41.230  8652  8669 D UE4     : [2018.12.30-18.54.41:230][376]LogSlate: Request Window 'StackerGame (32-bit Development GLSL_ES2) ' being destroyed
12-30 13:54:41.234  8652  8817 D UE4     : *** JavaEnvDestructor: 8817
12-30 13:54:41.234  8652  8816 D UE4     : AndroidEGL::ResetDisplay()
12-30 13:54:41.235  8652  8816 D UE4     : *** JavaEnvDestructor: 8816
12-30 13:54:41.240  8652  8669 D UE4     : [2018.12.30-18.54.41:240][376]LogSlate: Window 'StackerGame (32-bit Development GLSL_ES2) ' being destroyed
12-30 13:54:41.244  8652  8669 D UE4     : [2018.12.30-18.54.41:244][376]LogSlate: Slate User Destroyed.  User Index 0, Is Virtual User: 0
12-30 13:54:41.246  8652  8943 D UE4     : *** JavaEnvDestructor: 8943
12-30 13:54:41.246  8652  8942 D UE4     : AndroidEGL::ResetDisplay()
12-30 13:54:41.247  8652  8942 D UE4     : *** JavaEnvDestructor: 8942
12-30 13:54:41.260  8652  8669 D UE4     : AndroidEGL::ResetDisplay()
12-30 13:54:41.300  8652  8669 D UE4     : AndroidEGL::DestroySurface()
12-30 13:54:41.303  8652  8669 D UE4     : [2018.12.30-18.54.41:303][376]LogMoviePlayer: Shutting down movie player
12-30 13:54:41.304  8652  8700 D UE4     : *** JavaEnvDestructor: 8700
12-30 13:54:41.305  8652  8697 D UE4     : *** JavaEnvDestructor: 8697
12-30 13:54:41.305  8652  8693 D UE4     : *** JavaEnvDestructor: 8693
12-30 13:54:41.305  8652  8696 D UE4     : *** JavaEnvDestructor: 8696
12-30 13:54:41.305  8652  8695 D UE4     : *** JavaEnvDestructor: 8695
12-30 13:54:41.305  8652  8689 D UE4     : *** JavaEnvDestructor: 8689
12-30 13:54:41.306  8652  8688 D UE4     : *** JavaEnvDestructor: 8688
12-30 13:54:41.306  8652  8692 D UE4     : *** JavaEnvDestructor: 8692
12-30 13:54:41.306  8652  8691 D UE4     : *** JavaEnvDestructor: 8691
12-30 13:54:41.306  8652  8690 D UE4     : *** JavaEnvDestructor: 8690
12-30 13:54:41.306  8652  8694 D UE4     : *** JavaEnvDestructor: 8694
12-30 13:54:41.306  8652  8698 D UE4     : *** JavaEnvDestructor: 8698
12-30 13:54:41.306  8652  8699 D UE4     : *** JavaEnvDestructor: 8699
12-30 13:54:41.334  8652  8669 D UE4     : [2018.12.30-18.54.41:334][376]LogAndroid: Exiting is over
12-30 13:54:41.334  8652  8669 D UE4     : [2018.12.30-18.54.41:334][376]LogWindows: FAndroidMisc::RequestExit(1)
12-30 13:54:41.381  8652  8669 I art     : System.exit called, status: 0
12-30 13:54:41.381  8652  8669 I AndroidRuntime: VM exiting with result code 0, cleanup skipped.
12-30 13:54:41.600  3759 10294 D InputTransport: Input channel destroyed: fd=421
12-30 13:54:41.600  3759  5836 D GraphicsStats: Buffer count: 4
12-30 13:54:41.601  3759  6084 I WindowManager: WIN DEATH: Window{56e8bc0d0 u0 com.GeekTechnique.InfinityStack/com.epicgames.ue4.GameActivity}
12-30 13:54:41.601  3759  6084 D WindowManager: disposeInputChannel mInputChannel: 56e8bc0 com.GeekTechnique.InfinityStack/com.epicgames.ue4.GameActivity (server)
12-30 13:54:41.603  3759  5836 I Sensors : Acc old sensor_state 19, new sensor_state : 18 en : 0
12-30 13:54:41.605  3759  7292 I ActivityManager: Process com.GeekTechnique.InfinityStack (pid 8652) has died(185,1734)
12-30 13:54:41.605 16417 16417 D InputTransport: Input channel destroyed: fd=61
12-30 13:54:41.606  3759  7292 D ActivityManager: cleanUpApplicationRecord -- 8652
12-30 13:54:41.612  5974 11057 D ForegroundUtils: could not check pending caller
12-30 13:54:41.613  3759  5836 I Sensors : Mag old sensor_state 18, new sensor_state : 2 en : 0
12-30 13:54:41.619  3759  7292 W ActivityManager: Force removing ActivityRecord{f978b8dd0 u0 com.GeekTechnique.InfinityStack/com.epicgames.ue4.GameActivity t2446}: app died, no saved state
12-30 13:54:41.620  3759  7292 W MultiScreenManagerService: moveTaskBackToDisplayIfNeeded(): root is not base activity
12-30 13:54:41.621  3759  7292 D GameManagerService: sem_perfomance_mode: 0
12-30 13:54:41.621  3759  5836 I Sensors : Gyro old sensor_state 2, new sensor_state : 0 en : 0
12-30 13:54:41.624  3759  6084 D InputDispatcher: Focus left window: 8652
12-30 13:54:41.624  3759  6084 D InputTransport: Input channel destroyed: fd=528
12-30 13:54:41.625  3759  6084 D InputTransport: Input channel constructed: fd=421
12-30 13:54:41.626  3759  6084 D InputTransport: Input channel constructed: fd=475
12-30 13:54:41.634  3759  6084 D WindowManager: openInputChannel mInputChannel: 56e8bc0 com.GeekTechnique.InfinityStack/com.epicgames.ue4.GameActivity (server)
12-30 13:54:41.635  3759  6084 D InputDispatcher: Focus entered window: 8652
12-30 13:54:41.636  3759 10294 I WindowManager: WIN DEATH: Window{98df69fd0 u0 SurfaceView - com.GeekTechnique.InfinityStack/com.epicgames.ue4.GameActivity}
12-30 13:54:41.637  3759 10294 I WindowManager_SurfaceController: Destroying surface Surface(name=SurfaceView - com.GeekTechnique.InfinityStack/com.epicgames.ue4.GameActivity) called by com.android.server.wm.WindowStateAnimator.destroySurface:2907 com.android.server.wm.WindowStateAnimator.destroySurfaceLocked:1120 com.android.server.wm.WindowState.removeLocked:1864 com.android.server.wm.WindowManagerService.removeWindowInnerLocked:2934 com.android.server.wm.WindowManagerService.removeWindowLocked:2879 com.android.server.wm.WindowState$DeathRecipient.binderDied:2304 android.os.BinderProxy.sendDeathNotice:701 <bottom of call stack> 
12-30 13:54:41.639  3216  5364 I SurfaceFlinger: id=3340 Removed HameActivit (2/7)
12-30 13:54:41.640  3216 16796 I SurfaceFlinger: id=3340 Removed HameActivit (-2/7)
12-30 13:54:41.640  3216  3278 I SurfaceFlinger: id=3341 Removed HameActivit (1/6)
12-30 13:54:41.641  3216  4399 I SurfaceFlinger: id=3341 Removed HameActivit (-2/6)
12-30 13:54:41.659  3759  7292 D InputDispatcher: Focus left window: 8652
12-30 13:54:41.660  3759  7292 D WindowManager: disposeInputChannel mInputChannel: 56e8bc0 com.GeekTechnique.InfinityStack/com.epicgames.ue4.GameActivity (server)
12-30 13:54:41.660  3759  7292 D InputTransport: Input channel destroyed: fd=475
12-30 13:54:41.665  3759  7292 I WindowManager_SurfaceController: Destroying surface Surface(name=com.GeekTechnique.InfinityStack/com.epicgames.ue4.GameActivity) called by com.android.server.wm.WindowStateAnimator.destroySurface:2907 com.android.server.wm.WindowStateAnimator.destroySurfaceLocked:1120 com.android.server.wm.WindowState.removeLocked:1864 com.android.server.wm.WindowManagerService.removeWindowInnerLocked:2934 com.android.server.wm.WindowManagerService.removeWindowLocked:2879 com.android.server.wm.WindowManagerService.removeWindowLocked:2689 com.android.server.wm.AppWindowToken.removeAllWindows:607 com.android.server.wm.AppWindowToken.removeAppFromTaskLocked:369 
12-30 13:54:41.665  3216  3278 I SurfaceFlinger: id=3339 Removed HameActivit (1/5)
12-30 13:54:41.669  3216  5364 I SurfaceFlinger: id=3339 Removed HameActivit (-2/5)
12-30 13:54:41.669  3759  7292 D InputTransport: Input channel destroyed: fd=421
12-30 13:54:41.671  3759  7292 D InputDispatcher: Focused application released
12-30 13:54:41.699  3759  7292 D ActivityManager: moveToFront() : reason=appDied setFocusedActivity isAttached=true TaskRecord{fd2402ed0 #2315 A=com.sec.android.app.launcher U=0 StackId=0 sz=1}
12-30 13:54:41.707  3759  7292 W MultiScreenManagerService: failed to move task TaskRecord{448dd60d0 #2446 A=com.GeekTechnique.InfinityStack U=0 StackId=1 sz=0}
12-30 13:54:41.707  3759  7292 D ActivityManager: setFocusStackUnchecked: reason=appDied setFocusedActivity focusCandidate=ActivityStack{e5e9c4dd0 stackId=0, 2 tasks} caller=com.android.server.am.ActivityStack.moveToFront:874 com.android.server.am.ActivityStackSupervisor.moveActivityStackToFront:2005 
12-30 13:54:41.710  3759  7292 D InputDispatcher: Focused application set to: xxxx
12-30 13:54:41.712  3759  7292 D ActivityManager: resumeTopActivityInnerLocked() : #0 prevTask=null next=ActivityRecord{dbf87e2d0 u0 com.sec.android.app.launcher/.activities.LauncherActivity t2315} mFocusedStack=ActivityStack{e5e9c4dd0 stackId=0, 2 tasks}
12-30 13:54:41.714  3759  7292 D CustomFrequencyManagerService: acquireDVFSLockLocked : type : DVFS_MIN_LIMIT  frequency : 2100000  uid : 1000  pid : 3759  pkgName : AMS_APP_HOME@CPU_MIN@7
12-30 13:54:41.715  3759  9132 D TelephonyManager: getAllCellInfo : Caller (PID / UID / TID): 3759 / 1000 / 9132
12-30 13:54:41.725  3759  7292 D ActivityManagerPerformance: AMP_acquire() HOME
12-30 13:54:41.725  3759  7292 D ActivityManager: applyOptionsLocked(), pendingOptions : null
12-30 13:54:41.736  3759  7292 D GameManagerService: sem_perfomance_mode: 0
12-30 13:54:41.736  3759  3759 D GameManagerService: NotifyRunnable. pkg: com.sec.android.app.launcher, type: 4, isMinimized: false, isTunableApp: false
12-30 13:54:41.736  3759  3759 D GameManagerService: unexpected mPrevNotiType: -1
12-30 13:54:41.739  6110  6110 D ViewRootImpl@97a5374[LauncherActivity]: mHardwareRenderer.destroy()#1
12-30 13:54:41.741  3759  7293 V WindowManager: Relayout Window{7e7520fd0 u0 com.sec.android.app.launcher/com.sec.android.app.launcher.activities.LauncherActivity}: viewVisibility=4 req=1080x1920 WM.LayoutParams{(0,0)(fillxfill) sim=#130 ty=1 fl=#81910d00 pfl=0x20000 fmt=-2 wanim=0x103038a vsysui=0x600 needsMenuKey=2 dimDuration=0 naviIconColor=0}
12-30 13:54:41.743  5974  6004 D ForegroundUtils: could not check pending caller
12-30 13:54:41.744  6110  6110 D ViewRootImpl@97a5374[LauncherActivity]: Relayout returned: oldFrame=[0,0][1080,1920] newFrame=[0,0][1080,1920] result=0x1 surface={isValid=false 0} surfaceGenerationChanged=false
12-30 13:54:41.744  6110  6110 D Launcher: onRestart, Launcher: 42940074
12-30 13:54:41.757  6110  6110 D ApplicationPackageManager: we has com.sec.android.app.clockpackage class. reuse it 
12-30 13:54:41.758  6110  6110 D LiveIconLoader: getLiveIcon was called in ClockPackage
12-30 13:54:41.760  6110  6110 D LiveIconLoader: getLiveIcon res = com.sec.android.app.clockpackage
12-30 13:54:41.761  6110  6110 D LiveIconLoader: stdIconSize : 126 , targetIconSize : 173
12-30 13:54:41.761  6110  6110 D LiveIconLoader: mIconDpi : 640 , mTargetIconDpi : 420
12-30 13:54:41.773  6110  6110 I ApplicationPackageManager: load= live icon for com.sec.android.app.clockpackage, from overlay = false
12-30 13:54:41.783  6110  6110 D ApplicationPackageManager: we has com.samsung.android.calendar class. reuse it 
12-30 13:54:41.795  6110  6110 I ApplicationPackageManager: load= live icon for com.samsung.android.calendar, from overlay = false
12-30 13:54:41.805  6110  6110 D Launcher: onStart, Launcher: 42940074
12-30 13:54:41.805  6110  6110 D Launcher.HomeView: onStart
