01-08 10:41:42.190  4561  4688 D ScanRecord: Not a Multi Manu data
01-08 10:41:42.190  4561  4688 D ScanRecord: Not a Multi Manu data
01-08 10:41:42.190  4561  4688 D ScanRecord: Not a Multi Manu data
01-08 10:41:42.190  4561  4688 D ScanRecord: parseFromBytes
01-08 10:41:42.190  4561  4688 D ScanRecord: first manudata for manu ID
01-08 10:41:42.191  4561  4688 D ScanRecord: Not a Multi Manu data
01-08 10:41:42.228  3757  7203 D AudioService: getStreamVolume 3 index 70
01-08 10:41:42.236  4561  4688 D ScanRecord: parseFromBytes
01-08 10:41:42.238  4561  4688 D ScanRecord: first manudata for manu ID
01-08 10:41:42.241  4561  4688 D ScanRecord: Not a Multi Manu data
01-08 10:41:42.241  4561  4688 D ScanRecord: Not a Multi Manu data
01-08 10:41:42.241  4561  4688 D ScanRecord: Not a Multi Manu data
01-08 10:41:42.241  4561  4688 D ScanRecord: Not a Multi Manu data
01-08 10:41:42.241  4561  4688 D ScanRecord: parseFromBytes
01-08 10:41:42.241  4561  4688 D ScanRecord: first manudata for manu ID
01-08 10:41:42.242  4561  4688 D ScanRecord: Not a Multi Manu data
01-08 10:41:42.249  3757  7205 D ConnectivityService: filterNetworkStateForUid() uid: 10014 networkInfo: [type: WIFI[] - WIFI, state: CONNECTED/CONNECTED, reason: (unspecified), extra: "wilkinson2.4", failover: false, available: true, roaming: false, metered: false]
01-08 10:41:42.259  4561  4688 D ScanRecord: parseFromBytes
01-08 10:41:42.259  4561  4688 D ScanRecord: first manudata for manu ID
01-08 10:41:42.259  4561  4688 D ScanRecord: Not a Multi Manu data
01-08 10:41:42.260  4561  4688 D ScanRecord: Not a Multi Manu data
01-08 10:41:42.260  4561  4688 D ScanRecord: Not a Multi Manu data
01-08 10:41:42.260  4561  4688 D ScanRecord: Not a Multi Manu data
01-08 10:41:42.260  4561  4688 D ScanRecord: parseFromBytes
01-08 10:41:42.260  4561  4688 D ScanRecord: first manudata for manu ID
01-08 10:41:42.260  4561  4688 D ScanRecord: Not a Multi Manu data
01-08 10:41:42.267  3757  5062 D AudioService: getStreamVolume 3 index 70
01-08 10:41:42.294  3757 32083 D AudioService: getStreamVolume 3 index 70
01-08 10:41:42.311 24363 24381 I Finsky  : [1344] com.google.android.finsky.bn.an.run(6): Stats for Executor: Db-notification_cache com.google.android.finsky.bn.ao@21015e2[Running, pool size = 0, active threads = 0, queued tasks = 0, completed tasks = 5]
01-08 10:41:42.312  3757 29840 D AudioService: getStreamVolume 3 index 70
01-08 10:41:42.312 24363 24381 I Finsky  : [1344] com.google.android.finsky.bn.an.run(6): Stats for Executor: VerifyAppsDataStore com.google.android.finsky.bn.ao@6505d73[Running, pool size = 0, active threads = 0, queued tasks = 0, completed tasks = 2]
01-08 10:41:42.313  3757  7202 D AudioService: getStreamVolume 3 index 70
01-08 10:41:42.321 24363 24381 I Finsky  : [1344] com.google.android.finsky.bn.an.run(6): Stats for Executor: Db-verify_apps.db com.google.android.finsky.bn.ao@6a30430[Running, pool size = 0, active threads = 0, queued tasks = 0, completed tasks = 1]
01-08 10:41:42.443  3757 32085 D AudioService: getStreamVolume 3 index 70
01-08 10:41:42.472  3757 29839 D AudioService: getStreamVolume 3 index 70
01-08 10:41:42.499  3757 10496 D AudioService: getStreamVolume 3 index 70
01-08 10:41:42.515  3757  5902 D AudioService: getStreamVolume 3 index 70
01-08 10:41:42.520  3757  3770 D AudioService: getStreamVolume 3 index 70
01-08 10:41:42.651  3757  4482 D AudioService: getStreamVolume 3 index 70
01-08 10:41:42.674  3757  7205 D AudioService: getStreamVolume 3 index 70
01-08 10:41:42.704  3757 32083 D AudioService: getStreamVolume 3 index 70
01-08 10:41:42.722  3757 29840 D AudioService: getStreamVolume 3 index 70
01-08 10:41:42.727  3757  7202 D AudioService: getStreamVolume 3 index 70
01-08 10:41:42.857  3757  6272 D AudioService: getStreamVolume 3 index 70
01-08 10:41:42.877  3757  4440 D AudioService: getStreamVolume 3 index 70
01-08 10:41:42.910  5689  5689 D io_stats: !@   8,0 r 640165 20259208 w 536809 12098288 d 76861 6770640 f 167697 167647 iot 948120 488337 th 61440 61440 48264 pt 3510 inp 0 0 49976.819
01-08 10:41:42.910  3757 29838 D AudioService: getStreamVolume 3 index 70
01-08 10:41:42.928  3757  4473 D AudioService: getStreamVolume 3 index 70
01-08 10:41:42.933  3757 29841 D AudioService: getStreamVolume 3 index 70
01-08 10:41:43.012 32527 32692 D ClClient: Not sending keepalive.  Current connection state=STOPPED
01-08 10:41:43.060  3757  5063 D AudioService: getStreamVolume 3 index 70
01-08 10:41:43.080  3757 31269 D AudioService: getStreamVolume 3 index 70
01-08 10:41:43.115  3757  5901 D AudioService: getStreamVolume 3 index 70
01-08 10:41:43.132  3757  7203 D AudioService: getStreamVolume 3 index 70
01-08 10:41:43.135  3757 32084 D AudioService: getStreamVolume 3 index 70
01-08 10:41:43.228 24363 24381 I Finsky  : [1344] com.google.android.finsky.bn.an.run(6): Stats for Executor: InstallQueueDatabaseManager com.google.android.finsky.bn.ao@bcf98a9[Running, pool size = 0, active threads = 0, queued tasks = 0, completed tasks = 7]
01-08 10:41:43.261  3757  2859 D AudioService: getStreamVolume 3 index 70
01-08 10:41:43.283  3757  7206 D AudioService: getStreamVolume 3 index 70
01-08 10:41:43.297  3757 29840 D BatteryService: !@BatteryListener : batteryPropertiesChanged!
01-08 10:41:43.298  3757 29840 D BatteryService: level:84, scale:100, status:2, health:2, present:true, voltage: 4169, temperature: 280, technology: Li-ion, AC powered:false, USB powered:true, POGO powered:false, Wireless powered:false, icon:17303694, invalid charger:0, maxChargingCurrent:0, maxChargingVoltage:0, chargeCounter:0
01-08 10:41:43.298  3757 29840 D BatteryService: online:6, current avg:413, charge type:1, power sharing:false, high voltage charger:false, capacity:280000, batterySWSelfDischarging:false, misc_event:0, current_now:328
01-08 10:41:43.299  3757  3757 D BatteryService: Sending ACTION_BATTERY_CHANGED.
01-08 10:41:43.307  3757  3757 V UiModeManager: updateLocked: null action, mDockState=0, category=null
01-08 10:41:43.307  3757  3757 D UiModeManager: updateConfigurationLocked: mDockState=0; mCarMode=false; mNightMode=1; uiMode=17
01-08 10:41:43.309  3757  3757 D GameManagerService: new battery level: 84
01-08 10:41:43.313  4616  4616 D KeyguardUpdateMonitor: received broadcast android.intent.action.BATTERY_CHANGED
01-08 10:41:43.314  4616  4616 D KeyguardUpdateMonitor: handleBatteryUpdate
01-08 10:41:43.325  4616  4616 D PowerUI : priorPlugType = 2 mPlugType =  2
01-08 10:41:43.325  3757 10496 D AudioService: getStreamVolume 3 index 70
01-08 10:41:43.327  4616  4616 D PowerUI.Notification: showChargingNotice oldChargingType : 1 currentChargingType : 1 oldChargingTime : 2807000 mChargingTime : 2807000
01-08 10:41:43.327  4616  4616 D PowerUI.Notification: There is no change about charging status, so return!
01-08 10:41:43.331  4616  4616 D BatteryMeterDrawable: isSomethingChanged - false
01-08 10:41:43.331  4616  4616 D BatteryMeterDrawable: isSomethingChanged - false
01-08 10:41:43.333  4616  4616 D Tile.FlashlightTile: ACTION_BATTERY_CHANGED - Level :: 84, emEnabled :: false
01-08 10:41:43.339  3757  3770 D AudioService: getStreamVolume 3 index 70
01-08 10:41:43.344  5024  5024 D PhoneApp: PhoneAppBroadcastReceiver onReceive android.intent.action.BATTERY_CHANGED
01-08 10:41:43.344  5024  5024 D TelephonyExtensionManager: lowBatterySound - isLowBatterySoundScheduled: false
01-08 10:41:43.344  5024  5024 D TelephonyExtensionManager: lowBatterySound - isPlayNow: false
01-08 10:41:43.345  3757  5063 D AudioService: getStreamVolume 3 index 70
01-08 10:41:43.345  5024  5024 D TelephonyExtensionManager: isSpeakerON - false
01-08 10:41:43.357  5024  5024 D TelephonyExtensionManager: lowBatterySound - batteryStatus: 2
01-08 10:41:43.357  5024  5024 D TelephonyExtensionManager: lowBatterySound - batteryLevel: 84
01-08 10:41:43.357  5024  5024 D TelephonyExtensionManager: lowBatterySound - cancel
01-08 10:41:43.357  3757  7205 D SamsungAlarmManager: Cancel Alarm calling from uid:1001 pid :5024 / op:PendingIntent{b262bee: PendingIntentRecord{c794fd3 com.android.phone broadcastIntent}}
01-08 10:41:43.358  5024  5024 D TelephonyExtension: Not stopping low battery tone
01-08 10:41:43.463  3757  5062 D AudioService: getStreamVolume 3 index 70
01-08 10:41:43.488  3757 32083 D AudioService: getStreamVolume 3 index 70
01-08 10:41:43.534  3757  6272 D AudioService: getStreamVolume 3 index 70
01-08 10:41:43.546  3757 10512 D AudioService: getStreamVolume 3 index 70
01-08 10:41:43.551  3757 10496 D AudioService: getStreamVolume 3 index 70
01-08 10:41:43.674  3757 29842 D AudioService: getStreamVolume 3 index 70
01-08 10:41:43.693  3757  3771 D AudioService: getStreamVolume 3 index 70
01-08 10:41:43.736  3757  5901 D AudioService: getStreamVolume 3 index 70
01-08 10:41:43.749  3757 31269 D AudioService: getStreamVolume 3 index 70
01-08 10:41:43.755  3757  4482 D AudioService: getStreamVolume 3 index 70
01-08 10:41:43.764  3757  9599 D SSRM:t  : SIOP:: AP = 420, PST = 349 (W:10), CP = 249, CUR = 633, LCD = 39
01-08 10:41:43.765  3757  9599 D ConnectivityService: filterNetworkStateForUid() uid: 1000 networkInfo: [type: WIFI[] - WIFI, state: CONNECTED/CONNECTED, reason: (unspecified), extra: "wilkinson2.4", failover: false, available: true, roaming: false, metered: false]
01-08 10:41:43.879  3757 32084 D AudioService: getStreamVolume 3 index 70
01-08 10:41:43.897  3757  2859 D AudioService: getStreamVolume 3 index 70
01-08 10:41:43.939  3757  7206 D AudioService: getStreamVolume 3 index 70
01-08 10:41:43.957  3757  6272 D AudioService: getStreamVolume 3 index 70
01-08 10:41:43.958  3757  7202 D AudioService: getStreamVolume 3 index 70
01-08 10:41:44.083  3757  4440 D AudioService: getStreamVolume 3 index 70
01-08 10:41:44.100  3757  4473 D AudioService: getStreamVolume 3 index 70
01-08 10:41:44.141  3757 29838 D AudioService: getStreamVolume 3 index 70
01-08 10:41:44.161  3757  5902 D AudioService: getStreamVolume 3 index 70
01-08 10:41:44.165  3757  3770 D AudioService: getStreamVolume 3 index 70
01-08 10:41:44.223  3757  4354 D SamsungAlarmManager: Expired : 8
01-08 10:41:44.224  3757  4354 V SamsungAlarmManager: Sending to uid : 10059 action=null alarm=Alarm{8b7688f type 3 when 162729910 com.asurion.android.verizon.vms}
01-08 10:41:44.240  3757  4354 D CompatibilityInfo: mCompatibilityFlags - 0
01-08 10:41:44.241  3757  4354 D CompatibilityInfo: applicationDensity - 420
01-08 10:41:44.241  3757  4354 D CompatibilityInfo: applicationScale - 1.0
01-08 10:41:44.271  3757  5901 D SamsungAlarmManager: setExact Intent (T:3/F:5/AC:false) 20190108T104149 - CU:10059/CP:6745
01-08 10:41:44.272  3757  5901 I SamsungAlarmManager: setLocked to kernel - T:3 / 20190108T104149, SetElapsed=162734949, nowELAPSED=162729958
01-08 10:41:44.295  3757 32084 D AudioService: getStreamVolume 3 index 70
01-08 10:41:44.302  3757 32083 D AudioService: getStreamVolume 3 index 70
01-08 10:41:44.344  3757 29840 D AudioService: getStreamVolume 3 index 70
01-08 10:41:44.364  3757 31270 D AudioService: getStreamVolume 3 index 70
01-08 10:41:44.367  3757  2858 D AudioService: getStreamVolume 3 index 70
01-08 10:41:44.505  3757 29839 D AudioService: getStreamVolume 3 index 70
01-08 10:41:44.511  3757 10512 D AudioService: getStreamVolume 3 index 70
01-08 10:41:44.552  3757  3770 D AudioService: getStreamVolume 3 index 70
01-08 10:41:44.568  3757  7216 D AudioService: getStreamVolume 3 index 70
01-08 10:41:44.571  3757  7201 D AudioService: getStreamVolume 3 index 70
01-08 10:41:44.709  3757  4482 D AudioService: getStreamVolume 3 index 70
01-08 10:41:44.714  3757  7205 D AudioService: getStreamVolume 3 index 70
01-08 10:41:44.761  3757  5062 D AudioService: getStreamVolume 3 index 70
01-08 10:41:44.770  3757 32083 D AudioService: getStreamVolume 3 index 70
01-08 10:41:44.775  3757 29840 D AudioService: getStreamVolume 3 index 70
01-08 10:41:44.913  3757  2858 D AudioService: getStreamVolume 3 index 70
01-08 10:41:44.917  3757  4473 D AudioService: getStreamVolume 3 index 70
01-08 10:41:44.964  3757 29838 D AudioService: getStreamVolume 3 index 70
01-08 10:41:44.974  3757  5902 D AudioService: getStreamVolume 3 index 70
01-08 10:41:44.977  3757  7204 D AudioService: getStreamVolume 3 index 70
01-08 10:41:45.047  3757  4458 D WifiStateMachine: Current network is: "wilkinson2.4" , ID is: 30
01-08 10:41:45.047  3757  4458 I WifiStateMachine: IMS calling, current network is always qualified
01-08 10:41:45.116  3757 31269 D AudioService: getStreamVolume 3 index 70
01-08 10:41:45.120  3757  7203 D AudioService: getStreamVolume 3 index 70
01-08 10:41:45.165  3757 32084 D AudioService: getStreamVolume 3 index 70
01-08 10:41:45.177  3757  2859 D AudioService: getStreamVolume 3 index 70
01-08 10:41:45.181  3757  7206 D AudioService: getStreamVolume 3 index 70
01-08 10:41:45.301  4561  4688 D ScanRecord: parseFromBytes
01-08 10:41:45.301  4561  4688 D ScanRecord: first manudata for manu ID
01-08 10:41:45.302  4561  4688 D ScanRecord: Not a Multi Manu data
01-08 10:41:45.302  4561  4688 D ScanRecord: Not a Multi Manu data
01-08 10:41:45.302  4561  4688 D ScanRecord: Not a Multi Manu data
01-08 10:41:45.302  4561  4688 D ScanRecord: Not a Multi Manu data
01-08 10:41:45.302  4561  4688 D ScanRecord: parseFromBytes
01-08 10:41:45.302  4561  4688 D ScanRecord: first manudata for manu ID
01-08 10:41:45.302  4561  4688 D ScanRecord: Not a Multi Manu data
01-08 10:41:45.323  3757  7202 D AudioService: getStreamVolume 3 index 70
01-08 10:41:45.327  3757  4440 D AudioService: getStreamVolume 3 index 70
01-08 10:41:45.335  4561  4688 D ScanRecord: parseFromBytes
01-08 10:41:45.335  4561  4688 D ScanRecord: first manudata for manu ID
01-08 10:41:45.335  4561  4688 D ScanRecord: Not a Multi Manu data
01-08 10:41:45.335  4561  4688 D ScanRecord: Not a Multi Manu data
01-08 10:41:45.335  4561  4688 D ScanRecord: Not a Multi Manu data
01-08 10:41:45.335  4561  4688 D ScanRecord: Not a Multi Manu data
01-08 10:41:45.335  4561  4688 D ScanRecord: parseFromBytes
01-08 10:41:45.337  4561  4688 D ScanRecord: first manudata for manu ID
01-08 10:41:45.341  4561  4688 D ScanRecord: Not a Multi Manu data
01-08 10:41:45.362  4561  4688 D ScanRecord: parseFromBytes
01-08 10:41:45.363  4561  4688 D ScanRecord: first manudata for manu ID
01-08 10:41:45.363  4561  4688 D ScanRecord: Not a Multi Manu data
01-08 10:41:45.363  4561  4688 D ScanRecord: Not a Multi Manu data
01-08 10:41:45.363  4561  4688 D ScanRecord: Not a Multi Manu data
01-08 10:41:45.363  4561  4688 D ScanRecord: Not a Multi Manu data
01-08 10:41:45.363  4561  4688 D ScanRecord: parseFromBytes
01-08 10:41:45.363  4561  4688 D ScanRecord: first manudata for manu ID
01-08 10:41:45.364  4561  4688 D ScanRecord: Not a Multi Manu data
01-08 10:41:45.367  3757 10512 D AudioService: getStreamVolume 3 index 70
01-08 10:41:45.381  3757 29839 D AudioService: getStreamVolume 3 index 70
01-08 10:41:45.383  3757 29841 D AudioService: getStreamVolume 3 index 70
01-08 10:41:45.530  3757  7204 D AudioService: getStreamVolume 3 index 70
01-08 10:41:45.535  3757  3771 D AudioService: getStreamVolume 3 index 70
01-08 10:41:45.573  3757  7205 D AudioService: getStreamVolume 3 index 70
01-08 10:41:45.586  3757  5062 D AudioService: getStreamVolume 3 index 70
01-08 10:41:45.589  3757 32083 D AudioService: getStreamVolume 3 index 70
01-08 10:41:45.733  3757 29840 D AudioService: getStreamVolume 3 index 70
01-08 10:41:45.737  3757 31270 D AudioService: getStreamVolume 3 index 70
01-08 10:41:45.780  3757  2858 D AudioService: getStreamVolume 3 index 70
01-08 10:41:45.791  3757 32085 D AudioService: getStreamVolume 3 index 70
01-08 10:41:45.794  3757  4473 D AudioService: getStreamVolume 3 index 70
01-08 10:41:45.941  3757 29842 D AudioService: getStreamVolume 3 index 70
01-08 10:41:45.944  3757  3770 D AudioService: getStreamVolume 3 index 70
01-08 10:41:45.983  3757  7216 D AudioService: getStreamVolume 3 index 70
01-08 10:41:45.994  3757  7201 D AudioService: getStreamVolume 3 index 70
01-08 10:41:45.997  3757  5901 D AudioService: getStreamVolume 3 index 70
01-08 10:41:46.144  3757  7205 D AudioService: getStreamVolume 3 index 70
01-08 10:41:46.148  3757  5062 D AudioService: getStreamVolume 3 index 70
01-08 10:41:46.186  3757 29840 D AudioService: getStreamVolume 3 index 70
01-08 10:41:46.197  3757 31270 D AudioService: getStreamVolume 3 index 70
01-08 10:41:46.199  3757  2858 D AudioService: getStreamVolume 3 index 70
01-08 10:41:46.349  3757 32085 D AudioService: getStreamVolume 3 index 70
01-08 10:41:46.356  3757  4473 D AudioService: getStreamVolume 3 index 70
01-08 10:41:46.392  3757 29839 D AudioService: getStreamVolume 3 index 70
01-08 10:41:46.401  3757  5902 D AudioService: getStreamVolume 3 index 70
01-08 10:41:46.404  3757  7204 D AudioService: getStreamVolume 3 index 70
01-08 10:41:46.554  3757  7201 D AudioService: getStreamVolume 3 index 70
01-08 10:41:46.558  3757  5901 D AudioService: getStreamVolume 3 index 70
01-08 10:41:46.595  3757  2859 D AudioService: getStreamVolume 3 index 70
01-08 10:41:46.605  3757 29840 D AudioService: getStreamVolume 3 index 70
01-08 10:41:46.611  3757 31270 D AudioService: getStreamVolume 3 index 70
01-08 10:41:46.767  3757  2858 D AudioService: getStreamVolume 3 index 70
01-08 10:41:46.775  3757  4473 D AudioService: getStreamVolume 3 index 70
01-08 10:41:46.796  3757 29839 D AudioService: getStreamVolume 3 index 70
01-08 10:41:46.807  3757  5902 D AudioService: getStreamVolume 3 index 70
01-08 10:41:46.815  3757 29842 D AudioService: getStreamVolume 3 index 70
01-08 10:41:46.975  3757  7216 D AudioService: getStreamVolume 3 index 70
01-08 10:41:46.980  3757  7201 D AudioService: getStreamVolume 3 index 70
01-08 10:41:47.000  3757  5901 D AudioService: getStreamVolume 3 index 70
01-08 10:41:47.011  3757  4482 D AudioService: getStreamVolume 3 index 70
01-08 10:41:47.018  3757  7205 D AudioService: getStreamVolume 3 index 70
01-08 10:41:47.182  3757 29840 D AudioService: getStreamVolume 3 index 70
01-08 10:41:47.185  3757 31270 D AudioService: getStreamVolume 3 index 70
01-08 10:41:47.204  3757  2858 D AudioService: getStreamVolume 3 index 70
01-08 10:41:47.214  3757 32085 D AudioService: getStreamVolume 3 index 70
01-08 10:41:47.220  3757 10512 D AudioService: getStreamVolume 3 index 70
01-08 10:41:47.386  3757 29842 D AudioService: getStreamVolume 3 index 70
01-08 10:41:47.388  3757  3770 D AudioService: getStreamVolume 3 index 70
01-08 10:41:47.407  3757  7201 D AudioService: getStreamVolume 3 index 70
01-08 10:41:47.415  3757  5901 D AudioService: getStreamVolume 3 index 70
01-08 10:41:47.423  3757  4482 D AudioService: getStreamVolume 3 index 70
01-08 10:41:47.600  3757 31270 D AudioService: getStreamVolume 3 index 70
01-08 10:41:47.604  3757  2858 D AudioService: getStreamVolume 3 index 70
01-08 10:41:47.613  3757 32085 D AudioService: getStreamVolume 3 index 70
01-08 10:41:47.618  3757 10512 D AudioService: getStreamVolume 3 index 70
01-08 10:41:47.628  3757 29839 D AudioService: getStreamVolume 3 index 70
01-08 10:41:47.803  3757  3770 D AudioService: getStreamVolume 3 index 70
01-08 10:41:47.807  3757  7216 D AudioService: getStreamVolume 3 index 70
01-08 10:41:47.815  3757  7201 D AudioService: getStreamVolume 3 index 70
01-08 10:41:47.820  3757  5901 D AudioService: getStreamVolume 3 index 70
01-08 10:41:47.832  3757  4482 D AudioService: getStreamVolume 3 index 70
01-08 10:41:47.913  5689  5689 D io_stats: !@   8,0 r 640165 20259208 w 536822 12098444 d 76863 6770652 f 167724 167674 iot 948200 488344 th 61440 61440 48264 pt 3510 inp 0 0 49981.824
01-08 10:41:48.008  3757  7205 D AudioService: getStreamVolume 3 index 70
01-08 10:41:48.014  3757  5062 D AudioService: getStreamVolume 3 index 70
01-08 10:41:48.020  3757 32083 D AudioService: getStreamVolume 3 index 70
01-08 10:41:48.022  3757 31270 D AudioService: getStreamVolume 3 index 70
01-08 10:41:48.040  3757  4440 D AudioService: getStreamVolume 3 index 70
01-08 10:41:48.067  3757  4458 D WifiStateMachine: Current network is: "wilkinson2.4" , ID is: 30
01-08 10:41:48.067  3757  4458 I WifiStateMachine: IMS calling, current network is always qualified
01-08 10:41:48.212  3757  5902 D AudioService: getStreamVolume 3 index 70
01-08 10:41:48.218  3757 29842 D AudioService: getStreamVolume 3 index 70
01-08 10:41:48.222  3757  3770 D AudioService: getStreamVolume 3 index 70
01-08 10:41:48.224  3757  7216 D AudioService: getStreamVolume 3 index 70
01-08 10:41:48.244  3757  7201 D AudioService: getStreamVolume 3 index 70
01-08 10:41:48.255  3227  3261 D Sensorhubs: readContextData: 1, 1, 7, -1
01-08 10:41:48.257  3757  4361 D SensorHubManager: onGetSensorHubDataLocked: library(4) = 1, 1, 7, -1
01-08 10:41:48.258  3757  4360 D CAE     : onGetSensorHubData(SensorHubParserProvider.java:94) - onGetSensorHubData Event [event buffer len :4], AP_WAKEUP
01-08 10:41:48.259  3757  4360 I CAE     : parse(SensorHubParserProvider.java:196) - buffer size = 4
01-08 10:41:48.260  3757  4360 I CAE     : parse(SensorHubParserProvider.java:207) - 1, 1, 7, -1,
01-08 10:41:48.261  3757  4360 D CAE     : display(ContextProvider.java:375) - ================= AUTO_ROTATION =================
01-08 10:41:48.262  3757  4360 I CAE     : display(ContextProvider.java:391) - Angle=[-1]
01-08 10:41:48.263  3757  4364 D SemContextService: updateContext() : event = Auto Rotation
01-08 10:41:48.264  3757  3757 D SemContextManager: onSemContextChanged() : event = Auto Rotation Angle : -1
01-08 10:41:48.264  3757  3757 D SContextManager: onSContextChanged() : event = Auto Rotation Angle : -1
01-08 10:41:48.265  3757  3757 V WindowOrientationListener: OrientationSensorJudge.onSContextChanged, Rotation: -1
01-08 10:41:48.417  3757  7205 D AudioService: getStreamVolume 3 index 70
01-08 10:41:48.421  3757  5062 D AudioService: getStreamVolume 3 index 70
01-08 10:41:48.428  3757 32083 D AudioService: getStreamVolume 3 index 70
01-08 10:41:48.430  3757  6272 D AudioService: getStreamVolume 3 index 70
01-08 10:41:48.450  3757 31270 D AudioService: getStreamVolume 3 index 70
01-08 10:41:48.484  4561  4688 D ScanRecord: parseFromBytes
01-08 10:41:48.484  4561  4688 D ScanRecord: Not a Multi Manu data
01-08 10:41:48.485  4561  4688 D ScanRecord: Not a Multi Manu data
01-08 10:41:48.485  4561  4688 D ScanRecord: Not a Multi Manu data
01-08 10:41:48.485  4561  4688 D ScanRecord: Not a Multi Manu data
01-08 10:41:48.485  4561  4688 D ScanRecord: parseFromBytes
01-08 10:41:48.485  4561  4688 D ScanRecord: Not a Multi Manu data
01-08 10:41:48.491  4561  4688 D ScanRecord: parseFromBytes
01-08 10:41:48.492  4561  4688 D ScanRecord: first manudata for manu ID
01-08 10:41:48.493  4561  4688 D ScanRecord: Not a Multi Manu data
01-08 10:41:48.493  4561  4688 D ScanRecord: Not a Multi Manu data
01-08 10:41:48.494  4561  4688 D ScanRecord: Not a Multi Manu data
01-08 10:41:48.494  4561  4688 D ScanRecord: Not a Multi Manu data
01-08 10:41:48.495  4561  4688 D ScanRecord: parseFromBytes
01-08 10:41:48.495  4561  4688 D ScanRecord: first manudata for manu ID
01-08 10:41:48.495  4561  4688 D ScanRecord: Not a Multi Manu data
01-08 10:41:48.500  4561  4688 D ScanRecord: parseFromBytes
01-08 10:41:48.500  4561  4688 D ScanRecord: first manudata for manu ID
01-08 10:41:48.500  4561  4688 D ScanRecord: Not a Multi Manu data
01-08 10:41:48.500  4561  4688 D ScanRecord: Not a Multi Manu data
01-08 10:41:48.500  4561  4688 D ScanRecord: Not a Multi Manu data
01-08 10:41:48.500  4561  4688 D ScanRecord: Not a Multi Manu data
01-08 10:41:48.500  4561  4688 D ScanRecord: parseFromBytes
01-08 10:41:48.500  4561  4688 D ScanRecord: first manudata for manu ID
01-08 10:41:48.500  4561  4688 D ScanRecord: Not a Multi Manu data
01-08 10:41:48.505  4561  4688 D ScanRecord: parseFromBytes
01-08 10:41:48.505  4561  4688 D ScanRecord: first manudata for manu ID
01-08 10:41:48.505  4561  4688 D ScanRecord: Not a Multi Manu data
01-08 10:41:48.505  4561  4688 D ScanRecord: Not a Multi Manu data
01-08 10:41:48.505  4561  4688 D ScanRecord: Not a Multi Manu data
01-08 10:41:48.505  4561  4688 D ScanRecord: Not a Multi Manu data
01-08 10:41:48.505  4561  4688 D ScanRecord: parseFromBytes
01-08 10:41:48.505  4561  4688 D ScanRecord: first manudata for manu ID
01-08 10:41:48.505  4561  4688 D ScanRecord: Not a Multi Manu data
01-08 10:41:48.621  3757 29839 D AudioService: getStreamVolume 3 index 70
01-08 10:41:48.623  3757  5902 D AudioService: getStreamVolume 3 index 70
01-08 10:41:48.632  3757 29842 D AudioService: getStreamVolume 3 index 70
01-08 10:41:48.635  3757  3770 D AudioService: getStreamVolume 3 index 70
01-08 10:41:48.657  3757  7216 D AudioService: getStreamVolume 3 index 70
01-08 10:41:48.818  3757  4398 D InputReader: Input event(3): value=1 when=49982729593000
01-08 10:41:48.818  3757  4398 D InputReader: Input event(3): value=1 when=49982729593000
01-08 10:41:48.818  3757  4398 I InputReader: Touch event's action is 0x0 (deviceType=0) [pCnt=1, s=0.4015 ] when=49982729593000
01-08 10:41:48.819  3757  4397 I InputDispatcher: Delivering touch to (2145): action: 0x0, toolType: 1
01-08 10:41:48.820  2145  2163 V threaded_app: New input event: type=2
01-08 10:41:48.823  2145  2145 D ViewRootImpl@e972267[GameActivity]: ViewPostImeInputStage processPointer 0
01-08 10:41:48.826  3757  7203 D AudioService: getStreamVolume 3 index 70
01-08 10:41:48.835  3757 32084 D AudioService: getStreamVolume 3 index 70
01-08 10:41:48.841  3757  2859 D AudioService: getStreamVolume 3 index 70
01-08 10:41:48.846  2145  2163 V threaded_app: New input event: type=2
01-08 10:41:48.847  3757 29840 D AudioService: getStreamVolume 3 index 70
01-08 10:41:48.865  2145  2163 V threaded_app: New input event: type=2
01-08 10:41:48.867  3757  7206 D AudioService: getStreamVolume 3 index 70
01-08 10:41:48.877  2145  2163 V threaded_app: New input event: type=2
01-08 10:41:48.883  3757  4398 D InputReader: Input event(3): value=0 when=49982795102000
01-08 10:41:48.884  3757  4398 D InputReader: Input event(3): value=0 when=49982795102000
01-08 10:41:48.884  3757  4398 I InputReader: Touch event's action is 0x1 (deviceType=0) [pCnt=1, s=] when=49982795102000
01-08 10:41:48.885  3757  4397 I InputDispatcher: Delivering touch to (2145): action: 0x1, toolType: 1
01-08 10:41:48.888  2145  2163 V threaded_app: New input event: type=2
01-08 10:41:48.889  2145  2163 V threaded_app: New input event: type=2
01-08 10:41:48.890  2145  2145 D ViewRootImpl@e972267[GameActivity]: ViewPostImeInputStage processPointer 1
01-08 10:41:48.905  2145  2262 I libOpenSLES: Emulating old channel mask behavior (ignoring positional mask 0x3, using default mask 0x3 based on channel count of 2)
01-08 10:41:48.906  3237 27701 I AudioFlinger: add dynamic flag, can move to deep thread, session 8993
01-08 10:41:48.908  2145  2262 D AudioTrack: Client defaulted notificationFrames to 240 for frameCount 480
01-08 10:41:48.910  2145  2262 I AudioTrack: This process already got info. FadeIn[0] FadeOut[0] FadeInRing[0]
01-08 10:41:48.910  3237  3812 W AudioPolicyIntefaceImpl: Skipped to add effects on session 8993
01-08 10:41:48.910  3237  3812 I APM_AudioPolicyManager: startOutput() output 21, stream 3, session 8993
01-08 10:41:48.911  2145  2368 I AudioTrack: Skip ramp
01-08 10:41:49.008  3237  3352 I APM_AudioPolicyManager: stopOutput() output 21, stream 3, session 8993
01-08 10:41:49.034  3757 29839 D AudioService: getStreamVolume 3 index 70
01-08 10:41:49.040  3757  5902 D AudioService: getStreamVolume 3 index 70
01-08 10:41:49.051  3757 29842 D AudioService: getStreamVolume 3 index 70
01-08 10:41:49.054  3757  3770 D AudioService: getStreamVolume 3 index 70
01-08 10:41:49.072  3757  7201 D AudioService: getStreamVolume 3 index 70
01-08 10:41:49.207  3227  3261 D Sensorhubs: readContextData: 1, 1, 7, 0
01-08 10:41:49.208  3757  4361 D SensorHubManager: onGetSensorHubDataLocked: library(4) = 1, 1, 7, 0
01-08 10:41:49.211  3757  4360 D CAE     : onGetSensorHubData(SensorHubParserProvider.java:94) - onGetSensorHubData Event [event buffer len :4], AP_WAKEUP
01-08 10:41:49.215  3757  4360 I CAE     : parse(SensorHubParserProvider.java:196) - buffer size = 4
01-08 10:41:49.218  3757  4360 I CAE     : parse(SensorHubParserProvider.java:207) - 1, 1, 7, 0,
01-08 10:41:49.220  3757  4360 D CAE     : display(ContextProvider.java:375) - ================= AUTO_ROTATION =================
01-08 10:41:49.221  3757  4360 I CAE     : display(ContextProvider.java:391) - Angle=[0]
01-08 10:41:49.222  3757  4364 D SemContextService: updateContext() : event = Auto Rotation
01-08 10:41:49.222  3757  3757 D SemContextManager: onSemContextChanged() : event = Auto Rotation Angle : 0
01-08 10:41:49.222  3757  3757 D SContextManager: onSContextChanged() : event = Auto Rotation Angle : 0
01-08 10:41:49.223  3757  3757 V WindowOrientationListener: OrientationSensorJudge.onSContextChanged, Rotation: -1
01-08 10:41:49.238  3757  5901 D AudioService: getStreamVolume 3 index 70
01-08 10:41:49.245  3757  4482 D AudioService: getStreamVolume 3 index 70
01-08 10:41:49.254  3757  7205 D AudioService: getStreamVolume 3 index 70
01-08 10:41:49.256  3757  5062 D AudioService: getStreamVolume 3 index 70
01-08 10:41:49.263  3757  4354 D SamsungAlarmManager: Expired : 8
01-08 10:41:49.265  3757  4354 V SamsungAlarmManager: Sending to uid : 10059 action=null alarm=Alarm{479ff25 type 3 when 162734949 com.asurion.android.verizon.vms}
01-08 10:41:49.274  3757 32083 D AudioService: getStreamVolume 3 index 70
01-08 10:41:49.283  3757  4354 D CompatibilityInfo: mCompatibilityFlags - 0
01-08 10:41:49.283  3757  4354 D CompatibilityInfo: applicationDensity - 420
01-08 10:41:49.283  3757  4354 D CompatibilityInfo: applicationScale - 1.0
01-08 10:41:49.306  3757  2858 D SamsungAlarmManager: setExact Intent (T:3/F:5/AC:false) 20190108T104154 - CU:10059/CP:6745
01-08 10:41:49.306  3757  2858 I SamsungAlarmManager: setLocked to kernel - T:3 / 20190108T104154, SetElapsed=162739987, nowELAPSED=162734993
01-08 10:41:49.388  3757  3775 V WindowOrientationListener: OrientationSensorJudge.getProposedRotation, Rotation: 0
01-08 10:41:49.389  3757  3775 V WindowOrientationListener: OrientationSensorJudge.getProposedRotation, Rotation: 0
01-08 10:41:49.389  3757  3775 V WindowManager: rotationForOrientationLw(orient=1, last=0); user=0  sensorRotation=0 mLidState=-1 mDockMode=0 mHdmiPlugged=false
01-08 10:41:49.444  3757 10512 D AudioService: getStreamVolume 3 index 70
01-08 10:41:49.449  3757 29839 D AudioService: getStreamVolume 3 index 70
01-08 10:41:49.458  3757  5902 D AudioService: getStreamVolume 3 index 70
01-08 10:41:49.460  3757 29842 D AudioService: getStreamVolume 3 index 70
01-08 10:41:49.477  3757  3770 D AudioService: getStreamVolume 3 index 70
01-08 10:41:49.650  3757  4482 D AudioService: getStreamVolume 3 index 70
01-08 10:41:49.652  3757  7205 D AudioService: getStreamVolume 3 index 70
01-08 10:41:49.661  3757  5062 D AudioService: getStreamVolume 3 index 70
01-08 10:41:49.668  3757 32083 D AudioService: getStreamVolume 3 index 70
01-08 10:41:49.682  3757  7202 D AudioService: getStreamVolume 3 index 70
01-08 10:41:49.719  2145  2162 D UE4     : [2019.01.08-15.41.49:719][196]LogNet: Browse: /Game/Maps/StackMap
01-08 10:41:49.733  2145  2162 D UE4     : [2019.01.08-15.41.49:733][196]LogLoad: LoadMap: /Game/Maps/StackMap
01-08 10:41:49.834  3237  3352 I APM_AudioPolicyManager: stopOutput() output 21, stream 3, session 8961
01-08 10:41:49.834  3237  3352 I APM_AudioPolicyManager: write_logging() stream(3) device(0x2) time(-111971987942761234016729892361350100579365409030969792234760367961581948441436492842580145015880442756589782410750090713060661143782183278347096707220996166717349339988467155151143154027656843886592.00) volume(0.00)
01-08 10:41:49.837  2145  2162 D UE4     : [2019.01.08-15.41.49:837][196]LogStreaming: Display: Flushing async loaders.
01-08 10:41:49.853  3757  4440 D AudioService: getStreamVolume 3 index 70
01-08 10:41:49.855  3757 10496 D AudioService: getStreamVolume 3 index 70
01-08 10:41:49.866  3757 29838 D AudioService: getStreamVolume 3 index 70
01-08 10:41:49.871  3757 29841 D AudioService: getStreamVolume 3 index 70
01-08 10:41:49.884  3757  7204 D AudioService: getStreamVolume 3 index 70
01-08 10:41:50.055  3757  4469 D AudioService: getStreamVolume 3 index 70
01-08 10:41:50.057  3757  3771 D AudioService: getStreamVolume 3 index 70
01-08 10:41:50.068  3757 31269 D AudioService: getStreamVolume 3 index 70
01-08 10:41:50.075  3757  7203 D AudioService: getStreamVolume 3 index 70
01-08 10:41:50.086  3757 32084 D AudioService: getStreamVolume 3 index 70
01-08 10:41:50.208  2145  2162 D UE4     : [2019.01.08-15.41.50:208][196]LogAIModule: Creating AISystem for world StackMap
01-08 10:41:50.210  2145  2162 D UE4     : [2019.01.08-15.41.50:210][196]LogLoad: Game class is 'GameModeBase'
01-08 10:41:50.225  2145  2162 D UE4     : [2019.01.08-15.41.50:224][196]LogWorld: Bringing World /Game/Maps/StackMap.StackMap up for play (max tick rate 0) at 2019.01.08-10.41.50
01-08 10:41:50.227  2145  2162 D UE4     : [2019.01.08-15.41.50:227][196]LogWorld: Bringing up level for play took: 0.008024
01-08 10:41:50.229  2145  2162 D UE4     : [2019.01.08-15.41.50:229][196]LogOnlineIdentity: Display: OSS: FOnlineIdentityGooglePlay::GetPlayerNickname
01-08 10:41:50.233  2145  2162 D UE4     : [2019.01.08-15.41.50:233][196]LogGameMode: FindPlayerStart: PATHS NOT DEFINED or NO PLAYERSTART with positive rating
01-08 10:41:50.257  3757 29840 D AudioService: getStreamVolume 3 index 70
01-08 10:41:50.258  3757 31270 D AudioService: getStreamVolume 3 index 70
01-08 10:41:50.269  3757  7202 D AudioService: getStreamVolume 3 index 70
01-08 10:41:50.277  3757  4473 D AudioService: getStreamVolume 3 index 70
01-08 10:41:50.282  2145  2162 D UE4     : [2019.01.08-15.41.50:281][196]LogUMG: Display: Widget Class GameStartMenu_C - Loaded Fast Template.
01-08 10:41:50.285  2145  2162 D UE4     : [2019.01.08-15.41.50:285][196]LogPlayerController: Error: InputMode:UIOnly - Attempting to focus Non-Focusable widget SObjectWidget [Widget.cpp(710)]!
01-08 10:41:50.287  3757  4440 D AudioService: getStreamVolume 3 index 70
01-08 10:41:50.288  2145  2162 D UE4     : [2019.01.08-15.41.50:288][196]LogLoad: Took 0.555027 seconds to LoadMap(/Game/Maps/StackMap)
01-08 10:41:50.293  2145  2162 D UE4     : [2019.01.08-15.41.50:293][196]LogSlate: Took 0.000892 seconds to synchronously load lazily loaded font '../../../Engine/Content/EngineFonts/Faces/DroidSansMono.ufont' (77K)
01-08 10:41:50.317  2145  2162 D UE4     : [2019.01.08-15.41.50:317][197]LogSlate: Took 0.000583 seconds to synchronously load lazily loaded font '../../../Engine/Content/EngineFonts/Faces/DroidSansMono.ufont' (77K)
01-08 10:41:50.451  2145  2165 D UE4     : Used memory: 226068
01-08 10:41:50.459  3757 29839 D AudioService: getStreamVolume 3 index 70
01-08 10:41:50.461  3757  5902 D AudioService: getStreamVolume 3 index 70
01-08 10:41:50.470  3757 29842 D AudioService: getStreamVolume 3 index 70
01-08 10:41:50.480  3757  3770 D AudioService: getStreamVolume 3 index 70
01-08 10:41:50.492  3757  4469 D AudioService: getStreamVolume 3 index 70
01-08 10:41:50.667  3757  2859 D AudioService: getStreamVolume 3 index 70
01-08 10:41:50.672  3757 29840 D AudioService: getStreamVolume 3 index 70
01-08 10:41:50.677  3757  7206 D AudioService: getStreamVolume 3 index 70
01-08 10:41:50.684  3757  2858 D AudioService: getStreamVolume 3 index 70
01-08 10:41:50.696  3757  4473 D AudioService: getStreamVolume 3 index 70
01-08 10:41:50.884  3757 29841 D AudioService: getStreamVolume 3 index 70
01-08 10:41:50.891  3757  7204 D AudioService: getStreamVolume 3 index 70
01-08 10:41:50.894  3757  5063 D AudioService: getStreamVolume 3 index 70
01-08 10:41:50.898  3757  4469 D AudioService: getStreamVolume 3 index 70
01-08 10:41:50.911  3757  5901 D AudioService: getStreamVolume 3 index 70
01-08 10:41:51.094  3757 32084 D AudioService: getStreamVolume 3 index 70
01-08 10:41:51.099  3757  4458 D WifiStateMachine: Current network is: "wilkinson2.4" , ID is: 30
01-08 10:41:51.099  3757  4458 I WifiStateMachine: IMS calling, current network is always qualified
01-08 10:41:51.100  3757  2859 D AudioService: getStreamVolume 3 index 70
01-08 10:41:51.102  3757 29840 D AudioService: getStreamVolume 3 index 70
01-08 10:41:51.107  3757 31270 D AudioService: getStreamVolume 3 index 70
01-08 10:41:51.113  3757  7202 D AudioService: getStreamVolume 3 index 70
01-08 10:41:51.296  3757 10496 D AudioService: getStreamVolume 3 index 70
01-08 10:41:51.301  3757 29838 D AudioService: getStreamVolume 3 index 70
01-08 10:41:51.307  3757 29841 D AudioService: getStreamVolume 3 index 70
01-08 10:41:51.311  3757  7204 D AudioService: getStreamVolume 3 index 70
01-08 10:41:51.315  3757  5063 D AudioService: getStreamVolume 3 index 70
01-08 10:41:51.432  2145  2262 I libOpenSLES: Emulating old channel mask behavior (ignoring positional mask 0x3, using default mask 0x3 based on channel count of 2)
01-08 10:41:51.435  2145  2262 W AudioTrack: AUDIO_OUTPUT_FLAG_FAST denied by client; transfer 1, track 44100 Hz, output 48000 Hz
01-08 10:41:51.436  3237  8662 I AudioFlinger: add dynamic flag, can move to deep thread, session 9001
01-08 10:41:51.437  2145  2262 D AudioTrack: Client defaulted notificationFrames to 590 for frameCount 1772
01-08 10:41:51.438  2145  2262 I AudioTrack: This process already got info. FadeIn[0] FadeOut[0] FadeInRing[0]
01-08 10:41:51.438  3237 22865 W AudioPolicyIntefaceImpl: Skipped to add effects on session 9001
01-08 10:41:51.439  3237 22865 I APM_AudioPolicyManager: startOutput() output 21, stream 3, session 9001
01-08 10:41:51.442 24363 24381 I Finsky  : [1344] com.google.android.finsky.bn.an.run(6): Stats for Executor: Db-scheduler_logging_store.db com.google.android.finsky.bn.ao@1152c83[Running, pool size = 0, active threads = 0, queued tasks = 0, completed tasks = 6]
01-08 10:41:51.443  3237  3477 D audio_hw_primary: out_set_parameters: enter: kvpairs: routing=2
01-08 10:41:51.443  3237  3477 I audio_hw_primary: out_set_parameters adev->out_device:2
01-08 10:41:51.443  3237  3477 I audio_hw_primary: is_voice_wakeup : ret =  0  , wakeup_baby_cry_enabled = 0  ,  wakeup_mic_enabled = 0 
01-08 10:41:51.443  3237  3477 V audio_hw_primary: select_devices output_scenario:0 input_scenario:28 out_snd_device 0x2 in_snd_device:0xb
01-08 10:41:51.443  3237  3477 I audio_hw_primary: select_devices - do not update mixer_path
01-08 10:41:51.443  3237  3477 D AudioFlinger: setCurDevice() 0x2
01-08 10:41:51.458  3237  3477 I AudioMixer: create resampler src 44100, 2, dst 48000, 2, q 8
01-08 10:41:51.459  3237  3477 D SoundAliveResampler: [SoundAliveResampler] Init+++
01-08 10:41:51.498  3757  7205 D AudioService: getStreamVolume 3 index 70
01-08 10:41:51.505  3757  5062 D AudioService: getStreamVolume 3 index 70
01-08 10:41:51.510  3757  6272 D AudioService: getStreamVolume 3 index 70
01-08 10:41:51.516  3757 32083 D AudioService: getStreamVolume 3 index 70
01-08 10:41:51.517  3757  7206 D AudioService: getStreamVolume 3 index 70
01-08 10:41:51.601  4561  4688 D ScanRecord: parseFromBytes
01-08 10:41:51.603  4561  4688 D ScanRecord: Not a Multi Manu data
01-08 10:41:51.603  4561  4688 D ScanRecord: Not a Multi Manu data
01-08 10:41:51.603  4561  4688 D ScanRecord: Not a Multi Manu data
01-08 10:41:51.603  4561  4688 D ScanRecord: Not a Multi Manu data
01-08 10:41:51.603  4561  4688 D ScanRecord: parseFromBytes
01-08 10:41:51.603  4561  4688 D ScanRecord: Not a Multi Manu data
01-08 10:41:51.626  4561  4688 D ScanRecord: parseFromBytes
01-08 10:41:51.626  4561  4688 D ScanRecord: first manudata for manu ID
01-08 10:41:51.626  4561  4688 D ScanRecord: Not a Multi Manu data
01-08 10:41:51.626  4561  4688 D ScanRecord: Not a Multi Manu data
01-08 10:41:51.626  4561  4688 D ScanRecord: Not a Multi Manu data
01-08 10:41:51.626  4561  4688 D ScanRecord: Not a Multi Manu data
01-08 10:41:51.626  4561  4688 D ScanRecord: parseFromBytes
01-08 10:41:51.626  4561  4688 D ScanRecord: first manudata for manu ID
01-08 10:41:51.627  4561  4688 D ScanRecord: Not a Multi Manu data
01-08 10:41:51.636  4561  4688 D ScanRecord: parseFromBytes
01-08 10:41:51.636  4561  4688 D ScanRecord: first manudata for manu ID
01-08 10:41:51.637  4561  4688 D ScanRecord: Not a Multi Manu data
01-08 10:41:51.637  4561  4688 D ScanRecord: Not a Multi Manu data
01-08 10:41:51.637  4561  4688 D ScanRecord: Not a Multi Manu data
01-08 10:41:51.637  4561  4688 D ScanRecord: Not a Multi Manu data
01-08 10:41:51.637  4561  4688 D ScanRecord: parseFromBytes
01-08 10:41:51.637  4561  4688 D ScanRecord: first manudata for manu ID
01-08 10:41:51.637  4561  4688 D ScanRecord: Not a Multi Manu data
01-08 10:41:51.645  4561  4688 D ScanRecord: parseFromBytes
01-08 10:41:51.645  4561  4688 D ScanRecord: first manudata for manu ID
01-08 10:41:51.646  4561  4688 D ScanRecord: Not a Multi Manu data
01-08 10:41:51.646  4561  4688 D ScanRecord: Not a Multi Manu data
01-08 10:41:51.646  4561  4688 D ScanRecord: Not a Multi Manu data
01-08 10:41:51.646  4561  4688 D ScanRecord: Not a Multi Manu data
01-08 10:41:51.646  4561  4688 D ScanRecord: parseFromBytes
01-08 10:41:51.646  4561  4688 D ScanRecord: first manudata for manu ID
01-08 10:41:51.647  4561  4688 D ScanRecord: Not a Multi Manu data
01-08 10:41:51.701  3757 10512 D AudioService: getStreamVolume 3 index 70
01-08 10:41:51.708  3757 29839 D AudioService: getStreamVolume 3 index 70
01-08 10:41:51.716  3757  5902 D AudioService: getStreamVolume 3 index 70
01-08 10:41:51.720  3757 29842 D AudioService: getStreamVolume 3 index 70
01-08 10:41:51.722  3757  3770 D AudioService: getStreamVolume 3 index 70
01-08 10:41:51.904  3757  4398 D InputReader: Input event(3): value=1 when=49985815891000
01-08 10:41:51.904  3757  4398 D InputReader: Input event(3): value=1 when=49985815891000
01-08 10:41:51.905  3757  4398 I InputReader: Touch event's action is 0x0 (deviceType=0) [pCnt=1, s=0.4016 ] when=49985815891000
01-08 10:41:51.906  3757  4397 I InputDispatcher: Delivering touch to (2145): action: 0x0, toolType: 1
01-08 10:41:51.906  3757  4482 D AudioService: getStreamVolume 3 index 70
01-08 10:41:51.908  2145  2163 V threaded_app: New input event: type=2
01-08 10:41:51.910  3757  7205 D AudioService: getStreamVolume 3 index 70
01-08 10:41:51.916  2145  2145 D ViewRootImpl@e972267[GameActivity]: ViewPostImeInputStage processPointer 0
01-08 10:41:51.918  2145  2162 D UE4     : [2019.01.08-15.41.51:918][248]LogSlate: FSceneViewport::OnFocusLost() reason 0
01-08 10:41:51.924  3757  5062 D AudioService: getStreamVolume 3 index 70
01-08 10:41:51.926  3757  6272 D AudioService: getStreamVolume 3 index 70
01-08 10:41:51.930  3757 32083 D AudioService: getStreamVolume 3 index 70
01-08 10:41:51.935  2145  2163 V threaded_app: New input event: type=2
01-08 10:41:51.951  2145  2163 V threaded_app: New input event: type=2
01-08 10:41:51.968  2145  2163 V threaded_app: New input event: type=2
01-08 10:41:51.985  2145  2163 V threaded_app: New input event: type=2
01-08 10:41:52.003  2145  2163 V threaded_app: New input event: type=2
01-08 10:41:52.012  3757  4398 D InputReader: Input event(3): value=0 when=49985923459000
01-08 10:41:52.012  3757  4398 D InputReader: Input event(3): value=0 when=49985923459000
01-08 10:41:52.012  3757  4398 I InputReader: Touch event's action is 0x1 (deviceType=0) [pCnt=1, s=] when=49985923459000
01-08 10:41:52.012  3757  4397 I InputDispatcher: Delivering touch to (2145): action: 0x1, toolType: 1
01-08 10:41:52.014  2145  2163 V threaded_app: New input event: type=2
01-08 10:41:52.015  2145  2163 V threaded_app: New input event: type=2
01-08 10:41:52.018  2145  2145 D ViewRootImpl@e972267[GameActivity]: ViewPostImeInputStage processPointer 1
01-08 10:41:52.026  2145  2162 D UE4     : [2019.01.08-15.41.52:026][252]Closing by request
01-08 10:41:52.026  2145  2162 D UE4     : [2019.01.08-15.41.52:026][252]LogWindows: FAndroidMisc::RequestExit(0)
01-08 10:41:52.038  2145  2162 D UE4     : [2019.01.08-15.41.52:038][253]LogAndroid: Exiting
01-08 10:41:52.063  2145  2262 D UE4     : *** JavaEnvDestructor: 2262
01-08 10:41:52.063  2145  2162 I AudioTrack: Skip ramp
01-08 10:41:52.065  2145  2162 D UE4     : [2019.01.08-15.41.52:065][253]LogAndroidAudio: Warning: OpenSLES Tearing Down HW
01-08 10:41:52.078  2145  2162 D UE4     : [2019.01.08-15.41.52:078][253]LogSlate: Request Window 'Infinity Stack (32-bit Development GLSL_ES2) ' being destroyed
01-08 10:41:52.080  2145  2283 D UE4     : *** JavaEnvDestructor: 2283
01-08 10:41:52.082  2145  2282 D UE4     : AndroidEGL::ResetDisplay()
01-08 10:41:52.082  2145  2282 D UE4     : *** JavaEnvDestructor: 2282
01-08 10:41:52.086  2145  2162 D UE4     : [2019.01.08-15.41.52:086][253]LogSlate: Window 'Infinity Stack (32-bit Development GLSL_ES2) ' being destroyed
01-08 10:41:52.092  2145  2162 D UE4     : [2019.01.08-15.41.52:092][253]LogSlate: Slate User Destroyed.  User Index 0, Is Virtual User: 0
01-08 10:41:52.098  2145  2378 D UE4     : *** JavaEnvDestructor: 2378
01-08 10:41:52.100  2145  2377 D UE4     : AndroidEGL::ResetDisplay()
01-08 10:41:52.100  2145  2377 D UE4     : *** JavaEnvDestructor: 2377
01-08 10:41:52.107  2145  2162 D UE4     : AndroidEGL::ResetDisplay()
01-08 10:41:52.109  3757  4440 D AudioService: getStreamVolume 3 index 70
01-08 10:41:52.112  3757 10496 D AudioService: getStreamVolume 3 index 70
01-08 10:41:52.126  3757 29838 D AudioService: getStreamVolume 3 index 70
01-08 10:41:52.129  3757 29841 D AudioService: getStreamVolume 3 index 70
01-08 10:41:52.134  3757  7204 D AudioService: getStreamVolume 3 index 70
01-08 10:41:52.149  3237  3352 I APM_AudioPolicyManager: stopOutput() output 21, stream 3, session 9001
01-08 10:41:52.149  3237  3352 I APM_AudioPolicyManager: write_logging() stream(3) device(0x2) time(-111971987942761234016729892361350100579365409030969792234760367961581948441436492842580145015880442756589782410750090713060661143782183278347096707220996166717349339988467155151143154027656843886592.00) volume(0.00)
01-08 10:41:52.151  2145  2162 D UE4     : AndroidEGL::DestroySurface()
01-08 10:41:52.154  2145  2162 D UE4     : [2019.01.08-15.41.52:154][253]LogMoviePlayer: Shutting down movie player
01-08 10:41:52.155  2145  2192 D UE4     : *** JavaEnvDestructor: 2192
01-08 10:41:52.156  2145  2181 D UE4     : *** JavaEnvDestructor: 2181
01-08 10:41:52.156  2145  2184 D UE4     : *** JavaEnvDestructor: 2184
01-08 10:41:52.156  2145  2188 D UE4     : *** JavaEnvDestructor: 2188
01-08 10:41:52.156  2145  2183 D UE4     : *** JavaEnvDestructor: 2183
01-08 10:41:52.156  2145  2190 D UE4     : *** JavaEnvDestructor: 2190
01-08 10:41:52.156  2145  2185 D UE4     : *** JavaEnvDestructor: 2185
01-08 10:41:52.156  2145  2187 D UE4     : *** JavaEnvDestructor: 2187
01-08 10:41:52.156  2145  2191 D UE4     : *** JavaEnvDestructor: 2191
01-08 10:41:52.156  2145  2182 D UE4     : *** JavaEnvDestructor: 2182
01-08 10:41:52.156  2145  2189 D UE4     : *** JavaEnvDestructor: 2189
01-08 10:41:52.156  2145  2186 D UE4     : *** JavaEnvDestructor: 2186
01-08 10:41:52.156  2145  2180 D UE4     : *** JavaEnvDestructor: 2180
01-08 10:41:52.158  2145  2162 D UE4     : [2019.01.08-15.41.52:158][253]LogAndroid: Exiting is over
01-08 10:41:52.158  2145  2162 D UE4     : [2019.01.08-15.41.52:158][253]LogWindows: FAndroidMisc::RequestExit(1)
01-08 10:41:52.160  2145  2162 I art     : System.exit called, status: 0
01-08 10:41:52.160  2145  2162 I AndroidRuntime: VM exiting with result code 0, cleanup skipped.
01-08 10:41:52.313  3757  7216 D AudioService: getStreamVolume 3 index 70
01-08 10:41:52.317  3757  3771 D AudioService: getStreamVolume 3 index 70
01-08 10:41:52.333  3757 31269 D AudioService: getStreamVolume 3 index 70
01-08 10:41:52.337  3757  7203 D AudioService: getStreamVolume 3 index 70
01-08 10:41:52.341  3757 32084 D AudioService: getStreamVolume 3 index 70
01-08 10:41:52.344  3757 32083 D GraphicsStats: Buffer count: 7
01-08 10:41:52.345  3757  5902 I WindowManager: WIN DEATH: Window{e9c72e1d0 u0 com.GeekTechnique.InfinityStack/com.epicgames.ue4.GameActivity}
01-08 10:41:52.345  3757  5902 D WindowManager: disposeInputChannel mInputChannel: e9c72e1 com.GeekTechnique.InfinityStack/com.epicgames.ue4.GameActivity (server)
01-08 10:41:52.345  3757 29838 I ActivityManager: Process com.GeekTechnique.InfinityStack (pid 2145) has died(193,1380)
01-08 10:41:52.346  3757 29838 D ActivityManager: cleanUpApplicationRecord -- 2145
01-08 10:41:52.347  3757  7201 I Sensors : Acc old sensor_state 8211, new sensor_state : 8210 en : 0
01-08 10:41:52.349  3757  5062 D InputTransport: Input channel destroyed: fd=546
01-08 10:41:52.350  3757 29838 W ActivityManager: Force removing ActivityRecord{aaa1c7ed0 u0 com.GeekTechnique.InfinityStack/com.epicgames.ue4.GameActivity t189}: app died, no saved state
01-08 10:41:52.350  3757 29838 W MultiScreenManagerService: moveTaskBackToDisplayIfNeeded(): root is not base activity
01-08 10:41:52.351  6011 20825 D ForegroundUtils: could not check pending caller
01-08 10:41:52.351  3757 29838 D GameManagerService: sem_perfomance_mode: 0
01-08 10:41:52.357  3757  7201 I Sensors : Mag old sensor_state 8210, new sensor_state : 8194 en : 0
01-08 10:41:52.362  3757  5902 D InputDispatcher: Focus left window: 2145
01-08 10:41:52.362  3757  5902 D InputTransport: Input channel destroyed: fd=406
01-08 10:41:52.363  3757  5902 D InputTransport: Input channel constructed: fd=406
01-08 10:41:52.364  3757  5902 D InputTransport: Input channel constructed: fd=410
01-08 10:41:52.364  3757  5902 D WindowManager: openInputChannel mInputChannel: e9c72e1 com.GeekTechnique.InfinityStack/com.epicgames.ue4.GameActivity (server)
01-08 10:41:52.365  8465  8465 D InputTransport: Input channel destroyed: fd=70
01-08 10:41:52.365  3757  5902 D InputDispatcher: Focus entered window: 2145
