01-11 16:54:47.271 25807 26405 E woz     : 	at java.util.concurrent.ScheduledThreadPoolExecutor$ScheduledFutureTask.run(ScheduledThreadPoolExecutor.java:272)
01-11 16:54:47.271 25807 26405 E woz     : 	at java.util.concurrent.ThreadPoolExecutor.runWorker(ThreadPoolExecutor.java:1133)
01-11 16:54:47.271 25807 26405 E woz     : 	at java.util.concurrent.ThreadPoolExecutor$Worker.run(ThreadPoolExecutor.java:607)
01-11 16:54:47.271 25807 26405 E woz     : 	at java.lang.Thread.run(Thread.java:762)
01-11 16:54:47.616  3757  7206 D ConnectivityService: filterNetworkStateForUid() uid: 10130 networkInfo: [type: WIFI[] - WIFI, state: CONNECTED/CONNECTED, reason: (unspecified), extra: "wilkinson2.4", failover: false, available: true, roaming: false, metered: false]
01-11 16:54:47.672  3757  4354 D SamsungAlarmManager: Expired : 8
01-11 16:54:47.673  3757  4354 I SamsungAlarmManager: setLocked to kernel - T:3 / 20190111T165449, SetElapsed=444330371, nowELAPSED=444328170
01-11 16:54:47.674  3757  4354 V SamsungAlarmManager: Sending to uid : 10059 action=null alarm=Alarm{24e0949 type 3 when 444328169 com.asurion.android.verizon.vms}
01-11 16:54:47.680  3757  4354 D CompatibilityInfo: mCompatibilityFlags - 0
01-11 16:54:47.680  3757  4354 D CompatibilityInfo: applicationDensity - 420
01-11 16:54:47.680  3757  4354 D CompatibilityInfo: applicationScale - 1.0
01-11 16:54:47.708  3757  3770 D SamsungAlarmManager: setExact Intent (T:3/F:5/AC:false) 20190111T165452 - CU:10059/CP:15240
01-11 16:54:47.762 26102 26132 D UE4     : Used memory: 221432
01-11 16:54:48.200  3757 29842 D ConnectivityService: filterNetworkStateForUid() uid: 10014 networkInfo: [type: WIFI[] - WIFI, state: CONNECTED/CONNECTED, reason: (unspecified), extra: "wilkinson2.4", failover: false, available: true, roaming: false, metered: false]
01-11 16:54:48.644  3757  4458 D WifiStateMachine: Current network is: "wilkinson2.4" , ID is: 30
01-11 16:54:48.645  3757  4458 I WifiStateMachine: IMS calling, current network is always qualified
01-11 16:54:49.456  3757  4532 D WifiWatchdogStateMachine:  [|223] []
01-11 16:54:49.477  6668  6733 E ContactsProvider_EventLog: Flush buffer to file cnt : 1 size : 0Kb duration : 8ms lastUpdatedAfter : 21616 ms mFlush_time_threasold : 2000 mCurrentSize : 230
01-11 16:54:49.550  4616  4823 D NetworkController.MobileSignalController(0/1): onSignalStrengthsChanged signalStrength=SignalStrength: 99 99 -120 -160 -120 -1 -1 14 -120 -16 -30 2147483647 2147483647 0x1000 gsm|lte level=1
01-11 16:54:49.551  4616  4823 D NetworkController.MobileSignalController(0/1): getMobileIconGroup(): 13
01-11 16:54:49.551  4616  4823 D NetworkController.MobileSignalController(0/1): updateVZWMobileIconGroup(): 13
01-11 16:54:49.558  5035  5670 D EPDG -- [SMARTWIFI]: onSignalStrengthsChanged: Received signal strength change, phone type is: 2
01-11 16:54:49.559  4616  4823 D NetworkController.MobileSignalController(0/1): callState:0, callStateByPhone:false voLTECall:false voiceNetTpe:13 dataNetType:13, ine911:false, emergencyCallbackMode:false
01-11 16:54:49.559  5035  6446 D EPDG -- [SMARTWIFI]: lastLteRSRP is -121currentLteRSRP is -120
01-11 16:54:49.559  5035  6446 D EPDG -- [SMARTWIFI]: lastLteRSRQ is -16currentLteRSRQ is -16
01-11 16:54:49.559  5035  6446 D EPDG -- [SMARTWIFI]: lastCdmaDb is -16currentCdmaDb is -16
01-11 16:54:49.560  5035  6446 V EPDG -- [SMARTWIFI]: Radio oldest entry removed
01-11 16:54:49.560  5035  6446 V EPDG -- [SMARTWIFI]: New entry : (SignalStrength: 99 99 -120 -160 -120 -1 -1 14 -120 -16 -30 2147483647 2147483647 0x1000 gsm|lte : 0 )
01-11 16:54:49.560  5035  6446 V EPDG -- [SMARTWIFI]: Radio entry added
01-11 16:54:49.874  3757  4354 D SamsungAlarmManager: Expired : 8
01-11 16:54:49.878  3757  4354 D SamsungAlarmManager: setInexact Intent (T:3/F:0/AC:false) 20190111T165737 - CU:1000/CP:3757
01-11 16:54:49.879  3757  4354 I SamsungAlarmManager: setLocked to kernel - T:3 / 20190111T165452, SetElapsed=444333195, nowELAPSED=444330376
01-11 16:54:49.881  3757  4354 V SamsungAlarmManager: Sending to uid : 10032 action=com.samsung.android.app.shealth.tracker.pedometer.PedometerService.HBA alarm=Alarm{9a5cf6f type 3 when 444317555 com.sec.android.app.shealth}
01-11 16:54:49.889  3757  4354 V SamsungAlarmManager: Sending to uid : 1001 action=com.android.internal.telephony.data-stall alarm=Alarm{fa7547c type 3 when 444329928 com.android.phone}
01-11 16:54:49.891  3757  4354 V SamsungAlarmManager: Sending to uid : 10014 action=null alarm=Alarm{9e4f105 type 3 when 444330371 com.google.android.gms}
01-11 16:54:49.902 11359 11359 I PedometerService: onStartCommand  true, true, false
01-11 16:54:49.906  3757  7204 D CompatibilityInfo: mCompatibilityFlags - 0
01-11 16:54:49.906  3757  7204 D CompatibilityInfo: applicationDensity - 420
01-11 16:54:49.906  3757  7204 D CompatibilityInfo: applicationScale - 1.0
01-11 16:54:49.909  3757 29838 D SemContext.CaeProvider.SensorStatusCheckImpl: requestToUpdate SensorHub Reset Cnt : 0
01-11 16:54:49.909  3757 29838 D SemContext.CaeProvider.SensorStatusCheckImpl: SensorHub Reset Cnt : 0
01-11 16:54:49.909  3757 29838 D SemContext.CaeProvider.SensorStatusCheckImpl: LastEventMap sensorHubEvent TimeStamp address : 0 - 0
01-11 16:54:49.909  3757 29838 D SemContext.CaeProvider.SensorStatusCheckImpl: LastEventMap sensorHubEvent TimeStamp address : 1 - 0
01-11 16:54:49.910  3757 29838 D SemContext.CaeProvider.SensorStatusCheckImpl: LastEventMap sensorHubEvent TimeStamp address : 2 - 0
01-11 16:54:49.910  3757 29838 D SemContext.CaeProvider.SensorStatusCheckImpl: LastEventMap sensorHubEvent TimeStamp address : 3 - 0
01-11 16:54:49.910  3757 29838 D SemContext.CaeProvider.SensorStatusCheckImpl: LastEventMap sensorHubEvent TimeStamp address : 4 - 0
01-11 16:54:49.910  3757 29838 D SemContext.CaeProvider.SensorStatusCheckImpl: LastEventMap sensorHubEvent TimeStamp address : 5 - 0
01-11 16:54:49.910  3757 29838 D SemContext.CaeProvider.SensorStatusCheckImpl: LastEventMap sensorHubEvent TimeStamp address : 6 - 0
01-11 16:54:49.910  3757 29838 D SemContext.CaeProvider.SensorStatusCheckImpl: LastEventMap sensorHubEvent TimeStamp address : 7 - 0
01-11 16:54:49.910  3757 29838 D SemContext.CaeProvider.SensorStatusCheckImpl: LastEventMap sensorHubEvent TimeStamp address : 8 - 0
01-11 16:54:49.910  3757 29838 D SemContext.CaeProvider.SensorStatusCheckImpl: LastEventMap sensorHubEvent TimeStamp address : 9 - 0
01-11 16:54:49.912  3757 29838 D SemContextService: updateContext() : event = Sensor Status Check
01-11 16:54:49.912  3757 29838 D SemContext.CaeProvider.SensorStatusCheckImpl: initialize Last Event!!
01-11 16:54:49.913  3757 29838 D SemContextService: requestToUpdate() : service = Sensor Status Check
01-11 16:54:49.915 11359 11359 D SemContextManager:   .requestToUpdate : listener = com.samsung.android.app.shealth.tracker.pedometer.service.wrapper.ActivitySensorDelegator$SemContextListenerWrapper@d8899a1, service=Sensor Status Check
01-11 16:54:49.925 11359 11359 D SemContextManager: onSemContextChanged() : event = Sensor Status Check
01-11 16:54:49.932  3757  6272 D CompatibilityInfo: mCompatibilityFlags - 0
01-11 16:54:49.932  3757  6272 D CompatibilityInfo: applicationDensity - 420
01-11 16:54:49.933  3757  6272 D CompatibilityInfo: applicationScale - 1.0
01-11 16:54:49.942  3757  2858 D SamsungAlarmManager: setInexact Intent (T:3/F:8/AC:false) 20190111T165549 - CU:1001/CP:5024
01-11 16:54:50.313  3757  4469 D SamsungAlarmManager: setInexact Intent (T:3/F:0/AC:false) 20190111T165550 - CU:10014/CP:5918
01-11 16:54:50.983  5689  5689 D io_stats: !@   8,0 r 1916594 58325848 w 1918553 43206936 d 310703 22785852 f 500640 500514 iot 3051040 1706212 th 61440 61440 43080 pt 9550 inp 0 0 165817.624
01-11 16:54:51.666  3757  4458 D WifiStateMachine: Current network is: "wilkinson2.4" , ID is: 30
01-11 16:54:51.666  3757  4458 I WifiStateMachine: IMS calling, current network is always qualified
01-11 16:54:52.698  3757  4354 D SamsungAlarmManager: Expired : 8
01-11 16:54:52.701  3757  4354 I SamsungAlarmManager: setLocked to kernel - T:3 / 20190111T165459, SetElapsed=444340497, nowELAPSED=444333198
01-11 16:54:52.702  3757  4354 V SamsungAlarmManager: Sending to uid : 10059 action=null alarm=Alarm{46b4903 type 3 when 444333195 com.asurion.android.verizon.vms}
01-11 16:54:52.708  3757  4354 D CompatibilityInfo: mCompatibilityFlags - 0
01-11 16:54:52.709  3757  4354 D CompatibilityInfo: applicationDensity - 420
01-11 16:54:52.709  3757  4354 D CompatibilityInfo: applicationScale - 1.0
01-11 16:54:52.751  3757 29838 D SamsungAlarmManager: setExact Intent (T:3/F:5/AC:false) 20190111T165457 - CU:10059/CP:15240
01-11 16:54:52.752  3757 29838 I SamsungAlarmManager: setLocked to kernel - T:3 / 20190111T165457, SetElapsed=444338240, nowELAPSED=444333249
01-11 16:54:52.930 11131 11223 D ClClient: Not sending keepalive.  Current connection state=STOPPED
01-11 16:54:53.205  3757 29840 D PaymentManagerService: PaymentManagerService() - Valid Caller
01-11 16:54:53.206  3757 29840 I PaymentService-JNI: getThis 0x78218488d0
01-11 16:54:53.206  3757 29840 I PaymentService-JNI: _destroy::Before Deleting Class
01-11 16:54:53.206  3757 29840 D PaymentService-JNI: NativeTAController destroy: mTACtx = 0x781e0b2360; mTAId = 9; mTATech = tee
01-11 16:54:53.207  3757 29840 I TLC_SPAY: : tatech = tee, tatech_strlen = 3
01-11 16:54:53.207  3757 29840 I TZ: mc_tlc_communication: tlc_close() was called
01-11 16:54:53.207  3757 29840 I TZ: mc_tlc_communication: Closing the session
01-11 16:54:53.234  3757 29840 I TZ: mc_tlc_communication: Freeing message buffer
01-11 16:54:53.234  3757 29840 I TZ: mc_tlc_communication: Closing MobiCore device
01-11 16:54:53.234  3757 29840 I TZ: mc_tlc_communication: tlc_close() succeeded
01-11 16:54:53.496  6668  6733 E ContactsProvider_EventLog: Flush buffer to file cnt : 1 size : 0Kb duration : 8ms lastUpdatedAfter : 4019 ms mFlush_time_threasold : 2000 mCurrentSize : 233
01-11 16:54:54.337  3757  7204 D BatteryService: !@BatteryListener : batteryPropertiesChanged!
01-11 16:54:54.338  3757  7204 D BatteryService: level:49, scale:100, status:2, health:2, present:true, voltage: 3921, temperature: 299, technology: Li-ion, AC powered:false, USB powered:true, POGO powered:false, Wireless powered:false, icon:17303694, invalid charger:0, maxChargingCurrent:0, maxChargingVoltage:0, chargeCounter:0
01-11 16:54:54.338  3757  7204 D BatteryService: online:6, current avg:411, charge type:1, power sharing:false, high voltage charger:false, capacity:280000, batterySWSelfDischarging:false, misc_event:0, current_now:502
01-11 16:54:54.338  3757  3757 D BatteryService: Sending ACTION_BATTERY_CHANGED.
01-11 16:54:54.342  3757  3757 V UiModeManager: updateLocked: null action, mDockState=0, category=null
01-11 16:54:54.343  3757  3757 D UiModeManager: updateConfigurationLocked: mDockState=0; mCarMode=false; mNightMode=1; uiMode=17
01-11 16:54:54.346  3757  3757 D GameManagerService: new battery level: 49
01-11 16:54:54.354  4616  4616 D KeyguardUpdateMonitor: received broadcast android.intent.action.BATTERY_CHANGED
01-11 16:54:54.354  4616  4616 D KeyguardUpdateMonitor: handleBatteryUpdate
01-11 16:54:54.358  4616  4616 D PowerUI : priorPlugType = 2 mPlugType =  2
01-11 16:54:54.362  4616  4616 D PowerUI.Notification: showChargingNotice oldChargingType : 1 currentChargingType : 1 oldChargingTime : 6342000 mChargingTime : 6331000
01-11 16:54:54.362  4616  4616 D PowerUI.Notification: showChargingNotification()
01-11 16:54:54.363  5024  5024 D PhoneApp: PhoneAppBroadcastReceiver onReceive android.intent.action.BATTERY_CHANGED
01-11 16:54:54.363  5024  5024 D TelephonyExtensionManager: lowBatterySound - isLowBatterySoundScheduled: false
01-11 16:54:54.363  5024  5024 D TelephonyExtensionManager: lowBatterySound - isPlayNow: false
01-11 16:54:54.364  5024  5024 D TelephonyExtensionManager: isSpeakerON - true
01-11 16:54:54.383  5024  5024 D TelephonyExtensionManager: lowBatterySound - batteryStatus: 2
01-11 16:54:54.383  5024  5024 D TelephonyExtensionManager: lowBatterySound - batteryLevel: 49
01-11 16:54:54.384  5024  5024 D TelephonyExtensionManager: lowBatterySound - cancel
01-11 16:54:54.385  3757  2858 D SamsungAlarmManager: Cancel Alarm calling from uid:1001 pid :5024 / op:PendingIntent{7aed6b9: PendingIntentRecord{a39a255 com.android.phone broadcastIntent}}
01-11 16:54:54.387  5024  5024 D TelephonyExtension: Not stopping low battery tone
01-11 16:54:54.388  3757  4482 D ApplicationPolicy: isStatusBarNotificationAllowedAsUser: packageName = com.android.systemui,userId = -1
01-11 16:54:54.391  4616  4616 D BatteryMeterDrawable: isSomethingChanged - false
01-11 16:54:54.393  4616  4616 D BatteryMeterDrawable: isSomethingChanged - false
01-11 16:54:54.397  4616  4616 D Tile.FlashlightTile: ACTION_BATTERY_CHANGED - Level :: 49, emEnabled :: false
01-11 16:54:54.454  4616  4616 D KeyguardServiceBoxContainer: updateCMAS() hasCmasNotification = false, mHasCMAS = false
01-11 16:54:54.684  3757  4458 D WifiStateMachine: Current network is: "wilkinson2.4" , ID is: 30
01-11 16:54:54.684  3757  4458 I WifiStateMachine: IMS calling, current network is always qualified
01-11 16:54:55.985  5689  5689 D io_stats: !@   8,0 r 1916594 58325848 w 1918615 43207388 d 310705 22785860 f 500670 500544 iot 3051130 1706225 th 61440 61440 43080 pt 9550 inp 0 0 165822.626
01-11 16:54:57.142 25095 25123 I Finsky  : [5684] com.google.android.finsky.bn.an.run(6): Stats for Executor: BlockingExecutor com.google.android.finsky.bn.ao@b116f39[Running, pool size = 0, active threads = 0, queued tasks = 0, completed tasks = 6]
01-11 16:54:57.144 25095 25123 I Finsky  : [5684] com.google.android.finsky.bn.an.run(6): Stats for Executor: LightweightExecutor com.google.android.finsky.bn.ao@565e97e[Running, pool size = 4, active threads = 0, queued tasks = 0, completed tasks = 56]
01-11 16:54:57.235  3757  9599 D SSRM:t  : SIOP:: AP = 450, PST = 387 (W:10), CP = 270, CUR = 712, LCD = 119
01-11 16:54:57.237  3757  9599 D ConnectivityService: filterNetworkStateForUid() uid: 1000 networkInfo: [type: WIFI[] - WIFI, state: CONNECTED/CONNECTED, reason: (unspecified), extra: "wilkinson2.4", failover: false, available: true, roaming: false, metered: false]
01-11 16:54:57.428 25095 25123 I Finsky  : [5684] com.google.android.finsky.bn.an.run(6): Stats for Executor: bgExecutor com.google.android.finsky.bn.ao@efcfedf[Running, pool size = 4, active threads = 0, queued tasks = 0, completed tasks = 10]
01-11 16:54:57.430 25095 25123 I Finsky  : [5684] com.google.android.finsky.bn.an.run(6): Stats for Executor: SimChangeExecutor com.google.android.finsky.bn.ao@6daa72c[Running, pool size = 1, active threads = 1, queued tasks = 4, completed tasks = 0]
01-11 16:54:57.467  3757  3766 I art     : Background sticky concurrent mark sweep GC freed 179497(11MB) AllocSpace objects, 92(3MB) LOS objects, 17% free, 72MB/88MB, paused 4.961ms total 283.597ms
01-11 16:54:57.637 25095 25123 I Finsky  : [5684] com.google.android.finsky.bn.an.run(6): Stats for Executor: Db-xternal_referrer_status.db com.google.android.finsky.bn.ao@210c5f5[Running, pool size = 0, active threads = 0, queued tasks = 0, completed tasks = 0]
01-11 16:54:57.661 25095 25123 I Finsky  : [5684] com.google.android.finsky.bn.an.run(6): Stats for Executor: Db-split_install_service com.google.android.finsky.bn.ao@df31f8a[Running, pool size = 0, active threads = 0, queued tasks = 0, completed tasks = 1]
01-11 16:54:57.663 25095 25123 I Finsky  : [5684] com.google.android.finsky.bn.an.run(6): Stats for Executor: SplitInstallBackgroundThread com.google.android.finsky.bn.ao@2dca9fb[Running, pool size = 0, active threads = 0, queued tasks = 0, completed tasks = 0]
01-11 16:54:57.693 25095 25123 I Finsky  : [5684] com.google.android.finsky.bn.an.run(6): Stats for Executor: StorageAwareDownloadServiceManagerSpaceChecker com.google.android.finsky.bn.ao@6e10a18[Running, pool size = 0, active threads = 0, queued tasks = 0, completed tasks = 0]
01-11 16:54:57.707  3757  4458 D WifiStateMachine: Current network is: "wilkinson2.4" , ID is: 30
01-11 16:54:57.707  3757  4458 I WifiStateMachine: IMS calling, current network is always qualified
01-11 16:54:57.741 26102 26132 D UE4     : Used memory: 221608
01-11 16:54:57.743  3757  4354 D SamsungAlarmManager: Expired : 8
01-11 16:54:57.743  3757  4354 I SamsungAlarmManager: setLocked to kernel - T:3 / 20190111T165500, SetElapsed=444340497, nowELAPSED=444338240
01-11 16:54:57.744  3757  4354 V SamsungAlarmManager: Sending to uid : 10059 action=null alarm=Alarm{6f3fafe type 3 when 444338240 com.asurion.android.verizon.vms}
01-11 16:54:57.753  3757  4354 D CompatibilityInfo: mCompatibilityFlags - 0
01-11 16:54:57.753  3757  4354 D CompatibilityInfo: applicationDensity - 420
01-11 16:54:57.753  3757  4354 D CompatibilityInfo: applicationScale - 1.0
01-11 16:54:57.781  3757 31269 D SamsungAlarmManager: setExact Intent (T:3/F:5/AC:false) 20190111T165502 - CU:10059/CP:15240
01-11 16:54:57.938 25095 25123 I Finsky  : [5684] com.google.android.finsky.bn.an.run(6): Stats for Executor: InstallBackgroundThread com.google.android.finsky.bn.ao@574cc71[Running, pool size = 0, active threads = 0, queued tasks = 0, completed tasks = 1]
01-11 16:54:57.943 25095 25123 I Finsky  : [5684] com.google.android.finsky.bn.an.run(6): Stats for Executor: Db-install_service com.google.android.finsky.bn.ao@96baa56[Running, pool size = 0, active threads = 0, queued tasks = 0, completed tasks = 0]
01-11 16:54:57.946 25095 25123 I Finsky  : [5684] com.google.android.finsky.bn.an.run(6): Stats for Executor: InstallBackgroundThread com.google.android.finsky.bn.ao@541ead7[Running, pool size = 0, active threads = 0, queued tasks = 0, completed tasks = 0]
01-11 16:54:58.239 25095 25123 I Finsky  : [5684] com.google.android.finsky.bn.an.run(6): Stats for Executor: Db-user_languages_store com.google.android.finsky.bn.ao@be8afc4[Running, pool size = 0, active threads = 0, queued tasks = 0, completed tasks = 1]
01-11 16:54:58.322 25095 25123 I Finsky  : [5684] com.google.android.finsky.bn.an.run(6): Stats for Executor: InstallBackgroundThread com.google.android.finsky.bn.ao@d38bead[Running, pool size = 0, active threads = 0, queued tasks = 0, completed tasks = 0]
01-11 16:54:58.324 25095 25123 I Finsky  : [5684] com.google.android.finsky.bn.an.run(6): Stats for Executor: InstallBackgroundThread com.google.android.finsky.bn.ao@21015e2[Running, pool size = 0, active threads = 0, queued tasks = 0, completed tasks = 0]
01-11 16:54:59.811  4616  4823 D NetworkController.MobileSignalController(0/1): onSignalStrengthsChanged signalStrength=SignalStrength: 99 99 -120 -160 -120 -1 -1 15 -120 -15 -31 2147483647 2147483647 0x1000 gsm|lte level=1
01-11 16:54:59.812  4616  4823 D NetworkController.MobileSignalController(0/1): getMobileIconGroup(): 13
01-11 16:54:59.812  4616  4823 D NetworkController.MobileSignalController(0/1): updateVZWMobileIconGroup(): 13
01-11 16:54:59.817  5035  5670 D EPDG -- [SMARTWIFI]: onSignalStrengthsChanged: Received signal strength change, phone type is: 2
01-11 16:54:59.817  5035  6446 D EPDG -- [SMARTWIFI]: lastLteRSRP is -120currentLteRSRP is -120
01-11 16:54:59.817  5035  6446 D EPDG -- [SMARTWIFI]: lastLteRSRQ is -16currentLteRSRQ is -15
01-11 16:54:59.817  5035  6446 D EPDG -- [SMARTWIFI]: lastCdmaDb is -16currentCdmaDb is -16
01-11 16:54:59.817  5035  6446 V EPDG -- [SMARTWIFI]: Radio oldest entry removed
01-11 16:54:59.818  5035  6446 V EPDG -- [SMARTWIFI]: New entry : (SignalStrength: 99 99 -120 -160 -120 -1 -1 15 -120 -15 -31 2147483647 2147483647 0x1000 gsm|lte : 0 )
01-11 16:54:59.818  5035  6446 V EPDG -- [SMARTWIFI]: Radio entry added
01-11 16:54:59.823  4616  4823 D NetworkController.MobileSignalController(0/1): callState:0, callStateByPhone:false voLTECall:false voiceNetTpe:13 dataNetType:13, ine911:false, emergencyCallbackMode:false
01-11 16:55:00.000  3757  4354 D SamsungAlarmManager: Expired : 8
01-11 16:55:00.001  3757  4354 I SamsungAlarmManager: setLocked to kernel - T:3 / 20190111T165502, SetElapsed=444343271, nowELAPSED=444340498
01-11 16:55:00.003  3757  4354 V SamsungAlarmManager: Sending to uid : 1000 action=android.intent.action.TIME_TICK alarm=Alarm{3a6d4ac type 3 when 444340497 android}
01-11 16:55:00.011  3757  3757 D SamsungAlarmManager: setExact Intent (T:3/F:1/AC:false) 20190111T165600 - CU:1000/CP:3757
01-11 16:55:00.013  4616  4616 D KeyguardUpdateMonitor: received broadcast android.intent.action.TIME_TICK
01-11 16:55:00.013  4616  4616 D KeyguardUpdateMonitor: handleTimeUpdate#start
01-11 16:55:00.014  4616  4616 I KeyguardClockPage: refreshTime(): DefaultSingle2016 hometime:America/New_York locale:en_US hasBG?false, Roaming:false
01-11 16:55:00.032  4616  4616 D KeyguardUpdateMonitor: handleTimeUpdate#end
01-11 16:55:00.032  4616  4616 D SystemUI_Clock: Clock received ACTION_TIME_TICK : start
01-11 16:55:00.039  4616  4616 D SystemUI_Clock: Clock received ACTION_TIME_TICK : end
01-11 16:55:00.059  4616  4616 D TextClock: TextClock received ACTION_TIME_TICK : start
01-11 16:55:00.061  4616  4616 D TextClock: TextClock received ACTION_TIME_TICK : end
01-11 16:55:00.063  4616  4616 D TextClock: TextClock received ACTION_TIME_TICK : start
01-11 16:55:00.065  4616  4616 D TextClock: TextClock received ACTION_TIME_TICK : end
01-11 16:55:00.092  4616  4616 D TextClock: TextClock received ACTION_TIME_TICK : start
01-11 16:55:00.092  4616  4616 D TextClock: TextClock received ACTION_TIME_TICK : end
01-11 16:55:00.094  4616  4616 V hong    : mid yDiff = 382
01-11 16:55:00.094  4616  4616 V hong    : mid yDiff = 382
01-11 16:55:00.109  4616  4616 D SystemUI_DateView: DateView received ACTION_TIME_TICK : start
01-11 16:55:00.109  4616  4616 D SystemUI_DateView: DateView received ACTION_TIME_TICK : end
01-11 16:55:00.109  4616  4616 V hong    : mid yDiff = 382
01-11 16:55:00.110  4616  4616 V hong    : mid yDiff = 382
01-11 16:55:00.114  4616  4616 D TextClock: TextClock received ACTION_TIME_TICK : start
01-11 16:55:00.115  4616  4616 D TextClock: TextClock received ACTION_TIME_TICK : end
01-11 16:55:00.123  4616  4616 D TextClock: TextClock received ACTION_TIME_TICK : start
01-11 16:55:00.124  4616  4616 D TextClock: TextClock received ACTION_TIME_TICK : end
01-11 16:55:00.135  6176  6176 D TextClock: TextClock received ACTION_TIME_TICK : start
01-11 16:55:00.142  6176  6176 D TextClock: TextClock received ACTION_TIME_TICK : end
01-11 16:55:00.147  6176  6176 D TextClock: TextClock received ACTION_TIME_TICK : start
01-11 16:55:00.147  6176  6176 D TextClock: TextClock received ACTION_TIME_TICK : end
01-11 16:55:00.152  6176  6176 D TextClock: TextClock received ACTION_TIME_TICK : start
01-11 16:55:00.153  6176  6176 D TextClock: TextClock received ACTION_TIME_TICK : end
01-11 16:55:00.159  6176  6176 D TextClock: TextClock received ACTION_TIME_TICK : start
01-11 16:55:00.161  6176  6176 D TextClock: TextClock received ACTION_TIME_TICK : end
01-11 16:55:00.167  6176  6176 D TextClock: TextClock received ACTION_TIME_TICK : start
01-11 16:55:00.169  6176  6176 D TextClock: TextClock received ACTION_TIME_TICK : end
01-11 16:55:00.177  6176  6176 D TextClock: TextClock received ACTION_TIME_TICK : start
01-11 16:55:00.178  6176  6176 D TextClock: TextClock received ACTION_TIME_TICK : end
01-11 16:55:00.181  6176  6176 D TextClock: TextClock received ACTION_TIME_TICK : start
01-11 16:55:00.182  6176  6176 D TextClock: TextClock received ACTION_TIME_TICK : end
01-11 16:55:00.191  6176  6176 D TextClock: TextClock received ACTION_TIME_TICK : start
01-11 16:55:00.192  6176  6176 D TextClock: TextClock received ACTION_TIME_TICK : end
01-11 16:55:00.199  6176  6176 D TextClock: TextClock received ACTION_TIME_TICK : start
01-11 16:55:00.199  6176  6176 D TextClock: TextClock received ACTION_TIME_TICK : end
01-11 16:55:00.228 11131 26452 D EventNotificationJob: Running EventNotificationJob, isDetail=true
01-11 16:55:00.231  3757  3774 D CompatibilityInfo: mCompatibilityFlags - 0
01-11 16:55:00.231  3757  3774 D CompatibilityInfo: applicationDensity - 420
01-11 16:55:00.231  3757  3774 D CompatibilityInfo: applicationScale - 1.0
01-11 16:55:00.237  4616  4616 D DateTimeView: DateTimeView received ACTION_TIME_TICK : start
01-11 16:55:00.243  4616  4616 D DateTimeView: DateTimeView received ACTION_TIME_TICK : end
01-11 16:55:00.260 25446 25446 D [WeatherWidget(15061)]  WeatherService: {[B73D43639EB27FAA34EF41A6129C1FA787B8DDA06B4FC8C3DFFF289A8228DE1D07957C4CB0877FB29CB85D37C68D39BF076A5D6720D2DA7CE46EF7EA2858EC07]}
01-11 16:55:00.263 11131 26452 D EventNotificationJob:   finished processing events.
01-11 16:55:00.263 25446 25446 D [WeatherWidget(15061)]  : {[3AE6950019B083611567B0F9442DB03E36B37708FCADB7FDDBA670B1362D994454BFFFDA2568816BBDDA6DD60F644DCF]}
01-11 16:55:00.265 25446 25446 D [WeatherWidget(15061)]  DB L2: {[610591C4E30FED4A153FF198DAC84EFEE3319B0D622FD4A19809E90ED3C1398368D658B139FCCB8B9564F5B4E9CB634EDF0AF0F02174E1D5A04E6FD51C571B22]}
01-11 16:55:00.265 25446 25446 D [WeatherWidget(15061)]  : {[E9BDC1AC9F9B078A92B3F309630276C89F9B6E52C087A495B97355481F2FDE5B58A757A09967AB7BD9E1187CEA5BB356FACBD4A552A7402C88647F970C513A69]}
01-11 16:55:00.266 25446 25446 D [WeatherWidget(15061)]  DB L2: {[610591C4E30FED4A153FF198DAC84EFE259FA03515F619060291D19B9A2E73CB46DA064369D1073FED4BA9669B425DCA255C4AA4EC792426284ED2FD0C3E5679]}
01-11 16:55:00.267 25446 25446 D [WeatherWidget(15061)]  DB L2: {[610591C4E30FED4A153FF198DAC84EFE1A65FB0EE8B7C5763A9CB231BC13495C0980BD17AB2024B4E3F440D28DAC546B0E347D198067C86B8516E513D16876A2]}
01-11 16:55:00.269 25446 25446 D [WeatherWidget(15061)]  : {[3AE6950019B083611567B0F9442DB03EF4A0ECA9EDEEE1C6764DEF6294C10F4F0BAD60A0CC696E8D15537EBE77D0F441F941FE30DFEB6E45A2BAA0295B86238B6B5477898ADD292C8EB7917680951853]}
01-11 16:55:00.272 25446 25446 D [WeatherWidget(15061)]  : {[A1AF0F6A1A65A89C43D705938923D0FE0259CBA56E4484DDAF167EE897E0098D214B31210E90A8E4D761DF2724951166F2287DB34D772530C5896F56ACED759975FF35F9B0D69F512E6FBEE71C4908CBCAE2FCE86C084D471799A0E5803E36DB6B5440E0718F4F7DE2FEC5452247FD1A]}
01-11 16:55:00.272 25446 25446 D [WeatherWidget(15061)]  : {[4C0512EFA0AB4990F6AA1DF592AD92A7F0B9EF71550DD16C356391DD9598536C]}
01-11 16:55:00.276  3757 29840 D CompatibilityInfo: mCompatibilityFlags - 0
01-11 16:55:00.277  3757 29840 D CompatibilityInfo: applicationDensity - 420
01-11 16:55:00.277  3757 29840 D CompatibilityInfo: applicationScale - 1.0
01-11 16:55:00.306  3757  7201 D CompatibilityInfo: mCompatibilityFlags - 0
01-11 16:55:00.306  3757  7201 D CompatibilityInfo: applicationDensity - 420
01-11 16:55:00.306  3757  7201 D CompatibilityInfo: applicationScale - 1.0
01-11 16:55:00.724  3757  4458 D WifiStateMachine: Current network is: "wilkinson2.4" , ID is: 30
01-11 16:55:00.725  3757  4458 I WifiStateMachine: IMS calling, current network is always qualified
01-11 16:55:00.987  5689  5689 D io_stats: !@   8,0 r 1916594 58325848 w 1918619 43207424 d 310705 22785860 f 500696 500570 iot 3051200 1706229 th 61440 61440 43080 pt 9550 inp 0 0 165827.628
01-11 16:55:01.406  3757  4966 E Watchdog: !@Sync 5525 [11_Jan_16_55_01.405]
01-11 16:55:02.353  4616  4823 D NetworkController.MobileSignalController(0/1): onSignalStrengthsChanged signalStrength=SignalStrength: 99 99 -120 -160 -120 -1 -1 14 -120 -15 -11 2147483647 2147483647 0x1000 gsm|lte level=1
01-11 16:55:02.353  4616  4823 D NetworkController.MobileSignalController(0/1): getMobileIconGroup(): 13
01-11 16:55:02.353  4616  4823 D NetworkController.MobileSignalController(0/1): updateVZWMobileIconGroup(): 13
01-11 16:55:02.371  5035  5670 D EPDG -- [SMARTWIFI]: onSignalStrengthsChanged: Received signal strength change, phone type is: 2
01-11 16:55:02.372  5035  6446 D EPDG -- [SMARTWIFI]: lastLteRSRP is -120currentLteRSRP is -120
01-11 16:55:02.372  5035  6446 D EPDG -- [SMARTWIFI]: lastLteRSRQ is -15currentLteRSRQ is -15
01-11 16:55:02.372  5035  6446 D EPDG -- [SMARTWIFI]: lastCdmaDb is -16currentCdmaDb is -16
01-11 16:55:02.372  5035  6446 V EPDG -- [SMARTWIFI]: Radio oldest entry removed
01-11 16:55:02.372  5035  6446 V EPDG -- [SMARTWIFI]: New entry : (SignalStrength: 99 99 -120 -160 -120 -1 -1 14 -120 -15 -11 2147483647 2147483647 0x1000 gsm|lte : 0 )
01-11 16:55:02.372  5035  6446 V EPDG -- [SMARTWIFI]: Radio entry added
01-11 16:55:02.379  4616  4823 D NetworkController.MobileSignalController(0/1): callState:0, callStateByPhone:false voLTECall:false voiceNetTpe:13 dataNetType:13, ine911:false, emergencyCallbackMode:false
01-11 16:55:02.775  3757  4354 D SamsungAlarmManager: Expired : 8
01-11 16:55:02.783  3757  4354 I SamsungAlarmManager: setLocked to kernel - T:3 / 20190111T165550, SetElapsed=444390800, nowELAPSED=444343280
01-11 16:55:02.784  3757  4354 V SamsungAlarmManager: Sending to uid : 10059 action=null alarm=Alarm{bdd2575 type 3 when 444343271 com.asurion.android.verizon.vms}
01-11 16:55:02.794  3757  4354 D CompatibilityInfo: mCompatibilityFlags - 0
01-11 16:55:02.794  3757  4354 D CompatibilityInfo: applicationDensity - 420
01-11 16:55:02.794  3757  4354 D CompatibilityInfo: applicationScale - 1.0
01-11 16:55:02.827  3757  6272 D SamsungAlarmManager: setExact Intent (T:3/F:5/AC:false) 20190111T165507 - CU:10059/CP:15240
01-11 16:55:02.829  3757  6272 I SamsungAlarmManager: setLocked to kernel - T:3 / 20190111T165507, SetElapsed=444348311, nowELAPSED=444343326
01-11 16:55:02.930 11131 11223 D ClClient: Not sending keepalive.  Current connection state=STOPPED
01-11 16:55:03.557  4616  4823 D NetworkController.MobileSignalController(0/1): onSignalStrengthsChanged signalStrength=SignalStrength: 99 99 -120 -160 -120 -1 -1 15 -121 -15 -30 2147483647 2147483647 0x1000 gsm|lte level=1
01-11 16:55:03.558  4616  4823 D NetworkController.MobileSignalController(0/1): getMobileIconGroup(): 13
01-11 16:55:03.558  4616  4823 D NetworkController.MobileSignalController(0/1): updateVZWMobileIconGroup(): 13
01-11 16:55:03.566  5035  5670 D EPDG -- [SMARTWIFI]: onSignalStrengthsChanged: Received signal strength change, phone type is: 2
01-11 16:55:03.566  5035  6446 D EPDG -- [SMARTWIFI]: lastLteRSRP is -120currentLteRSRP is -121
01-11 16:55:03.567  5035  6446 D EPDG -- [SMARTWIFI]: lastLteRSRQ is -15currentLteRSRQ is -15
01-11 16:55:03.567  5035  6446 D EPDG -- [SMARTWIFI]: lastCdmaDb is -16currentCdmaDb is -16
01-11 16:55:03.567  5035  6446 V EPDG -- [SMARTWIFI]: Radio oldest entry removed
01-11 16:55:03.567  5035  6446 V EPDG -- [SMARTWIFI]: New entry : (SignalStrength: 99 99 -120 -160 -120 -1 -1 15 -121 -15 -30 2147483647 2147483647 0x1000 gsm|lte : 0 )
01-11 16:55:03.567  5035  6446 V EPDG -- [SMARTWIFI]: Radio entry added
01-11 16:55:03.573  4616  4823 D NetworkController.MobileSignalController(0/1): callState:0, callStateByPhone:false voLTECall:false voiceNetTpe:13 dataNetType:13, ine911:false, emergencyCallbackMode:false
01-11 16:55:03.744  3757  4458 D WifiStateMachine: Current network is: "wilkinson2.4" , ID is: 30
01-11 16:55:03.744  3757  4458 I WifiStateMachine: IMS calling, current network is always qualified
01-11 16:55:04.405  3757  7206 D BatteryService: !@BatteryListener : batteryPropertiesChanged!
01-11 16:55:04.406  3757  7206 D BatteryService: level:49, scale:100, status:2, health:2, present:true, voltage: 3894, temperature: 298, technology: Li-ion, AC powered:false, USB powered:true, POGO powered:false, Wireless powered:false, icon:17303694, invalid charger:0, maxChargingCurrent:0, maxChargingVoltage:0, chargeCounter:0
01-11 16:55:04.406  3757  7206 D BatteryService: online:6, current avg:423, charge type:1, power sharing:false, high voltage charger:false, capacity:280000, batterySWSelfDischarging:false, misc_event:0, current_now:339
01-11 16:55:04.406  3757  3757 D BatteryService: Sending ACTION_BATTERY_CHANGED.
01-11 16:55:04.417  3757  3757 V UiModeManager: updateLocked: null action, mDockState=0, category=null
01-11 16:55:04.417  3757  3757 D UiModeManager: updateConfigurationLocked: mDockState=0; mCarMode=false; mNightMode=1; uiMode=17
01-11 16:55:04.419  3757  3757 D GameManagerService: new battery level: 49
01-11 16:55:04.431  4616  4616 D KeyguardUpdateMonitor: received broadcast android.intent.action.BATTERY_CHANGED
01-11 16:55:04.431  4616  4616 D KeyguardUpdateMonitor: handleBatteryUpdate
01-11 16:55:04.436  4616  4616 D PowerUI : priorPlugType = 2 mPlugType =  2
01-11 16:55:04.438  4616  4616 D PowerUI.Notification: showChargingNotice oldChargingType : 1 currentChargingType : 1 oldChargingTime : 6331000 mChargingTime : 6331000
01-11 16:55:04.439  4616  4616 D PowerUI.Notification: There is no change about charging status, so return!
01-11 16:55:04.450  5024  5024 D PhoneApp: PhoneAppBroadcastReceiver onReceive android.intent.action.BATTERY_CHANGED
01-11 16:55:04.450  5024  5024 D TelephonyExtensionManager: lowBatterySound - isLowBatterySoundScheduled: false
01-11 16:55:04.450  5024  5024 D TelephonyExtensionManager: lowBatterySound - isPlayNow: false
01-11 16:55:04.451  5024  5024 D TelephonyExtensionManager: isSpeakerON - true
01-11 16:55:04.452  4616  4616 D BatteryMeterDrawable: isSomethingChanged - false
01-11 16:55:04.452  4616  4616 D BatteryMeterDrawable: isSomethingChanged - false
01-11 16:55:04.455  4616  4616 D Tile.FlashlightTile: ACTION_BATTERY_CHANGED - Level :: 49, emEnabled :: false
01-11 16:55:04.459 26102 26102 D UE4     : Battery: status = 2, rawlevel = 49, scale = 100
01-11 16:55:04.459 26102 26102 D UE4     : nativeBatteryEvent(stat = 2, lvl = 49  temp = 29.80 C)
01-11 16:55:04.468  5024  5024 D TelephonyExtensionManager: lowBatterySound - batteryStatus: 2
01-11 16:55:04.468  5024  5024 D TelephonyExtensionManager: lowBatterySound - batteryLevel: 49
01-11 16:55:04.468  5024  5024 D TelephonyExtensionManager: lowBatterySound - cancel
01-11 16:55:04.469  3757  7201 D SamsungAlarmManager: Cancel Alarm calling from uid:1001 pid :5024 / op:PendingIntent{822d57b: PendingIntentRecord{a39a255 com.android.phone broadcastIntent}}
01-11 16:55:04.469  5024  5024 D TelephonyExtension: Not stopping low battery tone
01-11 16:55:05.298  6668  6733 D ContactsProvider_EventLog: contents_sample_state: [ contacts(369) data(4037) accounts({vnd.sec.contact.phone (1)=12, com.google (7)=693}) accounts deleted({}) calls([logtype:100 cnt:405, logtype:1150 cnt:95]) countryIso(US) userId(0)  ]

01-11 16:55:05.298  6668  6733 D ContactsProvider_EventLog: contents_sample_state: [ agr({[2 ,2 ,7]=1, [2 ,7 ,2 ,7]=1, [7 ,2 ,7]=4, [7 ,7 ,2]=4, [1 ,7]=5, [7]=51, [7 ,2]=231, [1 ,2 ,7]=7, [2 ,7]=65})  ]

01-11 16:55:05.298  6668  6733 D ContactsProvider_EventLog: contents_sample_state: [ actCnt({com.samsung.android.contacts=8, com.sec.imsservice=4, android.process.acore=1, com.google.android.gms=70})  ]
01-11 16:55:05.300  6668  6733 E ContactsProvider_EventLog: Flush buffer to file cnt : 1 size : 1Kb duration : 1ms lastUpdatedAfter : 11804 ms mFlush_time_threasold : 2000 mCurrentSize : 538
01-11 16:55:05.991  5689  5689 D io_stats: !@   8,0 r 1916594 58325848 w 1918628 43207544 d 310706 22785864 f 500723 500597 iot 3051300 1706237 th 61440 61440 43080 pt 9550 inp 0 0 165832.632
01-11 16:55:06.780  3757  4458 D WifiStateMachine: Current network is: "wilkinson2.4" , ID is: 30
01-11 16:55:06.780  3757  4458 I WifiStateMachine: IMS calling, current network is always qualified
01-11 16:55:07.258  3757  9599 D SSRM:t  : SIOP:: AP = 450, PST = 399 (W:12), CP = 272, CUR = 707, LCD = 119
01-11 16:55:07.262  3757  9599 D ConnectivityService: filterNetworkStateForUid() uid: 1000 networkInfo: [type: WIFI[] - WIFI, state: CONNECTED/CONNECTED, reason: (unspecified), extra: "wilkinson2.4", failover: false, available: true, roaming: false, metered: false]
01-11 16:55:07.466  4616  4823 D NetworkController.MobileSignalController(0/1): onSignalStrengthsChanged signalStrength=SignalStrength: 99 99 -120 -160 -120 -1 -1 14 -121 -15 -31 2147483647 2147483647 0x1000 gsm|lte level=1
01-11 16:55:07.466  4616  4823 D NetworkController.MobileSignalController(0/1): getMobileIconGroup(): 13
01-11 16:55:07.466  4616  4823 D NetworkController.MobileSignalController(0/1): updateVZWMobileIconGroup(): 13
01-11 16:55:07.473  5035  5670 D EPDG -- [SMARTWIFI]: onSignalStrengthsChanged: Received signal strength change, phone type is: 2
01-11 16:55:07.473  5035  6446 D EPDG -- [SMARTWIFI]: lastLteRSRP is -121currentLteRSRP is -121
01-11 16:55:07.473  5035  6446 D EPDG -- [SMARTWIFI]: lastLteRSRQ is -15currentLteRSRQ is -15
01-11 16:55:07.473  5035  6446 D EPDG -- [SMARTWIFI]: lastCdmaDb is -16currentCdmaDb is -16
01-11 16:55:07.473  5035  6446 V EPDG -- [SMARTWIFI]: Radio oldest entry removed
01-11 16:55:07.473  5035  6446 V EPDG -- [SMARTWIFI]: New entry : (SignalStrength: 99 99 -120 -160 -120 -1 -1 14 -121 -15 -31 2147483647 2147483647 0x1000 gsm|lte : 0 )
01-11 16:55:07.473  5035  6446 V EPDG -- [SMARTWIFI]: Radio entry added
01-11 16:55:07.477  4616  4823 D NetworkController.MobileSignalController(0/1): callState:0, callStateByPhone:false voLTECall:false voiceNetTpe:13 dataNetType:13, ine911:false, emergencyCallbackMode:false
01-11 16:55:07.753 26102 26132 D UE4     : Used memory: 221524
01-11 16:55:07.814  3757  4354 D SamsungAlarmManager: Expired : 8
01-11 16:55:07.815  3757  4354 I SamsungAlarmManager: setLocked to kernel - T:3 / 20190111T165550, SetElapsed=444390800, nowELAPSED=444348312
01-11 16:55:07.815  3757  4354 V SamsungAlarmManager: Sending to uid : 10059 action=null alarm=Alarm{c028f98 type 3 when 444348311 com.asurion.android.verizon.vms}
01-11 16:55:07.825  3757  4354 D CompatibilityInfo: mCompatibilityFlags - 0
01-11 16:55:07.826  3757  4354 D CompatibilityInfo: applicationDensity - 420
01-11 16:55:07.826  3757  4354 D CompatibilityInfo: applicationScale - 1.0
01-11 16:55:07.843 25095 25123 I Finsky  : [5684] com.google.android.finsky.bn.an.run(6): Stats for Executor: Db-notification_cache com.google.android.finsky.bn.ao@6505d73[Running, pool size = 0, active threads = 0, queued tasks = 0, completed tasks = 1]
01-11 16:55:07.850 25095 25123 I Finsky  : [5684] com.google.android.finsky.bn.an.run(6): Stats for Executor: VerifyAppsDataStore com.google.android.finsky.bn.ao@6a30430[Running, pool size = 0, active threads = 0, queued tasks = 0, completed tasks = 2]
01-11 16:55:07.852  3757  3771 D SamsungAlarmManager: setExact Intent (T:3/F:5/AC:false) 20190111T165512 - CU:10059/CP:15240
01-11 16:55:07.852  3757  3771 I SamsungAlarmManager: setLocked to kernel - T:3 / 20190111T165512, SetElapsed=444353338, nowELAPSED=444348349
01-11 16:55:07.858 25095 25123 I Finsky  : [5684] com.google.android.finsky.bn.an.run(6): Stats for Executor: Db-verify_apps.db com.google.android.finsky.bn.ao@bcf98a9[Running, pool size = 0, active threads = 0, queued tasks = 0, completed tasks = 1]
01-11 16:55:08.334 25095 25123 I Finsky  : [5684] com.google.android.finsky.bn.an.run(6): Stats for Executor: Db-scheduler com.google.android.finsky.bn.ao@39dae2e[Running, pool size = 0, active threads = 0, queued tasks = 0, completed tasks = 3]
01-11 16:55:08.361 25095 25123 I Finsky  : [5684] com.google.android.finsky.bn.an.run(6): Stats for Executor: InstallQueueDatabaseManager com.google.android.finsky.bn.ao@ac95dcf[Running, pool size = 0, active threads = 0, queued tasks = 0, completed tasks = 1]
01-11 16:55:09.799  3757  4458 D WifiStateMachine: Current network is: "wilkinson2.4" , ID is: 30
01-11 16:55:09.800  3757  4458 I WifiStateMachine: IMS calling, current network is always qualified
01-11 16:55:10.028  4616  4823 D NetworkController.MobileSignalController(0/1): onSignalStrengthsChanged signalStrength=SignalStrength: 99 99 -120 -160 -120 -1 -1 15 -121 -15 -25 2147483647 2147483647 0x1000 gsm|lte level=1
01-11 16:55:10.029  4616  4823 D NetworkController.MobileSignalController(0/1): getMobileIconGroup(): 13
01-11 16:55:10.029  4616  4823 D NetworkController.MobileSignalController(0/1): updateVZWMobileIconGroup(): 13
01-11 16:55:10.035  5035  5670 D EPDG -- [SMARTWIFI]: onSignalStrengthsChanged: Received signal strength change, phone type is: 2
01-11 16:55:10.036  5035  6446 D EPDG -- [SMARTWIFI]: lastLteRSRP is -121currentLteRSRP is -121
01-11 16:55:10.036  5035  6446 D EPDG -- [SMARTWIFI]: lastLteRSRQ is -15currentLteRSRQ is -15
01-11 16:55:10.036  5035  6446 D EPDG -- [SMARTWIFI]: lastCdmaDb is -16currentCdmaDb is -16
01-11 16:55:10.036  5035  6446 V EPDG -- [SMARTWIFI]: Radio oldest entry removed
01-11 16:55:10.036  5035  6446 V EPDG -- [SMARTWIFI]: New entry : (SignalStrength: 99 99 -120 -160 -120 -1 -1 15 -121 -15 -25 2147483647 2147483647 0x1000 gsm|lte : 0 )
01-11 16:55:10.036  5035  6446 V EPDG -- [SMARTWIFI]: Radio entry added
01-11 16:55:10.043  4616  4823 D NetworkController.MobileSignalController(0/1): callState:0, callStateByPhone:false voLTECall:false voiceNetTpe:13 dataNetType:13, ine911:false, emergencyCallbackMode:false
01-11 16:55:10.993  5689  5689 D io_stats: !@   8,0 r 1916671 58326184 w 1918836 43209400 d 310711 22785928 f 500753 500627 iot 3051400 1706279 th 61440 61440 43080 pt 9550 inp 0 0 165837.634
01-11 16:55:12.821  3757  4458 D WifiStateMachine: Current network is: "wilkinson2.4" , ID is: 30
01-11 16:55:12.821  3757  4458 I WifiStateMachine: IMS calling, current network is always qualified
01-11 16:55:12.841  3757  4354 D SamsungAlarmManager: Expired : 8
01-11 16:55:12.842  3757  4354 I SamsungAlarmManager: setLocked to kernel - T:3 / 20190111T165550, SetElapsed=444390800, nowELAPSED=444353339
01-11 16:55:12.843  3757  4354 V SamsungAlarmManager: Sending to uid : 10059 action=null alarm=Alarm{97a6bd6 type 3 when 444353338 com.asurion.android.verizon.vms}
01-11 16:55:12.852  3757  4354 D CompatibilityInfo: mCompatibilityFlags - 0
01-11 16:55:12.852  3757  4354 D CompatibilityInfo: applicationDensity - 420
01-11 16:55:12.852  3757  4354 D CompatibilityInfo: applicationScale - 1.0
01-11 16:55:12.877  3757  4440 D SamsungAlarmManager: setExact Intent (T:3/F:5/AC:false) 20190111T165517 - CU:10059/CP:15240
01-11 16:55:12.878  3757  4440 I SamsungAlarmManager: setLocked to kernel - T:3 / 20190111T165517, SetElapsed=444358365, nowELAPSED=444353375
01-11 16:55:12.931 11131 11223 D ClClient: Not sending keepalive.  Current connection state=STOPPED
01-11 16:55:14.486  3757 29840 D BatteryService: !@BatteryListener : batteryPropertiesChanged!
01-11 16:55:14.486  3757 29840 D BatteryService: level:49, scale:100, status:2, health:2, present:true, voltage: 3919, temperature: 298, technology: Li-ion, AC powered:false, USB powered:true, POGO powered:false, Wireless powered:false, icon:17303694, invalid charger:0, maxChargingCurrent:0, maxChargingVoltage:0, chargeCounter:0
01-11 16:55:14.487  3757 29840 D BatteryService: online:6, current avg:437, charge type:1, power sharing:false, high voltage charger:false, capacity:280000, batterySWSelfDischarging:false, misc_event:0, current_now:485
01-11 16:55:14.487  3757  3757 D BatteryService: Sending ACTION_BATTERY_CHANGED.
01-11 16:55:14.491  3757  3757 V UiModeManager: updateLocked: null action, mDockState=0, category=null
01-11 16:55:14.491  3757  3757 D UiModeManager: updateConfigurationLocked: mDockState=0; mCarMode=false; mNightMode=1; uiMode=17
01-11 16:55:14.493  3757  3757 D GameManagerService: new battery level: 49
01-11 16:55:14.500  4616  4616 D KeyguardUpdateMonitor: received broadcast android.intent.action.BATTERY_CHANGED
01-11 16:55:14.500  4616  4616 D KeyguardUpdateMonitor: handleBatteryUpdate
01-11 16:55:14.503  4616  4616 D PowerUI : priorPlugType = 2 mPlugType =  2
01-11 16:55:14.508  4616  4616 D PowerUI.Notification: showChargingNotice oldChargingType : 1 currentChargingType : 1 oldChargingTime : 6331000 mChargingTime : 6320000
01-11 16:55:14.509  4616  4616 D PowerUI.Notification: showChargingNotification()
01-11 16:55:14.514  5024  5024 D PhoneApp: PhoneAppBroadcastReceiver onReceive android.intent.action.BATTERY_CHANGED
01-11 16:55:14.514  5024  5024 D TelephonyExtensionManager: lowBatterySound - isLowBatterySoundScheduled: false
01-11 16:55:14.514  5024  5024 D TelephonyExtensionManager: lowBatterySound - isPlayNow: false
01-11 16:55:14.514  5024  5024 D TelephonyExtensionManager: isSpeakerON - true
01-11 16:55:14.533  5024  5024 D TelephonyExtensionManager: lowBatterySound - batteryStatus: 2
01-11 16:55:14.533  5024  5024 D TelephonyExtensionManager: lowBatterySound - batteryLevel: 49
01-11 16:55:14.533  5024  5024 D TelephonyExtensionManager: lowBatterySound - cancel
01-11 16:55:14.533  3757  7203 D ApplicationPolicy: isStatusBarNotificationAllowedAsUser: packageName = com.android.systemui,userId = -1
01-11 16:55:14.533  3757 29839 D SamsungAlarmManager: Cancel Alarm calling from uid:1001 pid :5024 / op:PendingIntent{55d0d44: PendingIntentRecord{a39a255 com.android.phone broadcastIntent}}
01-11 16:55:14.534  5024  5024 D TelephonyExtension: Not stopping low battery tone
01-11 16:55:14.536  4616  4616 D BatteryMeterDrawable: isSomethingChanged - false
01-11 16:55:14.537  4616  4616 D BatteryMeterDrawable: isSomethingChanged - false
01-11 16:55:14.546  4616  4616 D Tile.FlashlightTile: ACTION_BATTERY_CHANGED - Level :: 49, emEnabled :: false
01-11 16:55:14.601  4616  4616 D KeyguardServiceBoxContainer: updateCMAS() hasCmasNotification = false, mHasCMAS = false
01-11 16:55:15.842  3757  4458 D WifiStateMachine: Current network is: "wilkinson2.4" , ID is: 30
01-11 16:55:15.842  3757  4458 I WifiStateMachine: IMS calling, current network is always qualified
01-11 16:55:15.996  5689  5689 D io_stats: !@   8,0 r 1916671 58326184 w 1918843 43209452 d 310711 22785928 f 500782 500656 iot 3051500 1706286 th 61440 61440 43080 pt 9550 inp 0 0 165842.637
01-11 16:55:16.369  3757  5063 D CompatibilityInfo: mCompatibilityFlags - 0
01-11 16:55:16.369  3757  5063 D CompatibilityInfo: applicationDensity - 420
01-11 16:55:16.369  3757  5063 D CompatibilityInfo: applicationScale - 1.0
01-11 16:55:16.400  3757  3771 D CompatibilityInfo: mCompatibilityFlags - 0
01-11 16:55:16.400  3757  3771 D CompatibilityInfo: applicationDensity - 420
01-11 16:55:16.400  3757  3771 D CompatibilityInfo: applicationScale - 1.0
01-11 16:55:17.294  3757  9599 D SSRM:t  : SIOP:: AP = 450, PST = 417 (W:12), CP = 273, CUR = 694, LCD = 119
01-11 16:55:17.298  3757  9599 D ConnectivityService: filterNetworkStateForUid() uid: 1000 networkInfo: [type: WIFI[] - WIFI, state: CONNECTED/CONNECTED, reason: (unspecified), extra: "wilkinson2.4", failover: false, available: true, roaming: false, metered: false]
01-11 16:55:17.591  7370 22131 I Icing   : Indexing com.google.android.gm-internal.3p:EmailMessage from com.google.android.gm
01-11 16:55:17.709  7370 22131 I Icing   : Indexing done com.google.android.gm-internal.3p:EmailMessage
01-11 16:55:17.738  3757 29838 D CompatibilityInfo: mCompatibilityFlags - 0
01-11 16:55:17.738  3757 29838 D CompatibilityInfo: applicationDensity - 420
01-11 16:55:17.738  3757 29838 D CompatibilityInfo: applicationScale - 1.0
01-11 16:55:17.760 26102 26132 D UE4     : Used memory: 221156
01-11 16:55:17.840  3757 10512 D ConnectivityService: filterNetworkStateForUid() uid: 10014 networkInfo: [type: WIFI[] - WIFI, state: CONNECTED/CONNECTED, reason: (unspecified), extra: "wilkinson2.4", failover: false, available: true, roaming: false, metered: false]
01-11 16:55:17.868  3757  4354 D SamsungAlarmManager: Expired : 8
01-11 16:55:17.868  3757  4354 I SamsungAlarmManager: setLocked to kernel - T:3 / 20190111T165550, SetElapsed=444390800, nowELAPSED=444358365
01-11 16:55:17.869  3757  4354 V SamsungAlarmManager: Sending to uid : 10059 action=null alarm=Alarm{b931fae type 3 when 444358365 com.asurion.android.verizon.vms}
01-11 16:55:17.881  3757  4354 D CompatibilityInfo: mCompatibilityFlags - 0
01-11 16:55:17.881  3757  4354 D CompatibilityInfo: applicationDensity - 420
01-11 16:55:17.881  3757  4354 D CompatibilityInfo: applicationScale - 1.0
01-11 16:55:17.902  3757  4469 D SamsungAlarmManager: setExact Intent (T:3/F:5/AC:false) 20190111T165522 - CU:10059/CP:15240
01-11 16:55:17.902  3757  4469 I SamsungAlarmManager: setLocked to kernel - T:3 / 20190111T165522, SetElapsed=444363390, nowELAPSED=444358399
01-11 16:55:18.818  7370 22131 I Icing   : Indexing com.google.android.gm-internal.3p:EmailMessage from com.google.android.gm
01-11 16:55:18.874  3757  4458 D WifiStateMachine: Current network is: "wilkinson2.4" , ID is: 30
01-11 16:55:18.876  3757  4458 I WifiStateMachine: IMS calling, current network is always qualified
01-11 16:55:18.953  7370 22131 I Icing   : Indexing done com.google.android.gm-internal.3p:EmailMessage
01-11 16:55:19.967  7370 22131 I Icing   : Indexing com.google.android.gm-internal.3p:EmailMessage from com.google.android.gm
01-11 16:55:20.011  7370 22131 I Icing   : Indexing done com.google.android.gm-internal.3p:EmailMessage
01-11 16:55:20.014  7370 22131 I Icing   : Indexing com.google.android.gm-internal.3p:EmailMessage from com.google.android.gm
01-11 16:55:20.019  7370 22131 I Icing   : Indexing done com.google.android.gm-internal.3p:EmailMessage
01-11 16:55:20.999  5689  5689 D io_stats: !@   8,0 r 1916797 58328076 w 1918947 43210416 d 310714 22786128 f 500839 500713 iot 3051710 1706363 th 61440 61440 43080 pt 9550 inp 0 0 165847.639
01-11 16:55:21.890  3757  4458 D WifiStateMachine: Current network is: "wilkinson2.4" , ID is: 30
01-11 16:55:21.890  3757  4458 I WifiStateMachine: IMS calling, current network is always qualified
01-11 16:55:22.893  3757  4354 D SamsungAlarmManager: Expired : 8
01-11 16:55:22.895  3757  4354 I SamsungAlarmManager: setLocked to kernel - T:3 / 20190111T165550, SetElapsed=444390800, nowELAPSED=444363391
01-11 16:55:22.897  3757  4354 V SamsungAlarmManager: Sending to uid : 10059 action=null alarm=Alarm{c5ec0dc type 3 when 444363390 com.asurion.android.verizon.vms}
01-11 16:55:22.908  3757  4354 D CompatibilityInfo: mCompatibilityFlags - 0
01-11 16:55:22.908  3757  4354 D CompatibilityInfo: applicationDensity - 420
