01-13 13:01:34.208  3757  5063 D AudioService: getStreamVolume 3 index 90
01-13 13:01:34.240  3757  6272 D AudioService: getStreamVolume 3 index 90
01-13 13:01:34.257  3757  4473 D AudioService: getStreamVolume 3 index 90
01-13 13:01:34.442  3757 10512 D AudioService: getStreamVolume 3 index 90
01-13 13:01:34.460  3757 29841 D AudioService: getStreamVolume 3 index 90
01-13 13:01:34.595  5689  5689 D io_stats: !@   8,0 r 2529018 75969328 w 2328298 53484868 d 377095 28316964 f 604151 604008 iot 3763750 2144794 th 61440 61440 44732 pt 10220 inp 0 0 210757.645
01-13 13:01:34.645  3757  4440 D AudioService: getStreamVolume 3 index 90
01-13 13:01:34.666  3757  7203 D AudioService: getStreamVolume 3 index 90
01-13 13:01:34.743 29743 29873 D ClClient: Not sending keepalive.  Current connection state=STOPPED
01-13 13:01:34.821  3757  4458 D WifiStateMachine: Current network is: "wilkinson2.4" , ID is: 30
01-13 13:01:34.821  3757  4458 I WifiStateMachine: IMS calling, current network is always qualified
01-13 13:01:34.850  3757  2859 D AudioService: getStreamVolume 3 index 90
01-13 13:01:34.872  3757  3771 D AudioService: getStreamVolume 3 index 90
01-13 13:01:35.040 30188 30223 D UE4     : Used memory: 219548
01-13 13:01:35.052  3757  7201 D AudioService: getStreamVolume 3 index 90
01-13 13:01:35.075  3757  5063 D AudioService: getStreamVolume 3 index 90
01-13 13:01:35.213  3757 32083 D AudioService: getStreamVolume 3 index 90
01-13 13:01:35.256  3757  7205 D AudioService: getStreamVolume 3 index 90
01-13 13:01:35.279  3757  5902 D AudioService: getStreamVolume 3 index 90
01-13 13:01:35.346 20423 20476 D AllShare(ASF_DMC): [CP_CONTROL] OnResponseReceived: 117: Subscription response for session_id [136]
01-13 13:01:35.460  3757  5062 D AudioService: getStreamVolume 3 index 90
01-13 13:01:35.484  3757  7216 D AudioService: getStreamVolume 3 index 90
01-13 13:01:35.650 20423 20476 D AllShare(ASF_DMC): [CP_CONTROL] OnResponseReceived: 117: Subscription response for session_id [137]
01-13 13:01:35.663  3757 32084 D AudioService: getStreamVolume 3 index 90
01-13 13:01:35.686  3757  7202 D AudioService: getStreamVolume 3 index 90
01-13 13:01:35.866  3757  5901 D AudioService: getStreamVolume 3 index 90
01-13 13:01:35.889  3757  5063 D AudioService: getStreamVolume 3 index 90
01-13 13:01:36.067  3757  4354 D SamsungAlarmManager: Expired : 8
01-13 13:01:36.068  3757  4354 I SamsungAlarmManager: setLocked to kernel - T:3 / 20190113T130152, SetElapsed=603156049, nowELAPSED=603139823
01-13 13:01:36.069  3757  4354 V SamsungAlarmManager: Sending to uid : 10059 action=null alarm=Alarm{7e62a4d type 3 when 603139821 com.asurion.android.verizon.vms}
01-13 13:01:36.073  3757 32085 D AudioService: getStreamVolume 3 index 90
01-13 13:01:36.080  3757  4354 D CompatibilityInfo: mCompatibilityFlags - 0
01-13 13:01:36.080  3757  4354 D CompatibilityInfo: applicationDensity - 420
01-13 13:01:36.080  3757  4354 D CompatibilityInfo: applicationScale - 1.0
01-13 13:01:36.092  3757 29841 D AudioService: getStreamVolume 3 index 90
01-13 13:01:36.110  3757  3770 D SamsungAlarmManager: setExact Intent (T:3/F:5/AC:false) 20190113T130141 - CU:10059/CP:15240
01-13 13:01:36.111  3757  3770 I SamsungAlarmManager: setLocked to kernel - T:3 / 20190113T130141, SetElapsed=603144857, nowELAPSED=603139866
01-13 13:01:36.217  3757  7216 D AudioService: getStreamVolume 3 index 90
01-13 13:01:36.277  3757 32084 D AudioService: getStreamVolume 3 index 90
01-13 13:01:36.297  3757 29838 D AudioService: getStreamVolume 3 index 90
01-13 13:01:36.492  3757  5063 D AudioService: getStreamVolume 3 index 90
01-13 13:01:36.503  3757  6272 D AudioService: getStreamVolume 3 index 90
01-13 13:01:36.695  3757  4469 D AudioService: getStreamVolume 3 index 90
01-13 13:01:36.708  3757  7205 D AudioService: getStreamVolume 3 index 90
01-13 13:01:36.771  3757  4398 D InputReader: Input event(3): value=1 when=210759818681000
01-13 13:01:36.771  3757  4398 D InputReader: Input event(3): value=1 when=210759818681000
01-13 13:01:36.772  3757  4398 I InputReader: Touch event's action is 0x0 (deviceType=0) [pCnt=1, s=0.21660 ] when=210759818681000
01-13 13:01:36.773  3757  4397 I InputDispatcher: Delivering touch to (30188): action: 0x0, toolType: 1
01-13 13:01:36.789 30188 30221 V threaded_app: New input event: type=2
01-13 13:01:36.792 30188 30188 D ViewRootImpl@e972267[GameActivity]: ViewPostImeInputStage processPointer 0
01-13 13:01:36.794 30188 30220 D UE4     : [2019.01.13-18.01.36:794][310]LogSlate: FSceneViewport::OnFocusLost() reason 0
01-13 13:01:36.794 30188 30188 W System  : ClassLoader referenced unknown path: /system/framework/QPerformance.jar
01-13 13:01:36.801 30188 30188 E BoostFramework: BoostFramework() : Exception_1 = java.lang.ClassNotFoundException: Didn't find class "com.qualcomm.qti.Performance" on path: DexPathList[[],nativeLibraryDirectories=[/system/lib, /vendor/lib]]
01-13 13:01:36.801 30188 30188 V BoostFramework: BoostFramework() : mPerf = null
01-13 13:01:36.803 30188 30221 V threaded_app: New input event: type=2
01-13 13:01:36.818 30188 30221 V threaded_app: New input event: type=2
01-13 13:01:36.833 30188 30221 V threaded_app: New input event: type=2
01-13 13:01:36.852 30188 30221 V threaded_app: New input event: type=2
01-13 13:01:36.868 30188 30221 V threaded_app: New input event: type=2
01-13 13:01:36.871  3227  3261 D Sensorhubs: readContextData: 1, 1, 7, 0
01-13 13:01:36.875  3757  4398 D InputReader: Input event(3): value=0 when=210759926531000
01-13 13:01:36.875  3757  4398 D InputReader: Input event(3): value=0 when=210759926531000
01-13 13:01:36.875  3757  4398 I InputReader: Touch event's action is 0x1 (deviceType=0) [pCnt=1, s=] when=210759926531000
01-13 13:01:36.875  3757  4397 I InputDispatcher: Delivering touch to (30188): action: 0x1, toolType: 1
01-13 13:01:36.876 30188 30221 V threaded_app: New input event: type=2
01-13 13:01:36.876  3757  9599 D GameManagerService: identifyGamePackage. com.GeekTechnique.InfinityStack
01-13 13:01:36.879  3757  4361 D SensorHubManager: onGetSensorHubDataLocked: library(4) = 1, 1, 7, 0
01-13 13:01:36.880 30188 30221 V threaded_app: New input event: type=2
01-13 13:01:36.880  3757  4360 D CAE     : onGetSensorHubData(SensorHubParserProvider.java:94) - onGetSensorHubData Event [event buffer len :4], AP_WAKEUP
01-13 13:01:36.881 30188 30188 D ViewRootImpl@e972267[GameActivity]: ViewPostImeInputStage processPointer 1
01-13 13:01:36.881  3757  4360 I CAE     : parse(SensorHubParserProvider.java:196) - buffer size = 4
01-13 13:01:36.882  3757  4360 I CAE     : parse(SensorHubParserProvider.java:207) - 1, 1, 7, 0,
01-13 13:01:36.886  3757  4360 D CAE     : display(ContextProvider.java:375) - ================= AUTO_ROTATION =================
01-13 13:01:36.891  3757  4360 I CAE     : display(ContextProvider.java:391) - Angle=[0]
01-13 13:01:36.893 30188 30220 D UE4     : [2019.01.13-18.01.36:893][315]LogUMG: Display: Widget Class OptionsMenu_C - Loaded Fast Template.
01-13 13:01:36.895  3757  4364 D SemContextService: updateContext() : event = Auto Rotation
01-13 13:01:36.896  3757  3757 D SemContextManager: onSemContextChanged() : event = Auto Rotation Angle : 0
01-13 13:01:36.897  3757  3757 D SContextManager: onSContextChanged() : event = Auto Rotation Angle : 0
01-13 13:01:36.897  3757  3757 V WindowOrientationListener: OrientationSensorJudge.onSContextChanged, Rotation: -1
01-13 13:01:36.897  3757 29841 D AudioService: getStreamVolume 3 index 90
01-13 13:01:36.910  3757  3770 D AudioService: getStreamVolume 3 index 90
01-13 13:01:36.912 30188 30220 D UE4     : [2019.01.13-18.01.36:912][315]LogSlate: Took 0.000928 seconds to synchronously load lazily loaded font '../../../Engine/Content/EngineFonts/Faces/RobotoBold.ufont' (160K)
01-13 13:01:37.101  3757  7206 D AudioService: getStreamVolume 3 index 90
01-13 13:01:37.113  3757 29839 D AudioService: getStreamVolume 3 index 90
01-13 13:01:37.220  3757  2858 D AudioService: getStreamVolume 3 index 90
01-13 13:01:37.307  3757  7204 D AudioService: getStreamVolume 3 index 90
01-13 13:01:37.316  3757 29842 D AudioService: getStreamVolume 3 index 90
01-13 13:01:37.379  3757  3775 V WindowOrientationListener: OrientationSensorJudge.getProposedRotation, Rotation: 0
01-13 13:01:37.379  3757  3775 V WindowOrientationListener: OrientationSensorJudge.getProposedRotation, Rotation: 0
01-13 13:01:37.379  3757  3775 V WindowManager: rotationForOrientationLw(orient=1, last=0); user=0  sensorRotation=0 mLidState=-1 mDockMode=0 mHdmiPlugged=false
01-13 13:01:37.471 30188 30389 I libOpenSLES: Emulating old channel mask behavior (ignoring positional mask 0x3, using default mask 0x3 based on channel count of 2)
01-13 13:01:37.474 30188 30389 W AudioTrack: AUDIO_OUTPUT_FLAG_FAST denied by client; transfer 1, track 44100 Hz, output 48000 Hz
01-13 13:01:37.475  3237 17217 I AudioFlinger: add dynamic flag, can move to deep thread, session 61593
01-13 13:01:37.477 30188 30389 D AudioTrack: Client defaulted notificationFrames to 590 for frameCount 1772
01-13 13:01:37.478 30188 30389 I AudioTrack: This process already got info. FadeIn[0] FadeOut[0] FadeInRing[0]
01-13 13:01:37.478  3237  3237 W AudioPolicyIntefaceImpl: Skipped to add effects on session 61593
01-13 13:01:37.478  3237  3237 I APM_AudioPolicyManager: startOutput() output 21, stream 3, session 61593
01-13 13:01:37.498  3237  3477 I AudioMixer: create resampler src 44100, 2, dst 48000, 2, q 8
01-13 13:01:37.499  3237  3477 D SoundAliveResampler: [SoundAliveResampler] Init+++
01-13 13:01:37.508  3757  4473 D AudioService: getStreamVolume 3 index 90
01-13 13:01:37.520  3757  4469 D AudioService: getStreamVolume 3 index 90
01-13 13:01:37.711  3757 31269 D AudioService: getStreamVolume 3 index 90
01-13 13:01:37.725  3757  5062 D AudioService: getStreamVolume 3 index 90
01-13 13:01:37.847  3757  4458 D WifiStateMachine: Current network is: "wilkinson2.4" , ID is: 30
01-13 13:01:37.847  3757  4458 I WifiStateMachine: IMS calling, current network is always qualified
01-13 13:01:37.913  3757  7202 D AudioService: getStreamVolume 3 index 90
01-13 13:01:37.930  3757 29840 D AudioService: getStreamVolume 3 index 90
01-13 13:01:37.958 30188 30574 I AudioTrack: Skip ramp
01-13 13:01:37.986 30188 30389 I libOpenSLES: Emulating old channel mask behavior (ignoring positional mask 0x3, using default mask 0x3 based on channel count of 2)
01-13 13:01:37.988 30188 30389 W AudioTrack: AUDIO_OUTPUT_FLAG_FAST denied by client; transfer 1, track 44100 Hz, output 48000 Hz
01-13 13:01:37.989  3237 17217 I AudioFlinger: add dynamic flag, can move to deep thread, session 61601
01-13 13:01:37.992 30188 30389 D AudioTrack: Client defaulted notificationFrames to 590 for frameCount 1772
01-13 13:01:37.993 30188 30389 I AudioTrack: This process already got info. FadeIn[0] FadeOut[0] FadeInRing[0]
01-13 13:01:37.994  3237 22864 W AudioPolicyIntefaceImpl: Skipped to add effects on session 61601
01-13 13:01:37.995  3237 22864 I APM_AudioPolicyManager: startOutput() output 21, stream 3, session 61601
01-13 13:01:38.019  3237  3477 I AudioMixer: create resampler src 44100, 2, dst 48000, 2, q 8
01-13 13:01:38.020  3237  3477 D SoundAliveResampler: [SoundAliveResampler] Init+++
01-13 13:01:38.063  3237  3352 I APM_AudioPolicyManager: stopOutput() output 21, stream 3, session 61593
01-13 13:01:38.093 30188 30389 I libOpenSLES: Emulating old channel mask behavior (ignoring positional mask 0x3, using default mask 0x3 based on channel count of 2)
01-13 13:01:38.095 30188 30389 W AudioTrack: AUDIO_OUTPUT_FLAG_FAST denied by client; transfer 1, track 44100 Hz, output 48000 Hz
01-13 13:01:38.095  3237  3813 I AudioFlinger: add dynamic flag, can move to deep thread, session 61609
01-13 13:01:38.097 30188 30389 D AudioTrack: Client defaulted notificationFrames to 590 for frameCount 1772
01-13 13:01:38.097 30188 30389 I AudioTrack: This process already got info. FadeIn[0] FadeOut[0] FadeInRing[0]
01-13 13:01:38.097  3237 27701 W AudioPolicyIntefaceImpl: Skipped to add effects on session 61609
01-13 13:01:38.097  3237 27701 I APM_AudioPolicyManager: startOutput() output 21, stream 3, session 61609
01-13 13:01:38.116  3757  4473 D AudioService: getStreamVolume 3 index 90
01-13 13:01:38.123  3237  3477 I AudioMixer: create resampler src 44100, 2, dst 48000, 2, q 8
01-13 13:01:38.124  3237  3477 D SoundAliveResampler: [SoundAliveResampler] Init+++
01-13 13:01:38.132  3757  4469 D AudioService: getStreamVolume 3 index 90
01-13 13:01:38.191 30188 30389 I libOpenSLES: Emulating old channel mask behavior (ignoring positional mask 0x3, using default mask 0x3 based on channel count of 2)
01-13 13:01:38.192 30188 30389 W AudioTrack: AUDIO_OUTPUT_FLAG_FAST denied by client; transfer 1, track 44100 Hz, output 48000 Hz
01-13 13:01:38.192  3237 17217 I AudioFlinger: add dynamic flag, can move to deep thread, session 61617
01-13 13:01:38.193 30188 30389 D AudioTrack: Client defaulted notificationFrames to 590 for frameCount 1772
01-13 13:01:38.193 30188 30389 I AudioTrack: This process already got info. FadeIn[0] FadeOut[0] FadeInRing[0]
01-13 13:01:38.194  3237 22864 W AudioPolicyIntefaceImpl: Skipped to add effects on session 61617
01-13 13:01:38.195  3237 22864 I APM_AudioPolicyManager: startOutput() output 21, stream 3, session 61617
01-13 13:01:38.222  3757  4440 D AudioService: getStreamVolume 3 index 90
01-13 13:01:38.227  3237  3477 I AudioMixer: create resampler src 44100, 2, dst 48000, 2, q 8
01-13 13:01:38.227  3237  3477 D SoundAliveResampler: [SoundAliveResampler] Init+++
01-13 13:01:38.229 30188 30577 I AudioTrack: Skip ramp
01-13 13:01:38.295 30188 30389 I libOpenSLES: Emulating old channel mask behavior (ignoring positional mask 0x3, using default mask 0x3 based on channel count of 2)
01-13 13:01:38.297 30188 30389 W AudioTrack: AUDIO_OUTPUT_FLAG_FAST denied by client; transfer 1, track 44100 Hz, output 48000 Hz
01-13 13:01:38.298  3237 27701 I AudioFlinger: add dynamic flag, can move to deep thread, session 61625
01-13 13:01:38.299 30188 30389 D AudioTrack: Client defaulted notificationFrames to 590 for frameCount 1772
01-13 13:01:38.300 30188 30389 I AudioTrack: This process already got info. FadeIn[0] FadeOut[0] FadeInRing[0]
01-13 13:01:38.301  3237  3813 W AudioPolicyIntefaceImpl: Skipped to add effects on session 61625
01-13 13:01:38.301  3237  3813 I APM_AudioPolicyManager: startOutput() output 21, stream 3, session 61625
01-13 13:01:38.319  3757  5062 D AudioService: getStreamVolume 3 index 90
01-13 13:01:38.331  3237  3352 I APM_AudioPolicyManager: stopOutput() output 21, stream 3, session 61601
01-13 13:01:38.332  3237  3477 I AudioMixer: create resampler src 44100, 2, dst 48000, 2, q 8
01-13 13:01:38.332  3237  3477 D SoundAliveResampler: [SoundAliveResampler] Init+++
01-13 13:01:38.335 30188 30578 I AudioTrack: Skip ramp
01-13 13:01:38.341  3757 31270 D AudioService: getStreamVolume 3 index 90
01-13 13:01:38.403 30188 30389 I libOpenSLES: Emulating old channel mask behavior (ignoring positional mask 0x3, using default mask 0x3 based on channel count of 2)
01-13 13:01:38.404 30188 30389 W AudioTrack: AUDIO_OUTPUT_FLAG_FAST denied by client; transfer 1, track 44100 Hz, output 48000 Hz
01-13 13:01:38.404  3237  3813 I AudioFlinger: add dynamic flag, can move to deep thread, session 61633
01-13 13:01:38.405 30188 30389 D AudioTrack: Client defaulted notificationFrames to 590 for frameCount 1772
01-13 13:01:38.406 30188 30389 I AudioTrack: This process already got info. FadeIn[0] FadeOut[0] FadeInRing[0]
01-13 13:01:38.407  3237 22864 W AudioPolicyIntefaceImpl: Skipped to add effects on session 61633
01-13 13:01:38.407  3237 22864 I APM_AudioPolicyManager: startOutput() output 21, stream 3, session 61633
01-13 13:01:38.437  3237  3477 I AudioMixer: create resampler src 44100, 2, dst 48000, 2, q 8
01-13 13:01:38.438 30188 30579 I AudioTrack: Skip ramp
01-13 13:01:38.439  3237  3477 D SoundAliveResampler: [SoundAliveResampler] Init+++
01-13 13:01:38.460  3237  3352 I APM_AudioPolicyManager: stopOutput() output 21, stream 3, session 61609
01-13 13:01:38.521 30188 30580 I AudioTrack: Skip ramp
01-13 13:01:38.524  3757  5901 D AudioService: getStreamVolume 3 index 90
01-13 13:01:38.540  3237  3352 I APM_AudioPolicyManager: stopOutput() output 21, stream 3, session 61617
01-13 13:01:38.543  3757  7204 D AudioService: getStreamVolume 3 index 90
01-13 13:01:38.620  3237  3352 I APM_AudioPolicyManager: stopOutput() output 21, stream 3, session 61625
01-13 13:01:38.621 30188 30581 I AudioTrack: Skip ramp
01-13 13:01:38.721  3237  3352 I APM_AudioPolicyManager: stopOutput() output 21, stream 3, session 61633
01-13 13:01:38.726  3757  4482 D AudioService: getStreamVolume 3 index 90
01-13 13:01:38.748  3757 32085 D AudioService: getStreamVolume 3 index 90
01-13 13:01:38.837  3757  4398 D InputReader: Input event(3): value=1 when=210761888167000
01-13 13:01:38.837  3757  4398 D InputReader: Input event(3): value=1 when=210761888167000
01-13 13:01:38.837  3757  4398 I InputReader: Touch event's action is 0x0 (deviceType=0) [pCnt=1, s=0.21661 ] when=210761888167000
01-13 13:01:38.840  3757  4397 I InputDispatcher: Delivering touch to (30188): action: 0x0, toolType: 1
01-13 13:01:38.841 30188 30221 V threaded_app: New input event: type=2
01-13 13:01:38.841  3757  4397 D PowerManagerService: [api] userActivityFromNative : 10 (event: 2 flags: 0) eventTime = 210761888
01-13 13:01:38.843 30188 30188 D ViewRootImpl@e972267[GameActivity]: ViewPostImeInputStage processPointer 0
01-13 13:01:38.855 30188 30221 V threaded_app: New input event: type=2
01-13 13:01:38.873 30188 30221 V threaded_app: New input event: type=2
01-13 13:01:38.887 30188 30221 V threaded_app: New input event: type=2
01-13 13:01:38.905 30188 30221 V threaded_app: New input event: type=2
01-13 13:01:38.921 30188 30221 V threaded_app: New input event: type=2
01-13 13:01:38.922  3757  4398 D InputReader: Input event(3): value=0 when=210761974021000
01-13 13:01:38.922  3757  4398 D InputReader: Input event(3): value=0 when=210761974021000
01-13 13:01:38.922  3757  4398 I InputReader: Touch event's action is 0x1 (deviceType=0) [pCnt=1, s=] when=210761974021000
01-13 13:01:38.922  3757  4397 I InputDispatcher: Delivering touch to (30188): action: 0x1, toolType: 1
01-13 13:01:38.927 30188 30221 V threaded_app: New input event: type=2
01-13 13:01:38.928 30188 30188 D ViewRootImpl@e972267[GameActivity]: ViewPostImeInputStage processPointer 1
01-13 13:01:38.929  3757  3770 D AudioService: getStreamVolume 3 index 90
01-13 13:01:38.951 30188 30389 I libOpenSLES: Emulating old channel mask behavior (ignoring positional mask 0x3, using default mask 0x3 based on channel count of 2)
01-13 13:01:38.951  3757  5902 D AudioService: getStreamVolume 3 index 90
01-13 13:01:38.952 30188 30389 W AudioTrack: AUDIO_OUTPUT_FLAG_FAST denied by client; transfer 1, track 44100 Hz, output 48000 Hz
01-13 13:01:38.954  3237  8663 I AudioFlinger: add dynamic flag, can move to deep thread, session 61641
01-13 13:01:38.956 30188 30389 D AudioTrack: Client defaulted notificationFrames to 590 for frameCount 1772
01-13 13:01:38.957 30188 30389 I AudioTrack: This process already got info. FadeIn[0] FadeOut[0] FadeInRing[0]
01-13 13:01:38.957  3237 27701 W AudioPolicyIntefaceImpl: Skipped to add effects on session 61641
01-13 13:01:38.957  3237 27701 I APM_AudioPolicyManager: startOutput() output 21, stream 3, session 61641
01-13 13:01:38.958 30188 30582 I AudioTrack: Skip ramp
01-13 13:01:38.960  3237  3477 I AudioMixer: create resampler src 44100, 2, dst 48000, 2, q 8
01-13 13:01:38.960  3237  3477 D SoundAliveResampler: [SoundAliveResampler] Init+++
01-13 13:01:39.080  3237  3352 I APM_AudioPolicyManager: stopOutput() output 21, stream 3, session 61641
01-13 13:01:39.131  3757 31270 D AudioService: getStreamVolume 3 index 90
01-13 13:01:39.152  3757 29840 D AudioService: getStreamVolume 3 index 90
01-13 13:01:39.225  3757  2858 D AudioService: getStreamVolume 3 index 90
01-13 13:01:39.336  3757  5901 D AudioService: getStreamVolume 3 index 90
01-13 13:01:39.356  3757 29842 D AudioService: getStreamVolume 3 index 90
01-13 13:01:39.531  4616  4823 D NetworkController.MobileSignalController(0/1): onSignalStrengthsChanged signalStrength=SignalStrength: 99 99 -120 -160 -120 -1 -1 16 -109 -12 40 2147483647 2147483647 0x2000 gsm|lte level=2
01-13 13:01:39.532  4616  4823 D NetworkController.MobileSignalController(0/1): getMobileIconGroup(): 13
01-13 13:01:39.532  4616  4823 D NetworkController.MobileSignalController(0/1): updateVZWMobileIconGroup(): 13
01-13 13:01:39.541  3757  4469 D AudioService: getStreamVolume 3 index 90
01-13 13:01:39.542  5035  5670 D EPDG -- [SMARTWIFI]: onSignalStrengthsChanged: Received signal strength change, phone type is: 2
01-13 13:01:39.542  5035  6446 D EPDG -- [SMARTWIFI]: lastLteRSRP is -109currentLteRSRP is -109
01-13 13:01:39.542  5035  6446 D EPDG -- [SMARTWIFI]: lastLteRSRQ is -12currentLteRSRQ is -12
01-13 13:01:39.542  5035  6446 D EPDG -- [SMARTWIFI]: lastCdmaDb is -16currentCdmaDb is -16
01-13 13:01:39.542  5035  6446 V EPDG -- [SMARTWIFI]: Radio oldest entry removed
01-13 13:01:39.542  5035  6446 V EPDG -- [SMARTWIFI]: New entry : (SignalStrength: 99 99 -120 -160 -120 -1 -1 16 -109 -12 40 2147483647 2147483647 0x2000 gsm|lte : 0 )
01-13 13:01:39.542  5035  6446 V EPDG -- [SMARTWIFI]: Radio entry added
01-13 13:01:39.545  4616  4823 D NetworkController.MobileSignalController(0/1): callState:0, callStateByPhone:false voLTECall:false voiceNetTpe:13 dataNetType:13, ine911:false, emergencyCallbackMode:false
01-13 13:01:39.561  3757  5902 D AudioService: getStreamVolume 3 index 90
01-13 13:01:39.595  3757  9599 D SSRM:t  : SIOP:: AP = 420, PST = 369 (W:10), CP = 243, CUR = 710, LCD = 94
01-13 13:01:39.597  3757  9599 D ConnectivityService: filterNetworkStateForUid() uid: 1000 networkInfo: [type: WIFI[] - WIFI, state: CONNECTED/CONNECTED, reason: (unspecified), extra: "wilkinson2.4", failover: false, available: true, roaming: false, metered: false]
01-13 13:01:39.597  5689  5689 D io_stats: !@   8,0 r 2529104 75970836 w 2328320 53485036 d 377103 28317020 f 604176 604033 iot 3763880 2144812 th 61440 61440 44732 pt 10220 inp 0 0 210762.648
01-13 13:01:39.742  3757  5062 D AudioService: getStreamVolume 3 index 90
01-13 13:01:39.763  3757  7206 D AudioService: getStreamVolume 3 index 90
01-13 13:01:39.945  3757 29839 D AudioService: getStreamVolume 3 index 90
01-13 13:01:39.966  3757 29840 D AudioService: getStreamVolume 3 index 90
01-13 13:01:40.070  3757  4398 D InputReader: Input event(3): value=1 when=210763121583000
01-13 13:01:40.070  3757  4398 D InputReader: Input event(3): value=1 when=210763121583000
01-13 13:01:40.070  3757  4398 I InputReader: Touch event's action is 0x0 (deviceType=0) [pCnt=1, s=0.21662 ] when=210763121583000
01-13 13:01:40.072  3757  4397 I InputDispatcher: Delivering touch to (30188): action: 0x0, toolType: 1
01-13 13:01:40.073 30188 30221 V threaded_app: New input event: type=2
01-13 13:01:40.079 30188 30188 D ViewRootImpl@e972267[GameActivity]: ViewPostImeInputStage processPointer 0
01-13 13:01:40.089 30188 30221 V threaded_app: New input event: type=2
01-13 13:01:40.106 30188 30221 V threaded_app: New input event: type=2
01-13 13:01:40.122 30188 30221 V threaded_app: New input event: type=2
01-13 13:01:40.139 30188 30221 V threaded_app: New input event: type=2
01-13 13:01:40.145  3757  4398 D InputReader: Input event(3): value=0 when=210763196713000
01-13 13:01:40.145  3757  4398 D InputReader: Input event(3): value=0 when=210763196713000
01-13 13:01:40.146  3757  4398 I InputReader: Touch event's action is 0x1 (deviceType=0) [pCnt=1, s=] when=210763196713000
01-13 13:01:40.147  3757  4397 I InputDispatcher: Delivering touch to (30188): action: 0x1, toolType: 1
01-13 13:01:40.149  3757  4482 D AudioService: getStreamVolume 3 index 90
01-13 13:01:40.149 30188 30221 V threaded_app: New input event: type=2
01-13 13:01:40.152 30188 30221 V threaded_app: New input event: type=2
01-13 13:01:40.153 30188 30188 D ViewRootImpl@e972267[GameActivity]: ViewPostImeInputStage processPointer 1
01-13 13:01:40.170  3757 32085 D AudioService: getStreamVolume 3 index 90
01-13 13:01:40.175 30188 30389 I libOpenSLES: Emulating old channel mask behavior (ignoring positional mask 0x3, using default mask 0x3 based on channel count of 2)
01-13 13:01:40.177 30188 30389 W AudioTrack: AUDIO_OUTPUT_FLAG_FAST denied by client; transfer 1, track 44100 Hz, output 48000 Hz
01-13 13:01:40.178  3237 22865 I AudioFlinger: add dynamic flag, can move to deep thread, session 61649
01-13 13:01:40.178 30188 30389 D AudioTrack: Client defaulted notificationFrames to 590 for frameCount 1772
01-13 13:01:40.179 30188 30389 I AudioTrack: This process already got info. FadeIn[0] FadeOut[0] FadeInRing[0]
01-13 13:01:40.179  3237  3237 W AudioPolicyIntefaceImpl: Skipped to add effects on session 61649
01-13 13:01:40.179  3237  3237 I APM_AudioPolicyManager: startOutput() output 21, stream 3, session 61649
01-13 13:01:40.200  3237  3477 I AudioMixer: create resampler src 44100, 2, dst 48000, 2, q 8
01-13 13:01:40.200  3237  3477 D SoundAliveResampler: [SoundAliveResampler] Init+++
01-13 13:01:40.229  3757 32083 D AudioService: getStreamVolume 3 index 90
01-13 13:01:40.351  3757 29841 D AudioService: getStreamVolume 3 index 90
01-13 13:01:40.373  3757  5902 D AudioService: getStreamVolume 3 index 90
01-13 13:01:40.554  3757 10496 D AudioService: getStreamVolume 3 index 90
01-13 13:01:40.578  3757  5062 D AudioService: getStreamVolume 3 index 90
01-13 13:01:40.758  3757 32084 D AudioService: getStreamVolume 3 index 90
01-13 13:01:40.777 30188 30220 D UE4     : [2019.01.13-18.01.40:777][502]LogUMG: Display: Widget Class Button_C - Loaded Fast Template.
01-13 13:01:40.782  3757  3771 D AudioService: getStreamVolume 3 index 90
01-13 13:01:40.783 30188 30220 D UE4     : [2019.01.13-18.01.40:783][502]LogUMG: Display: Widget Class ScoreCounter_C - Loaded Fast Template.
01-13 13:01:40.802 30188 30389 I libOpenSLES: Emulating old channel mask behavior (ignoring positional mask 0x3, using default mask 0x3 based on channel count of 2)
01-13 13:01:40.805 30188 30389 W AudioTrack: AUDIO_OUTPUT_FLAG_FAST denied by client; transfer 1, track 44100 Hz, output 48000 Hz
01-13 13:01:40.806  3237 22865 I AudioFlinger: add dynamic flag, can move to deep thread, session 61657
01-13 13:01:40.807 30188 30389 D AudioTrack: Client defaulted notificationFrames to 590 for frameCount 1772
01-13 13:01:40.810 30188 30389 I AudioTrack: This process already got info. FadeIn[0] FadeOut[0] FadeInRing[0]
01-13 13:01:40.811  3237  3237 W AudioPolicyIntefaceImpl: Skipped to add effects on session 61657
01-13 13:01:40.811  3237  3237 I APM_AudioPolicyManager: startOutput() output 21, stream 3, session 61657
01-13 13:01:40.843  3237  3477 I AudioMixer: create resampler src 44100, 2, dst 48000, 2, q 8
01-13 13:01:40.843  3237  3477 D SoundAliveResampler: [SoundAliveResampler] Init+++
01-13 13:01:40.867  3757  4458 D WifiStateMachine: Current network is: "wilkinson2.4" , ID is: 30
01-13 13:01:40.867  3757  4458 I WifiStateMachine: IMS calling, current network is always qualified
01-13 13:01:40.885  3237  3352 I APM_AudioPolicyManager: stopOutput() output 21, stream 3, session 61585
01-13 13:01:40.960  3757  4398 D InputReader: Input event(3): value=1 when=210764011384000
01-13 13:01:40.960  3757  4398 D InputReader: Input event(3): value=1 when=210764011384000
01-13 13:01:40.960  3757  4398 I InputReader: Touch event's action is 0x0 (deviceType=0) [pCnt=1, s=0.21663 ] when=210764011384000
01-13 13:01:40.961  3757  4397 I InputDispatcher: Delivering touch to (30188): action: 0x0, toolType: 1
01-13 13:01:40.964 30188 30221 V threaded_app: New input event: type=2
01-13 13:01:40.968 30188 30188 D ViewRootImpl@e972267[GameActivity]: ViewPostImeInputStage processPointer 0
01-13 13:01:40.973  3757  7204 D AudioService: getStreamVolume 3 index 90
01-13 13:01:40.976 30188 30220 D UE4     : [2019.01.13-18.01.40:975][510]LogUMG: Display: Widget Class GameOverMenu_C - Loaded Fast Template.
01-13 13:01:40.985  3757  6272 D AudioService: getStreamVolume 3 index 90
01-13 13:01:40.987 30188 30220 D UE4     : [2019.01.13-18.01.40:986][510]LogSlate: FSceneViewport::OnFocusLost() reason 0
01-13 13:01:40.991 30188 30221 V threaded_app: New input event: type=2
01-13 13:01:40.993 30188 30389 I libOpenSLES: Emulating old channel mask behavior (ignoring positional mask 0x3, using default mask 0x3 based on channel count of 2)
01-13 13:01:40.994 30188 30389 W AudioTrack: AUDIO_OUTPUT_FLAG_FAST denied by client; transfer 1, track 44100 Hz, output 48000 Hz
01-13 13:01:40.995  3237 22864 I AudioFlinger: add dynamic flag, can move to deep thread, session 61665
01-13 13:01:40.995 30188 30389 D AudioTrack: Client defaulted notificationFrames to 590 for frameCount 1772
01-13 13:01:40.996 30188 30389 I AudioTrack: This process already got info. FadeIn[0] FadeOut[0] FadeInRing[0]
01-13 13:01:40.996  3237  3812 W AudioPolicyIntefaceImpl: Skipped to add effects on session 61665
01-13 13:01:40.996  3237  3812 I APM_AudioPolicyManager: startOutput() output 21, stream 3, session 61665
01-13 13:01:41.007 30188 30221 V threaded_app: New input event: type=2
01-13 13:01:41.023 30188 30221 V threaded_app: New input event: type=2
01-13 13:01:41.026  3237  3477 I AudioMixer: create resampler src 44100, 2, dst 48000, 2, q 8
01-13 13:01:41.027  3237  3477 D SoundAliveResampler: [SoundAliveResampler] Init+++
01-13 13:01:41.042 30188 30221 V threaded_app: New input event: type=2
01-13 13:01:41.062 30188 30221 V threaded_app: New input event: type=2
01-13 13:01:41.075 30188 30221 V threaded_app: New input event: type=2
01-13 13:01:41.077 30188 30588 I AudioTrack: Skip ramp
01-13 13:01:41.089  3757  4398 D InputReader: Input event(3): value=0 when=210764140856000
01-13 13:01:41.089  3757  4398 D InputReader: Input event(3): value=0 when=210764140856000
01-13 13:01:41.090  3757  4398 I InputReader: Touch event's action is 0x1 (deviceType=0) [pCnt=1, s=] when=210764140856000
01-13 13:01:41.090  3757  4397 I InputDispatcher: Delivering touch to (30188): action: 0x1, toolType: 1
01-13 13:01:41.091 30188 30221 V threaded_app: New input event: type=2
01-13 13:01:41.094 30188 30221 V threaded_app: New input event: type=2
01-13 13:01:41.095 30188 30188 D ViewRootImpl@e972267[GameActivity]: ViewPostImeInputStage processPointer 1
01-13 13:01:41.102  3757  4354 D SamsungAlarmManager: Expired : 8
01-13 13:01:41.104  3757  4354 I SamsungAlarmManager: setLocked to kernel - T:3 / 20190113T130152, SetElapsed=603156049, nowELAPSED=603144859
01-13 13:01:41.104  3757  4354 V SamsungAlarmManager: Sending to uid : 10059 action=null alarm=Alarm{f781e49 type 3 when 603144857 com.asurion.android.verizon.vms}
01-13 13:01:41.117  3757  4354 D CompatibilityInfo: mCompatibilityFlags - 0
01-13 13:01:41.117  3757  4354 D CompatibilityInfo: applicationDensity - 420
01-13 13:01:41.117  3757  4354 D CompatibilityInfo: applicationScale - 1.0
01-13 13:01:41.149  3757  7205 D SamsungAlarmManager: setExact Intent (T:3/F:5/AC:false) 20190113T130146 - CU:10059/CP:15240
01-13 13:01:41.150  3757  7205 I SamsungAlarmManager: setLocked to kernel - T:3 / 20190113T130146, SetElapsed=603149891, nowELAPSED=603144904
01-13 13:01:41.169  3237  3352 I APM_AudioPolicyManager: stopOutput() output 21, stream 3, session 61649
01-13 13:01:41.175  3757  7216 D AudioService: getStreamVolume 3 index 90
01-13 13:01:41.189  3757 31270 D AudioService: getStreamVolume 3 index 90
01-13 13:01:41.197  3757  4398 D InputReader: Input event(3): value=1 when=210764248760000
01-13 13:01:41.197  3757  4398 D InputReader: Input event(3): value=1 when=210764248760000
01-13 13:01:41.198  3757  4398 I InputReader: Touch event's action is 0x0 (deviceType=0) [pCnt=1, s=0.21664 ] when=210764248760000
01-13 13:01:41.198  3757  4397 I InputDispatcher: Delivering touch to (30188): action: 0x0, toolType: 1
01-13 13:01:41.199 30188 30221 V threaded_app: New input event: type=2
01-13 13:01:41.200 30188 30188 D ViewRootImpl@e972267[GameActivity]: ViewPostImeInputStage processPointer 0
01-13 13:01:41.205 30188 30220 D UE4     : [2019.01.13-18.01.41:205][522]LogScript: Warning: Script Msg: Attempted to access index 0 from array 'CallFunc_GetAllWidgetsOfClass_FoundWidgets' of length 0 in '/Game/Blueprints/StackSpawner.StackSpawner_C:ExecuteUbergraph_StackSpawner'!
01-13 13:01:41.206 30188 30220 D UE4     : [2019.01.13-18.01.41:206][522]LogScript: Warning: Accessed None trying to read property CallFunc_Array_Get_Item
01-13 13:01:41.206 30188 30220 D UE4     : 	StackSpawner_C /Game/Maps/StackMap.StackMap:PersistentLevel.StackSpawner_218
01-13 13:01:41.206 30188 30220 D UE4     : 	Function /Game/Blueprints/StackSpawner.StackSpawner_C:ExecuteUbergraph_StackSpawner:1609
01-13 13:01:41.206 30188 30220 D UE4     : [2019.01.13-18.01.41:206][522]LogScript: Warning: Script call stack:
01-13 13:01:41.206 30188 30220 D UE4     : 	Function /Game/Blueprints/Button.Button_C:BndEvt__Button_522_K2Node_ComponentBoundEvent_6_OnButtonPressedEvent__DelegateSignature
01-13 13:01:41.206 30188 30220 D UE4     : 	Function /Game/Blueprints/Button.Button_C:ExecuteUbergraph_Button
01-13 13:01:41.206 30188 30220 D UE4     : 	Function /Game/Blueprints/StackSpawner.StackSpawner_C:PlaceTile
01-13 13:01:41.206 30188 30220 D UE4     : 	Function /Game/Blueprints/StackSpawner.StackSpawner_C:ExecuteUbergraph_StackSpawner
01-13 13:01:41.206 30188 30220 D UE4     : 	Function /Game/Blueprints/StackSpawner.StackSpawner_C:EndGame
01-13 13:01:41.206 30188 30220 D UE4     : 	Function /Game/Blueprints/StackSpawner.StackSpawner_C:ExecuteUbergraph_StackSpawner
01-13 13:01:41.206 30188 30220 D UE4     : 
01-13 13:01:41.213 30188 30389 I libOpenSLES: Emulating old channel mask behavior (ignoring positional mask 0x3, using default mask 0x3 based on channel count of 2)
01-13 13:01:41.214 30188 30389 W AudioTrack: AUDIO_OUTPUT_FLAG_FAST denied by client; transfer 1, track 44100 Hz, output 48000 Hz
01-13 13:01:41.214  3237  3813 I AudioFlinger: add dynamic flag, can move to deep thread, session 61673
01-13 13:01:41.215 30188 30389 D AudioTrack: Client defaulted notificationFrames to 590 for frameCount 1772
01-13 13:01:41.215 30188 30389 I AudioTrack: This process already got info. FadeIn[0] FadeOut[0] FadeInRing[0]
01-13 13:01:41.216  3237  8662 W AudioPolicyIntefaceImpl: Skipped to add effects on session 61673
01-13 13:01:41.216  3237  8662 I APM_AudioPolicyManager: startOutput() output 21, stream 3, session 61673
01-13 13:01:41.227 30188 30221 V threaded_app: New input event: type=2
01-13 13:01:41.234  3757  2859 D AudioService: getStreamVolume 3 index 90
01-13 13:01:41.241 30188 30221 V threaded_app: New input event: type=2
01-13 13:01:41.249  3237  3477 I AudioMixer: create resampler src 44100, 2, dst 48000, 2, q 8
01-13 13:01:41.250  3237  3477 D SoundAliveResampler: [SoundAliveResampler] Init+++
01-13 13:01:41.260 30188 30221 V threaded_app: New input event: type=2
01-13 13:01:41.279 30188 30221 V threaded_app: New input event: type=2
01-13 13:01:41.294 30188 30221 V threaded_app: New input event: type=2
01-13 13:01:41.295  3757  4398 D InputReader: Input event(3): value=0 when=210764346073000
01-13 13:01:41.295  3757  4398 D InputReader: Input event(3): value=0 when=210764346073000
01-13 13:01:41.295  3757  4398 I InputReader: Touch event's action is 0x1 (deviceType=0) [pCnt=1, s=] when=210764346073000
01-13 13:01:41.295  3757  4397 I InputDispatcher: Delivering touch to (30188): action: 0x1, toolType: 1
01-13 13:01:41.296 30188 30221 V threaded_app: New input event: type=2
01-13 13:01:41.297 30188 30188 D ViewRootImpl@e972267[GameActivity]: ViewPostImeInputStage processPointer 1
01-13 13:01:41.377  3757 29838 D AudioService: getStreamVolume 3 index 90
01-13 13:01:41.394  3757  7202 D AudioService: getStreamVolume 3 index 90
01-13 13:01:41.578 30188 30592 I AudioTrack: Skip ramp
01-13 13:01:41.581  3757  5901 D AudioService: getStreamVolume 3 index 90
01-13 13:01:41.595  3757  5063 D AudioService: getStreamVolume 3 index 90
01-13 13:01:41.672  3237  3352 I APM_AudioPolicyManager: stopOutput() output 21, stream 3, session 61665
01-13 13:01:41.785  3757  4469 D AudioService: getStreamVolume 3 index 90
01-13 13:01:41.798 30188 30594 I AudioTrack: Skip ramp
01-13 13:01:41.799  3757 32083 D AudioService: getStreamVolume 3 index 90
01-13 13:01:41.892  3237  3352 I APM_AudioPolicyManager: stopOutput() output 21, stream 3, session 61673
01-13 13:01:41.991  3757  4440 D AudioService: getStreamVolume 3 index 90
01-13 13:01:42.002  3757  7205 D AudioService: getStreamVolume 3 index 90
01-13 13:01:42.197  3757  2859 D AudioService: getStreamVolume 3 index 90
01-13 13:01:42.205  3757 29839 D AudioService: getStreamVolume 3 index 90
01-13 13:01:42.236  3757  2858 D AudioService: getStreamVolume 3 index 90
01-13 13:01:42.403  3757  7204 D AudioService: getStreamVolume 3 index 90
01-13 13:01:42.408  3757  5063 D AudioService: getStreamVolume 3 index 90
01-13 13:01:42.606  3757 32083 D AudioService: getStreamVolume 3 index 90
01-13 13:01:42.614  3757 29841 D AudioService: getStreamVolume 3 index 90
01-13 13:01:42.809  3757 31269 D AudioService: getStreamVolume 3 index 90
01-13 13:01:42.818  3757 10496 D AudioService: getStreamVolume 3 index 90
01-13 13:01:43.012  3757 32084 D AudioService: getStreamVolume 3 index 90
01-13 13:01:43.026  3757  3771 D AudioService: getStreamVolume 3 index 90
01-13 13:01:43.218  3757  7204 D AudioService: getStreamVolume 3 index 90
01-13 13:01:43.230  3757  5063 D AudioService: getStreamVolume 3 index 90
01-13 13:01:43.239  3757  4482 D AudioService: getStreamVolume 3 index 90
01-13 13:01:43.422  3757  4469 D AudioService: getStreamVolume 3 index 90
01-13 13:01:43.432  3757 32083 D AudioService: getStreamVolume 3 index 90
01-13 13:01:43.549  3757  4398 D InputReader: Input event(3): value=1 when=210766600674000
01-13 13:01:43.549  3757  4398 D InputReader: Input event(3): value=1 when=210766600674000
01-13 13:01:43.550  3757  4440 D BatteryService: !@BatteryListener : batteryPropertiesChanged!
01-13 13:01:43.550  3757  4398 I InputReader: Touch event's action is 0x0 (deviceType=0) [pCnt=1, s=0.21665 ] when=210766600674000
01-13 13:01:43.551  3757  4440 D BatteryService: level:48, scale:100, status:2, health:2, present:true, voltage: 3919, temperature: 271, technology: Li-ion, AC powered:false, USB powered:true, POGO powered:false, Wireless powered:false, icon:17303694, invalid charger:0, maxChargingCurrent:0, maxChargingVoltage:0, chargeCounter:0
01-13 13:01:43.551  3757  4397 I InputDispatcher: Delivering touch to (30188): action: 0x0, toolType: 1
01-13 13:01:43.551  3757  4440 D BatteryService: online:6, current avg:430, charge type:1, power sharing:false, high voltage charger:false, capacity:280000, batterySWSelfDischarging:false, misc_event:0, current_now:545
01-13 13:01:43.552  3757  3757 D BatteryService: Sending ACTION_BATTERY_CHANGED.
01-13 13:01:43.556 30188 30221 V threaded_app: New input event: type=2
01-13 13:01:43.557 30188 30188 D ViewRootImpl@e972267[GameActivity]: ViewPostImeInputStage processPointer 0
01-13 13:01:43.563  3757  3757 V UiModeManager: updateLocked: null action, mDockState=0, category=null
01-13 13:01:43.563  3757  3757 D UiModeManager: updateConfigurationLocked: mDockState=0; mCarMode=false; mNightMode=1; uiMode=17
01-13 13:01:43.564  3757  3757 D GameManagerService: new battery level: 48
01-13 13:01:43.567  4616  4616 D KeyguardUpdateMonitor: received broadcast android.intent.action.BATTERY_CHANGED
01-13 13:01:43.567  4616  4616 D KeyguardUpdateMonitor: handleBatteryUpdate
01-13 13:01:43.571  4616  4616 D PowerUI : priorPlugType = 2 mPlugType =  2
01-13 13:01:43.575  4616  4616 D PowerUI.Notification: showChargingNotice oldChargingType : 1 currentChargingType : 1 oldChargingTime : 6439000 mChargingTime : 6439000
01-13 13:01:43.575  4616  4616 D PowerUI.Notification: There is no change about charging status, so return!
01-13 13:01:43.577  4616  4616 D BatteryMeterDrawable: isSomethingChanged - false
01-13 13:01:43.577  4616  4616 D BatteryMeterDrawable: isSomethingChanged - false
01-13 13:01:43.579  4616  4616 D Tile.FlashlightTile: ACTION_BATTERY_CHANGED - Level :: 48, emEnabled :: false
01-13 13:01:43.580  5024  5024 D PhoneApp: PhoneAppBroadcastReceiver onReceive android.intent.action.BATTERY_CHANGED
01-13 13:01:43.581  5024  5024 D TelephonyExtensionManager: lowBatterySound - isLowBatterySoundScheduled: false
01-13 13:01:43.583  5024  5024 D TelephonyExtensionManager: lowBatterySound - isPlayNow: false
01-13 13:01:43.584 30188 30221 V threaded_app: New input event: type=2
01-13 13:01:43.589  5024  5024 D TelephonyExtensionManager: isSpeakerON - true
01-13 13:01:43.598  4561  4561 V HeadsetService: HeadsetService - Received Intent.ACTION_BATTERY_CHANGED
01-13 13:01:43.599 30188 30221 V threaded_app: New input event: type=2
01-13 13:01:43.599  4561 20593 D HeadsetStateMachine: Disconnected process message: 10, size: 0
01-13 13:01:43.600 30188 30188 D UE4     : Battery: status = 2, rawlevel = 48, scale = 100
01-13 13:01:43.600 30188 30188 D UE4     : nativeBatteryEvent(stat = 2, lvl = 48  temp = 27.10 C)
01-13 13:01:43.601  5024  5024 D TelephonyExtensionManager: lowBatterySound - batteryStatus: 2
01-13 13:01:43.602  5024  5024 D TelephonyExtensionManager: lowBatterySound - batteryLevel: 48
01-13 13:01:43.602  5024  5024 D TelephonyExtensionManager: lowBatterySound - cancel
01-13 13:01:43.602  3757 32084 D SamsungAlarmManager: Cancel Alarm calling from uid:1001 pid :5024 / op:PendingIntent{a8a6c6f: PendingIntentRecord{f6ee7a4 com.android.phone broadcastIntent}}
01-13 13:01:43.603  5024  5024 D TelephonyExtension: Not stopping low battery tone
01-13 13:01:43.619 30188 30221 V threaded_app: New input event: type=2
01-13 13:01:43.627  3757  3771 D AudioService: getStreamVolume 3 index 90
01-13 13:01:43.635 30188 30221 V threaded_app: New input event: type=2
01-13 13:01:43.637  3757 29838 D AudioService: getStreamVolume 3 index 90
01-13 13:01:43.645  3757  4398 D InputReader: Input event(3): value=0 when=210766697235000
01-13 13:01:43.645  3757  4398 D InputReader: Input event(3): value=0 when=210766697235000
01-13 13:01:43.645  3757  4398 I InputReader: Touch event's action is 0x1 (deviceType=0) [pCnt=1, s=] when=210766697235000
01-13 13:01:43.646  3757  4397 I InputDispatcher: Delivering touch to (30188): action: 0x1, toolType: 1
01-13 13:01:43.646 30188 30221 V threaded_app: New input event: type=2
01-13 13:01:43.653 30188 30188 D ViewRootImpl@e972267[GameActivity]: ViewPostImeInputStage processPointer 1
01-13 13:01:43.662 30188 30389 I libOpenSLES: Emulating old channel mask behavior (ignoring positional mask 0x3, using default mask 0x3 based on channel count of 2)
01-13 13:01:43.663 30188 30389 W AudioTrack: AUDIO_OUTPUT_FLAG_FAST denied by client; transfer 1, track 44100 Hz, output 48000 Hz
01-13 13:01:43.664  3237  3486 I AudioFlinger: add dynamic flag, can move to deep thread, session 61681
01-13 13:01:43.666 30188 30389 D AudioTrack: Client defaulted notificationFrames to 590 for frameCount 1772
01-13 13:01:43.667 30188 30389 I AudioTrack: This process already got info. FadeIn[0] FadeOut[0] FadeInRing[0]
01-13 13:01:43.667  3237 17217 W AudioPolicyIntefaceImpl: Skipped to add effects on session 61681
01-13 13:01:43.667  3237 17217 I APM_AudioPolicyManager: startOutput() output 21, stream 3, session 61681
01-13 13:01:43.668 30188 30600 I AudioTrack: Skip ramp
01-13 13:01:43.672  3237  3477 I AudioMixer: create resampler src 44100, 2, dst 48000, 2, q 8
01-13 13:01:43.673  3237  3477 D SoundAliveResampler: [SoundAliveResampler] Init+++
01-13 13:01:43.792  3237  3352 I APM_AudioPolicyManager: stopOutput() output 21, stream 3, session 61681
01-13 13:01:43.832  3757  6272 D AudioService: getStreamVolume 3 index 90
01-13 13:01:43.847  3757 29842 D AudioService: getStreamVolume 3 index 90
01-13 13:01:43.885  3757  4458 D WifiStateMachine: Current network is: "wilkinson2.4" , ID is: 30
01-13 13:01:43.886  3757  4458 I WifiStateMachine: IMS calling, current network is always qualified
01-13 13:01:44.039  3757  4469 D AudioService: getStreamVolume 3 index 90
01-13 13:01:44.050  3757 32083 D AudioService: getStreamVolume 3 index 90
01-13 13:01:44.242  3757  7216 D AudioService: getStreamVolume 3 index 90
01-13 13:01:44.242  3757  5062 D AudioService: getStreamVolume 3 index 90
01-13 13:01:44.253  3757 31270 D AudioService: getStreamVolume 3 index 90
01-13 13:01:44.447  3757  2858 D AudioService: getStreamVolume 3 index 90
01-13 13:01:44.461  3757  7201 D AudioService: getStreamVolume 3 index 90
01-13 13:01:44.477 30188 30220 D UE4     : [2019.01.13-18.01.44:477][673]LogNet: Browse: /Game/Maps/StackMap
01-13 13:01:44.488 30188 30220 D UE4     : [2019.01.13-18.01.44:488][673]LogLoad: LoadMap: /Game/Maps/StackMap
01-13 13:01:44.500 30188 30389 I AudioTrack: Skip ramp
01-13 13:01:44.561 30188 30220 D UE4     : [2019.01.13-18.01.44:561][673]LogStreaming: Display: Flushing async loaders.
01-13 13:01:44.577  3237  3352 I APM_AudioPolicyManager: stopOutput() output 21, stream 3, session 61657
01-13 13:01:44.599  5689  5689 D io_stats: !@   8,0 r 2529108 75971048 w 2328344 53485196 d 377104 28317024 f 604201 604058 iot 3764000 2144820 th 61440 61440 44732 pt 10220 inp 0 0 210767.650
01-13 13:01:44.650  3757  7204 D AudioService: getStreamVolume 3 index 90
01-13 13:01:44.664  3757  5063 D AudioService: getStreamVolume 3 index 90
01-13 13:01:44.743 29743 29873 D ClClient: Not sending keepalive.  Current connection state=STOPPED
01-13 13:01:44.853  3757 32085 D AudioService: getStreamVolume 3 index 90
01-13 13:01:44.867  3757 10512 D AudioService: getStreamVolume 3 index 90
01-13 13:01:44.889 30188 30220 D UE4     : [2019.01.13-18.01.44:889][673]LogAIModule: Creating AISystem for world StackMap
01-13 13:01:44.889 30188 30220 D UE4     : [2019.01.13-18.01.44:889][673]LogLoad: Game class is 'GameModeBase'
01-13 13:01:44.893 30188 30220 D UE4     : [2019.01.13-18.01.44:893][673]LogWorld: Bringing World /Game/Maps/StackMap.StackMap up for play (max tick rate 0) at 2019.01.13-13.01.44
01-13 13:01:44.894 30188 30220 D UE4     : [2019.01.13-18.01.44:894][673]LogWorld: Bringing up level for play took: 0.002080
01-13 13:01:44.896 30188 30220 D UE4     : [2019.01.13-18.01.44:896][673]LogOnlineIdentity: Display: OSS: FOnlineIdentityGooglePlay::GetPlayerNickname
01-13 13:01:44.896 30188 30220 D UE4     : [2019.01.13-18.01.44:896][673]LogGameMode: FindPlayerStart: PATHS NOT DEFINED or NO PLAYERSTART with positive rating
01-13 13:01:44.931 30188 30220 D UE4     : [2019.01.13-18.01.44:931][673]LogUMG: Display: Widget Class GameStartMenu_C - Loaded Fast Template.
01-13 13:01:44.934 30188 30220 D UE4     : [2019.01.13-18.01.44:934][673]LogPlayerController: Error: InputMode:UIOnly - Attempting to focus Non-Focusable widget SObjectWidget [Widget.cpp(710)]!
01-13 13:01:44.937 30188 30220 D UE4     : [2019.01.13-18.01.44:936][673]LogLoad: Took 0.448391 seconds to LoadMap(/Game/Maps/StackMap)
01-13 13:01:44.942 30188 30220 D UE4     : [2019.01.13-18.01.44:942][673]LogSlate: Took 0.001673 seconds to synchronously load lazily loaded font '../../../Engine/Content/EngineFonts/Faces/DroidSansMono.ufont' (77K)
01-13 13:01:44.964 30188 30220 D UE4     : [2019.01.13-18.01.44:964][674]LogSlate: Took 0.000429 seconds to synchronously load lazily loaded font '../../../Engine/Content/EngineFonts/Faces/DroidSansMono.ufont' (77K)
01-13 13:01:45.026 30188 30223 D UE4     : Used memory: 221832
01-13 13:01:45.055  3757 31269 D AudioService: getStreamVolume 3 index 90
01-13 13:01:45.072  3757 10496 D AudioService: getStreamVolume 3 index 90
01-13 13:01:45.248  3757  3771 D AudioService: getStreamVolume 3 index 90
01-13 13:01:45.257  3757 29838 D AudioService: getStreamVolume 3 index 90
01-13 13:01:45.275  3757  7202 D AudioService: getStreamVolume 3 index 90
01-13 13:01:45.460  3757  7204 D AudioService: getStreamVolume 3 index 90
01-13 13:01:45.487  3757  4482 D AudioService: getStreamVolume 3 index 90
01-13 13:01:45.665  3757 29841 D AudioService: getStreamVolume 3 index 90
01-13 13:01:45.691  3757  4440 D AudioService: getStreamVolume 3 index 90
01-13 13:01:45.872  3757  7203 D AudioService: getStreamVolume 3 index 90
01-13 13:01:45.895  3757  7206 D AudioService: getStreamVolume 3 index 90
01-13 13:01:46.063 30188 30389 I libOpenSLES: Emulating old channel mask behavior (ignoring positional mask 0x3, using default mask 0x3 based on channel count of 2)
01-13 13:01:46.066 30188 30389 W AudioTrack: AUDIO_OUTPUT_FLAG_FAST denied by client; transfer 1, track 44100 Hz, output 48000 Hz
01-13 13:01:46.068  3237 22865 I AudioFlinger: add dynamic flag, can move to deep thread, session 61689
01-13 13:01:46.078 30188 30389 D AudioTrack: Client defaulted notificationFrames to 590 for frameCount 1772
01-13 13:01:46.081  3757  2859 D AudioService: getStreamVolume 3 index 90
01-13 13:01:46.086 30188 30389 I AudioTrack: This process already got info. FadeIn[0] FadeOut[0] FadeInRing[0]
01-13 13:01:46.087  3237  3486 W AudioPolicyIntefaceImpl: Skipped to add effects on session 61689
01-13 13:01:46.087  3237  3486 I APM_AudioPolicyManager: startOutput() output 21, stream 3, session 61689
01-13 13:01:46.095  3237  3477 D audio_hw_primary: out_set_parameters: enter: kvpairs: routing=2
01-13 13:01:46.095  3237  3477 I audio_hw_primary: out_set_parameters adev->out_device:2
01-13 13:01:46.095  3237  3477 I audio_hw_primary: is_voice_wakeup : ret =  0  , wakeup_baby_cry_enabled = 0  ,  wakeup_mic_enabled = 0 
01-13 13:01:46.095  3237  3477 V audio_hw_primary: select_devices output_scenario:0 input_scenario:28 out_snd_device 0x2 in_snd_device:0xb
01-13 13:01:46.095  3237  3477 I audio_hw_primary: select_devices - do not update mixer_path
01-13 13:01:46.096  3237  3477 D AudioFlinger: setCurDevice() 0x2
