12-30 19:42:12.921 27216 27237 D UE4     : [2018.12.31-00.42.12:920][  0]LogTcpMessaging: Initializing TcpMessaging bridge, listening on 127.0.0.1:6666
12-30 19:42:12.925 27216 27237 D UE4     : Execution has been resumed!
12-30 19:42:12.994 27216 27358 I         : Increase max job count 60
12-30 19:42:13.160  3759  4357 D SamsungAlarmManager: Expired : 8
12-30 19:42:13.160  3759  4357 I SamsungAlarmManager: setLocked to kernel - T:3 / 20181230T194213, SetElapsed=239384335, nowELAPSED=239383905
12-30 19:42:13.161  3759  4357 V SamsungAlarmManager: Sending to uid : 10059 action=null alarm=Alarm{b6fe37 type 3 when 239383905 com.asurion.android.verizon.vms}
12-30 19:42:13.169  3759  4357 D CompatibilityInfo: mCompatibilityFlags - 0
12-30 19:42:13.169  3759  4357 D CompatibilityInfo: applicationDensity - 420
12-30 19:42:13.169  3759  4357 D CompatibilityInfo: applicationScale - 1.0
12-30 19:42:13.192  3759  6084 D SamsungAlarmManager: setExact Intent (T:3/F:5/AC:false) 20181230T194218 - CU:10059/CP:487
12-30 19:42:13.437  3759  4465 D WifiStateMachine: Current network is: "wilkinson2.4" , ID is: 30
12-30 19:42:13.437  3759  4465 I WifiStateMachine: IMS calling, current network is always qualified
12-30 19:42:13.543 27216 27358 D UE4     : [2018.12.31-00.42.13:543][  0]LogRHI: JNI Display getPresentationDeadlineNanos=17949152 getAppVsyncOffsetNanos=0 getRefreshRate=59.000000
12-30 19:42:13.543 27216 27358 D UE4     : [2018.12.31-00.42.13:543][  0]LogRHI: Final display timing metrics: DriverRefreshRate=59.0000  DriverRefreshNanos=16949153  DriverDeadlineNanos=16949152  DriverAppVsyncOffsetNanos=0
12-30 19:42:13.543 27216 27358 D UE4     : [2018.12.31-00.42.13:543][  0]LogRHI: AndroidEGL:SwapBuffers Min=0, Max=1, Request=1, ClosestDriver=1, SetDriver=1
12-30 19:42:13.552 27216 27237 D UE4     : [2018.12.31-00.42.13:551][  0]LogSlate: Slate font cache was flushed
12-30 19:42:13.584 27216 27237 D UE4     : [2018.12.31-00.42.13:584][  1]LogSlate: Took 0.001049 seconds to synchronously load lazily loaded font '../../../Engine/Content/EngineFonts/Faces/RobotoBold.ufont' (160K)
12-30 19:42:13.590  3759  4357 D SamsungAlarmManager: Expired : 8
12-30 19:42:13.591  3759  4357 I SamsungAlarmManager: setLocked to kernel - T:3 / 20181230T194218, SetElapsed=239388931, nowELAPSED=239384336
12-30 19:42:13.591  3759  4357 V SamsungAlarmManager: Sending to uid : 1000 action=com.android.server.action.UPDATE_TWILIGHT_STATE alarm=Alarm{a5710d type 1 when 600000 android}
12-30 19:42:13.599  3759  3759 D SamsungAlarmManager: Cancel Alarm calling from uid:1000 pid :3759 / op:PendingIntent{bf148c2: PendingIntentRecord{92446ee android broadcastIntent}}
12-30 19:42:13.603  3759  3759 D SamsungAlarmManager: setExact Intent (T:1/F:9/AC:false) 19691231T191000 - CU:1000/CP:3759
12-30 19:42:13.604  3759  3759 I SamsungAlarmManager: setLocked to kernel - T:3 / 20181230T194214, SetElapsed=239385344, nowELAPSED=239384348
12-30 19:42:14.599  3759  4357 D SamsungAlarmManager: Expired : 8
12-30 19:42:14.600  3759  4357 I SamsungAlarmManager: setLocked to kernel - T:3 / 20181230T194218, SetElapsed=239388931, nowELAPSED=239385345
12-30 19:42:14.600  3759  4357 V SamsungAlarmManager: Sending to uid : 1000 action=com.android.server.action.UPDATE_TWILIGHT_STATE alarm=Alarm{1f346d3 type 1 when 600000 android}
12-30 19:42:14.610  3759  3759 D SamsungAlarmManager: Cancel Alarm calling from uid:1000 pid :3759 / op:PendingIntent{e5ba210: PendingIntentRecord{92446ee android broadcastIntent}}
12-30 19:42:14.616  3759  3759 D SamsungAlarmManager: setExact Intent (T:1/F:9/AC:false) 19691231T191000 - CU:1000/CP:3759
12-30 19:42:14.616  3759  3759 I SamsungAlarmManager: setLocked to kernel - T:3 / 20181230T194215, SetElapsed=239386355, nowELAPSED=239385361
12-30 19:42:15.297  3759 16760 D BatteryService: !@BatteryListener : batteryPropertiesChanged!
12-30 19:42:15.298  3759 16760 D BatteryService: level:46, scale:100, status:2, health:2, present:true, voltage: 3939, temperature: 300, technology: Li-ion, AC powered:false, USB powered:true, POGO powered:false, Wireless powered:false, icon:17303694, invalid charger:0, maxChargingCurrent:0, maxChargingVoltage:0, chargeCounter:0
12-30 19:42:15.298  3759 16760 D BatteryService: online:6, current avg:483, charge type:1, power sharing:false, high voltage charger:false, capacity:280000, batterySWSelfDischarging:false, misc_event:0, current_now:500
12-30 19:42:15.298  3759  3759 D BatteryService: Sending ACTION_BATTERY_CHANGED.
12-30 19:42:15.303  3759  3759 V UiModeManager: updateLocked: null action, mDockState=0, category=null
12-30 19:42:15.303  3759  3759 D UiModeManager: updateConfigurationLocked: mDockState=0; mCarMode=false; mNightMode=1; uiMode=17
12-30 19:42:15.304  3759  3759 D GameManagerService: new battery level: 46
12-30 19:42:15.306  4634  4634 D KeyguardUpdateMonitor: received broadcast android.intent.action.BATTERY_CHANGED
12-30 19:42:15.307  4634  4634 D KeyguardUpdateMonitor: handleBatteryUpdate
12-30 19:42:15.310  4634  4634 D PowerUI : priorPlugType = 2 mPlugType =  2
12-30 19:42:15.313  4634  4634 D PowerUI.Notification: showChargingNotice oldChargingType : 1 currentChargingType : 1 oldChargingTime : 5852000 mChargingTime : 5842000
12-30 19:42:15.313  4634  4634 D PowerUI.Notification: showChargingNotification()
12-30 19:42:15.315  5029  5029 D PhoneApp: PhoneAppBroadcastReceiver onReceive android.intent.action.BATTERY_CHANGED
12-30 19:42:15.315  5029  5029 D TelephonyExtensionManager: lowBatterySound - isLowBatterySoundScheduled: false
12-30 19:42:15.315  5029  5029 D TelephonyExtensionManager: lowBatterySound - isPlayNow: false
12-30 19:42:15.316  5029  5029 D TelephonyExtensionManager: isSpeakerON - false
12-30 19:42:15.327 27216 27216 D UE4     : Battery: status = 2, rawlevel = 46, scale = 100
12-30 19:42:15.327 27216 27216 D UE4     : nativeBatteryEvent(stat = 2, lvl = 46  temp = 30.00 C)
12-30 19:42:15.334  3759 10294 D ApplicationPolicy: isStatusBarNotificationAllowedAsUser: packageName = com.android.systemui,userId = -1
12-30 19:42:15.335  5029  5029 D TelephonyExtensionManager: lowBatterySound - batteryStatus: 2
12-30 19:42:15.335  5029  5029 D TelephonyExtensionManager: lowBatterySound - batteryLevel: 46
12-30 19:42:15.335  5029  5029 D TelephonyExtensionManager: lowBatterySound - cancel
12-30 19:42:15.336  3759  7765 D SamsungAlarmManager: Cancel Alarm calling from uid:1001 pid :5029 / op:PendingIntent{c51109: PendingIntentRecord{3268d2c com.android.phone broadcastIntent}}
12-30 19:42:15.336  5029  5029 D TelephonyExtension: Not stopping low battery tone
12-30 19:42:15.338  4634  4634 D BatteryMeterDrawable: isSomethingChanged - false
12-30 19:42:15.338  4634  4634 D BatteryMeterDrawable: isSomethingChanged - false
12-30 19:42:15.345  4634  4634 D Tile.FlashlightTile: ACTION_BATTERY_CHANGED - Level :: 46, emEnabled :: false
12-30 19:42:15.397  4634  4634 D KeyguardServiceBoxContainer: updateCMAS() hasCmasNotification = false, mHasCMAS = false
12-30 19:42:15.475 27216 27241 D UE4     : Used memory: 221600
12-30 19:42:15.610  3759  4357 D SamsungAlarmManager: Expired : 8
12-30 19:42:15.611  3759  4357 I SamsungAlarmManager: setLocked to kernel - T:3 / 20181230T194218, SetElapsed=239388931, nowELAPSED=239386356
12-30 19:42:15.611  3759  4357 V SamsungAlarmManager: Sending to uid : 1000 action=com.android.server.action.UPDATE_TWILIGHT_STATE alarm=Alarm{50f2f0e type 1 when 600000 android}
12-30 19:42:15.621  3759  3759 D SamsungAlarmManager: Cancel Alarm calling from uid:1000 pid :3759 / op:PendingIntent{aa17d2f: PendingIntentRecord{92446ee android broadcastIntent}}
12-30 19:42:15.623  3759  4395 D InputReader: Input event(3): value=1 when=78087360746000
12-30 19:42:15.623  3759  4395 D InputReader: Input event(3): value=1 when=78087360746000
12-30 19:42:15.623  3759  4395 I InputReader: Touch event's action is 0x0 (deviceType=0) [pCnt=1, s=0.7723 ] when=78087360746000
12-30 19:42:15.624  3759  4394 I InputDispatcher: Delivering touch to (27216): action: 0x0, toolType: 1
12-30 19:42:15.626  3759  3759 D SamsungAlarmManager: setExact Intent (T:1/F:9/AC:false) 19691231T191000 - CU:1000/CP:3759
12-30 19:42:15.627  3759  3759 I SamsungAlarmManager: setLocked to kernel - T:3 / 20181230T194216, SetElapsed=239387366, nowELAPSED=239386372
12-30 19:42:15.635 27216 27239 V threaded_app: New input event: type=2
12-30 19:42:15.643 27216 27216 D ViewRootImpl@eb23581[GameActivity]: ViewPostImeInputStage processPointer 0
12-30 19:42:15.645 27216 27216 W System  : ClassLoader referenced unknown path: /system/framework/QPerformance.jar
12-30 19:42:15.649 27216 27237 D UE4     : [2018.12.31-00.42.15:649][125]LogSlate: FSceneViewport::OnFocusLost() reason 0
12-30 19:42:15.652 27216 27216 E BoostFramework: BoostFramework() : Exception_1 = java.lang.ClassNotFoundException: Didn't find class "com.qualcomm.qti.Performance" on path: DexPathList[[],nativeLibraryDirectories=[/system/lib, /vendor/lib]]
12-30 19:42:15.652 27216 27216 V BoostFramework: BoostFramework() : mPerf = null
12-30 19:42:15.654 27216 27239 V threaded_app: New input event: type=2
12-30 19:42:15.661 27216 27239 V threaded_app: New input event: type=2
12-30 19:42:15.677 27216 27239 V threaded_app: New input event: type=2
12-30 19:42:15.694 27216 27239 V threaded_app: New input event: type=2
12-30 19:42:15.712 27216 27239 V threaded_app: New input event: type=2
12-30 19:42:15.728 27216 27239 V threaded_app: New input event: type=2
12-30 19:42:15.731  3759  4395 D InputReader: Input event(3): value=0 when=78087469030000
12-30 19:42:15.731  3759  4395 D InputReader: Input event(3): value=0 when=78087469030000
12-30 19:42:15.731  3759  4395 I InputReader: Touch event's action is 0x1 (deviceType=0) [pCnt=1, s=] when=78087469030000
12-30 19:42:15.732  3759  4394 I InputDispatcher: Delivering touch to (27216): action: 0x1, toolType: 1
12-30 19:42:15.732 27216 27239 V threaded_app: New input event: type=2
12-30 19:42:15.733 27216 27216 D ViewRootImpl@eb23581[GameActivity]: ViewPostImeInputStage processPointer 1
12-30 19:42:15.744 27216 27237 D UE4     : [2018.12.31-00.42.15:744][131]LogUMG: Display: Widget Class OptionsMenu_C - Loaded Fast Template.
12-30 19:42:16.012 26275 26365 D ClClient: Not sending keepalive.  Current connection state=STOPPED
12-30 19:42:16.453  3759  4465 D WifiStateMachine: Current network is: "wilkinson2.4" , ID is: 30
12-30 19:42:16.453  3759  4465 I WifiStateMachine: IMS calling, current network is always qualified
12-30 19:42:16.621  3759  4357 D SamsungAlarmManager: Expired : 8
12-30 19:42:16.621  3759  4357 I SamsungAlarmManager: setLocked to kernel - T:3 / 20181230T194218, SetElapsed=239388931, nowELAPSED=239387366
12-30 19:42:16.622  3759  4357 V SamsungAlarmManager: Sending to uid : 1000 action=com.android.server.action.UPDATE_TWILIGHT_STATE alarm=Alarm{c40cf3c type 1 when 600000 android}
12-30 19:42:16.627  3759  3759 D SamsungAlarmManager: Cancel Alarm calling from uid:1000 pid :3759 / op:PendingIntent{b24b4c5: PendingIntentRecord{92446ee android broadcastIntent}}
12-30 19:42:16.632  3759  3759 D SamsungAlarmManager: setExact Intent (T:1/F:9/AC:false) 19691231T191000 - CU:1000/CP:3759
12-30 19:42:16.633  3759  3759 I SamsungAlarmManager: setLocked to kernel - T:3 / 20181230T194217, SetElapsed=239388372, nowELAPSED=239387378
12-30 19:42:17.026  3759  3759 D TelephonyManager: getCellLocation : Caller (PID / UID / TID): 3759 / 1000 / 3759
12-30 19:42:17.030  4634  4817 D NetworkController.MobileSignalController(0/1): onSignalStrengthsChanged signalStrength=SignalStrength: 99 99 -120 -160 -120 -1 -1 17 -109 -11 18 2147483647 2147483647 0x2000 gsm|lte level=2
12-30 19:42:17.031  4634  4817 D NetworkController.MobileSignalController(0/1): getMobileIconGroup(): 13
12-30 19:42:17.032  4634  4817 D NetworkController.MobileSignalController(0/1): updateVZWMobileIconGroup(): 13
12-30 19:42:17.040  5040  5672 D EPDG -- [SMARTWIFI]: onSignalStrengthsChanged: Received signal strength change, phone type is: 2
12-30 19:42:17.041  5040  6397 D EPDG -- [SMARTWIFI]: lastLteRSRP is -109currentLteRSRP is -109
12-30 19:42:17.041  5040  6397 D EPDG -- [SMARTWIFI]: lastLteRSRQ is -12currentLteRSRQ is -11
12-30 19:42:17.041  5040  6397 D EPDG -- [SMARTWIFI]: lastCdmaDb is -16currentCdmaDb is -16
12-30 19:42:17.041  5040  6397 V EPDG -- [SMARTWIFI]: Radio oldest entry removed
12-30 19:42:17.041  5040  6397 V EPDG -- [SMARTWIFI]: New entry : (SignalStrength: 99 99 -120 -160 -120 -1 -1 17 -109 -11 18 2147483647 2147483647 0x2000 gsm|lte : 0 )
12-30 19:42:17.041  5040  6397 V EPDG -- [SMARTWIFI]: Radio entry added
12-30 19:42:17.043  4634  4817 D NetworkController.MobileSignalController(0/1): callState:0, callStateByPhone:false voLTECall:false voiceNetTpe:13 dataNetType:13, ine911:false, emergencyCallbackMode:false
12-30 19:42:17.627  3759  4357 D SamsungAlarmManager: Expired : 8
12-30 19:42:17.627  3759  4357 I SamsungAlarmManager: setLocked to kernel - T:3 / 20181230T194218, SetElapsed=239388931, nowELAPSED=239388372
12-30 19:42:17.628  3759  4357 V SamsungAlarmManager: Sending to uid : 1000 action=com.android.server.action.UPDATE_TWILIGHT_STATE alarm=Alarm{3132e1a type 1 when 600000 android}
12-30 19:42:17.635  3759  3759 D SamsungAlarmManager: Cancel Alarm calling from uid:1000 pid :3759 / op:PendingIntent{952bd4b: PendingIntentRecord{92446ee android broadcastIntent}}
12-30 19:42:17.640  3759  3759 D SamsungAlarmManager: setExact Intent (T:1/F:9/AC:false) 19691231T191000 - CU:1000/CP:3759
12-30 19:42:17.734  3759  4395 D InputReader: Input event(7): value=1 when=78089471980000
12-30 19:42:17.741  3759  4395 D SamsungPhoneWindowManager: f.b. a = false hd = false eme = false ksno = false id = -1
12-30 19:42:17.741  3759  4395 V Vibrator: Called semVibrate(int, int, AudioAttributes, Mag) API - PUID: 1000, PackageName: android, token: android.os.Binder@9c5425b, type: 50026, repeat: -1, AudioAttr : null, Mag: TYPE_TOUCH
12-30 19:42:17.741  3759  4395 V VibratorService: vibratePatternMagnitude - package: android, repeat: -1, token: android.os.Binder@9c5425b, mag: 6500, def: 10000
12-30 19:42:17.742  3759  4395 D VibratorService: Turning vibrator off
12-30 19:42:17.744  3759 27381 D VibratorService: vibratorOn() : 7ms, magnitude :6500, f : -1
12-30 19:42:17.745  3759  4394 D PowerManagerService: [api] userActivityFromNative : 20 (event: 4 flags: 0) eventTime = 78089471
12-30 19:42:17.746  3759  4394 I InputDispatcher: Delivering key to (27216): action: 0x0 (0)
12-30 19:42:17.747 27216 27239 V threaded_app: New input event: type=1
12-30 19:42:17.749 16417 16417 W SemDesktopModeManager: isDesktopMode: Desktop Mode feature not available
12-30 19:42:17.760 27216 27239 V threaded_app: New input event: type=1
12-30 19:42:17.760 27216 27239 D UE4     : Received keycode: 4, softkey: 0
12-30 19:42:17.760 27216 27239 D UE4     : Received key event: 4
12-30 19:42:17.794  5693  5693 D io_stats: !@   8,0 r 1163856 34112016 w 913957 17619848 d 154217 9856620 f 207745 207707 iot 1409710 888816 th 61440 61440 51480 pt 1340 inp 0 0 78089.531
12-30 19:42:17.855  3759  4395 D InputReader: Input event(7): value=0 when=78089593149000
12-30 19:42:17.858  3759  4394 I InputDispatcher: Delivering key to (27216): action: 0x1 (0)
12-30 19:42:17.859 27216 27239 V threaded_app: New input event: type=1
12-30 19:42:17.860 27216 27239 V threaded_app: New input event: type=1
12-30 19:42:17.860 27216 27239 D UE4     : Received keycode: 4, softkey: 0
12-30 19:42:17.860 27216 27239 D UE4     : Received key event: 4
12-30 19:42:18.170  3759  9132 D SSRM:t  : SIOP:: AP = 410, PST = 367 (W:10), CP = 267, CUR = 617, LCD = 115
12-30 19:42:18.171  3759  9132 D ConnectivityService: filterNetworkStateForUid() uid: 1000 networkInfo: [type: WIFI[] - WIFI, state: CONNECTED/CONNECTED, reason: (unspecified), extra: "wilkinson2.4", failover: false, available: true, roaming: false, metered: false]
12-30 19:42:18.186  3759  4357 D SamsungAlarmManager: Expired : 8
12-30 19:42:18.186  3759  4357 I SamsungAlarmManager: setLocked to kernel - T:3 / 20181230T194218, SetElapsed=239389380, nowELAPSED=239388931
12-30 19:42:18.187  3759  4357 V SamsungAlarmManager: Sending to uid : 10059 action=null alarm=Alarm{e9a328 type 3 when 239388931 com.asurion.android.verizon.vms}
12-30 19:42:18.193  3759  4357 D CompatibilityInfo: mCompatibilityFlags - 0
12-30 19:42:18.193  3759  4357 D CompatibilityInfo: applicationDensity - 420
12-30 19:42:18.193  3759  4357 D CompatibilityInfo: applicationScale - 1.0
12-30 19:42:18.212  3759  4447 D SamsungAlarmManager: setExact Intent (T:3/F:5/AC:false) 20181230T194223 - CU:10059/CP:487
12-30 19:42:18.635  3759  4357 D SamsungAlarmManager: Expired : 8
12-30 19:42:18.635  3759  4357 V SamsungAlarmManager: Sending to uid : 1000 action=com.android.server.action.UPDATE_TWILIGHT_STATE alarm=Alarm{f2611e6 type 1 when 600000 android}
12-30 19:42:18.637  6663  6770 D ContactsProvider_EventLog: contents_sample_state: [ contacts(368) data(4032) accounts({vnd.sec.contact.phone (1)=12, com.google (7)=692}) accounts deleted({}) calls([logtype:100 cnt:435, logtype:1150 cnt:65]) countryIso(US) userId(0)  ]

12-30 19:42:18.637  6663  6770 D ContactsProvider_EventLog: contents_sample_state: [ agr({[2 ,2 ,7]=1, [2 ,7 ,2 ,7]=1, [7 ,2 ,7]=4, [7 ,7 ,2]=4, [1 ,7]=5, [7]=50, [7 ,2]=231, [1 ,2 ,7]=7, [2 ,7]=65})  ]

12-30 19:42:18.637  6663  6770 D ContactsProvider_EventLog: contents_sample_state: [ actCnt({android.process.acore=5})  ]
12-30 19:42:18.642  3759  3759 D SamsungAlarmManager: Cancel Alarm calling from uid:1000 pid :3759 / op:PendingIntent{a8de327: PendingIntentRecord{92446ee android broadcastIntent}}
12-30 19:42:18.645  6663  6770 E ContactsProvider_EventLog: Flush buffer to file cnt : 1 size : 0Kb duration : 6ms lastUpdatedAfter : 17096 ms mFlush_time_threasold : 2000 mCurrentSize : 457
12-30 19:42:18.645  3759  3759 D SamsungAlarmManager: setExact Intent (T:1/F:9/AC:false) 19691231T191000 - CU:1000/CP:3759
12-30 19:42:19.047  3759  4395 D InputReader: Input event(7): value=1 when=78090784890000
12-30 19:42:19.056  3759  4395 D SamsungPhoneWindowManager: f.b. a = false hd = false eme = false ksno = false id = -1
12-30 19:42:19.056  3759  4395 V Vibrator: Called semVibrate(int, int, AudioAttributes, Mag) API - PUID: 1000, PackageName: android, token: android.os.Binder@9c5425b, type: 50026, repeat: -1, AudioAttr : null, Mag: TYPE_TOUCH
12-30 19:42:19.057  3759  4395 V VibratorService: vibratePatternMagnitude - package: android, repeat: -1, token: android.os.Binder@9c5425b, mag: 6500, def: 10000
12-30 19:42:19.057  3759  4395 D VibratorService: Turning vibrator off
12-30 19:42:19.060  3759 27387 D VibratorService: vibratorOn() : 7ms, magnitude :6500, f : -1
12-30 19:42:19.063  3759  4394 I InputDispatcher: Delivering key to (27216): action: 0x0 (0)
12-30 19:42:19.063 27216 27239 V threaded_app: New input event: type=1
12-30 19:42:19.065 16417 16417 W SemDesktopModeManager: isDesktopMode: Desktop Mode feature not available
12-30 19:42:19.066 27216 27239 V threaded_app: New input event: type=1
12-30 19:42:19.066 27216 27239 D UE4     : Received keycode: 4, softkey: 0
12-30 19:42:19.067 27216 27239 D UE4     : Received key event: 4
12-30 19:42:19.217  3759  4395 D InputReader: Input event(7): value=0 when=78090954747000
12-30 19:42:19.219  3759  4394 I InputDispatcher: Delivering key to (27216): action: 0x1 (0)
12-30 19:42:19.220 27216 27239 V threaded_app: New input event: type=1
12-30 19:42:19.220 27216 27239 V threaded_app: New input event: type=1
12-30 19:42:19.220 27216 27239 D UE4     : Received keycode: 4, softkey: 0
12-30 19:42:19.221 27216 27239 D UE4     : Received key event: 4
12-30 19:42:19.363  3759  4395 D InputReader: Input event(7): value=1 when=78091100698000
12-30 19:42:19.365  3759  4395 D SamsungPhoneWindowManager: f.b. a = false hd = false eme = false ksno = false id = -1
12-30 19:42:19.365  3759  4395 V Vibrator: Called semVibrate(int, int, AudioAttributes, Mag) API - PUID: 1000, PackageName: android, token: android.os.Binder@9c5425b, type: 50026, repeat: -1, AudioAttr : null, Mag: TYPE_TOUCH
12-30 19:42:19.366  3759  4395 V VibratorService: vibratePatternMagnitude - package: android, repeat: -1, token: android.os.Binder@9c5425b, mag: 6500, def: 10000
12-30 19:42:19.366  3759  4395 D VibratorService: Turning vibrator off
12-30 19:42:19.374  3759  4394 I InputDispatcher: Delivering key to (27216): action: 0x0 (0)
12-30 19:42:19.374  3759 27388 D VibratorService: vibratorOn() : 7ms, magnitude :6500, f : -1
12-30 19:42:19.375 27216 27239 V threaded_app: New input event: type=1
12-30 19:42:19.377 16417 16417 W SemDesktopModeManager: isDesktopMode: Desktop Mode feature not available
12-30 19:42:19.379 27216 27239 V threaded_app: New input event: type=1
12-30 19:42:19.379 27216 27239 D UE4     : Received keycode: 4, softkey: 0
12-30 19:42:19.379 27216 27239 D UE4     : Received key event: 4
12-30 19:42:19.427  3759  4357 D SamsungAlarmManager: Expired : 4
12-30 19:42:19.428  3759  4357 I SamsungAlarmManager: setLocked to kernel - T:2 / 20181230T194240, SetElapsed=239411124, nowELAPSED=239390173
12-30 19:42:19.428  3759  4357 I SamsungAlarmManager: setLocked to kernel - T:3 / 20181230T194219, SetElapsed=239390387, nowELAPSED=239390173
12-30 19:42:19.429  3759  4357 V SamsungAlarmManager: Sending to uid : 1000 listener=android.app.AlarmManager$ListenerWrapper@864c093 alarm=Alarm{c9c9d4 type 2 when 239387728 android}
12-30 19:42:19.430  3759  4357 V SamsungAlarmManager: Sending to uid : 10339 action=com.okcupid.okcupid.intent.APPBOY_SESSION_SHOULD_SEAL alarm=Alarm{f61b77d type 1 when 1546216935783 com.okcupid.okcupid}
12-30 19:42:19.431  3759  4357 V SamsungAlarmManager: Sending to uid : 10014 action=null alarm=Alarm{a316672 type 3 when 239389780 com.google.android.gms}
12-30 19:42:19.436  3759  4357 V SamsungAlarmManager: Sending to uid : 1001 action=com.android.internal.telephony.data-stall alarm=Alarm{26b8ac3 type 3 when 239390172 com.android.phone}
12-30 19:42:19.443  3759  3759 D SamsungAlarmManager: setInexact Listener (T:2/F:0/AC:false) 20181230T194518 - CU:1000/CP:3759
12-30 19:42:19.464  3759  6076 D CompatibilityInfo: mCompatibilityFlags - 0
12-30 19:42:19.464  3759  6076 D CompatibilityInfo: applicationDensity - 420
12-30 19:42:19.464  3759  6076 D CompatibilityInfo: applicationScale - 1.0
12-30 19:42:19.470  3759  4465 D WifiStateMachine: Current network is: "wilkinson2.4" , ID is: 30
12-30 19:42:19.470  3759  4465 I WifiStateMachine: IMS calling, current network is always qualified
12-30 19:42:19.481  3759  3759 D CompatibilityInfo: mCompatibilityFlags - 0
12-30 19:42:19.481  3759  3759 D CompatibilityInfo: applicationDensity - 420
12-30 19:42:19.481  3759  3759 D CompatibilityInfo: applicationScale - 1.0
12-30 19:42:19.486 26462 26557 I System.out: (HTTPLog)-Static: isSBSettingEnabled false
12-30 19:42:19.487 26462 26557 I System.out: (HTTPLog)-Static: isSBSettingEnabled false
12-30 19:42:19.487  3759  4474 D CompatibilityInfo: mCompatibilityFlags - 0
12-30 19:42:19.487  3759  4474 D CompatibilityInfo: applicationDensity - 420
12-30 19:42:19.487  3759  4474 D CompatibilityInfo: applicationScale - 1.0
12-30 19:42:19.490  3251  3744 D EnterpriseController: netId is 0
12-30 19:42:19.490  3251  3744 D Netd    : getNetworkForDns: using netid 541 for uid 10339
12-30 19:42:19.490  3251  3744 D DnsProxyListener: DNSDBG::dns addrinfo af 0
12-30 19:42:19.513 22313 22313 I Finsky  : [1] com.google.android.finsky.scheduler.JobSchedulerEngine$PhoneskyJobSchedulerJobService.onStartJob(8): onJobSchedulerWakeup with jobId 9001
12-30 19:42:19.531  3759  3771 D CompatibilityInfo: mCompatibilityFlags - 0
12-30 19:42:19.531  3759  3771 D CompatibilityInfo: applicationDensity - 420
12-30 19:42:19.531  3759  3771 D CompatibilityInfo: applicationScale - 1.0
12-30 19:42:19.533  3759 10295 D SamsungAlarmManager: setInexact Intent (T:3/F:8/AC:false) 20181230T194319 - CU:1001/CP:5029
12-30 19:42:19.538  3759 10289 I SamsungAlarmManager: setLocked to kernel - T:3 / 19691231T191000, SetElapsed=-1545976949255, nowELAPSED=239390283
12-30 19:42:19.538  3759  4357 D SamsungAlarmManager: Expired : 8
12-30 19:42:19.540  3759 10289 D SamsungAlarmManager: setInexact Intent (T:2/F:0/AC:false) 20181231T074219 - CU:10029/CP:22313
12-30 19:42:19.541  3759  4357 I SamsungAlarmManager: setLocked to kernel - T:3 / 20181230T194223, SetElapsed=239393951, nowELAPSED=239390286
12-30 19:42:19.541  3759  4357 V SamsungAlarmManager: Sending to uid : 1000 action=com.android.server.action.UPDATE_TWILIGHT_STATE alarm=Alarm{90cc096 type 1 when 600000 android}
12-30 19:42:19.548  3759  3759 D SamsungAlarmManager: Cancel Alarm calling from uid:1000 pid :3759 / op:PendingIntent{71fe417: PendingIntentRecord{92446ee android broadcastIntent}}
12-30 19:42:19.550 22313 22313 I Finsky  : [1] com.google.android.finsky.scheduler.ad.a(41): Scheduling fallback in 43199967 (absolute: 282590259)
12-30 19:42:19.556  3759  3759 D SamsungAlarmManager: setExact Intent (T:1/F:9/AC:false) 19691231T191000 - CU:1000/CP:3759
12-30 19:42:19.556  3759  3759 I SamsungAlarmManager: setLocked to kernel - T:3 / 20181230T194220, SetElapsed=239391293, nowELAPSED=239390301
12-30 19:42:19.564  3759 16760 I SamsungAlarmManager: setLocked to kernel - T:3 / 19691231T191000, SetElapsed=-1545976949255, nowELAPSED=239390309
12-30 19:42:19.564  3759  4357 D SamsungAlarmManager: Expired : 8
12-30 19:42:19.569  3759 16760 D SamsungAlarmManager: setInexact Intent (T:2/F:0/AC:false) 20181231T134219 - CU:10029/CP:22313
12-30 19:42:19.570  3759  4357 I SamsungAlarmManager: setLocked to kernel - T:3 / 20181230T194223, SetElapsed=239393951, nowELAPSED=239390314
12-30 19:42:19.570  3759  4357 V SamsungAlarmManager: Sending to uid : 1000 action=com.android.server.action.UPDATE_TWILIGHT_STATE alarm=Alarm{dd5004 type 1 when 600000 android}
12-30 19:42:19.570 22313 22313 I Finsky  : [1] com.google.android.finsky.scheduler.ad.a(41): Scheduling fallback in 64799981 (absolute: 304190295)
12-30 19:42:19.574  3759 10294 D ConnectivityService: filterNetworkStateForUid() uid: 10029 networkInfo: [type: WIFI[] - WIFI, state: CONNECTED/CONNECTED, reason: (unspecified), extra: "wilkinson2.4", failover: false, available: true, roaming: false, metered: false]
12-30 19:42:19.575  3759  7765 D ConnectivityService: filterNetworkStateForUid() uid: 10029 networkInfo: [type: WIFI[] - WIFI, state: CONNECTED/CONNECTED, reason: (unspecified), extra: "wilkinson2.4", failover: false, available: true, roaming: false, metered: false]
12-30 19:42:19.578  3759  7794 D CompatibilityInfo: mCompatibilityFlags - 0
12-30 19:42:19.578  3759  7794 D CompatibilityInfo: applicationDensity - 420
12-30 19:42:19.578  3759  7794 D CompatibilityInfo: applicationScale - 1.0
12-30 19:42:19.582  3759  7293 D ConnectivityService: filterNetworkStateForUid() uid: 10029 networkInfo: [type: WIFI[] - WIFI, state: CONNECTED/CONNECTED, reason: (unspecified), extra: "wilkinson2.4", failover: false, available: true, roaming: false, metered: false]
12-30 19:42:19.587  3759  4447 D ConnectivityService: filterNetworkStateForUid() uid: 10029 networkInfo: [type: WIFI[] - WIFI, state: CONNECTED/CONNECTED, reason: (unspecified), extra: "wilkinson2.4", failover: false, available: true, roaming: false, metered: false]
12-30 19:42:19.591 22313 22313 I Finsky  : [1] com.google.android.finsky.scheduler.al.handleMessage(16): DeviceState: DeviceState{currentTime=1546216939581, isCharging=true, isIdle=false, netAny=true, netNotRoaming=true, netUnmetered=true}
12-30 19:42:19.592  3759  3759 D SamsungAlarmManager: Cancel Alarm calling from uid:1000 pid :3759 / op:PendingIntent{7e16870: PendingIntentRecord{92446ee android broadcastIntent}}
12-30 19:42:19.597  3759  3759 D SamsungAlarmManager: setExact Intent (T:1/F:9/AC:false) 19691231T191000 - CU:1000/CP:3759
12-30 19:42:19.597  3759  3759 I SamsungAlarmManager: setLocked to kernel - T:3 / 20181230T194220, SetElapsed=239391337, nowELAPSED=239390342
12-30 19:42:19.603 22313 25846 I Finsky  : [1902] com.google.android.finsky.scheduler.bp.b(89): Jobs in database: 1-1337 12-1 26-1414141414 
12-30 19:42:19.606 22313 22313 I Finsky  : [1] com.google.android.finsky.scheduler.ag.a(59): Running job: 12-1
12-30 19:42:19.607 22313 22313 I Finsky  : [1] com.google.android.finsky.contentsync.ContentSyncJob.a(24): ContentSyncJob started
12-30 19:42:19.610 22313 22313 I Finsky  : [1] com.google.android.finsky.scheduler.ag.a(105): RunningQueue size: 1, PendingQueue size: 0
12-30 19:42:19.611 22313 22313 I Finsky  : [1] com.google.android.finsky.scheduler.ag.a(116): Running queue: 12-1 
12-30 19:42:19.620 22313 22380 I Finsky  : [1849] com.google.android.finsky.m.c.a(21): Completed 0 account content syncs with 0 successful.
12-30 19:42:19.621 22313 22313 I Finsky  : [1] com.google.android.finsky.contentsync.ContentSyncJob.a(22): Installation state replication succeeded.
12-30 19:42:19.621 22313 22313 I Finsky  : [1] com.google.android.finsky.scheduler.bm.b(8): jobFinished: 12-1. TimeElapsed: 15ms
12-30 19:42:19.622 22313 22313 I Finsky  : [1] com.google.android.finsky.scheduler.ag.a(139): Job 12-1 finished
12-30 19:42:19.623 22313 22313 I Finsky  : [1] com.google.android.finsky.scheduler.ag.a(105): RunningQueue size: 0, PendingQueue size: 0
12-30 19:42:19.624 22313 22313 I Finsky  : [1] com.google.android.finsky.scheduler.al.handleMessage(42): Executor finished
12-30 19:42:19.627  3759  6073 D ConnectivityService: filterNetworkStateForUid() uid: 10029 networkInfo: [type: WIFI[] - WIFI, state: CONNECTED/CONNECTED, reason: (unspecified), extra: "wilkinson2.4", failover: false, available: true, roaming: false, metered: false]
12-30 19:42:19.629  3759  7291 D ConnectivityService: filterNetworkStateForUid() uid: 10029 networkInfo: [type: WIFI[] - WIFI, state: CONNECTED/CONNECTED, reason: (unspecified), extra: "wilkinson2.4", failover: false, available: true, roaming: false, metered: false]
12-30 19:42:19.638 22313 22313 I Finsky  : [1] com.google.android.finsky.scheduler.bp.b(89): Jobs in database: 1-1337 26-1414141414 
12-30 19:42:19.642 22313 22313 I Finsky  : [1] com.google.android.finsky.scheduler.k.a(69): ConstraintMapping: 1-1337,  -> L: 5341357ms, D: 48541357ms, C: false, I: false, N: 1
12-30 19:42:19.643  3759  3759 I SamsungAlarmManager: setLocked to kernel - T:3 / 19691231T191000, SetElapsed=-1545976949255, nowELAPSED=239390388
12-30 19:42:19.643  3759  4357 D SamsungAlarmManager: Expired : 8
12-30 19:42:19.643  3759  3759 D SamsungAlarmManager: setInexact Listener (T:2/F:0/AC:false) 20181230T194518 - CU:1000/CP:3759
12-30 19:42:19.644 22313 22313 I Finsky  : [1] com.google.android.finsky.scheduler.k.a(69): ConstraintMapping: 26-1414141414,  -> L: 25552949ms, D: 26452949ms, C: false, I: false, N: 0
12-30 19:42:19.645  3759  4357 I SamsungAlarmManager: setLocked to kernel - T:3 / 20181230T194223, SetElapsed=239393951, nowELAPSED=239390389
12-30 19:42:19.646  3759  4357 V SamsungAlarmManager: Sending to uid : 1000 action=com.android.server.action.UPDATE_TWILIGHT_STATE alarm=Alarm{1cc9b9c type 1 when 600000 android}
12-30 19:42:19.658  3759  3759 D SamsungAlarmManager: setInexact Listener (T:2/F:0/AC:false) 20181230T195225 - CU:1000/CP:3759
12-30 19:42:19.660 22313 22313 I Finsky  : [1] com.google.android.finsky.scheduler.JobSchedulerEngine.a(109): Cancelling existing job with id: 9002
12-30 19:42:19.665  3759  4474 D ConnectivityService: filterNetworkStateForUid() uid: 10014 networkInfo: [type: WIFI[] - WIFI, state: CONNECTED/CONNECTED, reason: (unspecified), extra: "wilkinson2.4", failover: false, available: true, roaming: false, metered: false]
12-30 19:42:19.672  3759  6076 D SamsungAlarmManager: setInexact Listener (T:2/F:0/AC:false) 20181230T194518 - CU:1000/CP:3759
12-30 19:42:19.681  3759  6076 D SamsungAlarmManager: setInexact Listener (T:2/F:0/AC:false) 20181230T195225 - CU:1000/CP:3759
12-30 19:42:19.683 22313 22313 I Finsky  : [1] com.google.android.finsky.scheduler.JobSchedulerEngine.a(48): Scheduling job Id: 9000, L: 5341357, D: 48541357, C: false, I: false, N: 1
12-30 19:42:19.685  3759  3759 D SamsungAlarmManager: Cancel Alarm calling from uid:1000 pid :3759 / op:PendingIntent{22ff9a5: PendingIntentRecord{92446ee android broadcastIntent}}
12-30 19:42:19.686  3759 17328 D ConnectivityService: filterNetworkStateForUid() uid: 10029 networkInfo: [type: WIFI[] - WIFI, state: CONNECTED/CONNECTED, reason: (unspecified), extra: "wilkinson2.4", failover: false, available: true, roaming: false, metered: false]
12-30 19:42:19.688  3759  3759 D SamsungAlarmManager: setExact Intent (T:1/F:9/AC:false) 19691231T191000 - CU:1000/CP:3759
12-30 19:42:19.689  3759  3759 I SamsungAlarmManager: setLocked to kernel - T:3 / 20181230T194220, SetElapsed=239391431, nowELAPSED=239390434
12-30 19:42:19.689 22313 22313 I Finsky  : [1] com.google.android.finsky.scheduler.JobSchedulerEngine.a(48): Scheduling job Id: 9003, L: 25552949, D: 26452949, C: false, I: false, N: 0
12-30 19:42:19.694  3759  4488 D ConnectivityService: filterNetworkStateForUid() uid: 10014 networkInfo: [type: WIFI[] - WIFI, state: CONNECTED/CONNECTED, reason: (unspecified), extra: "wilkinson2.4", failover: false, available: true, roaming: false, metered: false]
12-30 19:42:19.752  3759  4395 D InputReader: Input event(7): value=0 when=78091489353000
12-30 19:42:19.756  3759  4394 I InputDispatcher: Delivering key to (27216): action: 0x1 (0)
12-30 19:42:19.757 27216 27239 V threaded_app: New input event: type=1
12-30 19:42:19.757 27216 27239 V threaded_app: New input event: type=1
12-30 19:42:19.758 27216 27239 D UE4     : Received keycode: 4, softkey: 0
12-30 19:42:19.758 27216 27239 D UE4     : Received key event: 4
12-30 19:42:19.779  3759  6076 D SamsungAlarmManager: setInexact Intent (T:3/F:0/AC:false) 20181230T194319 - CU:10014/CP:17758
12-30 19:42:19.800  3759  4395 D InputReader: Input event(7): value=1 when=78091537607000
12-30 19:42:19.809  3759  4395 D SamsungPhoneWindowManager: f.b. a = false hd = false eme = false ksno = false id = -1
12-30 19:42:19.809  3759  4395 V Vibrator: Called semVibrate(int, int, AudioAttributes, Mag) API - PUID: 1000, PackageName: android, token: android.os.Binder@9c5425b, type: 50026, repeat: -1, AudioAttr : null, Mag: TYPE_TOUCH
12-30 19:42:19.809  3759  4395 V VibratorService: vibratePatternMagnitude - package: android, repeat: -1, token: android.os.Binder@9c5425b, mag: 6500, def: 10000
12-30 19:42:19.809  3759  4395 D VibratorService: Turning vibrator off
12-30 19:42:19.812  3759 27393 D VibratorService: vibratorOn() : 7ms, magnitude :6500, f : -1
12-30 19:42:19.813  3759  4394 I InputDispatcher: Delivering key to (27216): action: 0x0 (0)
12-30 19:42:19.813 27216 27239 V threaded_app: New input event: type=1
12-30 19:42:19.816 16417 16417 W SemDesktopModeManager: isDesktopMode: Desktop Mode feature not available
12-30 19:42:19.817 27216 27239 V threaded_app: New input event: type=1
12-30 19:42:19.817 27216 27239 D UE4     : Received keycode: 4, softkey: 0
12-30 19:42:19.817 27216 27239 D UE4     : Received key event: 4
12-30 19:42:19.906 22313 22334 I Finsky  : [1832] com.google.android.finsky.bn.an.run(6): Stats for Executor: Db-frosting.db com.google.android.finsky.bn.ao@87d1669[Running, pool size = 1, active threads = 0, queued tasks = 0, completed tasks = 3]
12-30 19:42:20.019  3759  4395 D InputReader: Input event(7): value=0 when=78091756203000
12-30 19:42:20.021  3759  4394 I InputDispatcher: Delivering key to (27216): action: 0x1 (0)
12-30 19:42:20.022 27216 27239 V threaded_app: New input event: type=1
12-30 19:42:20.022 27216 27239 V threaded_app: New input event: type=1
12-30 19:42:20.022 27216 27239 D UE4     : Received keycode: 4, softkey: 0
12-30 19:42:20.022 27216 27239 D UE4     : Received key event: 4
12-30 19:42:20.064 22313 22334 I Finsky  : [1832] com.google.android.finsky.bn.an.run(6): Stats for Executor: Db-scheduler_logging_store.db com.google.android.finsky.bn.ao@84cb8ee[Running, pool size = 1, active threads = 0, queued tasks = 0, completed tasks = 4]
12-30 19:42:20.686  3759  4357 D SamsungAlarmManager: Expired : 8
12-30 19:42:20.687  3759  4357 I SamsungAlarmManager: setLocked to kernel - T:3 / 20181230T194223, SetElapsed=239393951, nowELAPSED=239391432
12-30 19:42:20.687  3759  4357 V SamsungAlarmManager: Sending to uid : 1000 action=com.android.server.action.UPDATE_TWILIGHT_STATE alarm=Alarm{3d5d588 type 1 when 600000 android}
12-30 19:42:20.692  3759  3759 I ActivityManager: Killing 25952:com.samsung.android.samsungpass/u0a266 (adj 906): DHA:empty #31
12-30 19:42:20.694  3759  3759 D SamsungAlarmManager: Cancel Alarm calling from uid:1000 pid :3759 / op:PendingIntent{84b8b21: PendingIntentRecord{92446ee android broadcastIntent}}
12-30 19:42:20.705  3759  3759 D SamsungAlarmManager: setExact Intent (T:1/F:9/AC:false) 19691231T191000 - CU:1000/CP:3759
12-30 19:42:20.705  3759  3759 I SamsungAlarmManager: setLocked to kernel - T:3 / 20181230T194221, SetElapsed=239392439, nowELAPSED=239391450
12-30 19:42:20.724  3759  6073 D ActivityManager: cleanUpApplicationRecord -- 25952
12-30 19:42:20.727  5974 11057 D ForegroundUtils: could not check pending caller
12-30 19:42:20.815  3759  4545 D WifiWatchdogStateMachine:  [|216] []
12-30 19:42:21.263  3759  4395 D InputReader: Input event(3): value=1 when=78093000850000
12-30 19:42:21.263  3759  4395 D InputReader: Input event(3): value=1 when=78093000850000
12-30 19:42:21.263  3759  4395 I InputReader: Touch event's action is 0x0 (deviceType=0) [pCnt=1, s=0.7724 ] when=78093000850000
12-30 19:42:21.264  3759  4394 I InputDispatcher: Delivering touch to (27216): action: 0x0, toolType: 1
12-30 19:42:21.265 27216 27239 V threaded_app: New input event: type=2
12-30 19:42:21.266 27216 27216 D ViewRootImpl@eb23581[GameActivity]: ViewPostImeInputStage processPointer 0
12-30 19:42:21.289 27216 27239 V threaded_app: New input event: type=2
12-30 19:42:21.304 27216 27239 V threaded_app: New input event: type=2
12-30 19:42:21.321 27216 27239 V threaded_app: New input event: type=2
12-30 19:42:21.337 27216 27239 V threaded_app: New input event: type=2
12-30 19:42:21.353 27216 27239 V threaded_app: New input event: type=2
12-30 19:42:21.371 27216 27239 V threaded_app: New input event: type=2
12-30 19:42:21.371  3759  4395 D InputReader: Input event(3): value=0 when=78093109030000
12-30 19:42:21.371  3759  4395 D InputReader: Input event(3): value=0 when=78093109030000
12-30 19:42:21.371  3759  4395 I InputReader: Touch event's action is 0x1 (deviceType=0) [pCnt=1, s=] when=78093109030000
12-30 19:42:21.372  3759  4394 I InputDispatcher: Delivering touch to (27216): action: 0x1, toolType: 1
12-30 19:42:21.373 27216 27239 V threaded_app: New input event: type=2
12-30 19:42:21.373 27216 27216 D ViewRootImpl@eb23581[GameActivity]: ViewPostImeInputStage processPointer 1
12-30 19:42:21.695  3759  4357 D SamsungAlarmManager: Expired : 8
12-30 19:42:21.696  3759  4357 I SamsungAlarmManager: setLocked to kernel - T:3 / 20181230T194223, SetElapsed=239393951, nowELAPSED=239392440
12-30 19:42:21.696  3759  4357 V SamsungAlarmManager: Sending to uid : 1000 action=com.android.server.action.UPDATE_TWILIGHT_STATE alarm=Alarm{9147b46 type 1 when 600000 android}
12-30 19:42:21.703  3759  3759 D SamsungAlarmManager: Cancel Alarm calling from uid:1000 pid :3759 / op:PendingIntent{96c0107: PendingIntentRecord{92446ee android broadcastIntent}}
12-30 19:42:21.710  3759  3759 D SamsungAlarmManager: setExact Intent (T:1/F:9/AC:false) 19691231T191000 - CU:1000/CP:3759
12-30 19:42:21.711  3759  3759 I SamsungAlarmManager: setLocked to kernel - T:3 / 20181230T194222, SetElapsed=239393451, nowELAPSED=239392456
12-30 19:42:22.203  3759  4395 D InputReader: Input event(3): value=1 when=78093940705000
12-30 19:42:22.203  3759  4395 D InputReader: Input event(3): value=1 when=78093940705000
12-30 19:42:22.203  3759  4395 I InputReader: Touch event's action is 0x0 (deviceType=0) [pCnt=1, s=0.7725 ] when=78093940705000
12-30 19:42:22.204  3759  4394 I InputDispatcher: Delivering touch to (27216): action: 0x0, toolType: 1
12-30 19:42:22.204 27216 27239 V threaded_app: New input event: type=2
12-30 19:42:22.206 27216 27216 D ViewRootImpl@eb23581[GameActivity]: ViewPostImeInputStage processPointer 0
12-30 19:42:22.222 27216 27239 V threaded_app: New input event: type=2
12-30 19:42:22.238 27216 27239 V threaded_app: New input event: type=2
12-30 19:42:22.256 27216 27239 V threaded_app: New input event: type=2
12-30 19:42:22.272 27216 27239 V threaded_app: New input event: type=2
12-30 19:42:22.288 27216 27239 V threaded_app: New input event: type=2
12-30 19:42:22.305 27216 27239 V threaded_app: New input event: type=2
12-30 19:42:22.322  3759  4395 D InputReader: Input event(3): value=0 when=78094059583000
12-30 19:42:22.322  3759  4395 D InputReader: Input event(3): value=0 when=78094059583000
12-30 19:42:22.322  3759  4395 I InputReader: Touch event's action is 0x1 (deviceType=0) [pCnt=1, s=] when=78094059583000
12-30 19:42:22.322  3759  4394 I InputDispatcher: Delivering touch to (27216): action: 0x1, toolType: 1
12-30 19:42:22.323 27216 27239 V threaded_app: New input event: type=2
12-30 19:42:22.324 27216 27239 V threaded_app: New input event: type=2
12-30 19:42:22.325 27216 27216 D ViewRootImpl@eb23581[GameActivity]: ViewPostImeInputStage processPointer 1
12-30 19:42:22.337 27216 27237 D UE4     : [2018.12.31-00.42.22:337][524]Closing by request
12-30 19:42:22.338 27216 27237 D UE4     : [2018.12.31-00.42.22:337][524]LogWindows: FAndroidMisc::RequestExit(0)
12-30 19:42:22.348 27216 27237 D UE4     : [2018.12.31-00.42.22:348][525]LogAndroid: Exiting
12-30 19:42:22.366 27216 27336 D UE4     : *** JavaEnvDestructor: 27336
12-30 19:42:22.367 27216 27237 D UE4     : [2018.12.31-00.42.22:367][525]LogAndroidAudio: Warning: OpenSLES Tearing Down HW
12-30 19:42:22.385 27216 27237 D UE4     : [2018.12.31-00.42.22:385][525]LogSlate: Request Window 'StackerGame (32-bit Development GLSL_ES2) ' being destroyed
12-30 19:42:22.389 27216 27359 D UE4     : *** JavaEnvDestructor: 27359
12-30 19:42:22.390 27216 27358 D UE4     : AndroidEGL::ResetDisplay()
12-30 19:42:22.391 27216 27358 D UE4     : *** JavaEnvDestructor: 27358
12-30 19:42:22.396 27216 27237 D UE4     : [2018.12.31-00.42.22:395][525]LogSlate: Window 'StackerGame (32-bit Development GLSL_ES2) ' being destroyed
12-30 19:42:22.400 27216 27237 D UE4     : [2018.12.31-00.42.22:400][525]LogSlate: Slate User Destroyed.  User Index 0, Is Virtual User: 0
12-30 19:42:22.401 27216 27400 D UE4     : *** JavaEnvDestructor: 27400
12-30 19:42:22.402 27216 27399 D UE4     : AndroidEGL::ResetDisplay()
12-30 19:42:22.402 27216 27399 D UE4     : *** JavaEnvDestructor: 27399
12-30 19:42:22.412 27216 27237 D UE4     : AndroidEGL::ResetDisplay()
12-30 19:42:22.440 27216 27237 D UE4     : AndroidEGL::DestroySurface()
12-30 19:42:22.444 27216 27237 D UE4     : [2018.12.31-00.42.22:444][525]LogMoviePlayer: Shutting down movie player
12-30 19:42:22.445 27216 27268 D UE4     : *** JavaEnvDestructor: 27268
12-30 19:42:22.446 27216 27256 D UE4     : *** JavaEnvDestructor: 27256
12-30 19:42:22.446 27216 27257 D UE4     : *** JavaEnvDestructor: 27257
12-30 19:42:22.446 27216 27260 D UE4     : *** JavaEnvDestructor: 27260
12-30 19:42:22.446 27216 27264 D UE4     : *** JavaEnvDestructor: 27264
12-30 19:42:22.446 27216 27259 D UE4     : *** JavaEnvDestructor: 27259
12-30 19:42:22.446 27216 27258 D UE4     : *** JavaEnvDestructor: 27258
12-30 19:42:22.446 27216 27262 D UE4     : *** JavaEnvDestructor: 27262
12-30 19:42:22.446 27216 27263 D UE4     : *** JavaEnvDestructor: 27263
12-30 19:42:22.446 27216 27266 D UE4     : *** JavaEnvDestructor: 27266
12-30 19:42:22.446 27216 27261 D UE4     : *** JavaEnvDestructor: 27261
12-30 19:42:22.447 27216 27265 D UE4     : *** JavaEnvDestructor: 27265
12-30 19:42:22.447 27216 27267 D UE4     : *** JavaEnvDestructor: 27267
12-30 19:42:22.450 27216 27237 D UE4     : [2018.12.31-00.42.22:450][525]LogAndroid: Exiting is over
12-30 19:42:22.450 27216 27237 D UE4     : [2018.12.31-00.42.22:450][525]LogWindows: FAndroidMisc::RequestExit(1)
12-30 19:42:22.451 27216 27237 I art     : System.exit called, status: 0
12-30 19:42:22.451 27216 27237 I AndroidRuntime: VM exiting with result code 0, cleanup skipped.
12-30 19:42:22.488  3759  4465 D WifiStateMachine: Current network is: "wilkinson2.4" , ID is: 30
12-30 19:42:22.488  3759  4465 I WifiStateMachine: IMS calling, current network is always qualified
12-30 19:42:22.597  3759  6076 I WindowManager: WIN DEATH: Window{3e0ca02d0 u0 com.GeekTechnique.InfinityStack/com.epicgames.ue4.GameActivity}
12-30 19:42:22.598  3759  6076 D WindowManager: disposeInputChannel mInputChannel: 3e0ca02 com.GeekTechnique.InfinityStack/com.epicgames.ue4.GameActivity (server)
12-30 19:42:22.598  3759 17328 D GraphicsStats: Buffer count: 7
12-30 19:42:22.598  3759  6071 D InputTransport: Input channel destroyed: fd=551
12-30 19:42:22.601  3759  3771 I ActivityManager: Process com.GeekTechnique.InfinityStack (pid 27216) has died(184,1299)
12-30 19:42:22.601  3759  3771 D ActivityManager: cleanUpApplicationRecord -- 27216
12-30 19:42:22.602 16417 16417 D InputTransport: Input channel destroyed: fd=70
12-30 19:42:22.607  3759  3771 W ActivityManager: Force removing ActivityRecord{70bf5c6d0 u0 com.GeekTechnique.InfinityStack/com.epicgames.ue4.GameActivity t2463}: app died, no saved state
12-30 19:42:22.607  5974  6000 D ForegroundUtils: could not check pending caller
12-30 19:42:22.607  3759  3771 W MultiScreenManagerService: moveTaskBackToDisplayIfNeeded(): root is not base activity
12-30 19:42:22.608  3759  3771 D GameManagerService: sem_perfomance_mode: 0
12-30 19:42:22.608  3759 10295 I Sensors : Mag old sensor_state 19, new sensor_state : 3 en : 0
12-30 19:42:22.612  3759  6076 D InputDispatcher: Focus left window: 27216
12-30 19:42:22.612  3759  6076 D InputTransport: Input channel destroyed: fd=558
12-30 19:42:22.614  3759  6076 D InputTransport: Input channel constructed: fd=551
12-30 19:42:22.614  3759  6076 D InputTransport: Input channel constructed: fd=553
12-30 19:42:22.616  3759  6076 D WindowManager: openInputChannel mInputChannel: 3e0ca02 com.GeekTechnique.InfinityStack/com.epicgames.ue4.GameActivity (server)
12-30 19:42:22.617  3759  6076 D InputDispatcher: Focus entered window: 27216
12-30 19:42:22.618  3759  3772 I WindowManager: WIN DEATH: Window{c467349d0 u0 SurfaceView - com.GeekTechnique.InfinityStack/com.epicgames.ue4.GameActivity}
12-30 19:42:22.620  3759 10295 I Sensors : Gyro old sensor_state 3, new sensor_state : 1 en : 0
12-30 19:42:22.627  3759 30978 D ConnectivityService: filterNetworkStateForUid() uid: 10029 networkInfo: [type: WIFI[] - WIFI, state: CONNECTED/CONNECTED, reason: (unspecified), extra: "wilkinson2.4", failover: false, available: true, roaming: false, metered: false]
12-30 19:42:22.630  3759 16755 D ConnectivityService: filterNetworkStateForUid() uid: 10029 networkInfo: [type: WIFI[] - WIFI, state: CONNECTED/CONNECTED, reason: (unspecified), extra: "wilkinson2.4", failover: false, available: true, roaming: false, metered: false]
12-30 19:42:22.631  3759  3772 I WindowManager_SurfaceController: Destroying surface Surface(name=SurfaceView - com.GeekTechnique.InfinityStack/com.epicgames.ue4.GameActivity) called by com.android.server.wm.WindowStateAnimator.destroySurface:2907 com.android.server.wm.WindowStateAnimator.destroySurfaceLocked:1120 com.android.server.wm.WindowState.removeLocked:1864 com.android.server.wm.WindowManagerService.removeWindowInnerLocked:2934 com.android.server.wm.WindowManagerService.removeWindowLocked:2879 com.android.server.wm.WindowState$DeathRecipient.binderDied:2304 android.os.BinderProxy.sendDeathNotice:701 <bottom of call stack> 
12-30 19:42:22.632  3216  5364 I SurfaceFlinger: id=3558 Removed HameActivit (4/8)
12-30 19:42:22.634  3216  3280 I SurfaceFlinger: id=3559 Removed HameActivit (3/7)
12-30 19:42:22.634  3216  3280 I SurfaceFlinger: id=3558 Removed HameActivit (-2/7)
12-30 19:42:22.635  3216  5364 I SurfaceFlinger: id=3559 Removed HameActivit (-2/7)
12-30 19:42:22.650  3759  3771 D InputDispatcher: Focus left window: 27216
12-30 19:42:22.651  3759  3771 D WindowManager: disposeInputChannel mInputChannel: 3e0ca02 com.GeekTechnique.InfinityStack/com.epicgames.ue4.GameActivity (server)
12-30 19:42:22.651  3759  3771 D InputTransport: Input channel destroyed: fd=553
12-30 19:42:22.652  3759  3771 I WindowManager_SurfaceController: Destroying surface Surface(name=com.GeekTechnique.InfinityStack/com.epicgames.ue4.GameActivity) called by com.android.server.wm.WindowStateAnimator.destroySurface:2907 com.android.server.wm.WindowStateAnimator.destroySurfaceLocked:1120 com.android.server.wm.WindowState.removeLocked:1864 com.android.server.wm.WindowManagerService.removeWindowInnerLocked:2934 com.android.server.wm.WindowManagerService.removeWindowLocked:2879 com.android.server.wm.WindowManagerService.removeWindowLocked:2689 com.android.server.wm.AppWindowToken.removeAllWindows:607 com.android.server.wm.AppWindowToken.removeAppFromTaskLocked:369 
12-30 19:42:22.652  3216  3280 I SurfaceFlinger: id=3557 Removed HameActivit (3/6)
12-30 19:42:22.655  3216  4399 I SurfaceFlinger: id=3557 Removed HameActivit (-2/6)
12-30 19:42:22.656  3759  3771 D InputTransport: Input channel destroyed: fd=551
12-30 19:42:22.658  3759  3771 D InputDispatcher: Focused application released
12-30 19:42:22.661  3759  3771 D ActivityManager: resumeTopActivityInnerLocked() : #1 prevTask=null next=ActivityRecord{bd7a856d0 u0 com.okcupid.okcupid/.ui.base.SubPageActivity t2462} mFocusedStack=ActivityStack{ef4282dd0 stackId=1, 4 tasks}
12-30 19:42:22.663  3759  3771 D CustomFrequencyManagerService: acquireDVFSLockLocked : type : DVFS_MIN_LIMIT  frequency : 1300000  uid : 1000  pid : 3759  pkgName : AMS_ACT_RESUME@CPU_MIN@59
12-30 19:42:22.664  3759  3771 D ActivityManagerPerformance: AMP_acquire() ACT_RESUME
