01-07 15:43:04.214  3757  4482 D AudioService: getStreamVolume 3 index 80
01-07 15:43:04.217  3757  2859 D AudioService: getStreamVolume 3 index 80
01-07 15:43:04.417  3757 29841 D AudioService: getStreamVolume 3 index 80
01-07 15:43:04.418  3757 29840 D AudioService: getStreamVolume 3 index 80
01-07 15:43:04.478  3757  4398 D InputReader: Input event(5): value=1 when=20206710206000
01-07 15:43:04.479  3757  4398 D InputReader: !@notifyKey(172), action=0
01-07 15:43:04.479  3757  4398 D InputManager-JNI: !@interceptKeyBeforeQueueing(172), action=0, interactive=false
01-07 15:43:04.481  3757  4398 D SamsungPhoneWindowManager: mWakeUpBooster.acquire()
01-07 15:43:04.483  3757  4398 D PowerManagerService: [api] [s] wakeUpWithReason (uid: 1000 pid: 3757) eventTime = 20206710 event = 1
01-07 15:43:04.483  3757  4398 I PowerManagerService: !@[ps] Screen__On  - 86 :  wakeUpWithReason: 1 (uid: 1000 pid: 3757) (1)
01-07 15:43:04.483  3757  4398 I PowerManagerService: Waking up from sleep (uid 1000)...
01-07 15:43:04.483  3757  4398 D InputManager-JNI: setInteractive(true)
01-07 15:43:04.483  3757  4398 D InputReader: Device ID 3: Releasing active all slots palm because the phone became interactive
01-07 15:43:04.483  3757  4550 D NetworkPolicy: onScreenStateChanged, state: true, reason: 1
01-07 15:43:04.484  3757  4398 D PowerManagerService: [PWL] sb acquire: PowerManagerService.Broadcasts
01-07 15:43:04.484  3757  4550 V KeyguardServiceDelegate: onStartedWakingUp() reason:1
01-07 15:43:04.484  3757  4550 D PowerManagerNotifier: handleEarlyInteractiveChange reason = 1
01-07 15:43:04.485  4616  5096 D KeyguardViewMediator: onStartedWakingUpWithReason, seq = 87 why = 1
01-07 15:43:04.485  3757  4398 D PowerManagerService: [s] getScreenOffTimeoutLocked: 600000 -> 3000
01-07 15:43:04.485  4616  5096 D KeyguardViewMediator: notifyStartedWakingUp
01-07 15:43:04.485  3757  4398 D PowerManagerService: [s] UserActivityState : 0 -> 1
01-07 15:43:04.485  3757  4398 D PowerManagerService: mDisplayReady: false
01-07 15:43:04.485  3757  3795 D DisplayPowerController: animateScreenStateChange[0]: target=2
01-07 15:43:04.485  3757  4398 D PowerManagerService: [PWL] sb acquire: PowerManagerService.Display
01-07 15:43:04.486  3757  3795 D DisplayPowerController: [M OS] 0 REPORTED_TO_POLICY_SCREEN_OFF -> REPORTED_TO_POLICY_SCREEN_TURNING_ON.
01-07 15:43:04.486  3757  3795 I DisplayPowerController: Blocking screen on until initial contents have been drawn.
01-07 15:43:04.486  3757  4398 D InputManager-JNI: !@handleInterceptActions(172), action=0, wmActions=0
01-07 15:43:04.486  3757  4398 D InputManager-JNI: Disable repeat for home key when device wake up
01-07 15:43:04.486  4616  4616 D KeyguardViewMediator: handleNotifyWakingUp
01-07 15:43:04.488  3757  3795 V KeyguardServiceDelegate: onScreenTurnedOn(showListener = com.android.server.policy.PhoneWindowManager$2@f7e3f8c)
01-07 15:43:04.488  3757  3795 D DisplayPowerController: mWindowManagerPolicy.screenTurningOn(mPendingScreenOnUnblocker, 0)
01-07 15:43:04.488  3757  3795 D DisplayPowerController: animateScreenStateChange[0]: return as screen on blocked
01-07 15:43:04.489  4616  4642 D KeyguardViewMediator: notifyScreenOn
01-07 15:43:04.489  3757  3795 D DisplayPowerController: [Dual Screen Compatible] state[0] :2
01-07 15:43:04.489  3757  3795 D AutomaticBrightnessController: [DAB] no lux value from sensor manager
01-07 15:43:04.489  3757  3795 D DisplayPowerController: getFinalBrightness : Summary is 175 -> 175
01-07 15:43:04.489  3757  4552 D AutomaticBrightnessController: [DAB] setLightSensorEnabled : registerListenerRunnable
01-07 15:43:04.489  3757  3795 D DisplayPowerController: Animating brightness: target=175, rate=0 (PSM:true, AB limit:(-1 ~ -1) MB Limit:(-1 ~ -1))
01-07 15:43:04.490  3757  3757 V SamsungAlarmManager: Sending to uid : 10059 action=null alarm=Alarm{e9ad9b3 type 3 when 94376065 com.asurion.android.verizon.vms}
01-07 15:43:04.490  3757  3795 D DisplayPowerController: animateScreenStateChange[0]: target=2
01-07 15:43:04.490  3757  3795 D DisplayPowerController: animateScreenStateChange[0]: return as screen on blocked
01-07 15:43:04.490  3757  3795 D DisplayPowerController: [Dual Screen Compatible] state[0] :2
01-07 15:43:04.490  3757  4552 W CAE     : setCAProperty(ContextAwareService.java:589) - [setProperty 01] Mutex is locked for AUTO_BRIGHTNESS
01-07 15:43:04.490  3757  3795 D DisplayPowerController: getFinalBrightness : Summary is 175 -> 175
01-07 15:43:04.491  3757  3795 D DisplayPowerController: Animating brightness: target=175, rate=2000 (PSM:true, AB limit:(-1 ~ -1) MB Limit:(-1 ~ -1))
01-07 15:43:04.491  3757  3800 I libsuspend: !@autosuspend_wakeup_count_disable
01-07 15:43:04.491  3757  3800 I libsuspend: !@autosuspend_wakeup_count_disable done
01-07 15:43:04.491  3757  3800 D DisplayManagerService: !@display_state: OFF -> ON brightness: 0 -> 0
01-07 15:43:04.491  3757  4552 I CAE     : setPropertyValue(AutoBrightnessRunner.java:126) - Mode = 0
01-07 15:43:04.492  3757  3793 I DisplayManagerService: Display device changed state: "Built-in Screen", ON
01-07 15:43:04.492  3757  4552 I CAE     : sendCmdToSensorHub(SensorHubCommManager.java:162) - -63, 23, 48, 1, 0,
01-07 15:43:04.492  3215  3215 D SurfaceFlinger: Set power mode=2, type=0 flinger=0x7effa88e80
01-07 15:43:04.492  3757  4552 D SensorHubManager: SendSensorHubData: send data = -63, 23, 48, 1, 0
01-07 15:43:04.492  3215  3215 I hwcomposer: int exynos_setPowerMode(struct hwc_composer_device_1 *, int, int):: disp(0), mode(2)
01-07 15:43:04.495  4616  4616 D KeyguardFingerPrint: shouldListenForFingerprint ( isFingerprintEnabled = true , mKeyguardIsVisible = true , mDeviceInteractive = true , mBouncer = false , mGoingToSleep = false , mSwitchingUser = false , mFingerprintAlreadyAuthenticated = false , mKeyguardUnlocking = false
01-07 15:43:04.495  3227  3227 D Sensorhubs: sendContextData: -63, 23, 48, 1, 0
01-07 15:43:04.500  3757  3757 D CompatibilityInfo: mCompatibilityFlags - 0
01-07 15:43:04.500  3757  3757 D CompatibilityInfo: applicationDensity - 420
01-07 15:43:04.503  3757  3757 D CompatibilityInfo: applicationScale - 1.0
01-07 15:43:04.505  3757  4552 I CAE     : setCAProperty(ContextAwareService.java:594) - result : true
01-07 15:43:04.506  3757  4552 W CAE     : setCAProperty(ContextAwareService.java:595) - [setProperty 02] Mutex is unlocked for AUTO_BRIGHTNESS
01-07 15:43:04.507  4616  4616 V KeyguardFingerPrint: startListeningForFingerprint()
01-07 15:43:04.511  3757  4552 W CAE     : registerCallback(ContextAwareService.java:155) - [regi 01] Mutex is locked for AUTO_BRIGHTNESS
01-07 15:43:04.511  3757 32084 D FingerprintService: getEnrolledFingerprints : userId = 0
01-07 15:43:04.513  3757  3771 I FingerprintService: cancelAuthentication : token=android.os.BinderProxy@19b0ee9 from pid=4616, from uid=10055
01-07 15:43:04.516  3757  3757 V SamsungAlarmManager: Sending to uid : 1000 action=android.intent.action.TIME_TICK alarm=Alarm{ec6876e type 3 when 94403139 android}
01-07 15:43:04.519  3757  4552 V CAE     : start(ContextProvider.java:128)
01-07 15:43:04.522  3757  4552 V CAE     : clear(AutoBrightnessRunner.java:267)
01-07 15:43:04.522  3757  4552 V CAE     : enable(AutoBrightnessRunner.java:243)
01-07 15:43:04.523  3757  4552 I CAE     : sendCmdToSensorHub(SensorHubCommManager.java:162) - -79, 48, 0,
01-07 15:43:04.523  3757  4552 D SensorHubManager: SendSensorHubData: send data = -79, 48, 0
01-07 15:43:04.526 13131 13155 D UE4     : [2019.01.07-20.43.04:526][  0]LogStreaming: Display: Flushing async loaders.
01-07 15:43:04.530  3757  3757 D GameManagerService: onDisplayChanged. displyId: 0
01-07 15:43:04.530  3757  3757 D GameManagerService: dpi: 420, longPixel: 1920, shortPixel: 1080
01-07 15:43:04.530  3757 29841 I FingerprintService: authenticate: groudId=0 from pid=4616
01-07 15:43:04.533  3757  3757 D SamsungAlarmManager: setExact Intent (T:3/F:1/AC:false) 20190107T154400 - CU:1000/CP:3757
01-07 15:43:04.538  3227 28468 D Sensorhubs: sendContextData: -79, 48, 0
01-07 15:43:04.541  4616  4616 D LockIcon: state = 0, mLastState = 0, mDeviceInteractive = true, mLastDeviceInteractive = true, mScreenOn = false, mLastScreenOn = false,  force = false
01-07 15:43:04.545  4616  4616 D KeyguardViewMediator: handleNotifyScreenTurningOn
01-07 15:43:04.545  4616 13223 I KeyguardViewMediator: notifyScreenOnOffToNotes(com.samsung.android.snote.SCREEN_ON)
01-07 15:43:04.546  3757  4552 D CAE     : getFaultDetectionResult(AutoBrightnessRunner.java:281) - true
01-07 15:43:04.547  3757  4552 I CAE     : notifyCmdProcessResultObserver(ContextProvider.java:627) - CheckResult = 0, Cause = Success
01-07 15:43:04.547  3757 10512 I Sensors : Proximity old sensor_state 1, new sensor_state : 129 en : 1
01-07 15:43:04.552  3757  4440 D SamsungAlarmManager: setExact Intent (T:3/F:5/AC:false) 20190107T154309 - CU:10059/CP:6745
01-07 15:43:04.552  3757  4440 I SamsungAlarmManager: setLocked to kernel - T:3 / 20190107T154309, SetElapsed=94412684, nowELAPSED=94407691
01-07 15:43:04.558  3757  4552 D CAE     : doCommendProcess(ContextAwareService.java:444) - complete notify the operation result.
01-07 15:43:04.562  4616  4616 D SensorManager: registerListener :: 5, TMD4903 Proximity Sensor, 20000, 0,  
01-07 15:43:04.562  4616  4616 D KeyguardServiceBoxContainer: refreshTime()
01-07 15:43:04.562  4616  4616 I KeyguardClockPage: refreshTime(): DefaultSingle2016 hometime:America/New_York locale:en_US hasBG?false, Roaming:false
01-07 15:43:04.563  3215  5562 I Layer   : [com.GeekTechnique.InfinityStack/com.epicgames.ue4.GameActivity] addSyncPoint start
01-07 15:43:04.564  3215  5562 I Layer   : [com.GeekTechnique.InfinityStack/com.epicgames.ue4.GameActivity] addSyncPoint end
01-07 15:43:04.564  3215  5562 I Layer   : [com.GeekTechnique.InfinityStack/com.epicgames.ue4.GameActivity] addSyncPoint start
01-07 15:43:04.564  3215  5562 I Layer   : [com.GeekTechnique.InfinityStack/com.epicgames.ue4.GameActivity] addSyncPoint end
01-07 15:43:04.564  3268  3268 D bauth_service: BAuthService, 371
01-07 15:43:04.565  3268  3268 D bauth_FPBAuthService: thread id : 3, preenroll_flag : 0, nd cnt : 0
01-07 15:43:04.565  3268  3268 D bauth_service: BAuthService, 390
01-07 15:43:04.565  3757  3757 D FingerprintService: ClientMonitor: 10000000000000000000000000010111
01-07 15:43:04.565  3757  4552 I CAE     : displayUsedCountForService(ContextAwareService.java:536) - totalCnt = 1, serviceCount = 1, subCollectionCount = 0
01-07 15:43:04.566  3268  3268 V fingerprintd: authenticate(sid=0, gid=0)
01-07 15:43:04.566  3268  3268 D bauth_service: BAuthService, 324
01-07 15:43:04.566  3268  3268 D bauth_service: BAuthService, 54
01-07 15:43:04.566  3757  4552 D CAE     : showListenerList(ContextAwareService.java:377) - ===== Context Aware Service List =====
01-07 15:43:04.567  3757  4552 I CAE     : showListenerList(ContextAwareService.java:386) - Listener : com.samsung.android.contextaware.manager.ContextAwareService$Listener@ede0346, Service : ACTIVITY_TRACKER_CURRENT_INFO(1)
01-07 15:43:04.567 30850 30850 D InstantMemo_Service: mScreenReceiver
01-07 15:43:04.567  3268 13224 D bauth_FPBAuthService: FPBAuthService, 649
01-07 15:43:04.567  3757  4552 I CAE     : showListenerList(ContextAwareService.java:386) - Listener : com.samsung.android.contextaware.manager.ContextAwareService$Listener@a1e54e0, Service : PEDOMETER(1)
01-07 15:43:04.567 30850 30850 D InstantMemo_Service: onReceive mScreenStatuscom.samsung.android.snote.SCREEN_ON
01-07 15:43:04.567  3268 13224 D bauth_FPBAuthSensorControl: FPBAuthSensorControl, 304
01-07 15:43:04.567  3268 13224 D bauth_FPBAuthService: FPBAuthService, 666
01-07 15:43:04.567  3268 13224 D bauth_FPBAuthService: FPBAuthService, 3123
01-07 15:43:04.567 30850 30850 D InstantMemo_Service: mPISCloseReceiver close()
01-07 15:43:04.568  3268 13224 I TLC_BAUTH: Call FUNC ID 0x3 , 1;477
01-07 15:43:04.568  3268 13224 I TLC_BAUTH: input memory already allocated;579
01-07 15:43:04.568  3268 13224 I TLC_BAUTH: output memory already allocated;606
01-07 15:43:04.568  3268 13224 I TLC_BAUTH: Call FP cmd 0x11;327
01-07 15:43:04.568 30850 30850 D InstantMemo_Service: preInitService Close
01-07 15:43:04.568  3268 13224 I tlc_communication: Send Trustlet TCI Message;214
01-07 15:43:04.568  3757  4552 I CAE     : showListenerList(ContextAwareService.java:386) - Listener : com.samsung.android.contextaware.manager.ContextAwareService$Listener@a1e54e0, Service : PEDOMETER_CURRENT_INFO(1)
01-07 15:43:04.568  3268 13224 I tlc_communication: mcNotify is completed;224
01-07 15:43:04.568 30850 30850 D InstantMemo_Service: doStopSelf() mDestroy is false mReStart is 0
01-07 15:43:04.569  3757  4552 I CAE     : showListenerList(ContextAwareService.java:386) - Listener : com.samsung.android.contextaware.manager.ContextAwareService$Listener@be8214b, Service : ACTIVITY_TRACKER_BATCH(1)
01-07 15:43:04.569  4616  4616 D WallpaperViewController: onScreenTurningOn
01-07 15:43:04.569  4616  4616 D WallpaperViewController: mWallpaperView.onResume()
01-07 15:43:04.569  4616  4616 D KeyguardViewMediator: IKeyguardDrawnCallback.onDrawn()
01-07 15:43:04.569  3757  7203 V KeyguardServiceDelegate: **** SHOWN CALLED ****
01-07 15:43:04.569  3757  4552 I CAE     : showListenerList(ContextAwareService.java:386) - Listener : com.samsung.android.contextaware.manager.ContextAwareService$Listener@18edc41, Service : STEP_LEVEL_MONITOR(1)
01-07 15:43:04.570  3268 13224 I tlc_communication: mcWaitNotification is completed;237
01-07 15:43:04.570  3268 13224 I TLC_BAUTH: Check the Trustlet return code is completed;362
01-07 15:43:04.570  3268 13224 I TLC_BAUTH: ion alloc dm;646
01-07 15:43:04.570  3757  4552 I CAE     : showListenerList(ContextAwareService.java:386) - Listener : com.samsung.android.contextaware.manager.ContextAwareService$Listener@4e90faf, Service : SENSOR_STATUS_CHECK_RUNNER(1)
01-07 15:43:04.570  3268 13224 I TLC_BAUTH: Call FP cmd 0x12;379
01-07 15:43:04.570  3268 13224 I tlc_communication: Send Trustlet TCI Message;214
01-07 15:43:04.570  3268 13224 I tlc_communication: mcNotify is completed;224
01-07 15:43:04.570  3757  4552 I CAE     : showListenerList(ContextAwareService.java:386) - Listener : com.samsung.android.contextaware.manager.ContextAwareService$Listener@4df5e0f, Service : AUTO_BRIGHTNESS(1)
01-07 15:43:04.571 30850 30850 D ViewRootImpl@2afd1ba[InstantMemo_Service]: mHardwareRenderer.destroy()#4
01-07 15:43:04.571  3757  4552 W CAE     : registerCallback(ContextAwareService.java:191) - [regi 02] Mutex is unlocked for AUTO_BRIGHTNESS
01-07 15:43:04.571  3757  4552 D SemContextService: 	.registerCallback : 4, client=
01-07 15:43:04.571  3757  4552 D SemContextService: ===== SemContext Service List =====
01-07 15:43:04.571  3757  4552 D SemContextService: Listener : com.samsung.android.hardware.context.SemContextService$Listener@8069509, Service : Pedometer
01-07 15:43:04.572  3757  4552 D SemContextService: Listener : com.samsung.android.hardware.context.SemContextService$Listener@8069509, Service : Step Level Monitor
01-07 15:43:04.572  3757  4552 D SemContextService: Listener : com.samsung.android.hardware.context.SemContextService$Listener@6fd3728, Service : Activity Batch
01-07 15:43:04.572  3757  4552 D SemContextService: Listener : com.samsung.android.hardware.context.SemContextService$Listener@a5d2fbc, Service : Sensor Status Check
01-07 15:43:04.572  3757  4552 D SemContextService: Listener : com.samsung.android.hardware.context.SemContextService$Listener@5dce9c, Service : Auto Brightness
01-07 15:43:04.572  3215  3266 I Layer   : [com.GeekTechnique.InfinityStack/com.epicgames.ue4.GameActivity] addSyncPoint start
01-07 15:43:04.572  3757  4552 D SemContextManager:   .registerListener : listener = android.hardware.scontext.SContextManager$SContextListenerDelegate@bab1b51, service=Auto Brightness
01-07 15:43:04.572  3215  3266 I Layer   : [com.GeekTechnique.InfinityStack/com.epicgames.ue4.GameActivity] addSyncPoint end
01-07 15:43:04.572  3215  3266 I Layer   : [com.GeekTechnique.InfinityStack/com.epicgames.ue4.GameActivity] addSyncPoint start
01-07 15:43:04.572  3215  3266 I Layer   : [com.GeekTechnique.InfinityStack/com.epicgames.ue4.GameActivity] addSyncPoint end
01-07 15:43:04.572  3757  4552 D SContextManager:   .registerListener : listener = com.android.server.display.AutomaticBrightnessController$5@265e6d5, service=Auto Brightness
01-07 15:43:04.572  3757  4552 D PowerManagerUtil: Excessive delay in SensorHubAutoBrightnessEnabled::registerListener done: 83ms
01-07 15:43:04.573  3268 13224 I tlc_communication: mcWaitNotification is completed;237
01-07 15:43:04.573  3268 13224 I TLC_BAUTH: Check the Trustlet return code is completed;406
01-07 15:43:04.573  3268 13224 I TLC_BAUTH: FUNC ID 0x3 is completed;675
01-07 15:43:04.573  3268 13224 D bauth_FPBAuthService: FPBAuthService, 694
01-07 15:43:04.574 30850 30850 D InstantMemo_Service: doStopSelf() - end
01-07 15:43:04.575 30850 30850 D ViewRootImpl@2afd1ba[InstantMemo_Service]: dispatchDetachedFromWindow
01-07 15:43:04.576  3757  6272 D WindowManager: disposeInputChannel mInputChannel: 6fc5fe6 com.samsung.android.snote.control.ui.quickmemo.service.InstantMemo_Service (server)
01-07 15:43:04.576  3268  3268 D bauth_Worker: Worker, 48
01-07 15:43:04.576  3268  3268 D bauth_FPBAuthService: thread id : 3, preenroll_flag : 0, nd cnt : 0
01-07 15:43:04.576  3268  3268 D bauth_service: BAuthService, 365
01-07 15:43:04.576  3757  6272 W AppOps  : Finishing op nesting under-run: uid 10160 pkg com.samsung.android.snote code 64 time=0 duration=0 nesting=0
01-07 15:43:04.577  3757  3757 W FingerprintService: startAuthentication FP_FINISH (12ms) RESULT: 0
01-07 15:43:04.577  3757  9599 D GameManagerService: identifyGamePackage. com.GeekTechnique.InfinityStack
01-07 15:43:04.579  3268 13224 D bauth_FPBAuthSensorControl: FPBAuthSensorControl, 346
01-07 15:43:04.579  3268 13224 D bauth_FPBAuthService: FPBAuthService, 706
01-07 15:43:04.579  3268 13224 D bauth_FPBAuthService: FPBAuthService, 3142
01-07 15:43:04.580  3215 15153 I Layer   : [com.GeekTechnique.InfinityStack/com.epicgames.ue4.GameActivity] addSyncPoint start
01-07 15:43:04.580  3757  3757 D LightsService: [api] [SvcLED] turnOff:: id = 5 (uid: 1000 pid: 3757) 
01-07 15:43:04.580  3215 15153 I Layer   : [com.GeekTechnique.InfinityStack/com.epicgames.ue4.GameActivity] addSyncPoint end
01-07 15:43:04.581  3215 15153 I Layer   : [com.GeekTechnique.InfinityStack/com.epicgames.ue4.GameActivity] addSyncPoint start
01-07 15:43:04.581  3757  3757 D PowerManagerUtil: fileWriteString to /sys/power/wake_lock, LightsService
01-07 15:43:04.581  3215 15153 I Layer   : [com.GeekTechnique.InfinityStack/com.epicgames.ue4.GameActivity] addSyncPoint end
01-07 15:43:04.581  3757  3757 D LightsService: [SvcLED] setSvcLedStateLocked:: SvcLEDState : 0x10 -> 0x0 | SvcLED(id=5) set Off
01-07 15:43:04.581  3757  3757 D BatteryService: turn off LED
01-07 15:43:04.581  3757  6272 D InputTransport: Input channel destroyed: fd=428
01-07 15:43:04.581  3757  3799 D LightsService: [SvcLED] handleForcedSvcLEDTask()
01-07 15:43:04.581  3757  3799 D PowerManagerUtil: fileWriteInt to /sys/class/sec/led/led_lowpower, 1
01-07 15:43:04.582  3268 13224 D bauth_FPBAuthSensorControl: FPBAuthSensorControl, 552
01-07 15:43:04.582  3268 13224 I TLC_BAUTH: Call FP cmd 0x1;841
01-07 15:43:04.582  3757  3799 D lights  : led_pattern : 0 +
01-07 15:43:04.582  3268 13224 I tlc_communication: Send Trustlet TCI Message;214
01-07 15:43:04.582  3268 13224 I tlc_communication: mcNotify is completed;224
01-07 15:43:04.583 30850 30850 D InputTransport: Input channel destroyed: fd=61
01-07 15:43:04.583 30850 30850 D InstantMemo_Service: onDestroy()
01-07 15:43:04.584  3757  4332 I Sensors : ProximitySensor - 8(cm)
01-07 15:43:04.584  3757  3799 D lights  : led_pattern : 0 -
01-07 15:43:04.587  3757  3799 D LightsService: [SvcLED]  setSvcLedLightLocked :: Current SvcLED(id=5) maintains its priority right
01-07 15:43:04.587  3757  3799 D PowerManagerUtil: fileWriteString to /sys/power/wake_unlock, LightsService
01-07 15:43:04.588  3757  3757 I CAE     : handleMessage(CaPowerManager.java:188) - AP_WAKEUP
01-07 15:43:04.588  3757  3757 I CAE     : updateApPowerStatus(SensorHubParserProvider.java:451) - AP_WAKEUP
01-07 15:43:04.588 30850 30850 E SpenGLInView: setPageDoc is closed
01-07 15:43:04.588 30850 30850 D SPen_Library: GLCanvas static jboolean SPen::GLCanvasGlue::setPageDoc(JNIEnv*, jclass, jlong, jobject, jboolean) canvas = -600711712 pageDoc = 0 isUpdate = false
01-07 15:43:04.588 30850 30850 E SPen_Library: virtual bool SPen::WorkerThreadImpl::WaitForExecution(). Worker is on pause (Queued task: 0). No task executed executed.
01-07 15:43:04.588 30850 30850 D spe_log : static void SPen::BitmapGL::destroyGLBitmap(SPen::BitmapGL*) bitmap is null
01-07 15:43:04.588 30850 30850 D spe_log : static void SPen::BitmapGL::destroyGLBitmap(SPen::BitmapGL*) bitmap is null
01-07 15:43:04.588 30850 30850 D SPen_Library: SetPageDoc: PageDoc is null..
01-07 15:43:04.589 30850 30850 D SPen_Library: GLCanvas static void SPen::GLCanvasGlue::finalize(JNIEnv*, jclass, jlong) canvas = -600711712
01-07 15:43:04.589 30850 30850 D SPen_Library: GLCanvas virtual void SPen::GLCanvas::ClearData()
01-07 15:43:04.589 30850 30850 E SPen_Library: virtual bool SPen::WorkerThreadImpl::WaitForExecution(). Worker is on pause (Queued task: 5). No task executed executed.
01-07 15:43:04.589 30850 30850 D SPen_Library: virtual SPen::WorkerThreadImpl::~WorkerThreadImpl() Cleanup
01-07 15:43:04.589 30850 30850 E SPen_Library: virtual bool SPen::WorkerThreadImpl::WaitForExecution(). Worker is on pause (Queued task: 0). No task executed executed.
01-07 15:43:04.589 30850 30850 E SPen_Library: virtual bool SPen::WorkerThreadImpl::WaitForExecution(). Worker is on pause (Queued task: 0). No task executed executed.
01-07 15:43:04.589 30850 30850 D spe_log : static void SPen::BitmapGL::destroyGLBitmap(SPen::BitmapGL*) bitmap is null
01-07 15:43:04.589 30850 30850 D spe_log : static void SPen::BitmapGL::destroyGLBitmap(SPen::BitmapGL*) bitmap is null
01-07 15:43:04.589 30850 30850 D SPen_Library: SetPageDoc: PageDoc is null..
01-07 15:43:04.589 30850 30850 D SPen_Library: virtual SPen::WorkerThreadImpl::~WorkerThreadImpl() Cleanup
01-07 15:43:04.589 30850 30850 D spe_log : static void SPen::BitmapGL::destroyGLBitmap(SPen::BitmapGL*) bitmap is null
01-07 15:43:04.589 30850 30850 D spe_log : static void SPen::BitmapGL::destroyGLBitmap(SPen::BitmapGL*) bitmap is null
01-07 15:43:04.589 30850 30850 D spe_log : static void SPen::BitmapGL::destroyGLBitmap(SPen::BitmapGL*) bitmap is null
01-07 15:43:04.589 30850 30850 D spe_log : static void SPen::BitmapGL::destroyGLBitmap(SPen::BitmapGL*) bitmap is null
01-07 15:43:04.589 30850 30850 D spe_log : static void SPen::BitmapGL::destroyGLBitmap(SPen::BitmapGL*) bitmap is null
01-07 15:43:04.589 30850 30850 D spe_log : static void SPen::BitmapGL::destroyGLBitmap(SPen::BitmapGL*) bitmap is null
01-07 15:43:04.589 30850 30850 D spe_log : static void SPen::BitmapGL::destroyGLBitmap(SPen::BitmapGL*) bitmap is null
01-07 15:43:04.589 30850 30850 D spe_log : static void SPen::BitmapGL::destroyGLBitmap(SPen::BitmapGL*) bitmap is null
01-07 15:43:04.589 30850 30850 D spe_log : static void SPen::BitmapGL::destroyGLBitmap(SPen::BitmapGL*) bitmap is null
01-07 15:43:04.589 30850 30850 D spe_log : static void SPen::BitmapGL::destroyGLBitmap(SPen::BitmapGL*) bitmap is null
01-07 15:43:04.589 30850 30850 D spe_log : static void SPen::BitmapGL::destroyGLBitmap(SPen::BitmapGL*) bitmap is null
01-07 15:43:04.589 30850 30850 D spe_log : static void SPen::BitmapGL::destroyGLBitmap(SPen::BitmapGL*) bitmap is null
01-07 15:43:04.589 30850 30850 D spe_log : -----  SPen::PageEffectManager::~PageEffectManager()
01-07 15:43:04.589 30850 30850 D spe_log : ----- void SPen::PageEffectManager::destroyEffect()
01-07 15:43:04.589 30850 30850 E SPen_Library: virtual bool SPen::WorkerThreadImpl::WaitForExecution(). Worker is on pause (Queued task: 10). No task executed executed.
01-07 15:43:04.589 30850 30850 D SPen_Library: TextView SPen::TextView::~TextView()
01-07 15:43:04.589 30850 30850 D SPen_Library: TextDrawing SPen::TextDrawing::~TextDrawing()
01-07 15:43:04.590 30850 30850 D SPen_Library: TextView SPen::TextView::~TextView()
01-07 15:43:04.590 30850 30850 D SPen_Library: TextDrawing SPen::TextDrawing::~TextDrawing()
01-07 15:43:04.590 30850 30850 D SPen_Library: TextView SPen::TextView::~TextView()
01-07 15:43:04.590 30850 30850 D SPen_Library: TextDrawing SPen::TextDrawing::~TextDrawing()
01-07 15:43:04.590 30850 30850 D SPen_Library: TextView SPen::TextView::~TextView()
01-07 15:43:04.590 30850 30850 D SPen_Library: TextDrawing SPen::TextDrawing::~TextDrawing()
01-07 15:43:04.590 30850 30850 I PluginManager: unloadPlugin()
01-07 15:43:04.591  3757  3757 I CAE     : sendCmdToSensorHub(SensorHubCommManager.java:162) - -76, 13, -47, 0,
01-07 15:43:04.591 30850 30850 I PluginManager: InkPen
01-07 15:43:04.591  3757  3757 D SensorHubManager: SendSensorHubData: send data = -76, 13, -47, 0
01-07 15:43:04.591 30850 30850 D SPen_Library: InkPenSkia virtual SPen::InkPenSkia::~InkPenSkia()
01-07 15:43:04.591 30850 30850 I PluginManager: unloadPlugin() is completed
01-07 15:43:04.591 30850 30850 D SPen_Library: virtual SPen::WorkerThreadImpl::~WorkerThreadImpl() Cleanup
01-07 15:43:04.591 30850 30850 D SPen_Library: void SPen::ShaderManager::CheckEmpty() All shaders was cleaned
01-07 15:43:04.591 30850 30850 D SPen_Library: Canvas virtual void SPen::GLCanvas::ClearData() completed
01-07 15:43:04.591  3227 28469 D Sensorhubs: sendContextData: -76, 13, -47, 0
01-07 15:43:04.592  3757  9599 D SSRM:t  : SIOP:: AP = 370, PST = 338 (W:24), CP = 275, CUR = 217, LCD = 0
01-07 15:43:04.593  3757  9599 D ConnectivityService: filterNetworkStateForUid() uid: 1000 networkInfo: [type: WIFI[] - WIFI, state: CONNECTED/CONNECTED, reason: (unspecified), extra: "wilkinson2.4", failover: false, available: true, roaming: false, metered: false]
01-07 15:43:04.593  3757 29842 I NotificationService: cancelToast pkg=com.samsung.android.snote callback=android.app.ITransientNotification$Stub$Proxy@f57ac7a
01-07 15:43:04.593  3757 29842 W NotificationService: Toast already cancelled. pkg=com.samsung.android.snote callback=android.app.ITransientNotification$Stub$Proxy@f57ac7a
01-07 15:43:04.594 30850 30850 V ZoomPad : stop
01-07 15:43:04.594 30850 30850 V ZoomPad : syn close
01-07 15:43:04.595  3757  7206 I Sensors : Acc old sensor_state 129, new sensor_state : 128 en : 0
01-07 15:43:04.598  3757  4398 D InputReader: Input event(5): value=0 when=20206830158000
01-07 15:43:04.598  3757  4398 D InputReader: !@notifyKey(172), action=1
01-07 15:43:04.598  3757  4398 D InputManager-JNI: !@interceptKeyBeforeQueueing(172), action=1, interactive=true
01-07 15:43:04.600  3757  4398 D InputManager-JNI: !@handleInterceptActions(172), action=1, wmActions=1
01-07 15:43:04.603  3757  3757 D ClientCertificateManager Service: updateLockStatus, user.id 0
01-07 15:43:04.603  3757  3757 I         : CCM JNI: In ccm_update_lock_status
01-07 15:43:04.604  3757  3757 I TZ_CCM_C_Initialize: : DEBUG_CONTAINER_PROBLEM Enter TZ_CCM_C_Initialize_TLC!
01-07 15:43:04.604  3757  3757 I TZ_CCM_C_Initialize: : pInitArgs 0x7ff565ad40 has not called C_Init before.
01-07 15:43:04.604  3757  3757 I TZ_CCM_C_Initialize: : &ctx = 0x7851f892c8
01-07 15:43:04.604  3757  3757 E TZ: client_server_communication: comm_request(0x7839440000) pImpl->serverName : CCM 
01-07 15:43:04.604  3757  3757 E TZ: client_server_communication: comm_request(0x7839440000) <IClientServer>pImpl->sconn : 0x78498dcf80 
01-07 15:43:04.604  3757  3757 E TZ: client_server_communication: comm_request(0x7839440000) <IClientServer>pImpl->sconn->getInterfaceDescriptor() : CCM 
01-07 15:43:04.604  3757  3757 I TZ: client_server_communication: Cmd id = 47, len = 19456
01-07 15:43:04.604  3757  3757 I TZ: client_server_communication: Calling Communicate()
01-07 15:43:04.605  4369  4369 I TLC_SERVER: BnTLCServer::onTransact(2) 16
01-07 15:43:04.605  4369  4369 I TLC_SERVER: COMM
01-07 15:43:04.608  3757  9599 D TelephonyManager: getAllCellInfo : Caller (PID / UID / TID): 3757 / 1000 / 9599
01-07 15:43:04.608 30850 30850 D SensorManager: unregisterListener ::   
01-07 15:43:04.608 30850 30850 D InstantMemo_Service: onDestroy() - end
01-07 15:43:04.611  3757  2858 I ActivityManager: Killing 30850:com.samsung.android.snote:instantMemo/u0a160 (adj 906): DHA:empty #31
01-07 15:43:04.616 13131 13155 D UE4     : [2019.01.07-20.43.04:616][  0]LogPackageLocalizationCache: Processed 10 localized package path(s) for 1 prioritized culture(s) in 0.089059 seconds
01-07 15:43:04.619  3227  3261 D Sensorhubs: readContextData: 1, 1, 44, 1, 1, 2, 4, 106, -83, 32, 1, 0, 0, 0, 0, 0, 0, 0, 0, 4, -109, -32, 1, 0, 0, 0, 0, 0, 0, 0, 0, 2, -83, -112
01-07 15:43:04.619  3757 29841 D AudioService: getStreamVolume 3 index 80
01-07 15:43:04.620  3757  4361 D SensorHubManager: onGetSensorHubDataLocked: library(34) = 1, 1, 44, 1, 1, 2, 4, 106, -83, 32, 1, 0, 0, 0, 0, 0, 0, 0, 0, 4, -109, -32, 1, 0, 0, 0, 0, 0, 0, 0, 0, 2, -83, -112
01-07 15:43:04.621  4616  4616 D SensorManager: Proximity, val = 8.0  [far]
01-07 15:43:04.621  3757  5902 D AudioService: getStreamVolume 3 index 80
01-07 15:43:04.621  4616  4616 D KeyguardUpdateMonitor: received broadcast android.intent.action.TIME_TICK
01-07 15:43:04.621  4616  4616 D ViewRootImpl@151652b[StatusBar]: MSG_RESIZED_REPORT: ci=Rect(0, 0 - 0, 0) vi=Rect(0, 0 - 0, 0) or=1
01-07 15:43:04.621  3757  4360 D CAE     : onGetSensorHubData(SensorHubParserProvider.java:94) - onGetSensorHubData Event [event buffer len :34], AP_WAKEUP
01-07 15:43:04.622  3757  4360 I CAE     : parse(SensorHubParserProvider.java:196) - buffer size = 34
01-07 15:43:04.622  3757  4360 I CAE     : parse(SensorHubParserProvider.java:207) - 1, 1, 44, 1, 1, 2, 4, 106, -83, 32, 1, 0, 0, 0, 0, 0, 0, 0, 0, 4, -109, -32, 1, 0, 0, 0, 0, 0, 0, 0, 0, 2, -83, -112,
01-07 15:43:04.623  3757  4360 I CAE     : parse(SLMonitorRunner.java:301) - parse:4
01-07 15:43:04.623  3757  4360 D CAE     : parse(SLMonitorRunner.java:323) - dataSize:2
01-07 15:43:04.624  3757  4360 D CAE     : display(SLMonitorRunner.java:604) - ================= STEP_LEVEL_MONITOR =================
01-07 15:43:04.625  3757  4360 I CAE     : display(SLMonitorRunner.java:721) - DT=[1], DC=[2], TS=[1546893300000], ST=[ST,ST], SC=[0,0], DI=[0.0,0.0], CA=[0.0,0.0], DU=[300000,175504]
01-07 15:43:04.626  3757  4364 D SemContextService: updateContext() : event = Step Level Monitor
01-07 15:43:04.630 11359 11359 D SemContextManager: onSemContextChanged() : event = Step Level Monitor
01-07 15:43:04.631 11359 11359 I Sensor[0x06]: [0x01] 33
01-07 15:43:04.632 11359 11359 I Sensor[0x04]: [0x01] 1546893300000[0x02] 0[0x03] 1[0x04] 300000
01-07 15:43:04.632 11359 11359 I Sensor[0x04]: [0x01] 1546893600000[0x02] 0[0x03] 1[0x04] 175504
01-07 15:43:04.633  3757  3757 I TZ_CCM_C_Finalize: : DEBUG_CONTAINER_PROBLEM Exercising TZ_CCM_C_Finalize_TLC
01-07 15:43:04.633  3757  3757 I TZ_CCM_C_Finalize: : There are connections; No C_Finalize for pInitArgs 0x7ff565ad40 
01-07 15:43:04.636  3757  3757 D UniversalCredentialManagerService: inside mBReciever onReceive : android.intent.action.SCREEN_ON
01-07 15:43:04.639  3757  3757 D UniversalCredentialManagerService: ****MSG_LOCK_STATUS_UPDATE block started****
01-07 15:43:04.639  3757  3757 D UniversalCredentialManagerService: notifyChangeToPlugin is called for Lock status update...
01-07 15:43:04.639  3757  3757 D UcmService: notifyChangeToPlugin event 15
01-07 15:43:04.639  3757  3757 D UcmService: checkCallerPermissionFor is called for method-notifyChangeToPlugin
01-07 15:43:04.639  3757  3757 I UcmService: checkIfNotify for cs Name = com.samsung.ucs.agent.boot:com.samsung.ucs.agent.boot Package name = com.samsung.ucs.agent.boot
01-07 15:43:04.639  3757  3757 D UcmService: notifying to unmanaged plugin
01-07 15:43:04.640  9678  9689 D BootAgentService: notifyChange eventId-15
01-07 15:43:04.640  3757  3757 D UcmService: activeAgent com.samsung.ucs.agent.boot:com.samsung.ucs.agent.boot notify status - -1
01-07 15:43:04.640  3757  3757 D UcmService: activeAgent status--1
01-07 15:43:04.640  3757  3757 D UniversalCredentialManagerService: ****MSG_LOCK_STATUS_UPDATE block ended****
01-07 15:43:04.650  5024  5209 I System.out: Broadcasting: Intent { act=android.intent.action.LTE_SMS_STATUS launchParam=MultiScreenLaunchParams { mDisplayId=0 mFlags=0 } (has extras) }
01-07 15:43:04.656  5024  5341 I System.out: Broadcast completed: result=0
01-07 15:43:04.662  3757  3757 I WifiTrafficPoller: evaluateTrafficStatsPolling
01-07 15:43:04.670  3757  3757 D LightsService: [api] [SvcLED] turnOff:: id = 6 (uid: 1000 pid: 3757) 
01-07 15:43:04.670  3757  3757 D PowerManagerUtil: fileWriteString to /sys/power/wake_lock, LightsService
01-07 15:43:04.670  3757  3757 D LightsService: [SvcLED] setSvcLedStateLocked:: SvcLEDState : 0x0 -> 0x0 | SvcLED(id=6) set Off
01-07 15:43:04.671  3757  3799 D LightsService: [SvcLED] handleForcedSvcLEDTask()
01-07 15:43:04.671  3757  3799 D LightsService: [SvcLED]  setSvcLedLightLocked :: Current SvcLED(id=5) maintains its priority right
01-07 15:43:04.671  3757  3799 D PowerManagerUtil: fileWriteString to /sys/power/wake_unlock, LightsService
01-07 15:43:04.672  3268 13224 I tlc_communication: mcWaitNotification is completed;237
01-07 15:43:04.672  3268 13224 I TLC_BAUTH: Check the Trustlet return code is completed;898
01-07 15:43:04.672  3268 13224 D bauth_FPBAuthService: check_opcode status = 0, opcode = 7, func_ret_val = 0, function_status = 0, timeout = 0
01-07 15:43:04.672  3268 13224 I TLC_BAUTH: Call FP cmd 0x1;841
01-07 15:43:04.672  3268 13224 I tlc_communication: Send Trustlet TCI Message;214
01-07 15:43:04.672  3268 13224 I tlc_communication: mcNotify is completed;224
01-07 15:43:04.672  3757  3757 D SmartAlertController: ACTION_SCREEN_ON
01-07 15:43:04.673  3757  4458 I WifiConnectivityManager: scheduleWatchdogTimer
01-07 15:43:04.674  3237 22864 D audio_hw_primary: adev_set_parameters: enter: kvpairs: screen_state=on
01-07 15:43:04.676  3757  3757 D SamsungAlarmManager: Cancel Alarm calling from uid:1000 pid :3757 / op:PendingIntent{5e44896: PendingIntentRecord{a54cc17 android broadcastIntent}}
01-07 15:43:04.677  3757  4458 D SamsungAlarmManager: setInexact Listener (T:2/F:8/AC:false) 20190107T160304 - CU:1000/CP:3757
01-07 15:43:04.680  3757  3757 I MdnieScenarioControlService: action  :  android.intent.action.SCREEN_ON
01-07 15:43:04.680  3757  3757 D MdnieScenarioControlService: isLockScreenOn : true
01-07 15:43:04.681  3757  3757 V MdnieScenarioControlService: Calling MdnieManager API(setContentMode(0))
01-07 15:43:04.681  3268 13224 I tlc_communication: mcWaitNotification is completed;237
01-07 15:43:04.681  3268 13224 I TLC_BAUTH: Check the Trustlet return code is completed;898
01-07 15:43:04.681  3268 13224 D bauth_FPBAuthService: check_opcode status = 0, opcode = 0, func_ret_val = 0, function_status = 0, timeout = 0
01-07 15:43:04.681  3757  3757 D SemDisplaySolutionManagerService: where : application what : DEFAULT setScreenBrightnessScaleFactor(-1.0)
01-07 15:43:04.681  3757  3757 D PowerManagerService: [api] setScreenBrightnessScaleFactor: scaleFactor: -1.0 (uid: 1000 pid: 3757)
01-07 15:43:04.681  3757  3757 D SemDisplaySolutionManagerService: setMultipleScreenBrightness , application, DEFAULT, -1.0
01-07 15:43:04.681  3757  3757 V MdnieScenarioControlService: Calling SemDisplaySolutionManager API(setMultipleScreenBrightness(0)
01-07 15:43:04.681  3268 13224 D bauth_FPBAuthService: FPBAuthService, 3199
01-07 15:43:04.681  3268 13224 D bauth_FPBAuthService: wci 4 4
01-07 15:43:04.681  3268 13224 D         : fprc : cc 
01-07 15:43:04.681  3268 13224 D bauth_FPBAuthSensorControl: FPBAuthSensorControl, 800
01-07 15:43:04.681  3268 13224 D bauth_FPBAuthService: FPBAuthService, 3330
01-07 15:43:04.681  3268 13224 I TLC_BAUTH: Call FP cmd 0x5;1123
01-07 15:43:04.682  3268 13224 I TLC_BAUTH: Check Input Data Param buf addr = 0x0x0 , length = 0;1152
01-07 15:43:04.682  3268 13224 I TLC_BAUTH: Check Output Data Param buf addr = 0x0x0 , length = 0;1163
01-07 15:43:04.682  3268 13224 I tlc_communication: Send Trustlet TCI Message;214
01-07 15:43:04.682  3268 13224 I tlc_communication: mcNotify is completed;224
01-07 15:43:04.687  3757  3757 I AudioService: audioEffectParam;audioHDR=0;packageName=com.GeekTechnique.InfinityStack
01-07 15:43:04.687  3757  3757 V MdnieScenarioControlService: setUIMode from UI function
01-07 15:43:04.689  3268 13224 I tlc_communication: mcWaitNotification is completed;237
01-07 15:43:04.689  3268 13224 I TLC_BAUTH: Check the Trustlet return code is completed;1207
01-07 15:43:04.689  3268 13224 D bauth_FPBAuthService: FPBAuthService, 3335
01-07 15:43:04.689  3268 13224 D bauth_FPBAuthService: check_opcode status = 2, opcode = 0, func_ret_val = 0, function_status = 0, timeout = 0
01-07 15:43:04.689  3268 13224 D bauth_FPBAuthService: FPBAuthService, 1145
01-07 15:43:04.689  3268 13224 D bauth_FPBAuthService: fpop : 100020
01-07 15:43:04.689  3268 13224 D fingerprintd: onAcquired(10001)
01-07 15:43:04.690  3268 13224 D bauth_FPBAuthUserInfo: FPBAuthUserInfo, 177
01-07 15:43:04.690  3268 13224 D bauth_FPBAuthService: FPBAuthService, 3388
01-07 15:43:04.690  3268 13224 I TLC_BAUTH: Call FP cmd 0x6;1222
01-07 15:43:04.690  3268 13224 I tlc_communication: Send Trustlet TCI Message;214
01-07 15:43:04.690  3268 13224 I tlc_communication: mcNotify is completed;224
01-07 15:43:04.693  3757  3757 I FingerprintService: handleAcquired : acquiredInfo=10001
01-07 15:43:04.693  3757  3757 D WifiService: registerForSContext() : successful!
01-07 15:43:04.694  3757  3757 E SemContext.CaeProvider: setAttribute() : attribute is null!
01-07 15:43:04.694  3757  4457 D SamsungAlarmManager: Cancel Alarm calling from uid:1000 pid :3757 / op:PendingIntent{ddcc97a: PendingIntentRecord{ac1252b android broadcastIntent}}
01-07 15:43:04.695  3757  3757 W CAE     : registerCallback(ContextAwareService.java:155) - [regi 01] Mutex is locked for ACTIVITY_TRACKER
01-07 15:43:04.695  3757  3757 V CAE     : start(ContextProvider.java:128)
01-07 15:43:04.697  3757  3757 V CAE     : clear(ActivityTrackerRunner.java:108)
01-07 15:43:04.697  3757  3757 V CAE     : enable(ActivityTrackerRunner.java:84)
01-07 15:43:04.698  3757  3757 I CAE     : sendCmdToSensorHub(SensorHubCommManager.java:162) - -79, 26, 0, 0, 0, 0, 0, 0, 0, 0, 20, 43, 4,
01-07 15:43:04.698  3757  3757 D SensorHubManager: SendSensorHubData: send data = -79, 26, 0, 0, 0, 0, 0, 0, 0, 0, 20, 43, 4
01-07 15:43:04.699  3757  3770 D GraphicsStats: Buffer count: 7
01-07 15:43:04.700  3227  3262 D Sensorhubs: sendContextData: -79, 26, 0, 0, 0, 0, 0, 0, 0, 0, 20, 43, 4
01-07 15:43:04.700  3757 31270 D ActivityManager: cleanUpApplicationRecord -- 30850
01-07 15:43:04.701  6011 20825 D ForegroundUtils: could not check pending caller
01-07 15:43:04.707  3757  3757 D CAE     : getFaultDetectionResult(ActivityTrackerRunner.java:154) - true
01-07 15:43:04.708  3757  3757 I CAE     : notifyCmdProcessResultObserver(ContextProvider.java:627) - CheckResult = 0, Cause = Success
01-07 15:43:04.709  3757  4458 D BigDataItemCURR: analyze kernel wifi wakelock 
01-07 15:43:04.718  3757  3757 D CAE     : doCommendProcess(ContextAwareService.java:444) - complete notify the operation result.
01-07 15:43:04.721  3757  3757 I CAE     : displayUsedCountForService(ContextAwareService.java:536) - totalCnt = 1, serviceCount = 1, subCollectionCount = 0
01-07 15:43:04.721  3757  3757 D CAE     : showListenerList(ContextAwareService.java:377) - ===== Context Aware Service List =====
01-07 15:43:04.721  3757  3757 I CAE     : showListenerList(ContextAwareService.java:386) - Listener : com.samsung.android.contextaware.manager.ContextAwareService$Listener@ede0346, Service : ACTIVITY_TRACKER_CURRENT_INFO(1)
01-07 15:43:04.721  3757  3757 I CAE     : showListenerList(ContextAwareService.java:386) - Listener : com.samsung.android.contextaware.manager.ContextAwareService$Listener@ede0346, Service : ACTIVITY_TRACKER(1)
01-07 15:43:04.722 13131 13155 D UE4     : [2019.01.07-20.43.04:721][  0]LogNetVersion: StackerGame 1.0.0, NetCL: 4541578, EngineNetVer: 5, GameNetVer: 0 (Checksum: 1419414380)
01-07 15:43:04.722  5024  5209 I System.out: Broadcasting: Intent { act=com.sec.android.LTE_WIDEBAND_INFO flg=0x10000000 launchParam=MultiScreenLaunchParams { mDisplayId=0 mFlags=0 } (has extras) }
01-07 15:43:04.722  3757  3757 I CAE     : showListenerList(ContextAwareService.java:386) - Listener : com.samsung.android.contextaware.manager.ContextAwareService$Listener@a1e54e0, Service : PEDOMETER(1)
01-07 15:43:04.722  3757  3757 I CAE     : showListenerList(ContextAwareService.java:386) - Listener : com.samsung.android.contextaware.manager.ContextAwareService$Listener@a1e54e0, Service : PEDOMETER_CURRENT_INFO(1)
01-07 15:43:04.722  3757  3757 I CAE     : showListenerList(ContextAwareService.java:386) - Listener : com.samsung.android.contextaware.manager.ContextAwareService$Listener@be8214b, Service : ACTIVITY_TRACKER_BATCH(1)
01-07 15:43:04.723  3757  3757 I CAE     : showListenerList(ContextAwareService.java:386) - Listener : com.samsung.android.contextaware.manager.ContextAwareService$Listener@18edc41, Service : STEP_LEVEL_MONITOR(1)
01-07 15:43:04.723  3757  3757 I CAE     : showListenerList(ContextAwareService.java:386) - Listener : com.samsung.android.contextaware.manager.ContextAwareService$Listener@4e90faf, Service : SENSOR_STATUS_CHECK_RUNNER(1)
01-07 15:43:04.723  3757  3757 I CAE     : showListenerList(ContextAwareService.java:386) - Listener : com.samsung.android.contextaware.manager.ContextAwareService$Listener@4df5e0f, Service : AUTO_BRIGHTNESS(1)
01-07 15:43:04.724  3757  3757 W CAE     : registerCallback(ContextAwareService.java:191) - [regi 02] Mutex is unlocked for ACTIVITY_TRACKER
01-07 15:43:04.724  3757  3757 D SemContextService: 	.registerCallback : 5, client=
01-07 15:43:04.724  3757  3757 D SemContextService: ===== SemContext Service List =====
01-07 15:43:04.724  3757  3757 D SemContextService: Listener : com.samsung.android.hardware.context.SemContextService$Listener@8069509, Service : Pedometer
01-07 15:43:04.724  3757  3757 D SemContextService: Listener : com.samsung.android.hardware.context.SemContextService$Listener@8069509, Service : Step Level Monitor
01-07 15:43:04.724  3757  3757 D SemContextService: Listener : com.samsung.android.hardware.context.SemContextService$Listener@6fd3728, Service : Activity Batch
01-07 15:43:04.724  3757  3757 D SemContextService: Listener : com.samsung.android.hardware.context.SemContextService$Listener@a5d2fbc, Service : Sensor Status Check
01-07 15:43:04.724  3757  3757 D SemContextService: Listener : com.samsung.android.hardware.context.SemContextService$Listener@5dce9c, Service : Auto Brightness
01-07 15:43:04.724  3757  3757 D SemContextService: Listener : com.samsung.android.hardware.context.SemContextService$Listener@5c73888, Service : Activity Tracker
01-07 15:43:04.724  3757  3757 D SemContextManager:   .registerListener : listener = android.hardware.scontext.SContextManager$SContextListenerDelegate@92f8a34, service=Activity Tracker
01-07 15:43:04.724  3757  3757 D SContextManager:   .registerListener : listener = com.android.server.wifi.WifiServiceImpl$1@6b021a5, service=Activity Tracker
01-07 15:43:04.725  3757  3757 W CAE     : getContextInfo(ContextAwareService.java:468) - [getContext 01] Mutex is locked for ACTIVITY_TRACKER_CURRENT_INFO
01-07 15:43:04.725  3227  3261 D Sensorhubs: readContextData: 1, 1, 48, 0, 0, 0, 50, 0, 0, 0, 12
01-07 15:43:04.725  3757  3757 V CAE     : enable(ActivityTrackerCurrentInfoRunner.java:178)
01-07 15:43:04.725  3757  4361 D SensorHubManager: onGetSensorHubDataLocked: library(11) = 1, 1, 48, 0, 0, 0, 50, 0, 0, 0, 12
01-07 15:43:04.726  3757  3757 V CAE     : clear(ActivityTrackerCurrentInfoRunner.java:202)
01-07 15:43:04.726  3757  4360 D CAE     : onGetSensorHubData(SensorHubParserProvider.java:94) - onGetSensorHubData Event [event buffer len :11], AP_WAKEUP
01-07 15:43:04.726  3757  3757 I CAE     : sendCmdToSensorHub(SensorHubCommManager.java:162) - -72, 26, 1, 0,
01-07 15:43:04.726  3757  3757 D SensorHubManager: SendSensorHubData: send data = -72, 26, 1, 0
01-07 15:43:04.726  3757  4360 I CAE     : parse(SensorHubParserProvider.java:196) - buffer size = 11
01-07 15:43:04.726  3227  3227 D Sensorhubs: sendContextData: -72, 26, 1, 0
01-07 15:43:04.727  3757  4360 I CAE     : parse(SensorHubParserProvider.java:207) - 1, 1, 48, 0, 0, 0, 50, 0, 0, 0, 12,
01-07 15:43:04.727  3757  4360 D CAE     : display(ContextProvider.java:375) - ================= AUTO_BRIGHTNESS =================
01-07 15:43:04.730  3757  4360 I CAE     : display(ContextProvider.java:391) - Candela=[50], AmbientLux=[12]
01-07 15:43:04.731  3757  4364 D SemContextService: updateContext() : event = Auto Brightness
01-07 15:43:04.731  3757  4552 D SemContextManager: onSemContextChanged() : event = Auto Brightness
01-07 15:43:04.732  3757  4552 D SContextManager: onSContextChanged() : event = Auto Brightness
01-07 15:43:04.732  3757  4552 D AutomaticBrightnessController: [DAB] onSensorHubChanged : 1st lux = 12.0, 1st candela = 50.0
01-07 15:43:04.732  3757  4552 D AutomaticBrightnessController: [DAB] updateAutoBrightnessSEC : 39(39.0)    0.0 < 12.0 < 62.0 (0.0)
01-07 15:43:04.732  3757  4552 D AutomaticBrightnessController: mCallbacks.updateBrightness()
01-07 15:43:04.732  3757  3795 D DisplayPowerController: animateScreenStateChange[0]: target=2
01-07 15:43:04.732  3757  3795 D DisplayPowerController: animateScreenStateChange[0]: return as screen on blocked
01-07 15:43:04.732  3757  3795 D DisplayPowerController: [Dual Screen Compatible] state[0] :2
01-07 15:43:04.732  3757  3795 D DisplayPowerController: getFinalBrightness : Summary is 175 -> 175
01-07 15:43:04.732  3757  3795 D DisplayPowerController: Animating brightness: target=175, rate=2000 (PSM:true, AB limit:(-1 ~ -1) MB Limit:(-1 ~ -1))
01-07 15:43:04.733  5035  5670 D EPDG -- [SMARTWIFI]: onSignalStrengthsChanged: Received signal strength change, phone type is: 2
01-07 15:43:04.733  4616  4823 D NetworkController.MobileSignalController(0/1): onSignalStrengthsChanged signalStrength=SignalStrength: 99 99 -120 -160 -120 -1 -1 14 -119 -18 8 2147483647 2147483647 0x1000 gsm|lte level=1
01-07 15:43:04.733  4616  4823 D NetworkController.MobileSignalController(0/1): getMobileIconGroup(): 13
01-07 15:43:04.733  5035  6446 D EPDG -- [SMARTWIFI]: lastLteRSRP is -119currentLteRSRP is -119
01-07 15:43:04.733  4616  4823 D NetworkController.MobileSignalController(0/1): updateVZWMobileIconGroup(): 13
01-07 15:43:04.733  5035  6446 D EPDG -- [SMARTWIFI]: lastLteRSRQ is -18currentLteRSRQ is -18
01-07 15:43:04.733  5035  6446 D EPDG -- [SMARTWIFI]: lastCdmaDb is -16currentCdmaDb is -16
01-07 15:43:04.733  5035  6446 V EPDG -- [SMARTWIFI]: Radio oldest entry removed
01-07 15:43:04.733  5035  6446 V EPDG -- [SMARTWIFI]: New entry : (SignalStrength: 99 99 -120 -160 -120 -1 -1 14 -119 -18 8 2147483647 2147483647 0x1000 gsm|lte : 0 )
01-07 15:43:04.733  5035  6446 V EPDG -- [SMARTWIFI]: Radio entry added
01-07 15:43:04.734  3757  3757 D CAE     : getFaultDetectionResult(ActivityTrackerCurrentInfoRunner.java:214) - true
01-07 15:43:04.734  3757  3757 I CAE     : notifyCmdProcessResultObserver(ContextProvider.java:627) - CheckResult = 0, Cause = Success
01-07 15:43:04.736  5035  6445 D EPDG -- [MODEM]: message length is  9
01-07 15:43:04.736  5035  6445 D EPDG -- [MODEM]: countRead is 7 offset is 7remaining is 0
01-07 15:43:04.736  5035  6445 D EPDG -- EpdgIpcMessageFactory: ipcMainCmd: 8
01-07 15:43:04.736  5035  6445 D EPDG -- [UTILS]: isUSerBinary: true
01-07 15:43:04.736  5035  6445 D EPDG -- [RILRECEIVER]: [Rx]: Main: IPC_NET_CMD Sub: IPC_NET_REGIST
01-07 15:43:04.736  5035  6445 D EPDG -- [RILRECEIVER]: [Rx]: Param: FF 03 
01-07 15:43:04.736  5035  6445 I EPDG -- [RILRECEIVER]: RX [NET_REGIST] -- RESPONSE -- EPDG AVAILABLE
01-07 15:43:04.736  5035  6445 D EPDG -- [NETIPCMESSAGE]: encodeNetRegist
01-07 15:43:04.736  5035  6445 D EPDG -- [UTILS]: isUSerBinary: true
01-07 15:43:04.736  5035  6445 D EPDG -- [IPCDISPATCHER]: [Tx]: Main: IPC_NET_CMD Sub: IPC_NET_REGIST Cmd Type: IPC_CMD_RESP
01-07 15:43:04.736  5035  6445 D EPDG -- [IPCDISPATCHER]: [Tx]: Param: 30 03 02 00 00 00 00 00 00 00 00 00 00 
01-07 15:43:04.736  5035  6445 D EPDG -- [MODEM]: EpdgModem instance already exists !
01-07 15:43:04.737  5035  6442 D EPDG -- [MODEM]: Successfully written to RIL
01-07 15:43:04.741  5035  5670 D EPDG -- [SMARTWIFI]: onSignalStrengthsChanged: Received signal strength change, phone type is: 2
01-07 15:43:04.741  5035  5670 D EPDG -- [EPDGService]: Event received: RIL_EPDG_STATUS_QUERY
01-07 15:43:04.741  5035  6446 D EPDG -- [SMARTWIFI]: lastLteRSRP is -119currentLteRSRP is -119
01-07 15:43:04.741  5035  6446 D EPDG -- [SMARTWIFI]: lastLteRSRQ is -18currentLteRSRQ is -18
01-07 15:43:04.741  5035  5670 D EPDG -- [EPDGService]: handleMessage: cid - 2
01-07 15:43:04.741  5035  6446 D EPDG -- [SMARTWIFI]: lastCdmaDb is -16currentCdmaDb is -16
01-07 15:43:04.741  5035  6446 V EPDG -- [SMARTWIFI]: Radio oldest entry removed
01-07 15:43:04.741  5035  6446 V EPDG -- [SMARTWIFI]: New entry : (SignalStrength: 99 99 -120 -160 -120 -1 -1 14 -119 -18 8 2147483647 2147483647 0x1000 gsm|lte : 0 )
01-07 15:43:04.741  5035  6446 V EPDG -- [SMARTWIFI]: Radio entry added
01-07 15:43:04.741  3757  3774 D CompatibilityInfo: mCompatibilityFlags - 0
01-07 15:43:04.741  3757  3774 D CompatibilityInfo: applicationDensity - 420
01-07 15:43:04.741  3757  3774 D CompatibilityInfo: applicationScale - 1.0
