01-25 01:24:55.809  9665  9683 D UE4     : APK Commandline: ../../../StackerGame/StackerGame.uproject  /Game/Maps/StackMap -Messaging -SessionId=DDA13864453C2991799FC4921C3FB022 -SessionOwner="nope" -SessionName="Launch On Device" -iterative
01-25 01:24:55.810  9665  9683 D UE4     : Override Commandline: ../../../StackerGame/StackerGame.uproject  /Game/Maps/StackMap -Messaging -SessionId=F9FC6F2D449E937A3B5F0392C10475C9 -SessionOwner="nope" -SessionName="Launch On Device" -iterative
01-25 01:24:55.810  9665  9683 D UE4     : Final commandline: ../../../StackerGame/StackerGame.uproject  /Game/Maps/StackMap -Messaging -SessionId=F9FC6F2D449E937A3B5F0392C10475C9 -SessionOwner="nope" -SessionName="Launch On Device" -iterative
01-25 01:24:55.810  9665  9683 D UE4     : Created sync event
01-25 01:24:55.820  9665  9665 D UE4     : ==============> GameActive.onResume complete!
01-25 01:24:55.822  9665  9665 D ViewRootImpl@c266894[GameActivity]: ThreadedRenderer.create() translucent=true
01-25 01:24:55.823  3755  7363 D WindowManager: addWindow: android.view.IWindow$Stub$Proxy@90f4e4a displayId=0
01-25 01:24:55.824  3755  7363 D InputTransport: Input channel constructed: fd=527
01-25 01:24:55.824  3755  7363 D InputTransport: Input channel constructed: fd=535
01-25 01:24:55.824  3755  7363 D WindowManager: openInputChannel mInputChannel: f0fb6d8 com.GeekTechnique.InfinityStack/com.epicgames.ue4.GameActivity (server)
01-25 01:24:55.825  3755  7363 D InputTransport: Input channel destroyed: fd=535
01-25 01:24:55.825  9665  9665 D InputTransport: Input channel constructed: fd=73
01-25 01:24:55.825  9665  9665 V threaded_app: InputQueueCreated: 0xddd2d960 -- 0xddd2e860
01-25 01:24:55.825  9665  9684 V threaded_app: APP_CMD_INPUT_CHANGED
01-25 01:24:55.825  9665  9684 V threaded_app: Attaching input queue to looper
01-25 01:24:55.825  9665  9665 D ViewRootImpl@c266894[GameActivity]: setView = DecorView@6afcf3d[GameActivity] touchMode=true
01-25 01:24:55.826  3755  7368 D ActivityManager: post active user change for 0 fullscreen true isHomeActivity() false
01-25 01:24:55.826  3755  7368 D KnoxTimeoutHandler: postActiveUserChange [MsgParam] userId: 0 fullscreen is true showWhenlocked is false isMutiwindowRecord is false multiwindowstyle is 0
01-25 01:24:55.826  3755  3755 D KnoxTimeoutHandler: handleActiveUserChange [MsgParam] userId: 0 fullscreen is true showWhenlocked is false isMutiwindowRecord is false multiwindowstyle is 0
01-25 01:24:55.827  3755  3755 I KnoxTimeoutHandler: Shared devices show user statefalse
01-25 01:24:55.827  9665  9665 D ViewRootImpl@4bdb50f[GameActivity]: dispatchAttachedToWindow
01-25 01:24:55.828  3755  6279 V WindowManager: Relayout Window{f3c52f2d0 u0 com.GeekTechnique.InfinityStack/com.epicgames.ue4.GameActivity}: viewVisibility=0 req=1079x1856 WM.LayoutParams{(0,0)(fillxfill) gr=#11 sim=#120 ty=2 fl=#1810508 pfl=0x20000 wanim=0x1030001 vsysui=0x400 needsMenuKey=2 naviIconColor=0}
01-25 01:24:55.829  3219  3219 I SurfaceFlinger: id=3527 createSurf (1080x1920),1 flag=404, HameActivit
01-25 01:24:55.834  9665  9665 D ViewRootImpl@4bdb50f[GameActivity]: Relayout returned: oldFrame=[0,0][0,0] newFrame=[0,0][1080,1920] result=0x7 surface={isValid=true -988246016} surfaceGenerationChanged=true
01-25 01:24:55.834  9665  9665 D ViewRootImpl@4bdb50f[GameActivity]: mHardwareRenderer.initialize() mSurface={isValid=true -988246016} hwInitialized=true
01-25 01:24:55.835  9665  9685 I OpenGLRenderer: Initialized EGL, version 1.4
01-25 01:24:55.835  9665  9685 D OpenGLRenderer: Swap behavior 1
01-25 01:24:55.840  9665  9685 D mali_winsys: EGLint new_window_surface(egl_winsys_display*, void*, EGLSurface, EGLConfig, egl_winsys_surface**, egl_color_buffer_format*, EGLBoolean) returns 0x3000,  [1080x1920]-format:1
01-25 01:24:55.841  9665  9665 D ViewRootImpl@c266894[GameActivity]: dispatchAttachedToWindow
01-25 01:24:55.842  3755  7364 V WindowManager: Relayout Window{f0fb6d8d0 u0 com.GeekTechnique.InfinityStack/com.epicgames.ue4.GameActivity}: viewVisibility=0 req=1079x1856 WM.LayoutParams{(0,0)(fillxfill) sim=#10 ty=1 fl=#1810500 pfl=0x20000 fmt=1 wanim=0x1030001 vsysui=0x400 needsMenuKey=2 naviIconColor=0}
01-25 01:24:55.843  3219  3219 I SurfaceFlinger: id=3528 createSurf (1080x1920),1 flag=4, HameActivit
01-25 01:24:55.846  9665  9665 D ViewRootImpl@c266894[GameActivity]: Relayout returned: oldFrame=[0,0][0,0] newFrame=[0,0][1080,1920] result=0x7 surface={isValid=true -988243968} surfaceGenerationChanged=true
01-25 01:24:55.847  9665  9665 D ViewRootImpl@c266894[GameActivity]: mHardwareRenderer.initialize() mSurface={isValid=true -988243968} hwInitialized=true
01-25 01:24:55.847  9665  9685 D mali_winsys: EGLint new_window_surface(egl_winsys_display*, void*, EGLSurface, EGLConfig, egl_winsys_surface**, egl_color_buffer_format*, EGLBoolean) returns 0x3000,  [1080x1920]-format:1
01-25 01:24:55.849  3755  6281 D WindowManager: addWindow: android.view.IWindow$Stub$Proxy@676da31 displayId=0
01-25 01:24:55.850  3755  3767 V WindowManager: Relayout Window{edf0e97d0 u0 SurfaceView - com.GeekTechnique.InfinityStack/com.epicgames.ue4.GameActivity}: viewVisibility=0 req=1080x1920 WM.LayoutParams{(0,0)(1080x1920) gr=#800033 ty=1001 fl=#4218 pfl=0x10040 fmt=4 naviIconColor=0}
01-25 01:24:55.851  3219  3219 I SurfaceFlinger: id=3529 createSurf (1080x1920),4 flag=404, HameActivit
01-25 01:24:55.851  3219  3219 I SurfaceFlinger: id=3530 createSurf (1080x1920),-1 flag=20404, HameActivit
01-25 01:24:55.855  9665  9665 D SurfaceView: Relayout returned: oldFrame=[0,0][0,0] newFrame=[0,0][1080,1920] result=0x7 surface={Surface(name=null)/@0x14f2239 isValid=true -988073984}
01-25 01:24:55.856  9665  9665 V threaded_app: NativeWindowCreated: 0xddd2d960 -- 0xc51b3008
01-25 01:24:55.856  9665  9684 V threaded_app: APP_CMD_INIT_WINDOW
01-25 01:24:55.856  9665  9684 D UE4     : Case APP_CMD_INIT_WINDOW
01-25 01:24:55.856  9665  9684 D UE4     : LogAndroidEvents: EnqueueAppEvent : 0, 3306893320, tid = 9684
01-25 01:24:55.857  3755  3766 D WindowManager: finishDrawingWindow: Window{edf0e97d0 u0 SurfaceView - com.GeekTechnique.InfinityStack/com.epicgames.ue4.GameActivity} mDrawState=DRAW_PENDING
01-25 01:24:55.861  9665  9665 V threaded_app: Pause: 0xddd2d960
01-25 01:24:55.862  9665  9684 V threaded_app: activityState=13
01-25 01:24:55.862  9665  9684 D UE4     : Case APP_CMD_PAUSE
01-25 01:24:55.862  9665  9684 D UE4     : LogAndroidEvents: EnqueueAppEvent : 6, 0, tid = 9684
01-25 01:24:55.862  9665  9665 D UE4     : Unregistering sensor listeners
01-25 01:24:55.870  3755  7358 I Sensors : Mag old sensor_state 19, new sensor_state : 3 en : 0
01-25 01:24:55.877  3755  7347 I Sensors : Gyro old sensor_state 3, new sensor_state : 1 en : 0
01-25 01:24:55.884  9665  9665 D SensorManager: unregisterListener ::   
01-25 01:24:55.884  9665  9665 D UE4     : ==============> GameActive.onPause complete!
01-25 01:24:55.885  3755  4453 D ActivityManager: resumeTopActivityInnerLocked() : #1 prevTask=TaskRecord{2cc9c78d0 #1106 A=com.GeekTechnique.InfinityStack U=0 StackId=1 sz=3} next=ActivityRecord{7213d43d0 u0 com.google.android.packageinstaller/com.android.packageinstaller.permission.ui.GrantPermissionsActivity t1106} mFocusedStack=ActivityStack{7046066d0 stackId=1, 4 tasks}
01-25 01:24:55.885  3755  4453 D ActivityManager: applyOptionsLocked(), pendingOptions : null
01-25 01:24:55.892  3755  4453 D CompatibilityInfo: mCompatibilityFlags - 0
01-25 01:24:55.893  3755  4453 D CompatibilityInfo: applicationDensity - 420
01-25 01:24:55.893  3755  4453 D CompatibilityInfo: applicationScale - 1.0
01-25 01:24:55.893  3755  4453 D GameManagerService: sem_perfomance_mode: 0
01-25 01:24:55.894  3755  3755 D GameManagerService: NotifyRunnable. pkg: com.google.android.packageinstaller, type: 4, isMinimized: false, isTunableApp: false
01-25 01:24:55.894  3755  3755 D GameManagerService: do nothing. mKillNotiCount: 3
01-25 01:24:55.899  9665  9665 D ViewRootImpl@4bdb50f[GameActivity]: MSG_RESIZED_REPORT: ci=Rect(0, 0 - 0, 0) vi=Rect(0, 0 - 0, 0) or=1
01-25 01:24:55.900  5967  5983 D ForegroundUtils: could not check pending caller
01-25 01:24:55.900  3755  9977 D GamePkgDataHelper: getGamePkgData(). com.google.android.packageinstaller
01-25 01:24:55.901  3755  9977 D GameManagerService: identifyGamePackage. com.google.android.packageinstaller
01-25 01:24:55.906  3755  9977 D GameManagerService: identifyGamePackage. com.google.android.packageinstaller
01-25 01:24:55.906  3755  9977 D GameManagerService: identifyGamePackage. com.google.android.packageinstaller
01-25 01:24:55.949  3755  3766 D WindowManager: finishDrawingWindow: Window{f3c52f2d0 u0 com.GeekTechnique.InfinityStack/com.epicgames.ue4.GameActivity} mDrawState=DRAW_PENDING
01-25 01:24:55.956  3755  6065 V WindowManager: Relayout Window{f0fb6d8d0 u0 com.GeekTechnique.InfinityStack/com.epicgames.ue4.GameActivity}: viewVisibility=0 req=1080x1920 WM.LayoutParams{(0,0)(fillxfill) sim=#10 ty=1 fl=#1810500 pfl=0x20000 fmt=1 wanim=0x1030001 vsysui=0x400 needsMenuKey=2 naviIconColor=0}
01-25 01:24:55.961  9665  9665 D ViewRootImpl@c266894[GameActivity]: Relayout returned: oldFrame=[0,0][1080,1920] newFrame=[0,0][1080,1920] result=0x1 surface={isValid=true -988243968} surfaceGenerationChanged=false
01-25 01:24:55.963  3755  6080 V WindowManager: Relayout Window{edf0e97d0 u0 SurfaceView - com.GeekTechnique.InfinityStack/com.epicgames.ue4.GameActivity}: viewVisibility=0 req=1080x1920 WM.LayoutParams{(0,0)(1080x1920) gr=#800033 ty=1001 fl=#4218 pfl=0x10040 fmt=4 naviIconColor=0}
01-25 01:24:55.970  9665  9665 D SurfaceView: Relayout returned: oldFrame=[0,0][1080,1920] newFrame=[0,0][1080,1920] result=0x1 surface={Surface(name=null)/@0x14f2239 isValid=true -988071936}
01-25 01:24:55.971  3755  7358 D WindowManager: finishDrawingWindow: Window{edf0e97d0 u0 SurfaceView - com.GeekTechnique.InfinityStack/com.epicgames.ue4.GameActivity} mDrawState=READY_TO_SHOW
01-25 01:24:55.979  9665  9670 I art     : Do partial code cache collection, code=14KB, data=31KB
01-25 01:24:55.980  3219  7712 I Layer   : [com.GeekTechnique.InfinityStack/com.epicgames.ue4.GameActivity] addSyncPoint start
01-25 01:24:55.980  3219  7712 I Layer   : [com.GeekTechnique.InfinityStack/com.epicgames.ue4.GameActivity] addSyncPoint end
01-25 01:24:55.980  3219  7712 I Layer   : [com.GeekTechnique.InfinityStack/com.epicgames.ue4.GameActivity] addSyncPoint start
01-25 01:24:55.980  3219  7712 I Layer   : [com.GeekTechnique.InfinityStack/com.epicgames.ue4.GameActivity] addSyncPoint end
01-25 01:24:55.980  9665  9670 I art     : After code cache collection, code=14KB, data=31KB
01-25 01:24:55.980  9665  9670 I art     : Increasing code cache capacity to 256KB
01-25 01:24:55.981  3219  3284 I Layer   : [com.GeekTechnique.InfinityStack/com.epicgames.ue4.GameActivity] addSyncPoint start
01-25 01:24:55.981  3219  3284 I Layer   : [com.GeekTechnique.InfinityStack/com.epicgames.ue4.GameActivity] addSyncPoint end
01-25 01:24:55.981  3219  3284 I Layer   : [com.GeekTechnique.InfinityStack/com.epicgames.ue4.GameActivity] addSyncPoint start
01-25 01:24:55.981  3219  3284 I Layer   : [com.GeekTechnique.InfinityStack/com.epicgames.ue4.GameActivity] addSyncPoint end
01-25 01:24:55.985  9665  9670 I art     : Compiler allocated 7MB to compile boolean com.epicgames.ue4.GameActivity.processSystemInfo(java.lang.String, java.lang.String)
01-25 01:24:56.004  3755  7368 D WindowManager: finishDrawingWindow: Window{f0fb6d8d0 u0 com.GeekTechnique.InfinityStack/com.epicgames.ue4.GameActivity} mDrawState=DRAW_PENDING
01-25 01:24:56.004  9665  9665 D ViewRootImpl@c266894[GameActivity]: MSG_RESIZED_REPORT: ci=Rect(0, 0 - 0, 0) vi=Rect(0, 0 - 0, 0) or=1
01-25 01:24:56.016  3755  3790 D KnoxTimeoutHandler: notifyActivityDrawn [MsgParam] userId: 0 fullscreen is true showWhenlocked is false isMutiwindowRecord is false multiwindowstyle is 1
01-25 01:24:56.016  3755  3755 D KnoxTimeoutHandler: activityDrawn [MsgParam] userId: 0 fullscreen is true showWhenlocked is false isMutiwindowRecord is false multiwindowstyle is 1
01-25 01:24:56.017  3755  3755 I KnoxTimeoutHandler: SD activityfalse
01-25 01:24:56.017  3755  3755 I KnoxTimeoutHandler: Fullscreen and mCurrent is not KNOX user. Hence hide keyguard
01-25 01:24:56.018  3755  3790 D CustomFrequencyManagerService: acquireDVFSLockLocked : type : DVFS_MIN_LIMIT  frequency : 1704000  uid : 1000  pid : 3755  pkgName : AMS_RESUME_TAIL@CPU_MIN@25
01-25 01:24:56.018  3755  3790 D ActivityManagerPerformance: AMP_acquire() TAIL
01-25 01:24:56.018  3755  3790 D CustomFrequencyManagerService: releaseDVFSLockLocked : Getting Lock type frm List : DVFS_MIN_LIMIT  frequency : 2100000  uid : 1000  pid : 3755  tag : AMS_APP_SWITCH@CPU_MIN@19
01-25 01:24:56.019  3755  3790 D ActivityManagerPerformance: AMP_release() APP_SWITCH
01-25 01:24:56.019  3755  3790 D ViewRootImpl@3e59f8d[InfinityStack]: dispatchDetachedFromWindow
01-25 01:24:56.019  3755  3790 D WindowManager: disposeInputChannel mInputChannel: 3f5953 Starting com.GeekTechnique.InfinityStack (server)
01-25 01:24:56.023  3755  3790 D InputTransport: Input channel destroyed: fd=403
01-25 01:24:56.023  3755  3790 D InputTransport: Input channel destroyed: fd=475
01-25 01:24:56.023  3755  7357 D WindowManager: finishDrawingWindow: Window{f0fb6d8d0 u0 com.GeekTechnique.InfinityStack/com.epicgames.ue4.GameActivity} mDrawState=HAS_DRAWN
01-25 01:24:56.024  3755  3790 D ViewRootImpl@970e7a6[ContainerKeyguardScrim]: mHardwareRenderer.destroy()#1
01-25 01:24:56.026  9665  9683 D UE4     : EGL Extensions: 
01-25 01:24:56.026  9665  9683 D UE4     : EGL_KHR_get_all_proc_addresses EGL_ANDROID_presentation_time EGL_KHR_swap_buffers_with_damage EGL_ANDROID_create_native_client_buffer EGL_ANDROID_front_buffer_auto_refresh EGL_KHR_image EGL_KHR_image_base EGL_KHR_gl_texture_2D_image EGL_KHR_gl_texture_cubemap_image EGL_KHR_gl_renderbuffer_image EGL_KHR_fence_sync EGL_KHR_create_context EGL_KHR_config_attribs EGL_KHR_surfaceless_context EGL_EXT_create_context_robustness EGL_ANDROID_image_native_buffer EGL_KHR_wait_sync EGL_ANDROID_recordable EGL_KHR_partial_update EGL_KHR_mutable_render_buffer EGL_EXT_protected_content 
01-25 01:24:56.031  3755  4521 D MdnieScenarioControlService:  packageName : com.google.android.packageinstaller    className : com.android.packageinstaller.permission.ui.GrantPermissionsActivity
01-25 01:24:56.031  9665  9683 D UE4     : FAndroidGPUInfo
01-25 01:24:56.031  9665  9683 D UE4     : AndroidEGL::InitSurface 1, 1
01-25 01:24:56.032  9665  9683 D mali_winsys: EGLint new_window_surface(egl_winsys_display*, void*, EGLSurface, EGLConfig, egl_winsys_surface**, egl_color_buffer_format*, EGLBoolean) returns 0x3000,  [8x8]-format:2
01-25 01:24:56.032  9665  9683 D UE4     : AndroidEGL::CreateEGLSurface() 0xe3fb3348
01-25 01:24:56.032  9665  9683 D UE4     : AndroidEGL::CreateEGLSurface(1), auxSurface = eglCreatePbufferSurface(), 8x8
01-25 01:24:56.033  3755  3767 W MultiScreenManagerService: moveTaskBackToDisplayIfNeeded(): The task has more than one activity
01-25 01:24:56.033  3755  3767 D ActivityManager: moveToFront() : reason=finishActivity adjustFocus setFocusedActivity isAttached=true TaskRecord{2cc9c78d0 #1106 A=com.GeekTechnique.InfinityStack U=0 StackId=1 sz=3}
01-25 01:24:56.036  9665  9683 D vulkan  : searching for layers in '/data/app/com.GeekTechnique.InfinityStack-1/lib/arm'
01-25 01:24:56.036  9665  9683 D vulkan  : searching for layers in '/data/app/com.GeekTechnique.InfinityStack-1/base.apk!/lib/armeabi-v7a'
01-25 01:24:56.036  9665  9683 D vulkan  : vulkan api version_1_0 1.0.0
01-25 01:24:56.036  3755  3767 D InputDispatcher: Focused application set to: xxxx
01-25 01:24:56.036  9665  9683 D vulkan  : vulkan header version 13
01-25 01:24:56.037  3755  3767 D InputDispatcher: Focus entered window: 9665
01-25 01:24:56.039  9665  9665 D ViewRootImpl@c266894[GameActivity]: MSG_WINDOW_FOCUS_CHANGED 1
01-25 01:24:56.039  9665  9665 D ViewRootImpl@c266894[GameActivity]: mHardwareRenderer.initializeIfNeeded()#2 mSurface={isValid=true -988243968}
01-25 01:24:56.039  9665  9665 V threaded_app: WindowFocusChanged: 0xddd2d960 -- 1
01-25 01:24:56.039  9665  9684 D UE4     : LogAndroidEvents: EnqueueAppEvent : 11, 0, tid = 9684
01-25 01:24:56.039  3755  3767 D ActivityTrigger: ActivityTrigger activityPauseTrigger 
01-25 01:24:56.040  3755  3767 D GameManagerService: sem_perfomance_mode: 0
01-25 01:24:56.045  3755  7396 D ActivityManager: resumeTopActivityInnerLocked() : #1 prevTask=null next=ActivityRecord{90f0a9ad0 u0 com.GeekTechnique.InfinityStack/com.epicgames.ue4.GameActivity t1106} mFocusedStack=ActivityStack{7046066d0 stackId=1, 4 tasks}
01-25 01:24:56.045  3755  7396 D ActivityManager: resumeTopActivityInnerLocked() : #1 prevTask=TaskRecord{2cc9c78d0 #1106 A=com.GeekTechnique.InfinityStack U=0 StackId=1 sz=3} next=ActivityRecord{90f0a9ad0 u0 com.GeekTechnique.InfinityStack/com.epicgames.ue4.GameActivity t1106} mFocusedStack=ActivityStack{7046066d0 stackId=1, 4 tasks}
01-25 01:24:56.048  3755  7396 D CustomFrequencyManagerService: acquireDVFSLockLocked : type : DVFS_MIN_LIMIT  frequency : 1300000  uid : 1000  pid : 3755  pkgName : AMS_ACT_RESUME@CPU_MIN@13
01-25 01:24:56.048  3755  7396 D ActivityManagerPerformance: AMP_acquire() ACT_RESUME
01-25 01:24:56.049  3755  7396 D ActivityManager: applyOptionsLocked(), pendingOptions : null
01-25 01:24:56.054  3755  7396 D GameManagerService: sem_perfomance_mode: 0
01-25 01:24:56.055  3755  3755 D GameManagerService: NotifyRunnable. pkg: com.GeekTechnique.InfinityStack, type: 4, isMinimized: false, isTunableApp: false
01-25 01:24:56.055  3755  3755 D GameManagerService: do nothing. mKillNotiCount: 3
01-25 01:24:56.128  9665  9665 D SEM_CLIP_SemClipboardManager: isCocktailBarDisplayed : false
01-25 01:24:56.128  9665  9665 V InputMethodManager: Starting input: tba=android.view.inputmethod.EditorInfo@99801ad nm : com.GeekTechnique.InfinityStack ic=null
01-25 01:24:56.128  9665  9665 I InputMethodManager: [IMM] startInputInner - mService.startInputOrWindowGainedFocus
01-25 01:24:56.129  3755  7363 D InputMethodManagerService: windowGainedFocus mCurrentFocusedUserId - 0 and mSecureKeypadEnabled-false
01-25 01:24:56.129  3755  7363 V InputMethodManagerService: windowGainedFocus: reason=WINDOW_FOCUS_GAIN client=android.os.BinderProxy@a156da7 inputContext=null missingMethods= attribute=android.view.inputmethod.EditorInfo@92b5ca2 nm = com.GeekTechnique.InfinityStack controlFlags=#105 softInputMode=#10 windowFlags=#1810500
01-25 01:24:56.129  3755  7363 V InputMethodManagerService: Unspecified window will hide input
01-25 01:24:56.129  3755  7363 D InputMethodManagerService: mDesktopModeManager null!
01-25 01:24:56.129  3755  7363 V InputMethodManagerService: hideCurrentInputLocked - !shouldHideSoftInput
01-25 01:24:56.129  3755  7363 D InputTransport: Input channel constructed: fd=403
01-25 01:24:56.129  3755  7363 D InputTransport: Input channel constructed: fd=475
01-25 01:24:56.130  3755  7363 D InputTransport: Input channel destroyed: fd=475
01-25 01:24:56.130  9665  9665 D PermissionFragment: permission granted for android.permission.WRITE_EXTERNAL_STORAGE
01-25 01:24:56.130  8282  8301 D InputTransport: Input channel constructed: fd=54
01-25 01:24:56.130  4839  4839 D InputTransport: Input channel destroyed: fd=192
01-25 01:24:56.132  9665  9665 V threaded_app: Resume: 0xddd2d960
01-25 01:24:56.132  9665  9684 V threaded_app: activityState=11
01-25 01:24:56.132  9665  9684 D UE4     : Case APP_CMD_RESUME
01-25 01:24:56.132  9665  9684 D UE4     : LogAndroid: Case APP_CMD_RESUME
01-25 01:24:56.132  9665  9684 D UE4     : LogAndroidEvents: EnqueueAppEvent : 7, 0, tid = 9684
01-25 01:24:56.132  9665  9665 D UE4     : ==============> [JAVA] AndroidThunkJava_KeepScreenOn(false) - Enabled screen saver
01-25 01:24:56.132  3755  7368 D InputTransport: Input channel constructed: fd=475
01-25 01:24:56.133  9665  9665 D UE4     : Registering sensor listeners
01-25 01:24:56.133  3755  7368 D InputTransport: Input channel destroyed: fd=475
01-25 01:24:56.133  9665  9677 D InputTransport: Input channel constructed: fd=89
01-25 01:24:56.148  9665  9665 D SensorManager: registerListener :: 0, K6DS3TR Acceleration Sensor, 20000, 0,  
01-25 01:24:56.149  3755  7357 I Sensors : Mag old sensor_state 1, new sensor_state : 17 en : 1
01-25 01:24:56.155  9665  9665 D SensorManager: registerListener :: 1, AK09911C Magnetic field Sensor, 20000, 0,  
01-25 01:24:56.156  3755  7360 I Sensors : Gyro old sensor_state 17, new sensor_state : 19 en : 1
01-25 01:24:56.163  9665  9665 D SensorManager: registerListener :: 3, K6DS3TR Gyroscope Sensor, 20000, 0,  
01-25 01:24:56.163  9665  9665 D UE4     : App is running in Portrait
01-25 01:24:56.163  9665  9665 D UE4     : ==============> Resuming main init
01-25 01:24:56.163  9665  9665 D UE4     : ==============> GameActive.onResume complete!
01-25 01:24:56.164  3755  7364 D ActivityManager: post active user change for 0 fullscreen true isHomeActivity() false
01-25 01:24:56.164  3755  7364 D KnoxTimeoutHandler: postActiveUserChange [MsgParam] userId: 0 fullscreen is true showWhenlocked is false isMutiwindowRecord is false multiwindowstyle is 0
01-25 01:24:56.164  3755  3755 D KnoxTimeoutHandler: handleActiveUserChange [MsgParam] userId: 0 fullscreen is true showWhenlocked is false isMutiwindowRecord is false multiwindowstyle is 0
01-25 01:24:56.164  9665  9665 V InputMethodManager: Starting input: tba=android.view.inputmethod.EditorInfo@f099ce2 nm : com.GeekTechnique.InfinityStack ic=null
01-25 01:24:56.165  3755  3755 I KnoxTimeoutHandler: Shared devices show user statefalse
01-25 01:24:56.166  3755  6081 V WindowManager: Relayout Window{f0fb6d8d0 u0 com.GeekTechnique.InfinityStack/com.epicgames.ue4.GameActivity}: viewVisibility=0 req=1080x1920 WM.LayoutParams{(0,0)(fillxfill) sim=#110 ty=1 fl=#1810500 pfl=0x20000 fmt=1 wanim=0x1030001 vsysui=0x400 needsMenuKey=2 naviIconColor=0}
01-25 01:24:56.171  9665  9665 D ViewRootImpl@c266894[GameActivity]: Relayout returned: oldFrame=[0,0][1080,1920] newFrame=[0,0][1080,1920] result=0x1 surface={isValid=true -988243968} surfaceGenerationChanged=false
01-25 01:24:56.171  3755  4344 E Sensors : AccSensor : Meta event
01-25 01:24:56.186  5967  8175 D ForegroundUtils: could not check pending caller
01-25 01:24:56.205  3755  3790 I WindowManager_SurfaceController: Destroying surface Surface(name=Starting com.GeekTechnique.InfinityStack) called by com.android.server.wm.WindowStateAnimator.destroySurface:2907 com.android.server.wm.WindowStateAnimator.destroySurfaceLocked:1120 com.android.server.wm.WindowState.destroyOrSaveSurface:2662 com.android.server.wm.AppWindowToken.destroySurfaces:423 com.android.server.wm.AppWindowToken.destroySurfaces:387 com.android.server.wm.WindowStateAnimator.finishExit:686 com.android.server.wm.WindowStateAnimator.stepAnimationLocked:570 com.android.server.wm.WindowAnimator.updateWindowsLocked:439 
01-25 01:24:56.206  3219  3451 I SurfaceFlinger: id=3526 Removed JnfinitySta (9/12)
01-25 01:24:56.210  3219  3451 I SurfaceFlinger: id=3526 Removed JnfinitySta (-2/12)
01-25 01:24:56.316  3755  4521 D MdnieScenarioControlService:  packageName : com.GeekTechnique.InfinityStack    className : com.epicgames.ue4.GameActivity
01-25 01:24:56.319  3755  3755 D CustomFrequencyManagerService: releaseDVFSLockLocked : Getting Lock type frm List : DVFS_MIN_LIMIT  frequency : 1704000  uid : 1000  pid : 3755  tag : AMS_RESUME_TAIL@CPU_MIN@25
01-25 01:24:56.336  9665  9683 D UE4     : LogPluginManager: Mounting plugin Paper2D
01-25 01:24:56.340  9665  9683 D UE4     : LogPluginManager: Mounting plugin AISupport
01-25 01:24:56.342  9665  9683 D UE4     : LogPluginManager: Mounting plugin LightPropagationVolume
01-25 01:24:56.343  9665  9683 D UE4     : LogPluginManager: Mounting plugin AssetManagerEditor
01-25 01:24:56.344  9665  9683 D UE4     : LogPluginManager: Mounting plugin CryptoKeys
01-25 01:24:56.346  9665  9683 D UE4     : LogPluginManager: Mounting plugin FacialAnimation
01-25 01:24:56.347  9665  9683 D UE4     : LogPluginManager: Mounting plugin MeshEditor
01-25 01:24:56.349  9665  9683 D UE4     : LogPluginManager: Mounting plugin DatasmithContent
01-25 01:24:56.350  9665  9683 D UE4     : LogPluginManager: Mounting plugin VariantManagerContent
01-25 01:24:56.352  9665  9683 D UE4     : LogPluginManager: Mounting plugin AlembicImporter
01-25 01:24:56.353  9665  9683 D UE4     : LogPluginManager: Mounting plugin AppleImageUtils
01-25 01:24:56.355  9665  9683 D UE4     : LogPluginManager: Mounting plugin AppleVision
01-25 01:24:56.356  9665  9683 D UE4     : LogPluginManager: Mounting plugin BackChannel
01-25 01:24:56.357  9665  9683 D UE4     : LogPluginManager: Mounting plugin CharacterAI
01-25 01:24:56.359  9665  9683 D UE4     : LogPluginManager: Mounting plugin GeometryCache
01-25 01:24:56.360  9665  9683 D UE4     : LogPluginManager: Mounting plugin AndroidMedia
01-25 01:24:56.362  9665  9683 D UE4     : LogPluginManager: Mounting plugin ImgMedia
01-25 01:24:56.363  9665  9683 D UE4     : LogPluginManager: Mounting plugin LinearTimecode
01-25 01:24:56.364  9665  9683 D UE4     : LogPluginManager: Mounting plugin MediaCompositing
01-25 01:24:56.366  9665  9683 D UE4     : LogPluginManager: Mounting plugin TcpMessaging
01-25 01:24:56.367  9665  9683 D UE4     : LogPluginManager: Mounting plugin UdpMessaging
01-25 01:24:56.368  9665  9683 D UE4     : LogPluginManager: Mounting plugin ActorSequence
01-25 01:24:56.370  9665  9683 D UE4     : LogPluginManager: Mounting plugin NetcodeUnitTest
01-25 01:24:56.371  9665  9683 D UE4     : LogPluginManager: Mounting plugin NUTUnrealEngine4
01-25 01:24:56.372  9665  9683 D UE4     : LogPluginManager: Mounting plugin OnlineSubsystemGooglePlay
01-25 01:24:56.374  9665  9683 D UE4     : LogPluginManager: Mounting plugin OnlineSubsystem
01-25 01:24:56.376  9665  9683 D UE4     : LogPluginManager: Mounting plugin OnlineSubsystemNull
01-25 01:24:56.377  9665  9683 D UE4     : LogPluginManager: Mounting plugin OnlineSubsystemUtils
01-25 01:24:56.379  9665  9683 D UE4     : LogPluginManager: Mounting plugin AndroidDeviceProfileSelector
01-25 01:24:56.380  9665  9683 D UE4     : LogPluginManager: Mounting plugin AndroidMoviePlayer
01-25 01:24:56.381  9665  9683 D UE4     : LogPluginManager: Mounting plugin AndroidPermission
01-25 01:24:56.383  9665  9683 D UE4     : LogPluginManager: Mounting plugin ArchVisCharacter
01-25 01:24:56.384  9665  9683 D UE4     : LogPluginManager: Mounting plugin CableComponent
01-25 01:24:56.386  9665  9683 D UE4     : LogPluginManager: Mounting plugin CustomMeshComponent
01-25 01:24:56.387  9665  9683 D UE4     : LogPluginManager: Mounting plugin EditableMesh
01-25 01:24:56.388  9665  9683 D UE4     : LogPluginManager: Mounting plugin ExampleDeviceProfileSelector
01-25 01:24:56.390  9665  9683 D UE4     : LogPluginManager: Mounting plugin Firebase
01-25 01:24:56.391  9665  9683 D UE4     : LogPluginManager: Mounting plugin GoogleCloudMessaging
01-25 01:24:56.393  9665  9683 D UE4     : LogPluginManager: Mounting plugin LocationServicesBPLibrary
01-25 01:24:56.394  9665  9683 D UE4     : LogPluginManager: Mounting plugin MobilePatchingUtils
01-25 01:24:56.395  9665  9683 D UE4     : LogPluginManager: Mounting plugin OculusVR
01-25 01:24:56.400  9665  9683 D UE4     : LogPluginManager: Mounting plugin PhysXVehicles
01-25 01:24:56.404  9665  9683 D UE4     : LogPluginManager: Mounting plugin ProceduralMeshComponent
01-25 01:24:56.406  9665  9683 D UE4     : LogPluginManager: Mounting plugin RuntimePhysXCooking
01-25 01:24:56.407  9665  9683 D UE4     : LogPluginManager: Mounting plugin SteamVR
01-25 01:24:56.410  9665  9683 D UE4     : LogStreaming: Display: Took  0.075s to configure plugins.
01-25 01:24:56.487  3755  9977 D GamePkgDataHelper: getGamePkgData(). com.GeekTechnique.InfinityStack
01-25 01:24:56.487  3755  9977 D GameManagerService: identifyGamePackage. com.GeekTechnique.InfinityStack
01-25 01:24:56.487  9665  9683 D UE4     : LogInit: Using libcurl 7.46.0
01-25 01:24:56.487  9665  9683 D UE4     : LogInit:  - built for arm-unknown-linux-androideabi
01-25 01:24:56.487  3755  9977 D GameManagerService: identifyGamePackage. com.GeekTechnique.InfinityStack
01-25 01:24:56.487  9665  9683 D UE4     : LogInit:  - supports SSL with OpenSSL/1.0.1s
01-25 01:24:56.487  9665  9683 D UE4     : LogInit:  - supports HTTP deflate (compression) using libz 1.2.8
01-25 01:24:56.487  9665  9683 D UE4     : LogInit:  - other features:
01-25 01:24:56.487  9665  9683 D UE4     : LogInit:      CURL_VERSION_SSL
01-25 01:24:56.487  9665  9683 D UE4     : LogInit:      CURL_VERSION_LIBZ
01-25 01:24:56.487  9665  9683 D UE4     : LogInit:      CURL_VERSION_IPV6
01-25 01:24:56.487  9665  9683 D UE4     : LogInit:      CURL_VERSION_ASYNCHDNS
01-25 01:24:56.487  9665  9683 D UE4     : LogInit:      CURL_VERSION_TLSAUTH_SRP
01-25 01:24:56.488  9665  9683 D UE4     : LogInit:  CurlRequestOptions (configurable via config and command line):
01-25 01:24:56.488  9665  9683 D UE4     : LogInit:  - bVerifyPeer = true  - Libcurl will verify peer certificate
01-25 01:24:56.488  9665  9683 D UE4     : LogInit:  - bUseHttpProxy = false  - Libcurl will NOT use HTTP proxy
01-25 01:24:56.488  9665  9683 D UE4     : LogInit:  - bDontReuseConnections = false  - Libcurl will reuse connections
01-25 01:24:56.488  9665  9683 D UE4     : LogInit:  - MaxHostConnections = 16  - Libcurl will limit the number of connections to a host
01-25 01:24:56.488  9665  9683 D UE4     : LogInit:  - LocalHostAddr = Default
01-25 01:24:56.488  9665  9683 D UE4     : LogInit:  - BufferSize = 65536
01-25 01:24:56.490  9665  9683 D UE4     : LogOnline: Display: OSS: OnlineSubsystemGooglePlayModule::StartupModule()
01-25 01:24:56.490  3755  9977 D TelephonyManager: getAllCellInfo : Caller (PID / UID / TID): 3755 / 1000 / 9977
01-25 01:24:56.490  9665  9683 D UE4     : FOnlineSubsystemGooglePlay::Init
01-25 01:24:56.491  9665  9683 D UE4     : LogOnlineIdentity: Display: OSS: FOnlineIdentityGooglePlay::FOnlineIdentityGooglePlay()
01-25 01:24:56.491  9665  9683 D UE4     : FOnlineSubsystemGooglePlay::IsInAppPurchasingEnabled 0
01-25 01:24:56.495  3755  9977 D GameManagerService: identifyGamePackage. com.GeekTechnique.InfinityStack
01-25 01:24:56.495  3755  9977 D GameManagerService: identifyGamePackage. com.GeekTechnique.InfinityStack
01-25 01:24:56.502  9665  9683 D UE4     : LogHMD: App is not packaged for Gear VR
01-25 01:24:56.502  9665  9683 D UE4     : LogInit: Build: ++UE4+Release-4.21-CL-4613538
01-25 01:24:56.502  9665  9683 D UE4     : LogInit: Engine Version: 4.21.1-4613538+++UE4+Release-4.21
01-25 01:24:56.502  9665  9683 D UE4     : LogInit: Compatible Engine Version: 4.21.0-4541578+++UE4+Release-4.21
01-25 01:24:56.502  9665  9683 D UE4     : LogInit: Net CL: 4541578
01-25 01:24:56.502  9665  9683 D UE4     : LogInit: OS: Android (7.0), CPU: SM-N920V, GPU: Mali-T760
01-25 01:24:56.502  9665  9683 D UE4     : LogInit: Compiled (32-bit): Nov 30 2018 05:07:29
01-25 01:24:56.502  9665  9683 D UE4     : LogInit: Compiled with Clang: 3.8.275480 
01-25 01:24:56.502  9665  9683 D UE4     : LogInit: Build Configuration: Development
01-25 01:24:56.502  9665  9683 D UE4     : LogInit: Branch Name: ++UE4+Release-4.21
01-25 01:24:56.502  9665  9683 D UE4     : LogInit: Command Line:   /Game/Maps/StackMap -Messaging -SessionId=F9FC6F2D449E937A3B5F0392C10475C9 -SessionOwner="nope" -SessionName="Launch On Device" -iterative
01-25 01:24:56.502  9665  9683 D UE4     : LogInit: Base Directory: 
01-25 01:24:56.502  9665  9683 D UE4     : LogInit: Installed Engine Build: 0
01-25 01:24:56.502  9665  9683 D UE4     : LogDevObjectVersion: Number of dev versions registered: 22
01-25 01:24:56.502  9665  9683 D UE4     : LogDevObjectVersion:   Dev-Blueprints (B0D832E4-1F89-4F0D-ACCF-7EB736FD4AA2): 10
01-25 01:24:56.502  9665  9683 D UE4     : LogDevObjectVersion:   Dev-Build (E1C64328-A22C-4D53-A36C-8E866417BD8C): 0
01-25 01:24:56.502  9665  9683 D UE4     : LogDevObjectVersion:   Dev-Core (375EC13C-06E4-48FB-B500-84F0262A717E): 2
01-25 01:24:56.502  9665  9683 D UE4     : LogDevObjectVersion:   Dev-Editor (E4B068ED-F494-42E9-A231-DA0B2E46BB41): 26
01-25 01:24:56.502  9665  9683 D UE4     : LogDevObjectVersion:   Dev-Framework (CFFC743F-43B0-4480-9391-14DF171D2073): 34
01-25 01:24:56.502  9665  9683 D UE4     : LogDevObjectVersion:   Dev-Mobile (B02B49B5-BB20-44E9-A304-32B752E40360): 2
01-25 01:24:56.503  9665  9683 D UE4     : LogDevObjectVersion:   Dev-Networking (A4E4105C-59A1-49B5-A7C5-40C4547EDFEE): 0
01-25 01:24:56.503  9665  9683 D UE4     : LogDevObjectVersion:   Dev-Online (39C831C9-5AE6-47DC-9A44-9C173E1C8E7C): 0
01-25 01:24:56.503  9665  9683 D UE4     : LogDevObjectVersion:   Dev-Physics (78F01B33-EBEA-4F98-B9B4-84EACCB95AA2): 0
01-25 01:24:56.503  9665  9683 D UE4     : LogDevObjectVersion:   Dev-Platform (6631380F-2D4D-43E0-8009-CF276956A95A): 0
01-25 01:24:56.503  9665  9683 D UE4     : LogDevObjectVersion:   Dev-Rendering (12F88B9F-8875-4AFC-A67C-D90C383ABD29): 27
01-25 01:24:56.503  9665  9683 D UE4     : LogDevObjectVersion:   Dev-Sequencer (7B5AE74C-D270-4C10-A958-57980B212A5A): 9
01-25 01:24:56.503  9665  9683 D UE4     : LogDevObjectVersion:   Dev-VR (D7296918-1DD6-4BDD-9DE2-64A83CC13884): 2
01-25 01:24:56.503  9665  9683 D UE4     : LogDevObjectVersion:   Dev-LoadTimes (C2A15278-BFE7-4AFE-6C17-90FF531DF755): 1
01-25 01:24:56.503  9665  9683 D UE4     : LogDevObjectVersion:   Private-Geometry (6EACA3D4-40EC-4CC1-B786-8BED09428FC5): 3
01-25 01:24:56.503  9665  9683 D UE4     : LogDevObjectVersion:   Dev-AnimPhys (29E575DD-E0A3-4627-9D10-D276232CDCEA): 17
01-25 01:24:56.503  9665  9683 D UE4     : LogDevObjectVersion:   Dev-Anim (AF43A65D-7FD3-4947-9873-3E8ED9C1BB05): 2
01-25 01:24:56.503  9665  9683 D UE4     : LogDevObjectVersion:   Dev-ReflectionCapture (6B266CEC-1EC7-4B8F-A30B-E4D90942FC07): 1
01-25 01:24:56.503  9665  9683 D UE4     : LogDevObjectVersion:   Dev-Automation (0DF73D61-A23F-47EA-B727-89E90C41499A): 1
01-25 01:24:56.503  9665  9683 D UE4     : LogDevObjectVersion:   FortniteMain (601D1886-AC64-4F84-AA16-D3DE0DEAC7D6): 17
01-25 01:24:56.503  9665  9683 D UE4     : LogDevObjectVersion:   Dev-Enterprise (9DFFBCD6-494F-0158-E221-12823C92A888): 4
01-25 01:24:56.503  9665  9683 D UE4     : LogDevObjectVersion:   Dev-Niagara (F2AED0AC-9AFE-416F-8664-AA7FFA26D6FC): 1
01-25 01:24:56.503  9665  9683 D UE4     : LogStreaming: Display: Took  0.000s to delete old logs.
01-25 01:24:56.543  9665  9683 D UE4     : LogInit: Presizing for max 131072 objects, including 1 objects not considered by GC, pre-allocating 0 bytes for permanent pool.
01-25 01:24:56.544  9665  9683 D UE4     : LogStreaming: Display: Async Loading initialized: Event Driven Loader: true, Async Loading Thread: false, Async Post Load: true
01-25 01:24:56.575  9665  9683 D UE4     : LogInit: Object subsystem initialized
01-25 01:24:56.580  9665  9683 D UE4     : LogConfig: Setting CVar [[con.DebugEarlyDefault:1]]
01-25 01:24:56.581  9665  9683 D UE4     : [2019.01.25-06.24.56:581][  0]LogConfig: Setting CVar [[con.DebugEarlyDefault:1]]
01-25 01:24:56.581  9665  9683 D UE4     : [2019.01.25-06.24.56:581][  0]LogConfig: Applying CVar settings from Section [/Script/Engine.RendererSettings] File [../../../StackerGame/Saved/Config/Android/Engine.ini]
01-25 01:24:56.581  9665  9683 D UE4     : [2019.01.25-06.24.56:581][  0]LogConfig: Setting CVar [[r.GPUCrashDebugging:0]]
01-25 01:24:56.581  9665  9683 D UE4     : [2019.01.25-06.24.56:581][  0]LogConfig: Setting CVar [[r.MobileHDR:1]]
01-25 01:24:56.581  9665  9683 D UE4     : [2019.01.25-06.24.56:581][  0]LogConfig: Setting CVar [[r.Mobile.DisableVertexFog:1]]
01-25 01:24:56.581  9665  9683 D UE4     : [2019.01.25-06.24.56:581][  0]LogConfig: Setting CVar [[r.Shadow.CSM.MaxMobileCascades:2]]
01-25 01:24:56.581  9665  9683 D UE4     : [2019.01.25-06.24.56:581][  0]LogConfig: Setting CVar [[r.MobileMSAA:1]]
01-25 01:24:56.581  9665  9683 D UE4     : [2019.01.25-06.24.56:581][  0]LogConfig: Setting CVar [[r.DiscardUnusedQuality:0]]
01-25 01:24:56.581  9665  9683 D UE4     : [2019.01.25-06.24.56:581][  0]LogConfig: Setting CVar [[r.AllowOcclusionQueries:1]]
01-25 01:24:56.581  9665  9683 D UE4     : [2019.01.25-06.24.56:581][  0]LogConfig: Setting CVar [[r.MinScreenRadiusForLights:0.030000]]
01-25 01:24:56.581  9665  9683 D UE4     : [2019.01.25-06.24.56:581][  0]LogConfig: Setting CVar [[r.MinScreenRadiusForDepthPrepass:0.030000]]
01-25 01:24:56.581  9665  9683 D UE4     : [2019.01.25-06.24.56:581][  0]LogConfig: Setting CVar [[r.MinScreenRadiusForCSMDepth:0.010000]]
01-25 01:24:56.582  9665  9683 D UE4     : [2019.01.25-06.24.56:581][  0]LogConfig: Setting CVar [[r.PrecomputedVisibilityWarning:0]]
01-25 01:24:56.582  9665  9683 D UE4     : [2019.01.25-06.24.56:582][  0]LogConfig: Setting CVar [[r.TextureStreaming:1]]
01-25 01:24:56.582  9665  9683 D UE4     : [2019.01.25-06.24.56:582][  0]LogConfig: Setting CVar [[Compat.UseDXT5NormalMaps:0]]
01-25 01:24:56.582  9665  9683 D UE4     : [2019.01.25-06.24.56:582][  0]LogConfig: Setting CVar [[r.ClearCoatNormal:0]]
01-25 01:24:56.582  9665  9683 D UE4     : [2019.01.25-06.24.56:582][  0]LogConfig: Setting CVar [[r.ReflectionCaptureResolution:128]]
01-25 01:24:56.582  9665  9683 D UE4     : [2019.01.25-06.24.56:582][  0]LogConfig: Setting CVar [[r.ReflectionEnvironmentLightmapMixBasedOnRoughness:1]]
01-25 01:24:56.582  9665  9683 D UE4     : [2019.01.25-06.24.56:582][  0]LogConfig: Setting CVar [[r.ForwardShading:0]]
01-25 01:24:56.582  9665  9683 D UE4     : [2019.01.25-06.24.56:582][  0]LogConfig: Setting CVar [[r.VertexFoggingForOpaque:1]]
01-25 01:24:56.582  9665  9683 D UE4     : [2019.01.25-06.24.56:582][  0]LogConfig: Setting CVar [[r.AllowStaticLighting:1]]
01-25 01:24:56.582  9665  9683 D UE4     : [2019.01.25-06.24.56:582][  0]LogConfig: Setting CVar [[r.NormalMapsForStaticLighting:0]]
01-25 01:24:56.582  9665  9683 D UE4     : [2019.01.25-06.24.56:582][  0]LogConfig: Setting CVar [[r.GenerateMeshDistanceFields:0]]
01-25 01:24:56.582  9665  9683 D UE4     : [2019.01.25-06.24.56:582][  0]LogConfig: Setting CVar [[r.DistanceFieldBuild.EightBit:0]]
01-25 01:24:56.582  9665  9683 D UE4     : [2019.01.25-06.24.56:582][  0]LogConfig: Setting CVar [[r.GenerateLandscapeGIData:0]]
01-25 01:24:56.582  9665  9683 D UE4     : [2019.01.25-06.24.56:582][  0]LogConfig: Setting CVar [[r.DistanceFieldBuild.Compress:0]]
01-25 01:24:56.582  9665  9683 D UE4     : [2019.01.25-06.24.56:582][  0]LogConfig: Setting CVar [[r.TessellationAdaptivePixelsPerTriangle:48.000000]]
01-25 01:24:56.582  9665  9683 D UE4     : [2019.01.25-06.24.56:582][  0]LogConfig: Setting CVar [[r.SeparateTranslucency:0]]
01-25 01:24:56.582  9665  9683 D UE4     : [2019.01.25-06.24.56:582][  0]LogConfig: Setting CVar [[r.TranslucentSortPolicy:0]]
01-25 01:24:56.583  9665  9683 D UE4     : [2019.01.25-06.24.56:582][  0]LogConfig: Setting CVar [[r.CustomDepth:1]]
01-25 01:24:56.583  9665  9683 D UE4     : [2019.01.25-06.24.56:583][  0]LogConfig: Setting CVar [[r.CustomDepthTemporalAAJitter:1]]
01-25 01:24:56.583  9665  9683 D UE4     : [2019.01.25-06.24.56:583][  0]LogConfig: Setting CVar [[r.PostProcessing.PropagateAlpha:1]]
01-25 01:24:56.583  9665  9683 D UE4     : [2019.01.25-06.24.56:583][  0]LogConfig: Setting CVar [[r.DefaultFeature.Bloom:0]]
01-25 01:24:56.583  9665  9683 D UE4     : [2019.01.25-06.24.56:583][  0]LogConfig: Setting CVar [[r.DefaultFeature.AmbientOcclusion:0]]
01-25 01:24:56.583  9665  9683 D UE4     : [2019.01.25-06.24.56:583][  0]LogConfig: Setting CVar [[r.DefaultFeature.AmbientOcclusionStaticFraction:1]]
01-25 01:24:56.583  9665  9683 D UE4     : [2019.01.25-06.24.56:583][  0]LogConfig: Setting CVar [[r.DefaultFeature.AutoExposure:0]]
01-25 01:24:56.583  9665  9683 D UE4     : [2019.01.25-06.24.56:583][  0]LogConfig: Setting CVar [[r.DefaultFeature.AutoExposure.Method:0]]
01-25 01:24:56.583  9665  9683 D UE4     : [2019.01.25-06.24.56:583][  0]LogConfig: Setting CVar [[r.DefaultFeature.MotionBlur:0]]
01-25 01:24:56.583  9665  9683 D UE4     : [2019.01.25-06.24.56:583][  0]LogConfig: Setting CVar [[r.DefaultFeature.LensFlare:0]]
01-25 01:24:56.583  9665  9683 D UE4     : [2019.01.25-06.24.56:583][  0]LogConfig: Setting CVar [[r.DefaultFeature.AntiAliasing:0]]
01-25 01:24:56.583  9665  9683 D UE4     : [2019.01.25-06.24.56:583][  0]LogConfig: Setting CVar [[r.Shadow.UnbuiltPreviewInGame:1]]
01-25 01:24:56.583  9665  9683 D UE4     : [2019.01.25-06.24.56:583][  0]LogConfig: Setting CVar [[r.StencilForLODDither:0]]
01-25 01:24:56.583  9665  9683 D UE4     : [2019.01.25-06.24.56:583][  0]LogConfig: Setting CVar [[r.EarlyZPass:3]]
01-25 01:24:56.583  9665  9683 D UE4     : [2019.01.25-06.24.56:583][  0]LogConfig: Setting CVar [[r.EarlyZPassMovable:1]]
01-25 01:24:56.584  9665  9683 D UE4     : [2019.01.25-06.24.56:584][  0]LogConfig: Setting CVar [[r.EarlyZPassOnlyMaterialMasking:0]]
01-25 01:24:56.584  9665  9683 D UE4     : [2019.01.25-06.24.56:584][  0]LogConfig: Setting CVar [[r.DBuffer:1]]
01-25 01:24:56.584  9665  9683 D UE4     : [2019.01.25-06.24.56:584][  0]LogConfig: Setting CVar [[r.ClearSceneMethod:1]]
01-25 01:24:56.584  9665  9683 D UE4     : [2019.01.25-06.24.56:584][  0]LogConfig: Setting CVar [[r.BasePassOutputsVelocity:0]]
01-25 01:24:56.584  9665  9683 D UE4     : [2019.01.25-06.24.56:584][  0]LogConfig: Setting CVar [[r.SelectiveBasePassOutputs:0]]
01-25 01:24:56.584  9665  9683 D UE4     : [2019.01.25-06.24.56:584][  0]LogConfig: Setting CVar [[r.AllowGlobalClipPlane:0]]
01-25 01:24:56.584  9665  9683 D UE4     : [2019.01.25-06.24.56:584][  0]LogConfig: Setting CVar [[r.GBufferFormat:1]]
01-25 01:24:56.584  9665  9683 D UE4     : [2019.01.25-06.24.56:584][  0]LogConfig: Setting CVar [[r.MorphTarget.Mode:1]]
01-25 01:24:56.584  9665  9683 D UE4     : [2019.01.25-06.24.56:584][  0]LogConfig: Setting CVar [[vr.InstancedStereo:0]]
01-25 01:24:56.584  9665  9683 D UE4     : [2019.01.25-06.24.56:584][  0]LogConfig: Setting CVar [[vr.MultiView:0]]
01-25 01:24:56.584  9665  9683 D UE4     : [2019.01.25-06.24.56:584][  0]LogConfig: Setting CVar [[vr.MobileMultiView:0]]
01-25 01:24:56.584  9665  9683 D UE4     : [2019.01.25-06.24.56:584][  0]LogConfig: Setting CVar [[vr.MobileMultiView.Direct:0]]
01-25 01:24:56.584  9665  9683 D UE4     : [2019.01.25-06.24.56:584][  0]LogConfig: Setting CVar [[vr.MonoscopicFarField:0]]
01-25 01:24:56.584  9665  9683 D UE4     : [2019.01.25-06.24.56:584][  0]LogConfig: Setting CVar [[r.WireframeCullThreshold:5.000000]]
01-25 01:24:56.584  9665  9683 D UE4     : [2019.01.25-06.24.56:584][  0]LogConfig: Setting CVar [[r.SupportStationarySkylight:1]]
01-25 01:24:56.584  9665  9683 D UE4     : [2019.01.25-06.24.56:584][  0]LogConfig: Setting CVar [[r.SupportLowQualityLightmaps:1]]
01-25 01:24:56.585  9665  9683 D UE4     : [2019.01.25-06.24.56:584][  0]LogConfig: Setting CVar [[r.SupportPointLightWholeSceneShadows:1]]
01-25 01:24:56.585  9665  9683 D UE4     : [2019.01.25-06.24.56:585][  0]LogConfig: Setting CVar [[r.SupportAtmosphericFog:1]]
01-25 01:24:56.585  9665  9683 D UE4     : [2019.01.25-06.24.56:585][  0]LogConfig: Setting CVar [[r.SkinCache.CompileShaders:0]]
01-25 01:24:56.585  9665  9683 D UE4     : [2019.01.25-06.24.56:585][  0]LogConfig: Setting CVar [[r.Mobile.EnableStaticAndCSMShadowReceivers:1]]
01-25 01:24:56.585  9665  9683 D UE4     : [2019.01.25-06.24.56:585][  0]LogConfig: Setting CVar [[r.Mobile.AllowDistanceFieldShadows:1]]
01-25 01:24:56.585  9665  9683 D UE4     : [2019.01.25-06.24.56:585][  0]LogConfig: Setting CVar [[r.Mobile.AllowMovableDirectionalLights:1]]
01-25 01:24:56.585  9665  9683 D UE4     : [2019.01.25-06.24.56:585][  0]LogConfig: Setting CVar [[r.MobileNumDynamicPointLights:4]]
01-25 01:24:56.585  9665  9683 D UE4     : [2019.01.25-06.24.56:585][  0]LogConfig: Setting CVar [[r.MobileDynamicPointLightsUseStaticBranch:1]]
01-25 01:24:56.585  9665  9683 D UE4     : [2019.01.25-06.24.56:585][  0]LogConfig: Setting CVar [[r.SkinCache.SceneMemoryLimitInMB:128.000000]]
01-25 01:24:56.585  9665  9683 D UE4     : [2019.01.25-06.24.56:585][  0]LogConfig: Setting CVar [[r.GPUSkin.Limit2BoneInfluences:0]]
01-25 01:24:56.585  9665  9683 D UE4     : [2019.01.25-06.24.56:585][  0]LogConfig: Setting CVar [[r.SupportDepthOnlyIndexBuffers:1]]
01-25 01:24:56.585  9665  9683 D UE4     : [2019.01.25-06.24.56:585][  0]LogConfig: Setting CVar [[r.SupportReversedIndexBuffers:1]]
01-25 01:24:56.585  9665  9683 D UE4     : [2019.01.25-06.24.56:585][  0]LogConfig: Applying CVar settings from Section [/Script/Engine.RendererOverrideSettings] File [../../../StackerGame/Saved/Config/Android/Engine.ini]
01-25 01:24:56.585  9665  9683 D UE4     : [2019.01.25-06.24.56:585][  0]LogConfig: Applying CVar settings from Section [/Script/Engine.StreamingSettings] File [../../../StackerGame/Saved/Config/Android/Engine.ini]
01-25 01:24:56.585  9665  9683 D UE4     : [2019.01.25-06.24.56:585][  0]LogConfig: Setting CVar [[s.MinBulkDataSizeForAsyncLoading:131072]]
01-25 01:24:56.585  9665  9683 D UE4     : [2019.01.25-06.24.56:585][  0]LogConfig: Setting CVar [[s.AsyncLoadingThreadEnabled:0]]
01-25 01:24:56.585  9665  9683 D UE4     : [2019.01.25-06.24.56:585][  0]LogConfig: Setting CVar [[s.EventDrivenLoaderEnabled:1]]
01-25 01:24:56.585  9665  9683 D UE4     : [2019.01.25-06.24.56:585][  0]LogConfig: Setting CVar [[s.WarnIfTimeLimitExceeded:0]]
01-25 01:24:56.586  9665  9683 D UE4     : [2019.01.25-06.24.56:586][  0]LogConfig: Setting CVar [[s.TimeLimitExceededMultiplier:1.5]]
01-25 01:24:56.586  9665  9683 D UE4     : [2019.01.25-06.24.56:586][  0]LogConfig: Setting CVar [[s.TimeLimitExceededMinTime:0.005]]
01-25 01:24:56.586  9665  9683 D UE4     : [2019.01.25-06.24.56:586][  0]LogConfig: Setting CVar [[s.UseBackgroundLevelStreaming:1]]
01-25 01:24:56.586  9665  9683 D UE4     : [2019.01.25-06.24.56:586][  0]LogConfig: Setting CVar [[s.PriorityAsyncLoadingExtraTime:15.0]]
01-25 01:24:56.586  9665  9683 D UE4     : [2019.01.25-06.24.56:586][  0]LogConfig: Setting CVar [[s.LevelStreamingActorsUpdateTimeLimit:5.0]]
01-25 01:24:56.586  9665  9683 D UE4     : [2019.01.25-06.24.56:586][  0]LogConfig: Setting CVar [[s.PriorityLevelStreamingActorsUpdateExtraTime:5.0]]
01-25 01:24:56.586  9665  9683 D UE4     : [2019.01.25-06.24.56:586][  0]LogConfig: Setting CVar [[s.LevelStreamingComponentsRegistrationGranularity:10]]
01-25 01:24:56.586  9665  9683 D UE4     : [2019.01.25-06.24.56:586][  0]LogConfig: Setting CVar [[s.UnregisterComponentsTimeLimit:1.0]]
01-25 01:24:56.586  9665  9683 D UE4     : [2019.01.25-06.24.56:586][  0]LogConfig: Setting CVar [[s.LevelStreamingComponentsUnregistrationGranularity:5]]
01-25 01:24:56.586  9665  9683 D UE4     : [2019.01.25-06.24.56:586][  0]LogConfig: Applying CVar settings from Section [/Script/Engine.GarbageCollectionSettings] File [../../../StackerGame/Saved/Config/Android/Engine.ini]
01-25 01:24:56.586  9665  9683 D UE4     : [2019.01.25-06.24.56:586][  0]LogConfig: Setting CVar [[gc.MaxObjectsNotConsideredByGC:1]]
01-25 01:24:56.586  9665  9683 D UE4     : [2019.01.25-06.24.56:586][  0]LogConfig: Setting CVar [[gc.SizeOfPermanentObjectPool:0]]
01-25 01:24:56.586  9665  9683 D UE4     : [2019.01.25-06.24.56:586][  0]LogConfig: Setting CVar [[gc.FlushStreamingOnGC:0]]
01-25 01:24:56.586  9665  9683 D UE4     : [2019.01.25-06.24.56:586][  0]LogConfig: Setting CVar [[gc.NumRetriesBeforeForcingGC:10]]
01-25 01:24:56.586  9665  9683 D UE4     : [2019.01.25-06.24.56:586][  0]LogConfig: Setting CVar [[gc.AllowParallelGC:1]]
01-25 01:24:56.586  9665  9683 D UE4     : [2019.01.25-06.24.56:586][  0]LogConfig: Setting CVar [[gc.TimeBetweenPurgingPendingKillObjects:61.1]]
01-25 01:24:56.587  9665  9683 D UE4     : [2019.01.25-06.24.56:586][  0]LogConfig: Setting CVar [[gc.MaxObjectsInEditor:8388607]]
01-25 01:24:56.587  9665  9683 D UE4     : [2019.01.25-06.24.56:587][  0]LogConfig: Setting CVar [[gc.IncrementalBeginDestroyEnabled:1]]
01-25 01:24:56.587  9665  9683 D UE4     : [2019.01.25-06.24.56:587][  0]LogConfig: Setting CVar [[gc.CreateGCClusters:1]]
01-25 01:24:56.587  9665  9683 D UE4     : [2019.01.25-06.24.56:587][  0]LogConfig: Setting CVar [[gc.MergeGCClusters:0]]
01-25 01:24:56.587  9665  9683 D UE4     : [2019.01.25-06.24.56:587][  0]LogConfig: Setting CVar [[gc.MinGCClusterSize:5]]
01-25 01:24:56.587  9665  9683 D UE4     : [2019.01.25-06.24.56:587][  0]LogConfig: Setting CVar [[gc.ActorClusteringEnabled:0]]
01-25 01:24:56.587  9665  9683 D UE4     : [2019.01.25-06.24.56:587][  0]LogConfig: Setting CVar [[gc.BlueprintClusteringEnabled:0]]
01-25 01:24:56.587  9665  9683 D UE4     : [2019.01.25-06.24.56:587][  0]LogConfig: Setting CVar [[gc.UseDisregardForGCOnDedicatedServers:0]]
01-25 01:24:56.587  9665  9683 D UE4     : [2019.01.25-06.24.56:587][  0]LogConfig: Setting CVar [[gc.MaxObjectsInGame:131072]]
01-25 01:24:56.587  9665  9683 D UE4     : [2019.01.25-06.24.56:587][  0]LogConfig: Applying CVar settings from Section [/Script/Engine.NetworkSettings] File [../../../StackerGame/Saved/Config/Android/Engine.ini]
01-25 01:24:56.588  9665  9683 D UE4     : [2019.01.25-06.24.56:588][  0]LogAndroid: Mobile HDR: YES
01-25 01:24:56.588  9665  9683 D UE4     : [2019.01.25-06.24.56:588][  0]LogAndroid: Setting Width=720 and Height=1280 (requested scale = 1.000000)
01-25 01:24:56.588  9665  9683 D UE4     : [2019.01.25-06.24.56:588][  0]LogConfig: Applying CVar settings from Section [ViewDistanceQuality@3] File [../../../StackerGame/Saved/Config/Android/Scalability.ini]
01-25 01:24:56.588  9665  9683 D UE4     : [2019.01.25-06.24.56:588][  0]LogConfig: Setting CVar [[r.SkeletalMeshLODBias:0]]
01-25 01:24:56.588  9665  9683 D UE4     : [2019.01.25-06.24.56:588][  0]LogConfig: Setting CVar [[r.ViewDistanceScale:1.0]]
