01-25 02:04:43.501  3755  3755 D TelephonyManager: getCellLocation : Caller (PID / UID / TID): 3755 / 1000 / 3755
01-25 02:04:43.505  4621  4806 D NetworkController.MobileSignalController(0/1): onSignalStrengthsChanged signalStrength=SignalStrength: 99 99 -120 -160 -120 -1 -1 16 -109 -9 12 2147483647 2147483647 0x2000 gsm|lte level=2
01-25 02:04:43.506  4621  4806 D NetworkController.MobileSignalController(0/1): getMobileIconGroup(): 13
01-25 02:04:43.506  4621  4806 D NetworkController.MobileSignalController(0/1): updateVZWMobileIconGroup(): 13
01-25 02:04:43.530  5032  5668 D EPDG -- [SMARTWIFI]: onSignalStrengthsChanged: Received signal strength change, phone type is: 2
01-25 02:04:43.531  5032  6400 D EPDG -- [SMARTWIFI]: lastLteRSRP is -109currentLteRSRP is -109
01-25 02:04:43.531  5032  6400 D EPDG -- [SMARTWIFI]: lastLteRSRQ is -9currentLteRSRQ is -9
01-25 02:04:43.531  5032  6400 D EPDG -- [SMARTWIFI]: lastCdmaDb is -16currentCdmaDb is -16
01-25 02:04:43.531  5032  6400 V EPDG -- [SMARTWIFI]: Radio oldest entry removed
01-25 02:04:43.531  5032  6400 V EPDG -- [SMARTWIFI]: New entry : (SignalStrength: 99 99 -120 -160 -120 -1 -1 16 -109 -9 12 2147483647 2147483647 0x2000 gsm|lte : 0 )
01-25 02:04:43.531  5032  6400 V EPDG -- [SMARTWIFI]: Radio entry added
01-25 02:04:43.537  5032  6399 D EPDG -- [MODEM]: message length is  9
01-25 02:04:43.538  5032  6399 D EPDG -- [MODEM]: countRead is 7 offset is 7remaining is 0
01-25 02:04:43.538  5032  6399 D EPDG -- EpdgIpcMessageFactory: ipcMainCmd: 8
01-25 02:04:43.538  5032  6399 D EPDG -- [UTILS]: isUSerBinary: true
01-25 02:04:43.539  5032  6399 D EPDG -- [RILRECEIVER]: [Rx]: Main: IPC_NET_CMD Sub: IPC_NET_REGIST
01-25 02:04:43.539  5032  6399 D EPDG -- [RILRECEIVER]: [Rx]: Param: FF 03 
01-25 02:04:43.539  5032  6399 I EPDG -- [RILRECEIVER]: RX [NET_REGIST] -- RESPONSE -- EPDG AVAILABLE
01-25 02:04:43.539  5032  6399 D EPDG -- [NETIPCMESSAGE]: encodeNetRegist
01-25 02:04:43.539  5032  6399 D EPDG -- [UTILS]: isUSerBinary: true
01-25 02:04:43.540  5032  6399 D EPDG -- [IPCDISPATCHER]: [Tx]: Main: IPC_NET_CMD Sub: IPC_NET_REGIST Cmd Type: IPC_CMD_RESP
01-25 02:04:43.540  5032  6399 D EPDG -- [IPCDISPATCHER]: [Tx]: Param: 30 03 02 00 00 00 00 00 00 00 00 00 00 
01-25 02:04:43.540  5032  6399 D EPDG -- [MODEM]: EpdgModem instance already exists !
01-25 02:04:43.541  5032  5668 D EPDG -- [EPDGService]: Event received: RIL_EPDG_STATUS_QUERY
01-25 02:04:43.541  5032  5668 D EPDG -- [EPDGService]: handleMessage: cid - 2
01-25 02:04:43.541  5032  6398 D EPDG -- [MODEM]: Successfully written to RIL
01-25 02:04:43.549  4621  4806 D NetworkController.MobileSignalController(0/1): callState:0, callStateByPhone:false voLTECall:false voiceNetTpe:13 dataNetType:13, ine911:false, emergencyCallbackMode:false
01-25 02:04:43.577  5032  6399 D EPDG -- [MODEM]: message length is  9
01-25 02:04:43.577  5032  6399 D EPDG -- [MODEM]: countRead is 7 offset is 7remaining is 0
01-25 02:04:43.577  5032  6399 D EPDG -- EpdgIpcMessageFactory: ipcMainCmd: 8
01-25 02:04:43.577  5032  6399 D EPDG -- [UTILS]: isUSerBinary: true
01-25 02:04:43.577  5032  6399 D EPDG -- [RILRECEIVER]: [Rx]: Main: IPC_NET_CMD Sub: IPC_NET_REGIST
01-25 02:04:43.577  5032  6399 D EPDG -- [RILRECEIVER]: [Rx]: Param: FF 03 
01-25 02:04:43.577  5032  6399 I EPDG -- [RILRECEIVER]: RX [NET_REGIST] -- RESPONSE -- EPDG AVAILABLE
01-25 02:04:43.577  5032  6399 D EPDG -- [NETIPCMESSAGE]: encodeNetRegist
01-25 02:04:43.577  5032  6399 D EPDG -- [UTILS]: isUSerBinary: true
01-25 02:04:43.578  5032  6399 D EPDG -- [IPCDISPATCHER]: [Tx]: Main: IPC_NET_CMD Sub: IPC_NET_REGIST Cmd Type: IPC_CMD_RESP
01-25 02:04:43.578  5032  6399 D EPDG -- [IPCDISPATCHER]: [Tx]: Param: 30 03 02 00 00 00 00 00 00 00 00 00 00 
01-25 02:04:43.578  5032  6399 D EPDG -- [MODEM]: EpdgModem instance already exists !
01-25 02:04:43.578  5032  6398 D EPDG -- [MODEM]: Successfully written to RIL
01-25 02:04:43.579  5032  5668 D EPDG -- [EPDGService]: Event received: RIL_EPDG_STATUS_QUERY
01-25 02:04:43.579  5032  5668 D EPDG -- [EPDGService]: handleMessage: cid - 2
01-25 02:04:43.609  5007  5007 D PdnController: onCellLocationChanged:
01-25 02:04:43.609  5007  5007 D RegiMgrBase: onCellLocationChanged:
01-25 02:04:43.610  5007  5007 D VolteServiceModule: onCellLocationChanged:
01-25 02:04:43.610  3755  4982 D SLocation: onCellLocationChanged 1 / 0
01-25 02:04:43.610  5007  5298 D RegiMgrBase: handleMessage: EVENT_CELL_LOCATION_CHANGED
01-25 02:04:43.613  3755  4982 D TelephonyManager: getAllCellInfo : Caller (PID / UID / TID): 3755 / 1000 / 4982
01-25 02:04:43.613  4621  4806 D NetworkController.MobileSignalController(0/1): onCellLocationChanged
01-25 02:04:43.614  5007  5298 D PaniGenerator: generate: network=13, fallbackPlmn=311480
01-25 02:04:43.620  5007  5298 D PaniGenerator: Don't use getDataPlmn if not in CS:1x and PS:LTE
01-25 02:04:43.623  5007  5298 D PaniGenerator: generate: change to NW PLMN(311480)
01-25 02:04:43.623  5007  5298 D TelephonyManager: getCellLocation : Caller (PID / UID / TID): 5007 / 1000 / 5298
01-25 02:04:43.628  3755  6794 D TelephonyManager: getCellLocation : Caller (PID / UID / TID): 3755 / 1000 / 6794
01-25 02:04:43.632  5007  5298 D TelephonyManager: getCellLocation : Caller (PID / UID / TID): 5007 / 1000 / 5298
01-25 02:04:43.634  3755  4982 D SLocation: cellList : 5
01-25 02:04:43.636  3755  4982 W SLocation: handleEvent EXIT : currentDirection 1
01-25 02:04:43.637  3755  4982 D SLocation: geofence id (2) detected : 2
01-25 02:04:43.639  3755  3755 D WifiStateMachine: BroadcastReceiver - WIFI_INTENT_ACTION_GEOFENCE_TRIGGERED : id [2], direction [2]
01-25 02:04:43.640  3755  3755 D WifiStateMachine: isGeofenceExit : return false
01-25 02:04:43.641  3755  4982 W SLocation: handleEvent EXIT : currentDirection 2
01-25 02:04:43.641  5007  5298 D TelephonyManager: getCellLocation : Caller (PID / UID / TID): 5007 / 1000 / 5298
01-25 02:04:43.641  3755  3755 D WifiStateMachine: sendBroadcastForInOutRange() - state : 1 getNetworkType() : 13
01-25 02:04:43.642  3755  4982 W SLocation: handleEvent EXIT : currentDirection 2
01-25 02:04:43.644  3755  4982 W SLocation: handleEvent EXIT : currentDirection 2
01-25 02:04:43.646  3755  4982 W SLocation: handleEvent EXIT : currentDirection 2
01-25 02:04:43.646  3755  3755 D SLocation: PendingIntent onSendFinished id:2
01-25 02:04:43.648  3755  4982 W SLocation: handleEvent EXIT : currentDirection 2
01-25 02:04:43.650  3755  4982 W SLocation: handleEvent EXIT : currentDirection 2
01-25 02:04:43.653  5007  5800 D ImsSettingsProvider: insert at content://com.sec.ims.settings/debugconfig
01-25 02:04:43.653  3755  4982 W SLocation: handleEvent EXIT : currentDirection 2
01-25 02:04:43.653  5007  5800 D ImsSettingsProvider: match 21
01-25 02:04:43.656  3755  4982 W SLocation: handleEvent EXIT : currentDirection 2
01-25 02:04:43.656  5007  5800 D ImsSettingsProvider: insert : caller id : 5007, name : com.sec.imsservice
01-25 02:04:43.656  5007  5800 D DebugConfigStorage: insert()
01-25 02:04:43.658  3755  4982 W SLocation: handleEvent EXIT : currentDirection 2
01-25 02:04:43.660  3755  4982 W SLocation: handleEvent EXIT : currentDirection 1
01-25 02:04:43.660  3755  4982 D SLocation: geofence id (17) detected : 2
01-25 02:04:43.662  3755  3755 D WifiStateMachine: BroadcastReceiver - WIFI_INTENT_ACTION_GEOFENCE_TRIGGERED : id [17], direction [2]
01-25 02:04:43.663  3755  3755 D WifiStateMachine: isGeofenceExit : return false
01-25 02:04:43.663  3755  4982 W SLocation: handleEvent EXIT : currentDirection 2
01-25 02:04:43.664  3755  3755 D WifiStateMachine: sendBroadcastForInOutRange() - state : 1 getNetworkType() : 13
01-25 02:04:43.669  3755  4982 W SLocation: handleEvent EXIT : currentDirection 2
01-25 02:04:43.670  3755  3755 D SLocation: PendingIntent onSendFinished id:17
01-25 02:04:43.671  3755  4982 W SLocation: handleEvent EXIT : currentDirection 2
01-25 02:04:43.672  5007  5800 D ImsSettingsProvider: match 21
01-25 02:04:43.672  5007  5800 D ImsSettingsProvider: query Uri[content://com.sec.ims.settings/debugconfig], selection [null]
01-25 02:04:43.672  5007  5800 D DebugConfigStorage: query()
01-25 02:04:43.673  5007  5800 D StackIF : updatePani: 24586 pani: [3GPP-E-UTRAN-FDD;utran-cell-id-3gpp=311480ae072a7b016]
01-25 02:04:43.673  5007  5810 D StackIF.Sender: handleMessage: what 1
01-25 02:04:43.673  5007  5810 D SECIMSJ : [1192]> REQUEST_UPDATE_PANI
01-25 02:04:43.673  3755  4982 W SLocation: handleEvent EXIT : currentDirection 2
01-25 02:04:43.674  3236  3348 E [IMS6.0]: ImsEventLoop: select (1), errno (11)
01-25 02:04:43.674  3236  3348 I [IMS6.0]: DispatchUpdatePani()
01-25 02:04:43.675  3236  3353 E [IMS6.0]: IMS_onResponse() Resp Id:600
01-25 02:04:43.675  3236  3353 I [IMS6.0]: ResponseGeneralResponse()
01-25 02:04:43.675  3236  3353 I [IMS6.0]: ResponseGeneralResponse() handle:600a
01-25 02:04:43.675  5007  5812 D SECIMSJ : [1192]< REQUEST_UPDATE_PANI
01-25 02:04:43.675  5007  5812 D StackIF : processResponse: reqId 84
01-25 02:04:43.675  5007  5812 D StackIF : processResponse: handle 24586 result REQUEST_SUCCESS reason REASON_NO_ERROR
01-25 02:04:43.675  3755  4982 W SLocation: handleEvent EXIT : currentDirection 2
01-25 02:04:43.734  3755  4982 W SLocation: handleEvent EXIT : currentDirection 1
01-25 02:04:43.734  3755  4982 D SLocation: geofence id (9) detected : 2
01-25 02:04:43.736  3755  3755 D WifiStateMachine: BroadcastReceiver - WIFI_INTENT_ACTION_GEOFENCE_TRIGGERED : id [9], direction [2]
01-25 02:04:43.737  3755  3755 D WifiStateMachine: isGeofenceExit : return false
01-25 02:04:43.738  3755  4982 W SLocation: handleEvent ENTER : currentDirection 1
01-25 02:04:43.738  3755  3755 D WifiStateMachine: sendBroadcastForInOutRange() - state : 1 getNetworkType() : 13
01-25 02:04:43.739  3755  4982 W SLocation: handleEvent EXIT : currentDirection 2
01-25 02:04:43.741  3755  4982 W SLocation: handleEvent EXIT : currentDirection 2
01-25 02:04:43.743  3755  4982 W SLocation: handleEvent EXIT : currentDirection 2
01-25 02:04:43.743  3755  3755 D SLocation: PendingIntent onSendFinished id:9
01-25 02:04:43.745  3755  4982 W SLocation: handleEvent EXIT : currentDirection 2
01-25 02:04:43.746  3755  4982 W SLocation: handleEvent EXIT : currentDirection 2
01-25 02:04:43.748  3755  4982 W SLocation: handleEvent EXIT : currentDirection 2
01-25 02:04:43.750  3755  4982 W SLocation: handleEvent EXIT : currentDirection 2
01-25 02:04:43.752  3755  4982 W SLocation: handleEvent EXIT : currentDirection 1
01-25 02:04:43.752  3755  4982 D SLocation: geofence id (19) detected : 2
01-25 02:04:43.754  3755  3755 D WifiStateMachine: BroadcastReceiver - WIFI_INTENT_ACTION_GEOFENCE_TRIGGERED : id [19], direction [2]
01-25 02:04:43.754  3755  3755 D WifiStateMachine: isGeofenceExit : return false
01-25 02:04:43.756  3755  3755 D WifiStateMachine: sendBroadcastForInOutRange() - state : 1 getNetworkType() : 13
01-25 02:04:43.760  3755  3755 D SLocation: PendingIntent onSendFinished id:19
01-25 02:04:43.957  5021  5216 I System.out: Broadcasting: Intent { act=android.intent.action.ACTION_UNSOL_RESPONSE_OEM_HOOK_RAW launchParam=MultiScreenLaunchParams { mDisplayId=0 mFlags=0 } (has extras) }
01-25 02:04:43.965  3755  7363 D AlarmManager: setTimeZone : America/New_York calling from uid: 1001 pid :5021
01-25 02:04:43.966  3755  7363 W SamsungAlarmManager: setTimeZone : America/New_York CU:1001/CP:5021
01-25 02:04:43.966  3755  7363 D AlarmManagerService: Kernel timezone updated to 300 minutes west of GMT
01-25 02:04:43.979  5021  6097 I System.out: Broadcast completed: result=0
01-25 02:04:43.981  3755  6281 W SamsungAlarmManager: setTime : 1548399884026 CU:1001/CP:5021
01-25 02:04:43.981  3755  6281 D AlarmManagerService: Setting time of day to sec=1548399884
01-25 02:04:43.981  3755  6281 D AlarmManagerService: Trying to open a DRM_TIME_PATH file
01-25 02:04:43.981  3755  6281 E AlarmManagerService: DRM_TIME_PATH File Open Failed
01-25 02:04:44.028  3755  4354 D SamsungAlarmManager: Expired : 65536
01-25 02:04:44.034  3755  3755 I DrmEventService: handleNitztimeUpdation
01-25 02:04:44.039  3755  3774 D CompatibilityInfo: mCompatibilityFlags - 0
01-25 02:04:44.040  3755  3774 D CompatibilityInfo: applicationDensity - 420
01-25 02:04:44.040  3755  3774 D CompatibilityInfo: applicationScale - 1.0
01-25 02:04:44.047  3755  3755 I DcmNextiPlayReadyReceiver: DcmNextiPlayReadyReceiver : ignore intent.getAction = android.intent.action.NETWORK_SET_TIME
01-25 02:04:44.050  3755  3755 D MountService: getExternalStorageMountMode : 1
01-25 02:04:44.050  3755  3755 D MountService: getExternalStorageMountMode : 3
01-25 02:04:44.050  3755  3755 D MountService: getExternalStorageMountMode : final mountMode=1, uid : 10249, packageName : com.samsung.android.bluelightfilter
01-25 02:04:44.080  3755  3755 I ActivityManager: Start proc 27137:com.samsung.android.bluelightfilter/u0a249 for broadcast com.samsung.android.bluelightfilter/.BlueLightFilterReceiver
01-25 02:04:44.080 27137 27137 E Zygote  : v2
01-25 02:04:44.080 27137 27137 I libpersona: KNOX_SDCARD checking this for 10249
01-25 02:04:44.083 27137 27137 I libpersona: KNOX_SDCARD not a persona
01-25 02:04:44.085 27137 27137 E Zygote  : accessInfo : 0
01-25 02:04:44.086 27137 27137 W SELinux : SELinux selinux_android_compute_policy_index : Policy Index[2],  Con:u:r:zygote:s0 RAM:SEPF_SECMOBILE_7.0_0009, [-1 -1 -1 -1 0 1]
01-25 02:04:44.089 27137 27137 I SELinux : SELinux: seapp_context_lookup: seinfo=platform, level=s0:c512,c768, pkgname=com.samsung.android.bluelightfilter 
01-25 02:04:44.127 27137 27137 D TimaKeyStoreProvider: TimaKeyStore is not enabled: cannot add TimaSignature Service and generateKeyPair Service
01-25 02:04:44.131  3755  7364 D CompatibilityInfo: mCompatibilityFlags - 0
01-25 02:04:44.131  3755  7364 D CompatibilityInfo: applicationDensity - 420
01-25 02:04:44.131  3755  7364 D CompatibilityInfo: applicationScale - 1.0
01-25 02:04:44.132  3755  7364 I ActivityManager: DSS on for com.samsung.android.bluelightfilter and scale is 1.0
01-25 02:04:44.133  3755  7364 D CompatibilityInfo: mCompatibilityFlags - 0
01-25 02:04:44.133  3755  7364 D CompatibilityInfo: applicationDensity - 420
01-25 02:04:44.133  3755  7364 D CompatibilityInfo: applicationScale - 1.0
01-25 02:04:44.141  3755  7364 D CompatibilityInfo: mCompatibilityFlags - 0
01-25 02:04:44.141  3755  7364 D CompatibilityInfo: applicationDensity - 420
01-25 02:04:44.141  3755  7364 D CompatibilityInfo: applicationScale - 1.0
01-25 02:04:44.162 27137 27137 I art     : Starting a blocking GC AddRemoveAppImageSpace
01-25 02:04:44.163 27137 27137 W System  : ClassLoader referenced unknown path: /system/priv-app/BlueLightFilter/lib/arm64
01-25 02:04:44.189 27137 27137 D BlueLightFilterService: android.intent.action.NETWORK_SET_TIME
01-25 02:04:44.193  3755  4453 I ActivityManager: Killing 25095:com.samsung.android.game.gamehome/u0a247 (adj 906): DHA:empty #31
01-25 02:04:44.210  3755  5048 D ActivityManager: cleanUpApplicationRecord -- 25095
01-25 02:04:44.211  5967  5990 D ForegroundUtils: could not check pending caller
01-25 02:04:44.477  3755  3755 D TelephonyManager: getCellLocation : Caller (PID / UID / TID): 3755 / 1000 / 3755
01-25 02:04:44.493  4621  4806 D NetworkController.MobileSignalController(0/1): onSignalStrengthsChanged signalStrength=SignalStrength: 99 99 -120 -160 -120 -1 -1 15 -124 -10 152 2147483647 2147483647 0x3000 gsm|lte level=3
01-25 02:04:44.496  5032  5668 D EPDG -- [SMARTWIFI]: onSignalStrengthsChanged: Received signal strength change, phone type is: 2
01-25 02:04:44.496  5032  6400 D EPDG -- [SMARTWIFI]: lastLteRSRP is -109currentLteRSRP is -124
01-25 02:04:44.496  5032  6400 D EPDG -- [SMARTWIFI]: lastLteRSRQ is -9currentLteRSRQ is -10
01-25 02:04:44.496  5032  6400 D EPDG -- [SMARTWIFI]: lastCdmaDb is -16currentCdmaDb is -16
01-25 02:04:44.496  5032  6400 V EPDG -- [SMARTWIFI]: Radio oldest entry removed
01-25 02:04:44.496  5032  6400 V EPDG -- [SMARTWIFI]: New entry : (SignalStrength: 99 99 -120 -160 -120 -1 -1 15 -124 -10 152 2147483647 2147483647 0x3000 gsm|lte : 0 )
01-25 02:04:44.496  5032  6400 V EPDG -- [SMARTWIFI]: Radio entry added
01-25 02:04:44.507  4621  4806 D NetworkController.MobileSignalController(0/1): getMobileIconGroup(): 13
01-25 02:04:44.507  4621  4806 D NetworkController.MobileSignalController(0/1): updateVZWMobileIconGroup(): 13
01-25 02:04:44.515  4621  4806 D NetworkController.MobileSignalController(0/1): callState:0, callStateByPhone:false voLTECall:false voiceNetTpe:13 dataNetType:13, ine911:false, emergencyCallbackMode:false
01-25 02:04:44.736  5679  5679 D io_stats: !@   8,0 r 748293 24871424 w 572292 15433972 d 91856 8796528 f 145927 145892 iot 1011030 626901 th 61440 61440 54636 pt 2280 inp 0 0 63752.868
01-25 02:04:45.917  3755  9977 D SSRM:t  : SIOP:: AP = 350, PST = 373 (W:10), CP = 279, CUR = 142, LCD = 0
01-25 02:04:45.922  3755  9977 D ConnectivityService: filterNetworkStateForUid() uid: 1000 networkInfo: [type: WIFI[] - WIFI, state: CONNECTED/CONNECTED, reason: (unspecified), extra: "wilkinson2.4", failover: false, available: true, roaming: false, metered: false]
01-25 02:04:47.124  3755  3755 D TelephonyManager: getCellLocation : Caller (PID / UID / TID): 3755 / 1000 / 3755
01-25 02:04:47.136  4621  4806 D NetworkController.MobileSignalController(0/1): onSignalStrengthsChanged signalStrength=SignalStrength: 99 99 -120 -160 -120 -1 -1 13 -121 -11 4 2147483647 2147483647 0x3000 gsm|lte level=3
01-25 02:04:47.137  4621  4806 D NetworkController.MobileSignalController(0/1): getMobileIconGroup(): 13
01-25 02:04:47.137  4621  4806 D NetworkController.MobileSignalController(0/1): updateVZWMobileIconGroup(): 13
01-25 02:04:47.143  5032  5668 D EPDG -- [SMARTWIFI]: onSignalStrengthsChanged: Received signal strength change, phone type is: 2
01-25 02:04:47.143  5032  6400 D EPDG -- [SMARTWIFI]: lastLteRSRP is -124currentLteRSRP is -121
01-25 02:04:47.143  5032  6400 D EPDG -- [SMARTWIFI]: lastLteRSRQ is -10currentLteRSRQ is -11
01-25 02:04:47.143  5032  6400 D EPDG -- [SMARTWIFI]: lastCdmaDb is -16currentCdmaDb is -16
01-25 02:04:47.143  5032  6400 V EPDG -- [SMARTWIFI]: Radio oldest entry removed
01-25 02:04:47.143  5032  6400 V EPDG -- [SMARTWIFI]: New entry : (SignalStrength: 99 99 -120 -160 -120 -1 -1 13 -121 -11 4 2147483647 2147483647 0x3000 gsm|lte : 0 )
01-25 02:04:47.144  5032  6400 V EPDG -- [SMARTWIFI]: Radio entry added
01-25 02:04:47.159  4621  4806 D NetworkController.MobileSignalController(0/1): callState:0, callStateByPhone:false voLTECall:false voiceNetTpe:13 dataNetType:13, ine911:false, emergencyCallbackMode:false
01-25 02:04:47.537  3755  4963 E Watchdog: !@Sync 2124 [25_Jan_02_04_47.536]
01-25 02:04:49.694  3755  3755 D TelephonyManager: getCellLocation : Caller (PID / UID / TID): 3755 / 1000 / 3755
01-25 02:04:49.695  4621  4806 D NetworkController.MobileSignalController(0/1): onSignalStrengthsChanged signalStrength=SignalStrength: 99 99 -120 -160 -120 -1 -1 14 -122 -11 -25 2147483647 2147483647 0x2000 gsm|lte level=2
01-25 02:04:49.695  4621  4806 D NetworkController.MobileSignalController(0/1): getMobileIconGroup(): 13
01-25 02:04:49.695  4621  4806 D NetworkController.MobileSignalController(0/1): updateVZWMobileIconGroup(): 13
01-25 02:04:49.708  5032  5668 D EPDG -- [SMARTWIFI]: onSignalStrengthsChanged: Received signal strength change, phone type is: 2
01-25 02:04:49.709  5032  6400 D EPDG -- [SMARTWIFI]: lastLteRSRP is -121currentLteRSRP is -122
01-25 02:04:49.709  5032  6400 D EPDG -- [SMARTWIFI]: lastLteRSRQ is -11currentLteRSRQ is -11
01-25 02:04:49.709  5032  6400 D EPDG -- [SMARTWIFI]: lastCdmaDb is -16currentCdmaDb is -16
01-25 02:04:49.709  5032  6400 V EPDG -- [SMARTWIFI]: Radio oldest entry removed
01-25 02:04:49.709  5032  6400 V EPDG -- [SMARTWIFI]: New entry : (SignalStrength: 99 99 -120 -160 -120 -1 -1 14 -122 -11 -25 2147483647 2147483647 0x2000 gsm|lte : 0 )
01-25 02:04:49.709  5032  6400 V EPDG -- [SMARTWIFI]: Radio entry added
01-25 02:04:49.716  4621  4806 D NetworkController.MobileSignalController(0/1): callState:0, callStateByPhone:false voLTECall:false voiceNetTpe:13 dataNetType:13, ine911:false, emergencyCallbackMode:false
01-25 02:04:49.753  5679  5679 D io_stats: !@   8,0 r 748293 24871424 w 572298 15434048 d 91858 8796536 f 145951 145916 iot 1011120 626907 th 61440 61440 54636 pt 2280 inp 0 0 63757.888
01-25 02:04:50.864  3755  3755 D TelephonyManager: getCellLocation : Caller (PID / UID / TID): 3755 / 1000 / 3755
01-25 02:04:50.865  4621  4806 D NetworkController.MobileSignalController(0/1): onSignalStrengthsChanged signalStrength=SignalStrength: 99 99 -120 -160 -120 -1 -1 12 -122 -12 -1 2147483647 2147483647 0x2000 gsm|lte level=2
01-25 02:04:50.865  4621  4806 D NetworkController.MobileSignalController(0/1): getMobileIconGroup(): 13
01-25 02:04:50.865  4621  4806 D NetworkController.MobileSignalController(0/1): updateVZWMobileIconGroup(): 13
01-25 02:04:50.871  5032  5668 D EPDG -- [SMARTWIFI]: onSignalStrengthsChanged: Received signal strength change, phone type is: 2
01-25 02:04:50.871  5032  6400 D EPDG -- [SMARTWIFI]: lastLteRSRP is -122currentLteRSRP is -122
01-25 02:04:50.871  5032  6400 D EPDG -- [SMARTWIFI]: lastLteRSRQ is -11currentLteRSRQ is -12
01-25 02:04:50.871  5032  6400 D EPDG -- [SMARTWIFI]: lastCdmaDb is -16currentCdmaDb is -16
01-25 02:04:50.871  5032  6400 V EPDG -- [SMARTWIFI]: Radio oldest entry removed
01-25 02:04:50.871  5032  6400 V EPDG -- [SMARTWIFI]: New entry : (SignalStrength: 99 99 -120 -160 -120 -1 -1 12 -122 -12 -1 2147483647 2147483647 0x2000 gsm|lte : 0 )
01-25 02:04:50.871  5032  6400 V EPDG -- [SMARTWIFI]: Radio entry added
01-25 02:04:50.871  4621  4806 D NetworkController.MobileSignalController(0/1): callState:0, callStateByPhone:false voLTECall:false voiceNetTpe:13 dataNetType:13, ine911:false, emergencyCallbackMode:false
01-25 02:04:50.894  3755  5048 D BatteryService: !@BatteryListener : batteryPropertiesChanged!
01-25 02:04:50.895  3755  5048 D BatteryService: level:70, scale:100, status:2, health:2, present:true, voltage: 4136, temperature: 316, technology: Li-ion, AC powered:false, USB powered:true, POGO powered:false, Wireless powered:false, icon:17303694, invalid charger:0, maxChargingCurrent:0, maxChargingVoltage:0, chargeCounter:0
01-25 02:04:50.895  3755  5048 D BatteryService: online:6, current avg:946, charge type:1, power sharing:false, high voltage charger:false, capacity:280000, batterySWSelfDischarging:false, misc_event:0, current_now:980
01-25 02:04:50.895  3755  5048 D BatteryService: stay LED for charging
01-25 02:04:50.895  3755  3755 D BatteryService: Sending ACTION_BATTERY_CHANGED.
01-25 02:04:50.901  3755  3792 D PowerManagerService: [PSM] lowPowerModeEnabled: true (mLowPowerModeSetting: true, mIsPowered: true, mAutoLowPowerModeConfigured: false, mBatteryLevel: 70, mLowBatteryTriggerLevel: 0, mUltraPowerSavingModeEnabled: false, mEmergencyModeEnabled: false)
01-25 02:04:50.904  3755  3755 V UiModeManager: updateLocked: null action, mDockState=0, category=null
01-25 02:04:50.904  3755  3755 D UiModeManager: updateConfigurationLocked: mDockState=0; mCarMode=false; mNightMode=1; uiMode=17
01-25 02:04:50.905  3755  9977 D ConnectivityService: filterNetworkStateForUid() uid: 1000 networkInfo: [type: WIFI[] - WIFI, state: CONNECTED/CONNECTED, reason: (unspecified), extra: "wilkinson2.4", failover: false, available: true, roaming: false, metered: false]
01-25 02:04:50.905  3755  9977 D ConnectivityService: filterNetworkStateForUid() uid: 1000 networkInfo: [type: MOBILE[] - MOBILE, state: DISCONNECTED/DISCONNECTED, reason: (unspecified), extra: (none), failover: false, available: true, roaming: false, metered: false]
01-25 02:04:50.906  3755  9977 W NetworkIdentity: Active mobile network without subscriber!
01-25 02:04:50.906  3755  9977 I SurveyLogManager: REASON : REASON_BY_BATTERY_LEVEL_CHANGE
01-25 02:04:50.906  3755  3755 D GameManagerService: new battery level: 70
01-25 02:04:50.909  3755  3785 E BatteryStatsService: no controller energy info supplied
01-25 02:04:50.910  3755  5085 E BatteryStatsService: power: Missing API
01-25 02:04:50.910  4621  4621 D KeyguardUpdateMonitor: received broadcast android.intent.action.BATTERY_CHANGED
01-25 02:04:50.910  4621  4621 D KeyguardUpdateMonitor: handleBatteryUpdate
01-25 02:04:50.918  4621  4621 D PowerUI : priorPlugType = 2 mPlugType =  2
01-25 02:04:50.919  4621  4621 D PowerUI.Notification: showChargingNotice oldChargingType : 1 currentChargingType : 1 oldChargingTime : 4301000 mChargingTime : 4290000
01-25 02:04:50.919  4621  4621 D PowerUI.Notification: showChargingNotification()
01-25 02:04:50.921  5021  5021 D PhoneApp: PhoneAppBroadcastReceiver onReceive android.intent.action.BATTERY_CHANGED
01-25 02:04:50.921  5021  5021 D TelephonyExtensionManager: lowBatterySound - isLowBatterySoundScheduled: false
01-25 02:04:50.921  5021  5021 D TelephonyExtensionManager: lowBatterySound - isPlayNow: false
01-25 02:04:50.921  5021  5021 D TelephonyExtensionManager: isSpeakerON - false
01-25 02:04:50.929  3755  3774 E KernelCpuSpeedReader: Failed to read cpu-freq: /sys/devices/system/cpu/cpu4/cpufreq/stats/time_in_state (No such file or directory)
01-25 02:04:50.930  7776  7776 E MtpServerJNI: server is null in send_object_removed
01-25 02:04:50.932  3755  6081 D ApplicationPolicy: isStatusBarNotificationAllowedAsUser: packageName = com.android.systemui,userId = -1
01-25 02:04:50.933  5021  5021 D TelephonyExtensionManager: lowBatterySound - batteryStatus: 2
01-25 02:04:50.933  5021  5021 D TelephonyExtensionManager: lowBatterySound - batteryLevel: 70
01-25 02:04:50.933  5021  5021 D TelephonyExtensionManager: lowBatterySound - cancel
01-25 02:04:50.934  3755  7360 D SamsungAlarmManager: Cancel Alarm calling from uid:1001 pid :5021 / op:PendingIntent{27ad738: PendingIntentRecord{9ab141e com.android.phone broadcastIntent}}
01-25 02:04:50.935  5021  5021 D TelephonyExtension: Not stopping low battery tone
01-25 02:04:50.940  4621  4621 D BatteryMeterDrawable: isSomethingChanged - true
01-25 02:04:50.941  4621  4621 D BatteryMeterDrawable: isSomethingChanged - true
01-25 02:04:50.944  4621  4621 D Tile.FlashlightTile: ACTION_BATTERY_CHANGED - Level :: 70, emEnabled :: false
01-25 02:04:50.944  3755  3785 E KernelCpuSpeedReader: Failed to read cpu-freq: /sys/devices/system/cpu/cpu4/cpufreq/stats/time_in_state (No such file or directory)
01-25 02:04:50.958  3755  3785 E BatteryStatsService: modem info is invalid: ModemActivityInfo{ mTimestamp=0 mSleepTimeMs=0 mIdleTimeMs=0 mTxTimeMs[]=[0, 0, 0, 0, 0] mRxTimeMs=0 mEnergyUsed=0}
01-25 02:04:50.996 26869 26896 D UE4     : Used memory: 172276
01-25 02:04:51.001  4621  4621 D KeyguardServiceBoxContainer: updateCMAS() hasCmasNotification = false, mHasCMAS = false
01-25 02:04:51.649 22286 22300 I Finsky  : [1888] com.google.android.finsky.bs.m.run(6): Stats for Executor: BlockingExecutor com.google.android.finsky.bs.ap@c46a826[Running, pool size = 0, active threads = 0, queued tasks = 0, completed tasks = 15]
01-25 02:04:51.661 22286 22300 I Finsky  : [1888] com.google.android.finsky.bs.m.run(6): Stats for Executor: LightweightExecutor com.google.android.finsky.bs.ap@4b55c67[Running, pool size = 4, active threads = 0, queued tasks = 0, completed tasks = 56]
01-25 02:04:51.815 22286 22300 I Finsky  : [1888] com.google.android.finsky.bs.m.run(6): Stats for Executor: bgExecutor com.google.android.finsky.bs.ap@209ea14[Running, pool size = 4, active threads = 0, queued tasks = 0, completed tasks = 30]
01-25 02:04:52.297  3755  3755 D TelephonyManager: getCellLocation : Caller (PID / UID / TID): 3755 / 1000 / 3755
01-25 02:04:52.316  5032  5668 D EPDG -- [SMARTWIFI]: onSignalStrengthsChanged: Received signal strength change, phone type is: 2
01-25 02:04:52.317  5032  6400 D EPDG -- [SMARTWIFI]: lastLteRSRP is -122currentLteRSRP is -122
01-25 02:04:52.317  5032  6400 D EPDG -- [SMARTWIFI]: lastLteRSRQ is -12currentLteRSRQ is -12
01-25 02:04:52.317  5032  6400 D EPDG -- [SMARTWIFI]: lastCdmaDb is -16currentCdmaDb is -16
01-25 02:04:52.317  5032  6400 V EPDG -- [SMARTWIFI]: Radio oldest entry removed
01-25 02:04:52.317  5032  6400 V EPDG -- [SMARTWIFI]: New entry : (SignalStrength: 99 99 -120 -160 -120 -1 -1 12 -122 -12 -1 2147483647 2147483647 0x1000 gsm|lte : 0 )
01-25 02:04:52.317  5032  6400 V EPDG -- [SMARTWIFI]: Radio entry added
01-25 02:04:52.320  4621  4806 D NetworkController.MobileSignalController(0/1): onSignalStrengthsChanged signalStrength=SignalStrength: 99 99 -120 -160 -120 -1 -1 12 -122 -12 -1 2147483647 2147483647 0x1000 gsm|lte level=1
01-25 02:04:52.322  4621  4806 D NetworkController.MobileSignalController(0/1): getMobileIconGroup(): 13
01-25 02:04:52.322  4621  4806 D NetworkController.MobileSignalController(0/1): updateVZWMobileIconGroup(): 13
01-25 02:04:52.330  4621  4806 D NetworkController.MobileSignalController(0/1): callState:0, callStateByPhone:false voLTECall:false voiceNetTpe:13 dataNetType:13, ine911:false, emergencyCallbackMode:false
01-25 02:04:54.756  5679  5679 D io_stats: !@   8,0 r 748293 24871424 w 572312 15434128 d 91858 8796536 f 145979 145944 iot 1011240 626914 th 61440 61440 54636 pt 2280 inp 0 0 63762.892
01-25 02:04:54.795  3755  3755 D TelephonyManager: getCellLocation : Caller (PID / UID / TID): 3755 / 1000 / 3755
01-25 02:04:54.795  4621  4806 D NetworkController.MobileSignalController(0/1): onSignalStrengthsChanged signalStrength=SignalStrength: 99 99 -120 -160 -120 -1 -1 15 -121 -13 -3 2147483647 2147483647 0x1000 gsm|lte level=1
01-25 02:04:54.796  4621  4806 D NetworkController.MobileSignalController(0/1): getMobileIconGroup(): 13
01-25 02:04:54.796  4621  4806 D NetworkController.MobileSignalController(0/1): updateVZWMobileIconGroup(): 13
01-25 02:04:54.800  5032  5668 D EPDG -- [SMARTWIFI]: onSignalStrengthsChanged: Received signal strength change, phone type is: 2
01-25 02:04:54.800  5032  6400 D EPDG -- [SMARTWIFI]: lastLteRSRP is -122currentLteRSRP is -121
01-25 02:04:54.800  5032  6400 D EPDG -- [SMARTWIFI]: lastLteRSRQ is -12currentLteRSRQ is -13
01-25 02:04:54.800  5032  6400 D EPDG -- [SMARTWIFI]: lastCdmaDb is -16currentCdmaDb is -16
01-25 02:04:54.801  5032  6400 V EPDG -- [SMARTWIFI]: Radio oldest entry removed
01-25 02:04:54.801  5032  6400 V EPDG -- [SMARTWIFI]: New entry : (SignalStrength: 99 99 -120 -160 -120 -1 -1 15 -121 -13 -3 2147483647 2147483647 0x1000 gsm|lte : 0 )
01-25 02:04:54.801  5032  6400 V EPDG -- [SMARTWIFI]: Radio entry added
01-25 02:04:54.802  4621  4806 D NetworkController.MobileSignalController(0/1): callState:0, callStateByPhone:false voLTECall:false voiceNetTpe:13 dataNetType:13, ine911:false, emergencyCallbackMode:false
01-25 02:04:55.959  3755  9977 D SSRM:t  : SIOP:: AP = 350, PST = 364 (W:10), CP = 279, CUR = 117, LCD = 0
01-25 02:04:55.962  3755  9977 D ConnectivityService: filterNetworkStateForUid() uid: 1000 networkInfo: [type: WIFI[] - WIFI, state: CONNECTED/CONNECTED, reason: (unspecified), extra: "wilkinson2.4", failover: false, available: true, roaming: false, metered: false]
01-25 02:04:55.965  3755  9977 D TelephonyManager: getAllCellInfo : Caller (PID / UID / TID): 3755 / 1000 / 9977
01-25 02:04:57.361  3755  3755 D TelephonyManager: getCellLocation : Caller (PID / UID / TID): 3755 / 1000 / 3755
01-25 02:04:57.366  4621  4806 D NetworkController.MobileSignalController(0/1): onSignalStrengthsChanged signalStrength=SignalStrength: 99 99 -120 -160 -120 -1 -1 13 -123 -13 -31 2147483647 2147483647 0x1000 gsm|lte level=1
01-25 02:04:57.369  5032  5668 D EPDG -- [SMARTWIFI]: onSignalStrengthsChanged: Received signal strength change, phone type is: 2
01-25 02:04:57.369  5032  6400 D EPDG -- [SMARTWIFI]: lastLteRSRP is -121currentLteRSRP is -123
01-25 02:04:57.369  5032  6400 D EPDG -- [SMARTWIFI]: lastLteRSRQ is -13currentLteRSRQ is -13
01-25 02:04:57.369  5032  6400 D EPDG -- [SMARTWIFI]: lastCdmaDb is -16currentCdmaDb is -16
01-25 02:04:57.369  5032  6400 V EPDG -- [SMARTWIFI]: Radio oldest entry removed
01-25 02:04:57.370  5032  6400 V EPDG -- [SMARTWIFI]: New entry : (SignalStrength: 99 99 -120 -160 -120 -1 -1 13 -123 -13 -31 2147483647 2147483647 0x1000 gsm|lte : 0 )
01-25 02:04:57.370  5032  6400 V EPDG -- [SMARTWIFI]: Radio entry added
01-25 02:04:57.370  4621  4806 D NetworkController.MobileSignalController(0/1): getMobileIconGroup(): 13
01-25 02:04:57.370  4621  4806 D NetworkController.MobileSignalController(0/1): updateVZWMobileIconGroup(): 13
01-25 02:04:57.379  4621  4806 D NetworkController.MobileSignalController(0/1): callState:0, callStateByPhone:false voLTECall:false voiceNetTpe:13 dataNetType:13, ine911:false, emergencyCallbackMode:false
01-25 02:04:58.569  3755  3755 D TelephonyManager: getCellLocation : Caller (PID / UID / TID): 3755 / 1000 / 3755
01-25 02:04:58.617  5032  5668 D EPDG -- [SMARTWIFI]: onSignalStrengthsChanged: Received signal strength change, phone type is: 2
01-25 02:04:58.617  5032  6400 D EPDG -- [SMARTWIFI]: lastLteRSRP is -123currentLteRSRP is -123
01-25 02:04:58.617  5032  6400 D EPDG -- [SMARTWIFI]: lastLteRSRQ is -13currentLteRSRQ is -14
01-25 02:04:58.617  5032  6400 D EPDG -- [SMARTWIFI]: lastCdmaDb is -16currentCdmaDb is -16
01-25 02:04:58.618  5032  6400 V EPDG -- [SMARTWIFI]: Radio oldest entry removed
01-25 02:04:58.618  5032  6400 V EPDG -- [SMARTWIFI]: New entry : (SignalStrength: 99 99 -120 -160 -120 -1 -1 13 -123 -14 -31 2147483647 2147483647 0x1000 gsm|lte : 0 )
01-25 02:04:58.618  5032  6400 V EPDG -- [SMARTWIFI]: Radio entry added
01-25 02:04:58.630  4621  4806 D NetworkController.MobileSignalController(0/1): onSignalStrengthsChanged signalStrength=SignalStrength: 99 99 -120 -160 -120 -1 -1 13 -123 -14 -31 2147483647 2147483647 0x1000 gsm|lte level=1
01-25 02:04:58.631  4621  4806 D NetworkController.MobileSignalController(0/1): getMobileIconGroup(): 13
01-25 02:04:58.631  4621  4806 D NetworkController.MobileSignalController(0/1): updateVZWMobileIconGroup(): 13
01-25 02:04:58.640  4621  4806 D NetworkController.MobileSignalController(0/1): callState:0, callStateByPhone:false voLTECall:false voiceNetTpe:13 dataNetType:13, ine911:false, emergencyCallbackMode:false
01-25 02:04:59.761  5679  5679 D io_stats: !@   8,0 r 748293 24871424 w 572313 15434156 d 91858 8796536 f 146004 145969 iot 1011330 626919 th 61440 61440 54636 pt 2280 inp 0 0 63767.895
01-25 02:05:00.937  3755  7368 D BatteryService: !@BatteryListener : batteryPropertiesChanged!
01-25 02:05:00.938  3755  7368 D BatteryService: level:70, scale:100, status:2, health:2, present:true, voltage: 4137, temperature: 317, technology: Li-ion, AC powered:false, USB powered:true, POGO powered:false, Wireless powered:false, icon:17303694, invalid charger:0, maxChargingCurrent:0, maxChargingVoltage:0, chargeCounter:0
01-25 02:05:00.938  3755  7368 D BatteryService: online:6, current avg:957, charge type:1, power sharing:false, high voltage charger:false, capacity:280000, batterySWSelfDischarging:false, misc_event:0, current_now:975
01-25 02:05:00.938  3755  7368 D BatteryService: stay LED for charging
01-25 02:05:00.938  3755  3755 D BatteryService: Sending ACTION_BATTERY_CHANGED.
01-25 02:05:00.946  3755  3755 V UiModeManager: updateLocked: null action, mDockState=0, category=null
01-25 02:05:00.946  3755  3755 D UiModeManager: updateConfigurationLocked: mDockState=0; mCarMode=false; mNightMode=1; uiMode=17
01-25 02:05:00.948  3755  3755 D GameManagerService: new battery level: 70
01-25 02:05:00.950  4621  4621 D KeyguardUpdateMonitor: received broadcast android.intent.action.BATTERY_CHANGED
01-25 02:05:00.950  4621  4621 D KeyguardUpdateMonitor: handleBatteryUpdate
01-25 02:05:00.952  4621  4621 D PowerUI : priorPlugType = 2 mPlugType =  2
01-25 02:05:00.954  4621  4621 D PowerUI.Notification: showChargingNotice oldChargingType : 1 currentChargingType : 1 oldChargingTime : 4290000 mChargingTime : 4279000
01-25 02:05:00.954  4621  4621 D PowerUI.Notification: showChargingNotification()
01-25 02:05:00.957  5021  5021 D PhoneApp: PhoneAppBroadcastReceiver onReceive android.intent.action.BATTERY_CHANGED
01-25 02:05:00.957  5021  5021 D TelephonyExtensionManager: lowBatterySound - isLowBatterySoundScheduled: false
01-25 02:05:00.957  5021  5021 D TelephonyExtensionManager: lowBatterySound - isPlayNow: false
01-25 02:05:00.958  5021  5021 D TelephonyExtensionManager: isSpeakerON - false
01-25 02:05:00.964 26869 26896 D UE4     : Used memory: 172284
01-25 02:05:00.966  5021  5021 D TelephonyExtensionManager: lowBatterySound - batteryStatus: 2
01-25 02:05:00.966  5021  5021 D TelephonyExtensionManager: lowBatterySound - batteryLevel: 70
01-25 02:05:00.966  5021  5021 D TelephonyExtensionManager: lowBatterySound - cancel
01-25 02:05:00.966  3755  7367 D ApplicationPolicy: isStatusBarNotificationAllowedAsUser: packageName = com.android.systemui,userId = -1
01-25 02:05:00.967  3755  6281 D SamsungAlarmManager: Cancel Alarm calling from uid:1001 pid :5021 / op:PendingIntent{930e311: PendingIntentRecord{9ab141e com.android.phone broadcastIntent}}
01-25 02:05:00.967  5021  5021 D TelephonyExtension: Not stopping low battery tone
01-25 02:05:00.968  4621  4621 D BatteryMeterDrawable: isSomethingChanged - false
01-25 02:05:00.968  4621  4621 D BatteryMeterDrawable: isSomethingChanged - false
01-25 02:05:00.971  4621  4621 D Tile.FlashlightTile: ACTION_BATTERY_CHANGED - Level :: 70, emEnabled :: false
01-25 02:05:01.021  4621  4621 D KeyguardServiceBoxContainer: updateCMAS() hasCmasNotification = false, mHasCMAS = false
01-25 02:05:04.435  6646  6750 D ContactsProvider_EventLog: contents_sample_state: [ contacts(370) data(4042) accounts({vnd.sec.contact.phone (1)=12, com.google (7)=694}) accounts deleted({}) calls([logtype:100 cnt:393, logtype:1150 cnt:107]) countryIso(US) userId(0)  ]

01-25 02:05:04.435  6646  6750 D ContactsProvider_EventLog: contents_sample_state: [ agr({[2 ,2 ,7]=1, [2 ,7 ,2 ,7]=1, [7 ,2 ,7]=4, [7 ,7 ,2]=4, [1 ,7]=5, [7]=52, [7 ,2]=231, [1 ,2 ,7]=7, [2 ,7]=65})  ]

01-25 02:05:04.435  6646  6750 D ContactsProvider_EventLog: contents_sample_state: [ actCnt({android.process.acore=1})  ]
01-25 02:05:04.447  6646  6750 E ContactsProvider_EventLog: Flush buffer to file cnt : 1 size : 0Kb duration : 10ms lastUpdatedAfter : 60215 ms mFlush_time_threasold : 2000 mCurrentSize : 458
01-25 02:05:04.768  5679  5679 D io_stats: !@   8,0 r 748293 24871424 w 572327 15434316 d 91859 8796540 f 146034 145999 iot 1011430 626930 th 61440 61440 54636 pt 2280 inp 0 0 63772.901
01-25 02:05:06.041  3755  9977 D SSRM:t  : SIOP:: AP = 340, PST = 354 (W:10), CP = 278, CUR = 110, LCD = 0
01-25 02:05:06.046  3755  9977 D ConnectivityService: filterNetworkStateForUid() uid: 1000 networkInfo: [type: WIFI[] - WIFI, state: CONNECTED/CONNECTED, reason: (unspecified), extra: "wilkinson2.4", failover: false, available: true, roaming: false, metered: false]
01-25 02:05:07.629  3755  3755 D TelephonyManager: getCellLocation : Caller (PID / UID / TID): 3755 / 1000 / 3755
01-25 02:05:07.739  5032  5668 D EPDG -- [SMARTWIFI]: onSignalStrengthsChanged: Received signal strength change, phone type is: 2
01-25 02:05:07.740  5032  6400 D EPDG -- [SMARTWIFI]: lastLteRSRP is -123currentLteRSRP is -121
01-25 02:05:07.740  5032  6400 D EPDG -- [SMARTWIFI]: lastLteRSRQ is -14currentLteRSRQ is -14
01-25 02:05:07.740  5032  6400 D EPDG -- [SMARTWIFI]: lastCdmaDb is -16currentCdmaDb is -16
01-25 02:05:07.740  5032  6400 V EPDG -- [SMARTWIFI]: Radio oldest entry removed
01-25 02:05:07.741  5032  6400 V EPDG -- [SMARTWIFI]: New entry : (SignalStrength: 99 99 -120 -160 -120 -1 -1 16 -121 -14 -63 2147483647 2147483647 0x1000 gsm|lte : 0 )
01-25 02:05:07.741  5032  6400 V EPDG -- [SMARTWIFI]: Radio entry added
01-25 02:05:07.762  4621  4806 D NetworkController.MobileSignalController(0/1): onSignalStrengthsChanged signalStrength=SignalStrength: 99 99 -120 -160 -120 -1 -1 16 -121 -14 -63 2147483647 2147483647 0x1000 gsm|lte level=1
01-25 02:05:07.763  4621  4806 D NetworkController.MobileSignalController(0/1): getMobileIconGroup(): 13
01-25 02:05:07.763  4621  4806 D NetworkController.MobileSignalController(0/1): updateVZWMobileIconGroup(): 13
01-25 02:05:07.791  4621  4806 D NetworkController.MobileSignalController(0/1): callState:0, callStateByPhone:false voLTECall:false voiceNetTpe:13 dataNetType:13, ine911:false, emergencyCallbackMode:false
01-25 02:05:09.775  5679  5679 D io_stats: !@   8,0 r 748293 24871424 w 572332 15434336 d 91859 8796540 f 146058 146023 iot 1011510 626934 th 61440 61440 54636 pt 2280 inp 0 0 63777.909
01-25 02:05:10.170  4621  4806 D NetworkController.MobileSignalController(0/1): onSignalStrengthsChanged signalStrength=SignalStrength: 99 99 -120 -160 -120 -1 -1 13 -121 -14 4 2147483647 2147483647 0x1000 gsm|lte level=1
01-25 02:05:10.171  3755  3755 D TelephonyManager: getCellLocation : Caller (PID / UID / TID): 3755 / 1000 / 3755
01-25 02:05:10.171  4621  4806 D NetworkController.MobileSignalController(0/1): getMobileIconGroup(): 13
01-25 02:05:10.171  4621  4806 D NetworkController.MobileSignalController(0/1): updateVZWMobileIconGroup(): 13
01-25 02:05:10.183  5032  5668 D EPDG -- [SMARTWIFI]: onSignalStrengthsChanged: Received signal strength change, phone type is: 2
01-25 02:05:10.185  5032  6400 D EPDG -- [SMARTWIFI]: lastLteRSRP is -121currentLteRSRP is -121
01-25 02:05:10.185  5032  6400 D EPDG -- [SMARTWIFI]: lastLteRSRQ is -14currentLteRSRQ is -14
01-25 02:05:10.185  5032  6400 D EPDG -- [SMARTWIFI]: lastCdmaDb is -16currentCdmaDb is -16
01-25 02:05:10.185  5032  6400 V EPDG -- [SMARTWIFI]: Radio oldest entry removed
01-25 02:05:10.186  5032  6400 V EPDG -- [SMARTWIFI]: New entry : (SignalStrength: 99 99 -120 -160 -120 -1 -1 13 -121 -14 4 2147483647 2147483647 0x1000 gsm|lte : 0 )
01-25 02:05:10.186  5032  6400 V EPDG -- [SMARTWIFI]: Radio entry added
01-25 02:05:10.190  4621  4806 D NetworkController.MobileSignalController(0/1): callState:0, callStateByPhone:false voLTECall:false voiceNetTpe:13 dataNetType:13, ine911:false, emergencyCallbackMode:false
01-25 02:05:10.978  3755  7358 D BatteryService: !@BatteryListener : batteryPropertiesChanged!
01-25 02:05:10.979  3755  7358 D BatteryService: level:70, scale:100, status:2, health:2, present:true, voltage: 4139, temperature: 317, technology: Li-ion, AC powered:false, USB powered:true, POGO powered:false, Wireless powered:false, icon:17303694, invalid charger:0, maxChargingCurrent:0, maxChargingVoltage:0, chargeCounter:0
01-25 02:05:10.979  3755  7358 D BatteryService: online:6, current avg:964, charge type:1, power sharing:false, high voltage charger:false, capacity:280000, batterySWSelfDischarging:false, misc_event:0, current_now:984
01-25 02:05:10.979  3755  7358 D BatteryService: stay LED for charging
01-25 02:05:10.979  3755  3755 D BatteryService: Sending ACTION_BATTERY_CHANGED.
01-25 02:05:10.982  3755  3755 V UiModeManager: updateLocked: null action, mDockState=0, category=null
01-25 02:05:10.982  3755  3755 D UiModeManager: updateConfigurationLocked: mDockState=0; mCarMode=false; mNightMode=1; uiMode=17
01-25 02:05:10.983  3755  3755 D GameManagerService: new battery level: 70
01-25 02:05:10.985  4621  4621 D KeyguardUpdateMonitor: received broadcast android.intent.action.BATTERY_CHANGED
01-25 02:05:10.986  4621  4621 D KeyguardUpdateMonitor: handleBatteryUpdate
01-25 02:05:10.988  4621  4621 D PowerUI : priorPlugType = 2 mPlugType =  2
01-25 02:05:10.989  4621  4621 D PowerUI.Notification: showChargingNotice oldChargingType : 1 currentChargingType : 1 oldChargingTime : 4279000 mChargingTime : 4268000
01-25 02:05:10.989  4621  4621 D PowerUI.Notification: showChargingNotification()
01-25 02:05:10.992  5021  5021 D PhoneApp: PhoneAppBroadcastReceiver onReceive android.intent.action.BATTERY_CHANGED
01-25 02:05:10.992  5021  5021 D TelephonyExtensionManager: lowBatterySound - isLowBatterySoundScheduled: false
01-25 02:05:10.992  5021  5021 D TelephonyExtensionManager: lowBatterySound - isPlayNow: false
01-25 02:05:10.993  5021  5021 D TelephonyExtensionManager: isSpeakerON - false
01-25 02:05:10.998 26869 26896 D UE4     : Used memory: 172256
01-25 02:05:10.999  5021  5021 D TelephonyExtensionManager: lowBatterySound - batteryStatus: 2
01-25 02:05:10.999  5021  5021 D TelephonyExtensionManager: lowBatterySound - batteryLevel: 70
01-25 02:05:10.999  5021  5021 D TelephonyExtensionManager: lowBatterySound - cancel
01-25 02:05:11.000  3755  6081 D SamsungAlarmManager: Cancel Alarm calling from uid:1001 pid :5021 / op:PendingIntent{f260c76: PendingIntentRecord{9ab141e com.android.phone broadcastIntent}}
01-25 02:05:11.001  5021  5021 D TelephonyExtension: Not stopping low battery tone
01-25 02:05:11.001  3755  4448 D ApplicationPolicy: isStatusBarNotificationAllowedAsUser: packageName = com.android.systemui,userId = -1
01-25 02:05:11.003  4621  4621 D BatteryMeterDrawable: isSomethingChanged - false
01-25 02:05:11.004  4621  4621 D BatteryMeterDrawable: isSomethingChanged - false
01-25 02:05:11.007  4621  4621 D Tile.FlashlightTile: ACTION_BATTERY_CHANGED - Level :: 70, emEnabled :: false
01-25 02:05:11.053  4621  4621 D KeyguardServiceBoxContainer: updateCMAS() hasCmasNotification = false, mHasCMAS = false
01-25 02:05:14.779  5679  5679 D io_stats: !@   8,0 r 748293 24871424 w 572339 15434424 d 91860 8796544 f 146087 146052 iot 1011610 626942 th 61440 61440 54636 pt 2280 inp 0 0 63782.915
01-25 02:05:15.288  3755  3755 D TelephonyManager: getCellLocation : Caller (PID / UID / TID): 3755 / 1000 / 3755
01-25 02:05:15.289  4621  4806 D NetworkController.MobileSignalController(0/1): onSignalStrengthsChanged signalStrength=SignalStrength: 99 99 -120 -160 -120 -1 -1 15 -121 -14 -20 2147483647 2147483647 0x1000 gsm|lte level=1
01-25 02:05:15.290  4621  4806 D NetworkController.MobileSignalController(0/1): getMobileIconGroup(): 13
01-25 02:05:15.290  4621  4806 D NetworkController.MobileSignalController(0/1): updateVZWMobileIconGroup(): 13
01-25 02:05:15.297  5032  5668 D EPDG -- [SMARTWIFI]: onSignalStrengthsChanged: Received signal strength change, phone type is: 2
01-25 02:05:15.297  5032  6400 D EPDG -- [SMARTWIFI]: lastLteRSRP is -121currentLteRSRP is -121
01-25 02:05:15.297  5032  6400 D EPDG -- [SMARTWIFI]: lastLteRSRQ is -14currentLteRSRQ is -14
01-25 02:05:15.297  5032  6400 D EPDG -- [SMARTWIFI]: lastCdmaDb is -16currentCdmaDb is -16
01-25 02:05:15.297  5032  6400 V EPDG -- [SMARTWIFI]: Radio oldest entry removed
01-25 02:05:15.298  5032  6400 V EPDG -- [SMARTWIFI]: New entry : (SignalStrength: 99 99 -120 -160 -120 -1 -1 15 -121 -14 -20 2147483647 2147483647 0x1000 gsm|lte : 0 )
01-25 02:05:15.298  5032  6400 V EPDG -- [SMARTWIFI]: Radio entry added
01-25 02:05:15.303  4621  4806 D NetworkController.MobileSignalController(0/1): callState:0, callStateByPhone:false voLTECall:false voiceNetTpe:13 dataNetType:13, ine911:false, emergencyCallbackMode:false
01-25 02:05:16.081  3755  9977 D SSRM:t  : SIOP:: AP = 340, PST = 349 (W:12), CP = 277, CUR = 102, LCD = 0
01-25 02:05:16.086  3755  9977 D ConnectivityService: filterNetworkStateForUid() uid: 1000 networkInfo: [type: WIFI[] - WIFI, state: CONNECTED/CONNECTED, reason: (unspecified), extra: "wilkinson2.4", failover: false, available: true, roaming: false, metered: false]
01-25 02:05:17.539  3755  4963 E Watchdog: !@Sync 2125 [25_Jan_02_05_17.538]
01-25 02:05:17.833  3755  3755 D TelephonyManager: getCellLocation : Caller (PID / UID / TID): 3755 / 1000 / 3755
01-25 02:05:17.836  4621  4806 D NetworkController.MobileSignalController(0/1): onSignalStrengthsChanged signalStrength=SignalStrength: 99 99 -120 -160 -120 -1 -1 12 -121 -13 10 2147483647 2147483647 0x1000 gsm|lte level=1
01-25 02:05:17.836  4621  4806 D NetworkController.MobileSignalController(0/1): getMobileIconGroup(): 13
01-25 02:05:17.836  4621  4806 D NetworkController.MobileSignalController(0/1): updateVZWMobileIconGroup(): 13
01-25 02:05:17.839  5032  5668 D EPDG -- [SMARTWIFI]: onSignalStrengthsChanged: Received signal strength change, phone type is: 2
01-25 02:05:17.839  5032  6400 D EPDG -- [SMARTWIFI]: lastLteRSRP is -121currentLteRSRP is -121
01-25 02:05:17.839  5032  6400 D EPDG -- [SMARTWIFI]: lastLteRSRQ is -14currentLteRSRQ is -13
01-25 02:05:17.840  5032  6400 D EPDG -- [SMARTWIFI]: lastCdmaDb is -16currentCdmaDb is -16
01-25 02:05:17.840  5032  6400 V EPDG -- [SMARTWIFI]: Radio oldest entry removed
01-25 02:05:17.840  5032  6400 V EPDG -- [SMARTWIFI]: New entry : (SignalStrength: 99 99 -120 -160 -120 -1 -1 12 -121 -13 10 2147483647 2147483647 0x1000 gsm|lte : 0 )
01-25 02:05:17.840  5032  6400 V EPDG -- [SMARTWIFI]: Radio entry added
01-25 02:05:17.842  4621  4806 D NetworkController.MobileSignalController(0/1): callState:0, callStateByPhone:false voLTECall:false voiceNetTpe:13 dataNetType:13, ine911:false, emergencyCallbackMode:false
01-25 02:05:19.787  5679  5679 D io_stats: !@   8,0 r 748293 24871424 w 572348 15434476 d 91860 8796544 f 146112 146077 iot 1011710 626948 th 61440 61440 54636 pt 2280 inp 0 0 63787.919
01-25 02:05:20.409  3755  3755 D TelephonyManager: getCellLocation : Caller (PID / UID / TID): 3755 / 1000 / 3755
01-25 02:05:20.410  4621  4806 D NetworkController.MobileSignalController(0/1): onSignalStrengthsChanged signalStrength=SignalStrength: 99 99 -120 -160 -120 -1 -1 12 -121 -13 0 2147483647 2147483647 0x1000 gsm|lte level=1
01-25 02:05:20.410  4621  4806 D NetworkController.MobileSignalController(0/1): getMobileIconGroup(): 13
01-25 02:05:20.410  4621  4806 D NetworkController.MobileSignalController(0/1): updateVZWMobileIconGroup(): 13
01-25 02:05:20.417  5032  5668 D EPDG -- [SMARTWIFI]: onSignalStrengthsChanged: Received signal strength change, phone type is: 2
01-25 02:05:20.418  5032  6400 D EPDG -- [SMARTWIFI]: lastLteRSRP is -121currentLteRSRP is -121
01-25 02:05:20.418  5032  6400 D EPDG -- [SMARTWIFI]: lastLteRSRQ is -13currentLteRSRQ is -13
