02-05 15:17:48.619  5039  6415 D EPDG -- [MODEM]: EpdgModem instance already exists !
02-05 15:17:48.619  5039  5639 D EPDG -- [EPDGService]: Event received: RIL_EPDG_STATUS_QUERY
02-05 15:17:48.619  5039  6413 D EPDG -- [MODEM]: Successfully written to RIL
02-05 15:17:48.619  5039  5639 D EPDG -- [EPDGService]: handleMessage: cid - 2
02-05 15:17:48.653  4617  4793 D NetworkController.MobileSignalController(0/1): onCellLocationChanged
02-05 15:17:48.654  3754  4984 D SLocation: onCellLocationChanged 1 / 0
02-05 15:17:48.654  5008  5008 D PdnController: onCellLocationChanged:
02-05 15:17:48.655  5008  5008 D RegiMgrBase: onCellLocationChanged:
02-05 15:17:48.655  5008  5008 D VolteServiceModule: onCellLocationChanged:
02-05 15:17:48.656  5008  5300 D RegiMgrBase: handleMessage: EVENT_CELL_LOCATION_CHANGED
02-05 15:17:48.658  5008  5300 D PaniGenerator: generate: network=13, fallbackPlmn=311480
02-05 15:17:48.658  3754  4984 D TelephonyManager: getAllCellInfo : Caller (PID / UID / TID): 3754 / 1000 / 4984
02-05 15:17:48.668  5008  5300 D PaniGenerator: Don't use getDataPlmn if not in CS:1x and PS:LTE
02-05 15:17:48.672  5008  5300 D PaniGenerator: generate: change to NW PLMN(311480)
02-05 15:17:48.672  5008  5300 D TelephonyManager: getCellLocation : Caller (PID / UID / TID): 5008 / 1000 / 5300
02-05 15:17:48.677  3754  6772 D TelephonyManager: getCellLocation : Caller (PID / UID / TID): 3754 / 1000 / 6772
02-05 15:17:48.679  3754  4984 D SLocation: cellList : 5
02-05 15:17:48.682  3754  4984 W SLocation: handleEvent ENTER : currentDirection 1
02-05 15:17:48.682  5008  5300 D TelephonyManager: getCellLocation : Caller (PID / UID / TID): 5008 / 1000 / 5300
02-05 15:17:48.683  3754  4984 W SLocation: handleEvent EXIT : currentDirection 2
02-05 15:17:48.687  3754  4984 W SLocation: handleEvent EXIT : currentDirection 2
02-05 15:17:48.691  3754  4984 W SLocation: handleEvent EXIT : currentDirection 2
02-05 15:17:48.693  5008  5300 D TelephonyManager: getCellLocation : Caller (PID / UID / TID): 5008 / 1000 / 5300
02-05 15:17:48.693  3754  4984 W SLocation: handleEvent EXIT : currentDirection 2
02-05 15:17:48.695  3754  4984 W SLocation: handleEvent EXIT : currentDirection 2
02-05 15:17:48.697  3754  4984 W SLocation: handleEvent EXIT : currentDirection 2
02-05 15:17:48.698  3754  4984 W SLocation: handleEvent EXIT : currentDirection 2
02-05 15:17:48.700  3754  4984 W SLocation: handleEvent EXIT : currentDirection 2
02-05 15:17:48.701  5008  5833 D ImsSettingsProvider: insert at content://com.sec.ims.settings/debugconfig
02-05 15:17:48.702  5008  5833 D ImsSettingsProvider: match 21
02-05 15:17:48.704  3754  4984 W SLocation: handleEvent EXIT : currentDirection 2
02-05 15:17:48.706  3754  4984 W SLocation: handleEvent ENTER : currentDirection 1
02-05 15:17:48.707  5008  5833 D ImsSettingsProvider: insert : caller id : 5008, name : com.sec.imsservice
02-05 15:17:48.707  5008  5833 D DebugConfigStorage: insert()
02-05 15:17:48.708  3754  4984 W SLocation: handleEvent EXIT : currentDirection 2
02-05 15:17:48.711  3754  4984 W SLocation: handleEvent EXIT : currentDirection 2
02-05 15:17:48.712  3754  4984 W SLocation: handleEvent EXIT : currentDirection 2
02-05 15:17:48.714  3754  4984 W SLocation: handleEvent EXIT : currentDirection 2
02-05 15:17:48.716  3754  4984 W SLocation: handleEvent EXIT : currentDirection 2
02-05 15:17:48.721  5008  5833 D ImsSettingsProvider: match 21
02-05 15:17:48.722  5008  5833 D ImsSettingsProvider: query Uri[content://com.sec.ims.settings/debugconfig], selection [null]
02-05 15:17:48.722  5008  5833 D DebugConfigStorage: query()
02-05 15:17:48.722  5008  5833 D StackIF : updatePani: 24581 pani: [3GPP-E-UTRAN-FDD;utran-cell-id-3gpp=311480ae072a7b016]
02-05 15:17:48.723  5008  5839 D StackIF.Sender: handleMessage: what 1
02-05 15:17:48.723  5008  5839 D SECIMSJ : [0104]> REQUEST_UPDATE_PANI
02-05 15:17:48.724  3234  3353 E [IMS6.0]: ImsEventLoop: select (1), errno (11)
02-05 15:17:48.725  3234  3353 I [IMS6.0]: DispatchUpdatePani()
02-05 15:17:48.726  3234  3356 E [IMS6.0]: IMS_onResponse() Resp Id:600
02-05 15:17:48.726  3234  3356 I [IMS6.0]: ResponseGeneralResponse()
02-05 15:17:48.726  3234  3356 I [IMS6.0]: ResponseGeneralResponse() handle:6005
02-05 15:17:48.727  5008  5840 D SECIMSJ : [0104]< REQUEST_UPDATE_PANI
02-05 15:17:48.727  5008  5840 D StackIF : processResponse: reqId 84
02-05 15:17:48.727  5008  5840 D StackIF : processResponse: handle 24581 result REQUEST_SUCCESS reason REASON_NO_ERROR
02-05 15:17:48.765  3754  4984 W SLocation: handleEvent ENTER : currentDirection 1
02-05 15:17:48.766  3754  4984 W SLocation: handleEvent ENTER : currentDirection 1
02-05 15:17:48.768  3754  4984 W SLocation: handleEvent EXIT : currentDirection 2
02-05 15:17:48.770  3754  4984 W SLocation: handleEvent EXIT : currentDirection 2
02-05 15:17:48.771  3754  4984 W SLocation: handleEvent EXIT : currentDirection 2
02-05 15:17:48.772  3754  4984 W SLocation: handleEvent EXIT : currentDirection 2
02-05 15:17:48.773  3754  4984 W SLocation: handleEvent EXIT : currentDirection 2
02-05 15:17:48.774  3754  4984 W SLocation: handleEvent EXIT : currentDirection 2
02-05 15:17:48.775  3754  4984 W SLocation: handleEvent EXIT : currentDirection 2
02-05 15:17:48.777  3754  4984 W SLocation: handleEvent ENTER : currentDirection 1
02-05 15:17:49.037  3754  4442 D WifiStateMachine: Current network is: "wilkinson2.4" , ID is: 30
02-05 15:17:49.037  3754  4442 I WifiStateMachine: IMS calling, current network is always qualified
02-05 15:17:49.073  5025  5223 I System.out: Broadcasting: Intent { act=android.intent.action.ACTION_UNSOL_RESPONSE_OEM_HOOK_RAW launchParam=MultiScreenLaunchParams { mDisplayId=0 mFlags=0 } (has extras) }
02-05 15:17:49.078  3754 27646 D AlarmManager: setTimeZone : America/New_York calling from uid: 1001 pid :5025
02-05 15:17:49.078  3754 27646 W SamsungAlarmManager: setTimeZone : America/New_York CU:1001/CP:5025
02-05 15:17:49.078  3754 27646 D AlarmManagerService: Kernel timezone updated to 300 minutes west of GMT
02-05 15:17:49.086  5025  6076 I System.out: Broadcast completed: result=0
02-05 15:17:49.092  3754  3777 I ActivityManager: Killing 15478:com.samsung.android.samsungpass/u0a266 (adj 906): DHA:empty #31
02-05 15:17:49.093  3754  3777 I ActivityManager: Killing 15645:com.android.documentsui/u0a114 (adj 906): DHA:empty #31
02-05 15:17:49.117  3754  4487 D ActivityManager: cleanUpApplicationRecord -- 15478
02-05 15:17:49.120  5905 12311 D ForegroundUtils: could not check pending caller
02-05 15:17:49.130  3754  7637 D ActivityManager: cleanUpApplicationRecord -- 15645
02-05 15:17:49.132  5905  5924 D ForegroundUtils: could not check pending caller
02-05 15:17:49.646  3754  4402 D InputReader: Input event(3): value=1 when=3639120662000
02-05 15:17:49.646  3754  4402 D InputReader: Input event(3): value=1 when=3639120662000
02-05 15:17:49.647  3754  4402 I InputReader: Touch event's action is 0x0 (deviceType=0) [pCnt=1, s=0.697 ] when=3639120662000
02-05 15:17:49.647  3754  4401 I InputDispatcher: Delivering touch to (16382): action: 0x0, toolType: 1
02-05 15:17:49.648 16382 16444 V threaded_app: New input event: type=2
02-05 15:17:49.650 16382 16382 D ViewRootImpl@cc1395f[GameActivity]: ViewPostImeInputStage processPointer 0
02-05 15:17:49.670 16382 16444 V threaded_app: New input event: type=2
02-05 15:17:49.686 16382 16444 V threaded_app: New input event: type=2
02-05 15:17:49.703 16382 16444 V threaded_app: New input event: type=2
02-05 15:17:49.719 16382 16444 V threaded_app: New input event: type=2
02-05 15:17:49.737 16382 16444 V threaded_app: New input event: type=2
02-05 15:17:49.744  3754  4402 D InputReader: Input event(3): value=0 when=3639218140000
02-05 15:17:49.744  3754  4402 D InputReader: Input event(3): value=0 when=3639218140000
02-05 15:17:49.744  3754  4402 I InputReader: Touch event's action is 0x1 (deviceType=0) [pCnt=1, s=] when=3639218140000
02-05 15:17:49.744  3754  4401 I InputDispatcher: Delivering touch to (16382): action: 0x1, toolType: 1
02-05 15:17:49.745 16382 16444 V threaded_app: New input event: type=2
02-05 15:17:49.746 16382 16382 D ViewRootImpl@cc1395f[GameActivity]: ViewPostImeInputStage processPointer 1
02-05 15:17:49.768 16382 16551 I libOpenSLES: Emulating old channel mask behavior (ignoring positional mask 0x3, using default mask 0x3 based on channel count of 2)
02-05 15:17:49.770 16382 16551 W AudioTrack: AUDIO_OUTPUT_FLAG_FAST denied by client; transfer 1, track 44100 Hz, output 48000 Hz
02-05 15:17:49.771  3239  3829 I AudioFlinger: add dynamic flag, can move to deep thread, session 1297
02-05 15:17:49.773 16382 16551 D AudioTrack: Client defaulted notificationFrames to 590 for frameCount 1772
02-05 15:17:49.773 16382 16551 I AudioTrack: This process already got info. FadeIn[0] FadeOut[0] FadeInRing[0]
02-05 15:17:49.774  3239  3829 W AudioPolicyIntefaceImpl: Skipped to add effects on session 1297
02-05 15:17:49.774  3239  3829 I APM_AudioPolicyManager: startOutput() output 21, stream 3, session 1297
02-05 15:17:49.774 16382 16629 I AudioTrack: Skip ramp
02-05 15:17:49.785  3239  3461 I AudioMixer: create resampler src 44100, 2, dst 48000, 2, q 8
02-05 15:17:49.786  3239  3461 D SoundAliveResampler: [SoundAliveResampler] Init+++
02-05 15:17:49.905  3239  3363 I APM_AudioPolicyManager: stopOutput() output 21, stream 3, session 1297
02-05 15:17:49.965 16382 16446 D UE4     : Used memory: 231644
02-05 15:17:50.566 16382 16443 D UE4     : [2019.02.05-20.17.50:566][695]LogNet: Browse: /Game/Maps/StackMap
02-05 15:17:50.581 16382 16443 D UE4     : [2019.02.05-20.17.50:581][695]LogLoad: LoadMap: /Game/Maps/StackMap
02-05 15:17:50.662 16382 16443 D UE4     : [2019.02.05-20.17.50:662][695]LogStreaming: Display: Flushing async loaders.
02-05 15:17:50.670  3239  3363 I APM_AudioPolicyManager: stopOutput() output 21, stream 3, session 1273
02-05 15:17:50.670  3239  3363 I APM_AudioPolicyManager: write_logging() stream(3) device(0x2) time(-352755317991811448916571379381545314651195536662364530536455465894089764831185302845879859074512217157599151489160525335121992573872742257609939324194492763989790809116794489699042925997858576214810944388596998409814016.00) volume(0.00)
02-05 15:17:50.907  3754  3754 D TelephonyManager: getCellLocation : Caller (PID / UID / TID): 3754 / 1000 / 3754
02-05 15:17:50.908  4617  4793 D NetworkController.MobileSignalController(0/1): onSignalStrengthsChanged signalStrength=SignalStrength: 99 99 -120 -160 -120 -1 -1 15 -123 -12 148 2147483647 2147483647 0x3000 gsm|lte level=3
02-05 15:17:50.908  4617  4793 D NetworkController.MobileSignalController(0/1): getMobileIconGroup(): 13
02-05 15:17:50.908  4617  4793 D NetworkController.MobileSignalController(0/1): updateVZWMobileIconGroup(): 13
02-05 15:17:50.916  5039  5639 D EPDG -- [SMARTWIFI]: onSignalStrengthsChanged: Received signal strength change, phone type is: 2
02-05 15:17:50.916  5039  6416 D EPDG -- [SMARTWIFI]: lastLteRSRP is -109currentLteRSRP is -123
02-05 15:17:50.916  5039  6416 D EPDG -- [SMARTWIFI]: lastLteRSRQ is -13currentLteRSRQ is -12
02-05 15:17:50.916  5039  6416 D EPDG -- [SMARTWIFI]: lastCdmaDb is -16currentCdmaDb is -16
02-05 15:17:50.916  5039  6416 V EPDG -- [SMARTWIFI]: Radio oldest entry removed
02-05 15:17:50.916  5039  6416 V EPDG -- [SMARTWIFI]: New entry : (SignalStrength: 99 99 -120 -160 -120 -1 -1 15 -123 -12 148 2147483647 2147483647 0x3000 gsm|lte : 0 )
02-05 15:17:50.916  5039  6416 V EPDG -- [SMARTWIFI]: Radio entry added
02-05 15:17:50.918  4617  4793 D NetworkController.MobileSignalController(0/1): callState:0, callStateByPhone:false voLTECall:false voiceNetTpe:13 dataNetType:13, ine911:false, emergencyCallbackMode:false
02-05 15:17:51.153 16382 16443 D UE4     : [2019.02.05-20.17.51:153][695]LogAIModule: Creating AISystem for world StackMap
02-05 15:17:51.154 16382 16443 D UE4     : [2019.02.05-20.17.51:154][695]LogLoad: Game class is 'GameModeBase'
02-05 15:17:51.160 16382 16443 D UE4     : [2019.02.05-20.17.51:160][695]LogWorld: Bringing World /Game/Maps/StackMap.StackMap up for play (max tick rate 0) at 2019.02.05-15.17.51
02-05 15:17:51.161 16382 16443 D UE4     : [2019.02.05-20.17.51:161][695]LogWorld: Bringing up level for play took: 0.002945
02-05 15:17:51.162 16382 16443 D UE4     : [2019.02.05-20.17.51:161][695]LogOnlineIdentity: Display: OSS: FOnlineIdentityGooglePlay::GetPlayerNickname
02-05 15:17:51.163 16382 16443 D UE4     : [2019.02.05-20.17.51:163][695]LogGameMode: FindPlayerStart: PATHS NOT DEFINED or NO PLAYERSTART with positive rating
02-05 15:17:51.195 16382 16443 D UE4     : [2019.02.05-20.17.51:195][695]LogUMG: Display: Widget Class GameStartMenu_C - Loaded Fast Template.
02-05 15:17:51.199 16382 16443 D UE4     : [2019.02.05-20.17.51:199][695]LogLevel: Warning: EnableInput on a LevelScript actor can not be specified for only one PlayerController.  Enabling for all PlayerControllers.
02-05 15:17:51.202 16382 16443 D UE4     : [2019.02.05-20.17.51:202][695]LogLoad: Took 0.621475 seconds to LoadMap(/Game/Maps/StackMap)
02-05 15:17:51.208 16382 16443 D UE4     : [2019.02.05-20.17.51:208][695]LogSlate: Took 0.002129 seconds to synchronously load lazily loaded font '../../../Engine/Content/EngineFonts/Faces/DroidSansMono.ufont' (77K)
02-05 15:17:51.231 16382 16443 D UE4     : [2019.02.05-20.17.51:231][696]LogSlate: Took 0.001529 seconds to synchronously load lazily loaded font '../../../Engine/Content/EngineFonts/Faces/DroidSansMono.ufont' (77K)
02-05 15:17:51.748  3754  4341 D SamsungAlarmManager: Expired : 8
02-05 15:17:51.748  3754  4341 I SamsungAlarmManager: setLocked to kernel - T:3 / 20190205T151800, SetElapsed=5990907, nowELAPSED=5982655
02-05 15:17:51.749  3754  4341 V SamsungAlarmManager: Sending to uid : 10059 action=null alarm=Alarm{eeeb117 type 3 when 5982655 com.asurion.android.verizon.vms}
02-05 15:17:51.755  3754  4341 D CompatibilityInfo: mCompatibilityFlags - 0
02-05 15:17:51.755  3754  4341 D CompatibilityInfo: applicationDensity - 420
02-05 15:17:51.755  3754  4341 D CompatibilityInfo: applicationScale - 1.0
02-05 15:17:51.776  3754  4465 D SamsungAlarmManager: setExact Intent (T:3/F:5/AC:false) 20190205T151756 - CU:10059/CP:6479
02-05 15:17:51.777  3754  4465 I SamsungAlarmManager: setLocked to kernel - T:3 / 20190205T151756, SetElapsed=5987676, nowELAPSED=5982684
02-05 15:17:52.054  3754  4442 D WifiStateMachine: Current network is: "wilkinson2.4" , ID is: 30
02-05 15:17:52.054  3754  4442 I WifiStateMachine: IMS calling, current network is always qualified
02-05 15:17:52.106  3754  3754 D TelephonyManager: getCellLocation : Caller (PID / UID / TID): 3754 / 1000 / 3754
02-05 15:17:52.106  4617  4793 D NetworkController.MobileSignalController(0/1): onSignalStrengthsChanged signalStrength=SignalStrength: 99 99 -120 -160 -120 -1 -1 13 -122 -13 -25 2147483647 2147483647 0x3000 gsm|lte level=3
02-05 15:17:52.106  4617  4793 D NetworkController.MobileSignalController(0/1): getMobileIconGroup(): 13
02-05 15:17:52.106  4617  4793 D NetworkController.MobileSignalController(0/1): updateVZWMobileIconGroup(): 13
02-05 15:17:52.112  5039  5639 D EPDG -- [SMARTWIFI]: onSignalStrengthsChanged: Received signal strength change, phone type is: 2
02-05 15:17:52.113  5039  6416 D EPDG -- [SMARTWIFI]: lastLteRSRP is -123currentLteRSRP is -122
02-05 15:17:52.113  5039  6416 D EPDG -- [SMARTWIFI]: lastLteRSRQ is -12currentLteRSRQ is -13
02-05 15:17:52.113  5039  6416 D EPDG -- [SMARTWIFI]: lastCdmaDb is -16currentCdmaDb is -16
02-05 15:17:52.113  5039  6416 V EPDG -- [SMARTWIFI]: Radio oldest entry removed
02-05 15:17:52.113  5039  6416 V EPDG -- [SMARTWIFI]: New entry : (SignalStrength: 99 99 -120 -160 -120 -1 -1 13 -122 -13 -25 2147483647 2147483647 0x3000 gsm|lte : 0 )
02-05 15:17:52.113  5039  6416 V EPDG -- [SMARTWIFI]: Radio entry added
02-05 15:17:52.116  4617  4793 D NetworkController.MobileSignalController(0/1): callState:0, callStateByPhone:false voLTECall:false voiceNetTpe:13 dataNetType:13, ine911:false, emergencyCallbackMode:false
02-05 15:17:52.270  5025  5223 I System.out: Broadcasting: Intent { act=android.intent.action.ACTION_UNSOL_RESPONSE_OEM_HOOK_RAW launchParam=MultiScreenLaunchParams { mDisplayId=0 mFlags=0 } (has extras) }
02-05 15:17:52.283  3754  3754 D TelephonyManager: getCellLocation : Caller (PID / UID / TID): 3754 / 1000 / 3754
02-05 15:17:52.284  4617  4793 D NetworkController.MobileSignalController(0/1): onSignalStrengthsChanged signalStrength=SignalStrength: 99 99 -120 -160 -120 -1 -1 13 -122 -13 -25 2147483647 2147483647 0x3000 gsm|lte level=3
02-05 15:17:52.284  4617  4793 D NetworkController.MobileSignalController(0/1): getMobileIconGroup(): 13
02-05 15:17:52.284  4617  4793 D NetworkController.MobileSignalController(0/1): updateVZWMobileIconGroup(): 13
02-05 15:17:52.284  5025  8028 I System.out: Broadcast completed: result=0
02-05 15:17:52.292  5039  5639 D EPDG -- [SMARTWIFI]: onSignalStrengthsChanged: Received signal strength change, phone type is: 2
02-05 15:17:52.293  5039  6416 D EPDG -- [SMARTWIFI]: lastLteRSRP is -122currentLteRSRP is -122
02-05 15:17:52.293  5039  6416 D EPDG -- [SMARTWIFI]: lastLteRSRQ is -13currentLteRSRQ is -13
02-05 15:17:52.293  5039  6416 D EPDG -- [SMARTWIFI]: lastCdmaDb is -16currentCdmaDb is -16
02-05 15:17:52.293  5039  6416 V EPDG -- [SMARTWIFI]: Radio oldest entry removed
02-05 15:17:52.293  5039  6416 V EPDG -- [SMARTWIFI]: New entry : (SignalStrength: 99 99 -120 -160 -120 -1 -1 13 -122 -13 -25 2147483647 2147483647 0x3000 gsm|lte : 0 )
02-05 15:17:52.293  5039  6416 V EPDG -- [SMARTWIFI]: Radio entry added
02-05 15:17:52.303  4617  4793 D NetworkController.MobileSignalController(0/1): callState:0, callStateByPhone:false voLTECall:false voiceNetTpe:13 dataNetType:13, ine911:false, emergencyCallbackMode:false
02-05 15:17:52.307  5039  6415 D EPDG -- [MODEM]: message length is  9
02-05 15:17:52.307  5039  6415 D EPDG -- [MODEM]: countRead is 7 offset is 7remaining is 0
02-05 15:17:52.307  5039  6415 D EPDG -- EpdgIpcMessageFactory: ipcMainCmd: 8
02-05 15:17:52.307  5039  6415 D EPDG -- [UTILS]: isUSerBinary: true
02-05 15:17:52.307  5039  6415 D EPDG -- [RILRECEIVER]: [Rx]: Main: IPC_NET_CMD Sub: IPC_NET_REGIST
02-05 15:17:52.307  5039  6415 D EPDG -- [RILRECEIVER]: [Rx]: Param: FF 03 
02-05 15:17:52.308  5039  6415 I EPDG -- [RILRECEIVER]: RX [NET_REGIST] -- RESPONSE -- EPDG AVAILABLE
02-05 15:17:52.308  5039  6415 D EPDG -- [NETIPCMESSAGE]: encodeNetRegist
02-05 15:17:52.308  5039  6415 D EPDG -- [UTILS]: isUSerBinary: true
02-05 15:17:52.311  5039  6415 D EPDG -- [IPCDISPATCHER]: [Tx]: Main: IPC_NET_CMD Sub: IPC_NET_REGIST Cmd Type: IPC_CMD_RESP
02-05 15:17:52.311  5039  6415 D EPDG -- [IPCDISPATCHER]: [Tx]: Param: 30 03 02 00 00 00 00 00 00 00 00 00 00 
02-05 15:17:52.311  5039  6415 D EPDG -- [MODEM]: EpdgModem instance already exists !
02-05 15:17:52.312  5039  5639 D EPDG -- [EPDGService]: Event received: RIL_EPDG_STATUS_QUERY
02-05 15:17:52.312  5039  5639 D EPDG -- [EPDGService]: handleMessage: cid - 2
02-05 15:17:52.312  5039  6413 D EPDG -- [MODEM]: Successfully written to RIL
02-05 15:17:52.325  3754  3754 D TelephonyManager: getCellLocation : Caller (PID / UID / TID): 3754 / 1000 / 3754
02-05 15:17:52.329  4617  4793 D NetworkController.MobileSignalController(0/1): onSignalStrengthsChanged signalStrength=SignalStrength: 99 99 -120 -160 -120 -1 -1 14 -123 -13 -13 2147483647 2147483647 0x3000 gsm|lte level=3
02-05 15:17:52.329  4617  4793 D NetworkController.MobileSignalController(0/1): getMobileIconGroup(): 13
02-05 15:17:52.329  4617  4793 D NetworkController.MobileSignalController(0/1): updateVZWMobileIconGroup(): 13
02-05 15:17:52.334  5039  6415 D EPDG -- [MODEM]: message length is  9
02-05 15:17:52.335  5039  6415 D EPDG -- [MODEM]: countRead is 7 offset is 7remaining is 0
02-05 15:17:52.335  5039  6415 D EPDG -- EpdgIpcMessageFactory: ipcMainCmd: 8
02-05 15:17:52.335  5039  6415 D EPDG -- [UTILS]: isUSerBinary: true
02-05 15:17:52.335  5039  6415 D EPDG -- [RILRECEIVER]: [Rx]: Main: IPC_NET_CMD Sub: IPC_NET_REGIST
02-05 15:17:52.336  5039  6415 D EPDG -- [RILRECEIVER]: [Rx]: Param: FF 03 
02-05 15:17:52.336  5039  6415 I EPDG -- [RILRECEIVER]: RX [NET_REGIST] -- RESPONSE -- EPDG AVAILABLE
02-05 15:17:52.336  5039  5639 D EPDG -- [SMARTWIFI]: onSignalStrengthsChanged: Received signal strength change, phone type is: 2
02-05 15:17:52.336  5039  6415 D EPDG -- [NETIPCMESSAGE]: encodeNetRegist
02-05 15:17:52.336  5039  6415 D EPDG -- [UTILS]: isUSerBinary: true
02-05 15:17:52.336 16382 16551 I libOpenSLES: Emulating old channel mask behavior (ignoring positional mask 0x3, using default mask 0x3 based on channel count of 2)
02-05 15:17:52.336  5039  6416 D EPDG -- [SMARTWIFI]: lastLteRSRP is -122currentLteRSRP is -123
02-05 15:17:52.336  5039  6416 D EPDG -- [SMARTWIFI]: lastLteRSRQ is -13currentLteRSRQ is -13
02-05 15:17:52.336  5039  6416 D EPDG -- [SMARTWIFI]: lastCdmaDb is -16currentCdmaDb is -16
02-05 15:17:52.336  5039  6416 V EPDG -- [SMARTWIFI]: Radio oldest entry removed
02-05 15:17:52.336  5039  6416 V EPDG -- [SMARTWIFI]: New entry : (SignalStrength: 99 99 -120 -160 -120 -1 -1 14 -123 -13 -13 2147483647 2147483647 0x3000 gsm|lte : 0 )
02-05 15:17:52.336  5039  6416 V EPDG -- [SMARTWIFI]: Radio entry added
02-05 15:17:52.337  5039  6415 D EPDG -- [IPCDISPATCHER]: [Tx]: Main: IPC_NET_CMD Sub: IPC_NET_REGIST Cmd Type: IPC_CMD_RESP
02-05 15:17:52.337  5039  6415 D EPDG -- [IPCDISPATCHER]: [Tx]: Param: 30 03 02 00 00 00 00 00 00 00 00 00 00 
02-05 15:17:52.337  5039  6415 D EPDG -- [MODEM]: EpdgModem instance already exists !
02-05 15:17:52.337 16382 16551 W AudioTrack: AUDIO_OUTPUT_FLAG_FAST denied by client; transfer 1, track 44100 Hz, output 48000 Hz
02-05 15:17:52.337  5039  6413 D EPDG -- [MODEM]: Successfully written to RIL
02-05 15:17:52.338  3239  3474 I AudioFlinger: add dynamic flag, can move to deep thread, session 1305
02-05 15:17:52.338  5039  5639 D EPDG -- [EPDGService]: Event received: RIL_EPDG_STATUS_QUERY
02-05 15:17:52.338  5039  5639 D EPDG -- [EPDGService]: handleMessage: cid - 2
02-05 15:17:52.341 16382 16551 D AudioTrack: Client defaulted notificationFrames to 590 for frameCount 1772
02-05 15:17:52.342 16382 16551 I AudioTrack: This process already got info. FadeIn[0] FadeOut[0] FadeInRing[0]
02-05 15:17:52.342  3239 16070 W AudioPolicyIntefaceImpl: Skipped to add effects on session 1305
02-05 15:17:52.342  3239 16070 I APM_AudioPolicyManager: startOutput() output 21, stream 3, session 1305
02-05 15:17:52.346  3239  3461 D audio_hw_primary: out_set_parameters: enter: kvpairs: routing=2
02-05 15:17:52.346  3239  3461 I audio_hw_primary: out_set_parameters adev->out_device:2
02-05 15:17:52.346  3239  3461 I audio_hw_primary: is_voice_wakeup : ret =  0  , wakeup_baby_cry_enabled = 0  ,  wakeup_mic_enabled = 0 
02-05 15:17:52.346  3239  3461 V audio_hw_primary: select_devices output_scenario:0 input_scenario:28 out_snd_device 0x2 in_snd_device:0xb
02-05 15:17:52.346  3239  3461 I audio_hw_primary: select_devices - do not update mixer_path
02-05 15:17:52.346  3239  3461 D AudioFlinger: setCurDevice() 0x2
02-05 15:17:52.353  4617  4793 D NetworkController.MobileSignalController(0/1): callState:0, callStateByPhone:false voLTECall:false voiceNetTpe:13 dataNetType:13, ine911:false, emergencyCallbackMode:false
02-05 15:17:52.367  4617  4793 D NetworkController.MobileSignalController(0/1): onCellLocationChanged
02-05 15:17:52.367  5008  5008 D PdnController: onCellLocationChanged:
02-05 15:17:52.367  5008  5008 D RegiMgrBase: onCellLocationChanged:
02-05 15:17:52.367  5008  5008 D VolteServiceModule: onCellLocationChanged:
02-05 15:17:52.367  5008  5300 D RegiMgrBase: handleMessage: EVENT_CELL_LOCATION_CHANGED
02-05 15:17:52.368  3754  4984 D SLocation: onCellLocationChanged 1 / 0
02-05 15:17:52.370  5008  5300 D PaniGenerator: generate: network=13, fallbackPlmn=311480
02-05 15:17:52.372  3754  4984 D TelephonyManager: getAllCellInfo : Caller (PID / UID / TID): 3754 / 1000 / 4984
02-05 15:17:52.375  5008  5300 D PaniGenerator: Don't use getDataPlmn if not in CS:1x and PS:LTE
02-05 15:17:52.377  5008  5300 D PaniGenerator: generate: change to NW PLMN(311480)
02-05 15:17:52.378  5008  5300 D TelephonyManager: getCellLocation : Caller (PID / UID / TID): 5008 / 1000 / 5300
02-05 15:17:52.380  3239  3461 I AudioMixer: create resampler src 44100, 2, dst 48000, 2, q 8
02-05 15:17:52.380  3239  3461 D SoundAliveResampler: [SoundAliveResampler] Init+++
02-05 15:17:52.383  3754  6772 D TelephonyManager: getCellLocation : Caller (PID / UID / TID): 3754 / 1000 / 6772
02-05 15:17:52.387  5008  5300 D TelephonyManager: getCellLocation : Caller (PID / UID / TID): 5008 / 1000 / 5300
02-05 15:17:52.394  3754  4984 D SLocation: cellList : 5
02-05 15:17:52.397  3754  4984 W SLocation: handleEvent ENTER : currentDirection 1
02-05 15:17:52.397  5008  5300 D TelephonyManager: getCellLocation : Caller (PID / UID / TID): 5008 / 1000 / 5300
02-05 15:17:52.399  3754  4984 W SLocation: handleEvent EXIT : currentDirection 2
02-05 15:17:52.401  3754  4984 W SLocation: handleEvent EXIT : currentDirection 2
02-05 15:17:52.403  3754  4984 W SLocation: handleEvent EXIT : currentDirection 2
02-05 15:17:52.406  3754  4984 W SLocation: handleEvent EXIT : currentDirection 2
02-05 15:17:52.407  3754  4984 W SLocation: handleEvent EXIT : currentDirection 2
02-05 15:17:52.410  3754  4984 W SLocation: handleEvent EXIT : currentDirection 2
02-05 15:17:52.412  3754  4984 W SLocation: handleEvent EXIT : currentDirection 2
02-05 15:17:52.412  5008  5833 D ImsSettingsProvider: insert at content://com.sec.ims.settings/debugconfig
02-05 15:17:52.413  5008  5833 D ImsSettingsProvider: match 21
02-05 15:17:52.413  3754  4984 W SLocation: handleEvent EXIT : currentDirection 2
02-05 15:17:52.415  3754  4984 W SLocation: handleEvent EXIT : currentDirection 2
02-05 15:17:52.417  5008  5833 D ImsSettingsProvider: insert : caller id : 5008, name : com.sec.imsservice
02-05 15:17:52.417  3754  4984 W SLocation: handleEvent ENTER : currentDirection 1
02-05 15:17:52.417  5008  5833 D DebugConfigStorage: insert()
02-05 15:17:52.419  3754  4984 W SLocation: handleEvent EXIT : currentDirection 2
02-05 15:17:52.421  3754  4984 W SLocation: handleEvent EXIT : currentDirection 2
02-05 15:17:52.423  3754  4984 W SLocation: handleEvent EXIT : currentDirection 2
02-05 15:17:52.426  3754  4984 W SLocation: handleEvent EXIT : currentDirection 2
02-05 15:17:52.430  5008  5833 D ImsSettingsProvider: match 21
02-05 15:17:52.430  5008  5833 D ImsSettingsProvider: query Uri[content://com.sec.ims.settings/debugconfig], selection [null]
02-05 15:17:52.430  5008  5833 D DebugConfigStorage: query()
02-05 15:17:52.431  3754  4984 W SLocation: handleEvent EXIT : currentDirection 2
02-05 15:17:52.431  5008  5833 D StackIF : updatePani: 24581 pani: [3GPP-E-UTRAN-FDD;utran-cell-id-3gpp=311480ae072a7b002]
02-05 15:17:52.431  5008  5839 D StackIF.Sender: handleMessage: what 1
02-05 15:17:52.431  5008  5839 D SECIMSJ : [0105]> REQUEST_UPDATE_PANI
02-05 15:17:52.432  3234  3353 E [IMS6.0]: ImsEventLoop: select (1), errno (11)
02-05 15:17:52.432  3234  3353 I [IMS6.0]: DispatchUpdatePani()
02-05 15:17:52.432  3234  3356 E [IMS6.0]: IMS_onResponse() Resp Id:600
02-05 15:17:52.432  3234  3356 I [IMS6.0]: ResponseGeneralResponse()
02-05 15:17:52.432  3234  3356 I [IMS6.0]: ResponseGeneralResponse() handle:6005
02-05 15:17:52.433  5008  5840 D SECIMSJ : [0105]< REQUEST_UPDATE_PANI
02-05 15:17:52.433  5008  5840 D StackIF : processResponse: reqId 84
02-05 15:17:52.433  5008  5840 D StackIF : processResponse: handle 24581 result REQUEST_SUCCESS reason REASON_NO_ERROR
02-05 15:17:52.485  3754  4984 W SLocation: handleEvent ENTER : currentDirection 1
02-05 15:17:52.486  3754  4984 W SLocation: handleEvent ENTER : currentDirection 1
02-05 15:17:52.487  3754  4984 W SLocation: handleEvent EXIT : currentDirection 2
02-05 15:17:52.489  3754  4984 W SLocation: handleEvent EXIT : currentDirection 2
02-05 15:17:52.490  3754  4984 W SLocation: handleEvent EXIT : currentDirection 2
02-05 15:17:52.491  3754  4984 W SLocation: handleEvent EXIT : currentDirection 2
02-05 15:17:52.492  3754  4984 W SLocation: handleEvent EXIT : currentDirection 2
02-05 15:17:52.493  3754  4984 W SLocation: handleEvent EXIT : currentDirection 2
02-05 15:17:52.494  3754  4984 W SLocation: handleEvent EXIT : currentDirection 2
02-05 15:17:52.496  3754  4984 W SLocation: handleEvent ENTER : currentDirection 1
02-05 15:17:52.756  3754  4402 D InputReader: Input event(3): value=1 when=3642229937000
02-05 15:17:52.756  3754  4402 D InputReader: Input event(3): value=1 when=3642229937000
02-05 15:17:52.756  3754  4402 I InputReader: Touch event's action is 0x0 (deviceType=0) [pCnt=1, s=0.698 ] when=3642229937000
02-05 15:17:52.756  3754  4401 I InputDispatcher: Delivering touch to (16382): action: 0x0, toolType: 1
02-05 15:17:52.757 16382 16444 V threaded_app: New input event: type=2
02-05 15:17:52.758 16382 16382 D ViewRootImpl@cc1395f[GameActivity]: ViewPostImeInputStage processPointer 0
02-05 15:17:52.771 16382 16443 D UE4     : [2019.02.05-20.17.52:771][781]LogSlate: FSceneViewport::OnFocusLost() reason 0
02-05 15:17:52.777 16382 16444 V threaded_app: New input event: type=2
02-05 15:17:52.793 16382 16444 V threaded_app: New input event: type=2
02-05 15:17:52.810 16382 16444 V threaded_app: New input event: type=2
02-05 15:17:52.827 16382 16444 V threaded_app: New input event: type=2
02-05 15:17:52.843 16382 16444 V threaded_app: New input event: type=2
02-05 15:17:52.860 16382 16444 V threaded_app: New input event: type=2
02-05 15:17:52.874  3754  4402 D InputReader: Input event(3): value=0 when=3642349111000
02-05 15:17:52.875  3754  4402 D InputReader: Input event(3): value=0 when=3642349111000
02-05 15:17:52.875  3754  4402 I InputReader: Touch event's action is 0x1 (deviceType=0) [pCnt=1, s=] when=3642349111000
02-05 15:17:52.875  3754  4401 I InputDispatcher: Delivering touch to (16382): action: 0x1, toolType: 1
02-05 15:17:52.876 16382 16444 V threaded_app: New input event: type=2
02-05 15:17:52.877 16382 16444 V threaded_app: New input event: type=2
02-05 15:17:52.878 16382 16382 D ViewRootImpl@cc1395f[GameActivity]: ViewPostImeInputStage processPointer 1
02-05 15:17:52.892 16382 16551 I libOpenSLES: Emulating old channel mask behavior (ignoring positional mask 0x3, using default mask 0x3 based on channel count of 2)
02-05 15:17:52.893 16382 16551 W AudioTrack: AUDIO_OUTPUT_FLAG_FAST denied by client; transfer 1, track 44100 Hz, output 48000 Hz
02-05 15:17:52.893  3239  3829 I AudioFlinger: add dynamic flag, can move to deep thread, session 1313
02-05 15:17:52.896 16382 16551 D AudioTrack: Client defaulted notificationFrames to 590 for frameCount 1772
02-05 15:17:52.897 16382 16551 I AudioTrack: This process already got info. FadeIn[0] FadeOut[0] FadeInRing[0]
02-05 15:17:52.897  3239  3829 W AudioPolicyIntefaceImpl: Skipped to add effects on session 1313
02-05 15:17:52.897  3239  3829 I APM_AudioPolicyManager: startOutput() output 21, stream 3, session 1313
02-05 15:17:52.921  3239  3461 I AudioMixer: create resampler src 44100, 2, dst 48000, 2, q 8
02-05 15:17:52.921  3239  3461 D SoundAliveResampler: [SoundAliveResampler] Init+++
02-05 15:17:53.383  3754  3754 D TelephonyManager: getCellLocation : Caller (PID / UID / TID): 3754 / 1000 / 3754
02-05 15:17:53.384  4617  4793 D NetworkController.MobileSignalController(0/1): onSignalStrengthsChanged signalStrength=SignalStrength: 99 99 -120 -160 -120 -1 -1 17 -109 -13 148 2147483647 2147483647 0x2000 gsm|lte level=2
02-05 15:17:53.385  4617  4793 D NetworkController.MobileSignalController(0/1): getMobileIconGroup(): 13
02-05 15:17:53.385  4617  4793 D NetworkController.MobileSignalController(0/1): updateVZWMobileIconGroup(): 13
02-05 15:17:53.393  5039  5639 D EPDG -- [SMARTWIFI]: onSignalStrengthsChanged: Received signal strength change, phone type is: 2
02-05 15:17:53.393  5039  6416 D EPDG -- [SMARTWIFI]: lastLteRSRP is -123currentLteRSRP is -109
02-05 15:17:53.393  5039  6416 D EPDG -- [SMARTWIFI]: lastLteRSRQ is -13currentLteRSRQ is -13
02-05 15:17:53.393  5039  6416 D EPDG -- [SMARTWIFI]: lastCdmaDb is -16currentCdmaDb is -16
02-05 15:17:53.393  5039  6416 V EPDG -- [SMARTWIFI]: Radio oldest entry removed
02-05 15:17:53.394  5039  6416 V EPDG -- [SMARTWIFI]: New entry : (SignalStrength: 99 99 -120 -160 -120 -1 -1 17 -109 -13 148 2147483647 2147483647 0x2000 gsm|lte : 0 )
02-05 15:17:53.394  5039  6416 V EPDG -- [SMARTWIFI]: Radio entry added
02-05 15:17:53.397  4617  4793 D NetworkController.MobileSignalController(0/1): callState:0, callStateByPhone:false voLTECall:false voiceNetTpe:13 dataNetType:13, ine911:false, emergencyCallbackMode:false
02-05 15:17:53.473  5669  5669 D io_stats: !@   8,0 r 213933 7884252 w 109730 3742032 d 31307 2766156 f 30718 30695 iot 210830 157179 th 61440 61440 61592 pt 200 inp 0 0 3642.947
02-05 15:17:53.473 16382 16443 D UE4     : [2019.02.05-20.17.53:473][823]LogUMG: Display: Widget Class Button_C - Loaded Fast Template.
02-05 15:17:53.475 16382 16443 D UE4     : [2019.02.05-20.17.53:475][823]LogUMG: Display: Widget Class ScoreCounter_C - Loaded Fast Template.
02-05 15:17:53.481 16382 16551 I AudioTrack: Skip ramp
02-05 15:17:53.485 16382 16551 I libOpenSLES: Emulating old channel mask behavior (ignoring positional mask 0x3, using default mask 0x3 based on channel count of 2)
02-05 15:17:53.487 16382 16443 D UE4     : [2019.02.05-20.17.53:487][823]LogSlate: Took 0.005689 seconds to synchronously load lazily loaded font '../../../Engine/Content/EngineFonts/Faces/RobotoBold.ufont' (160K)
02-05 15:17:53.488 16382 16551 W AudioTrack: AUDIO_OUTPUT_FLAG_FAST denied by client; transfer 1, track 44100 Hz, output 48000 Hz
02-05 15:17:53.488  3239 16070 I AudioFlinger: add dynamic flag, can move to deep thread, session 1321
02-05 15:17:53.489 16382 16551 D AudioTrack: Client defaulted notificationFrames to 590 for frameCount 1772
02-05 15:17:53.490 16382 16551 I AudioTrack: This process already got info. FadeIn[0] FadeOut[0] FadeInRing[0]
02-05 15:17:53.490  3239 16070 W AudioPolicyIntefaceImpl: Skipped to add effects on session 1321
02-05 15:17:53.491  3239 16070 I APM_AudioPolicyManager: startOutput() output 21, stream 3, session 1321
02-05 15:17:53.523  3239  3461 I AudioMixer: create resampler src 44100, 2, dst 48000, 2, q 8
02-05 15:17:53.523  3239  3461 D SoundAliveResampler: [SoundAliveResampler] Init+++
02-05 15:17:53.565  3239  3363 I APM_AudioPolicyManager: stopOutput() output 21, stream 3, session 1305
02-05 15:17:53.793 16382 16657 I AudioTrack: Skip ramp
02-05 15:17:53.885  3239  3363 I APM_AudioPolicyManager: stopOutput() output 21, stream 3, session 1313
02-05 15:17:54.219 15865 15955 D ClClient: Not sending keepalive.  Current connection state=STOPPED
02-05 15:17:54.886  3754  4402 D InputReader: Input event(3): value=1 when=3644359457000
02-05 15:17:54.886  3754  4402 D InputReader: Input event(3): value=1 when=3644359457000
02-05 15:17:54.887  3754  4402 I InputReader: Touch event's action is 0x0 (deviceType=0) [pCnt=1, s=0.699 ] when=3644359457000
02-05 15:17:54.888  3754  4401 I InputDispatcher: Delivering touch to (16382): action: 0x0, toolType: 1
02-05 15:17:54.890 16382 16444 V threaded_app: New input event: type=2
02-05 15:17:54.893 16382 16382 D ViewRootImpl@cc1395f[GameActivity]: ViewPostImeInputStage processPointer 0
02-05 15:17:54.901 16382 16443 D UE4     : [2019.02.05-20.17.54:901][908]LogSlate: FSceneViewport::OnFocusLost() reason 0
02-05 15:17:54.909 16382 16551 I libOpenSLES: Emulating old channel mask behavior (ignoring positional mask 0x4, using default mask 0x1 based on channel count of 1)
02-05 15:17:54.910 16382 16551 W AudioTrack: AUDIO_OUTPUT_FLAG_FAST denied by client; transfer 1, track 44100 Hz, output 48000 Hz
02-05 15:17:54.911  3239  3829 I AudioFlinger: add dynamic flag, can move to deep thread, session 1329
02-05 15:17:54.911 16382 16551 D AudioTrack: Client defaulted notificationFrames to 590 for frameCount 1772
02-05 15:17:54.912 16382 16551 I AudioTrack: This process already got info. FadeIn[0] FadeOut[0] FadeInRing[0]
02-05 15:17:54.913  3239  3829 W AudioPolicyIntefaceImpl: Skipped to add effects on session 1329
02-05 15:17:54.913  3239  3829 I APM_AudioPolicyManager: startOutput() output 21, stream 3, session 1329
02-05 15:17:54.914 16382 16444 V threaded_app: New input event: type=2
02-05 15:17:54.931 16382 16444 V threaded_app: New input event: type=2
02-05 15:17:54.945  3239  3461 I AudioMixer: create resampler src 44100, 1, dst 48000, 1, q 8
02-05 15:17:54.945  3239  3461 D SoundAliveResampler: [SoundAliveResampler] Init+++
02-05 15:17:54.948 16382 16444 V threaded_app: New input event: type=2
02-05 15:17:54.964 16382 16444 V threaded_app: New input event: type=2
02-05 15:17:54.981 16382 16444 V threaded_app: New input event: type=2
02-05 15:17:54.998 16382 16444 V threaded_app: New input event: type=2
02-05 15:17:55.016 16382 16444 V threaded_app: New input event: type=2
02-05 15:17:55.031 16382 16444 V threaded_app: New input event: type=2
02-05 15:17:55.049 16382 16444 V threaded_app: New input event: type=2
02-05 15:17:55.060  3754  4402 D InputReader: Input event(3): value=0 when=3644534786000
02-05 15:17:55.060  3754  4402 D InputReader: Input event(3): value=0 when=3644534786000
02-05 15:17:55.060  3754  4402 I InputReader: Touch event's action is 0x1 (deviceType=0) [pCnt=1, s=] when=3644534786000
02-05 15:17:55.061  3754  4401 I InputDispatcher: Delivering touch to (16382): action: 0x1, toolType: 1
02-05 15:17:55.062 16382 16444 V threaded_app: New input event: type=2
02-05 15:17:55.063 16382 16382 D ViewRootImpl@cc1395f[GameActivity]: ViewPostImeInputStage processPointer 1
02-05 15:17:55.073  3754  4442 D WifiStateMachine: Current network is: "wilkinson2.4" , ID is: 30
02-05 15:17:55.073  3754  4442 I WifiStateMachine: IMS calling, current network is always qualified
02-05 15:17:55.266 16382 16667 I AudioTrack: Skip ramp
02-05 15:17:55.366  3239  3363 I APM_AudioPolicyManager: stopOutput() output 21, stream 3, session 1329
02-05 15:17:56.028  3754  3754 D TelephonyManager: getCellLocation : Caller (PID / UID / TID): 3754 / 1000 / 3754
02-05 15:17:56.030  4617  4793 D NetworkController.MobileSignalController(0/1): onSignalStrengthsChanged signalStrength=SignalStrength: 99 99 -120 -160 -120 -1 -1 17 -108 -13 26 2147483647 2147483647 0x2000 gsm|lte level=2
02-05 15:17:56.030  4617  4793 D NetworkController.MobileSignalController(0/1): getMobileIconGroup(): 13
02-05 15:17:56.030  4617  4793 D NetworkController.MobileSignalController(0/1): updateVZWMobileIconGroup(): 13
02-05 15:17:56.038  5039  5639 D EPDG -- [SMARTWIFI]: onSignalStrengthsChanged: Received signal strength change, phone type is: 2
02-05 15:17:56.040  5039  6416 D EPDG -- [SMARTWIFI]: lastLteRSRP is -109currentLteRSRP is -108
02-05 15:17:56.040  5039  6416 D EPDG -- [SMARTWIFI]: lastLteRSRQ is -13currentLteRSRQ is -13
02-05 15:17:56.040  5039  6416 D EPDG -- [SMARTWIFI]: lastCdmaDb is -16currentCdmaDb is -16
02-05 15:17:56.040  5039  6416 V EPDG -- [SMARTWIFI]: Radio oldest entry removed
02-05 15:17:56.040  5039  6416 V EPDG -- [SMARTWIFI]: New entry : (SignalStrength: 99 99 -120 -160 -120 -1 -1 17 -108 -13 26 2147483647 2147483647 0x2000 gsm|lte : 0 )
02-05 15:17:56.040  5039  6416 V EPDG -- [SMARTWIFI]: Radio entry added
02-05 15:17:56.056  3754  3754 D TelephonyManager: getCellLocation : Caller (PID / UID / TID): 3754 / 1000 / 3754
02-05 15:17:56.060  5039  5639 D EPDG -- [SMARTWIFI]: onSignalStrengthsChanged: Received signal strength change, phone type is: 2
02-05 15:17:56.061  5039  6416 D EPDG -- [SMARTWIFI]: lastLteRSRP is -108currentLteRSRP is -108
02-05 15:17:56.061  5039  6416 D EPDG -- [SMARTWIFI]: lastLteRSRQ is -13currentLteRSRQ is -13
02-05 15:17:56.061  5039  6416 D EPDG -- [SMARTWIFI]: lastCdmaDb is -16currentCdmaDb is -16
02-05 15:17:56.061  5039  6416 V EPDG -- [SMARTWIFI]: Radio oldest entry removed
02-05 15:17:56.062  5039  6416 V EPDG -- [SMARTWIFI]: New entry : (SignalStrength: 99 99 -120 -160 -120 -1 -1 17 -108 -13 26 2147483647 2147483647 0x2000 gsm|lte : 0 )
02-05 15:17:56.062  5039  6416 V EPDG -- [SMARTWIFI]: Radio entry added
02-05 15:17:56.070  4617  4793 D NetworkController.MobileSignalController(0/1): callState:0, callStateByPhone:false voLTECall:false voiceNetTpe:13 dataNetType:13, ine911:false, emergencyCallbackMode:false
02-05 15:17:56.083  4617  4793 D NetworkController.MobileSignalController(0/1): onSignalStrengthsChanged signalStrength=SignalStrength: 99 99 -120 -160 -120 -1 -1 17 -108 -13 26 2147483647 2147483647 0x2000 gsm|lte level=2
02-05 15:17:56.083  4617  4793 D NetworkController.MobileSignalController(0/1): getMobileIconGroup(): 13
02-05 15:17:56.083  4617  4793 D NetworkController.MobileSignalController(0/1): updateVZWMobileIconGroup(): 13
02-05 15:17:56.094  4617  4793 D NetworkController.MobileSignalController(0/1): callState:0, callStateByPhone:false voLTECall:false voiceNetTpe:13 dataNetType:13, ine911:false, emergencyCallbackMode:false
02-05 15:17:56.567  3754  7649 D BatteryService: !@BatteryListener : batteryPropertiesChanged!
02-05 15:17:56.568  3754  7649 D BatteryService: level:22, scale:100, status:2, health:2, present:true, voltage: 3873, temperature: 324, technology: Li-ion, AC powered:false, USB powered:true, POGO powered:false, Wireless powered:false, icon:17303694, invalid charger:0, maxChargingCurrent:0, maxChargingVoltage:0, chargeCounter:0
02-05 15:17:56.568  3754  7649 D BatteryService: online:6, current avg:546, charge type:1, power sharing:false, high voltage charger:false, capacity:280000, batterySWSelfDischarging:false, misc_event:0, current_now:592
02-05 15:17:56.569  3754  3754 D BatteryService: Sending ACTION_BATTERY_CHANGED.
02-05 15:17:56.574  3754  3754 V UiModeManager: updateLocked: null action, mDockState=0, category=null
02-05 15:17:56.574  3754  3754 D UiModeManager: updateConfigurationLocked: mDockState=0; mCarMode=false; mNightMode=1; uiMode=17
02-05 15:17:56.576  3754  3754 D GameManagerService: new battery level: 22
02-05 15:17:56.578  4617  4617 D KeyguardUpdateMonitor: received broadcast android.intent.action.BATTERY_CHANGED
02-05 15:17:56.579  4617  4617 D KeyguardUpdateMonitor: handleBatteryUpdate
02-05 15:17:56.583  4617  4617 D PowerUI : priorPlugType = 2 mPlugType =  2
02-05 15:17:56.586  4617  4617 D PowerUI.Notification: showChargingNotice oldChargingType : 1 currentChargingType : 1 oldChargingTime : 8660000 mChargingTime : 8650000
02-05 15:17:56.586  4617  4617 D PowerUI.Notification: showChargingNotification()
02-05 15:17:56.588  5025  5025 D PhoneApp: PhoneAppBroadcastReceiver onReceive android.intent.action.BATTERY_CHANGED
02-05 15:17:56.588  5025  5025 D TelephonyExtensionManager: lowBatterySound - isLowBatterySoundScheduled: false
02-05 15:17:56.589  5025  5025 D TelephonyExtensionManager: lowBatterySound - isPlayNow: false
02-05 15:17:56.589  5025  5025 D TelephonyExtensionManager: isSpeakerON - false
02-05 15:17:56.599  5025  5025 D TelephonyExtensionManager: lowBatterySound - batteryStatus: 2
02-05 15:17:56.599  5025  5025 D TelephonyExtensionManager: lowBatterySound - batteryLevel: 22
02-05 15:17:56.599  5025  5025 D TelephonyExtensionManager: lowBatterySound - cancel
02-05 15:17:56.600  3754  7640 D SamsungAlarmManager: Cancel Alarm calling from uid:1001 pid :5025 / op:PendingIntent{6a347b3: PendingIntentRecord{a0393af com.android.phone broadcastIntent}}
02-05 15:17:56.601  5025  5025 D TelephonyExtension: Not stopping low battery tone
02-05 15:17:56.601  3754  7315 D ApplicationPolicy: isStatusBarNotificationAllowedAsUser: packageName = com.android.systemui,userId = -1
02-05 15:17:56.604  4617  4617 D BatteryMeterDrawable: isSomethingChanged - false
02-05 15:17:56.605  4617  4617 D BatteryMeterDrawable: isSomethingChanged - false
02-05 15:17:56.609  4617  4617 D Tile.FlashlightTile: ACTION_BATTERY_CHANGED - Level :: 22, emEnabled :: false
02-05 15:17:56.631  3754  9958 D SSRM:t  : SIOP:: AP = 440, PST = 376 (W:10), CP = 289, CUR = 574, LCD = 92
02-05 15:17:56.634  3754  9958 D ConnectivityService: filterNetworkStateForUid() uid: 1000 networkInfo: [type: WIFI[] - WIFI, state: CONNECTED/CONNECTED, reason: (unspecified), extra: "wilkinson2.4", failover: false, available: true, roaming: false, metered: false]
02-05 15:17:56.653  4617  4617 D KeyguardServiceBoxContainer: updateCMAS() hasCmasNotification = false, mHasCMAS = false
02-05 15:17:56.704  3229  3277 D Sensorhubs: readContextData: 1, 1, 7, -1
02-05 15:17:56.706  3754  4358 D SensorHubManager: onGetSensorHubDataLocked: library(4) = 1, 1, 7, -1
02-05 15:17:56.708  3754  4357 D CAE     : onGetSensorHubData(SensorHubParserProvider.java:94) - onGetSensorHubData Event [event buffer len :4], AP_WAKEUP
02-05 15:17:56.708  3754  4357 I CAE     : parse(SensorHubParserProvider.java:196) - buffer size = 4
02-05 15:17:56.710  3754  4357 I CAE     : parse(SensorHubParserProvider.java:207) - 1, 1, 7, -1,
02-05 15:17:56.711  3754  4357 D CAE     : display(ContextProvider.java:375) - ================= AUTO_ROTATION =================
02-05 15:17:56.712  3754  4357 I CAE     : display(ContextProvider.java:391) - Angle=[-1]
02-05 15:17:56.713  3754  4360 D SemContextService: updateContext() : event = Auto Rotation
02-05 15:17:56.713  3754  3754 D SemContextManager: onSemContextChanged() : event = Auto Rotation Angle : -1
02-05 15:17:56.714  3754  3754 D SContextManager: onSContextChanged() : event = Auto Rotation Angle : -1
02-05 15:17:56.714  3754  3754 V WindowOrientationListener: OrientationSensorJudge.onSContextChanged, Rotation: -1
02-05 15:17:56.769  3754  4341 D SamsungAlarmManager: Expired : 8
02-05 15:17:56.769  3754  4341 I SamsungAlarmManager: setLocked to kernel - T:3 / 20190205T151800, SetElapsed=5990907, nowELAPSED=5987676
02-05 15:17:56.770  3754  4341 V SamsungAlarmManager: Sending to uid : 10059 action=null alarm=Alarm{ad04170 type 3 when 5987676 com.asurion.android.verizon.vms}
02-05 15:17:56.775  3754  4341 D CompatibilityInfo: mCompatibilityFlags - 0
02-05 15:17:56.775  3754  4341 D CompatibilityInfo: applicationDensity - 420
02-05 15:17:56.775  3754  4341 D CompatibilityInfo: applicationScale - 1.0
02-05 15:17:56.792  3754  5964 D SamsungAlarmManager: setExact Intent (T:3/F:5/AC:false) 20190205T151801 - CU:10059/CP:6479
02-05 15:17:57.156 16382 16443 D UE4     : [2019.02.05-20.17.57:155][ 43]LogUMG: Display: Widget Class GameOverMenu_C - Loaded Fast Template.
02-05 15:17:57.175 16382 16551 I libOpenSLES: Emulating old channel mask behavior (ignoring positional mask 0x3, using default mask 0x3 based on channel count of 2)
02-05 15:17:57.178 16382 16551 W AudioTrack: AUDIO_OUTPUT_FLAG_FAST denied by client; transfer 1, track 44100 Hz, output 48000 Hz
02-05 15:17:57.178  3239  3829 I AudioFlinger: add dynamic flag, can move to deep thread, session 1337
02-05 15:17:57.180 16382 16551 D AudioTrack: Client defaulted notificationFrames to 590 for frameCount 1772
02-05 15:17:57.180 16382 16551 I AudioTrack: This process already got info. FadeIn[0] FadeOut[0] FadeInRing[0]
02-05 15:17:57.181  3239  3829 W AudioPolicyIntefaceImpl: Skipped to add effects on session 1337
02-05 15:17:57.181  3239  3829 I APM_AudioPolicyManager: startOutput() output 21, stream 3, session 1337
02-05 15:17:57.207  3239  3461 I AudioMixer: create resampler src 44100, 2, dst 48000, 2, q 8
02-05 15:17:57.207  3239  3461 D SoundAliveResampler: [SoundAliveResampler] Init+++
02-05 15:17:57.755 16382 16680 I AudioTrack: Skip ramp
02-05 15:17:57.848  3239  3363 I APM_AudioPolicyManager: stopOutput() output 21, stream 3, session 1337
02-05 15:17:58.093  3754  4442 D WifiStateMachine: Current network is: "wilkinson2.4" , ID is: 30
02-05 15:17:58.094  3754  4442 I WifiStateMachine: IMS calling, current network is always qualified
02-05 15:17:58.477  5669  5669 D io_stats: !@   8,0 r 213933 7884252 w 109746 3742156 d 31307 2766156 f 30746 30723 iot 210910 157188 th 61440 61440 61592 pt 200 inp 0 0 3647.950
02-05 15:17:58.577  3229  3277 D Sensorhubs: readContextData: 1, 1, 7, 0
02-05 15:17:58.578  3754  4358 D SensorHubManager: onGetSensorHubDataLocked: library(4) = 1, 1, 7, 0
02-05 15:17:58.581  3754  4357 D CAE     : onGetSensorHubData(SensorHubParserProvider.java:94) - onGetSensorHubData Event [event buffer len :4], AP_WAKEUP
02-05 15:17:58.582  3754  4357 I CAE     : parse(SensorHubParserProvider.java:196) - buffer size = 4
02-05 15:17:58.583  3754  4357 I CAE     : parse(SensorHubParserProvider.java:207) - 1, 1, 7, 0,
02-05 15:17:58.585  3754  4357 D CAE     : display(ContextProvider.java:375) - ================= AUTO_ROTATION =================
02-05 15:17:58.587  3754  4357 I CAE     : display(ContextProvider.java:391) - Angle=[0]
02-05 15:17:58.589  3754  4360 D SemContextService: updateContext() : event = Auto Rotation
02-05 15:17:58.590  3754  3754 D SemContextManager: onSemContextChanged() : event = Auto Rotation Angle : 0
02-05 15:17:58.591  3754  3754 D SContextManager: onSContextChanged() : event = Auto Rotation Angle : 0
02-05 15:17:58.591  3754  3754 V WindowOrientationListener: OrientationSensorJudge.onSContextChanged, Rotation: 0
02-05 15:17:58.593  3754  3784 V WindowOrientationListener: OrientationSensorJudge.getProposedRotation, Rotation: 0
02-05 15:17:58.593  3754  3784 V WindowOrientationListener: OrientationSensorJudge.getProposedRotation, Rotation: 0
02-05 15:17:58.593  3754  3784 V WindowManager: rotationForOrientationLw(orient=1, last=0); user=0  sensorRotation=0 mLidState=-1 mDockMode=0 mHdmiPlugged=false
02-05 15:17:59.797  3754  4402 D InputReader: Input event(3): value=1 when=3649271646000
02-05 15:17:59.797  3754  4402 D InputReader: Input event(3): value=1 when=3649271646000
02-05 15:17:59.797  3754  4402 I InputReader: Touch event's action is 0x0 (deviceType=0) [pCnt=1, s=0.700 ] when=3649271646000
