--------- beginning of system
02-05 15:17:28.456  5669  5669 D io_stats: !@   8,0 r 213928 7883980 w 109286 3734848 d 31275 2765396 f 30518 30495 iot 210160 156995 th 61440 61440 61592 pt 200 inp 0 0 3617.930
--------- beginning of main
02-05 15:17:28.920 16370 16370 D SecurityManagerNative: SecurityManagerNative v2.7.2.5 On 64bit PLATFORM With BORINGSSL
02-05 15:17:28.926 16370 16370 E appproc : Enhanced Zygote ASLR: ro.knox.enhance.zygote.aslr != 1. Enhanced Zygote ASLR is DISABLED!
02-05 15:17:28.926 16370 16370 D AndroidRuntime: >>>>>> START com.android.internal.os.RuntimeInit uid 2000 <<<<<<
02-05 15:17:28.929 16370 16370 D AndroidRuntime: CheckJNI is OFF
02-05 15:17:28.932 16370 16370 D AndroidRuntime: addProductProperty: start
02-05 15:17:29.006 16370 16370 I [saiv 1.1]: saiv_OnLoadJNI.cpp(38): _init: Version 1.1 Build # 3532
02-05 15:17:29.006 16370 16370 I [saiv 1.1]: saiv_OnLoadJNI.cpp(43): _init: _init() was called
02-05 15:17:29.035 16370 16370 I MLDAP   : ================================================
02-05 15:17:29.035 16370 16370 I MLDAP   :  MLDAP_LIB v1.1.16
02-05 15:17:29.035 16370 16370 I MLDAP   : ================================================
02-05 15:17:29.102 16370 16370 I TMSDISP : AcsAndroidVirtualDisplayIntfImpl
02-05 15:17:29.140 16370 16370 D ICU     : No timezone override file found: /data/misc/zoneinfo/current/icu/icu_tzdata.dat
02-05 15:17:29.169 16370 16370 I Radio-JNI: register_android_hardware_Radio DONE
02-05 15:17:29.179 16370 16370 D ReflectionHelper: loadKlass() : caller=android.app.Activity.<clinit>:7555 <bottom of call stack> 
02-05 15:17:29.180 16370 16370 D ReflectionHelper: Reflecting method.....  class <onScreenChanged>
02-05 15:17:29.181 16370 16370 E SemAffinityControl: SemAffinityControl: registerfunction enter
02-05 15:17:29.196 16370 16370 D AndroidRuntime: Calling main entry com.android.commands.am.Am
02-05 15:17:29.216  3754 27647 I ActivityManager: START u0 {act=null typ=null flg=0x10000000 cmp=ComponentInfo{com.GeekTechnique.InfinityStack/com.epicgames.ue4.SplashActivity}} from uid 2000 on display 0
02-05 15:17:29.229  3754 27647 D ActivityManager: ActivityRecord() Constructor : multiScreenAttrs=MultiScreenAttrs{mDisplayId=0, mBaseDisplayId=0, mBaseActivity=false}
02-05 15:17:29.232  3754 27647 D CustomFrequencyManagerService: acquireDVFSLockLocked : type : DVFS_MIN_LIMIT  frequency : 2100000  uid : 1000  pid : 3754  pkgName : AMS_APP_SWITCH@CPU_MIN@19
02-05 15:17:29.234  3754 27647 D ActivityManagerPerformance: AMP_acquire() APP_SWITCH
02-05 15:17:29.235  3754 27647 D ActivityManager: computeStackFocus: stackId=1
02-05 15:17:29.235  3754  9958 D TelephonyManager: getAllCellInfo : Caller (PID / UID / TID): 3754 / 1000 / 9958
02-05 15:17:29.235  3754 27647 D MultiScreenManagerService: createStack: stackId=1 createOnTop=true caller=com.android.server.am.ActivityStackSupervisor.getStack:2422 com.android.server.am.ActivityStarter.computeStackFocus:2479 com.android.server.am.ActivityStarter.setTaskFromReuseOrCreateNewTask:2170 com.android.server.am.ActivityStarter.startActivityUnchecked:1433 
02-05 15:17:29.236  3754 27647 D ActivityManager: attachDisplay() : attach stack#1 to d0
02-05 15:17:29.236  3754 27647 D MultiScreenManagerService: createStack: stackId=1 displayId=0 createOnTop=true
02-05 15:17:29.236  3754 27647 D MultiScreenManagerService: createStack: stack=ActivityStack{66d433ed0 stackId=1, 0 tasks}
02-05 15:17:29.236  3754 27647 D ActivityManager: computeStackFocus: New stack r=ActivityRecord{6f6b59fd0 u0 com.GeekTechnique.InfinityStack/com.epicgames.ue4.SplashActivity t-1} stackId=1
02-05 15:17:29.236  3754 27647 D ActivityTrigger: Activity is Triggerred in full screen 
02-05 15:17:29.237  3754 27647 D CompatibilityInfo: mCompatibilityFlags - 0
02-05 15:17:29.238  3754 27647 D CompatibilityInfo: applicationDensity - 420
02-05 15:17:29.238  3754 27647 D CompatibilityInfo: applicationScale - 1.0
02-05 15:17:29.238  3754 27647 D ActivityManager: moveToFront() : reason=startedActivity setFocusedActivity isAttached=true TaskRecord{49b0cbbd0 #1465 A=com.GeekTechnique.InfinityStack U=0 StackId=1 sz=1}
02-05 15:17:29.238  3754 27647 D ActivityManager: setFocusStackUnchecked: reason=startedActivity setFocusedActivity focusCandidate=ActivityStack{66d433ed0 stackId=1, 1 tasks} caller=com.android.server.am.ActivityStack.moveToFront:874 com.android.server.am.ActivityStackSupervisor.moveActivityStackToFront:2005 
02-05 15:17:29.239  3754 27647 D InputDispatcher: Focused application set to: xxxx
02-05 15:17:29.240  3754 27647 D InputDispatcher: Focus left window: 5992
02-05 15:17:29.241  3754 27647 D ActivityManager: resumeTopActivityInnerLocked() : #1 prevTask=TaskRecord{49b0cbbd0 #1465 A=com.GeekTechnique.InfinityStack U=0 StackId=1 sz=1} next=ActivityRecord{6f6b59fd0 u0 com.GeekTechnique.InfinityStack/com.epicgames.ue4.SplashActivity t1465} mFocusedStack=ActivityStack{66d433ed0 stackId=1, 1 tasks}
02-05 15:17:29.241  3754 27647 D ActivityTrigger: ActivityTrigger activityPauseTrigger 
02-05 15:17:29.242  3754 27647 D GameManagerService: sem_perfomance_mode: 0
02-05 15:17:29.244  5992  5992 D Launcher: onPause, Launcher: 42634259
02-05 15:17:29.244  5992  5992 D Launcher.HomeView: onPause
02-05 15:17:29.244  5992  5992 D Launcher.Workspace: exitWidgetResizeMode. isClearResizeFrame is false
02-05 15:17:29.246 16370 16370 D AndroidRuntime: Shutting down VM
02-05 15:17:29.247  3754  7637 D ActivityManager: clearAppIconInfo()
02-05 15:17:29.247  3754  7637 D ActivityManager: resumeTopActivityInnerLocked() : #1 prevTask=TaskRecord{4053078d0 #1444 A=com.sec.android.app.launcher U=0 StackId=0 sz=1} next=ActivityRecord{6f6b59fd0 u0 com.GeekTechnique.InfinityStack/com.epicgames.ue4.SplashActivity t1465} mFocusedStack=ActivityStack{66d433ed0 stackId=1, 1 tasks}
02-05 15:17:29.247  3754  7637 D ActivityManager: applyOptionsLocked(), pendingOptions : null
02-05 15:17:29.249  3754  7637 D MountService: getExternalStorageMountMode : 3
02-05 15:17:29.249  3754  7637 D MountService: getExternalStorageMountMode : 3
02-05 15:17:29.249  3754  7637 D MountService: getExternalStorageMountMode : final mountMode=3, uid : 10416, packageName : com.GeekTechnique.InfinityStack
02-05 15:17:29.263  3754  7637 I ActivityManager: Start proc 16382:com.GeekTechnique.InfinityStack/u0a416 for activity com.GeekTechnique.InfinityStack/com.epicgames.ue4.SplashActivity
02-05 15:17:29.263 16382 16382 E Zygote  : v2
02-05 15:17:29.263 16382 16382 I libpersona: KNOX_SDCARD checking this for 10416
02-05 15:17:29.263 16382 16382 I libpersona: KNOX_SDCARD not a persona
02-05 15:17:29.264 16382 16382 E Zygote  : accessInfo : 0
02-05 15:17:29.264 16382 16382 W SELinux : SELinux selinux_android_compute_policy_index : Policy Index[2],  Con:u:r:zygote:s0 RAM:SEPF_SECMOBILE_7.0_0009, [-1 -1 -1 -1 0 1]
02-05 15:17:29.266 16382 16382 I SELinux : SELinux: seapp_context_lookup: seinfo=untrusted, level=s0:c512,c768, pkgname=com.GeekTechnique.InfinityStack 
02-05 15:17:29.267  3754  3817 D WindowManager: addWindow: android.view.ViewRootImpl$W@ff60b6d displayId=0
02-05 15:17:29.268  3754  3817 D InputTransport: Input channel constructed: fd=467
02-05 15:17:29.268  3754  3817 D InputTransport: Input channel constructed: fd=472
02-05 15:17:29.268  3754  3817 D WindowManager: openInputChannel mInputChannel: 68c43a2 Starting com.GeekTechnique.InfinityStack (server)
02-05 15:17:29.269  3754  3817 D ViewRootImpl@ccc3784[InfinityStack]: setView = DecorView@7a05833[InfinityStack] touchMode=true
02-05 15:17:29.272  5992  5992 D ViewRootImpl@de914d1[LauncherActivity]: MSG_WINDOW_FOCUS_CHANGED 0
02-05 15:17:29.273  5992  5992 D SEM_CLIP_SemClipboardManager: isCocktailBarDisplayed : false
02-05 15:17:29.276 16370 16370 I TMSDISP : AcsAndroidVirtualDisplayIntfImpl::~AcsAndroidVirtualDisplayIntfImpl - Enter
02-05 15:17:29.276 16370 16370 I TMSDISP : AcsAndroidVirtualDisplayIntfImpl::~AcsAndroidVirtualDisplayIntfImpl - Enter2
02-05 15:17:29.276 16370 16370 I TMSDISP : AcsAndroidVirtualDisplayIntfImpl::~AcsAndroidVirtualDisplayIntfImpl - mSource2
02-05 15:17:29.276 16370 16370 I TMSDISP : AcsAndroidVirtualDisplayIntfImpl::~AcsAndroidVirtualDisplayIntfImpl - Exit
02-05 15:17:29.280  3754  3817 D ViewRootImpl@ccc3784[InfinityStack]: dispatchAttachedToWindow
02-05 15:17:29.281  3754  3817 V WindowManager: Relayout Window{68c43a2d0 u0 Starting com.GeekTechnique.InfinityStack}: viewVisibility=0 req=1079x1856 WM.LayoutParams{(0,0)(fillxfill) sim=#20 ty=3 fl=#1830518 pfl=0x20011 wanim=0x1030001 vsysui=0x400 needsMenuKey=2 naviIconColor=0}
02-05 15:17:29.282  3217  3217 I SurfaceFlinger: id=479 createSurf (1x1),1 flag=404, JnfinitySta
02-05 15:17:29.285 16382 16382 D TimaKeyStoreProvider: TimaKeyStore is not enabled: cannot add TimaSignature Service and generateKeyPair Service
02-05 15:17:29.288  3754  5086 D CompatibilityInfo: mCompatibilityFlags - 0
02-05 15:17:29.288  3754  5086 D CompatibilityInfo: applicationDensity - 420
02-05 15:17:29.288  3754  5086 D CompatibilityInfo: applicationScale - 1.0
02-05 15:17:29.288  3754  5086 I ActivityManager: DSS on for com.GeekTechnique.InfinityStack and scale is 1.0
02-05 15:17:29.289  3754  5086 D CompatibilityInfo: mCompatibilityFlags - 0
02-05 15:17:29.289  3754  5086 D CompatibilityInfo: applicationDensity - 420
02-05 15:17:29.289  3754  5086 D CompatibilityInfo: applicationScale - 1.0
02-05 15:17:29.298  3754  3817 D ViewRootImpl@ccc3784[InfinityStack]: Relayout returned: oldFrame=[0,0][0,0] newFrame=[0,0][1080,1920] result=0x27 surface={isValid=true 534256143872} surfaceGenerationChanged=true
02-05 15:17:29.302  3754  5086 D CompatibilityInfo: mCompatibilityFlags - 0
02-05 15:17:29.302  3754  5086 D CompatibilityInfo: applicationDensity - 420
02-05 15:17:29.302  3754  5086 D CompatibilityInfo: applicationScale - 1.0
02-05 15:17:29.302  3754  5086 D GameManagerService: sem_perfomance_mode: 0
02-05 15:17:29.302  3754  3754 D GameManagerService: NotifyRunnable. pkg: com.GeekTechnique.InfinityStack, type: 0, isMinimized: false, isTunableApp: false
02-05 15:17:29.303  3754  3754 D GameManagerService: changed mKillNotiCount: 0
02-05 15:17:29.303  3754  3754 D GameManagerService: before send intent to GameTools. type:0, pkgName:com.GeekTechnique.InfinityStack, minimized:false
02-05 15:17:29.306  5905  5918 D ForegroundUtils: could not check pending caller
02-05 15:17:29.314  3754  3754 D CompatibilityInfo: mCompatibilityFlags - 0
02-05 15:17:29.314  3754  3754 D CompatibilityInfo: applicationDensity - 420
02-05 15:17:29.314  3754  3754 D CompatibilityInfo: applicationScale - 1.0
02-05 15:17:29.315  3754  3754 D GameManagerService: after send intent to GameTools. componentName:ComponentInfo{com.samsung.android.game.gametools/com.samsung.android.game.gametools.externalservice.GameToolsIntentService}
02-05 15:17:29.315  3754  3754 D GameManagerService: before send intent to GameIntentService
02-05 15:17:29.319  3754  3754 D CompatibilityInfo: mCompatibilityFlags - 0
02-05 15:17:29.319  3754  3754 D CompatibilityInfo: applicationDensity - 420
02-05 15:17:29.319  3754  3754 D CompatibilityInfo: applicationScale - 1.0
02-05 15:17:29.319  3754  3754 D GameManagerService: after send intent to GameIntentService
02-05 15:17:29.320 16196 16397 I GameTools: DeviceUtil : daydream property : 
02-05 15:17:29.322 15380 16399 D GOS:GameIntentService: onHandleIntent. begin
02-05 15:17:29.322 15380 16399 D GOS:GameIntentService: onHandleIntent. GameIntentService. type 0
02-05 15:17:29.324  3754  3817 D WindowManager: finishDrawingWindow: Window{68c43a2d0 u0 Starting com.GeekTechnique.InfinityStack} mDrawState=DRAW_PENDING
02-05 15:17:29.325  3754  3817 D ViewRootImpl@ccc3784[InfinityStack]: MSG_RESIZED_REPORT: ci=Rect(0, 0 - 0, 0) vi=Rect(0, 63 - 0, 0) or=1
02-05 15:17:29.325 15380 16399 D GOS:PkgData: PkgData(), pkgName: com.GeekTechnique.InfinityStack
02-05 15:17:29.325 15380 16399 D GOS:PkgData: setCustomFeatureFlag, pkgName: com.GeekTechnique.InfinityStack, old featureFlag: 346781844236309267, new featureFlag: 346781844236309267
02-05 15:17:29.326  3754  3817 D WindowManager: finishDrawingWindow: Window{68c43a2d0 u0 Starting com.GeekTechnique.InfinityStack} mDrawState=COMMIT_DRAW_PENDING
02-05 15:17:29.328 15380 16399 D GOS:ServiceManager: onGameResume. [com.GeekTechnique.InfinityStack], isCreate: null
02-05 15:17:29.328 15380 16399 D GOS:StatusCollector: startCollecting for com.GeekTechnique.InfinityStack
02-05 15:17:29.329 15380 16399 D GOS:StatusCollector: isCollectingAgreedByUser(), samsung_errorlog_agree: 0, tuner_eula_ver: 0
02-05 15:17:29.329 15380 16399 D GOS:StatusCollector: startCollecting iss canceled because of no user agreement.
02-05 15:17:29.329 15380 16399 D GOS:PkgData: getEnabledFeatureFlagsWithGlobal(), global feature flag : 54051991621632275
02-05 15:17:29.329 15380 16399 D GOS:PkgData: getEnabledFeatureFlagsWithGlobal(), final, feature flag : 54051991621632275
02-05 15:17:29.329 15380 16399 D GOS:ServiceManager: actualFeatureFlag: 54051991621632275
02-05 15:17:29.329 15380 16399 D GOS:ServiceManager: onGameResume(), newFps: 60
02-05 15:17:29.330  3754 27645 D CompatibilityInfo: mCompatibilityFlags - 0
02-05 15:17:29.330  3754 27645 D CompatibilityInfo: applicationDensity - 420
02-05 15:17:29.330  3754 27645 D CompatibilityInfo: applicationScale - 1.0
02-05 15:17:29.331  3754  3784 D WindowManager: set systemUiVisibility of statusbar : vis= 0x408
02-05 15:17:29.334  4617  4639 D WallpaperService: resized:[frame]Rect(0, 0 - 1080, 1920) [newConfig] is null
02-05 15:17:29.334  4617  4617 D WallpaperService: MSG_WINDOW_RESIZED
02-05 15:17:29.335  4617  4617 D WallpaperService: updateSurface forceRelayout=true redrawNeeded=false myWidth=1080 myHeight=1920 fixedSize=true mWidth=1080 mHeight=1920
02-05 15:17:29.335  4617  4617 V WallpaperService: Changes: creating=false format=false size=false
02-05 15:17:29.335  3754  7313 D WindowManager: adjustSystemUiVisibilityLw : vis= 0x408
02-05 15:17:29.337  3754  5089 D SamsungAlarmManager: Cancel Alarm calling from uid:10250 pid :16196 / op:PendingIntent{8a064a1: PendingIntentRecord{7a16c6 com.samsung.android.game.gametools broadcastIntent}}
02-05 15:17:29.337 15380 16399 I GOS:PlatformUtil: getSemPlatformVersion(). SEM_PLATFORM_INT: 80000
02-05 15:17:29.338  3754  3777 V WindowManager: Relayout Window{bcaa7fd0 u0 com.android.systemui.ImageWallpaper}: viewVisibility=0 req=1080x1920 WM.LayoutParams{(0,0)(1080x1920) gr=#800033 ty=2013 fl=#318 fmt=2 wanim=0x10302f2 naviIconColor=0}
02-05 15:17:29.339 15380 16399 D GOS:ResumeBoostCore: updatePolicy(). mCpuIndex: 0, cpuFreq:1896000
02-05 15:17:29.339 15380 16399 D GOS:ResumeBoostCore: updatePolicy(). mBusIndex: 0, busFreq:1552000
02-05 15:17:29.339 15380 16399 D GOS:ResumeBoostCore: updatePolicy(). mDurationSec: 10
02-05 15:17:29.340 15380 16399 D GOS:ResumeBoostCore: updatePolicy(). mCpuIndex: 0, cpuFreq:1896000
02-05 15:17:29.340 15380 16399 D GOS:ResumeBoostCore: updatePolicy(). mBusIndex: 0, busFreq:1552000
02-05 15:17:29.340 15380 16399 D GOS:ResumeBoostCore: updatePolicy(). mDurationSec: 10
02-05 15:17:29.340 15380 16399 D GOS:ResumeBoostCore: boostUp(). timeout: 10000
02-05 15:17:29.342  5992  5992 D ViewRootImpl@de914d1[LauncherActivity]: mHardwareRenderer.destroy()#1
02-05 15:17:29.342  4617  4617 V WallpaperService: New surface=Surface(name=null)/@0x4cea057, frame=Rect(0, 0 - 1080, 1920),relayoutResult=1, mConfiguration={0 1.0 themeSeq = 0 showBtnBg = -1 ?mcc?mnc ?localeList ?layoutDir ?swdp ?wdp ?hdp ?density ?lsize ?long ?orien ?uimode ?night ?touch ?keyb/?/? ?nav/? mkbd/?}
02-05 15:17:29.342  3754  3777 V WindowManager: Relayout Window{e842e0dd0 u0 com.sec.android.app.launcher/com.sec.android.app.launcher.activities.LauncherActivity}: viewVisibility=8 req=1080x1920 WM.LayoutParams{(0,0)(fillxfill) sim=#30 ty=1 fl=#81910d00 pfl=0x20000 fmt=-2 wanim=0x103038a vsysui=0x600 needsMenuKey=2 dimDuration=0 naviIconColor=0}
02-05 15:17:29.342  4617  4617 V WallpaperService: Wallpaper size has changed : 1080, 1920
02-05 15:17:29.342  3754  3817 D ViewRootImpl@ccc3784[InfinityStack]: MSG_RESIZED: ci=Rect(0, 0 - 0, 0) vi=Rect(0, 0 - 0, 0) or=1
02-05 15:17:29.342  4617  4617 D ImageWallpaper: onOffsetsChanged: xOffset=0.0, yOffset=0.0, xOffsetStep=0.0, yOffsetStep=0.0, xPixels=0, yPixels=0
02-05 15:17:29.343  4617  4617 D ImageWallpaper: drawFrame=false rotation=0 mLastRotation=0
02-05 15:17:29.343  4617  4617 D ImageWallpaper: drawFrame:[frame.width()]1080[frame.height()]1920
02-05 15:17:29.343  4617  4617 D ImageWallpaper: surfaceDimensionsChanged=false mLastSurfaceRotation=0 mDisplayWidth=-1 mDisplayHeight=-1
02-05 15:17:29.343  4617  4617 D ImageWallpaper: mNewKeyboard : 0 mLastKeyboard : 0 mForceDraw = false
02-05 15:17:29.343  4617  4617 D ImageWallpaper: redrawNeeded = false, mOffsetsChanged = false
02-05 15:17:29.343  4617  4617 D ImageWallpaper: Suppressed drawFrame since redraw is not needed and offsets have not changed.
02-05 15:17:29.348  5992  5992 D ViewRootImpl@de914d1[LauncherActivity]: Relayout returned: oldFrame=[0,0][1080,1920] newFrame=[0,0][1080,1920] result=0x5 surface={isValid=false 0} surfaceGenerationChanged=true
02-05 15:17:29.352  4617  4617 D SwipeDoorsillDetector: reset()com.android.systemui.statusbar.phone.NotificationPanelView.resetViews:864 com.android.systemui.statusbar.phone.PanelBar.collapsePanel:173 com.android.systemui.statusbar.phone.PhoneStatusBar.setWindowState:4340 com.android.systemui.statusbar.CommandQueue$H.handleMessage:678 
02-05 15:17:29.355  3754  5964 I ActivityManager: START u0 {act=null typ=null flg=0x10000 cmp=ComponentInfo{com.GeekTechnique.InfinityStack/com.epicgames.ue4.GameActivity}} from uid 10416 on display 0
02-05 15:17:29.356  3754  5964 D ActivityManager: ActivityRecord() Constructor : multiScreenAttrs=MultiScreenAttrs{mDisplayId=0, mBaseDisplayId=0, mBaseActivity=false}
02-05 15:17:29.357  3754  5964 D ActivityManager: moveToFront() : reason=intentActivityFound isAttached=true null
02-05 15:17:29.357  3754  5964 D ActivityManager: moveToFront() : reason=sourceStackToFront isAttached=true null
02-05 15:17:29.358 15380 16399 D GOS:ResumeBoostCore: onResume(), mBigTurboAvailable = false, mBigTurboProperty = true
02-05 15:17:29.358 15380 16399 D GOS:TouchBoost: onResume. com.GeekTechnique.InfinityStack
02-05 15:17:29.358 15380 16399 D GOS:TouchBoost: currentMode: 1
02-05 15:17:29.358 15380 16399 D GOS:TouchBoost: getParamsByTss 1080
02-05 15:17:29.358 15380 16399 D GOS:TouchBoost: setGameTouchParam  level :2 head : 100 1000000 800000 0 0 1 tail : 300 0 1104000 0 0 0
02-05 15:17:29.359  3754  5964 D ActivityTrigger: Activity is Triggerred in full screen 
02-05 15:17:29.359  3754  5964 D CompatibilityInfo: mCompatibilityFlags - 0
02-05 15:17:29.359  3754  5964 D CompatibilityInfo: applicationDensity - 420
02-05 15:17:29.359  3754  5964 D CompatibilityInfo: applicationScale - 1.0
02-05 15:17:29.359  3754  5964 D ActivityManager: moveToFront() : reason=startedActivity setFocusedActivity isAttached=true TaskRecord{49b0cbbd0 #1465 A=com.GeekTechnique.InfinityStack U=0 StackId=1 sz=2}
02-05 15:17:29.360  3754  5964 D InputDispatcher: Focused application set to: xxxx
02-05 15:17:29.360  3754  5964 D ActivityManager: resumeTopActivityInnerLocked() : #1 prevTask=TaskRecord{49b0cbbd0 #1465 A=com.GeekTechnique.InfinityStack U=0 StackId=1 sz=2} next=ActivityRecord{cee89b4d0 u0 com.GeekTechnique.InfinityStack/com.epicgames.ue4.GameActivity t1465} mFocusedStack=ActivityStack{66d433ed0 stackId=1, 1 tasks}
02-05 15:17:29.360  3754  5964 D ActivityTrigger: ActivityTrigger activityPauseTrigger 
02-05 15:17:29.361  3754  5964 D GameManagerService: sem_perfomance_mode: 0
02-05 15:17:29.361  3754  3754 D GameManagerService: NotifyRunnable. pkg: com.GeekTechnique.InfinityStack, type: 1, isMinimized: false, isTunableApp: false
02-05 15:17:29.361  3754  3754 D GameManagerService: before send intent to GameTools. type:1, pkgName:com.GeekTechnique.InfinityStack, minimized:false
02-05 15:17:29.362  3754  9958 D GamePkgDataHelper: getGamePkgData(). com.GeekTechnique.InfinityStack
02-05 15:17:29.364  3754  9958 D GameManagerService: identifyGamePackage. com.GeekTechnique.InfinityStack
02-05 15:17:29.365  3754  3784 D WindowManager: set systemUiVisibility of statusbar : vis= 0x408
02-05 15:17:29.367  3754  9958 D GameManagerService: identifyGamePackage. com.GeekTechnique.InfinityStack
02-05 15:17:29.368  3754  9958 D GameManagerService: identifyGamePackage. com.GeekTechnique.InfinityStack
02-05 15:17:29.369  3754  9958 D GameManagerService: identifyGamePackage. com.GeekTechnique.InfinityStack
02-05 15:17:29.371  3754  3754 D CompatibilityInfo: mCompatibilityFlags - 0
02-05 15:17:29.371  3754  3754 D CompatibilityInfo: applicationDensity - 420
02-05 15:17:29.371  3754  3754 D CompatibilityInfo: applicationScale - 1.0
02-05 15:17:29.372  3754  3754 D GameManagerService: after send intent to GameTools. componentName:ComponentInfo{com.samsung.android.game.gametools/com.samsung.android.game.gametools.externalservice.GameToolsIntentService}
02-05 15:17:29.372  3754  3754 D GameManagerService: before send intent to GameIntentService
02-05 15:17:29.373 15380 16399 D GOS:StatusCollector: isCollectingAgreedByUser(), samsung_errorlog_agree: 0, tuner_eula_ver: 0
02-05 15:17:29.373 15380 16399 D GOS:MicroGameBenchFeature: onResume. com.GeekTechnique.InfinityStack, allowed: false
02-05 15:17:29.374  3754  7302 W MultiScreenManagerService: moveTaskBackToDisplayIfNeeded(): The task has more than one activity
02-05 15:17:29.375  3754  3754 D GameManagerService: after send intent to GameIntentService
02-05 15:17:29.379  3754  3783 D MountService: getExternalStorageMountMode : 1
02-05 15:17:29.379  3754  3783 D MountService: getExternalStorageMountMode : 3
02-05 15:17:29.379  3754  3783 D MountService: getExternalStorageMountMode : final mountMode=1, uid : 5009, packageName : com.samsung.android.scloud
02-05 15:17:29.394 16401 16401 E Zygote  : v2
02-05 15:17:29.394 16401 16401 I libpersona: KNOX_SDCARD checking this for 5009
02-05 15:17:29.394 16401 16401 I libpersona: KNOX_SDCARD not a persona
02-05 15:17:29.394  3754  3783 I ActivityManager: Start proc 16401:com.samsung.android.scloud:contentsync/5009 for broadcast com.samsung.android.scloud/.cloudagent.detector.DetectorReceiver
02-05 15:17:29.395 15380 16399 D GOS:GameIntentService: onHandleIntent. begin
02-05 15:17:29.395 15380 16399 D GOS:GameIntentService: onHandleIntent. GameIntentService. type 1
02-05 15:17:29.396 16401 16401 E Zygote  : accessInfo : 0
02-05 15:17:29.397 16401 16401 W SELinux : SELinux selinux_android_compute_policy_index : Policy Index[2],  Con:u:r:zygote:s0 RAM:SEPF_SECMOBILE_7.0_0009, [-1 -1 -1 -1 0 1]
02-05 15:17:29.398 15380 16399 D GOS:GameIntentService: game is paused
02-05 15:17:29.398 15380 16399 D GOS:ServiceManager: onGamePause. : com.GeekTechnique.InfinityStack
02-05 15:17:29.399 16401 16401 I SELinux : SELinux: seapp_context_lookup: seinfo=platform, level=s0:c512,c768, pkgname=com.samsung.android.scloud:contentsync 
02-05 15:17:29.400 15380 16399 D GOS:PkgData: PkgData(), pkgName: com.GeekTechnique.InfinityStack
02-05 15:17:29.400 15380 16399 D GOS:PkgData: setCustomFeatureFlag, pkgName: com.GeekTechnique.InfinityStack, old featureFlag: 346781844236309267, new featureFlag: 346781844236309267
02-05 15:17:29.400 15380 16399 D GOS:PkgData: getEnabledFeatureFlagsWithGlobal(), global feature flag : 54051991621632275
02-05 15:17:29.400 15380 16399 D GOS:PkgData: getEnabledFeatureFlagsWithGlobal(), final, feature flag : 54051991621632275
02-05 15:17:29.400 15380 16399 D GOS:ResumeBoostCore: releaseBoost()
02-05 15:17:29.401 15380 15380 D GOS:ServiceManager: handleMessage
02-05 15:17:29.401 15380 15380 D GOS:ServiceManager: MSG_DFS_END
02-05 15:17:29.401 15380 15380 D GOS:DfsCore: setFramePerSecond. fps:60.0, level: 100
02-05 15:17:29.401  3217  8307 I SurfaceFlinger: DFS = 100 
02-05 15:17:29.401 15380 15380 D GOS:DfsCore: transactSetFPS fps= 100
02-05 15:17:29.410 15380 16399 D GOS:TouchBoost: onPause. com.GeekTechnique.InfinityStack
02-05 15:17:29.411 15380 16399 D GOS:TouchBoost: unsetGameTouchParam 
02-05 15:17:29.416 15380 16399 D GOS:StatusCollector: isCollectingAgreedByUser(), samsung_errorlog_agree: 0, tuner_eula_ver: 0
02-05 15:17:29.416 15380 16399 D GOS:MicroGameBenchFeature: onPause. com.GeekTechnique.InfinityStack, allowed: false
02-05 15:17:29.416 15380 16399 D GOS:StatusCollector: stopCollecting
02-05 15:17:29.436  3754  7020 D ActivityManager: setAppIconInfo(), x : 0, y : 0, width : 0, height : 0, isHomeItem : false
02-05 15:17:29.436  3754  7020 D ActivityManager: resumeTopActivityInnerLocked() : #1 prevTask=TaskRecord{49b0cbbd0 #1465 A=com.GeekTechnique.InfinityStack U=0 StackId=1 sz=2} next=ActivityRecord{cee89b4d0 u0 com.GeekTechnique.InfinityStack/com.epicgames.ue4.GameActivity t1465} mFocusedStack=ActivityStack{66d433ed0 stackId=1, 1 tasks}
02-05 15:17:29.436 16196 16196 E MoreInfoHPW_View: Parent view is not a TextView
02-05 15:17:29.437  3754  7020 D ActivityManager: applyOptionsLocked(), pendingOptions : null
02-05 15:17:29.440 16401 16401 D TimaKeyStoreProvider: TimaKeyStore is not enabled: cannot add TimaSignature Service and generateKeyPair Service
02-05 15:17:29.443  3754  7020 D CompatibilityInfo: mCompatibilityFlags - 0
02-05 15:17:29.443  3754  7020 D CompatibilityInfo: applicationDensity - 420
02-05 15:17:29.443  3754  7020 D CompatibilityInfo: applicationScale - 1.0
02-05 15:17:29.443 16196 16196 I MediaPlayer: Need to enable context aware info
02-05 15:17:29.444 16196 16196 V MediaPlayer-JNI: native_setup
02-05 15:17:29.444 16196 16196 V MediaPlayer: constructor
02-05 15:17:29.445  3754  7020 D GameManagerService: sem_perfomance_mode: 0
02-05 15:17:29.445  3754  3754 D GameManagerService: NotifyRunnable. pkg: com.GeekTechnique.InfinityStack, type: 0, isMinimized: false, isTunableApp: false
02-05 15:17:29.445  3754  3754 D GameManagerService: changed mKillNotiCount: 0
02-05 15:17:29.445  3754  3754 D GameManagerService: before send intent to GameTools. type:0, pkgName:com.GeekTechnique.InfinityStack, minimized:false
02-05 15:17:29.449 16196 16196 V MediaPlayer: setListener
02-05 15:17:29.453  3754  4445 D CompatibilityInfo: mCompatibilityFlags - 0
02-05 15:17:29.453  3754  4445 D CompatibilityInfo: applicationDensity - 420
02-05 15:17:29.453  3754  4445 D CompatibilityInfo: applicationScale - 1.0
02-05 15:17:29.453  3754  4445 I ActivityManager: DSS on for com.samsung.android.scloud and scale is 1.0
02-05 15:17:29.454  3754  4445 D CompatibilityInfo: mCompatibilityFlags - 0
02-05 15:17:29.454  3754  4445 D CompatibilityInfo: applicationDensity - 420
02-05 15:17:29.454  3754  4445 D CompatibilityInfo: applicationScale - 1.0
02-05 15:17:29.456  3754  4445 D CompatibilityInfo: mCompatibilityFlags - 0
02-05 15:17:29.456  3754  4445 D CompatibilityInfo: applicationDensity - 420
02-05 15:17:29.456  3754  4445 D CompatibilityInfo: applicationScale - 1.0
02-05 15:17:29.458  3754  3754 D GameManagerService: after send intent to GameTools. componentName:ComponentInfo{com.samsung.android.game.gametools/com.samsung.android.game.gametools.externalservice.GameToolsIntentService}
02-05 15:17:29.458  3754  3754 D GameManagerService: before send intent to GameIntentService
02-05 15:17:29.462  3754  3754 D CompatibilityInfo: mCompatibilityFlags - 0
02-05 15:17:29.462  3754  3754 D CompatibilityInfo: applicationDensity - 420
02-05 15:17:29.462  3754  3754 D CompatibilityInfo: applicationScale - 1.0
02-05 15:17:29.463  3754  3754 D GameManagerService: after send intent to GameIntentService
02-05 15:17:29.466  3754  4507 D MdnieScenarioControlService:  packageName : com.GeekTechnique.InfinityStack    className : com.epicgames.ue4.GameActivity
02-05 15:17:29.466 15380 16415 D GOS:GameIntentService: onHandleIntent. begin
02-05 15:17:29.467 15380 16415 D GOS:GameIntentService: onHandleIntent. GameIntentService. type 0
02-05 15:17:29.469 15380 16415 D GOS:PkgData: PkgData(), pkgName: com.GeekTechnique.InfinityStack
02-05 15:17:29.469 15380 16415 D GOS:PkgData: setCustomFeatureFlag, pkgName: com.GeekTechnique.InfinityStack, old featureFlag: 346781844236309267, new featureFlag: 346781844236309267
02-05 15:17:29.469 15380 16415 D GOS:ServiceManager: onGameResume. [com.GeekTechnique.InfinityStack], isCreate: null
02-05 15:17:29.469 15380 16415 D GOS:StatusCollector: startCollecting for com.GeekTechnique.InfinityStack
02-05 15:17:29.470 15380 16415 D GOS:StatusCollector: isCollectingAgreedByUser(), samsung_errorlog_agree: 0, tuner_eula_ver: 0
02-05 15:17:29.470 15380 16415 D GOS:StatusCollector: startCollecting iss canceled because of no user agreement.
02-05 15:17:29.470 15380 16415 D GOS:PkgData: getEnabledFeatureFlagsWithGlobal(), global feature flag : 54051991621632275
02-05 15:17:29.470 15380 16415 D GOS:PkgData: getEnabledFeatureFlagsWithGlobal(), final, feature flag : 54051991621632275
02-05 15:17:29.470 15380 16415 D GOS:ServiceManager: actualFeatureFlag: 54051991621632275
02-05 15:17:29.470 15380 16415 D GOS:ServiceManager: onGameResume(), newFps: 60
02-05 15:17:29.471 15380 16415 D GOS:ResumeBoostCore: updatePolicy(). mCpuIndex: 0, cpuFreq:1896000
02-05 15:17:29.471 15380 16415 D GOS:ResumeBoostCore: updatePolicy(). mBusIndex: 0, busFreq:1552000
02-05 15:17:29.471 15380 16415 D GOS:ResumeBoostCore: updatePolicy(). mDurationSec: 10
02-05 15:17:29.471 15380 16415 D GOS:ResumeBoostCore: boostUp(). timeout: 10000
02-05 15:17:29.472 16382 16382 D OVRPlugin: JNI_OnLoad
02-05 15:17:29.472 16401 16401 I art     : Starting a blocking GC AddRemoveAppImageSpace
02-05 15:17:29.475 16401 16401 W System  : ClassLoader referenced unknown path: /system/priv-app/SamsungNACloud/lib/arm64
02-05 15:17:29.476 16196 16196 D SamsungAnalytics: user do not agree
02-05 15:17:29.476 15380 16415 D GOS:ResumeBoostCore: onResume(), mBigTurboAvailable = false, mBigTurboProperty = true
02-05 15:17:29.477 15380 16415 D GOS:TouchBoost: onResume. com.GeekTechnique.InfinityStack
02-05 15:17:29.477 15380 16415 D GOS:TouchBoost: currentMode: 1
02-05 15:17:29.477 15380 16415 D GOS:TouchBoost: getParamsByTss 1080
02-05 15:17:29.477 16196 16196 D SamsungAnalytics: user do not agree
02-05 15:17:29.477 15380 16415 D GOS:TouchBoost: setGameTouchParam  level :2 head : 100 1000000 800000 0 0 1 tail : 300 0 1104000 0 0 0
02-05 15:17:29.478 15380 16415 D GOS:StatusCollector: isCollectingAgreedByUser(), samsung_errorlog_agree: 0, tuner_eula_ver: 0
02-05 15:17:29.481 15380 16415 D GOS:MicroGameBenchFeature: onResume. com.GeekTechnique.InfinityStack, allowed: false
02-05 15:17:29.494 16196 16196 D SamsungAnalytics: user do not agree
02-05 15:17:29.494 16196 16196 D SamsungAnalytics: user do not agree
02-05 15:17:29.494 16196 16196 D SamsungAnalytics: user do not agree
02-05 15:17:29.494 16196 16196 E GameTools: TNC curVersion : 4
02-05 15:17:29.494 16196 16196 E GameTools: TNC newVersion : 4
02-05 15:17:29.502 16196 16196 E GameTools: com.samsung.android.game.gamehomeis enabled
02-05 15:17:29.502 16196 16196 E GameTools: isGameHomeEnableSync() true true
02-05 15:17:29.520 16196 16196 D ViewRootImpl@4ec79e0[]: ThreadedRenderer.create() translucent=true
02-05 15:17:29.522  3754  7637 D WindowManager: addWindow: android.view.IWindow$Stub$Proxy@7513795 displayId=0
02-05 15:17:29.523  3754  7637 D InputTransport: Input channel constructed: fd=434
02-05 15:17:29.523  3754  7637 D InputTransport: Input channel constructed: fd=436
02-05 15:17:29.523  3754  7637 D WindowManager: openInputChannel mInputChannel: 5e5849b com.samsung.android.game.gametools (server)
02-05 15:17:29.524  3754  7637 V MARsPolicyManager: handelAlertToastWindowStarted pkgName = com.samsung.android.game.gametools
02-05 15:17:29.526  3754  7637 D InputTransport: Input channel destroyed: fd=436
02-05 15:17:29.526 16196 16196 D InputTransport: Input channel constructed: fd=61
02-05 15:17:29.527 16196 16196 D ViewRootImpl@4ec79e0[]: setView = android.widget.LinearLayout{9125499 V.E...... ......I. 0,0-0,0} touchMode=true
02-05 15:17:29.532 16401 16401 I [SC]CloudManager: requestInit
02-05 15:17:29.535 16401 16401 I [SC]ConnectionJobService: scheduleJob : false
02-05 15:17:29.535 16382 16382 D UE4     : Used memory before allocating anything was 51.41MB
02-05 15:17:29.539  3754  7021 I SamsungAlarmManager: setLocked to kernel - T:2 / 20190205T151804, SetElapsed=5995674, nowELAPSED=5960446
02-05 15:17:29.539  3754  7021 D SamsungAlarmManager: setInexact Listener (T:2/F:0/AC:false) 20190205T151740 - CU:1000/CP:3754
02-05 15:17:29.539  3754  7021 I SamsungAlarmManager: setLocked to kernel - T:2 / 20190205T151740, SetElapsed=5971295, nowELAPSED=5960446
02-05 15:17:29.542  3754  7021 I SamsungAlarmManager: setLocked to kernel - T:2 / 20190205T151743, SetElapsed=5974522, nowELAPSED=5960449
02-05 15:17:29.542  3754  7021 D SamsungAlarmManager: setInexact Listener (T:2/F:0/AC:false) 20190205T152340 - CU:1000/CP:3754
02-05 15:17:29.543  3754  7636 D ConnectivityService: filterNetworkStateForUid() uid: 5009 networkInfo: [type: WIFI[] - WIFI, state: CONNECTED/CONNECTED, reason: (unspecified), extra: "wilkinson2.4", failover: false, available: true, roaming: false, metered: false]
02-05 15:17:29.544 16196 16196 D ViewRootImpl@4ec79e0[]: dispatchAttachedToWindow
02-05 15:17:29.544 16196 16420 I GameTools: DeviceUtil : daydream property : 
02-05 15:17:29.545  3754  5086 V WindowManager: Relayout Window{5e5849bd0 u0 com.samsung.android.game.gametools}: viewVisibility=0 req=1x1856 WM.LayoutParams{(0,0)(1xfill) gr=#33 sim=#20 ty=2002 fl=#1000628 fmt=-3 naviIconColor=0}
02-05 15:17:29.548  3754  7636 I SamsungAlarmManager: setLocked to kernel - T:2 / 20190205T151804, SetElapsed=5995674, nowELAPSED=5960455
02-05 15:17:29.548  3754  7636 D SamsungAlarmManager: setExact Listener (T:2/F:0/AC:false) 20190205T151734 - CU:1000/CP:3754
02-05 15:17:29.549  3754  7636 I SamsungAlarmManager: setLocked to kernel - T:2 / 20190205T151734, SetElapsed=5965450, nowELAPSED=5960456
02-05 15:17:29.549 16401 16401 I [SC]ConnectionJobService: Register connection receiver
02-05 15:17:29.551  3217  3217 I SurfaceFlinger: id=480 createSurf (1x1),1 flag=4, 
02-05 15:17:29.551 16196 16420 D NoAlertsUtil: requestNoAlertsOnRuntime : false
02-05 15:17:29.551 16196 16420 E NoAlertsUtil: enableNotifications
02-05 15:17:29.557  3754 27648 D SecContentProvider: query(), uri = 17 selection = isSettingsChangesAllowed
02-05 15:17:29.557  3754 27648 D SecContentProvider: called from com.samsung.android.game.gametools
02-05 15:17:29.559  3754  7302 D SecContentProvider: query(), uri = 17 selection = isSettingsChangesAllowed
02-05 15:17:29.560  3754  7302 D SecContentProvider: called from com.samsung.android.game.gametools
02-05 15:17:29.560 16196 16420 D NoAlertsUtil: requestNoAlertsOnRuntime result :false
02-05 15:17:29.561 16196 16420 D NoAlertsUtil: game No Interruption exception LIst :null
02-05 15:17:29.571  3754  7649 D SamsungAlarmManager: setInexact Intent (T:3/F:0/AC:false) 20190205T151829 - CU:10250/CP:16196
02-05 15:17:29.573 16196 16196 D ViewRootImpl@4ec79e0[]: Relayout returned: oldFrame=[0,0][0,0] newFrame=[0,0][1,1920] result=0x27 surface={isValid=true 535229212160} surfaceGenerationChanged=true
02-05 15:17:29.573 16196 16196 D ViewRootImpl@4ec79e0[]: mHardwareRenderer.initialize() mSurface={isValid=true 535229212160} hwInitialized=true
02-05 15:17:29.576 16196 16420 I GameTools: DeviceUtil : daydream property : 
02-05 15:17:29.578 16196 16196 D SamsungAnalytics: user do not agree
02-05 15:17:29.580  3754  6769 D SamsungAlarmManager: Cancel Alarm calling from uid:10250 pid :16196 / op:PendingIntent{4a1c44d: PendingIntentRecord{7a16c6 com.samsung.android.game.gametools broadcastIntent}}
02-05 15:17:29.596 16401 16401 I [SC]Utils: folder : cachecreate fail, try again.
02-05 15:17:29.596 16401 16401 I [SC]Utils: folder : cache create fail.
02-05 15:17:29.596 16401 16401 I [SC]Utils: folder : thumbnailcreate fail, try again.
02-05 15:17:29.596 16401 16401 I [SC]Utils: folder : thumbnail create fail.
02-05 15:17:29.596 16401 16401 I [SC]Utils: folder : sharecreate fail, try again.
02-05 15:17:29.596 16401 16401 I [SC]Utils: folder : share create fail.
02-05 15:17:29.596 16401 16401 I [SC]Utils: folder : scratchcreate fail, try again.
02-05 15:17:29.596 16401 16401 I [SC]Utils: folder : scratch create fail.
02-05 15:17:29.597 16401 16401 I [SC]Utils: folder : eventSynccreate fail, try again.
02-05 15:17:29.597 16401 16401 I [SC]Utils: folder : eventSync create fail.
02-05 15:17:29.606 16196 16419 D libEGL  : loaded /vendor/lib64/egl/libGLES_mali.so
02-05 15:17:29.632 16196 16419 I OpenGLRenderer: Initialized EGL, version 1.4
02-05 15:17:29.632 16196 16419 D OpenGLRenderer: Swap behavior 1
02-05 15:17:29.637 16401 16401 V SamsungCloudLogs:  set Log level [4->4]act[false]
02-05 15:17:29.639 16401 16401 I [SC]CommonUtil: isSemAvailable:1
02-05 15:17:29.640 16401 16401 I [SC]SamsungCloudApp: AppVer[V2MAIN_R 2.3.44][L:4]Sem[true] slog[false]com.samsung.android.scloud:contentsync
02-05 15:17:29.642 16401 16401 I [SC]MetaManager: MetaManager--[elapse:       1] Version Info[2.3.44]
02-05 15:17:29.649 16196 16419 D mali_winsys: EGLint new_window_surface(egl_winsys_display*, void*, EGLSurface, EGLConfig, egl_winsys_surface**, egl_color_buffer_format*, EGLBoolean) returns 0x3000,  [1x1920]-format:1
02-05 15:17:29.650 16196 16196 D ViewRootImpl@4ec79e0[]: mHardwareRenderer.destroy()#4
02-05 15:17:29.652  3754  7641 V SystemKeyManager: requestSystemKeyEvent() is called keyCode = 187 componentName = ComponentInfo{com.samsung.android.game.gametools/com.samsung.android.game.gametools.externalservice.GameToolsService} request = false
02-05 15:17:29.654 16401 16401 I [SAPI]SApi: onCreate SEM_INT[2402]
02-05 15:17:29.655 16196 16196 D NoAlertsUtil: requestNoAlertsOnRuntime : false
02-05 15:17:29.655 16196 16196 E NoAlertsUtil: enableNotifications
02-05 15:17:29.656 16401 16401 I [SC]FeatureManager: FeatureManager DisablingSamsungBackup:boolean:true,DisablingSamsungContactSync:boolean:true,DisablingSamsungCloudMenu:boolean:true,DisablingContentSync:boolean:true,DisablingDefaultSyncOn:boolean:true,SamsungCloudBrandType:String:NA_NOBRAND,[SEC_FLOATING_FEATURE_SAMSUNGCLOUD_ENABLE_SETTING_MENU]:TRUE
02-05 15:17:29.656 16401 16401 I [SC]FeatureManager: [SEC_FLOATING_FEATURE_SAMSUNGCLOUD_SUPPORT_SAMSUNGKEYBOARD_SYNC]bln true
02-05 15:17:29.656 16401 16401 I [SC]FeatureManager: [DisablingSamsungCloudMenu               ]bln true
02-05 15:17:29.656 16401 16401 I [SC]FeatureManager: [DisablingSamsungContactSync             ]bln true
02-05 15:17:29.656 16401 16401 I [SC]FeatureManager: [SEC_FLOATING_FEATURE_SAMSUNGCLOUD_SUPPORT_CONTENT_SYNC]bln true
02-05 15:17:29.656 16401 16401 I [SC]FeatureManager: [DisablingSamsungBackup                  ]bln true
02-05 15:17:29.656 16401 16401 I [SC]FeatureManager: [DisablingContentSync                    ]bln true
02-05 15:17:29.656 16401 16401 I [SC]FeatureManager: [DisablingDefaultSyncOn                  ]bln true
02-05 15:17:29.656 16401 16401 I [SC]FeatureManager: [SEC_FLOATING_FEATURE_SAMSUNGCLOUD_ENABLE_SETTING_MENU]bln true
02-05 15:17:29.656 16401 16401 I [SC]FeatureManager: [SamsungCloudBrandType                   ]str "NA_NOBRAND"
02-05 15:17:29.656 16401 16401 I [SAPI]SeApi: isProductShip true
02-05 15:17:29.657  3754  6717 D SecContentProvider: query(), uri = 17 selection = isSettingsChangesAllowed
02-05 15:17:29.658  3754  6717 D SecContentProvider: called from com.samsung.android.game.gametools
02-05 15:17:29.659 16401 16440 I [SC]ConnectionJobService: CONNECTION_CHANGE_RECEIVER
02-05 15:17:29.660  3754  7640 D SecContentProvider: query(), uri = 17 selection = isSettingsChangesAllowed
02-05 15:17:29.660  3754  5089 D ConnectivityService: filterNetworkStateForUid() uid: 5009 networkInfo: [type: WIFI[] - WIFI, state: CONNECTED/CONNECTED, reason: (unspecified), extra: "wilkinson2.4", failover: false, available: true, roaming: false, metered: false]
02-05 15:17:29.660  3754  7640 D SecContentProvider: called from com.samsung.android.game.gametools
02-05 15:17:29.661 16196 16196 D NoAlertsUtil: requestNoAlertsOnRuntime result :false
02-05 15:17:29.661 16196 16196 D NoAlertsUtil: game No Interruption exception LIst :null
02-05 15:17:29.665  3754  5964 D CompatibilityInfo: mCompatibilityFlags - 0
02-05 15:17:29.665  3754  5964 D CompatibilityInfo: applicationDensity - 420
02-05 15:17:29.665  3754  5964 D CompatibilityInfo: applicationScale - 1.0
02-05 15:17:29.671 16196 16196 D ViewRootImpl@4ec79e0[]: MSG_RESIZED_REPORT: ci=Rect(0, 0 - 0, 0) vi=Rect(0, 0 - 0, 0) or=1
02-05 15:17:29.675  3754  4424 D WindowManager: finishDrawingWindow: Window{5e5849bd0 u0 com.samsung.android.game.gametools} mDrawState=DRAW_PENDING
02-05 15:17:29.676  3754  5964 D CompatibilityInfo: mCompatibilityFlags - 0
02-05 15:17:29.676  3754  5964 D CompatibilityInfo: applicationDensity - 420
02-05 15:17:29.676  3754  5964 D CompatibilityInfo: applicationScale - 1.0
02-05 15:17:29.679 16196 16196 D SamsungAnalytics: user do not agree
02-05 15:17:29.679 16196 16196 D SamsungAnalytics: user do not agree
02-05 15:17:29.684 16401 16440 D [SAPI]SeApi: getIntSystemProperties service.camera.running:[0]
02-05 15:17:29.684 16196 16196 D SamsungAnalytics: user do not agree
02-05 15:17:29.685 16401 16440 D [SAPI]SeApi: getIntSystemProperties sys.siop.level:[0]
02-05 15:17:29.685 16196 16196 D SamsungAnalytics: user do not agree
02-05 15:17:29.685 16196 16196 D SamsungAnalytics: user do not agree
02-05 15:17:29.685 16196 16196 E GameTools: TNC curVersion : 4
02-05 15:17:29.685 16196 16196 E GameTools: TNC newVersion : 4
02-05 15:17:29.690  3754  6717 D ConnectivityService: filterNetworkStateForUid() uid: 5009 networkInfo: [type: WIFI[] - WIFI, state: CONNECTED/CONNECTED, reason: (unspecified), extra: "wilkinson2.4", failover: false, available: true, roaming: false, metered: false]
02-05 15:17:29.691 16401 16441 I [SC]SystemStateMonitor: getConnectionType=0
02-05 15:17:29.691 16401 16441 I [SC]SystemStateMonitor: Network available true
02-05 15:17:29.691 16401 16441 I [SC]ConnectionJobService: scheduleJob : true
02-05 15:17:29.693  3754  3783 D CompatibilityInfo: mCompatibilityFlags - 0
02-05 15:17:29.693  3754  3783 D CompatibilityInfo: applicationDensity - 420
02-05 15:17:29.693  3754  3783 D CompatibilityInfo: applicationScale - 1.0
02-05 15:17:29.697  3754  3777 I SamsungAlarmManager: setLocked to kernel - T:2 / 20190205T151804, SetElapsed=5995674, nowELAPSED=5960604
02-05 15:17:29.698  3754  3777 D SamsungAlarmManager: setInexact Listener (T:2/F:0/AC:false) 20190205T151740 - CU:1000/CP:3754
02-05 15:17:29.698  3754  3777 I SamsungAlarmManager: setLocked to kernel - T:2 / 20190205T151740, SetElapsed=5971295, nowELAPSED=5960605
02-05 15:17:29.701 16196 16196 D ViewRootImpl@60cc76a[]: ThreadedRenderer.create() translucent=true
02-05 15:17:29.703  3754  5964 D CompatibilityInfo: mCompatibilityFlags - 0
02-05 15:17:29.703  3754  5964 D CompatibilityInfo: applicationDensity - 420
02-05 15:17:29.703  3754  5964 D CompatibilityInfo: applicationScale - 1.0
02-05 15:17:29.705  3754  7648 D WindowManager: addWindow: android.view.IWindow$Stub$Proxy@5535849 displayId=0
02-05 15:17:29.706  3754  7648 D InputTransport: Input channel constructed: fd=436
02-05 15:17:29.706  3754  7648 D InputTransport: Input channel constructed: fd=476
02-05 15:17:29.707  3754  7648 D WindowManager: openInputChannel mInputChannel: 659366f com.samsung.android.game.gametools (server)
02-05 15:17:29.707  3754  3777 I SamsungAlarmManager: setLocked to kernel - T:2 / 20190205T151743, SetElapsed=5974522, nowELAPSED=5960614
02-05 15:17:29.707  3754  7648 V MARsPolicyManager: handelAlertToastWindowStarted pkgName = com.samsung.android.game.gametools
02-05 15:17:29.707  3754  3777 D SamsungAlarmManager: setInexact Listener (T:2/F:0/AC:false) 20190205T152340 - CU:1000/CP:3754
02-05 15:17:29.708  3754  7648 D InputTransport: Input channel destroyed: fd=476
02-05 15:17:29.708  3754  7638 D ConnectivityService: filterNetworkStateForUid() uid: 5009 networkInfo: [type: WIFI[] - WIFI, state: CONNECTED/CONNECTED, reason: (unspecified), extra: "wilkinson2.4", failover: false, available: true, roaming: false, metered: false]
02-05 15:17:29.708 16196 16196 D InputTransport: Input channel constructed: fd=70
02-05 15:17:29.709 16196 16196 D ViewRootImpl@60cc76a[]: setView = android.widget.LinearLayout{e2f645b V.E...... ......I. 0,0-0,0} touchMode=true
02-05 15:17:29.710 16196 16196 D ViewRootImpl@4ec79e0[]: dispatchDetachedFromWindow
02-05 15:17:29.711  3754 27645 D WindowManager: disposeInputChannel mInputChannel: 5e5849b com.samsung.android.game.gametools (server)
02-05 15:17:29.711  3754 27645 I WindowManager_SurfaceController: Destroying surface Surface(name=) called by com.android.server.wm.WindowStateAnimator.destroySurface:2907 com.android.server.wm.WindowStateAnimator.destroySurfaceLocked:1120 com.android.server.wm.WindowState.removeLocked:1864 com.android.server.wm.WindowManagerService.removeWindowInnerLocked:2934 com.android.server.wm.WindowManagerService.removeWindowLocked:2879 com.android.server.wm.WindowManagerService.removeWindowLocked:2689 com.android.server.wm.WindowManagerService.removeWindow:2684 com.android.server.wm.Session.remove:218 
02-05 15:17:29.712  3217  3282 I SurfaceFlinger: id=480 Removed  (4/6)
02-05 15:17:29.712  3217  8307 I SurfaceFlinger: id=480 Removed  (-2/6)
02-05 15:17:29.713  3754 27645 W AppOps  : Finishing op nesting under-run: uid 10250 pkg com.samsung.android.game.gametools code 24 time=0 duration=0 nesting=0
02-05 15:17:29.715  3754 27645 D InputTransport: Input channel destroyed: fd=434
02-05 15:17:29.716 16196 16196 D InputTransport: Input channel destroyed: fd=61
02-05 15:17:29.717 16196 16196 D ViewRootImpl@60cc76a[]: dispatchAttachedToWindow
02-05 15:17:29.718  3754  5086 V WindowManager: Relayout Window{659366fd0 u0 com.samsung.android.game.gametools}: viewVisibility=0 req=1x1856 WM.LayoutParams{(0,0)(1xfill) gr=#33 sim=#20 ty=2002 fl=#1000628 fmt=-3 naviIconColor=0}
02-05 15:17:29.718  3217  3217 I SurfaceFlinger: id=481 createSurf (1x1920),1 flag=4, 
02-05 15:17:29.722 16196 16196 D ViewRootImpl@60cc76a[]: Relayout returned: oldFrame=[0,0][0,0] newFrame=[0,0][1,1920] result=0x7 surface={isValid=true 535229212160} surfaceGenerationChanged=true
02-05 15:17:29.722 16196 16196 D ViewRootImpl@60cc76a[]: mHardwareRenderer.initialize() mSurface={isValid=true 535229212160} hwInitialized=true
02-05 15:17:29.723 16196 16419 D mali_winsys: EGLint new_window_surface(egl_winsys_display*, void*, EGLSurface, EGLConfig, egl_winsys_surface**, egl_color_buffer_format*, EGLBoolean) returns 0x3000,  [1x1920]-format:1
02-05 15:17:29.723 16196 16196 D ViewRootImpl@60cc76a[]: MSG_RESIZED_REPORT: ci=Rect(0, 0 - 0, 0) vi=Rect(0, 0 - 0, 0) or=1
02-05 15:17:29.739  3754  7641 D WindowManager: finishDrawingWindow: Window{659366fd0 u0 com.samsung.android.game.gametools} mDrawState=DRAW_PENDING
02-05 15:17:29.752 16382 16382 D UE4     : In the JNI_OnLoad function
02-05 15:17:29.753 16382 16382 D UE4     : [JNI] - Failed to determine if app purchasing is enabled!
02-05 15:17:29.756 16382 16382 D UE4     : Path found as '/storage/emulated/0'
02-05 15:17:29.756 16382 16382 D UE4     : Font Path found as '/system/fonts/'
02-05 15:17:29.756 16382 16382 D UE4     : In the JNI_OnLoad function 5
02-05 15:17:29.770 16382 16382 V threaded_app: Creating: 0xd78c8b40
02-05 15:17:29.770 16382 16443 V threaded_app: Config: mcc=311 mnc=480 lang=en cnt=US orien=1 touch=3 dens=420 keys=1 nav=1 keysHid=3 navHid=0 sdk=24 size=2 long=2 modetype=1 modenight=1
02-05 15:17:29.770 16382 16443 D UE4     : Entering native app glue main function
02-05 15:17:29.770 16382 16443 D UE4     : Created event thread
02-05 15:17:29.770 16382 16443 D UE4     : Entered AndroidMain()
02-05 15:17:29.770 16382 16444 D UE4     : Entering event processing thread engine entry point
02-05 15:17:29.771 16382 16444 D UE4     : Prepared looper for event thread
02-05 15:17:29.771 16382 16444 D UE4     : Passed callback initialization
02-05 15:17:29.771 16382 16444 D UE4     : Passed sensor initialization
02-05 15:17:29.773 16382 16443 D UE4     : Controller interface supported
02-05 15:17:29.773  3754  4487 W ServiceManager: Permission failure: com.samsung.permission.SSENSOR from uid=10416 pid=16382
02-05 15:17:29.773  3754  4487 D PermissionCache: checking com.samsung.permission.SSENSOR for uid=10416 => denied (344 us)
02-05 15:17:29.773  3754  4487 E SensorService: getSensorList a sensor (MAX86900) without holding its required permission: com.samsung.permission.SSENSOR
02-05 15:17:29.773  3754  4487 I SensorService: Skipped sensor MAX86900 because it requires permission com.samsung.permission.SSENSOR and app op -1
02-05 15:17:29.773  3754  4487 W ServiceManager: Permission failure: com.samsung.permission.HRM_EXT from uid=10416 pid=16382
02-05 15:17:29.773  3754  4487 D PermissionCache: checking com.samsung.permission.HRM_EXT for uid=10416 => denied (130 us)
02-05 15:17:29.774  3754  4487 E SensorService: getSensorList a sensor (HRM Ambient Light Canceling) without holding its required permission: com.samsung.permission.HRM_EXT
02-05 15:17:29.774  3754  4487 I SensorService: Skipped sensor HRM Ambient Light Canceling because it requires permission com.samsung.permission.HRM_EXT and app op -1
02-05 15:17:29.774  3754  4487 W ServiceManager: Permission failure: android.permission.BODY_SENSORS from uid=10416 pid=16382
02-05 15:17:29.774  3754  4487 E SensorService: getSensorList a sensor (HRMLED IR) without holding its required permission: android.permission.BODY_SENSORS
02-05 15:17:29.774  3754  4487 I SensorService: Skipped sensor HRMLED IR because it requires permission android.permission.BODY_SENSORS and app op 56
02-05 15:17:29.774  3754  4487 W ServiceManager: Permission failure: android.permission.BODY_SENSORS from uid=10416 pid=16382
