--------- beginning of main
01-08 10:41:08.679  3757  1932 I HarmonyEASService: Updating for all 1
--------- beginning of system
01-08 10:41:08.746  3757 29838 D AudioService: getStreamVolume 3 index 70
01-08 10:41:08.755  3757  5062 D AudioService: getStreamVolume 3 index 70
01-08 10:41:08.758  3757  7202 D AudioService: getStreamVolume 3 index 70
01-08 10:41:08.761  3757  2859 D AudioService: getStreamVolume 3 index 70
01-08 10:41:08.773  3757 31269 D AudioService: getStreamVolume 3 index 70
01-08 10:41:08.822  3757  4458 D WifiStateMachine: Current network is: "wilkinson2.4" , ID is: 30
01-08 10:41:08.822  3757  4458 I WifiStateMachine: IMS calling, current network is always qualified
01-08 10:41:08.949  3757 29839 D AudioService: getStreamVolume 3 index 70
01-08 10:41:08.958  3757  2859 D AudioService: getStreamVolume 3 index 70
01-08 10:41:08.962  3757 29842 D AudioService: getStreamVolume 3 index 70
01-08 10:41:08.965  3757  7203 D AudioService: getStreamVolume 3 index 70
01-08 10:41:08.973  3757  4354 D SamsungAlarmManager: Expired : 8
01-08 10:41:08.974  3757  4354 V SamsungAlarmManager: Sending to uid : 10059 action=null alarm=Alarm{e70b71e type 3 when 162694659 com.asurion.android.verizon.vms}
01-08 10:41:08.976  3757 10496 D AudioService: getStreamVolume 3 index 70
01-08 10:41:08.986  3757  4354 D CompatibilityInfo: mCompatibilityFlags - 0
01-08 10:41:08.986  3757  4354 D CompatibilityInfo: applicationDensity - 420
01-08 10:41:08.986  3757  4354 D CompatibilityInfo: applicationScale - 1.0
01-08 10:41:09.017  3757 32085 D SamsungAlarmManager: setExact Intent (T:3/F:5/AC:false) 20190108T104114 - CU:10059/CP:6745
01-08 10:41:09.153  3757  4482 D AudioService: getStreamVolume 3 index 70
01-08 10:41:09.161  3757  4469 D AudioService: getStreamVolume 3 index 70
01-08 10:41:09.165  3757  5902 D AudioService: getStreamVolume 3 index 70
01-08 10:41:09.168  3757 10512 D AudioService: getStreamVolume 3 index 70
01-08 10:41:09.180  3757 29838 D AudioService: getStreamVolume 3 index 70
01-08 10:41:09.265  4616  4823 D NetworkController.MobileSignalController(0/1): onSignalStrengthsChanged signalStrength=SignalStrength: 99 99 -120 -160 -120 -1 -1 18 -107 -12 40 2147483647 2147483647 0x2000 gsm|lte level=2
01-08 10:41:09.266  4616  4823 D NetworkController.MobileSignalController(0/1): getMobileIconGroup(): 13
01-08 10:41:09.266  4616  4823 D NetworkController.MobileSignalController(0/1): updateVZWMobileIconGroup(): 13
01-08 10:41:09.277  5035  5670 D EPDG -- [SMARTWIFI]: onSignalStrengthsChanged: Received signal strength change, phone type is: 2
01-08 10:41:09.278  5035  6446 D EPDG -- [SMARTWIFI]: lastLteRSRP is -107currentLteRSRP is -107
01-08 10:41:09.278  5035  6446 D EPDG -- [SMARTWIFI]: lastLteRSRQ is -12currentLteRSRQ is -12
01-08 10:41:09.278  5035  6446 D EPDG -- [SMARTWIFI]: lastCdmaDb is -16currentCdmaDb is -16
01-08 10:41:09.278  5035  6446 V EPDG -- [SMARTWIFI]: Radio oldest entry removed
01-08 10:41:09.278  5035  6446 V EPDG -- [SMARTWIFI]: New entry : (SignalStrength: 99 99 -120 -160 -120 -1 -1 18 -107 -12 40 2147483647 2147483647 0x2000 gsm|lte : 0 )
01-08 10:41:09.279  5035  6446 V EPDG -- [SMARTWIFI]: Radio entry added
01-08 10:41:09.279  4616  4823 D NetworkController.MobileSignalController(0/1): callState:0, callStateByPhone:false voLTECall:false voiceNetTpe:13 dataNetType:13, ine911:false, emergencyCallbackMode:false
01-08 10:41:09.356  3757  7206 D AudioService: getStreamVolume 3 index 70
01-08 10:41:09.364  3757  7205 D AudioService: getStreamVolume 3 index 70
01-08 10:41:09.368  3757  7216 D AudioService: getStreamVolume 3 index 70
01-08 10:41:09.371  3757  4440 D AudioService: getStreamVolume 3 index 70
01-08 10:41:09.376  2126  2126 D SecurityManagerNative: SecurityManagerNative v2.7.2.5 On 64bit PLATFORM With BORINGSSL
01-08 10:41:09.383  2126  2126 E appproc : Enhanced Zygote ASLR: ro.knox.enhance.zygote.aslr != 1. Enhanced Zygote ASLR is DISABLED!
01-08 10:41:09.383  2126  2126 D AndroidRuntime: >>>>>> START com.android.internal.os.RuntimeInit uid 2000 <<<<<<
01-08 10:41:09.383  3757  3770 D AudioService: getStreamVolume 3 index 70
01-08 10:41:09.387  2126  2126 D AndroidRuntime: CheckJNI is OFF
01-08 10:41:09.390  2126  2126 D AndroidRuntime: addProductProperty: start
01-08 10:41:09.460  2126  2126 I [saiv 1.1]: saiv_OnLoadJNI.cpp(38): _init: Version 1.1 Build # 3532
01-08 10:41:09.460  2126  2126 I [saiv 1.1]: saiv_OnLoadJNI.cpp(43): _init: _init() was called
01-08 10:41:09.490  2126  2126 I MLDAP   : ================================================
01-08 10:41:09.490  2126  2126 I MLDAP   :  MLDAP_LIB v1.1.16
01-08 10:41:09.490  2126  2126 I MLDAP   : ================================================
01-08 10:41:09.536  3757  4354 D SamsungAlarmManager: Expired : 4
01-08 10:41:09.537  3757  4354 I SamsungAlarmManager: setLocked to kernel - T:2 / 20190108T104128, SetElapsed=162714297, nowELAPSED=162695223
01-08 10:41:09.537  3757  4354 I SamsungAlarmManager: setLocked to kernel - T:3 / 20190108T104114, SetElapsed=162699691, nowELAPSED=162695223
01-08 10:41:09.537  3757  4354 V SamsungAlarmManager: Sending to uid : 1000 listener=android.app.AlarmManager$ListenerWrapper@620082 alarm=Alarm{b3b3dcc type 2 when 162695222 android}
01-08 10:41:09.550  3757  3757 D SamsungAlarmManager: setInexact Listener (T:2/F:0/AC:false) 20190108T104453 - CU:1000/CP:3757
01-08 10:41:09.561  3757 31270 D AudioService: getStreamVolume 3 index 70
01-08 10:41:09.561  2126  2126 I TMSDISP : AcsAndroidVirtualDisplayIntfImpl
01-08 10:41:09.567  3757  7204 D AudioService: getStreamVolume 3 index 70
01-08 10:41:09.570  3757 32084 D AudioService: getStreamVolume 3 index 70
01-08 10:41:09.573  3757  3757 D CompatibilityInfo: mCompatibilityFlags - 0
01-08 10:41:09.573  3757  3757 D CompatibilityInfo: applicationDensity - 420
01-08 10:41:09.573  3757  3757 D CompatibilityInfo: applicationScale - 1.0
01-08 10:41:09.574  3757  6272 D AudioService: getStreamVolume 3 index 70
01-08 10:41:09.583 24363 24363 I Finsky  : [1] com.google.android.finsky.scheduler.JobSchedulerEngine$PhoneskyJobSchedulerJobService.onStartJob(8): onJobSchedulerWakeup with jobId 9003
01-08 10:41:09.585  3757  7201 D AudioService: getStreamVolume 3 index 70
01-08 10:41:09.595  3757 31269 D SamsungAlarmManager: setInexact Intent (T:2/F:0/AC:false) 20190108T224109 - CU:10029/CP:24363
01-08 10:41:09.597 24363 24363 I Finsky  : [1] com.google.android.finsky.scheduler.ad.a(41): Scheduling fallback in 43199987 (absolute: 205895269)
01-08 10:41:09.599  2126  2126 D ICU     : No timezone override file found: /data/misc/zoneinfo/current/icu/icu_tzdata.dat
01-08 10:41:09.608  3757  2858 D SamsungAlarmManager: setInexact Intent (T:2/F:0/AC:false) 20190109T044109 - CU:10029/CP:24363
01-08 10:41:09.609 24363 24363 I Finsky  : [1] com.google.android.finsky.scheduler.ad.a(41): Scheduling fallback in 64799988 (absolute: 227495283)
01-08 10:41:09.611  3757  2859 D ConnectivityService: filterNetworkStateForUid() uid: 10029 networkInfo: [type: WIFI[] - WIFI, state: CONNECTED/CONNECTED, reason: (unspecified), extra: "wilkinson2.4", failover: false, available: true, roaming: false, metered: false]
01-08 10:41:09.613  3757  7206 D ConnectivityService: filterNetworkStateForUid() uid: 10029 networkInfo: [type: WIFI[] - WIFI, state: CONNECTED/CONNECTED, reason: (unspecified), extra: "wilkinson2.4", failover: false, available: true, roaming: false, metered: false]
01-08 10:41:09.618  3757  7216 D ConnectivityService: filterNetworkStateForUid() uid: 10029 networkInfo: [type: WIFI[] - WIFI, state: CONNECTED/CONNECTED, reason: (unspecified), extra: "wilkinson2.4", failover: false, available: true, roaming: false, metered: false]
01-08 10:41:09.619  3757 10496 D ConnectivityService: filterNetworkStateForUid() uid: 10029 networkInfo: [type: WIFI[] - WIFI, state: CONNECTED/CONNECTED, reason: (unspecified), extra: "wilkinson2.4", failover: false, available: true, roaming: false, metered: false]
01-08 10:41:09.623 24363 24363 I Finsky  : [1] com.google.android.finsky.scheduler.al.handleMessage(16): DeviceState: DeviceState{currentTime=1546962069617, isCharging=true, isIdle=false, netAny=true, netNotRoaming=true, netUnmetered=true}
01-08 10:41:09.627  2126  2126 I Radio-JNI: register_android_hardware_Radio DONE
01-08 10:41:09.630 24363  1546 I Finsky  : [1452] com.google.android.finsky.scheduler.bp.b(89): Jobs in database: 1-1337 12-1 24-77777777 26-1414141414 
01-08 10:41:09.633 24363 24363 I Finsky  : [1] com.google.android.finsky.scheduler.ag.a(59): Running job: 12-1
01-08 10:41:09.634 24363 24363 I Finsky  : [1] com.google.android.finsky.contentsync.ContentSyncJob.a(24): ContentSyncJob started
01-08 10:41:09.637 24363 24363 I Finsky  : [1] com.google.android.finsky.scheduler.ag.a(105): RunningQueue size: 1, PendingQueue size: 0
01-08 10:41:09.637  2126  2126 D ReflectionHelper: loadKlass() : caller=android.app.Activity.<clinit>:7555 <bottom of call stack> 
01-08 10:41:09.637  2126  2126 D ReflectionHelper: Reflecting method.....  class <onScreenChanged>
01-08 10:41:09.638 24363 24363 I Finsky  : [1] com.google.android.finsky.scheduler.ag.a(116): Running queue: 12-1 
01-08 10:41:09.639  2126  2126 E SemAffinityControl: SemAffinityControl: registerfunction enter
01-08 10:41:09.652 24363 24400 I Finsky  : [1361] com.google.android.finsky.m.c.a(21): Completed 0 account content syncs with 0 successful.
01-08 10:41:09.653  2126  2126 D AndroidRuntime: Calling main entry com.android.commands.am.Am
01-08 10:41:09.653 24363 24363 I Finsky  : [1] com.google.android.finsky.contentsync.ContentSyncJob.a(22): Installation state replication succeeded.
01-08 10:41:09.654 24363 24363 I Finsky  : [1] com.google.android.finsky.scheduler.bm.b(8): jobFinished: 12-1. TimeElapsed: 20ms
01-08 10:41:09.657 24363 24363 I Finsky  : [1] com.google.android.finsky.scheduler.ag.a(139): Job 12-1 finished
01-08 10:41:09.659 24363 24363 I Finsky  : [1] com.google.android.finsky.scheduler.ag.a(105): RunningQueue size: 0, PendingQueue size: 0
01-08 10:41:09.660 24363 24363 I Finsky  : [1] com.google.android.finsky.scheduler.al.handleMessage(42): Executor finished
01-08 10:41:09.664  3757  7204 D ConnectivityService: filterNetworkStateForUid() uid: 10029 networkInfo: [type: WIFI[] - WIFI, state: CONNECTED/CONNECTED, reason: (unspecified), extra: "wilkinson2.4", failover: false, available: true, roaming: false, metered: false]
01-08 10:41:09.665  3757 32084 D ConnectivityService: filterNetworkStateForUid() uid: 10029 networkInfo: [type: WIFI[] - WIFI, state: CONNECTED/CONNECTED, reason: (unspecified), extra: "wilkinson2.4", failover: false, available: true, roaming: false, metered: false]
01-08 10:41:09.666  3757  3770 I ActivityManager: START u0 {act=null typ=null flg=0x10000000 cmp=ComponentInfo{com.GeekTechnique.InfinityStack/com.epicgames.ue4.SplashActivity}} from uid 2000 on display 0
01-08 10:41:09.673  3757  3770 D ActivityManager: ActivityRecord() Constructor : multiScreenAttrs=MultiScreenAttrs{mDisplayId=0, mBaseDisplayId=0, mBaseActivity=false}
01-08 10:41:09.674 24363 24363 I Finsky  : [1] com.google.android.finsky.scheduler.bp.b(89): Jobs in database: 1-1337 24-77777777 26-1414141414 
01-08 10:41:09.676  3757  3770 D CustomFrequencyManagerService: acquireDVFSLockLocked : type : DVFS_MIN_LIMIT  frequency : 2100000  uid : 1000  pid : 3757  pkgName : AMS_APP_SWITCH@CPU_MIN@45
01-08 10:41:09.676  3757  3770 D ActivityManagerPerformance: AMP_acquire() APP_SWITCH
01-08 10:41:09.677  3757  3770 D ActivityTrigger: Activity is Triggerred in full screen 
01-08 10:41:09.678 24363 24363 I Finsky  : [1] com.google.android.finsky.scheduler.k.a(69): ConstraintMapping: 24-77777777,  -> L: 0ms, D: 82429328ms, C: false, I: true, N: 0
01-08 10:41:09.678  3757  9599 D TelephonyManager: getAllCellInfo : Caller (PID / UID / TID): 3757 / 1000 / 9599
01-08 10:41:09.679  3757  3770 D CompatibilityInfo: mCompatibilityFlags - 0
01-08 10:41:09.679  3757  3770 D CompatibilityInfo: applicationDensity - 420
01-08 10:41:09.679  3757  3770 D CompatibilityInfo: applicationScale - 1.0
01-08 10:41:09.679  3757  3770 D ActivityManager: moveToFront() : reason=startedActivity setFocusedActivity isAttached=true TaskRecord{b3dd8d0d0 #189 A=com.GeekTechnique.InfinityStack U=0 StackId=1 sz=1}
01-08 10:41:09.681  3757  3770 D InputDispatcher: Focused application set to: xxxx
01-08 10:41:09.681 24363 24363 I Finsky  : [1] com.google.android.finsky.scheduler.k.a(69): ConstraintMapping: 1-1337,  -> L: 37811366ms, D: 81011366ms, C: false, I: false, N: 1
01-08 10:41:09.681  3757  3775 D WindowManager: set systemUiVisibility of statusbar : vis= 0x2708
01-08 10:41:09.681  3757  3770 D InputDispatcher: Focus left window: 13664
01-08 10:41:09.682 24363 24363 I Finsky  : [1] com.google.android.finsky.scheduler.k.a(69): ConstraintMapping: 26-1414141414,  -> L: 28726533ms, D: 29626533ms, C: false, I: false, N: 0
01-08 10:41:09.688  3757  3770 D ActivityManager: resumeTopActivityInnerLocked() : #1 prevTask=TaskRecord{b3dd8d0d0 #189 A=com.GeekTechnique.InfinityStack U=0 StackId=1 sz=1} next=ActivityRecord{7b17a64d0 u0 com.GeekTechnique.InfinityStack/com.epicgames.ue4.SplashActivity t189} mFocusedStack=ActivityStack{3ca09cd0 stackId=1, 5 tasks}
01-08 10:41:09.689  3757  3770 D ActivityTrigger: ActivityTrigger activityPauseTrigger 
01-08 10:41:09.689  3757  3770 D GameManagerService: sem_perfomance_mode: 0
01-08 10:41:09.694  2126  2126 D AndroidRuntime: Shutting down VM
01-08 10:41:09.697 13664 13664 I AppLifecycleTracker: onActivityPaused: 
01-08 10:41:09.699  3757  3793 D WindowManager: addWindow: android.view.ViewRootImpl$W@8b5aeda displayId=0
01-08 10:41:09.699  3757  3793 D InputTransport: Input channel constructed: fd=581
01-08 10:41:09.699  3757  3793 D InputTransport: Input channel constructed: fd=582
01-08 10:41:09.699  3757  3793 D WindowManager: openInputChannel mInputChannel: 73e0f0b Starting com.GeekTechnique.InfinityStack (server)
01-08 10:41:09.699  3757  3757 D SamsungAlarmManager: setInexact Listener (T:2/F:0/AC:false) 20190108T104453 - CU:1000/CP:3757
01-08 10:41:09.700  3757  3793 D ViewRootImpl@b31c085[InfinityStack]: setView = DecorView@b83f1e8[InfinityStack] touchMode=true
01-08 10:41:09.703  3757  7201 D ActivityManager: resumeTopActivityInnerLocked() : #1 prevTask=TaskRecord{b24abb8d0 #181 A=com.google.android.googlequicksearchbox U=0 StackId=1 sz=1} next=ActivityRecord{7b17a64d0 u0 com.GeekTechnique.InfinityStack/com.epicgames.ue4.SplashActivity t189} mFocusedStack=ActivityStack{3ca09cd0 stackId=1, 5 tasks}
01-08 10:41:09.704  3757  7201 D ActivityManager: applyOptionsLocked(), pendingOptions : null
01-08 10:41:09.705  3757  7201 D MountService: getExternalStorageMountMode : 3
01-08 10:41:09.705  3757  7201 D MountService: getExternalStorageMountMode : 3
01-08 10:41:09.705  3757  7201 D MountService: getExternalStorageMountMode : final mountMode=3, uid : 10367, packageName : com.GeekTechnique.InfinityStack
01-08 10:41:09.719  2145  2145 E Zygote  : v2
01-08 10:41:09.719  2145  2145 I libpersona: KNOX_SDCARD checking this for 10367
01-08 10:41:09.719  2145  2145 I libpersona: KNOX_SDCARD not a persona
01-08 10:41:09.720  2126  2126 I TMSDISP : AcsAndroidVirtualDisplayIntfImpl::~AcsAndroidVirtualDisplayIntfImpl - Enter
01-08 10:41:09.720  2126  2126 I TMSDISP : AcsAndroidVirtualDisplayIntfImpl::~AcsAndroidVirtualDisplayIntfImpl - Enter2
01-08 10:41:09.720  2126  2126 I TMSDISP : AcsAndroidVirtualDisplayIntfImpl::~AcsAndroidVirtualDisplayIntfImpl - mSource2
01-08 10:41:09.720  2126  2126 I TMSDISP : AcsAndroidVirtualDisplayIntfImpl::~AcsAndroidVirtualDisplayIntfImpl - Exit
01-08 10:41:09.720  3757  3793 D ViewRootImpl@b31c085[InfinityStack]: dispatchAttachedToWindow
01-08 10:41:09.720  2145  2145 E Zygote  : accessInfo : 0
01-08 10:41:09.720  3757  7201 I ActivityManager: Start proc 2145:com.GeekTechnique.InfinityStack/u0a367 for activity com.GeekTechnique.InfinityStack/com.epicgames.ue4.SplashActivity
01-08 10:41:09.721  3757  3793 V WindowManager: Relayout Window{73e0f0bd0 u0 Starting com.GeekTechnique.InfinityStack}: viewVisibility=0 req=1079x1856 WM.LayoutParams{(0,0)(fillxfill) sim=#20 ty=3 fl=#1830518 pfl=0x20011 wanim=0x1030001 vsysui=0x400 needsMenuKey=2 naviIconColor=0}
01-08 10:41:09.721  2145  2145 W SELinux : SELinux selinux_android_compute_policy_index : Policy Index[2],  Con:u:r:zygote:s0 RAM:SEPF_SECMOBILE_7.0_0009, [-1 -1 -1 -1 0 1]
01-08 10:41:09.722  3215  3215 I SurfaceFlinger: id=2345 createSurf (1x1),1 flag=404, JnfinitySta
01-08 10:41:09.722  2145  2145 I SELinux : SELinux: seapp_context_lookup: seinfo=untrusted, level=s0:c512,c768, pkgname=com.GeekTechnique.InfinityStack 
01-08 10:41:09.727  2145  2145 I art     : Late-enabling -Xcheck:jni
01-08 10:41:09.740  3757  3793 D ViewRootImpl@b31c085[InfinityStack]: Relayout returned: oldFrame=[0,0][0,0] newFrame=[0,0][1080,1920] result=0x27 surface={isValid=true 516357616640} surfaceGenerationChanged=true
01-08 10:41:09.744  2145  2145 D TimaKeyStoreProvider: TimaKeyStore is not enabled: cannot add TimaSignature Service and generateKeyPair Service
01-08 10:41:09.763  3757  7203 D AudioService: getStreamVolume 3 index 70
01-08 10:41:09.777  3757  4440 D AudioService: getStreamVolume 3 index 70
01-08 10:41:09.779  3757  5063 D AudioService: getStreamVolume 3 index 70
01-08 10:41:09.779  3757 29842 D CompatibilityInfo: mCompatibilityFlags - 0
01-08 10:41:09.780  3757 29842 D CompatibilityInfo: applicationDensity - 420
01-08 10:41:09.780  3757 29842 D CompatibilityInfo: applicationScale - 1.0
01-08 10:41:09.780  3757 29842 I ActivityManager: DSS on for com.GeekTechnique.InfinityStack and scale is 1.0
01-08 10:41:09.780  3757  3757 D SamsungAlarmManager: setInexact Listener (T:2/F:0/AC:false) 20190108T104953 - CU:1000/CP:3757
01-08 10:41:09.780  3757 29841 D AudioService: getStreamVolume 3 index 70
01-08 10:41:09.781  3757 29842 D CompatibilityInfo: mCompatibilityFlags - 0
01-08 10:41:09.781  3757 29842 D CompatibilityInfo: applicationDensity - 420
01-08 10:41:09.781  3757 29842 D CompatibilityInfo: applicationScale - 1.0
01-08 10:41:09.781  3757 29842 V WindowOrientationListener: OrientationSensorJudge.getProposedRotation, Rotation: -1
01-08 10:41:09.781  3757 29842 V WindowOrientationListener: OrientationSensorJudge.getProposedRotation, Rotation: -1
01-08 10:41:09.781  3757 29842 V WindowManager: rotationForOrientationLw(orient=1, last=0); user=0  sensorRotation=-1 mLidState=-1 mDockMode=0 mHdmiPlugged=false
01-08 10:41:09.784  3757  3793 D WindowManager: finishDrawingWindow: Window{73e0f0bd0 u0 Starting com.GeekTechnique.InfinityStack} mDrawState=DRAW_PENDING
01-08 10:41:09.787  3757 32084 D AudioService: getStreamVolume 3 index 70
01-08 10:41:09.788  3757 29842 D CompatibilityInfo: mCompatibilityFlags - 0
01-08 10:41:09.788  3757 29842 D CompatibilityInfo: applicationDensity - 420
01-08 10:41:09.788  3757 29842 D CompatibilityInfo: applicationScale - 1.0
01-08 10:41:09.789  3757 29842 D GameManagerService: sem_perfomance_mode: 0
01-08 10:41:09.802  3757  3757 D GameManagerService: NotifyRunnable. pkg: com.GeekTechnique.InfinityStack, type: 4, isMinimized: false, isTunableApp: false
01-08 10:41:09.802 13664 13664 D ViewRootImpl@789b1eb[SearchNowActivity]: MSG_WINDOW_FOCUS_CHANGED 0
01-08 10:41:09.802  3757  3757 D GameManagerService: unexpected mPrevNotiType: -1
01-08 10:41:09.802  6011 20825 D ForegroundUtils: could not check pending caller
01-08 10:41:09.803 24363 24363 I Finsky  : [1] com.google.android.finsky.scheduler.JobSchedulerEngine.a(109): Cancelling existing job with id: 9000
01-08 10:41:09.804  3757  9599 D GamePkgDataHelper: getGamePkgData(). com.GeekTechnique.InfinityStack
01-08 10:41:09.804  3757  9599 D GameManagerService: identifyGamePackage. com.GeekTechnique.InfinityStack
01-08 10:41:09.804  3757  9599 D GameManagerService: identifyGamePackage. com.GeekTechnique.InfinityStack
01-08 10:41:09.807  3757  9599 D GameManagerService: identifyGamePackage. com.GeekTechnique.InfinityStack
01-08 10:41:09.808  3757  9599 D GameManagerService: identifyGamePackage. com.GeekTechnique.InfinityStack
01-08 10:41:09.808  3757  3793 D ViewRootImpl@b31c085[InfinityStack]: MSG_RESIZED: ci=Rect(0, 0 - 0, 0) vi=Rect(0, 0 - 0, 0) or=1
01-08 10:41:09.811 13664 13664 D SEM_CLIP_SemClipboardManager: isCocktailBarDisplayed : false
01-08 10:41:09.813 13664 13686 E SrpContentController: Show/Hide events sent when controller is already destroyed
01-08 10:41:09.813 13664 13686 E SrpContentController: Show/Hide events sent when controller is already destroyed
01-08 10:41:09.813  4616  4616 D SwipeDoorsillDetector: reset()com.android.systemui.statusbar.phone.NotificationPanelView.resetViews:864 com.android.systemui.statusbar.phone.PanelBar.collapsePanel:173 com.android.systemui.statusbar.phone.PhoneStatusBar.setWindowState:4340 com.android.systemui.statusbar.CommandQueue$H.handleMessage:678 
01-08 10:41:09.814  3757 32083 D SamsungAlarmManager: setInexact Listener (T:2/F:0/AC:false) 20190108T104453 - CU:1000/CP:3757
01-08 10:41:09.820  3757 32083 D SamsungAlarmManager: setInexact Listener (T:2/F:0/AC:false) 20190108T104953 - CU:1000/CP:3757
01-08 10:41:09.821  3757  3775 D WindowManager: set systemUiVisibility of statusbar : vis= 0x408
01-08 10:41:09.821 24363 24363 I Finsky  : [1] com.google.android.finsky.scheduler.JobSchedulerEngine.a(109): Cancelling existing job with id: 9004
01-08 10:41:09.827  3757  5063 D WindowManager: adjustSystemUiVisibilityLw : vis= 0x408
01-08 10:41:09.827  3757  4440 D SamsungAlarmManager: setInexact Listener (T:2/F:0/AC:false) 20190108T104453 - CU:1000/CP:3757
01-08 10:41:09.831  3757  4440 D SamsungAlarmManager: setInexact Listener (T:2/F:0/AC:false) 20190108T104953 - CU:1000/CP:3757
01-08 10:41:09.835 13664 13664 D ViewRootImpl@789b1eb[SearchNowActivity]: mHardwareRenderer.destroy()#1
01-08 10:41:09.835  3757 29841 V WindowManager: Relayout Window{e92df15d0 u0 com.google.android.googlequicksearchbox/com.google.android.apps.gsa.searchnow.SearchNowActivity}: viewVisibility=8 req=1080x1920 WM.LayoutParams{(0,0)(fillxfill) sim=#130 ty=1 fl=#81810100 pfl=0x20000 wanim=0x1030465 vsysui=0x2700 needsMenuKey=2 naviIconColor=0}
01-08 10:41:09.842 13664 13664 D ViewRootImpl@789b1eb[SearchNowActivity]: Relayout returned: oldFrame=[0,0][1080,1920] newFrame=[0,0][1080,1920] result=0x5 surface={isValid=false 0} surfaceGenerationChanged=true
01-08 10:41:09.843 24363 24363 I Finsky  : [1] com.google.android.finsky.scheduler.JobSchedulerEngine.a(66): Throttling wakeup for job 9001 (expected to run in 0 ms) due to recent wakeup
01-08 10:41:09.844 24363 24363 I Finsky  : [1] com.google.android.finsky.scheduler.JobSchedulerEngine.a(48): Scheduling job Id: 9001, L: 30000, D: 82429328, C: false, I: true, N: 0
01-08 10:41:09.848  3757  5062 D SamsungAlarmManager: setInexact Listener (T:2/F:0/AC:false) 20190108T104139 - CU:1000/CP:3757
01-08 10:41:09.849 24363 24363 I Finsky  : [1] com.google.android.finsky.scheduler.JobSchedulerEngine.a(48): Scheduling job Id: 9002, L: 37811366, D: 81011366, C: false, I: false, N: 1
01-08 10:41:09.856  3757  7204 D ConnectivityService: filterNetworkStateForUid() uid: 10029 networkInfo: [type: WIFI[] - WIFI, state: CONNECTED/CONNECTED, reason: (unspecified), extra: "wilkinson2.4", failover: false, available: true, roaming: false, metered: false]
01-08 10:41:09.859 24363 24363 I Finsky  : [1] com.google.android.finsky.scheduler.JobSchedulerEngine.a(48): Scheduling job Id: 9005, L: 28726533, D: 29626533, C: false, I: false, N: 0
01-08 10:41:09.874  3757 10512 I ActivityManager: START u0 {act=null typ=null flg=0x10000 cmp=ComponentInfo{com.GeekTechnique.InfinityStack/com.epicgames.ue4.GameActivity}} from uid 10367 on display 0
01-08 10:41:09.875  3757 10512 D ActivityManager: ActivityRecord() Constructor : multiScreenAttrs=MultiScreenAttrs{mDisplayId=0, mBaseDisplayId=0, mBaseActivity=false}
01-08 10:41:09.875  3757 10512 D ActivityManager: moveToFront() : reason=intentActivityFound isAttached=true null
01-08 10:41:09.877  3757 10512 D ActivityManager: moveToFront() : reason=sourceStackToFront isAttached=true null
01-08 10:41:09.878  3757 10512 D ActivityTrigger: Activity is Triggerred in full screen 
01-08 10:41:09.879  3757 10512 D CompatibilityInfo: mCompatibilityFlags - 0
01-08 10:41:09.879  3757 10512 D CompatibilityInfo: applicationDensity - 420
01-08 10:41:09.879  3757 10512 D CompatibilityInfo: applicationScale - 1.0
01-08 10:41:09.879  3757 10512 D ActivityManager: moveToFront() : reason=startedActivity setFocusedActivity isAttached=true TaskRecord{b3dd8d0d0 #189 A=com.GeekTechnique.InfinityStack U=0 StackId=1 sz=2}
01-08 10:41:09.880  3757 10512 D InputDispatcher: Focused application set to: xxxx
01-08 10:41:09.881  3757 10512 D ActivityManager: resumeTopActivityInnerLocked() : #1 prevTask=TaskRecord{b3dd8d0d0 #189 A=com.GeekTechnique.InfinityStack U=0 StackId=1 sz=2} next=ActivityRecord{aaa1c7ed0 u0 com.GeekTechnique.InfinityStack/com.epicgames.ue4.GameActivity t189} mFocusedStack=ActivityStack{3ca09cd0 stackId=1, 5 tasks}
01-08 10:41:09.881  3757 10512 D ActivityTrigger: ActivityTrigger activityPauseTrigger 
01-08 10:41:09.881  3757 10512 D GameManagerService: sem_perfomance_mode: 0
01-08 10:41:09.888  3757  3775 D WindowManager: set systemUiVisibility of statusbar : vis= 0x408
01-08 10:41:09.895  3757  3771 D CompatibilityInfo: mCompatibilityFlags - 0
01-08 10:41:09.895  3757  3771 D CompatibilityInfo: applicationDensity - 420
01-08 10:41:09.895  3757  3771 D CompatibilityInfo: applicationScale - 1.0
01-08 10:41:09.897  3757  7206 W MultiScreenManagerService: moveTaskBackToDisplayIfNeeded(): The task has more than one activity
01-08 10:41:09.914  3757 29842 D ConnectivityService: filterNetworkStateForUid() uid: 10014 networkInfo: [type: WIFI[] - WIFI, state: CONNECTED/CONNECTED, reason: (unspecified), extra: "wilkinson2.4", failover: false, available: true, roaming: false, metered: false]
01-08 10:41:09.916  3757 29839 D SamsungAlarmManager: Cancel Alarm calling from uid:10014 pid :7370 / op:PendingIntent{b52cb71: PendingIntentRecord{6a33d56 com.google.android.gms broadcastIntent}}
01-08 10:41:09.928  3757  3774 D CompatibilityInfo: mCompatibilityFlags - 0
01-08 10:41:09.928  3757  3774 D CompatibilityInfo: applicationDensity - 420
01-08 10:41:09.928  3757  3774 D CompatibilityInfo: applicationScale - 1.0
01-08 10:41:09.934  3757 29840 D CompatibilityInfo: mCompatibilityFlags - 0
01-08 10:41:09.934  3757 29840 D CompatibilityInfo: applicationDensity - 420
01-08 10:41:09.934  3757 29840 D CompatibilityInfo: applicationScale - 1.0
01-08 10:41:09.937  3757 29841 D ActivityManager: setAppIconInfo(), x : 0, y : 0, width : 0, height : 0, isHomeItem : false
01-08 10:41:09.938  3757 29841 D ActivityManager: resumeTopActivityInnerLocked() : #1 prevTask=TaskRecord{b3dd8d0d0 #189 A=com.GeekTechnique.InfinityStack U=0 StackId=1 sz=2} next=ActivityRecord{aaa1c7ed0 u0 com.GeekTechnique.InfinityStack/com.epicgames.ue4.GameActivity t189} mFocusedStack=ActivityStack{3ca09cd0 stackId=1, 5 tasks}
01-08 10:41:09.939  3757 29841 D ActivityManager: applyOptionsLocked(), pendingOptions : null
01-08 10:41:09.945  3757 29841 D CompatibilityInfo: mCompatibilityFlags - 0
01-08 10:41:09.945  3757 29841 D CompatibilityInfo: applicationDensity - 420
01-08 10:41:09.945  3757 29841 D CompatibilityInfo: applicationScale - 1.0
01-08 10:41:09.946  3757 29841 D GameManagerService: sem_perfomance_mode: 0
01-08 10:41:09.946  3757  3757 D GameManagerService: NotifyRunnable. pkg: com.GeekTechnique.InfinityStack, type: 4, isMinimized: false, isTunableApp: false
01-08 10:41:09.946  3757  3757 D GameManagerService: unexpected mPrevNotiType: -1
01-08 10:41:09.956  3757  4521 D MdnieScenarioControlService:  packageName : com.GeekTechnique.InfinityStack    className : com.epicgames.ue4.GameActivity
01-08 10:41:09.959  3757  6272 D ConnectivityService: filterNetworkStateForUid() uid: 10014 networkInfo: [type: WIFI[] - WIFI, state: CONNECTED/CONNECTED, reason: (unspecified), extra: "wilkinson2.4", failover: false, available: true, roaming: false, metered: false]
01-08 10:41:09.960  3757  4473 D ConnectivityService: filterNetworkStateForUid() uid: 10014 networkInfo: [type: WIFI[] - WIFI, state: CONNECTED/CONNECTED, reason: (unspecified), extra: "wilkinson2.4", failover: false, available: true, roaming: false, metered: false]
01-08 10:41:09.961  2145  2145 D OVRPlugin: JNI_OnLoad
01-08 10:41:09.962  3757  2859 D SamsungAlarmManager: Cancel Alarm calling from uid:10014 pid :5918 / op:PendingIntent{6b581d7: PendingIntentRecord{447bc29 com.google.android.gms broadcastIntent}}
01-08 10:41:09.963  3757  7205 D AudioService: getStreamVolume 3 index 70
01-08 10:41:09.986  3757  7206 D AudioService: getStreamVolume 3 index 70
01-08 10:41:09.987  3757  2858 D AudioService: getStreamVolume 3 index 70
01-08 10:41:09.989  3757  4469 D AudioService: getStreamVolume 3 index 70
01-08 10:41:09.990  3757  4482 D AudioService: getStreamVolume 3 index 70
01-08 10:41:10.004  3757  4482 D SamsungAlarmManager: setInexact Intent (T:2/F:0/AC:false) 20190108T105850 - CU:10014/CP:5918
01-08 10:41:10.018  3757  3766 I art     : Background partial concurrent mark sweep GC freed 81953(6MB) AllocSpace objects, 9(180KB) LOS objects, 20% free, 63MB/79MB, paused 2.881ms total 251.179ms
01-08 10:41:10.025  2145  2145 D UE4     : Used memory before allocating anything was 53.15MB
01-08 10:41:10.081  3757  7202 D PackageManager: getComponentMetadataForIconTray : com.google.android.apps.gsa.searchnow.SearchNowActivity does not exist in mServices
01-08 10:41:10.081  3757  7202 D PackageManager: getComponentMetadataForIconTray : com.google.android.apps.gsa.searchnow.SearchNowActivity does not exist in mProviders
01-08 10:41:10.081  3757  7202 D PackageManager: getComponentMetadataForIconTray : com.google.android.apps.gsa.searchnow.SearchNowActivity does not exist in mReceivers
01-08 10:41:10.083  4616  4616 I ApplicationPackageManager: load=com.google.android.googlequicksearchbox, bg=126-126, dr=126-126, forDefault=true
01-08 10:41:10.083  4616  4616 I ApplicationPackageManager: reset dr=126,126, bg=126,126
01-08 10:41:10.083  4616  4616 I ApplicationPackageManager: scaled rate=0.74360657, size=126, alpha=2, hold=26, target=126
01-08 10:41:10.165  3757 29842 D AudioService: getStreamVolume 3 index 70
01-08 10:41:10.187  3757  4473 D AudioService: getStreamVolume 3 index 70
01-08 10:41:10.188  3757 29839 D AudioService: getStreamVolume 3 index 70
01-08 10:41:10.189  3757 10512 D AudioService: getStreamVolume 3 index 70
01-08 10:41:10.190  3757  7216 D AudioService: getStreamVolume 3 index 70
01-08 10:41:10.231  2145  2145 D UE4     : In the JNI_OnLoad function
01-08 10:41:10.232  2145  2145 D UE4     : [JNI] - Failed to determine if app purchasing is enabled!
01-08 10:41:10.234  2145  2145 D UE4     : Path found as '/storage/emulated/0'
01-08 10:41:10.234  2145  2145 D UE4     : Font Path found as '/system/fonts/'
01-08 10:41:10.234  2145  2145 D UE4     : In the JNI_OnLoad function 5
01-08 10:41:10.249  2145  2145 V threaded_app: Creating: 0xdb87bb40
01-08 10:41:10.250  2145  2162 V threaded_app: Config: mcc=311 mnc=480 lang=en cnt=US orien=1 touch=3 dens=420 keys=1 nav=1 keysHid=3 navHid=0 sdk=24 size=2 long=2 modetype=1 modenight=1
01-08 10:41:10.250  2145  2162 D UE4     : Entering native app glue main function
01-08 10:41:10.250  2145  2162 D UE4     : Created event thread
01-08 10:41:10.250  2145  2162 D UE4     : Entered AndroidMain()
01-08 10:41:10.250  2145  2163 D UE4     : Entering event processing thread engine entry point
01-08 10:41:10.250  2145  2163 D UE4     : Prepared looper for event thread
01-08 10:41:10.250  2145  2163 D UE4     : Passed callback initialization
01-08 10:41:10.250  2145  2163 D UE4     : Passed sensor initialization
01-08 10:41:10.252  2145  2162 D UE4     : Controller interface supported
01-08 10:41:10.253  3757  7202 W ServiceManager: Permission failure: com.samsung.permission.SSENSOR from uid=10367 pid=2145
01-08 10:41:10.253  3757  7202 D PermissionCache: checking com.samsung.permission.SSENSOR for uid=10367 => denied (346 us)
01-08 10:41:10.253  3757  7202 E SensorService: getSensorList a sensor (MAX86900) without holding its required permission: com.samsung.permission.SSENSOR
01-08 10:41:10.253  3757  7202 I SensorService: Skipped sensor MAX86900 because it requires permission com.samsung.permission.SSENSOR and app op -1
01-08 10:41:10.253  3757  7202 W ServiceManager: Permission failure: com.samsung.permission.HRM_EXT from uid=10367 pid=2145
01-08 10:41:10.254  3757  7202 D PermissionCache: checking com.samsung.permission.HRM_EXT for uid=10367 => denied (209 us)
01-08 10:41:10.254  3757  7202 E SensorService: getSensorList a sensor (HRM Ambient Light Canceling) without holding its required permission: com.samsung.permission.HRM_EXT
01-08 10:41:10.254  3757  7202 I SensorService: Skipped sensor HRM Ambient Light Canceling because it requires permission com.samsung.permission.HRM_EXT and app op -1
01-08 10:41:10.254  3757  7202 W ServiceManager: Permission failure: android.permission.BODY_SENSORS from uid=10367 pid=2145
01-08 10:41:10.254  3757  7202 E SensorService: getSensorList a sensor (HRMLED IR) without holding its required permission: android.permission.BODY_SENSORS
01-08 10:41:10.254  3757  7202 I SensorService: Skipped sensor HRMLED IR because it requires permission android.permission.BODY_SENSORS and app op 56
01-08 10:41:10.254  3757  7202 W ServiceManager: Permission failure: android.permission.BODY_SENSORS from uid=10367 pid=2145
01-08 10:41:10.254  3757  7202 E SensorService: getSensorList a sensor (HRMLED RED) without holding its required permission: android.permission.BODY_SENSORS
01-08 10:41:10.254  3757  7202 I SensorService: Skipped sensor HRMLED RED because it requires permission android.permission.BODY_SENSORS and app op 56
01-08 10:41:10.254  3757  7202 E SensorService: getSensorList a sensor (HRM Proximity detecting) without holding its required permission: com.samsung.permission.HRM_EXT
01-08 10:41:10.254  3757  7202 I SensorService: Skipped sensor HRM Proximity detecting because it requires permission com.samsung.permission.HRM_EXT and app op -1
01-08 10:41:10.254  3757  7202 E SensorService: getSensorList a sensor (HRM Sensor) without holding its required permission: com.samsung.permission.SSENSOR
01-08 10:41:10.254  3757  7202 I SensorService: Skipped sensor HRM Sensor because it requires permission com.samsung.permission.SSENSOR and app op -1
01-08 10:41:10.254  3757  7202 W ServiceManager: Permission failure: android.permission.BODY_SENSORS from uid=10367 pid=2145
01-08 10:41:10.254  3757  7202 E SensorService: getSensorList a sensor (HeartRate Sensor) without holding its required permission: android.permission.BODY_SENSORS
01-08 10:41:10.254  3757  7202 I SensorService: Skipped sensor HeartRate Sensor because it requires permission android.permission.BODY_SENSORS and app op 56
01-08 10:41:10.254  3757  7202 E SensorService: getSensorList a sensor (Sensor Diagnostic Monitor) without holding its required permission: com.samsung.permission.SSENSOR
01-08 10:41:10.254  3757  7202 I SensorService: Skipped sensor Sensor Diagnostic Monitor because it requires permission com.samsung.permission.SSENSOR and app op -1
01-08 10:41:10.278  2145  2145 D ViewRootImpl@c9e8dee[GameActivity]: ThreadedRenderer.create() translucent=false
01-08 10:41:10.279  3757  6272 D WindowManager: addWindow: android.view.IWindow$Stub$Proxy@6add8e2 displayId=0
01-08 10:41:10.280  3757  6272 D InputTransport: Input channel constructed: fd=402
01-08 10:41:10.280  3757  6272 D InputTransport: Input channel constructed: fd=406
01-08 10:41:10.280  3757  6272 D WindowManager: openInputChannel mInputChannel: 8a5ff30 com.GeekTechnique.InfinityStack/com.epicgames.ue4.GameActivity (server)
01-08 10:41:10.281  3757  6272 D InputTransport: Input channel destroyed: fd=406
01-08 10:41:10.281  2145  2145 D InputTransport: Input channel constructed: fd=67
01-08 10:41:10.282  2145  2145 D ViewRootImpl@c9e8dee[GameActivity]: setView = DecorView@2d5228f[GameActivity] touchMode=true
01-08 10:41:10.283  2145  2145 D UE4     : Target SDK is 26.  This may cause issues if permissions are denied by the user.
01-08 10:41:10.290  2145  2145 D PermissionFragment: Creating PlayGamesFragment
01-08 10:41:10.299  3757 31269 I ActivityManager: START u0 {act=android.content.pm.action.REQUEST_PERMISSIONS typ=null flg=0x0 cmp=ComponentInfo{com.google.android.packageinstaller/com.android.packageinstaller.permission.ui.GrantPermissionsActivity}} from uid 10367 on display 0
01-08 10:41:10.299  3757 31269 W ActivityManager: REQUEST_PERMISSIONS Action.
01-08 10:41:10.299  3757 31269 W ActivityManager: REQUEST_PERMISSIONS Action.
01-08 10:41:10.300  3757 31269 D ActivityManager: ActivityRecord() Constructor : multiScreenAttrs=MultiScreenAttrs{mDisplayId=0, mBaseDisplayId=0, mBaseActivity=false}
01-08 10:41:10.301  3757 31269 D CustomFrequencyManagerService: releaseDVFSLockLocked : Getting Lock type frm List : DVFS_MIN_LIMIT  frequency : 2100000  uid : 1000  pid : 3757  tag : AMS_APP_SWITCH@CPU_MIN@45
01-08 10:41:10.302  3757 31269 D CustomFrequencyManagerService: acquireDVFSLockLocked : type : DVFS_MIN_LIMIT  frequency : 2100000  uid : 1000  pid : 3757  pkgName : AMS_APP_SWITCH@CPU_MIN@45
01-08 10:41:10.303  3757 31269 D ActivityManagerPerformance: AMP_acquire() APP_SWITCH
01-08 10:41:10.304  3757 31269 D ActivityManager: moveToFront() : reason=sourceStackToFront isAttached=true null
01-08 10:41:10.305  3757 31269 D ActivityTrigger: Activity is Triggerred in full screen 
01-08 10:41:10.306  3757 31269 D CompatibilityInfo: mCompatibilityFlags - 0
01-08 10:41:10.306  3757 31269 D CompatibilityInfo: applicationDensity - 420
01-08 10:41:10.306  3757 31269 D CompatibilityInfo: applicationScale - 1.0
01-08 10:41:10.306  3757 31269 D ActivityManager: moveToFront() : reason=startedActivity setFocusedActivity isAttached=true TaskRecord{b3dd8d0d0 #189 A=com.GeekTechnique.InfinityStack U=0 StackId=1 sz=3}
01-08 10:41:10.307  3757 31269 D InputDispatcher: Focused application set to: xxxx
01-08 10:41:10.307  3757 31269 D ActivityManager: resumeTopActivityInnerLocked() : #1 prevTask=TaskRecord{b3dd8d0d0 #189 A=com.GeekTechnique.InfinityStack U=0 StackId=1 sz=3} next=ActivityRecord{18e77a9d0 u0 com.google.android.packageinstaller/com.android.packageinstaller.permission.ui.GrantPermissionsActivity t189} mFocusedStack=ActivityStack{3ca09cd0 stackId=1, 5 tasks}
01-08 10:41:10.307  3757 31269 D ActivityTrigger: ActivityTrigger activityPauseTrigger 
01-08 10:41:10.307  3757 31269 D GameManagerService: sem_perfomance_mode: 0
01-08 10:41:10.317  2145  2145 D UE4     : Vulkan version: 1.0.3
01-08 10:41:10.317  2145  2145 D UE4     : Vulkan level: 1
01-08 10:41:10.318  2145  2145 D UE4     : Found DepthBufferPreference = 0
01-08 10:41:10.318  2145  2145 D UE4     : Found bPackageDataInsideApk = 0
01-08 10:41:10.318  2145  2145 D UE4     : Found ProjectName = StackerGame
01-08 10:41:10.318  2145  2145 D UE4     : Found AppType = 
01-08 10:41:10.319  2145  2145 D UE4     : Found bHasOBBFiles = 0
01-08 10:41:10.319  2145  2145 D UE4     : Found bVerifyOBBOnStartUp = false
01-08 10:41:10.319  2145  2145 D UE4     : UI hiding set to false
01-08 10:41:10.319  2145  2145 D UE4     : BuildConfiguration set to Development
01-08 10:41:10.319  2145  2145 D UE4     : UseExternalFilesDir set to false
01-08 10:41:10.319  2145  2145 D UE4     : AllowIMU set to true
01-08 10:41:10.319  2145  2145 D UE4     : SupportsVulkan set to false
01-08 10:41:10.319  2145  2145 D UE4     : No GearVR mode detected.
01-08 10:41:10.346  2145  2145 D libEGL  : loaded /vendor/lib/egl/libGLES_mali.so
01-08 10:41:10.366  3757  4440 D AudioService: getStreamVolume 3 index 70
01-08 10:41:10.383  2145  2165 D UE4     : Used memory: 63720
01-08 10:41:10.388  2145  2145 D UE4     : Hardware: SAMSUNG Exynos7420
01-08 10:41:10.388  2145  2145 D UE4     : ro.hardware: samsungexynos7420
01-08 10:41:10.389  3757 32084 D AudioService: getStreamVolume 3 index 70
01-08 10:41:10.389  2145  2145 D UE4     : Memory: 3662 MB
01-08 10:41:10.390  3757  4469 D AudioService: getStreamVolume 3 index 70
01-08 10:41:10.390  3757  7202 D AudioService: getStreamVolume 3 index 70
01-08 10:41:10.391  3757  4482 D AudioService: getStreamVolume 3 index 70
01-08 10:41:10.393  2145  2145 D UE4     : UseAffinity: false
01-08 10:41:10.393  2145  2145 D UE4     : BigCoreMask: 0xffff
01-08 10:41:10.393  2145  2145 D UE4     : LittleCoreMask: 0x0
01-08 10:41:10.395  2145  2145 D UE4     : APK path: /data/app/com.GeekTechnique.InfinityStack-1/base.apk
01-08 10:41:10.395  2145  2145 D UE4     : OBB in APK: false
01-08 10:41:10.397  2145  2145 D UE4     : InternalFilePath found as '/data/user/0/com.GeekTechnique.InfinityStack/files'
01-08 10:41:10.397  2145  2145 D UE4     : ExternalFilePath found as '/storage/emulated/0/Android/data/com.GeekTechnique.InfinityStack/files'
01-08 10:41:10.397  2145  2145 D UE4     : App is running in Portrait
01-08 10:41:10.405  2145  2145 D UE4     : Android version is 7.0
01-08 10:41:10.405  2145  2145 D UE4     : Android manufacturer is samsung
01-08 10:41:10.405  2145  2145 D UE4     : Android model is SM-N920V
01-08 10:41:10.405  2145  2145 D UE4     : Android build number is NRD90M.N920VVRS3CRH1
01-08 10:41:10.405  2145  2145 D UE4     : OS language is set to en_US
01-08 10:41:10.405  2145  2145 D UE4     : Debugger attached is false
01-08 10:41:10.410  2145  2150 I art     : Compiler allocated 4MB to compile void com.epicgames.ue4.GameActivity.onCreate(android.os.Bundle)
01-08 10:41:10.414  2145  2150 I art     : Do partial code cache collection, code=13KB, data=31KB
01-08 10:41:10.414  2145  2150 I art     : After code cache collection, code=13KB, data=31KB
01-08 10:41:10.414  2145  2150 I art     : Increasing code cache capacity to 128KB
01-08 10:41:10.456  2145  2145 W PopupManager: You have not specified a View to use as content view for popups. Falling back to the Activity content view. Note that this may not work as expected in multi-screen environments
01-08 10:41:10.458  2145  2145 D UE4     : ==============> GameActive.onCreate complete!
01-08 10:41:10.458  2145  2145 V threaded_app: Start: 0xdb87bb40
01-08 10:41:10.459  2145  2163 V threaded_app: activityState=10
01-08 10:41:10.459  2145  2145 D UE4     : Creating console command broadcast listener
01-08 10:41:10.459  2145  2163 D UE4     : LogAndroidEvents: EnqueueAppEvent : 9, 0, tid = 2163
01-08 10:41:10.460  2145  2145 D UE4     : ==================================> Inside onStart function in GameActivity
01-08 10:41:10.462  2145  2145 V threaded_app: Resume: 0xdb87bb40
01-08 10:41:10.462  2145  2163 V threaded_app: activityState=11
01-08 10:41:10.462  2145  2163 D UE4     : Case APP_CMD_RESUME
01-08 10:41:10.462  2145  2163 D UE4     : LogAndroidEvents: EnqueueAppEvent : 7, 0, tid = 2163
01-08 10:41:10.462  2145  2145 D UE4     : ==============> [JAVA] AndroidThunkJava_KeepScreenOn(false) - Enabled screen saver
01-08 10:41:10.462  2145  2145 D UE4     : Registering sensor listeners
01-08 10:41:10.464  3757  2858 I Sensors : Acc old sensor_state 8192, new sensor_state : 8193 en : 1
01-08 10:41:10.471  2145  2145 D SensorManager: registerListener :: 0, K6DS3TR Acceleration Sensor, 20000, 0,  
01-08 10:41:10.471  3757 32085 I Sensors : Mag old sensor_state 8193, new sensor_state : 8209 en : 1
01-08 10:41:10.478  2145  2145 D SensorManager: registerListener :: 1, AK09911C Magnetic field Sensor, 20000, 0,  
01-08 10:41:10.478  3757 29840 I Sensors : Gyro old sensor_state 8209, new sensor_state : 8211 en : 1
01-08 10:41:10.485  2145  2145 D SensorManager: registerListener :: 3, K6DS3TR Gyroscope Sensor, 20000, 0,  
01-08 10:41:10.485  2145  2145 D UE4     : App is running in Portrait
01-08 10:41:10.485  2145  2145 D UE4     : ==============> Resuming main init
01-08 10:41:10.495  2145  2162 D UE4     : APK Commandline: ../../../StackerGame/StackerGame.uproject  /Game/Maps/StackMap -Messaging -SessionId=15177F1A4DF31F479A19648D3CA1BADA -SessionOwner="nope" -SessionName="Launch On Device" -iterative
01-08 10:41:10.495  2145  2162 D UE4     : Override Commandline: ../../../StackerGame/StackerGame.uproject  /Game/Maps/StackMap -Messaging -SessionId=D696EBCE4BB283279E499882951860B4 -SessionOwner="nope" -SessionName="Launch On Device" -iterative
01-08 10:41:10.496  2145  2162 D UE4     : Final commandline: ../../../StackerGame/StackerGame.uproject  /Game/Maps/StackMap -Messaging -SessionId=D696EBCE4BB283279E499882951860B4 -SessionOwner="nope" -SessionName="Launch On Device" -iterative
01-08 10:41:10.496  2145  2162 D UE4     : Created sync event
01-08 10:41:10.496  2145  2145 D UE4     : ==============> GameActive.onResume complete!
01-08 10:41:10.499  2145  2145 D ViewRootImpl@e972267[GameActivity]: ThreadedRenderer.create() translucent=true
01-08 10:41:10.499  3757  7202 D WindowManager: addWindow: android.view.IWindow$Stub$Proxy@97eeeb displayId=0
01-08 10:41:10.500  3757  7202 D InputTransport: Input channel constructed: fd=406
01-08 10:41:10.500  3757  7202 D InputTransport: Input channel constructed: fd=538
01-08 10:41:10.500  3757  7202 D WindowManager: openInputChannel mInputChannel: e9c72e1 com.GeekTechnique.InfinityStack/com.epicgames.ue4.GameActivity (server)
01-08 10:41:10.501  3757  7202 D InputTransport: Input channel destroyed: fd=538
01-08 10:41:10.501  2145  2145 D InputTransport: Input channel constructed: fd=73
01-08 10:41:10.501  2145  2145 V threaded_app: InputQueueCreated: 0xdb87bb40 -- 0xdb87ca40
01-08 10:41:10.501  2145  2163 V threaded_app: APP_CMD_INPUT_CHANGED
01-08 10:41:10.501  2145  2163 V threaded_app: Attaching input queue to looper
01-08 10:41:10.501  2145  2145 D ViewRootImpl@e972267[GameActivity]: setView = DecorView@57f3814[GameActivity] touchMode=true
01-08 10:41:10.502  3757 29838 D ActivityManager: post active user change for 0 fullscreen true isHomeActivity() false
01-08 10:41:10.502  3757 29838 D KnoxTimeoutHandler: postActiveUserChange [MsgParam] userId: 0 fullscreen is true showWhenlocked is false isMutiwindowRecord is false multiwindowstyle is 0
01-08 10:41:10.502  3757  3757 D KnoxTimeoutHandler: handleActiveUserChange [MsgParam] userId: 0 fullscreen is true showWhenlocked is false isMutiwindowRecord is false multiwindowstyle is 0
01-08 10:41:10.503  3757  3757 I KnoxTimeoutHandler: Shared devices show user statefalse
01-08 10:41:10.503  2145  2145 D ViewRootImpl@c9e8dee[GameActivity]: dispatchAttachedToWindow
01-08 10:41:10.504  3757  5902 V WindowManager: Relayout Window{8a5ff30d0 u0 com.GeekTechnique.InfinityStack/com.epicgames.ue4.GameActivity}: viewVisibility=0 req=1079x1856 WM.LayoutParams{(0,0)(fillxfill) gr=#11 sim=#120 ty=2 fl=#1810508 pfl=0x20000 wanim=0x1030001 vsysui=0x400 needsMenuKey=2 naviIconColor=0}
01-08 10:41:10.505  3215  3215 I SurfaceFlinger: id=2346 createSurf (1080x1920),1 flag=404, HameActivit
01-08 10:41:10.509  2145  2145 D ViewRootImpl@c9e8dee[GameActivity]: Relayout returned: oldFrame=[0,0][0,0] newFrame=[0,0][1080,1920] result=0x7 surface={isValid=true -1023414272} surfaceGenerationChanged=true
01-08 10:41:10.509  2145  2145 D ViewRootImpl@c9e8dee[GameActivity]: mHardwareRenderer.initialize() mSurface={isValid=true -1023414272} hwInitialized=true
01-08 10:41:10.510  2145  2164 I OpenGLRenderer: Initialized EGL, version 1.4
01-08 10:41:10.510  2145  2164 D OpenGLRenderer: Swap behavior 1
01-08 10:41:10.519  2145  2164 D mali_winsys: EGLint new_window_surface(egl_winsys_display*, void*, EGLSurface, EGLConfig, egl_winsys_surface**, egl_color_buffer_format*, EGLBoolean) returns 0x3000,  [1080x1920]-format:1
01-08 10:41:10.522  2145  2145 D ViewRootImpl@e972267[GameActivity]: dispatchAttachedToWindow
01-08 10:41:10.523  3757  7201 V WindowManager: Relayout Window{e9c72e1d0 u0 com.GeekTechnique.InfinityStack/com.epicgames.ue4.GameActivity}: viewVisibility=0 req=1079x1856 WM.LayoutParams{(0,0)(fillxfill) sim=#10 ty=1 fl=#1810500 pfl=0x20000 fmt=1 wanim=0x1030001 vsysui=0x400 needsMenuKey=2 naviIconColor=0}
01-08 10:41:10.524  3215  3215 I SurfaceFlinger: id=2347 createSurf (1080x1920),1 flag=4, HameActivit
01-08 10:41:10.529  2145  2145 D ViewRootImpl@e972267[GameActivity]: Relayout returned: oldFrame=[0,0][0,0] newFrame=[0,0][1080,1920] result=0x7 surface={isValid=true -1023412224} surfaceGenerationChanged=true
01-08 10:41:10.529  2145  2145 D ViewRootImpl@e972267[GameActivity]: mHardwareRenderer.initialize() mSurface={isValid=true -1023412224} hwInitialized=true
01-08 10:41:10.530  2145  2164 D mali_winsys: EGLint new_window_surface(egl_winsys_display*, void*, EGLSurface, EGLConfig, egl_winsys_surface**, egl_color_buffer_format*, EGLBoolean) returns 0x3000,  [1080x1920]-format:1
01-08 10:41:10.534  3757 10512 D WindowManager: addWindow: android.view.IWindow$Stub$Proxy@ea3a806 displayId=0
01-08 10:41:10.536  3757  7205 V WindowManager: Relayout Window{7db9cf4d0 u0 SurfaceView - com.GeekTechnique.InfinityStack/com.epicgames.ue4.GameActivity}: viewVisibility=0 req=1080x1920 WM.LayoutParams{(0,0)(1080x1920) gr=#800033 ty=1001 fl=#4218 pfl=0x10040 fmt=4 naviIconColor=0}
01-08 10:41:10.537  3215  3215 I SurfaceFlinger: id=2348 createSurf (1080x1920),4 flag=404, HameActivit
01-08 10:41:10.538  3215  3215 I SurfaceFlinger: id=2349 createSurf (1080x1920),-1 flag=20404, HameActivit
01-08 10:41:10.543  2145  2145 D SurfaceView: Relayout returned: oldFrame=[0,0][0,0] newFrame=[0,0][1080,1920] result=0x7 surface={Surface(name=null)/@0x921c180 isValid=true -1026297856}
01-08 10:41:10.543  2145  2145 V threaded_app: NativeWindowCreated: 0xdb87bb40 -- 0xc2d3f008
01-08 10:41:10.543  2145  2163 V threaded_app: APP_CMD_INIT_WINDOW
01-08 10:41:10.543  2145  2163 D UE4     : Case APP_CMD_INIT_WINDOW
