01-07 16:27:13.022 23224 23245 V threaded_app: New input event: type=2
01-07 16:27:13.027 23224 23224 D ViewRootImpl@e972267[GameActivity]: ViewPostImeInputStage processPointer 0
01-07 16:27:13.030 23224 23244 D UE4     : [2019.01.07-21.27.13:030][711]LogSlate: FSceneViewport::OnFocusLost() reason 0
01-07 16:27:13.053 23224 23245 V threaded_app: New input event: type=2
01-07 16:27:13.072 23224 23245 V threaded_app: New input event: type=2
01-07 16:27:13.089 23224 23245 V threaded_app: New input event: type=2
01-07 16:27:13.119 23224 23245 V threaded_app: New input event: type=2
01-07 16:27:13.136 23224 23245 V threaded_app: New input event: type=2
01-07 16:27:13.153 23224 23245 V threaded_app: New input event: type=2
01-07 16:27:13.163  3757  4398 D InputReader: Input event(3): value=0 when=21015048276000
01-07 16:27:13.163  3757  4398 D InputReader: Input event(3): value=0 when=21015048276000
01-07 16:27:13.163  3757  4398 I InputReader: Touch event's action is 0x1 (deviceType=0) [pCnt=1, s=] when=21015048276000
01-07 16:27:13.163  3757  4397 I InputDispatcher: Delivering touch to (23224): action: 0x1, toolType: 1
01-07 16:27:13.163 23224 23245 V threaded_app: New input event: type=2
01-07 16:27:13.164 23224 23224 D ViewRootImpl@e972267[GameActivity]: ViewPostImeInputStage processPointer 1
01-07 16:27:13.189 23224 23354 I libOpenSLES: Emulating old channel mask behavior (ignoring positional mask 0x3, using default mask 0x3 based on channel count of 2)
01-07 16:27:13.190  3237 22865 I AudioFlinger: add dynamic flag, can move to deep thread, session 3713
01-07 16:27:13.190 23224 23354 D AudioTrack: Client defaulted notificationFrames to 240 for frameCount 480
01-07 16:27:13.191 23224 23354 I AudioTrack: This process already got info. FadeIn[0] FadeOut[0] FadeInRing[0]
01-07 16:27:13.191  3237 17217 W AudioPolicyIntefaceImpl: Skipped to add effects on session 3713
01-07 16:27:13.191  3237 17217 I APM_AudioPolicyManager: startOutput() output 21, stream 3, session 3713
01-07 16:27:13.202 23224 23428 I AudioTrack: Skip ramp
01-07 16:27:13.277  3237  3352 I APM_AudioPolicyManager: stopOutput() output 21, stream 3, session 3713
01-07 16:27:13.733  3757 10496 D BatteryService: !@BatteryListener : batteryPropertiesChanged!
01-07 16:27:13.733  3757 10496 D BatteryService: level:66, scale:100, status:2, health:2, present:true, voltage: 4036, temperature: 302, technology: Li-ion, AC powered:false, USB powered:true, POGO powered:false, Wireless powered:false, icon:17303694, invalid charger:0, maxChargingCurrent:0, maxChargingVoltage:0, chargeCounter:0
01-07 16:27:13.733  3757 10496 D BatteryService: online:6, current avg:509, charge type:1, power sharing:false, high voltage charger:false, capacity:280000, batterySWSelfDischarging:false, misc_event:0, current_now:375
01-07 16:27:13.733  3757  3757 D BatteryService: Sending ACTION_BATTERY_CHANGED.
01-07 16:27:13.739  3757  3757 V UiModeManager: updateLocked: null action, mDockState=0, category=null
01-07 16:27:13.739  3757  3757 D UiModeManager: updateConfigurationLocked: mDockState=0; mCarMode=false; mNightMode=1; uiMode=17
01-07 16:27:13.741  3757  3757 D GameManagerService: new battery level: 66
01-07 16:27:13.745  4616  4616 D KeyguardUpdateMonitor: received broadcast android.intent.action.BATTERY_CHANGED
01-07 16:27:13.745  4616  4616 D KeyguardUpdateMonitor: handleBatteryUpdate
01-07 16:27:13.749  4616  4616 D PowerUI : priorPlugType = 2 mPlugType =  2
01-07 16:27:13.750  4616  4616 D PowerUI.Notification: showChargingNotice oldChargingType : 1 currentChargingType : 1 oldChargingTime : 4430000 mChargingTime : 4430000
01-07 16:27:13.750  4616  4616 D PowerUI.Notification: There is no change about charging status, so return!
01-07 16:27:13.752  4616  4616 D BatteryMeterDrawable: isSomethingChanged - false
01-07 16:27:13.752  4616  4616 D BatteryMeterDrawable: isSomethingChanged - false
01-07 16:27:13.755  5024  5024 D PhoneApp: PhoneAppBroadcastReceiver onReceive android.intent.action.BATTERY_CHANGED
01-07 16:27:13.755  5024  5024 D TelephonyExtensionManager: lowBatterySound - isLowBatterySoundScheduled: false
01-07 16:27:13.755  5024  5024 D TelephonyExtensionManager: lowBatterySound - isPlayNow: false
01-07 16:27:13.755  5024  5024 D TelephonyExtensionManager: isSpeakerON - false
01-07 16:27:13.755  4616  4616 D Tile.FlashlightTile: ACTION_BATTERY_CHANGED - Level :: 66, emEnabled :: false
01-07 16:27:13.772  5024  5024 D TelephonyExtensionManager: lowBatterySound - batteryStatus: 2
01-07 16:27:13.773  5024  5024 D TelephonyExtensionManager: lowBatterySound - batteryLevel: 66
01-07 16:27:13.773  5024  5024 D TelephonyExtensionManager: lowBatterySound - cancel
01-07 16:27:13.773  3757  2859 D SamsungAlarmManager: Cancel Alarm calling from uid:1001 pid :5024 / op:PendingIntent{f802c96: PendingIntentRecord{1542118 com.android.phone broadcastIntent}}
01-07 16:27:13.774  5024  5024 D TelephonyExtension: Not stopping low battery tone
01-07 16:27:13.956  3757  4354 D SamsungAlarmManager: Expired : 8
01-07 16:27:13.957  3757  4354 V SamsungAlarmManager: Sending to uid : 10059 action=null alarm=Alarm{92ce017 type 3 when 97056420 com.asurion.android.verizon.vms}
01-07 16:27:13.965  3757  4354 D CompatibilityInfo: mCompatibilityFlags - 0
01-07 16:27:13.966  3757  4354 D CompatibilityInfo: applicationDensity - 420
01-07 16:27:13.966  3757  4354 D CompatibilityInfo: applicationScale - 1.0
01-07 16:27:13.997  3757 32083 D SamsungAlarmManager: setExact Intent (T:3/F:5/AC:false) 20190107T162718 - CU:10059/CP:6745
01-07 16:27:13.998  3757 32083 I SamsungAlarmManager: setLocked to kernel - T:3 / 20190107T162718, SetElapsed=97061450, nowELAPSED=97056462
01-07 16:27:14.104  3757  9599 D SSRM:t  : SIOP:: AP = 400, PST = 352 (W:10), CP = 265, CUR = 564, LCD = 175
01-07 16:27:14.106  3757  9599 D ConnectivityService: filterNetworkStateForUid() uid: 1000 networkInfo: [type: WIFI[] - WIFI, state: CONNECTED/CONNECTED, reason: (unspecified), extra: "wilkinson2.4", failover: false, available: true, roaming: false, metered: false]
01-07 16:27:14.321  3227  3261 D Sensorhubs: readContextData: 1, 1, 7, 0
01-07 16:27:14.323  3757  4361 D SensorHubManager: onGetSensorHubDataLocked: library(4) = 1, 1, 7, 0
01-07 16:27:14.325  3757  4360 D CAE     : onGetSensorHubData(SensorHubParserProvider.java:94) - onGetSensorHubData Event [event buffer len :4], AP_WAKEUP
01-07 16:27:14.327  3757  4360 I CAE     : parse(SensorHubParserProvider.java:196) - buffer size = 4
01-07 16:27:14.328  3757  4360 I CAE     : parse(SensorHubParserProvider.java:207) - 1, 1, 7, 0,
01-07 16:27:14.329  3757  4360 D CAE     : display(ContextProvider.java:375) - ================= AUTO_ROTATION =================
01-07 16:27:14.331  3757  4360 I CAE     : display(ContextProvider.java:391) - Angle=[0]
01-07 16:27:14.333  3757  4364 D SemContextService: updateContext() : event = Auto Rotation
01-07 16:27:14.333  3757  3757 D SemContextManager: onSemContextChanged() : event = Auto Rotation Angle : 0
01-07 16:27:14.334  3757  3757 D SContextManager: onSContextChanged() : event = Auto Rotation Angle : 0
01-07 16:27:14.335  3757  3757 V WindowOrientationListener: OrientationSensorJudge.onSContextChanged, Rotation: 0
01-07 16:27:14.335  3757  3775 V WindowOrientationListener: OrientationSensorJudge.getProposedRotation, Rotation: 0
01-07 16:27:14.336  3757  3775 V WindowOrientationListener: OrientationSensorJudge.getProposedRotation, Rotation: 0
01-07 16:27:14.336  3757  3775 V WindowManager: rotationForOrientationLw(orient=1, last=0); user=0  sensorRotation=0 mLidState=-1 mDockMode=0 mHdmiPlugged=false
01-07 16:27:14.498 22834 22940 D ClClient: Not sending keepalive.  Current connection state=STOPPED
01-07 16:27:14.618 23224 23247 D UE4     : Used memory: 221128
01-07 16:27:15.224  3757  4398 D InputReader: Input event(5): value=1 when=21017110094000
01-07 16:27:15.232  3757  4398 I Telecom : TelecomFeature: getContactsPackageName: com.samsung.android.contacts: TSI.iR@DNc
01-07 16:27:15.233  3757  4398 I Telecom : com.android.server.telecom.TelecomServiceImpl$1: getSystemDialerPackage: com.samsung.android.contacts: TSI.iR@DNc
01-07 16:27:15.234  3757  4398 I Telecom : TelecomFeature: getContactsPackageName: com.samsung.android.contacts: TSI.iR@DNc
01-07 16:27:15.234  3757  4398 I Telecom : com.android.server.telecom.TelecomServiceImpl$1: getSystemDialerPackage: com.samsung.android.contacts: TSI.iR@DNc
01-07 16:27:15.238  3757  4398 I Telecom : TelecomFeature: getContactsPackageName: com.samsung.android.contacts: TSI.iIC@DNg
01-07 16:27:15.238  3757  4398 I Telecom : com.android.server.telecom.TelecomServiceImpl$1: getSystemDialerPackage: com.samsung.android.contacts: TSI.iIC@DNg
01-07 16:27:15.238  3757  4398 I Telecom : TelecomFeature: getContactsPackageName: com.samsung.android.contacts: TSI.iIC@DNg
01-07 16:27:15.238  3757  4398 I Telecom : com.android.server.telecom.TelecomServiceImpl$1: getSystemDialerPackage: com.samsung.android.contacts: TSI.iIC@DNg
01-07 16:27:15.240  3757  4397 I InputDispatcher: Delivering key to (23224): action: 0x0 (0)
01-07 16:27:15.246 23224 23245 V threaded_app: New input event: type=1
01-07 16:27:15.254 23224 23245 V threaded_app: New input event: type=1
01-07 16:27:15.254 23224 23245 D UE4     : Received keycode: 24, softkey: 0
01-07 16:27:15.255 23224 23245 D UE4     : Received key event: 24
01-07 16:27:15.255 23224 23224 D ViewRootImpl@e972267[GameActivity]: ViewPostImeInputStage processKey 0
01-07 16:27:15.265  3757  4469 I Telecom : TelecomFeature: getContactsPackageName: com.samsung.android.contacts: TSI.iIC@DNk
01-07 16:27:15.265  3757  4469 I Telecom : com.android.server.telecom.TelecomServiceImpl$1: getSystemDialerPackage: com.samsung.android.contacts: TSI.iIC@DNk
01-07 16:27:15.266  3757  4469 I Telecom : TelecomFeature: getContactsPackageName: com.samsung.android.contacts: TSI.iIC@DNk
01-07 16:27:15.266  3757  4469 I Telecom : com.android.server.telecom.TelecomServiceImpl$1: getSystemDialerPackage: com.samsung.android.contacts: TSI.iIC@DNk
01-07 16:27:15.270  3757  4469 I Telecom : TelecomFeature: getContactsPackageName: com.samsung.android.contacts: TSI.iR@DNo
01-07 16:27:15.270  3757  4469 I Telecom : com.android.server.telecom.TelecomServiceImpl$1: getSystemDialerPackage: com.samsung.android.contacts: TSI.iR@DNo
01-07 16:27:15.271  3757  4469 I Telecom : TelecomFeature: getContactsPackageName: com.samsung.android.contacts: TSI.iR@DNo
01-07 16:27:15.271  3757  4469 I Telecom : com.android.server.telecom.TelecomServiceImpl$1: getSystemDialerPackage: com.samsung.android.contacts: TSI.iR@DNo
01-07 16:27:15.273  4616  4642 D vol.VolumeDialogControl.VC: isSafeVolumeDialogShowing : false
01-07 16:27:15.274  4616  5097 D vol.VolumeDialogControl.VC: isSafeVolumeDialogShowing : false
01-07 16:27:15.278  3757  4458 D WifiStateMachine: Current network is: "wilkinson2.4" , ID is: 30
01-07 16:27:15.278  3757  4458 I WifiStateMachine: IMS calling, current network is always qualified
01-07 16:27:15.279  3757  4509 I AudioService: isMediaSilentMode false
01-07 16:27:15.279  4616 15707 D vol.VolumeDialogControl.VC: volumeChanged STREAM_MUSIC SHOW_UI,VIBRATE,FROM_KEY
01-07 16:27:15.281  4616  4722 I vol.Events: writeEvent active_stream_changed STREAM_MUSIC
01-07 16:27:15.281  4616  4722 D vol.VolumeDialogControl: updateActiveStreamW 3
01-07 16:27:15.281  4616  4722 D vol.VolumeDialogControl: forceVolumeControlStream 3
01-07 16:27:15.286  3757  5063 D AudioService: getStreamVolume 3 index 90
01-07 16:27:15.287  3757  5063 D AudioService: getFineVolume, index:94
01-07 16:27:15.288  4616  4722 I vol.Events: writeEvent level_changed STREAM_MUSIC 940
01-07 16:27:15.288  4616  4722 D vol.VolumeDialogControl: onVolumeChangedW stream = 3, flags = 4113, lastAudibleStreamVolume = 940
01-07 16:27:15.288  4616  4722 I vol.Events: writeEvent key STREAM_MUSIC 940
01-07 16:27:15.289  4616  4616 D vol.SecVolumeDialog: updateWindowWidth lp.width=1080, mCurrentWindowWidth = 1080
01-07 16:27:15.289  4616  4722 D vol.VolumeDialogControl: onReceive VOLUME_CHANGED_ACTION stream=3 level=9 oldLevel=8
01-07 16:27:15.289  4616  4616 D vol.SecVolumeDialog: onStateChangedH animating=false
01-07 16:27:15.290  4616  4616 D vol.SecVolumeDialog: updateRowsH
01-07 16:27:15.290  4616  4616 D vol.SecVolumeDialog: trimObsoleteH
01-07 16:27:15.293  3757  7206 D AudioService: getStreamVolume 3 index 90
01-07 16:27:15.293  4616  4616 D vol.SecVolumeDialog: rescheduleTimeout 1500 com.android.systemui.volume.SecVolumeDialog.onStateChangedH:1790
01-07 16:27:15.294 23224 23224 D UE4     : OnReceive VOLUME_CHANGED_ACTION
01-07 16:27:15.294 23224 23224 D UE4     : nativeVolumeEvent(9)
01-07 16:27:15.294  3757 10512 D PowerManagerService: [api] [s] userActivity : event: 0 flags: 0 (uid: 10055 pid: 4616) eventTime = 21017179
01-07 16:27:15.295  4616  4616 D vol.SecVolumeDialog: updateVolumeRowH s=2, ss.level : 0, row.lastAudibleLevel : 11, row.ss.muted : true
01-07 16:27:15.296  4616  4616 D vol.SecVolumeDialog: updateVolumeRowH s=3, ss.level : 940, row.lastAudibleLevel : 840, row.ss.muted : false
01-07 16:27:15.297  4616  4616 D vol.SecVolumeDialog: mIsSafeMediaVolumeDeviceOn : false
01-07 16:27:15.298  4616  4616 D vol.SecVolumeDialog: STREAM_MUSIC onProgressChanged 940 fromUser=false
01-07 16:27:15.298  4616  4616 D vol.SecVolumeDialog: updateVolumeRowH s=5, ss.level : 2, row.lastAudibleLevel : 2, row.ss.muted : true
01-07 16:27:15.299  4616  4616 D vol.SecVolumeDialog: updateVolumeRowH s=1, ss.level : 0, row.lastAudibleLevel : 6, row.ss.muted : true
01-07 16:27:15.299  3757  7216 D AudioService: getStreamVolume 4 index 110
01-07 16:27:15.299  4616  4616 D vol.SecVolumeDialog: updateVolumeRowH s=4, ss.level : 11, row.lastAudibleLevel : 11, row.ss.muted : false
01-07 16:27:15.299  4616  4616 D vol.SecVolumeDialog: updateVolumeRowH s=0, ss.level : 7, row.lastAudibleLevel : 7, row.ss.muted : false
01-07 16:27:15.300  4616  4616 D vol.SecVolumeDialog: updateVolumeRowH s=6, ss.level : 5, row.lastAudibleLevel : 5, row.ss.muted : false
01-07 16:27:15.300  3757 31269 D AudioService: getStreamVolume 3 index 90
01-07 16:27:15.300  4616  4616 D vol.SecVolumeDialog: updateVolumeRowH s=10, ss.level : 0, row.lastAudibleLevel : 1, row.ss.muted : false
01-07 16:27:15.300  4616  4616 D vol.SecVolumeDialog: updateVolumeRowH s=11, ss.level : -1, row.lastAudibleLevel : 1, row.ss.muted : false
01-07 16:27:15.301  4616  4616 D vol.SecVolumeDialog: showH r=volume_changed, mShowing : false
01-07 16:27:15.301 22558 22558 V UniSet-Utils: notifySettingsChange: volume_music_speaker
01-07 16:27:15.301  4616  4616 D vol.SecVolumeDialog: rescheduleTimeout 1500 com.android.systemui.volume.SecVolumeDialog.showH:1376
01-07 16:27:15.301  4616  4616 D vol.VolumeDialogMotion: startShow
01-07 16:27:15.301  4616  4616 D vol.VolumeDialogMotion: mShowing = true
01-07 16:27:15.301  4616  4616 D vol.VolumeDialogMotion: mAnimating = true
01-07 16:27:15.301  4616  4616 D vol.VolumeDialogMotion: mDialog.show()
01-07 16:27:15.302  3757 32083 D PowerManagerService: [api] [s] userActivity : event: 0 flags: 0 (uid: 10055 pid: 4616) eventTime = 21017187
01-07 16:27:15.302 22558 22558 W ContextImpl: Calling a method in the system process without a qualified user: android.app.ContextImpl.sendBroadcast:921 android.content.ContextWrapper.sendBroadcast:457 com.samsung.unifiedsettingservice.Utils.notifySettingsChange:141 com.samsung.unifiedsettingservice.settings.OtherSettings.checkKeyIfDirty:558 com.samsung.unifiedsettingservice.settings.OtherSettings.-wrap0:-1 
01-07 16:27:15.308  3757 29839 D AudioService: getStreamVolume 5 index 20
01-07 16:27:15.309  3757  7204 D AudioService: getStreamVolume 1 index 0
01-07 16:27:15.310  4616  4616 D ViewRootImpl@7e5a4[SecVolumeDialog]: ThreadedRenderer.create() translucent=true
01-07 16:27:15.311  3757 10496 D AudioService: getStreamVolume 6 index 50
01-07 16:27:15.311  3757  3774 D CompatibilityInfo: mCompatibilityFlags - 0
01-07 16:27:15.312  3757  3774 D CompatibilityInfo: applicationDensity - 420
01-07 16:27:15.312  3757  3774 D CompatibilityInfo: applicationScale - 1.0
01-07 16:27:15.312  3757  3770 D WindowManager: addWindow: android.view.IWindow$Stub$Proxy@29fd5ed displayId=0
01-07 16:27:15.313  3757  3770 D InputTransport: Input channel constructed: fd=428
01-07 16:27:15.313  3757  3770 D InputTransport: Input channel constructed: fd=523
01-07 16:27:15.313  3757  3770 D WindowManager: openInputChannel mInputChannel: 81566b3 SecVolumeDialog (server)
01-07 16:27:15.314  3757  3770 D InputTransport: Input channel destroyed: fd=523
01-07 16:27:15.315  4616  4616 D InputTransport: Input channel constructed: fd=108
01-07 16:27:15.315  4616  4616 D ViewRootImpl@7e5a4[SecVolumeDialog]: setView = DecorView@a450248[SecVolumeDialog] touchMode=true
01-07 16:27:15.316  4616  4616 I vol.Events: writeEvent show_dialog volume_changed keyguard=false
01-07 16:27:15.320  3757  6272 D CompatibilityInfo: mCompatibilityFlags - 0
01-07 16:27:15.320  3757  6272 D CompatibilityInfo: applicationDensity - 420
01-07 16:27:15.321  3757  6272 D CompatibilityInfo: applicationScale - 1.0
01-07 16:27:15.323  4616  4616 D vol.SecVolumeDialog: onViewAttachedToWindow
01-07 16:27:15.325  3757  5901 D CompatibilityInfo: mCompatibilityFlags - 0
01-07 16:27:15.326  4616  4616 D ViewRootImpl@7e5a4[SecVolumeDialog]: dispatchAttachedToWindow
01-07 16:27:15.326  3757  5901 D CompatibilityInfo: applicationDensity - 420
01-07 16:27:15.326  3757  5901 D CompatibilityInfo: applicationScale - 1.0
01-07 16:27:15.329  3757  7205 V WindowManager: Relayout Window{81566b3d0 u0 SecVolumeDialog}: viewVisibility=0 req=1080x259 WM.LayoutParams{(0,0)(wrapxwrap) gr=#31 sim=#130 ty=2020 fl=#18c0128 fmt=-2 wanim=0xffffffff surfaceInsets=Rect(6, 6 - 6, 6) needsMenuKey=2 dimDuration=150 naviIconColor=0}
01-07 16:27:15.330  3215  3215 I SurfaceFlinger: id=1576 createSurf (13x13),1 flag=4, TecVolumeDi
01-07 16:27:15.331  3757  5063 D CompatibilityInfo: mCompatibilityFlags - 0
01-07 16:27:15.331  3757  5063 D CompatibilityInfo: applicationDensity - 420
01-07 16:27:15.331  3757  5063 D CompatibilityInfo: applicationScale - 1.0
01-07 16:27:15.347  4616  4616 D ViewRootImpl@7e5a4[SecVolumeDialog]: Relayout returned: oldFrame=[0,0][0,0] newFrame=[0,0][1080,259] result=0x27 surface={isValid=true 515140842496} surfaceGenerationChanged=true
01-07 16:27:15.347  4616  4616 D ViewRootImpl@7e5a4[SecVolumeDialog]: mHardwareRenderer.initialize() mSurface={isValid=true 515140842496} hwInitialized=true
01-07 16:27:15.353  4616  4748 D mali_winsys: EGLint new_window_surface(egl_winsys_display*, void*, EGLSurface, EGLConfig, egl_winsys_surface**, egl_color_buffer_format*, EGLBoolean) returns 0x3000,  [1092x271]-format:1
01-07 16:27:15.354  4616  4616 D ScrollView:  onsize change changed 
01-07 16:27:15.355  4616  4616 D vol.VolumeDialogMotion: mDialog.onShow
01-07 16:27:15.355  4616  4616 D vol.VolumeDialogMotion: startShowAnimation
01-07 16:27:15.356  4616  4616 D ViewRootImpl@7e5a4[SecVolumeDialog]: MSG_RESIZED_REPORT: ci=Rect(0, 0 - 0, 0) vi=Rect(0, 0 - 0, 0) or=1
01-07 16:27:15.371  3757 32084 D WindowManager: finishDrawingWindow: Window{81566b3d0 u0 SecVolumeDialog} mDrawState=DRAW_PENDING
01-07 16:27:15.375  3757  3793 W ResourceType: Invalid package identifier when getting bag for resource number 0xffffffff
01-07 16:27:15.725  3757  4397 D InputDispatcher: set entryflags to AKEY_EVENT_FLAG_LONG_PRESS
01-07 16:27:15.727  3757  4397 I InputDispatcher: Delivering key to (23224): action: 0x0 (1)
01-07 16:27:15.728 23224 23245 V threaded_app: New input event: type=1
01-07 16:27:15.729 23224 23245 V threaded_app: New input event: type=1
01-07 16:27:15.729 23224 23245 D UE4     : Received keycode: 24, softkey: 0
01-07 16:27:15.729 23224 23245 D UE4     : Received key event: 24
01-07 16:27:15.729 23224 23224 D ViewRootImpl@e972267[GameActivity]: ViewPostImeInputStage processKey 0
01-07 16:27:15.734  4616  4642 D vol.VolumeDialogControl.VC: isSafeVolumeDialogShowing : false
01-07 16:27:15.736  4616  5096 D vol.VolumeDialogControl.VC: isSafeVolumeDialogShowing : false
01-07 16:27:15.742  3757  4509 I AudioService: isMediaSilentMode false
01-07 16:27:15.743  4616  4647 D vol.VolumeDialogControl.VC: volumeChanged STREAM_MUSIC SHOW_UI,VIBRATE,FROM_KEY
01-07 16:27:15.745  3757  5901 D AudioService: getStreamVolume 3 index 100
01-07 16:27:15.745  3757  5901 D AudioService: getFineVolume, index:104
01-07 16:27:15.746  4616  4722 I vol.Events: writeEvent level_changed STREAM_MUSIC 1040
01-07 16:27:15.746  4616  4722 D vol.VolumeDialogControl: onVolumeChangedW stream = 3, flags = 4113, lastAudibleStreamVolume = 1040
01-07 16:27:15.746  4616  4722 I vol.Events: writeEvent key STREAM_MUSIC 1040
01-07 16:27:15.746  4616  4616 D vol.SecVolumeDialog: updateWindowWidth lp.width=1080, mCurrentWindowWidth = 1080
01-07 16:27:15.746  4616  4616 D vol.SecVolumeDialog: onStateChangedH animating=true
01-07 16:27:15.747  4616  4722 D vol.VolumeDialogControl: onReceive VOLUME_CHANGED_ACTION stream=3 level=10 oldLevel=9
01-07 16:27:15.750  3757  5063 D AudioService: getStreamVolume 3 index 100
01-07 16:27:15.750 23224 23224 D UE4     : OnReceive VOLUME_CHANGED_ACTION
01-07 16:27:15.751 23224 23224 D UE4     : nativeVolumeEvent(10)
01-07 16:27:15.751  3757  7206 D AudioService: getStreamVolume 4 index 110
01-07 16:27:15.752  3757 31270 D AudioService: getStreamVolume 3 index 100
01-07 16:27:15.752 22558 22558 V UniSet-Utils: notifySettingsChange: volume_music_speaker
01-07 16:27:15.753 22558 22558 W ContextImpl: Calling a method in the system process without a qualified user: android.app.ContextImpl.sendBroadcast:921 android.content.ContextWrapper.sendBroadcast:457 com.samsung.unifiedsettingservice.Utils.notifySettingsChange:141 com.samsung.unifiedsettingservice.settings.OtherSettings.checkKeyIfDirty:558 com.samsung.unifiedsettingservice.settings.OtherSettings.-wrap0:-1 
01-07 16:27:15.757  3757  7216 D AudioService: getStreamVolume 5 index 20
01-07 16:27:15.757  4616  4616 D vol.VolumeDialogMotion: show.onAnimationEnd
01-07 16:27:15.757  4616  4616 D vol.VolumeDialogMotion: mShowing = false
01-07 16:27:15.757  4616  4616 D vol.VolumeDialogMotion: mAnimating = false
01-07 16:27:15.758  4616  4616 D vol.SecVolumeDialog: updateWindowWidth lp.width=1080, mCurrentWindowWidth = 1080
01-07 16:27:15.758  4616  4616 D vol.SecVolumeDialog: onStateChangedH animating=false
01-07 16:27:15.760  3757  3774 D CompatibilityInfo: mCompatibilityFlags - 0
01-07 16:27:15.760  3757  3774 D CompatibilityInfo: applicationDensity - 420
01-07 16:27:15.760  3757  3774 D CompatibilityInfo: applicationScale - 1.0
01-07 16:27:15.760  3757  7201 D AudioService: getStreamVolume 1 index 0
01-07 16:27:15.762  3757  7202 D AudioService: getStreamVolume 6 index 50
01-07 16:27:15.763  4616  4616 D vol.SecVolumeDialog: updateVolumeRowH s=2, ss.level : 0, row.lastAudibleLevel : 11, row.ss.muted : true
01-07 16:27:15.763  4616  4616 D vol.SecVolumeDialog: updateVolumeRowH s=3, ss.level : 1040, row.lastAudibleLevel : 940, row.ss.muted : false
01-07 16:27:15.764  4616  4616 D vol.SecVolumeDialog: mIsSafeMediaVolumeDeviceOn : false
01-07 16:27:15.764  4616  4616 D vol.SecVolumeDialog: updateVolumeRowH s=5, ss.level : 2, row.lastAudibleLevel : 2, row.ss.muted : true
01-07 16:27:15.767  3757  5902 D CompatibilityInfo: mCompatibilityFlags - 0
01-07 16:27:15.768  3757  5902 D CompatibilityInfo: applicationDensity - 420
01-07 16:27:15.768  3757  5902 D CompatibilityInfo: applicationScale - 1.0
01-07 16:27:15.770  4616  4616 D vol.SecVolumeDialog: updateVolumeRowH s=1, ss.level : 0, row.lastAudibleLevel : 6, row.ss.muted : true
01-07 16:27:15.770  4616  4616 D vol.SecVolumeDialog: updateVolumeRowH s=4, ss.level : 11, row.lastAudibleLevel : 11, row.ss.muted : false
01-07 16:27:15.770  4616  4616 D vol.SecVolumeDialog: updateVolumeRowH s=0, ss.level : 7, row.lastAudibleLevel : 7, row.ss.muted : false
01-07 16:27:15.770  4616  4616 D vol.SecVolumeDialog: updateVolumeRowH s=6, ss.level : 5, row.lastAudibleLevel : 5, row.ss.muted : false
01-07 16:27:15.771  4616  4616 D vol.SecVolumeDialog: updateVolumeRowH s=10, ss.level : 0, row.lastAudibleLevel : 1, row.ss.muted : false
01-07 16:27:15.771  4616  4616 D vol.SecVolumeDialog: updateVolumeRowH s=11, ss.level : -1, row.lastAudibleLevel : 1, row.ss.muted : false
01-07 16:27:15.776  3757  7205 D CompatibilityInfo: mCompatibilityFlags - 0
01-07 16:27:15.776  3757  7205 D CompatibilityInfo: applicationDensity - 420
01-07 16:27:15.776  3757  7205 D CompatibilityInfo: applicationScale - 1.0
01-07 16:27:15.777  3757  4397 I InputDispatcher: Delivering key to (23224): action: 0x0 (2)
01-07 16:27:15.778 23224 23245 V threaded_app: New input event: type=1
01-07 16:27:15.780 23224 23245 V threaded_app: New input event: type=1
01-07 16:27:15.780 23224 23245 D UE4     : Received keycode: 24, softkey: 0
01-07 16:27:15.780 23224 23245 D UE4     : Received key event: 24
01-07 16:27:15.780 23224 23224 D ViewRootImpl@e972267[GameActivity]: ViewPostImeInputStage processKey 0
01-07 16:27:15.782  3757 32083 D CompatibilityInfo: mCompatibilityFlags - 0
01-07 16:27:15.782  3757 32083 D CompatibilityInfo: applicationDensity - 420
01-07 16:27:15.782  3757 32083 D CompatibilityInfo: applicationScale - 1.0
01-07 16:27:15.789  4616 15707 D vol.VolumeDialogControl.VC: isSafeVolumeDialogShowing : false
01-07 16:27:15.793  4616  5097 D vol.VolumeDialogControl.VC: isSafeVolumeDialogShowing : false
01-07 16:27:15.801  4616  4616 D vol.SecVolumeDialog: STREAM_MUSIC onProgressChanged 975 fromUser=false
01-07 16:27:15.803  3757  4509 I AudioService: isMediaSilentMode false
01-07 16:27:15.804  4616 15707 D vol.VolumeDialogControl.VC: volumeChanged STREAM_MUSIC SHOW_UI,VIBRATE,FROM_KEY
01-07 16:27:15.808  6176  6176 V LauncherAppWidgetHostView: calculateWidgetSize: (target widgetsize)  using w/h 997 260 span 5 1 (widgetid 2) [current Gridsize : GRID_5x5]
01-07 16:27:15.809  6176  6176 D LauncherAppWidgetHostView: calculateWidgetSize() widget = Weather and Clock(widget id = 2) result hostview size = 1297 x 338
01-07 16:27:15.809  6176  6176 D LauncherAppWidgetHostView: setResizeScaleResult() 1297/ 338 scaleToResize = 0.76869696(widget id = 2)
01-07 16:27:15.814  6176  6176 V LauncherAppWidgetHostView: calculateWidgetSize: (target widgetsize)  using w/h 997 260 span 5 1 (widgetid 3) [current Gridsize : GRID_5x5]
01-07 16:27:15.814  6176  6176 D LauncherAppWidgetHostView: calculateWidgetSize() widget = Google(widget id = 3) result hostview size = 1297 x 338
01-07 16:27:15.814  6176  6176 D LauncherAppWidgetHostView: setResizeScaleResult() 1297/ 338 scaleToResize = 0.76869696(widget id = 3)
01-07 16:27:15.818  4616  4616 D vol.SecVolumeDialog: STREAM_MUSIC onProgressChanged 1005 fromUser=false
01-07 16:27:15.819 23224 23224 D UE4     : OnReceive VOLUME_CHANGED_ACTION
01-07 16:27:15.819 23224 23224 D UE4     : nativeVolumeEvent(11)
01-07 16:27:15.821  3757  5062 D AudioService: getStreamVolume 3 index 110
01-07 16:27:15.823  3757  5062 D AudioService: getFineVolume, index:114
01-07 16:27:15.824  4616  4722 I vol.Events: writeEvent level_changed STREAM_MUSIC 1140
01-07 16:27:15.824  4616  4722 D vol.VolumeDialogControl: onVolumeChangedW stream = 3, flags = 4113, lastAudibleStreamVolume = 1140
01-07 16:27:15.825  4616  4722 I vol.Events: writeEvent key STREAM_MUSIC 1140
01-07 16:27:15.825  4616  4722 D vol.VolumeDialogControl: onReceive VOLUME_CHANGED_ACTION stream=3 level=11 oldLevel=10
01-07 16:27:15.827  3757 32084 D AudioService: getStreamVolume 3 index 110
01-07 16:27:15.827  3757  3770 D AudioService: getStreamVolume 4 index 110
01-07 16:27:15.829  3757  4397 I InputDispatcher: Delivering key to (23224): action: 0x0 (3)
01-07 16:27:15.830  3757  6272 D AudioService: getStreamVolume 3 index 110
01-07 16:27:15.830 23224 23245 V threaded_app: New input event: type=1
01-07 16:27:15.830 22558 22558 V UniSet-Utils: notifySettingsChange: volume_music_speaker
01-07 16:27:15.831 22558 22558 W ContextImpl: Calling a method in the system process without a qualified user: android.app.ContextImpl.sendBroadcast:921 android.content.ContextWrapper.sendBroadcast:457 com.samsung.unifiedsettingservice.Utils.notifySettingsChange:141 com.samsung.unifiedsettingservice.settings.OtherSettings.checkKeyIfDirty:558 com.samsung.unifiedsettingservice.settings.OtherSettings.-wrap0:-1 
01-07 16:27:15.833 23224 23245 V threaded_app: New input event: type=1
01-07 16:27:15.833 23224 23245 D UE4     : Received keycode: 24, softkey: 0
01-07 16:27:15.833 23224 23245 D UE4     : Received key event: 24
01-07 16:27:15.833 23224 23224 D ViewRootImpl@e972267[GameActivity]: ViewPostImeInputStage processKey 0
01-07 16:27:15.835  4616  4616 V hong    : mid yDiff = 382
01-07 16:27:15.835  4616  4616 V hong    : mid yDiff = 382
01-07 16:27:15.836  4616  4616 D vol.SecVolumeDialog: STREAM_MUSIC onProgressChanged 1025 fromUser=false
01-07 16:27:15.837  4616  5097 D vol.VolumeDialogControl.VC: isSafeVolumeDialogShowing : false
01-07 16:27:15.838  3757 32085 D AudioService: getStreamVolume 5 index 20
01-07 16:27:15.838  3757 29838 D AudioService: getStreamVolume 1 index 0
01-07 16:27:15.839  3757 10496 D AudioService: getStreamVolume 6 index 50
01-07 16:27:15.841  3757  3774 D CompatibilityInfo: mCompatibilityFlags - 0
01-07 16:27:15.841  3757  3774 D CompatibilityInfo: applicationDensity - 420
01-07 16:27:15.841  3757  3774 D CompatibilityInfo: applicationScale - 1.0
01-07 16:27:15.841  4616  4616 D vol.SecVolumeDialog: updateWindowWidth lp.width=1080, mCurrentWindowWidth = 1080
01-07 16:27:15.841  4616  4616 D vol.SecVolumeDialog: onStateChangedH animating=false
01-07 16:27:15.842  4616 15707 D vol.VolumeDialogControl.VC: isSafeVolumeDialogShowing : false
01-07 16:27:15.842  4616  4616 D vol.SecVolumeDialog: updateVolumeRowH s=2, ss.level : 0, row.lastAudibleLevel : 11, row.ss.muted : true
01-07 16:27:15.843  4616  4616 D vol.SecVolumeDialog: updateVolumeRowH s=3, ss.level : 1140, row.lastAudibleLevel : 1040, row.ss.muted : false
01-07 16:27:15.843  4616  4616 D vol.SecVolumeDialog: mIsSafeMediaVolumeDeviceOn : false
01-07 16:27:15.844  4616  4616 D vol.SecVolumeDialog: updateVolumeRowH s=5, ss.level : 2, row.lastAudibleLevel : 2, row.ss.muted : true
01-07 16:27:15.844  4616  4616 D vol.SecVolumeDialog: updateVolumeRowH s=1, ss.level : 0, row.lastAudibleLevel : 6, row.ss.muted : true
01-07 16:27:15.844  4616  4616 D vol.SecVolumeDialog: updateVolumeRowH s=4, ss.level : 11, row.lastAudibleLevel : 11, row.ss.muted : false
01-07 16:27:15.844  4616  4616 D vol.SecVolumeDialog: updateVolumeRowH s=0, ss.level : 7, row.lastAudibleLevel : 7, row.ss.muted : false
01-07 16:27:15.845  4616  4616 D vol.SecVolumeDialog: updateVolumeRowH s=6, ss.level : 5, row.lastAudibleLevel : 5, row.ss.muted : false
01-07 16:27:15.845  3757  3770 D CompatibilityInfo: mCompatibilityFlags - 0
01-07 16:27:15.845  3757  3770 D CompatibilityInfo: applicationDensity - 420
01-07 16:27:15.845  3757  3770 D CompatibilityInfo: applicationScale - 1.0
01-07 16:27:15.845  4616  4616 D vol.SecVolumeDialog: updateVolumeRowH s=10, ss.level : 0, row.lastAudibleLevel : 1, row.ss.muted : false
01-07 16:27:15.845  4616  4616 D vol.SecVolumeDialog: updateVolumeRowH s=11, ss.level : -1, row.lastAudibleLevel : 1, row.ss.muted : false
01-07 16:27:15.845  3757  4509 I AudioService: isMediaSilentMode false
01-07 16:27:15.845  4616  4616 D vol.SecVolumeDialog: showH r=volume_changed, mShowing : true
01-07 16:27:15.845  4616  5096 D vol.VolumeDialogControl.VC: volumeChanged STREAM_MUSIC SHOW_UI,VIBRATE,FROM_KEY
01-07 16:27:15.845  4616  4616 D vol.SecVolumeDialog: rescheduleTimeout 1500 com.android.systemui.volume.SecVolumeDialog.showH:1376
01-07 16:27:15.848  3757  2858 D CompatibilityInfo: mCompatibilityFlags - 0
01-07 16:27:15.848  3757  2858 D CompatibilityInfo: applicationDensity - 420
01-07 16:27:15.848  3757  2858 D CompatibilityInfo: applicationScale - 1.0
01-07 16:27:15.848  3757 29842 D AudioService: getStreamVolume 3 index 120
01-07 16:27:15.848  3757 29842 D AudioService: getFineVolume, index:124
01-07 16:27:15.849  4616  4722 I vol.Events: writeEvent level_changed STREAM_MUSIC 1240
01-07 16:27:15.849  4616  4722 D vol.VolumeDialogControl: onVolumeChangedW stream = 3, flags = 4113, lastAudibleStreamVolume = 1240
01-07 16:27:15.849  4616  4722 I vol.Events: writeEvent key STREAM_MUSIC 1240
01-07 16:27:15.849  3757  4469 D PowerManagerService: [api] [s] userActivity : event: 0 flags: 0 (uid: 10055 pid: 4616) eventTime = 21017734
01-07 16:27:15.851  4616  4722 D vol.VolumeDialogControl: onReceive VOLUME_CHANGED_ACTION stream=3 level=12 oldLevel=11
01-07 16:27:15.853 23224 23224 D UE4     : OnReceive VOLUME_CHANGED_ACTION
01-07 16:27:15.853 23224 23224 D UE4     : nativeVolumeEvent(12)
01-07 16:27:15.853  3757  7206 D AudioService: getStreamVolume 3 index 120
01-07 16:27:15.853  3757  7201 D AudioService: getStreamVolume 4 index 110
01-07 16:27:15.854  3757 31269 D AudioService: getStreamVolume 3 index 120
01-07 16:27:15.854 22558 22558 V UniSet-Utils: notifySettingsChange: volume_music_speaker
01-07 16:27:15.854 22558 22558 W ContextImpl: Calling a method in the system process without a qualified user: android.app.ContextImpl.sendBroadcast:921 android.content.ContextWrapper.sendBroadcast:457 com.samsung.unifiedsettingservice.Utils.notifySettingsChange:141 com.samsung.unifiedsettingservice.settings.OtherSettings.checkKeyIfDirty:558 com.samsung.unifiedsettingservice.settings.OtherSettings.-wrap0:-1 
01-07 16:27:15.858  3757  7202 D AudioService: getStreamVolume 5 index 20
01-07 16:27:15.860  4616  4616 D vol.SecVolumeDialog: updateWindowWidth lp.width=1080, mCurrentWindowWidth = 1080
01-07 16:27:15.860  4616  4616 D vol.SecVolumeDialog: onStateChangedH animating=false
01-07 16:27:15.861  4616  4616 D vol.SecVolumeDialog: updateVolumeRowH s=2, ss.level : 0, row.lastAudibleLevel : 11, row.ss.muted : true
01-07 16:27:15.861  3757 29841 D AudioService: getStreamVolume 1 index 0
01-07 16:27:15.862  4616  4616 D vol.SecVolumeDialog: updateVolumeRowH s=3, ss.level : 1240, row.lastAudibleLevel : 1140, row.ss.muted : false
01-07 16:27:15.862  3757  3771 D AudioService: getStreamVolume 6 index 50
01-07 16:27:15.862  4616  4616 D vol.SecVolumeDialog: mIsSafeMediaVolumeDeviceOn : false
01-07 16:27:15.863  4616  4616 D vol.SecVolumeDialog: updateVolumeRowH s=5, ss.level : 2, row.lastAudibleLevel : 2, row.ss.muted : true
01-07 16:27:15.863  4616  4616 D vol.SecVolumeDialog: updateVolumeRowH s=1, ss.level : 0, row.lastAudibleLevel : 6, row.ss.muted : true
01-07 16:27:15.863  4616  4616 D vol.SecVolumeDialog: updateVolumeRowH s=4, ss.level : 11, row.lastAudibleLevel : 11, row.ss.muted : false
01-07 16:27:15.863  3757  2858 D CompatibilityInfo: mCompatibilityFlags - 0
01-07 16:27:15.863  3757  2858 D CompatibilityInfo: applicationDensity - 420
01-07 16:27:15.863  3757  2858 D CompatibilityInfo: applicationScale - 1.0
01-07 16:27:15.863  4616  4616 D vol.SecVolumeDialog: updateVolumeRowH s=0, ss.level : 7, row.lastAudibleLevel : 7, row.ss.muted : false
01-07 16:27:15.863  4616  4616 D vol.SecVolumeDialog: updateVolumeRowH s=6, ss.level : 5, row.lastAudibleLevel : 5, row.ss.muted : false
01-07 16:27:15.863  4616  4616 D vol.SecVolumeDialog: updateVolumeRowH s=10, ss.level : 0, row.lastAudibleLevel : 1, row.ss.muted : false
01-07 16:27:15.863  4616  4616 D vol.SecVolumeDialog: updateVolumeRowH s=11, ss.level : -1, row.lastAudibleLevel : 1, row.ss.muted : false
01-07 16:27:15.864  4616  4616 D vol.SecVolumeDialog: showH r=volume_changed, mShowing : true
01-07 16:27:15.864  4616  4616 D vol.SecVolumeDialog: rescheduleTimeout 1500 com.android.systemui.volume.SecVolumeDialog.showH:1376
01-07 16:27:15.864  3757  5062 D PowerManagerService: [api] [s] userActivity : event: 0 flags: 0 (uid: 10055 pid: 4616) eventTime = 21017750
01-07 16:27:15.866  3757 29838 D CompatibilityInfo: mCompatibilityFlags - 0
01-07 16:27:15.867  3757 29838 D CompatibilityInfo: applicationDensity - 420
01-07 16:27:15.867  3757 29838 D CompatibilityInfo: applicationScale - 1.0
01-07 16:27:15.873  3757  3770 D CompatibilityInfo: mCompatibilityFlags - 0
01-07 16:27:15.873  3757  3770 D CompatibilityInfo: applicationDensity - 420
01-07 16:27:15.873  3757  3770 D CompatibilityInfo: applicationScale - 1.0
01-07 16:27:15.877  4616  4616 D vol.SecVolumeDialog: STREAM_MUSIC onProgressChanged 1106 fromUser=false
01-07 16:27:15.878  3757  4397 I InputDispatcher: Delivering key to (23224): action: 0x0 (4)
01-07 16:27:15.879 23224 23245 V threaded_app: New input event: type=1
01-07 16:27:15.879 23224 23245 V threaded_app: New input event: type=1
01-07 16:27:15.879 23224 23245 D UE4     : Received keycode: 24, softkey: 0
01-07 16:27:15.879 23224 23245 D UE4     : Received key event: 24
01-07 16:27:15.880 23224 23224 D ViewRootImpl@e972267[GameActivity]: ViewPostImeInputStage processKey 0
01-07 16:27:15.882  4616  5096 D vol.VolumeDialogControl.VC: isSafeVolumeDialogShowing : false
01-07 16:27:15.885  4616  4642 D vol.VolumeDialogControl.VC: isSafeVolumeDialogShowing : false
01-07 16:27:15.887  3757  4509 I AudioService: isMediaSilentMode false
01-07 16:27:15.887  4616 26914 D vol.VolumeDialogControl.VC: volumeChanged STREAM_MUSIC SHOW_UI,VIBRATE,FROM_KEY
01-07 16:27:15.888  3757 10512 D AudioService: getStreamVolume 3 index 130
01-07 16:27:15.889  3757 10512 D AudioService: getFineVolume, index:134
01-07 16:27:15.889  4616  4722 I vol.Events: writeEvent level_changed STREAM_MUSIC 1340
01-07 16:27:15.889  4616  4722 D vol.VolumeDialogControl: onVolumeChangedW stream = 3, flags = 4113, lastAudibleStreamVolume = 1340
01-07 16:27:15.889  4616  4722 I vol.Events: writeEvent key STREAM_MUSIC 1340
01-07 16:27:15.892  4616  4616 D vol.SecVolumeDialog: updateWindowWidth lp.width=1080, mCurrentWindowWidth = 1080
01-07 16:27:15.892  4616  4616 D vol.SecVolumeDialog: onStateChangedH animating=false
01-07 16:27:15.892  4616  4722 D vol.VolumeDialogControl: onReceive VOLUME_CHANGED_ACTION stream=3 level=13 oldLevel=12
01-07 16:27:15.893  4616  4616 D vol.SecVolumeDialog: updateVolumeRowH s=2, ss.level : 0, row.lastAudibleLevel : 11, row.ss.muted : true
01-07 16:27:15.894  4616  4616 D vol.SecVolumeDialog: updateVolumeRowH s=3, ss.level : 1340, row.lastAudibleLevel : 1240, row.ss.muted : false
01-07 16:27:15.894  3757  7204 D AudioService: getStreamVolume 3 index 130
01-07 16:27:15.895  4616  4616 D vol.SecVolumeDialog: mIsSafeMediaVolumeDeviceOn : false
01-07 16:27:15.895  3757 29841 D AudioService: getStreamVolume 4 index 110
01-07 16:27:15.895 23224 23224 D UE4     : OnReceive VOLUME_CHANGED_ACTION
01-07 16:27:15.895 23224 23224 D UE4     : nativeVolumeEvent(13)
01-07 16:27:15.895  3757  3771 D AudioService: getStreamVolume 3 index 130
01-07 16:27:15.896 22558 22558 V UniSet-Utils: notifySettingsChange: volume_music_speaker
01-07 16:27:15.896  4616  4616 D vol.SecVolumeDialog: updateVolumeRowH s=5, ss.level : 2, row.lastAudibleLevel : 2, row.ss.muted : true
01-07 16:27:15.896 22558 22558 W ContextImpl: Calling a method in the system process without a qualified user: android.app.ContextImpl.sendBroadcast:921 android.content.ContextWrapper.sendBroadcast:457 com.samsung.unifiedsettingservice.Utils.notifySettingsChange:141 com.samsung.unifiedsettingservice.settings.OtherSettings.checkKeyIfDirty:558 com.samsung.unifiedsettingservice.settings.OtherSettings.-wrap0:-1 
01-07 16:27:15.896  4616  4616 D vol.SecVolumeDialog: updateVolumeRowH s=1, ss.level : 0, row.lastAudibleLevel : 6, row.ss.muted : true
01-07 16:27:15.897  4616  4616 D vol.SecVolumeDialog: updateVolumeRowH s=4, ss.level : 11, row.lastAudibleLevel : 11, row.ss.muted : false
01-07 16:27:15.898  4616  4616 D vol.SecVolumeDialog: updateVolumeRowH s=0, ss.level : 7, row.lastAudibleLevel : 7, row.ss.muted : false
01-07 16:27:15.898  3757  4473 D AudioService: getStreamVolume 5 index 20
01-07 16:27:15.898  4616  4616 D vol.SecVolumeDialog: updateVolumeRowH s=6, ss.level : 5, row.lastAudibleLevel : 5, row.ss.muted : false
01-07 16:27:15.899  4616  4616 D vol.SecVolumeDialog: updateVolumeRowH s=10, ss.level : 0, row.lastAudibleLevel : 1, row.ss.muted : false
01-07 16:27:15.899  4616  4616 D vol.SecVolumeDialog: updateVolumeRowH s=11, ss.level : -1, row.lastAudibleLevel : 1, row.ss.muted : false
01-07 16:27:15.899  4616  4616 D vol.SecVolumeDialog: showH r=volume_changed, mShowing : true
01-07 16:27:15.900  3757  3774 D CompatibilityInfo: mCompatibilityFlags - 0
01-07 16:27:15.900  3757  3774 D CompatibilityInfo: applicationDensity - 420
01-07 16:27:15.900  3757  3774 D CompatibilityInfo: applicationScale - 1.0
01-07 16:27:15.900  4616  4616 D vol.SecVolumeDialog: rescheduleTimeout 1500 com.android.systemui.volume.SecVolumeDialog.showH:1376
01-07 16:27:15.902  3757 29838 D AudioService: getStreamVolume 1 index 0
01-07 16:27:15.902  3757 29842 D PowerManagerService: [api] [s] userActivity : event: 0 flags: 0 (uid: 10055 pid: 4616) eventTime = 21017787
01-07 16:27:15.902  3757 29842 D AudioService: getStreamVolume 6 index 50
01-07 16:27:15.904  3757  7203 D CompatibilityInfo: mCompatibilityFlags - 0
01-07 16:27:15.904  3757  7203 D CompatibilityInfo: applicationDensity - 420
01-07 16:27:15.904  3757  7203 D CompatibilityInfo: applicationScale - 1.0
01-07 16:27:15.907  3757  5063 D CompatibilityInfo: mCompatibilityFlags - 0
01-07 16:27:15.907  3757  5063 D CompatibilityInfo: applicationDensity - 420
01-07 16:27:15.907  3757  5063 D CompatibilityInfo: applicationScale - 1.0
01-07 16:27:15.909  4616  4616 D vol.SecVolumeDialog: STREAM_MUSIC onProgressChanged 1190 fromUser=false
01-07 16:27:15.926  4616  4616 D vol.SecVolumeDialog: STREAM_MUSIC onProgressChanged 1259 fromUser=false
01-07 16:27:15.930  3757  4397 I InputDispatcher: Delivering key to (23224): action: 0x0 (5)
01-07 16:27:15.930 23224 23245 V threaded_app: New input event: type=1
01-07 16:27:15.930 23224 23245 V threaded_app: New input event: type=1
01-07 16:27:15.930 23224 23245 D UE4     : Received keycode: 24, softkey: 0
01-07 16:27:15.930 23224 23245 D UE4     : Received key event: 24
01-07 16:27:15.931 23224 23224 D ViewRootImpl@e972267[GameActivity]: ViewPostImeInputStage processKey 0
01-07 16:27:15.933  4616  4642 D vol.VolumeDialogControl.VC: isSafeVolumeDialogShowing : false
01-07 16:27:15.934  4616 26914 D vol.VolumeDialogControl.VC: isSafeVolumeDialogShowing : false
01-07 16:27:15.938  4616  4647 D vol.VolumeDialogControl.VC: volumeChanged STREAM_MUSIC SHOW_UI,VIBRATE,FROM_KEY
01-07 16:27:15.938  3757  4509 I AudioService: isMediaSilentMode false
01-07 16:27:15.939  3757  5062 D AudioService: getStreamVolume 3 index 140
01-07 16:27:15.940  3757  5062 D AudioService: getFineVolume, index:144
01-07 16:27:15.940  4616  4722 I vol.Events: writeEvent level_changed STREAM_MUSIC 1440
01-07 16:27:15.940  4616  4722 D vol.VolumeDialogControl: onVolumeChangedW stream = 3, flags = 4113, lastAudibleStreamVolume = 1440
01-07 16:27:15.940  4616  4722 I vol.Events: writeEvent key STREAM_MUSIC 1440
01-07 16:27:15.943  4616  4616 D vol.SecVolumeDialog: STREAM_MUSIC onProgressChanged 1307 fromUser=false
01-07 16:27:15.944  4616  4722 D vol.VolumeDialogControl: onReceive VOLUME_CHANGED_ACTION stream=3 level=14 oldLevel=13
01-07 16:27:15.945  3757  6272 D AudioService: getStreamVolume 3 index 140
01-07 16:27:15.946  3757 29838 D AudioService: getStreamVolume 4 index 110
01-07 16:27:15.946 23224 23224 D UE4     : OnReceive VOLUME_CHANGED_ACTION
01-07 16:27:15.946  3757  4440 D AudioService: getStreamVolume 3 index 140
01-07 16:27:15.946 23224 23224 D UE4     : nativeVolumeEvent(14)
01-07 16:27:15.947 22558 22558 V UniSet-Utils: notifySettingsChange: volume_music_speaker
01-07 16:27:15.947 22558 22558 W ContextImpl: Calling a method in the system process without a qualified user: android.app.ContextImpl.sendBroadcast:921 android.content.ContextWrapper.sendBroadcast:457 com.samsung.unifiedsettingservice.Utils.notifySettingsChange:141 com.samsung.unifiedsettingservice.settings.OtherSettings.checkKeyIfDirty:558 com.samsung.unifiedsettingservice.settings.OtherSettings.-wrap0:-1 
01-07 16:27:15.949  3757  7216 D AudioService: getStreamVolume 5 index 20
01-07 16:27:15.949  3757  7206 D AudioService: getStreamVolume 1 index 0
01-07 16:27:15.950  3757  2859 D AudioService: getStreamVolume 6 index 50
01-07 16:27:15.952  3757  3774 D CompatibilityInfo: mCompatibilityFlags - 0
01-07 16:27:15.952  3757  3774 D CompatibilityInfo: applicationDensity - 420
01-07 16:27:15.952  3757  3774 D CompatibilityInfo: applicationScale - 1.0
01-07 16:27:15.957  3757 31270 D CompatibilityInfo: mCompatibilityFlags - 0
01-07 16:27:15.957  3757 31270 D CompatibilityInfo: applicationDensity - 420
01-07 16:27:15.957  3757 31270 D CompatibilityInfo: applicationScale - 1.0
01-07 16:27:15.960  4616  4616 D vol.SecVolumeDialog: updateWindowWidth lp.width=1080, mCurrentWindowWidth = 1080
01-07 16:27:15.960  4616  4616 D vol.SecVolumeDialog: onStateChangedH animating=false
01-07 16:27:15.961  4616  4616 D vol.SecVolumeDialog: updateVolumeRowH s=2, ss.level : 0, row.lastAudibleLevel : 11, row.ss.muted : true
01-07 16:27:15.962  4616  4616 D vol.SecVolumeDialog: updateVolumeRowH s=3, ss.level : 1440, row.lastAudibleLevel : 1340, row.ss.muted : false
01-07 16:27:15.963  4616  4616 D vol.SecVolumeDialog: mIsSafeMediaVolumeDeviceOn : false
01-07 16:27:15.964  4616  4616 D vol.SecVolumeDialog: updateVolumeRowH s=5, ss.level : 2, row.lastAudibleLevel : 2, row.ss.muted : true
01-07 16:27:15.964  4616  4616 D vol.SecVolumeDialog: updateVolumeRowH s=1, ss.level : 0, row.lastAudibleLevel : 6, row.ss.muted : true
01-07 16:27:15.964  4616  4616 D vol.SecVolumeDialog: updateVolumeRowH s=4, ss.level : 11, row.lastAudibleLevel : 11, row.ss.muted : false
01-07 16:27:15.964  4616  4616 D vol.SecVolumeDialog: updateVolumeRowH s=0, ss.level : 7, row.lastAudibleLevel : 7, row.ss.muted : false
01-07 16:27:15.964  4616  4616 D vol.SecVolumeDialog: updateVolumeRowH s=6, ss.level : 5, row.lastAudibleLevel : 5, row.ss.muted : false
01-07 16:27:15.964  4616  4616 D vol.SecVolumeDialog: updateVolumeRowH s=10, ss.level : 0, row.lastAudibleLevel : 1, row.ss.muted : false
01-07 16:27:15.965  3757 10512 D CompatibilityInfo: mCompatibilityFlags - 0
01-07 16:27:15.965  3757 10512 D CompatibilityInfo: applicationDensity - 420
01-07 16:27:15.965  3757 10512 D CompatibilityInfo: applicationScale - 1.0
01-07 16:27:15.965  4616  4616 D vol.SecVolumeDialog: updateVolumeRowH s=11, ss.level : -1, row.lastAudibleLevel : 1, row.ss.muted : false
01-07 16:27:15.965  4616  4616 D vol.SecVolumeDialog: showH r=volume_changed, mShowing : true
01-07 16:27:15.965  4616  4616 D vol.SecVolumeDialog: rescheduleTimeout 1500 com.android.systemui.volume.SecVolumeDialog.showH:1376
01-07 16:27:15.967  3757 32085 D PowerManagerService: [api] [s] userActivity : event: 0 flags: 0 (uid: 10055 pid: 4616) eventTime = 21017851
01-07 16:27:15.976  4616  4616 D vol.SecVolumeDialog: STREAM_MUSIC onProgressChanged 1357 fromUser=false
01-07 16:27:15.981  3757  4397 I InputDispatcher: Delivering key to (23224): action: 0x0 (6)
01-07 16:27:15.981 23224 23245 V threaded_app: New input event: type=1
01-07 16:27:15.982 23224 23245 V threaded_app: New input event: type=1
01-07 16:27:15.982 23224 23245 D UE4     : Received keycode: 24, softkey: 0
01-07 16:27:15.982 23224 23245 D UE4     : Received key event: 24
01-07 16:27:15.982 23224 23224 D ViewRootImpl@e972267[GameActivity]: ViewPostImeInputStage processKey 0
01-07 16:27:15.986  4616  5097 D vol.VolumeDialogControl.VC: isSafeVolumeDialogShowing : false
01-07 16:27:15.986  4616 15707 D vol.VolumeDialogControl.VC: isSafeVolumeDialogShowing : false
01-07 16:27:15.992  3757  4509 I AudioService: isMediaSilentMode false
01-07 16:27:15.993  4616  4642 D vol.VolumeDialogControl.VC: volumeChanged STREAM_MUSIC SHOW_UI,VIBRATE,FROM_KEY
01-07 16:27:15.993  4616  4616 D vol.SecVolumeDialog: STREAM_MUSIC onProgressChanged 1396 fromUser=false
01-07 16:27:15.995  3757  7216 D AudioService: getStreamVolume 3 index 150
01-07 16:27:15.996  3757  7216 D AudioService: getFineVolume, index:150
01-07 16:27:15.996  4616  4722 I vol.Events: writeEvent level_changed STREAM_MUSIC 1500
01-07 16:27:15.996  4616  4722 D vol.VolumeDialogControl: onVolumeChangedW stream = 3, flags = 4113, lastAudibleStreamVolume = 1500
01-07 16:27:15.996  4616  4722 I vol.Events: writeEvent key STREAM_MUSIC 1500
01-07 16:27:15.998  4616  4722 D vol.VolumeDialogControl: onReceive VOLUME_CHANGED_ACTION stream=3 level=15 oldLevel=14
01-07 16:27:16.001  3757 31269 D AudioService: getStreamVolume 4 index 110
01-07 16:27:16.002 23224 23224 D UE4     : OnReceive VOLUME_CHANGED_ACTION
01-07 16:27:16.002 23224 23224 D UE4     : nativeVolumeEvent(15)
01-07 16:27:16.002  3757  3770 D AudioService: getStreamVolume 3 index 150
01-07 16:27:16.003 22558 22558 V UniSet-Utils: notifySettingsChange: volume_music_speaker
01-07 16:27:16.003  3757  5063 D AudioService: getStreamVolume 3 index 150
01-07 16:27:16.003 22558 22558 W ContextImpl: Calling a method in the system process without a qualified user: android.app.ContextImpl.sendBroadcast:921 android.content.ContextWrapper.sendBroadcast:457 com.samsung.unifiedsettingservice.Utils.notifySettingsChange:141 com.samsung.unifiedsettingservice.settings.OtherSettings.checkKeyIfDirty:558 com.samsung.unifiedsettingservice.settings.OtherSettings.-wrap0:-1 
01-07 16:27:16.005  3757 31270 D AudioService: getStreamVolume 5 index 20
01-07 16:27:16.006  3757  7202 D AudioService: getStreamVolume 1 index 0
01-07 16:27:16.007  3757 32083 D AudioService: getStreamVolume 6 index 50
01-07 16:27:16.008  3757  3774 D CompatibilityInfo: mCompatibilityFlags - 0
01-07 16:27:16.008  3757  3774 D CompatibilityInfo: applicationDensity - 420
01-07 16:27:16.008  3757  3774 D CompatibilityInfo: applicationScale - 1.0
01-07 16:27:16.012  3757 32085 D CompatibilityInfo: mCompatibilityFlags - 0
