02-05 15:17:59.798  3754  4401 I InputDispatcher: Delivering touch to (16382): action: 0x0, toolType: 1
02-05 15:17:59.798 16382 16444 V threaded_app: New input event: type=2
02-05 15:17:59.799 16382 16382 D ViewRootImpl@cc1395f[GameActivity]: ViewPostImeInputStage processPointer 0
02-05 15:17:59.823 16382 16444 V threaded_app: New input event: type=2
02-05 15:17:59.839 16382 16444 V threaded_app: New input event: type=2
02-05 15:17:59.856 16382 16444 V threaded_app: New input event: type=2
02-05 15:17:59.867  3754  3754 D TelephonyManager: getCellLocation : Caller (PID / UID / TID): 3754 / 1000 / 3754
02-05 15:17:59.868  4617  4793 D NetworkController.MobileSignalController(0/1): onSignalStrengthsChanged signalStrength=SignalStrength: 99 99 -120 -160 -120 -1 -1 16 -110 -14 36 2147483647 2147483647 0x2000 gsm|lte level=2
02-05 15:17:59.869  4617  4793 D NetworkController.MobileSignalController(0/1): getMobileIconGroup(): 13
02-05 15:17:59.869  4617  4793 D NetworkController.MobileSignalController(0/1): updateVZWMobileIconGroup(): 13
02-05 15:17:59.873 16382 16444 V threaded_app: New input event: type=2
02-05 15:17:59.877  5039  5639 D EPDG -- [SMARTWIFI]: onSignalStrengthsChanged: Received signal strength change, phone type is: 2
02-05 15:17:59.877  5039  6416 D EPDG -- [SMARTWIFI]: lastLteRSRP is -108currentLteRSRP is -110
02-05 15:17:59.877  5039  6416 D EPDG -- [SMARTWIFI]: lastLteRSRQ is -13currentLteRSRQ is -14
02-05 15:17:59.877  5039  6416 D EPDG -- [SMARTWIFI]: lastCdmaDb is -16currentCdmaDb is -16
02-05 15:17:59.877  5039  6416 V EPDG -- [SMARTWIFI]: Radio oldest entry removed
02-05 15:17:59.877  5039  6416 V EPDG -- [SMARTWIFI]: New entry : (SignalStrength: 99 99 -120 -160 -120 -1 -1 16 -110 -14 36 2147483647 2147483647 0x2000 gsm|lte : 0 )
02-05 15:17:59.877  5039  6416 V EPDG -- [SMARTWIFI]: Radio entry added
02-05 15:17:59.880  4617  4793 D NetworkController.MobileSignalController(0/1): callState:0, callStateByPhone:false voLTECall:false voiceNetTpe:13 dataNetType:13, ine911:false, emergencyCallbackMode:false
02-05 15:17:59.890 16382 16444 V threaded_app: New input event: type=2
02-05 15:17:59.894  3754  4402 D InputReader: Input event(3): value=0 when=3649368893000
02-05 15:17:59.894  3754  4402 D InputReader: Input event(3): value=0 when=3649368893000
02-05 15:17:59.894  3754  4402 I InputReader: Touch event's action is 0x1 (deviceType=0) [pCnt=1, s=] when=3649368893000
02-05 15:17:59.895  3754  4401 I InputDispatcher: Delivering touch to (16382): action: 0x1, toolType: 1
02-05 15:17:59.895 16382 16444 V threaded_app: New input event: type=2
02-05 15:17:59.896 16382 16382 D ViewRootImpl@cc1395f[GameActivity]: ViewPostImeInputStage processPointer 1
02-05 15:17:59.914 16382 16551 I libOpenSLES: Emulating old channel mask behavior (ignoring positional mask 0x3, using default mask 0x3 based on channel count of 2)
02-05 15:17:59.916 16382 16551 W AudioTrack: AUDIO_OUTPUT_FLAG_FAST denied by client; transfer 1, track 44100 Hz, output 48000 Hz
02-05 15:17:59.916  3239  3829 I AudioFlinger: add dynamic flag, can move to deep thread, session 1345
02-05 15:17:59.917 16382 16551 D AudioTrack: Client defaulted notificationFrames to 590 for frameCount 1772
02-05 15:17:59.918 16382 16551 I AudioTrack: This process already got info. FadeIn[0] FadeOut[0] FadeInRing[0]
02-05 15:17:59.918  3239  3829 W AudioPolicyIntefaceImpl: Skipped to add effects on session 1345
02-05 15:17:59.918  3239  3829 I APM_AudioPolicyManager: startOutput() output 21, stream 3, session 1345
02-05 15:17:59.918 16382 16688 I AudioTrack: Skip ramp
02-05 15:17:59.928  3239  3461 I AudioMixer: create resampler src 44100, 2, dst 48000, 2, q 8
02-05 15:17:59.929  3239  3461 D SoundAliveResampler: [SoundAliveResampler] Init+++
02-05 15:17:59.950 16382 16446 D UE4     : Used memory: 235024
02-05 15:18:00.000  3754  4341 D SamsungAlarmManager: Expired : 8
02-05 15:18:00.000  3754  4341 I SamsungAlarmManager: setLocked to kernel - T:3 / 20190205T151801, SetElapsed=5992695, nowELAPSED=5990907
02-05 15:18:00.001  3754  4341 V SamsungAlarmManager: Sending to uid : 1000 action=android.intent.action.TIME_TICK alarm=Alarm{3844d6e type 3 when 5990907 android}
02-05 15:18:00.011  3754  3754 D SamsungAlarmManager: setExact Intent (T:3/F:1/AC:false) 20190205T151900 - CU:1000/CP:3754
02-05 15:18:00.014  4617  4617 D KeyguardUpdateMonitor: received broadcast android.intent.action.TIME_TICK
02-05 15:18:00.014  4617  4617 D KeyguardUpdateMonitor: handleTimeUpdate#start
02-05 15:18:00.015  4617  4617 I KeyguardClockPage: refreshTime(): DefaultSingle2016 hometime:America/New_York locale:en_US hasBG?false, Roaming:false
02-05 15:18:00.032  4617  4617 D KeyguardUpdateMonitor: handleTimeUpdate#end
02-05 15:18:00.032  4617  4617 D SystemUI_Clock: Clock received ACTION_TIME_TICK : start
02-05 15:18:00.041  4617  4617 D SystemUI_Clock: Clock received ACTION_TIME_TICK : end
02-05 15:18:00.046  4617  4617 D TextClock: TextClock received ACTION_TIME_TICK : start
02-05 15:18:00.047  4617  4617 D TextClock: TextClock received ACTION_TIME_TICK : end
02-05 15:18:00.048  3239  3363 I APM_AudioPolicyManager: stopOutput() output 21, stream 3, session 1345
02-05 15:18:00.052  4617  4617 D TextClock: TextClock received ACTION_TIME_TICK : start
02-05 15:18:00.053  4617  4617 D TextClock: TextClock received ACTION_TIME_TICK : end
02-05 15:18:00.065  4617  4617 D TextClock: TextClock received ACTION_TIME_TICK : start
02-05 15:18:00.066  4617  4617 D TextClock: TextClock received ACTION_TIME_TICK : end
02-05 15:18:00.071  4617  4617 V hong    : mid yDiff = 382
02-05 15:18:00.071  4617  4617 V hong    : mid yDiff = 382
02-05 15:18:00.079  4617  4617 D SystemUI_DateView: DateView received ACTION_TIME_TICK : start
02-05 15:18:00.079  4617  4617 D SystemUI_DateView: DateView received ACTION_TIME_TICK : end
02-05 15:18:00.080  4617  4617 V hong    : mid yDiff = 382
02-05 15:18:00.080  4617  4617 V hong    : mid yDiff = 382
02-05 15:18:00.081  4617  4617 D TextClock: TextClock received ACTION_TIME_TICK : start
02-05 15:18:00.081  4617  4617 D TextClock: TextClock received ACTION_TIME_TICK : end
02-05 15:18:00.085  4617  4617 D TextClock: TextClock received ACTION_TIME_TICK : start
02-05 15:18:00.085  4617  4617 D TextClock: TextClock received ACTION_TIME_TICK : end
02-05 15:18:00.093  4617  4617 D DateTimeView: DateTimeView received ACTION_TIME_TICK : start
02-05 15:18:00.093  4617  4617 D DateTimeView: DateTimeView received ACTION_TIME_TICK : end
02-05 15:18:00.098  5992  5992 D TextClock: TextClock received ACTION_TIME_TICK : start
02-05 15:18:00.099  5992  5992 D TextClock: TextClock received ACTION_TIME_TICK : end
02-05 15:18:00.110  5992  5992 D TextClock: TextClock received ACTION_TIME_TICK : start
02-05 15:18:00.111  5992  5992 D TextClock: TextClock received ACTION_TIME_TICK : end
02-05 15:18:00.115  5992  5992 D TextClock: TextClock received ACTION_TIME_TICK : start
02-05 15:18:00.115  5992  5992 D TextClock: TextClock received ACTION_TIME_TICK : end
02-05 15:18:00.117  5992  5992 D TextClock: TextClock received ACTION_TIME_TICK : start
02-05 15:18:00.119  5992  5992 D TextClock: TextClock received ACTION_TIME_TICK : end
02-05 15:18:00.125  5992  5992 D TextClock: TextClock received ACTION_TIME_TICK : start
02-05 15:18:00.126  5992  5992 D TextClock: TextClock received ACTION_TIME_TICK : end
02-05 15:18:00.128  5992  5992 D TextClock: TextClock received ACTION_TIME_TICK : start
02-05 15:18:00.129  5992  5992 D TextClock: TextClock received ACTION_TIME_TICK : end
02-05 15:18:00.133  5992  5992 D TextClock: TextClock received ACTION_TIME_TICK : start
02-05 15:18:00.133  5992  5992 D TextClock: TextClock received ACTION_TIME_TICK : end
02-05 15:18:00.137  5992  5992 D TextClock: TextClock received ACTION_TIME_TICK : start
02-05 15:18:00.138  5992  5992 D TextClock: TextClock received ACTION_TIME_TICK : end
02-05 15:18:00.142  5992  5992 D TextClock: TextClock received ACTION_TIME_TICK : start
02-05 15:18:00.142  5992  5992 D TextClock: TextClock received ACTION_TIME_TICK : end
02-05 15:18:00.158 13227 13227 D [WeatherWidget(15061)]  WeatherService: {[B73D43639EB27FAA34EF41A6129C1FA787B8DDA06B4FC8C3DFFF289A8228DE1D07957C4CB0877FB29CB85D37C68D39BF076A5D6720D2DA7CE46EF7EA2858EC07]}
02-05 15:18:00.160 13227 13227 D [WeatherWidget(15061)]  : {[3AE6950019B083611567B0F9442DB03E36B37708FCADB7FDDBA670B1362D994454BFFFDA2568816BBDDA6DD60F644DCF]}
02-05 15:18:00.162 13227 13227 D [WeatherWidget(15061)]  DB L2: {[610591C4E30FED4A153FF198DAC84EFEE3319B0D622FD4A19809E90ED3C1398368D658B139FCCB8B9564F5B4E9CB634E1C62EA61D52E4BC58296D39DFA88F651]}
02-05 15:18:00.163 13227 13227 D [WeatherWidget(15061)]  : {[E9BDC1AC9F9B078A92B3F309630276C89F9B6E52C087A495B97355481F2FDE5B58A757A09967AB7BD9E1187CEA5BB356FACBD4A552A7402C88647F970C513A69]}
02-05 15:18:00.165 13227 13227 D [WeatherWidget(15061)]  DB L2: {[610591C4E30FED4A153FF198DAC84EFE259FA03515F619060291D19B9A2E73CB46DA064369D1073FED4BA9669B425DCA9A3D614E3DDA99AA7EC60C389ED56903]}
02-05 15:18:00.166 13227 13227 D [WeatherWidget(15061)]  DB L2: {[610591C4E30FED4A153FF198DAC84EFE1A65FB0EE8B7C5763A9CB231BC13495C3914C78DEB3E3844BDB3328DEE027C3F19842E288B47A43DAB3DF710EB72389E]}
02-05 15:18:00.172 13227 13227 D [WeatherWidget(15061)]  : {[3AE6950019B083611567B0F9442DB03EF4A0ECA9EDEEE1C6764DEF6294C10F4F0BAD60A0CC696E8D15537EBE77D0F441F941FE30DFEB6E45A2BAA0295B86238B6B5477898ADD292C8EB7917680951853]}
02-05 15:18:00.176 13227 13227 D [WeatherWidget(15061)]  : {[A1AF0F6A1A65A89C43D705938923D0FE0259CBA56E4484DDAF167EE897E0098D214B31210E90A8E4D761DF2724951166F2287DB34D772530C5896F56ACED759963D63463892CA61F05B88F36B0C2D1CD6590D1BB27998ADC568A2B6A751A5149ED70D862708B442A6D8E42F8FA6FDAFF]}
02-05 15:18:00.177 13227 13227 D [WeatherWidget(15061)]  : {[4C0512EFA0AB4990F6AA1DF592AD92A7F0B9EF71550DD16C356391DD9598536C]}
02-05 15:18:00.194  3754  3783 D CompatibilityInfo: mCompatibilityFlags - 0
02-05 15:18:00.194  3754  3783 D CompatibilityInfo: applicationDensity - 420
02-05 15:18:00.194  3754  3783 D CompatibilityInfo: applicationScale - 1.0
02-05 15:18:00.198 15865 16689 D EventNotificationJob: Running EventNotificationJob, isDetail=true
02-05 15:18:00.206  3754  6769 D CompatibilityInfo: mCompatibilityFlags - 0
02-05 15:18:00.207  3754  6769 D CompatibilityInfo: applicationDensity - 420
02-05 15:18:00.207  3754  6769 D CompatibilityInfo: applicationScale - 1.0
02-05 15:18:00.213 15865 16689 D EventNotificationJob:   finished processing events.
02-05 15:18:00.216  3754  7640 D CompatibilityInfo: mCompatibilityFlags - 0
02-05 15:18:00.216  3754  7640 D CompatibilityInfo: applicationDensity - 420
02-05 15:18:00.216  3754  7640 D CompatibilityInfo: applicationScale - 1.0
02-05 15:18:00.720 16382 16443 D UE4     : [2019.02.05-20.18.00:720][256]LogNet: Browse: /Game/Maps/StackMap
02-05 15:18:00.733 16382 16443 D UE4     : [2019.02.05-20.18.00:733][256]LogLoad: LoadMap: /Game/Maps/StackMap
02-05 15:18:00.807 16382 16443 D UE4     : [2019.02.05-20.18.00:807][256]LogStreaming: Display: Flushing async loaders.
02-05 15:18:00.813  3239  3363 I APM_AudioPolicyManager: stopOutput() output 21, stream 3, session 1321
02-05 15:18:00.814  3239  3363 I APM_AudioPolicyManager: write_logging() stream(3) device(0x2) time(-352755317991811448916571379381545314651195536662364530536455465894089764831185302845879859074512217157599151489160525335121992573872742257609939324194492763989790809116794489699042925997858576214810944388596998409814016.00) volume(0.00)
02-05 15:18:01.065  3754  3754 D TelephonyManager: getCellLocation : Caller (PID / UID / TID): 3754 / 1000 / 3754
02-05 15:18:01.066  4617  4793 D NetworkController.MobileSignalController(0/1): onSignalStrengthsChanged signalStrength=SignalStrength: 99 99 -120 -160 -120 -1 -1 17 -109 -14 40 2147483647 2147483647 0x2000 gsm|lte level=2
02-05 15:18:01.067  4617  4793 D NetworkController.MobileSignalController(0/1): getMobileIconGroup(): 13
02-05 15:18:01.067  4617  4793 D NetworkController.MobileSignalController(0/1): updateVZWMobileIconGroup(): 13
02-05 15:18:01.075  5039  5639 D EPDG -- [SMARTWIFI]: onSignalStrengthsChanged: Received signal strength change, phone type is: 2
02-05 15:18:01.076  5039  6416 D EPDG -- [SMARTWIFI]: lastLteRSRP is -110currentLteRSRP is -109
02-05 15:18:01.076  5039  6416 D EPDG -- [SMARTWIFI]: lastLteRSRQ is -14currentLteRSRQ is -14
02-05 15:18:01.076  5039  6416 D EPDG -- [SMARTWIFI]: lastCdmaDb is -16currentCdmaDb is -16
02-05 15:18:01.076  5039  6416 V EPDG -- [SMARTWIFI]: Radio oldest entry removed
02-05 15:18:01.076  5039  6416 V EPDG -- [SMARTWIFI]: New entry : (SignalStrength: 99 99 -120 -160 -120 -1 -1 17 -109 -14 40 2147483647 2147483647 0x2000 gsm|lte : 0 )
02-05 15:18:01.076  5039  6416 V EPDG -- [SMARTWIFI]: Radio entry added
02-05 15:18:01.078  4617  4793 D NetworkController.MobileSignalController(0/1): callState:0, callStateByPhone:false voLTECall:false voiceNetTpe:13 dataNetType:13, ine911:false, emergencyCallbackMode:false
02-05 15:18:01.111  3754  4442 D WifiStateMachine: Current network is: "wilkinson2.4" , ID is: 30
02-05 15:18:01.111  3754  4442 I WifiStateMachine: IMS calling, current network is always qualified
02-05 15:18:01.205 16382 16443 D UE4     : [2019.02.05-20.18.01:205][256]LogAIModule: Creating AISystem for world StackMap
02-05 15:18:01.206 16382 16443 D UE4     : [2019.02.05-20.18.01:206][256]LogLoad: Game class is 'GameModeBase'
02-05 15:18:01.210 16382 16443 D UE4     : [2019.02.05-20.18.01:210][256]LogWorld: Bringing World /Game/Maps/StackMap.StackMap up for play (max tick rate 0) at 2019.02.05-15.18.01
02-05 15:18:01.211 16382 16443 D UE4     : [2019.02.05-20.18.01:211][256]LogWorld: Bringing up level for play took: 0.003174
02-05 15:18:01.212 16382 16443 D UE4     : [2019.02.05-20.18.01:212][256]LogOnlineIdentity: Display: OSS: FOnlineIdentityGooglePlay::GetPlayerNickname
02-05 15:18:01.213 16382 16443 D UE4     : [2019.02.05-20.18.01:213][256]LogGameMode: FindPlayerStart: PATHS NOT DEFINED or NO PLAYERSTART with positive rating
02-05 15:18:01.251 16382 16443 D UE4     : [2019.02.05-20.18.01:251][256]LogUMG: Display: Widget Class GameStartMenu_C - Loaded Fast Template.
02-05 15:18:01.255 16382 16443 D UE4     : [2019.02.05-20.18.01:255][256]LogLevel: Warning: EnableInput on a LevelScript actor can not be specified for only one PlayerController.  Enabling for all PlayerControllers.
02-05 15:18:01.259 16382 16443 D UE4     : [2019.02.05-20.18.01:259][256]LogLoad: Took 0.525638 seconds to LoadMap(/Game/Maps/StackMap)
02-05 15:18:01.275 16382 16443 D UE4     : [2019.02.05-20.18.01:274][256]LogSlate: Took 0.010399 seconds to synchronously load lazily loaded font '../../../Engine/Content/EngineFonts/Faces/DroidSansMono.ufont' (77K)
02-05 15:18:01.293 16382 16443 D UE4     : [2019.02.05-20.18.01:293][257]LogSlate: Took 0.001667 seconds to synchronously load lazily loaded font '../../../Engine/Content/EngineFonts/Faces/DroidSansMono.ufont' (77K)
02-05 15:18:01.788  3754  4341 D SamsungAlarmManager: Expired : 8
02-05 15:18:01.788  3754  4341 I SamsungAlarmManager: setLocked to kernel - T:3 / 20190205T151900, SetElapsed=6050907, nowELAPSED=5992695
02-05 15:18:01.789  3754  4341 V SamsungAlarmManager: Sending to uid : 10059 action=null alarm=Alarm{ac0f type 3 when 5992695 com.asurion.android.verizon.vms}
02-05 15:18:01.797  3754  4341 D CompatibilityInfo: mCompatibilityFlags - 0
02-05 15:18:01.797  3754  4341 D CompatibilityInfo: applicationDensity - 420
02-05 15:18:01.797  3754  4341 D CompatibilityInfo: applicationScale - 1.0
02-05 15:18:01.821  3754  7640 D SamsungAlarmManager: setExact Intent (T:3/F:5/AC:false) 20190205T151806 - CU:10059/CP:6479
02-05 15:18:01.821  3754  7640 I SamsungAlarmManager: setLocked to kernel - T:3 / 20190205T151806, SetElapsed=5997721, nowELAPSED=5992728
02-05 15:18:02.402 16382 16551 I libOpenSLES: Emulating old channel mask behavior (ignoring positional mask 0x3, using default mask 0x3 based on channel count of 2)
02-05 15:18:02.404 16382 16551 W AudioTrack: AUDIO_OUTPUT_FLAG_FAST denied by client; transfer 1, track 44100 Hz, output 48000 Hz
02-05 15:18:02.405  3239  3239 I AudioFlinger: add dynamic flag, can move to deep thread, session 1353
02-05 15:18:02.406 16382 16551 D AudioTrack: Client defaulted notificationFrames to 590 for frameCount 1772
02-05 15:18:02.408 16382 16551 I AudioTrack: This process already got info. FadeIn[0] FadeOut[0] FadeInRing[0]
02-05 15:18:02.408  3239  3474 W AudioPolicyIntefaceImpl: Skipped to add effects on session 1353
02-05 15:18:02.409  3239  3474 I APM_AudioPolicyManager: startOutput() output 21, stream 3, session 1353
02-05 15:18:02.416  3239  3461 D audio_hw_primary: out_set_parameters: enter: kvpairs: routing=2
02-05 15:18:02.416  3239  3461 I audio_hw_primary: out_set_parameters adev->out_device:2
02-05 15:18:02.416  3239  3461 I audio_hw_primary: is_voice_wakeup : ret =  0  , wakeup_baby_cry_enabled = 0  ,  wakeup_mic_enabled = 0 
02-05 15:18:02.416  3239  3461 V audio_hw_primary: select_devices output_scenario:0 input_scenario:28 out_snd_device 0x2 in_snd_device:0xb
02-05 15:18:02.416  3239  3461 I audio_hw_primary: select_devices - do not update mixer_path
02-05 15:18:02.416  3239  3461 D AudioFlinger: setCurDevice() 0x2
02-05 15:18:02.443  3239  3461 I AudioMixer: create resampler src 44100, 2, dst 48000, 2, q 8
02-05 15:18:02.443  3239  3461 D SoundAliveResampler: [SoundAliveResampler] Init+++
02-05 15:18:02.721  3754  4402 D InputReader: Input event(3): value=1 when=3652196109000
02-05 15:18:02.722  3754  4402 D InputReader: Input event(3): value=1 when=3652196109000
02-05 15:18:02.722  3754  4402 I InputReader: Touch event's action is 0x0 (deviceType=0) [pCnt=1, s=0.701 ] when=3652196109000
02-05 15:18:02.722  3754  4401 I InputDispatcher: Delivering touch to (16382): action: 0x0, toolType: 1
02-05 15:18:02.722 16382 16444 V threaded_app: New input event: type=2
02-05 15:18:02.723 16382 16382 D ViewRootImpl@cc1395f[GameActivity]: ViewPostImeInputStage processPointer 0
02-05 15:18:02.729 16382 16443 D UE4     : [2019.02.05-20.18.02:728][333]LogSlate: FSceneViewport::OnFocusLost() reason 0
02-05 15:18:02.745 16382 16444 V threaded_app: New input event: type=2
02-05 15:18:02.762 16382 16444 V threaded_app: New input event: type=2
02-05 15:18:02.780 16382 16444 V threaded_app: New input event: type=2
02-05 15:18:02.795 16382 16444 V threaded_app: New input event: type=2
02-05 15:18:02.811 16382 16444 V threaded_app: New input event: type=2
02-05 15:18:02.830 16382 16444 V threaded_app: New input event: type=2
02-05 15:18:02.840  3754  4402 D InputReader: Input event(3): value=0 when=3652314947000
02-05 15:18:02.840  3754  4402 D InputReader: Input event(3): value=0 when=3652314947000
02-05 15:18:02.840  3754  4402 I InputReader: Touch event's action is 0x1 (deviceType=0) [pCnt=1, s=] when=3652314947000
02-05 15:18:02.841  3754  4401 I InputDispatcher: Delivering touch to (16382): action: 0x1, toolType: 1
02-05 15:18:02.841 16382 16444 V threaded_app: New input event: type=2
02-05 15:18:02.842 16382 16444 V threaded_app: New input event: type=2
02-05 15:18:02.843 16382 16382 D ViewRootImpl@cc1395f[GameActivity]: ViewPostImeInputStage processPointer 1
02-05 15:18:02.858 16382 16443 D UE4     : [2019.02.05-20.18.02:858][341]Closing by request
02-05 15:18:02.858 16382 16443 D UE4     : [2019.02.05-20.18.02:858][341]LogWindows: FAndroidMisc::RequestExit(0)
02-05 15:18:02.862 16382 16551 I libOpenSLES: Emulating old channel mask behavior (ignoring positional mask 0x3, using default mask 0x3 based on channel count of 2)
02-05 15:18:02.863 16382 16551 W AudioTrack: AUDIO_OUTPUT_FLAG_FAST denied by client; transfer 1, track 44100 Hz, output 48000 Hz
02-05 15:18:02.863  3239  3239 I AudioFlinger: add dynamic flag, can move to deep thread, session 1361
02-05 15:18:02.864 16382 16551 D AudioTrack: Client defaulted notificationFrames to 590 for frameCount 1772
02-05 15:18:02.865 16382 16551 I AudioTrack: This process already got info. FadeIn[0] FadeOut[0] FadeInRing[0]
02-05 15:18:02.865  3239  3239 W AudioPolicyIntefaceImpl: Skipped to add effects on session 1361
02-05 15:18:02.865  3239  3239 I APM_AudioPolicyManager: startOutput() output 21, stream 3, session 1361
02-05 15:18:02.865 16382 16700 I AudioTrack: Skip ramp
02-05 15:18:02.872 16382 16443 D UE4     : [2019.02.05-20.18.02:871][342]LogAndroid: Exiting
02-05 15:18:02.885  3239  3461 I AudioMixer: create resampler src 44100, 2, dst 48000, 2, q 8
02-05 15:18:02.885  3239  3461 D SoundAliveResampler: [SoundAliveResampler] Init+++
02-05 15:18:02.888 16382 16551 D UE4     : *** JavaEnvDestructor: 16551
02-05 15:18:02.889 16382 16443 I AudioTrack: Skip ramp
02-05 15:18:02.891 16382 16443 D UE4     : [2019.02.05-20.18.02:891][342]LogAndroidAudio: Warning: OpenSLES Tearing Down HW
02-05 15:18:02.907 16382 16443 D UE4     : [2019.02.05-20.18.02:906][342]LogSlate: Request Window 'Infinity Stack (32-bit Development GLSL_ES2) ' being destroyed
02-05 15:18:02.913 16382 16573 D UE4     : *** JavaEnvDestructor: 16573
02-05 15:18:02.914 16382 16572 D UE4     : AndroidEGL::ResetDisplay()
02-05 15:18:02.914 16382 16572 D UE4     : *** JavaEnvDestructor: 16572
02-05 15:18:02.920 16382 16443 D UE4     : [2019.02.05-20.18.02:920][342]LogSlate: Window 'Infinity Stack (32-bit Development GLSL_ES2) ' being destroyed
02-05 15:18:02.926 16382 16443 D UE4     : [2019.02.05-20.18.02:925][342]LogSlate: Slate User Destroyed.  User Index 0, Is Virtual User: 0
02-05 15:18:02.932 16382 16702 D UE4     : *** JavaEnvDestructor: 16702
02-05 15:18:02.933 16382 16701 D UE4     : AndroidEGL::ResetDisplay()
02-05 15:18:02.933 16382 16701 D UE4     : *** JavaEnvDestructor: 16701
02-05 15:18:02.945 16382 16443 D UE4     : AndroidEGL::ResetDisplay()
02-05 15:18:02.970  3239  3363 I APM_AudioPolicyManager: stopOutput() output 21, stream 3, session 1353
02-05 15:18:02.970  3239  3363 I APM_AudioPolicyManager: stopOutput() output 21, stream 3, session 1361
02-05 15:18:02.970  3239  3363 I APM_AudioPolicyManager: write_logging() stream(3) device(0x2) time(-352755317991811448916571379381545314651195536662364530536455465894089764831185302845879859074512217157599151489160525335121992573872742257609939324194492763989790809116794489699042925997858576214810944388596998409814016.00) volume(0.00)
02-05 15:18:02.979 16382 16443 D UE4     : AndroidEGL::DestroySurface()
02-05 15:18:02.983 16382 16443 D UE4     : [2019.02.05-20.18.02:982][342]LogMoviePlayer: Shutting down movie player
02-05 15:18:02.984 16382 16475 D UE4     : *** JavaEnvDestructor: 16475
02-05 15:18:02.984 16382 16464 D UE4     : *** JavaEnvDestructor: 16464
02-05 15:18:02.984 16382 16473 D UE4     : *** JavaEnvDestructor: 16473
02-05 15:18:02.985 16382 16467 D UE4     : *** JavaEnvDestructor: 16467
02-05 15:18:02.985 16382 16472 D UE4     : *** JavaEnvDestructor: 16472
02-05 15:18:02.985 16382 16470 D UE4     : *** JavaEnvDestructor: 16470
02-05 15:18:02.985 16382 16466 D UE4     : *** JavaEnvDestructor: 16466
02-05 15:18:02.985 16382 16468 D UE4     : *** JavaEnvDestructor: 16468
02-05 15:18:02.985 16382 16474 D UE4     : *** JavaEnvDestructor: 16474
02-05 15:18:02.985 16382 16463 D UE4     : *** JavaEnvDestructor: 16463
02-05 15:18:02.985 16382 16465 D UE4     : *** JavaEnvDestructor: 16465
02-05 15:18:02.985 16382 16469 D UE4     : *** JavaEnvDestructor: 16469
02-05 15:18:02.985 16382 16471 D UE4     : *** JavaEnvDestructor: 16471
02-05 15:18:02.986 16382 16443 D UE4     : [2019.02.05-20.18.02:986][342]LogAndroid: Exiting is over
02-05 15:18:02.987 16382 16443 D UE4     : [2019.02.05-20.18.02:986][342]LogWindows: FAndroidMisc::RequestExit(1)
02-05 15:18:02.988 16382 16443 I art     : System.exit called, status: 0
02-05 15:18:02.988 16382 16443 I AndroidRuntime: VM exiting with result code 0, cleanup skipped.
02-05 15:18:03.191  3754 27645 D GraphicsStats: Buffer count: 4
02-05 15:18:03.191  3754  7646 D InputTransport: Input channel destroyed: fd=467
02-05 15:18:03.192  3754  3777 I WindowManager: WIN DEATH: Window{3d86facd0 u0 com.GeekTechnique.InfinityStack/com.epicgames.ue4.GameActivity}
02-05 15:18:03.192  3754  3777 D WindowManager: disposeInputChannel mInputChannel: 3d86fac com.GeekTechnique.InfinityStack/com.epicgames.ue4.GameActivity (server)
02-05 15:18:03.193  3754  7646 I Sensors : Acc old sensor_state 19, new sensor_state : 18 en : 0
02-05 15:18:03.196 27747 27747 D InputTransport: Input channel destroyed: fd=53
02-05 15:18:03.196  3754  4487 I ActivityManager: Process com.GeekTechnique.InfinityStack (pid 16382) has died(199,1768)
02-05 15:18:03.197  3754  4487 D ActivityManager: cleanUpApplicationRecord -- 16382
02-05 15:18:03.201  3754  4487 W ActivityManager: Force removing ActivityRecord{cee89b4d0 u0 com.GeekTechnique.InfinityStack/com.epicgames.ue4.GameActivity t1465}: app died, no saved state
02-05 15:18:03.201  3754  4487 W MultiScreenManagerService: moveTaskBackToDisplayIfNeeded(): root is not base activity
02-05 15:18:03.203  3754  4487 D GameManagerService: sem_perfomance_mode: 0
02-05 15:18:03.204  3754  3754 D GameManagerService: NotifyRunnable. pkg: com.GeekTechnique.InfinityStack, type: 1, isMinimized: false, isTunableApp: false
02-05 15:18:03.204  3754  3754 D GameManagerService: before send intent to GameTools. type:1, pkgName:com.GeekTechnique.InfinityStack, minimized:false
02-05 15:18:03.204  5905  5924 D ForegroundUtils: could not check pending caller
02-05 15:18:03.206  3754  3777 D InputDispatcher: Focus left window: 16382
02-05 15:18:03.207  3754  3777 D InputTransport: Input channel destroyed: fd=436
02-05 15:18:03.208  3754  3777 D InputTransport: Input channel constructed: fd=467
02-05 15:18:03.208  3754  3777 D InputTransport: Input channel constructed: fd=472
02-05 15:18:03.210  3754  3777 D WindowManager: openInputChannel mInputChannel: 3d86fac com.GeekTechnique.InfinityStack/com.epicgames.ue4.GameActivity (server)
02-05 15:18:03.211  3754  7646 I Sensors : Mag old sensor_state 18, new sensor_state : 2 en : 0
02-05 15:18:03.211  3754  3777 D InputDispatcher: Focus entered window: 16382
02-05 15:18:03.212  3754 27645 I WindowManager: WIN DEATH: Window{8096c7bd0 u0 SurfaceView - com.GeekTechnique.InfinityStack/com.epicgames.ue4.GameActivity}
02-05 15:18:03.213  3754 27645 I WindowManager_SurfaceController: Destroying surface Surface(name=SurfaceView - com.GeekTechnique.InfinityStack/com.epicgames.ue4.GameActivity) called by com.android.server.wm.WindowStateAnimator.destroySurface:2907 com.android.server.wm.WindowStateAnimator.destroySurfaceLocked:1120 com.android.server.wm.WindowState.removeLocked:1864 com.android.server.wm.WindowManagerService.removeWindowInnerLocked:2934 com.android.server.wm.WindowManagerService.removeWindowLocked:2879 com.android.server.wm.WindowState$DeathRecipient.binderDied:2304 android.os.BinderProxy.sendDeathNotice:701 <bottom of call stack> 
02-05 15:18:03.217  3217  3282 I SurfaceFlinger: id=484 Removed HameActivit (3/6)
02-05 15:18:03.219  3217  4538 I SurfaceFlinger: id=485 Removed HameActivit (1/5)
02-05 15:18:03.219  3217  4538 I SurfaceFlinger: id=484 Removed HameActivit (-2/5)
02-05 15:18:03.220  3754  7646 I Sensors : Gyro old sensor_state 2, new sensor_state : 0 en : 0
02-05 15:18:03.220  3217  3282 I SurfaceFlinger: id=485 Removed HameActivit (-2/5)
02-05 15:18:03.244  3754  4487 D InputDispatcher: Focus left window: 16382
02-05 15:18:03.245  3754  4487 D WindowManager: disposeInputChannel mInputChannel: 3d86fac com.GeekTechnique.InfinityStack/com.epicgames.ue4.GameActivity (server)
02-05 15:18:03.250  3754  4487 D InputTransport: Input channel destroyed: fd=472
02-05 15:18:03.251  3754  4487 I WindowManager_SurfaceController: Destroying surface Surface(name=com.GeekTechnique.InfinityStack/com.epicgames.ue4.GameActivity) called by com.android.server.wm.WindowStateAnimator.destroySurface:2907 com.android.server.wm.WindowStateAnimator.destroySurfaceLocked:1120 com.android.server.wm.WindowState.removeLocked:1864 com.android.server.wm.WindowManagerService.removeWindowInnerLocked:2934 com.android.server.wm.WindowManagerService.removeWindowLocked:2879 com.android.server.wm.WindowManagerService.removeWindowLocked:2689 com.android.server.wm.AppWindowToken.removeAllWindows:607 com.android.server.wm.AppWindowToken.removeAppFromTaskLocked:369 
02-05 15:18:03.251  3217  4538 I SurfaceFlinger: id=483 Removed HameActivit (2/4)
02-05 15:18:03.252  3217  4537 I SurfaceFlinger: id=483 Removed HameActivit (-2/4)
02-05 15:18:03.254  3217  3282 I SurfaceFlinger: id=483 Removed HameActivit (-2/4)
02-05 15:18:03.255  3754  4487 D InputTransport: Input channel destroyed: fd=467
02-05 15:18:03.256  3754  4487 D InputDispatcher: Focused application released
02-05 15:18:03.273  3754  4487 D ActivityManager: moveToFront() : reason=appDied setFocusedActivity isAttached=true TaskRecord{4053078d0 #1444 A=com.sec.android.app.launcher U=0 StackId=0 sz=1}
02-05 15:18:03.273  3754  4487 W MultiScreenManagerService: failed to move task TaskRecord{49b0cbbd0 #1465 A=com.GeekTechnique.InfinityStack U=0 StackId=1 sz=0}
02-05 15:18:03.273  3754  4487 D ActivityManager: setFocusStackUnchecked: reason=appDied setFocusedActivity focusCandidate=ActivityStack{1a7320ed0 stackId=0, 2 tasks} caller=com.android.server.am.ActivityStack.moveToFront:874 com.android.server.am.ActivityStackSupervisor.moveActivityStackToFront:2005 
02-05 15:18:03.277  3754  4487 D InputDispatcher: Focused application set to: xxxx
02-05 15:18:03.279  3754  4487 D ActivityManager: resumeTopActivityInnerLocked() : #0 prevTask=null next=ActivityRecord{747278cd0 u0 com.sec.android.app.launcher/.activities.LauncherActivity t1444} mFocusedStack=ActivityStack{1a7320ed0 stackId=0, 2 tasks}
02-05 15:18:03.281  3754  4487 D CustomFrequencyManagerService: acquireDVFSLockLocked : type : DVFS_MIN_LIMIT  frequency : 2100000  uid : 1000  pid : 3754  pkgName : AMS_APP_HOME@CPU_MIN@7
02-05 15:18:03.283  3754  4487 D ActivityManagerPerformance: AMP_acquire() HOME
02-05 15:18:03.283  3754  9958 D TelephonyManager: getAllCellInfo : Caller (PID / UID / TID): 3754 / 1000 / 9958
02-05 15:18:03.283  3754  4487 D ActivityManager: applyOptionsLocked(), pendingOptions : null
02-05 15:18:03.289  3754  4487 D GameManagerService: sem_perfomance_mode: 0
02-05 15:18:03.295  3754  3754 D CompatibilityInfo: mCompatibilityFlags - 0
02-05 15:18:03.295  3754  3754 D CompatibilityInfo: applicationDensity - 420
02-05 15:18:03.295  3754  3754 D CompatibilityInfo: applicationScale - 1.0
02-05 15:18:03.296  3754  3754 D GameManagerService: after send intent to GameTools. componentName:ComponentInfo{com.samsung.android.game.gametools/com.samsung.android.game.gametools.externalservice.GameToolsIntentService}
02-05 15:18:03.296  3754  3754 D GameManagerService: before send intent to GameIntentService
02-05 15:18:03.297  5992  5992 D ViewRootImpl@de914d1[LauncherActivity]: mHardwareRenderer.destroy()#1
02-05 15:18:03.298  3754  7637 V WindowManager: Relayout Window{e842e0dd0 u0 com.sec.android.app.launcher/com.sec.android.app.launcher.activities.LauncherActivity}: viewVisibility=4 req=1080x1920 WM.LayoutParams{(0,0)(fillxfill) sim=#30 ty=1 fl=#81910d00 pfl=0x20000 fmt=-2 wanim=0x103038a vsysui=0x600 needsMenuKey=2 dimDuration=0 naviIconColor=0}
02-05 15:18:03.299  3754  3754 D CompatibilityInfo: mCompatibilityFlags - 0
02-05 15:18:03.299  3754  3754 D CompatibilityInfo: applicationDensity - 420
02-05 15:18:03.299  3754  3754 D CompatibilityInfo: applicationScale - 1.0
02-05 15:18:03.299  3754  3754 D GameManagerService: after send intent to GameIntentService
02-05 15:18:03.300  3754  3754 D GameManagerService: NotifyRunnable. pkg: com.sec.android.app.launcher, type: 4, isMinimized: false, isTunableApp: false
02-05 15:18:03.300  3754  3754 D GameManagerService: mKillNotiCount: 0
02-05 15:18:03.300  3754  3754 D GameManagerService: changed mKillNotiCount: 1
02-05 15:18:03.300  3754  3754 D GameManagerService: before send intent to GameTools. type:1, pkgName:KILL_YOURSELF, minimized:false
02-05 15:18:03.300  3754  3754 D GameManagerService: after send intent to GameTools. componentName:ComponentInfo{com.samsung.android.game.gametools/com.samsung.android.game.gametools.externalservice.GameToolsIntentService}
02-05 15:18:03.300  3754  3754 D GameManagerService: before send intent to GameIntentService
02-05 15:18:03.301  3754  3754 D GameManagerService: after send intent to GameIntentService
02-05 15:18:03.302  5992  5992 D ViewRootImpl@de914d1[LauncherActivity]: Relayout returned: oldFrame=[0,0][1080,1920] newFrame=[0,0][1080,1920] result=0x1 surface={isValid=false 0} surfaceGenerationChanged=false
02-05 15:18:03.302 16196 16707 I GameTools: DeviceUtil : daydream property : 
02-05 15:18:03.302  5992  5992 D Launcher: onRestart, Launcher: 42634259
02-05 15:18:03.303  5905  5918 D ForegroundUtils: could not check pending caller
02-05 15:18:03.305 15380 16708 D GOS:GameIntentService: onHandleIntent. begin
02-05 15:18:03.305 15380 16708 D GOS:GameIntentService: onHandleIntent. GameIntentService. type 1
02-05 15:18:03.306 15380 16708 D GOS:GameIntentService: game is paused
02-05 15:18:03.306 16196 16707 D NoAlertsUtil: requestNoAlertsOnRuntime : false
02-05 15:18:03.306 16196 16707 E NoAlertsUtil: enableNotifications
02-05 15:18:03.306 15380 16708 D GOS:ServiceManager: onGamePause. : com.GeekTechnique.InfinityStack
02-05 15:18:03.308 15380 16708 D GOS:PkgData: PkgData(), pkgName: com.GeekTechnique.InfinityStack
02-05 15:18:03.308 15380 16708 D GOS:PkgData: setCustomFeatureFlag, pkgName: com.GeekTechnique.InfinityStack, old featureFlag: 346781844236309267, new featureFlag: 346781844236309267
02-05 15:18:03.308 15380 16708 D GOS:PkgData: getEnabledFeatureFlagsWithGlobal(), global feature flag : 54051991621632275
02-05 15:18:03.308 15380 16708 D GOS:PkgData: getEnabledFeatureFlagsWithGlobal(), final, feature flag : 54051991621632275
02-05 15:18:03.308 15380 16708 D GOS:ResumeBoostCore: releaseBoost()
02-05 15:18:03.309 15380 15380 D GOS:ServiceManager: handleMessage
02-05 15:18:03.309 15380 15380 D GOS:ServiceManager: MSG_DFS_END
02-05 15:18:03.309 16196 16196 D SamsungAnalytics: user do not agree
02-05 15:18:03.309 15380 15380 D GOS:DfsCore: setFramePerSecond. fps:60.0, level: 100
02-05 15:18:03.310  3217  4537 I SurfaceFlinger: DFS = 100 
02-05 15:18:03.310  3754 27649 V SystemKeyManager: requestSystemKeyEvent() is called keyCode = 187 componentName = ComponentInfo{com.samsung.android.game.gametools/com.samsung.android.game.gametools.externalservice.GameToolsService} request = false
02-05 15:18:03.311  3754  7020 D SecContentProvider: query(), uri = 17 selection = isSettingsChangesAllowed
02-05 15:18:03.311 15380 16708 D GOS:TouchBoost: onPause. com.GeekTechnique.InfinityStack
02-05 15:18:03.311 15380 16708 D GOS:TouchBoost: unsetGameTouchParam 
02-05 15:18:03.311 15380 15380 D GOS:DfsCore: transactSetFPS fps= 100
02-05 15:18:03.312  3754  3783 D CompatibilityInfo: mCompatibilityFlags - 0
02-05 15:18:03.312  3754  3783 D CompatibilityInfo: applicationDensity - 420
02-05 15:18:03.312  3754  7020 D SecContentProvider: called from com.samsung.android.game.gametools
02-05 15:18:03.312  3754  3783 D CompatibilityInfo: applicationScale - 1.0
02-05 15:18:03.312  3754  3754 D LightsService: [api] [SvcLED] turnOff:: id = 6 (uid: 1000 pid: 3754) 
02-05 15:18:03.312  3754  3754 D PowerManagerUtil: fileWriteString to /sys/power/wake_lock, LightsService
02-05 15:18:03.313  3754  3754 D LightsService: [SvcLED] setSvcLedStateLocked:: SvcLEDState : 0x0 -> 0x0 | SvcLED(id=6) set Off
02-05 15:18:03.313  3754  3827 D LightsService: [SvcLED] handleForcedSvcLEDTask()
02-05 15:18:03.313  3754  3827 D LightsService: [SvcLED]  setSvcLedLightLocked :: Current SvcLED(id=5) maintains its priority right
02-05 15:18:03.313  3754  3827 D PowerManagerUtil: fileWriteString to /sys/power/wake_unlock, LightsService
02-05 15:18:03.314 16196 16196 D NoAlertsUtil: requestNoAlertsOnRuntime : false
02-05 15:18:03.315 16196 16196 E NoAlertsUtil: enableNotifications
02-05 15:18:03.315  3754  4445 D SecContentProvider: query(), uri = 17 selection = isSettingsChangesAllowed
02-05 15:18:03.317  3754  4445 D SecContentProvider: called from com.samsung.android.game.gametools
02-05 15:18:03.317  3754  7668 D SecContentProvider: query(), uri = 17 selection = isSettingsChangesAllowed
02-05 15:18:03.317 16196 16707 D NoAlertsUtil: requestNoAlertsOnRuntime result :false
02-05 15:18:03.317 16196 16707 D NoAlertsUtil: game No Interruption exception LIst :null
02-05 15:18:03.318  3754  7668 D SecContentProvider: called from com.samsung.android.game.gametools
02-05 15:18:03.319  5992  5992 D ApplicationPackageManager: we has com.samsung.android.calendar class. reuse it 
02-05 15:18:03.320  3754 27649 D SecContentProvider: query(), uri = 17 selection = isSettingsChangesAllowed
02-05 15:18:03.321  3754 27649 D SecContentProvider: called from com.samsung.android.game.gametools
02-05 15:18:03.321  4617  4617 D KeyguardServiceBoxContainer: updateCMAS() hasCmasNotification = false, mHasCMAS = false
02-05 15:18:03.321 16196 16196 D NoAlertsUtil: requestNoAlertsOnRuntime result :false
02-05 15:18:03.321 16196 16196 D NoAlertsUtil: game No Interruption exception LIst :null
02-05 15:18:03.323 15380 16708 D GOS:StatusCollector: isCollectingAgreedByUser(), samsung_errorlog_agree: 0, tuner_eula_ver: 0
02-05 15:18:03.323 15380 16708 D GOS:MicroGameBenchFeature: onPause. com.GeekTechnique.InfinityStack, allowed: false
02-05 15:18:03.323 15380 16708 D GOS:StatusCollector: stopCollecting
02-05 15:18:03.326  3754  7641 D CompatibilityInfo: mCompatibilityFlags - 0
02-05 15:18:03.326  3754  7641 D CompatibilityInfo: applicationDensity - 420
02-05 15:18:03.326  3754  7641 D CompatibilityInfo: applicationScale - 1.0
02-05 15:18:03.329 15380 16708 D GOS:GameIntentService: onHandleIntent. begin
02-05 15:18:03.331 15380 16708 D GOS:GameIntentService: onHandleIntent. GameIntentService. type 1
02-05 15:18:03.331  5992  5992 I ApplicationPackageManager: load= live icon for com.samsung.android.calendar, from overlay = false
02-05 15:18:03.333  3754 27645 D SamsungAlarmManager: setInexact Intent (T:3/F:0/AC:false) 20190205T151903 - CU:10250/CP:16196
02-05 15:18:03.335 16196 16707 I GameTools: DeviceUtil : daydream property : 
02-05 15:18:03.347  5992  5992 D ApplicationPackageManager: we has com.sec.android.app.clockpackage class. reuse it 
02-05 15:18:03.347  5992  5992 D LiveIconLoader: getLiveIcon was called in ClockPackage
02-05 15:18:03.349  5992  5992 D LiveIconLoader: getLiveIcon res = com.sec.android.app.clockpackage
02-05 15:18:03.350  5992  5992 D LiveIconLoader: stdIconSize : 126 , targetIconSize : 173
02-05 15:18:03.350  5992  5992 D LiveIconLoader: mIconDpi : 640 , mTargetIconDpi : 420
02-05 15:18:03.351 16196 16707 D NoAlertsUtil: requestNoAlertsOnRuntime : false
02-05 15:18:03.351 16196 16707 E NoAlertsUtil: enableNotifications
02-05 15:18:03.351 16196 16196 D NoAlertsUtil: requestNoAlertsOnRuntime : false
02-05 15:18:03.352 16196 16196 E NoAlertsUtil: enableNotifications
02-05 15:18:03.352  3754  3777 D SecContentProvider: query(), uri = 17 selection = isSettingsChangesAllowed
02-05 15:18:03.352  3754  3777 D SecContentProvider: called from com.samsung.android.game.gametools
02-05 15:18:03.353  3754  3778 D SecContentProvider: query(), uri = 17 selection = isSettingsChangesAllowed
02-05 15:18:03.353  3754  7649 D SecContentProvider: query(), uri = 17 selection = isSettingsChangesAllowed
02-05 15:18:03.353  3754  7649 D SecContentProvider: called from com.samsung.android.game.gametools
02-05 15:18:03.353  3754  3778 D SecContentProvider: called from com.samsung.android.game.gametools
02-05 15:18:03.354 16196 16707 D NoAlertsUtil: requestNoAlertsOnRuntime result :false
02-05 15:18:03.354 16196 16707 D NoAlertsUtil: game No Interruption exception LIst :null
02-05 15:18:03.354  3754  7636 D SecContentProvider: query(), uri = 17 selection = isSettingsChangesAllowed
02-05 15:18:03.354  3754  7636 D SecContentProvider: called from com.samsung.android.game.gametools
02-05 15:18:03.355 16196 16196 D NoAlertsUtil: requestNoAlertsOnRuntime result :false
02-05 15:18:03.355 16196 16196 D NoAlertsUtil: game No Interruption exception LIst :null
02-05 15:18:03.355  3754  3783 D CompatibilityInfo: mCompatibilityFlags - 0
02-05 15:18:03.355  3754  3783 D CompatibilityInfo: applicationDensity - 420
02-05 15:18:03.355  3754  3783 D CompatibilityInfo: applicationScale - 1.0
02-05 15:18:03.360  3754  4424 D SamsungAlarmManager: setInexact Intent (T:3/F:0/AC:false) 20190205T151903 - CU:10250/CP:16196
02-05 15:18:03.363  5992  5992 I ApplicationPackageManager: load= live icon for com.sec.android.app.clockpackage, from overlay = false
02-05 15:18:03.371  5992  5992 D ApplicationPackageManager: we has com.samsung.android.game.gamehome class. reuse it 
02-05 15:18:03.372  5992  5992 E GameCommon: [null:getLiveIcon:25]Caller :com.sec.android.app.launcher
02-05 15:18:03.373  5992  5992 E GameCommon: [null:getBitmapFromString:359]encodeByte lengeh: 20603
02-05 15:18:03.375  5992  5992 E GameCommon: [null:getBitmapFromString:362]bitmap : android.graphics.Bitmap@dd782a8
02-05 15:18:03.375  5992  5992 E GameCommon: [null:getLiveIconBitmapDrawable:57]bitmapDrawable : android.graphics.drawable.BitmapDrawable@48201c1
02-05 15:18:03.375  5992  5992 E GameCommon: [null:getLiveIcon:29]return bitmap: android.graphics.drawable.BitmapDrawable@48201c1
02-05 15:18:03.376  5992  5992 W ResourceType: No package identifier when getting value for resource number 0x00000000
02-05 15:18:03.376  5992  5992 W System.err: android.content.res.Resources$NotFoundException: Resource ID #0x0
02-05 15:18:03.377  5992  5992 W System.err: 	at android.content.res.ResourcesImpl.getValue(ResourcesImpl.java:202)
02-05 15:18:03.377  5992  5992 W System.err: 	at android.content.res.Resources.getBoolean(Resources.java:1898)
02-05 15:18:03.377  5992  5992 W System.err: 	at android.app.ApplicationPackageManager.loadUnbadgedItemIcon(ApplicationPackageManager.java:3045)
02-05 15:18:03.377  5992  5992 W System.err: 	at android.app.ApplicationPackageManager.loadItemIcon(ApplicationPackageManager.java:2947)
02-05 15:18:03.377  5992  5992 W System.err: 	at android.content.pm.PackageItemInfo.loadIcon(PackageItemInfo.java:283)
02-05 15:18:03.377  5992  5992 W System.err: 	at android.content.pm.PackageItemInfo.loadIcon(PackageItemInfo.java:266)
02-05 15:18:03.377  5992  5992 W System.err: 	at android.app.ApplicationPackageManager.getApplicationIcon(ApplicationPackageManager.java:1295)
02-05 15:18:03.377  5992  5992 W System.err: 	at android.app.ApplicationPackageManager.getApplicationIcon(ApplicationPackageManager.java:1300)
02-05 15:18:03.377  5992  5992 W System.err: 	at com.android.launcher2.utils.LiveIconUtils.getLiveIcon(LiveIconUtils.java:178)
02-05 15:18:03.377  5992  5992 W System.err: 	at com.android.launcher2.utils.LiveIconUtils.getLiveIcon(LiveIconUtils.java:143)
02-05 15:18:03.377  5992  5992 W System.err: 	at com.android.launcher2.utils.LiveIconUtils.getLiveIcon(LiveIconUtils.java:147)
02-05 15:18:03.377  5992  5992 W System.err: 	at com.android.launcher2.BaseItem.setLiveIconBitmap(BaseItem.java:388)
02-05 15:18:03.377  5992  5992 W System.err: 	at com.android.launcher2.BaseItem.getIconBitmap(BaseItem.java:360)
02-05 15:18:03.377  5992  5992 W System.err: 	at com.android.launcher2.AppIconView.applyBaseItem(AppIconView.java:248)
02-05 15:18:03.377  5992  5992 W System.err: 	at com.android.launcher2.MenuAppsGrid.onRestart(MenuAppsGrid.java:354)
02-05 15:18:03.377  5992  5992 W System.err: 	at com.android.launcher2.Launcher.onRestart(Launcher.java:849)
02-05 15:18:03.377  5992  5992 W System.err: 	at android.app.Instrumentation.callActivityOnRestart(Instrumentation.java:1266)
02-05 15:18:03.377  5992  5992 W System.err: 	at android.app.Activity.performRestart(Activity.java:7069)
02-05 15:18:03.377  5992  5992 W System.err: 	at android.app.Activity.performResume(Activity.java:7080)
02-05 15:18:03.377  5992  5992 W System.err: 	at android.app.ActivityThread.performResumeActivity(ActivityThread.java:3768)
02-05 15:18:03.377  5992  5992 W System.err: 	at android.app.ActivityThread.handleResumeActivity(ActivityThread.java:3832)
02-05 15:18:03.377  5992  5992 W System.err: 	at android.app.ActivityThread$H.handleMessage(ActivityThread.java:1681)
02-05 15:18:03.377  5992  5992 W System.err: 	at android.os.Handler.dispatchMessage(Handler.java:102)
02-05 15:18:03.377  5992  5992 W System.err: 	at android.os.Looper.loop(Looper.java:154)
02-05 15:18:03.377  5992  5992 W System.err: 	at android.app.ActivityThread.main(ActivityThread.java:6682)
02-05 15:18:03.377  5992  5992 W System.err: 	at java.lang.reflect.Method.invoke(Native Method)
02-05 15:18:03.377  5992  5992 W System.err: 	at com.android.internal.os.ZygoteInit$MethodAndArgsCaller.run(ZygoteInit.java:1534)
02-05 15:18:03.377  5992  5992 W System.err: 	at com.android.internal.os.ZygoteInit.main(ZygoteInit.java:1424)
02-05 15:18:03.377  5992  5992 I ApplicationPackageManager: load= live icon for com.samsung.android.game.gamehome, from overlay = false
02-05 15:18:03.380  5992  5992 D Launcher: onStart, Launcher: 42634259
02-05 15:18:03.380  5992  5992 D Launcher.HomeView: onStart
02-05 15:18:03.380  5992  5992 D MenuAppsGridFragment: onStart:false
02-05 15:18:03.380  5992  5992 I VerificationLog: onResume
02-05 15:18:03.380  5992  5992 D Launcher: onResume, Launcher: 42634259
02-05 15:18:03.381  3754  7648 D SecContentProvider: query(), uri = 17 selection = isSettingsChangesAllowed
02-05 15:18:03.381  3754  7648 D SecContentProvider: called from com.sec.android.app.launcher
02-05 15:18:03.382  3754 27649 D SecContentProvider: query(), uri = 17 selection = isSettingsChangesAllowed
02-05 15:18:03.382  3754 27649 D SecContentProvider: called from com.sec.android.app.launcher
02-05 15:18:03.383  5992  5992 D Launcher.HomeView: onResume
02-05 15:18:03.387  5992  5992 D capture : ---------checkFileExist land
02-05 15:18:03.389  5992  5992 D MenuAppsGridFragment: onResume:false
02-05 15:18:03.389  5992  5992 D MenuAppsGridFragment: stateObj = com.android.launcher2.MenuAppsGrid$StateNormal@c69e26a
02-05 15:18:03.390  5992  5992 D Launcher.MenuAppsGrid: BlurInfo : false , true
02-05 15:18:03.390  5992  5992 D MenuAppsGridFragment: onResume  no mPendingModelUpdate:false this:MenuAppsGridFragment{891b7f8 #0 id=0x1020011 APPS}
02-05 15:18:03.390  5992  5992 D Launcher.MenuAppsGrid: ChangeMobileKeyboard:false mCurrentOrientation:1 mRequestedOrientation:1 newConfig.orientation:1 isShown:false
02-05 15:18:03.393  5992  5992 D Launcher.Workspace: changeOrientationIfRequired MobileKeyboardChanged : false   DisplayHeight : 1920  Density : 2.625   newConfig.orientation : 1
02-05 15:18:03.393  5992  5992 D Launcher.Workspace: ChangeMobileKeyboard:false mCurrentOrientation:1 mRequestedOrientation:1 newConfig.orientation:1 isShown:trueQuickViewWorkspace isOpened: false
02-05 15:18:03.400  3754 27648 D ActivityManager: post active user change for 0 fullscreen true isHomeActivity() true
02-05 15:18:03.400  3754 27648 I WallpaperManagerService: switchPersonaWallpaper is called for personaId-0
02-05 15:18:03.400  3754 27648 D KnoxTimeoutHandler: post home show event for user 0
02-05 15:18:03.400  3754  3754 D WallpaperManagerService:  force update = false; persona id = 0; current user =0; current persona = 0
02-05 15:18:03.400  3754  3754 D KnoxKeyguardDelegate: clear Flag
02-05 15:18:03.400  3754 27648 D KnoxTimeoutHandler: postActiveUserChange [MsgParam] userId: 0 fullscreen is true showWhenlocked is false isMutiwindowRecord is false multiwindowstyle is 0
02-05 15:18:03.400  3754  3754 D KnoxTimeoutHandler: handleHomeShow for 0 and current 0
02-05 15:18:03.400  3754  3754 D KnoxTimeoutHandler: handleActiveUserChange [MsgParam] userId: 0 fullscreen is true showWhenlocked is false isMutiwindowRecord is false multiwindowstyle is 0
02-05 15:18:03.401  3754  3754 I KnoxTimeoutHandler: Shared devices show user statefalse
02-05 15:18:03.402  5992  5992 V LauncherAppWidgetHostView: calculateWidgetSize: (target widgetsize)  using w/h 997 260 span 5 1 (widgetid 2) [current Gridsize : GRID_5x5]
02-05 15:18:03.402  5992  5992 D LauncherAppWidgetHostView: calculateWidgetSize() widget = Weather and Clock(widget id = 2) result hostview size = 1297 x 338
02-05 15:18:03.402  5992  5992 D LauncherAppWidgetHostView: setResizeScaleResult() 1297/ 338 scaleToResize = 0.76869696(widget id = 2)
02-05 15:18:03.403  5992  5992 V LauncherAppWidgetHostView: calculateWidgetSize: (target widgetsize)  using w/h 997 260 span 5 1 (widgetid 3) [current Gridsize : GRID_5x5]
02-05 15:18:03.403  5992  5992 D LauncherAppWidgetHostView: calculateWidgetSize() widget = Google(widget id = 3) result hostview size = 1297 x 338
02-05 15:18:03.403  5992  5992 D LauncherAppWidgetHostView: setResizeScaleResult() 1297/ 338 scaleToResize = 0.76869696(widget id = 3)
02-05 15:18:03.404  3754  7637 V WindowManager: Relayout Window{e842e0dd0 u0 com.sec.android.app.launcher/com.sec.android.app.launcher.activities.LauncherActivity}: viewVisibility=0 req=1080x1920 WM.LayoutParams{(0,0)(fillxfill) sim=#130 ty=1 fl=#81910d00 pfl=0x20000 fmt=-2 wanim=0x103038a vsysui=0x600 needsMenuKey=2 dimDuration=0 naviIconColor=0}
02-05 15:18:03.405  3217  3217 I SurfaceFlinger: id=487 createSurf (1080x1920),1 flag=4, MauncherAct
02-05 15:18:03.406  3754  3784 D WindowManager: set systemUiVisibility of statusbar : vis= 0x608
02-05 15:18:03.407  3754  7637 D InputDispatcher: Focus entered window: 5992
02-05 15:18:03.408  3754  5089 D WindowManager: adjustSystemUiVisibilityLw : vis= 0x608
02-05 15:18:03.408  5992  5992 D ViewRootImpl@de914d1[LauncherActivity]: Relayout returned: oldFrame=[0,0][1080,1920] newFrame=[0,0][1080,1920] result=0x7 surface={isValid=true 534703297536} surfaceGenerationChanged=true
