01-09 14:10:15.578  3237  7881 I samsungRecord: [samsungrecord] MicCalonoff 1
01-09 14:10:15.578  3237  7881 V audio_hw_primary: in_set_parameters: exit: status(0)
01-09 14:10:15.579  5024  6911 D TP/MmsProvider: query uri=content://mms/303/addr, match=13:Elapsed time : 8.619 ms
01-09 14:10:15.584  5971  7883 I HotwordRecognitionRnr: Starting hotword detection.
01-09 14:10:15.592  3237  7881 V audio_hw_primary: start_input_stream: set_hw_echoReference_enable(false)
01-09 14:10:15.592  3237  7881 W audio_hw_primary: start_input_stream echoReference effect is not supported.
01-09 14:10:15.593  3757  3770 D AudioService: getStreamVolume 3 index 130
01-09 14:10:15.595  3757  4473 D AudioService: getStreamVolume 3 index 130
01-09 14:10:15.598  5918  6587 W GCoreFlp: No location to return for getLastLocation()
01-09 14:10:15.598  3757  5902 D AudioService: getStreamVolume 3 index 130
01-09 14:10:15.600  3757 10512 D AudioService: getStreamVolume 3 index 130
01-09 14:10:15.605  3757  3795 D DisplayPowerController: ColorFade: onAnimationEnd
01-09 14:10:15.605  3757  3795 D DisplayPowerController: animateScreenStateChange[0]: target=2
01-09 14:10:15.614  5024  5041 D TP/MmsProvider: query uri=content://mms/301/addr, match=13, calling pid = 7345
01-09 14:10:15.615  3757  4532 D WifiWatchdogStateMachine:  [|211] []
01-09 14:10:15.618  5024  5041 D TP/MmsProvider: query uri=content://mms/301/addr, match=13:Elapsed time : 3.753 ms
01-09 14:10:15.624  3757 31269 D AudioService: getStreamVolume 3 index 130
01-09 14:10:15.625  3215  3264 I SurfaceFlinger: id=5248 Removed DolorFade (9/9)
01-09 14:10:15.626  3215 15153 I SurfaceFlinger: id=5248 Removed DolorFade (-2/9)
01-09 14:10:15.626  3757  3795 D PowerManagerUtil: Excessive delay in ColorFade : dismiss: 20ms
01-09 14:10:15.627  3757  3795 D DisplayPowerController: [Dual Screen Compatible] state[0] :2
01-09 14:10:15.627  3757  3795 D DisplayPowerController: getFinalBrightness : Summary is 116 -> 116
01-09 14:10:15.627  3757  3795 D DisplayPowerController: Animating brightness: target=116, rate=2000 (PSM:true, AB limit:(-1 ~ -1) MB Limit:(-1 ~ -1))
01-09 14:10:15.627  3757  3795 D DisplayPowerController: [M OS] 0 Notify policy about screen turned on.
01-09 14:10:15.627  3757  3795 D DisplayPowerController: [M OS] 0 REPORTED_TO_POLICY_SCREEN_TURNING_ON -> REPORTED_TO_POLICY_SCREEN_ON.
01-09 14:10:15.627  3757  3795 V KeyguardServiceDelegate: onScreenTurnedOn()
01-09 14:10:15.629  4616 26914 D KeyguardViewMediator: notifyScreenTurnedOn
01-09 14:10:15.629  4616  4616 D KeyguardViewMediator: handleNotifyScreenTurnedOn
01-09 14:10:15.629  3757 32084 W AlarmManager: Window length 1152921504606846975ms suspiciously long; limiting to 1 hour
01-09 14:10:15.629  3757  3795 D PowerManagerService: [s] DisplayPowerCallbacks : onStateChanged()
01-09 14:10:15.630  3757  7206 D AudioService: getStreamVolume 3 index 130
01-09 14:10:15.630  3757  3795 D PowerManagerService: mDisplayReady: true
01-09 14:10:15.632  3757 31270 D AudioService: getStreamVolume 3 index 130
01-09 14:10:15.634  3757  4469 D AudioService: getStreamVolume 3 index 130
01-09 14:10:15.636  3757 32083 D AudioService: getStreamVolume 3 index 130
01-09 14:10:15.638  3757 32084 D SamsungAlarmManager: setInexact Intent (T:2/F:0/AC:false) 19301028T072245 - CU:10014/CP:5918
01-09 14:10:15.658  3757  3757 I SurveyLogManager: mDeviceInfo.mScreen = true
01-09 14:10:15.659  5024  5341 D TP/MmsProvider: query uri=content://mms/299/addr, match=13, calling pid = 7345
01-09 14:10:15.664  5024  5341 D TP/MmsProvider: query uri=content://mms/299/addr, match=13:Elapsed time : 4.299 ms
01-09 14:10:15.671  3237  7881 D audio_hw_primary: start_input_stream (0xe609f000) in->config.rate:48000 in->config.format:0
01-09 14:10:15.671  3237  7881 D PreProcess: new SamsungRecord
01-09 14:10:15.671  3237  7881 D PreProcess: new NS
01-09 14:10:15.672  3237  7881 I samsungRecord: [samsungrecord] SamsungRecInit 
01-09 14:10:15.672  3237  7881 D AudioInfo: can not find AudioDataPath for fileName:/miccalib.txt
01-09 14:10:15.672  3237  7881 I samsungRecord: [samsungrecordMIC]Use HardCoding Values
01-09 14:10:15.673  3237  7881 I samsungRecord: [samsungrecordMIC]Use HardCoding Values
01-09 14:10:15.673  4616  4616 D LockIcon: state = 0, mLastState = 0, mDeviceInteractive = true, mLastDeviceInteractive = true, mScreenOn = true, mLastScreenOn = false,  force = false
01-09 14:10:15.675  3237  7881 D AudioInfo: can not find AudioDataPath for fileName:/samsungrec.txt
01-09 14:10:15.675  3757  9599 I LightSensor: Light old sensor_state 128, new sensor_state : 640 en : 1
01-09 14:10:15.675  3237  7881 I samsungRecord: [samsungrecord]Use HardCoding Values
01-09 14:10:15.676  3237  7881 D SamsungRecord_NS: [SamsungRecord_NS] Init SR 16000
01-09 14:10:15.676  3237  7881 D SamsungRecord_NS: [SamsungRecord_NS] getLevel inputsource 6, ret_level 3
01-09 14:10:15.676  3237  7881 I samsungRecord: [samsungrecord] MicCalonoff 1
01-09 14:10:15.676  3237  7881 I audio_hw_primary: is_voice_wakeup : ret =  0  , wakeup_baby_cry_enabled = 0  ,  wakeup_mic_enabled = 0 
01-09 14:10:15.676  3237  7881 V audio_hw_primary: select_devices output_scenario:-1 input_scenario:28 out_snd_device 0x0 in_snd_device:0xb
01-09 14:10:15.676  3237  7881 I audio_route: > audio_route_reset :
01-09 14:10:15.677  3237  7881 I audio_route: > audio_route_apply_path : "recognition-mic"
01-09 14:10:15.684 11375 11375 I BeaconManager: BeaconManager.onReceive - receive Action : android.intent.action.SCREEN_ON
01-09 14:10:15.684 11375 11375 D BeaconManager: BeaconManager.onReceive - end
01-09 14:10:15.686 11375 11405 I BeaconManager: BeaconManager.BeaconManagerWorkHandler - BroadcastReceiver onReceive start
01-09 14:10:15.686 11375 11405 D BeaconManager: BeaconManager.BeaconManagerWorkHandler - mScreenObserver action:android.intent.action.SCREEN_ON
01-09 14:10:15.686  3757  9599 D SensorManager: registerListener :: 6, TMD4903 RGB Sensor, 200000, 0,  
01-09 14:10:15.687 11668 11668 D oneconnect[1.0.00-39][100000039] : QcManager.mReceiver - LCD ON
01-09 14:10:15.688 11375 11405 D BeaconManager: AppControlManager.screenOnIntentReceived - start
01-09 14:10:15.688 11375 11405 D BeaconManager: AppControlManager.screenOnIntentReceived - end
01-09 14:10:15.688 11375 11405 D BeaconManager: EasySetupManager.screenOnIntentReceived - start
01-09 14:10:15.688 11375 11405 D BeaconManager: EasySetupManager.screenOnIntentReceived - end
01-09 14:10:15.688 11375 11405 D BeaconManager: BleScanHelper.screenOnIntentReceived - start
01-09 14:10:15.693  3237  7881 V audio_hw_primary: select_devices() input_route "recognition-mic" 
01-09 14:10:15.693  3237  7881 I audio_route: > audio_route_apply_path : "gain-recognition-mic"
01-09 14:10:15.693  3237  7881 V audio_hw_primary: select_devices() input_gain "gain-recognition-mic" 
01-09 14:10:15.693  3237  7881 I audio_route: > audio_route_update_mixer : +
01-09 14:10:15.693  3237  7881 I audio_route: > audio_route_update_mixer : changed(0) -
01-09 14:10:15.694  3237  7881 I audio_hw_primary: select_devices - 
01-09 14:10:15.694  3237  7881 V audio_hw_primary: start_input_stream -
01-09 14:10:15.699  5024 27597 D TP/MmsProvider: query uri=content://mms/297/addr, match=13, calling pid = 7345
01-09 14:10:15.701 11375 11405 D BeaconManager: BleScanHelper.mBroadcastReceiver - Action: android.intent.action.SCREEN_ON, user: 0
01-09 14:10:15.701 11375 11405 V BeaconManager: BleScanHelper.startBleScan - startBleScan
01-09 14:10:15.703  5024 27597 D TP/MmsProvider: query uri=content://mms/297/addr, match=13:Elapsed time : 4.776 ms
01-09 14:10:15.703 11375 11405 D BluetoothAdapter: STATE_BLE_ON
01-09 14:10:15.704 11375 11405 D BeaconManager: BleScanHelper.screenOnIntentReceived - end
01-09 14:10:15.704 11375 11405 I BeaconManager: BeaconManager.BeaconManagerWorkHandler - BroadcastReceiver onReceive end
01-09 14:10:15.705 11375 11406 D BeaconManager: BleScanHelper.MSG_CALL_START_LESCAN - ($)isFilterScanFailed/discovering:false/true
01-09 14:10:15.706 11375 11406 D BluetoothAdapter: STATE_BLE_ON
01-09 14:10:15.707 11375 11406 D BluetoothAdapter: STATE_BLE_ON
01-09 14:10:15.708 11375 11406 D BluetoothAdapter: appoCount is = 0
01-09 14:10:15.709 11375 11406 I BeaconManager: BleScanHelper.directStopLeScan - call BleScanner.stopScan()
01-09 14:10:15.710  3757 12257 E LocSvc_libulp: I/int ulp_msg_process_system_update(const UlpSystemEvent): systemEvent:0 
01-09 14:10:15.710  3757 12257 E LocSvc_libulp: I/int ulp_msg_process_start_req(), at ulp state = 1
01-09 14:10:15.710 11375 11406 D BluetoothAdapter: STATE_BLE_ON
01-09 14:10:15.711 11375 11406 D BluetoothAdapter: appoCount is = 0
01-09 14:10:15.712 11375 11406 D BluetoothAdapter: STATE_BLE_ON
01-09 14:10:15.712 11375 11406 D BluetoothLeScanner: Stop Scan
01-09 14:10:15.713  3757  4469 D ConnectivityService: filterNetworkStateForUid() uid: 5008 networkInfo: [type: WIFI[] - WIFI, state: CONNECTED/CONNECTED, reason: (unspecified), extra: "wilkinson2.4", failover: false, available: true, roaming: false, metered: false]
01-09 14:10:15.713  4561  4580 D BtGatt.GattService: stopScan() - queue size =1
01-09 14:10:15.714  4561  4580 D BtGatt.GattService: stopScan() - queue size =1
01-09 14:10:15.715  4561  5184 E BtGatt.GattService: [GSIM LOG]: gsimLogHandler: android.uid.bcmgr, msg: MESSAGE_STOP_SCAN
01-09 14:10:15.716  4561  4576 D BtGatt.GattService: unregisterClient() - clientIf=4
01-09 14:10:15.718 11359 11359 D Receiver_Screen: ACTION_SCREEN_ON
01-09 14:10:15.718  4561  5167 D BtGatt.ScanManager: stop scan
01-09 14:10:15.718  4561  5167 D BtGatt.ScanManager: delete FilterIndex - 21
01-09 14:10:15.729  4561  4688 D BtGatt.GattService: onScanFilterParamsConfigured() - clientIf=4, status=0, action=1, availableSpace=31
01-09 14:10:15.729  4561  4688 D BtGatt.ScanManager: callback done for clientIf - 4 status - 0
01-09 14:10:15.729  3757  4473 D AudioService: getStreamVolume 3 index 130
01-09 14:10:15.729  4561  5167 D BtGatt.ScanManager: delete FilterIndex - 25
01-09 14:10:15.731  3757 29839 D AudioService: getStreamVolume 3 index 130
01-09 14:10:15.732  4561  4688 D BtGatt.GattService: onScanFilterParamsConfigured() - clientIf=4, status=0, action=1, availableSpace=32
01-09 14:10:15.732  4561  4688 D BtGatt.ScanManager: callback done for clientIf - 4 status - 0
01-09 14:10:15.733  4561  5167 D BtGatt.ScanManager: configureRegularScanParams() - queue=0
01-09 14:10:15.733  4561  5167 D BtGatt.ScanManager: configureRegularScanParams() - ScanSetting Scan mode=-2147483648 mLastConfiguredScanSetting=100
01-09 14:10:15.733  4561  5167 D BtGatt.ScanManager: configureRegularScanParams() - queue emtpy, scan stopped
01-09 14:10:15.746  5024 29628 D TP/MmsProvider: query uri=content://mms/296/addr, match=13, calling pid = 7345
01-09 14:10:15.749  3757  4473 D AudioService: getStreamVolume 3 index 130
01-09 14:10:15.753  5024 29628 D TP/MmsProvider: query uri=content://mms/296/addr, match=13:Elapsed time : 6.461 ms
01-09 14:10:15.768  3757  4355 D SamsungAlarmManager: setInexact Intent (T:1/F:8/AC:false) 20190109T144015 - CU:1000/CP:3757
01-09 14:10:15.788  3757 29841 D CompatibilityInfo: mCompatibilityFlags - 0
01-09 14:10:15.788  3757 29841 D CompatibilityInfo: applicationDensity - 420
01-09 14:10:15.788  3757 29841 D CompatibilityInfo: applicationScale - 1.0
01-09 14:10:15.792  3757  4550 D PowerManagerService: [PWL] sb release: PowerManagerService.Broadcasts
01-09 14:10:15.797  3757  7202 D AudioService: getStreamVolume 3 index 130
01-09 14:10:15.799  3757 10512 D AudioService: getStreamVolume 3 index 130
01-09 14:10:15.800  3757  7886 E BatteryStatsService: no controller energy info supplied
01-09 14:10:15.802  3757 31270 D AudioService: getStreamVolume 3 index 130
01-09 14:10:15.804  3757  4469 D AudioService: getStreamVolume 3 index 130
01-09 14:10:15.817 11375 11406 I BeaconManager: BleScanHelper.startBleScan - Start filter Scan(SCREEN_ON)
01-09 14:10:15.818 11375 11406 D BeaconManager: BleScanHelper.printFilterCondition - mLcdOnScanInterval: 2
01-09 14:10:15.818 11375 11406 D BeaconManager: BleScanHelper.printFilterCondition - Filter: 010002000001, Mask:ffffff0000ff
01-09 14:10:15.818 11375 11406 D BeaconManager: BleScanHelper.printFilterCondition - Filter: 010002000001, Mask:ffffff0000ff
01-09 14:10:15.818 11375 11406 D BeaconManager: BleScanHelper.printFilterCondition - Filter: 42090104000200000021, Mask:ffffffff0002000000a1
01-09 14:10:15.818 11375 11406 D BeaconManager: BleScanHelper.printFilterCondition - Filter: 4204010200, Mask:fffffdee40
01-09 14:10:15.820 11375 11406 D BluetoothLeScanner: Start Scan
01-09 14:10:15.820  7370   835 I DiscoveryManager: Filter criteria(%urn:x-cast:com.google.cast.media) scannerFlags(2)
01-09 14:10:15.822 11375 11406 D BluetoothAdapter: STATE_BLE_ON
01-09 14:10:15.824  5024  7785 D TP/MmsProvider: query uri=content://mms/294/addr, match=13, calling pid = 7345
01-09 14:10:15.827  3757  4440 D ConnectivityService: filterNetworkStateForUid() uid: 10014 networkInfo: [type: WIFI[] - WIFI, state: CONNECTED/CONNECTED, reason: (unspecified), extra: "wilkinson2.4", failover: false, available: true, roaming: false, metered: false]
01-09 14:10:15.827 11375 11406 D BluetoothAdapter: appoCount is = 0
01-09 14:10:15.827  3757  7886 E BatteryStatsService: modem info is invalid: ModemActivityInfo{ mTimestamp=0 mSleepTimeMs=0 mIdleTimeMs=0 mTxTimeMs[]=[0, 0, 0, 0, 0] mRxTimeMs=0 mEnergyUsed=0}
01-09 14:10:15.828  5024  7785 D TP/MmsProvider: query uri=content://mms/294/addr, match=13:Elapsed time : 3.372 ms
01-09 14:10:15.828 11375 11406 D BluetoothAdapter: STATE_BLE_ON
01-09 14:10:15.831 11375 11406 D BluetoothAdapter: STATE_BLE_ON
01-09 14:10:15.832  3757 31269 D AudioService: getStreamVolume 3 index 130
01-09 14:10:15.834  3757  7205 D AudioService: getStreamVolume 3 index 130
01-09 14:10:15.834 11375 11406 D BluetoothAdapter: STATE_BLE_ON
01-09 14:10:15.835 11375 11406 D BluetoothAdapter: appoCount is = 0
01-09 14:10:15.836  3757  7202 D AudioService: getStreamVolume 3 index 130
01-09 14:10:15.837  4561  4580 D BtGatt.GattService: registerClient() - UUID=218d05bb-d74c-4779-82cf-684b069087dc
01-09 14:10:15.838  3757 31270 D AudioService: getStreamVolume 3 index 130
01-09 14:10:15.843  3757 29841 D AudioService: getStreamVolume 3 index 130
01-09 14:10:15.852  5024 29627 D TP/MmsProvider: query uri=content://mms/292/addr, match=13, calling pid = 7345
01-09 14:10:15.855  5024 29627 D TP/MmsProvider: query uri=content://mms/292/addr, match=13:Elapsed time : 3.162 ms
01-09 14:10:15.862  3227  3261 D Sensorhubs: readContextData: 1, 1, 7, 0
01-09 14:10:15.862  3757  4361 D SensorHubManager: onGetSensorHubDataLocked: library(4) = 1, 1, 7, 0
01-09 14:10:15.864  3757  4360 D CAE     : onGetSensorHubData(SensorHubParserProvider.java:94) - onGetSensorHubData Event [event buffer len :4], AP_WAKEUP
01-09 14:10:15.864  3757  4360 I CAE     : parse(SensorHubParserProvider.java:196) - buffer size = 4
01-09 14:10:15.865  3757  4360 I CAE     : parse(SensorHubParserProvider.java:207) - 1, 1, 7, 0,
01-09 14:10:15.865  3757  4360 D CAE     : display(ContextProvider.java:375) - ================= AUTO_ROTATION =================
01-09 14:10:15.866  3757  5063 D WifiScanController: isNLPPackage:com.google.android.gms, true
01-09 14:10:15.866  3757  4360 I CAE     : display(ContextProvider.java:391) - Angle=[0]
01-09 14:10:15.867  3757  4364 D SemContextService: updateContext() : event = Auto Rotation
01-09 14:10:15.867  3757  3757 D SemContextManager: onSemContextChanged() : event = Auto Rotation Angle : 0
01-09 14:10:15.867  3757  3757 D SContextManager: onSContextChanged() : event = Auto Rotation Angle : 0
01-09 14:10:15.868  3757  3757 V WindowOrientationListener: OrientationSensorJudge.onSContextChanged, Rotation: 0
01-09 14:10:15.868  3757  3775 V WindowOrientationListener: OrientationSensorJudge.getProposedRotation, Rotation: 0
01-09 14:10:15.868  3757  3775 V WindowOrientationListener: OrientationSensorJudge.getProposedRotation, Rotation: 0
01-09 14:10:15.868  3757  3775 V WindowManager: rotationForOrientationLw(orient=5, last=0); user=0  sensorRotation=0 mLidState=-1 mDockMode=0 mHdmiPlugged=false
01-09 14:10:15.869  3757  4458 I WifiScanController: location is disabled
01-09 14:10:15.870  3757  4530 E WifiWatchdogStateMachine: Unhandled message { when=0 what=135229 target=com.android.internal.util.StateMachine$SmHandler } in state ValidNonSwitchableState
01-09 14:10:15.872 21778 21778 I wpa_supplicant: wlan0: Setting scan request: 0 sec 0 usec
01-09 14:10:15.873 21778 21778 I wpa_supplicant: P2P: Current p2p state = IDLE
01-09 14:10:15.876 21778 21778 I wpa_supplicant: Scan requested (ret=0) - scan timeout 30 seconds
01-09 14:10:15.881  3757  4486 D SamsungAlarmManager: setInexact Listener (T:2/F:8/AC:false) 20190109T141030 - CU:1000/CP:3757
01-09 14:10:15.882  3757  4332 I LightSensor: #>LightSensor r=26 g=13 b=14 c=31 atime=245 again=64 lux=10
01-09 14:10:15.882  3757  3757 D SSRM:a  : Light : 10 lux
01-09 14:10:15.883  3757  3757 I LightSensor: Light old sensor_state 640, new sensor_state : 128 en : 0
01-09 14:10:15.892  3757  3757 D SensorManager: unregisterListener ::   
01-09 14:10:15.893  5024  6911 D TP/MmsProvider: query uri=content://mms/290/addr, match=13, calling pid = 7345
01-09 14:10:15.896  3757  7216 D ConnectivityService: filterNetworkStateForUid() uid: 10014 networkInfo: [type: WIFI[] - WIFI, state: CONNECTED/CONNECTED, reason: (unspecified), extra: "wilkinson2.4", failover: false, available: true, roaming: false, metered: false]
01-09 14:10:15.897  5024  6911 D TP/MmsProvider: query uri=content://mms/290/addr, match=13:Elapsed time : 4.389 ms
01-09 14:10:15.903  5689  5689 D io_stats: !@   8,0 r 1233879 38103588 w 1107815 25031796 d 174684 13615120 f 314082 313999 iot 1858480 1004707 th 61440 61440 60352 pt 8060 inp 0 0 101369.192
01-09 14:10:15.912  7370   835 I MiniDeviceController: [MiniDeviceController-1] ACTIVATE (XBR-65X900E) FA8FFA044DDD
01-09 14:10:15.912  7370   835 I MiniDeviceController: [MiniDeviceController-1] connecting to /192.168.1.9
01-09 14:10:15.920  3757  7203 D CompatibilityInfo: mCompatibilityFlags - 0
01-09 14:10:15.920  3757  7203 D CompatibilityInfo: applicationDensity - 420
01-09 14:10:15.920  3757  7203 D CompatibilityInfo: applicationScale - 1.0
01-09 14:10:15.933  3757  6272 D AudioService: getStreamVolume 3 index 130
01-09 14:10:15.936  3757  7203 D AudioService: getStreamVolume 3 index 130
01-09 14:10:15.938  3757 32085 D ConnectivityService: filterNetworkStateForUid() uid: 10014 networkInfo: [type: WIFI[] - WIFI, state: CONNECTED/CONNECTED, reason: (unspecified), extra: "wilkinson2.4", failover: false, available: true, roaming: false, metered: false]
01-09 14:10:15.940  5024  5041 D TP/MmsProvider: query uri=content://mms/289/addr, match=13, calling pid = 7345
01-09 14:10:15.943  4561  4688 D BtGatt.GattService: onClientRegistered() - UUID=218d05bb-d74c-4779-82cf-684b069087dc, clientIf=4, status=0
01-09 14:10:15.945  5024  5041 D TP/MmsProvider: query uri=content://mms/289/addr, match=13:Elapsed time : 4.379 ms
01-09 14:10:15.945  3757  7886 I BarTender:BatteryStatsDumper: writing to daily db completed
01-09 14:10:15.947  3757  4458 D WifiHAL : Setting APF program, halHandle = 0x7824e3cc80
01-09 14:10:15.947  3757  4458 I WifiHAL : 
01-09 14:10:15.947  3757  4458 I WifiHAL : createRequest: APF set program request
01-09 14:10:15.947 11375 25564 D BluetoothLeScanner: onClientRegistered() - status=0 clientIf=4 mClientIf=0
01-09 14:10:15.949  4561  4576 D BtGatt.GattService: start scan with filters
01-09 14:10:15.949  3757  4458 I WifiHAL : Done!
01-09 14:10:15.951  3757  5901 D AudioService: getStreamVolume 3 index 130
01-09 14:10:15.952  4561  4576 D BluetoothAdapter: STATE_BLE_ON
01-09 14:10:15.953  4561  4576 D BluetoothAdapter: appoCount is = 0
01-09 14:10:15.953  4561  4576 D BluetoothAdapter: STATE_BLE_ON
01-09 14:10:15.954  4561  4576 D BtGatt.GattService: getScanSettings
01-09 14:10:15.955  4561  4576 D BtGatt.GattService: Is it foreground application = false
01-09 14:10:15.955  4561  4576 D BtGatt.GattService: Its a background application running with Low Power scan mode
01-09 14:10:15.957  3757  7886 I BarTender:BatteryStatsDumper: writing to weekly db completed
01-09 14:10:15.957  3757  7886 I BarTender:BatteryStatsDumper: refreshstats completed
01-09 14:10:15.957  3757  7886 I BarTender:GATHERERBATTSTATS: set - time:1547061015957
01-09 14:10:15.958  3757  7886 I BarTender:ANALYZERBATTSTATS: Observer from Gatherer - time:1547061015957
01-09 14:10:15.958  3757  4355 I BarTender:ANALYZERBATTSTATS: MSG_TYPE_BARTENDER_CHECK_POWER::
01-09 14:10:15.958  3757  4355 I BarTender:BatteryStatsDBHelper: checkForPowerThreshold called : 1547061015957
01-09 14:10:15.960  4561  5184 E BtGatt.GattService: [GSIM LOG]: gsimLogHandler: android.uid.bcmgr, msg: MESSAGE_START_SCAN
01-09 14:10:15.962  4561  5167 D BtGatt.ScanManager: handling starting scan
01-09 14:10:15.963  4561  5167 D BluetoothAdapter: STATE_BLE_ON
01-09 14:10:15.964  4561  5167 D BluetoothAdapter: STATE_BLE_ON
01-09 14:10:15.965  4561  5167 D BluetoothAdapter: appoCount is = 0
01-09 14:10:15.966  4561  5167 D BluetoothAdapter: STATE_BLE_ON
01-09 14:10:15.967  4561  5167 D BluetoothAdapter: STATE_BLE_ON
01-09 14:10:15.968  4561  5167 D BluetoothAdapter: appoCount is = 0
01-09 14:10:15.969  4561  5167 D BluetoothAdapter: STATE_BLE_ON
01-09 14:10:15.969  4561  5167 D BluetoothAdapter: STATE_BLE_ON
01-09 14:10:15.970  4561  5167 D BluetoothAdapter: appoCount is = 0
01-09 14:10:15.972  4561  4688 D BtGatt.GattService: onScanFilterEnableDisabled() - clientIf=4, status=0, action=1
01-09 14:10:15.972  4561  4688 D BtGatt.ScanManager: callback done for clientIf - 4 status - 0
01-09 14:10:15.972  4561  5167 D BtGatt.ScanManager: set filter index= 17 for clientIf= 4
01-09 14:10:15.973  4561  5167 D BtGatt.ScanManager: addFilterToController: 5
01-09 14:10:15.973  5024 29628 D TP/MmsProvider: query uri=content://mms/288/addr, match=13, calling pid = 7345
01-09 14:10:15.974  4561  4688 D BtGatt.GattService: onScanFilterConfig() - clientIf=4, action = 0 status = 0, filterType=5, availableSpace=47
01-09 14:10:15.976  4561  4688 D BtGatt.ScanManager: callback done for clientIf - 4 status - 0
01-09 14:10:15.976  4561  5167 D BtGatt.ScanManager: High Rssi Filter value is = -128
01-09 14:10:15.976  4561  5167 D BtGatt.ScanManager: Low Rssi Filter value is = -128
01-09 14:10:15.977  4561  5167 D BtGatt.ScanManager: configureFilterParamter 500 10000 1 0scanFilterRssiThreshold = -128trackableScanFilterRssiThreshold = -128matchmode is =1
01-09 14:10:15.978  5024 29628 D TP/MmsProvider: query uri=content://mms/288/addr, match=13:Elapsed time : 4.920 ms
01-09 14:10:15.979  4561  4688 D BtGatt.GattService: onScanFilterParamsConfigured() - clientIf=4, status=0, action=0, availableSpace=31
01-09 14:10:15.979  4561  4688 D BtGatt.ScanManager: callback done for clientIf - 4 status - 0
01-09 14:10:15.979  4561  5167 D BtGatt.ScanManager: set filter index= 18 for clientIf= 4
01-09 14:10:15.979  4561  5167 D BtGatt.ScanManager: addFilterToController: 5
01-09 14:10:15.981  4561  4688 D BtGatt.GattService: onScanFilterConfig() - clientIf=4, action = 0 status = 0, filterType=5, availableSpace=46
01-09 14:10:15.981  4561  4688 D BtGatt.ScanManager: callback done for clientIf - 4 status - 0
01-09 14:10:15.982  4561  5167 D BtGatt.ScanManager: High Rssi Filter value is = -128
01-09 14:10:15.982  4561  5167 D BtGatt.ScanManager: Low Rssi Filter value is = -128
01-09 14:10:15.982  4561  5167 D BtGatt.ScanManager: configureFilterParamter 500 10000 1 0scanFilterRssiThreshold = -128trackableScanFilterRssiThreshold = -128matchmode is =1
01-09 14:10:15.983  7370 14694 I DeviceScanner: [MDNS] Received response from "XBR-65X900E" (ee56c6c0d568db6554fde8c12f22184a) with result "1 New device"
01-09 14:10:15.983  4561  4688 D BtGatt.GattService: onScanFilterParamsConfigured() - clientIf=4, status=0, action=0, availableSpace=30
01-09 14:10:15.984  4561  4688 D BtGatt.ScanManager: callback done for clientIf - 4 status - 0
01-09 14:10:15.986  4561  5167 D BtGatt.ScanManager: set filter index= 20 for clientIf= 4
01-09 14:10:15.986  4561  5167 D BtGatt.ScanManager: addFilterToController: 5
01-09 14:10:15.987  4561  4688 D BtGatt.GattService: onScanFilterConfig() - clientIf=4, action = 0 status = 0, filterType=5, availableSpace=45
01-09 14:10:15.988  4561  4688 D BtGatt.ScanManager: callback done for clientIf - 4 status - 0
01-09 14:10:15.988  4561  5167 D BtGatt.ScanManager: High Rssi Filter value is = -128
01-09 14:10:15.988  4561  5167 D BtGatt.ScanManager: Low Rssi Filter value is = -128
01-09 14:10:15.988  4561  5167 D BtGatt.ScanManager: configureFilterParamter 500 10000 1 0scanFilterRssiThreshold = -128trackableScanFilterRssiThreshold = -128matchmode is =1
01-09 14:10:15.990  4561  4688 D BtGatt.GattService: onScanFilterParamsConfigured() - clientIf=4, status=0, action=0, availableSpace=29
01-09 14:10:15.990  4561  4688 D BtGatt.ScanManager: callback done for clientIf - 4 status - 0
01-09 14:10:15.990  4561  5167 D BtGatt.ScanManager: set filter index= 22 for clientIf= 4
01-09 14:10:15.990  4561  5167 D BtGatt.ScanManager: addFilterToController: 5
01-09 14:10:15.993  4561  4688 D BtGatt.GattService: onScanFilterConfig() - clientIf=4, action = 0 status = 0, filterType=5, availableSpace=44
01-09 14:10:15.993  4561  4688 D BtGatt.ScanManager: callback done for clientIf - 4 status - 0
01-09 14:10:15.993  4561  5167 D BtGatt.ScanManager: High Rssi Filter value is = -128
01-09 14:10:15.993  4561  5167 D BtGatt.ScanManager: Low Rssi Filter value is = -128
01-09 14:10:15.994  4561  5167 D BtGatt.ScanManager: configureFilterParamter 500 10000 1 0scanFilterRssiThreshold = -128trackableScanFilterRssiThreshold = -128matchmode is =1
01-09 14:10:15.996  4561  4688 D BtGatt.GattService: onScanFilterParamsConfigured() - clientIf=4, status=0, action=0, availableSpace=28
01-09 14:10:15.996  4561  4688 D BtGatt.ScanManager: callback done for clientIf - 4 status - 0
01-09 14:10:15.997  4561  5167 D BtGatt.ScanManager: configureRegularScanParams() - queue=1
01-09 14:10:15.997  4561  5167 I BtGatt.ScanManager: custom scan scanMode = 100
01-09 14:10:15.997  4561  5167 I BtGatt.ScanManager: New scan mode custom scan scanInterval = 3120scanWindow = 160
01-09 14:10:15.997  4561  5167 E BtGatt.ScanManager: default value of curScanSetting 0 is choosen
01-09 14:10:15.997  4561  5167 I BtGatt.ScanManager: newScanMode = 5newcurScanSetting = 0
01-09 14:10:15.997  4561  5167 I BtGatt.ScanManager: comparing = 5 with = 0
01-09 14:10:15.997  4561  5167 D BtGatt.ScanManager: configureRegularScanParams() - ScanSetting Scan mode=100 mLastConfiguredScanSetting=-2147483648
01-09 14:10:15.997  4561  5167 D BtGatt.ScanManager: configureRegularScanParams - scanInterval = 4992configureRegularScanParams - scanWindow = 256
01-09 14:10:15.998  4561  4688 D BtGatt.GattService: onScanParamSetupCompleted() status=0, clientIf=4
01-09 14:10:15.999  4561  4688 D BtGatt.GattService: onScanParamSetupCompleted : 0
01-09 14:10:16.000  7370  7370 V MediaRouter: Dispatching route change: UserRouteInfo{ name=null, description=null, status=null, category=RouteCategory{ name=Devices types=ROUTE_TYPE_USER  groupable=false }, supportedTypes=ROUTE_TYPE_USER , presentationDisplay=null }
01-09 14:10:16.001  7370  7370 V MediaRouter: Dispatching route change: UserRouteInfo{ name=XBR-65X900E, description=null, status=null, category=RouteCategory{ name=Devices types=ROUTE_TYPE_USER  groupable=false }, supportedTypes=ROUTE_TYPE_USER , presentationDisplay=null }
01-09 14:10:16.001  7370  7370 V MediaRouter: Dispatching route change: UserRouteInfo{ name=XBR-65X900E, description=BRAVIA 4K GB, status=null, category=RouteCategory{ name=Devices types=ROUTE_TYPE_USER  groupable=false }, supportedTypes=ROUTE_TYPE_USER , presentationDisplay=null }
01-09 14:10:16.001  7370  7370 V MediaRouter: Adding route: UserRouteInfo{ name=XBR-65X900E, description=BRAVIA 4K GB, status=null, category=RouteCategory{ name=Devices types=ROUTE_TYPE_USER  groupable=false }, supportedTypes=ROUTE_TYPE_USER , presentationDisplay=null }
01-09 14:10:16.004  3757  7216 D AudioService: getStreamVolume 3 index 130
01-09 14:10:16.006  3757  2858 D AudioService: getStreamVolume 3 index 130
01-09 14:10:16.012  4616  4823 D NetworkController.MobileSignalController(0/1): onSignalStrengthsChanged signalStrength=SignalStrength: 99 99 -120 -160 -120 -1 -1 14 -123 -17 -43 2147483647 2147483647 0x1000 gsm|lte level=1
01-09 14:10:16.012  4616  4823 D NetworkController.MobileSignalController(0/1): getMobileIconGroup(): 13
01-09 14:10:16.013  4616  4823 D NetworkController.MobileSignalController(0/1): updateVZWMobileIconGroup(): 13
01-09 14:10:16.016  3757  5901 D AudioService: getStreamVolume 3 index 130
01-09 14:10:16.020  3757  3770 D AudioService: getStreamVolume 3 index 130
01-09 14:10:16.020  5035  5670 D EPDG -- [SMARTWIFI]: onSignalStrengthsChanged: Received signal strength change, phone type is: 2
01-09 14:10:16.021  5035  6446 D EPDG -- [SMARTWIFI]: lastLteRSRP is -119currentLteRSRP is -123
01-09 14:10:16.021  5035  6446 D EPDG -- [SMARTWIFI]: lastLteRSRQ is -17currentLteRSRQ is -17
01-09 14:10:16.021  5035  6446 D EPDG -- [SMARTWIFI]: lastCdmaDb is -16currentCdmaDb is -16
01-09 14:10:16.021  5035  6446 V EPDG -- [SMARTWIFI]: Radio oldest entry removed
01-09 14:10:16.021  5035  6446 V EPDG -- [SMARTWIFI]: New entry : (SignalStrength: 99 99 -120 -160 -120 -1 -1 14 -123 -17 -43 2147483647 2147483647 0x1000 gsm|lte : 0 )
01-09 14:10:16.021  5035  6446 V EPDG -- [SMARTWIFI]: Radio entry added
01-09 14:10:16.021  5024  7823 D TP/MmsProvider: query uri=content://mms/287/addr, match=13, calling pid = 7345
01-09 14:10:16.024  4616  4823 D NetworkController.MobileSignalController(0/1): callState:0, callStateByPhone:false voLTECall:false voiceNetTpe:13 dataNetType:13, ine911:false, emergencyCallbackMode:false
01-09 14:10:16.025  5024  7823 D TP/MmsProvider: query uri=content://mms/287/addr, match=13:Elapsed time : 3.400 ms
01-09 14:10:16.034  3757  5902 D AudioService: getStreamVolume 3 index 130
01-09 14:10:16.035  3757 29839 D AudioService: getStreamVolume 3 index 130
01-09 14:10:16.037  3757 29841 D AudioService: getStreamVolume 3 index 130
01-09 14:10:16.040  3757  2858 D AudioService: getStreamVolume 3 index 130
01-09 14:10:16.047  3757 10496 D AudioService: getStreamVolume 3 index 130
01-09 14:10:16.054  5024  7785 D TP/MmsProvider: query uri=content://mms/285/addr, match=13, calling pid = 7345
01-09 14:10:16.058  5024  7785 D TP/MmsProvider: query uri=content://mms/285/addr, match=13:Elapsed time : 3.414 ms
01-09 14:10:16.088  5024  6242 D TP/MmsProvider: query uri=content://mms/283/addr, match=13, calling pid = 7345
01-09 14:10:16.092  5024  6242 D TP/MmsProvider: query uri=content://mms/283/addr, match=13:Elapsed time : 3.312 ms
01-09 14:10:16.116  5024 20906 D TP/MmsProvider: query uri=content://mms/281/addr, match=13, calling pid = 7345
01-09 14:10:16.120  5024 20906 D TP/MmsProvider: query uri=content://mms/281/addr, match=13:Elapsed time : 3.763 ms
01-09 14:10:16.121  3757  3774 D MountService: getExternalStorageMountMode : 1
01-09 14:10:16.122  3757  3774 D MountService: getExternalStorageMountMode : 3
01-09 14:10:16.122  3757  3774 D MountService: getExternalStorageMountMode : final mountMode=1, uid : 1000, packageName : com.samsung.android.spayfw
01-09 14:10:16.135  3757  5063 D AudioService: getStreamVolume 3 index 130
01-09 14:10:16.137  3757  7206 D AudioService: getStreamVolume 3 index 130
01-09 14:10:16.145  3757  3774 I ActivityManager: Start proc 7900:com.samsung.android.spayfw/1000 for service com.samsung.android.spayfw/com.samsung.contextservice.system.ContextService
01-09 14:10:16.147  7370 14694 I MiniDeviceController: [MiniDeviceController-1] Sending text message to XBR-65X900E: (ns=urn:x-cast:com.google.cast.tp.connection, dest=receiver-0) {"type":"CONNECT","package":"gms_cast_prober","origin":{}}
01-09 14:10:16.147  7370 14694 I MiniDeviceController: [MiniDeviceController-1] Sending text message to XBR-65X900E: (ns=urn:x-cast:com.google.cast.receiver, dest=receiver-0) {"type":"GET_STATUS","requestId":2}
01-09 14:10:16.147  7370 14694 I MiniDeviceController: [MiniDeviceController-1] Sending text message to XBR-65X900E: (ns=urn:x-cast:com.google.cast.receiver.discovery, dest=receiver-0) {"requestId":3,"type":"GET_DEVICE_INFO"}
01-09 14:10:16.153  3757 29842 D AudioService: getStreamVolume 3 index 130
01-09 14:10:16.155  3268  5563 D bauth_FPBAuthService: pcf : 0x1012
01-09 14:10:16.155  3268  5563 D bauth_FPBAuthService: thread id : 1, preenroll_flag : 0, nd cnt : 0
01-09 14:10:16.156  3268  5563 D bauth_FPBAuthService: FPBAuthService, 7265
01-09 14:10:16.157  7900  7900 E Zygote  : v2
01-09 14:10:16.157  7900  7900 I libpersona: KNOX_SDCARD checking this for 1000
01-09 14:10:16.157  7900  7900 I libpersona: KNOX_SDCARD not a persona
01-09 14:10:16.159  7900  7900 E Zygote  : accessInfo : 0
01-09 14:10:16.162  7900  7900 W SELinux : SELinux selinux_android_compute_policy_index : Policy Index[2],  Con:u:r:zygote:s0 RAM:SEPF_SECMOBILE_7.0_0009, [-1 -1 -1 -1 0 1]
01-09 14:10:16.165  7900  7900 I SELinux : SELinux: seapp_context_lookup: seinfo=spay, pkgname=com.samsung.android.spayfw 
01-09 14:10:16.171  5024 29626 D TP/MmsProvider: query uri=content://mms/279/addr, match=13, calling pid = 7345
01-09 14:10:16.173  7370 14694 I MiniDeviceController: [MiniDeviceController-1] Discovery info: {"controlNotifications":1,"deviceCapabilities":2053,"deviceIconUrl":"\/setup\/icon.png","deviceId":"ee56c6c0d568db6554fde8c12f22184a","deviceModel":"BRAVIA 4K GB","friendlyName":"XBR-65X900E","receiverMetricsId":"0703DE217FF763AB","requestId":3,"type":"DEVICE_INFO","wifiProximityId":"FA8FFA044DDD"}
01-09 14:10:16.175  5024 29626 D TP/MmsProvider: query uri=content://mms/279/addr, match=13:Elapsed time : 3.292 ms
01-09 14:10:16.176  7370 14694 I TcpDeviceProber: notifyProberSuccess Device("XBR-65X900E" (ee56c6c0d568db6554fde8c12f22184a)) supportedCriteria() notSupportedCriteria(%urn:x-cast:com.google.cast.media) statusText(null)
01-09 14:10:16.188  7370 14694 I CastSocketMultiplexer: Stopping multiplexer...
01-09 14:10:16.189  7370  7370 V MediaRouter: Dispatching route change: UserRouteInfo{ name=XBR-65X900E, description=BRAVIA 4K GB, status=null, category=RouteCategory{ name=Devices types=ROUTE_TYPE_USER  groupable=false }, supportedTypes=ROUTE_TYPE_USER , presentationDisplay=null }
01-09 14:10:16.189  7370  7370 V MediaRouter: Dispatching route change: UserRouteInfo{ name=XBR-65X900E, description=BRAVIA 4K GB, status=null, category=RouteCategory{ name=Devices types=ROUTE_TYPE_USER  groupable=false }, supportedTypes=ROUTE_TYPE_USER , presentationDisplay=null }
01-09 14:10:16.194  7900  7900 D TimaKeyStoreProvider: TimaKeyStore is not enabled: cannot add TimaSignature Service and generateKeyPair Service
01-09 14:10:16.198  3757 29839 D CompatibilityInfo: mCompatibilityFlags - 0
01-09 14:10:16.198  3757 29839 D CompatibilityInfo: applicationDensity - 420
01-09 14:10:16.199  3757 29839 D CompatibilityInfo: applicationScale - 1.0
01-09 14:10:16.199  3757 29839 I ActivityManager: DSS on for com.samsung.android.spayfw and scale is 1.0
01-09 14:10:16.201  3757 29839 D CompatibilityInfo: mCompatibilityFlags - 0
01-09 14:10:16.201  3757 29839 D CompatibilityInfo: applicationDensity - 420
01-09 14:10:16.201  3757 29839 D CompatibilityInfo: applicationScale - 1.0
01-09 14:10:16.207  3757  7204 D AudioService: getStreamVolume 3 index 130
01-09 14:10:16.209  3757 29840 D AudioService: getStreamVolume 3 index 130
01-09 14:10:16.209  5024  7823 D TP/MmsProvider: query uri=content://mms/278/addr, match=13, calling pid = 7345
01-09 14:10:16.209  3757 29839 D CompatibilityInfo: mCompatibilityFlags - 0
01-09 14:10:16.209  3757 29839 D CompatibilityInfo: applicationDensity - 420
01-09 14:10:16.209  3757 29839 D CompatibilityInfo: applicationScale - 1.0
01-09 14:10:16.214  5024  7823 D TP/MmsProvider: query uri=content://mms/278/addr, match=13:Elapsed time : 4.592 ms
01-09 14:10:16.217  7638  7659 D UE4     : Used memory: 169784
01-09 14:10:16.220  3757 32083 D AudioService: getStreamVolume 3 index 130
01-09 14:10:16.223  3757  3771 D AudioService: getStreamVolume 3 index 130
01-09 14:10:16.233  3268  7841 D bauth_FPBAuthSensorControl: FPBAuthSensorControl, 474
01-09 14:10:16.233  3268  7841 D bauth_FPBAuthSensorControl: FPBAuthSensorControl, 390
01-09 14:10:16.234  3268  7841 D bauth_FPBAuthSensorControl: FPBAuthSensorControl, 432
01-09 14:10:16.234  3268  7841 D bauth_FPBAuthService: FPBAuthService, 1340
01-09 14:10:16.234  3268  7841 D bauth_FPBAuthService: FPBAuthService, 1351
01-09 14:10:16.235  3268  7841 D bauth_FPBAuthSensorControl: FPBAuthSensorControl, 552
01-09 14:10:16.235  3268  7841 D bauth_FPBAuthService: FPBAuthService, 3388
01-09 14:10:16.235  3268  7841 I TLC_BAUTH: Call FP cmd 0x6;1222
01-09 14:10:16.235  3268  7841 I tlc_communication: Send Trustlet TCI Message;214
01-09 14:10:16.235  3268  7841 I tlc_communication: mcNotify is completed;224
01-09 14:10:16.235  5024 27597 D TP/MmsProvider: query uri=content://mms/275/addr, match=13, calling pid = 7345
01-09 14:10:16.236  3757 29842 D AudioService: getStreamVolume 3 index 130
01-09 14:10:16.236  3757  4398 D InputReader: Input event(3): value=1 when=101369527151000
01-09 14:10:16.236  3757  4398 D InputReader: Input event(3): value=1 when=101369527151000
01-09 14:10:16.237  3757  4398 I InputReader: Touch event's action is 0x0 (deviceType=0) [pCnt=1, s=0.10459 ] when=101369527151000
01-09 14:10:16.237  3757  4397 I InputDispatcher: Delivering touch to (4616): action: 0x0, toolType: 1
01-09 14:10:16.237  3757  4469 D AudioService: getStreamVolume 3 index 130
01-09 14:10:16.238  4616  4616 D ViewRootImpl@151652b[StatusBar]: ViewPostImeInputStage processPointer 0
01-09 14:10:16.240  7900  7900 I art     : Starting a blocking GC AddRemoveAppImageSpace
01-09 14:10:16.240  5024 27597 D TP/MmsProvider: query uri=content://mms/275/addr, match=13:Elapsed time : 5.258 ms
01-09 14:10:16.243  3757  4440 D AudioService: getStreamVolume 3 index 130
01-09 14:10:16.244  3757 32083 D AudioService: getStreamVolume 3 index 130
01-09 14:10:16.249  3757  3771 D AudioService: getStreamVolume 3 index 130
01-09 14:10:16.259  7900  7900 D SystemPropertiesWrapper: it's se device
01-09 14:10:16.264  3757  5902 D PowerManagerService: [api] [s] userActivity : event: 0 flags: 0 (uid: 10055 pid: 4616) eventTime = 101369554
01-09 14:10:16.266  7900  7900 D SystemPropertiesWrapper: it's se device
01-09 14:10:16.266  5024  5039 D TP/MmsProvider: query uri=content://mms/274/addr, match=13, calling pid = 7345
01-09 14:10:16.267  7900  7900 D BufferedFileLogger: cleanupLogs
01-09 14:10:16.268  7900  7900 I SpayFw_PaymentFrameworkApp: Build CL: 2914588
01-09 14:10:16.268  7900  7900 I SpayFw_PaymentFrameworkApp: Build Flavor: 
01-09 14:10:16.269  7900  7914 D BufferedFileLogger: Create File
01-09 14:10:16.270  5024  5039 D TP/MmsProvider: query uri=content://mms/274/addr, match=13:Elapsed time : 3.414 ms
01-09 14:10:16.275  7900  7900 I DeviceRootKeyServiceManager: com.samsung.android.spayfw connects to DeviceRootKeyService.
01-09 14:10:16.275  7900  7900 I DeviceRootKeyServiceManager: isExistDeviceRootKey() is called.
01-09 14:10:16.277  3757  7216 I DeviceRootKeyService: Requested package name = [com.samsung.android.spayfw]
01-09 14:10:16.277  3757  7216 I CSTORAGE: checkAuthKey() start
01-09 14:10:16.287  3757 29839 D PowerManagerService: [api] [s] userActivity : event: 0 flags: 0 (uid: 10055 pid: 4616) eventTime = 101369577
01-09 14:10:16.293  5024 29628 D TP/MmsProvider: query uri=content://mms/272/addr, match=13, calling pid = 7345
01-09 14:10:16.297  3757  4469 D PowerManagerService: [api] [s] userActivity : event: 0 flags: 0 (uid: 10055 pid: 4616) eventTime = 101369588
01-09 14:10:16.297  5024 29628 D TP/MmsProvider: query uri=content://mms/272/addr, match=13:Elapsed time : 4.160 ms
01-09 14:10:16.314  3757  5062 D PowerManagerService: [api] [s] userActivity : event: 0 flags: 0 (uid: 10055 pid: 4616) eventTime = 101369605
01-09 14:10:16.322  5024  7785 D TP/MmsProvider: query uri=content://mms/271/addr, match=13, calling pid = 7345
01-09 14:10:16.325  5024  7785 D TP/MmsProvider: query uri=content://mms/271/addr, match=13:Elapsed time : 3.480 ms
01-09 14:10:16.331  3757  4482 D PowerManagerService: [api] [s] userActivity : event: 0 flags: 0 (uid: 10055 pid: 4616) eventTime = 101369621
01-09 14:10:16.338  3757 31269 D AudioService: getStreamVolume 3 index 130
01-09 14:10:16.339  3757 29841 D AudioService: getStreamVolume 3 index 130
01-09 14:10:16.346  5024  6242 D TP/MmsProvider: query uri=content://mms/269/addr, match=13, calling pid = 7345
01-09 14:10:16.349  3757 29840 D PowerManagerService: [api] [s] userActivity : event: 0 flags: 0 (uid: 10055 pid: 4616) eventTime = 101369638
01-09 14:10:16.350  5024  6242 D TP/MmsProvider: query uri=content://mms/269/addr, match=13:Elapsed time : 3.777 ms
01-09 14:10:16.355  3757  7203 D AudioService: getStreamVolume 3 index 130
01-09 14:10:16.365  3757  3771 D PowerManagerService: [api] [s] userActivity : event: 0 flags: 0 (uid: 10055 pid: 4616) eventTime = 101369656
01-09 14:10:16.373  5024 20906 D TP/MmsProvider: query uri=content://mms/267/addr, match=13, calling pid = 7345
01-09 14:10:16.376  5024 20906 D TP/MmsProvider: query uri=content://mms/267/addr, match=13:Elapsed time : 3.472 ms
01-09 14:10:16.380  3268  7841 I tlc_communication: mcWaitNotification is completed;237
01-09 14:10:16.380  3268  7841 I TLC_BAUTH: Check the Trustlet return code is completed;1288
01-09 14:10:16.380  3268  7841 D bauth_FPBAuthService: check_opcode status = 2, opcode = 5, func_ret_val = 0, function_status = 1, timeout = 0
01-09 14:10:16.380  3268  7841 D bauth_FPBAuthService: FPBAuthService, 1541
01-09 14:10:16.380  3268  7841 D bauth_FPBAuthService: FPBAuthService, 1551
01-09 14:10:16.380  3268  7841 D bauth_FPBAuthService: FPBAuthService, 1552
01-09 14:10:16.380  3268  7841 D bauth_FPBAuthService: fpop : 100021
01-09 14:10:16.380  3268  7841 D fingerprintd: onAcquired(10002)
01-09 14:10:16.380  3268  7841 D bauth_FPBAuthService: FPBAuthService, 3388
01-09 14:10:16.381  3268  7841 I TLC_BAUTH: Call FP cmd 0x6;1222
01-09 14:10:16.381  3268  7841 I tlc_communication: Send Trustlet TCI Message;214
01-09 14:10:16.381  3268  7841 I tlc_communication: mcNotify is completed;224
01-09 14:10:16.383  3757  5063 D PowerManagerService: [api] [s] userActivity : event: 0 flags: 0 (uid: 10055 pid: 4616) eventTime = 101369674
01-09 14:10:16.383  3757  3757 I FingerprintService: handleAcquired : acquiredInfo=10002
01-09 14:10:16.387  4616  4616 D KeyguardFingerPrint: onAuthenticationAcquired() = 10002
01-09 14:10:16.388  4616  4616 D KeyguardFingerPrint: fingerprint applyBooster
01-09 14:10:16.394  3757  3771 D PowerManagerService: [api] [s] userActivity : event: 0 flags: 0 (uid: 10055 pid: 4616) eventTime = 101369684
01-09 14:10:16.400  3757 29840 D PowerManagerService: [api] [s] userActivity : event: 0 flags: 0 (uid: 10055 pid: 4616) eventTime = 101369691
01-09 14:10:16.406  5024 29626 D TP/MmsProvider: query uri=content://mms/265/addr, match=13, calling pid = 7345
01-09 14:10:16.409  5024 29626 D TP/MmsProvider: query uri=content://mms/265/addr, match=13:Elapsed time : 3.344 ms
01-09 14:10:16.412  3757  5901 D AudioService: getStreamVolume 3 index 130
01-09 14:10:16.413  3757  7202 D AudioService: getStreamVolume 3 index 130
01-09 14:10:16.416  3757 10496 D PowerManagerService: [api] [s] userActivity : event: 0 flags: 0 (uid: 10055 pid: 4616) eventTime = 101369706
01-09 14:10:16.425  3757  2858 D AudioService: getStreamVolume 3 index 130
01-09 14:10:16.427  3757 29840 D AudioService: getStreamVolume 3 index 130
01-09 14:10:16.432  3757 29839 D PowerManagerService: [api] [s] userActivity : event: 0 flags: 0 (uid: 10055 pid: 4616) eventTime = 101369723
01-09 14:10:16.437  5024  7823 D TP/MmsProvider: query uri=content://mms/263/addr, match=13, calling pid = 7345
01-09 14:10:16.438  3757 29838 D AudioService: getStreamVolume 3 index 130
01-09 14:10:16.442  5024  7823 D TP/MmsProvider: query uri=content://mms/263/addr, match=13:Elapsed time : 4.542 ms
01-09 14:10:16.444  3757  4440 D AudioService: getStreamVolume 3 index 130
01-09 14:10:16.445  3757 32083 D AudioService: getStreamVolume 3 index 130
01-09 14:10:16.447  3757 32085 D AudioService: getStreamVolume 3 index 130
01-09 14:10:16.450  3757  4473 D PowerManagerService: [api] [s] userActivity : event: 0 flags: 0 (uid: 10055 pid: 4616) eventTime = 101369740
01-09 14:10:16.451  3757  7204 D AudioService: getStreamVolume 3 index 130
01-09 14:10:16.462  3268  7841 I tlc_communication: mcWaitNotification is completed;237
01-09 14:10:16.462  3268  7841 I TLC_BAUTH: Check the Trustlet return code is completed;1288
01-09 14:10:16.462  3268  7841 D bauth_FPBAuthService: check_opcode status = 2, opcode = 6, func_ret_val = 0, function_status = 1, timeout = 0
01-09 14:10:16.462  3268  7841 D bauth_FPBAuthService: FPBAuthService, 1164
01-09 14:10:16.462  3268  7841 D bauth_FPBAuthService: FPBAuthService, 1170
01-09 14:10:16.462  3268  7841 D bauth_FPBAuthService: fpop : 100022
01-09 14:10:16.462  3268  7841 D fingerprintd: onAcquired(10003)
01-09 14:10:16.462  3268  7841 D bauth_FPBAuthService: FPBAuthService, 3388
01-09 14:10:16.462  3268  7841 I TLC_BAUTH: Call FP cmd 0x6;1222
01-09 14:10:16.462  3268  7841 I tlc_communication: Send Trustlet TCI Message;214
01-09 14:10:16.462  3268  7841 I tlc_communication: mcNotify is completed;224
01-09 14:10:16.462  3757  3757 I FingerprintService: handleAcquired : acquiredInfo=10003
01-09 14:10:16.465  5024 27597 D TP/MmsProvider: query uri=content://mms/261/addr, match=13, calling pid = 7345
01-09 14:10:16.470  3757 31270 D PowerManagerService: [api] [s] userActivity : event: 0 flags: 0 (uid: 10055 pid: 4616) eventTime = 101369759
01-09 14:10:16.471  5024 27597 D TP/MmsProvider: query uri=content://mms/261/addr, match=13:Elapsed time : 5.466 ms
01-09 14:10:16.475  4616  4616 D KeyguardFingerPrint: onAuthenticationAcquired() = 10003
01-09 14:10:16.475  4616  4616 D KeyguardFingerPrint: fingerprint applyBooster
01-09 14:10:16.479  3757 29840 D PowerManagerService: [api] [s] userActivity : event: 0 flags: 0 (uid: 10055 pid: 4616) eventTime = 101369770
01-09 14:10:16.484  3757  5901 D PowerManagerService: [api] [s] userActivity : event: 0 flags: 0 (uid: 10055 pid: 4616) eventTime = 101369774
01-09 14:10:16.496  5024  5039 D TP/MmsProvider: query uri=content://mms/259/addr, match=13, calling pid = 7345
01-09 14:10:16.499  3757  3771 D PowerManagerService: [api] [s] userActivity : event: 0 flags: 0 (uid: 10055 pid: 4616) eventTime = 101369790
01-09 14:10:16.501  5024  5039 D TP/MmsProvider: query uri=content://mms/259/addr, match=13:Elapsed time : 4.947 ms
01-09 14:10:16.516  3757  7202 D PowerManagerService: [api] [s] userActivity : event: 0 flags: 0 (uid: 10055 pid: 4616) eventTime = 101369807
01-09 14:10:16.522  5024 29628 D TP/MmsProvider: query uri=content://mms/258/addr, match=13, calling pid = 7345
01-09 14:10:16.525  5024 29628 D TP/MmsProvider: query uri=content://mms/258/addr, match=13:Elapsed time : 3.202 ms
01-09 14:10:16.533  3757  2859 D PowerManagerService: [api] [s] userActivity : event: 0 flags: 0 (uid: 10055 pid: 4616) eventTime = 101369824
01-09 14:10:16.539  3757  7206 D AudioService: getStreamVolume 3 index 130
01-09 14:10:16.541  3757 29839 D AudioService: getStreamVolume 3 index 130
01-09 14:10:16.546  5024  7785 D TP/MmsProvider: query uri=content://mms/257/addr, match=13, calling pid = 7345
01-09 14:10:16.550  5024  7785 D TP/MmsProvider: query uri=content://mms/257/addr, match=13:Elapsed time : 3.816 ms
01-09 14:10:16.551  3757  5902 D PowerManagerService: [api] [s] userActivity : event: 0 flags: 0 (uid: 10055 pid: 4616) eventTime = 101369842
01-09 14:10:16.557  3757 31269 D AudioService: getStreamVolume 3 index 130
01-09 14:10:16.568  3757 29840 D PowerManagerService: [api] [s] userActivity : event: 0 flags: 0 (uid: 10055 pid: 4616) eventTime = 101369859
01-09 14:10:16.575  5024  6242 D TP/MmsProvider: query uri=content://mms/255/addr, match=13, calling pid = 7345
01-09 14:10:16.579  5024  6242 D TP/MmsProvider: query uri=content://mms/255/addr, match=13:Elapsed time : 3.206 ms
01-09 14:10:16.585  3757 29838 D PowerManagerService: [api] [s] userActivity : event: 0 flags: 0 (uid: 10055 pid: 4616) eventTime = 101369875
01-09 14:10:16.585  3757  7216 I CSTORAGE: checkAuthKey end(0)
01-09 14:10:16.604  5024 20906 D TP/MmsProvider: query uri=content://mms/254/addr, match=13, calling pid = 7345
01-09 14:10:16.607  3757  7205 D PaymentManagerService: Inside registerSPayFW, uid: 1000, pid: 7900, package: com.samsung.android.spayfw
01-09 14:10:16.608  3757  7205 D PaymentManagerService: PaymentManagerService() - Valid Caller
01-09 14:10:16.608  5024 20906 D TP/MmsProvider: query uri=content://mms/254/addr, match=13:Elapsed time : 6.737 ms
01-09 14:10:16.613  3757  5901 D AudioService: getStreamVolume 3 index 130
01-09 14:10:16.616  3757  7202 D AudioService: getStreamVolume 3 index 130
01-09 14:10:16.616  3757  4532 D WifiWatchdogStateMachine:  [|207] []
01-09 14:10:16.627  3757 32085 D AudioService: getStreamVolume 3 index 130
01-09 14:10:16.628  3757  7205 D ApplicationPolicy: Sending broadcast to user  com.samsung.android.spayfw (packageName), 0 (userId)  to   0   uninstall status 
01-09 14:10:16.628  3757  5062 D AudioService: getStreamVolume 3 index 130
01-09 14:10:16.629  3757  7205 D SAGearPolicymManager: SetStringAndBooleanTypePolicy policyName = setApplicationUninstallationDisabled
01-09 14:10:16.629  3757  7205 D SAGearPolicymManager: getService()
01-09 14:10:16.630  3757  7205 D SAGearPolicymManager: SetStringAndBooleanTypePolicy mService = null
