01-05 23:17:27.680  3756  3783 I CAE     : showListenerList(ContextAwareService.java:386) - Listener : com.samsung.android.contextaware.manager.ContextAwareService$Listener@ff2e222, Service : STEP_LEVEL_MONITOR(1)
01-05 23:17:27.681  3756  3783 I CAE     : showListenerList(ContextAwareService.java:386) - Listener : com.samsung.android.contextaware.manager.ContextAwareService$Listener@a58f10, Service : SENSOR_STATUS_CHECK_RUNNER(1)
01-05 23:17:27.681  3756  3783 I CAE     : showListenerList(ContextAwareService.java:386) - Listener : com.samsung.android.contextaware.manager.ContextAwareService$Listener@86419b6, Service : AUTO_BRIGHTNESS(1)
01-05 23:17:27.681  3756  3783 I CAE     : showListenerList(ContextAwareService.java:386) - Listener : com.samsung.android.contextaware.manager.ContextAwareService$Listener@ae9d8f2, Service : AUTO_ROTATION(1)
01-05 23:17:27.682  3756  3783 W CAE     : registerCallback(ContextAwareService.java:191) - [regi 02] Mutex is unlocked for AUTO_ROTATION
01-05 23:17:27.682  3756  3783 D SemContextService: 	.registerCallback : 6, client=
01-05 23:17:27.682  3756  3783 D SemContextService: ===== SemContext Service List =====
01-05 23:17:27.682  3756  3783 D SemContextService: Listener : com.samsung.android.hardware.context.SemContextService$Listener@a0e3296, Service : Pedometer
01-05 23:17:27.682  3756  3783 D SemContextService: Listener : com.samsung.android.hardware.context.SemContextService$Listener@a0e3296, Service : Step Level Monitor
01-05 23:17:27.682  3756  3783 D SemContextService: Listener : com.samsung.android.hardware.context.SemContextService$Listener@37213ed, Service : Activity Batch
01-05 23:17:27.682  3756  3783 D SemContextService: Listener : com.samsung.android.hardware.context.SemContextService$Listener@7f3640e, Service : Sensor Status Check
01-05 23:17:27.682  3756  3783 D SemContextService: Listener : com.samsung.android.hardware.context.SemContextService$Listener@b3896b7, Service : Auto Brightness
01-05 23:17:27.682  3756  3783 D SemContextService: Listener : com.samsung.android.hardware.context.SemContextService$Listener@1a5e589, Service : Activity Tracker
01-05 23:17:27.682  3756  3783 D SemContextService: Listener : com.samsung.android.hardware.context.SemContextService$Listener@2d74b43, Service : Auto Rotation
01-05 23:17:27.682  3756  3783 D SemContextManager:   .registerListener : listener = android.hardware.scontext.SContextManager$SContextListenerDelegate@8ce204, service=Auto Rotation
01-05 23:17:27.682  3756  3783 D SContextManager:   .registerListener : listener = com.android.server.policy.WindowOrientationListener$OrientationSensorJudge@c26893b, service=Auto Rotation
01-05 23:17:27.682  3756  3783 D DisplayPowerController: [api] WindowManagerPolicy.ScreenOnListener : Received onScreenOn().
01-05 23:17:27.682  3756  3797 I DisplayPowerController: Unblocked screen on after 407 ms
01-05 23:17:27.682 27693 27693 E Finsky  : [1] com.google.android.finsky.ey.b.a(28): Error getting stats
01-05 23:17:27.682  3756  3797 D DisplayPowerController: animateScreenStateChange[0]: target=2
01-05 23:17:27.682  3756  3797 D ColorFade: prepare: mode=2
01-05 23:17:27.682  3756  3797 D ColorFade: ColorFade is already prepared
01-05 23:17:27.683  3756  3797 D DisplayPowerController: ColorFade: onAnimationStart
01-05 23:17:27.683 27693 27693 W Finsky  : [1] com.google.android.finsky.ey.b.a(15): Failed to get status for package 'com.blizzard.wtcg.hearthstone' (1601)
01-05 23:17:27.683  3756  3797 D DisplayPowerState: !@ [0] ColorFade exit
01-05 23:17:27.683  3756  3797 D PowerManagerService: [input device light] onColorFadeExit(true)
01-05 23:17:27.684  3756  3797 D DisplayPowerController: [Dual Screen Compatible] state[0] :2
01-05 23:17:27.684  3756  3797 D AutomaticBrightnessController: [DAB] no lux value from sensor manager
01-05 23:17:27.684  3756  4557 D AutomaticBrightnessController: [DAB] setLightSensorEnabled : unregisterListenerRunnable
01-05 23:17:27.684  3756  3797 D DisplayPowerController: getFinalBrightness : Summary is 78 -> 78
01-05 23:17:27.684  3756  3797 D DisplayPowerController: Animating brightness: target=78, rate=2000 (PSM:true, AB limit:(-1 ~ -1) MB Limit:(-1 ~ -1))
01-05 23:17:27.684  3756  4557 D SemContextService: removeListener() : Listener = com.samsung.android.hardware.context.SemContextService$Listener@b3896b7, Service = Auto Brightness, used = 0
01-05 23:17:27.684  3756  3797 D DisplayPowerState: Requesting new screen state: [0] state=ON, backlight (By colorFade)=78
01-05 23:17:27.684 27693 27693 E Finsky  : [1] com.google.android.finsky.ey.b.a(28): Error getting stats
01-05 23:17:27.685  3756  4559 D DisplayPowerState: Updating screen state [0]: state=ON, backlight (by ColorFade)=78
01-05 23:17:27.685  3756  4559 D lights  : lcd : 78 +
01-05 23:17:27.685  3756  4557 W CAE     : unregisterCallback(ContextAwareService.java:217) - [unregi 01] Mutex is locked for AUTO_BRIGHTNESS
01-05 23:17:27.685 27693 27693 W Finsky  : [1] com.google.android.finsky.ey.b.a(15): Failed to get status for package 'com.blackboard.android.bbstudent' (1601)
01-05 23:17:27.685  3756  3797 D DisplayPowerController: [Dual Screen Compatible] state[0] :2
01-05 23:17:27.685  3756  3797 D DisplayPowerController: getFinalBrightness : Summary is 78 -> 78
01-05 23:17:27.685  3756  3797 D DisplayPowerController: Animating brightness: target=78, rate=2000 (PSM:true, AB limit:(-1 ~ -1) MB Limit:(-1 ~ -1))
01-05 23:17:27.686 27693 27693 E Finsky  : [1] com.google.android.finsky.ey.b.a(28): Error getting stats
01-05 23:17:27.686  3756  4557 V CAE     : stop(ContextProvider.java:155)
01-05 23:17:27.686 27693 27693 W Finsky  : [1] com.google.android.finsky.ey.b.a(15): Failed to get status for package 'org.nada.mobile.vinscan' (1601)
01-05 23:17:27.689  3756  4559 D lights  : lcd : 78 -
01-05 23:17:27.690  3756  4557 V CAE     : clear(AutoBrightnessRunner.java:267)
01-05 23:17:27.691  3756  4557 V CAE     : disable(AutoBrightnessRunner.java:256)
01-05 23:17:27.691  3756  4557 I CAE     : sendCmdToSensorHub(SensorHubCommManager.java:162) - -78, 48, 0, 0,
01-05 23:17:27.691  3756  4557 D SensorHubManager: SendSensorHubData: send data = -78, 48, 0, 0
01-05 23:17:27.692 27693 27693 E Finsky  : [1] com.google.android.finsky.ey.b.a(28): Error getting stats
01-05 23:17:27.692 27693 27693 W Finsky  : [1] com.google.android.finsky.ey.b.a(15): Failed to get status for package 'com.saiuniversalbookstore.tcpip' (1601)
01-05 23:17:27.692 27693 27693 E Finsky  : [1] com.google.android.finsky.ey.b.a(28): Error getting stats
01-05 23:17:27.693  3228 24927 D Sensorhubs: sendContextData: -78, 48, 0, 0
01-05 23:17:27.698  3641  3641 I art     : Starting a blocking GC AddRemoveAppImageSpace
01-05 23:17:27.698  3756  3756 D PersonaManagerService: ACTION_SCREEN_ON onReceive
01-05 23:17:27.699  3756  3808 D PersonaManagerServiceHandler: MSG_ACTION_SCREEN_ON called
01-05 23:17:27.700  3641  3641 W System  : ClassLoader referenced unknown path: /system/app/WeatherWidget2017_SE/lib/arm64
01-05 23:17:27.701  3756  4557 D CAE     : getFaultDetectionResult(AutoBrightnessRunner.java:281) - true
01-05 23:17:27.702  3267  3615 D bauth_FPBAuthSensorControl: FPBAuthSensorControl, 552
01-05 23:17:27.702  3267  3615 D bauth_FPBAuthService: FPBAuthService, 3388
01-05 23:17:27.702  3267  3615 I TLC_BAUTH: Call FP cmd 0x6;1222
01-05 23:17:27.702  3267  3615 I tlc_communication: Send Trustlet TCI Message;214
01-05 23:17:27.702  3267  3615 I tlc_communication: mcNotify is completed;224
01-05 23:17:27.703  3756  4557 I CAE     : notifyCmdProcessResultObserver(ContextProvider.java:627) - CheckResult = 0, Cause = Success
01-05 23:17:27.703  4622  4814 D NetworkController.MobileSignalController(0/1): onSignalStrengthsChanged signalStrength=SignalStrength: 99 99 -120 -160 -120 -1 -1 14 -123 -15 -28 2147483647 2147483647 0x1000 gsm|lte level=1
01-05 23:17:27.703  4622  4814 D NetworkController.MobileSignalController(0/1): getMobileIconGroup(): 13
01-05 23:17:27.703  4622  4814 D NetworkController.MobileSignalController(0/1): updateVZWMobileIconGroup(): 13
01-05 23:17:27.707  4568  4568 D BtGatt.GattService: LCD turned on
01-05 23:17:27.708  4568  5169 D BtGatt.ScanManager: handleLcdOnIntent
01-05 23:17:27.708  4568  5169 D BtGatt.ScanManager: handleLcdOnIntent
01-05 23:17:27.715  4622  4814 D NetworkController.MobileSignalController(0/1): callState:0, callStateByPhone:false voLTECall:false voiceNetTpe:13 dataNetType:13, ine911:false, emergencyCallbackMode:false
01-05 23:17:27.717  3756  4557 D CAE     : doCommendProcess(ContextAwareService.java:444) - complete notify the operation result.
01-05 23:17:27.725  3756  4557 I CAE     : displayUsedCountForService(ContextAwareService.java:536) - totalCnt = 0, serviceCount = 0, subCollectionCount = 0
01-05 23:17:27.727  3756  4557 D CAE     : showListenerList(ContextAwareService.java:377) - ===== Context Aware Service List =====
01-05 23:17:27.727  3756  3639 D MISC PowerHAL: sysfs_write -: /sys/class/input/event0/device/enabled: 1
01-05 23:17:27.728  3756  4557 I CAE     : showListenerList(ContextAwareService.java:386) - Listener : com.samsung.android.contextaware.manager.ContextAwareService$Listener@377d4ed, Service : ACTIVITY_TRACKER_CURRENT_INFO(1)
01-05 23:17:27.730  3756  4557 I CAE     : showListenerList(ContextAwareService.java:386) - Listener : com.samsung.android.contextaware.manager.ContextAwareService$Listener@377d4ed, Service : ACTIVITY_TRACKER(1)
01-05 23:17:27.731  3756  4557 I CAE     : showListenerList(ContextAwareService.java:386) - Listener : com.samsung.android.contextaware.manager.ContextAwareService$Listener@a4be10e, Service : PEDOMETER(1)
01-05 23:17:27.732  3756  4557 I CAE     : showListenerList(ContextAwareService.java:386) - Listener : com.samsung.android.contextaware.manager.ContextAwareService$Listener@a4be10e, Service : PEDOMETER_CURRENT_INFO(1)
01-05 23:17:27.733  3756  4557 I CAE     : showListenerList(ContextAwareService.java:386) - Listener : com.samsung.android.contextaware.manager.ContextAwareService$Listener@d091204, Service : ACTIVITY_TRACKER_BATCH(1)
01-05 23:17:27.734  3756  4557 I CAE     : showListenerList(ContextAwareService.java:386) - Listener : com.samsung.android.contextaware.manager.ContextAwareService$Listener@ff2e222, Service : STEP_LEVEL_MONITOR(1)
01-05 23:17:27.735  3756  4557 I CAE     : showListenerList(ContextAwareService.java:386) - Listener : com.samsung.android.contextaware.manager.ContextAwareService$Listener@a58f10, Service : SENSOR_STATUS_CHECK_RUNNER(1)
01-05 23:17:27.736  3756  4557 I CAE     : showListenerList(ContextAwareService.java:386) - Listener : com.samsung.android.contextaware.manager.ContextAwareService$Listener@ae9d8f2, Service : AUTO_ROTATION(1)
01-05 23:17:27.736  3756  4557 W CAE     : unregisterCallback(ContextAwareService.java:252) - [unregi 02] Mutex is unlocked for AUTO_BRIGHTNESS
01-05 23:17:27.738  5028  5028 D PhoneApp: PhoneAppBroadcastReceiver onReceive android.intent.action.ANY_DATA_STATE
01-05 23:17:27.739  3756  4557 D SemContextService: 	.unregisterCallback : 6, client=
01-05 23:17:27.739  3756  4557 D SemContextService: ===== SemContext Service List =====
01-05 23:17:27.739  3756  4557 D SemContextService: Listener : com.samsung.android.hardware.context.SemContextService$Listener@a0e3296, Service : Pedometer
01-05 23:17:27.739  3756  4557 D SemContextService: Listener : com.samsung.android.hardware.context.SemContextService$Listener@a0e3296, Service : Step Level Monitor
01-05 23:17:27.739  3756  4557 D SemContextService: Listener : com.samsung.android.hardware.context.SemContextService$Listener@37213ed, Service : Activity Batch
01-05 23:17:27.739  3756  4557 D SemContextService: Listener : com.samsung.android.hardware.context.SemContextService$Listener@7f3640e, Service : Sensor Status Check
01-05 23:17:27.739  3756  4557 D SemContextService: Listener : com.samsung.android.hardware.context.SemContextService$Listener@1a5e589, Service : Activity Tracker
01-05 23:17:27.739  3756  4557 D SemContextService: Listener : com.samsung.android.hardware.context.SemContextService$Listener@2d74b43, Service : Auto Rotation
01-05 23:17:27.740  3756  4557 D SemContextManager:   .unregisterListener : listener = android.hardware.scontext.SContextManager$SContextListenerDelegate@16a5ff8, service=Auto Brightness
01-05 23:17:27.740  3756  4557 D SContextManager:   .unregisterListener : listener = com.android.server.display.AutomaticBrightnessController$5@7f11399, service=Auto Brightness
01-05 23:17:27.740  3756  4557 D PowerManagerUtil: Excessive delay in SensorHubAutoBrightnessEnabled::unregisterListener done: 56ms
01-05 23:17:27.740  5028  5028 D PhoneApp: mReceiver: ACTION_ANY_DATA_CONNECTION_STATE_CHANGED
01-05 23:17:27.740  5028  5028 D PhoneApp: - state: CONNECTED apnType= ims
01-05 23:17:27.740  5028  5028 D PhoneApp: - reason: SCREEN_ON
01-05 23:17:27.740  5028  5028 D PhoneApp: - subId: 1
01-05 23:17:27.740  5028  5028 D PhoneApp: - phoneId: 0
01-05 23:17:27.741  5028  5028 I PhoneApp: Phone.REASON_ROAMING_ON : roamingOn
01-05 23:17:27.741  5028  5028 I PhoneApp: PhoneConstants.STATE_CHANGE_REASON_KEY : SCREEN_ON
01-05 23:17:27.742  5028  5028 D PhoneApp: disconnectedDueToRoaming = false PhoneUtils.isDataRoaming() = false
01-05 23:17:27.743  5028  5028 I TelephonyExtensionManager: state - CONNECTED
01-05 23:17:27.743  3267  3615 I tlc_communication: mcWaitNotification is completed;237
01-05 23:17:27.743  3267  3615 I TLC_BAUTH: Check the Trustlet return code is completed;1288
01-05 23:17:27.743  3267  3615 D bauth_FPBAuthService: check_opcode status = 2, opcode = 5, func_ret_val = 0, function_status = 1, timeout = 0
01-05 23:17:27.743  3267  3615 D bauth_FPBAuthService: FPBAuthService, 1541
01-05 23:17:27.743  3267  3615 D bauth_FPBAuthService: FPBAuthService, 1551
01-05 23:17:27.743  3267  3615 D bauth_FPBAuthService: FPBAuthService, 1552
01-05 23:17:27.743  3267  3615 D bauth_FPBAuthService: fpop : 100021
01-05 23:17:27.744  3267  3615 D fingerprintd: onAcquired(10002)
01-05 23:17:27.744  3267  3615 D bauth_FPBAuthService: FPBAuthService, 3388
01-05 23:17:27.744  3267  3615 I TLC_BAUTH: Call FP cmd 0x6;1222
01-05 23:17:27.744  3267  3615 I tlc_communication: Send Trustlet TCI Message;214
01-05 23:17:27.744  3267  3615 I tlc_communication: mcNotify is completed;224
01-05 23:17:27.744  5028  5028 D FileWriteThread_Telephony: FileWriteThread : threadType = 3
01-05 23:17:27.745  3756  3756 I FingerprintService: handleAcquired : acquiredInfo=10002
01-05 23:17:27.745  3756  3769 D GraphicsStats: Buffer count: 6
01-05 23:17:27.747  3756 15392 D ActivityManager: cleanUpApplicationRecord -- 29116
01-05 23:17:27.748  5921 24721 D ForegroundUtils: could not check pending caller
01-05 23:17:27.759  4622  4622 D KeyguardFingerPrint: onAuthenticationAcquired() = 10002
01-05 23:17:27.759  4622  4622 D KeyguardFingerPrint: fingerprint applyBooster
01-05 23:17:27.759  5039  5662 D EPDG -- [EPDGService]: onDataActivity: direction=0
01-05 23:17:27.765  3641  3641 I BNRClientProivder, VERSION : 1.7.8: register - started.
01-05 23:17:27.767  3641  3641 I BNRClientProivder, VERSION : 1.7.8: register - xml6 quick_backup : WEATHERWIDGET, oo2JSUuSBb, com.sec.android.daemonapp.scloud.BNRTask
01-05 23:17:27.767  3641  3641 I QBNRClientHelper: init SyncClientHelper : WEATHERWIDGET
01-05 23:17:27.768  3756  7017 D PowerManagerService: [api] [s] userActivity : event: 0 flags: 0 (uid: 10055 pid: 4622) eventTime = 14767952
01-05 23:17:27.775  5039  5662 D EPDG -- [EPDGService]: onDataActivity: direction=0
01-05 23:17:27.776  3756  4457 D SamsungAlarmManager: Cancel Alarm calling from uid:1001 pid :5028 / op:PendingIntent{76ba5c0: PendingIntentRecord{13424b5 com.android.phone broadcastIntent}}
01-05 23:17:27.779  3756  3640 D MISC PowerHAL: sysfs_write -: /sys/class/input/event1/device/enabled: 1
01-05 23:17:27.780  3756  3802 D MISC PowerHAL: sysfs_write +: /sys/class/power_supply/battery/lcd: 1
01-05 23:17:27.780  3756  3802 D MISC PowerHAL: sysfs_write -: /sys/class/power_supply/battery/lcd: 1
01-05 23:17:27.780  3756  3802 D PowerManagerService-JNI: Excessive delay in MISC setInteractive(true) while turning screen on: 219ms
01-05 23:17:27.781  3756  3802 D PowerManagerUtil: Excessive delay in nativeSetInteractive(true): 220ms
01-05 23:17:27.782  3756  3802 D PowerManagerUtil: Excessive delay in DisplayManagerInternal.requestDesiredDisplayState: 501ms
01-05 23:17:27.783  3641  3655 W art     : Suspending all threads took: 7.200ms
01-05 23:17:27.785  1979  2002 D VolumeInfo: VolumeInfo from Parcel: id private ,type 1 ,disk null
01-05 23:17:27.785  1979  2002 D VolumeInfo: VolumeInfo from Parcel: id emulated ,type 2 ,disk null
01-05 23:17:27.788  3756  6805 D SamsungAlarmManager: setInexact Intent (T:3/F:8/AC:false) 20190105T231827 - CU:1001/CP:5028
01-05 23:17:27.798  4622  4814 D NetworkController.MobileSignalController(0/1): onDataActivity: direction=0
01-05 23:17:27.798  4622  4814 D NetworkController.MobileSignalController(0/1): onDataActivity: direction=0
01-05 23:17:27.799  3641  3641 D [WeatherWidget(15061)]  : {[F28200A0C7BFFD7C08683812C1BFBC02A2AC507C403A743ACDF66E00EEDF9015D5421C7E8F588FE349FB8379A3DA61F7A6075C514915AD74D9202F1DB1F4723476B023F82BEFDC2BDEAFEE3D01D9390E5F6789C7D558C435EDCE0E122CB7A7E8BF7E01729C5FA02D10A29AAB23B9F4C5]}
01-05 23:17:27.799  3756  3756 D SamsungAlarmManager: Cancel Alarm calling from uid:1000 pid :3756 / op:PendingIntent{87f1dd4: PendingIntentRecord{102b6ad android broadcastIntent}}
01-05 23:17:27.799  3641  3641 D [WeatherWidget(15061)]  : {[58328EF7D77D12919D0F118EE682AC837FCB3F9F2D12A8F5106B653779830E82847433F990D67724FDB2CA44E67192F59F1432D1879A3EF873C02D22B5821B0CDC3A66435A59DF7F88B0C55ACF90B80C9F5C4D336D72059438B9A0116E401D82F6F9FD05535F551557CFDAD55EDF92F4]}
01-05 23:17:27.799  3641  3641 D [WeatherWidget(15061)]  : {[6E96D3651F74F51345516FAB5B26E3CB8A918CA14EB72CA1D1A75A41865E35D4A026483C7DFEC21235CA4741F872B8E233844BDB8CA2207D5FFBA604B20BDD84FA81417FF3724B516FB87B148ADB9C372C462B70458EC68C467ED0BA5C22C5C83D5CC5DC73FB1E797156611EED4376B2]}
01-05 23:17:27.800  3641  3641 D [WeatherWidget(15061)]  WeatherWidgetApplication: {[A28FDC01DC6076B0F48F82E46560372D7335D363EB5F368BDDCFC015A627DFAA4E13324DE4EF2928EE47B5A7D66339A7263CB12FA3E8D09AE084FFA2DBD89724]}
01-05 23:17:27.801  3756  3756 D SamsungAlarmManager: Cancel Alarm calling from uid:1000 pid :3756 / op:PendingIntent{a4ba28c: PendingIntentRecord{967ab22 android broadcastIntent}}
01-05 23:17:27.802  3641  3641 D [WeatherWidget(15061)]  : {[14BE39D0433330B1F1B03230841FD0EB1B79A9AD251AE4067FB51BC9E7CCD1FFD4C35A4C06222ACD35AE0AE5A639946A6773D6FA5ED35DBCF03B5EF6C3F5BAB3B5736DAB60E68D5BC7350867DB4FFC9C12932659FB16BBBF6D674252F22ACDB5667062E349B18ED75EBF2C061F0F12A8]}
01-05 23:17:27.803  3641  3641 D [WeatherWidget(15061)]  : {[2ED2BAA57117B625A86430EFEC4FD0D0B098DE4907C62872216DA457B4C05F081D7DD2DDCAFEA8718D4901F9E5E22B365D993D5F6288B35C5BE68075EFD9FDC4]}
01-05 23:17:27.804  3641  3641 D [WeatherWidget(15061)]  WeatherDataServiceManager: {[2ED2BAA57117B625A86430EFEC4FD0D037BAE6FC21B03DC167B787907816E0C868A104727DE84A6D872AC2DD2A22C5704C2EEBFF4857581540602BFD9C615BF2AD74E6A2B2E4D1C8F97D7C31CC4AA7EB]}
01-05 23:17:27.804  3641  3641 D [WeatherWidget(15061)]  WeatherDataServiceManager: {[2ED2BAA57117B625A86430EFEC4FD0D0FA14B4356DCBD8886E53606410DEA04F937A9C3C9D88C2C61D5AE5829AF755BAF27C740769FEE5074C0365F39B0CD117]}
01-05 23:17:27.810  3756  4523 D CompatibilityInfo: mCompatibilityFlags - 0
01-05 23:17:27.810  3756  4523 D CompatibilityInfo: applicationDensity - 420
01-05 23:17:27.810  3756  4523 D CompatibilityInfo: applicationScale - 1.0
01-05 23:17:27.812  1979  2003 D VolumeInfo: VolumeInfo from Parcel: id private ,type 1 ,disk null
01-05 23:17:27.812  1979  2003 D VolumeInfo: VolumeInfo from Parcel: id emulated ,type 2 ,disk null
01-05 23:17:27.812  3641  3641 D [WeatherWidget(15061)]  WeatherContentObserver: {[95EA22D572E0C7F5848098D37601BB9DD80E97CA5DCE9DF1541D87F31849388BE21092E759596BAE84B811B9E655E9F353F11C98CD9C19780F93161CF6016FE8]}
01-05 23:17:27.813  3641  3641 D [WeatherWidget(15061)]  SAUtilReceiver: {[5A4729D0AD5C12D717248359C70924FAD431C80E4AFF8CBD3480B8F242BD6ADF594BEAFFEC09A27D7F5C68DE5FF3C0C4]}
01-05 23:17:27.817  5014  5806 D VolteServiceModule: onSreenOnOffChanged: on =1
01-05 23:17:27.818  5014  5806 D StackIF : updateScreenOnOff: on 1
01-05 23:17:27.820  3641  3641 D [WeatherWidget(15061)]  WeatherDataServiceManager: {[2ED2BAA57117B625A86430EFEC4FD0D037BAE6FC21B03DC167B787907816E0C868A104727DE84A6D872AC2DD2A22C57004A592E6960049C3A0A844F5FD7D260E6787A87A582EC00A8B08C1628A1CA75E]}
01-05 23:17:27.821  3641  3641 D [WeatherWidget(15061)]  WeatherDataServiceManager: {[2ED2BAA57117B625A86430EFEC4FD0D037BAE6FC21B03DC167B787907816E0C868A104727DE84A6D872AC2DD2A22C57004A592E6960049C3A0A844F5FD7D260E6787A87A582EC00A8B08C1628A1CA75E]}
01-05 23:17:27.824  5014  5770 D StackIF.Sender: handleMessage: what 1
01-05 23:17:27.825  5014  5770 D SECIMSJ : [0495]> REQUEST_UPDATE_COMMON_CONFIG
01-05 23:17:27.825  3233  3348 E [IMS6.0]: ImsEventLoop: select (1), errno (11)
01-05 23:17:27.826  3233  3348 I [IMS6.0]: DispatchUpdateCommonConfig()
01-05 23:17:27.826  5921  5921 D NfcService: Top activity class name = com.epicgames.ue4.GameActivity
01-05 23:17:27.826  5921  5921 D NfcService: FactoryTestApp is not running, keep going
01-05 23:17:27.827  3756  7017 D CoverManagerWhiteLists: isAllowedToUse : SIGNATURE_MATCH
01-05 23:17:27.828  3233  3355 E [IMS6.0]: IMS_onResponse() Resp Id:101
01-05 23:17:27.828  3233  3355 I [IMS6.0]: ResponseGeneralResponse()
01-05 23:17:27.828  3233  3355 I [IMS6.0]: ResponseGeneralResponse() handle:0
01-05 23:17:27.829  5921  5921 I NfcService: When receiving ACTION_SCREEN_ON, S view cover is already opened. So screenState is ON_LOCKED by isKeyguardLocked()
01-05 23:17:27.830  5014  5771 D SECIMSJ : [0495]< REQUEST_UPDATE_COMMON_CONFIG
01-05 23:17:27.830  5014  5771 D StackIF : processResponse: reqId 2
01-05 23:17:27.830  5014  5771 D StackIF : processResponse: handle 0 result REQUEST_SUCCESS reason REASON_NO_ERROR
01-05 23:17:27.832  3641  3641 D [WeatherWidget(15061)]  DB L1: {[AAC4384C35CA6909274880C63FD2B8C580A03B62F9CBF03726AF4E04F09763BC4980EFD947CAFB61606864BF81064C4F5D6B212093FB6F7B5F57F9B214785802]}
01-05 23:17:27.833  3641  3641 D [WeatherWidget(15061)]  DB L2: {[610591C4E30FED4A153FF198DAC84EFE47CBCC65AAE9E67390CD4125BE4F36A22BF1BCF32B7F2D963CC39538329CF743FBA1C42D2539032F075A8D25FFE6761E]}
01-05 23:17:27.833  3641  3641 D [WeatherWidget(15061)]  : {[E9BDC1AC9F9B078A92B3F309630276C89F9B6E52C087A495B97355481F2FDE5B58A757A09967AB7BD9E1187CEA5BB356FACBD4A552A7402C88647F970C513A69]}
01-05 23:17:27.834  3641  3641 D [WeatherWidget(15061)]  DB L1: {[AAC4384C35CA6909274880C63FD2B8C5C23F90F1E4FCAD3137C9B25E5485CF6C609869BD1624662DA1C66EB17720E7A02D148AA33197015097C53ABAD97C188619D201730E5375A0F14CF1B790F4EA9F7B381065B1DADCB06C2C7CF3FF5216E5]}
01-05 23:17:27.836  3641  3641 D [WeatherWidget(15061)]  DB L1: {[AAC4384C35CA6909274880C63FD2B8C580A03B62F9CBF03726AF4E04F09763BC70639A87623C9644CC91C564DF61D5FF473018D25C757CF369CD195F8C9F01AE]}
01-05 23:17:27.836  3641  3641 D [WeatherWidget(15061)]  DB L2: {[610591C4E30FED4A153FF198DAC84EFE2DCA64F7D3931DC9B2BF4F09069D18B2BEB4D87F566242A241E7FAF106B141FFBCA6424F620C608EB00C9A211EAB6C89]}
01-05 23:17:27.839  5039  5662 D EPDG -- [EPDGService]: getIsSimCardRemoved: returning: false
01-05 23:17:27.839  5039  5662 D EPDG -- [EPDGService]: getIsScreenOn: returning: true
01-05 23:17:27.839  5039  5662 D EPDG -- [EpdgServerSelection]: isEpdgServerDnsValid(): returning resulttrue
01-05 23:17:27.840  5039  5662 D EPDG -- [UTILS]: isEnhancedEpdg : false
01-05 23:17:27.841  3267  3615 I tlc_communication: mcWaitNotification is completed;237
01-05 23:17:27.841  3267  3615 I TLC_BAUTH: Check the Trustlet return code is completed;1288
01-05 23:17:27.841  3267  3615 D bauth_FPBAuthService: check_opcode status = 2, opcode = 6, func_ret_val = 0, function_status = 1, timeout = 0
01-05 23:17:27.841  3267  3615 D bauth_FPBAuthService: FPBAuthService, 1164
01-05 23:17:27.841  3267  3615 D bauth_FPBAuthService: FPBAuthService, 1170
01-05 23:17:27.841  3267  3615 D bauth_FPBAuthService: fpop : 100022
01-05 23:17:27.841  3267  3615 D fingerprintd: onAcquired(10003)
01-05 23:17:27.841  3267  3615 D bauth_FPBAuthService: FPBAuthService, 3388
01-05 23:17:27.841  3267  3615 I TLC_BAUTH: Call FP cmd 0x6;1222
01-05 23:17:27.842  3267  3615 I tlc_communication: Send Trustlet TCI Message;214
01-05 23:17:27.842  3267  3615 I tlc_communication: mcNotify is completed;224
01-05 23:17:27.842  3756  3756 I FingerprintService: handleAcquired : acquiredInfo=10003
01-05 23:17:27.845  5921  3669 D NfcService: call the applyRouting
01-05 23:17:27.851  4622  4622 D KeyguardFingerPrint: onAuthenticationAcquired() = 10003
01-05 23:17:27.851  4622  4622 D KeyguardFingerPrint: fingerprint applyBooster
01-05 23:17:27.856  3756 15364 D PowerManagerService: [api] [s] userActivity : event: 0 flags: 0 (uid: 10055 pid: 4622) eventTime = 14768039
01-05 23:17:27.856  3641  3641 D [WeatherWidget(15061)]  AutoRefresh: {[EA39F11859BD71D7949058525B1EC52084A8AD5D12E9E75D7A5F01D743ABD43CBAEFAE6AEA09D5CDE4C7B11D1F6A36CD814AE98DB9A7B30AE2FCD57E809DA573]}
01-05 23:17:27.856  5851  6441 W GCoreFlp: No location to return for getLastLocation()
01-05 23:17:27.864  3756  3797 D DisplayPowerController: ColorFade: onAnimationEnd
01-05 23:17:27.865  3756  3797 D DisplayPowerController: animateScreenStateChange[0]: target=2
01-05 23:17:27.877  3641  3641 D [WeatherWidget(15061)]  WidgetCount: {[58A211B6B849F6AF6FA5E7616FBE3EE98829A5398C07564C0DB3BFB5D240ABC2]}
01-05 23:17:27.877  3641  3641 D [WeatherWidget(15061)]  WidgetCount: {[CCB0E3EE44F2E0E1B203CCF447EC08807DF4714E0771C754FA3E35B5E7EAE40E]}
01-05 23:17:27.879  3641  3641 E [WeatherWidget(15061)]  WidgetCount: {[374860753549FBD2F918DC857B953F313E9B8F988E44851CE755F67D26C95D016AF425B8FD52D50AAADE15BD72796BD97B25BA6B1BDCA76BF677FE6939A5017D668B9E8EC407FA006075FF844D51C8FD9400AEE403E6DEC7D3F815F25E43901867B355D5E1B80C22A076B997AD520968371ABDEBA654476CC49C0CCD33CEA4A489A0C57739E14E2A476B42DA7A26D30D59D7DA05154E3563CAAA0A17792969B155FEA6E50C9AD41B085C7EFF1598DA8F490909B7EAB9742EC344F539A191602F]}
01-05 23:17:27.887  3756  5059 W AlarmManager: Window length 1152921504606846975ms suspiciously long; limiting to 1 hour
01-05 23:17:27.887  3641  3641 W [WeatherWidget(15061)]  AutoRefresh: {[D53A15B67DB17F41440E345CD99455465D14694CE8A1269A7EAEFB5F96F16958FCB3D277A8B58C501F891D03498ECC9427A8A1B0948A5E10DA07EA8EC78439C75EBAA6F21FEB79925A2942C24267D985]}
01-05 23:17:27.887  3641  3641 D [WeatherWidget(15061)]  AutoRefresh: {[BB2DDE1AFA7743067A9042988155B749BF6E6EA87AC543B876DD886589FB26B4BF0B34D1A5E3E4AB730A9329A8CDB003EF359AD6EF055CCA54A96393203DE3F1]}
01-05 23:17:27.888  3641  3641 D [WeatherWidget(15061)]  DB L2: {[610591C4E30FED4A153FF198DAC84EFEE3319B0D622FD4A19809E90ED3C1398368D658B139FCCB8B9564F5B4E9CB634E991D1A26CBC1DF9BCF317AB175C82C09]}
01-05 23:17:27.888  3641  3641 D [WeatherWidget(15061)]  : {[E9BDC1AC9F9B078A92B3F309630276C89F9B6E52C087A495B97355481F2FDE5B58A757A09967AB7BD9E1187CEA5BB356FACBD4A552A7402C88647F970C513A69]}
01-05 23:17:27.888  3641  3641 D [WeatherWidget(15061)]  AutoRefresh: {[6F5E373A5D3F264D35822E246720FD1885862ED5F702C8B50A5DDC1229F1B4984495B12771EDFB3ACCEA018073232ABC]}
01-05 23:17:27.889  3641  3641 D [WeatherWidget(15061)]  AutoRefresh: {[2D97283DA1E548464AD549F61A4B84502ABE9456A0543F2B33C8DCD47282A2CC]}
01-05 23:17:27.893  3215  3276 I SurfaceFlinger: id=2408 Removed DolorFade (8/8)
01-05 23:17:27.893  3756  5059 D SamsungAlarmManager: setInexact Intent (T:2/F:0/AC:false) 19301027T035143 - CU:10014/CP:5851
01-05 23:17:27.894  3215 14982 I SurfaceFlinger: id=2408 Removed DolorFade (-2/8)
01-05 23:17:27.894  3756  3797 D PowerManagerUtil: Excessive delay in ColorFade : dismiss: 28ms
01-05 23:17:27.894  3756  3797 D DisplayPowerController: [Dual Screen Compatible] state[0] :2
01-05 23:17:27.894  3756  3797 D DisplayPowerController: getFinalBrightness : Summary is 78 -> 78
01-05 23:17:27.895  3756  3797 D DisplayPowerController: Animating brightness: target=78, rate=2000 (PSM:true, AB limit:(-1 ~ -1) MB Limit:(-1 ~ -1))
01-05 23:17:27.895  3756  3797 D DisplayPowerController: [M OS] 0 Notify policy about screen turned on.
01-05 23:17:27.895  3756  3797 D DisplayPowerController: [M OS] 0 REPORTED_TO_POLICY_SCREEN_TURNING_ON -> REPORTED_TO_POLICY_SCREEN_ON.
01-05 23:17:27.895  3756  3797 V KeyguardServiceDelegate: onScreenTurnedOn()
01-05 23:17:27.895  4622  7656 D KeyguardViewMediator: notifyScreenTurnedOn
01-05 23:17:27.895  3756  3797 D PowerManagerService: [s] DisplayPowerCallbacks : onStateChanged()
01-05 23:17:27.895  3756  3797 D PowerManagerService: mDisplayReady: true
01-05 23:17:27.896  4622  4622 D KeyguardViewMediator: handleNotifyScreenTurnedOn
01-05 23:17:27.897  3756  5985 D SamsungAlarmManager: Cancel Alarm calling from uid:10184 pid :3641 / op:PendingIntent{27944a: PendingIntentRecord{bda6e45 com.sec.android.daemonapp broadcastIntent}}
01-05 23:17:27.907  3641  3641 D [WeatherWidget(15061)]  DB L2: {[610591C4E30FED4A153FF198DAC84EFEE3319B0D622FD4A19809E90ED3C1398368D658B139FCCB8B9564F5B4E9CB634E8FC67C678E1FD7767BBA36EAD0E6C0FD]}
01-05 23:17:27.908  3641  3641 D [WeatherWidget(15061)]  : {[E9BDC1AC9F9B078A92B3F309630276C89F9B6E52C087A495B97355481F2FDE5B58A757A09967AB7BD9E1187CEA5BB356FACBD4A552A7402C88647F970C513A69]}
01-05 23:17:27.908  3641  3641 D [WeatherWidget(15061)]  DB L2: {[610591C4E30FED4A153FF198DAC84EFEE3319B0D622FD4A19809E90ED3C1398368D658B139FCCB8B9564F5B4E9CB634EAEB5D3DD5DDD4E73700B72505132108E]}
01-05 23:17:27.908  3641  3641 D [WeatherWidget(15061)]  : {[E9BDC1AC9F9B078A92B3F309630276C89F9B6E52C087A495B97355481F2FDE5B58A757A09967AB7BD9E1187CEA5BB356FACBD4A552A7402C88647F970C513A69]}
01-05 23:17:27.909  3641  3641 D [WeatherWidget(15061)]  DB L2: {[610591C4E30FED4A153FF198DAC84EFE89A6E224C02E8A83ACCF55D6C9B30C810D133EC2E912EEB0D3A811F3C218B14D29B149573DDC0677536A2458CA868085]}
01-05 23:17:27.909  3641  3641 D [WeatherWidget(15061)]  : {[236FFFA4FE6D378EDABD8749C406D4B6704CAD26277FEC44C7E31C0D1A0DCCA7B2EEFD5C2A539946454EEEABA00B149BD184FB3A0A14BDC44C5FB2E09811FB16]}
01-05 23:17:27.910  3641  3641 D [WeatherWidget(15061)]  DB L1: {[AAC4384C35CA6909274880C63FD2B8C5C23F90F1E4FCAD3137C9B25E5485CF6C169645EC919F86A9B892A7B55F5A974EECEBF388D92800897696293FA10526C46E1C40712F2E18F377CFB0D21A4D3474473B37EEAE43910398A74E43751DDE95]}
01-05 23:17:27.910  3641  3641 D [WeatherWidget(15061)]  DB L1: {[AAC4384C35CA6909274880C63FD2B8C5C23F90F1E4FCAD3137C9B25E5485CF6C88926CB3043A1018B30CCE18F94071A31043E60EEF88A34D94800879CB8501FADAEA6F791C80F874052FE5691A0C8874F4194562317B656802FA87FB106E5A64]}
01-05 23:17:27.912  3641  3641 D [WeatherWidget(15061)]  DB L1: {[AAC4384C35CA6909274880C63FD2B8C580A03B62F9CBF03726AF4E04F09763BC70639A87623C9644CC91C564DF61D5FFF633D31A1DD78FF32ED23C85C57C5930]}
01-05 23:17:27.912  3641  3641 D [WeatherWidget(15061)]  : {[236FFFA4FE6D378EDABD8749C406D4B69D0A9D225945D25F48121A1CC6C01DF094D19169E13D0E4C03FECB9D2A3D56296184E5B0DBE0A6A584694FB7EA9944819019E9D8587F544DCFD32C3C8EFF96F96F96BE4E551D4F1BBE5AFFBDF624C7D1]}
01-05 23:17:27.913  3641  3641 D [WeatherWidget(15061)]  DB L2: {[610591C4E30FED4A153FF198DAC84EFE91ED32EFEA7D734C6C9656FF251B8ABD1F6CEB0D3CE7525A72979BB41971408F]}
01-05 23:17:27.913  3641  3641 D [WeatherWidget(15061)]  DB L1: {[AAC4384C35CA6909274880C63FD2B8C5C23F90F1E4FCAD3137C9B25E5485CF6CE9E426A1EB89F6F93E0BAF43F6532764396C854C77B70DB5D9F8998DB9C066C675F9F728472B98512E0FFE215D279703F0078167D0F406D13B124441EBD940B4]}
01-05 23:17:27.915  3641  3641 D [WeatherWidget(15061)]  DB L1: {[AAC4384C35CA6909274880C63FD2B8C580A03B62F9CBF03726AF4E04F09763BC70639A87623C9644CC91C564DF61D5FFE3F7A3E25B38F5B6984A1E54A60F3AE2]}
01-05 23:17:27.924  1979  2002 D VolumeInfo: VolumeInfo from Parcel: id private ,type 1 ,disk null
01-05 23:17:27.924  1979  2002 D VolumeInfo: VolumeInfo from Parcel: id emulated ,type 2 ,disk null
01-05 23:17:27.926  3756  3756 I SurveyLogManager: mDeviceInfo.mScreen = true
01-05 23:17:27.928  3756  4539 D WifiWatchdogStateMachine:  [|209] []
01-05 23:17:27.929  3641  3641 D [WeatherWidget(15061)]  DB L1: {[AAC4384C35CA6909274880C63FD2B8C580A03B62F9CBF03726AF4E04F09763BC0045429D487FAB73CB9A2CA5CA23DFD46DB2697C5312CC7E3986B8D94169017B]}
01-05 23:17:27.930  3641  3641 D [WeatherWidget(15061)]  : {[236FFFA4FE6D378EDABD8749C406D4B6CB913B8A746B23D80C4BDF1D854D18D94B64F3924BC8A399202BEA461AEB2E35E739F2B2FEBDEA93B85A80FC42483E6397EB52D860AF61BFE26EF8BD8105111AC7D53AF4E9E7F3C58A0E483C253DAF13]}
01-05 23:17:27.931  3641  3641 D [WeatherWidget(15061)]  DB L1: {[AAC4384C35CA6909274880C63FD2B8C580A03B62F9CBF03726AF4E04F09763BCD7F5322E6283494FD55E90A1169CAD1A0C74BB1297BD6B0277B6CCFC4AC42A15]}
01-05 23:17:27.933  3641  3641 D [WeatherWidget(15061)]  DB L1: {[AAC4384C35CA6909274880C63FD2B8C580A03B62F9CBF03726AF4E04F09763BC57D511CC5DA4A813668371AB9E64C8882C31C3E0DE634D153C3C1B29A6CAB674]}
01-05 23:17:27.934  4622  4622 D LockIcon: state = 0, mLastState = 0, mDeviceInteractive = true, mLastDeviceInteractive = true, mScreenOn = true, mLastScreenOn = false,  force = false
01-05 23:17:27.938  3641  3641 D [WeatherWidget(15061)]  AutoRefresh: {[F9ABDDDE7781B7D4AA5C582D489FEB7C647BD497F44954FF2FB4B0ACD2A89E969C4F58633DCDBB0C7FD003814B74633376E0EE3DC70EB3C3B173FFA3BD1F71BF]}
01-05 23:17:27.939  3756  9193 I LightSensor: Light old sensor_state 128, new sensor_state : 640 en : 1
01-05 23:17:27.939  3641  3641 D [WeatherWidget(15061)]  AutoRefresh: {[6C1C865D6DD0B00ECC0A075BD88FDF0416B7FBB03594EDA5920EF87707032FF110608239E4CAB445AE989ABD7B33630A88E88B561B9CA1DE89964A93172AB95C]}
01-05 23:17:27.940  3641  3641 D [WeatherWidget(15061)]  AutoRefresh: {[E74BDA31D6E3C1E0EF5A2FABA2896E0DDDA62B33C4D19A383E80DB0C74BDB56D17E574FDCBA0A28661993447769EF1D463AE006DFBC456E8FBFDC26A5DBBBE65]}
01-05 23:17:27.941  3641  3641 D [WeatherWidget(15061)]  AutoRefresh: {[6EA8C75DE0C6D983419524813662C1E8EEF49B5EF1D6D7A67EFB05CCD093BACC96DCEE8BD1D965CB23FC1726C914D6F007B7AB05FB036E2B5B99278F1CEE40F9]}
01-05 23:17:27.941  3641  3641 D [WeatherWidget(15061)]  AutoRefresh: {[8690EAE17F5F78BD98DB60D93400168B0528445D25C64156EF2D8752B6D6575A44EA3CDE89A5841A47AE2AE167F405043A2B2DACB6CC35018B0D28EF9A5E48B5]}
01-05 23:17:27.942  1979  2003 D VolumeInfo: VolumeInfo from Parcel: id private ,type 1 ,disk null
01-05 23:17:27.943  1979  2003 D VolumeInfo: VolumeInfo from Parcel: id emulated ,type 2 ,disk null
01-05 23:17:27.945 10865 10865 I BeaconManager: BeaconManager.onReceive - receive Action : android.intent.action.SCREEN_ON
01-05 23:17:27.945 10865 10865 D BeaconManager: BeaconManager.onReceive - end
01-05 23:17:27.947 10865 10890 I BeaconManager: BeaconManager.BeaconManagerWorkHandler - BroadcastReceiver onReceive start
01-05 23:17:27.947 10865 10890 D BeaconManager: BeaconManager.BeaconManagerWorkHandler - mScreenObserver action:android.intent.action.SCREEN_ON
01-05 23:17:27.948 10865 10890 D BeaconManager: AppControlManager.screenOnIntentReceived - start
01-05 23:17:27.948 10865 10890 D BeaconManager: AppControlManager.screenOnIntentReceived - end
01-05 23:17:27.948 10865 10890 D BeaconManager: EasySetupManager.screenOnIntentReceived - start
01-05 23:17:27.948 10865 10890 D BeaconManager: EasySetupManager.screenOnIntentReceived - end
01-05 23:17:27.948 10865 10890 D BeaconManager: BleScanHelper.screenOnIntentReceived - start
01-05 23:17:27.949  3756  9193 D SensorManager: registerListener :: 6, TMD4903 RGB Sensor, 200000, 0,  
01-05 23:17:27.950 10865 10890 D BeaconManager: BleScanHelper.mBroadcastReceiver - Action: android.intent.action.SCREEN_ON, user: 0
01-05 23:17:27.950 10865 10890 V BeaconManager: BleScanHelper.startBleScan - startBleScan
01-05 23:17:27.953 11138 11138 D oneconnect[1.0.00-39][100000039] : QcManager.mReceiver - LCD ON
01-05 23:17:27.954  3756  3804 W PackageManager: Failed to find settings for com.fullmeter.fat
01-05 23:17:27.954  3756  3804 W PackageManager: Failed to find settings for com.sculfa.vrhauntedhouse
01-05 23:17:27.957  5672  5672 D io_stats: !@   8,0 r 329305 11210240 w 293902 9528348 d 64387 6521232 f 69510 69483 iot 480020 322048 th 61440 61440 44064 pt 22180 inp 0 0 14768.139
01-05 23:17:27.961  3756 22256 D SamsungAlarmManager: setInexact Intent (T:1/F:0/AC:false) 20190105T232200 - CU:10184/CP:3641
01-05 23:17:27.961 10865 10890 D BluetoothAdapter: STATE_BLE_ON
01-05 23:17:27.962 10865 10890 D BeaconManager: BleScanHelper.screenOnIntentReceived - end
01-05 23:17:27.962 10865 10890 I BeaconManager: BeaconManager.BeaconManagerWorkHandler - BroadcastReceiver onReceive end
01-05 23:17:27.962  3641  3641 D [WeatherWidget(15061)]  DB L2: {[610591C4E30FED4A153FF198DAC84EFEE3319B0D622FD4A19809E90ED3C1398368D658B139FCCB8B9564F5B4E9CB634E57E6837D48B7D92A7174B6A8963A8185]}
01-05 23:17:27.963  3641  3641 D [WeatherWidget(15061)]  : {[E9BDC1AC9F9B078A92B3F309630276C89F9B6E52C087A495B97355481F2FDE5B58A757A09967AB7BD9E1187CEA5BB356FACBD4A552A7402C88647F970C513A69]}
01-05 23:17:27.964  3641  3641 D [WeatherWidget(15061)]  DB L2: {[610591C4E30FED4A153FF198DAC84EFE520EFD3170A632B6EBFEB54FC27DC3D82597C08FD24C2D98C95329620C869F2EBE5C7F9DEADF1C364477D6A2E13C7809]}
01-05 23:17:27.964  3641  3641 D [WeatherWidget(15061)]  DB L1: {[AAC4384C35CA6909274880C63FD2B8C5C23F90F1E4FCAD3137C9B25E5485CF6C8896732A6C7823765D5F36A5B07996E19A4C5072922D97186DFA07CCA89C5825F689B009503F0F44E81E9F84CB46A69D59910590184DFE8215D0083954B97A46]}
01-05 23:17:27.965  3641  3641 D [WeatherWidget(15061)]  : {[236FFFA4FE6D378EDABD8749C406D4B6A127CB045CCFDB9314AC05EAE1D47870A2E94DB8C8A61F49144BFA2AA418C6CB03AF4DCF7E061BD0E4C59EDC58D66A7C]}
01-05 23:17:27.967  3641  3641 D [WeatherWidget(15061)]  DB L1: {[AAC4384C35CA6909274880C63FD2B8C5A462A2CAF1D2168DFBD0BFB7C3C67E3C2986049420BBF8D2AA8FBFE7C2AB191F78D32B4958B9D0D0F1260DCF8992C92F]}
01-05 23:17:27.967 10865 10891 D BeaconManager: BleScanHelper.MSG_CALL_START_LESCAN - ($)isFilterScanFailed/discovering:false/true
01-05 23:17:27.969 27693 27693 W Finsky  : [1] com.google.android.finsky.ey.b.a(15): Failed to get status for package 'com.fullmeter.fat' (1601)
01-05 23:17:27.970  3756 15387 D BatteryService: !@BatteryListener : batteryPropertiesChanged!
01-05 23:17:27.970 27693 27693 E Finsky  : [1] com.google.android.finsky.ey.b.a(28): Error getting stats
01-05 23:17:27.970  3756 15387 D BatteryService: level:58, scale:100, status:2, health:2, present:true, voltage: 3884, temperature: 317, technology: Li-ion, AC powered:false, USB powered:true, POGO powered:false, Wireless powered:false, icon:17303694, invalid charger:0, maxChargingCurrent:0, maxChargingVoltage:0, chargeCounter:0
01-05 23:17:27.970  3756 15387 D BatteryService: online:6, current avg:644, charge type:1, power sharing:false, high voltage charger:false, capacity:280000, batterySWSelfDischarging:false, misc_event:0, current_now:-138
01-05 23:17:27.971  3756  3756 D BatteryService: Sending ACTION_BATTERY_CHANGED.
01-05 23:17:27.975  3641  3641 D [WeatherWidget(15061)]  AutoRefresh: {[656B50FBE32434E5C34DC69BA05CF68A1F5A34DAE49A17B090005D6FB04F510BF5EABAC908C1A5DFCB6F2886A8B567FCC3D709AB7695EF754E4F2E77F2A4255F]}
01-05 23:17:27.975  3641  3641 D [WeatherWidget(15061)]  AutoRefresh: {[ED85BEAC92B6B6184798C64DC2FA2D384BBFF299BAA9B791EA035C51155173034861C044CB47A46164214D8FD28F4B1E]}
01-05 23:17:27.975 10865 10891 D BluetoothAdapter: STATE_BLE_ON
01-05 23:17:27.977  3641  3659 D [WeatherWidget(15061)]  DB L2: {[610591C4E30FED4A153FF198DAC84EFE6F1D44755CF8086DF3C2DE9D0EB12E2B157D468535EC2E114A046E291FEFC685CAC3125BE9C7AC2FBD4FDD05F031FD2E]}
01-05 23:17:27.978  3641  3641 D [WeatherWidget(15061)]  WeatherDataServiceManager: {[2ED2BAA57117B625A86430EFEC4FD0D037BAE6FC21B03DC167B787907816E0C868A104727DE84A6D872AC2DD2A22C57004A592E6960049C3A0A844F5FD7D260E6787A87A582EC00A8B08C1628A1CA75E]}
01-05 23:17:27.979 10865 10891 D BluetoothAdapter: STATE_BLE_ON
01-05 23:17:27.980 27693 27693 W Finsky  : [1] com.google.android.finsky.ey.b.a(15): Failed to get status for package 'com.sculfa.vrhauntedhouse' (1601)
01-05 23:17:27.980 10865 10891 D BluetoothAdapter: appoCount is = 0
01-05 23:17:27.980 10865 10891 I BeaconManager: BleScanHelper.directStopLeScan - call BleScanner.stopScan()
01-05 23:17:27.980 27693 27693 E Finsky  : [1] com.google.android.finsky.ey.b.a(28): Error getting stats
01-05 23:17:27.983 10865 10891 D BluetoothAdapter: STATE_BLE_ON
01-05 23:17:27.984  3756  3756 V UiModeManager: updateLocked: null action, mDockState=0, category=null
01-05 23:17:27.984  3756  3756 D UiModeManager: updateConfigurationLocked: mDockState=0; mCarMode=false; mNightMode=1; uiMode=17
01-05 23:17:27.985 10865 10891 D BluetoothAdapter: appoCount is = 0
01-05 23:17:27.986  3756  3756 D GameManagerService: new battery level: 58
01-05 23:17:27.988 10865 10891 D BluetoothAdapter: STATE_BLE_ON
01-05 23:17:27.988 10865 10891 D BluetoothLeScanner: Stop Scan
01-05 23:17:27.990  4568  4587 D BtGatt.GattService: stopScan() - queue size =1
01-05 23:17:27.991  4568  4587 D BtGatt.GattService: stopScan() - queue size =1
01-05 23:17:27.992  4568  5169 D BtGatt.ScanManager: stop scan
01-05 23:17:27.992  4568  5190 E BtGatt.GattService: [GSIM LOG]: gsimLogHandler: android.uid.bcmgr, msg: MESSAGE_STOP_SCAN
01-05 23:17:27.992  4568 15645 D BtGatt.GattService: unregisterClient() - clientIf=4
01-05 23:17:27.993  4568  5169 D BtGatt.ScanManager: delete FilterIndex - 17
01-05 23:17:27.995  5028  5028 D PhoneApp: PhoneAppBroadcastReceiver onReceive android.intent.action.BATTERY_CHANGED
01-05 23:17:27.995  5028  5028 D TelephonyExtensionManager: lowBatterySound - isLowBatterySoundScheduled: false
01-05 23:17:27.995  5028  5028 D TelephonyExtensionManager: lowBatterySound - isPlayNow: false
01-05 23:17:28.001  3228  3271 D Sensorhubs: readContextData: 1, 1, 7, 0
01-05 23:17:28.002  3756  4368 D SensorHubManager: onGetSensorHubDataLocked: library(4) = 1, 1, 7, 0
01-05 23:17:28.002  4622  4622 D KeyguardUpdateMonitor: received broadcast android.intent.action.BATTERY_CHANGED
01-05 23:17:28.003  3756  4367 D CAE     : onGetSensorHubData(SensorHubParserProvider.java:94) - onGetSensorHubData Event [event buffer len :4], AP_WAKEUP
01-05 23:17:28.003  3756  4367 I CAE     : parse(SensorHubParserProvider.java:196) - buffer size = 4
01-05 23:17:28.003  3756  4367 I CAE     : parse(SensorHubParserProvider.java:207) - 1, 1, 7, 0,
01-05 23:17:28.004  3756  4367 D CAE     : display(ContextProvider.java:375) - ================= AUTO_ROTATION =================
01-05 23:17:28.005  3756  4367 I CAE     : display(ContextProvider.java:391) - Angle=[0]
01-05 23:17:28.006  5028  5028 D TelephonyExtensionManager: isSpeakerON - false
01-05 23:17:28.007  3756  4370 D SemContextService: updateContext() : event = Auto Rotation
01-05 23:17:28.008  4568  4690 D BtGatt.GattService: onScanFilterParamsConfigured() - clientIf=4, status=0, action=1, availableSpace=31
01-05 23:17:28.008  4568  4690 D BtGatt.ScanManager: callback done for clientIf - 4 status - 0
01-05 23:17:28.008  4568  5169 D BtGatt.ScanManager: delete FilterIndex - 18
01-05 23:17:28.008  3756  3756 D SemContextManager: onSemContextChanged() : event = Auto Rotation Angle : 0
01-05 23:17:28.009  3756  3756 D SContextManager: onSContextChanged() : event = Auto Rotation Angle : 0
01-05 23:17:28.009  3756  3756 V WindowOrientationListener: OrientationSensorJudge.onSContextChanged, Rotation: 0
01-05 23:17:28.009  4568  4690 D BtGatt.GattService: onScanFilterParamsConfigured() - clientIf=4, status=0, action=1, availableSpace=32
01-05 23:17:28.009  4568  4690 D BtGatt.ScanManager: callback done for clientIf - 4 status - 0
01-05 23:17:28.010  4568  5169 D BtGatt.ScanManager: configureRegularScanParams() - queue=0
01-05 23:17:28.010  3756  3783 V WindowOrientationListener: OrientationSensorJudge.getProposedRotation, Rotation: 0
01-05 23:17:28.010  3756  3783 V WindowOrientationListener: OrientationSensorJudge.getProposedRotation, Rotation: 0
01-05 23:17:28.010  4568  5169 D BtGatt.ScanManager: configureRegularScanParams() - ScanSetting Scan mode=-2147483648 mLastConfiguredScanSetting=100
01-05 23:17:28.010  3756  3783 V WindowManager: rotationForOrientationLw(orient=5, last=0); user=0  sensorRotation=0 mLidState=-1 mDockMode=0 mHdmiPlugged=false
01-05 23:17:28.010  4568  5169 D BtGatt.ScanManager: configureRegularScanParams() - queue emtpy, scan stopped
01-05 23:17:28.012  4622  4622 D PowerUI : priorPlugType = 2 mPlugType =  2
01-05 23:17:28.013  4622  4622 D PowerUI.Notification: showChargingNotice oldChargingType : 1 currentChargingType : 1 oldChargingTime : 5230000 mChargingTime : 5230000
01-05 23:17:28.013  4622  4622 D PowerUI.Notification: There is no change about charging status, so return!
01-05 23:17:28.015  4622  4622 D BatteryMeterDrawable: isSomethingChanged - false
01-05 23:17:28.017  4622  4622 D BatteryMeterDrawable: isSomethingChanged - false
01-05 23:17:28.020  5028  5028 D TelephonyExtensionManager: lowBatterySound - batteryStatus: 2
01-05 23:17:28.020  5028  5028 D TelephonyExtensionManager: lowBatterySound - batteryLevel: 58
01-05 23:17:28.020  5028  5028 D TelephonyExtensionManager: lowBatterySound - cancel
01-05 23:17:28.021  3641  3641 D [WeatherWidget(15061)]  WidgetCount: {[58A211B6B849F6AF6FA5E7616FBE3EE98829A5398C07564C0DB3BFB5D240ABC2]}
01-05 23:17:28.021  3756 10129 D SamsungAlarmManager: Cancel Alarm calling from uid:1001 pid :5028 / op:PendingIntent{5d9466d: PendingIntentRecord{4cc7679 com.android.phone broadcastIntent}}
01-05 23:17:28.021  3641  3641 D [WeatherWidget(15061)]  WidgetCount: {[CCB0E3EE44F2E0E1B203CCF447EC08807DF4714E0771C754FA3E35B5E7EAE40E]}
01-05 23:17:28.021  3641  3641 D [WeatherWidget(15061)]  WidgetCount: {[2186A9543452C41452D43BCFD5226C4BA24310F8C8A6AE911E2720EA3C7BA04739C257A7FDCA4ECD086B1A59118E54A843347CCAA559B7F1D4FF7B228FB898B1]}
01-05 23:17:28.022  5028  5028 D TelephonyExtension: Not stopping low battery tone
01-05 23:17:28.024  3756 11794 E LocSvc_libulp: I/int ulp_msg_process_system_update(const UlpSystemEvent): systemEvent:0 
01-05 23:17:28.024  3756 11794 E LocSvc_libulp: I/int ulp_msg_process_start_req(), at ulp state = 1
01-05 23:17:28.025  4622  4622 D Tile.FlashlightTile: ACTION_BATTERY_CHANGED - Level :: 58, emEnabled :: false
01-05 23:17:28.030 10817 10817 D Receiver_Screen: ACTION_SCREEN_ON
01-05 23:17:28.038  3641  3641 D SamsungAnalytics:1.8.33: cf feature is supported
01-05 23:17:28.041  3641  3641 D SamsungAnalytics:1.8.33: [Tracker] Tracker start:1.8.33
01-05 23:17:28.043  3641  3641 D [WeatherWidget(15061)]  DB L1: {[AAC4384C35CA6909274880C63FD2B8C580A03B62F9CBF03726AF4E04F09763BC4980EFD947CAFB61606864BF81064C4F312B01637037ACC36FDF18351EF333D0]}
01-05 23:17:28.043  3641  3641 D [WeatherWidget(15061)]  DB L2: {[610591C4E30FED4A153FF198DAC84EFE47CBCC65AAE9E67390CD4125BE4F36A22BF1BCF32B7F2D963CC39538329CF743FBA1C42D2539032F075A8D25FFE6761E]}
01-05 23:17:28.043  3756  3672 E BatteryStatsService: no controller energy info supplied
01-05 23:17:28.044  3641  3641 D [WeatherWidget(15061)]  : {[E9BDC1AC9F9B078A92B3F309630276C89F9B6E52C087A495B97355481F2FDE5B58A757A09967AB7BD9E1187CEA5BB356FACBD4A552A7402C88647F970C513A69]}
01-05 23:17:28.044  3756  4361 D SamsungAlarmManager: setInexact Intent (T:1/F:8/AC:false) 20190105T234728 - CU:1000/CP:3756
01-05 23:17:28.045  3641  3641 D [WeatherWidget(15061)]  WidgetCount: {[58A211B6B849F6AF6FA5E7616FBE3EE98829A5398C07564C0DB3BFB5D240ABC2]}
01-05 23:17:28.045  3641  3641 D [WeatherWidget(15061)]  WidgetCount: {[CCB0E3EE44F2E0E1B203CCF447EC08807DF4714E0771C754FA3E35B5E7EAE40E]}
01-05 23:17:28.047  1979  2002 D VolumeInfo: VolumeInfo from Parcel: id private ,type 1 ,disk null
01-05 23:17:28.047  1979  2002 D VolumeInfo: VolumeInfo from Parcel: id emulated ,type 2 ,disk null
01-05 23:17:28.049  4622  4622 D KeyguardUpdateMonitor: handleBatteryUpdate
01-05 23:17:28.051  3641  3641 D SamsungAnalytics:1.8.33: user do not agree
01-05 23:17:28.051  1979  2003 D VolumeInfo: VolumeInfo from Parcel: id private ,type 1 ,disk null
01-05 23:17:28.052  1979  2003 D VolumeInfo: VolumeInfo from Parcel: id emulated ,type 2 ,disk null
01-05 23:17:28.057  3641  3641 D [WeatherWidget(15061)]  WidgetCount: {[58A211B6B849F6AF6FA5E7616FBE3EE98829A5398C07564C0DB3BFB5D240ABC2]}
01-05 23:17:28.058  3641  3641 D [WeatherWidget(15061)]  WidgetCount: {[CCB0E3EE44F2E0E1B203CCF447EC08807DF4714E0771C754FA3E35B5E7EAE40E]}
01-05 23:17:28.059  3641  3641 D SamsungAnalytics:1.8.33: user do not agree
01-05 23:17:28.059  3641  3641 D [WeatherWidget(15061)]  DB L2: {[610591C4E30FED4A153FF198DAC84EFE6C4CBB22A4048DCEE6F6A96746E323926886FA39183981485F7E233DCEF071F2BACD1CFDB87C37A670203F531583450F]}
01-05 23:17:28.060  3641  3641 D [WeatherWidget(15061)]  DB L1: {[AAC4384C35CA6909274880C63FD2B8C5C23F90F1E4FCAD3137C9B25E5485CF6CA69667A28A013ADD6F948EA4AD32C703EDBE998FE2530441BA1C2433AF89EE1364896B129C77A95B9A87E199A688D99265973E59EF907F0CDBC813735B1ACCA2]}
01-05 23:17:28.061  3641  3641 D [WeatherWidget(15061)]  DB L1: {[AAC4384C35CA6909274880C63FD2B8C5C23F90F1E4FCAD3137C9B25E5485CF6C54F58324F6F714B5487FB5EEF1F43BA4793E55FE851D8A4CDFFA0EDE076F9B1D5CF540C61981285C87C97080FB0F0630]}
01-05 23:17:28.061  3641  3641 D SamsungAnalytics:1.8.33: user do not agree
01-05 23:17:28.061  3641  3641 D [WeatherWidget(15061)]  DB L2: {[610591C4E30FED4A153FF198DAC84EFE34105AC04224A27A6EA4D87EAF16DF76B52CD5EF9AE8CDBACF25F24E6EA3A49D481C0F798199797F3B06B428AC11CFA5]}
01-05 23:17:28.062  3641  3641 D SamsungAnalytics:1.8.33: user do not agree
01-05 23:17:28.062  3641  3641 D SamsungAnalytics:1.8.33: user do not agree
01-05 23:17:28.062  3641  3641 E [WeatherWidget(15061)]  : {[68221C70F3BC59499B08515A392DA591C2344AA60C21B034D213C70535E9A0FA691F1848128A2620AB6C8F72DFE573EA]}
01-05 23:17:28.062  3641  3641 D SamsungAnalytics:1.8.33: user do not agree
