01-14 22:21:02.672 24925 24943 D UE4     : [2019.01.15-03.21.02:672][  0]LogPlayerController: Error: InputMode:UIOnly - Attempting to focus Non-Focusable widget SObjectWidget [Widget.cpp(710)]!
01-14 22:21:02.674 24925 24943 D UE4     : [2019.01.15-03.21.02:674][  0]LogLoad: Took 0.431773 seconds to LoadMap(/Game/Maps/StackMap)
01-14 22:21:02.675 24925 24943 D UE4     : [2019.01.15-03.21.02:675][  0]LogSlate: Took 0.000445 seconds to synchronously load lazily loaded font '../../../Engine/Content/EngineFonts/Faces/DroidSansMono.ufont' (77K)
01-14 22:21:02.683 24925 25007 D UE4     : *** JavaEnvDestructor: 25007
01-14 22:21:02.684 24925 25005 D UE4     : AndroidEGL::ResetDisplay()
01-14 22:21:02.685 24925 25005 D UE4     : *** JavaEnvDestructor: 25005
01-14 22:21:02.695 24925 24943 D UE4     : [2019.01.15-03.21.02:695][  0]LogAndroid: Passed GEngineLoop.Init()
01-14 22:21:02.704 24925 24943 D UE4     : [2019.01.15-03.21.02:704][  0]LogAndroidEvents: Display: DequeueAppEvent : 9, 0
01-14 22:21:02.704 24925 24943 D UE4     : [2019.01.15-03.21.02:704][  0]LogAndroidEvents: Display: DequeueAppEvent : 7, 0
01-14 22:21:02.705 24925 24943 D UE4     : [2019.01.15-03.21.02:705][  0]LogAndroidEvents: Display: DequeueAppEvent : 6, 0
01-14 22:21:02.705 24925 24943 D UE4     : [2019.01.15-03.21.02:705][  0]LogAndroidEvents: Display: DequeueAppEvent : 0, 3268075528
01-14 22:21:02.705 24925 24943 D UE4     : APP_EVENT_STATE_WINDOW_CREATED, 0, 0, 0
01-14 22:21:02.705 24925 24943 D UE4     : [2019.01.15-03.21.02:705][  0]LogAndroidEvents: Display: ExecWindowCreated
01-14 22:21:02.705 24925 24943 D UE4     : AndroidEGL::ReInitWindow()
01-14 22:21:02.705 24925 24943 D UE4     : AndroidEGL::ReInit()
01-14 22:21:02.705 24925 24943 D UE4     : AndroidEGL::ResetDisplay()
01-14 22:21:02.705 24925 24943 D UE4     : AndroidEGL::InitSurface 0, 1
01-14 22:21:02.705 24925 24943 D UE4     : AndroidEGL::CreateEGLSurface() Already initialized: 0xe181f2a8
01-14 22:21:02.705 24925 24943 D UE4     : ExecWindowCreated, 0, 1, 0
01-14 22:21:02.705 24925 25055 D UE4     : [2019.01.15-03.21.02:705][  0]LogRenderer: Reallocating scene render targets to support 720x1280 Format 10 NumSamples 1 (Frame:1).
01-14 22:21:02.706 24925 24943 D UE4     : [2019.01.15-03.21.02:705][  0]LogAndroidEvents: Display: DequeueAppEvent : 12, 0
01-14 22:21:02.706 24925 24943 D UE4     : [2019.01.15-03.21.02:706][  0]LogAndroidEvents: Display: DequeueAppEvent : 8, 0
01-14 22:21:02.706 24925 24943 D UE4     : [2019.01.15-03.21.02:706][  0]LogAndroidEvents: Display: DequeueAppEvent : 9, 0
01-14 22:21:02.706 24925 24943 D UE4     : [2019.01.15-03.21.02:706][  0]LogAndroidEvents: Display: DequeueAppEvent : 7, 0
01-14 22:21:02.706 24925 24943 D UE4     : [2019.01.15-03.21.02:706][  0]LogTemp: Android resume audio
01-14 22:21:02.711 24925 24943 D UE4     : Registering volume receiver
01-14 22:21:02.716  3757  5902 D AudioService: getStreamVolume 3 index 130
01-14 22:21:02.716 24925 24943 D UE4     : startVolumeReceiver: 13
01-14 22:21:02.717 24925 24943 D UE4     : nativeVolumeEvent(13)
01-14 22:21:02.717 24925 24943 D UE4     : Registering battery receiver
01-14 22:21:02.719 24925 24943 D UE4     : Registering headset receiver
01-14 22:21:02.720 24925 24925 D UE4     : Battery: status = 2, rawlevel = 41, scale = 100
01-14 22:21:02.721 24925 24943 D UE4     : startHeadsetReceiver: 0
01-14 22:21:02.721 24925 24943 D UE4     : nativeHeadsetEvent(0)
01-14 22:21:02.721 24925 24925 D UE4     : nativeBatteryEvent(stat = 2, lvl = 41  temp = 29.30 C)
01-14 22:21:02.722 24925 24925 D UE4     : headsetReceiver::onReceive
01-14 22:21:02.722 24925 24925 D UE4     : nativeHeadsetEvent(0)
01-14 22:21:02.727 24925 25055 D UE4     : [2019.01.15-03.21.02:727][  0]LogRHI: Using OpenGL program LRU cache: 0
01-14 22:21:02.729 24925 25021 D UE4     : *** JavaEnvDestructor: 25021
01-14 22:21:02.780 24925 25019 D UE4     : *** JavaEnvDestructor: 25019
01-14 22:21:02.781 24925 25020 D UE4     : *** JavaEnvDestructor: 25020
01-14 22:21:02.783  3757  7203 D AudioService: getStreamVolume 3 index 130
01-14 22:21:02.783 24925 25018 D UE4     : *** JavaEnvDestructor: 25018
01-14 22:21:02.786  6728  6742 W art     : Suspending all threads took: 8.901ms
01-14 22:21:02.790  3757  7206 D AudioService: getStreamVolume 3 index 130
01-14 22:21:02.885 24925 24943 D UE4     : [2019.01.15-03.21.02:885][  0]LogUdpMessaging: Initializing bridge on interface 0.0.0.0:0 to multicast group 230.0.0.1:6666.
01-14 22:21:02.985  3757  7204 D AudioService: getStreamVolume 3 index 130
01-14 22:21:02.994  3757 32083 D AudioService: getStreamVolume 3 index 130
01-14 22:21:03.191  3757  2858 D AudioService: getStreamVolume 3 index 130
01-14 22:21:03.197  3757  4473 D AudioService: getStreamVolume 3 index 130
01-14 22:21:03.395  3757 32084 D AudioService: getStreamVolume 3 index 130
01-14 22:21:03.402  3757 10512 D AudioService: getStreamVolume 3 index 130
01-14 22:21:03.598  3757 32085 D AudioService: getStreamVolume 3 index 130
01-14 22:21:03.604  3757 29839 D AudioService: getStreamVolume 3 index 130
01-14 22:21:03.734 24925 25016 D UE4     : *** JavaEnvDestructor: 25016
01-14 22:21:03.736 24925 25017 D UE4     : *** JavaEnvDestructor: 25017
01-14 22:21:03.803  3757  5063 D AudioService: getStreamVolume 3 index 130
01-14 22:21:03.809  3757  7204 D AudioService: getStreamVolume 3 index 130
01-14 22:21:03.813  3757  9599 D GameManagerService: identifyGamePackage. com.GeekTechnique.InfinityStack
01-14 22:21:03.838 24925 24943 D UE4     : [2019.01.15-03.21.03:837][  0]LogTcpMessaging: Initializing TcpMessaging bridge, listening on 127.0.0.1:6666
01-14 22:21:03.851 24925 24943 D UE4     : [2019.01.15-03.21.03:850][  0]LogAndroid: Display: Low Power Mode Changed: 0
01-14 22:21:03.852 24925 24943 D UE4     : Execution has been resumed!
01-14 22:21:03.853 24925 24943 D UE4     : [2019.01.15-03.21.03:852][  0]LogAndroidEvents: Display: DequeueAppEvent : 6, 0
01-14 22:21:03.899 24925 25060 D UE4     : *** JavaEnvDestructor: 25060
01-14 22:21:04.036  3757 32083 D AudioService: getStreamVolume 3 index 130
01-14 22:21:04.039  3757  7205 D AudioService: getStreamVolume 3 index 130
01-14 22:21:04.242  3757  4473 D AudioService: getStreamVolume 3 index 130
01-14 22:21:04.248  3757 32084 D AudioService: getStreamVolume 3 index 130
01-14 22:21:04.449  3757 10512 D AudioService: getStreamVolume 3 index 130
01-14 22:21:04.456  3757 32085 D AudioService: getStreamVolume 3 index 130
01-14 22:21:04.656  3757 29839 D AudioService: getStreamVolume 3 index 130
01-14 22:21:04.664  3757 29838 D AudioService: getStreamVolume 3 index 130
01-14 22:21:04.666  3757  6272 D BatteryService: !@BatteryListener : batteryPropertiesChanged!
01-14 22:21:04.667  3757  6272 D BatteryService: level:41, scale:100, status:2, health:2, present:true, voltage: 4006, temperature: 294, technology: Li-ion, AC powered:false, USB powered:true, POGO powered:false, Wireless powered:false, icon:17303694, invalid charger:0, maxChargingCurrent:0, maxChargingVoltage:0, chargeCounter:0
01-14 22:21:04.667  3757  6272 D BatteryService: online:6, current avg:873, charge type:1, power sharing:false, high voltage charger:false, capacity:280000, batterySWSelfDischarging:false, misc_event:0, current_now:895
01-14 22:21:04.667  3757  6272 D BatteryService: stay LED for charging
01-14 22:21:04.668  3757  3757 D BatteryService: Sending ACTION_BATTERY_CHANGED.
01-14 22:21:04.674  3757  3757 V UiModeManager: updateLocked: null action, mDockState=0, category=null
01-14 22:21:04.674  3757  3757 D UiModeManager: updateConfigurationLocked: mDockState=0; mCarMode=false; mNightMode=1; uiMode=17
01-14 22:21:04.676  3757  3757 D GameManagerService: new battery level: 41
01-14 22:21:04.682  4616  4616 D KeyguardUpdateMonitor: received broadcast android.intent.action.BATTERY_CHANGED
01-14 22:21:04.691  4616  4616 D PowerUI : priorPlugType = 2 mPlugType =  2
01-14 22:21:04.694  4616  4616 D PowerUI.Notification: showChargingNotice oldChargingType : 1 currentChargingType : 1 oldChargingTime : 6929000 mChargingTime : 6918000
01-14 22:21:04.694  4616  4616 D PowerUI.Notification: showChargingNotification()
01-14 22:21:04.694  5024  5024 D PhoneApp: PhoneAppBroadcastReceiver onReceive android.intent.action.BATTERY_CHANGED
01-14 22:21:04.696  5024  5024 D TelephonyExtensionManager: lowBatterySound - isLowBatterySoundScheduled: false
01-14 22:21:04.697  5024  5024 D TelephonyExtensionManager: lowBatterySound - isPlayNow: false
01-14 22:21:04.703  5024  5024 D TelephonyExtensionManager: isSpeakerON - false
01-14 22:21:04.715 24925 24925 D UE4     : Battery: status = 2, rawlevel = 41, scale = 100
01-14 22:21:04.715 24925 24925 D UE4     : nativeBatteryEvent(stat = 2, lvl = 41  temp = 29.40 C)
01-14 22:21:04.719  5024  5024 D TelephonyExtensionManager: lowBatterySound - batteryStatus: 2
01-14 22:21:04.719  5024  5024 D TelephonyExtensionManager: lowBatterySound - batteryLevel: 41
01-14 22:21:04.719  5024  5024 D TelephonyExtensionManager: lowBatterySound - cancel
01-14 22:21:04.720  3757 29841 D ApplicationPolicy: isStatusBarNotificationAllowedAsUser: packageName = com.android.systemui,userId = -1
01-14 22:21:04.721  3757  2859 D SamsungAlarmManager: Cancel Alarm calling from uid:1001 pid :5024 / op:PendingIntent{57331e: PendingIntentRecord{7b71c77 com.android.phone broadcastIntent}}
01-14 22:21:04.723  5024  5024 D TelephonyExtension: Not stopping low battery tone
01-14 22:21:04.726  4616  4616 D BatteryMeterDrawable: isSomethingChanged - false
01-14 22:21:04.726  4616  4616 D BatteryMeterDrawable: isSomethingChanged - false
01-14 22:21:04.732  4616  4616 D KeyguardUpdateMonitor: handleBatteryUpdate
01-14 22:21:04.734  4616  4616 D Tile.FlashlightTile: ACTION_BATTERY_CHANGED - Level :: 41, emEnabled :: false
01-14 22:21:04.799  4616  4616 D KeyguardServiceBoxContainer: updateCMAS() hasCmasNotification = false, mHasCMAS = false
01-14 22:21:04.828  3757  9599 D GameManagerService: identifyGamePackage. com.GeekTechnique.InfinityStack
01-14 22:21:04.858  3757  6272 D AudioService: getStreamVolume 3 index 130
01-14 22:21:04.866  3757  4440 D AudioService: getStreamVolume 3 index 130
01-14 22:21:04.906 24925 25058 D UE4     : *** JavaEnvDestructor: 25058
01-14 22:21:04.907 24925 25059 D UE4     : *** JavaEnvDestructor: 25059
01-14 22:21:04.907 24925 25057 D UE4     : *** JavaEnvDestructor: 25057
01-14 22:21:05.061  3757  7201 D AudioService: getStreamVolume 3 index 130
01-14 22:21:05.069  3757 31269 D AudioService: getStreamVolume 3 index 130
01-14 22:21:05.279  3757  5063 D AudioService: getStreamVolume 3 index 130
01-14 22:21:05.304  3757  2859 D AudioService: getStreamVolume 3 index 130
01-14 22:21:05.486  3757  7204 D AudioService: getStreamVolume 3 index 130
01-14 22:21:05.517  3757 29840 D AudioService: getStreamVolume 3 index 130
01-14 22:21:05.695  3757  7205 D AudioService: getStreamVolume 3 index 130
01-14 22:21:05.729  3757  4473 D AudioService: getStreamVolume 3 index 130
01-14 22:21:05.843 24925 25064 D UE4     : *** JavaEnvDestructor: 25064
01-14 22:21:05.853 24925 25065 D UE4     : *** JavaEnvDestructor: 25065
01-14 22:21:05.901  3757 32084 D AudioService: getStreamVolume 3 index 130
01-14 22:21:05.950  3757 10512 D AudioService: getStreamVolume 3 index 130
01-14 22:21:05.956 24925 24943 D UE4     : Unregistering volume receiver
01-14 22:21:05.958 24925 24943 D UE4     : Unregistering battery receiver
01-14 22:21:05.960 24925 24943 D UE4     : Unregistering headset receiver
01-14 22:21:05.967 24925 25056 D UE4     : *** JavaEnvDestructor: 25056
01-14 22:21:05.970 24925 25055 D UE4     : AndroidEGL::ResetDisplay()
01-14 22:21:05.980 24925 25055 D UE4     : *** JavaEnvDestructor: 25055
01-14 22:21:05.982 24925 24943 D UE4     : [2019.01.15-03.21.05:982][  0]LogTemp: Android pause audio
01-14 22:21:05.984 24925 24943 D UE4     : Execution has been paused...
01-14 22:21:05.985 24925 24943 D UE4     : [2019.01.15-03.21.05:984][  0]LogAndroidEvents: Display: DequeueAppEvent : 12, 0
01-14 22:21:05.985 24925 24943 D UE4     : [2019.01.15-03.21.05:985][  0]LogAndroidEvents: Display: DequeueAppEvent : 8, 0
01-14 22:21:06.104  3757  5902 D AudioService: getStreamVolume 3 index 130
01-14 22:21:06.156  3757 29838 D AudioService: getStreamVolume 3 index 130
01-14 22:21:06.311  3757  7203 D AudioService: getStreamVolume 3 index 130
01-14 22:21:06.410  3757 29842 D AudioService: getStreamVolume 3 index 130
01-14 22:21:06.517  3757  3771 D AudioService: getStreamVolume 3 index 130
01-14 22:21:06.577 20488 20517 I Finsky  : [7601] com.google.android.finsky.bo.an.run(6): Stats for Executor: InstallBackgroundThread com.google.android.finsky.bo.ao@6a15fec[Running, pool size = 0, active threads = 0, queued tasks = 0, completed tasks = 1]
01-14 22:21:06.583 20488 20517 I Finsky  : [7601] com.google.android.finsky.bo.an.run(6): Stats for Executor: InstallBackgroundThread com.google.android.finsky.bo.ao@a77efb5[Running, pool size = 0, active threads = 0, queued tasks = 0, completed tasks = 0]
01-14 22:21:06.616  3757 10496 D AudioService: getStreamVolume 3 index 130
01-14 22:21:06.667 20488 20517 I Finsky  : [7601] com.google.android.finsky.bo.an.run(6): Stats for Executor: Db-user_languages_store com.google.android.finsky.bo.ao@b18664a[Running, pool size = 0, active threads = 0, queued tasks = 0, completed tasks = 1]
01-14 22:21:06.723  3757 29841 D AudioService: getStreamVolume 3 index 130
01-14 22:21:06.824  3757  4469 D AudioService: getStreamVolume 3 index 130
01-14 22:21:06.936  3757 32083 D AudioService: getStreamVolume 3 index 130
01-14 22:21:07.046  3757  2858 D AudioService: getStreamVolume 3 index 130
01-14 22:21:07.087  3757  9599 D SSRM:t  : SIOP:: AP = 340, PST = 335 (W:10), CP = 254, CUR = 213, LCD = 0
01-14 22:21:07.090  3757  9599 D ConnectivityService: filterNetworkStateForUid() uid: 1000 networkInfo: [type: WIFI[] - WIFI, state: CONNECTED/CONNECTED, reason: (unspecified), extra: "wilkinson2.4", failover: false, available: true, roaming: false, metered: false]
01-14 22:21:07.138  5689  5689 D io_stats: !@   8,0 r 3331356 98939648 w 2707382 61182156 d 430922 31699472 f 697957 697793 iot 4416540 2538547 th 61440 61440 43892 pt 10480 inp 0 0 245444.346
01-14 22:21:07.141  3757  3770 D AudioService: getStreamVolume 3 index 130
01-14 22:21:07.254  3757  5062 D AudioService: getStreamVolume 3 index 130
01-14 22:21:07.345  3757  5901 D AudioService: getStreamVolume 3 index 130
01-14 22:21:07.517  3757  7202 D AudioService: getStreamVolume 3 index 130
01-14 22:21:07.546  3757 29839 D AudioService: getStreamVolume 3 index 130
01-14 22:21:07.757  3757 31270 D AudioService: getStreamVolume 3 index 130
01-14 22:21:07.808  3757  6272 D AudioService: getStreamVolume 3 index 130
01-14 22:21:07.987  3757  4440 D AudioService: getStreamVolume 3 index 130
01-14 22:21:08.013  3757  7206 D AudioService: getStreamVolume 3 index 130
01-14 22:21:08.198  3757  7201 D AudioService: getStreamVolume 3 index 130
01-14 22:21:08.217  3757 31269 D AudioService: getStreamVolume 3 index 130
01-14 22:21:08.409  3757  5063 D AudioService: getStreamVolume 3 index 130
01-14 22:21:08.423  3757  2859 D AudioService: getStreamVolume 3 index 130
01-14 22:21:08.612  3757 32083 D AudioService: getStreamVolume 3 index 130
01-14 22:21:08.625  3757  2858 D AudioService: getStreamVolume 3 index 130
01-14 22:21:08.646 24925 24946 D UE4     : Used memory: 176572
01-14 22:21:08.819  3757  3770 D AudioService: getStreamVolume 3 index 130
01-14 22:21:08.833  3757  5062 D AudioService: getStreamVolume 3 index 130
01-14 22:21:08.967 20488 20517 I Finsky  : [7601] com.google.android.finsky.bo.an.run(6): Stats for Executor: Db-frosting.db com.google.android.finsky.bo.ao@4a65938[Running, pool size = 0, active threads = 0, queued tasks = 0, completed tasks = 3]
01-14 22:21:09.001 20488 20517 I Finsky  : [7601] com.google.android.finsky.bo.an.run(6): Stats for Executor: Db-xternal_referrer_status.db com.google.android.finsky.bo.ao@3533d11[Running, pool size = 0, active threads = 0, queued tasks = 0, completed tasks = 1]
01-14 22:21:09.032  3757  5901 D AudioService: getStreamVolume 3 index 130
01-14 22:21:09.041  3757  7202 D AudioService: getStreamVolume 3 index 130
01-14 22:21:09.239  3757  4482 D AudioService: getStreamVolume 3 index 130
01-14 22:21:09.249  3757  5902 D AudioService: getStreamVolume 3 index 130
01-14 22:21:09.449  3757 29838 D AudioService: getStreamVolume 3 index 130
01-14 22:21:09.457  3757  7203 D AudioService: getStreamVolume 3 index 130
01-14 22:21:09.516  3757  4966 E Watchdog: !@Sync 8178 [14_Jan_22_21_09.516]
01-14 22:21:09.656  3757  7216 D AudioService: getStreamVolume 3 index 130
01-14 22:21:09.659  3757 29842 D AudioService: getStreamVolume 3 index 130
01-14 22:21:09.871  3757  3771 D AudioService: getStreamVolume 3 index 130
01-14 22:21:09.886  3757 10496 D AudioService: getStreamVolume 3 index 130
01-14 22:21:10.086  3757  7204 D AudioService: getStreamVolume 3 index 130
01-14 22:21:10.100  3757 29840 D AudioService: getStreamVolume 3 index 130
01-14 22:21:10.305  3757  4469 D AudioService: getStreamVolume 3 index 130
01-14 22:21:10.311  3757  3770 D AudioService: getStreamVolume 3 index 130
01-14 22:21:10.529  3757  5062 D AudioService: getStreamVolume 3 index 130
01-14 22:21:10.532  3757  5901 D AudioService: getStreamVolume 3 index 130
01-14 22:21:10.733  3757  7202 D AudioService: getStreamVolume 3 index 130
01-14 22:21:10.737  3757  4482 D AudioService: getStreamVolume 3 index 130
01-14 22:21:10.947  3757  5902 D AudioService: getStreamVolume 3 index 130
01-14 22:21:10.951  3757 29838 D AudioService: getStreamVolume 3 index 130
01-14 22:21:11.223  3757  4440 D AudioService: getStreamVolume 3 index 130
01-14 22:21:11.230  3757  7206 D AudioService: getStreamVolume 3 index 130
01-14 22:21:11.429  3757  7201 D AudioService: getStreamVolume 3 index 130
01-14 22:21:11.434  3757 31269 D AudioService: getStreamVolume 3 index 130
01-14 22:21:11.635  3757  5063 D AudioService: getStreamVolume 3 index 130
01-14 22:21:11.639  3757  2859 D AudioService: getStreamVolume 3 index 130
01-14 22:21:11.844  3757 32083 D AudioService: getStreamVolume 3 index 130
01-14 22:21:11.850  3757  2858 D AudioService: getStreamVolume 3 index 130
01-14 22:21:12.050  3757  7205 D AudioService: getStreamVolume 3 index 130
01-14 22:21:12.055  3757  4473 D AudioService: getStreamVolume 3 index 130
01-14 22:21:12.140  5689  5689 D io_stats: !@   8,0 r 3331356 98939648 w 2707398 61182404 d 430922 31699472 f 697982 697818 iot 4416630 2538555 th 61440 61440 43892 pt 10480 inp 0 0 245449.348
01-14 22:21:12.283  3757 32084 D AudioService: getStreamVolume 3 index 130
01-14 22:21:12.290  3757 10512 D AudioService: getStreamVolume 3 index 130
01-14 22:21:12.499  3757 32085 D AudioService: getStreamVolume 3 index 130
01-14 22:21:12.516  3757 29839 D AudioService: getStreamVolume 3 index 130
01-14 22:21:12.712  3757 31270 D AudioService: getStreamVolume 3 index 130
01-14 22:21:12.722  3757  6272 D AudioService: getStreamVolume 3 index 130
01-14 22:21:12.916  3757  4440 D AudioService: getStreamVolume 3 index 130
01-14 22:21:12.919  6668  6733 D ContactsProvider_EventLog: contents_sample_state: [ contacts(369) data(4037) accounts({vnd.sec.contact.phone (1)=12, com.google (7)=693}) accounts deleted({}) calls([logtype:100 cnt:405, logtype:1150 cnt:95]) countryIso(US) userId(0)  ]

01-14 22:21:12.919  6668  6733 D ContactsProvider_EventLog: contents_sample_state: [ agr({[2 ,2 ,7]=1, [2 ,7 ,2 ,7]=1, [7 ,2 ,7]=4, [7 ,7 ,2]=4, [1 ,7]=5, [7]=51, [7 ,2]=231, [1 ,2 ,7]=7, [2 ,7]=65})  ]

01-14 22:21:12.919  6668  6733 D ContactsProvider_EventLog: contents_sample_state: [ actCnt({android.process.acore=2})  ]
01-14 22:21:12.925  3757  7206 D AudioService: getStreamVolume 3 index 130
01-14 22:21:12.929  6668  6733 E ContactsProvider_EventLog: Flush buffer to file cnt : 1 size : 0Kb duration : 8ms lastUpdatedAfter : 48039 ms mFlush_time_threasold : 2000 mCurrentSize : 457
01-14 22:21:13.119  3757  7201 D AudioService: getStreamVolume 3 index 130
01-14 22:21:13.130  3757 31269 D AudioService: getStreamVolume 3 index 130
01-14 22:21:13.325  3757  5063 D AudioService: getStreamVolume 3 index 130
01-14 22:21:13.344  3757  2859 D AudioService: getStreamVolume 3 index 130
01-14 22:21:13.536  3757 32083 D AudioService: getStreamVolume 3 index 130
01-14 22:21:13.547  3757  2858 D AudioService: getStreamVolume 3 index 130
01-14 22:21:13.748  3757  7205 D AudioService: getStreamVolume 3 index 130
01-14 22:21:13.814  3757  4473 D AudioService: getStreamVolume 3 index 130
01-14 22:21:13.985  3757 32084 D AudioService: getStreamVolume 3 index 130
01-14 22:21:14.015  3757 10512 D AudioService: getStreamVolume 3 index 130
01-14 22:21:14.199  3757 32085 D AudioService: getStreamVolume 3 index 130
01-14 22:21:14.237  3757 29839 D AudioService: getStreamVolume 3 index 130
01-14 22:21:14.438  3757 31270 D AudioService: getStreamVolume 3 index 130
01-14 22:21:14.458  3757  6272 D AudioService: getStreamVolume 3 index 130
01-14 22:21:14.685  3757  7216 D AudioService: getStreamVolume 3 index 130
01-14 22:21:14.687  3757  3771 D AudioService: getStreamVolume 3 index 130
01-14 22:21:14.712  3757 31269 D BatteryService: !@BatteryListener : batteryPropertiesChanged!
01-14 22:21:14.713  3757 31269 D BatteryService: level:41, scale:100, status:2, health:2, present:true, voltage: 4022, temperature: 294, technology: Li-ion, AC powered:false, USB powered:true, POGO powered:false, Wireless powered:false, icon:17303694, invalid charger:0, maxChargingCurrent:0, maxChargingVoltage:0, chargeCounter:0
01-14 22:21:14.713  3757 31269 D BatteryService: online:6, current avg:945, charge type:1, power sharing:false, high voltage charger:false, capacity:280000, batterySWSelfDischarging:false, misc_event:0, current_now:1019
01-14 22:21:14.713  3757 31269 D BatteryService: stay LED for charging
01-14 22:21:14.713  3757  3757 D BatteryService: Sending ACTION_BATTERY_CHANGED.
01-14 22:21:14.717  3757  3757 V UiModeManager: updateLocked: null action, mDockState=0, category=null
01-14 22:21:14.717  3757  3757 D UiModeManager: updateConfigurationLocked: mDockState=0; mCarMode=false; mNightMode=1; uiMode=17
01-14 22:21:14.719  3757  3757 D GameManagerService: new battery level: 41
01-14 22:21:14.721  4616  4616 D KeyguardUpdateMonitor: received broadcast android.intent.action.BATTERY_CHANGED
01-14 22:21:14.725  4616  4616 D PowerUI : priorPlugType = 2 mPlugType =  2
01-14 22:21:14.727  4616  4616 D PowerUI.Notification: showChargingNotice oldChargingType : 1 currentChargingType : 1 oldChargingTime : 6918000 mChargingTime : 6907000
01-14 22:21:14.727  4616  4616 D PowerUI.Notification: showChargingNotification()
01-14 22:21:14.732  5024  5024 D PhoneApp: PhoneAppBroadcastReceiver onReceive android.intent.action.BATTERY_CHANGED
01-14 22:21:14.733  5024  5024 D TelephonyExtensionManager: lowBatterySound - isLowBatterySoundScheduled: false
01-14 22:21:14.733  5024  5024 D TelephonyExtensionManager: lowBatterySound - isPlayNow: false
01-14 22:21:14.733  5024  5024 D TelephonyExtensionManager: isSpeakerON - false
01-14 22:21:14.744  5024  5024 D TelephonyExtensionManager: lowBatterySound - batteryStatus: 2
01-14 22:21:14.744  5024  5024 D TelephonyExtensionManager: lowBatterySound - batteryLevel: 41
01-14 22:21:14.744  5024  5024 D TelephonyExtensionManager: lowBatterySound - cancel
01-14 22:21:14.744  3757  7205 D ApplicationPolicy: isStatusBarNotificationAllowedAsUser: packageName = com.android.systemui,userId = -1
01-14 22:21:14.744  3757  4473 D SamsungAlarmManager: Cancel Alarm calling from uid:1001 pid :5024 / op:PendingIntent{de817ff: PendingIntentRecord{7b71c77 com.android.phone broadcastIntent}}
01-14 22:21:14.747  4616  4616 D KeyguardUpdateMonitor: handleBatteryUpdate
01-14 22:21:14.749  4616  4616 D BatteryMeterDrawable: isSomethingChanged - false
01-14 22:21:14.749  4616  4616 D BatteryMeterDrawable: isSomethingChanged - false
01-14 22:21:14.751  5024  5024 D TelephonyExtension: Not stopping low battery tone
01-14 22:21:14.752  4616  4616 D Tile.FlashlightTile: ACTION_BATTERY_CHANGED - Level :: 41, emEnabled :: false
01-14 22:21:14.807  4616  4616 D KeyguardServiceBoxContainer: updateCMAS() hasCmasNotification = false, mHasCMAS = false
01-14 22:21:14.889  3757  3771 D AudioService: getStreamVolume 3 index 130
01-14 22:21:14.893  3757 10496 D AudioService: getStreamVolume 3 index 130
01-14 22:21:15.152  3757  7204 D AudioService: getStreamVolume 3 index 130
01-14 22:21:15.163  3757  4469 D AudioService: getStreamVolume 3 index 130
01-14 22:21:15.214  3757  4373 I TLC_TIMA_PKM_measure_kernel: TIMA: response_id = 3
01-14 22:21:15.214  3757  4373 I TLC_TIMA_PKM_measure_kernel: TIMA: response ret = 0, result_ondemand = MSG=Kernel Verification Success;
01-14 22:21:15.359  3757 29840 D AudioService: getStreamVolume 3 index 130
01-14 22:21:15.376  3757  7205 D AudioService: getStreamVolume 3 index 130
01-14 22:21:15.584  3757  5062 D AudioService: getStreamVolume 3 index 130
01-14 22:21:15.587  3757  5901 D AudioService: getStreamVolume 3 index 130
01-14 22:21:15.792  3757 10512 D AudioService: getStreamVolume 3 index 130
01-14 22:21:15.797  3757  4482 D AudioService: getStreamVolume 3 index 130
01-14 22:21:16.000  3757  5902 D AudioService: getStreamVolume 3 index 130
01-14 22:21:16.007  3757 29838 D AudioService: getStreamVolume 3 index 130
01-14 22:21:16.208  3757  7203 D AudioService: getStreamVolume 3 index 130
01-14 22:21:16.216  3757  7206 D AudioService: getStreamVolume 3 index 130
01-14 22:21:16.415  3757  7216 D AudioService: getStreamVolume 3 index 130
01-14 22:21:16.426  3757  3771 D AudioService: getStreamVolume 3 index 130
01-14 22:21:16.621  3757 10496 D AudioService: getStreamVolume 3 index 130
01-14 22:21:16.634  3757 29841 D AudioService: getStreamVolume 3 index 130
01-14 22:21:16.835  3757  7204 D AudioService: getStreamVolume 3 index 130
01-14 22:21:16.840  3757 32083 D AudioService: getStreamVolume 3 index 130
01-14 22:21:17.042  3757  7205 D AudioService: getStreamVolume 3 index 130
01-14 22:21:17.048  3757  5062 D AudioService: getStreamVolume 3 index 130
01-14 22:21:17.126  3757  9599 D SSRM:t  : SIOP:: AP = 330, PST = 337 (W:12), CP = 254, CUR = 145, LCD = 0
01-14 22:21:17.128  3757  9599 D ConnectivityService: filterNetworkStateForUid() uid: 1000 networkInfo: [type: WIFI[] - WIFI, state: CONNECTED/CONNECTED, reason: (unspecified), extra: "wilkinson2.4", failover: false, available: true, roaming: false, metered: false]
01-14 22:21:17.144  5689  5689 D io_stats: !@   8,0 r 3331356 98939648 w 2707409 61182624 d 430925 31699616 f 698013 697849 iot 4416720 2538567 th 61440 61440 43892 pt 10480 inp 0 0 245454.352
01-14 22:21:17.248  3757  7202 D AudioService: getStreamVolume 3 index 130
01-14 22:21:17.254  3757 32085 D AudioService: getStreamVolume 3 index 130
01-14 22:21:17.459  3757  5902 D AudioService: getStreamVolume 3 index 130
01-14 22:21:17.470  3757 29838 D AudioService: getStreamVolume 3 index 130
01-14 22:21:17.535  3757  4398 D InputReader: Input event(5): value=1 when=245454742297000
01-14 22:21:17.545  3757  4398 D InputReader: !@notifyKey(172), action=0
01-14 22:21:17.555  3757  4398 D InputManager-JNI: !@interceptKeyBeforeQueueing(172), action=0, interactive=false
01-14 22:21:17.561  3757  4398 D SamsungPhoneWindowManager: mWakeUpBooster.acquire()
01-14 22:21:17.563  3757  4398 D PowerManagerService: [api] [s] wakeUpWithReason (uid: 1000 pid: 3757) eventTime = 245454742 event = 1
01-14 22:21:17.564  3757  4398 I PowerManagerService: !@[ps] Screen__On  - 756 :  wakeUpWithReason: 1 (uid: 1000 pid: 3757) (1)
01-14 22:21:17.564  3757  4398 I PowerManagerService: Waking up from sleep (uid 1000)...
01-14 22:21:17.565  3757  4550 D NetworkPolicy: onScreenStateChanged, state: true, reason: 1
01-14 22:21:17.565  3757  4398 D InputManager-JNI: setInteractive(true)
01-14 22:21:17.565  3757  4398 D InputReader: Device ID 3: Releasing active all slots palm because the phone became interactive
01-14 22:21:17.568  3757  4550 V KeyguardServiceDelegate: onStartedWakingUp() reason:1
01-14 22:21:17.568  3757  4550 D PowerManagerNotifier: handleEarlyInteractiveChange reason = 1
01-14 22:21:17.570  4616 26914 D KeyguardViewMediator: onStartedWakingUpWithReason, seq = 757 why = 1
01-14 22:21:17.570  4616 26914 D KeyguardViewMediator: notifyStartedWakingUp
01-14 22:21:17.573  4616  4616 D KeyguardViewMediator: handleNotifyWakingUp
01-14 22:21:17.579  4616  4616 D KeyguardFingerPrint: shouldListenForFingerprint ( isFingerprintEnabled = true , mKeyguardIsVisible = true , mDeviceInteractive = true , mBouncer = false , mGoingToSleep = false , mSwitchingUser = false , mFingerprintAlreadyAuthenticated = false , mKeyguardUnlocking = false
01-14 22:21:17.586  4616  4616 V KeyguardFingerPrint: startListeningForFingerprint()
01-14 22:21:17.590  3757 32083 D FingerprintService: getEnrolledFingerprints : userId = 0
01-14 22:21:17.592  3757  4398 D PowerManagerService: [PWL] sb acquire: PowerManagerService.Broadcasts
01-14 22:21:17.596  3757  4398 D PowerManagerService: [s] getScreenOffTimeoutLocked: 600000 -> 3000
01-14 22:21:17.596  3757  4398 D PowerManagerService: [s] UserActivityState : 0 -> 1
01-14 22:21:17.596  3757  3795 D DisplayPowerController: animateScreenStateChange[0]: target=2
01-14 22:21:17.596  3757  3795 D DisplayPowerController: [M OS] 0 REPORTED_TO_POLICY_SCREEN_OFF -> REPORTED_TO_POLICY_SCREEN_TURNING_ON.
01-14 22:21:17.596  3757  3795 I DisplayPowerController: Blocking screen on until initial contents have been drawn.
01-14 22:21:17.596  3757  4398 D PowerManagerService: mDisplayReady: false
01-14 22:21:17.597  3757  4398 D PowerManagerService: [PWL] sb acquire: PowerManagerService.Display
01-14 22:21:17.597  3757  4398 D InputManager-JNI: !@handleInterceptActions(172), action=0, wmActions=0
01-14 22:21:17.597  3757  4398 D InputManager-JNI: Disable repeat for home key when device wake up
01-14 22:21:17.598  3757 29840 I FingerprintService: cancelAuthentication : token=android.os.BinderProxy@15c19cc from pid=4616, from uid=10055
01-14 22:21:17.599  3757  3795 V KeyguardServiceDelegate: onScreenTurnedOn(showListener = com.android.server.policy.PhoneWindowManager$2@f7e3f8c)
01-14 22:21:17.600  3757  3795 D DisplayPowerController: mWindowManagerPolicy.screenTurningOn(mPendingScreenOnUnblocker, 0)
01-14 22:21:17.600  3757  3795 D DisplayPowerController: animateScreenStateChange[0]: return as screen on blocked
01-14 22:21:17.600  3757  3795 D DisplayPowerController: [Dual Screen Compatible] state[0] :2
01-14 22:21:17.600  3757  3795 D AutomaticBrightnessController: [DAB] no lux value from sensor manager
01-14 22:21:17.600  3757  3795 D DisplayPowerController: getFinalBrightness : Summary is 53 -> 53
01-14 22:21:17.601  3757  3795 D DisplayPowerController: Animating brightness: target=53, rate=0 (PSM:true, AB limit:(-1 ~ -1) MB Limit:(-1 ~ -1))
01-14 22:21:17.601  3757  3795 D DisplayPowerController: animateScreenStateChange[0]: target=2
01-14 22:21:17.601  3757  3795 D DisplayPowerController: animateScreenStateChange[0]: return as screen on blocked
01-14 22:21:17.601  3757  3795 D DisplayPowerController: [Dual Screen Compatible] state[0] :2
01-14 22:21:17.601  3757  3795 D DisplayPowerController: getFinalBrightness : Summary is 53 -> 53
01-14 22:21:17.601  3757  3795 D DisplayPowerController: Animating brightness: target=53, rate=2000 (PSM:true, AB limit:(-1 ~ -1) MB Limit:(-1 ~ -1))
01-14 22:21:17.602  4616  4647 D KeyguardViewMediator: notifyScreenOn
01-14 22:21:17.602  3757  4552 D AutomaticBrightnessController: [DAB] setLightSensorEnabled : registerListenerRunnable
01-14 22:21:17.606  3757  3800 I libsuspend: !@autosuspend_wakeup_count_disable
01-14 22:21:17.606  3757  3800 I libsuspend: !@autosuspend_wakeup_count_disable done
01-14 22:21:17.606  3757  3800 D DisplayManagerService: !@display_state: OFF -> ON brightness: 0 -> 0
01-14 22:21:17.606  3757  3793 I DisplayManagerService: Display device changed state: "Built-in Screen", ON
01-14 22:21:17.610  3215  3215 D SurfaceFlinger: Set power mode=2, type=0 flinger=0x7effa88e80
01-14 22:21:17.611  3215  3215 I hwcomposer: int exynos_setPowerMode(struct hwc_composer_device_1 *, int, int):: disp(0), mode(2)
01-14 22:21:17.629  3757  3757 V SamsungAlarmManager: Sending to uid : 10059 action=null alarm=Alarm{3db5415 type 3 when 723106552 com.asurion.android.verizon.vms}
01-14 22:21:17.639  3757  4552 W CAE     : setCAProperty(ContextAwareService.java:589) - [setProperty 01] Mutex is locked for AUTO_BRIGHTNESS
01-14 22:21:17.640  3757  3757 D CompatibilityInfo: mCompatibilityFlags - 0
01-14 22:21:17.640  3757  3757 D CompatibilityInfo: applicationDensity - 420
01-14 22:21:17.640  3757  3757 D CompatibilityInfo: applicationScale - 1.0
01-14 22:21:17.642  3757  4552 I CAE     : setPropertyValue(AutoBrightnessRunner.java:126) - Mode = 0
01-14 22:21:17.643  3757  4552 I CAE     : sendCmdToSensorHub(SensorHubCommManager.java:162) - -63, 23, 48, 1, 0,
01-14 22:21:17.643  3757  4552 D SensorHubManager: SendSensorHubData: send data = -63, 23, 48, 1, 0
01-14 22:21:17.648  3227  3227 D Sensorhubs: sendContextData: -63, 23, 48, 1, 0
01-14 22:21:17.663  3757  4398 D InputReader: Input event(5): value=0 when=245454870127000
01-14 22:21:17.663  3757  4398 D InputReader: !@notifyKey(172), action=1
01-14 22:21:17.663  3757  4398 D InputManager-JNI: !@interceptKeyBeforeQueueing(172), action=1, interactive=true
01-14 22:21:17.664  3757  4398 D InputManager-JNI: !@handleInterceptActions(172), action=1, wmActions=1
01-14 22:21:17.669  3757  4397 I WindowManager: Ignoring HOME; down is not pressed.
01-14 22:21:17.671  3757  5062 I FingerprintService: authenticate: groudId=0 from pid=4616
01-14 22:21:17.673  3757  3757 V SamsungAlarmManager: Sending to uid : 1000 action=android.intent.action.TIME_TICK alarm=Alarm{8b0351b type 3 when 723118777 android}
01-14 22:21:17.688  3757  3757 D GameManagerService: onDisplayChanged. displyId: 0
01-14 22:21:17.688  3757  3757 D GameManagerService: dpi: 420, longPixel: 1920, shortPixel: 1080
01-14 22:21:17.702  3757  4552 I CAE     : setCAProperty(ContextAwareService.java:594) - result : true
01-14 22:21:17.703  3757  4552 W CAE     : setCAProperty(ContextAwareService.java:595) - [setProperty 02] Mutex is unlocked for AUTO_BRIGHTNESS
01-14 22:21:17.704  3757  4552 W CAE     : registerCallback(ContextAwareService.java:155) - [regi 01] Mutex is locked for AUTO_BRIGHTNESS
01-14 22:21:17.706  3757  4552 V CAE     : start(ContextProvider.java:128)
01-14 22:21:17.707  3757  4552 V CAE     : clear(AutoBrightnessRunner.java:267)
01-14 22:21:17.708  3757  4552 V CAE     : enable(AutoBrightnessRunner.java:243)
01-14 22:21:17.708  3757  4552 I CAE     : sendCmdToSensorHub(SensorHubCommManager.java:162) - -79, 48, 0,
01-14 22:21:17.708  3757  4552 D SensorHubManager: SendSensorHubData: send data = -79, 48, 0
01-14 22:21:17.710  3227  3262 D Sensorhubs: sendContextData: -79, 48, 0
01-14 22:21:17.710  4616  4616 D LockIcon: state = 0, mLastState = 0, mDeviceInteractive = true, mLastDeviceInteractive = true, mScreenOn = false, mLastScreenOn = false,  force = false
01-14 22:21:17.712  4616  4616 D KeyguardViewMediator: handleNotifyScreenTurningOn
01-14 22:21:17.713  4616 25309 I KeyguardViewMediator: notifyScreenOnOffToNotes(com.samsung.android.snote.SCREEN_ON)
01-14 22:21:17.718  3757  4552 D CAE     : getFaultDetectionResult(AutoBrightnessRunner.java:281) - true
01-14 22:21:17.718  3757  4552 I CAE     : notifyCmdProcessResultObserver(ContextProvider.java:627) - CheckResult = 0, Cause = Success
01-14 22:21:17.719  3268  3268 D bauth_service: BAuthService, 371
01-14 22:21:17.720  3268  3268 D bauth_FPBAuthService: thread id : 3, preenroll_flag : 0, nd cnt : 0
01-14 22:21:17.720  3268  3268 D bauth_service: BAuthService, 390
01-14 22:21:17.720  3757  3757 D FingerprintService: ClientMonitor: 10000000000000000000000000010111
01-14 22:21:17.722  3268  3268 V fingerprintd: authenticate(sid=0, gid=0)
01-14 22:21:17.722  3268  3268 D bauth_service: BAuthService, 324
01-14 22:21:17.722  3268  3268 D bauth_service: BAuthService, 54
01-14 22:21:17.724  3268 25312 D bauth_FPBAuthService: FPBAuthService, 649
01-14 22:21:17.725  3268 25312 D bauth_FPBAuthSensorControl: FPBAuthSensorControl, 304
01-14 22:21:17.725  3268 25312 D bauth_FPBAuthService: FPBAuthService, 666
01-14 22:21:17.725  3268 25312 D bauth_FPBAuthService: FPBAuthService, 3123
01-14 22:21:17.725  3268 25312 I TLC_BAUTH: Call FUNC ID 0x3 , 1;477
01-14 22:21:17.725  3268 25312 I TLC_BAUTH: input memory already allocated;579
01-14 22:21:17.725  3268 25312 I TLC_BAUTH: output memory already allocated;606
01-14 22:21:17.725  3268 25312 I TLC_BAUTH: Call FP cmd 0x11;327
01-14 22:21:17.725  3268 25312 I tlc_communication: Send Trustlet TCI Message;214
01-14 22:21:17.725  3757 31269 I Sensors : Proximity old sensor_state 1, new sensor_state : 129 en : 1
01-14 22:21:17.725  3268 25312 I tlc_communication: mcNotify is completed;224
01-14 22:21:17.727  3268 25312 I tlc_communication: mcWaitNotification is completed;237
01-14 22:21:17.727  3268 25312 I TLC_BAUTH: Check the Trustlet return code is completed;362
01-14 22:21:17.727  3268 25312 I TLC_BAUTH: ion alloc dm;646
01-14 22:21:17.727  3268 25312 I TLC_BAUTH: Call FP cmd 0x12;379
01-14 22:21:17.727  3268 25312 I tlc_communication: Send Trustlet TCI Message;214
01-14 22:21:17.727  3268 25312 I tlc_communication: mcNotify is completed;224
01-14 22:21:17.729  3268 25312 I tlc_communication: mcWaitNotification is completed;237
01-14 22:21:17.729  3268 25312 I TLC_BAUTH: Check the Trustlet return code is completed;406
01-14 22:21:17.729  3268 25312 I TLC_BAUTH: FUNC ID 0x3 is completed;675
01-14 22:21:17.729  3268 25312 D bauth_FPBAuthService: FPBAuthService, 694
01-14 22:21:17.729 23565 23565 D InstantMemo_Service: mScreenReceiver
01-14 22:21:17.729  3757  4552 D CAE     : doCommendProcess(ContextAwareService.java:444) - complete notify the operation result.
01-14 22:21:17.732  3757 10496 D SamsungAlarmManager: setExact Intent (T:3/F:5/AC:false) 20190114T222122 - CU:10059/CP:18212
01-14 22:21:17.732  3757 10496 I SamsungAlarmManager: setLocked to kernel - T:3 / 20190114T222122, SetElapsed=723141501, nowELAPSED=723136509
01-14 22:21:17.733  3757  4552 I CAE     : displayUsedCountForService(ContextAwareService.java:536) - totalCnt = 1, serviceCount = 1, subCollectionCount = 0
01-14 22:21:17.733  3268  3268 D bauth_Worker: Worker, 48
01-14 22:21:17.733  3268  3268 D bauth_FPBAuthService: thread id : 3, preenroll_flag : 0, nd cnt : 0
01-14 22:21:17.733  3268  3268 D bauth_service: BAuthService, 365
01-14 22:21:17.733  3757  4552 D CAE     : showListenerList(ContextAwareService.java:377) - ===== Context Aware Service List =====
01-14 22:21:17.733  3757  3757 W FingerprintService: startAuthentication FP_FINISH (12ms) RESULT: 0
01-14 22:21:17.734  3757  4552 I CAE     : showListenerList(ContextAwareService.java:386) - Listener : com.samsung.android.contextaware.manager.ContextAwareService$Listener@ede0346, Service : ACTIVITY_TRACKER_CURRENT_INFO(1)
01-14 22:21:17.734  3757  4552 I CAE     : showListenerList(ContextAwareService.java:386) - Listener : com.samsung.android.contextaware.manager.ContextAwareService$Listener@a1e54e0, Service : PEDOMETER(1)
01-14 22:21:17.734  3757  4552 I CAE     : showListenerList(ContextAwareService.java:386) - Listener : com.samsung.android.contextaware.manager.ContextAwareService$Listener@a1e54e0, Service : PEDOMETER_CURRENT_INFO(1)
01-14 22:21:17.735  3757  4552 I CAE     : showListenerList(ContextAwareService.java:386) - Listener : com.samsung.android.contextaware.manager.ContextAwareService$Listener@be8214b, Service : ACTIVITY_TRACKER_BATCH(1)
01-14 22:21:17.735  3268 25312 D bauth_FPBAuthSensorControl: FPBAuthSensorControl, 346
01-14 22:21:17.735  3268 25312 D bauth_FPBAuthService: FPBAuthService, 706
01-14 22:21:17.735  3268 25312 D bauth_FPBAuthService: FPBAuthService, 3142
01-14 22:21:17.735  3757  4552 I CAE     : showListenerList(ContextAwareService.java:386) - Listener : com.samsung.android.contextaware.manager.ContextAwareService$Listener@18edc41, Service : STEP_LEVEL_MONITOR(1)
01-14 22:21:17.735  3757  4552 I CAE     : showListenerList(ContextAwareService.java:386) - Listener : com.samsung.android.contextaware.manager.ContextAwareService$Listener@4e90faf, Service : SENSOR_STATUS_CHECK_RUNNER(1)
01-14 22:21:17.736  3757  4552 I CAE     : showListenerList(ContextAwareService.java:386) - Listener : com.samsung.android.contextaware.manager.ContextAwareService$Listener@11706b8, Service : AUTO_BRIGHTNESS(1)
01-14 22:21:17.736  3757  4552 W CAE     : registerCallback(ContextAwareService.java:191) - [regi 02] Mutex is unlocked for AUTO_BRIGHTNESS
01-14 22:21:17.736  3757  4552 D SemContextService: 	.registerCallback : 4, client=
01-14 22:21:17.736  3757  4552 D SemContextService: ===== SemContext Service List =====
01-14 22:21:17.736  3757  4552 D SemContextService: Listener : com.samsung.android.hardware.context.SemContextService$Listener@8069509, Service : Pedometer
01-14 22:21:17.736  3757  4552 D SemContextService: Listener : com.samsung.android.hardware.context.SemContextService$Listener@8069509, Service : Step Level Monitor
01-14 22:21:17.736  3757  4552 D SemContextService: Listener : com.samsung.android.hardware.context.SemContextService$Listener@6fd3728, Service : Activity Batch
01-14 22:21:17.736  3757  4552 D SemContextService: Listener : com.samsung.android.hardware.context.SemContextService$Listener@a5d2fbc, Service : Sensor Status Check
01-14 22:21:17.736  3757  4552 D SemContextService: Listener : com.samsung.android.hardware.context.SemContextService$Listener@52a1c91, Service : Auto Brightness
01-14 22:21:17.736  3757  4552 D SemContextManager:   .registerListener : listener = android.hardware.scontext.SContextManager$SContextListenerDelegate@bab1b51, service=Auto Brightness
01-14 22:21:17.737  3757  4552 D SContextManager:   .registerListener : listener = com.android.server.display.AutomaticBrightnessController$5@265e6d5, service=Auto Brightness
01-14 22:21:17.737  3757  4552 D PowerManagerUtil: Excessive delay in SensorHubAutoBrightnessEnabled::registerListener done: 135ms
01-14 22:21:17.737  3757  3757 D SamsungAlarmManager: setExact Intent (T:3/F:1/AC:false) 20190114T222200 - CU:1000/CP:3757
01-14 22:21:17.742  3268 25312 D bauth_FPBAuthSensorControl: FPBAuthSensorControl, 552
01-14 22:21:17.742  3268 25312 I TLC_BAUTH: Call FP cmd 0x1;841
01-14 22:21:17.742  3268 25312 I tlc_communication: Send Trustlet TCI Message;214
01-14 22:21:17.742  3268 25312 I tlc_communication: mcNotify is completed;224
01-14 22:21:17.744  4616  4616 D SensorManager: registerListener :: 5, TMD4903 Proximity Sensor, 20000, 0,  
01-14 22:21:17.744  4616  4616 D KeyguardServiceBoxContainer: refreshTime()
01-14 22:21:17.744  4616  4616 I KeyguardClockPage: refreshTime(): DefaultSingle2016 hometime:America/New_York locale:en_US hasBG?false, Roaming:false
01-14 22:21:17.747  4616  4616 D WallpaperViewController: onScreenTurningOn
01-14 22:21:17.747  4616  4616 D WallpaperViewController: mWallpaperView.onResume()
01-14 22:21:17.747  4616  4616 D KeyguardViewMediator: IKeyguardDrawnCallback.onDrawn()
01-14 22:21:17.747  3757  4469 V KeyguardServiceDelegate: **** SHOWN CALLED ****
01-14 22:21:17.750  3757  4473 D AudioService: getStreamVolume 3 index 130
01-14 22:21:17.751  3757 29839 D AudioService: getStreamVolume 3 index 130
01-14 22:21:17.755  3757  9599 D GameManagerService: identifyGamePackage. com.GeekTechnique.InfinityStack
01-14 22:21:17.757  3215  3266 I Layer   : [com.GeekTechnique.InfinityStack/com.epicgames.ue4.GameActivity] addSyncPoint start
01-14 22:21:17.757  3215  3266 I Layer   : [com.GeekTechnique.InfinityStack/com.epicgames.ue4.GameActivity] addSyncPoint end
01-14 22:21:17.757  3215  3266 I Layer   : [com.GeekTechnique.InfinityStack/com.epicgames.ue4.GameActivity] addSyncPoint start
01-14 22:21:17.757  3215  3266 I Layer   : [com.GeekTechnique.InfinityStack/com.epicgames.ue4.GameActivity] addSyncPoint end
01-14 22:21:17.761  3757  3757 D LightsService: [api] [SvcLED] turnOff:: id = 5 (uid: 1000 pid: 3757) 
01-14 22:21:17.761  3757  3757 D PowerManagerUtil: fileWriteString to /sys/power/wake_lock, LightsService
01-14 22:21:17.762  3757  3757 D LightsService: [SvcLED] setSvcLedStateLocked:: SvcLEDState : 0x10 -> 0x0 | SvcLED(id=5) set Off
01-14 22:21:17.762  3757  3757 D BatteryService: turn off LED
01-14 22:21:17.762  3757  3799 D LightsService: [SvcLED] handleForcedSvcLEDTask()
01-14 22:21:17.762  3757  3799 D lights  : led_pattern : 0 +
01-14 22:21:17.764  3757  3799 D lights  : led_pattern : 0 -
01-14 22:21:17.765  3757  3799 D LightsService: [SvcLED]  setSvcLedLightLocked :: Current SvcLED(id=5) maintains its priority right
01-14 22:21:17.765  3757  3799 D PowerManagerUtil: fileWriteString to /sys/power/wake_unlock, LightsService
01-14 22:21:17.765  3757  9599 D SSRM:t  : SIOP:: AP = 330, PST = 337 (W:12), CP = 255, CUR = 142, LCD = 0
01-14 22:21:17.770  3757  4332 I Sensors : ProximitySensor - 8(cm)
01-14 22:21:17.771  3757  9599 D ConnectivityService: filterNetworkStateForUid() uid: 1000 networkInfo: [type: WIFI[] - WIFI, state: CONNECTED/CONNECTED, reason: (unspecified), extra: "wilkinson2.4", failover: false, available: true, roaming: false, metered: false]
01-14 22:21:17.774  3757  3757 I CAE     : handleMessage(CaPowerManager.java:188) - AP_WAKEUP
01-14 22:21:17.777  5024  5209 I System.out: Broadcasting: Intent { act=android.intent.action.LTE_SMS_STATUS launchParam=MultiScreenLaunchParams { mDisplayId=0 mFlags=0 } (has extras) }
01-14 22:21:17.779  3757  3757 I CAE     : updateApPowerStatus(SensorHubParserProvider.java:451) - AP_WAKEUP
01-14 22:21:17.780  4616  4616 D SensorManager: Proximity, val = 8.0  [far]
01-14 22:21:17.780  4616  4616 D KeyguardUpdateMonitor: received broadcast android.intent.action.TIME_TICK
01-14 22:21:17.780  4616  4616 D ViewRootImpl@151652b[StatusBar]: MSG_RESIZED_REPORT: ci=Rect(0, 0 - 0, 0) vi=Rect(0, 0 - 0, 0) or=1
01-14 22:21:17.781 23565 23565 D InstantMemo_Service: onReceive mScreenStatuscom.samsung.android.snote.SCREEN_ON
01-14 22:21:17.781 23565 23565 D InstantMemo_Service: mPISCloseReceiver close()
01-14 22:21:17.781 23565 23565 D InstantMemo_Service: preInitService Close
01-14 22:21:17.782 23565 23565 D InstantMemo_Service: doStopSelf() mDestroy is false mReStart is 0
01-14 22:21:17.789  5024 27597 I System.out: Broadcast completed: result=0
01-14 22:21:17.791  3757  3757 I CAE     : sendCmdToSensorHub(SensorHubCommManager.java:162) - -76, 13, -47, 0,
01-14 22:21:17.791  3757  3757 D SensorHubManager: SendSensorHubData: send data = -76, 13, -47, 0
01-14 22:21:17.792  3227 28468 D Sensorhubs: sendContextData: -76, 13, -47, 0
01-14 22:21:17.800  3757  9599 D TelephonyManager: getAllCellInfo : Caller (PID / UID / TID): 3757 / 1000 / 9599
01-14 22:21:17.804  3757  3757 D ClientCertificateManager Service: updateLockStatus, user.id 0
01-14 22:21:17.804  3757  3757 I         : CCM JNI: In ccm_update_lock_status
01-14 22:21:17.805  3757  3757 I TZ_CCM_C_Initialize: : DEBUG_CONTAINER_PROBLEM Enter TZ_CCM_C_Initialize_TLC!
01-14 22:21:17.805  3757  3757 I TZ_CCM_C_Initialize: : pInitArgs 0x7ff565ad40 has not called C_Init before.
01-14 22:21:17.805  3757  3757 I TZ_CCM_C_Initialize: : &ctx = 0x7851f892c8
01-14 22:21:17.805  3757  3757 E TZ: client_server_communication: comm_request(0x7839440000) pImpl->serverName : CCM 
01-14 22:21:17.805  3757  3757 E TZ: client_server_communication: comm_request(0x7839440000) <IClientServer>pImpl->sconn : 0x78498dcf80 
01-14 22:21:17.805  3757  3757 E TZ: client_server_communication: comm_request(0x7839440000) <IClientServer>pImpl->sconn->getInterfaceDescriptor() : CCM 
01-14 22:21:17.805  3757  3757 I TZ: client_server_communication: Cmd id = 47, len = 19456
01-14 22:21:17.805  3757  3757 I TZ: client_server_communication: Calling Communicate()
01-14 22:21:17.805  3268 25312 I tlc_communication: mcWaitNotification is completed;237
01-14 22:21:17.805  3268 25312 I TLC_BAUTH: Check the Trustlet return code is completed;898
01-14 22:21:17.805  3268 25312 D bauth_FPBAuthService: check_opcode status = 0, opcode = 7, func_ret_val = 0, function_status = 0, timeout = 0
01-14 22:21:17.805  3268 25312 I TLC_BAUTH: Call FP cmd 0x1;841
01-14 22:21:17.805  3268 25312 I tlc_communication: Send Trustlet TCI Message;214
01-14 22:21:17.806  3268 25312 I tlc_communication: mcNotify is completed;224
01-14 22:21:17.806  4369  4376 I TLC_SERVER: BnTLCServer::onTransact(2) 16
01-14 22:21:17.806  4369  4376 I TLC_SERVER: COMM
01-14 22:21:17.810  3227  3261 D Sensorhubs: readContextData: 1, 1, 44, 1, 1, 3, 0, -83, 14, -13, 2, 0, 0, 0, 0, 0, 0, 0, 0, 0, -28, 77, 2, 0, 0, 0, 0, 0, 0, 0, 0, 9, 39, -64, 2, 0, 0, 0, 0, 0, 0, 0, 0, 1, 41, -109
01-14 22:21:17.811 23565 23565 D ViewRootImpl@c5dc595[InstantMemo_Service]: mHardwareRenderer.destroy()#4
01-14 22:21:17.811  3757  4361 D SensorHubManager: onGetSensorHubDataLocked: library(46) = 1, 1, 44, 1, 1, 3, 0, -83, 14, -13, 2, 0, 0, 0, 0, 0, 0, 0, 0, 0, -28, 77, 2, 0, 0, 0, 0, 0, 0, 0, 0, 9, 39, -64, 2, 0, 0, 0, 0, 0, 0, 0, 0, 1, 41, -109
01-14 22:21:17.812  3757  4360 D CAE     : onGetSensorHubData(SensorHubParserProvider.java:94) - onGetSensorHubData Event [event buffer len :46], AP_WAKEUP
01-14 22:21:17.813  3757  4360 I CAE     : parse(SensorHubParserProvider.java:196) - buffer size = 46
01-14 22:21:17.814  3757  4360 I CAE     : parse(SensorHubParserProvider.java:207) - 1, 1, 44, 1, 1, 3, 0, -83, 14, -13, 2, 0, 0, 0, 0, 0, 0, 0, 0, 0, -28, 77, 2, 0, 0, 0, 0, 0, 0, 0, 0, 9, 39, -64, 2, 0, 0, 0, 0, 0, 0, 0, 0, 1, 41, -109,
01-14 22:21:17.814  3757  3757 I TZ_CCM_C_Finalize: : DEBUG_CONTAINER_PROBLEM Exercising TZ_CCM_C_Finalize_TLC
01-14 22:21:17.815  3757  3757 I TZ_CCM_C_Finalize: : There are connections; No C_Finalize for pInitArgs 0x7ff565ad40 
