01-19 19:54:10.099  3757  4469 I TLC_SPAY: command: : Processing Command Id : 2147483633 for TL Version = 0
01-19 19:54:10.099  3757  4469 I TLC_SPAY: command: : spay_command_start...
01-19 19:54:10.107  3757  4469 I TLC_SPAY: command: : spay_command_end...
01-19 19:54:10.116  3757  5902 D PaymentManagerService: PaymentManagerService() - Valid Caller
01-19 19:54:10.117  3757  5902 I PaymentService-JNI: getThis 0x781dfea560
01-19 19:54:10.117  3757  5902 I PaymentService-JNI: processTACommandRequest
01-19 19:54:10.117  3757  5902 I PaymentService-JNI: processTACommandInternal : mTACtx = 0x782a0f9e60
01-19 19:54:10.117  3757  5902 I TLC_SPAY: command: : Processing Command Id : 1 for TL Version = 0
01-19 19:54:10.117  3757  5902 I TLC_SPAY: command: : spay_command_start...
01-19 19:54:10.124  3757  5902 I TLC_SPAY: command: : spay_command_end...
01-19 19:54:10.127 17069 17069 D DBHelperWrapper: getInstance()
01-19 19:54:10.128 17069 17069 D DBHelperWrapper: Create new instance
01-19 19:54:10.128 17069 17069 D DBHelperWrapper: Sem Device
01-19 19:54:10.128 17069 17069 I SeDbOpenHelper: getInstance
01-19 19:54:10.129 17069 17069 I SeDbOpenHelper: super: 
01-19 19:54:10.135  3757  3770 D TimaService: TIMA: in getTimaVersion
01-19 19:54:10.135  3757  3770 D TimaService: TIMA: in getTimaStatus
01-19 19:54:10.135  3757  3770 D TimaService: TIMA: in getTimaStatus
01-19 19:54:10.136  3757  2858 D TimaService: TIMA3: KeyStore3_get
01-19 19:54:10.136  3757  2858 D TimaService: TIMA: in getTimaVersion
01-19 19:54:10.136  3757  2858 D TimaService: TIMA: in getTimaStatus
01-19 19:54:10.136  3757  2858 D TimaService: TIMA: in getTimaStatus
01-19 19:54:10.136  3757  2858 I         : TimaKeyStore: tima_KeyStore3_get_JNI
01-19 19:54:10.136  3757  2858 I         : TimaKeyStore: callingUid is 1000
01-19 19:54:10.136  3757  2858 E TLC_TZ_KEYSTORE: : Inside TZ_KEYSTORE_encrypt_filename()
01-19 19:54:10.136  3757  2858 I TLC_TZ_KEYSTORE: : creating new keystore context...
01-19 19:54:10.136  3757  2858 I TLC_TZ_KEYSTORE: : initializing ccm context...
01-19 19:54:10.136  3757  2858 I TLC_TZ_KEYSTORE: : root = 0, root_strlen = 1
01-19 19:54:10.136  3757  2858 I TLC_TZ_KEYSTORE: : process = ffffffff000000000000000000000013, process_strlen = 32
01-19 19:54:10.136  3757  2858 I TZ: mc_tlc_communication: input max_sendmsg_size = 1080
01-19 19:54:10.136  3757  2858 I TZ: mc_tlc_communication: input max_recvmsg_size = 1080
01-19 19:54:10.136  3757  2858 I TZ: mc_tlc_communication: root = 0, root_len = 1
01-19 19:54:10.136  3757  2858 I TZ: mc_tlc_communication: process = ffffffff000000000000000000000013, process_strlen = 32
01-19 19:54:10.136  3757  2858 I TZ: mc_tlc_communication: aligned max_sendmsg_size = 1088
01-19 19:54:10.136  3757  2858 I TZ: mc_tlc_communication: aligned max_recvmsg_size = 1088
01-19 19:54:10.136  3757  2858 I TZ: mc_tlc_communication: device_id = 0x0
01-19 19:54:10.136  3757  2858 I TZ: mc_tlc_communication: tlc_open() was called
01-19 19:54:10.136  3757  2858 I TZ: mc_tlc_communication: Opening MobiCore device
01-19 19:54:10.136  3757  2858 I TZ: mc_tlc_communication: Allocating message buffer for TCI
01-19 19:54:10.137  3757  2858 I TZ: mc_tlc_communication: Opening the session
01-19 19:54:10.153  3757  2858 I TZ: mc_tlc_communication: tlc_open() succeeded
01-19 19:54:10.153  3757  2858 I TLC_TZ_KEYSTORE: : ctx = 0x7829988620, comm = 0x78299e7d00, sendmsg = 0x7837fb6000, recvmsg = 0x7837fb6440
01-19 19:54:10.153  3757  2858 I TLC_TZ_COMMON: get_filename: : TZ_COMMON: Get_filename - allow_hashing: 0
01-19 19:54:10.153  3757  2858 I TLC_TZ_COMMON: get_filename: : TZ GetFN : priv_data.in_filename: 1000_KS_SKEY_spayDbKey, len: 22
01-19 19:54:10.153  3757  2858 I TLC_TZ_COMMON: get_filename: : TZ CCM : priv_data.in_fn_len: 22
01-19 19:54:10.153  3757  2858 I TLC_TZ_COMMON: get_filename: : TZ GetFN : Starting
01-19 19:54:10.161  3757  2858 I TLC_TZ_COMMON: get_filename: : TZ GetFN : enc filename: 897D6D9A79923F5EFB100482C639CD3E5E2DB3C5BCE4932AAD079B4FAE14A47744551D81FADC3291D91F269CEBFD7562166052320A78EA18EC9B3F2131D61539
01-19 19:54:10.161  3757  2858 I TZ: mc_tlc_communication: tlc_close() was called
01-19 19:54:10.161  3757  2858 I TZ: mc_tlc_communication: Closing the session
01-19 19:54:10.181  3757  2858 I TZ: mc_tlc_communication: Freeing message buffer
01-19 19:54:10.181  3757  2858 I TZ: mc_tlc_communication: Closing MobiCore device
01-19 19:54:10.181  3757  2858 I TZ: mc_tlc_communication: tlc_close() succeeded
01-19 19:54:10.181  3757  2858 E TLC_TZ_KEYSTORE: : Count : 1, Ret : 0
01-19 19:54:10.181  3757  2858 I         : TimaKeyStore: encryptFilename : filename is: 897D6D9A79923F5EFB100482C639CD3E5E2DB3C5BCE4932AAD079B4FAE14A47744551D81FADC3291D91F269CEBFD7562166052320A78EA18EC9B3F2131D61539
01-19 19:54:10.185  3757  2858 E TLC_TZ_KEYSTORE: : Inside TZ_KEYSTORE_unwrap_key()
01-19 19:54:10.186  3757  2858 I TLC_TZ_KEYSTORE: : creating new keystore context...
01-19 19:54:10.186  3757  2858 I TLC_TZ_KEYSTORE: : initializing ccm context...
01-19 19:54:10.186  3757  2858 I TLC_TZ_KEYSTORE: : root = 0, root_strlen = 1
01-19 19:54:10.186  3757  2858 I TLC_TZ_KEYSTORE: : process = ffffffff000000000000000000000013, process_strlen = 32
01-19 19:54:10.186  3757  2858 I TZ: mc_tlc_communication: input max_sendmsg_size = 1080
01-19 19:54:10.186  3757  2858 I TZ: mc_tlc_communication: input max_recvmsg_size = 1080
01-19 19:54:10.186  3757  2858 I TZ: mc_tlc_communication: root = 0, root_len = 1
01-19 19:54:10.186  3757  2858 I TZ: mc_tlc_communication: process = ffffffff000000000000000000000013, process_strlen = 32
01-19 19:54:10.186  3757  2858 I TZ: mc_tlc_communication: aligned max_sendmsg_size = 1088
01-19 19:54:10.186  3757  2858 I TZ: mc_tlc_communication: aligned max_recvmsg_size = 1088
01-19 19:54:10.186  3757  2858 I TZ: mc_tlc_communication: device_id = 0x0
01-19 19:54:10.186  3757  2858 I TZ: mc_tlc_communication: tlc_open() was called
01-19 19:54:10.186  3757  2858 I TZ: mc_tlc_communication: Opening MobiCore device
01-19 19:54:10.186  3757  2858 I TZ: mc_tlc_communication: Allocating message buffer for TCI
01-19 19:54:10.186  3757  2858 I TZ: mc_tlc_communication: Opening the session
01-19 19:54:10.202  3757  2858 I TZ: mc_tlc_communication: tlc_open() succeeded
01-19 19:54:10.202  3757  2858 I TLC_TZ_KEYSTORE: : ctx = 0x7829988620, comm = 0x78299e7d00, sendmsg = 0x7837fb6000, recvmsg = 0x7837fb6440
01-19 19:54:10.202  3757  2858 I TLC_TZ_KEYSTORE: unwrap_key: : TZ_KEYSTORE_unwrap_key_START...
01-19 19:54:10.217  3757  2858 I TLC_TZ_KEYSTORE: unwrap_key: : TZ_KEYSTORE_unwrap_key_END...
01-19 19:54:10.217  3757  2858 I TZ: mc_tlc_communication: tlc_close() was called
01-19 19:54:10.217  3757  2858 I TZ: mc_tlc_communication: Closing the session
01-19 19:54:10.237  3757  2858 I TZ: mc_tlc_communication: Freeing message buffer
01-19 19:54:10.237  3757  2858 I TZ: mc_tlc_communication: Closing MobiCore device
01-19 19:54:10.237  3757  2858 I TZ: mc_tlc_communication: tlc_close() succeeded
01-19 19:54:10.237  3757  2858 E TLC_TZ_KEYSTORE: : Count : 1, Ret : 0
01-19 19:54:10.237  3757  2858 I         : TimaKeyStore: returning bytearray
01-19 19:54:10.237 17069 17069 I SpayFw_DBUtils: getDbPassword: key length 26
01-19 19:54:10.294 17069 17069 I SpayFw_TokenRecordStorage: Create TokenGroup Table If Not Exists
01-19 19:54:10.294 17069 17069 D DBHelperWrapper: getInstance()
01-19 19:54:10.294 17069 17069 D DBHelperWrapper: Return existing instance
01-19 19:54:10.295  3757 29839 D TimaService: TIMA: in getTimaVersion
01-19 19:54:10.295  3757 29839 D TimaService: TIMA: in getTimaStatus
01-19 19:54:10.295  3757 29839 D TimaService: TIMA: in getTimaStatus
01-19 19:54:10.296  3757  7206 D TimaService: TIMA3: KeyStore3_get
01-19 19:54:10.296  3757  7206 D TimaService: TIMA: in getTimaVersion
01-19 19:54:10.296  3757  7206 D TimaService: TIMA: in getTimaStatus
01-19 19:54:10.296  3757  7206 D TimaService: TIMA: in getTimaStatus
01-19 19:54:10.296  3757  7206 I         : TimaKeyStore: tima_KeyStore3_get_JNI
01-19 19:54:10.296  3757  7206 I         : TimaKeyStore: callingUid is 1000
01-19 19:54:10.296  3757  7206 E TLC_TZ_KEYSTORE: : Inside TZ_KEYSTORE_encrypt_filename()
01-19 19:54:10.296  3757  7206 I TLC_TZ_KEYSTORE: : creating new keystore context...
01-19 19:54:10.296  3757  7206 I TLC_TZ_KEYSTORE: : initializing ccm context...
01-19 19:54:10.296  3757  7206 I TLC_TZ_KEYSTORE: : root = 0, root_strlen = 1
01-19 19:54:10.296  3757  7206 I TLC_TZ_KEYSTORE: : process = ffffffff000000000000000000000013, process_strlen = 32
01-19 19:54:10.296  3757  7206 I TZ: mc_tlc_communication: input max_sendmsg_size = 1080
01-19 19:54:10.296  3757  7206 I TZ: mc_tlc_communication: input max_recvmsg_size = 1080
01-19 19:54:10.296  3757  7206 I TZ: mc_tlc_communication: root = 0, root_len = 1
01-19 19:54:10.296  3757  7206 I TZ: mc_tlc_communication: process = ffffffff000000000000000000000013, process_strlen = 32
01-19 19:54:10.296  3757  7206 I TZ: mc_tlc_communication: aligned max_sendmsg_size = 1088
01-19 19:54:10.296  3757  7206 I TZ: mc_tlc_communication: aligned max_recvmsg_size = 1088
01-19 19:54:10.296  3757  7206 I TZ: mc_tlc_communication: device_id = 0x0
01-19 19:54:10.296  3757  7206 I TZ: mc_tlc_communication: tlc_open() was called
01-19 19:54:10.296  3757  7206 I TZ: mc_tlc_communication: Opening MobiCore device
01-19 19:54:10.296  3757  7206 I TZ: mc_tlc_communication: Allocating message buffer for TCI
01-19 19:54:10.296  3757  7206 I TZ: mc_tlc_communication: Opening the session
01-19 19:54:10.312  3757  7206 I TZ: mc_tlc_communication: tlc_open() succeeded
01-19 19:54:10.313  3757  7206 I TLC_TZ_KEYSTORE: : ctx = 0x781fd30660, comm = 0x781fd30760, sendmsg = 0x7837fb6000, recvmsg = 0x7837fb6440
01-19 19:54:10.313  3757  7206 I TLC_TZ_COMMON: get_filename: : TZ_COMMON: Get_filename - allow_hashing: 0
01-19 19:54:10.313  3757  7206 I TLC_TZ_COMMON: get_filename: : TZ GetFN : priv_data.in_filename: 1000_KS_SKEY_spayDbKey, len: 22
01-19 19:54:10.313  3757  7206 I TLC_TZ_COMMON: get_filename: : TZ CCM : priv_data.in_fn_len: 22
01-19 19:54:10.313  3757  7206 I TLC_TZ_COMMON: get_filename: : TZ GetFN : Starting
01-19 19:54:10.321  3757  7206 I TLC_TZ_COMMON: get_filename: : TZ GetFN : enc filename: 897D6D9A79923F5EFB100482C639CD3E5E2DB3C5BCE4932AAD079B4FAE14A47744551D81FADC3291D91F269CEBFD7562166052320A78EA18EC9B3F2131D61539
01-19 19:54:10.321  3757  7206 I TZ: mc_tlc_communication: tlc_close() was called
01-19 19:54:10.321  3757  7206 I TZ: mc_tlc_communication: Closing the session
01-19 19:54:10.342  3757  7206 I TZ: mc_tlc_communication: Freeing message buffer
01-19 19:54:10.342  3757  7206 I TZ: mc_tlc_communication: Closing MobiCore device
01-19 19:54:10.342  3757  7206 I TZ: mc_tlc_communication: tlc_close() succeeded
01-19 19:54:10.342  3757  7206 E TLC_TZ_KEYSTORE: : Count : 1, Ret : 0
01-19 19:54:10.342  3757  7206 I         : TimaKeyStore: encryptFilename : filename is: 897D6D9A79923F5EFB100482C639CD3E5E2DB3C5BCE4932AAD079B4FAE14A47744551D81FADC3291D91F269CEBFD7562166052320A78EA18EC9B3F2131D61539
01-19 19:54:10.342  3757  7206 E TLC_TZ_KEYSTORE: : Inside TZ_KEYSTORE_unwrap_key()
01-19 19:54:10.342  3757  7206 I TLC_TZ_KEYSTORE: : creating new keystore context...
01-19 19:54:10.342  3757  7206 I TLC_TZ_KEYSTORE: : initializing ccm context...
01-19 19:54:10.342  3757  7206 I TLC_TZ_KEYSTORE: : root = 0, root_strlen = 1
01-19 19:54:10.342  3757  7206 I TLC_TZ_KEYSTORE: : process = ffffffff000000000000000000000013, process_strlen = 32
01-19 19:54:10.342  3757  7206 I TZ: mc_tlc_communication: input max_sendmsg_size = 1080
01-19 19:54:10.342  3757  7206 I TZ: mc_tlc_communication: input max_recvmsg_size = 1080
01-19 19:54:10.342  3757  7206 I TZ: mc_tlc_communication: root = 0, root_len = 1
01-19 19:54:10.342  3757  7206 I TZ: mc_tlc_communication: process = ffffffff000000000000000000000013, process_strlen = 32
01-19 19:54:10.342  3757  7206 I TZ: mc_tlc_communication: aligned max_sendmsg_size = 1088
01-19 19:54:10.342  3757  7206 I TZ: mc_tlc_communication: aligned max_recvmsg_size = 1088
01-19 19:54:10.342  3757  7206 I TZ: mc_tlc_communication: device_id = 0x0
01-19 19:54:10.342  3757  7206 I TZ: mc_tlc_communication: tlc_open() was called
01-19 19:54:10.342  3757  7206 I TZ: mc_tlc_communication: Opening MobiCore device
01-19 19:54:10.342  3757  7206 I TZ: mc_tlc_communication: Allocating message buffer for TCI
01-19 19:54:10.343  3757  7206 I TZ: mc_tlc_communication: Opening the session
01-19 19:54:10.359  3757  7206 I TZ: mc_tlc_communication: tlc_open() succeeded
01-19 19:54:10.359  3757  7206 I TLC_TZ_KEYSTORE: : ctx = 0x781fd30660, comm = 0x781fd30760, sendmsg = 0x7837fb6000, recvmsg = 0x7837fb6440
01-19 19:54:10.359  3757  7206 I TLC_TZ_KEYSTORE: unwrap_key: : TZ_KEYSTORE_unwrap_key_START...
01-19 19:54:10.373  3757  7206 I TLC_TZ_KEYSTORE: unwrap_key: : TZ_KEYSTORE_unwrap_key_END...
01-19 19:54:10.373  3757  7206 I TZ: mc_tlc_communication: tlc_close() was called
01-19 19:54:10.373  3757  7206 I TZ: mc_tlc_communication: Closing the session
01-19 19:54:10.393  3757  7206 I TZ: mc_tlc_communication: Freeing message buffer
01-19 19:54:10.393  3757  7206 I TZ: mc_tlc_communication: Closing MobiCore device
01-19 19:54:10.393  3757  7206 I TZ: mc_tlc_communication: tlc_close() succeeded
01-19 19:54:10.393  3757  7206 E TLC_TZ_KEYSTORE: : Count : 1, Ret : 0
01-19 19:54:10.393  3757  7206 I         : TimaKeyStore: returning bytearray
01-19 19:54:10.394 17069 17069 I SpayFw_DBUtils: getDbPassword: key length 26
01-19 19:54:10.394 17069 17069 I SpayFw_ServerCertsStorage: Create ServerCerts Table If Not Exists
01-19 19:54:10.400 17069 17069 D DBHelperWrapper: getInstance()
01-19 19:54:10.400 17069 17069 D DBHelperWrapper: Return existing instance
01-19 19:54:10.400  3757 32085 D TimaService: TIMA: in getTimaVersion
01-19 19:54:10.400  3757 32085 D TimaService: TIMA: in getTimaStatus
01-19 19:54:10.400  3757 32085 D TimaService: TIMA: in getTimaStatus
01-19 19:54:10.401  3757 10496 D TimaService: TIMA3: KeyStore3_get
01-19 19:54:10.401  3757 10496 D TimaService: TIMA: in getTimaVersion
01-19 19:54:10.401  3757 10496 D TimaService: TIMA: in getTimaStatus
01-19 19:54:10.401  3757 10496 D TimaService: TIMA: in getTimaStatus
01-19 19:54:10.401  3757 10496 I         : TimaKeyStore: tima_KeyStore3_get_JNI
01-19 19:54:10.401  3757 10496 I         : TimaKeyStore: callingUid is 1000
01-19 19:54:10.401  3757 10496 E TLC_TZ_KEYSTORE: : Inside TZ_KEYSTORE_encrypt_filename()
01-19 19:54:10.401  3757 10496 I TLC_TZ_KEYSTORE: : creating new keystore context...
01-19 19:54:10.401  3757 10496 I TLC_TZ_KEYSTORE: : initializing ccm context...
01-19 19:54:10.401  3757 10496 I TLC_TZ_KEYSTORE: : root = 0, root_strlen = 1
01-19 19:54:10.401  3757 10496 I TLC_TZ_KEYSTORE: : process = ffffffff000000000000000000000013, process_strlen = 32
01-19 19:54:10.401  3757 10496 I TZ: mc_tlc_communication: input max_sendmsg_size = 1080
01-19 19:54:10.401  3757 10496 I TZ: mc_tlc_communication: input max_recvmsg_size = 1080
01-19 19:54:10.401  3757 10496 I TZ: mc_tlc_communication: root = 0, root_len = 1
01-19 19:54:10.401  3757 10496 I TZ: mc_tlc_communication: process = ffffffff000000000000000000000013, process_strlen = 32
01-19 19:54:10.401  3757 10496 I TZ: mc_tlc_communication: aligned max_sendmsg_size = 1088
01-19 19:54:10.401  3757 10496 I TZ: mc_tlc_communication: aligned max_recvmsg_size = 1088
01-19 19:54:10.401  3757 10496 I TZ: mc_tlc_communication: device_id = 0x0
01-19 19:54:10.401  3757 10496 I TZ: mc_tlc_communication: tlc_open() was called
01-19 19:54:10.401  3757 10496 I TZ: mc_tlc_communication: Opening MobiCore device
01-19 19:54:10.401  3757 10496 I TZ: mc_tlc_communication: Allocating message buffer for TCI
01-19 19:54:10.402  3757 10496 I TZ: mc_tlc_communication: Opening the session
01-19 19:54:10.417  3757 10496 I TZ: mc_tlc_communication: tlc_open() succeeded
01-19 19:54:10.417  3757 10496 I TLC_TZ_KEYSTORE: : ctx = 0x781be3d280, comm = 0x781be3d420, sendmsg = 0x7837fb6000, recvmsg = 0x7837fb6440
01-19 19:54:10.418  3757 10496 I TLC_TZ_COMMON: get_filename: : TZ_COMMON: Get_filename - allow_hashing: 0
01-19 19:54:10.418  3757 10496 I TLC_TZ_COMMON: get_filename: : TZ GetFN : priv_data.in_filename: 1000_KS_SKEY_spayDbKey, len: 22
01-19 19:54:10.418  3757 10496 I TLC_TZ_COMMON: get_filename: : TZ CCM : priv_data.in_fn_len: 22
01-19 19:54:10.418  3757 10496 I TLC_TZ_COMMON: get_filename: : TZ GetFN : Starting
01-19 19:54:10.426  3757 10496 I TLC_TZ_COMMON: get_filename: : TZ GetFN : enc filename: 897D6D9A79923F5EFB100482C639CD3E5E2DB3C5BCE4932AAD079B4FAE14A47744551D81FADC3291D91F269CEBFD7562166052320A78EA18EC9B3F2131D61539
01-19 19:54:10.426  3757 10496 I TZ: mc_tlc_communication: tlc_close() was called
01-19 19:54:10.426  3757 10496 I TZ: mc_tlc_communication: Closing the session
01-19 19:54:10.445  3757 10496 I TZ: mc_tlc_communication: Freeing message buffer
01-19 19:54:10.446  3757 10496 I TZ: mc_tlc_communication: Closing MobiCore device
01-19 19:54:10.446  3757 10496 I TZ: mc_tlc_communication: tlc_close() succeeded
01-19 19:54:10.446  3757 10496 E TLC_TZ_KEYSTORE: : Count : 1, Ret : 0
01-19 19:54:10.446  3757 10496 I         : TimaKeyStore: encryptFilename : filename is: 897D6D9A79923F5EFB100482C639CD3E5E2DB3C5BCE4932AAD079B4FAE14A47744551D81FADC3291D91F269CEBFD7562166052320A78EA18EC9B3F2131D61539
01-19 19:54:10.446  3757 10496 E TLC_TZ_KEYSTORE: : Inside TZ_KEYSTORE_unwrap_key()
01-19 19:54:10.446  3757 10496 I TLC_TZ_KEYSTORE: : creating new keystore context...
01-19 19:54:10.446  3757 10496 I TLC_TZ_KEYSTORE: : initializing ccm context...
01-19 19:54:10.446  3757 10496 I TLC_TZ_KEYSTORE: : root = 0, root_strlen = 1
01-19 19:54:10.446  3757 10496 I TLC_TZ_KEYSTORE: : process = ffffffff000000000000000000000013, process_strlen = 32
01-19 19:54:10.446  3757 10496 I TZ: mc_tlc_communication: input max_sendmsg_size = 1080
01-19 19:54:10.446  3757 10496 I TZ: mc_tlc_communication: input max_recvmsg_size = 1080
01-19 19:54:10.446  3757 10496 I TZ: mc_tlc_communication: root = 0, root_len = 1
01-19 19:54:10.446  3757 10496 I TZ: mc_tlc_communication: process = ffffffff000000000000000000000013, process_strlen = 32
01-19 19:54:10.446  3757 10496 I TZ: mc_tlc_communication: aligned max_sendmsg_size = 1088
01-19 19:54:10.446  3757 10496 I TZ: mc_tlc_communication: aligned max_recvmsg_size = 1088
01-19 19:54:10.446  3757 10496 I TZ: mc_tlc_communication: device_id = 0x0
01-19 19:54:10.446  3757 10496 I TZ: mc_tlc_communication: tlc_open() was called
01-19 19:54:10.446  3757 10496 I TZ: mc_tlc_communication: Opening MobiCore device
01-19 19:54:10.446  3757 10496 I TZ: mc_tlc_communication: Allocating message buffer for TCI
01-19 19:54:10.446  3757 10496 I TZ: mc_tlc_communication: Opening the session
01-19 19:54:10.461  3757 10496 I TZ: mc_tlc_communication: tlc_open() succeeded
01-19 19:54:10.461  3757 10496 I TLC_TZ_KEYSTORE: : ctx = 0x781be3d280, comm = 0x781be3d420, sendmsg = 0x7837fb6000, recvmsg = 0x7837fb6440
01-19 19:54:10.461  3757 10496 I TLC_TZ_KEYSTORE: unwrap_key: : TZ_KEYSTORE_unwrap_key_START...
01-19 19:54:10.476  3757 10496 I TLC_TZ_KEYSTORE: unwrap_key: : TZ_KEYSTORE_unwrap_key_END...
01-19 19:54:10.476  3757 10496 I TZ: mc_tlc_communication: tlc_close() was called
01-19 19:54:10.476  3757 10496 I TZ: mc_tlc_communication: Closing the session
01-19 19:54:10.496  3757 10496 I TZ: mc_tlc_communication: Freeing message buffer
01-19 19:54:10.496  3757 10496 I TZ: mc_tlc_communication: Closing MobiCore device
01-19 19:54:10.496  3757 10496 I TZ: mc_tlc_communication: tlc_close() succeeded
01-19 19:54:10.496  3757 10496 E TLC_TZ_KEYSTORE: : Count : 1, Ret : 0
01-19 19:54:10.496  3757 10496 I         : TimaKeyStore: returning bytearray
01-19 19:54:10.497 17069 17069 I SpayFw_DBUtils: getDbPassword: key length 26
01-19 19:54:10.498 17069 17069 I SpayFw_ConfigStorage: Create Config Table If Not Exists
01-19 19:54:10.502 17069 17069 D SystemPropertiesWrapper: it's se device
01-19 19:54:10.502 17069 17069 D SystemPropertiesWrapper: it's se device
01-19 19:54:10.502 17069 17069 D SystemPropertiesWrapper: it's se device
01-19 19:54:10.502 17069 17069 D SystemPropertiesWrapper: it's se device
01-19 19:54:10.502 17069 17069 D NfcControllerWrapper: se device don't suppport this api
01-19 19:54:10.502 17069 17069 D NfcControllerWrapper: se device don't suppport this api
01-19 19:54:10.509 17069 17069 D SystemPropertiesWrapper: it's se device
01-19 19:54:10.509 17069 17069 D SystemPropertiesWrapper: it's se device
01-19 19:54:10.509 17069 17069 I SpayFw_PayConfigurator: CC2 : US
01-19 19:54:10.533 16988 17006 D UE4     : [2019.01.20-00.54.10:533][  0]LogStreaming: Display: Flushing async loaders.
01-19 19:54:10.556 17069 17069 D SystemPropertiesWrapper: it's se device
01-19 19:54:10.557 17069 17069 D SystemPropertiesWrapper: it's se device
01-19 19:54:10.581 17069 17069 W ContextImpl: Calling a method in the system process without a qualified user: android.app.ContextImpl.bindService:1474 android.content.ContextWrapper.bindService:688 com.google.android.gms.internal.zzlo.zza:-1 com.google.android.gms.common.internal.zzn$zzb.zzbh:-1 com.google.android.gms.common.internal.zzn.zza:-1 
01-19 19:54:10.585 17069 17069 D SystemPropertiesWrapper: it's se device
01-19 19:54:10.585 17069 17069 D SystemPropertiesWrapper: it's se device
01-19 19:54:10.586 17069 17069 W ContextImpl: Calling a method in the system process without a qualified user: android.app.ContextImpl.startService:1386 android.content.ContextWrapper.startService:656 com.samsung.android.spayfw.core.PaymentFrameworkApp.init:524 com.samsung.android.spayfw.core.PaymentFrameworkApp.onCreate:347 android.app.Instrumentation.callApplicationOnCreate:1032 
01-19 19:54:10.600  3757  3793 I art     : Starting a blocking GC Explicit
01-19 19:54:10.615 16988 17006 D UE4     : [2019.01.20-00.54.10:615][  0]LogPackageLocalizationCache: Processed 10 localized package path(s) for 1 prioritized culture(s) in 0.080549 seconds
01-19 19:54:10.620 17069 17069 I SpayFw_PaymentFrameworkApp: initPF: success without any error
01-19 19:54:10.625 17069 17069 I SpayFw_CTX_CtxService: context service is started
01-19 19:54:10.626 17069 17069 I SpayFw_CTX_ManagerHub: Starting context managers
01-19 19:54:10.643  3757  7204 D SamsungAlarmManager: setInexact Listener (T:2/F:0/AC:false) 20190119T200107 - CU:1000/CP:3757
01-19 19:54:10.653  3757  7204 D SamsungAlarmManager: setInexact Listener (T:2/F:0/AC:false) 20190119T200607 - CU:1000/CP:3757
01-19 19:54:10.664  3757 29842 D SamsungAlarmManager: setInexact Listener (T:2/F:0/AC:false) 20190119T200107 - CU:1000/CP:3757
01-19 19:54:10.674  3757 29842 D SamsungAlarmManager: setInexact Listener (T:2/F:0/AC:false) 20190119T200607 - CU:1000/CP:3757
01-19 19:54:10.680 17069 17069 E SpayFw_CTX_ServerConfig: Use default config
01-19 19:54:10.688 17069 17069 I SpayFw_CTX_DbOpenHelper: FOREIGN KEY constraint enabled
01-19 19:54:10.701 17069 17069 I SpayFw_CTX_ManagerHub: Context service created
01-19 19:54:10.706 17069 17069 I SpayFw_TokenChangeChecker: restart
01-19 19:54:10.712 16988 17006 D UE4     : [2019.01.20-00.54.10:712][  0]LogNetVersion: StackerGame 1.0.0, NetCL: 4541578, EngineNetVer: 5, GameNetVer: 0 (Checksum: 1419414380)
01-19 19:54:10.868  3757  9599 D TelephonyManager: getAllCellInfo : Caller (PID / UID / TID): 3757 / 1000 / 9599
01-19 19:54:10.975  3757  3793 I art     : Explicit concurrent mark sweep GC freed 89656(6MB) AllocSpace objects, 20(396KB) LOS objects, 17% free, 73MB/89MB, paused 3.043ms total 373.942ms
01-19 19:54:11.387 16988 17006 I MediaPlayer: Need to enable context aware info
01-19 19:54:11.387 16988 17006 V MediaPlayer-JNI: native_setup
01-19 19:54:11.387 16988 17006 V MediaPlayer: constructor
01-19 19:54:11.395 16988 17006 V MediaPlayer: setListener
01-19 19:54:11.396 16988 17006 D UE4     : [2019.01.20-00.54.11:396][  0]LogMoviePlayer: Initializing movie player
01-19 19:54:11.398 16988 17006 D UE4     : [2019.01.20-00.54.11:398][  0]LogTcpMessaging: Initializing TcpMessaging bridge, listening on 127.0.0.1:6666
01-19 19:54:11.400 16988 17006 D UE4     : [2019.01.20-00.54.11:400][  0]LogUdpMessaging: Initializing bridge on interface 0.0.0.0:0 to multicast group 230.0.0.1:6666.
01-19 19:54:11.412 16988 17006 D UE4     : [2019.01.20-00.54.11:412][  0]LogAndroidPermission: UAndroidPermissionCallbackProxy::GetInstance
01-19 19:54:11.413 16988 17006 D UE4     : [2019.01.20-00.54.11:413][  0]LogOcInput: OculusInput pre-init called
01-19 19:54:11.445 16988 17006 D UE4     : [2019.01.20-00.54.11:445][  0]LogUObjectArray: 35064 objects as part of root set at end of initial load.
01-19 19:54:11.445 16988 17006 D UE4     : [2019.01.20-00.54.11:445][  0]LogUObjectArray: 2 objects are not in the root set, but can never be destroyed because they are in the DisregardForGC set.
01-19 19:54:11.445 16988 17006 D UE4     : [2019.01.20-00.54.11:445][  0]LogUObjectAllocator: 3861440 out of 0 bytes used by permanent object pool.
01-19 19:54:11.445 16988 17006 D UE4     : [2019.01.20-00.54.11:445][  0]LogUObjectArray: CloseDisregardForGC: 35064/35064 objects in disregard for GC pool
01-19 19:54:11.460 16988 17006 D UE4     : [2019.01.20-00.54.11:459][  0]LogAndroid: Display: Passed PreInit()
01-19 19:54:11.461 16988 17006 D UE4     : [2019.01.20-00.54.11:461][  0]LogEngine: Initializing Engine...
01-19 19:54:11.470 16988 17006 D UE4     : [2019.01.20-00.54.11:470][  0]LogStats: UGameplayTagsManager::ConstructGameplayTagTree: ImportINI prefixes -  0.000 s
01-19 19:54:11.470 16988 17006 D UE4     : [2019.01.20-00.54.11:470][  0]LogStats: UGameplayTagsManager::ConstructGameplayTagTree: Construct from data asset -  0.000 s
01-19 19:54:11.470 16988 17006 D UE4     : [2019.01.20-00.54.11:470][  0]LogStats: UGameplayTagsManager::ConstructGameplayTagTree: ImportINI -  0.000 s
01-19 19:54:11.470 16988 17006 D UE4     : [2019.01.20-00.54.11:470][  0]LogStats: UGameplayTagsManager::ConstructGameplayTagTree: GameplayTagTreeChangedEvent.Broadcast -  0.000 s
01-19 19:54:11.556 16988 17006 D UE4     : [2019.01.20-00.54.11:556][  0]LogInit: Initializing FReadOnlyCVARCache
01-19 19:54:11.557 16988 17006 D UE4     : [2019.01.20-00.54.11:557][  0]LogAndroidAudio: Warning: SL Entered Init HW
01-19 19:54:11.557 16988 17006 D UE4     : [2019.01.20-00.54.11:557][  0]LogAndroidAudio: Warning: OpenSLES Initializing HW
01-19 19:54:11.557 16988 17006 D UE4     : [2019.01.20-00.54.11:557][  0]LogAndroidAudio: Warning: OpenSLES Initialized
01-19 19:54:11.557 16988 17006 D UE4     : [2019.01.20-00.54.11:557][  0]LogAndroidAudio: Warning: OpenSLAudioDevice: Allocated 12 sources
01-19 19:54:11.557 16988 17006 D UE4     : [2019.01.20-00.54.11:557][  0]LogInit: FAudioDevice initialized.
01-19 19:54:11.558 16988 17006 D UE4     : [2019.01.20-00.54.11:558][  0]LogAudio: Warning: Can't increase channels past starting number!
01-19 19:54:11.560 16988 17006 D UE4     : [2019.01.20-00.54.11:560][  0]LogNetVersion: Set ProjectVersion to 1.1.0. Version Checksum will be recalculated on next use.
01-19 19:54:11.560 16988 17006 D UE4     : [2019.01.20-00.54.11:560][  0]LogInit: Texture streaming: Enabled
01-19 19:54:11.561 16988 17006 D UE4     : [2019.01.20-00.54.11:561][  0]LogAudio: Warning: Can't increase channels past starting number!
01-19 19:54:11.568 16988 17006 D UE4     : [2019.01.20-00.54.11:568][  0]LogSlate: Updating window title bar state: overlay mode, drag disabled, window buttons hidden, title bar hidden
01-19 19:54:11.569 16988 17006 D UE4     : [2019.01.20-00.54.11:569][  0]LogInit: Display: Game Engine Initialized.
01-19 19:54:11.569 16988 17006 D UE4     : [2019.01.20-00.54.11:569][  0]LogGameplayTags: Display: UGameplayTagsManager::DoneAddingNativeTags. DelegateIsBound: 0
01-19 19:54:11.569 16988 17006 D UE4     : [2019.01.20-00.54.11:569][  0]LogStats: UGameplayTagsManager::ConstructGameplayTagTree: ImportINI prefixes -  0.000 s
01-19 19:54:11.569 16988 17006 D UE4     : [2019.01.20-00.54.11:569][  0]LogStats: UGameplayTagsManager::ConstructGameplayTagTree: Construct from data asset -  0.000 s
01-19 19:54:11.570 16988 17006 D UE4     : [2019.01.20-00.54.11:570][  0]LogStats: UGameplayTagsManager::ConstructGameplayTagTree: ImportINI -  0.000 s
01-19 19:54:11.570 16988 17006 D UE4     : [2019.01.20-00.54.11:570][  0]LogStats: UGameplayTagsManager::ConstructGameplayTagTree: GameplayTagTreeChangedEvent.Broadcast -  0.000 s
01-19 19:54:11.663 16988 17006 D UE4     : [2019.01.20-00.54.11:663][  0]LogInit: Display: Starting Game.
01-19 19:54:11.663 16988 17006 D UE4     : [2019.01.20-00.54.11:663][  0]LogNet: Browse: /Game/Maps/StackMap?Name=Player
01-19 19:54:11.664 16988 17006 D UE4     : [2019.01.20-00.54.11:664][  0]LogLoad: LoadMap: /Game/Maps/StackMap?Name=Player
01-19 19:54:11.958 16988 17006 D UE4     : [2019.01.20-00.54.11:958][  0]LogAIModule: Creating AISystem for world StackMap
01-19 19:54:11.959 16988 17006 D UE4     : [2019.01.20-00.54.11:959][  0]LogLoad: Game class is 'GameModeBase'
01-19 19:54:11.971 16988 17006 D UE4     : [2019.01.20-00.54.11:971][  0]LogWorld: Bringing World /Game/Maps/StackMap.StackMap up for play (max tick rate 0) at 2019.01.19-19.54.11
01-19 19:54:11.975 16988 17006 D UE4     : [2019.01.20-00.54.11:975][  0]LogWorld: Bringing up level for play took: 0.006789
01-19 19:54:11.976 16988 17006 D UE4     : [2019.01.20-00.54.11:976][  0]LogOnlineIdentity: Display: OSS: FOnlineIdentityGooglePlay::GetPlayerNickname
01-19 19:54:11.978 16988 17006 D UE4     : [2019.01.20-00.54.11:978][  0]LogGameMode: FindPlayerStart: PATHS NOT DEFINED or NO PLAYERSTART with positive rating
01-19 19:54:12.018 16988 17006 D UE4     : [2019.01.20-00.54.12:017][  0]LogUMG: Display: Widget Class GameStartMenu_C - Loaded Fast Template.
01-19 19:54:12.022 16988 17006 D UE4     : [2019.01.20-00.54.12:022][  0]LogPlayerController: Error: InputMode:UIOnly - Attempting to focus Non-Focusable widget SObjectWidget [Widget.cpp(710)]!
01-19 19:54:12.024 16988 17006 D UE4     : [2019.01.20-00.54.12:024][  0]LogLoad: Took 0.359646 seconds to LoadMap(/Game/Maps/StackMap)
01-19 19:54:12.025 16988 17006 D UE4     : [2019.01.20-00.54.12:025][  0]LogSlate: Took 0.000362 seconds to synchronously load lazily loaded font '../../../Engine/Content/EngineFonts/Faces/DroidSansMono.ufont' (77K)
01-19 19:54:12.029 16988 17084 D UE4     : *** JavaEnvDestructor: 17084
01-19 19:54:12.030 16988 17068 D UE4     : AndroidEGL::ResetDisplay()
01-19 19:54:12.030 16988 17068 D UE4     : *** JavaEnvDestructor: 17068
01-19 19:54:12.040 16988 17006 D UE4     : [2019.01.20-00.54.12:040][  0]LogAndroid: Passed GEngineLoop.Init()
01-19 19:54:12.049 16988 17006 D UE4     : [2019.01.20-00.54.12:049][  0]LogAndroidEvents: Display: DequeueAppEvent : 9, 0
01-19 19:54:12.049 16988 17006 D UE4     : [2019.01.20-00.54.12:049][  0]LogAndroidEvents: Display: DequeueAppEvent : 7, 0
01-19 19:54:12.049 16988 17006 D UE4     : [2019.01.20-00.54.12:049][  0]LogAndroidEvents: Display: DequeueAppEvent : 6, 0
01-19 19:54:12.049 16988 17006 D UE4     : [2019.01.20-00.54.12:049][  0]LogAndroidEvents: Display: DequeueAppEvent : 0, 3268808712
01-19 19:54:12.050 16988 17006 D UE4     : APP_EVENT_STATE_WINDOW_CREATED, 0, 0, 0
01-19 19:54:12.050 16988 17006 D UE4     : [2019.01.20-00.54.12:050][  0]LogAndroidEvents: Display: ExecWindowCreated
01-19 19:54:12.050 16988 17006 D UE4     : AndroidEGL::ReInitWindow()
01-19 19:54:12.050 16988 17006 D UE4     : AndroidEGL::ReInit()
01-19 19:54:12.050 16988 17006 D UE4     : AndroidEGL::ResetDisplay()
01-19 19:54:12.050 16988 17006 D UE4     : AndroidEGL::InitSurface 0, 1
01-19 19:54:12.050 16988 17006 D UE4     : AndroidEGL::CreateEGLSurface() Already initialized: 0xe181f208
01-19 19:54:12.050 16988 17006 D UE4     : ExecWindowCreated, 0, 1, 0
01-19 19:54:12.050 16988 17006 D UE4     : [2019.01.20-00.54.12:050][  0]LogAndroidEvents: Display: DequeueAppEvent : 12, 0
01-19 19:54:12.050 16988 17158 D UE4     : [2019.01.20-00.54.12:050][  0]LogRenderer: Reallocating scene render targets to support 720x1280 Format 10 NumSamples 1 (Frame:1).
01-19 19:54:12.051 16988 17006 D UE4     : [2019.01.20-00.54.12:050][  0]LogAndroidEvents: Display: DequeueAppEvent : 8, 0
01-19 19:54:12.051 16988 17006 D UE4     : [2019.01.20-00.54.12:051][  0]LogAndroidEvents: Display: DequeueAppEvent : 9, 0
01-19 19:54:12.051 16988 17006 D UE4     : [2019.01.20-00.54.12:051][  0]LogAndroidEvents: Display: DequeueAppEvent : 7, 0
01-19 19:54:12.051 16988 17006 D UE4     : [2019.01.20-00.54.12:051][  0]LogTemp: Android resume audio
01-19 19:54:12.057 16988 17006 D UE4     : Registering volume receiver
01-19 19:54:12.063  3757  7205 D AudioService: getStreamVolume 3 index 110
01-19 19:54:12.063 16988 17006 D UE4     : startVolumeReceiver: 11
01-19 19:54:12.063 16988 17006 D UE4     : nativeVolumeEvent(11)
01-19 19:54:12.063 16988 17006 D UE4     : Registering battery receiver
01-19 19:54:12.065 16988 17006 D UE4     : Registering headset receiver
01-19 19:54:12.067 16988 16988 D UE4     : Battery: status = 2, rawlevel = 91, scale = 100
01-19 19:54:12.068 16988 17006 D UE4     : startHeadsetReceiver: 0
01-19 19:54:12.068 16988 17006 D UE4     : nativeHeadsetEvent(0)
01-19 19:54:12.068 16988 16988 D UE4     : nativeBatteryEvent(stat = 2, lvl = 91  temp = 29.40 C)
01-19 19:54:12.069 16988 16988 D UE4     : headsetReceiver::onReceive
01-19 19:54:12.070 16988 16988 D UE4     : nativeHeadsetEvent(0)
01-19 19:54:12.074 16988 17158 D UE4     : [2019.01.20-00.54.12:074][  0]LogRHI: Using OpenGL program LRU cache: 0
01-19 19:54:12.088 16988 17138 D UE4     : *** JavaEnvDestructor: 17138
01-19 19:54:12.412 16988 17136 D UE4     : *** JavaEnvDestructor: 17136
01-19 19:54:12.413 16988 17137 D UE4     : *** JavaEnvDestructor: 17137
01-19 19:54:12.414 16988 17135 D UE4     : *** JavaEnvDestructor: 17135
01-19 19:54:12.516 16988 17006 D UE4     : [2019.01.20-00.54.12:516][  0]LogUdpMessaging: Initializing bridge on interface 0.0.0.0:0 to multicast group 230.0.0.1:6666.
01-19 19:54:13.341  5689  5689 D io_stats: !@   8,0 r 5053836 150396828 w 4061834 88059196 d 604626 43188092 f 1015986 1015745 iot 6470900 3729363 th 61440 61440 42912 pt 11430 inp 0 0 367345.394
01-19 19:54:13.400 16988 17133 D UE4     : *** JavaEnvDestructor: 17133
01-19 19:54:13.403 16988 17134 D UE4     : *** JavaEnvDestructor: 17134
01-19 19:54:13.466  3757  9599 D GameManagerService: identifyGamePackage. com.GeekTechnique.InfinityStack
01-19 19:54:13.510 16988 17006 D UE4     : [2019.01.20-00.54.13:510][  0]LogTcpMessaging: Initializing TcpMessaging bridge, listening on 127.0.0.1:6666
01-19 19:54:13.518 16988 17006 D UE4     : [2019.01.20-00.54.13:516][  0]LogAndroid: Display: Low Power Mode Changed: 0
01-19 19:54:13.518 16988 17006 D UE4     : Execution has been resumed!
01-19 19:54:13.518 16988 17006 D UE4     : [2019.01.20-00.54.13:518][  0]LogAndroidEvents: Display: DequeueAppEvent : 6, 0
01-19 19:54:13.519 16988 17163 D UE4     : *** JavaEnvDestructor: 17163
01-19 19:54:13.522 16988 17161 D UE4     : *** JavaEnvDestructor: 17161
01-19 19:54:13.523 16988 17162 D UE4     : *** JavaEnvDestructor: 17162
01-19 19:54:13.523 16988 17160 D UE4     : *** JavaEnvDestructor: 17160
01-19 19:54:13.531  6668  6733 D ContactsProvider_EventLog: contents_sample_state: [ contacts(369) data(4037) accounts({vnd.sec.contact.phone (1)=12, com.google (7)=693}) accounts deleted({}) calls([logtype:100 cnt:399, logtype:1150 cnt:101]) countryIso(US) userId(0)  ]

01-19 19:54:13.531  6668  6733 D ContactsProvider_EventLog: contents_sample_state: [ agr({[2 ,2 ,7]=1, [2 ,7 ,2 ,7]=1, [7 ,2 ,7]=4, [7 ,7 ,2]=4, [1 ,7]=5, [7]=51, [7 ,2]=231, [1 ,2 ,7]=7, [2 ,7]=65})  ]

01-19 19:54:13.531  6668  6733 D ContactsProvider_EventLog: contents_sample_state: [ actCnt({android.process.acore=1})  ]
01-19 19:54:13.583  6668  6733 E ContactsProvider_EventLog: Flush buffer to file cnt : 1 size : 0Kb duration : 43ms lastUpdatedAfter : 60280 ms mFlush_time_threasold : 2000 mCurrentSize : 458
01-19 19:54:14.520 16988 17178 D UE4     : *** JavaEnvDestructor: 17178
01-19 19:54:14.521 16988 17179 D UE4     : *** JavaEnvDestructor: 17179
01-19 19:54:14.623 16988 17006 D UE4     : Unregistering volume receiver
01-19 19:54:14.624 16988 17006 D UE4     : Unregistering battery receiver
01-19 19:54:14.626 16988 17006 D UE4     : Unregistering headset receiver
01-19 19:54:14.632 16988 17159 D UE4     : *** JavaEnvDestructor: 17159
01-19 19:54:14.634 16988 17158 D UE4     : AndroidEGL::ResetDisplay()
01-19 19:54:14.634 16988 17158 D UE4     : *** JavaEnvDestructor: 17158
01-19 19:54:14.635 16988 17006 D UE4     : [2019.01.20-00.54.14:635][  0]LogTemp: Android pause audio
01-19 19:54:14.637 16988 17006 D UE4     : Execution has been paused...
01-19 19:54:14.637 16988 17006 D UE4     : [2019.01.20-00.54.14:637][  0]LogAndroidEvents: Display: DequeueAppEvent : 12, 0
01-19 19:54:14.637 16988 17006 D UE4     : [2019.01.20-00.54.14:637][  0]LogAndroidEvents: Display: DequeueAppEvent : 8, 0
01-19 19:54:14.856  3757  9599 D GameManagerService: identifyGamePackage. com.GeekTechnique.InfinityStack
01-19 19:54:14.997  3757  4398 D InputReader: Input event(5): value=1 when=367347050213000
01-19 19:54:14.998  3757  4398 D InputReader: !@notifyKey(172), action=0
01-19 19:54:14.999  3757  4398 D InputManager-JNI: !@interceptKeyBeforeQueueing(172), action=0, interactive=false
01-19 19:54:15.003  3757  4398 D SamsungPhoneWindowManager: mWakeUpBooster.acquire()
01-19 19:54:15.005  3757  4398 D PowerManagerService: [api] [s] wakeUpWithReason (uid: 1000 pid: 3757) eventTime = 367347050 event = 1
01-19 19:54:15.005  3757  4398 I PowerManagerService: !@[ps] Screen__On  - 1150 :  wakeUpWithReason: 1 (uid: 1000 pid: 3757) (1)
01-19 19:54:15.006  3757  4398 I PowerManagerService: Waking up from sleep (uid 1000)...
01-19 19:54:15.007  3757  4550 D NetworkPolicy: onScreenStateChanged, state: true, reason: 1
01-19 19:54:15.010  3757  4398 D InputManager-JNI: setInteractive(true)
01-19 19:54:15.010  3757  4398 D InputReader: Device ID 3: Releasing active all slots palm because the phone became interactive
01-19 19:54:15.016  3757  4550 V KeyguardServiceDelegate: onStartedWakingUp() reason:1
01-19 19:54:15.016  3757  4550 D PowerManagerNotifier: handleEarlyInteractiveChange reason = 1
01-19 19:54:15.017  4616 15707 D KeyguardViewMediator: onStartedWakingUpWithReason, seq = 1151 why = 1
01-19 19:54:15.018  4616 15707 D KeyguardViewMediator: notifyStartedWakingUp
01-19 19:54:15.020  4616  4616 D KeyguardViewMediator: handleNotifyWakingUp
01-19 19:54:15.043  3757  4398 D PowerManagerService: [PWL] sb acquire: PowerManagerService.Broadcasts
01-19 19:54:15.054  3757  3757 V SamsungAlarmManager: Sending to uid : 1000 action=com.android.server.action.UPDATE_TWILIGHT_STATE alarm=Alarm{fd3ed49 type 1 when 600000 android}
01-19 19:54:15.063  3757  4398 D PowerManagerService: [s] getScreenOffTimeoutLocked: 600000 -> 3000
01-19 19:54:15.063  3757  4398 D PowerManagerService: [s] UserActivityState : 0 -> 1
01-19 19:54:15.063  3757  3795 D DisplayPowerController: animateScreenStateChange[0]: target=2
01-19 19:54:15.063  3757  3795 D DisplayPowerController: [M OS] 0 REPORTED_TO_POLICY_SCREEN_OFF -> REPORTED_TO_POLICY_SCREEN_TURNING_ON.
01-19 19:54:15.063  3757  3795 I DisplayPowerController: Blocking screen on until initial contents have been drawn.
01-19 19:54:15.064  3757  3795 V KeyguardServiceDelegate: onScreenTurnedOn(showListener = com.android.server.policy.PhoneWindowManager$2@f7e3f8c)
01-19 19:54:15.065  3757  3795 D DisplayPowerController: mWindowManagerPolicy.screenTurningOn(mPendingScreenOnUnblocker, 0)
01-19 19:54:15.065  3757  3795 D DisplayPowerController: animateScreenStateChange[0]: return as screen on blocked
01-19 19:54:15.065  3757  3795 D DisplayPowerController: [Dual Screen Compatible] state[0] :2
01-19 19:54:15.066  4616  4647 D KeyguardViewMediator: notifyScreenOn
01-19 19:54:15.068  3757  3795 D AutomaticBrightnessController: [DAB] no lux value from sensor manager
01-19 19:54:15.068  3757  3795 D DisplayPowerController: getFinalBrightness : Summary is 82 -> 82
01-19 19:54:15.068  3757  3795 D DisplayPowerController: Animating brightness: target=82, rate=0 (PSM:true, AB limit:(-1 ~ -1) MB Limit:(-1 ~ -1))
01-19 19:54:15.068  3757  3795 D PowerManagerService: [PWL] sb acquire: PowerManagerService.Display
01-19 19:54:15.069  3757  4552 D AutomaticBrightnessController: [DAB] setLightSensorEnabled : registerListenerRunnable
01-19 19:54:15.071  3757  4552 W CAE     : setCAProperty(ContextAwareService.java:589) - [setProperty 01] Mutex is locked for AUTO_BRIGHTNESS
01-19 19:54:15.074  3757  3795 D DisplayPowerController: animateScreenStateChange[0]: target=2
01-19 19:54:15.074  3757  3795 D DisplayPowerController: animateScreenStateChange[0]: return as screen on blocked
01-19 19:54:15.074  3757  3795 D DisplayPowerController: [Dual Screen Compatible] state[0] :2
01-19 19:54:15.074  3757  3795 D DisplayPowerController: getFinalBrightness : Summary is 82 -> 82
01-19 19:54:15.074  3757  4552 I CAE     : setPropertyValue(AutoBrightnessRunner.java:126) - Mode = 0
01-19 19:54:15.074  3757  3795 D DisplayPowerController: Animating brightness: target=82, rate=2000 (PSM:true, AB limit:(-1 ~ -1) MB Limit:(-1 ~ -1))
01-19 19:54:15.075  3757  4552 I CAE     : sendCmdToSensorHub(SensorHubCommManager.java:162) - -63, 23, 48, 1, 0,
01-19 19:54:15.075  3757  4398 D PowerManagerService: mDisplayReady: false
01-19 19:54:15.075  3757  4552 D SensorHubManager: SendSensorHubData: send data = -63, 23, 48, 1, 0
01-19 19:54:15.076  3757  3757 V SamsungAlarmManager: Sending to uid : 1000 action=android.intent.action.TIME_TICK alarm=Alarm{efe764e type 3 when 1146145007 android}
01-19 19:54:15.076  3757  3800 I libsuspend: !@autosuspend_wakeup_count_disable
01-19 19:54:15.076  3757  3800 I libsuspend: !@autosuspend_wakeup_count_disable done
01-19 19:54:15.077  3757  3800 D DisplayManagerService: !@display_state: OFF -> ON brightness: 0 -> 0
01-19 19:54:15.077  3227 28468 D Sensorhubs: sendContextData: -63, 23, 48, 1, 0
01-19 19:54:15.077  3215  3215 D SurfaceFlinger: Set power mode=2, type=0 flinger=0x7effa88e80
01-19 19:54:15.078  3757  3793 I DisplayManagerService: Display device changed state: "Built-in Screen", ON
01-19 19:54:15.078  3215  3215 I hwcomposer: int exynos_setPowerMode(struct hwc_composer_device_1 *, int, int):: disp(0), mode(2)
01-19 19:54:15.087  3757  4552 I CAE     : setCAProperty(ContextAwareService.java:594) - result : true
01-19 19:54:15.088  3757  4552 W CAE     : setCAProperty(ContextAwareService.java:595) - [setProperty 02] Mutex is unlocked for AUTO_BRIGHTNESS
01-19 19:54:15.089  3757  4552 W CAE     : registerCallback(ContextAwareService.java:155) - [regi 01] Mutex is locked for AUTO_BRIGHTNESS
01-19 19:54:15.093  3757  3757 V SamsungAlarmManager: Sending to uid : 10059 action=null alarm=Alarm{8b8536f type 3 when 1146147188 com.asurion.android.verizon.vms}
01-19 19:54:15.099  3757  4552 V CAE     : start(ContextProvider.java:128)
01-19 19:54:15.102  3757  4552 V CAE     : clear(AutoBrightnessRunner.java:267)
01-19 19:54:15.103  3757  4552 V CAE     : enable(AutoBrightnessRunner.java:243)
01-19 19:54:15.103  3757  4398 D InputManager-JNI: !@handleInterceptActions(172), action=0, wmActions=0
01-19 19:54:15.103  3757  4398 D InputManager-JNI: Disable repeat for home key when device wake up
01-19 19:54:15.108  3757  4552 I CAE     : sendCmdToSensorHub(SensorHubCommManager.java:162) - -79, 48, 0,
01-19 19:54:15.108  3757  4552 D SensorHubManager: SendSensorHubData: send data = -79, 48, 0
01-19 19:54:15.108  3227 28469 D Sensorhubs: sendContextData: -79, 48, 0
01-19 19:54:15.110  3757  3757 D CompatibilityInfo: mCompatibilityFlags - 0
01-19 19:54:15.110  3757  3757 D CompatibilityInfo: applicationDensity - 420
01-19 19:54:15.111  3757  3757 D CompatibilityInfo: applicationScale - 1.0
01-19 19:54:15.117  3757  4552 D CAE     : getFaultDetectionResult(AutoBrightnessRunner.java:281) - true
01-19 19:54:15.118  3757  4552 I CAE     : notifyCmdProcessResultObserver(ContextProvider.java:627) - CheckResult = 0, Cause = Success
01-19 19:54:15.128  4616  4616 D KeyguardFingerPrint: shouldListenForFingerprint ( isFingerprintEnabled = true , mKeyguardIsVisible = true , mDeviceInteractive = true , mBouncer = false , mGoingToSleep = false , mSwitchingUser = false , mFingerprintAlreadyAuthenticated = false , mKeyguardUnlocking = false
01-19 19:54:15.128  3757  3757 V SamsungAlarmManager: Sending to uid : 10014 action=null alarm=Alarm{3e51505 type 3 when 1146195310 com.google.android.gms}
01-19 19:54:15.129  3757  4552 D CAE     : doCommendProcess(ContextAwareService.java:444) - complete notify the operation result.
01-19 19:54:15.134  3757  4552 I CAE     : displayUsedCountForService(ContextAwareService.java:536) - totalCnt = 1, serviceCount = 1, subCollectionCount = 0
01-19 19:54:15.135  3757  4552 D CAE     : showListenerList(ContextAwareService.java:377) - ===== Context Aware Service List =====
01-19 19:54:15.136  3757  4552 I CAE     : showListenerList(ContextAwareService.java:386) - Listener : com.samsung.android.contextaware.manager.ContextAwareService$Listener@ede0346, Service : ACTIVITY_TRACKER_CURRENT_INFO(1)
01-19 19:54:15.137  3757  4552 I CAE     : showListenerList(ContextAwareService.java:386) - Listener : com.samsung.android.contextaware.manager.ContextAwareService$Listener@a1e54e0, Service : PEDOMETER(1)
01-19 19:54:15.138  3757  4552 I CAE     : showListenerList(ContextAwareService.java:386) - Listener : com.samsung.android.contextaware.manager.ContextAwareService$Listener@a1e54e0, Service : PEDOMETER_CURRENT_INFO(1)
01-19 19:54:15.139  3757  4552 I CAE     : showListenerList(ContextAwareService.java:386) - Listener : com.samsung.android.contextaware.manager.ContextAwareService$Listener@be8214b, Service : ACTIVITY_TRACKER_BATCH(1)
01-19 19:54:15.140  3757  4552 I CAE     : showListenerList(ContextAwareService.java:386) - Listener : com.samsung.android.contextaware.manager.ContextAwareService$Listener@18edc41, Service : STEP_LEVEL_MONITOR(1)
01-19 19:54:15.141  3757  4552 I CAE     : showListenerList(ContextAwareService.java:386) - Listener : com.samsung.android.contextaware.manager.ContextAwareService$Listener@4e90faf, Service : SENSOR_STATUS_CHECK_RUNNER(1)
01-19 19:54:15.141  3757  4552 I CAE     : showListenerList(ContextAwareService.java:386) - Listener : com.samsung.android.contextaware.manager.ContextAwareService$Listener@bcfa95a, Service : AUTO_BRIGHTNESS(1)
01-19 19:54:15.142  3757  4552 W CAE     : registerCallback(ContextAwareService.java:191) - [regi 02] Mutex is unlocked for AUTO_BRIGHTNESS
01-19 19:54:15.142  3757  4552 D SemContextService: 	.registerCallback : 4, client=
01-19 19:54:15.143  3757  4552 D SemContextService: ===== SemContext Service List =====
01-19 19:54:15.143  3757  4552 D SemContextService: Listener : com.samsung.android.hardware.context.SemContextService$Listener@8069509, Service : Pedometer
01-19 19:54:15.143  3757  4552 D SemContextService: Listener : com.samsung.android.hardware.context.SemContextService$Listener@8069509, Service : Step Level Monitor
01-19 19:54:15.143  3757  4552 D SemContextService: Listener : com.samsung.android.hardware.context.SemContextService$Listener@6fd3728, Service : Activity Batch
01-19 19:54:15.143  3757  4552 D SemContextService: Listener : com.samsung.android.hardware.context.SemContextService$Listener@a5d2fbc, Service : Sensor Status Check
01-19 19:54:15.143  3757  4552 D SemContextService: Listener : com.samsung.android.hardware.context.SemContextService$Listener@2a0b78b, Service : Auto Brightness
01-19 19:54:15.143  3757  4552 D SemContextManager:   .registerListener : listener = android.hardware.scontext.SContextManager$SContextListenerDelegate@bab1b51, service=Auto Brightness
01-19 19:54:15.143  3757  4552 D SContextManager:   .registerListener : listener = com.android.server.display.AutomaticBrightnessController$5@265e6d5, service=Auto Brightness
01-19 19:54:15.143  3757  4552 D PowerManagerUtil: Excessive delay in SensorHubAutoBrightnessEnabled::registerListener done: 74ms
01-19 19:54:15.146  3757  4398 D InputReader: Input event(5): value=0 when=367347200122000
01-19 19:54:15.147  3757  4398 D InputReader: !@notifyKey(172), action=1
01-19 19:54:15.147  3757  4398 D InputManager-JNI: !@interceptKeyBeforeQueueing(172), action=1, interactive=true
01-19 19:54:15.149  3757  4398 D InputManager-JNI: !@handleInterceptActions(172), action=1, wmActions=1
01-19 19:54:15.150  3757  3757 D CompatibilityInfo: mCompatibilityFlags - 0
01-19 19:54:15.150  3757  3757 D CompatibilityInfo: applicationDensity - 420
01-19 19:54:15.150  3757  3757 D CompatibilityInfo: applicationScale - 1.0
01-19 19:54:15.151  4616  4616 V KeyguardFingerPrint: startListeningForFingerprint()
01-19 19:54:15.153  3757  4397 I WindowManager: Ignoring HOME; down is not pressed.
01-19 19:54:15.155  3757  3757 D GameManagerService: onDisplayChanged. displyId: 0
01-19 19:54:15.155  3757  3757 D GameManagerService: dpi: 420, longPixel: 1920, shortPixel: 1080
01-19 19:54:15.160  3757  4473 D FingerprintService: getEnrolledFingerprints : userId = 0
01-19 19:54:15.162  3757  7202 I FingerprintService: cancelAuthentication : token=android.os.BinderProxy@6dcb068 from pid=4616, from uid=10055
01-19 19:54:15.163  3757  4469 I FingerprintService: authenticate: groudId=0 from pid=4616
01-19 19:54:15.168  3757  4440 D CompatibilityInfo: mCompatibilityFlags - 0
01-19 19:54:15.168  3757  4440 D CompatibilityInfo: applicationDensity - 420
01-19 19:54:15.168  3757  4440 D CompatibilityInfo: applicationScale - 1.0
01-19 19:54:15.174  3757  3757 D SamsungAlarmManager: setExact Intent (T:3/F:1/AC:false) 20190119T195500 - CU:1000/CP:3757
01-19 19:54:15.176  3215  3266 I Layer   : [com.GeekTechnique.InfinityStack/com.epicgames.ue4.GameActivity] addSyncPoint start
