01-04 22:12:31.226  3755  4391 D InputReader: Input event(3): value=0 when=13755473307000
01-04 22:12:31.226  3755  4391 D InputReader: Input event(3): value=0 when=13755473307000
01-04 22:12:31.226  3755  4391 I InputReader: Touch event's action is 0x1 (deviceType=0) [pCnt=1, s=] when=13755473307000
01-04 22:12:31.227  3755  4390 I InputDispatcher: Delivering touch to (22450): action: 0x1, toolType: 1
01-04 22:12:31.227 22450 22472 V threaded_app: New input event: type=2
01-04 22:12:31.228 22450 22450 D ViewRootImpl@eaa3a62[GameActivity]: ViewPostImeInputStage processPointer 1
01-04 22:12:31.611  3755  4391 D InputReader: Input event(3): value=1 when=13755858333000
01-04 22:12:31.611  3755  4391 D InputReader: Input event(3): value=1 when=13755858333000
01-04 22:12:31.612  3755  4391 I InputReader: Touch event's action is 0x0 (deviceType=0) [pCnt=1, s=0.2734 ] when=13755858333000
01-04 22:12:31.612  3755  4390 I InputDispatcher: Delivering touch to (22450): action: 0x0, toolType: 1
01-04 22:12:31.612  3755  4390 D PowerManagerService: [api] userActivityFromNative : 40 (event: 2 flags: 0) eventTime = 13755858
01-04 22:12:31.613 22450 22472 V threaded_app: New input event: type=2
01-04 22:12:31.614 22450 22450 D ViewRootImpl@eaa3a62[GameActivity]: ViewPostImeInputStage processPointer 0
01-04 22:12:31.637 22450 22472 V threaded_app: New input event: type=2
01-04 22:12:31.655 22450 22472 V threaded_app: New input event: type=2
01-04 22:12:31.672 22450 22472 V threaded_app: New input event: type=2
01-04 22:12:31.689 22450 22472 V threaded_app: New input event: type=2
01-04 22:12:31.704 22450 22472 V threaded_app: New input event: type=2
01-04 22:12:31.738 22450 22472 V threaded_app: New input event: type=2
01-04 22:12:31.752  3755  4391 D InputReader: Input event(3): value=0 when=13755998727000
01-04 22:12:31.752  3755  4391 D InputReader: Input event(3): value=0 when=13755998727000
01-04 22:12:31.752  3755  4391 I InputReader: Touch event's action is 0x1 (deviceType=0) [pCnt=1, s=] when=13755998727000
01-04 22:12:31.752  3755  4390 I InputDispatcher: Delivering touch to (22450): action: 0x1, toolType: 1
01-04 22:12:31.755 22450 22472 V threaded_app: New input event: type=2
01-04 22:12:31.758 22450 22450 D ViewRootImpl@eaa3a62[GameActivity]: ViewPostImeInputStage processPointer 1
01-04 22:12:32.126  3755  4391 D InputReader: Input event(3): value=1 when=13756372496000
01-04 22:12:32.126  3755  4391 D InputReader: Input event(3): value=1 when=13756372496000
01-04 22:12:32.126  3755  4391 I InputReader: Touch event's action is 0x0 (deviceType=0) [pCnt=1, s=0.2735 ] when=13756372496000
01-04 22:12:32.126  3755  4390 I InputDispatcher: Delivering touch to (22450): action: 0x0, toolType: 1
01-04 22:12:32.127 22450 22472 V threaded_app: New input event: type=2
01-04 22:12:32.128 22450 22450 D ViewRootImpl@eaa3a62[GameActivity]: ViewPostImeInputStage processPointer 0
01-04 22:12:32.157 22450 22472 V threaded_app: New input event: type=2
01-04 22:12:32.172 22450 22472 V threaded_app: New input event: type=2
01-04 22:12:32.189 22450 22472 V threaded_app: New input event: type=2
01-04 22:12:32.206 22450 22472 V threaded_app: New input event: type=2
01-04 22:12:32.224 22450 22472 V threaded_app: New input event: type=2
01-04 22:12:32.240 22450 22472 V threaded_app: New input event: type=2
01-04 22:12:32.257 22450 22472 V threaded_app: New input event: type=2
01-04 22:12:32.272 22450 22472 V threaded_app: New input event: type=2
01-04 22:12:32.277  3755  4391 D InputReader: Input event(3): value=0 when=13756524326000
01-04 22:12:32.277  3755  4391 D InputReader: Input event(3): value=0 when=13756524326000
01-04 22:12:32.277  3755  4391 I InputReader: Touch event's action is 0x1 (deviceType=0) [pCnt=1, s=] when=13756524326000
01-04 22:12:32.278  3755  4390 I InputDispatcher: Delivering touch to (22450): action: 0x1, toolType: 1
01-04 22:12:32.278 22450 22472 V threaded_app: New input event: type=2
01-04 22:12:32.279 22450 22472 V threaded_app: New input event: type=2
01-04 22:12:32.280 22450 22450 D ViewRootImpl@eaa3a62[GameActivity]: ViewPostImeInputStage processPointer 1
01-04 22:12:32.673  3755  4391 D InputReader: Input event(3): value=1 when=13756920160000
01-04 22:12:32.673  3755  4391 D InputReader: Input event(3): value=1 when=13756920160000
01-04 22:12:32.673  3755  4391 I InputReader: Touch event's action is 0x0 (deviceType=0) [pCnt=1, s=0.2736 ] when=13756920160000
01-04 22:12:32.674  3755  4390 I InputDispatcher: Delivering touch to (22450): action: 0x0, toolType: 1
01-04 22:12:32.674 22450 22472 V threaded_app: New input event: type=2
01-04 22:12:32.676 22450 22450 D ViewRootImpl@eaa3a62[GameActivity]: ViewPostImeInputStage processPointer 0
01-04 22:12:32.708 22450 22472 V threaded_app: New input event: type=2
01-04 22:12:32.723 22450 22472 V threaded_app: New input event: type=2
01-04 22:12:32.740 22450 22472 V threaded_app: New input event: type=2
01-04 22:12:32.756 22450 22472 V threaded_app: New input event: type=2
01-04 22:12:32.773 22450 22472 V threaded_app: New input event: type=2
01-04 22:12:32.791 22450 22472 V threaded_app: New input event: type=2
01-04 22:12:32.801  3755  4463 D WifiStateMachine: Current network is: "wilkinson2.4" , ID is: 30
01-04 22:12:32.801  3755  4463 I WifiStateMachine: IMS calling, current network is always qualified
01-04 22:12:32.809 22450 22472 V threaded_app: New input event: type=2
01-04 22:12:32.814  3755  4391 D InputReader: Input event(3): value=0 when=13757060516000
01-04 22:12:32.814  3755  4391 D InputReader: Input event(3): value=0 when=13757060516000
01-04 22:12:32.814  3755  4391 I InputReader: Touch event's action is 0x1 (deviceType=0) [pCnt=1, s=] when=13757060516000
01-04 22:12:32.814  3755  4390 I InputDispatcher: Delivering touch to (22450): action: 0x1, toolType: 1
01-04 22:12:32.815 22450 22472 V threaded_app: New input event: type=2
01-04 22:12:32.816 22450 22472 V threaded_app: New input event: type=2
01-04 22:12:32.817 22450 22450 D ViewRootImpl@eaa3a62[GameActivity]: ViewPostImeInputStage processPointer 1
01-04 22:12:33.173  3755  4391 D InputReader: Input event(3): value=1 when=13757419644000
01-04 22:12:33.173  3755  4391 D InputReader: Input event(3): value=1 when=13757419644000
01-04 22:12:33.173  3755  4391 I InputReader: Touch event's action is 0x0 (deviceType=0) [pCnt=1, s=0.2737 ] when=13757419644000
01-04 22:12:33.173  3755  4390 I InputDispatcher: Delivering touch to (22450): action: 0x0, toolType: 1
01-04 22:12:33.174 22450 22472 V threaded_app: New input event: type=2
01-04 22:12:33.175 22450 22450 D ViewRootImpl@eaa3a62[GameActivity]: ViewPostImeInputStage processPointer 0
01-04 22:12:33.191 22450 22472 V threaded_app: New input event: type=2
01-04 22:12:33.193 22450 22471 D UE4     : [2019.01.05-03.12.33:193][614]LogUMG: Display: Widget Class NewHighScore_C - Loaded Fast Template.
01-04 22:12:33.195 22450 22471 D UE4     : [2019.01.05-03.12.33:195][614]LogOnlineLeaderboard: Display: OSS: WriteLeaderboards
01-04 22:12:33.195 22450 22471 D UE4     : [2019.01.05-03.12.33:195][614]LogOnlineLeaderboard: Display: OSS: Going through stats for leaderboard :  HardHighScore 
01-04 22:12:33.196 22450 22471 D UE4     : [2019.01.05-03.12.33:196][614]LogOnlineLeaderboard: Display: OSS: Here's a stat
01-04 22:12:33.196 22450 22471 D UE4     : [2019.01.05-03.12.33:196][614]LogOnlineLeaderboard: Display: OSS: FOnlineLeaderboardsGooglePlay::WriteLeaderboards() Int32 value Score: 21 
01-04 22:12:33.196 22450 22471 D UE4     : [2019.01.05-03.12.33:196][614]LogOnlineLeaderboard: Display: OSS: flush leaderboards session name :GameSession
01-04 22:12:33.209 22450 22472 V threaded_app: New input event: type=2
01-04 22:12:33.224 22450 22472 V threaded_app: New input event: type=2
01-04 22:12:33.241 22450 22472 V threaded_app: New input event: type=2
01-04 22:12:33.257 22450 22472 V threaded_app: New input event: type=2
01-04 22:12:33.274 22450 22472 V threaded_app: New input event: type=2
01-04 22:12:33.295 22450 22472 V threaded_app: New input event: type=2
01-04 22:12:33.309 22450 22472 V threaded_app: New input event: type=2
01-04 22:12:33.314  3755  4391 D InputReader: Input event(3): value=0 when=13757560712000
01-04 22:12:33.314  3755  4391 D InputReader: Input event(3): value=0 when=13757560712000
01-04 22:12:33.314  3755  4391 I InputReader: Touch event's action is 0x1 (deviceType=0) [pCnt=1, s=] when=13757560712000
01-04 22:12:33.314  3755  4390 I InputDispatcher: Delivering touch to (22450): action: 0x1, toolType: 1
01-04 22:12:33.315 22450 22472 V threaded_app: New input event: type=2
01-04 22:12:33.315 22450 22472 V threaded_app: New input event: type=2
01-04 22:12:33.317 22450 22450 D ViewRootImpl@eaa3a62[GameActivity]: ViewPostImeInputStage processPointer 1
01-04 22:12:34.567  5709  5709 D io_stats: !@   8,0 r 389832 12974076 w 205566 5599528 d 37914 3298712 f 63555 63541 iot 410150 248815 th 61440 61440 43616 pt 1400 inp 0 0 13758.813
01-04 22:12:34.973  3755  4353 D SamsungAlarmManager: Expired : 8
01-04 22:12:34.973  3755  4353 I SamsungAlarmManager: setLocked to kernel - T:3 / 20190104T221237, SetElapsed=35603671, nowELAPSED=35601072
01-04 22:12:34.974  3755  4353 V SamsungAlarmManager: Sending to uid : 10059 action=null alarm=Alarm{7b7562c type 3 when 35601072 com.asurion.android.verizon.vms}
01-04 22:12:34.979  3755  4353 D CompatibilityInfo: mCompatibilityFlags - 0
01-04 22:12:34.979  3755  4353 D CompatibilityInfo: applicationDensity - 420
01-04 22:12:34.979  3755  4353 D CompatibilityInfo: applicationScale - 1.0
01-04 22:12:34.992  3755  4449 D SamsungAlarmManager: setExact Intent (T:3/F:5/AC:false) 20190104T221239 - CU:10059/CP:7590
01-04 22:12:35.081  3755  4391 D InputReader: Input event(7): value=1 when=13759328254000
01-04 22:12:35.086  3755  4391 D SamsungPhoneWindowManager: f.b. a = false hd = false eme = false ksno = false id = -1
01-04 22:12:35.086  3755  4391 V Vibrator: Called semVibrate(int, int, AudioAttributes, Mag) API - PUID: 1000, PackageName: android, token: android.os.Binder@7efe95d, type: 50026, repeat: -1, AudioAttr : null, Mag: TYPE_TOUCH
01-04 22:12:35.086  3755  4391 V VibratorService: vibratePatternMagnitude - package: android, repeat: -1, token: android.os.Binder@7efe95d, mag: 6500, def: 10000
01-04 22:12:35.086  3755  4391 D VibratorService: Turning vibrator off
01-04 22:12:35.088  3755 22728 D VibratorService: vibratorOn() : 7ms, magnitude :6500, f : -1
01-04 22:12:35.116  3755  7132 D PackageManager: getComponentMetadataForIconTray : com.epicgames.ue4.SplashActivity does not exist in mServices
01-04 22:12:35.116  3755  7132 D PackageManager: getComponentMetadataForIconTray : com.epicgames.ue4.SplashActivity does not exist in mProviders
01-04 22:12:35.116  3755  7132 D PackageManager: getComponentMetadataForIconTray : com.epicgames.ue4.SplashActivity does not exist in mReceivers
01-04 22:12:35.122  4627  4627 I ApplicationPackageManager: load=com.GeekTechnique.InfinityStack, bg=126-126, dr=126-126, forDefault=true
01-04 22:12:35.122  4627  4627 I ApplicationPackageManager: reset dr=126,126, bg=126,126
01-04 22:12:35.124  4627  4627 I ApplicationPackageManager: scaled rate=201.0, size=126, alpha=0, hold=26, target=126
01-04 22:12:35.203  3755  4391 D InputReader: Input event(7): value=0 when=13759449630000
01-04 22:12:35.207  4627  4627 D Recents : toggleRecents
01-04 22:12:35.222  4627  4627 D RecentsImpl: startRecentsActivity for UserHandle{-2}
01-04 22:12:35.235  3755  5993 I ActivityManager: START u0 {act=null typ=null flg=0x10804000 cmp=ComponentInfo{com.android.systemui/com.android.systemui.recents.RecentsActivity}} from uid 10055 on display 0
01-04 22:12:35.238  3755  5993 D ActivityManager: ActivityRecord() Constructor : multiScreenAttrs=MultiScreenAttrs{mDisplayId=0, mBaseDisplayId=0, mBaseActivity=false}
01-04 22:12:35.239  3755  5993 D CustomFrequencyManagerService: acquireDVFSLockLocked : type : DVFS_MIN_LIMIT  frequency : 1500000  uid : 1000  pid : 3755  pkgName : AMS_ACT_START@CPU_MIN@57
01-04 22:12:35.242  3755  5993 D ActivityManagerPerformance: AMP_acquire() ACT_START
01-04 22:12:35.244  3755  5993 D ActivityManager: moveToFront() : reason=bringingFoundTaskToFront setFocusedActivity isAttached=true TaskRecord{222c1bed0 #2632 A=com.android.systemui U=0 StackId=0 sz=1}
01-04 22:12:35.244  3755  5993 D ActivityManager: setFocusStackUnchecked: reason=bringingFoundTaskToFront setFocusedActivity focusCandidate=ActivityStack{33fbc6bd0 stackId=0, 2 tasks} caller=com.android.server.am.ActivityStack.moveToFront:874 com.android.server.am.ActivityStackSupervisor.moveActivityStackToFront:2005 
01-04 22:12:35.245  3755  5993 D InputDispatcher: Focused application set to: xxxx
01-04 22:12:35.246  3755  5993 D InputDispatcher: Focus left window: 22450
01-04 22:12:35.248 22450 22450 D ViewRootImpl@eaa3a62[GameActivity]: MSG_WINDOW_FOCUS_CHANGED 0
01-04 22:12:35.248 22450 22450 V threaded_app: WindowFocusChanged: 0xd63d2b40 -- 0
01-04 22:12:35.248 22450 22472 D UE4     : [2019.01.05-03.12.35:248][738]LogAndroid: Case APP_CMD_LOST_FOCUS
01-04 22:12:35.248 22450 22472 D UE4     : LogAndroidEvents: EnqueueAppEvent : 10, 0, tid = 22472
01-04 22:12:35.248 22450 22450 D SEM_CLIP_SemClipboardManager: isCocktailBarDisplayed : false
01-04 22:12:35.248  3755  5993 D ActivityManager: resumeTopActivityInnerLocked() : #0 prevTask=null next=ActivityRecord{6681072d0 u0 com.android.systemui/.recents.RecentsActivity t2632} mFocusedStack=ActivityStack{33fbc6bd0 stackId=0, 2 tasks}
01-04 22:12:35.249  3755  5993 D ActivityTrigger: ActivityTrigger activityPauseTrigger 
01-04 22:12:35.249  3755  5993 D GameManagerService: sem_perfomance_mode: 0
01-04 22:12:35.251 22450 22450 V threaded_app: Pause: 0xd63d2b40
01-04 22:12:35.251 22450 22472 V threaded_app: activityState=13
01-04 22:12:35.251 22450 22472 D UE4     : Case APP_CMD_PAUSE
01-04 22:12:35.252 22450 22450 D UE4     : Unregistering sensor listeners
01-04 22:12:35.252 22450 22472 D UE4     : [2019.01.05-03.12.35:251][738]LogAndroid: Case APP_CMD_PAUSE
01-04 22:12:35.252 22450 22472 D UE4     : LogAndroidEvents: EnqueueAppEvent : 6, 0, tid = 22472
01-04 22:12:35.253  3755  6009 I Sensors : Acc old sensor_state 19, new sensor_state : 18 en : 0
01-04 22:12:35.253 22450 22471 D UE4     : [2019.01.05-03.12.35:253][738]LogAndroidEvents: Display: DequeueAppEvent : 10, 0
01-04 22:12:35.254 22450 22471 D UE4     : [2019.01.05-03.12.35:254][738]LogAndroidEvents: Display: DequeueAppEvent : 6, 0
01-04 22:12:35.260  3755  6006 I Sensors : Mag old sensor_state 18, new sensor_state : 2 en : 0
01-04 22:12:35.270  3755  6282 I Sensors : Gyro old sensor_state 2, new sensor_state : 0 en : 0
01-04 22:12:35.277 22450 22450 D SensorManager: unregisterListener ::   
01-04 22:12:35.277 22450 22450 D UE4     : ==============> GameActive.onPause complete!
01-04 22:12:35.284  3755  5993 D ActivityManager: applyOptionsLocked(), pendingOptions : ActivityOptions(40396027), mPackageName=com.android.systemui, mAnimationType=9, mStartX=0, mStartY=0, mWidth=0, mHeight=0
01-04 22:12:35.290  3755  5993 D GameManagerService: sem_perfomance_mode: 0
01-04 22:12:35.291  3755  3755 D GameManagerService: NotifyRunnable. pkg: com.android.systemui, type: 4, isMinimized: false, isTunableApp: false
01-04 22:12:35.291  3755  3755 D GameManagerService: unexpected mPrevNotiType: -1
01-04 22:12:35.292  3755  5993 D ActivityManager: resumeTopActivityInnerLocked() : #0 prevTask=null next=ActivityRecord{6681072d0 u0 com.android.systemui/.recents.RecentsActivity t2632} mFocusedStack=ActivityStack{33fbc6bd0 stackId=0, 2 tasks}
01-04 22:12:35.296  3755  3772 D ActivityTrigger: ActivityTrigger activityStopTrigger 
01-04 22:12:35.297  3755  3772 D ActivityTrigger: ActivityTrigger activityStopTrigger 
01-04 22:12:35.298 22450 22450 V threaded_app: SaveInstanceState: 0xd63d2b40
01-04 22:12:35.301  6134  6134 D MenuAppsGridFragment: onStop
01-04 22:12:35.301  6134  6134 D Launcher.HomeView: onStop
01-04 22:12:35.301  6134  6134 D capture : ----destroy
01-04 22:12:35.306  4627  4728 D vol.VolumeDialogControl: onReceive ACTION_CLOSE_SYSTEM_DIALOGS
01-04 22:12:35.306 22450 22589 D UE4     : *** JavaEnvDestructor: 22589
01-04 22:12:35.308  4627  4836 D LocationControllerImpl: onReceive   android.intent.action.CLOSE_SYSTEM_DIALOGS
01-04 22:12:35.314  3755  3772 D CompatibilityInfo: mCompatibilityFlags - 0
01-04 22:12:35.314  3755  3772 D CompatibilityInfo: applicationDensity - 420
01-04 22:12:35.314  3755  3772 D CompatibilityInfo: applicationScale - 1.0
01-04 22:12:35.317  6134  6134 D Launcher: onTrimMemory. Level: 20
01-04 22:12:35.318  3755  5843 I WindowManager_SurfaceController: Destroying surface Surface(name=com.sec.android.app.launcher/com.sec.android.app.launcher.activities.LauncherActivity) called by com.android.server.wm.WindowStateAnimator.destroySurface:2907 com.android.server.wm.WindowStateAnimator.destroySurfaceLocked:1120 com.android.server.wm.WindowState.destroyOrSaveSurface:2662 com.android.server.wm.AppWindowToken.destroySurfaces:423 com.android.server.wm.AppWindowToken.destroySurfaces:387 com.android.server.wm.AppWindowToken.notifyAppStopped:467 com.android.server.wm.WindowManagerService.notifyAppStopped:5304 com.android.server.am.ActivityStack.activityStoppedLocked:1581 
01-04 22:12:35.319  3215  3282 I SurfaceFlinger: id=1110 Removed MauncherAct (3/7)
01-04 22:12:35.319  3215  4394 I SurfaceFlinger: id=1110 Removed MauncherAct (-2/7)
01-04 22:12:35.320  3755  4478 D WindowManager: adjustSystemUiVisibilityLw : vis= 0x4408
01-04 22:12:35.322  5951  5972 D ForegroundUtils: could not check pending caller
01-04 22:12:35.328  3755  7133 D ActivityManager: post active user change for 0 fullscreen true isHomeActivity() false
01-04 22:12:35.329  3755  7133 D KnoxTimeoutHandler: postActiveUserChange [MsgParam] userId: 0 fullscreen is true showWhenlocked is false isMutiwindowRecord is false multiwindowstyle is 0
01-04 22:12:35.329  3755  3755 D KnoxTimeoutHandler: handleActiveUserChange [MsgParam] userId: 0 fullscreen is true showWhenlocked is false isMutiwindowRecord is false multiwindowstyle is 0
01-04 22:12:35.330  3755  3755 I KnoxTimeoutHandler: Shared devices show user statefalse
01-04 22:12:35.331  3755  6002 V WindowManager: Relayout Window{38c2b7ad0 u0 com.android.systemui/com.android.systemui.recents.RecentsActivity}: viewVisibility=0 req=1080x1920 WM.LayoutParams{(0,0)(fillxfill) sim=#120 ty=1 fl=#81910500 pfl=0x20040 fmt=-3 vsysui=0x700 needsMenuKey=2 naviIconColor=0 sfl=0x2}
01-04 22:12:35.332  3215  3215 I SurfaceFlinger: id=1124 createSurf (1080x1920),1 flag=4, SecentsActi
01-04 22:12:35.333  3755  3773 D WindowManager: set systemUiVisibility of statusbar : vis= 0x708
01-04 22:12:35.336  3755  6002 D InputDispatcher: Focus entered window: 4627
01-04 22:12:35.337  4627  4627 D ViewRootImpl@35df8b5[RecentsActivity]: Relayout returned: oldFrame=[0,0][1080,1920] newFrame=[0,0][1080,1920] result=0x7 surface={isValid=true 530040697856} surfaceGenerationChanged=true
01-04 22:12:35.337  4627  4627 D ViewRootImpl@35df8b5[RecentsActivity]: mHardwareRenderer.initialize() mSurface={isValid=true 530040697856} hwInitialized=true
01-04 22:12:35.342  4627  4627 D TaskStackView: prepareForEnterAnimation
01-04 22:12:35.344  4627  4753 D mali_winsys: EGLint new_window_surface(egl_winsys_display*, void*, EGLSurface, EGLConfig, egl_winsys_surface**, egl_color_buffer_format*, EGLBoolean) returns 0x3000,  [1080x1920]-format:1
01-04 22:12:35.344  4627  4627 D ToggleSlider: onReceive : android.intent.action.CLOSE_SYSTEM_DIALOGS
01-04 22:12:35.345  4627  4627 D vol.SecVolumeDialog: dismissH reason: 2
01-04 22:12:35.345  4627  4627 D vol.SecVolumeDialog: dismissH : false
01-04 22:12:35.345  4627  4627 D Tile.MobileDataTile: action:android.intent.action.CLOSE_SYSTEM_DIALOGS
01-04 22:12:35.345  4627  4627 I StatusBarWindowManager: isExpanded:true, false, false, false, false, false
01-04 22:12:35.345  4627  4627 I StatusBarWindowManager: applyHeight:63
01-04 22:12:35.349  4627  4627 D SwipeDoorsillDetector: reset()com.android.systemui.statusbar.phone.NotificationPanelView.resetViews:864 com.android.systemui.statusbar.phone.PanelBar.collapsePanel:173 com.android.systemui.statusbar.phone.PhoneStatusBar.animateCollapsePanels:3951 com.android.systemui.statusbar.phone.PhoneStatusBar.animateCollapsePanels:3906 
01-04 22:12:35.353  4627  4627 D ToggleSlider: onReceive : android.intent.action.CLOSE_SYSTEM_DIALOGS
01-04 22:12:35.353  4627  4627 D ToggleSlider: onReceive : android.intent.action.CLOSE_SYSTEM_DIALOGS
01-04 22:12:35.354  4627  4627 D ViewRootImpl@35df8b5[RecentsActivity]: MSG_WINDOW_FOCUS_CHANGED 1
01-04 22:12:35.354  4627  4627 D ViewRootImpl@35df8b5[RecentsActivity]: mHardwareRenderer.initializeIfNeeded()#2 mSurface={isValid=true 530040697856}
01-04 22:12:35.354  3755  5994 D WindowManager: adjustSystemUiVisibilityLw : vis= 0x4708
01-04 22:12:35.355  4627  4627 V InputMethodManager: Starting input: tba=android.view.inputmethod.EditorInfo@61cc5e nm : com.android.systemui ic=null
01-04 22:12:35.355  4627  4627 I InputMethodManager: [IMM] startInputInner - mService.startInputOrWindowGainedFocus
01-04 22:12:35.355  3755  6009 D InputMethodManagerService: windowGainedFocus mCurrentFocusedUserId - 0 and mSecureKeypadEnabled-false
01-04 22:12:35.356  3755  6009 V InputMethodManagerService: windowGainedFocus: reason=WINDOW_FOCUS_GAIN client=android.os.BinderProxy@d06049 inputContext=null missingMethods= attribute=android.view.inputmethod.EditorInfo@a59a918 nm = com.android.systemui controlFlags=#104 softInputMode=#120 windowFlags=#81910500
01-04 22:12:35.356  3755  6009 V InputMethodManagerService: Unspecified window will hide input
01-04 22:12:35.356  3755  6009 D InputMethodManagerService: mDesktopModeManager null!
01-04 22:12:35.356  3755  6009 V InputMethodManagerService: hideCurrentInputLocked - !shouldHideSoftInput
01-04 22:12:35.357  3755  6009 D InputTransport: Input channel constructed: fd=431
01-04 22:12:35.357  3755  6009 D InputTransport: Input channel destroyed: fd=431
01-04 22:12:35.358  4627  4627 D InputTransport: Input channel constructed: fd=122
01-04 22:12:35.362  3755  6076 W ActivityManager: resizeDockedStackLocked: docked stack not found
01-04 22:12:35.427  3755  7132 D WindowManager: finishDrawingWindow: Window{38c2b7ad0 u0 com.android.systemui/com.android.systemui.recents.RecentsActivity} mDrawState=DRAW_PENDING
01-04 22:12:35.429  4627  4753 W OpenGLRenderer: Incorrectly called buildLayer on View: NotificationPanelView, destroying layer...
01-04 22:12:35.437  3215  3215 I SurfaceFlinger: id=1125 createSurf (996x116),1 flag=4, uhumbnail a
01-04 22:12:35.445  4627  4627 D ImageWallpaper: onOffsetsChanged: xOffset=0.0, yOffset=0.0, xOffsetStep=0.0, yOffsetStep=0.0, xPixels=0, yPixels=0
01-04 22:12:35.447  4627  4627 D ImageWallpaper: drawFrame=false rotation=0 mLastRotation=0
01-04 22:12:35.447  4627  4627 D ImageWallpaper: drawFrame:[frame.width()]1080[frame.height()]1920
01-04 22:12:35.447  4627  4627 D ImageWallpaper: surfaceDimensionsChanged=false mLastSurfaceRotation=0 mDisplayWidth=-1 mDisplayHeight=-1
01-04 22:12:35.447  4627  4627 D ImageWallpaper: mNewKeyboard : 0 mLastKeyboard : 0 mForceDraw = false
01-04 22:12:35.447  4627  4627 D ImageWallpaper: redrawNeeded = false, mOffsetsChanged = false
01-04 22:12:35.447  4627  4627 D ImageWallpaper: Suppressed drawFrame since redraw is not needed and offsets have not changed.
01-04 22:12:35.447  4627  4627 D WallpaperService: updateSurface forceRelayout=false redrawNeeded=false myWidth=1080 myHeight=1920 fixedSize=true mWidth=1080 mHeight=1920
01-04 22:12:35.447  4627  4627 D ImageWallpaper: onVisibilityChanged: mVisible, visible=false, true
01-04 22:12:35.447  4627  4627 D ImageWallpaper: Visibility changed to visible=true
01-04 22:12:35.448  4627  4627 D ImageWallpaper: drawFrame=false rotation=0 mLastRotation=0
01-04 22:12:35.448  4627  4627 D ImageWallpaper: drawFrame:[frame.width()]1080[frame.height()]1920
01-04 22:12:35.448  4627  4627 D ImageWallpaper: surfaceDimensionsChanged=false mLastSurfaceRotation=0 mDisplayWidth=-1 mDisplayHeight=-1
01-04 22:12:35.448  4627  4627 D ImageWallpaper: mNewKeyboard : 0 mLastKeyboard : 0 mForceDraw = false
01-04 22:12:35.448  4627  4627 D ImageWallpaper: redrawNeeded = false, mOffsetsChanged = false
01-04 22:12:35.448  4627  4627 D ImageWallpaper: Suppressed drawFrame since redraw is not needed and offsets have not changed.
01-04 22:12:35.456  3755  3791 D KnoxTimeoutHandler: notifyActivityDrawn [MsgParam] userId: 0 fullscreen is true showWhenlocked is false isMutiwindowRecord is false multiwindowstyle is 0
01-04 22:12:35.456  3755  3755 D KnoxTimeoutHandler: activityDrawn [MsgParam] userId: 0 fullscreen is true showWhenlocked is false isMutiwindowRecord is false multiwindowstyle is 0
01-04 22:12:35.457  3755  4527 D MdnieScenarioControlService:  packageName : com.android.systemui    className : com.android.systemui.recents.RecentsActivity
01-04 22:12:35.458  3755  3755 I KnoxTimeoutHandler: SD activityfalse
01-04 22:12:35.458  3755  3755 I KnoxTimeoutHandler: Fullscreen and mCurrent is not KNOX user. Hence hide keyguard
01-04 22:12:35.468  4627  4627 D TaskStackView: startEnterAnimation : 0
01-04 22:12:35.479 22450 22587 D UE4     : *** JavaEnvDestructor: 22587
01-04 22:12:35.483 22450 22588 D UE4     : *** JavaEnvDestructor: 22588
01-04 22:12:35.484 22450 22586 D UE4     : *** JavaEnvDestructor: 22586
01-04 22:12:35.543  3755  3764 I art     : Background partial concurrent mark sweep GC freed 139224(7MB) AllocSpace objects, 55(1116KB) LOS objects, 21% free, 58MB/74MB, paused 3.077ms total 318.527ms
01-04 22:12:35.584  3755  3755 D TelephonyManager: getCellLocation : Caller (PID / UID / TID): 3755 / 1000 / 3755
01-04 22:12:35.587  4627  4836 D NetworkController.MobileSignalController(0/1): onSignalStrengthsChanged signalStrength=SignalStrength: 99 99 -120 -160 -120 -1 -1 14 -111 -10 32 2147483647 2147483647 0x2000 gsm|lte level=2
01-04 22:12:35.587  4627  4836 D NetworkController.MobileSignalController(0/1): getMobileIconGroup(): 13
01-04 22:12:35.587  4627  4836 D NetworkController.MobileSignalController(0/1): updateVZWMobileIconGroup(): 13
01-04 22:12:35.591  5039  5668 D EPDG -- [SMARTWIFI]: onSignalStrengthsChanged: Received signal strength change, phone type is: 2
01-04 22:12:35.591  5039  6405 D EPDG -- [SMARTWIFI]: lastLteRSRP is -108currentLteRSRP is -111
01-04 22:12:35.591  5039  6405 D EPDG -- [SMARTWIFI]: lastLteRSRQ is -12currentLteRSRQ is -10
01-04 22:12:35.591  5039  6405 D EPDG -- [SMARTWIFI]: lastCdmaDb is -16currentCdmaDb is -16
01-04 22:12:35.592  5039  6405 V EPDG -- [SMARTWIFI]: Radio oldest entry removed
01-04 22:12:35.592  5039  6405 V EPDG -- [SMARTWIFI]: New entry : (SignalStrength: 99 99 -120 -160 -120 -1 -1 14 -111 -10 32 2147483647 2147483647 0x2000 gsm|lte : 0 )
01-04 22:12:35.592  5039  6405 V EPDG -- [SMARTWIFI]: Radio entry added
01-04 22:12:35.594  4627  4836 D NetworkController.MobileSignalController(0/1): callState:0, callStateByPhone:false voLTECall:false voiceNetTpe:13 dataNetType:13, ine911:false, emergencyCallbackMode:false
01-04 22:12:35.623  3755  9479 D GameManagerService: identifyGamePackage. com.GeekTechnique.InfinityStack
01-04 22:12:35.623  3755  9479 D GamePkgDataHelper: getGamePkgData(). com.android.systemui
01-04 22:12:35.624  3755  9479 D GameManagerService: identifyGamePackage. com.android.systemui
01-04 22:12:35.626  3755  9479 D TelephonyManager: getAllCellInfo : Caller (PID / UID / TID): 3755 / 1000 / 9479
01-04 22:12:35.645  3755  9479 D GameManagerService: identifyGamePackage. com.android.systemui
01-04 22:12:35.647  3755  9479 D GameManagerService: identifyGamePackage. com.android.systemui
01-04 22:12:35.812  3755  4463 D WifiStateMachine: Current network is: "wilkinson2.4" , ID is: 30
01-04 22:12:35.812  3755  4463 I WifiStateMachine: IMS calling, current network is always qualified
01-04 22:12:35.817  3755  4391 D InputReader: Input event(3): value=1 when=13760064030000
01-04 22:12:35.817  3755  4391 D InputReader: Input event(3): value=1 when=13760064030000
01-04 22:12:35.817  3755  4391 I InputReader: Touch event's action is 0x0 (deviceType=0) [pCnt=1, s=0.2738 ] when=13760064030000
01-04 22:12:35.817  3755  4390 I InputDispatcher: Delivering touch to (4627): action: 0x0, toolType: 1
01-04 22:12:35.817  3755  4390 I InputDispatcher: Delivering touch to (4627): action: 0x0, toolType: 1
01-04 22:12:35.818  4627  4627 D ViewRootImpl@35df8b5[RecentsActivity]: ViewPostImeInputStage processPointer 0
01-04 22:12:35.885  3755  3791 D CustomFrequencyManagerService: acquireDVFSLockLocked : type : DVFS_MIN_LIMIT  frequency : 1704000  uid : 1000  pid : 3755  pkgName : AMS_RESUME_TAIL@CPU_MIN@19
01-04 22:12:35.886  3755  3791 D ActivityManagerPerformance: AMP_acquire() TAIL
01-04 22:12:35.886  3755  3791 D CustomFrequencyManagerService: releaseDVFSLockLocked : Getting Lock type frm List : DVFS_MIN_LIMIT  frequency : 1500000  uid : 1000  pid : 3755  tag : AMS_ACT_START@CPU_MIN@57
01-04 22:12:35.886  3755  3791 D ActivityManagerPerformance: AMP_release() ACT_START
01-04 22:12:35.887  3755  3791 D KnoxTimeoutHandler: notifyActivityDrawn [MsgParam] userId: 0 fullscreen is true showWhenlocked is false isMutiwindowRecord is false multiwindowstyle is 0
01-04 22:12:35.887  3755  3755 D KnoxTimeoutHandler: activityDrawn [MsgParam] userId: 0 fullscreen is true showWhenlocked is false isMutiwindowRecord is false multiwindowstyle is 0
01-04 22:12:35.887  3755  3755 I KnoxTimeoutHandler: SD activityfalse
01-04 22:12:35.887  3755  3755 I KnoxTimeoutHandler: Fullscreen and mCurrent is not KNOX user. Hence hide keyguard
01-04 22:12:35.896  3215  7617 I SurfaceFlinger: id=1125 Removed uhumbnail a (6/8)
01-04 22:12:35.896  3215  3284 I SurfaceFlinger: id=1125 Removed uhumbnail a (-2/8)
01-04 22:12:35.914  3755  4391 D InputReader: Input event(3): value=0 when=13760161384000
01-04 22:12:35.914  3755  4391 D InputReader: Input event(3): value=0 when=13760161384000
01-04 22:12:35.914  3755  4391 I InputReader: Touch event's action is 0x1 (deviceType=0) [pCnt=1, s=] when=13760161384000
01-04 22:12:35.915  3755  4390 I InputDispatcher: Delivering touch to (4627): action: 0x1, toolType: 1
01-04 22:12:35.915  3755  4390 I InputDispatcher: Delivering touch to (4627): action: 0x1, toolType: 1
01-04 22:12:35.915  4627  4627 D ViewRootImpl@35df8b5[RecentsActivity]: ViewPostImeInputStage processPointer 1
01-04 22:12:35.915  3755  9479 D GameManagerService: identifyGamePackage. com.android.systemui
01-04 22:12:35.921  3755  3772 D CompatibilityInfo: mCompatibilityFlags - 0
01-04 22:12:35.921  3755  3772 D CompatibilityInfo: applicationDensity - 420
01-04 22:12:35.921  3755  3772 D CompatibilityInfo: applicationScale - 1.0
01-04 22:12:35.986 22349 22349 W sbx     : Failed to find local clusters.
01-04 22:12:36.021  3755  5072 D ConnectivityService: filterNetworkStateForUid() uid: 10130 networkInfo: [type: WIFI[] - WIFI, state: CONNECTED/CONNECTED, reason: (unspecified), extra: "wilkinson2.4", failover: false, available: true, roaming: false, metered: false]
01-04 22:12:36.026 22349 22738 E woz     : Job(ItemMessageAttachmentsCacheEvictorJob#0.24) Enqueued job 'ItemMessageAttachmentsCacheEvictorJob' failed
01-04 22:12:36.026 22349 22738 E woz     : java.lang.IllegalArgumentException: Attachment cache cannot be null.
01-04 22:12:36.026 22349 22738 E woz     : 	at ovk.a(Unknown Source)
01-04 22:12:36.026 22349 22738 E woz     : 	at owy.a(Unknown Source)
01-04 22:12:36.026 22349 22738 E woz     : 	at xog.a(SourceFile:2)
01-04 22:12:36.026 22349 22738 E woz     : 	at wol.b(SourceFile:2)
01-04 22:12:36.026 22349 22738 E woz     : 	at wom.a(Unknown Source)
01-04 22:12:36.026 22349 22738 E woz     : 	at xog.a(SourceFile:2)
01-04 22:12:36.026 22349 22738 E woz     : 	at xnn.run(SourceFile:1)
01-04 22:12:36.026 22349 22738 E woz     : 	at wfo.run(Unknown Source)
01-04 22:12:36.026 22349 22738 E woz     : 	at java.util.concurrent.Executors$RunnableAdapter.call(Executors.java:428)
01-04 22:12:36.026 22349 22738 E woz     : 	at java.util.concurrent.FutureTask.run(FutureTask.java:237)
01-04 22:12:36.026 22349 22738 E woz     : 	at java.util.concurrent.ScheduledThreadPoolExecutor$ScheduledFutureTask.run(ScheduledThreadPoolExecutor.java:272)
01-04 22:12:36.026 22349 22738 E woz     : 	at java.util.concurrent.ThreadPoolExecutor.runWorker(ThreadPoolExecutor.java:1133)
01-04 22:12:36.026 22349 22738 E woz     : 	at java.util.concurrent.ThreadPoolExecutor$Worker.run(ThreadPoolExecutor.java:607)
01-04 22:12:36.026 22349 22738 E woz     : 	at java.lang.Thread.run(Thread.java:762)
01-04 22:12:36.027  3259  3744 D EnterpriseController: netId is 0
01-04 22:12:36.028  3259  3744 D Netd    : getNetworkForDns: using netid 510 for uid 10130
01-04 22:12:36.028  3259  3744 D DnsProxyListener: DNSDBG::dns addrinfo af 0
01-04 22:12:36.135  3755  3772 D CompatibilityInfo: mCompatibilityFlags - 0
01-04 22:12:36.135  3755  3772 D CompatibilityInfo: applicationDensity - 420
01-04 22:12:36.135  3755  3772 D CompatibilityInfo: applicationScale - 1.0
01-04 22:12:36.140  3755  4478 D CompatibilityInfo: mCompatibilityFlags - 0
01-04 22:12:36.140  3755  4478 D CompatibilityInfo: applicationDensity - 420
01-04 22:12:36.140  3755  4478 D CompatibilityInfo: applicationScale - 1.0
01-04 22:12:36.145  3755  4449 D CompatibilityInfo: mCompatibilityFlags - 0
01-04 22:12:36.145  3755  4449 D CompatibilityInfo: applicationDensity - 420
01-04 22:12:36.145  3755  4449 D CompatibilityInfo: applicationScale - 1.0
01-04 22:12:36.155  3755  5843 D CompatibilityInfo: mCompatibilityFlags - 0
01-04 22:12:36.155  3755  5843 D CompatibilityInfo: applicationDensity - 420
01-04 22:12:36.155  3755  5843 D CompatibilityInfo: applicationScale - 1.0
01-04 22:12:36.161  3755  4461 D CompatibilityInfo: mCompatibilityFlags - 0
01-04 22:12:36.161  3755  4461 D CompatibilityInfo: applicationDensity - 420
01-04 22:12:36.161  3755  4461 D CompatibilityInfo: applicationScale - 1.0
01-04 22:12:36.168  3755  4449 D CompatibilityInfo: mCompatibilityFlags - 0
01-04 22:12:36.168  3755  4449 D CompatibilityInfo: applicationDensity - 420
01-04 22:12:36.168  3755  4449 D CompatibilityInfo: applicationScale - 1.0
01-04 22:12:36.171 13598 13598 I DMT-DropBoxReceiver: Received : android.intent.action.DROPBOX_ENTRY_ADDED
01-04 22:12:36.172  4627  4728 D vol.VolumeDialogControl: onReceive ACTION_CLOSE_SYSTEM_DIALOGS
01-04 22:12:36.173  4627  4836 D LocationControllerImpl: onReceive   android.intent.action.CLOSE_SYSTEM_DIALOGS
01-04 22:12:36.175  3755  6005 I MARsPolicyManager: Auto Run Policy not enabled
01-04 22:12:36.175  3755  6005 I ActivityManager: Killing 22450:com.GeekTechnique.InfinityStack/u0a351 (adj 200): remove task
01-04 22:12:36.179  4627  4627 D ToggleSlider: onReceive : android.intent.action.CLOSE_SYSTEM_DIALOGS
01-04 22:12:36.179  4627  4627 D vol.SecVolumeDialog: dismissH reason: 2
01-04 22:12:36.179  4627  4627 D vol.SecVolumeDialog: dismissH : false
01-04 22:12:36.179  4627  4627 D Tile.MobileDataTile: action:android.intent.action.CLOSE_SYSTEM_DIALOGS
01-04 22:12:36.179  4627  4627 I StatusBarWindowManager: isExpanded:true, false, false, false, false, false
01-04 22:12:36.179  4627  4627 I StatusBarWindowManager: applyHeight:63
01-04 22:12:36.181  3755  7133 D CompatibilityInfo: mCompatibilityFlags - 0
01-04 22:12:36.181  3755  7133 D CompatibilityInfo: applicationDensity - 420
01-04 22:12:36.181  3755  7133 D CompatibilityInfo: applicationScale - 1.0
01-04 22:12:36.182  4627  4627 D SwipeDoorsillDetector: reset()com.android.systemui.statusbar.phone.NotificationPanelView.resetViews:864 com.android.systemui.statusbar.phone.PanelBar.collapsePanel:173 com.android.systemui.statusbar.phone.PhoneStatusBar.animateCollapsePanels:3951 com.android.systemui.statusbar.phone.PhoneStatusBar.animateCollapsePanels:3906 
01-04 22:12:36.187  3755  3755 D CustomFrequencyManagerService: releaseDVFSLockLocked : Getting Lock type frm List : DVFS_MIN_LIMIT  frequency : 1704000  uid : 1000  pid : 3755  tag : AMS_RESUME_TAIL@CPU_MIN@19
01-04 22:12:36.189  3755  3772 D CompatibilityInfo: mCompatibilityFlags - 0
01-04 22:12:36.189  3755  3772 D CompatibilityInfo: applicationDensity - 420
01-04 22:12:36.189  3755  3772 D CompatibilityInfo: applicationScale - 1.0
01-04 22:12:36.190  4627  4627 D ToggleSlider: onReceive : android.intent.action.CLOSE_SYSTEM_DIALOGS
01-04 22:12:36.190  4627  4627 D ToggleSlider: onReceive : android.intent.action.CLOSE_SYSTEM_DIALOGS
01-04 22:12:36.197  3755 10408 D CompatibilityInfo: mCompatibilityFlags - 0
01-04 22:12:36.197  3755 10408 D CompatibilityInfo: applicationDensity - 420
01-04 22:12:36.197  3755 10408 D CompatibilityInfo: applicationScale - 1.0
01-04 22:12:36.238  4627  4753 W OpenGLRenderer: Incorrectly called buildLayer on View: NotificationPanelView, destroying layer...
01-04 22:12:36.239  4627  4627 D Recents : hideRecents
01-04 22:12:36.261  3755  6236 D ConnectivityService: filterNetworkStateForUid() uid: 10130 networkInfo: [type: WIFI[] - WIFI, state: CONNECTED/CONNECTED, reason: (unspecified), extra: "wilkinson2.4", failover: false, available: true, roaming: false, metered: false]
01-04 22:12:36.282  3755  4563 D skia    : Encode PNG Singlethread :     105265 us, width=648, height=1152
01-04 22:12:36.287  3755  6237 D GraphicsStats: Buffer count: 4
01-04 22:12:36.287  3755  5844 D InputTransport: Input channel destroyed: fd=458
01-04 22:12:36.287  3755  5844 I WindowManager: WIN DEATH: Window{8da1e22d0 u0 com.GeekTechnique.InfinityStack/com.epicgames.ue4.GameActivity}
01-04 22:12:36.287  3755  5844 D WindowManager: disposeInputChannel mInputChannel: 8da1e22 com.GeekTechnique.InfinityStack/com.epicgames.ue4.GameActivity (server)
01-04 22:12:36.288  3755  5844 I WindowManager_SurfaceController: Destroying surface Surface(name=com.GeekTechnique.InfinityStack/com.epicgames.ue4.GameActivity) called by com.android.server.wm.WindowStateAnimator.destroySurface:2907 com.android.server.wm.WindowStateAnimator.destroySurfaceLocked:1120 com.android.server.wm.WindowState.removeLocked:1864 com.android.server.wm.WindowManagerService.removeWindowInnerLocked:2934 com.android.server.wm.WindowManagerService.removeWindowLocked:2879 com.android.server.wm.WindowState$DeathRecipient.binderDied:2304 android.os.BinderProxy.sendDeathNotice:701 <bottom of call stack> 
01-04 22:12:36.288  3755  6237 D ActivityManager: cleanUpApplicationRecord -- 22450
01-04 22:12:36.288  3215  4394 I SurfaceFlinger: id=1121 Removed HameActivit (5/7)
01-04 22:12:36.289  3215  4393 I SurfaceFlinger: id=1121 Removed HameActivit (-2/7)
01-04 22:12:36.290  8407  8407 D InputTransport: Input channel destroyed: fd=52
01-04 22:12:36.293  5951  5972 D ForegroundUtils: could not check pending caller
01-04 22:12:36.294  3755  5844 D InputTransport: Input channel destroyed: fd=506
01-04 22:12:36.301  3755  4449 I WindowManager: WIN DEATH: Window{df66de9d0 u0 SurfaceView - com.GeekTechnique.InfinityStack/com.epicgames.ue4.GameActivity}
01-04 22:12:36.302  3755  4449 I WindowManager_SurfaceController: Destroying surface Surface(name=SurfaceView - com.GeekTechnique.InfinityStack/com.epicgames.ue4.GameActivity) called by com.android.server.wm.WindowStateAnimator.destroySurface:2907 com.android.server.wm.WindowStateAnimator.destroySurfaceLocked:1120 com.android.server.wm.WindowState.removeLocked:1864 com.android.server.wm.WindowManagerService.removeWindowInnerLocked:2934 com.android.server.wm.WindowManagerService.removeWindowLocked:2879 com.android.server.wm.WindowState$DeathRecipient.binderDied:2304 android.os.BinderProxy.sendDeathNotice:701 <bottom of call stack> 
01-04 22:12:36.303  3215  4393 I SurfaceFlinger: id=1122 Removed HameActivit (3/6)
01-04 22:12:36.303  3215  4394 I SurfaceFlinger: id=1122 Removed HameActivit (-2/6)
01-04 22:12:36.303  3215  7617 I SurfaceFlinger: id=1123 Removed HameActivit (2/5)
01-04 22:12:36.304  3215  3284 I SurfaceFlinger: id=1123 Removed HameActivit (-2/5)
01-04 22:12:36.307  3215  7617 I SurfaceFlinger: id=1122 Removed HameActivit (-2/5)
01-04 22:12:36.308  3215  7617 I SurfaceFlinger: id=1123 Removed HameActivit (-2/5)
01-04 22:12:36.353  3755  4481 D ConnectivityService: filterNetworkStateForUid() uid: 10014 networkInfo: [type: WIFI[] - WIFI, state: CONNECTED/CONNECTED, reason: (unspecified), extra: "wilkinson2.4", failover: false, available: true, roaming: false, metered: false]
01-04 22:12:36.462  3755  5844 I ActivityManager: START u0 {act=android.intent.action.MAIN typ=null flg=0x10200000 cmp=ComponentInfo{com.sec.android.app.launcher/com.sec.android.app.launcher.activities.LauncherActivity}} from uid 10055 on display 0
01-04 22:12:36.469  3755  5844 D ActivityManager: ActivityRecord() Constructor : multiScreenAttrs=MultiScreenAttrs{mDisplayId=0, mBaseDisplayId=0, mBaseActivity=false}
01-04 22:12:36.471  3755  5844 D CustomFrequencyManagerService: acquireDVFSLockLocked : type : DVFS_MIN_LIMIT  frequency : 2100000  uid : 1000  pid : 3755  pkgName : AMS_APP_HOME@CPU_MIN@7
01-04 22:12:36.472  3755  5844 D ActivityManagerPerformance: AMP_acquire() HOME
01-04 22:12:36.472  3755  5844 D ActivityManager: moveToFront() : reason=bringingFoundTaskToFront setFocusedActivity isAttached=true TaskRecord{a7c45dbd0 #2629 A=com.sec.android.app.launcher U=0 StackId=0 sz=1}
01-04 22:12:36.473  3755  5844 D InputDispatcher: Focused application set to: xxxx
01-04 22:12:36.474  3755  5844 D InputDispatcher: Focus left window: 4627
01-04 22:12:36.475  3755  5844 D ActivityManager: resumeTopActivityInnerLocked() : #0 prevTask=null next=ActivityRecord{ad09cbfd0 u0 com.sec.android.app.launcher/.activities.LauncherActivity t2629} mFocusedStack=ActivityStack{33fbc6bd0 stackId=0, 2 tasks}
01-04 22:12:36.475  3755  5844 D ActivityTrigger: ActivityTrigger activityPauseTrigger 
01-04 22:12:36.475  3755  5844 D GameManagerService: sem_perfomance_mode: 0
01-04 22:12:36.477  3755  5844 D ActivityManager: resumeTopActivityInnerLocked() : #0 prevTask=null next=ActivityRecord{ad09cbfd0 u0 com.sec.android.app.launcher/.activities.LauncherActivity t2629} mFocusedStack=ActivityStack{33fbc6bd0 stackId=0, 2 tasks}
01-04 22:12:36.482  4627  4627 D ViewRootImpl@35df8b5[RecentsActivity]: MSG_WINDOW_FOCUS_CHANGED 0
01-04 22:12:36.482  3755  7135 D ActivityManager: clearAppIconInfo()
01-04 22:12:36.482  3755  7135 D ActivityManager: resumeTopActivityInnerLocked() : #0 prevTask=TaskRecord{222c1bed0 #2632 A=com.android.systemui U=0 StackId=0 sz=1} next=ActivityRecord{ad09cbfd0 u0 com.sec.android.app.launcher/.activities.LauncherActivity t2629} mFocusedStack=ActivityStack{33fbc6bd0 stackId=0, 2 tasks}
01-04 22:12:36.483  3755  7135 D ActivityManager: applyOptionsLocked(), pendingOptions : ActivityOptions(15224861), mPackageName=com.android.systemui, mAnimationType=1, mStartX=0, mStartY=0, mWidth=0, mHeight=0
01-04 22:12:36.492  3755  7135 D GameManagerService: sem_perfomance_mode: 0
01-04 22:12:36.492  3755  3755 D GameManagerService: NotifyRunnable. pkg: com.sec.android.app.launcher, type: 4, isMinimized: false, isTunableApp: false
01-04 22:12:36.492  3755  3755 D GameManagerService: unexpected mPrevNotiType: -1
01-04 22:12:36.496  5951  5974 D ForegroundUtils: could not check pending caller
01-04 22:12:36.497  6134  6134 D ViewRootImpl@d28bad3[LauncherActivity]: mHardwareRenderer.destroy()#1
01-04 22:12:36.497  3755  6282 V WindowManager: Relayout Window{2c78cccd0 u0 com.sec.android.app.launcher/com.sec.android.app.launcher.activities.LauncherActivity}: viewVisibility=4 req=1080x1920 WM.LayoutParams{(0,0)(fillxfill) sim=#30 ty=1 fl=#81910d00 pfl=0x20000 fmt=-2 wanim=0x103038a vsysui=0x600 needsMenuKey=2 dimDuration=0 naviIconColor=0}
01-04 22:12:36.498  3755  9479 D GamePkgDataHelper: getGamePkgData(). com.sec.android.app.launcher
01-04 22:12:36.498  3755  9479 D GameManagerService: identifyGamePackage. com.sec.android.app.launcher
01-04 22:12:36.498  3755  9479 D GameManagerService: identifyGamePackage. com.sec.android.app.launcher
01-04 22:12:36.498  3755  9479 D GameManagerService: identifyGamePackage. com.sec.android.app.launcher
01-04 22:12:36.500  6134  6134 D ViewRootImpl@d28bad3[LauncherActivity]: Relayout returned: oldFrame=[0,0][1080,1920] newFrame=[0,0][1080,1920] result=0x1 surface={isValid=false 0} surfaceGenerationChanged=false
01-04 22:12:36.501  6134  6134 D Launcher: onNewIntent()
01-04 22:12:36.501  6134  6134 D Launcher.Workspace: exitWidgetResizeMode. isClearResizeFrame is false
01-04 22:12:36.501  6134  6134 D Launcher: onRestart, Launcher: 174849127
01-04 22:12:36.503  6134  6134 D ApplicationPackageManager: we has com.sec.android.app.clockpackage class. reuse it 
01-04 22:12:36.503  6134  6134 D LiveIconLoader: getLiveIcon was called in ClockPackage
01-04 22:12:36.504  6134  6134 D LiveIconLoader: getLiveIcon res = com.sec.android.app.clockpackage
01-04 22:12:36.505  6134  6134 D LiveIconLoader: stdIconSize : 126 , targetIconSize : 173
01-04 22:12:36.505  6134  6134 D LiveIconLoader: mIconDpi : 640 , mTargetIconDpi : 420
01-04 22:12:36.518  6134  6134 I ApplicationPackageManager: load= live icon for com.sec.android.app.clockpackage, from overlay = false
01-04 22:12:36.522  6134  6134 D ApplicationPackageManager: we has com.samsung.android.calendar class. reuse it 
01-04 22:12:36.532  6134  6134 I ApplicationPackageManager: load= live icon for com.samsung.android.calendar, from overlay = false
01-04 22:12:36.540  6134  6134 D ApplicationPackageManager: we has com.samsung.android.game.gamehome class. reuse it 
01-04 22:12:36.540  6134  6134 E GameCommon: [null:getLiveIcon:25]Caller :com.sec.android.app.launcher
01-04 22:12:36.546  6134  6134 E GameCommon: [null:getBitmapFromString:359]encodeByte lengeh: 20566
01-04 22:12:36.548  6134  6134 E GameCommon: [null:getBitmapFromString:362]bitmap : android.graphics.Bitmap@d4b526b
01-04 22:12:36.549  6134  6134 E GameCommon: [null:getLiveIconBitmapDrawable:57]bitmapDrawable : android.graphics.drawable.BitmapDrawable@5f0e1c8
01-04 22:12:36.549  6134  6134 E GameCommon: [null:getLiveIcon:29]return bitmap: android.graphics.drawable.BitmapDrawable@5f0e1c8
01-04 22:12:36.551  6134  6134 W ResourceType: No package identifier when getting value for resource number 0x00000000
01-04 22:12:36.551  6134  6134 W System.err: android.content.res.Resources$NotFoundException: Resource ID #0x0
01-04 22:12:36.552  6134  6134 W System.err: 	at android.content.res.ResourcesImpl.getValue(ResourcesImpl.java:202)
01-04 22:12:36.552  6134  6134 W System.err: 	at android.content.res.Resources.getBoolean(Resources.java:1898)
01-04 22:12:36.552  6134  6134 W System.err: 	at android.app.ApplicationPackageManager.loadUnbadgedItemIcon(ApplicationPackageManager.java:3045)
01-04 22:12:36.552  6134  6134 W System.err: 	at android.app.ApplicationPackageManager.loadItemIcon(ApplicationPackageManager.java:2947)
01-04 22:12:36.552  6134  6134 W System.err: 	at android.content.pm.PackageItemInfo.loadIcon(PackageItemInfo.java:283)
01-04 22:12:36.552  6134  6134 W System.err: 	at android.content.pm.PackageItemInfo.loadIcon(PackageItemInfo.java:266)
01-04 22:12:36.552  6134  6134 W System.err: 	at android.app.ApplicationPackageManager.getApplicationIcon(ApplicationPackageManager.java:1295)
01-04 22:12:36.552  6134  6134 W System.err: 	at android.app.ApplicationPackageManager.getApplicationIcon(ApplicationPackageManager.java:1300)
01-04 22:12:36.552  6134  6134 W System.err: 	at com.android.launcher2.utils.LiveIconUtils.getLiveIcon(LiveIconUtils.java:178)
01-04 22:12:36.552  6134  6134 W System.err: 	at com.android.launcher2.utils.LiveIconUtils.getLiveIcon(LiveIconUtils.java:143)
01-04 22:12:36.552  6134  6134 W System.err: 	at com.android.launcher2.utils.LiveIconUtils.getLiveIcon(LiveIconUtils.java:147)
01-04 22:12:36.552  6134  6134 W System.err: 	at com.android.launcher2.BaseItem.setLiveIconBitmap(BaseItem.java:388)
01-04 22:12:36.552  6134  6134 W System.err: 	at com.android.launcher2.BaseItem.getIconBitmap(BaseItem.java:360)
01-04 22:12:36.552  6134  6134 W System.err: 	at com.android.launcher2.AppIconView.applyBaseItem(AppIconView.java:248)
01-04 22:12:36.552  6134  6134 W System.err: 	at com.android.launcher2.MenuAppsGrid.onRestart(MenuAppsGrid.java:354)
01-04 22:12:36.552  6134  6134 W System.err: 	at com.android.launcher2.Launcher.onRestart(Launcher.java:849)
01-04 22:12:36.552  6134  6134 W System.err: 	at android.app.Instrumentation.callActivityOnRestart(Instrumentation.java:1266)
01-04 22:12:36.552  6134  6134 W System.err: 	at android.app.Activity.performRestart(Activity.java:7069)
01-04 22:12:36.552  6134  6134 W System.err: 	at android.app.Activity.performResume(Activity.java:7080)
01-04 22:12:36.552  6134  6134 W System.err: 	at android.app.ActivityThread.performResumeActivity(ActivityThread.java:3768)
01-04 22:12:36.552  6134  6134 W System.err: 	at android.app.ActivityThread.handleResumeActivity(ActivityThread.java:3832)
01-04 22:12:36.552  6134  6134 W System.err: 	at android.app.ActivityThread$H.handleMessage(ActivityThread.java:1681)
01-04 22:12:36.552  6134  6134 W System.err: 	at android.os.Handler.dispatchMessage(Handler.java:102)
01-04 22:12:36.552  6134  6134 W System.err: 	at android.os.Looper.loop(Looper.java:154)
01-04 22:12:36.552  6134  6134 W System.err: 	at android.app.ActivityThread.main(ActivityThread.java:6682)
01-04 22:12:36.552  6134  6134 W System.err: 	at java.lang.reflect.Method.invoke(Native Method)
01-04 22:12:36.552  6134  6134 W System.err: 	at com.android.internal.os.ZygoteInit$MethodAndArgsCaller.run(ZygoteInit.java:1534)
01-04 22:12:36.552  6134  6134 W System.err: 	at com.android.internal.os.ZygoteInit.main(ZygoteInit.java:1424)
01-04 22:12:36.552  6134  6134 I ApplicationPackageManager: load= live icon for com.samsung.android.game.gamehome, from overlay = false
01-04 22:12:36.555  6134  6134 D Launcher: onStart, Launcher: 174849127
