01-05 23:17:24.617  3756 22255 D ConnectivityService: filterNetworkStateForUid() uid: 10029 networkInfo: [type: WIFI[] - WIFI, state: CONNECTED/CONNECTED, reason: (unspecified), extra: "wilkinson2.4", failover: false, available: true, roaming: false, metered: false]
01-05 23:17:24.618  3756 22254 D ConnectivityService: filterNetworkStateForUid() uid: 10029 networkInfo: [type: WIFI[] - WIFI, state: CONNECTED/CONNECTED, reason: (unspecified), extra: "wilkinson2.4", failover: false, available: true, roaming: false, metered: false]
01-05 23:17:24.619  3756  5986 D ConnectivityService: filterNetworkStateForUid() uid: 10029 networkInfo: [type: WIFI[] - WIFI, state: CONNECTED/CONNECTED, reason: (unspecified), extra: "wilkinson2.4", failover: false, available: true, roaming: false, metered: false]
01-05 23:17:24.622  3756  5059 D ConnectivityService: filterNetworkStateForUid() uid: 10029 networkInfo: [type: WIFI[] - WIFI, state: CONNECTED/CONNECTED, reason: (unspecified), extra: "wilkinson2.4", failover: false, available: true, roaming: false, metered: false]
01-05 23:17:24.622  3756  3769 D ConnectivityService: filterNetworkStateForUid() uid: 10029 networkInfo: [type: WIFI[] - WIFI, state: CONNECTED/CONNECTED, reason: (unspecified), extra: "wilkinson2.4", failover: false, available: true, roaming: false, metered: false]
01-05 23:17:24.623  3756 22253 D ConnectivityService: filterNetworkStateForUid() uid: 10029 networkInfo: [type: WIFI[] - WIFI, state: CONNECTED/CONNECTED, reason: (unspecified), extra: "wilkinson2.4", failover: false, available: true, roaming: false, metered: false]
01-05 23:17:24.623  3756  4482 D ConnectivityService: filterNetworkStateForUid() uid: 10029 networkInfo: [type: WIFI[] - WIFI, state: CONNECTED/CONNECTED, reason: (unspecified), extra: "wilkinson2.4", failover: false, available: true, roaming: false, metered: false]
01-05 23:17:24.624  3756  6001 D ConnectivityService: filterNetworkStateForUid() uid: 10029 networkInfo: [type: WIFI[] - WIFI, state: CONNECTED/CONNECTED, reason: (unspecified), extra: "wilkinson2.4", failover: false, available: true, roaming: false, metered: false]
01-05 23:17:24.625  3756  6805 D ConnectivityService: filterNetworkStateForUid() uid: 10029 networkInfo: [type: WIFI[] - WIFI, state: CONNECTED/CONNECTED, reason: (unspecified), extra: "wilkinson2.4", failover: false, available: true, roaming: false, metered: false]
01-05 23:17:24.630  3756 10130 D ConnectivityService: filterNetworkStateForUid() uid: 10029 networkInfo: [type: WIFI[] - WIFI, state: CONNECTED/CONNECTED, reason: (unspecified), extra: "wilkinson2.4", failover: false, available: true, roaming: false, metered: false]
01-05 23:17:24.631  3756  4457 D ConnectivityService: filterNetworkStateForUid() uid: 10029 networkInfo: [type: WIFI[] - WIFI, state: CONNECTED/CONNECTED, reason: (unspecified), extra: "wilkinson2.4", failover: false, available: true, roaming: false, metered: false]
01-05 23:17:24.631  3756 21233 D ConnectivityService: filterNetworkStateForUid() uid: 10029 networkInfo: [type: WIFI[] - WIFI, state: CONNECTED/CONNECTED, reason: (unspecified), extra: "wilkinson2.4", failover: false, available: true, roaming: false, metered: false]
01-05 23:17:24.632  3756 22251 D ConnectivityService: filterNetworkStateForUid() uid: 10029 networkInfo: [type: WIFI[] - WIFI, state: CONNECTED/CONNECTED, reason: (unspecified), extra: "wilkinson2.4", failover: false, available: true, roaming: false, metered: false]
01-05 23:17:24.632  3756 15392 D ConnectivityService: filterNetworkStateForUid() uid: 10029 networkInfo: [type: WIFI[] - WIFI, state: CONNECTED/CONNECTED, reason: (unspecified), extra: "wilkinson2.4", failover: false, available: true, roaming: false, metered: false]
01-05 23:17:24.632  3756  5985 D ConnectivityService: filterNetworkStateForUid() uid: 10029 networkInfo: [type: WIFI[] - WIFI, state: CONNECTED/CONNECTED, reason: (unspecified), extra: "wilkinson2.4", failover: false, available: true, roaming: false, metered: false]
01-05 23:17:24.635  3756 22256 D ConnectivityService: filterNetworkStateForUid() uid: 10029 networkInfo: [type: WIFI[] - WIFI, state: CONNECTED/CONNECTED, reason: (unspecified), extra: "wilkinson2.4", failover: false, available: true, roaming: false, metered: false]
01-05 23:17:24.635  3756 15386 D ConnectivityService: filterNetworkStateForUid() uid: 10029 networkInfo: [type: WIFI[] - WIFI, state: CONNECTED/CONNECTED, reason: (unspecified), extra: "wilkinson2.4", failover: false, available: true, roaming: false, metered: false]
01-05 23:17:24.636  3756 15366 D ConnectivityService: filterNetworkStateForUid() uid: 10029 networkInfo: [type: WIFI[] - WIFI, state: CONNECTED/CONNECTED, reason: (unspecified), extra: "wilkinson2.4", failover: false, available: true, roaming: false, metered: false]
01-05 23:17:24.636  3756  3770 D ConnectivityService: filterNetworkStateForUid() uid: 10029 networkInfo: [type: WIFI[] - WIFI, state: CONNECTED/CONNECTED, reason: (unspecified), extra: "wilkinson2.4", failover: false, available: true, roaming: false, metered: false]
01-05 23:17:24.637  3756 22255 D ConnectivityService: filterNetworkStateForUid() uid: 10029 networkInfo: [type: WIFI[] - WIFI, state: CONNECTED/CONNECTED, reason: (unspecified), extra: "wilkinson2.4", failover: false, available: true, roaming: false, metered: false]
01-05 23:17:24.637  3756 22254 D ConnectivityService: filterNetworkStateForUid() uid: 10029 networkInfo: [type: WIFI[] - WIFI, state: CONNECTED/CONNECTED, reason: (unspecified), extra: "wilkinson2.4", failover: false, available: true, roaming: false, metered: false]
01-05 23:17:24.640  3756  7017 D ConnectivityService: filterNetworkStateForUid() uid: 10029 networkInfo: [type: WIFI[] - WIFI, state: CONNECTED/CONNECTED, reason: (unspecified), extra: "wilkinson2.4", failover: false, available: true, roaming: false, metered: false]
01-05 23:17:24.640  3756  5059 D ConnectivityService: filterNetworkStateForUid() uid: 10029 networkInfo: [type: WIFI[] - WIFI, state: CONNECTED/CONNECTED, reason: (unspecified), extra: "wilkinson2.4", failover: false, available: true, roaming: false, metered: false]
01-05 23:17:24.640  3756  3769 D ConnectivityService: filterNetworkStateForUid() uid: 10029 networkInfo: [type: WIFI[] - WIFI, state: CONNECTED/CONNECTED, reason: (unspecified), extra: "wilkinson2.4", failover: false, available: true, roaming: false, metered: false]
01-05 23:17:24.641  3756 22253 D ConnectivityService: filterNetworkStateForUid() uid: 10029 networkInfo: [type: WIFI[] - WIFI, state: CONNECTED/CONNECTED, reason: (unspecified), extra: "wilkinson2.4", failover: false, available: true, roaming: false, metered: false]
01-05 23:17:24.641  3756  4482 D ConnectivityService: filterNetworkStateForUid() uid: 10029 networkInfo: [type: WIFI[] - WIFI, state: CONNECTED/CONNECTED, reason: (unspecified), extra: "wilkinson2.4", failover: false, available: true, roaming: false, metered: false]
01-05 23:17:24.641  3756  6001 D ConnectivityService: filterNetworkStateForUid() uid: 10029 networkInfo: [type: WIFI[] - WIFI, state: CONNECTED/CONNECTED, reason: (unspecified), extra: "wilkinson2.4", failover: false, available: true, roaming: false, metered: false]
01-05 23:17:24.644  3756 10130 D ConnectivityService: filterNetworkStateForUid() uid: 10029 networkInfo: [type: WIFI[] - WIFI, state: CONNECTED/CONNECTED, reason: (unspecified), extra: "wilkinson2.4", failover: false, available: true, roaming: false, metered: false]
01-05 23:17:24.644  3756  4457 D ConnectivityService: filterNetworkStateForUid() uid: 10029 networkInfo: [type: WIFI[] - WIFI, state: CONNECTED/CONNECTED, reason: (unspecified), extra: "wilkinson2.4", failover: false, available: true, roaming: false, metered: false]
01-05 23:17:24.645  3756 21233 D ConnectivityService: filterNetworkStateForUid() uid: 10029 networkInfo: [type: WIFI[] - WIFI, state: CONNECTED/CONNECTED, reason: (unspecified), extra: "wilkinson2.4", failover: false, available: true, roaming: false, metered: false]
01-05 23:17:24.645  3756 22251 D ConnectivityService: filterNetworkStateForUid() uid: 10029 networkInfo: [type: WIFI[] - WIFI, state: CONNECTED/CONNECTED, reason: (unspecified), extra: "wilkinson2.4", failover: false, available: true, roaming: false, metered: false]
01-05 23:17:24.646  3756 15392 D ConnectivityService: filterNetworkStateForUid() uid: 10029 networkInfo: [type: WIFI[] - WIFI, state: CONNECTED/CONNECTED, reason: (unspecified), extra: "wilkinson2.4", failover: false, available: true, roaming: false, metered: false]
01-05 23:17:24.646  3756  5985 D ConnectivityService: filterNetworkStateForUid() uid: 10029 networkInfo: [type: WIFI[] - WIFI, state: CONNECTED/CONNECTED, reason: (unspecified), extra: "wilkinson2.4", failover: false, available: true, roaming: false, metered: false]
01-05 23:17:24.649  3756 22256 D ConnectivityService: filterNetworkStateForUid() uid: 10029 networkInfo: [type: WIFI[] - WIFI, state: CONNECTED/CONNECTED, reason: (unspecified), extra: "wilkinson2.4", failover: false, available: true, roaming: false, metered: false]
01-05 23:17:24.650  3756 15386 D ConnectivityService: filterNetworkStateForUid() uid: 10029 networkInfo: [type: WIFI[] - WIFI, state: CONNECTED/CONNECTED, reason: (unspecified), extra: "wilkinson2.4", failover: false, available: true, roaming: false, metered: false]
01-05 23:17:24.650  3756 15366 D ConnectivityService: filterNetworkStateForUid() uid: 10029 networkInfo: [type: WIFI[] - WIFI, state: CONNECTED/CONNECTED, reason: (unspecified), extra: "wilkinson2.4", failover: false, available: true, roaming: false, metered: false]
01-05 23:17:24.651  3756  3770 D ConnectivityService: filterNetworkStateForUid() uid: 10029 networkInfo: [type: WIFI[] - WIFI, state: CONNECTED/CONNECTED, reason: (unspecified), extra: "wilkinson2.4", failover: false, available: true, roaming: false, metered: false]
01-05 23:17:24.651  3756 22255 D ConnectivityService: filterNetworkStateForUid() uid: 10029 networkInfo: [type: WIFI[] - WIFI, state: CONNECTED/CONNECTED, reason: (unspecified), extra: "wilkinson2.4", failover: false, available: true, roaming: false, metered: false]
01-05 23:17:24.652  3756 22254 D ConnectivityService: filterNetworkStateForUid() uid: 10029 networkInfo: [type: WIFI[] - WIFI, state: CONNECTED/CONNECTED, reason: (unspecified), extra: "wilkinson2.4", failover: false, available: true, roaming: false, metered: false]
01-05 23:17:24.654  3756  7017 D ConnectivityService: filterNetworkStateForUid() uid: 10029 networkInfo: [type: WIFI[] - WIFI, state: CONNECTED/CONNECTED, reason: (unspecified), extra: "wilkinson2.4", failover: false, available: true, roaming: false, metered: false]
01-05 23:17:24.655  3756  5059 D ConnectivityService: filterNetworkStateForUid() uid: 10029 networkInfo: [type: WIFI[] - WIFI, state: CONNECTED/CONNECTED, reason: (unspecified), extra: "wilkinson2.4", failover: false, available: true, roaming: false, metered: false]
01-05 23:17:24.656  3756 22253 D ConnectivityService: filterNetworkStateForUid() uid: 10029 networkInfo: [type: WIFI[] - WIFI, state: CONNECTED/CONNECTED, reason: (unspecified), extra: "wilkinson2.4", failover: false, available: true, roaming: false, metered: false]
01-05 23:17:24.657  3756  4482 D ConnectivityService: filterNetworkStateForUid() uid: 10029 networkInfo: [type: WIFI[] - WIFI, state: CONNECTED/CONNECTED, reason: (unspecified), extra: "wilkinson2.4", failover: false, available: true, roaming: false, metered: false]
01-05 23:17:24.659  3756  6805 D ConnectivityService: filterNetworkStateForUid() uid: 10029 networkInfo: [type: WIFI[] - WIFI, state: CONNECTED/CONNECTED, reason: (unspecified), extra: "wilkinson2.4", failover: false, available: true, roaming: false, metered: false]
01-05 23:17:24.659  3756  5961 D ConnectivityService: filterNetworkStateForUid() uid: 10029 networkInfo: [type: WIFI[] - WIFI, state: CONNECTED/CONNECTED, reason: (unspecified), extra: "wilkinson2.4", failover: false, available: true, roaming: false, metered: false]
01-05 23:17:24.663  3756 22251 D ConnectivityService: filterNetworkStateForUid() uid: 10029 networkInfo: [type: WIFI[] - WIFI, state: CONNECTED/CONNECTED, reason: (unspecified), extra: "wilkinson2.4", failover: false, available: true, roaming: false, metered: false]
01-05 23:17:24.664  3756 15392 D ConnectivityService: filterNetworkStateForUid() uid: 10029 networkInfo: [type: WIFI[] - WIFI, state: CONNECTED/CONNECTED, reason: (unspecified), extra: "wilkinson2.4", failover: false, available: true, roaming: false, metered: false]
01-05 23:17:24.665  3756  5985 D ConnectivityService: filterNetworkStateForUid() uid: 10029 networkInfo: [type: WIFI[] - WIFI, state: CONNECTED/CONNECTED, reason: (unspecified), extra: "wilkinson2.4", failover: false, available: true, roaming: false, metered: false]
01-05 23:17:24.665  3756 15387 D ConnectivityService: filterNetworkStateForUid() uid: 10029 networkInfo: [type: WIFI[] - WIFI, state: CONNECTED/CONNECTED, reason: (unspecified), extra: "wilkinson2.4", failover: false, available: true, roaming: false, metered: false]
01-05 23:17:24.665  3756  7072 D ConnectivityService: filterNetworkStateForUid() uid: 10029 networkInfo: [type: WIFI[] - WIFI, state: CONNECTED/CONNECTED, reason: (unspecified), extra: "wilkinson2.4", failover: false, available: true, roaming: false, metered: false]
01-05 23:17:24.666  3756  4523 D ConnectivityService: filterNetworkStateForUid() uid: 10029 networkInfo: [type: WIFI[] - WIFI, state: CONNECTED/CONNECTED, reason: (unspecified), extra: "wilkinson2.4", failover: false, available: true, roaming: false, metered: false]
01-05 23:17:24.669  3756  3770 D ConnectivityService: filterNetworkStateForUid() uid: 10029 networkInfo: [type: WIFI[] - WIFI, state: CONNECTED/CONNECTED, reason: (unspecified), extra: "wilkinson2.4", failover: false, available: true, roaming: false, metered: false]
01-05 23:17:24.669  3756 22255 D ConnectivityService: filterNetworkStateForUid() uid: 10029 networkInfo: [type: WIFI[] - WIFI, state: CONNECTED/CONNECTED, reason: (unspecified), extra: "wilkinson2.4", failover: false, available: true, roaming: false, metered: false]
01-05 23:17:24.670  3756 22254 D ConnectivityService: filterNetworkStateForUid() uid: 10029 networkInfo: [type: WIFI[] - WIFI, state: CONNECTED/CONNECTED, reason: (unspecified), extra: "wilkinson2.4", failover: false, available: true, roaming: false, metered: false]
01-05 23:17:24.671  3756  5986 D ConnectivityService: filterNetworkStateForUid() uid: 10029 networkInfo: [type: WIFI[] - WIFI, state: CONNECTED/CONNECTED, reason: (unspecified), extra: "wilkinson2.4", failover: false, available: true, roaming: false, metered: false]
01-05 23:17:24.671  3756 10129 D ConnectivityService: filterNetworkStateForUid() uid: 10029 networkInfo: [type: WIFI[] - WIFI, state: CONNECTED/CONNECTED, reason: (unspecified), extra: "wilkinson2.4", failover: false, available: true, roaming: false, metered: false]
01-05 23:17:24.671  3445  3445 D UE4     : Used memory before allocating anything was 53.27MB
01-05 23:17:24.672  3756  4451 D ConnectivityService: filterNetworkStateForUid() uid: 10029 networkInfo: [type: WIFI[] - WIFI, state: CONNECTED/CONNECTED, reason: (unspecified), extra: "wilkinson2.4", failover: false, available: true, roaming: false, metered: false]
01-05 23:17:24.676  3756 22253 D ConnectivityService: filterNetworkStateForUid() uid: 10029 networkInfo: [type: WIFI[] - WIFI, state: CONNECTED/CONNECTED, reason: (unspecified), extra: "wilkinson2.4", failover: false, available: true, roaming: false, metered: false]
01-05 23:17:24.678  3756  4482 D ConnectivityService: filterNetworkStateForUid() uid: 10029 networkInfo: [type: WIFI[] - WIFI, state: CONNECTED/CONNECTED, reason: (unspecified), extra: "wilkinson2.4", failover: false, available: true, roaming: false, metered: false]
01-05 23:17:24.680  3756  6001 D ConnectivityService: filterNetworkStateForUid() uid: 10029 networkInfo: [type: WIFI[] - WIFI, state: CONNECTED/CONNECTED, reason: (unspecified), extra: "wilkinson2.4", failover: false, available: true, roaming: false, metered: false]
01-05 23:17:24.682  3756  6001 D ConnectivityService: filterNetworkStateForUid() uid: 10029 networkInfo: [type: WIFI[] - WIFI, state: CONNECTED/CONNECTED, reason: (unspecified), extra: "wilkinson2.4", failover: false, available: true, roaming: false, metered: false]
01-05 23:17:24.683  3756  5961 D ConnectivityService: filterNetworkStateForUid() uid: 10029 networkInfo: [type: WIFI[] - WIFI, state: CONNECTED/CONNECTED, reason: (unspecified), extra: "wilkinson2.4", failover: false, available: true, roaming: false, metered: false]
01-05 23:17:24.685  3756  5961 D ConnectivityService: filterNetworkStateForUid() uid: 10029 networkInfo: [type: WIFI[] - WIFI, state: CONNECTED/CONNECTED, reason: (unspecified), extra: "wilkinson2.4", failover: false, available: true, roaming: false, metered: false]
01-05 23:17:24.695  3756 21233 D ConnectivityService: filterNetworkStateForUid() uid: 10029 networkInfo: [type: WIFI[] - WIFI, state: CONNECTED/CONNECTED, reason: (unspecified), extra: "wilkinson2.4", failover: false, available: true, roaming: false, metered: false]
01-05 23:17:24.697  3756 22251 D ConnectivityService: filterNetworkStateForUid() uid: 10029 networkInfo: [type: WIFI[] - WIFI, state: CONNECTED/CONNECTED, reason: (unspecified), extra: "wilkinson2.4", failover: false, available: true, roaming: false, metered: false]
01-05 23:17:24.700  3756 15392 D ConnectivityService: filterNetworkStateForUid() uid: 10029 networkInfo: [type: WIFI[] - WIFI, state: CONNECTED/CONNECTED, reason: (unspecified), extra: "wilkinson2.4", failover: false, available: true, roaming: false, metered: false]
01-05 23:17:24.702  3756  5985 D ConnectivityService: filterNetworkStateForUid() uid: 10029 networkInfo: [type: WIFI[] - WIFI, state: CONNECTED/CONNECTED, reason: (unspecified), extra: "wilkinson2.4", failover: false, available: true, roaming: false, metered: false]
01-05 23:17:24.704  3756 15388 D ConnectivityService: filterNetworkStateForUid() uid: 10029 networkInfo: [type: WIFI[] - WIFI, state: CONNECTED/CONNECTED, reason: (unspecified), extra: "wilkinson2.4", failover: false, available: true, roaming: false, metered: false]
01-05 23:17:24.706  3756 15386 D ConnectivityService: filterNetworkStateForUid() uid: 10029 networkInfo: [type: WIFI[] - WIFI, state: CONNECTED/CONNECTED, reason: (unspecified), extra: "wilkinson2.4", failover: false, available: true, roaming: false, metered: false]
01-05 23:17:24.717  3756  5059 D ConnectivityService: filterNetworkStateForUid() uid: 10029 networkInfo: [type: WIFI[] - WIFI, state: CONNECTED/CONNECTED, reason: (unspecified), extra: "wilkinson2.4", failover: false, available: true, roaming: false, metered: false]
01-05 23:17:24.720  3756 22253 D ConnectivityService: filterNetworkStateForUid() uid: 10029 networkInfo: [type: WIFI[] - WIFI, state: CONNECTED/CONNECTED, reason: (unspecified), extra: "wilkinson2.4", failover: false, available: true, roaming: false, metered: false]
01-05 23:17:24.722  3756  4482 D ConnectivityService: filterNetworkStateForUid() uid: 10029 networkInfo: [type: WIFI[] - WIFI, state: CONNECTED/CONNECTED, reason: (unspecified), extra: "wilkinson2.4", failover: false, available: true, roaming: false, metered: false]
01-05 23:17:24.724  3756  6805 D ConnectivityService: filterNetworkStateForUid() uid: 10029 networkInfo: [type: WIFI[] - WIFI, state: CONNECTED/CONNECTED, reason: (unspecified), extra: "wilkinson2.4", failover: false, available: true, roaming: false, metered: false]
01-05 23:17:24.726  3756 15364 D ConnectivityService: filterNetworkStateForUid() uid: 10029 networkInfo: [type: WIFI[] - WIFI, state: CONNECTED/CONNECTED, reason: (unspecified), extra: "wilkinson2.4", failover: false, available: true, roaming: false, metered: false]
01-05 23:17:24.728  3756  5961 D ConnectivityService: filterNetworkStateForUid() uid: 10029 networkInfo: [type: WIFI[] - WIFI, state: CONNECTED/CONNECTED, reason: (unspecified), extra: "wilkinson2.4", failover: false, available: true, roaming: false, metered: false]
01-05 23:17:24.737  3756  7072 D ConnectivityService: filterNetworkStateForUid() uid: 10029 networkInfo: [type: WIFI[] - WIFI, state: CONNECTED/CONNECTED, reason: (unspecified), extra: "wilkinson2.4", failover: false, available: true, roaming: false, metered: false]
01-05 23:17:24.739  3756  5985 D ConnectivityService: filterNetworkStateForUid() uid: 10029 networkInfo: [type: WIFI[] - WIFI, state: CONNECTED/CONNECTED, reason: (unspecified), extra: "wilkinson2.4", failover: false, available: true, roaming: false, metered: false]
01-05 23:17:24.741  3756 15387 D ConnectivityService: filterNetworkStateForUid() uid: 10029 networkInfo: [type: WIFI[] - WIFI, state: CONNECTED/CONNECTED, reason: (unspecified), extra: "wilkinson2.4", failover: false, available: true, roaming: false, metered: false]
01-05 23:17:24.742  3756  4523 D ConnectivityService: filterNetworkStateForUid() uid: 10029 networkInfo: [type: WIFI[] - WIFI, state: CONNECTED/CONNECTED, reason: (unspecified), extra: "wilkinson2.4", failover: false, available: true, roaming: false, metered: false]
01-05 23:17:24.744  3756 22256 D ConnectivityService: filterNetworkStateForUid() uid: 10029 networkInfo: [type: WIFI[] - WIFI, state: CONNECTED/CONNECTED, reason: (unspecified), extra: "wilkinson2.4", failover: false, available: true, roaming: false, metered: false]
01-05 23:17:24.746  3756 15388 D ConnectivityService: filterNetworkStateForUid() uid: 10029 networkInfo: [type: WIFI[] - WIFI, state: CONNECTED/CONNECTED, reason: (unspecified), extra: "wilkinson2.4", failover: false, available: true, roaming: false, metered: false]
01-05 23:17:24.756  3756 22254 D ConnectivityService: filterNetworkStateForUid() uid: 10029 networkInfo: [type: WIFI[] - WIFI, state: CONNECTED/CONNECTED, reason: (unspecified), extra: "wilkinson2.4", failover: false, available: true, roaming: false, metered: false]
01-05 23:17:24.758  3756  5986 D ConnectivityService: filterNetworkStateForUid() uid: 10029 networkInfo: [type: WIFI[] - WIFI, state: CONNECTED/CONNECTED, reason: (unspecified), extra: "wilkinson2.4", failover: false, available: true, roaming: false, metered: false]
01-05 23:17:24.760  3756 10129 D ConnectivityService: filterNetworkStateForUid() uid: 10029 networkInfo: [type: WIFI[] - WIFI, state: CONNECTED/CONNECTED, reason: (unspecified), extra: "wilkinson2.4", failover: false, available: true, roaming: false, metered: false]
01-05 23:17:24.761  3756  4451 D ConnectivityService: filterNetworkStateForUid() uid: 10029 networkInfo: [type: WIFI[] - WIFI, state: CONNECTED/CONNECTED, reason: (unspecified), extra: "wilkinson2.4", failover: false, available: true, roaming: false, metered: false]
01-05 23:17:24.763  3756 22252 D ConnectivityService: filterNetworkStateForUid() uid: 10029 networkInfo: [type: WIFI[] - WIFI, state: CONNECTED/CONNECTED, reason: (unspecified), extra: "wilkinson2.4", failover: false, available: true, roaming: false, metered: false]
01-05 23:17:24.765  3756  7017 D ConnectivityService: filterNetworkStateForUid() uid: 10029 networkInfo: [type: WIFI[] - WIFI, state: CONNECTED/CONNECTED, reason: (unspecified), extra: "wilkinson2.4", failover: false, available: true, roaming: false, metered: false]
01-05 23:17:24.773  3756  9193 D SSRM:t  : SIOP:: AP = 380, PST = 366 (W:10), CP = 276, CUR = 313, LCD = 0
01-05 23:17:24.775  3756  9193 D ConnectivityService: filterNetworkStateForUid() uid: 1000 networkInfo: [type: WIFI[] - WIFI, state: CONNECTED/CONNECTED, reason: (unspecified), extra: "wilkinson2.4", failover: false, available: true, roaming: false, metered: false]
01-05 23:17:24.775  3756  6805 D ConnectivityService: filterNetworkStateForUid() uid: 10029 networkInfo: [type: WIFI[] - WIFI, state: CONNECTED/CONNECTED, reason: (unspecified), extra: "wilkinson2.4", failover: false, available: true, roaming: false, metered: false]
01-05 23:17:24.777  3756 15364 D ConnectivityService: filterNetworkStateForUid() uid: 10029 networkInfo: [type: WIFI[] - WIFI, state: CONNECTED/CONNECTED, reason: (unspecified), extra: "wilkinson2.4", failover: false, available: true, roaming: false, metered: false]
01-05 23:17:24.778  3756  5961 D ConnectivityService: filterNetworkStateForUid() uid: 10029 networkInfo: [type: WIFI[] - WIFI, state: CONNECTED/CONNECTED, reason: (unspecified), extra: "wilkinson2.4", failover: false, available: true, roaming: false, metered: false]
01-05 23:17:24.780  3756  7066 D ConnectivityService: filterNetworkStateForUid() uid: 10029 networkInfo: [type: WIFI[] - WIFI, state: CONNECTED/CONNECTED, reason: (unspecified), extra: "wilkinson2.4", failover: false, available: true, roaming: false, metered: false]
01-05 23:17:24.782  3756  6806 D ConnectivityService: filterNetworkStateForUid() uid: 10029 networkInfo: [type: WIFI[] - WIFI, state: CONNECTED/CONNECTED, reason: (unspecified), extra: "wilkinson2.4", failover: false, available: true, roaming: false, metered: false]
01-05 23:17:24.783  3756  4457 D ConnectivityService: filterNetworkStateForUid() uid: 10029 networkInfo: [type: WIFI[] - WIFI, state: CONNECTED/CONNECTED, reason: (unspecified), extra: "wilkinson2.4", failover: false, available: true, roaming: false, metered: false]
01-05 23:17:24.792  3756  7072 D ConnectivityService: filterNetworkStateForUid() uid: 10029 networkInfo: [type: WIFI[] - WIFI, state: CONNECTED/CONNECTED, reason: (unspecified), extra: "wilkinson2.4", failover: false, available: true, roaming: false, metered: false]
01-05 23:17:24.794  3756  5985 D ConnectivityService: filterNetworkStateForUid() uid: 10029 networkInfo: [type: WIFI[] - WIFI, state: CONNECTED/CONNECTED, reason: (unspecified), extra: "wilkinson2.4", failover: false, available: true, roaming: false, metered: false]
01-05 23:17:24.795  3756 15387 D ConnectivityService: filterNetworkStateForUid() uid: 10029 networkInfo: [type: WIFI[] - WIFI, state: CONNECTED/CONNECTED, reason: (unspecified), extra: "wilkinson2.4", failover: false, available: true, roaming: false, metered: false]
01-05 23:17:24.797  3756  4523 D ConnectivityService: filterNetworkStateForUid() uid: 10029 networkInfo: [type: WIFI[] - WIFI, state: CONNECTED/CONNECTED, reason: (unspecified), extra: "wilkinson2.4", failover: false, available: true, roaming: false, metered: false]
01-05 23:17:24.799  3756 22256 D ConnectivityService: filterNetworkStateForUid() uid: 10029 networkInfo: [type: WIFI[] - WIFI, state: CONNECTED/CONNECTED, reason: (unspecified), extra: "wilkinson2.4", failover: false, available: true, roaming: false, metered: false]
01-05 23:17:24.801  3756 15388 D ConnectivityService: filterNetworkStateForUid() uid: 10029 networkInfo: [type: WIFI[] - WIFI, state: CONNECTED/CONNECTED, reason: (unspecified), extra: "wilkinson2.4", failover: false, available: true, roaming: false, metered: false]
01-05 23:17:24.810  3756 22254 D ConnectivityService: filterNetworkStateForUid() uid: 10029 networkInfo: [type: WIFI[] - WIFI, state: CONNECTED/CONNECTED, reason: (unspecified), extra: "wilkinson2.4", failover: false, available: true, roaming: false, metered: false]
01-05 23:17:24.812  3756  5986 D ConnectivityService: filterNetworkStateForUid() uid: 10029 networkInfo: [type: WIFI[] - WIFI, state: CONNECTED/CONNECTED, reason: (unspecified), extra: "wilkinson2.4", failover: false, available: true, roaming: false, metered: false]
01-05 23:17:24.813  3756 10129 D ConnectivityService: filterNetworkStateForUid() uid: 10029 networkInfo: [type: WIFI[] - WIFI, state: CONNECTED/CONNECTED, reason: (unspecified), extra: "wilkinson2.4", failover: false, available: true, roaming: false, metered: false]
01-05 23:17:24.815  3756  4451 D ConnectivityService: filterNetworkStateForUid() uid: 10029 networkInfo: [type: WIFI[] - WIFI, state: CONNECTED/CONNECTED, reason: (unspecified), extra: "wilkinson2.4", failover: false, available: true, roaming: false, metered: false]
01-05 23:17:24.818  3756 22252 D ConnectivityService: filterNetworkStateForUid() uid: 10029 networkInfo: [type: WIFI[] - WIFI, state: CONNECTED/CONNECTED, reason: (unspecified), extra: "wilkinson2.4", failover: false, available: true, roaming: false, metered: false]
01-05 23:17:24.819  3756  7017 D ConnectivityService: filterNetworkStateForUid() uid: 10029 networkInfo: [type: WIFI[] - WIFI, state: CONNECTED/CONNECTED, reason: (unspecified), extra: "wilkinson2.4", failover: false, available: true, roaming: false, metered: false]
01-05 23:17:24.826  3756  6001 D ConnectivityService: filterNetworkStateForUid() uid: 10029 networkInfo: [type: WIFI[] - WIFI, state: CONNECTED/CONNECTED, reason: (unspecified), extra: "wilkinson2.4", failover: false, available: true, roaming: false, metered: false]
01-05 23:17:24.828  3756  6805 D ConnectivityService: filterNetworkStateForUid() uid: 10029 networkInfo: [type: WIFI[] - WIFI, state: CONNECTED/CONNECTED, reason: (unspecified), extra: "wilkinson2.4", failover: false, available: true, roaming: false, metered: false]
01-05 23:17:24.829  3756 15364 D ConnectivityService: filterNetworkStateForUid() uid: 10029 networkInfo: [type: WIFI[] - WIFI, state: CONNECTED/CONNECTED, reason: (unspecified), extra: "wilkinson2.4", failover: false, available: true, roaming: false, metered: false]
01-05 23:17:24.830  3756  5961 D ConnectivityService: filterNetworkStateForUid() uid: 10029 networkInfo: [type: WIFI[] - WIFI, state: CONNECTED/CONNECTED, reason: (unspecified), extra: "wilkinson2.4", failover: false, available: true, roaming: false, metered: false]
01-05 23:17:24.832  3756  7066 D ConnectivityService: filterNetworkStateForUid() uid: 10029 networkInfo: [type: WIFI[] - WIFI, state: CONNECTED/CONNECTED, reason: (unspecified), extra: "wilkinson2.4", failover: false, available: true, roaming: false, metered: false]
01-05 23:17:24.833  3756  6806 D ConnectivityService: filterNetworkStateForUid() uid: 10029 networkInfo: [type: WIFI[] - WIFI, state: CONNECTED/CONNECTED, reason: (unspecified), extra: "wilkinson2.4", failover: false, available: true, roaming: false, metered: false]
01-05 23:17:24.839  3756 15392 D ConnectivityService: filterNetworkStateForUid() uid: 10029 networkInfo: [type: WIFI[] - WIFI, state: CONNECTED/CONNECTED, reason: (unspecified), extra: "wilkinson2.4", failover: false, available: true, roaming: false, metered: false]
01-05 23:17:24.840  3756  7072 D ConnectivityService: filterNetworkStateForUid() uid: 10029 networkInfo: [type: WIFI[] - WIFI, state: CONNECTED/CONNECTED, reason: (unspecified), extra: "wilkinson2.4", failover: false, available: true, roaming: false, metered: false]
01-05 23:17:24.842  3756  5985 D ConnectivityService: filterNetworkStateForUid() uid: 10029 networkInfo: [type: WIFI[] - WIFI, state: CONNECTED/CONNECTED, reason: (unspecified), extra: "wilkinson2.4", failover: false, available: true, roaming: false, metered: false]
01-05 23:17:24.843  3756 15387 D ConnectivityService: filterNetworkStateForUid() uid: 10029 networkInfo: [type: WIFI[] - WIFI, state: CONNECTED/CONNECTED, reason: (unspecified), extra: "wilkinson2.4", failover: false, available: true, roaming: false, metered: false]
01-05 23:17:24.844  3756  4523 D ConnectivityService: filterNetworkStateForUid() uid: 10029 networkInfo: [type: WIFI[] - WIFI, state: CONNECTED/CONNECTED, reason: (unspecified), extra: "wilkinson2.4", failover: false, available: true, roaming: false, metered: false]
01-05 23:17:24.845  3756 22256 D ConnectivityService: filterNetworkStateForUid() uid: 10029 networkInfo: [type: WIFI[] - WIFI, state: CONNECTED/CONNECTED, reason: (unspecified), extra: "wilkinson2.4", failover: false, available: true, roaming: false, metered: false]
01-05 23:17:24.882  3445  3445 D UE4     : In the JNI_OnLoad function
01-05 23:17:24.883  3445  3445 D UE4     : [JNI] - Failed to determine if app purchasing is enabled!
01-05 23:17:24.886  3445  3445 D UE4     : Path found as '/storage/emulated/0'
01-05 23:17:24.887  3445  3445 D UE4     : Font Path found as '/system/fonts/'
01-05 23:17:24.887  3445  3445 D UE4     : In the JNI_OnLoad function 5
01-05 23:17:24.906  3445  3445 V threaded_app: Creating: 0xdcdd2b40
01-05 23:17:24.906  3445  3471 V threaded_app: Config: mcc=311 mnc=480 lang=en cnt=US orien=1 touch=3 dens=420 keys=1 nav=1 keysHid=3 navHid=0 sdk=24 size=2 long=2 modetype=1 modenight=1
01-05 23:17:24.906  3445  3471 D UE4     : Entering native app glue main function
01-05 23:17:24.906  3445  3471 D UE4     : Created event thread
01-05 23:17:24.907  3445  3471 D UE4     : Entered AndroidMain()
01-05 23:17:24.907  3445  3472 D UE4     : Entering event processing thread engine entry point
01-05 23:17:24.907  3445  3472 D UE4     : Prepared looper for event thread
01-05 23:17:24.907  3445  3472 D UE4     : Passed callback initialization
01-05 23:17:24.907  3445  3472 D UE4     : Passed sensor initialization
01-05 23:17:24.910  3445  3471 D UE4     : Controller interface supported
01-05 23:17:24.911  3756  4482 W ServiceManager: Permission failure: com.samsung.permission.SSENSOR from uid=10363 pid=3445
01-05 23:17:24.911  3756  4482 D PermissionCache: checking com.samsung.permission.SSENSOR for uid=10363 => denied (413 us)
01-05 23:17:24.911  3756  4482 E SensorService: getSensorList a sensor (MAX86900) without holding its required permission: com.samsung.permission.SSENSOR
01-05 23:17:24.911  3756  4482 I SensorService: Skipped sensor MAX86900 because it requires permission com.samsung.permission.SSENSOR and app op -1
01-05 23:17:24.911  3756  4482 W ServiceManager: Permission failure: com.samsung.permission.HRM_EXT from uid=10363 pid=3445
01-05 23:17:24.911  3756  4482 D PermissionCache: checking com.samsung.permission.HRM_EXT for uid=10363 => denied (253 us)
01-05 23:17:24.911  3756  4482 E SensorService: getSensorList a sensor (HRM Ambient Light Canceling) without holding its required permission: com.samsung.permission.HRM_EXT
01-05 23:17:24.911  3756  4482 I SensorService: Skipped sensor HRM Ambient Light Canceling because it requires permission com.samsung.permission.HRM_EXT and app op -1
01-05 23:17:24.912  3756  4482 W ServiceManager: Permission failure: android.permission.BODY_SENSORS from uid=10363 pid=3445
01-05 23:17:24.912  3756  4482 E SensorService: getSensorList a sensor (HRMLED IR) without holding its required permission: android.permission.BODY_SENSORS
01-05 23:17:24.912  3756  4482 I SensorService: Skipped sensor HRMLED IR because it requires permission android.permission.BODY_SENSORS and app op 56
01-05 23:17:24.912  3756  4482 W ServiceManager: Permission failure: android.permission.BODY_SENSORS from uid=10363 pid=3445
01-05 23:17:24.912  3756  4482 E SensorService: getSensorList a sensor (HRMLED RED) without holding its required permission: android.permission.BODY_SENSORS
01-05 23:17:24.912  3756  4482 I SensorService: Skipped sensor HRMLED RED because it requires permission android.permission.BODY_SENSORS and app op 56
01-05 23:17:24.912  3756  4482 E SensorService: getSensorList a sensor (HRM Proximity detecting) without holding its required permission: com.samsung.permission.HRM_EXT
01-05 23:17:24.912  3756  4482 I SensorService: Skipped sensor HRM Proximity detecting because it requires permission com.samsung.permission.HRM_EXT and app op -1
01-05 23:17:24.912  3756  4482 E SensorService: getSensorList a sensor (HRM Sensor) without holding its required permission: com.samsung.permission.SSENSOR
01-05 23:17:24.912  3756  4482 I SensorService: Skipped sensor HRM Sensor because it requires permission com.samsung.permission.SSENSOR and app op -1
01-05 23:17:24.912  3756  4482 W ServiceManager: Permission failure: android.permission.BODY_SENSORS from uid=10363 pid=3445
01-05 23:17:24.912  3756  4482 E SensorService: getSensorList a sensor (HeartRate Sensor) without holding its required permission: android.permission.BODY_SENSORS
01-05 23:17:24.912  3756  4482 I SensorService: Skipped sensor HeartRate Sensor because it requires permission android.permission.BODY_SENSORS and app op 56
01-05 23:17:24.912  3756  4482 E SensorService: getSensorList a sensor (Sensor Diagnostic Monitor) without holding its required permission: com.samsung.permission.SSENSOR
01-05 23:17:24.912  3756  4482 I SensorService: Skipped sensor Sensor Diagnostic Monitor because it requires permission com.samsung.permission.SSENSOR and app op -1
01-05 23:17:24.938 27693 27693 I Finsky  : [1] com.google.android.finsky.autoupdatev2.o.a(219): Notifying user that 40 applications have outstanding updates.
01-05 23:17:24.947  3445  3445 D ViewRootImpl@138d364[GameActivity]: ThreadedRenderer.create() translucent=false
01-05 23:17:24.948  3756  4451 D WindowManager: addWindow: android.view.IWindow$Stub$Proxy@f62ac6c displayId=0
01-05 23:17:24.949  3756  4451 D InputTransport: Input channel constructed: fd=503
01-05 23:17:24.950  3756  4451 D InputTransport: Input channel constructed: fd=514
01-05 23:17:24.950  3756  4451 D WindowManager: openInputChannel mInputChannel: 365c6ca com.GeekTechnique.InfinityStack/com.epicgames.ue4.GameActivity (server)
01-05 23:17:24.953  3756  4451 D InputTransport: Input channel destroyed: fd=514
01-05 23:17:24.953  3445  3445 D InputTransport: Input channel constructed: fd=67
01-05 23:17:24.954  3445  3445 D ViewRootImpl@138d364[GameActivity]: setView = DecorView@8f2a9cd[GameActivity] touchMode=true
01-05 23:17:24.955  3445  3445 D UE4     : Target SDK is 26.  This may cause issues if permissions are denied by the user.
01-05 23:17:24.957  3445  3445 D PermissionFragment: Creating PlayGamesFragment
01-05 23:17:24.964  3756 22256 D DevicePolicyManagerService: PfW getPlayForWorkProxy() 0
01-05 23:17:24.968  3756 22256 D DevicePolicyManagerService: PfW getPlayForWorkProxy() flags & FLAG_ALLOW_PROXY_FOR_PFW 0
01-05 23:17:24.969  3756 22256 D DevicePolicyManagerService: PfW getPlayForWorkProxy() flag 0 does not allow PfW
01-05 23:17:24.970  3756  7072 I ActivityManager: START u0 {act=android.content.pm.action.REQUEST_PERMISSIONS typ=null flg=0x0 cmp=ComponentInfo{com.google.android.packageinstaller/com.android.packageinstaller.permission.ui.GrantPermissionsActivity}} from uid 10363 on display 0
01-05 23:17:24.970  3756  7072 W ActivityManager: REQUEST_PERMISSIONS Action.
01-05 23:17:24.970  3756  7072 W ActivityManager: REQUEST_PERMISSIONS Action.
01-05 23:17:24.972  3756 15392 D ApplicationPolicy: isStatusBarNotificationAllowedAsUser: packageName = com.android.vending,userId = 0
01-05 23:17:24.978  3756  7072 D ActivityManager: ActivityRecord() Constructor : multiScreenAttrs=MultiScreenAttrs{mDisplayId=0, mBaseDisplayId=0, mBaseActivity=false}
01-05 23:17:24.979  3756  7072 D ActivityManager: moveToFront() : reason=sourceStackToFront isAttached=true null
01-05 23:17:24.981  3756  7072 D ActivityTrigger: Activity is Triggerred in full screen 
01-05 23:17:24.982  3756  7072 D CompatibilityInfo: mCompatibilityFlags - 0
01-05 23:17:24.982  3756  7072 D CompatibilityInfo: applicationDensity - 420
01-05 23:17:24.982  3756  7072 D CompatibilityInfo: applicationScale - 1.0
01-05 23:17:24.983  3756  7072 D ActivityManager: moveToFront() : reason=startedActivity setFocusedActivity isAttached=true TaskRecord{48c07dd0 #85 A=com.GeekTechnique.InfinityStack U=0 StackId=1 sz=3}
01-05 23:17:24.985  3756  7072 D InputDispatcher: Focused application set to: xxxx
01-05 23:17:24.987  3756  7072 D ActivityManager: resumeTopActivityInnerLocked() : #1 prevTask=TaskRecord{48c07dd0 #85 A=com.GeekTechnique.InfinityStack U=0 StackId=1 sz=3} next=ActivityRecord{2818596d0 u0 com.google.android.packageinstaller/com.android.packageinstaller.permission.ui.GrantPermissionsActivity t85} mFocusedStack=ActivityStack{7806098d0 stackId=1, 2 tasks}
01-05 23:17:25.000  3756 22255 D ConnectivityService: filterNetworkStateForUid() uid: 10029 networkInfo: [type: WIFI[] - WIFI, state: CONNECTED/CONNECTED, reason: (unspecified), extra: "wilkinson2.4", failover: false, available: true, roaming: false, metered: false]
01-05 23:17:25.001  4622  4622 D PhoneStatusBar: addNotification key=0|com.android.vending|-234430262|null|10029
01-05 23:17:25.001  3445  3445 D UE4     : Vulkan version: 1.0.3
01-05 23:17:25.001  3445  3445 D UE4     : Vulkan level: 1
01-05 23:17:25.001  3756  3769 D ConnectivityService: filterNetworkStateForUid() uid: 10029 networkInfo: [type: WIFI[] - WIFI, state: CONNECTED/CONNECTED, reason: (unspecified), extra: "wilkinson2.4", failover: false, available: true, roaming: false, metered: false]
01-05 23:17:25.002  3756  4451 D ConnectivityService: filterNetworkStateForUid() uid: 10029 networkInfo: [type: WIFI[] - WIFI, state: CONNECTED/CONNECTED, reason: (unspecified), extra: "wilkinson2.4", failover: false, available: true, roaming: false, metered: false]
01-05 23:17:25.004  3445  3445 D UE4     : Found DepthBufferPreference = 0
01-05 23:17:25.004  3445  3445 D UE4     : Found bPackageDataInsideApk = 0
01-05 23:17:25.004  3445  3445 D UE4     : Found ProjectName = StackerGame
01-05 23:17:25.005  3445  3445 D UE4     : Found AppType = 
01-05 23:17:25.005  3445  3445 D UE4     : Found bHasOBBFiles = 0
01-05 23:17:25.005  3445  3445 D UE4     : Found bVerifyOBBOnStartUp = false
01-05 23:17:25.005  3445  3445 D UE4     : UI hiding set to false
01-05 23:17:25.005  3445  3445 D UE4     : BuildConfiguration set to Development
01-05 23:17:25.005  3445  3445 D UE4     : UseExternalFilesDir set to false
01-05 23:17:25.005  3445  3445 D UE4     : AllowIMU set to true
01-05 23:17:25.005  3445  3445 D UE4     : SupportsVulkan set to false
01-05 23:17:25.006  3445  3445 D UE4     : No GearVR mode detected.
01-05 23:17:25.006 27693 27693 I Finsky  : [1] com.google.android.finsky.hygiene.impl.g.a(128): Dispatching hygiene task 17
01-05 23:17:25.016 27693 27693 I Finsky  : [1] com.google.android.finsky.hygiene.d.b(128): Logging device features
01-05 23:17:25.054 27693 27693 I Finsky  : [1] com.google.android.finsky.hygiene.impl.g.a(128): Dispatching hygiene task 40
01-05 23:17:25.058  3445  3445 D libEGL  : loaded /vendor/lib/egl/libGLES_mali.so
01-05 23:17:25.070  3756 22252 D CompatibilityInfo: mCompatibilityFlags - 0
01-05 23:17:25.070  3756 22252 D CompatibilityInfo: applicationDensity - 420
01-05 23:17:25.070  3756 22252 D CompatibilityInfo: applicationScale - 1.0
01-05 23:17:25.099  3756  3782 W ActivityManager: Activity pause timeout for ActivityRecord{74e3b72d0 u0 com.GeekTechnique.InfinityStack/com.epicgames.ue4.GameActivity t85}
01-05 23:17:25.099  3756  3782 D ActivityManager: resumeTopActivityInnerLocked() : #1 prevTask=null next=ActivityRecord{2818596d0 u0 com.google.android.packageinstaller/com.android.packageinstaller.permission.ui.GrantPermissionsActivity t85} mFocusedStack=ActivityStack{7806098d0 stackId=1, 2 tasks}
01-05 23:17:25.100  3756  3782 D ActivityManager: applyOptionsLocked(), pendingOptions : null
01-05 23:17:25.101  3756  3782 D MountService: getExternalStorageMountMode : 2
01-05 23:17:25.101  3756  3782 D MountService: getExternalStorageMountMode : 3
01-05 23:17:25.101  3756  3782 D MountService: getExternalStorageMountMode : final mountMode=2, uid : 10028, packageName : com.google.android.packageinstaller
01-05 23:17:25.119  3445  3445 D UE4     : Hardware: SAMSUNG Exynos7420
01-05 23:17:25.119  3445  3445 D UE4     : ro.hardware: samsungexynos7420
01-05 23:17:25.121  3445  3445 D UE4     : Memory: 3662 MB
01-05 23:17:25.121  3493  3493 E Zygote  : v2
01-05 23:17:25.121  3493  3493 I libpersona: KNOX_SDCARD checking this for 10028
01-05 23:17:25.121  3493  3493 I libpersona: KNOX_SDCARD not a persona
01-05 23:17:25.122  3493  3493 E Zygote  : accessInfo : 0
01-05 23:17:25.123  3756  3782 I ActivityManager: Start proc 3493:com.google.android.packageinstaller/u0a28 for activity com.google.android.packageinstaller/com.android.packageinstaller.permission.ui.GrantPermissionsActivity
01-05 23:17:25.124  3756  3782 D ActivityTrigger: ActivityTrigger activityStopTrigger 
01-05 23:17:25.124  3493  3493 W SELinux : SELinux selinux_android_compute_policy_index : Policy Index[2],  Con:u:r:zygote:s0 RAM:SEPF_SECMOBILE_7.0_0009, [-1 -1 -1 -1 0 1]
01-05 23:17:25.125  3445  3445 D UE4     : UseAffinity: false
01-05 23:17:25.125  3445  3445 D UE4     : BigCoreMask: 0xffff
01-05 23:17:25.125  3445  3445 D UE4     : LittleCoreMask: 0x0
01-05 23:17:25.126  3493  3493 I SELinux : SELinux: seapp_context_lookup: seinfo=untrusted, level=s0:c512,c768, pkgname=com.google.android.packageinstaller 
01-05 23:17:25.127  3445  3445 D UE4     : APK path: /data/app/com.GeekTechnique.InfinityStack-1/base.apk
01-05 23:17:25.127  3445  3445 D UE4     : OBB in APK: false
01-05 23:17:25.130  3445  3445 D UE4     : InternalFilePath found as '/data/user/0/com.GeekTechnique.InfinityStack/files'
01-05 23:17:25.130  3445  3445 D UE4     : ExternalFilePath found as '/storage/emulated/0/Android/data/com.GeekTechnique.InfinityStack/files'
01-05 23:17:25.130  3445  3445 D UE4     : App is running in Portrait
01-05 23:17:25.131  3445  3445 D UE4     : Android version is 7.0
01-05 23:17:25.131  3445  3445 D UE4     : Android manufacturer is samsung
01-05 23:17:25.131  3445  3445 D UE4     : Android model is SM-N920V
01-05 23:17:25.131  3445  3445 D UE4     : Android build number is NRD90M.N920VVRS3CRH1
01-05 23:17:25.131  3445  3445 D UE4     : OS language is set to en_US
01-05 23:17:25.131  3445  3445 D UE4     : Debugger attached is false
01-05 23:17:25.134  3445  3477 D UE4     : Used memory: 63460
01-05 23:17:25.139  4622  4622 D PhoneStatusBar: No Fullscreen intent: 0|com.android.vending|-234430262|null|10029 isHeadsUped : false
01-05 23:17:25.145  4622  4622 D KeyguardServiceBoxContainer: updateCMAS() hasCmasNotification = false, mHasCMAS = false
01-05 23:17:25.159  3445  3450 I art     : Compiler allocated 4MB to compile void com.epicgames.ue4.GameActivity.onCreate(android.os.Bundle)
01-05 23:17:25.163  3445  3450 I art     : Do partial code cache collection, code=13KB, data=31KB
01-05 23:17:25.163  3445  3450 I art     : After code cache collection, code=13KB, data=31KB
01-05 23:17:25.163  3445  3450 I art     : Increasing code cache capacity to 128KB
01-05 23:17:25.168  3493  3493 D TimaKeyStoreProvider: TimaKeyStore is not enabled: cannot add TimaSignature Service and generateKeyPair Service
01-05 23:17:25.171  3756 15364 D CompatibilityInfo: mCompatibilityFlags - 0
01-05 23:17:25.171  3756 15364 D CompatibilityInfo: applicationDensity - 420
01-05 23:17:25.171  3756 15364 D CompatibilityInfo: applicationScale - 1.0
01-05 23:17:25.171  3756 15364 I ActivityManager: DSS on for com.google.android.packageinstaller and scale is 1.0
01-05 23:17:25.173  3756 15364 D CompatibilityInfo: mCompatibilityFlags - 0
01-05 23:17:25.173  3756 15364 D CompatibilityInfo: applicationDensity - 420
01-05 23:17:25.173  3756 15364 D CompatibilityInfo: applicationScale - 1.0
01-05 23:17:25.174  3445  3445 W PopupManager: You have not specified a View to use as content view for popups. Falling back to the Activity content view. Note that this may not work as expected in multi-screen environments
01-05 23:17:25.174  3756 15364 D InputDispatcher: setInputDispatchMode: enabled=1, frozen=1
01-05 23:17:25.176  3215  3215 I SurfaceFlinger: id=2409 createSurf (1080x1920),2 flag=4, TcreenshotS
01-05 23:17:25.177  3445  3445 D UE4     : ==============> GameActive.onCreate complete!
01-05 23:17:25.199  3756 15364 D CompatibilityInfo: mCompatibilityFlags - 0
01-05 23:17:25.199  3756 15364 D CompatibilityInfo: applicationDensity - 420
01-05 23:17:25.199  3756 15364 D CompatibilityInfo: applicationScale - 1.0
01-05 23:17:25.200  3756 15364 D GameManagerService: sem_perfomance_mode: 0
01-05 23:17:25.201  3756  3756 D GameManagerService: NotifyRunnable. pkg: com.google.android.packageinstaller, type: 4, isMinimized: false, isTunableApp: false
01-05 23:17:25.201  3756  3756 D GameManagerService: unexpected mPrevNotiType: -1
01-05 23:17:25.203  3756 15364 D ActivityTrigger: ActivityTrigger activityPauseTrigger 
01-05 23:17:25.203  3756 15364 D GameManagerService: sem_perfomance_mode: 0
01-05 23:17:25.206  5921  5938 D ForegroundUtils: could not check pending caller
01-05 23:17:25.208  3445  3445 V threaded_app: Start: 0xdcdd2b40
01-05 23:17:25.208  3445  3472 V threaded_app: activityState=10
01-05 23:17:25.208  3445  3472 D UE4     : LogAndroidEvents: EnqueueAppEvent : 9, 0, tid = 3472
01-05 23:17:25.208  3445  3445 D UE4     : Creating console command broadcast listener
01-05 23:17:25.210  5028  5234 D TelephonyProvider: query: match = 11
01-05 23:17:25.210  3756  9193 D GamePkgDataHelper: getGamePkgData(). com.google.android.packageinstaller
01-05 23:17:25.210  5028  5234 D TelephonyProvider: subIdString = 1 subId = 1
01-05 23:17:25.210  3445  3445 D UE4     : ==================================> Inside onStart function in GameActivity
01-05 23:17:25.213  3445  3445 V threaded_app: Resume: 0xdcdd2b40
01-05 23:17:25.213  3445  3472 V threaded_app: activityState=11
01-05 23:17:25.213  3445  3472 D UE4     : Case APP_CMD_RESUME
01-05 23:17:25.213  3445  3472 D UE4     : LogAndroidEvents: EnqueueAppEvent : 7, 0, tid = 3472
01-05 23:17:25.213  3445  3445 D UE4     : ==============> [JAVA] AndroidThunkJava_KeepScreenOn(false) - Enabled screen saver
01-05 23:17:25.213  3445  3445 D UE4     : Registering sensor listeners
01-05 23:17:25.214  3756  9193 D GameManagerService: identifyGamePackage. com.google.android.packageinstaller
01-05 23:17:25.216  3756  9193 D TelephonyManager: getAllCellInfo : Caller (PID / UID / TID): 3756 / 1000 / 9193
01-05 23:17:25.220  3493  3493 W System  : ClassLoader referenced unknown path: /system/priv-app/GooglePackageInstaller/lib/arm64
01-05 23:17:25.226  3756  9193 D GameManagerService: identifyGamePackage. com.google.android.packageinstaller
01-05 23:17:25.227  3756  9193 D GameManagerService: identifyGamePackage. com.google.android.packageinstaller
01-05 23:17:25.228  3756  5059 D DevicePolicyManagerService: PfW getPlayForWorkProxy() 0
