01-24 03:12:20.917 15211 15211 D ViewRootImpl@c266894[GameActivity]: ViewPostImeInputStage processPointer 1
01-24 03:12:20.933 15211 15517 I AudioTrack: Skip ramp
01-24 03:12:20.991  3755  4459 D WifiStateMachine: Current network is: "wilkinson2.4" , ID is: 30
01-24 03:12:20.992  3755  4459 I WifiStateMachine: IMS calling, current network is always qualified
01-24 03:12:21.034  3241  3373 I APM_AudioPolicyManager: stopOutput() output 21, stream 3, session 9417
01-24 03:12:21.056  3755  7360 D AudioService: getStreamVolume 3 index 110
01-24 03:12:21.258  3755  5085 D AudioService: getStreamVolume 3 index 110
01-24 03:12:21.464  3755  7363 D AudioService: getStreamVolume 3 index 110
01-24 03:12:21.474  3755  6080 D BatteryService: !@BatteryListener : batteryPropertiesChanged!
01-24 03:12:21.474  3755  6080 D BatteryService: level:80, scale:100, status:2, health:2, present:true, voltage: 4121, temperature: 304, technology: Li-ion, AC powered:false, USB powered:true, POGO powered:false, Wireless powered:false, icon:17303694, invalid charger:0, maxChargingCurrent:0, maxChargingVoltage:0, chargeCounter:0
01-24 03:12:21.475  3755  6080 D BatteryService: online:6, current avg:509, charge type:1, power sharing:false, high voltage charger:false, capacity:280000, batterySWSelfDischarging:false, misc_event:0, current_now:504
01-24 03:12:21.475  3755  3755 D BatteryService: Sending ACTION_BATTERY_CHANGED.
01-24 03:12:21.480  3755  3755 V UiModeManager: updateLocked: null action, mDockState=0, category=null
01-24 03:12:21.480  3755  3755 D UiModeManager: updateConfigurationLocked: mDockState=0; mCarMode=false; mNightMode=1; uiMode=17
01-24 03:12:21.482  3755  3755 D GameManagerService: new battery level: 80
01-24 03:12:21.485  4621  4621 D KeyguardUpdateMonitor: received broadcast android.intent.action.BATTERY_CHANGED
01-24 03:12:21.487  4621  4621 D PowerUI : priorPlugType = 2 mPlugType =  2
01-24 03:12:21.489  4621  4621 D PowerUI.Notification: showChargingNotice oldChargingType : 1 currentChargingType : 1 oldChargingTime : 2540000 mChargingTime : 2530000
01-24 03:12:21.490  4621  4621 D PowerUI.Notification: showChargingNotification()
01-24 03:12:21.494  3755  4354 D SamsungAlarmManager: Expired : 8
01-24 03:12:21.494  3755  4354 I SamsungAlarmManager: setLocked to kernel - T:3 / 20190124T031300, SetElapsed=41161194, nowELAPSED=41122688
01-24 03:12:21.495  3755  4354 V SamsungAlarmManager: Sending to uid : 10059 action=null alarm=Alarm{1763c8d type 3 when 41122688 com.asurion.android.verizon.vms}
01-24 03:12:21.501  5021  5021 D PhoneApp: PhoneAppBroadcastReceiver onReceive android.intent.action.BATTERY_CHANGED
01-24 03:12:21.501  5021  5021 D TelephonyExtensionManager: lowBatterySound - isLowBatterySoundScheduled: false
01-24 03:12:21.501  5021  5021 D TelephonyExtensionManager: lowBatterySound - isPlayNow: false
01-24 03:12:21.502  5021  5021 D TelephonyExtensionManager: isSpeakerON - false
01-24 03:12:21.514 15211 15211 D UE4     : Battery: status = 2, rawlevel = 80, scale = 100
01-24 03:12:21.515 15211 15211 D UE4     : nativeBatteryEvent(stat = 2, lvl = 80  temp = 30.40 C)
01-24 03:12:21.521  3755  7364 D ApplicationPolicy: isStatusBarNotificationAllowedAsUser: packageName = com.android.systemui,userId = -1
01-24 03:12:21.522  3755  4354 D CompatibilityInfo: mCompatibilityFlags - 0
01-24 03:12:21.522  3755  4354 D CompatibilityInfo: applicationDensity - 420
01-24 03:12:21.522  4621  4621 D KeyguardUpdateMonitor: handleBatteryUpdate
01-24 03:12:21.522  3755  4354 D CompatibilityInfo: applicationScale - 1.0
01-24 03:12:21.525  4621  4621 D BatteryMeterDrawable: isSomethingChanged - false
01-24 03:12:21.525  4621  4621 D BatteryMeterDrawable: isSomethingChanged - false
01-24 03:12:21.528 15211 15332 I libOpenSLES: Emulating old channel mask behavior (ignoring positional mask 0x3, using default mask 0x3 based on channel count of 2)
01-24 03:12:21.530  5021  5021 D TelephonyExtensionManager: lowBatterySound - batteryStatus: 2
01-24 03:12:21.530  5021  5021 D TelephonyExtensionManager: lowBatterySound - batteryLevel: 80
01-24 03:12:21.530  5021  5021 D TelephonyExtensionManager: lowBatterySound - cancel
01-24 03:12:21.531  3755  7396 D SamsungAlarmManager: Cancel Alarm calling from uid:1001 pid :5021 / op:PendingIntent{901be53: PendingIntentRecord{4292b20 com.android.phone broadcastIntent}}
01-24 03:12:21.531 15211 15332 W AudioTrack: AUDIO_OUTPUT_FLAG_FAST denied by client; transfer 1, track 44100 Hz, output 48000 Hz
01-24 03:12:21.532  5021  5021 D TelephonyExtension: Not stopping low battery tone
01-24 03:12:21.532  4621  4621 D Tile.FlashlightTile: ACTION_BATTERY_CHANGED - Level :: 80, emEnabled :: false
01-24 03:12:21.535  3241 19487 I AudioFlinger: add dynamic flag, can move to deep thread, session 9425
01-24 03:12:21.537 15211 15332 D AudioTrack: Client defaulted notificationFrames to 1181 for frameCount 3544
01-24 03:12:21.538 15211 15332 I AudioTrack: This process already got info. FadeIn[0] FadeOut[0] FadeInRing[0]
01-24 03:12:21.539  3241 19486 W AudioPolicyIntefaceImpl: Skipped to add effects on session 9425
01-24 03:12:21.539  3241 19486 I APM_AudioPolicyManager: startOutput() output 21, stream 3, session 9425
01-24 03:12:21.552  3755  7362 D SamsungAlarmManager: setExact Intent (T:3/F:5/AC:false) 20190124T031226 - CU:10059/CP:6576
01-24 03:12:21.553  3755  7362 I SamsungAlarmManager: setLocked to kernel - T:3 / 20190124T031226, SetElapsed=41127740, nowELAPSED=41122747
01-24 03:12:21.573  3755  9977 D SSRM:t  : SIOP:: AP = 400, PST = 343 (W:10), CP = 261, CUR = 563, LCD = 52
01-24 03:12:21.573  3241  3486 I AudioMixer: create resampler src 44100, 2, dst 48000, 2, q 8
01-24 03:12:21.574  3241  3486 D SoundAliveResampler: [SoundAliveResampler] Init+++
01-24 03:12:21.574  3755  9977 D ConnectivityService: filterNetworkStateForUid() uid: 1000 networkInfo: [type: WIFI[] - WIFI, state: CONNECTED/CONNECTED, reason: (unspecified), extra: "wilkinson2.4", failover: false, available: true, roaming: false, metered: false]
01-24 03:12:21.599  4621  4621 D KeyguardServiceBoxContainer: updateCMAS() hasCmasNotification = false, mHasCMAS = false
01-24 03:12:21.665  3755  7347 D AudioService: getStreamVolume 3 index 110
01-24 03:12:21.807  3755  3755 D TelephonyManager: getCellLocation : Caller (PID / UID / TID): 3755 / 1000 / 3755
01-24 03:12:21.808  4621  4806 D NetworkController.MobileSignalController(0/1): onSignalStrengthsChanged signalStrength=SignalStrength: 99 99 -120 -160 -120 -1 -1 14 -112 -9 20 2147483647 2147483647 0x2000 gsm|lte level=2
01-24 03:12:21.809  4621  4806 D NetworkController.MobileSignalController(0/1): getMobileIconGroup(): 13
01-24 03:12:21.809  4621  4806 D NetworkController.MobileSignalController(0/1): updateVZWMobileIconGroup(): 13
01-24 03:12:21.820  5032  5668 D EPDG -- [SMARTWIFI]: onSignalStrengthsChanged: Received signal strength change, phone type is: 2
01-24 03:12:21.821  5032  6400 D EPDG -- [SMARTWIFI]: lastLteRSRP is -108currentLteRSRP is -112
01-24 03:12:21.821  5032  6400 D EPDG -- [SMARTWIFI]: lastLteRSRQ is -9currentLteRSRQ is -9
01-24 03:12:21.821  5032  6400 D EPDG -- [SMARTWIFI]: lastCdmaDb is -16currentCdmaDb is -16
01-24 03:12:21.821  5032  6400 V EPDG -- [SMARTWIFI]: Radio oldest entry removed
01-24 03:12:21.821  5032  6400 V EPDG -- [SMARTWIFI]: New entry : (SignalStrength: 99 99 -120 -160 -120 -1 -1 14 -112 -9 20 2147483647 2147483647 0x2000 gsm|lte : 0 )
01-24 03:12:21.821  5032  6400 V EPDG -- [SMARTWIFI]: Radio entry added
01-24 03:12:21.832  4621  4806 D NetworkController.MobileSignalController(0/1): callState:0, callStateByPhone:false voLTECall:false voiceNetTpe:13 dataNetType:13, ine911:false, emergencyCallbackMode:false
01-24 03:12:21.868  3755  7363 D AudioService: getStreamVolume 3 index 110
01-24 03:12:21.942  3755  7362 D ConnectivityService: filterNetworkStateForUid() uid: 10187 networkInfo: [type: WIFI[] - WIFI, state: CONNECTED/CONNECTED, reason: (unspecified), extra: "wilkinson2.4", failover: false, available: true, roaming: false, metered: false]
01-24 03:12:21.948  3755  6080 D ConnectivityService: filterNetworkStateForUid() uid: 10187 networkInfo: [type: WIFI[] - WIFI, state: CONNECTED/CONNECTED, reason: (unspecified), extra: "wilkinson2.4", failover: false, available: true, roaming: false, metered: false]
01-24 03:12:21.955 15211 15520 I AudioTrack: Skip ramp
01-24 03:12:22.026 15211 15332 I libOpenSLES: Emulating old channel mask behavior (ignoring positional mask 0x3, using default mask 0x3 based on channel count of 2)
01-24 03:12:22.027 15211 15332 W AudioTrack: AUDIO_OUTPUT_FLAG_FAST denied by client; transfer 1, track 44100 Hz, output 48000 Hz
01-24 03:12:22.028  3241  9518 I AudioFlinger: add dynamic flag, can move to deep thread, session 9433
01-24 03:12:22.029 15211 15332 D AudioTrack: Client defaulted notificationFrames to 1181 for frameCount 3544
01-24 03:12:22.029 15211 15332 I AudioTrack: This process already got info. FadeIn[0] FadeOut[0] FadeInRing[0]
01-24 03:12:22.030  3241  3810 W AudioPolicyIntefaceImpl: Skipped to add effects on session 9433
01-24 03:12:22.030  3241  3810 I APM_AudioPolicyManager: startOutput() output 21, stream 3, session 9433
01-24 03:12:22.056  3241  3373 I APM_AudioPolicyManager: stopOutput() output 21, stream 3, session 9425
01-24 03:12:22.067  3241  3486 I AudioMixer: create resampler src 44100, 2, dst 48000, 2, q 8
01-24 03:12:22.067  3241  3486 D SoundAliveResampler: [SoundAliveResampler] Init+++
01-24 03:12:22.071  3755  7395 D AudioService: getStreamVolume 3 index 110
01-24 03:12:22.138 15211 15332 I libOpenSLES: Emulating old channel mask behavior (ignoring positional mask 0x3, using default mask 0x3 based on channel count of 2)
01-24 03:12:22.139 15211 15332 W AudioTrack: AUDIO_OUTPUT_FLAG_FAST denied by client; transfer 1, track 44100 Hz, output 48000 Hz
01-24 03:12:22.139  3241 11448 I AudioFlinger: add dynamic flag, can move to deep thread, session 9441
01-24 03:12:22.140 15211 15332 D AudioTrack: Client defaulted notificationFrames to 1181 for frameCount 3544
01-24 03:12:22.141 15211 15332 I AudioTrack: This process already got info. FadeIn[0] FadeOut[0] FadeInRing[0]
01-24 03:12:22.141  3241 18202 W AudioPolicyIntefaceImpl: Skipped to add effects on session 9441
01-24 03:12:22.141  3241 18202 I APM_AudioPolicyManager: startOutput() output 21, stream 3, session 9441
01-24 03:12:22.172  3241  3486 I AudioMixer: create resampler src 44100, 2, dst 48000, 2, q 8
01-24 03:12:22.173  3241  3486 D SoundAliveResampler: [SoundAliveResampler] Init+++
01-24 03:12:22.217 15211 15526 I AudioTrack: Skip ramp
01-24 03:12:22.254 15211 15332 I libOpenSLES: Emulating old channel mask behavior (ignoring positional mask 0x3, using default mask 0x3 based on channel count of 2)
01-24 03:12:22.256 15211 15332 W AudioTrack: AUDIO_OUTPUT_FLAG_FAST denied by client; transfer 1, track 44100 Hz, output 48000 Hz
01-24 03:12:22.256  3241 18202 I AudioFlinger: add dynamic flag, can move to deep thread, session 9449
01-24 03:12:22.259 15211 15332 D AudioTrack: Client defaulted notificationFrames to 1181 for frameCount 3544
01-24 03:12:22.259 15211 15332 I AudioTrack: This process already got info. FadeIn[0] FadeOut[0] FadeInRing[0]
01-24 03:12:22.260  3241  3496 W AudioPolicyIntefaceImpl: Skipped to add effects on session 9449
01-24 03:12:22.260  3241  3496 I APM_AudioPolicyManager: startOutput() output 21, stream 3, session 9449
01-24 03:12:22.274  3755  5048 D AudioService: getStreamVolume 3 index 110
01-24 03:12:22.295  3241  3486 I AudioMixer: create resampler src 44100, 2, dst 48000, 2, q 8
01-24 03:12:22.295  3241  3486 D SoundAliveResampler: [SoundAliveResampler] Init+++
01-24 03:12:22.317  3241  3373 I APM_AudioPolicyManager: stopOutput() output 21, stream 3, session 9433
01-24 03:12:22.338 15211 15527 I AudioTrack: Skip ramp
01-24 03:12:22.360  3755  4415 D InputReader: Input event(7): value=1 when=31049164731000
01-24 03:12:22.368 15211 15332 I libOpenSLES: Emulating old channel mask behavior (ignoring positional mask 0x3, using default mask 0x3 based on channel count of 2)
01-24 03:12:22.370 15211 15332 W AudioTrack: AUDIO_OUTPUT_FLAG_FAST denied by client; transfer 1, track 44100 Hz, output 48000 Hz
01-24 03:12:22.371  3241  3810 I AudioFlinger: add dynamic flag, can move to deep thread, session 9457
01-24 03:12:22.372 15211 15332 D AudioTrack: Client defaulted notificationFrames to 1181 for frameCount 3544
01-24 03:12:22.373 15211 15332 I AudioTrack: This process already got info. FadeIn[0] FadeOut[0] FadeInRing[0]
01-24 03:12:22.374  3755  4415 D SamsungPhoneWindowManager: f.b. a = false hd = false eme = false ksno = false id = -1
01-24 03:12:22.374  3241  3241 W AudioPolicyIntefaceImpl: Skipped to add effects on session 9457
01-24 03:12:22.374  3241  3241 I APM_AudioPolicyManager: startOutput() output 21, stream 3, session 9457
01-24 03:12:22.374  3755  4415 V Vibrator: Called semVibrate(int, int, AudioAttributes, Mag) API - PUID: 1000, PackageName: android, token: android.os.Binder@b012913, type: 50026, repeat: -1, AudioAttr : null, Mag: TYPE_TOUCH
01-24 03:12:22.375  3755  4415 V VibratorService: vibratePatternMagnitude - package: android, repeat: -1, token: android.os.Binder@b012913, mag: 6500, def: 10000
01-24 03:12:22.375  3755  4415 D VibratorService: Turning vibrator off
01-24 03:12:22.386  3755 15530 D VibratorService: vibratorOn() : 7ms, magnitude :6500, f : -1
01-24 03:12:22.387  3755  4414 I InputDispatcher: Delivering key to (15211): action: 0x0 (0)
01-24 03:12:22.388 15211 15233 V threaded_app: New input event: type=1
01-24 03:12:22.389  8282  8282 W SemDesktopModeManager: isDesktopMode: Desktop Mode feature not available
01-24 03:12:22.390 15211 15233 V threaded_app: New input event: type=1
01-24 03:12:22.390 15211 15233 D UE4     : Received keycode: 4, softkey: 0
01-24 03:12:22.390 15211 15233 D UE4     : Received key event: 4
01-24 03:12:22.407 15211 15332 I libOpenSLES: Emulating old channel mask behavior (ignoring positional mask 0x3, using default mask 0x3 based on channel count of 2)
01-24 03:12:22.408 15211 15332 W AudioTrack: AUDIO_OUTPUT_FLAG_FAST denied by client; transfer 1, track 44100 Hz, output 48000 Hz
01-24 03:12:22.408  3241 19486 I AudioFlinger: add dynamic flag, can move to deep thread, session 9465
01-24 03:12:22.409  3241  3486 I AudioMixer: create resampler src 44100, 2, dst 48000, 2, q 8
01-24 03:12:22.409 15211 15332 D AudioTrack: Client defaulted notificationFrames to 1181 for frameCount 3544
01-24 03:12:22.409  3241  3486 D SoundAliveResampler: [SoundAliveResampler] Init+++
01-24 03:12:22.410 15211 15332 I AudioTrack: This process already got info. FadeIn[0] FadeOut[0] FadeInRing[0]
01-24 03:12:22.411  3241 19487 W AudioPolicyIntefaceImpl: Skipped to add effects on session 9465
01-24 03:12:22.411  3241 19487 I APM_AudioPolicyManager: startOutput() output 21, stream 3, session 9465
01-24 03:12:22.412 15211 15531 I AudioTrack: Skip ramp
01-24 03:12:22.414  3241  3486 I AudioMixer: create resampler src 44100, 2, dst 48000, 2, q 8
01-24 03:12:22.414  3241  3486 D SoundAliveResampler: [SoundAliveResampler] Init+++
01-24 03:12:22.434  3241  3373 I APM_AudioPolicyManager: stopOutput() output 21, stream 3, session 9441
01-24 03:12:22.435 15211 15528 I AudioTrack: Skip ramp
01-24 03:12:22.447 14908 15055 D ClClient: Not sending keepalive.  Current connection state=STOPPED
01-24 03:12:22.477  3755  6081 D AudioService: getStreamVolume 3 index 110
01-24 03:12:22.479 15211 15332 I libOpenSLES: Emulating old channel mask behavior (ignoring positional mask 0x3, using default mask 0x3 based on channel count of 2)
01-24 03:12:22.480 15211 15332 W AudioTrack: AUDIO_OUTPUT_FLAG_FAST denied by client; transfer 1, track 44100 Hz, output 48000 Hz
01-24 03:12:22.480  3241  3810 I AudioFlinger: add dynamic flag, can move to deep thread, session 9473
01-24 03:12:22.484 15211 15332 D AudioTrack: Client defaulted notificationFrames to 1181 for frameCount 3544
01-24 03:12:22.484 15211 15332 I AudioTrack: This process already got info. FadeIn[0] FadeOut[0] FadeInRing[0]
01-24 03:12:22.485  3241  3241 W AudioPolicyIntefaceImpl: Skipped to add effects on session 9473
01-24 03:12:22.485  3241  3241 I APM_AudioPolicyManager: startOutput() output 21, stream 3, session 9473
01-24 03:12:22.506  3755  4415 D InputReader: Input event(7): value=0 when=31049310231000
01-24 03:12:22.509  3755  4414 I InputDispatcher: Delivering key to (15211): action: 0x1 (0)
01-24 03:12:22.510 15211 15233 V threaded_app: New input event: type=1
01-24 03:12:22.510 15211 15233 V threaded_app: New input event: type=1
01-24 03:12:22.510 15211 15233 D UE4     : Received keycode: 4, softkey: 0
01-24 03:12:22.511 15211 15233 D UE4     : Received key event: 4
01-24 03:12:22.514  3241  3486 I AudioMixer: create resampler src 44100, 2, dst 48000, 2, q 8
01-24 03:12:22.514  3241  3486 D SoundAliveResampler: [SoundAliveResampler] Init+++
01-24 03:12:22.535  3241  3373 I APM_AudioPolicyManager: stopOutput() output 21, stream 3, session 9449
01-24 03:12:22.535  3241  3373 I APM_AudioPolicyManager: stopOutput() output 21, stream 3, session 9465
01-24 03:12:22.557 15211 15529 I AudioTrack: Skip ramp
01-24 03:12:22.579  3755  4415 D InputReader: Input event(7): value=1 when=31049383135000
01-24 03:12:22.581  3755  4415 D SamsungPhoneWindowManager: f.b. a = false hd = false eme = false ksno = false id = -1
01-24 03:12:22.581  3755  4415 V Vibrator: Called semVibrate(int, int, AudioAttributes, Mag) API - PUID: 1000, PackageName: android, token: android.os.Binder@b012913, type: 50026, repeat: -1, AudioAttr : null, Mag: TYPE_TOUCH
01-24 03:12:22.582  3755  4415 V VibratorService: vibratePatternMagnitude - package: android, repeat: -1, token: android.os.Binder@b012913, mag: 6500, def: 10000
01-24 03:12:22.582  3755  4415 D VibratorService: Turning vibrator off
01-24 03:12:22.588  3755 15534 D VibratorService: vibratorOn() : 7ms, magnitude :6500, f : -1
01-24 03:12:22.589  3755  4414 I InputDispatcher: Delivering key to (15211): action: 0x0 (0)
01-24 03:12:22.589 15211 15233 V threaded_app: New input event: type=1
01-24 03:12:22.591  8282  8282 W SemDesktopModeManager: isDesktopMode: Desktop Mode feature not available
01-24 03:12:22.593 15211 15233 V threaded_app: New input event: type=1
01-24 03:12:22.594 15211 15233 D UE4     : Received keycode: 4, softkey: 0
01-24 03:12:22.594 15211 15233 D UE4     : Received key event: 4
01-24 03:12:22.656  3241  3373 I APM_AudioPolicyManager: stopOutput() output 21, stream 3, session 9457
01-24 03:12:22.676  3755  4415 D InputReader: Input event(7): value=0 when=31049480148000
01-24 03:12:22.676 15211 15533 I AudioTrack: Skip ramp
01-24 03:12:22.680  3755  6080 D AudioService: getStreamVolume 3 index 110
01-24 03:12:22.683  3755  4414 I InputDispatcher: Delivering key to (15211): action: 0x1 (0)
01-24 03:12:22.684 15211 15233 V threaded_app: New input event: type=1
01-24 03:12:22.684 15211 15233 V threaded_app: New input event: type=1
01-24 03:12:22.684 15211 15233 D UE4     : Received keycode: 4, softkey: 0
01-24 03:12:22.684 15211 15233 D UE4     : Received key event: 4
01-24 03:12:22.749  3755  4415 D InputReader: Input event(7): value=1 when=31049553050000
01-24 03:12:22.754  3755  4415 D SamsungPhoneWindowManager: f.b. a = false hd = false eme = false ksno = false id = -1
01-24 03:12:22.754  3755  4415 V Vibrator: Called semVibrate(int, int, AudioAttributes, Mag) API - PUID: 1000, PackageName: android, token: android.os.Binder@b012913, type: 50026, repeat: -1, AudioAttr : null, Mag: TYPE_TOUCH
01-24 03:12:22.754  3755  4415 V VibratorService: vibratePatternMagnitude - package: android, repeat: -1, token: android.os.Binder@b012913, mag: 6500, def: 10000
01-24 03:12:22.754  3755  4415 D VibratorService: Turning vibrator off
01-24 03:12:22.761  3755 15535 D VibratorService: vibratorOn() : 7ms, magnitude :6500, f : -1
01-24 03:12:22.762  3755  4414 I InputDispatcher: Delivering key to (15211): action: 0x0 (0)
01-24 03:12:22.765 15211 15233 V threaded_app: New input event: type=1
01-24 03:12:22.768  8282  8282 W SemDesktopModeManager: isDesktopMode: Desktop Mode feature not available
01-24 03:12:22.770 15211 15233 V threaded_app: New input event: type=1
01-24 03:12:22.771 15211 15233 D UE4     : Received keycode: 4, softkey: 0
01-24 03:12:22.771 15211 15233 D UE4     : Received key event: 4
01-24 03:12:22.776  3241  3373 I APM_AudioPolicyManager: stopOutput() output 21, stream 3, session 9473
01-24 03:12:22.846  3755  4415 D InputReader: Input event(7): value=0 when=31049649817000
01-24 03:12:22.849  3755  4414 I InputDispatcher: Delivering key to (15211): action: 0x1 (0)
01-24 03:12:22.849 15211 15233 V threaded_app: New input event: type=1
01-24 03:12:22.850 15211 15233 V threaded_app: New input event: type=1
01-24 03:12:22.850 15211 15233 D UE4     : Received keycode: 4, softkey: 0
01-24 03:12:22.850 15211 15233 D UE4     : Received key event: 4
01-24 03:12:22.882  3755  7344 D AudioService: getStreamVolume 3 index 110
01-24 03:12:22.943  3755  4415 D InputReader: Input event(7): value=1 when=31049747228000
01-24 03:12:22.945  3755  4415 D SamsungPhoneWindowManager: f.b. a = false hd = false eme = false ksno = false id = -1
01-24 03:12:22.945  3755  4415 V Vibrator: Called semVibrate(int, int, AudioAttributes, Mag) API - PUID: 1000, PackageName: android, token: android.os.Binder@b012913, type: 50026, repeat: -1, AudioAttr : null, Mag: TYPE_TOUCH
01-24 03:12:22.945  3755  4415 V VibratorService: vibratePatternMagnitude - package: android, repeat: -1, token: android.os.Binder@b012913, mag: 6500, def: 10000
01-24 03:12:22.945  3755  4415 D VibratorService: Turning vibrator off
01-24 03:12:22.955  3755 15536 D VibratorService: vibratorOn() : 7ms, magnitude :6500, f : -1
01-24 03:12:22.959 15211 15233 V threaded_app: New input event: type=1
01-24 03:12:22.959  3755  4414 I InputDispatcher: Delivering key to (15211): action: 0x0 (0)
01-24 03:12:22.961  8282  8282 W SemDesktopModeManager: isDesktopMode: Desktop Mode feature not available
01-24 03:12:22.966 15211 15233 V threaded_app: New input event: type=1
01-24 03:12:22.966 15211 15233 D UE4     : Received keycode: 4, softkey: 0
01-24 03:12:22.966 15211 15233 D UE4     : Received key event: 4
01-24 03:12:22.995  3755  3755 D TelephonyManager: getCellLocation : Caller (PID / UID / TID): 3755 / 1000 / 3755
01-24 03:12:22.996  4621  4806 D NetworkController.MobileSignalController(0/1): onSignalStrengthsChanged signalStrength=SignalStrength: 99 99 -120 -160 -120 -1 -1 13 -112 -9 42 2147483647 2147483647 0x2000 gsm|lte level=2
01-24 03:12:22.997  4621  4806 D NetworkController.MobileSignalController(0/1): getMobileIconGroup(): 13
01-24 03:12:22.997  4621  4806 D NetworkController.MobileSignalController(0/1): updateVZWMobileIconGroup(): 13
01-24 03:12:23.006  5032  5668 D EPDG -- [SMARTWIFI]: onSignalStrengthsChanged: Received signal strength change, phone type is: 2
01-24 03:12:23.006  5032  6400 D EPDG -- [SMARTWIFI]: lastLteRSRP is -112currentLteRSRP is -112
01-24 03:12:23.006  5032  6400 D EPDG -- [SMARTWIFI]: lastLteRSRQ is -9currentLteRSRQ is -9
01-24 03:12:23.006  5032  6400 D EPDG -- [SMARTWIFI]: lastCdmaDb is -16currentCdmaDb is -16
01-24 03:12:23.006  5032  6400 V EPDG -- [SMARTWIFI]: Radio oldest entry removed
01-24 03:12:23.006  5032  6400 V EPDG -- [SMARTWIFI]: New entry : (SignalStrength: 99 99 -120 -160 -120 -1 -1 13 -112 -9 42 2147483647 2147483647 0x2000 gsm|lte : 0 )
01-24 03:12:23.006  5032  6400 V EPDG -- [SMARTWIFI]: Radio entry added
01-24 03:12:23.014  4621  4806 D NetworkController.MobileSignalController(0/1): callState:0, callStateByPhone:false voLTECall:false voiceNetTpe:13 dataNetType:13, ine911:false, emergencyCallbackMode:false
01-24 03:12:23.039  3755  4415 D InputReader: Input event(7): value=0 when=31049843886000
01-24 03:12:23.042  3755  4414 I InputDispatcher: Delivering key to (15211): action: 0x1 (0)
01-24 03:12:23.043 15211 15233 V threaded_app: New input event: type=1
01-24 03:12:23.043 15211 15233 V threaded_app: New input event: type=1
01-24 03:12:23.043 15211 15233 D UE4     : Received keycode: 4, softkey: 0
01-24 03:12:23.043 15211 15233 D UE4     : Received key event: 4
01-24 03:12:23.084  3755  7364 D AudioService: getStreamVolume 3 index 110
01-24 03:12:23.113  3755  4415 D InputReader: Input event(7): value=1 when=31049916870000
01-24 03:12:23.115  3755  4415 D SamsungPhoneWindowManager: f.b. a = false hd = false eme = false ksno = false id = -1
01-24 03:12:23.115  3755  4415 V Vibrator: Called semVibrate(int, int, AudioAttributes, Mag) API - PUID: 1000, PackageName: android, token: android.os.Binder@b012913, type: 50026, repeat: -1, AudioAttr : null, Mag: TYPE_TOUCH
01-24 03:12:23.115  3755  4415 V VibratorService: vibratePatternMagnitude - package: android, repeat: -1, token: android.os.Binder@b012913, mag: 6500, def: 10000
01-24 03:12:23.115  3755  4415 D VibratorService: Turning vibrator off
01-24 03:12:23.118  3755 15540 D VibratorService: vibratorOn() : 7ms, magnitude :6500, f : -1
01-24 03:12:23.121  3755  4414 I InputDispatcher: Delivering key to (15211): action: 0x0 (0)
01-24 03:12:23.122 15211 15233 V threaded_app: New input event: type=1
01-24 03:12:23.123  8282  8282 W SemDesktopModeManager: isDesktopMode: Desktop Mode feature not available
01-24 03:12:23.124 15211 15233 V threaded_app: New input event: type=1
01-24 03:12:23.124 15211 15233 D UE4     : Received keycode: 4, softkey: 0
01-24 03:12:23.124 15211 15233 D UE4     : Received key event: 4
01-24 03:12:23.189 15211 15235 D UE4     : Used memory: 222032
01-24 03:12:23.234  3755  4415 D InputReader: Input event(7): value=0 when=31050038005000
01-24 03:12:23.236  3755  4414 I InputDispatcher: Delivering key to (15211): action: 0x1 (0)
01-24 03:12:23.236 15211 15233 V threaded_app: New input event: type=1
01-24 03:12:23.238 15211 15233 V threaded_app: New input event: type=1
01-24 03:12:23.238 15211 15233 D UE4     : Received keycode: 4, softkey: 0
01-24 03:12:23.238 15211 15233 D UE4     : Received key event: 4
01-24 03:12:23.286  3755  5047 D AudioService: getStreamVolume 3 index 110
01-24 03:12:23.402  3755  4415 D InputReader: Input event(3): value=1 when=31050206621000
01-24 03:12:23.402  3755  4415 D InputReader: Input event(3): value=1 when=31050206621000
01-24 03:12:23.402  3755  4415 I InputReader: Touch event's action is 0x0 (deviceType=0) [pCnt=1, s=0.1163 ] when=31050206621000
01-24 03:12:23.403  3755  4414 I InputDispatcher: Delivering touch to (15211): action: 0x0, toolType: 1
01-24 03:12:23.403 15211 15233 V threaded_app: New input event: type=2
01-24 03:12:23.405 15211 15211 D ViewRootImpl@c266894[GameActivity]: ViewPostImeInputStage processPointer 0
01-24 03:12:23.432 15211 15233 V threaded_app: New input event: type=2
01-24 03:12:23.450 15211 15233 V threaded_app: New input event: type=2
01-24 03:12:23.465 15211 15233 V threaded_app: New input event: type=2
01-24 03:12:23.482 15211 15233 V threaded_app: New input event: type=2
01-24 03:12:23.489  3755  7357 D AudioService: getStreamVolume 3 index 110
01-24 03:12:23.499 15211 15233 V threaded_app: New input event: type=2
01-24 03:12:23.516 15211 15233 V threaded_app: New input event: type=2
01-24 03:12:23.533 15211 15233 V threaded_app: New input event: type=2
01-24 03:12:23.547 15211 15233 V threaded_app: New input event: type=2
01-24 03:12:23.564 15211 15233 V threaded_app: New input event: type=2
01-24 03:12:23.581 15211 15233 V threaded_app: New input event: type=2
01-24 03:12:23.599 15211 15233 V threaded_app: New input event: type=2
01-24 03:12:23.608  3755  4415 D InputReader: Input event(3): value=0 when=31050412005000
01-24 03:12:23.608  3755  4415 D InputReader: Input event(3): value=0 when=31050412005000
01-24 03:12:23.608  3755  4415 I InputReader: Touch event's action is 0x1 (deviceType=0) [pCnt=1, s=] when=31050412005000
01-24 03:12:23.608  3755  4414 I InputDispatcher: Delivering touch to (15211): action: 0x1, toolType: 1
01-24 03:12:23.609 15211 15233 V threaded_app: New input event: type=2
01-24 03:12:23.610 15211 15233 V threaded_app: New input event: type=2
01-24 03:12:23.612 15211 15211 D ViewRootImpl@c266894[GameActivity]: ViewPostImeInputStage processPointer 1
01-24 03:12:23.693  3755  7395 D AudioService: getStreamVolume 3 index 110
01-24 03:12:23.900  3755  4498 D AudioService: getStreamVolume 3 index 110
01-24 03:12:24.006  3755  4459 D WifiStateMachine: Current network is: "wilkinson2.4" , ID is: 30
01-24 03:12:24.006  3755  4459 I WifiStateMachine: IMS calling, current network is always qualified
01-24 03:12:24.101  3755  3767 D AudioService: getStreamVolume 3 index 110
01-24 03:12:24.173  3755  4415 D InputReader: Input event(3): value=1 when=31050977327000
01-24 03:12:24.173  3755  4415 D InputReader: Input event(3): value=1 when=31050977327000
01-24 03:12:24.174  3755  4415 I InputReader: Touch event's action is 0x0 (deviceType=0) [pCnt=1, s=0.1164 ] when=31050977327000
01-24 03:12:24.176  3755  4414 I InputDispatcher: Delivering touch to (15211): action: 0x0, toolType: 1
01-24 03:12:24.177 15211 15233 V threaded_app: New input event: type=2
01-24 03:12:24.179 15211 15211 D ViewRootImpl@c266894[GameActivity]: ViewPostImeInputStage processPointer 0
01-24 03:12:24.200 15211 15233 V threaded_app: New input event: type=2
01-24 03:12:24.201 15211 15232 D UE4     : [2019.01.24-08.12.24:201][792]LogSlate: FSceneViewport::OnFocusLost() reason 0
01-24 03:12:24.215 15211 15233 V threaded_app: New input event: type=2
01-24 03:12:24.232 15211 15233 V threaded_app: New input event: type=2
01-24 03:12:24.238  5679  5679 D io_stats: !@   8,0 r 403741 15158664 w 226224 7937456 d 43688 5162408 f 66304 66287 iot 490340 313732 th 61440 61440 60516 pt 700 inp 0 0 31051.041
01-24 03:12:24.248 15211 15233 V threaded_app: New input event: type=2
01-24 03:12:24.266 15211 15233 V threaded_app: New input event: type=2
01-24 03:12:24.270  3755  4415 D InputReader: Input event(3): value=0 when=31051074658000
01-24 03:12:24.270  3755  4415 D InputReader: Input event(3): value=0 when=31051074658000
01-24 03:12:24.270  3755  4415 I InputReader: Touch event's action is 0x1 (deviceType=0) [pCnt=1, s=] when=31051074658000
01-24 03:12:24.271  3755  4414 I InputDispatcher: Delivering touch to (15211): action: 0x1, toolType: 1
01-24 03:12:24.271 15211 15233 V threaded_app: New input event: type=2
01-24 03:12:24.272 15211 15233 V threaded_app: New input event: type=2
01-24 03:12:24.272 15211 15211 D ViewRootImpl@c266894[GameActivity]: ViewPostImeInputStage processPointer 1
01-24 03:12:24.273 15211 15232 D UE4     : [2019.01.24-08.12.24:273][796]Closing by request
01-24 03:12:24.273 15211 15232 D UE4     : [2019.01.24-08.12.24:273][796]LogWindows: FAndroidMisc::RequestExit(0)
01-24 03:12:24.277 15211 15332 I libOpenSLES: Emulating old channel mask behavior (ignoring positional mask 0x3, using default mask 0x3 based on channel count of 2)
01-24 03:12:24.278 15211 15332 W AudioTrack: AUDIO_OUTPUT_FLAG_FAST denied by client; transfer 1, track 44100 Hz, output 48000 Hz
01-24 03:12:24.278 15211 15232 D UE4     : [2019.01.24-08.12.24:277][797]LogAndroid: Exiting
01-24 03:12:24.278  3241 19487 I AudioFlinger: add dynamic flag, can move to deep thread, session 9481
01-24 03:12:24.278 15211 15332 D AudioTrack: Client defaulted notificationFrames to 1181 for frameCount 3544
01-24 03:12:24.279 15211 15332 I AudioTrack: This process already got info. FadeIn[0] FadeOut[0] FadeInRing[0]
01-24 03:12:24.279  3241 19486 W AudioPolicyIntefaceImpl: Skipped to add effects on session 9481
01-24 03:12:24.279  3241 19486 I APM_AudioPolicyManager: startOutput() output 21, stream 3, session 9481
01-24 03:12:24.279 15211 15543 I AudioTrack: Skip ramp
01-24 03:12:24.287 15211 15332 D UE4     : *** JavaEnvDestructor: 15332
01-24 03:12:24.291 15211 15232 D UE4     : [2019.01.24-08.12.24:291][797]LogAndroidAudio: Warning: OpenSLES Tearing Down HW
01-24 03:12:24.302  3755  3766 D AudioService: getStreamVolume 3 index 110
01-24 03:12:24.304 15211 15232 D UE4     : [2019.01.24-08.12.24:304][797]LogSlate: Request Window 'Infinity Stack (32-bit Development GLSL_ES2) ' being destroyed
01-24 03:12:24.305 15211 15349 D UE4     : *** JavaEnvDestructor: 15349
01-24 03:12:24.306 15211 15348 D UE4     : AndroidEGL::ResetDisplay()
01-24 03:12:24.306 15211 15348 D UE4     : *** JavaEnvDestructor: 15348
01-24 03:12:24.310 15211 15232 D UE4     : [2019.01.24-08.12.24:310][797]LogSlate: Window 'Infinity Stack (32-bit Development GLSL_ES2) ' being destroyed
01-24 03:12:24.314 15211 15232 D UE4     : [2019.01.24-08.12.24:314][797]LogSlate: Slate User Destroyed.  User Index 0, Is Virtual User: 0
01-24 03:12:24.315 15211 15545 D UE4     : *** JavaEnvDestructor: 15545
01-24 03:12:24.317 15211 15544 D UE4     : AndroidEGL::ResetDisplay()
01-24 03:12:24.317 15211 15544 D UE4     : *** JavaEnvDestructor: 15544
01-24 03:12:24.331 15211 15232 D UE4     : AndroidEGL::ResetDisplay()
01-24 03:12:24.367  3241  3373 I APM_AudioPolicyManager: stopOutput() output 21, stream 3, session 9305
01-24 03:12:24.367  3241  3373 I APM_AudioPolicyManager: stopOutput() output 21, stream 3, session 9481
01-24 03:12:24.367  3241  3373 I APM_AudioPolicyManager: write_logging() stream(3) device(0x2) time(-1163399530676437610458593034131400785447594353114795489605159787290648725415818762824395099943710808597114011636179321402427211965291427625922987484715162072905753759945016891923186355334449962170273771440253205181844367995024965632.00) volume(0.00)
01-24 03:12:24.408 15211 15232 D UE4     : AndroidEGL::DestroySurface()
01-24 03:12:24.413 15211 15232 D UE4     : [2019.01.24-08.12.24:412][797]LogMoviePlayer: Shutting down movie player
01-24 03:12:24.414 15384 15548 E Finsky  : [1066] com.google.android.finsky.at.c.a(27): Unable to build selector: /storage/emulated/0/Download/marketenvs.csv (No such file or directory)
01-24 03:12:24.415 15211 15262 D UE4     : *** JavaEnvDestructor: 15262
01-24 03:12:24.416 15211 15258 D UE4     : *** JavaEnvDestructor: 15258
01-24 03:12:24.417 15211 15256 D UE4     : *** JavaEnvDestructor: 15256
01-24 03:12:24.417 15211 15255 D UE4     : *** JavaEnvDestructor: 15255
01-24 03:12:24.417 15211 15260 D UE4     : *** JavaEnvDestructor: 15260
01-24 03:12:24.417 15211 15252 D UE4     : *** JavaEnvDestructor: 15252
01-24 03:12:24.418 15211 15250 D UE4     : *** JavaEnvDestructor: 15250
01-24 03:12:24.418 15211 15251 D UE4     : *** JavaEnvDestructor: 15251
01-24 03:12:24.418 15211 15257 D UE4     : *** JavaEnvDestructor: 15257
01-24 03:12:24.418 15211 15253 D UE4     : *** JavaEnvDestructor: 15253
01-24 03:12:24.418 15211 15254 D UE4     : *** JavaEnvDestructor: 15254
01-24 03:12:24.420 15211 15261 D UE4     : *** JavaEnvDestructor: 15261
01-24 03:12:24.420 15211 15259 D UE4     : *** JavaEnvDestructor: 15259
01-24 03:12:24.422 15211 15232 D UE4     : [2019.01.24-08.12.24:422][797]LogAndroid: Exiting is over
01-24 03:12:24.422 15211 15232 D UE4     : [2019.01.24-08.12.24:422][797]LogWindows: FAndroidMisc::RequestExit(1)
01-24 03:12:24.425 15211 15232 I art     : System.exit called, status: 0
01-24 03:12:24.425 15211 15232 I AndroidRuntime: VM exiting with result code 0, cleanup skipped.
01-24 03:12:24.432 15384 15424 I Finsky  : [1033] com.google.android.finsky.ec.a.a.a.b(29): Triggered update for experiment package com.google.android.finsky.regular.
01-24 03:12:24.463 15384 15450 I ShortcutBadger: Checking if platform supports badge counters, attempt 1/3.
01-24 03:12:24.473  3755  7367 D PackageManager: setEnabledSetting : userId = 0 packageName = com.android.vending cmp = com.google.android.finsky.wear.WearSupportService newState = 0 callingPackage = 10029
01-24 03:12:24.480 15384 15427 I Finsky  : [1036] com.google.android.finsky.verifier.impl.fb.g(146): Restoring notifications
01-24 03:12:24.483 15384 15407 I Finsky  : [1020] com.google.android.finsky.wear.bt.a(11): Component class com.google.android.finsky.wear.WearSupportService enabled via PackageManager.
01-24 03:12:24.483  3755  7347 D PackageManager: setEnabledSetting : userId = 0 packageName = com.android.vending cmp = com.google.android.finsky.wear.WearChangeListenerService newState = 0 callingPackage = 10029
01-24 03:12:24.489 15384 15407 I Finsky  : [1020] com.google.android.finsky.wear.bt.a(11): Component class com.google.android.finsky.wear.WearChangeListenerService enabled via PackageManager.
01-24 03:12:24.495 15384 15450 I ShortcutBadger: Badge counter is supported in this platform.
01-24 03:12:24.504  3755  7362 D AudioService: getStreamVolume 3 index 110
01-24 03:12:24.506 15384 15548 I Finsky  : [1066] com.google.android.finsky.wear.ej.a(18): Do not start WearSupportService due to Wear service optimization
01-24 03:12:24.506 15384 15427 I Finsky  : [1036] com.google.android.finsky.verifier.impl.fb.g(152): Done restoring notifications
01-24 03:12:24.507  3755  3774 D MountService: getExternalStorageMountMode : 1
01-24 03:12:24.507  3755  3774 D MountService: getExternalStorageMountMode : 3
01-24 03:12:24.507  3755  3774 D MountService: getExternalStorageMountMode : final mountMode=1, uid : 10002, packageName : com.sec.android.provider.badge
01-24 03:12:24.529 15555 15555 E Zygote  : v2
01-24 03:12:24.529 15555 15555 I libpersona: KNOX_SDCARD checking this for 10002
01-24 03:12:24.529 15555 15555 I libpersona: KNOX_SDCARD not a persona
01-24 03:12:24.531  3755  3774 I ActivityManager: Start proc 15555:com.sec.android.provider.badge/u0a2 for broadcast com.sec.android.provider.badge/.BadgeCountReceiver
01-24 03:12:24.532 15555 15555 E Zygote  : accessInfo : 0
01-24 03:12:24.533 15555 15555 W SELinux : SELinux selinux_android_compute_policy_index : Policy Index[2],  Con:u:r:zygote:s0 RAM:SEPF_SECMOBILE_7.0_0009, [-1 -1 -1 -1 0 1]
01-24 03:12:24.536 15555 15555 I SELinux : SELinux: seapp_context_lookup: seinfo=platform, level=s0:c512,c768, pkgname=com.sec.android.provider.badge 
01-24 03:12:24.538  3755  4414 W InputDispatcher: channel ~ Consumer closed input channel or an error occurred.  events=0x9
01-24 03:12:24.539  3755  4414 E InputDispatcher: channel ~ Channel is unrecoverably broken and will be disposed!
01-24 03:12:24.575 15555 15555 D TimaKeyStoreProvider: TimaKeyStore is not enabled: cannot add TimaSignature Service and generateKeyPair Service
01-24 03:12:24.578  3755  6080 D CompatibilityInfo: mCompatibilityFlags - 0
01-24 03:12:24.578  3755  6080 D CompatibilityInfo: applicationDensity - 420
01-24 03:12:24.578  3755  6080 D CompatibilityInfo: applicationScale - 1.0
01-24 03:12:24.578  3755  6080 I ActivityManager: DSS on for com.sec.android.provider.badge and scale is 1.0
01-24 03:12:24.580  3755  6080 D CompatibilityInfo: mCompatibilityFlags - 0
01-24 03:12:24.580  3755  6080 D CompatibilityInfo: applicationDensity - 420
01-24 03:12:24.580  3755  6080 D CompatibilityInfo: applicationScale - 1.0
01-24 03:12:24.585  3755  6080 D CompatibilityInfo: mCompatibilityFlags - 0
01-24 03:12:24.585  3755  6080 D CompatibilityInfo: applicationDensity - 420
01-24 03:12:24.586  3755  6080 D CompatibilityInfo: applicationScale - 1.0
01-24 03:12:24.606 15555 15555 I art     : Starting a blocking GC AddRemoveAppImageSpace
01-24 03:12:24.607 15555 15555 W System  : ClassLoader referenced unknown path: /system/priv-app/BadgeProvider_N/lib/arm64
01-24 03:12:24.622 15555 15555 D BadgeProvider: onCreate
01-24 03:12:24.622 15555 15555 D BadgeProvider: DatabaseHelper
01-24 03:12:24.625 15555 15555 D BadgeCountReceiver: badge intent : Intent { act=android.intent.action.BADGE_COUNT_UPDATE flg=0x10 cmp=com.sec.android.provider.badge/.BadgeCountReceiver launchParam=MultiScreenLaunchParams { mDisplayId=0 mFlags=0 } bqHint=1 (has extras) }
01-24 03:12:24.627 15555 15555 D BadgeCountReceiver: packageName: com.android.vending, className: com.android.vending.AssetBrowserActivity, count: 0
01-24 03:12:24.633 15555 15555 D BadgeProvider: onOpen
01-24 03:12:24.639 15555 15555 D BaseReflect: null getOwnClass TEST
01-24 03:12:24.639 15555 15555 D MethodReflector: android.content.ContentResolver getClass TEST
01-24 03:12:24.639 15555 15555 D BaseReflect: class android.content.ContentResolver isSupportClass TEST
01-24 03:12:24.639 15555 15555 D BaseReflect: class android.content.ContentResolver getOwnClass TEST
01-24 03:12:24.642 15555 15555 D MethodReflector: notifyChange is called
01-24 03:12:24.643  6100  6100 D LauncherApplication: onChange: mBadgeRefreshHandler removeCallbacks
01-24 03:12:24.644  6100  6100 D LauncherApplication: onChange: mBadgeRefreshHandler removeCallbacks
01-24 03:12:24.644 15555 15555 D BadgeProvider: sendNotify entered. [uri] : content://com.sec.badge/apps
01-24 03:12:24.644 15555 15555 D BadgeProvider: sendNotify, [notify] : null
01-24 03:12:24.646 15555 15555 D BadgeProvider: update, getCallingPackage() : com.sec.android.provider.badge
01-24 03:12:24.646 15555 15555 D BadgeProvider: update, [uri] : content://com.sec.badge/apps
01-24 03:12:24.646 15555 15555 D BadgeProvider: update, [uri.query] : null
01-24 03:12:24.646 15555 15555 D BadgeProvider: update, [BadgeCount] : badgecount=0
01-24 03:12:24.646 15555 15555 D BadgeProvider: update, [UpdateCount] : 1
01-24 03:12:24.650  3755  3767 I WindowManager: WIN DEATH: Window{b9ebcc5d0 u0 com.GeekTechnique.InfinityStack/com.epicgames.ue4.GameActivity}
01-24 03:12:24.650  3755  3766 D GraphicsStats: Buffer count: 5
01-24 03:12:24.650  3755  3767 D WindowManager: disposeInputChannel mInputChannel: b9ebcc5 com.GeekTechnique.InfinityStack/com.epicgames.ue4.GameActivity (server)
01-24 03:12:24.650  3755  3767 W InputDispatcher: Attempted to unregister already unregistered input channel
01-24 03:12:24.651  3755  7344 D InputTransport: Input channel destroyed: fd=510
01-24 03:12:24.652  3755  4444 D CompatibilityInfo: mCompatibilityFlags - 0
01-24 03:12:24.652  3755  4444 D CompatibilityInfo: applicationDensity - 420
01-24 03:12:24.652  3755  4444 D CompatibilityInfo: applicationScale - 1.0
01-24 03:12:24.653  8282  8282 D InputTransport: Input channel destroyed: fd=53
01-24 03:12:24.653 15555 15555 D BadgeCountReceiver: badge intent : Intent { act=android.intent.action.BADGE_COUNT_UPDATE flg=0x10 cmp=com.sec.android.provider.badge/.BadgeCountReceiver launchParam=MultiScreenLaunchParams { mDisplayId=0 mFlags=0 } bqHint=1 (has extras) }
01-24 03:12:24.653 15555 15555 D BadgeCountReceiver: packageName: com.android.vending, className: com.android.vending.AssetBrowserActivity, count: 0
01-24 03:12:24.653  3755  4498 I ActivityManager: Process com.GeekTechnique.InfinityStack (pid 15211) has died(256,1769)
01-24 03:12:24.654  3755  4498 D ActivityManager: cleanUpApplicationRecord -- 15211
01-24 03:12:24.655  3755  4498 W ActivityManager: Force removing ActivityRecord{9e1b30cd0 u0 com.GeekTechnique.InfinityStack/com.epicgames.ue4.GameActivity t1074}: app died, no saved state
01-24 03:12:24.655  3755  4498 W MultiScreenManagerService: moveTaskBackToDisplayIfNeeded(): root is not base activity
01-24 03:12:24.656  5967  8175 D ForegroundUtils: could not check pending caller
01-24 03:12:24.656  3755  4498 D GameManagerService: sem_perfomance_mode: 0
01-24 03:12:24.657  3755  3767 D InputDispatcher: Focus left window: 15211
01-24 03:12:24.657  3755  3767 D InputTransport: Input channel destroyed: fd=520
01-24 03:12:24.658  3755  3767 D InputTransport: Input channel constructed: fd=510
01-24 03:12:24.658  3755  3767 D InputTransport: Input channel constructed: fd=519
01-24 03:12:24.659  3755  3767 D WindowManager: openInputChannel mInputChannel: b9ebcc5 com.GeekTechnique.InfinityStack/com.epicgames.ue4.GameActivity (server)
01-24 03:12:24.659  3755  4453 I Sensors : Mag old sensor_state 19, new sensor_state : 3 en : 0
01-24 03:12:24.659  3755  3767 D InputDispatcher: Focus entered window: 15211
01-24 03:12:24.661  3755  7362 I WindowManager: WIN DEATH: Window{d114b28d0 u0 SurfaceView - com.GeekTechnique.InfinityStack/com.epicgames.ue4.GameActivity}
01-24 03:12:24.662  3755  7362 I WindowManager_SurfaceController: Destroying surface Surface(name=SurfaceView - com.GeekTechnique.InfinityStack/com.epicgames.ue4.GameActivity) called by com.android.server.wm.WindowStateAnimator.destroySurface:2907 com.android.server.wm.WindowStateAnimator.destroySurfaceLocked:1120 com.android.server.wm.WindowState.removeLocked:1864 com.android.server.wm.WindowManagerService.removeWindowInnerLocked:2934 com.android.server.wm.WindowManagerService.removeWindowLocked:2879 com.android.server.wm.WindowState$DeathRecipient.binderDied:2304 android.os.BinderProxy.sendDeathNotice:701 <bottom of call stack> 
01-24 03:12:24.663  3219  3284 I SurfaceFlinger: id=616 Removed HameActivit (6/10)
01-24 03:12:24.663  3219  3284 I SurfaceFlinger: id=616 Removed HameActivit (-2/10)
01-24 03:12:24.664  3219  3284 I SurfaceFlinger: id=617 Removed HameActivit (5/9)
01-24 03:12:24.664  3219  3281 I SurfaceFlinger: id=617 Removed HameActivit (-2/9)
01-24 03:12:24.666  3755  4453 I Sensors : Gyro old sensor_state 3, new sensor_state : 1 en : 0
01-24 03:12:24.680  3755  4498 D InputDispatcher: Focus left window: 15211
01-24 03:12:24.681  3755  4498 D WindowManager: disposeInputChannel mInputChannel: b9ebcc5 com.GeekTechnique.InfinityStack/com.epicgames.ue4.GameActivity (server)
01-24 03:12:24.681  3755  4498 D InputTransport: Input channel destroyed: fd=519
01-24 03:12:24.682  3755  4498 I WindowManager_SurfaceController: Destroying surface Surface(name=com.GeekTechnique.InfinityStack/com.epicgames.ue4.GameActivity) called by com.android.server.wm.WindowStateAnimator.destroySurface:2907 com.android.server.wm.WindowStateAnimator.destroySurfaceLocked:1120 com.android.server.wm.WindowState.removeLocked:1864 com.android.server.wm.WindowManagerService.removeWindowInnerLocked:2934 com.android.server.wm.WindowManagerService.removeWindowLocked:2879 com.android.server.wm.WindowManagerService.removeWindowLocked:2689 com.android.server.wm.AppWindowToken.removeAllWindows:607 com.android.server.wm.AppWindowToken.removeAppFromTaskLocked:369 
01-24 03:12:24.682  3219  7712 I SurfaceFlinger: id=615 Removed HameActivit (5/8)
01-24 03:12:24.687  3755  4498 D InputTransport: Input channel destroyed: fd=510
01-24 03:12:24.689  3755  4498 D InputDispatcher: Focused application released
01-24 03:12:24.692  3755  4498 D ActivityManager: resumeTopActivityInnerLocked() : #1 prevTask=null next=ActivityRecord{5872921d0 u0 com.google.android.youtube/com.google.android.apps.youtube.app.WatchWhileActivity t1069} mFocusedStack=ActivityStack{8f7b0bad0 stackId=1, 1 tasks}
01-24 03:12:24.694  3755  4498 D CustomFrequencyManagerService: acquireDVFSLockLocked : type : DVFS_MIN_LIMIT  frequency : 1300000  uid : 1000  pid : 3755  pkgName : AMS_ACT_RESUME@CPU_MIN@13
01-24 03:12:24.695  3755  4498 D ActivityManagerPerformance: AMP_acquire() ACT_RESUME
01-24 03:12:24.696  3755  4498 D ActivityManager: applyOptionsLocked(), pendingOptions : null
01-24 03:12:24.700  3755  4498 V WindowOrientationListener: OrientationSensorJudge.getProposedRotation, Rotation: 0
01-24 03:12:24.700  3755  4498 V WindowOrientationListener: OrientationSensorJudge.getProposedRotation, Rotation: 0
01-24 03:12:24.700  3755  4498 V WindowManager: rotationForOrientationLw(orient=-1, last=0); user=0  sensorRotation=0 mLidState=-1 mDockMode=0 mHdmiPlugged=false
01-24 03:12:24.701  3755  7364 V WindowManager: Relayout Window{65b1851d0 u0 SurfaceView - com.google.android.youtube/com.google.android.apps.youtube.app.WatchWhileActivity}: viewVisibility=0 req=1920x1080 WM.LayoutParams{(0,63)(1080x607) gr=#800033 ty=1001 fl=#4218 pfl=0x12040 fmt=4 naviIconColor=0}
01-24 03:12:24.702 28299 28299 D SurfaceView: Relayout returned: oldFrame=[0,63][1080,670] newFrame=[0,63][1080,670] result=0x3 surface={Surface(name=null)/@0xdf81e18 isValid=true 517136683008}
01-24 03:12:24.704  3755  7357 D WindowManager: finishDrawingWindow: Window{65b1851d0 u0 SurfaceView - com.google.android.youtube/com.google.android.apps.youtube.app.WatchWhileActivity} mDrawState=HAS_DRAWN
01-24 03:12:24.705  3755  4498 D GameManagerService: sem_perfomance_mode: 0
01-24 03:12:24.705  3755  3755 D GameManagerService: NotifyRunnable. pkg: com.google.android.youtube, type: 4, isMinimized: false, isTunableApp: false
01-24 03:12:24.705  3755  3755 D GameManagerService: do nothing. mKillNotiCount: 3
01-24 03:12:24.711  3755  7363 V WindowManager: Relayout Window{8514e2d0 u0 com.google.android.youtube/com.google.android.apps.youtube.app.WatchWhileActivity}: viewVisibility=0 req=1080x1920 WM.LayoutParams{(0,0)(fillxfill) sim=#10 ty=1 fl=#81810100 pfl=0x20000 fmt=-3 wanim=0x1030465 vsysui=0x1700 sysuil=true needsMenuKey=2 naviIconColor=0}
01-24 03:12:24.716  6100  6100 D LauncherApplication: onChange: mBadgeRefreshHandler removeCallbacks
01-24 03:12:24.716  3755  7363 D InputDispatcher: Focus entered window: 28299
01-24 03:12:24.716  3755  3775 D WindowManager: set systemUiVisibility of statusbar : vis= 0x1708
01-24 03:12:24.716 15555 15555 D MethodReflector: notifyChange is called
01-24 03:12:24.717  3755  3790 D KnoxTimeoutHandler: notifyActivityDrawn [MsgParam] userId: 0 fullscreen is true showWhenlocked is false isMutiwindowRecord is false multiwindowstyle is 1
01-24 03:12:24.717 28299 28299 D ViewRootImpl@fb23aa9[WatchWhileActivity]: Relayout returned: oldFrame=[0,0][1080,1920] newFrame=[0,0][1080,1920] result=0x3 surface={isValid=true 517136690176} surfaceGenerationChanged=true
01-24 03:12:24.717  3755  3755 D KnoxTimeoutHandler: activityDrawn [MsgParam] userId: 0 fullscreen is true showWhenlocked is false isMutiwindowRecord is false multiwindowstyle is 1
01-24 03:12:24.718 28299 28299 D ViewRootImpl@fb23aa9[WatchWhileActivity]: mHardwareRenderer.initialize() mSurface={isValid=true 517136690176} hwInitialized=true
01-24 03:12:24.718  3755  4448 D WindowManager: adjustSystemUiVisibilityLw : vis= 0x1708
01-24 03:12:24.718 15555 15555 D BadgeProvider: sendNotify entered. [uri] : content://com.sec.badge/apps
