--------- beginning of main
01-23 22:42:10.753  7043 21015 I GamesSyncAdapter: Sync duration for d25eb2fc: 1632
01-23 22:42:10.786  7043  7809 W GamesServiceBroker: Client connected with SDK 15022000, Services 14799019, and Games 78250040
01-23 22:42:10.799 21157 21157 D SamsungAnalytics:1.8.33: cf feature is supported
01-23 22:42:10.807 21157 21157 D SamsungAnalytics:1.8.33: [Tracker] Tracker start:1.8.33
01-23 22:42:10.807 21157 21157 I DMT-DropBoxReceiver: Received : android.intent.action.DROPBOX_ENTRY_ADDED
--------- beginning of system
01-23 22:42:10.811  3755  7368 I ActivityManager: Killing 7897:com.sec.phone/1001 (adj 906): DHA:empty #31
01-23 22:42:10.812  3755  7368 D CompatibilityInfo: mCompatibilityFlags - 0
01-23 22:42:10.812  3755  7368 D CompatibilityInfo: applicationDensity - 420
01-23 22:42:10.812  3755  7368 D CompatibilityInfo: applicationScale - 1.0
01-23 22:42:10.820  3755  7343 D CompatibilityInfo: mCompatibilityFlags - 0
01-23 22:42:10.820  3755  7343 D CompatibilityInfo: applicationDensity - 420
01-23 22:42:10.820  3755  7343 D CompatibilityInfo: applicationScale - 1.0
01-23 22:42:10.831  3755  6279 D ActivityManager: cleanUpApplicationRecord -- 7897
01-23 22:42:10.832  5967  5990 D ForegroundUtils: could not check pending caller
01-23 22:42:10.845  3755  3767 D SamsungAlarmManager: setInexact Intent (T:3/F:0/AC:false) 20190123T224310 - CU:10014/CP:5873
01-23 22:42:11.164  3755 20921 I HarmonyEASService: Updating for all 1
01-23 22:42:11.423 21177 21177 D SecurityManagerNative: SecurityManagerNative v2.7.2.5 On 64bit PLATFORM With BORINGSSL
01-23 22:42:11.429 21177 21177 E appproc : Enhanced Zygote ASLR: ro.knox.enhance.zygote.aslr != 1. Enhanced Zygote ASLR is DISABLED!
01-23 22:42:11.429 21177 21177 D AndroidRuntime: >>>>>> START com.android.internal.os.RuntimeInit uid 2000 <<<<<<
01-23 22:42:11.433 21177 21177 D AndroidRuntime: CheckJNI is OFF
01-23 22:42:11.436 21177 21177 D AndroidRuntime: addProductProperty: start
01-23 22:42:11.690 21177 21177 I [saiv 1.1]: saiv_OnLoadJNI.cpp(38): _init: Version 1.1 Build # 3532
01-23 22:42:11.690 21177 21177 I [saiv 1.1]: saiv_OnLoadJNI.cpp(43): _init: _init() was called
01-23 22:42:11.736 21177 21177 I MLDAP   : ================================================
01-23 22:42:11.736 21177 21177 I MLDAP   :  MLDAP_LIB v1.1.16
01-23 22:42:11.736 21177 21177 I MLDAP   : ================================================
01-23 22:42:11.823 21177 21177 I TMSDISP : AcsAndroidVirtualDisplayIntfImpl
01-23 22:42:11.869 21177 21177 D ICU     : No timezone override file found: /data/misc/zoneinfo/current/icu/icu_tzdata.dat
01-23 22:42:11.903 21177 21177 I Radio-JNI: register_android_hardware_Radio DONE
01-23 22:42:11.914 21177 21177 D ReflectionHelper: loadKlass() : caller=android.app.Activity.<clinit>:7555 <bottom of call stack> 
01-23 22:42:11.914 21177 21177 D ReflectionHelper: Reflecting method.....  class <onScreenChanged>
01-23 22:42:11.916 21177 21177 E SemAffinityControl: SemAffinityControl: registerfunction enter
01-23 22:42:11.930 21177 21177 D AndroidRuntime: Calling main entry com.android.commands.am.Am
01-23 22:42:11.950 20338 20395 I System.out: (HTTPLog)-Static: isSBSettingEnabled false
01-23 22:42:11.951 20338 20395 I System.out: (HTTPLog)-Static: isSBSettingEnabled false
01-23 22:42:11.952  3755  7367 I ActivityManager: START u0 {act=null typ=null flg=0x10000000 cmp=ComponentInfo{com.GeekTechnique.InfinityStack/com.epicgames.ue4.SplashActivity}} from uid 2000 on display 0
01-23 22:42:11.959  3755  7367 D ActivityManager: ActivityRecord() Constructor : multiScreenAttrs=MultiScreenAttrs{mDisplayId=0, mBaseDisplayId=0, mBaseActivity=false}
01-23 22:42:11.960  3755  7367 D ActivityManager: computeStackFocus: stackId=1
01-23 22:42:11.960  3755  7367 D MultiScreenManagerService: createStack: stackId=1 createOnTop=true caller=com.android.server.am.ActivityStackSupervisor.getStack:2422 com.android.server.am.ActivityStarter.computeStackFocus:2479 com.android.server.am.ActivityStarter.setTaskFromReuseOrCreateNewTask:2170 com.android.server.am.ActivityStarter.startActivityUnchecked:1433 
01-23 22:42:11.962  3755  7367 D ActivityManager: attachDisplay() : attach stack#1 to d0
01-23 22:42:11.962  3755  7367 D MultiScreenManagerService: createStack: stackId=1 displayId=0 createOnTop=true
01-23 22:42:11.962  3755  7367 D MultiScreenManagerService: createStack: stack=ActivityStack{af73c4cd0 stackId=1, 0 tasks}
01-23 22:42:11.962  3755  7367 D ActivityManager: computeStackFocus: New stack r=ActivityRecord{e6c0495d0 u0 com.GeekTechnique.InfinityStack/com.epicgames.ue4.SplashActivity t-1} stackId=1
01-23 22:42:11.963  3755  7367 D ActivityTrigger: Activity is Triggerred in full screen 
01-23 22:42:11.966  3755  7367 D CompatibilityInfo: mCompatibilityFlags - 0
01-23 22:42:11.966  3755  7367 D CompatibilityInfo: applicationDensity - 420
01-23 22:42:11.966  3755  7367 D CompatibilityInfo: applicationScale - 1.0
01-23 22:42:11.966  3755  7367 D ActivityManager: moveToFront() : reason=startedActivity setFocusedActivity isAttached=true TaskRecord{3555511d0 #1063 A=com.GeekTechnique.InfinityStack U=0 StackId=1 sz=1}
01-23 22:42:11.967  3755  7367 D ActivityManager: setFocusStackUnchecked: reason=startedActivity setFocusedActivity focusCandidate=ActivityStack{af73c4cd0 stackId=1, 1 tasks} caller=com.android.server.am.ActivityStack.moveToFront:874 com.android.server.am.ActivityStackSupervisor.moveActivityStackToFront:2005 
01-23 22:42:11.972  3755  7357 D ConnectivityService: filterNetworkStateForUid() uid: 10029 networkInfo: [type: WIFI[] - WIFI, state: CONNECTED/CONNECTED, reason: (unspecified), extra: "wilkinson2.4", failover: false, available: true, roaming: false, metered: false]
01-23 22:42:11.972  3755  7367 D InputDispatcher: Focused application set to: xxxx
01-23 22:42:11.974  3755  4444 D ConnectivityService: filterNetworkStateForUid() uid: 10029 networkInfo: [type: WIFI[] - WIFI, state: CONNECTED/CONNECTED, reason: (unspecified), extra: "wilkinson2.4", failover: false, available: true, roaming: false, metered: false]
01-23 22:42:11.974  3755  7367 D ActivityManager: resumeTopActivityInnerLocked() : #1 prevTask=TaskRecord{3555511d0 #1063 A=com.GeekTechnique.InfinityStack U=0 StackId=1 sz=1} next=ActivityRecord{e6c0495d0 u0 com.GeekTechnique.InfinityStack/com.epicgames.ue4.SplashActivity t1063} mFocusedStack=ActivityStack{af73c4cd0 stackId=1, 1 tasks}
01-23 22:42:11.974  3755  7367 D ActivityManager: applyOptionsLocked(), pendingOptions : null
01-23 22:42:11.977  3755  7367 D MountService: getExternalStorageMountMode : 3
01-23 22:42:11.977  3755  7367 D MountService: getExternalStorageMountMode : 3
01-23 22:42:11.977  3755  7367 D MountService: getExternalStorageMountMode : final mountMode=3, uid : 10404, packageName : com.GeekTechnique.InfinityStack
01-23 22:42:11.994 21187 21187 E Zygote  : v2
01-23 22:42:11.994 21187 21187 I libpersona: KNOX_SDCARD checking this for 10404
01-23 22:42:11.994 21187 21187 I libpersona: KNOX_SDCARD not a persona
01-23 22:42:11.994  3755  7367 I ActivityManager: Start proc 21187:com.GeekTechnique.InfinityStack/u0a404 for activity com.GeekTechnique.InfinityStack/com.epicgames.ue4.SplashActivity
01-23 22:42:11.995 21187 21187 E Zygote  : accessInfo : 0
01-23 22:42:11.996 21187 21187 W SELinux : SELinux selinux_android_compute_policy_index : Policy Index[2],  Con:u:r:zygote:s0 RAM:SEPF_SECMOBILE_7.0_0009, [-1 -1 -1 -1 0 1]
01-23 22:42:11.998 21187 21187 I SELinux : SELinux: seapp_context_lookup: seinfo=untrusted, level=s0:c512,c768, pkgname=com.GeekTechnique.InfinityStack 
01-23 22:42:12.000 21177 21177 D AndroidRuntime: Shutting down VM
01-23 22:42:12.005 21187 21187 I art     : Late-enabling -Xcheck:jni
01-23 22:42:12.034 21187 21187 D TimaKeyStoreProvider: TimaKeyStore is not enabled: cannot add TimaSignature Service and generateKeyPair Service
01-23 22:42:12.036 21177 21177 I TMSDISP : AcsAndroidVirtualDisplayIntfImpl::~AcsAndroidVirtualDisplayIntfImpl - Enter
01-23 22:42:12.036 21177 21177 I TMSDISP : AcsAndroidVirtualDisplayIntfImpl::~AcsAndroidVirtualDisplayIntfImpl - Enter2
01-23 22:42:12.036 21177 21177 I TMSDISP : AcsAndroidVirtualDisplayIntfImpl::~AcsAndroidVirtualDisplayIntfImpl - mSource2
01-23 22:42:12.036 21177 21177 I TMSDISP : AcsAndroidVirtualDisplayIntfImpl::~AcsAndroidVirtualDisplayIntfImpl - Exit
01-23 22:42:12.039  3755  6281 D CompatibilityInfo: mCompatibilityFlags - 0
01-23 22:42:12.039  3755  6281 D CompatibilityInfo: applicationDensity - 420
01-23 22:42:12.039  3755  6281 D CompatibilityInfo: applicationScale - 1.0
01-23 22:42:12.039  3755  6281 I ActivityManager: DSS on for com.GeekTechnique.InfinityStack and scale is 1.0
01-23 22:42:12.041  3755  6281 D CompatibilityInfo: mCompatibilityFlags - 0
01-23 22:42:12.041  3755  6281 D CompatibilityInfo: applicationDensity - 420
01-23 22:42:12.041  3755  6281 D CompatibilityInfo: applicationScale - 1.0
01-23 22:42:12.056  3755  6281 D CompatibilityInfo: mCompatibilityFlags - 0
01-23 22:42:12.056  3755  6281 D CompatibilityInfo: applicationDensity - 420
01-23 22:42:12.056  3755  6281 D CompatibilityInfo: applicationScale - 1.0
01-23 22:42:12.057  3755  6281 D GameManagerService: sem_perfomance_mode: 0
01-23 22:42:12.058  3755  3755 D GameManagerService: NotifyRunnable. pkg: com.GeekTechnique.InfinityStack, type: 4, isMinimized: false, isTunableApp: false
01-23 22:42:12.058  3755  3755 D GameManagerService: do nothing. mKillNotiCount: 3
01-23 22:42:12.066  3755  6281 D ActivityTrigger: ActivityTrigger activityPauseTrigger 
01-23 22:42:12.067  3755  6281 D GameManagerService: sem_perfomance_mode: 0
01-23 22:42:12.074  3755  3755 D GameManagerService: onDisplayChanged. displyId: 0
01-23 22:42:12.075  3755  3755 D GameManagerService: dpi: 420, longPixel: 1920, shortPixel: 1080
01-23 22:42:12.087  5967  5990 D ForegroundUtils: could not check pending caller
01-23 22:42:12.087  5967  5990 D ForegroundUtils: could not check pending caller
01-23 22:42:12.089  3755  9977 D GamePkgDataHelper: getGamePkgData(). com.GeekTechnique.InfinityStack
01-23 22:42:12.090  3755  9977 D GameManagerService: identifyGamePackage. com.GeekTechnique.InfinityStack
01-23 22:42:12.090  3755  9977 D GameManagerService: identifyGamePackage. com.GeekTechnique.InfinityStack
01-23 22:42:12.100  3755  9977 D TelephonyManager: getAllCellInfo : Caller (PID / UID / TID): 3755 / 1000 / 9977
01-23 22:42:12.104  6100  6100 D ViewRootImpl@dea20de[LauncherActivity]: mHardwareRenderer.destroy()#1
01-23 22:42:12.106  3755  7344 V WindowManager: Relayout Window{b497154d0 u0 com.sec.android.app.launcher/com.sec.android.app.launcher.activities.LauncherActivity}: viewVisibility=4 req=1080x1920 WM.LayoutParams{(0,0)(fillxfill) sim=#130 ty=1 fl=#81910d00 pfl=0x20000 fmt=-2 wanim=0x103038a vsysui=0x600 needsMenuKey=2 dimDuration=0 naviIconColor=0}
01-23 22:42:12.107  3755  7344 I WindowManager_SurfaceController: Destroying surface Surface(name=com.sec.android.app.launcher/com.sec.android.app.launcher.activities.LauncherActivity) called by com.android.server.wm.WindowStateAnimator.destroySurface:2907 com.android.server.wm.WindowStateAnimator.destroySurfaceLocked:1120 com.android.server.wm.WindowState.destroyOrSaveSurface:2662 com.android.server.wm.WindowManagerService.tryStartExitingAnimation:3577 com.android.server.wm.WindowManagerService.relayoutWindow:3433 com.android.server.wm.Session.relayout:240 android.view.IWindowSession$Stub.onTransact:288 com.android.server.wm.Session.onTransact:161 
01-23 22:42:12.108  3219  3451 I SurfaceFlinger: id=321 Removed MauncherAct (1/5)
01-23 22:42:12.109  3219  7712 I SurfaceFlinger: id=321 Removed MauncherAct (-2/5)
01-23 22:42:12.114  6100  6100 D ViewRootImpl@dea20de[LauncherActivity]: Relayout returned: oldFrame=[0,0][1080,1920] newFrame=[0,0][1080,1920] result=0x5 surface={isValid=false 0} surfaceGenerationChanged=true
01-23 22:42:12.115  6100  6100 D Launcher: onTrimMemory. Level: 20
01-23 22:42:12.133  6100  6100 D ViewRootImpl@dea20de[LauncherActivity]: mHardwareRenderer.destroy()#1
01-23 22:42:12.134  3755  7343 V WindowManager: Relayout Window{b497154d0 u0 com.sec.android.app.launcher/com.sec.android.app.launcher.activities.LauncherActivity}: viewVisibility=8 req=1080x1920 WM.LayoutParams{(0,0)(fillxfill) sim=#130 ty=1 fl=#81910d00 pfl=0x20000 fmt=-2 wanim=0x103038a vsysui=0x600 needsMenuKey=2 dimDuration=0 naviIconColor=0}
01-23 22:42:12.138  6100  6100 D ViewRootImpl@dea20de[LauncherActivity]: Relayout returned: oldFrame=[0,0][1080,1920] newFrame=[0,0][1080,1920] result=0x1 surface={isValid=false 0} surfaceGenerationChanged=false
01-23 22:42:12.146  3755  4453 I ActivityManager: START u0 {act=null typ=null flg=0x10000 cmp=ComponentInfo{com.GeekTechnique.InfinityStack/com.epicgames.ue4.GameActivity}} from uid 10404 on display 0
01-23 22:42:12.148  3755  4453 D ActivityManager: ActivityRecord() Constructor : multiScreenAttrs=MultiScreenAttrs{mDisplayId=0, mBaseDisplayId=0, mBaseActivity=false}
01-23 22:42:12.149  3755  4453 D ActivityManager: moveToFront() : reason=intentActivityFound isAttached=true null
01-23 22:42:12.150  3755  4453 D ActivityManager: moveToFront() : reason=sourceStackToFront isAttached=true null
01-23 22:42:12.152  3755  4453 D ActivityTrigger: Activity is Triggerred in full screen 
01-23 22:42:12.153  3755  4453 D CompatibilityInfo: mCompatibilityFlags - 0
01-23 22:42:12.153  3755  4453 D CompatibilityInfo: applicationDensity - 420
01-23 22:42:12.153  3755  4453 D CompatibilityInfo: applicationScale - 1.0
01-23 22:42:12.153  3755  4453 D ActivityManager: moveToFront() : reason=startedActivity setFocusedActivity isAttached=true TaskRecord{3555511d0 #1063 A=com.GeekTechnique.InfinityStack U=0 StackId=1 sz=2}
01-23 22:42:12.154  3755  4453 D InputDispatcher: Focused application set to: xxxx
01-23 22:42:12.155  3755  4453 D ActivityManager: resumeTopActivityInnerLocked() : #1 prevTask=TaskRecord{3555511d0 #1063 A=com.GeekTechnique.InfinityStack U=0 StackId=1 sz=2} next=ActivityRecord{7669676d0 u0 com.GeekTechnique.InfinityStack/com.epicgames.ue4.GameActivity t1063} mFocusedStack=ActivityStack{af73c4cd0 stackId=1, 1 tasks}
01-23 22:42:12.159  3755  4444 W MultiScreenManagerService: moveTaskBackToDisplayIfNeeded(): The task has more than one activity
01-23 22:42:12.203  3755  5048 D ActivityManager: setAppIconInfo(), x : 0, y : 0, width : 0, height : 0, isHomeItem : false
01-23 22:42:12.203  3755  5048 D ActivityManager: resumeTopActivityInnerLocked() : #1 prevTask=null next=ActivityRecord{7669676d0 u0 com.GeekTechnique.InfinityStack/com.epicgames.ue4.GameActivity t1063} mFocusedStack=ActivityStack{af73c4cd0 stackId=1, 1 tasks}
01-23 22:42:12.206 21187 21198 I art     : Background sticky concurrent mark sweep GC freed 16868(726KB) AllocSpace objects, 0(0B) LOS objects, 20% free, 7MB/9MB, paused 6.960ms total 23.107ms
01-23 22:42:12.207  3755  5048 D CompatibilityInfo: mCompatibilityFlags - 0
01-23 22:42:12.207  3755  5048 D CompatibilityInfo: applicationDensity - 420
01-23 22:42:12.207  3755  5048 D CompatibilityInfo: applicationScale - 1.0
01-23 22:42:12.208  3755  5048 D GameManagerService: sem_perfomance_mode: 0
01-23 22:42:12.208  3755  3755 D GameManagerService: NotifyRunnable. pkg: com.GeekTechnique.InfinityStack, type: 4, isMinimized: false, isTunableApp: false
01-23 22:42:12.208  3755  3755 D GameManagerService: do nothing. mKillNotiCount: 3
01-23 22:42:12.211  3755  5048 D ActivityTrigger: ActivityTrigger activityPauseTrigger 
01-23 22:42:12.212  3755  5048 D GameManagerService: sem_perfomance_mode: 0
01-23 22:42:12.217  3755  4521 D MdnieScenarioControlService:  packageName : com.GeekTechnique.InfinityStack    className : com.epicgames.ue4.GameActivity
01-23 22:42:12.221  3755  9977 D GameManagerService: identifyGamePackage. com.GeekTechnique.InfinityStack
01-23 22:42:12.223  3755  9977 D GameManagerService: identifyGamePackage. com.GeekTechnique.InfinityStack
01-23 22:42:12.224 21187 21187 D OVRPlugin: JNI_OnLoad
01-23 22:42:12.285 21187 21187 D UE4     : Used memory before allocating anything was 51.77MB
01-23 22:42:12.413  3755  3774 D MountService: getExternalStorageMountMode : 1
01-23 22:42:12.413  3755  3774 D MountService: getExternalStorageMountMode : 3
01-23 22:42:12.413  3755  3774 D MountService: getExternalStorageMountMode : final mountMode=1, uid : 10190, packageName : com.qualcomm.embms
01-23 22:42:12.450 21205 21205 E Zygote  : v2
01-23 22:42:12.450 21205 21205 I libpersona: KNOX_SDCARD checking this for 10190
01-23 22:42:12.450 21205 21205 I libpersona: KNOX_SDCARD not a persona
01-23 22:42:12.452  3755  3774 I ActivityManager: Start proc 21205:com.qualcomm.embms:remote/u0a190 for service com.qualcomm.embms/.EmbmsService
01-23 22:42:12.452 21205 21205 E Zygote  : accessInfo : 0
01-23 22:42:12.453 21205 21205 W SELinux : SELinux selinux_android_compute_policy_index : Policy Index[2],  Con:u:r:zygote:s0 RAM:SEPF_SECMOBILE_7.0_0009, [-1 -1 -1 -1 0 1]
01-23 22:42:12.456 21205 21205 I SELinux : SELinux: seapp_context_lookup: seinfo=platform, level=s0:c512,c768, pkgname=com.qualcomm.embms:remote 
01-23 22:42:12.488 21187 21187 D UE4     : In the JNI_OnLoad function
01-23 22:42:12.489 21187 21187 D UE4     : [JNI] - Failed to determine if app purchasing is enabled!
01-23 22:42:12.493 21187 21187 D UE4     : Path found as '/storage/emulated/0'
01-23 22:42:12.493 21187 21187 D UE4     : Font Path found as '/system/fonts/'
01-23 22:42:12.493 21187 21187 D UE4     : In the JNI_OnLoad function 5
01-23 22:42:12.498 21205 21205 D TimaKeyStoreProvider: TimaKeyStore is not enabled: cannot add TimaSignature Service and generateKeyPair Service
01-23 22:42:12.501  3755  5085 D CompatibilityInfo: mCompatibilityFlags - 0
01-23 22:42:12.501  3755  5085 D CompatibilityInfo: applicationDensity - 420
01-23 22:42:12.501  3755  5085 D CompatibilityInfo: applicationScale - 1.0
01-23 22:42:12.501  3755  5085 I ActivityManager: DSS on for com.qualcomm.embms and scale is 1.0
01-23 22:42:12.503  3755  5085 D CompatibilityInfo: mCompatibilityFlags - 0
01-23 22:42:12.503  3755  5085 D CompatibilityInfo: applicationDensity - 420
01-23 22:42:12.503  3755  5085 D CompatibilityInfo: applicationScale - 1.0
01-23 22:42:12.509  3755  5085 D CompatibilityInfo: mCompatibilityFlags - 0
01-23 22:42:12.509  3755  5085 D CompatibilityInfo: applicationDensity - 420
01-23 22:42:12.509  3755  5085 D CompatibilityInfo: applicationScale - 1.0
01-23 22:42:12.512 21187 21187 V threaded_app: Creating: 0xddd2d960
01-23 22:42:12.512 21187 21220 V threaded_app: Config: mcc=311 mnc=480 lang=en cnt=US orien=1 touch=3 dens=420 keys=1 nav=1 keysHid=3 navHid=0 sdk=24 size=2 long=2 modetype=1 modenight=1
01-23 22:42:12.513 21187 21220 D UE4     : Entering native app glue main function
01-23 22:42:12.513 21187 21220 D UE4     : Created event thread
01-23 22:42:12.513 21187 21220 D UE4     : Entered AndroidMain()
01-23 22:42:12.513 21187 21221 D UE4     : Entering event processing thread engine entry point
01-23 22:42:12.513 21187 21221 D UE4     : Prepared looper for event thread
01-23 22:42:12.513 21187 21221 D UE4     : Passed callback initialization
01-23 22:42:12.513 21187 21221 D UE4     : Passed sensor initialization
01-23 22:42:12.515 21187 21220 D UE4     : Controller interface supported
01-23 22:42:12.515  3755  5047 W ServiceManager: Permission failure: com.samsung.permission.SSENSOR from uid=10404 pid=21187
01-23 22:42:12.516  3755  5047 D PermissionCache: checking com.samsung.permission.SSENSOR for uid=10404 => denied (376 us)
01-23 22:42:12.516  3755  5047 E SensorService: getSensorList a sensor (MAX86900) without holding its required permission: com.samsung.permission.SSENSOR
01-23 22:42:12.516  3755  5047 I SensorService: Skipped sensor MAX86900 because it requires permission com.samsung.permission.SSENSOR and app op -1
01-23 22:42:12.516  3755  5047 W ServiceManager: Permission failure: com.samsung.permission.HRM_EXT from uid=10404 pid=21187
01-23 22:42:12.516  3755  5047 D PermissionCache: checking com.samsung.permission.HRM_EXT for uid=10404 => denied (295 us)
01-23 22:42:12.516  3755  5047 E SensorService: getSensorList a sensor (HRM Ambient Light Canceling) without holding its required permission: com.samsung.permission.HRM_EXT
01-23 22:42:12.516  3755  5047 I SensorService: Skipped sensor HRM Ambient Light Canceling because it requires permission com.samsung.permission.HRM_EXT and app op -1
01-23 22:42:12.516  3755  5047 W ServiceManager: Permission failure: android.permission.BODY_SENSORS from uid=10404 pid=21187
01-23 22:42:12.516  3755  5047 E SensorService: getSensorList a sensor (HRMLED IR) without holding its required permission: android.permission.BODY_SENSORS
01-23 22:42:12.516  3755  5047 I SensorService: Skipped sensor HRMLED IR because it requires permission android.permission.BODY_SENSORS and app op 56
01-23 22:42:12.517  3755  5047 W ServiceManager: Permission failure: android.permission.BODY_SENSORS from uid=10404 pid=21187
01-23 22:42:12.517  3755  5047 E SensorService: getSensorList a sensor (HRMLED RED) without holding its required permission: android.permission.BODY_SENSORS
01-23 22:42:12.517  3755  5047 I SensorService: Skipped sensor HRMLED RED because it requires permission android.permission.BODY_SENSORS and app op 56
01-23 22:42:12.517  3755  5047 E SensorService: getSensorList a sensor (HRM Proximity detecting) without holding its required permission: com.samsung.permission.HRM_EXT
01-23 22:42:12.517  3755  5047 I SensorService: Skipped sensor HRM Proximity detecting because it requires permission com.samsung.permission.HRM_EXT and app op -1
01-23 22:42:12.517  3755  5047 E SensorService: getSensorList a sensor (HRM Sensor) without holding its required permission: com.samsung.permission.SSENSOR
01-23 22:42:12.517  3755  5047 I SensorService: Skipped sensor HRM Sensor because it requires permission com.samsung.permission.SSENSOR and app op -1
01-23 22:42:12.517  3755  5047 W ServiceManager: Permission failure: android.permission.BODY_SENSORS from uid=10404 pid=21187
01-23 22:42:12.517  3755  5047 E SensorService: getSensorList a sensor (HeartRate Sensor) without holding its required permission: android.permission.BODY_SENSORS
01-23 22:42:12.517  3755  5047 I SensorService: Skipped sensor HeartRate Sensor because it requires permission android.permission.BODY_SENSORS and app op 56
01-23 22:42:12.517  3755  5047 E SensorService: getSensorList a sensor (Sensor Diagnostic Monitor) without holding its required permission: com.samsung.permission.SSENSOR
01-23 22:42:12.517  3755  5047 I SensorService: Skipped sensor Sensor Diagnostic Monitor because it requires permission com.samsung.permission.SSENSOR and app op -1
01-23 22:42:12.547 21205 21205 I art     : Starting a blocking GC AddRemoveAppImageSpace
01-23 22:42:12.549 21205 21205 W System  : ClassLoader referenced unknown path: /system/app/embms/lib/arm64
01-23 22:42:12.561 21187 21187 D ViewRootImpl@4bdb50f[GameActivity]: ThreadedRenderer.create() translucent=false
01-23 22:42:12.562  3755  5047 D WindowManager: addWindow: android.view.IWindow$Stub$Proxy@1718f50 displayId=0
01-23 22:42:12.563  3755  5047 D InputTransport: Input channel constructed: fd=435
01-23 22:42:12.563  3755  5047 D InputTransport: Input channel constructed: fd=492
01-23 22:42:12.563  3755  5047 D WindowManager: openInputChannel mInputChannel: c45fe4e com.GeekTechnique.InfinityStack/com.epicgames.ue4.GameActivity (server)
01-23 22:42:12.565  3755  5047 D InputTransport: Input channel destroyed: fd=492
01-23 22:42:12.565 21187 21187 D InputTransport: Input channel constructed: fd=67
01-23 22:42:12.566 21187 21187 D ViewRootImpl@4bdb50f[GameActivity]: setView = DecorView@a8ad99c[GameActivity] touchMode=true
01-23 22:42:12.567 21187 21187 D UE4     : Target SDK is 26.  This may cause issues if permissions are denied by the user.
01-23 22:42:12.569 21187 21187 D PermissionFragment: Creating PlayGamesFragment
01-23 22:42:12.572 21205 21205 I eMBMS  Service: Service created. Version = 00.09.01
01-23 22:42:12.572 21205 21205 I eMBMS  Service: Samsung OemHook Service Created Successfully
01-23 22:42:12.574 21205 21205 D eMBMS  Service: Registering for intent ACTION_UNSOL_RESPONSE_OEM_HOOK_RAW
01-23 22:42:12.575 21205 21205 V EmbmsOemHook: EmbmsOemHook ()
01-23 22:42:12.576 21205 21205 D QC_RIL_OEM_HOOK: Starting QcrilMsgTunnel Service
01-23 22:42:12.577  3755  6065 I ActivityManager: START u0 {act=android.content.pm.action.REQUEST_PERMISSIONS typ=null flg=0x0 cmp=ComponentInfo{com.google.android.packageinstaller/com.android.packageinstaller.permission.ui.GrantPermissionsActivity}} from uid 10404 on display 0
01-23 22:42:12.578  3755  6065 W ActivityManager: REQUEST_PERMISSIONS Action.
01-23 22:42:12.578  3755  6065 W ActivityManager: REQUEST_PERMISSIONS Action.
01-23 22:42:12.580  3755  6065 D ActivityManager: ActivityRecord() Constructor : multiScreenAttrs=MultiScreenAttrs{mDisplayId=0, mBaseDisplayId=0, mBaseActivity=false}
01-23 22:42:12.580  3755  6065 D ActivityManager: moveToFront() : reason=sourceStackToFront isAttached=true null
01-23 22:42:12.582  3755  6065 D ActivityTrigger: Activity is Triggerred in full screen 
01-23 22:42:12.583  3755  6065 D CompatibilityInfo: mCompatibilityFlags - 0
01-23 22:42:12.583  3755  6065 D CompatibilityInfo: applicationDensity - 420
01-23 22:42:12.583  3755  6065 D CompatibilityInfo: applicationScale - 1.0
01-23 22:42:12.583  3755  6065 D ActivityManager: moveToFront() : reason=startedActivity setFocusedActivity isAttached=true TaskRecord{3555511d0 #1063 A=com.GeekTechnique.InfinityStack U=0 StackId=1 sz=3}
01-23 22:42:12.584  3755  6065 D InputDispatcher: Focused application set to: xxxx
01-23 22:42:12.585  3755  6065 D ActivityManager: resumeTopActivityInnerLocked() : #1 prevTask=TaskRecord{3555511d0 #1063 A=com.GeekTechnique.InfinityStack U=0 StackId=1 sz=3} next=ActivityRecord{a07b15ad0 u0 com.google.android.packageinstaller/com.android.packageinstaller.permission.ui.GrantPermissionsActivity t1063} mFocusedStack=ActivityStack{af73c4cd0 stackId=1, 1 tasks}
01-23 22:42:12.589  3755  6277 W ActivityManager: Unable to start service Intent { cmp=com.qualcomm.qcrilmsgtunnel/.QcrilMsgTunnelService launchParam=MultiScreenLaunchParams { mDisplayId=0 mFlags=0 } } U=0: not found
01-23 22:42:12.591  3755  3766 W ActivityManager: Unable to start service Intent { cmp=com.qualcomm.qcrilmsgtunnel/.QcrilMsgTunnelService launchParam=MultiScreenLaunchParams { mDisplayId=0 mFlags=0 } } U=0: not found
01-23 22:42:12.591 21205 21205 D QC_RIL_OEM_HOOK: The QcrilMsgTunnelService will be connected soon 
01-23 22:42:12.593 21205 21205 D QC_RIL_OEM_HOOK: Registering for intent ACTION_UNSOL_RESPONSE_OEM_HOOK_RAW
01-23 22:42:12.593 21187 21187 D UE4     : Vulkan version: 1.0.3
01-23 22:42:12.593 21187 21187 D UE4     : Vulkan level: 1
01-23 22:42:12.593 21205 21205 V QMI_OEMHOOK: Registering Service Id = 2 h = Handler (com.qualcomm.qcrilhook.EmbmsOemHook) {1b5cde9} what = 1
01-23 22:42:12.593 21205 21205 V QMI_OEMHOOK: Registering Service for OnQcRilHookReadyCb =  h = Handler (com.qualcomm.qcrilhook.EmbmsOemHook) {1b5cde9} what = 2
01-23 22:42:12.593 21205 21205 D EmbmsOemHook: Singleton Instance of Embms created.
01-23 22:42:12.593 21205 21205 D eMBMS  Service: mEmbmsOemHook created successfully
01-23 22:42:12.595 21187 21187 D UE4     : Found DepthBufferPreference = 0
01-23 22:42:12.595 21187 21187 D UE4     : Found bPackageDataInsideApk = 0
01-23 22:42:12.595 21187 21187 D UE4     : Found ProjectName = StackerGame
01-23 22:42:12.595 21187 21187 D UE4     : Found AppType = 
01-23 22:42:12.595 21187 21187 D UE4     : Found bHasOBBFiles = 0
01-23 22:42:12.595 21187 21187 D UE4     : Found bVerifyOBBOnStartUp = false
01-23 22:42:12.595 21187 21187 D UE4     : UI hiding set to false
01-23 22:42:12.595 21187 21187 D UE4     : BuildConfiguration set to Development
01-23 22:42:12.595 21187 21187 D UE4     : UseExternalFilesDir set to false
01-23 22:42:12.595 21187 21187 D UE4     : AllowIMU set to true
01-23 22:42:12.595 21187 21187 D UE4     : SupportsVulkan set to false
01-23 22:42:12.595 21187 21187 D UE4     : No GearVR mode detected.
01-23 22:42:12.598 21205 21205 D EmbmsSntpClient: Invalid Sntp server ; Using the default Sntp Server
01-23 22:42:12.600 21205 21205 I EmbmsSntpClient: registerforAlarms
01-23 22:42:12.602 21205 21205 I EmbmsSntpClient: creating EmbmsSntpClient using server = 2.android.pool.ntp.orgperiodicity = 86400000
01-23 22:42:12.602 21205 21205 D eMBMS  Service: mSntpClient created successfully
01-23 22:42:12.602 21205 21205 I EmbmsOemHook: Adding a registrant
01-23 22:42:12.602 21205 21205 I eMBMS  Service: getSib16CoverageStatus called
01-23 22:42:12.603 21205 21205 I eMBMS  Service: Message received: what = 13
01-23 22:42:12.633 21187 21187 D libEGL  : loaded /vendor/lib/egl/libGLES_mali.so
01-23 22:42:12.681 21187 21226 D UE4     : Used memory: 64968
01-23 22:42:12.685 21187 21187 D UE4     : Hardware: SAMSUNG Exynos7420
01-23 22:42:12.685 21187 21187 D UE4     : ro.hardware: samsungexynos7420
01-23 22:42:12.686 21187 21187 D UE4     : Memory: 3662 MB
01-23 22:42:12.691 21187 21187 D UE4     : UseAffinity: false
01-23 22:42:12.691 21187 21187 D UE4     : BigCoreMask: 0xffff
01-23 22:42:12.691 21187 21187 D UE4     : LittleCoreMask: 0x0
01-23 22:42:12.693 21187 21187 D UE4     : APK path: /data/app/com.GeekTechnique.InfinityStack-1/base.apk
01-23 22:42:12.693 21187 21187 D UE4     : OBB in APK: false
01-23 22:42:12.696 21187 21187 D UE4     : InternalFilePath found as '/data/user/0/com.GeekTechnique.InfinityStack/files'
01-23 22:42:12.696 21187 21187 D UE4     : ExternalFilePath found as '/storage/emulated/0/Android/data/com.GeekTechnique.InfinityStack/files'
01-23 22:42:12.697 21187 21187 D UE4     : App is running in Portrait
01-23 22:42:12.697 21187 21187 D UE4     : Android version is 7.0
01-23 22:42:12.697 21187 21187 D UE4     : Android manufacturer is samsung
01-23 22:42:12.697 21187 21187 D UE4     : Android model is SM-N920V
01-23 22:42:12.697 21187 21187 D UE4     : Android build number is NRD90M.N920VVRS3CRH1
01-23 22:42:12.697 21187 21187 D UE4     : OS language is set to en_US
01-23 22:42:12.697 21187 21187 D UE4     : Debugger attached is false
01-23 22:42:12.701 21187 21192 I art     : Compiler allocated 4MB to compile void com.epicgames.ue4.GameActivity.onCreate(android.os.Bundle)
01-23 22:42:12.705 21187 21192 I art     : Do partial code cache collection, code=13KB, data=31KB
01-23 22:42:12.706 21187 21192 I art     : After code cache collection, code=13KB, data=31KB
01-23 22:42:12.706 21187 21192 I art     : Increasing code cache capacity to 128KB
01-23 22:42:12.713  3755  3774 W ActivityManager: Activity pause timeout for ActivityRecord{7669676d0 u0 com.GeekTechnique.InfinityStack/com.epicgames.ue4.GameActivity t1063}
01-23 22:42:12.713  3755  3774 D ActivityManager: resumeTopActivityInnerLocked() : #1 prevTask=null next=ActivityRecord{a07b15ad0 u0 com.google.android.packageinstaller/com.android.packageinstaller.permission.ui.GrantPermissionsActivity t1063} mFocusedStack=ActivityStack{af73c4cd0 stackId=1, 1 tasks}
01-23 22:42:12.714  3755  3774 D ActivityManager: applyOptionsLocked(), pendingOptions : null
01-23 22:42:12.715  3755  3774 D MountService: getExternalStorageMountMode : 2
01-23 22:42:12.715  3755  3774 D MountService: getExternalStorageMountMode : 3
01-23 22:42:12.715  3755  3774 D MountService: getExternalStorageMountMode : final mountMode=2, uid : 10028, packageName : com.google.android.packageinstaller
01-23 22:42:12.733 21239 21239 E Zygote  : v2
01-23 22:42:12.733 21239 21239 I libpersona: KNOX_SDCARD checking this for 10028
01-23 22:42:12.733 21239 21239 I libpersona: KNOX_SDCARD not a persona
01-23 22:42:12.733  3755  3774 I ActivityManager: Start proc 21239:com.google.android.packageinstaller/u0a28 for activity com.google.android.packageinstaller/com.android.packageinstaller.permission.ui.GrantPermissionsActivity
01-23 22:42:12.735 21239 21239 E Zygote  : accessInfo : 0
01-23 22:42:12.735  3755  3774 D ActivityTrigger: ActivityTrigger activityStopTrigger 
01-23 22:42:12.736 21239 21239 W SELinux : SELinux selinux_android_compute_policy_index : Policy Index[2],  Con:u:r:zygote:s0 RAM:SEPF_SECMOBILE_7.0_0009, [-1 -1 -1 -1 0 1]
01-23 22:42:12.738 21187 21187 W PopupManager: You have not specified a View to use as content view for popups. Falling back to the Activity content view. Note that this may not work as expected in multi-screen environments
01-23 22:42:12.739 21239 21239 I SELinux : SELinux: seapp_context_lookup: seinfo=untrusted, level=s0:c512,c768, pkgname=com.google.android.packageinstaller 
01-23 22:42:12.740 21187 21187 D UE4     : ==============> GameActive.onCreate complete!
01-23 22:42:12.742 21187 21187 V threaded_app: Start: 0xddd2d960
01-23 22:42:12.742 21187 21221 V threaded_app: activityState=10
01-23 22:42:12.743 21187 21187 D UE4     : Creating console command broadcast listener
01-23 22:42:12.743 21187 21221 D UE4     : LogAndroidEvents: EnqueueAppEvent : 9, 0, tid = 21221
01-23 22:42:12.744 21187 21187 D UE4     : ==================================> Inside onStart function in GameActivity
01-23 22:42:12.747 21187 21187 V threaded_app: Resume: 0xddd2d960
01-23 22:42:12.747 21187 21221 V threaded_app: activityState=11
01-23 22:42:12.747 21187 21221 D UE4     : Case APP_CMD_RESUME
01-23 22:42:12.747 21187 21221 D UE4     : LogAndroidEvents: EnqueueAppEvent : 7, 0, tid = 21221
01-23 22:42:12.748 21187 21187 D UE4     : ==============> [JAVA] AndroidThunkJava_KeepScreenOn(false) - Enabled screen saver
01-23 22:42:12.748 21187 21187 D UE4     : Registering sensor listeners
01-23 22:42:12.764 21187 21187 D SensorManager: registerListener :: 0, K6DS3TR Acceleration Sensor, 20000, 0,  
01-23 22:42:12.766  3755  5085 I Sensors : Mag old sensor_state 1, new sensor_state : 17 en : 1
01-23 22:42:12.772 21239 21239 D TimaKeyStoreProvider: TimaKeyStore is not enabled: cannot add TimaSignature Service and generateKeyPair Service
01-23 22:42:12.774 21187 21187 D SensorManager: registerListener :: 1, AK09911C Magnetic field Sensor, 20000, 0,  
01-23 22:42:12.774  3755  6281 D CompatibilityInfo: mCompatibilityFlags - 0
01-23 22:42:12.774  3755  6281 D CompatibilityInfo: applicationDensity - 420
01-23 22:42:12.774  3755  6281 D CompatibilityInfo: applicationScale - 1.0
01-23 22:42:12.774  3755  6281 I ActivityManager: DSS on for com.google.android.packageinstaller and scale is 1.0
01-23 22:42:12.775  3755  7344 I Sensors : Gyro old sensor_state 17, new sensor_state : 19 en : 1
01-23 22:42:12.776  3755  6281 D CompatibilityInfo: mCompatibilityFlags - 0
01-23 22:42:12.776  3755  6281 D CompatibilityInfo: applicationDensity - 420
01-23 22:42:12.776  3755  6281 D CompatibilityInfo: applicationScale - 1.0
01-23 22:42:12.777  3755  6281 D InputDispatcher: setInputDispatchMode: enabled=1, frozen=1
01-23 22:42:12.779  3219  3219 I SurfaceFlinger: id=323 createSurf (1080x1920),2 flag=4, TcreenshotS
01-23 22:42:12.782 21187 21187 D SensorManager: registerListener :: 3, K6DS3TR Gyroscope Sensor, 20000, 0,  
01-23 22:42:12.782 21187 21187 D UE4     : App is running in Portrait
01-23 22:42:12.782 21187 21187 D UE4     : ==============> Resuming main init
01-23 22:42:12.783  3755  6080 I RemotePrintSpooler: [user: 0] unbindLocked()
01-23 22:42:12.788  3755  4344 E Sensors : AccSensor : Meta event
01-23 22:42:12.790 21187 21220 D UE4     : APK Commandline: ../../../StackerGame/StackerGame.uproject  /Game/Maps/StackMap -Messaging -SessionId=DDA13864453C2991799FC4921C3FB022 -SessionOwner="nope" -SessionName="Launch On Device" -iterative
01-23 22:42:12.791 21187 21220 D UE4     : Override Commandline: ../../../StackerGame/StackerGame.uproject  /Game/Maps/StackMap -Messaging -SessionId=1C7C24E74414DC5CEA2106925FE05285 -SessionOwner="nope" -SessionName="Launch On Device" -iterative
01-23 22:42:12.791 21187 21220 D UE4     : Final commandline: ../../../StackerGame/StackerGame.uproject  /Game/Maps/StackMap -Messaging -SessionId=1C7C24E74414DC5CEA2106925FE05285 -SessionOwner="nope" -SessionName="Launch On Device" -iterative
01-23 22:42:12.791 21187 21220 D UE4     : Created sync event
01-23 22:42:12.793 21187 21187 D UE4     : ==============> GameActive.onResume complete!
01-23 22:42:12.797 21187 21187 D ViewRootImpl@c266894[GameActivity]: ThreadedRenderer.create() translucent=true
01-23 22:42:12.798  3755  3766 D WindowManager: addWindow: android.view.IWindow$Stub$Proxy@b5496fe displayId=0
01-23 22:42:12.799  3755  3766 D InputTransport: Input channel constructed: fd=492
01-23 22:42:12.799  3755  3766 D InputTransport: Input channel constructed: fd=519
01-23 22:42:12.799  3755  6281 D CompatibilityInfo: mCompatibilityFlags - 0
01-23 22:42:12.799  3755  6281 D CompatibilityInfo: applicationDensity - 420
01-23 22:42:12.799  3755  6281 D CompatibilityInfo: applicationScale - 1.0
01-23 22:42:12.799  3755  3766 D WindowManager: openInputChannel mInputChannel: 51ed0ac com.GeekTechnique.InfinityStack/com.epicgames.ue4.GameActivity (server)
01-23 22:42:12.800  3755  3766 D InputTransport: Input channel destroyed: fd=519
01-23 22:42:12.801 21187 21187 D InputTransport: Input channel constructed: fd=73
01-23 22:42:12.801 21187 21187 V threaded_app: InputQueueCreated: 0xddd2d960 -- 0xddd2e860
01-23 22:42:12.801 21187 21221 V threaded_app: APP_CMD_INPUT_CHANGED
01-23 22:42:12.801  3755  6281 D GameManagerService: sem_perfomance_mode: 0
01-23 22:42:12.801 21187 21221 V threaded_app: Attaching input queue to looper
01-23 22:42:12.802  3755  3755 D GameManagerService: NotifyRunnable. pkg: com.google.android.packageinstaller, type: 4, isMinimized: false, isTunableApp: false
01-23 22:42:12.802  3755  3755 D GameManagerService: do nothing. mKillNotiCount: 3
01-23 22:42:12.802 21187 21187 D ViewRootImpl@c266894[GameActivity]: setView = DecorView@6afcf3d[GameActivity] touchMode=true
01-23 22:42:12.804  3755  6281 D ActivityTrigger: ActivityTrigger activityPauseTrigger 
01-23 22:42:12.804  3755  6281 D GameManagerService: sem_perfomance_mode: 0
01-23 22:42:12.809  3755  4498 D ActivityManager: post active user change for 0 fullscreen true isHomeActivity() false
01-23 22:42:12.809  3755  4498 D KnoxTimeoutHandler: postActiveUserChange [MsgParam] userId: 0 fullscreen is true showWhenlocked is false isMutiwindowRecord is false multiwindowstyle is 0
01-23 22:42:12.810  3755  3755 D KnoxTimeoutHandler: handleActiveUserChange [MsgParam] userId: 0 fullscreen is true showWhenlocked is false isMutiwindowRecord is false multiwindowstyle is 0
01-23 22:42:12.810 21187 21187 V threaded_app: Pause: 0xddd2d960
01-23 22:42:12.810 21187 21221 V threaded_app: activityState=13
01-23 22:42:12.810 21187 21221 D UE4     : Case APP_CMD_PAUSE
01-23 22:42:12.811 21187 21221 D UE4     : LogAndroidEvents: EnqueueAppEvent : 6, 0, tid = 21221
01-23 22:42:12.811 21187 21187 D UE4     : Unregistering sensor listeners
01-23 22:42:12.812  3755  3755 I KnoxTimeoutHandler: Shared devices show user statefalse
01-23 22:42:12.812  5967  5990 D ForegroundUtils: could not check pending caller
01-23 22:42:12.816  3755  7363 I ActivityManager: Killing 20648:com.samsung.android.weather/u0a90 (adj 906): DHA:empty #31
01-23 22:42:12.819 21239 21239 W System  : ClassLoader referenced unknown path: /system/priv-app/GooglePackageInstaller/lib/arm64
01-23 22:42:12.819  3755  9977 D GamePkgDataHelper: getGamePkgData(). com.google.android.packageinstaller
01-23 22:42:12.819  3755  9977 D GameManagerService: identifyGamePackage. com.google.android.packageinstaller
01-23 22:42:12.820  3755  7343 I Sensors : Mag old sensor_state 19, new sensor_state : 3 en : 0
01-23 22:42:12.826  3755  9977 D GameManagerService: identifyGamePackage. com.google.android.packageinstaller
01-23 22:42:12.826  3755  9977 D GameManagerService: identifyGamePackage. com.google.android.packageinstaller
01-23 22:42:12.828  3755  7364 I Sensors : Gyro old sensor_state 3, new sensor_state : 1 en : 0
01-23 22:42:12.835 21187 21187 D SensorManager: unregisterListener ::   
01-23 22:42:12.835 21187 21187 D UE4     : ==============> GameActive.onPause complete!
01-23 22:42:12.839 21187 21187 D ViewRootImpl@4bdb50f[GameActivity]: dispatchAttachedToWindow
01-23 22:42:12.839  3755  6065 D ActivityManager: resumeTopActivityInnerLocked() : #1 prevTask=null next=ActivityRecord{a07b15ad0 u0 com.google.android.packageinstaller/com.android.packageinstaller.permission.ui.GrantPermissionsActivity t1063} mFocusedStack=ActivityStack{af73c4cd0 stackId=1, 1 tasks}
01-23 22:42:12.840  3755  3766 D ActivityManager: cleanUpApplicationRecord -- 20648
01-23 22:42:12.841  3755  5048 V WindowManager: Relayout Window{c45fe4ed0 u0 com.GeekTechnique.InfinityStack/com.epicgames.ue4.GameActivity}: viewVisibility=0 req=1079x1856 WM.LayoutParams{(0,0)(fillxfill) gr=#11 sim=#120 ty=2 fl=#1810508 pfl=0x20000 wanim=0x1030001 vsysui=0x400 needsMenuKey=2 naviIconColor=0}
01-23 22:42:12.841  5967  5983 D ForegroundUtils: could not check pending caller
01-23 22:42:12.843  3219  3219 I SurfaceFlinger: id=324 createSurf (1x1),1 flag=404, HameActivit
01-23 22:42:12.867 21187 21187 D ViewRootImpl@4bdb50f[GameActivity]: Relayout returned: oldFrame=[0,0][0,0] newFrame=[0,0][1080,1920] result=0x27 surface={isValid=true -985669632} surfaceGenerationChanged=true
01-23 22:42:12.868 21187 21187 D ViewRootImpl@4bdb50f[GameActivity]: mHardwareRenderer.initialize() mSurface={isValid=true -985669632} hwInitialized=true
01-23 22:42:12.870 21187 21224 I OpenGLRenderer: Initialized EGL, version 1.4
01-23 22:42:12.870 21187 21224 D OpenGLRenderer: Swap behavior 1
01-23 22:42:12.877 21187 21224 D mali_winsys: EGLint new_window_surface(egl_winsys_display*, void*, EGLSurface, EGLConfig, egl_winsys_surface**, egl_color_buffer_format*, EGLBoolean) returns 0x3000,  [1080x1920]-format:1
01-23 22:42:12.887 21187 21187 D ViewRootImpl@c266894[GameActivity]: dispatchAttachedToWindow
01-23 22:42:12.889  3755  7360 V WindowManager: Relayout Window{51ed0acd0 u0 com.GeekTechnique.InfinityStack/com.epicgames.ue4.GameActivity}: viewVisibility=0 req=1079x1856 WM.LayoutParams{(0,0)(fillxfill) sim=#10 ty=1 fl=#1810500 pfl=0x20000 fmt=1 wanim=0x1030001 vsysui=0x400 needsMenuKey=2 naviIconColor=0}
01-23 22:42:12.890  3219  3219 I SurfaceFlinger: id=325 createSurf (1080x1920),1 flag=4, HameActivit
01-23 22:42:12.898 21187 21187 D ViewRootImpl@c266894[GameActivity]: Relayout returned: oldFrame=[0,0][0,0] newFrame=[0,0][1080,1920] result=0x7 surface={isValid=true -985667584} surfaceGenerationChanged=true
01-23 22:42:12.899 21187 21187 D ViewRootImpl@c266894[GameActivity]: mHardwareRenderer.initialize() mSurface={isValid=true -985667584} hwInitialized=true
01-23 22:42:12.901 21187 21224 D mali_winsys: EGLint new_window_surface(egl_winsys_display*, void*, EGLSurface, EGLConfig, egl_winsys_surface**, egl_color_buffer_format*, EGLBoolean) returns 0x3000,  [1080x1920]-format:1
01-23 22:42:12.904  3755  6080 D WindowManager: addWindow: android.view.IWindow$Stub$Proxy@bdf250a displayId=0
01-23 22:42:12.907  3755  7396 V WindowManager: Relayout Window{2fe4b98d0 u0 SurfaceView - com.GeekTechnique.InfinityStack/com.epicgames.ue4.GameActivity}: viewVisibility=0 req=1080x1920 WM.LayoutParams{(0,0)(1080x1920) gr=#800033 ty=1001 fl=#4218 pfl=0x10040 fmt=4 naviIconColor=0}
01-23 22:42:12.908  3219  3219 I SurfaceFlinger: id=326 createSurf (1080x1920),4 flag=404, HameActivit
01-23 22:42:12.910  3219  3219 I SurfaceFlinger: id=327 createSurf (1080x1920),-1 flag=20404, HameActivit
01-23 22:42:12.920 21187 21187 D SurfaceView: Relayout returned: oldFrame=[0,0][0,0] newFrame=[0,0][1080,1920] result=0x7 surface={Surface(name=null)/@0x14f2239 isValid=true -988139520}
01-23 22:42:12.920 21187 21187 V threaded_app: NativeWindowCreated: 0xddd2d960 -- 0xc51a3008
01-23 22:42:12.920 21187 21221 V threaded_app: APP_CMD_INIT_WINDOW
01-23 22:42:12.920 21187 21221 D UE4     : Case APP_CMD_INIT_WINDOW
01-23 22:42:12.921  3755  3790 V WindowManager: Now policy hidden: Window{2fe4b98d0 u0 SurfaceView - com.GeekTechnique.InfinityStack/com.epicgames.ue4.GameActivity}
01-23 22:42:12.921 21187 21221 D UE4     : LogAndroidEvents: EnqueueAppEvent : 0, 3306827784, tid = 21221
01-23 22:42:12.923  3755  6281 D WindowManager: finishDrawingWindow: Window{2fe4b98d0 u0 SurfaceView - com.GeekTechnique.InfinityStack/com.epicgames.ue4.GameActivity} mDrawState=DRAW_PENDING
01-23 22:42:12.928 21187 21192 I art     : Do partial code cache collection, code=14KB, data=32KB
01-23 22:42:12.928 21187 21192 I art     : After code cache collection, code=14KB, data=32KB
01-23 22:42:12.928 21187 21192 I art     : Increasing code cache capacity to 256KB
01-23 22:42:12.933 21187 21192 I art     : Compiler allocated 7MB to compile boolean com.epicgames.ue4.GameActivity.processSystemInfo(java.lang.String, java.lang.String)
01-23 22:42:12.934 21187 21187 V threaded_app: SaveInstanceState: 0xddd2d960
01-23 22:42:12.934 21187 21221 D UE4     : LogAndroidEvents: EnqueueAppEvent : 12, 0, tid = 21221
01-23 22:42:12.934 21187 21221 V threaded_app: APP_CMD_SAVE_STATE
01-23 22:42:12.935 21187 21187 V threaded_app: Stop: 0xddd2d960
01-23 22:42:12.935 21187 21221 V threaded_app: activityState=14
01-23 22:42:12.935 21187 21221 D UE4     : LogAndroidEvents: EnqueueAppEvent : 8, 0, tid = 21221
01-23 22:42:12.936 21187 21187 D UE4     : ==============> GameActive.onStop complete!
01-23 22:42:12.938 21187 21187 D ViewRootImpl@4bdb50f[GameActivity]: MSG_RESIZED_REPORT: ci=Rect(0, 0 - 0, 0) vi=Rect(0, 63 - 0, 0) or=1
01-23 22:42:12.944  3755  4521 D MdnieScenarioControlService:  packageName : com.google.android.packageinstaller    className : com.android.packageinstaller.permission.ui.GrantPermissionsActivity
01-23 22:42:12.967  3755  4444 W MultiScreenManagerService: moveTaskBackToDisplayIfNeeded(): The task has more than one activity
01-23 22:42:12.968  3755  4444 D ActivityManager: moveToFront() : reason=finishActivity adjustFocus setFocusedActivity isAttached=true TaskRecord{3555511d0 #1063 A=com.GeekTechnique.InfinityStack U=0 StackId=1 sz=2}
01-23 22:42:12.973  3755  4444 D InputDispatcher: Focused application set to: xxxx
01-23 22:42:12.979  3755  5047 D ActivityManager: resumeTopActivityInnerLocked() : #1 prevTask=null next=ActivityRecord{7669676d0 u0 com.GeekTechnique.InfinityStack/com.epicgames.ue4.GameActivity t1063} mFocusedStack=ActivityStack{af73c4cd0 stackId=1, 1 tasks}
01-23 22:42:12.979  3755  5047 D ActivityManager: applyOptionsLocked(), pendingOptions : null
01-23 22:42:13.000  3755  5047 D ActivityTrigger: ActivityTrigger activityPauseTrigger 
01-23 22:42:13.001  3755  5047 D GameManagerService: sem_perfomance_mode: 0
01-23 22:42:13.004  3755  5047 D GameManagerService: sem_perfomance_mode: 0
01-23 22:42:13.004  3755  3755 D GameManagerService: NotifyRunnable. pkg: com.GeekTechnique.InfinityStack, type: 4, isMinimized: false, isTunableApp: false
01-23 22:42:13.004  3755  3755 D GameManagerService: do nothing. mKillNotiCount: 3
01-23 22:42:13.015  3755  5085 D WindowManager: finishDrawingWindow: Window{c45fe4ed0 u0 com.GeekTechnique.InfinityStack/com.epicgames.ue4.GameActivity} mDrawState=DRAW_PENDING
01-23 22:42:13.018  3755  7395 V WindowManager: Relayout Window{51ed0acd0 u0 com.GeekTechnique.InfinityStack/com.epicgames.ue4.GameActivity}: viewVisibility=0 req=1080x1920 WM.LayoutParams{(0,0)(fillxfill) sim=#10 ty=1 fl=#1810500 pfl=0x20000 fmt=1 wanim=0x1030001 vsysui=0x400 needsMenuKey=2 naviIconColor=0}
01-23 22:42:13.020  3755  3774 I ActivityManager: Killing 14838:com.sec.android.daemonapp/u0a184 (adj 906): DHA:empty #31
01-23 22:42:13.024  5967  5990 D ForegroundUtils: could not check pending caller
01-23 22:42:13.026 21187 21187 D ViewRootImpl@c266894[GameActivity]: Relayout returned: oldFrame=[0,0][1080,1920] newFrame=[0,0][1080,1920] result=0x3 surface={isValid=true -985667584} surfaceGenerationChanged=false
01-23 22:42:13.028  3755  7360 V WindowManager: Relayout Window{2fe4b98d0 u0 SurfaceView - com.GeekTechnique.InfinityStack/com.epicgames.ue4.GameActivity}: viewVisibility=0 req=1080x1920 WM.LayoutParams{(0,0)(1080x1920) gr=#800033 ty=1001 fl=#4218 pfl=0x10040 fmt=4 naviIconColor=0}
01-23 22:42:13.034 21187 21187 D SurfaceView: Relayout returned: oldFrame=[0,0][1080,1920] newFrame=[0,0][1080,1920] result=0x3 surface={Surface(name=null)/@0x14f2239 isValid=true -988137472}
01-23 22:42:13.034  3755  7364 D ActivityManager: resumeTopActivityInnerLocked() : #1 prevTask=null next=ActivityRecord{7669676d0 u0 com.GeekTechnique.InfinityStack/com.epicgames.ue4.GameActivity t1063} mFocusedStack=ActivityStack{af73c4cd0 stackId=1, 1 tasks}
01-23 22:42:13.035  3755  7344 D WindowManager: finishDrawingWindow: Window{2fe4b98d0 u0 SurfaceView - com.GeekTechnique.InfinityStack/com.epicgames.ue4.GameActivity} mDrawState=READY_TO_SHOW
01-23 22:42:13.042  3219  3284 I Layer   : [com.GeekTechnique.InfinityStack/com.epicgames.ue4.GameActivity] addSyncPoint start
01-23 22:42:13.042  3219  3284 I Layer   : [com.GeekTechnique.InfinityStack/com.epicgames.ue4.GameActivity] addSyncPoint end
01-23 22:42:13.042  3219  3284 I Layer   : [com.GeekTechnique.InfinityStack/com.epicgames.ue4.GameActivity] addSyncPoint start
01-23 22:42:13.042  3219  3284 I Layer   : [com.GeekTechnique.InfinityStack/com.epicgames.ue4.GameActivity] addSyncPoint end
01-23 22:42:13.044  3219  3281 I Layer   : [com.GeekTechnique.InfinityStack/com.epicgames.ue4.GameActivity] addSyncPoint start
01-23 22:42:13.044  3219  3281 I Layer   : [com.GeekTechnique.InfinityStack/com.epicgames.ue4.GameActivity] addSyncPoint end
01-23 22:42:13.044  3219  3281 I Layer   : [com.GeekTechnique.InfinityStack/com.epicgames.ue4.GameActivity] addSyncPoint start
01-23 22:42:13.044  3219  3281 I Layer   : [com.GeekTechnique.InfinityStack/com.epicgames.ue4.GameActivity] addSyncPoint end
01-23 22:42:13.049  3755  5048 D ActivityManager: cleanUpApplicationRecord -- 14838
