01-23 22:42:16.438  3755  4355 I BarTender:BatteryStatsDBHelper: checkForPowerThreshold called : 1548301336436
01-23 22:42:16.438 21318 21318 D [WeatherWidget(15061)]  DB L2: {[610591C4E30FED4A153FF198DAC84EFE34105AC04224A27A6EA4D87EAF16DF76B52CD5EF9AE8CDBACF25F24E6EA3A49D4E16D607B9579CB8F28E17B614808326]}
01-23 22:42:16.438 21318 21318 D [WeatherWidget(15061)]  : {[0E8A41EEBD23A8CDC74AF20A1577A23791B87F716BC65ACCEAEEE7E1F1D9E8F70CF8D16B6F652A06E336413549345898]}
01-23 22:42:16.439 21318 21318 D [WeatherWidget(15061)]  DB L2: {[610591C4E30FED4A153FF198DAC84EFEE3319B0D622FD4A19809E90ED3C1398368D658B139FCCB8B9564F5B4E9CB634EAC25A21EC76126F1DCAE1C6E507E5647]}
01-23 22:42:16.443  4560  5167 D BluetoothAdapter: appoCount is = 0
01-23 22:42:16.445 21318 21318 D [WeatherWidget(15061)]  : {[E9BDC1AC9F9B078A92B3F309630276C89F9B6E52C087A495B97355481F2FDE5B58A757A09967AB7BD9E1187CEA5BB356FACBD4A552A7402C88647F970C513A69]}
01-23 22:42:16.445  7043 20485 I DeviceScanner: [MDNS] Received response from "XBR-65X900E" (ee56c6c0d568db6554fde8c12f22184a) with result "1 New device"
01-23 22:42:16.446 21318 21318 D [WeatherWidget(15061)]  DB L2: {[610591C4E30FED4A153FF198DAC84EFE259FA03515F619060291D19B9A2E73CB46DA064369D1073FED4BA9669B425DCA2A71E48B7F12859D9E0861D77BAD149F]}
01-23 22:42:16.447 21318 21318 D [WeatherWidget(15061)]  DB L2: {[610591C4E30FED4A153FF198DAC84EFE1A65FB0EE8B7C5763A9CB231BC13495C0980BD17AB2024B4E3F440D28DAC546BBB8DA59BC6470D8581DE23724885A595]}
01-23 22:42:16.448 21318 21318 D [WeatherWidget(15061)]  : {[4E5D5C4244EADDBCDA19A1AC7B26969AC122CA82D70BF5134F46159523EC92F746C4CC9CE8750321D511FD264A16901A]}
01-23 22:42:16.451  4560  4680 D BtGatt.GattService: onScanFilterEnableDisabled() - clientIf=4, status=0, action=1
01-23 22:42:16.451  4560  4680 D BtGatt.ScanManager: callback done for clientIf - 4 status - 0
01-23 22:42:16.452  4560  5167 D BtGatt.ScanManager: set filter index= 5 for clientIf= 4
01-23 22:42:16.452  4560  5167 D BtGatt.ScanManager: addFilterToController: 5
01-23 22:42:16.454  4560  4680 D BtGatt.GattService: onScanFilterConfig() - clientIf=4, action = 0 status = 0, filterType=5, availableSpace=47
01-23 22:42:16.454  4560  4680 D BtGatt.ScanManager: callback done for clientIf - 4 status - 0
01-23 22:42:16.455  4560  5167 D BtGatt.ScanManager: High Rssi Filter value is = -128
01-23 22:42:16.455  4560  5167 D BtGatt.ScanManager: Low Rssi Filter value is = -128
01-23 22:42:16.455  4560  5167 D BtGatt.ScanManager: configureFilterParamter 500 10000 1 0scanFilterRssiThreshold = -128trackableScanFilterRssiThreshold = -128matchmode is =1
01-23 22:42:16.459  4560  4680 D BtGatt.GattService: onScanFilterParamsConfigured() - clientIf=4, status=0, action=0, availableSpace=31
01-23 22:42:16.459  4560  4680 D BtGatt.ScanManager: callback done for clientIf - 4 status - 0
01-23 22:42:16.460  4560  5167 D BtGatt.ScanManager: set filter index= 6 for clientIf= 4
01-23 22:42:16.460  4560  5167 D BtGatt.ScanManager: addFilterToController: 5
01-23 22:42:16.460  3755  5085 D SamsungAlarmManager: Cancel Alarm calling from uid:10285 pid :21391 / op:PendingIntent{ed9213b: PendingIntentRecord{9355058 com.samsung.android.calendar broadcastIntent}}
01-23 22:42:16.461  4560  4680 D BtGatt.GattService: onScanFilterConfig() - clientIf=4, action = 0 status = 0, filterType=5, availableSpace=46
01-23 22:42:16.461  4560  4680 D BtGatt.ScanManager: callback done for clientIf - 4 status - 0
01-23 22:42:16.464  4560  5167 D BtGatt.ScanManager: High Rssi Filter value is = -128
01-23 22:42:16.465  4560  5167 D BtGatt.ScanManager: Low Rssi Filter value is = -128
01-23 22:42:16.465  4560  5167 D BtGatt.ScanManager: configureFilterParamter 500 10000 1 0scanFilterRssiThreshold = -128trackableScanFilterRssiThreshold = -128matchmode is =1
01-23 22:42:16.466  7043  7043 V MediaRouter: Dispatching route change: UserRouteInfo{ name=null, description=null, status=null, category=RouteCategory{ name=Devices types=ROUTE_TYPE_USER  groupable=false }, supportedTypes=ROUTE_TYPE_USER , presentationDisplay=null }
01-23 22:42:16.466  4560  4680 D BtGatt.GattService: onScanFilterParamsConfigured() - clientIf=4, status=0, action=0, availableSpace=30
01-23 22:42:16.466  4560  4680 D BtGatt.ScanManager: callback done for clientIf - 4 status - 0
01-23 22:42:16.466  7043  7043 V MediaRouter: Dispatching route change: UserRouteInfo{ name=XBR-65X900E, description=null, status=null, category=RouteCategory{ name=Devices types=ROUTE_TYPE_USER  groupable=false }, supportedTypes=ROUTE_TYPE_USER , presentationDisplay=null }
01-23 22:42:16.466  7043  7043 V MediaRouter: Dispatching route change: UserRouteInfo{ name=XBR-65X900E, description=BRAVIA 4K GB, status=null, category=RouteCategory{ name=Devices types=ROUTE_TYPE_USER  groupable=false }, supportedTypes=ROUTE_TYPE_USER , presentationDisplay=null }
01-23 22:42:16.466  7043  7043 V MediaRouter: Adding route: UserRouteInfo{ name=XBR-65X900E, description=BRAVIA 4K GB, status=null, category=RouteCategory{ name=Devices types=ROUTE_TYPE_USER  groupable=false }, supportedTypes=ROUTE_TYPE_USER , presentationDisplay=null }
01-23 22:42:16.468  4560  5167 D BtGatt.ScanManager: set filter index= 7 for clientIf= 4
01-23 22:42:16.468  4560  5167 D BtGatt.ScanManager: addFilterToController: 5
01-23 22:42:16.469  4560  4680 D BtGatt.GattService: onScanFilterConfig() - clientIf=4, action = 0 status = 0, filterType=5, availableSpace=45
01-23 22:42:16.469  4560  4680 D BtGatt.ScanManager: callback done for clientIf - 4 status - 0
01-23 22:42:16.470  4560  5167 D BtGatt.ScanManager: High Rssi Filter value is = -128
01-23 22:42:16.470  4560  5167 D BtGatt.ScanManager: Low Rssi Filter value is = -128
01-23 22:42:16.470  4560  5167 D BtGatt.ScanManager: configureFilterParamter 500 10000 1 0scanFilterRssiThreshold = -128trackableScanFilterRssiThreshold = -128matchmode is =1
01-23 22:42:16.473  4560  4680 D BtGatt.GattService: onScanFilterParamsConfigured() - clientIf=4, status=0, action=0, availableSpace=29
01-23 22:42:16.473  4560  4680 D BtGatt.ScanManager: callback done for clientIf - 4 status - 0
01-23 22:42:16.474  4560  5167 D BtGatt.ScanManager: set filter index= 8 for clientIf= 4
01-23 22:42:16.474  4560  5167 D BtGatt.ScanManager: addFilterToController: 5
01-23 22:42:16.476  4560  4680 D BtGatt.GattService: onScanFilterConfig() - clientIf=4, action = 0 status = 0, filterType=5, availableSpace=44
01-23 22:42:16.476  4560  4680 D BtGatt.ScanManager: callback done for clientIf - 4 status - 0
01-23 22:42:16.476  4560  5167 D BtGatt.ScanManager: High Rssi Filter value is = -128
01-23 22:42:16.476  4560  5167 D BtGatt.ScanManager: Low Rssi Filter value is = -128
01-23 22:42:16.476  4560  5167 D BtGatt.ScanManager: configureFilterParamter 500 10000 1 0scanFilterRssiThreshold = -128trackableScanFilterRssiThreshold = -128matchmode is =1
01-23 22:42:16.477  3277  5561 D bauth_FPBAuthService: pcf : 0x1012
01-23 22:42:16.477  3277  5561 D bauth_FPBAuthService: thread id : 1, preenroll_flag : 0, nd cnt : 0
01-23 22:42:16.477  3277  5561 D bauth_FPBAuthService: FPBAuthService, 7265
01-23 22:42:16.479  4560  4680 D BtGatt.GattService: onScanFilterParamsConfigured() - clientIf=4, status=0, action=0, availableSpace=28
01-23 22:42:16.479  4560  4680 D BtGatt.ScanManager: callback done for clientIf - 4 status - 0
01-23 22:42:16.479  4560  5167 D BtGatt.ScanManager: configureRegularScanParams() - queue=1
01-23 22:42:16.479  4560  5167 I BtGatt.ScanManager: custom scan scanMode = 100
01-23 22:42:16.479  4560  5167 I BtGatt.ScanManager: New scan mode custom scan scanInterval = 3120scanWindow = 160
01-23 22:42:16.479  3755  4498 I ActivityManager: Killing 20714:com.sec.enterprise.knox.cloudmdm.smdms/u0a178 (adj 906): DHA:empty #31
01-23 22:42:16.479  4560  5167 E BtGatt.ScanManager: default value of curScanSetting 0 is choosen
01-23 22:42:16.479  4560  5167 I BtGatt.ScanManager: newScanMode = 5newcurScanSetting = 0
01-23 22:42:16.480  4560  5167 I BtGatt.ScanManager: comparing = 5 with = 0
01-23 22:42:16.480  4560  5167 D BtGatt.ScanManager: configureRegularScanParams() - ScanSetting Scan mode=100 mLastConfiguredScanSetting=-2147483648
01-23 22:42:16.480  4560  5167 D BtGatt.ScanManager: configureRegularScanParams - scanInterval = 4992configureRegularScanParams - scanWindow = 256
01-23 22:42:16.481  4560  4680 D BtGatt.GattService: onScanParamSetupCompleted() status=0, clientIf=4
01-23 22:42:16.481  4560  4680 D BtGatt.GattService: onScanParamSetupCompleted : 0
01-23 22:42:16.495 21318 21318 D [WeatherWidget(15061)]  : {[6962E010A53E2D3751CD098CFC73BF657588F3F4788A26999E31E1752D4FF82731D4D14D6782190635E5A17DFF656DE1]}
01-23 22:42:16.496 21318 21318 D [WeatherWidget(15061)]  : {[E65FB96B7B517D18451E52AC3AC95EAE1C55837DF224D2E04BE512E5B91DAEEC3CBF89DC032BF37FFE88B84E22AF77A9]}
01-23 22:42:16.496 21318 21318 D [WeatherWidget(15061)]  : {[7EC14F8BB6636439449F06DA0EA7F05EA7C6F9B614AB48073A569CEF12D3C828]}
01-23 22:42:16.497 21318 21318 D [WeatherWidget(15061)]  DB L2: {[610591C4E30FED4A153FF198DAC84EFEE3319B0D622FD4A19809E90ED3C1398368D658B139FCCB8B9564F5B4E9CB634E7DD6FEBAD5285838C710C65EE6E4FEB3]}
01-23 22:42:16.497 21318 21318 D [WeatherWidget(15061)]  : {[E9BDC1AC9F9B078A92B3F309630276C89F9B6E52C087A495B97355481F2FDE5B58A757A09967AB7BD9E1187CEA5BB356FACBD4A552A7402C88647F970C513A69]}
01-23 22:42:16.498 21318 21318 D [WeatherWidget(15061)]  DB L2: {[610591C4E30FED4A153FF198DAC84EFE259FA03515F619060291D19B9A2E73CB46DA064369D1073FED4BA9669B425DCA088F9206CA3ED34CE67D198D5BF91AB0]}
01-23 22:42:16.498 21318 21318 D [WeatherWidget(15061)]  DB L2: {[610591C4E30FED4A153FF198DAC84EFE1A65FB0EE8B7C5763A9CB231BC13495C0980BD17AB2024B4E3F440D28DAC546B4D8D1E1385FF565F1D1D6776C1EEF226]}
01-23 22:42:16.502 21318 21318 D [WeatherWidget(15061)]  : {[A3D0376F110ED1708C277D8494D333F60FEAA5C695DC06C5BCC463A68D8759B59561AC759D3F668AF78C1B1218B957E3A811DE095895007FDDE939F900F3C7DC]}
01-23 22:42:16.503 21318 21318 D [WeatherWidget(15061)]  : {[57479E78314F38F7DB3EE477BEF7D670BB43903225A8E2C8ECAC2DCBEE8B3FAFA5075BA0F546EDE4276DE8ED4E4A44DF]}
01-23 22:42:16.503 21318 21318 D [WeatherWidget(15061)]  : {[AB2EA232D9D918C5DCF18761D4838C31104B8E91A5A763C5694710FFAD965B7D]}
01-23 22:42:16.503 21318 21318 D [WeatherWidget(15061)]  DB L2: {[610591C4E30FED4A153FF198DAC84EFEE3319B0D622FD4A19809E90ED3C1398368D658B139FCCB8B9564F5B4E9CB634E2F26BE68F63556D8DF19D8BB21B67B5E]}
01-23 22:42:16.504 21318 21318 D [WeatherWidget(15061)]  : {[E9BDC1AC9F9B078A92B3F309630276C89F9B6E52C087A495B97355481F2FDE5B58A757A09967AB7BD9E1187CEA5BB356FACBD4A552A7402C88647F970C513A69]}
01-23 22:42:16.504 21318 21318 D [WeatherWidget(15061)]  : {[038FBE6A0C1C9C4D400219E8B85B450684640AA3F6A989087DE001E389A08436]}
01-23 22:42:16.505 21318 21318 D [WeatherWidget(15061)]  : {[55815A80F8D7EB03565E3F8393CFF9E918AD5F915CD5FAE51E5B2FF14F5C1A4B1563130EEBFC107F9855B4CB50427F22]}
01-23 22:42:16.505 21318 21318 D [WeatherWidget(15061)]  DB L2: {[610591C4E30FED4A153FF198DAC84EFEE3319B0D622FD4A19809E90ED3C1398368D658B139FCCB8B9564F5B4E9CB634E05792F8006BA644615F78C819C57CB77]}
01-23 22:42:16.506 21318 21318 D [WeatherWidget(15061)]  : {[E9BDC1AC9F9B078A92B3F309630276C89F9B6E52C087A495B97355481F2FDE5B58A757A09967AB7BD9E1187CEA5BB356FACBD4A552A7402C88647F970C513A69]}
01-23 22:42:16.507 21318 21318 D [WeatherWidget(15061)]  DB L2: {[610591C4E30FED4A153FF198DAC84EFE259FA03515F619060291D19B9A2E73CB46DA064369D1073FED4BA9669B425DCA34BC74E1C2120BC385EEFF68368FD0E0]}
01-23 22:42:16.507 21318 21318 D [WeatherWidget(15061)]  DB L2: {[610591C4E30FED4A153FF198DAC84EFE1A65FB0EE8B7C5763A9CB231BC13495C0980BD17AB2024B4E3F440D28DAC546B2D683BC11DC8D3F71DD0BD6753E83EEC]}
01-23 22:42:16.508 21318 21318 D [WeatherWidget(15061)]  : {[65D4E43CEE7D8C0CDA49BFB88BB89A27968B4E49378209C95B4CB8E9297D0BA7A89A1BDF6ED69BBC6A01C77FDE5F260E]}
01-23 22:42:16.509 21318 21318 D [WeatherWidget(15061)]  : {[59EA6A3DBAD270A161BB723EFF01548F9DD24336AF7B48BD918089CB2F6B87C0482EFB485F87158C3767A389BEA62105]}
01-23 22:42:16.509 21318 21318 D [WeatherWidget(15061)]  : {[C779B23635AEA1DE19D8E21946A84D7EBF6E42F665CE93E080A88758086C57A2DE545D387FF4DEE2BFD78C83C78A3119]}
01-23 22:42:16.511 21318 21318 D [WeatherWidget(15061)]  : {[B778DD2FBB910D9C0BC35536CD290B67B9F22D4F1CD949F4ACA881B9EAE6663F]}
01-23 22:42:16.512 21318 21318 D [WeatherWidget(15061)]  DB L2: {[610591C4E30FED4A153FF198DAC84EFEE3319B0D622FD4A19809E90ED3C1398368D658B139FCCB8B9564F5B4E9CB634EFB0C05FAA74A49C0E4E7AE87B4FEEF47]}
01-23 22:42:16.512 21318 21318 D [WeatherWidget(15061)]  : {[E9BDC1AC9F9B078A92B3F309630276C89F9B6E52C087A495B97355481F2FDE5B58A757A09967AB7BD9E1187CEA5BB356FACBD4A552A7402C88647F970C513A69]}
01-23 22:42:16.513 21318 21318 D [WeatherWidget(15061)]  DB L2: {[610591C4E30FED4A153FF198DAC84EFE259FA03515F619060291D19B9A2E73CB46DA064369D1073FED4BA9669B425DCAA08D23DC4674FCBAE58ECEE9ED044511]}
01-23 22:42:16.513 21318 21318 D [WeatherWidget(15061)]  DB L2: {[610591C4E30FED4A153FF198DAC84EFE1A65FB0EE8B7C5763A9CB231BC13495C0980BD17AB2024B4E3F440D28DAC546B4929F9591A136EFAD07994A7C1547782]}
01-23 22:42:16.514 21318 21318 D [WeatherWidget(15061)]  : {[AB2EA232D9D918C5DCF18761D4838C31104B8E91A5A763C5694710FFAD965B7D]}
01-23 22:42:16.518 21318 21318 D [WeatherWidget(15061)]  : {[6A7C0127EA4BBB302979E48D8BC3D458C7DE07B497371FE61B6D6EC2B5F9E5AC1510B8FB6EE85ABD67495C9C188F8AC6784BE8CD70E7D34BA1BA0F6791A2F349BA43A29C6C1FC4BD610D8D46CD3B05C3E347F2AA9A40E83C5474922575AAC504]}
01-23 22:42:16.521 21318 21318 D [WeatherWidget(15061)]  : {[AB2EA232D9D918C5DCF18761D4838C31104B8E91A5A763C5694710FFAD965B7D]}
01-23 22:42:16.522 21318 21318 D [WeatherWidget(15061)]  : {[47835F44FEC2C7BBFBE7512D1F4A504EBD404C1A429956ABCB46767BFEF0647C]}
01-23 22:42:16.522 21318 21318 D [WeatherWidget(15061)]  DB L2: {[610591C4E30FED4A153FF198DAC84EFEE3319B0D622FD4A19809E90ED3C1398368D658B139FCCB8B9564F5B4E9CB634EEBCDC8BA6765334D38A6A6410A45FF40]}
01-23 22:42:16.523 21318 21318 D [WeatherWidget(15061)]  : {[E9BDC1AC9F9B078A92B3F309630276C89F9B6E52C087A495B97355481F2FDE5B58A757A09967AB7BD9E1187CEA5BB356FACBD4A552A7402C88647F970C513A69]}
01-23 22:42:16.523 21318 21318 D [WeatherWidget(15061)]  DB L2: {[610591C4E30FED4A153FF198DAC84EFE259FA03515F619060291D19B9A2E73CB46DA064369D1073FED4BA9669B425DCAB28652A7F0D89281E8B340E1614BDDAC]}
01-23 22:42:16.523 21318 21318 D [WeatherWidget(15061)]  DB L2: {[610591C4E30FED4A153FF198DAC84EFE1A65FB0EE8B7C5763A9CB231BC13495C0980BD17AB2024B4E3F440D28DAC546B5E23685DCC5A9A1B7FC3D4700BDB1A84]}
01-23 22:42:16.528 21318 21318 D [WeatherWidget(15061)]  : {[A1AF0F6A1A65A89C43D705938923D0FEED5EA035ED6D20B759619BC00C9935D6831863E46609C00F8BD79F5366D18B84]}
01-23 22:42:16.528  3755  7358 D ActivityManager: cleanUpApplicationRecord -- 20714
01-23 22:42:16.528 21318 21318 D [WeatherWidget(15061)]  DateTimeUtil: {[A1AF0F6A1A65A89C43D705938923D0FE9DF34BB466E70FF7FD832CE714038F3A3776BB1F62D62DA80DD4A92EF35C4CD445754706FA22E18EA6EE4C5DFE5A8D8015F0293E3BBCCD400BE3EBF7F361FA015C5BF469B8015F45DCCBBB10EAB95175382FDFA3F596721B33D0989943534607]}
01-23 22:42:16.529 21318 21318 D [WeatherWidget(15061)]  : {[6C8BD4E604DF95F636C08F656DA275D4BC565E39B2BCB4A04CE7139F6599A9E6AACB482F998DC21CCF809504A259ADB3]}
01-23 22:42:16.530 21318 21318 D [WeatherWidget(15061)]  : {[AB2EA232D9D918C5DCF18761D4838C31104B8E91A5A763C5694710FFAD965B7D]}
01-23 22:42:16.530 21318 21318 D [WeatherWidget(15061)]  : {[C53CE27E092CD8BA4DFBF93175A1A85054BAB1668233A3939C20BCCE4C4E64AD]}
01-23 22:42:16.532 21318 21318 D [WeatherWidget(15061)]  DB L2: {[610591C4E30FED4A153FF198DAC84EFEE3319B0D622FD4A19809E90ED3C1398368D658B139FCCB8B9564F5B4E9CB634E1504D34C33CB0CD18F5410A759864F0D]}
01-23 22:42:16.533 21318 21318 D [WeatherWidget(15061)]  : {[E9BDC1AC9F9B078A92B3F309630276C89F9B6E52C087A495B97355481F2FDE5B58A757A09967AB7BD9E1187CEA5BB356FACBD4A552A7402C88647F970C513A69]}
01-23 22:42:16.533  5967  5990 D ForegroundUtils: could not check pending caller
01-23 22:42:16.533 21318 21318 D [WeatherWidget(15061)]  DB L2: {[610591C4E30FED4A153FF198DAC84EFE259FA03515F619060291D19B9A2E73CB46DA064369D1073FED4BA9669B425DCA255C4AA4EC792426284ED2FD0C3E5679]}
01-23 22:42:16.533 21318 21318 D [WeatherWidget(15061)]  DB L2: {[610591C4E30FED4A153FF198DAC84EFE1A65FB0EE8B7C5763A9CB231BC13495C0980BD17AB2024B4E3F440D28DAC546B0E347D198067C86B8516E513D16876A2]}
01-23 22:42:16.535 21318 21318 D [WeatherWidget(15061)]  : {[948A6EB1C0DA2798C54B3301BBDD45C016B852337EE995FAEF73AC80A2897BF1BABB74BCD1750E4CF61DCD0697C349386E881367BFECE66517E6F398F7D18C22]}
01-23 22:42:16.537 21318 21318 D [WeatherWidget(15061)]  DB L2: {[610591C4E30FED4A153FF198DAC84EFEE3319B0D622FD4A19809E90ED3C1398368D658B139FCCB8B9564F5B4E9CB634EDCE8ECDCBECA54EE408D0194D991A661]}
01-23 22:42:16.538 21318 21318 D [WeatherWidget(15061)]  : {[E9BDC1AC9F9B078A92B3F309630276C89F9B6E52C087A495B97355481F2FDE5B58A757A09967AB7BD9E1187CEA5BB356FACBD4A552A7402C88647F970C513A69]}
01-23 22:42:16.539 21318 21318 D [WeatherWidget(15061)]  : {[9965EFA5A36BD1E3837939C6B9E80AA76D2E78EA3FD07038785F5CB313A0CE7A30B7D7AC7D0E7781ED148AECE3F71A76]}
01-23 22:42:16.540 21318 21318 D [WeatherWidget(15061)]  DB L2: {[610591C4E30FED4A153FF198DAC84EFEE3319B0D622FD4A19809E90ED3C1398368D658B139FCCB8B9564F5B4E9CB634EDF0AF0F02174E1D5A04E6FD51C571B22]}
01-23 22:42:16.541 21318 21318 D [WeatherWidget(15061)]  : {[E9BDC1AC9F9B078A92B3F309630276C89F9B6E52C087A495B97355481F2FDE5B58A757A09967AB7BD9E1187CEA5BB356FACBD4A552A7402C88647F970C513A69]}
01-23 22:42:16.541 21318 21318 D [WeatherWidget(15061)]  DB L2: {[610591C4E30FED4A153FF198DAC84EFE259FA03515F619060291D19B9A2E73CB46DA064369D1073FED4BA9669B425DCA9C618BA0EF237B76DFC7F9EAED8200B8]}
01-23 22:42:16.557 21318 21318 D [WeatherWidget(15061)]  : {[AB2EA232D9D918C5DCF18761D4838C31104B8E91A5A763C5694710FFAD965B7D]}
01-23 22:42:16.576 21318 21318 D [WeatherWidget(15061)]  : {[4DDAD4FFEC751211057A46C65D5CC8CB940267D64149B4EA741F4074EDA0F3C3]}
01-23 22:42:16.577 21318 21318 D [WeatherWidget(15061)]  : {[8A6B22D311CC62E1DFE8D83ADE676BAF5784C7E08D8E6335AA252FCF3CA5BDE0]}
01-23 22:42:16.577 21318 21318 D [WeatherWidget(15061)]  : {[AB2EA232D9D918C5DCF18761D4838C31104B8E91A5A763C5694710FFAD965B7D]}
01-23 22:42:16.578 21318 21318 D [WeatherWidget(15061)]  : {[AB2EA232D9D918C5DCF18761D4838C31104B8E91A5A763C5694710FFAD965B7D]}
01-23 22:42:16.578 21318 21318 D [WeatherWidget(15061)]  DB L2: {[610591C4E30FED4A153FF198DAC84EFE34105AC04224A27A6EA4D87EAF16DF76B52CD5EF9AE8CDBACF25F24E6EA3A49DF2BF3DD9A1CEF5F2CFADF785C4A6D05C]}
01-23 22:42:16.579 21318 21318 D [WeatherWidget(15061)]  DB L2: {[610591C4E30FED4A153FF198DAC84EFEE3319B0D622FD4A19809E90ED3C1398368D658B139FCCB8B9564F5B4E9CB634EBE5A1E0689026D27426FD1032E1EC250]}
01-23 22:42:16.579 21318 21318 D [WeatherWidget(15061)]  : {[E9BDC1AC9F9B078A92B3F309630276C89F9B6E52C087A495B97355481F2FDE5B58A757A09967AB7BD9E1187CEA5BB356FACBD4A552A7402C88647F970C513A69]}
01-23 22:42:16.580 21318 21318 D [WeatherWidget(15061)]  DB L2: {[610591C4E30FED4A153FF198DAC84EFE259FA03515F619060291D19B9A2E73CB46DA064369D1073FED4BA9669B425DCA059C76E25E85F76E52818FFA938D6EF6]}
01-23 22:42:16.580 21318 21318 D [WeatherWidget(15061)]  DB L2: {[610591C4E30FED4A153FF198DAC84EFE1A65FB0EE8B7C5763A9CB231BC13495C0980BD17AB2024B4E3F440D28DAC546B99A5C59607805D2C556D6575D1140958]}
01-23 22:42:16.585  3755  4498 D AppWidgetServiceImpl: updateAppWidgetInstanceLocked, full update widget = AppWidgetId{2:Host{HostId{user:0, app:10081, hostId:1024, pkg:com.sec.android.app.launcher}}:Provider{ProviderId{user:0, app:10184, cmp:ComponentInfo{com.sec.android.daemonapp/com.sec.android.daemonapp.appwidget.WeatherAppWidget}}}}
01-23 22:42:16.587 21318 21318 D [WeatherWidget(15061)]  WeatherService: {[EC3334F14841398C8B464A72D0E61AB7C19CA34DF69EC42A7BD50FF01EB06E70CB5057E333274446F281A2D0E6349EA2]}
01-23 22:42:16.588  3755  3755 D AppWidgetServiceImpl: handleNotifyUpdateAppWidget, w = AppWidgetId{2:Host{HostId{user:0, app:10081, hostId:1024, pkg:com.sec.android.app.launcher}}:Provider{ProviderId{user:0, app:10184, cmp:ComponentInfo{com.sec.android.daemonapp/com.sec.android.daemonapp.appwidget.WeatherAppWidget}}}}, isBlackListWidget = false, mIsPolicySeqNum = true, mIsPolicyTooLarge = true, mIsPolicySkipMerge = true
01-23 22:42:16.588  3755  3755 D AppWidgetServiceImpl: handleNotifyUpdateAppWidget, seqNumber = 110
01-23 22:42:16.595  3755  6279 D CompatibilityInfo: mCompatibilityFlags - 0
01-23 22:42:16.595  3755  6279 D CompatibilityInfo: applicationDensity - 420
01-23 22:42:16.596  3755  6279 D CompatibilityInfo: applicationScale - 1.0
01-23 22:42:16.597 21318 21318 D [WeatherWidget(15061)]  WeatherAppWidget2x1: {[9C41A2EAFAAB2EF4F8363256C22FE8AD24D3616384EBEB10D68DCF98DD19E13C8DAEC659FCF79C4F6DA3AFAC23ED58EA3D4378042F5849EE7FB8C870D83CEAC0FF8D7CB56B4EBFCE49B698FEAD4F8865FE6B57F91143F0D1AF4A03B624757E0822C624EAFAD0B0166EBDD301EF56B9B3C825D296A113166AA2A03C6DE52B98C5]}
01-23 22:42:16.606 21318 21318 D [WeatherWidget(15061)]  WeatherAppWidget2x1: {[9C41A2EAFAAB2EF4F8363256C22FE8AD773772D9F7F97004FA2809B1271F964067B7E70A50E611E89C14863617FEBC955198FC6BA4F5710E9F626FE9D5618A6F]}
01-23 22:42:16.606 21318 21318 D [WeatherWidget(15061)]  : {[907D161D855C099E8A312E5C2BBE6025535DBBB5BBD827FC6E63D75F709CFBF954AE0885C52E41F05277D5DF3BE7D89405855AAA9A62A3E6274E1ABA76517016]}
01-23 22:42:16.615 21318 21318 D [WeatherWidget(15061)]  WeatherAppWidget2x1: {[9C41A2EAFAAB2EF4F8363256C22FE8AD176C2E70281622FE10C55CE4F020D91847EBF4B34973709DA9F468F8024D59099B1123845E09A0FAC59473FA9ED60953]}
01-23 22:42:16.620  3755  7360 D CompatibilityInfo: mCompatibilityFlags - 0
01-23 22:42:16.620  3755  7360 D CompatibilityInfo: applicationDensity - 420
01-23 22:42:16.621  3755  7360 D CompatibilityInfo: applicationScale - 1.0
01-23 22:42:16.636 21318 21318 D [WeatherWidget(15061)]  EasyWeatherAppWidget: {[48948B2BE5213A6D5B0C9B7747497512CAC38177609B2B6F1F16DB965D7D43410EDA2D444ACBA386E91E1FA6B3C38870128DD346C4D39F4B310AAEB16D5215E65B3E04A593E577F60D76D1932AD9EADD94EAF615C6107B1CB6BBC6925C276A50905BC4844BCE60A7227618CF993BA17DB60DEFC01AF183A5C8F14BF1A44B724C]}
01-23 22:42:16.646 21318 21318 D [WeatherWidget(15061)]  : {[907D161D855C099E8A312E5C2BBE6025535DBBB5BBD827FC6E63D75F709CFBF954AE0885C52E41F05277D5DF3BE7D89405855AAA9A62A3E6274E1ABA76517016]}
01-23 22:42:16.646 21318 21318 D [WeatherWidget(15061)]  EasyWeatherAppWidget: {[48948B2BE5213A6D5B0C9B7747497512D7646A5A57C4B1820BB1D39DF9F23EA3D05ADA26DF3F5FEC4FA6AFC9EED5963485B3863BE45B906B9F93E60E1BD5AC1F]}
01-23 22:42:16.650  3755  4448 D CompatibilityInfo: mCompatibilityFlags - 0
01-23 22:42:16.650  3755  4448 D CompatibilityInfo: applicationDensity - 420
01-23 22:42:16.650  3755  4448 D CompatibilityInfo: applicationScale - 1.0
01-23 22:42:16.652  3277 21294 I tlc_communication: mcWaitNotification is completed;237
01-23 22:42:16.652  3277 21294 E TLC_BAUTH:   *****************************
01-23 22:42:16.652  3277 21294 E TLC_BAUTH:   *** ERROR: Trustlet did not send a valid return code : 32
01-23 22:42:16.652  3277 21294 E TLC_BAUTH:   *** Detected in BAuth_Identify_Do/1286()
01-23 22:42:16.652  3277 21294 E TLC_BAUTH:   *****************************
01-23 22:42:16.652  3277 21294 D bauth_FPBAuthService: check_opcode status = 2, opcode = 0, func_ret_val = 32, function_status = 1, timeout = 0
01-23 22:42:16.652  3277 21294 E bauth_FPBAuthService: BAuth_Identify_Do Fail BAD_QUALITY or Identify Fail : 32 
01-23 22:42:16.652  3277 21294 D bauth_FPBAuthService: FPBAuthService, 3667
01-23 22:42:16.653  3277 21294 D bauth_FPBAuthService: fpop : 100024
01-23 22:42:16.653  3277 21294 D fingerprintd: onAcquired(10005)
01-23 22:42:16.653 21318 21318 D [WeatherWidget(15061)]  DB L2: {[610591C4E30FED4A153FF198DAC84EFEE3319B0D622FD4A19809E90ED3C1398368D658B139FCCB8B9564F5B4E9CB634EEBF060A764E5650FA26DF8ABB25CFF54]}
01-23 22:42:16.653 21318 21318 D [WeatherWidget(15061)]  : {[E9BDC1AC9F9B078A92B3F309630276C89F9B6E52C087A495B97355481F2FDE5B58A757A09967AB7BD9E1187CEA5BB356FACBD4A552A7402C88647F970C513A69]}
01-23 22:42:16.653  3277 21294 D bauth_FPBAuthService: FPBAuthService, 3690
01-23 22:42:16.653  3277 21294 D bauth_FPBAuthService: fpop : 100011
01-23 22:42:16.653  3277 21294 D fingerprintd: onAuthenticated(fid=0, gid=0)
01-23 22:42:16.653 21318 21318 D [WeatherWidget(15061)]  : {[5FC4320581A8AC15DE22E16C22104154DDB37EC6622F7E91D9C1CCFAC2B2EF80F93C376ECC4FBB424F7FF28F4280227DB334EA55199F7AACE77E1F7E05855FE9C5216C1E592E2DE9E3372C7DE1544C653B39BB904C4BB23956C2942A765DE4897EE4944E1A5DF873C5C36E467FF60B9115DA36AF64C64BACED3980A1B336FEA5]}
01-23 22:42:16.653  3755  3755 I FingerprintService: handleAcquired : acquiredInfo=10005
01-23 22:42:16.654  3755  3755 I FingerprintService: handleAuthenticated : false
01-23 22:42:16.654 21318 21318 D [WeatherWidget(15061)]  DB L2: {[610591C4E30FED4A153FF198DAC84EFE259FA03515F619060291D19B9A2E73CB46DA064369D1073FED4BA9669B425DCAA446F40097CC873EA8CDF064FAD50318]}
01-23 22:42:16.654 21318 21318 E [WeatherWidget(15061)]  : {[2199EA5540A978CF17D17C413568550AD4BAB8F3CC7B6E7B1F57271E9DB2E3B4EFB2331D03CB1080D541ED3A459C40D58B8BE1E09C9D17723ECF142F3ABDB479]}
01-23 22:42:16.654  3755  3755 W ContextImpl: Calling a method in the system process without a qualified user: android.app.ContextImpl.sendBroadcast:906 com.android.server.fingerprint.FingerprintService.insertSurveyLog:2113 com.android.server.fingerprint.FingerprintService$11.insertSurveyLog:1216 com.android.server.fingerprint.AuthenticationClient.onAuthenticated:129 com.android.server.fingerprint.FingerprintService.handleAuthenticated:484 
01-23 22:42:16.658  3277 21294 D bauth_FPBAuthSensorControl: FPBAuthSensorControl, 552
01-23 22:42:16.659  3755  4448 D CompatibilityInfo: mCompatibilityFlags - 0
01-23 22:42:16.659  3755  4448 D CompatibilityInfo: applicationDensity - 420
01-23 22:42:16.659  3755  4448 D CompatibilityInfo: applicationScale - 1.0
01-23 22:42:16.660  4621  4621 D KeyguardFingerPrint: onAuthenticationAcquired() = 10005
01-23 22:42:16.660  4621  4621 D KeyguardFingerPrint: fingerprint applyBooster
01-23 22:42:16.661 21318 21318 D [WeatherWidget(15061)]  WeatherAppWidget: {[9C41A2EAFAAB2EF4F8363256C22FE8ADE74F100B9CC487BE27E8F8A137E768022F3D75E4272B69C004B1ABF10C0F2210143AA65B58B0C7B8B0AA82129EA61300ACE1FEEB8AE1B3C007EB73257700FEB4C83357904C34359E6B7F99DFAFFAE5B5ED5A5635FC04D229F5EEB63A6D89559EBE95942ABBCB979FCA0BD97B1C2A838A]}
01-23 22:42:16.662  3755  3755 I FingerprintService: sendFingerprintBigdata() mSemHqmManager.sendHWParamToHQM !!!
01-23 22:42:16.662 21318 21318 D [WeatherWidget(15061)]  : {[4C0512EFA0AB4990F6AA1DF592AD92A7F0B9EF71550DD16C356391DD9598536C]}
01-23 22:42:16.662 21318 21318 D [WeatherWidget(15061)]  : {[60F9DFBE0DDF665D78B93B355C69FD16FD82FBECAFC71D5DC70E8ABB3824B9582234AD038886808B2E7B2600E0220D8BE8A853685EF6E90C12176907908AD1737EA9980A151C821AE64ADECB1FD68FC0201B657D72E980D477D98F74E5B061CB717CE9EA74172678781AA7A2C9859440]}
01-23 22:42:16.663  3755  3755 W ContextImpl: Calling a method in the system process without a qualified user: android.app.ContextImpl.sendBroadcast:906 com.android.server.fingerprint.FingerprintService.insertSurveyLog:2113 com.android.server.fingerprint.FingerprintService.handleAuthenticated:491 com.android.server.fingerprint.FingerprintService$5$4.run:1475 android.os.Handler.handleCallback:751 
01-23 22:42:16.664  3755  3755 I FingerprintService: sendFingerprintBigdata() mSemHqmManager.sendHWParamToHQM !!!
01-23 22:42:16.664  3755  4453 D PowerManagerService: [api] [s] userActivity : event: 0 flags: 0 (uid: 10055 pid: 4621) eventTime = 19376728
01-23 22:42:16.667  4621  4621 D KeyguardFingerPrint: onAuthenticationFailed()
01-23 22:42:16.668  3755  5048 D WallpaperManagerService: getDCMLauncherEnabled false
01-23 22:42:16.668  4621  4621 I StatusBarWindowManager: isExpanded:true, true, true, false, false, false
01-23 22:42:16.668  4621  4621 I StatusBarWindowManager: applyHeight:-1
01-23 22:42:16.669  4621  4621 V FingerprintController: onFingerprintAuthFailed( Failed Fingerprint Attempts = 1 )
01-23 22:42:16.674  3755  4448 D CompatibilityInfo: mCompatibilityFlags - 0
01-23 22:42:16.674  3755  4448 D CompatibilityInfo: applicationDensity - 420
01-23 22:42:16.674  3755  4448 D CompatibilityInfo: applicationScale - 1.0
01-23 22:42:16.676 21318 21318 D [WeatherWidget(15061)]  WeatherAppWidget2x1: {[9C41A2EAFAAB2EF4F8363256C22FE8AD24D3616384EBEB10D68DCF98DD19E13C8DAEC659FCF79C4F6DA3AFAC23ED58EA3D4378042F5849EE7FB8C870D83CEAC0FF8D7CB56B4EBFCE49B698FEAD4F8865221971923C18F12719644D45976617AED33BB6A15515C3F60A8531A75A13C2AF7D95698B2F985693F00ECCAE55872FE3]}
01-23 22:42:16.676  3277 21294 D bauth_FPBAuthSensorControl: FPBAuthSensorControl, 552
01-23 22:42:16.676  3277 21294 I TLC_BAUTH: Call FP cmd 0x7;1303
01-23 22:42:16.677  3277 21294 I tlc_communication: Send Trustlet TCI Message;214
01-23 22:42:16.677  3277 21294 I tlc_communication: mcNotify is completed;224
01-23 22:42:16.678  3755  6080 D PowerManagerService: [api] [s] userActivity : event: 0 flags: 0 (uid: 10055 pid: 4621) eventTime = 19376742
01-23 22:42:16.679 21318 21318 D [WeatherWidget(15061)]  : {[907D161D855C099E8A312E5C2BBE6025535DBBB5BBD827FC6E63D75F709CFBF954AE0885C52E41F05277D5DF3BE7D89405855AAA9A62A3E6274E1ABA76517016]}
01-23 22:42:16.679 21318 21318 D [WeatherWidget(15061)]  WeatherAppWidget2x1: {[9C41A2EAFAAB2EF4F8363256C22FE8AD176C2E70281622FE10C55CE4F020D91847EBF4B34973709DA9F468F8024D59099B1123845E09A0FAC59473FA9ED60953]}
01-23 22:42:16.682  4621  4621 D LockIcon: state = 0, mLastState = 0, mDeviceInteractive = true, mLastDeviceInteractive = true, mScreenOn = true, mLastScreenOn = true,  force = false
01-23 22:42:16.683  3755  4498 D CompatibilityInfo: mCompatibilityFlags - 0
01-23 22:42:16.683  3755  4498 D CompatibilityInfo: applicationDensity - 420
01-23 22:42:16.683  3755  4498 D CompatibilityInfo: applicationScale - 1.0
01-23 22:42:16.684 21318 21318 D [WeatherWidget(15061)]  EasyWeatherAppWidget: {[48948B2BE5213A6D5B0C9B7747497512CAC38177609B2B6F1F16DB965D7D43410EDA2D444ACBA386E91E1FA6B3C38870128DD346C4D39F4B310AAEB16D5215E65B3E04A593E577F60D76D1932AD9EADD16B356DA517EF1B193C3C2443D58583FF4130EE2B5F5334C0BA0A0CCF7224CD6C07C390FD15A32A436637D0FACABFEA4]}
01-23 22:42:16.687 21318 21318 D [WeatherWidget(15061)]  : {[907D161D855C099E8A312E5C2BBE6025535DBBB5BBD827FC6E63D75F709CFBF954AE0885C52E41F05277D5DF3BE7D89405855AAA9A62A3E6274E1ABA76517016]}
01-23 22:42:16.688 21318 21318 D [WeatherWidget(15061)]  EasyWeatherAppWidget: {[48948B2BE5213A6D5B0C9B7747497512D7646A5A57C4B1820BB1D39DF9F23EA3D05ADA26DF3F5FEC4FA6AFC9EED5963485B3863BE45B906B9F93E60E1BD5AC1F]}
01-23 22:42:16.688  4621  4621 V Vibrator: Called semVibrate(int, int, AudioAttributes, Mag) API - PUID: 10055, PackageName: com.android.systemui, token: android.os.Binder@5b327e8, type: 50029, repeat: -1, AudioAttr : null, Mag: TYPE_TOUCH
01-23 22:42:16.689  3755  7363 V VibratorService: vibratePatternMagnitude - package: com.android.systemui, repeat: -1, token: android.os.BinderProxy@4befa96, mag: 6500, def: 10000
01-23 22:42:16.689  3755  7363 D VibratorService: Turning vibrator off
01-23 22:42:16.692  3755 21418 D VibratorService: vibratorOn() : 10ms, magnitude :6500, f : -1
01-23 22:42:16.694  3755  7358 D CompatibilityInfo: mCompatibilityFlags - 0
01-23 22:42:16.694  3755  7358 D CompatibilityInfo: applicationDensity - 420
01-23 22:42:16.694  3755  7358 D CompatibilityInfo: applicationScale - 1.0
01-23 22:42:16.699  7043 20485 I MiniDeviceController: [MiniDeviceController-1] Sending text message to XBR-65X900E: (ns=urn:x-cast:com.google.cast.tp.connection, dest=receiver-0) {"type":"CONNECT","package":"gms_cast_prober","origin":{}}
01-23 22:42:16.700  7043 20485 I MiniDeviceController: [MiniDeviceController-1] Sending text message to XBR-65X900E: (ns=urn:x-cast:com.google.cast.receiver, dest=receiver-0) {"type":"GET_STATUS","requestId":2}
01-23 22:42:16.700  7043 20485 I MiniDeviceController: [MiniDeviceController-1] Sending text message to XBR-65X900E: (ns=urn:x-cast:com.google.cast.receiver.discovery, dest=receiver-0) {"requestId":3,"type":"GET_DEVICE_INFO"}
01-23 22:42:16.704  3755  7358 D CompatibilityInfo: mCompatibilityFlags - 0
01-23 22:42:16.704  3755  7358 D CompatibilityInfo: applicationDensity - 420
01-23 22:42:16.704  3755  7358 D CompatibilityInfo: applicationScale - 1.0
01-23 22:42:16.712  7043 20485 I MiniDeviceController: [MiniDeviceController-1] Discovery info: {"controlNotifications":1,"deviceCapabilities":2053,"deviceIconUrl":"\/setup\/icon.png","deviceId":"ee56c6c0d568db6554fde8c12f22184a","deviceModel":"BRAVIA 4K GB","friendlyName":"XBR-65X900E","receiverMetricsId":"0703DE217FF763AB","requestId":3,"type":"DEVICE_INFO","wifiProximityId":"FA8FFA044DDD"}
01-23 22:42:16.714  3755  7358 D CompatibilityInfo: mCompatibilityFlags - 0
01-23 22:42:16.714  3755  7358 D CompatibilityInfo: applicationDensity - 420
01-23 22:42:16.714  3755  7358 D CompatibilityInfo: applicationScale - 1.0
01-23 22:42:16.715  7043 20485 I TcpDeviceProber: notifyProberSuccess Device("XBR-65X900E" (ee56c6c0d568db6554fde8c12f22184a)) supportedCriteria() notSupportedCriteria(%urn:x-cast:com.google.cast.media) statusText(null)
01-23 22:42:16.727  7043  7043 V MediaRouter: Dispatching route change: UserRouteInfo{ name=XBR-65X900E, description=BRAVIA 4K GB, status=null, category=RouteCategory{ name=Devices types=ROUTE_TYPE_USER  groupable=false }, supportedTypes=ROUTE_TYPE_USER , presentationDisplay=null }
01-23 22:42:16.727  7043  7043 V MediaRouter: Dispatching route change: UserRouteInfo{ name=XBR-65X900E, description=BRAVIA 4K GB, status=null, category=RouteCategory{ name=Devices types=ROUTE_TYPE_USER  groupable=false }, supportedTypes=ROUTE_TYPE_USER , presentationDisplay=null }
01-23 22:42:16.728  7043 20485 I CastSocketMultiplexer: Stopping multiplexer...
01-23 22:42:16.729  3755  7358 D CompatibilityInfo: mCompatibilityFlags - 0
01-23 22:42:16.729  3755  7358 D CompatibilityInfo: applicationDensity - 420
01-23 22:42:16.729  3755  7358 D CompatibilityInfo: applicationScale - 1.0
01-23 22:42:16.734  3755  7358 D CompatibilityInfo: mCompatibilityFlags - 0
01-23 22:42:16.734  3755  7358 D CompatibilityInfo: applicationDensity - 420
01-23 22:42:16.734  3755  7358 D CompatibilityInfo: applicationScale - 1.0
01-23 22:42:16.737  3755  7358 D CompatibilityInfo: mCompatibilityFlags - 0
01-23 22:42:16.738  3755  7358 D CompatibilityInfo: applicationDensity - 420
01-23 22:42:16.738  3755  7358 D CompatibilityInfo: applicationScale - 1.0
01-23 22:42:16.739 21187 21220 D UE4     : [2019.01.24-03.42.16:739][  0]LogAIModule: Creating AISystem for world StackMap
01-23 22:42:16.739 21318 21318 D [WeatherWidget(15061)]  WeatherAppWidget: {[9C41A2EAFAAB2EF4F8363256C22FE8ADE74F100B9CC487BE27E8F8A137E768022F3D75E4272B69C004B1ABF10C0F2210143AA65B58B0C7B8B0AA82129EA61300ACE1FEEB8AE1B3C007EB73257700FEB40012AEFB7CC6C0EA9B17C2FF4B39AE6B298CD024C1101FF065A2AF329AA7DF89EFE62864AF3246FBDE35B30915ED3694]}
01-23 22:42:16.740 21187 21220 D UE4     : [2019.01.24-03.42.16:740][  0]LogLoad: Game class is 'GameModeBase'
01-23 22:42:16.742 21318 21318 D [WeatherWidget(15061)]  WeatherAppWidget: {[9C41A2EAFAAB2EF4F8363256C22FE8AD6E9D978B68C2FD7A71EB2B51B96A06C3A95A89D17C6469EAC826AD48ED45A31F]}
01-23 22:42:16.744 21318 21318 D [WeatherWidget(15061)]  : {[4C0512EFA0AB4990F6AA1DF592AD92A7F0B9EF71550DD16C356391DD9598536C]}
01-23 22:42:16.744 21318 21318 D [WeatherWidget(15061)]  : {[60F9DFBE0DDF665D78B93B355C69FD16FD82FBECAFC71D5DC70E8ABB3824B9582234AD038886808B2E7B2600E0220D8BE8A853685EF6E90C12176907908AD1737EA9980A151C821AE64ADECB1FD68FC013DE463E4EDFCBB35B461500719C42A0C023AF6918851AB2BD2E4F0D2F9A2C5C]}
01-23 22:42:16.746 21187 21220 D UE4     : [2019.01.24-03.42.16:746][  0]LogWorld: Bringing World /Game/Maps/StackMap.StackMap up for play (max tick rate 0) at 2019.01.23-22.42.16
01-23 22:42:16.746 21318 21318 D [WeatherWidget(15061)]  : {[9CE2F3DEF0EB8239E7173934CC09B9E757DE44ACE5366257F344D287889F9E96A68C3BA64025C2DF7A292A27442586FD2FADD4B451F44E8E4B69E4036140806354B17B45A601739A14F58872325CD31E779504AA6B5C39B3B30927A8C862BBB1D636C3125B84C074A01D13FDACF35281FD58FFB49BBF8157F2A4609E333381DC3671C924C6AF34AF0AA1D30FDC170853A91D2B2D6DE91B1E9D71BEF10599803CDD5899C8E5E85B45BE1BD6A72FC114A4A2374A31FEFE78E7BDD7186AB43AA6D3E6AEE8B22557D27F97F2BA4A1ED49655D283A244AEC410A02D0FBE3B9F96FA1509C594D9DF78BAC66ACF8324F4D82A85]}
01-23 22:42:16.748 21318 21318 D [WeatherWidget(15061)]  : {[92814B0137E99BC1A45799D2DF2DAFD83A90D0369E5261C256E9236009B90AF93102C9204285E779911B0A5260A23C245E74F3C56E9790760016E17A78A5351E620ABA6DD04E0BBC5BEB0BE5BCB996C15E4CCEB222DCD8ACBD64D148B8E63FF2863828B305279E9681EA47CB6EA2A991]}
01-23 22:42:16.749 21187 21220 D UE4     : [2019.01.24-03.42.16:749][  0]LogWorld: Bringing up level for play took: 0.006547
01-23 22:42:16.749 21318 21318 D [WeatherWidget(15061)]  : {[AB2EA232D9D918C5DCF18761D4838C31104B8E91A5A763C5694710FFAD965B7D]}
01-23 22:42:16.750 21318 21318 D [WeatherWidget(15061)]  : {[15C09394A4E9AFE55A5C62F22AB3FC596F042F71D50D29517626203C1B5A081E1575B704CCD205238E47B82C2F87C3F6]}
01-23 22:42:16.750 21187 21220 D UE4     : [2019.01.24-03.42.16:750][  0]LogOnlineIdentity: Display: OSS: FOnlineIdentityGooglePlay::GetPlayerNickname
01-23 22:42:16.751 21318 21318 D [WeatherWidget(15061)]  : {[59F4E8D154FA78031E153DE0D941ACE8947ECD727D686F7FF92D2F0FC224CC9A]}
01-23 22:42:16.752 21187 21220 D UE4     : [2019.01.24-03.42.16:751][  0]LogGameMode: FindPlayerStart: PATHS NOT DEFINED or NO PLAYERSTART with positive rating
01-23 22:42:16.753 21318 21318 D [WeatherWidget(15061)]  : {[92814B0137E99BC1A45799D2DF2DAFD83A90D0369E5261C256E9236009B90AF93102C9204285E779911B0A5260A23C245E74F3C56E9790760016E17A78A5351E620ABA6DD04E0BBC5BEB0BE5BCB996C15E4CCEB222DCD8ACBD64D148B8E63FF2863828B305279E9681EA47CB6EA2A991]}
01-23 22:42:16.754 21318 21318 D [WeatherWidget(15061)]  DB L2: {[610591C4E30FED4A153FF198DAC84EFE34105AC04224A27A6EA4D87EAF16DF76B52CD5EF9AE8CDBACF25F24E6EA3A49D5E3A795039FB4FE5244830001223CF7F]}
01-23 22:42:16.755 21318 21318 D [WeatherWidget(15061)]  : {[5996EF099FC0F34ED8933B9995473FDED202967BF4BAF497ED98BD1013E2EEAF9BBE67BFF187987F2BABB50CE278C770]}
01-23 22:42:16.756 21318 21318 D [WeatherWidget(15061)]  : {[BD1693628C029252CA095FEF8F76FB8C539598E2A2EC5ABD453EC4CE5E63D453DBF6198B31C9A83BA74935A3A5928488]}
01-23 22:42:16.757 21318 21318 D [WeatherWidget(15061)]  DB L2: {[610591C4E30FED4A153FF198DAC84EFEE3319B0D622FD4A19809E90ED3C1398368D658B139FCCB8B9564F5B4E9CB634EAB56391B31E822011CEE1311E5BAC529]}
01-23 22:42:16.759 21318 21318 D [WeatherWidget(15061)]  : {[E9BDC1AC9F9B078A92B3F309630276C89F9B6E52C087A495B97355481F2FDE5B58A757A09967AB7BD9E1187CEA5BB356FACBD4A552A7402C88647F970C513A69]}
01-23 22:42:16.760 21318 21318 D [WeatherWidget(15061)]  : {[D8993B48F5FD9B7A71D8615D2329D19831F0A74A0A012330746D4C85901923EC69EB218C1E2A8BAB5D68704D277342DC]}
01-23 22:42:16.761 21318 21318 D [WeatherWidget(15061)]  : {[9C1073CE82D9D334C812CB80328F71A308EED20030F641D17F48B30F1B500A82]}
01-23 22:42:16.762  3755 21418 D VibratorService: vibratorOn() : 15ms, magnitude :6500, f : -1
01-23 22:42:16.762 21318 21318 D [WeatherWidget(15061)]  : {[1FCD247B1B468B541089CDB282555A1CAFBBAA4A6237F21D24FDB8D4BBA99CFA5621CC8348493446A06E82586171CC94]}
01-23 22:42:16.763 21318 21318 D [WeatherWidget(15061)]  : {[490D55564B5675E444E8C95C5EC590FE6B85D26C8567267E8F65BA76FB680B1EC9424358B64A64B59C59E0777C5E6D35]}
01-23 22:42:16.764 21318 21318 D [WeatherWidget(15061)]  : {[CD3A5B2C74BC1DAD147333218241B1E2BCFE655EBA7042BEC194CB74F5CE4851167F282537419E8C5B10F57730E27337]}
01-23 22:42:16.765 21318 21318 D [WeatherWidget(15061)]  DB L2: {[610591C4E30FED4A153FF198DAC84EFEE3319B0D622FD4A19809E90ED3C1398368D658B139FCCB8B9564F5B4E9CB634E1F607677F6A20224DBB2782BE813D275]}
01-23 22:42:16.766 21318 21318 D [WeatherWidget(15061)]  : {[E9BDC1AC9F9B078A92B3F309630276C89F9B6E52C087A495B97355481F2FDE5B58A757A09967AB7BD9E1187CEA5BB356FACBD4A552A7402C88647F970C513A69]}
01-23 22:42:16.767 21318 21318 D [WeatherWidget(15061)]  DB L2: {[610591C4E30FED4A153FF198DAC84EFE259FA03515F619060291D19B9A2E73CB46DA064369D1073FED4BA9669B425DCAC1F553D627CB4C7386D34785CDA5C759]}
01-23 22:42:16.768 21318 21318 D [WeatherWidget(15061)]  DB L2: {[610591C4E30FED4A153FF198DAC84EFE1A65FB0EE8B7C5763A9CB231BC13495CF89C30B92C9E7561C51C9274478BC6513ACF70D7852D0538DFAECD5306CD3FD4]}
01-23 22:42:16.770 21318 21318 D [WeatherWidget(15061)]  : {[DFD94D30EABD30B99C8E6B65B7E5E9E8C1CC814BB8E01A1E672D69F2337595306D821D52B117BFB2B7725BA186A553C2]}
01-23 22:42:16.772 21318 21318 D [WeatherWidget(15061)]  DB L2: {[610591C4E30FED4A153FF198DAC84EFE34105AC04224A27A6EA4D87EAF16DF76B52CD5EF9AE8CDBACF25F24E6EA3A49DEDE9305729F5E6BDAEB6A5B0C5ABADE0]}
01-23 22:42:16.773 21318 21318 D [WeatherWidget(15061)]  : {[0E8A41EEBD23A8CDC74AF20A1577A23791B87F716BC65ACCEAEEE7E1F1D9E8F70CF8D16B6F652A06E336413549345898]}
01-23 22:42:16.774 21318 21318 D [WeatherWidget(15061)]  DB L2: {[610591C4E30FED4A153FF198DAC84EFEE3319B0D622FD4A19809E90ED3C1398368D658B139FCCB8B9564F5B4E9CB634E1DCFF7D3348C0D13A09E3F82985F62F1]}
01-23 22:42:16.776 21318 21318 D [WeatherWidget(15061)]  : {[E9BDC1AC9F9B078A92B3F309630276C89F9B6E52C087A495B97355481F2FDE5B58A757A09967AB7BD9E1187CEA5BB356FACBD4A552A7402C88647F970C513A69]}
01-23 22:42:16.776 21318 21318 D [WeatherWidget(15061)]  DB L2: {[610591C4E30FED4A153FF198DAC84EFE259FA03515F619060291D19B9A2E73CB46DA064369D1073FED4BA9669B425DCA3D3EB538FF3C6CA7E44CCE130CC0A821]}
01-23 22:42:16.777 21318 21318 D [WeatherWidget(15061)]  DB L2: {[610591C4E30FED4A153FF198DAC84EFE1A65FB0EE8B7C5763A9CB231BC13495CF89C30B92C9E7561C51C9274478BC651B9C23A0FBDD990095404322986B07EF9]}
01-23 22:42:16.778 21318 21318 D [WeatherWidget(15061)]  : {[4E5D5C4244EADDBCDA19A1AC7B26969AC122CA82D70BF5134F46159523EC92F746C4CC9CE8750321D511FD264A16901A]}
01-23 22:42:16.780 21318 21318 D [WeatherWidget(15061)]  : {[6962E010A53E2D3751CD098CFC73BF657588F3F4788A26999E31E1752D4FF82731D4D14D6782190635E5A17DFF656DE1]}
01-23 22:42:16.781 21318 21318 D [WeatherWidget(15061)]  : {[E65FB96B7B517D18451E52AC3AC95EAE1C55837DF224D2E04BE512E5B91DAEEC3CBF89DC032BF37FFE88B84E22AF77A9]}
01-23 22:42:16.781 21318 21318 D [WeatherWidget(15061)]  : {[7EC14F8BB6636439449F06DA0EA7F05EA7C6F9B614AB48073A569CEF12D3C828]}
01-23 22:42:16.781  3277 21294 I tlc_communication: mcWaitNotification is completed;237
01-23 22:42:16.781 21318 21318 D [WeatherWidget(15061)]  DB L2: {[610591C4E30FED4A153FF198DAC84EFEE3319B0D622FD4A19809E90ED3C1398368D658B139FCCB8B9564F5B4E9CB634E7BE347E86D3450CAE8A811C0252DC524]}
01-23 22:42:16.782  3277 21294 I TLC_BAUTH: Check the Trustlet return code is completed;1353
01-23 22:42:16.782  3277 21294 D bauth_FPBAuthService: FPBAuthService, 3843
01-23 22:42:16.782  3277 21294 D bauth_FPBAuthService: check_opcode status = 2, opcode = 4, func_ret_val = 0, function_status = 2, timeout = 50
01-23 22:42:16.782  3277 21294 D bauth_FPBAuthService: FPBAuthService, 1191
01-23 22:42:16.782  3277 21294 D bauth_FPBAuthSensorControl: FPBAuthSensorControl, 432
01-23 22:42:16.782 21318 21318 D [WeatherWidget(15061)]  : {[E9BDC1AC9F9B078A92B3F309630276C89F9B6E52C087A495B97355481F2FDE5B58A757A09967AB7BD9E1187CEA5BB356FACBD4A552A7402C88647F970C513A69]}
01-23 22:42:16.782  3277 21294 D bauth_FPBAuthSensorControl: FPBAuthSensorControl, 390
01-23 22:42:16.782  3277 21294 D bauth_FPBAuthService: FPBAuthService, 1208
01-23 22:42:16.782  3277 21294 D bauth_FPBAuthSensorControl: FPBAuthSensorControl, 474
01-23 22:42:16.782  3277 21294 D bauth_FPBAuthSensorControl: FPBAuthSensorControl, 390
01-23 22:42:16.782  3277 21294 D bauth_FPBAuthSensorControl: FPBAuthSensorControl, 432
01-23 22:42:16.782  3277 21294 D bauth_FPBAuthService: FPBAuthService, 1340
01-23 22:42:16.782  3277 21294 D bauth_FPBAuthService: FPBAuthService, 1351
01-23 22:42:16.782 21318 21318 D [WeatherWidget(15061)]  DB L2: {[610591C4E30FED4A153FF198DAC84EFE259FA03515F619060291D19B9A2E73CB46DA064369D1073FED4BA9669B425DCA0C6B0152ADBDF479E3A0577E447A0DCD]}
01-23 22:42:16.782  3277 21294 I TLC_BAUTH: Call FP cmd 0x7;1303
01-23 22:42:16.782  3277 21294 I tlc_communication: Send Trustlet TCI Message;214
01-23 22:42:16.782  3277 21294 I tlc_communication: mcNotify is completed;224
01-23 22:42:16.783 21318 21318 D [WeatherWidget(15061)]  DB L2: {[610591C4E30FED4A153FF198DAC84EFE1A65FB0EE8B7C5763A9CB231BC13495CF89C30B92C9E7561C51C9274478BC6511BA3355B8B5CF6AE8A0D3D3E8C4BF3BC]}
01-23 22:42:16.784 21318 21318 D [WeatherWidget(15061)]  : {[A3D0376F110ED1708C277D8494D333F60FEAA5C695DC06C5BCC463A68D8759B59561AC759D3F668AF78C1B1218B957E3A811DE095895007FDDE939F900F3C7DC]}
01-23 22:42:16.785 21318 21318 D [WeatherWidget(15061)]  : {[57479E78314F38F7DB3EE477BEF7D670BB43903225A8E2C8ECAC2DCBEE8B3FAFA5075BA0F546EDE4276DE8ED4E4A44DF]}
01-23 22:42:16.785 21318 21318 D [WeatherWidget(15061)]  : {[AB2EA232D9D918C5DCF18761D4838C31104B8E91A5A763C5694710FFAD965B7D]}
01-23 22:42:16.786 21318 21318 D [WeatherWidget(15061)]  DB L2: {[610591C4E30FED4A153FF198DAC84EFEE3319B0D622FD4A19809E90ED3C1398368D658B139FCCB8B9564F5B4E9CB634E47EF472C71CD1ABCF3CBA2D3E8778F85]}
01-23 22:42:16.787 21318 21318 D [WeatherWidget(15061)]  : {[E9BDC1AC9F9B078A92B3F309630276C89F9B6E52C087A495B97355481F2FDE5B58A757A09967AB7BD9E1187CEA5BB356FACBD4A552A7402C88647F970C513A69]}
01-23 22:42:16.787 21318 21318 D [WeatherWidget(15061)]  : {[038FBE6A0C1C9C4D400219E8B85B450684640AA3F6A989087DE001E389A08436]}
01-23 22:42:16.787  3277 21294 I tlc_communication: mcWaitNotification is completed;237
01-23 22:42:16.787 21318 21318 D [WeatherWidget(15061)]  : {[55815A80F8D7EB03565E3F8393CFF9E918AD5F915CD5FAE51E5B2FF14F5C1A4B1563130EEBFC107F9855B4CB50427F22]}
01-23 22:42:16.787  3277 21294 I TLC_BAUTH: Check the Trustlet return code is completed;1353
01-23 22:42:16.787  3277 21294 D bauth_FPBAuthService: FPBAuthService, 3843
01-23 22:42:16.787  3277 21294 D bauth_FPBAuthService: check_opcode status = 2, opcode = 4, func_ret_val = 0, function_status = 2, timeout = 50
01-23 22:42:16.787  3277 21294 D bauth_FPBAuthService: FPBAuthService, 1191
01-23 22:42:16.787  3277 21294 D bauth_FPBAuthSensorControl: FPBAuthSensorControl, 432
01-23 22:42:16.788  3277 21294 D bauth_FPBAuthSensorControl: FPBAuthSensorControl, 390
01-23 22:42:16.788  3277 21294 D bauth_FPBAuthService: FPBAuthService, 1208
01-23 22:42:16.788 21318 21318 D [WeatherWidget(15061)]  DB L2: {[610591C4E30FED4A153FF198DAC84EFEE3319B0D622FD4A19809E90ED3C1398368D658B139FCCB8B9564F5B4E9CB634E03C20E0B99E1F82A2A47523E0BA877A1]}
01-23 22:42:16.788 21318 21318 D [WeatherWidget(15061)]  : {[E9BDC1AC9F9B078A92B3F309630276C89F9B6E52C087A495B97355481F2FDE5B58A757A09967AB7BD9E1187CEA5BB356FACBD4A552A7402C88647F970C513A69]}
01-23 22:42:16.789 21318 21318 D [WeatherWidget(15061)]  DB L2: {[610591C4E30FED4A153FF198DAC84EFE259FA03515F619060291D19B9A2E73CB46DA064369D1073FED4BA9669B425DCAC73B68C1E5F86657BCB3C7860C5FE35C]}
01-23 22:42:16.789 21318 21318 D [WeatherWidget(15061)]  DB L2: {[610591C4E30FED4A153FF198DAC84EFE1A65FB0EE8B7C5763A9CB231BC13495CF89C30B92C9E7561C51C9274478BC651072C9FD24070B49F7B505EF75FC7DA73]}
01-23 22:42:16.790 21318 21318 D [WeatherWidget(15061)]  : {[65D4E43CEE7D8C0CDA49BFB88BB89A27968B4E49378209C95B4CB8E9297D0BA7A89A1BDF6ED69BBC6A01C77FDE5F260E]}
01-23 22:42:16.790 21318 21318 D [WeatherWidget(15061)]  : {[59EA6A3DBAD270A161BB723EFF01548F9DD24336AF7B48BD918089CB2F6B87C0482EFB485F87158C3767A389BEA62105]}
01-23 22:42:16.791 21187 21220 D UE4     : [2019.01.24-03.42.16:791][  0]LogUMG: Display: Widget Class GameStartMenu_C - Loaded Fast Template.
01-23 22:42:16.791 21318 21318 D [WeatherWidget(15061)]  : {[C779B23635AEA1DE19D8E21946A84D7EBF6E42F665CE93E080A88758086C57A2DE545D387FF4DEE2BFD78C83C78A3119]}
01-23 22:42:16.793 21318 21318 D [WeatherWidget(15061)]  : {[B778DD2FBB910D9C0BC35536CD290B67B9F22D4F1CD949F4ACA881B9EAE6663F]}
01-23 22:42:16.793 21318 21318 D [WeatherWidget(15061)]  DB L2: {[610591C4E30FED4A153FF198DAC84EFEE3319B0D622FD4A19809E90ED3C1398368D658B139FCCB8B9564F5B4E9CB634E4C94B3E5427C88F9803F3D01DA25C6D4]}
01-23 22:42:16.794 21318 21318 D [WeatherWidget(15061)]  : {[E9BDC1AC9F9B078A92B3F309630276C89F9B6E52C087A495B97355481F2FDE5B58A757A09967AB7BD9E1187CEA5BB356FACBD4A552A7402C88647F970C513A69]}
01-23 22:42:16.794 21318 21318 D [WeatherWidget(15061)]  DB L2: {[610591C4E30FED4A153FF198DAC84EFE259FA03515F619060291D19B9A2E73CB46DA064369D1073FED4BA9669B425DCA5EEC9D7B0F8E0C976531DF0DE7420D2C]}
01-23 22:42:16.794 21318 21318 D [WeatherWidget(15061)]  DB L2: {[610591C4E30FED4A153FF198DAC84EFE1A65FB0EE8B7C5763A9CB231BC13495CF89C30B92C9E7561C51C9274478BC651C64F6C045FB3432ED5442CF995522A63]}
01-23 22:42:16.796 21318 21318 D [WeatherWidget(15061)]  : {[AB2EA232D9D918C5DCF18761D4838C31104B8E91A5A763C5694710FFAD965B7D]}
01-23 22:42:16.796 21187 21220 D UE4     : [2019.01.24-03.42.16:796][  0]LogLevel: Warning: EnableInput on a LevelScript actor can not be specified for only one PlayerController.  Enabling for all PlayerControllers.
01-23 22:42:16.797 21187 21220 D UE4     : [2019.01.24-03.42.16:797][  0]LogLoad: Took 0.420965 seconds to LoadMap(/Game/Maps/StackMap)
01-23 22:42:16.799 21318 21318 D [WeatherWidget(15061)]  : {[6A7C0127EA4BBB302979E48D8BC3D458C7DE07B497371FE61B6D6EC2B5F9E5AC1510B8FB6EE85ABD67495C9C188F8AC6784BE8CD70E7D34BA1BA0F6791A2F349BA43A29C6C1FC4BD610D8D46CD3B05C3E347F2AA9A40E83C5474922575AAC504]}
01-23 22:42:16.799 21187 21220 D UE4     : [2019.01.24-03.42.16:799][  0]LogSlate: Took 0.000359 seconds to synchronously load lazily loaded font '../../../Engine/Content/EngineFonts/Faces/DroidSansMono.ufont' (77K)
01-23 22:42:16.801 21318 21318 D [WeatherWidget(15061)]  : {[AB2EA232D9D918C5DCF18761D4838C31104B8E91A5A763C5694710FFAD965B7D]}
01-23 22:42:16.802 21318 21318 D [WeatherWidget(15061)]  : {[47835F44FEC2C7BBFBE7512D1F4A504EBD404C1A429956ABCB46767BFEF0647C]}
01-23 22:42:16.803 21318 21318 D [WeatherWidget(15061)]  DB L2: {[610591C4E30FED4A153FF198DAC84EFEE3319B0D622FD4A19809E90ED3C1398368D658B139FCCB8B9564F5B4E9CB634E5685797B1A05DBCD802AEDA42DD4F6EE]}
