--------- beginning of main
01-19 19:54:06.966 16970 16970 D SecurityManagerNative: SecurityManagerNative v2.7.2.5 On 64bit PLATFORM With BORINGSSL
01-19 19:54:06.973 16970 16970 E appproc : Enhanced Zygote ASLR: ro.knox.enhance.zygote.aslr != 1. Enhanced Zygote ASLR is DISABLED!
01-19 19:54:06.973 16970 16970 D AndroidRuntime: >>>>>> START com.android.internal.os.RuntimeInit uid 2000 <<<<<<
01-19 19:54:06.976 16970 16970 D AndroidRuntime: CheckJNI is OFF
01-19 19:54:06.979 16970 16970 D AndroidRuntime: addProductProperty: start
01-19 19:54:07.065 16970 16970 I [saiv 1.1]: saiv_OnLoadJNI.cpp(38): _init: Version 1.1 Build # 3532
01-19 19:54:07.066 16970 16970 I [saiv 1.1]: saiv_OnLoadJNI.cpp(43): _init: _init() was called
01-19 19:54:07.103 16970 16970 I MLDAP   : ================================================
01-19 19:54:07.104 16970 16970 I MLDAP   :  MLDAP_LIB v1.1.16
01-19 19:54:07.104 16970 16970 I MLDAP   : ================================================
01-19 19:54:07.182 16970 16970 I TMSDISP : AcsAndroidVirtualDisplayIntfImpl
01-19 19:54:07.225 16970 16970 D ICU     : No timezone override file found: /data/misc/zoneinfo/current/icu/icu_tzdata.dat
01-19 19:54:07.254 16970 16970 I Radio-JNI: register_android_hardware_Radio DONE
01-19 19:54:07.264 16970 16970 D ReflectionHelper: loadKlass() : caller=android.app.Activity.<clinit>:7555 <bottom of call stack> 
01-19 19:54:07.264 16970 16970 D ReflectionHelper: Reflecting method.....  class <onScreenChanged>
01-19 19:54:07.266 16970 16970 E SemAffinityControl: SemAffinityControl: registerfunction enter
01-19 19:54:07.280 16970 16970 D AndroidRuntime: Calling main entry com.android.commands.am.Am
--------- beginning of system
01-19 19:54:07.302  3757 32083 I ActivityManager: START u0 {act=null typ=null flg=0x10000000 cmp=ComponentInfo{com.GeekTechnique.InfinityStack/com.epicgames.ue4.SplashActivity}} from uid 2000 on display 0
01-19 19:54:07.308  3757 32083 D ActivityManager: ActivityRecord() Constructor : multiScreenAttrs=MultiScreenAttrs{mDisplayId=0, mBaseDisplayId=0, mBaseActivity=false}
01-19 19:54:07.310  3757 32083 D ActivityManager: computeStackFocus: stackId=1
01-19 19:54:07.310  3757 32083 D ActivityManager: computeStackFocus: New stack r=ActivityRecord{bf36dfdd0 u0 com.GeekTechnique.InfinityStack/com.epicgames.ue4.SplashActivity t-1} stackId=1
01-19 19:54:07.312  3757 32083 D ActivityTrigger: Activity is Triggerred in full screen 
01-19 19:54:07.317  3757 32083 D CompatibilityInfo: mCompatibilityFlags - 0
01-19 19:54:07.318  3757 32083 D CompatibilityInfo: applicationDensity - 420
01-19 19:54:07.318  3757 32083 D CompatibilityInfo: applicationScale - 1.0
01-19 19:54:07.318  3757 32083 D ActivityManager: moveToFront() : reason=startedActivity setFocusedActivity isAttached=true TaskRecord{f0decf9d0 #836 A=com.GeekTechnique.InfinityStack U=0 StackId=1 sz=1}
01-19 19:54:07.320  3757 32083 D ActivityManager: setFocusStackUnchecked: reason=startedActivity setFocusedActivity focusCandidate=ActivityStack{e83cb46d0 stackId=1, 2 tasks} caller=com.android.server.am.ActivityStack.moveToFront:874 com.android.server.am.ActivityStackSupervisor.moveActivityStackToFront:2005 
01-19 19:54:07.322  4616  4823 D NetworkController.MobileSignalController(0/1): onSignalStrengthsChanged signalStrength=SignalStrength: 99 99 -120 -160 -120 -1 -1 18 -107 -12 4 2147483647 2147483647 0x3000 gsm|lte level=3
01-19 19:54:07.322  4616  4823 D NetworkController.MobileSignalController(0/1): getMobileIconGroup(): 13
01-19 19:54:07.322  4616  4823 D NetworkController.MobileSignalController(0/1): updateVZWMobileIconGroup(): 13
01-19 19:54:07.327  3757 32083 D InputDispatcher: Focused application set to: xxxx
01-19 19:54:07.330  3757 32083 D ActivityManager: resumeTopActivityInnerLocked() : #1 prevTask=TaskRecord{f0decf9d0 #836 A=com.GeekTechnique.InfinityStack U=0 StackId=1 sz=1} next=ActivityRecord{bf36dfdd0 u0 com.GeekTechnique.InfinityStack/com.epicgames.ue4.SplashActivity t836} mFocusedStack=ActivityStack{e83cb46d0 stackId=1, 2 tasks}
01-19 19:54:07.331  3757 32083 D ActivityManager: applyOptionsLocked(), pendingOptions : null
01-19 19:54:07.333  5035  5670 D EPDG -- [SMARTWIFI]: onSignalStrengthsChanged: Received signal strength change, phone type is: 2
01-19 19:54:07.333  3757 32083 D MountService: getExternalStorageMountMode : 3
01-19 19:54:07.333  5035  6446 D EPDG -- [SMARTWIFI]: lastLteRSRP is -104currentLteRSRP is -107
01-19 19:54:07.333  5035  6446 D EPDG -- [SMARTWIFI]: lastLteRSRQ is -12currentLteRSRQ is -12
01-19 19:54:07.333  5035  6446 D EPDG -- [SMARTWIFI]: lastCdmaDb is -16currentCdmaDb is -16
01-19 19:54:07.333  5035  6446 V EPDG -- [SMARTWIFI]: Radio oldest entry removed
01-19 19:54:07.334  5035  6446 V EPDG -- [SMARTWIFI]: New entry : (SignalStrength: 99 99 -120 -160 -120 -1 -1 18 -107 -12 4 2147483647 2147483647 0x3000 gsm|lte : 0 )
01-19 19:54:07.334  5035  6446 V EPDG -- [SMARTWIFI]: Radio entry added
01-19 19:54:07.334  4616  4823 D NetworkController.MobileSignalController(0/1): callState:0, callStateByPhone:false voLTECall:false voiceNetTpe:13 dataNetType:13, ine911:false, emergencyCallbackMode:false
01-19 19:54:07.335  3757 32083 D MountService: getExternalStorageMountMode : 3
01-19 19:54:07.335  3757 32083 D MountService: getExternalStorageMountMode : final mountMode=3, uid : 10394, packageName : com.GeekTechnique.InfinityStack
01-19 19:54:07.360 16988 16988 E Zygote  : v2
01-19 19:54:07.360  3757 32083 I ActivityManager: Start proc 16988:com.GeekTechnique.InfinityStack/u0a394 for activity com.GeekTechnique.InfinityStack/com.epicgames.ue4.SplashActivity
01-19 19:54:07.360 16988 16988 I libpersona: KNOX_SDCARD checking this for 10394
01-19 19:54:07.360 16988 16988 I libpersona: KNOX_SDCARD not a persona
01-19 19:54:07.363 16988 16988 E Zygote  : accessInfo : 0
01-19 19:54:07.365 16988 16988 W SELinux : SELinux selinux_android_compute_policy_index : Policy Index[2],  Con:u:r:zygote:s0 RAM:SEPF_SECMOBILE_7.0_0009, [-1 -1 -1 -1 0 1]
01-19 19:54:07.368 16988 16988 I SELinux : SELinux: seapp_context_lookup: seinfo=untrusted, level=s0:c512,c768, pkgname=com.GeekTechnique.InfinityStack 
01-19 19:54:07.371 16970 16970 D AndroidRuntime: Shutting down VM
01-19 19:54:07.379 16988 16988 I art     : Late-enabling -Xcheck:jni
01-19 19:54:07.412 16970 16970 I TMSDISP : AcsAndroidVirtualDisplayIntfImpl::~AcsAndroidVirtualDisplayIntfImpl - Enter
01-19 19:54:07.412 16970 16970 I TMSDISP : AcsAndroidVirtualDisplayIntfImpl::~AcsAndroidVirtualDisplayIntfImpl - Enter2
01-19 19:54:07.412 16970 16970 I TMSDISP : AcsAndroidVirtualDisplayIntfImpl::~AcsAndroidVirtualDisplayIntfImpl - mSource2
01-19 19:54:07.412 16970 16970 I TMSDISP : AcsAndroidVirtualDisplayIntfImpl::~AcsAndroidVirtualDisplayIntfImpl - Exit
01-19 19:54:07.413 16988 16988 D TimaKeyStoreProvider: TimaKeyStore is not enabled: cannot add TimaSignature Service and generateKeyPair Service
01-19 19:54:07.417  3757  4469 D CompatibilityInfo: mCompatibilityFlags - 0
01-19 19:54:07.418  3757  4469 D CompatibilityInfo: applicationDensity - 420
01-19 19:54:07.418  3757  4469 D CompatibilityInfo: applicationScale - 1.0
01-19 19:54:07.418  3757  4469 I ActivityManager: DSS on for com.GeekTechnique.InfinityStack and scale is 1.0
01-19 19:54:07.419  3757  4469 D CompatibilityInfo: mCompatibilityFlags - 0
01-19 19:54:07.419  3757  4469 D CompatibilityInfo: applicationDensity - 420
01-19 19:54:07.419  3757  4469 D CompatibilityInfo: applicationScale - 1.0
01-19 19:54:07.434  3757  4469 D CompatibilityInfo: mCompatibilityFlags - 0
01-19 19:54:07.434  3757  4469 D CompatibilityInfo: applicationDensity - 420
01-19 19:54:07.434  3757  4469 D CompatibilityInfo: applicationScale - 1.0
01-19 19:54:07.435  3757  4469 D GameManagerService: sem_perfomance_mode: 0
01-19 19:54:07.435  3757  3757 D GameManagerService: NotifyRunnable. pkg: com.GeekTechnique.InfinityStack, type: 4, isMinimized: false, isTunableApp: false
01-19 19:54:07.436  3757  3757 D GameManagerService: do nothing. mKillNotiCount: 3
01-19 19:54:07.445  3757  4469 D ActivityTrigger: ActivityTrigger activityPauseTrigger 
01-19 19:54:07.445  3757  4469 D GameManagerService: sem_perfomance_mode: 0
01-19 19:54:07.451  6011  6033 D ForegroundUtils: could not check pending caller
01-19 19:54:07.452  6011  6033 D ForegroundUtils: could not check pending caller
01-19 19:54:07.453  3757  3757 D GameManagerService: onDisplayChanged. displyId: 0
01-19 19:54:07.453  3757  3757 D GameManagerService: dpi: 420, longPixel: 1920, shortPixel: 1080
01-19 19:54:07.459  3757  9599 D GamePkgDataHelper: getGamePkgData(). com.GeekTechnique.InfinityStack
01-19 19:54:07.459  3757  9599 D GameManagerService: identifyGamePackage. com.GeekTechnique.InfinityStack
01-19 19:54:07.459  3757  9599 D GameManagerService: identifyGamePackage. com.GeekTechnique.InfinityStack
01-19 19:54:07.472  3757  9599 D TelephonyManager: getAllCellInfo : Caller (PID / UID / TID): 3757 / 1000 / 9599
01-19 19:54:07.488  6176  6176 D ViewRootImpl@dbcd7d2[LauncherActivity]: mHardwareRenderer.destroy()#1
01-19 19:54:07.492  3757 29838 V WindowManager: Relayout Window{14de1fbd0 u0 com.sec.android.app.launcher/com.sec.android.app.launcher.activities.LauncherActivity}: viewVisibility=8 req=1080x1920 WM.LayoutParams{(0,0)(fillxfill) sim=#130 ty=1 fl=#81910d02 pfl=0x20000 fmt=-2 wanim=0x103038a vsysui=0x600 needsMenuKey=2 dimDuration=0 naviIconColor=0 sfl=0x40}
01-19 19:54:07.493  3757 29838 I WindowManager_SurfaceController: Destroying surface Surface(name=com.sec.android.app.launcher/com.sec.android.app.launcher.activities.LauncherActivity) called by com.android.server.wm.WindowStateAnimator.destroySurface:2907 com.android.server.wm.WindowStateAnimator.destroySurfaceLocked:1120 com.android.server.wm.WindowState.destroyOrSaveSurface:2662 com.android.server.wm.WindowManagerService.tryStartExitingAnimation:3577 com.android.server.wm.WindowManagerService.relayoutWindow:3433 com.android.server.wm.Session.relayout:240 android.view.IWindowSession$Stub.onTransact:288 com.android.server.wm.Session.onTransact:161 
01-19 19:54:07.493  3215 15153 I SurfaceFlinger: id=16502 Removed MauncherAct (1/7)
01-19 19:54:07.494  3215  3266 I SurfaceFlinger: id=16502 Removed MauncherAct (-2/7)
01-19 19:54:07.500  6176  6176 D ViewRootImpl@dbcd7d2[LauncherActivity]: Relayout returned: oldFrame=[0,0][1080,1920] newFrame=[0,0][1080,1920] result=0x5 surface={isValid=false 0} surfaceGenerationChanged=true
01-19 19:54:07.502  6176  6176 D Launcher: onTrimMemory. Level: 20
01-19 19:54:07.515  3757  9599 D GameManagerService: identifyGamePackage. com.GeekTechnique.InfinityStack
01-19 19:54:07.517  3757  9599 D GameManagerService: identifyGamePackage. com.GeekTechnique.InfinityStack
01-19 19:54:07.553  3757  7204 I ActivityManager: START u0 {act=null typ=null flg=0x10000 cmp=ComponentInfo{com.GeekTechnique.InfinityStack/com.epicgames.ue4.GameActivity}} from uid 10394 on display 0
01-19 19:54:07.556  3757  7204 D ActivityManager: ActivityRecord() Constructor : multiScreenAttrs=MultiScreenAttrs{mDisplayId=0, mBaseDisplayId=0, mBaseActivity=false}
01-19 19:54:07.557  3757  7204 D ActivityManager: moveToFront() : reason=intentActivityFound isAttached=true null
01-19 19:54:07.559  3757  7204 D ActivityManager: moveToFront() : reason=sourceStackToFront isAttached=true null
01-19 19:54:07.562  3757  7204 D ActivityTrigger: Activity is Triggerred in full screen 
01-19 19:54:07.563  3757  7204 D CompatibilityInfo: mCompatibilityFlags - 0
01-19 19:54:07.563  3757  7204 D CompatibilityInfo: applicationDensity - 420
01-19 19:54:07.563  3757  7204 D CompatibilityInfo: applicationScale - 1.0
01-19 19:54:07.563  3757  7204 D ActivityManager: moveToFront() : reason=startedActivity setFocusedActivity isAttached=true TaskRecord{f0decf9d0 #836 A=com.GeekTechnique.InfinityStack U=0 StackId=1 sz=2}
01-19 19:54:07.565  3757  7204 D InputDispatcher: Focused application set to: xxxx
01-19 19:54:07.567  3757  7204 D ActivityManager: resumeTopActivityInnerLocked() : #1 prevTask=TaskRecord{f0decf9d0 #836 A=com.GeekTechnique.InfinityStack U=0 StackId=1 sz=2} next=ActivityRecord{8b7f43ed0 u0 com.GeekTechnique.InfinityStack/com.epicgames.ue4.GameActivity t836} mFocusedStack=ActivityStack{e83cb46d0 stackId=1, 2 tasks}
01-19 19:54:07.573  3757  5063 W MultiScreenManagerService: moveTaskBackToDisplayIfNeeded(): The task has more than one activity
01-19 19:54:07.598  3757  4521 D MdnieScenarioControlService:  packageName : com.GeekTechnique.InfinityStack    className : com.epicgames.ue4.GameActivity
01-19 19:54:07.621  3757  2858 D ActivityManager: setAppIconInfo(), x : 0, y : 0, width : 0, height : 0, isHomeItem : false
01-19 19:54:07.621  3757  2858 D ActivityManager: resumeTopActivityInnerLocked() : #1 prevTask=null next=ActivityRecord{8b7f43ed0 u0 com.GeekTechnique.InfinityStack/com.epicgames.ue4.GameActivity t836} mFocusedStack=ActivityStack{e83cb46d0 stackId=1, 2 tasks}
01-19 19:54:07.626  3757  2858 D CompatibilityInfo: mCompatibilityFlags - 0
01-19 19:54:07.626  3757  2858 D CompatibilityInfo: applicationDensity - 420
01-19 19:54:07.626  3757  2858 D CompatibilityInfo: applicationScale - 1.0
01-19 19:54:07.626  3757  2858 D GameManagerService: sem_perfomance_mode: 0
01-19 19:54:07.627  3757  3757 D GameManagerService: NotifyRunnable. pkg: com.GeekTechnique.InfinityStack, type: 4, isMinimized: false, isTunableApp: false
01-19 19:54:07.627  3757  3757 D GameManagerService: do nothing. mKillNotiCount: 3
01-19 19:54:07.631  3757  2858 D ActivityTrigger: ActivityTrigger activityPauseTrigger 
01-19 19:54:07.631  3757  2858 D GameManagerService: sem_perfomance_mode: 0
01-19 19:54:07.645 16988 16988 D OVRPlugin: JNI_OnLoad
01-19 19:54:07.699 16988 16988 D UE4     : Used memory before allocating anything was 51.23MB
01-19 19:54:07.901 16988 16988 D UE4     : In the JNI_OnLoad function
01-19 19:54:07.902 16988 16988 D UE4     : [JNI] - Failed to determine if app purchasing is enabled!
01-19 19:54:07.907 16988 16988 D UE4     : Path found as '/storage/emulated/0'
01-19 19:54:07.907 16988 16988 D UE4     : Font Path found as '/system/fonts/'
01-19 19:54:07.907 16988 16988 D UE4     : In the JNI_OnLoad function 5
01-19 19:54:07.932 16988 16988 V threaded_app: Creating: 0xdb87bb40
01-19 19:54:07.932 16988 17006 V threaded_app: Config: mcc=311 mnc=480 lang=en cnt=US orien=1 touch=3 dens=420 keys=1 nav=1 keysHid=3 navHid=0 sdk=24 size=2 long=2 modetype=1 modenight=1
01-19 19:54:07.932 16988 17006 D UE4     : Entering native app glue main function
01-19 19:54:07.932 16988 17006 D UE4     : Created event thread
01-19 19:54:07.932 16988 17006 D UE4     : Entered AndroidMain()
01-19 19:54:07.933 16988 17007 D UE4     : Entering event processing thread engine entry point
01-19 19:54:07.933 16988 17007 D UE4     : Prepared looper for event thread
01-19 19:54:07.933 16988 17007 D UE4     : Passed callback initialization
01-19 19:54:07.933 16988 17007 D UE4     : Passed sensor initialization
01-19 19:54:07.934 16988 17006 D UE4     : Controller interface supported
01-19 19:54:07.935  3757  7203 E SensorService: getSensorList a sensor (MAX86900) without holding its required permission: com.samsung.permission.SSENSOR
01-19 19:54:07.935  3757  7203 I SensorService: Skipped sensor MAX86900 because it requires permission com.samsung.permission.SSENSOR and app op -1
01-19 19:54:07.935  3757  7203 E SensorService: getSensorList a sensor (HRM Ambient Light Canceling) without holding its required permission: com.samsung.permission.HRM_EXT
01-19 19:54:07.935  3757  7203 I SensorService: Skipped sensor HRM Ambient Light Canceling because it requires permission com.samsung.permission.HRM_EXT and app op -1
01-19 19:54:07.936  3757  7203 W ServiceManager: Permission failure: android.permission.BODY_SENSORS from uid=10394 pid=16988
01-19 19:54:07.936  3757  7203 E SensorService: getSensorList a sensor (HRMLED IR) without holding its required permission: android.permission.BODY_SENSORS
01-19 19:54:07.936  3757  7203 I SensorService: Skipped sensor HRMLED IR because it requires permission android.permission.BODY_SENSORS and app op 56
01-19 19:54:07.937  3757  7203 W ServiceManager: Permission failure: android.permission.BODY_SENSORS from uid=10394 pid=16988
01-19 19:54:07.937  3757  7203 E SensorService: getSensorList a sensor (HRMLED RED) without holding its required permission: android.permission.BODY_SENSORS
01-19 19:54:07.937  3757  7203 I SensorService: Skipped sensor HRMLED RED because it requires permission android.permission.BODY_SENSORS and app op 56
01-19 19:54:07.937  3757  7203 E SensorService: getSensorList a sensor (HRM Proximity detecting) without holding its required permission: com.samsung.permission.HRM_EXT
01-19 19:54:07.937  3757  7203 I SensorService: Skipped sensor HRM Proximity detecting because it requires permission com.samsung.permission.HRM_EXT and app op -1
01-19 19:54:07.937  3757  7203 E SensorService: getSensorList a sensor (HRM Sensor) without holding its required permission: com.samsung.permission.SSENSOR
01-19 19:54:07.937  3757  7203 I SensorService: Skipped sensor HRM Sensor because it requires permission com.samsung.permission.SSENSOR and app op -1
01-19 19:54:07.938  3757  7203 W ServiceManager: Permission failure: android.permission.BODY_SENSORS from uid=10394 pid=16988
01-19 19:54:07.938  3757  7203 E SensorService: getSensorList a sensor (HeartRate Sensor) without holding its required permission: android.permission.BODY_SENSORS
01-19 19:54:07.938  3757  7203 I SensorService: Skipped sensor HeartRate Sensor because it requires permission android.permission.BODY_SENSORS and app op 56
01-19 19:54:07.938  3757  7203 E SensorService: getSensorList a sensor (Sensor Diagnostic Monitor) without holding its required permission: com.samsung.permission.SSENSOR
01-19 19:54:07.938  3757  7203 I SensorService: Skipped sensor Sensor Diagnostic Monitor because it requires permission com.samsung.permission.SSENSOR and app op -1
01-19 19:54:07.989 16988 16988 D ViewRootImpl@c9e8dee[GameActivity]: ThreadedRenderer.create() translucent=false
01-19 19:54:07.991  3757  5062 D WindowManager: addWindow: android.view.IWindow$Stub$Proxy@54bed8 displayId=0
01-19 19:54:07.993  3757  5062 D InputTransport: Input channel constructed: fd=434
01-19 19:54:07.993  3757  5062 D InputTransport: Input channel constructed: fd=544
01-19 19:54:07.994  3757  5062 D WindowManager: openInputChannel mInputChannel: 61c4d16 com.GeekTechnique.InfinityStack/com.epicgames.ue4.GameActivity (server)
01-19 19:54:07.999  3757  5062 D InputTransport: Input channel destroyed: fd=544
01-19 19:54:08.000 16988 16988 D InputTransport: Input channel constructed: fd=67
01-19 19:54:08.000 16988 16988 D ViewRootImpl@c9e8dee[GameActivity]: setView = DecorView@2d5228f[GameActivity] touchMode=true
01-19 19:54:08.002 16988 16988 D UE4     : Target SDK is 26.  This may cause issues if permissions are denied by the user.
01-19 19:54:08.004 16988 16988 D PermissionFragment: Creating PlayGamesFragment
01-19 19:54:08.022  3757 29842 I ActivityManager: START u0 {act=android.content.pm.action.REQUEST_PERMISSIONS typ=null flg=0x0 cmp=ComponentInfo{com.google.android.packageinstaller/com.android.packageinstaller.permission.ui.GrantPermissionsActivity}} from uid 10394 on display 0
01-19 19:54:08.023  3757 29842 W ActivityManager: REQUEST_PERMISSIONS Action.
01-19 19:54:08.023  3757 29842 W ActivityManager: REQUEST_PERMISSIONS Action.
01-19 19:54:08.028  3757 29842 D ActivityManager: ActivityRecord() Constructor : multiScreenAttrs=MultiScreenAttrs{mDisplayId=0, mBaseDisplayId=0, mBaseActivity=false}
01-19 19:54:08.029  3757 29842 D ActivityManager: moveToFront() : reason=sourceStackToFront isAttached=true null
01-19 19:54:08.034  3757 29842 D ActivityTrigger: Activity is Triggerred in full screen 
01-19 19:54:08.035  3757 29842 D CompatibilityInfo: mCompatibilityFlags - 0
01-19 19:54:08.035  3757 29842 D CompatibilityInfo: applicationDensity - 420
01-19 19:54:08.035  3757 29842 D CompatibilityInfo: applicationScale - 1.0
01-19 19:54:08.035  3757 29842 D ActivityManager: moveToFront() : reason=startedActivity setFocusedActivity isAttached=true TaskRecord{f0decf9d0 #836 A=com.GeekTechnique.InfinityStack U=0 StackId=1 sz=3}
01-19 19:54:08.040  3757 29842 D InputDispatcher: Focused application set to: xxxx
01-19 19:54:08.042  3757 29842 D ActivityManager: resumeTopActivityInnerLocked() : #1 prevTask=TaskRecord{f0decf9d0 #836 A=com.GeekTechnique.InfinityStack U=0 StackId=1 sz=3} next=ActivityRecord{e8db697d0 u0 com.google.android.packageinstaller/com.android.packageinstaller.permission.ui.GrantPermissionsActivity t836} mFocusedStack=ActivityStack{e83cb46d0 stackId=1, 2 tasks}
01-19 19:54:08.055 16988 16988 D UE4     : Vulkan version: 1.0.3
01-19 19:54:08.056 16988 16988 D UE4     : Vulkan level: 1
01-19 19:54:08.060 16988 16988 D UE4     : Found DepthBufferPreference = 0
01-19 19:54:08.060 16988 16988 D UE4     : Found bPackageDataInsideApk = 0
01-19 19:54:08.061 16988 16988 D UE4     : Found ProjectName = StackerGame
01-19 19:54:08.061 16988 16988 D UE4     : Found AppType = 
01-19 19:54:08.061 16988 16988 D UE4     : Found bHasOBBFiles = 0
01-19 19:54:08.061 16988 16988 D UE4     : Found bVerifyOBBOnStartUp = false
01-19 19:54:08.061 16988 16988 D UE4     : UI hiding set to false
01-19 19:54:08.062 16988 16988 D UE4     : BuildConfiguration set to Development
01-19 19:54:08.062 16988 16988 D UE4     : UseExternalFilesDir set to false
01-19 19:54:08.062 16988 16988 D UE4     : AllowIMU set to true
01-19 19:54:08.062 16988 16988 D UE4     : SupportsVulkan set to false
01-19 19:54:08.062 16988 16988 D UE4     : No GearVR mode detected.
01-19 19:54:08.123 16988 16988 D libEGL  : loaded /vendor/lib/egl/libGLES_mali.so
01-19 19:54:08.132  3757  3774 W ActivityManager: Activity pause timeout for ActivityRecord{8b7f43ed0 u0 com.GeekTechnique.InfinityStack/com.epicgames.ue4.GameActivity t836}
01-19 19:54:08.132  3757  3774 D ActivityManager: resumeTopActivityInnerLocked() : #1 prevTask=null next=ActivityRecord{e8db697d0 u0 com.google.android.packageinstaller/com.android.packageinstaller.permission.ui.GrantPermissionsActivity t836} mFocusedStack=ActivityStack{e83cb46d0 stackId=1, 2 tasks}
01-19 19:54:08.133  3757  3774 D ActivityManager: applyOptionsLocked(), pendingOptions : null
01-19 19:54:08.134  3757  3774 D MountService: getExternalStorageMountMode : 2
01-19 19:54:08.134  3757  3774 D MountService: getExternalStorageMountMode : 3
01-19 19:54:08.134  3757  3774 D MountService: getExternalStorageMountMode : final mountMode=2, uid : 10028, packageName : com.google.android.packageinstaller
01-19 19:54:08.152 17010 17010 E Zygote  : v2
01-19 19:54:08.153 17010 17010 I libpersona: KNOX_SDCARD checking this for 10028
01-19 19:54:08.153 17010 17010 I libpersona: KNOX_SDCARD not a persona
01-19 19:54:08.153  3757  3774 I ActivityManager: Start proc 17010:com.google.android.packageinstaller/u0a28 for activity com.google.android.packageinstaller/com.android.packageinstaller.permission.ui.GrantPermissionsActivity
01-19 19:54:08.154  3757  3774 D ActivityTrigger: ActivityTrigger activityStopTrigger 
01-19 19:54:08.154 17010 17010 E Zygote  : accessInfo : 0
01-19 19:54:08.155 17010 17010 W SELinux : SELinux selinux_android_compute_policy_index : Policy Index[2],  Con:u:r:zygote:s0 RAM:SEPF_SECMOBILE_7.0_0009, [-1 -1 -1 -1 0 1]
01-19 19:54:08.157 17010 17010 I SELinux : SELinux: seapp_context_lookup: seinfo=untrusted, level=s0:c512,c768, pkgname=com.google.android.packageinstaller 
01-19 19:54:08.163 16988 17009 D UE4     : Used memory: 63668
01-19 19:54:08.173 16988 16988 D UE4     : Hardware: SAMSUNG Exynos7420
01-19 19:54:08.173 16988 16988 D UE4     : ro.hardware: samsungexynos7420
01-19 19:54:08.175 16988 16988 D UE4     : Memory: 3662 MB
01-19 19:54:08.180 16988 16988 D UE4     : UseAffinity: false
01-19 19:54:08.180 16988 16988 D UE4     : BigCoreMask: 0xffff
01-19 19:54:08.180 16988 16988 D UE4     : LittleCoreMask: 0x0
01-19 19:54:08.182 16988 16988 D UE4     : APK path: /data/app/com.GeekTechnique.InfinityStack-1/base.apk
01-19 19:54:08.182 16988 16988 D UE4     : OBB in APK: false
01-19 19:54:08.185 16988 16993 I art     : Compiler allocated 4MB to compile void com.epicgames.ue4.GameActivity.onCreate(android.os.Bundle)
01-19 19:54:08.185 16988 16988 D UE4     : InternalFilePath found as '/data/user/0/com.GeekTechnique.InfinityStack/files'
01-19 19:54:08.185 16988 16988 D UE4     : ExternalFilePath found as '/storage/emulated/0/Android/data/com.GeekTechnique.InfinityStack/files'
01-19 19:54:08.186 16988 16988 D UE4     : App is running in Portrait
01-19 19:54:08.187 16988 16988 D UE4     : Android version is 7.0
01-19 19:54:08.187 16988 16988 D UE4     : Android manufacturer is samsung
01-19 19:54:08.187 16988 16988 D UE4     : Android model is SM-N920V
01-19 19:54:08.187 16988 16988 D UE4     : Android build number is NRD90M.N920VVRS3CRH1
01-19 19:54:08.187 16988 16988 D UE4     : OS language is set to en_US
01-19 19:54:08.187 16988 16988 D UE4     : Debugger attached is false
01-19 19:54:08.189 16988 16993 I art     : Do partial code cache collection, code=13KB, data=31KB
01-19 19:54:08.189 16988 16993 I art     : After code cache collection, code=13KB, data=31KB
01-19 19:54:08.189 16988 16993 I art     : Increasing code cache capacity to 128KB
01-19 19:54:08.191 17010 17010 D TimaKeyStoreProvider: TimaKeyStore is not enabled: cannot add TimaSignature Service and generateKeyPair Service
01-19 19:54:08.194  3757 10496 D CompatibilityInfo: mCompatibilityFlags - 0
01-19 19:54:08.194  3757 10496 D CompatibilityInfo: applicationDensity - 420
01-19 19:54:08.194  3757 10496 D CompatibilityInfo: applicationScale - 1.0
01-19 19:54:08.194  3757 10496 I ActivityManager: DSS on for com.google.android.packageinstaller and scale is 1.0
01-19 19:54:08.195  3757 10496 D CompatibilityInfo: mCompatibilityFlags - 0
01-19 19:54:08.195  3757 10496 D CompatibilityInfo: applicationDensity - 420
01-19 19:54:08.196  3757 10496 D CompatibilityInfo: applicationScale - 1.0
01-19 19:54:08.224  3757 10496 D InputDispatcher: setInputDispatchMode: enabled=1, frozen=1
01-19 19:54:08.227 16988 16988 W PopupManager: You have not specified a View to use as content view for popups. Falling back to the Activity content view. Note that this may not work as expected in multi-screen environments
01-19 19:54:08.228  3215  3215 I SurfaceFlinger: id=16504 createSurf (1080x1920),2 flag=4, TcreenshotS
01-19 19:54:08.229 16988 16988 D UE4     : ==============> GameActive.onCreate complete!
01-19 19:54:08.258  3757 10496 D CompatibilityInfo: mCompatibilityFlags - 0
01-19 19:54:08.259  3757 10496 D CompatibilityInfo: applicationDensity - 420
01-19 19:54:08.259  3757 10496 D CompatibilityInfo: applicationScale - 1.0
01-19 19:54:08.260  3757 10496 D GameManagerService: sem_perfomance_mode: 0
01-19 19:54:08.260  3757  3757 D GameManagerService: NotifyRunnable. pkg: com.google.android.packageinstaller, type: 4, isMinimized: false, isTunableApp: false
01-19 19:54:08.260  3757  3757 D GameManagerService: do nothing. mKillNotiCount: 3
01-19 19:54:08.263  3757 10496 D ActivityTrigger: ActivityTrigger activityPauseTrigger 
01-19 19:54:08.264  3757 10496 D GameManagerService: sem_perfomance_mode: 0
01-19 19:54:08.267  6011 20825 D ForegroundUtils: could not check pending caller
01-19 19:54:08.270 16988 16988 V threaded_app: Start: 0xdb87bb40
01-19 19:54:08.270 16988 17007 V threaded_app: activityState=10
01-19 19:54:08.270 16988 17007 D UE4     : LogAndroidEvents: EnqueueAppEvent : 9, 0, tid = 17007
01-19 19:54:08.270 16988 16988 D UE4     : Creating console command broadcast listener
01-19 19:54:08.272  3757  9599 D GamePkgDataHelper: getGamePkgData(). com.google.android.packageinstaller
01-19 19:54:08.272  3757  9599 D GameManagerService: identifyGamePackage. com.google.android.packageinstaller
01-19 19:54:08.273 16988 16988 D UE4     : ==================================> Inside onStart function in GameActivity
01-19 19:54:08.276 16988 16988 V threaded_app: Resume: 0xdb87bb40
01-19 19:54:08.277 16988 17007 V threaded_app: activityState=11
01-19 19:54:08.278 16988 17007 D UE4     : Case APP_CMD_RESUME
01-19 19:54:08.278 16988 17007 D UE4     : LogAndroidEvents: EnqueueAppEvent : 7, 0, tid = 17007
01-19 19:54:08.278 16988 16988 D UE4     : ==============> [JAVA] AndroidThunkJava_KeepScreenOn(false) - Enabled screen saver
01-19 19:54:08.278 16988 16988 D UE4     : Registering sensor listeners
01-19 19:54:08.282  3757  9599 D TelephonyManager: getAllCellInfo : Caller (PID / UID / TID): 3757 / 1000 / 9599
01-19 19:54:08.289 17010 17010 W System  : ClassLoader referenced unknown path: /system/priv-app/GooglePackageInstaller/lib/arm64
01-19 19:54:08.291  3757  9599 D GameManagerService: identifyGamePackage. com.google.android.packageinstaller
01-19 19:54:08.292  3757  9599 D GameManagerService: identifyGamePackage. com.google.android.packageinstaller
01-19 19:54:08.294 16988 16988 D SensorManager: registerListener :: 0, K6DS3TR Acceleration Sensor, 20000, 0,  
01-19 19:54:08.295  3757  7206 I Sensors : Mag old sensor_state 1, new sensor_state : 17 en : 1
01-19 19:54:08.303 16988 16988 D SensorManager: registerListener :: 1, AK09911C Magnetic field Sensor, 20000, 0,  
01-19 19:54:08.303  3757 31269 I Sensors : Gyro old sensor_state 17, new sensor_state : 19 en : 1
01-19 19:54:08.311 16988 16988 D SensorManager: registerListener :: 3, K6DS3TR Gyroscope Sensor, 20000, 0,  
01-19 19:54:08.311 16988 16988 D UE4     : App is running in Portrait
01-19 19:54:08.311 16988 16988 D UE4     : ==============> Resuming main init
01-19 19:54:08.318  3757  4332 E Sensors : AccSensor : Meta event
01-19 19:54:08.322 16988 17006 D UE4     : APK Commandline: ../../../StackerGame/StackerGame.uproject  /Game/Maps/StackMap -Messaging -SessionId=7419AE114F596D5E58C7B2890EC41805 -SessionOwner="nope" -SessionName="Launch On Device" -iterative
01-19 19:54:08.322 16988 17006 D UE4     : Override Commandline: ../../../StackerGame/StackerGame.uproject  /Game/Maps/StackMap -Messaging -SessionId=1828E9FB4DCE32EDE85D18A5CD02D1A2 -SessionOwner="nope" -SessionName="Launch On Device" -iterative
01-19 19:54:08.323 16988 17006 D UE4     : Final commandline: ../../../StackerGame/StackerGame.uproject  /Game/Maps/StackMap -Messaging -SessionId=1828E9FB4DCE32EDE85D18A5CD02D1A2 -SessionOwner="nope" -SessionName="Launch On Device" -iterative
01-19 19:54:08.323 16988 17006 D UE4     : Created sync event
01-19 19:54:08.333 16988 16988 D UE4     : ==============> GameActive.onResume complete!
01-19 19:54:08.338  5689  5689 D io_stats: !@   8,0 r 5053505 150390184 w 4061748 88056236 d 604610 43187832 f 1015959 1015718 iot 6470650 3729248 th 61440 61440 42912 pt 11430 inp 0 0 367340.391
01-19 19:54:08.341 16988 16988 D ViewRootImpl@e972267[GameActivity]: ThreadedRenderer.create() translucent=true
01-19 19:54:08.343  3757  3770 D WindowManager: addWindow: android.view.IWindow$Stub$Proxy@1c70669 displayId=0
01-19 19:54:08.344  3757  3770 D InputTransport: Input channel constructed: fd=544
01-19 19:54:08.344  3757  3770 D InputTransport: Input channel constructed: fd=560
01-19 19:54:08.345  3757  3770 D WindowManager: openInputChannel mInputChannel: 8cae18f com.GeekTechnique.InfinityStack/com.epicgames.ue4.GameActivity (server)
01-19 19:54:08.346  3757  3770 D InputTransport: Input channel destroyed: fd=560
01-19 19:54:08.346 16988 16988 D InputTransport: Input channel constructed: fd=73
01-19 19:54:08.347 16988 16988 V threaded_app: InputQueueCreated: 0xdb87bb40 -- 0xdb87ca40
01-19 19:54:08.347 16988 17007 V threaded_app: APP_CMD_INPUT_CHANGED
01-19 19:54:08.347 16988 17007 V threaded_app: Attaching input queue to looper
01-19 19:54:08.348 16988 16988 D ViewRootImpl@e972267[GameActivity]: setView = DecorView@57f3814[GameActivity] touchMode=true
01-19 19:54:08.349  3757 31270 D ActivityManager: post active user change for 0 fullscreen true isHomeActivity() false
01-19 19:54:08.349  3757 31270 D KnoxTimeoutHandler: postActiveUserChange [MsgParam] userId: 0 fullscreen is true showWhenlocked is false isMutiwindowRecord is false multiwindowstyle is 0
01-19 19:54:08.349  3757  3757 D KnoxTimeoutHandler: handleActiveUserChange [MsgParam] userId: 0 fullscreen is true showWhenlocked is false isMutiwindowRecord is false multiwindowstyle is 0
01-19 19:54:08.350 16988 16988 V threaded_app: Pause: 0xdb87bb40
01-19 19:54:08.351 16988 17007 V threaded_app: activityState=13
01-19 19:54:08.351 16988 17007 D UE4     : Case APP_CMD_PAUSE
01-19 19:54:08.351 16988 17007 D UE4     : LogAndroidEvents: EnqueueAppEvent : 6, 0, tid = 17007
01-19 19:54:08.351 16988 16988 D UE4     : Unregistering sensor listeners
01-19 19:54:08.352  3757  3757 I KnoxTimeoutHandler: Shared devices show user statefalse
01-19 19:54:08.359  3757 29838 I Sensors : Mag old sensor_state 19, new sensor_state : 3 en : 0
01-19 19:54:08.367  3757 32084 I Sensors : Gyro old sensor_state 3, new sensor_state : 1 en : 0
01-19 19:54:08.375 16988 16988 D SensorManager: unregisterListener ::   
01-19 19:54:08.375 16988 16988 D UE4     : ==============> GameActive.onPause complete!
01-19 19:54:08.378 16988 16988 D ViewRootImpl@c9e8dee[GameActivity]: dispatchAttachedToWindow
01-19 19:54:08.378  3757  3770 D ActivityManager: resumeTopActivityInnerLocked() : #1 prevTask=null next=ActivityRecord{e8db697d0 u0 com.google.android.packageinstaller/com.android.packageinstaller.permission.ui.GrantPermissionsActivity t836} mFocusedStack=ActivityStack{e83cb46d0 stackId=1, 2 tasks}
01-19 19:54:08.380  3757 31270 V WindowManager: Relayout Window{61c4d16d0 u0 com.GeekTechnique.InfinityStack/com.epicgames.ue4.GameActivity}: viewVisibility=0 req=1079x1856 WM.LayoutParams{(0,0)(fillxfill) gr=#11 sim=#120 ty=2 fl=#1810508 pfl=0x20000 wanim=0x1030001 vsysui=0x400 needsMenuKey=2 naviIconColor=0}
01-19 19:54:08.381  3215  3215 I SurfaceFlinger: id=16505 createSurf (1x1),1 flag=404, HameActivit
01-19 19:54:08.382 16988 16993 I art     : Do partial code cache collection, code=14KB, data=32KB
01-19 19:54:08.382 16988 16993 I art     : After code cache collection, code=14KB, data=32KB
01-19 19:54:08.382 16988 16993 I art     : Increasing code cache capacity to 256KB
01-19 19:54:08.386 16988 16993 I art     : Compiler allocated 7MB to compile boolean com.epicgames.ue4.GameActivity.processSystemInfo(java.lang.String, java.lang.String)
01-19 19:54:08.404  3757  4521 D MdnieScenarioControlService:  packageName : com.google.android.packageinstaller    className : com.android.packageinstaller.permission.ui.GrantPermissionsActivity
01-19 19:54:08.409 16988 16988 D ViewRootImpl@c9e8dee[GameActivity]: Relayout returned: oldFrame=[0,0][0,0] newFrame=[0,0][1080,1920] result=0x27 surface={isValid=true -1026220032} surfaceGenerationChanged=true
01-19 19:54:08.410 16988 16988 D ViewRootImpl@c9e8dee[GameActivity]: mHardwareRenderer.initialize() mSurface={isValid=true -1026220032} hwInitialized=true
01-19 19:54:08.412 16988 17008 I OpenGLRenderer: Initialized EGL, version 1.4
01-19 19:54:08.413 16988 17008 D OpenGLRenderer: Swap behavior 1
01-19 19:54:08.420 16988 17008 D mali_winsys: EGLint new_window_surface(egl_winsys_display*, void*, EGLSurface, EGLConfig, egl_winsys_surface**, egl_color_buffer_format*, EGLBoolean) returns 0x3000,  [1080x1920]-format:1
01-19 19:54:08.425 16988 16988 D ViewRootImpl@e972267[GameActivity]: dispatchAttachedToWindow
01-19 19:54:08.428  3757 31269 V WindowManager: Relayout Window{8cae18fd0 u0 com.GeekTechnique.InfinityStack/com.epicgames.ue4.GameActivity}: viewVisibility=0 req=1079x1856 WM.LayoutParams{(0,0)(fillxfill) sim=#10 ty=1 fl=#1810500 pfl=0x20000 fmt=1 wanim=0x1030001 vsysui=0x400 needsMenuKey=2 naviIconColor=0}
01-19 19:54:08.429  3215  3215 I SurfaceFlinger: id=16506 createSurf (1080x1920),1 flag=4, HameActivit
01-19 19:54:08.441 16988 16988 D ViewRootImpl@e972267[GameActivity]: Relayout returned: oldFrame=[0,0][0,0] newFrame=[0,0][1080,1920] result=0x7 surface={isValid=true -1026217984} surfaceGenerationChanged=true
01-19 19:54:08.441  3757  3793 V WindowManager: Now policy hidden: Window{8cae18fd0 u0 com.GeekTechnique.InfinityStack/com.epicgames.ue4.GameActivity}
01-19 19:54:08.441 16988 16988 D ViewRootImpl@e972267[GameActivity]: mHardwareRenderer.initialize() mSurface={isValid=true -1026217984} hwInitialized=true
01-19 19:54:08.443 16988 17008 D mali_winsys: EGLint new_window_surface(egl_winsys_display*, void*, EGLSurface, EGLConfig, egl_winsys_surface**, egl_color_buffer_format*, EGLBoolean) returns 0x3000,  [1080x1920]-format:1
01-19 19:54:08.449  3757  6272 D WindowManager: addWindow: android.view.IWindow$Stub$Proxy@540a025 displayId=0
01-19 19:54:08.453  3757  2858 V WindowManager: Relayout Window{d1e07abd0 u0 SurfaceView - com.GeekTechnique.InfinityStack/com.epicgames.ue4.GameActivity}: viewVisibility=0 req=1080x1920 WM.LayoutParams{(0,0)(1080x1920) gr=#800033 ty=1001 fl=#4218 pfl=0x10040 fmt=4 naviIconColor=0}
01-19 19:54:08.454  3215  3215 I SurfaceFlinger: id=16507 createSurf (1080x1920),4 flag=404, HameActivit
01-19 19:54:08.457  3215  3215 I SurfaceFlinger: id=16508 createSurf (1080x1920),-1 flag=20404, HameActivit
01-19 19:54:08.469 16988 16988 D SurfaceView: Relayout returned: oldFrame=[0,0][0,0] newFrame=[0,0][1080,1920] result=0x7 surface={Surface(name=null)/@0x921c180 isValid=true -1026158592}
01-19 19:54:08.470  3757  5062 W MultiScreenManagerService: moveTaskBackToDisplayIfNeeded(): The task has more than one activity
01-19 19:54:08.470  3757  3793 V WindowManager: Now policy hidden: Window{d1e07abd0 u0 SurfaceView - com.GeekTechnique.InfinityStack/com.epicgames.ue4.GameActivity}
01-19 19:54:08.470 16988 16988 V threaded_app: NativeWindowCreated: 0xdb87bb40 -- 0xc2d61008
01-19 19:54:08.471 16988 17007 V threaded_app: APP_CMD_INIT_WINDOW
01-19 19:54:08.471 16988 17007 D UE4     : Case APP_CMD_INIT_WINDOW
01-19 19:54:08.472 16988 17007 D UE4     : LogAndroidEvents: EnqueueAppEvent : 0, 3268808712, tid = 17007
01-19 19:54:08.477  3757  7201 D WindowManager: finishDrawingWindow: Window{d1e07abd0 u0 SurfaceView - com.GeekTechnique.InfinityStack/com.epicgames.ue4.GameActivity} mDrawState=DRAW_PENDING
01-19 19:54:08.484  3757  5062 D ActivityManager: moveToFront() : reason=finishActivity adjustFocus setFocusedActivity isAttached=true TaskRecord{f0decf9d0 #836 A=com.GeekTechnique.InfinityStack U=0 StackId=1 sz=2}
01-19 19:54:08.499 16988 16988 V threaded_app: SaveInstanceState: 0xdb87bb40
01-19 19:54:08.499 16988 17007 D UE4     : LogAndroidEvents: EnqueueAppEvent : 12, 0, tid = 17007
01-19 19:54:08.499 16988 17007 V threaded_app: APP_CMD_SAVE_STATE
01-19 19:54:08.500  3757  5062 D InputDispatcher: Focused application set to: xxxx
01-19 19:54:08.501 16988 16988 V threaded_app: Stop: 0xdb87bb40
01-19 19:54:08.503 16988 17007 V threaded_app: activityState=14
01-19 19:54:08.503 16988 17007 D UE4     : LogAndroidEvents: EnqueueAppEvent : 8, 0, tid = 17007
01-19 19:54:08.505 16988 16988 D UE4     : ==============> GameActive.onStop complete!
01-19 19:54:08.507 16988 16988 D ViewRootImpl@c9e8dee[GameActivity]: MSG_RESIZED_REPORT: ci=Rect(0, 0 - 0, 0) vi=Rect(0, 63 - 0, 0) or=1
01-19 19:54:08.507  3757  4440 D ActivityManager: resumeTopActivityInnerLocked() : #1 prevTask=null next=ActivityRecord{8b7f43ed0 u0 com.GeekTechnique.InfinityStack/com.epicgames.ue4.GameActivity t836} mFocusedStack=ActivityStack{e83cb46d0 stackId=1, 2 tasks}
01-19 19:54:08.508  3757  4440 D ActivityManager: applyOptionsLocked(), pendingOptions : null
01-19 19:54:08.520  3757  4440 D ActivityTrigger: ActivityTrigger activityPauseTrigger 
01-19 19:54:08.521  3757  4440 D GameManagerService: sem_perfomance_mode: 0
01-19 19:54:08.524  3757  4440 D GameManagerService: sem_perfomance_mode: 0
01-19 19:54:08.524  3757  3757 D GameManagerService: NotifyRunnable. pkg: com.GeekTechnique.InfinityStack, type: 4, isMinimized: false, isTunableApp: false
01-19 19:54:08.524  3757  3757 D GameManagerService: do nothing. mKillNotiCount: 3
01-19 19:54:08.537  3757  3774 I ActivityManager: Killing 2832:com.samsung.android.spayfw/1000 (adj 906): DHA:SPC_empty #31
01-19 19:54:08.549  6011  6033 D ForegroundUtils: could not check pending caller
01-19 19:54:08.562  3757  3770 D ActivityManager: resumeTopActivityInnerLocked() : #1 prevTask=null next=ActivityRecord{8b7f43ed0 u0 com.GeekTechnique.InfinityStack/com.epicgames.ue4.GameActivity t836} mFocusedStack=ActivityStack{e83cb46d0 stackId=1, 2 tasks}
01-19 19:54:08.565  3757 31270 E PaymentManagerService: Error: Framework App dead, unloading loaded TAs
01-19 19:54:08.565  3757 31270 E PaymentManagerService: Error: Client stopped. Clearing Databstructures for com.samsung.android.spayfw
01-19 19:54:08.565  3757 31270 D PaymentManagerService: PaymentManagerService() - Valid Caller
01-19 19:54:08.565  3757 31270 E PaymentManagerService: PaymentTZNative::unloadTA called for TA that is not loaded. Call Ignored
01-19 19:54:08.565  3757 31270 D PaymentManagerService: PaymentManagerService() - Valid Caller
01-19 19:54:08.565  3757 31270 E PaymentManagerService: PaymentTZNative::unloadTA called for TA that is not loaded. Call Ignored
01-19 19:54:08.565  3757 31270 D PaymentManagerService: PaymentManagerService() - Valid Caller
01-19 19:54:08.565  3757 31270 E PaymentManagerService: PaymentTZNative::unloadTA called for TA that is not loaded. Call Ignored
01-19 19:54:08.565  3757 31270 D PaymentManagerService: PaymentManagerService() - Valid Caller
01-19 19:54:08.565  3757 31270 E PaymentManagerService: PaymentTZNative::unloadTA called for TA that is not loaded. Call Ignored
01-19 19:54:08.565  3757 31270 D PaymentManagerService: PaymentManagerService() - Valid Caller
01-19 19:54:08.565  3757 31270 E PaymentManagerService: PaymentTZNative::unloadTA called for TA that is not loaded. Call Ignored
01-19 19:54:08.565  3757 31270 D PaymentManagerService: PaymentManagerService() - Valid Caller
01-19 19:54:08.565  3757 31270 E PaymentManagerService: PaymentTZNative::unloadTA called for TA that is not loaded. Call Ignored
01-19 19:54:08.565  3757 31270 D PaymentManagerService: PaymentManagerService() - Valid Caller
01-19 19:54:08.565  3757 31270 E PaymentManagerService: PaymentTZNative::unloadTA called for TA that is not loaded. Call Ignored
01-19 19:54:08.565  3757 31270 D PaymentManagerService: PaymentManagerService() - Valid Caller
01-19 19:54:08.565  3757 31270 E PaymentManagerService: PaymentTZNative::unloadTA called for TA that is not loaded. Call Ignored
01-19 19:54:08.566  3757  7202 D ActivityManager: cleanUpApplicationRecord -- 2832
01-19 19:54:08.567  3757  7202 W ActivityManager: Scheduling restart of crashed service com.samsung.android.spayfw/com.samsung.contextservice.system.ContextService in 1000ms
01-19 19:54:08.568  6011  6027 D ForegroundUtils: could not check pending caller
01-19 19:54:08.573  3757 29840 D WindowManager: finishDrawingWindow: Window{61c4d16d0 u0 com.GeekTechnique.InfinityStack/com.epicgames.ue4.GameActivity} mDrawState=DRAW_PENDING
01-19 19:54:08.578  3757  3793 I WindowManager: Screen frozen for +381ms due to AppWindowToken{560d06d token=Token{fc2f084 ActivityRecord{e8db697d0 u0 com.google.android.packageinstaller/com.android.packageinstaller.permission.ui.GrantPermissionsActivity t836}}}
01-19 19:54:08.587  3215  3215 I SurfaceFlinger: id=16509 createSurf (2160x1920),-1 flag=20004, ClackSurfac
01-19 19:54:08.590  3215  3215 I SurfaceFlinger: id=16510 createSurf (1080x3840),-1 flag=20004, ClackSurfac
01-19 19:54:08.593  3215  3215 I SurfaceFlinger: id=16511 createSurf (2160x1920),-1 flag=20004, ClackSurfac
01-19 19:54:08.596  3215  3215 I SurfaceFlinger: id=16512 createSurf (1080x3840),-1 flag=20004, ClackSurfac
01-19 19:54:08.599  3757  3793 D InputDispatcher: setInputDispatchMode: enabled=1, frozen=0
01-19 19:54:08.606  3757  5062 V WindowManager: Relayout Window{8cae18fd0 u0 com.GeekTechnique.InfinityStack/com.epicgames.ue4.GameActivity}: viewVisibility=0 req=1080x1920 WM.LayoutParams{(0,0)(fillxfill) sim=#10 ty=1 fl=#1810500 pfl=0x20000 fmt=1 wanim=0x1030001 vsysui=0x400 needsMenuKey=2 naviIconColor=0}
01-19 19:54:08.612 16988 16988 D ViewRootImpl@e972267[GameActivity]: Relayout returned: oldFrame=[0,0][1080,1920] newFrame=[0,0][1080,1920] result=0x3 surface={isValid=true -1026217984} surfaceGenerationChanged=false
01-19 19:54:08.613  3757  4473 V WindowManager: Relayout Window{d1e07abd0 u0 SurfaceView - com.GeekTechnique.InfinityStack/com.epicgames.ue4.GameActivity}: viewVisibility=0 req=1080x1920 WM.LayoutParams{(0,0)(1080x1920) gr=#800033 ty=1001 fl=#4218 pfl=0x10040 fmt=4 naviIconColor=0}
01-19 19:54:08.621 16988 16988 D SurfaceView: Relayout returned: oldFrame=[0,0][1080,1920] newFrame=[0,0][1080,1920] result=0x3 surface={Surface(name=null)/@0x921c180 isValid=true -1026156544}
01-19 19:54:08.622  3757  7204 D WindowManager: finishDrawingWindow: Window{d1e07abd0 u0 SurfaceView - com.GeekTechnique.InfinityStack/com.epicgames.ue4.GameActivity} mDrawState=READY_TO_SHOW
01-19 19:54:08.627  3215  3266 I Layer   : [com.GeekTechnique.InfinityStack/com.epicgames.ue4.GameActivity] addSyncPoint start
01-19 19:54:08.627  3215  3266 I Layer   : [com.GeekTechnique.InfinityStack/com.epicgames.ue4.GameActivity] addSyncPoint end
01-19 19:54:08.627  3215  3266 I Layer   : [com.GeekTechnique.InfinityStack/com.epicgames.ue4.GameActivity] addSyncPoint start
01-19 19:54:08.627  3215  3266 I Layer   : [com.GeekTechnique.InfinityStack/com.epicgames.ue4.GameActivity] addSyncPoint end
01-19 19:54:08.629  3215  5562 I Layer   : [com.GeekTechnique.InfinityStack/com.epicgames.ue4.GameActivity] addSyncPoint start
01-19 19:54:08.629  3215  5562 I Layer   : [com.GeekTechnique.InfinityStack/com.epicgames.ue4.GameActivity] addSyncPoint end
01-19 19:54:08.629  3215  5562 I Layer   : [com.GeekTechnique.InfinityStack/com.epicgames.ue4.GameActivity] addSyncPoint start
01-19 19:54:08.629  3215  5562 I Layer   : [com.GeekTechnique.InfinityStack/com.epicgames.ue4.GameActivity] addSyncPoint end
01-19 19:54:08.654  3757  7205 D WindowManager: finishDrawingWindow: Window{8cae18fd0 u0 com.GeekTechnique.InfinityStack/com.epicgames.ue4.GameActivity} mDrawState=DRAW_PENDING
01-19 19:54:08.655 16988 16988 D ViewRootImpl@e972267[GameActivity]: MSG_RESIZED_REPORT: ci=Rect(0, 0 - 0, 0) vi=Rect(0, 63 - 0, 0) or=1
01-19 19:54:08.658  3757  7216 I ActivityManager: Activity reported stop, but no longer stopping: ActivityRecord{8b7f43ed0 u0 com.GeekTechnique.InfinityStack/com.epicgames.ue4.GameActivity t836}
01-19 19:54:08.659 16988 16988 D PermissionFragment: permission granted for android.permission.WRITE_EXTERNAL_STORAGE
01-19 19:54:08.662 16988 16988 V threaded_app: Start: 0xdb87bb40
01-19 19:54:08.662 16988 17007 V threaded_app: activityState=10
01-19 19:54:08.662 16988 17007 D UE4     : LogAndroidEvents: EnqueueAppEvent : 9, 0, tid = 17007
01-19 19:54:08.662 16988 16988 D UE4     : Creating console command broadcast listener
01-19 19:54:08.665 16988 16988 D UE4     : ==================================> Inside onStart function in GameActivity
01-19 19:54:08.666 16988 16988 V threaded_app: Resume: 0xdb87bb40
01-19 19:54:08.667 16988 17007 V threaded_app: activityState=11
01-19 19:54:08.667 16988 17007 D UE4     : Case APP_CMD_RESUME
01-19 19:54:08.667 16988 17007 D UE4     : LogAndroidEvents: EnqueueAppEvent : 7, 0, tid = 17007
01-19 19:54:08.667 16988 16988 D UE4     : ==============> [JAVA] AndroidThunkJava_KeepScreenOn(false) - Enabled screen saver
01-19 19:54:08.667 16988 16988 D UE4     : Registering sensor listeners
01-19 19:54:08.668  3757  3793 D KnoxTimeoutHandler: notifyActivityDrawn [MsgParam] userId: 0 fullscreen is true showWhenlocked is false isMutiwindowRecord is false multiwindowstyle is 1
01-19 19:54:08.669  3757  3757 D KnoxTimeoutHandler: activityDrawn [MsgParam] userId: 0 fullscreen is true showWhenlocked is false isMutiwindowRecord is false multiwindowstyle is 1
01-19 19:54:08.670  3757  3757 I KnoxTimeoutHandler: SD activityfalse
01-19 19:54:08.670  3757  3757 I KnoxTimeoutHandler: Fullscreen and mCurrent is not KNOX user. Hence hide keyguard
01-19 19:54:08.682  3757  4521 D MdnieScenarioControlService:  packageName : com.GeekTechnique.InfinityStack    className : com.epicgames.ue4.GameActivity
01-19 19:54:08.684 16988 16988 D SensorManager: registerListener :: 0, K6DS3TR Acceleration Sensor, 20000, 0,  
01-19 19:54:08.685  3757  7202 I Sensors : Mag old sensor_state 1, new sensor_state : 17 en : 1
01-19 19:54:08.692 16988 16988 D SensorManager: registerListener :: 1, AK09911C Magnetic field Sensor, 20000, 0,  
01-19 19:54:08.693  3757 29840 I Sensors : Gyro old sensor_state 17, new sensor_state : 19 en : 1
01-19 19:54:08.701 16988 16988 D SensorManager: registerListener :: 3, K6DS3TR Gyroscope Sensor, 20000, 0,  
01-19 19:54:08.701 16988 16988 D UE4     : App is running in Portrait
01-19 19:54:08.701 16988 16988 D UE4     : ==============> Resuming main init
01-19 19:54:08.701 16988 16988 D UE4     : ==============> GameActive.onResume complete!
01-19 19:54:08.702  3757  5062 D ActivityManager: post active user change for 0 fullscreen true isHomeActivity() false
01-19 19:54:08.702  3757  5062 D KnoxTimeoutHandler: postActiveUserChange [MsgParam] userId: 0 fullscreen is true showWhenlocked is false isMutiwindowRecord is false multiwindowstyle is 0
01-19 19:54:08.702  3757  3757 D KnoxTimeoutHandler: handleActiveUserChange [MsgParam] userId: 0 fullscreen is true showWhenlocked is false isMutiwindowRecord is false multiwindowstyle is 0
01-19 19:54:08.703 16988 16988 V threaded_app: Pause: 0xdb87bb40
01-19 19:54:08.703 16988 17007 V threaded_app: activityState=13
01-19 19:54:08.703 16988 17007 D UE4     : Case APP_CMD_PAUSE
01-19 19:54:08.703 16988 17007 D UE4     : LogAndroidEvents: EnqueueAppEvent : 6, 0, tid = 17007
01-19 19:54:08.703 16988 16988 D UE4     : Unregistering sensor listeners
