01-05 23:17:28.062  3641  3641 D SamsungAnalytics:1.8.33: user do not agree
01-05 23:17:28.062  3641  3641 D SamsungAnalytics:1.8.33: user do not agree
01-05 23:17:28.063  3641  3641 D SamsungAnalytics:1.8.33: user do not agree
01-05 23:17:28.063  3641  3641 D SamsungAnalytics:1.8.33: user do not agree
01-05 23:17:28.063  3641  3641 D SamsungAnalytics:1.8.33: user do not agree
01-05 23:17:28.063  3641  3641 D SamsungAnalytics:1.8.33: user do not agree
01-05 23:17:28.064  3641  3641 D [WeatherWidget(15061)]  : {[F2B0B9D6FBD9B247B9D23FBB489921B6102A9A959D2ACEA359BF13F8483B5F052AD23777671903323FA0206BB1F1B20FE9B801ACB5A074BE4FE178F84345555865F0F185B279A06E2B837167F291E677]}
01-05 23:17:28.064  1063  1063 I HwDetectorWithState: #performNextHotwordAction action: 0
01-05 23:17:28.064  3641  3641 D SamsungAnalytics:1.8.33: user do not agree
01-05 23:17:28.065  3641  3641 D [WeatherWidget(15061)]  AutoRefreshReceiver: {[43EB1C024052B99D53E991930172379613F1DDEBA8981688ED2B3D727735919C70C5D7BBF5F50DDC0CF8C19D95633ACD7E4A65BD04C0F25CEB4C410885D1A56202B0B922715AB19814BFCF7276BE09FC]}
01-05 23:17:28.070  3756  5059 D ConnectivityService: filterNetworkStateForUid() uid: 10184 networkInfo: [type: WIFI[] - WIFI, state: CONNECTED/CONNECTED, reason: (unspecified), extra: "wilkinson2.4", failover: false, available: true, roaming: false, metered: false]
01-05 23:17:28.071  3641  3641 D [WeatherWidget(15061)]  AutoRefresh: {[A9E3247E6374877349C1CACD1460A265047B4B2A8D20B86E535A74106B5E6A0A318C3719B498E2BF9C7AF2698CA594848F08ADD8A2511B1553E93A28557AA4003EEA54A693F24BBF50FE4F5CB87D566F]}
01-05 23:17:28.074  3238 15021 I APM_AudioPolicyManager: getInputForAttr() source 1999, samplingRate 16000, format 1, channelMask 10,session 3305, flags 0
01-05 23:17:28.075  3641  3641 D [WeatherWidget(15061)]  WidgetCount: {[58A211B6B849F6AF6FA5E7616FBE3EE98829A5398C07564C0DB3BFB5D240ABC2]}
01-05 23:17:28.076  3641  3641 D [WeatherWidget(15061)]  WidgetCount: {[CCB0E3EE44F2E0E1B203CCF447EC08807DF4714E0771C754FA3E35B5E7EAE40E]}
01-05 23:17:28.077  3641  3641 E [WeatherWidget(15061)]  WidgetCount: {[374860753549FBD2F918DC857B953F313E9B8F988E44851CE755F67D26C95D016AF425B8FD52D50AAADE15BD72796BD97B25BA6B1BDCA76BF677FE6939A5017D668B9E8EC407FA006075FF844D51C8FD9400AEE403E6DEC7D3F815F25E43901867B355D5E1B80C22A076B997AD520968371ABDEBA654476CC49C0CCD33CEA4A489A0C57739E14E2A476B42DA7A26D30D59D7DA05154E3563CAAA0A17792969B155FEA6E50C9AD41B085C7EFF1598DA8F490909B7EAB9742EC344F539A191602F]}
01-05 23:17:28.077  3756  4457 I EDMNativeHelperService: isMicrophoneEnabled
01-05 23:17:28.077  3641  3641 W [WeatherWidget(15061)]  AutoRefresh: {[D53A15B67DB17F41440E345CD99455465D14694CE8A1269A7EAEFB5F96F16958FCB3D277A8B58C501F891D03498ECC9427A8A1B0948A5E10DA07EA8EC78439C75EBAA6F21FEB79925A2942C24267D985]}
01-05 23:17:28.077  3641  3641 D [WeatherWidget(15061)]  AutoRefresh: {[DD8FBC6D54171C39FC146F4B92E3003C5649E9338C118EF80D124C9BCEAD78BA033BED019E63FB366286FDFAC7F09798]}
01-05 23:17:28.078  3641  3641 D [WeatherWidget(15061)]  DB L2: {[610591C4E30FED4A153FF198DAC84EFEE3319B0D622FD4A19809E90ED3C1398368D658B139FCCB8B9564F5B4E9CB634E991D1A26CBC1DF9BCF317AB175C82C09]}
01-05 23:17:28.079  3641  3641 D [WeatherWidget(15061)]  : {[E9BDC1AC9F9B078A92B3F309630276C89F9B6E52C087A495B97355481F2FDE5B58A757A09967AB7BD9E1187CEA5BB356FACBD4A552A7402C88647F970C513A69]}
01-05 23:17:28.079  3238 15021 V audio_hw_primary: adev_open_input_stream: request sample_rate:16000
01-05 23:17:28.079  3641  3641 D [WeatherWidget(15061)]  DB L2: {[610591C4E30FED4A153FF198DAC84EFE89A6E224C02E8A83ACCF55D6C9B30C810D133EC2E912EEB0D3A811F3C218B14D29B149573DDC0677536A2458CA868085]}
01-05 23:17:28.079  3238 15021 V audio_hw_primary: in->requested_rate:16000, pcm_config_in.rate:48000 in->config.channels=2
01-05 23:17:28.079  3641  3641 D [WeatherWidget(15061)]  : {[236FFFA4FE6D378EDABD8749C406D4B6704CAD26277FEC44C7E31C0D1A0DCCA7B2EEFD5C2A539946454EEEABA00B149BD184FB3A0A14BDC44C5FB2E09811FB16]}
01-05 23:17:28.080  3641  3641 D [WeatherWidget(15061)]  DB L1: {[AAC4384C35CA6909274880C63FD2B8C5C23F90F1E4FCAD3137C9B25E5485CF6C23FE70E1F1CEA9EDADA9DE4E496B8EBCD377BB84B3261EA3BB1D85574C872277E2434104532D4690884FCA5AE0EA48A808CE79C6A722F94E3B2E1E510217DBB5]}
01-05 23:17:28.080  3238 15021 D audio_hw_primary: adev_open_input_stream: preprocessing_latency = 0
01-05 23:17:28.080  3238 15021 I audio_hw_primary: adev_open_input_stream: input is null, set new input stream
01-05 23:17:28.081  3641  3641 D [WeatherWidget(15061)]  DB L1: {[AAC4384C35CA6909274880C63FD2B8C5C23F90F1E4FCAD3137C9B25E5485CF6CF5A26C0A3D2111246CEA1AD3A6F9FC359B72668FA5E773092267FDB526F7335EBC5D5BE6303C0FB0F145619F481C21FA275DD26AF8CBB7FF6F1A66AB5B87E62D]}
01-05 23:17:28.081  3641  3641 D [WeatherWidget(15061)]  DB L1: {[AAC4384C35CA6909274880C63FD2B8C5C23F90F1E4FCAD3137C9B25E5485CF6C19142DDC666D1FF5CC74516473BCEA2113BDFFA55951F8AD20DD23EF21826F6E7681796F6EA023D59F283BD93F7E2D7E9DE9EAB996EE9C548AA78764729A557F]}
01-05 23:17:28.082  3641  3641 D [WeatherWidget(15061)]  : {[236FFFA4FE6D378EDABD8749C406D4B69D0A9D225945D25F48121A1CC6C01DF094D19169E13D0E4C03FECB9D2A3D56296184E5B0DBE0A6A584694FB7EA9944819019E9D8587F544DCFD32C3C8EFF96F96F96BE4E551D4F1BBE5AFFBDF624C7D1]}
01-05 23:17:28.082  3756  4348 I LightSensor: #>LightSensor r=23 g=13 b=13 c=28 atime=245 again=64 lux=10
01-05 23:17:28.082  3641  3641 D [WeatherWidget(15061)]  DB L2: {[610591C4E30FED4A153FF198DAC84EFE1A65FB0EE8B7C5763A9CB231BC13495CB45D83972E6FC08AD51A20216788CFF10249FC53620E29797055EE271E0E43C4]}
01-05 23:17:28.083  3756  3756 D SSRM:a  : Light : 10 lux
01-05 23:17:28.083  3238  3680 I AudioFlinger: AudioFlinger's thread 0xea1832c0 ready to run
01-05 23:17:28.083  3641  3641 D [WeatherWidget(15061)]  DB L2: {[610591C4E30FED4A153FF198DAC84EFEE3319B0D622FD4A19809E90ED3C1398368D658B139FCCB8B9564F5B4E9CB634EAEB5D3DD5DDD4E73700B72505132108E]}
01-05 23:17:28.084  3641  3641 D [WeatherWidget(15061)]  : {[E9BDC1AC9F9B078A92B3F309630276C89F9B6E52C087A495B97355481F2FDE5B58A757A09967AB7BD9E1187CEA5BB356FACBD4A552A7402C88647F970C513A69]}
01-05 23:17:28.084  3641  3641 D [WeatherWidget(15061)]  AutoRefresh: {[6085FEB5CD30F2E1C044828754B85C01721392526B334AEF3377E50B3CE9E9860A8752AA6F60659BA602267C15574083]}
01-05 23:17:28.085  3641  3641 D [WeatherWidget(15061)]  AutoRefresh: {[68AAD060E684063EFCB6ADB215EA574A65DD9AAB63BC77D5138EDD06ED7F0332E1EBA192F4C983C062BD2DEF6001F607]}
01-05 23:17:28.085  3641  3641 D [WeatherWidget(15061)]  AutoRefresh: {[F67DC00F53FD5CE2FA393625B6A8E3DE72288451EDFC40A20486BB5642EB86DFD801379161AF082F65F4765E1CAAC563]}
01-05 23:17:28.086  3641  3641 D [WeatherWidget(15061)]  AutoRefresh: {[32BBB3D68833B07C743FEFF010431B836EE0B06B187539E8FD079DC8A1721F2DAB6B2B38646181500569A108ACAF2B35285C3FDD3F55AA5E46A0FB232E13D039]}
01-05 23:17:28.086  3641  3641 D [WeatherWidget(15061)]  AutoRefresh: {[9B644277DED53DD25932524C385943327EFEBCE57D6BB6C096E6E42D5C8130CD262680B7AC7C69B33DD9D313F0ED3F6B]}
01-05 23:17:28.093  3756  6805 D CompatibilityInfo: mCompatibilityFlags - 0
01-05 23:17:28.093  3756  6805 D CompatibilityInfo: applicationDensity - 420
01-05 23:17:28.093  3756  6805 D CompatibilityInfo: applicationScale - 1.0
01-05 23:17:28.094  3641  3641 D [WeatherWidget(15061)]  WeatherLocation: {[B96777CC6592DA2469A26623DD01523C36CB20B2745812BC8CC9F13A6B52B64E]}
01-05 23:17:28.095  1979  2002 D VolumeInfo: VolumeInfo from Parcel: id private ,type 1 ,disk null
01-05 23:17:28.095  1979  2002 D VolumeInfo: VolumeInfo from Parcel: id emulated ,type 2 ,disk null
01-05 23:17:28.098 10865 10891 I BeaconManager: BleScanHelper.startBleScan - Start filter Scan(SCREEN_ON)
01-05 23:17:28.098 10865 10891 D BeaconManager: BleScanHelper.printFilterCondition - mLcdOnScanInterval: 2
01-05 23:17:28.098 10865 10891 D BeaconManager: BleScanHelper.printFilterCondition - Filter: 010002000001, Mask:ffffff0000ff
01-05 23:17:28.098 10865 10891 D BeaconManager: BleScanHelper.printFilterCondition - Filter: 010002000001, Mask:ffffff0000ff
01-05 23:17:28.098 10865 10891 D BeaconManager: BleScanHelper.printFilterCondition - Filter: 42090104000200000021, Mask:ffffffff0002000000a1
01-05 23:17:28.098  3641  3641 D [WeatherWidget(15061)]  WeatherScreenReceiver: {[AE44B1CAE710C9799F38EE823B33FC6FD1758E066E5B1B99A2F7EE69509032FEEB075795FA0CFCF2F5C15479C41947E9750870FC7DC1D73237312BEFAFD09EFB]}
01-05 23:17:28.098 10865 10891 D BeaconManager: BleScanHelper.printFilterCondition - Filter: 4204010200, Mask:fffffdee40
01-05 23:17:28.101  3641  3641 D [WeatherWidget(15061)]  WidgetCount: {[58A211B6B849F6AF6FA5E7616FBE3EE98829A5398C07564C0DB3BFB5D240ABC2]}
01-05 23:17:28.101  3641  3641 D [WeatherWidget(15061)]  WidgetCount: {[CCB0E3EE44F2E0E1B203CCF447EC08807DF4714E0771C754FA3E35B5E7EAE40E]}
01-05 23:17:28.102  3756  3804 W PackageManager: Failed to find settings for mp3.cutter.ringtone.maker.trimmer
01-05 23:17:28.102  3641  3641 D [WeatherWidget(15061)]  WidgetCount: {[2186A9543452C41452D43BCFD5226C4BA24310F8C8A6AE911E2720EA3C7BA04739C257A7FDCA4ECD086B1A59118E54A843347CCAA559B7F1D4FF7B228FB898B1]}
01-05 23:17:28.103 27693 27693 W Finsky  : [1] com.google.android.finsky.ey.b.a(15): Failed to get status for package 'mp3.cutter.ringtone.maker.trimmer' (1601)
01-05 23:17:28.104 27693 27693 E Finsky  : [1] com.google.android.finsky.ey.b.a(28): Error getting stats
01-05 23:17:28.104  3756  3672 E BatteryStatsService: modem info is invalid: ModemActivityInfo{ mTimestamp=0 mSleepTimeMs=0 mIdleTimeMs=0 mTxTimeMs[]=[0, 0, 0, 0, 0] mRxTimeMs=0 mEnergyUsed=0}
01-05 23:17:28.122  1979  2003 D VolumeInfo: VolumeInfo from Parcel: id private ,type 1 ,disk null
01-05 23:17:28.122  1979  2003 D VolumeInfo: VolumeInfo from Parcel: id emulated ,type 2 ,disk null
01-05 23:17:28.126  3756  3804 W PackageManager: Failed to find settings for com.blockfolio.blockfolio
01-05 23:17:28.127  3756  3804 W PackageManager: Failed to find settings for com.protectsoft.javatutorial
01-05 23:17:28.127 27693 27693 W Finsky  : [1] com.google.android.finsky.ey.b.a(15): Failed to get status for package 'com.blockfolio.blockfolio' (1601)
01-05 23:17:28.127  3756  3804 W PackageManager: Failed to find settings for com.ea.game.tetris2011_na
01-05 23:17:28.128 27693 27693 E Finsky  : [1] com.google.android.finsky.ey.b.a(28): Error getting stats
01-05 23:17:28.129 27693 27693 W Finsky  : [1] com.google.android.finsky.ey.b.a(15): Failed to get status for package 'com.protectsoft.javatutorial' (1601)
01-05 23:17:28.130 27693 27693 E Finsky  : [1] com.google.android.finsky.ey.b.a(28): Error getting stats
01-05 23:17:28.130 27693 27693 W Finsky  : [1] com.google.android.finsky.ey.b.a(15): Failed to get status for package 'com.ea.game.tetris2011_na' (1601)
01-05 23:17:28.131 27693 27693 E Finsky  : [1] com.google.android.finsky.ey.b.a(28): Error getting stats
01-05 23:17:28.147  1979  2002 D VolumeInfo: VolumeInfo from Parcel: id private ,type 1 ,disk null
01-05 23:17:28.147  1979  2002 D VolumeInfo: VolumeInfo from Parcel: id emulated ,type 2 ,disk null
01-05 23:17:28.155  1979  2003 D VolumeInfo: VolumeInfo from Parcel: id private ,type 1 ,disk null
01-05 23:17:28.156  1979  2003 D VolumeInfo: VolumeInfo from Parcel: id emulated ,type 2 ,disk null
01-05 23:17:28.162  3756  3804 W PackageManager: Failed to find settings for com.adobe.reader
01-05 23:17:28.163 27693 27693 W Finsky  : [1] com.google.android.finsky.ey.b.a(15): Failed to get status for package 'com.adobe.reader' (1601)
01-05 23:17:28.163 27693 27693 E Finsky  : [1] com.google.android.finsky.ey.b.a(28): Error getting stats
01-05 23:17:28.172  1979  2002 D VolumeInfo: VolumeInfo from Parcel: id private ,type 1 ,disk null
01-05 23:17:28.172  1979  2002 D VolumeInfo: VolumeInfo from Parcel: id emulated ,type 2 ,disk null
01-05 23:17:28.180  1979  2003 D VolumeInfo: VolumeInfo from Parcel: id private ,type 1 ,disk null
01-05 23:17:28.180  1979  2003 D VolumeInfo: VolumeInfo from Parcel: id emulated ,type 2 ,disk null
01-05 23:17:28.185  3756  3804 W PackageManager: Failed to find settings for coinminerandroid.coinminer.cma.coinminerandroid
01-05 23:17:28.197 27693 27693 W Finsky  : [1] com.google.android.finsky.ey.b.a(15): Failed to get status for package 'coinminerandroid.coinminer.cma.coinminerandroid' (1601)
01-05 23:17:28.197  1979  2002 D VolumeInfo: VolumeInfo from Parcel: id private ,type 1 ,disk null
01-05 23:17:28.197  1979  2002 D VolumeInfo: VolumeInfo from Parcel: id emulated ,type 2 ,disk null
01-05 23:17:28.197 27693 27693 E Finsky  : [1] com.google.android.finsky.ey.b.a(28): Error getting stats
01-05 23:17:28.200  1979  2003 D VolumeInfo: VolumeInfo from Parcel: id private ,type 1 ,disk null
01-05 23:17:28.201  1979  2003 D VolumeInfo: VolumeInfo from Parcel: id emulated ,type 2 ,disk null
01-05 23:17:28.205  3756  3804 W PackageManager: Failed to find settings for com.ketchapp.ballz
01-05 23:17:28.205  3756  3804 W PackageManager: Failed to find settings for com.goodrx
01-05 23:17:28.206 27693 27693 W Finsky  : [1] com.google.android.finsky.ey.b.a(15): Failed to get status for package 'com.ketchapp.ballz' (1601)
01-05 23:17:28.207 27693 27693 E Finsky  : [1] com.google.android.finsky.ey.b.a(28): Error getting stats
01-05 23:17:28.207 27693 27693 W Finsky  : [1] com.google.android.finsky.ey.b.a(15): Failed to get status for package 'com.goodrx' (1601)
01-05 23:17:28.208 27693 27693 E Finsky  : [1] com.google.android.finsky.ey.b.a(28): Error getting stats
01-05 23:17:28.209  3756  3756 I LightSensor: Light old sensor_state 640, new sensor_state : 128 en : 0
01-05 23:17:28.213  3756 22254 D CompatibilityInfo: mCompatibilityFlags - 0
01-05 23:17:28.214 10865 10891 D BluetoothLeScanner: Start Scan
01-05 23:17:28.214  3756 22254 D CompatibilityInfo: applicationDensity - 420
01-05 23:17:28.214  3756 22254 D CompatibilityInfo: applicationScale - 1.0
01-05 23:17:28.216 10865 10891 D BluetoothAdapter: STATE_BLE_ON
01-05 23:17:28.216 10865 10891 D BluetoothAdapter: appoCount is = 0
01-05 23:17:28.219 10865 10891 D BluetoothAdapter: STATE_BLE_ON
01-05 23:17:28.220  3267  3615 I tlc_communication: mcWaitNotification is completed;237
01-05 23:17:28.220  3267  3615 I TLC_BAUTH: Check the Trustlet return code is completed;1288
01-05 23:17:28.220  3267  3615 D bauth_FPBAuthService: check_opcode status = 2, opcode = 0, func_ret_val = 0, function_status = 1, timeout = 0
01-05 23:17:28.220  3267  3615 D bauth_FPBAuthService: FPBAuthService, 3491
01-05 23:17:28.220  3267  3615 D bauth_FPBAuthService: fpop : 100024
01-05 23:17:28.220  3267  3615 D fingerprintd: onAcquired(10005)
01-05 23:17:28.221  3267  3615 D bauth_FPBAuthService: FPBAuthService, 3546
01-05 23:17:28.221  3267  3615 D bauth_FPBAuthService: fpop : 100010
01-05 23:17:28.221  3267  3615 D fingerprintd: onAuthenticated(fid=2, gid=0)
01-05 23:17:28.222  3756  3756 D SensorManager: unregisterListener ::   
01-05 23:17:28.231  3267  3615 I TLC_BAUTH: Call FP cmd 0xc (46);1557
01-05 23:17:28.232  3267  3615 I TLC_BAUTH: reqUserID = User_0 | User_0;1614
01-05 23:17:28.232  3267  3615 I tlc_communication: Send Trustlet TCI Message;214
01-05 23:17:28.232  3267  3615 I tlc_communication: mcNotify is completed;224
01-05 23:17:28.235 10865 10891 D BluetoothAdapter: STATE_BLE_ON
01-05 23:17:28.239  3756  3769 D CompatibilityInfo: mCompatibilityFlags - 0
01-05 23:17:28.239  3756  3769 D CompatibilityInfo: applicationDensity - 420
01-05 23:17:28.240  3756  3769 D CompatibilityInfo: applicationScale - 1.0
01-05 23:17:28.241  3267  3615 I tlc_communication: mcWaitNotification is completed;237
01-05 23:17:28.241  3267  3615 I TLC_BAUTH: Check the Trustlet return code is completed;1665
01-05 23:17:28.242  3238  3238 I APM_AudioPolicyManager: startInput() input 878
01-05 23:17:28.242 10865 10891 D BluetoothAdapter: STATE_BLE_ON
01-05 23:17:28.243  3267  3615 D bauth_FPBAuthSensorControl: FPBAuthSensorControl, 552
01-05 23:17:28.244  3238  3680 D audio_hw_primary: in_set_parameters: enter: kvpairs: input_source=6;routing=-2147483644
01-05 23:17:28.245  3238  3680 V audio_hw_primary: set_processing_type: input_source(6), processing_type(0)
01-05 23:17:28.245  3238  3680 I audio_hw_primary: do_in_standby : in->standby 1
01-05 23:17:28.245  3238  3680 I samsungRecord: [samsungrecord] MicCalonoff 1
01-05 23:17:28.245  3238  3680 V audio_hw_primary: in_set_parameters: exit: status(0)
01-05 23:17:28.245 10865 10891 D BluetoothAdapter: appoCount is = 0
01-05 23:17:28.247  3641  3641 D [WeatherWidget(15061)]  WeatherDataServiceManager: {[2ED2BAA57117B625A86430EFEC4FD0D03BA3C51D24817CAAA3C3DBCEF387548009B3B17840E2AAD149CE5897FAE97CB72DAC7EE01B3016B16F0D3CDBA4CB029E]}
01-05 23:17:28.249  3641  3641 D [WeatherWidget(15061)]  WeatherWidgetApplication: {[A28FDC01DC6076B0F48F82E46560372D67B7AE6CDDA0D56F963751985180DBC2E54B47C539816D03A27C1000648CABE1]}
01-05 23:17:28.254  3641  3641 D [WeatherWidget(15061)]  DB L2: {[610591C4E30FED4A153FF198DAC84EFEE3319B0D622FD4A19809E90ED3C1398368D658B139FCCB8B9564F5B4E9CB634EF5B2AA7F0E3BA277E846FD613712E772]}
01-05 23:17:28.255  3641  3641 D [WeatherWidget(15061)]  : {[E9BDC1AC9F9B078A92B3F309630276C89F9B6E52C087A495B97355481F2FDE5B58A757A09967AB7BD9E1187CEA5BB356FACBD4A552A7402C88647F970C513A69]}
01-05 23:17:28.256  3267  3615 D bauth_FPBAuthSensorControl: FPBAuthSensorControl, 552
01-05 23:17:28.257  3267  3615 I TLC_BAUTH: Call FP cmd 0x7;1303
01-05 23:17:28.257  3267  3615 I tlc_communication: Send Trustlet TCI Message;214
01-05 23:17:28.257  3267  3615 I tlc_communication: mcNotify is completed;224
01-05 23:17:28.257  3238  3680 V audio_hw_primary: start_input_stream: set_hw_echoReference_enable(false)
01-05 23:17:28.257  3238  3680 W audio_hw_primary: start_input_stream echoReference effect is not supported.
01-05 23:17:28.262  1063 12347 I HotwordRecognitionRnr: Starting hotword detection.
01-05 23:17:28.271  3756  3756 I FingerprintService: handleAcquired : acquiredInfo=10005
01-05 23:17:28.272  3756  3756 I FingerprintService: handleAuthenticated : true
01-05 23:17:28.272  4568  4587 D BtGatt.GattService: registerClient() - UUID=30c9e3bc-3273-4017-8292-dc309d41519a
01-05 23:17:28.277  3756  3756 W ContextImpl: Calling a method in the system process without a qualified user: android.app.ContextImpl.sendBroadcast:906 com.android.server.fingerprint.FingerprintService.insertSurveyLog:2113 com.android.server.fingerprint.FingerprintService$11.insertSurveyLog:1216 com.android.server.fingerprint.AuthenticationClient.onAuthenticated:140 com.android.server.fingerprint.FingerprintService.handleAuthenticated:484 
01-05 23:17:28.279  3756  3756 I FingerprintService: sendFingerprintBigdata() mSemHqmManager.sendHWParamToHQM !!!
01-05 23:17:28.279  4622  4622 D KeyguardFingerPrint: onAuthenticationAcquired() = 10005
01-05 23:17:28.280  4622  4622 D KeyguardFingerPrint: fingerprint applyBooster
01-05 23:17:28.282  3267  3267 V fingerprintd: stopAuthentication()
01-05 23:17:28.282  3267  3267 D bauth_service: BAuthService, 754
01-05 23:17:28.282  3267  3267 D bauth_FPBAuthService: FPBAuthService, 636
01-05 23:17:28.282  3267  3267 D bauth_FPBAuthService: FPBAuthService, 636
01-05 23:17:28.282  3267  3267 D bauth_FPBAuthService: FPBAuthService, 985
01-05 23:17:28.287  3756  3756 W FingerprintService: stopAuthentication FP_FINISH (5ms) RESULT: 0
01-05 23:17:28.289  3756  3756 W ContextImpl: Calling a method in the system process without a qualified user: android.app.ContextImpl.sendBroadcast:906 com.android.server.fingerprint.FingerprintService.insertSurveyLog:2113 com.android.server.fingerprint.FingerprintService.handleAuthenticated:493 com.android.server.fingerprint.FingerprintService$5$4.run:1475 android.os.Handler.handleCallback:751 
01-05 23:17:28.291  3756  3756 I FingerprintService: sendFingerprintBigdata() mSemHqmManager.sendHWParamToHQM !!!
01-05 23:17:28.294  3756 15386 D PowerManagerService: [api] [s] userActivity : event: 0 flags: 0 (uid: 10055 pid: 4622) eventTime = 14768474
01-05 23:17:28.295  3641  3641 D [WeatherWidget(15061)]  DB L2: {[610591C4E30FED4A153FF198DAC84EFE34105AC04224A27A6EA4D87EAF16DF76B52CD5EF9AE8CDBACF25F24E6EA3A49DE581933395BA323E9BB661C59E648224]}
01-05 23:17:28.308  4622  4622 D KeyguardFingerPrint: onAuthenticationSucceeded()
01-05 23:17:28.317  3756  6805 D CompatibilityInfo: mCompatibilityFlags - 0
01-05 23:17:28.317  3756  6805 D CompatibilityInfo: applicationDensity - 420
01-05 23:17:28.317  3756  6805 D CompatibilityInfo: applicationScale - 1.0
01-05 23:17:28.324  3267  3615 I tlc_communication: mcWaitNotification is completed;237
01-05 23:17:28.324  3267  3615 I TLC_BAUTH: Check the Trustlet return code is completed;1353
01-05 23:17:28.324  3267  3615 D bauth_FPBAuthService: FPBAuthService, 995
01-05 23:17:28.325  3267  3615 D bauth_FPBAuthSensorControl: FPBAuthSensorControl, 432
01-05 23:17:28.325  3267  3615 D bauth_FPBAuthService: FPBAuthService, 1008
01-05 23:17:28.325  3267  3615 I TLC_BAUTH: Call FP cmd 0xa;1504
01-05 23:17:28.325  3267  3615 I tlc_communication: Send Trustlet TCI Message;214
01-05 23:17:28.325  3267  3615 I tlc_communication: mcNotify is completed;224
01-05 23:17:28.326  3641  3641 D [WeatherWidget(15061)]  DB L2: {[610591C4E30FED4A153FF198DAC84EFE259FA03515F619060291D19B9A2E73CB46DA064369D1073FED4BA9669B425DCA54104EA9F8BF89EA93432E0C49424F4A]}
01-05 23:17:28.327  3238  3680 D audio_hw_primary: start_input_stream (0xed454380) in->config.rate:48000 in->config.format:0
01-05 23:17:28.327  3238  3680 D PreProcess: new SamsungRecord
01-05 23:17:28.327  3238  3680 D PreProcess: new NS
01-05 23:17:28.327  3238  3680 I samsungRecord: [samsungrecord] SamsungRecInit 
01-05 23:17:28.328  3238  3680 D AudioInfo: can not find AudioDataPath for fileName:/miccalib.txt
01-05 23:17:28.328  3238  3680 I samsungRecord: [samsungrecordMIC]Use HardCoding Values
01-05 23:17:28.329  3238  3680 I samsungRecord: [samsungrecordMIC]Use HardCoding Values
01-05 23:17:28.331  3238  3680 D AudioInfo: can not find AudioDataPath for fileName:/samsungrec.txt
01-05 23:17:28.331  3238  3680 I samsungRecord: [samsungrecord]Use HardCoding Values
01-05 23:17:28.331  3756  3782 D CompatibilityInfo: mCompatibilityFlags - 0
01-05 23:17:28.331  3756  3782 D CompatibilityInfo: applicationDensity - 420
01-05 23:17:28.331  3238  3680 D SamsungRecord_NS: [SamsungRecord_NS] Init SR 16000
01-05 23:17:28.331  3238  3680 D SamsungRecord_NS: [SamsungRecord_NS] getLevel inputsource 6, ret_level 3
01-05 23:17:28.331  3756  3782 D CompatibilityInfo: applicationScale - 1.0
01-05 23:17:28.331  3238  3680 I samsungRecord: [samsungrecord] MicCalonoff 1
01-05 23:17:28.331  3238  3680 I audio_hw_primary: is_voice_wakeup : ret =  0  , wakeup_baby_cry_enabled = 0  ,  wakeup_mic_enabled = 0 
01-05 23:17:28.331  3238  3680 V audio_hw_primary: select_devices output_scenario:-1 input_scenario:28 out_snd_device 0x0 in_snd_device:0xb
01-05 23:17:28.332  3238  3680 I audio_route: > audio_route_reset :
01-05 23:17:28.334  3238  3680 I audio_route: > audio_route_apply_path : "recognition-mic"
01-05 23:17:28.341  3238  3680 V audio_hw_primary: select_devices() input_route "recognition-mic" 
01-05 23:17:28.341  3238  3680 I audio_route: > audio_route_apply_path : "gain-recognition-mic"
01-05 23:17:28.342  3238  3680 V audio_hw_primary: select_devices() input_gain "gain-recognition-mic" 
01-05 23:17:28.342  3238  3680 I audio_route: > audio_route_update_mixer : +
01-05 23:17:28.342  3238  3680 I audio_route: > audio_route_update_mixer : changed(0) -
01-05 23:17:28.342  3238  3680 I audio_hw_primary: select_devices - 
01-05 23:17:28.342  3238  3680 V audio_hw_primary: start_input_stream -
01-05 23:17:28.347  3267  3615 I tlc_communication: mcWaitNotification is completed;237
01-05 23:17:28.348  3267  3615 I TLC_BAUTH: Check the Trustlet return code is completed;1540
01-05 23:17:28.348  3267  3615 D bauth_FPBAuthService: FPBAuthService, 3766
01-05 23:17:28.348  3267  3615 D bauth_FPBAuthService: FPBAuthService, 4061
01-05 23:17:28.348  3267  3615 D         : fprc : cc 
01-05 23:17:28.348  3267  3615 D bauth_FPBAuthSensorControl: FPBAuthSensorControl, 800
01-05 23:17:28.348  3267  3615 D bauth_FPBAuthSensorControl: FPBAuthSensorControl, 636
01-05 23:17:28.348  3267  3615 D bauth_FPBAuthSensorControl: FPBAuthSensorControl, 644
01-05 23:17:28.349  3267  3615 D bauth_FPBAuthSensorControl: FPBAuthSensorControl, 552
01-05 23:17:28.349  3267  3615 D bauth_FPBAuthService: FPBAuthService, 1026
01-05 23:17:28.349  3267  3615 D bauth_Worker: Worker, 72
01-05 23:17:28.351  1979  2002 D VolumeInfo: VolumeInfo from Parcel: id private ,type 1 ,disk null
01-05 23:17:28.351  1979  2002 D VolumeInfo: VolumeInfo from Parcel: id emulated ,type 2 ,disk null
01-05 23:17:28.355  3756  4555 D PowerManagerService: [PWL] sb release: PowerManagerService.Broadcasts
01-05 23:17:28.357  3641  3641 D [WeatherWidget(15061)]  AutoRefresh: {[5AFC65E7580767D8D08025FDF48297CFBFFD8893899374D882B5B16D3BC01A7AA312FA73A63EA1C5B8F986413C8CADE9]}
01-05 23:17:28.358  3641  3641 D [WeatherWidget(15061)]  AutoRefresh: {[A9E3247E6374877349C1CACD1460A265047B4B2A8D20B86E535A74106B5E6A0A318C3719B498E2BF9C7AF2698CA594848F08ADD8A2511B1553E93A28557AA4003EEA54A693F24BBF50FE4F5CB87D566F]}
01-05 23:17:28.359  5720  2192 I DiscoveryManager: Filter criteria(%urn:x-cast:com.google.cast.media) scannerFlags(2)
01-05 23:17:28.359  1979  2003 D VolumeInfo: VolumeInfo from Parcel: id private ,type 1 ,disk null
01-05 23:17:28.359  1979  2003 D VolumeInfo: VolumeInfo from Parcel: id emulated ,type 2 ,disk null
01-05 23:17:28.361  3756 21233 D ConnectivityService: filterNetworkStateForUid() uid: 10014 networkInfo: [type: WIFI[] - WIFI, state: CONNECTED/CONNECTED, reason: (unspecified), extra: "wilkinson2.4", failover: false, available: true, roaming: false, metered: false]
01-05 23:17:28.363  3641  3641 D [WeatherWidget(15061)]  WidgetCount: {[58A211B6B849F6AF6FA5E7616FBE3EE98829A5398C07564C0DB3BFB5D240ABC2]}
01-05 23:17:28.364  3641  3641 D [WeatherWidget(15061)]  WidgetCount: {[CCB0E3EE44F2E0E1B203CCF447EC08807DF4714E0771C754FA3E35B5E7EAE40E]}
01-05 23:17:28.365  3641  3641 E [WeatherWidget(15061)]  WidgetCount: {[374860753549FBD2F918DC857B953F313E9B8F988E44851CE755F67D26C95D016AF425B8FD52D50AAADE15BD72796BD97B25BA6B1BDCA76BF677FE6939A5017D668B9E8EC407FA006075FF844D51C8FD9400AEE403E6DEC7D3F815F25E43901867B355D5E1B80C22A076B997AD520968371ABDEBA654476CC49C0CCD33CEA4A489A0C57739E14E2A476B42DA7A26D30D59D7DA05154E3563CAAA0A17792969B155FEA6E50C9AD41B085C7EFF1598DA8F490909B7EAB9742EC344F539A191602F]}
01-05 23:17:28.367  3641  3641 W [WeatherWidget(15061)]  AutoRefresh: {[D53A15B67DB17F41440E345CD99455465D14694CE8A1269A7EAEFB5F96F16958FCB3D277A8B58C501F891D03498ECC9427A8A1B0948A5E10DA07EA8EC78439C75EBAA6F21FEB79925A2942C24267D985]}
01-05 23:17:28.367  3641  3641 D [WeatherWidget(15061)]  AutoRefresh: {[DD8FBC6D54171C39FC146F4B92E3003C5649E9338C118EF80D124C9BCEAD78BA033BED019E63FB366286FDFAC7F09798]}
01-05 23:17:28.368  3641  3641 D [WeatherWidget(15061)]  DB L2: {[610591C4E30FED4A153FF198DAC84EFEE3319B0D622FD4A19809E90ED3C1398368D658B139FCCB8B9564F5B4E9CB634EF73C80CAB3357B8C8015BACACC5CAE49]}
01-05 23:17:28.369  3641  3641 D [WeatherWidget(15061)]  : {[E9BDC1AC9F9B078A92B3F309630276C89F9B6E52C087A495B97355481F2FDE5B58A757A09967AB7BD9E1187CEA5BB356FACBD4A552A7402C88647F970C513A69]}
01-05 23:17:28.370  3641  3641 D [WeatherWidget(15061)]  DB L2: {[610591C4E30FED4A153FF198DAC84EFE259FA03515F619060291D19B9A2E73CB46DA064369D1073FED4BA9669B425DCA54104EA9F8BF89EA93432E0C49424F4A]}
01-05 23:17:28.371  3641  3641 D [WeatherWidget(15061)]  DB L2: {[610591C4E30FED4A153FF198DAC84EFE1A65FB0EE8B7C5763A9CB231BC13495CAF613EFA9447403F6BB9CE09A1869F2FB5E2F39096A457A09E794DB605F02D46]}
01-05 23:17:28.372  3267  5554 D bauth_FPBAuthService: pcf : 0x1011
01-05 23:17:28.372  3267  5554 I TLC_BAUTH: Call FP cmd 0xc (30);1557
01-05 23:17:28.373  3641  3641 D [WeatherWidget(15061)]  DB L2: {[610591C4E30FED4A153FF198DAC84EFEE3319B0D622FD4A19809E90ED3C1398368D658B139FCCB8B9564F5B4E9CB634E47437D3A8A03BD40028281E0CC341E53]}
01-05 23:17:28.373  3267  5554 I tlc_communication: Send Trustlet TCI Message;214
01-05 23:17:28.373  3267  5554 I tlc_communication: mcNotify is completed;224
01-05 23:17:28.374  3641  3641 D [WeatherWidget(15061)]  : {[E9BDC1AC9F9B078A92B3F309630276C89F9B6E52C087A495B97355481F2FDE5B58A757A09967AB7BD9E1187CEA5BB356FACBD4A552A7402C88647F970C513A69]}
01-05 23:17:28.375  3641  3641 D [WeatherWidget(15061)]  AutoRefresh: {[6085FEB5CD30F2E1C044828754B85C01721392526B334AEF3377E50B3CE9E9860A8752AA6F60659BA602267C15574083]}
01-05 23:17:28.376  3641  3641 D [WeatherWidget(15061)]  AutoRefresh: {[68AAD060E684063EFCB6ADB215EA574A65DD9AAB63BC77D5138EDD06ED7F0332C59E07E176CB999FB046D6DB28D6907E]}
01-05 23:17:28.377  3641  3641 D [WeatherWidget(15061)]  AutoRefresh: {[F67DC00F53FD5CE2FA393625B6A8E3DE72288451EDFC40A20486BB5642EB86DFD801379161AF082F65F4765E1CAAC563]}
01-05 23:17:28.377  4622  4622 D PhoneStatusBar/KeyguardBottomAreaView: updateCameraVisibility isCameraDisabled=false
01-05 23:17:28.377  4622  4622 V KeyguardBottomAreaShortcutView: onUnlockMethodStateChanged old=false, new=false
01-05 23:17:28.377  4622  4622 D ScrimController: mIsSecure = true
01-05 23:17:28.378  3641  3641 D [WeatherWidget(15061)]  AutoRefresh: {[32BBB3D68833B07C743FEFF010431B836EE0B06B187539E8FD079DC8A1721F2DAB6B2B38646181500569A108ACAF2B35285C3FDD3F55AA5E46A0FB232E13D039]}
01-05 23:17:28.378  4622  4622 D FingerprintController: onFingerprintAuthenticated userId = 0 mMode = 5 wasDeviceInteractive = true
01-05 23:17:28.379  4622  4622 D KeyguardViewMediator: keyguardDone(true)
01-05 23:17:28.379  3641  3641 D [WeatherWidget(15061)]  AutoRefresh: {[9B644277DED53DD25932524C385943327EFEBCE57D6BB6C096E6E42D5C8130CD262680B7AC7C69B33DD9D313F0ED3F6B]}
01-05 23:17:28.380  3641  3641 D [WeatherWidget(15061)]  WeatherDataBroadcaster: {[F66E3CA8B365B88F6D0BA25F503D9342641759B2E97E8EE8842F77B5CE5D48FAA9A8C4C9445E25C8D6C6A41C7287BA37]}
01-05 23:17:28.381  3641  3641 D [WeatherWidget(15061)]  WeatherService: {[9487F20DCED78CE73EA66807BB270FD3E62FA8D486253144167A6949370A3CD8]}
01-05 23:17:28.381  3641  3641 D [WeatherWidget(15061)]  : {[3AE6950019B083611567B0F9442DB03E36B37708FCADB7FDDBA670B1362D994454BFFFDA2568816BBDDA6DD60F644DCF]}
01-05 23:17:28.382  3641  3641 D [WeatherWidget(15061)]  : {[3AE6950019B083611567B0F9442DB03EC524A360DDBCA9700C46CA00E0EF66C7B3F96870901E6344610B49A5BEF92DE1]}
01-05 23:17:28.383  3641  3641 D [WeatherWidget(15061)]  : {[3AE6950019B083611567B0F9442DB03E1359ACF902A14C00C165A2117BD254AE89FC77CCC9D6DFD922019BB957FE4E6D]}
01-05 23:17:28.383  3641  3641 D [WeatherWidget(15061)]  DB L2: {[610591C4E30FED4A153FF198DAC84EFEE3319B0D622FD4A19809E90ED3C1398368D658B139FCCB8B9564F5B4E9CB634ECAFB96FBA94E60D7BAD0D35566BB4041]}
01-05 23:17:28.383  3641  3641 D [WeatherWidget(15061)]  : {[E9BDC1AC9F9B078A92B3F309630276C89F9B6E52C087A495B97355481F2FDE5B58A757A09967AB7BD9E1187CEA5BB356FACBD4A552A7402C88647F970C513A69]}
01-05 23:17:28.384  3641  3641 D [WeatherWidget(15061)]  DB L2: {[610591C4E30FED4A153FF198DAC84EFE259FA03515F619060291D19B9A2E73CB46DA064369D1073FED4BA9669B425DCAAF279F009C787569CB4A5E05AD2995D5]}
01-05 23:17:28.384  3641  3641 D [WeatherWidget(15061)]  DB L2: {[610591C4E30FED4A153FF198DAC84EFE1A65FB0EE8B7C5763A9CB231BC13495C5672F8163A455D7E85FD196FF6122AD67D2C4EDCF39A0A6914D843A2CAA83160]}
01-05 23:17:28.385  3267  5554 I tlc_communication: mcWaitNotification is completed;237
01-05 23:17:28.385  3756  5986 D PowerManagerService: [api] [s] userActivity : event: 0 flags: 0 (uid: 10055 pid: 4622) eventTime = 14768562
01-05 23:17:28.385  3267  5554 I TLC_BAUTH: Check the Trustlet return code is completed;1665
01-05 23:17:28.385  3267  5554 D bauth_FPBAuthService: check_opcode status = 5, opcode = 0, func_ret_val = 0, function_status = 0, timeout = 0
01-05 23:17:28.385  3267  5554 I TLC_BAUTH: Call FUNC ID 0x4;693
01-05 23:17:28.387  3641  3641 D [WeatherWidget(15061)]  : {[3AE6950019B083611567B0F9442DB03ED46B0256A0D3E395217609731B40233B1A499A0959D814149D298A3E81D57301722EA735EA2FB1E608EA3F60EFCA86DAD4BE207FA3E2AD0718C5DFBCE1FBBFBD1904A99C1552E35DB41A7D8F47860735DA32E2682856DD5E6B54223EFC1338B3]}
01-05 23:17:28.388  3756  3765 I art     : Background sticky concurrent mark sweep GC freed 152375(11MB) AllocSpace objects, 37(1748KB) LOS objects, 14% free, 62MB/73MB, paused 12.602ms total 216.841ms
01-05 23:17:28.390  3641  3641 D [WeatherWidget(15061)]  : {[A1AF0F6A1A65A89C43D705938923D0FE0259CBA56E4484DDAF167EE897E0098D214B31210E90A8E4D761DF2724951166F2287DB34D772530C5896F56ACED7599DCD0C63CC31BD4084770FF9B000C8EBF10893B573C595E520159292CC860B78BCA1293C1EC1206B70CECCFE0B1F6773A]}
01-05 23:17:28.392  3756  5059 D CustomFrequencyManagerService: acquireDVFSLockLocked : type : DVFS_MIN_LIMIT  frequency : 1000000  uid : 1000  pid : 3756  pkgName : UNLOCKSCREEN_BOOSTER@2
01-05 23:17:28.393  4622  4622 D KeyguardFingerPrint: scheduleStrongAuthTimeout(canceled mStrongAuthNotTimeOutPendingIntent)
01-05 23:17:28.394  4568  4690 D BtGatt.GattService: onClientRegistered() - UUID=30c9e3bc-3273-4017-8292-dc309d41519a, clientIf=4, status=0
01-05 23:17:28.394  3756 15386 D SamsungAlarmManager: Cancel Alarm calling from uid:10055 pid :4622 / op:PendingIntent{2feffaa: PendingIntentRecord{4dfe18d com.android.systemui broadcastIntent}}
01-05 23:17:28.395 10865 10881 D BluetoothLeScanner: onClientRegistered() - status=0 clientIf=4 mClientIf=0
01-05 23:17:28.397  4568 15645 D BtGatt.GattService: start scan with filters
01-05 23:17:28.397  3267  5554 I tlc_communication: tlc_close() called;149
01-05 23:17:28.397  3267  5554 I tlc_communication: Closing the session;153
01-05 23:17:28.399  4568 15645 D BluetoothAdapter: STATE_BLE_ON
01-05 23:17:28.400  4568 15645 D BluetoothAdapter: appoCount is = 0
01-05 23:17:28.400  4568 15645 D BluetoothAdapter: STATE_BLE_ON
01-05 23:17:28.401  3756 15366 I FingerprintService: resetTimeout called from pid=4622
01-05 23:17:28.402  4568 15645 D BtGatt.GattService: getScanSettings
01-05 23:17:28.403  3641  3641 D [WeatherWidget(15061)]  WeatherService: {[44BE909F148A112BE24DB9207B7094FC3FC96DDEE23640287DA5ACAB1D582780247AD6051A6DEB776FBEE4CC777897AD]}
01-05 23:17:28.404  4568 15645 D BtGatt.GattService: Is it foreground application = false
01-05 23:17:28.404  4568 15645 D BtGatt.GattService: Its a background application running with Low Power scan mode
01-05 23:17:28.404  4622  4622 D KeyguardFingerPrint: scheduleStrongAuthTimeout(set mStrongAuthNotTimeOutPendingIntent : when = 134338272 )
01-05 23:17:28.409  3756  6806 D SamsungAlarmManager: setExact Intent (T:3/F:1/AC:false) 20190106T231728 - CU:10055/CP:4622
01-05 23:17:28.411  4568  5190 E BtGatt.GattService: [GSIM LOG]: gsimLogHandler: android.uid.bcmgr, msg: MESSAGE_START_SCAN
01-05 23:17:28.411  4568  5169 D BtGatt.ScanManager: handling starting scan
01-05 23:17:28.414  4568  5169 D BluetoothAdapter: STATE_BLE_ON
01-05 23:17:28.415  4568  5169 D BluetoothAdapter: STATE_BLE_ON
01-05 23:17:28.416  4568  5169 D BluetoothAdapter: appoCount is = 0
01-05 23:17:28.417  3756  5985 D FingerprintService: getEnrolledFingerprints : userId = 0
01-05 23:17:28.419  3756 22255 I FingerprintService: resetTimeout called from pid=4622
01-05 23:17:28.420  3756 15364 D WallpaperManagerService: getDCMLauncherEnabled false
01-05 23:17:28.420  4568  5169 D BluetoothAdapter: STATE_BLE_ON
01-05 23:17:28.420  4622  4622 I StatusBarWindowManager: isExpanded:true, true, true, false, false, false
01-05 23:17:28.421  4622  4622 I StatusBarWindowManager: applyHeight:-1
01-05 23:17:28.421  3641  3641 W Settings: Setting data_roaming has moved from android.provider.Settings.Secure to android.provider.Settings.Global.
01-05 23:17:28.422  4568  5169 D BluetoothAdapter: STATE_BLE_ON
01-05 23:17:28.422  3641  3641 D [WeatherWidget(15061)]  RoamingUtil: {[D5984B6ED8EBD0D73FB67FEB395BAAC73F219977E266B99BFD20FE5B7E3463847E3B63D34100EA2FDE5D491F7660E834A06868EFA0E6868FEA46A0B406848524]}
01-05 23:17:28.423  4568  5169 D BluetoothAdapter: appoCount is = 0
01-05 23:17:28.425  4568  5169 D BluetoothAdapter: STATE_BLE_ON
01-05 23:17:28.426  4568  5169 D BluetoothAdapter: STATE_BLE_ON
01-05 23:17:28.427  3267  5554 I tlc_communication: Free WSM;171
01-05 23:17:28.427  3267  5554 I tlc_communication: Closing MobiCore device;189
01-05 23:17:28.428  4622  4622 D KeyguardViewMediator: handleKeyguardDone
01-05 23:17:28.429  1979  2002 D VolumeInfo: VolumeInfo from Parcel: id private ,type 1 ,disk null
01-05 23:17:28.429  1979  2002 D VolumeInfo: VolumeInfo from Parcel: id emulated ,type 2 ,disk null
01-05 23:17:28.432  4568  5169 D BluetoothAdapter: appoCount is = 0
01-05 23:17:28.434  3641  3641 D [WeatherWidget(15061)]  WeatherService: {[EC3334F14841398C8B464A72D0E61AB7C19CA34DF69EC42A7BD50FF01EB06E70CB5057E333274446F281A2D0E6349EA2]}
01-05 23:17:28.435  4568  4690 D BtGatt.GattService: onScanFilterEnableDisabled() - clientIf=4, status=0, action=1
01-05 23:17:28.435  4568  4690 D BtGatt.ScanManager: callback done for clientIf - 4 status - 0
01-05 23:17:28.435  3641  3641 D [WeatherWidget(15061)]  DaemonReceiver: {[0C5154E491E686EEF4F87451CD0F3EB238CF81FC3813987B07B81D44E528CFF2C0AF678F49AA55A7981159DEDCDBB7D7267651336DB8ED6A6476EB3C43EC3A9907118B4B1590D282EF35770AC93E76608F85EA79543A553E6F49EF3BE6B6184E1925726B630E3471E00405453A11EF8447B02C0FB252D984F8110535FB2F431E]}
01-05 23:17:28.435  4568  5169 D BtGatt.ScanManager: set filter index= 25 for clientIf= 4
01-05 23:17:28.436  4568  5169 D BtGatt.ScanManager: addFilterToController: 5
01-05 23:17:28.437  4622  4622 D KeyguardViewMediator: handleHide
01-05 23:17:28.437  4622  4622 D KeyguardViewMediator: keyguardGoingAway
01-05 23:17:28.438  3267  5554 I tlc_communication: tlc_close() successed;202
01-05 23:17:28.438  3267  5554 I TLC_BAUTH: FUNC ID 0x4 is completed;823
01-05 23:17:28.438  1979  2003 D VolumeInfo: VolumeInfo from Parcel: id private ,type 1 ,disk null
01-05 23:17:28.438  1979  2003 D VolumeInfo: VolumeInfo from Parcel: id emulated ,type 2 ,disk null
01-05 23:17:28.438  3267  5554 D bauth_FPBAuthSensorControl: FPBAuthSensorControl, 304
01-05 23:17:28.438  3267  5554 D bauth_FPBAuthService: FPBAuthService, 681
01-05 23:17:28.438  3267  5554 D bauth_FPBAuthService: FPBAuthService, 7470
01-05 23:17:28.438  4568  4690 D BtGatt.GattService: onScanFilterConfig() - clientIf=4, action = 0 status = 0, filterType=5, availableSpace=47
01-05 23:17:28.438  3267  5554 D bauth_service: BAuthService, 85
01-05 23:17:28.438  4568  4690 D BtGatt.ScanManager: callback done for clientIf - 4 status - 0
01-05 23:17:28.438  3267  5554 D bauth_FPBAuthService: FPBAuthService, 7265
01-05 23:17:28.439  4568  5169 D BtGatt.ScanManager: High Rssi Filter value is = -128
01-05 23:17:28.439  4568  5169 D BtGatt.ScanManager: Low Rssi Filter value is = -128
01-05 23:17:28.439  4568  5169 D BtGatt.ScanManager: configureFilterParamter 500 10000 1 0scanFilterRssiThreshold = -128trackableScanFilterRssiThreshold = -128matchmode is =1
01-05 23:17:28.440  4568  4690 D BtGatt.GattService: onScanFilterParamsConfigured() - clientIf=4, status=0, action=0, availableSpace=31
01-05 23:17:28.440  4568  4690 D BtGatt.ScanManager: callback done for clientIf - 4 status - 0
01-05 23:17:28.440  4568  5169 D BtGatt.ScanManager: set filter index= 21 for clientIf= 4
01-05 23:17:28.441  4568  5169 D BtGatt.ScanManager: addFilterToController: 5
01-05 23:17:28.442  3756  5961 D CompatibilityInfo: mCompatibilityFlags - 0
01-05 23:17:28.442  3756  5961 D CompatibilityInfo: applicationDensity - 420
01-05 23:17:28.442  4568  4690 D BtGatt.GattService: onScanFilterConfig() - clientIf=4, action = 0 status = 0, filterType=5, availableSpace=46
01-05 23:17:28.442  3756  5961 D CompatibilityInfo: applicationScale - 1.0
01-05 23:17:28.442  4568  4690 D BtGatt.ScanManager: callback done for clientIf - 4 status - 0
01-05 23:17:28.442  4568  5169 D BtGatt.ScanManager: High Rssi Filter value is = -128
01-05 23:17:28.442  4568  5169 D BtGatt.ScanManager: Low Rssi Filter value is = -128
01-05 23:17:28.442  4568  5169 D BtGatt.ScanManager: configureFilterParamter 500 10000 1 0scanFilterRssiThreshold = -128trackableScanFilterRssiThreshold = -128matchmode is =1
01-05 23:17:28.445  4568  4690 D BtGatt.GattService: onScanFilterParamsConfigured() - clientIf=4, status=0, action=0, availableSpace=30
01-05 23:17:28.445  4568  4690 D BtGatt.ScanManager: callback done for clientIf - 4 status - 0
01-05 23:17:28.445  4568  5169 D BtGatt.ScanManager: set filter index= 22 for clientIf= 4
01-05 23:17:28.445  4568  5169 D BtGatt.ScanManager: addFilterToController: 5
01-05 23:17:28.445  3641  3641 I [WeatherWidget(15061)]  WeatherDaemonService: {[0D15A0BDCA5CCB9CB67CEA5D6A5B7010AF4AD2F6EAC6E163BEB30C783828B83E6E57A9A360E7DE57FE61482A366BA676]}
01-05 23:17:28.446  4568  4690 D BtGatt.GattService: onScanFilterConfig() - clientIf=4, action = 0 status = 0, filterType=5, availableSpace=45
01-05 23:17:28.447  4568  4690 D BtGatt.ScanManager: callback done for clientIf - 4 status - 0
01-05 23:17:28.447  3756  7017 D ActivityManager: resumeTopActivityInnerLocked() : #1 prevTask=null next=ActivityRecord{74e3b72d0 u0 com.GeekTechnique.InfinityStack/com.epicgames.ue4.GameActivity t85} mFocusedStack=ActivityStack{7806098d0 stackId=1, 2 tasks}
01-05 23:17:28.447  4568  5169 D BtGatt.ScanManager: High Rssi Filter value is = -128
01-05 23:17:28.447  4568  5169 D BtGatt.ScanManager: Low Rssi Filter value is = -128
01-05 23:17:28.447  4568  5169 D BtGatt.ScanManager: configureFilterParamter 500 10000 1 0scanFilterRssiThreshold = -128trackableScanFilterRssiThreshold = -128matchmode is =1
01-05 23:17:28.447  3641  3688 D [WeatherWidget(15061)]  WeatherDaemonService: {[0D15A0BDCA5CCB9CB67CEA5D6A5B7010EBEA1AB7BC7ADC9216802B2451AEFA3A9F63DAE6F83B0FC190B911FC40DB721205651BE3B79353DC34A425CA65D7AAA5729D18B1C62DA4D1CDB0E6D41A026F95B8E90418EDF17A619A335485B37466807C91818E4704490C6E0BE10C91BF6F85]}
01-05 23:17:28.448  3641  3688 D [WeatherWidget(15061)]  ActionManager: {[B6AE27B2EEC017AC105EF636E14A70828AEEB339609F88E7F2EDF9236C8FB19F3A0A226A94085DC2B3C790DB7DDAEDFC1951A366896AF5EA30D134A6AA82608E57270E044AF5D3196A3EBF534F539F8EAA5962C4D230E308ED77241F607AC7BB8FA3698D903B56475BEB7C0361A1D8E6DA5D3595F9AC3AC374312E22FD3E2ED4]}
01-05 23:17:28.448  3641  3688 D [WeatherWidget(15061)]  ActionManager: {[BC3A728BB250B5DA50DEEBE4E1855AA7C398BBEFFC45FCC088F54029682840BB2F7C181025C39C6C152198126EC5901678F2D39BA2A61407CB9E37FDACBB6F30]}
01-05 23:17:28.448  4568  4690 D BtGatt.GattService: onScanFilterParamsConfigured() - clientIf=4, status=0, action=0, availableSpace=29
01-05 23:17:28.448  4568  4690 D BtGatt.ScanManager: callback done for clientIf - 4 status - 0
01-05 23:17:28.448  3641  3688 D [WeatherWidget(15061)]  DB L2: {[610591C4E30FED4A153FF198DAC84EFEE3319B0D622FD4A19809E90ED3C1398368D658B139FCCB8B9564F5B4E9CB634E7DF232AC8E28232C7BF252EDD8D192B6]}
01-05 23:17:28.448  4568  5169 D BtGatt.ScanManager: set filter index= 23 for clientIf= 4
01-05 23:17:28.448  4568  5169 D BtGatt.ScanManager: addFilterToController: 5
01-05 23:17:28.449  3641  3688 D [WeatherWidget(15061)]  : {[E9BDC1AC9F9B078A92B3F309630276C89F9B6E52C087A495B97355481F2FDE5B58A757A09967AB7BD9E1187CEA5BB356FACBD4A552A7402C88647F970C513A69]}
01-05 23:17:28.449  3641  3688 D [WeatherWidget(15061)]  DB L2: {[610591C4E30FED4A153FF198DAC84EFE259FA03515F619060291D19B9A2E73CB46DA064369D1073FED4BA9669B425DCA5332A6D67E3B854AB5F34BD162D7FD36]}
01-05 23:17:28.449  3756  7017 D ActivityManager: applyOptionsLocked(), pendingOptions : null
01-05 23:17:28.449  3641  3688 D [WeatherWidget(15061)]  ActionManager: {[C89E1293B112A192C6389BA1E41A1B307076325BBC7FB7854B907363BCA0784BF7670F7F34409C99BFD7880843A641E1]}
01-05 23:17:28.450  3641  3688 D [WeatherWidget(15061)]  DB L2: {[610591C4E30FED4A153FF198DAC84EFE1A65FB0EE8B7C5763A9CB231BC13495C5F8E5509D71E51BE8445C5E5CB1D2D69FF78CA7ABFAAA58FE8CE29C0D31AB365]}
01-05 23:17:28.451  4568  4690 D BtGatt.GattService: onScanFilterConfig() - clientIf=4, action = 0 status = 0, filterType=5, availableSpace=44
01-05 23:17:28.451  4568  4690 D BtGatt.ScanManager: callback done for clientIf - 4 status - 0
01-05 23:17:28.451  4568  5169 D BtGatt.ScanManager: High Rssi Filter value is = -128
01-05 23:17:28.451  4568  5169 D BtGatt.ScanManager: Low Rssi Filter value is = -128
01-05 23:17:28.451  4568  5169 D BtGatt.ScanManager: configureFilterParamter 500 10000 1 0scanFilterRssiThreshold = -128trackableScanFilterRssiThreshold = -128matchmode is =1
01-05 23:17:28.451  3756  4482 D ConnectivityService: filterNetworkStateForUid() uid: 10014 networkInfo: [type: WIFI[] - WIFI, state: CONNECTED/CONNECTED, reason: (unspecified), extra: "wilkinson2.4", failover: false, available: true, roaming: false, metered: false]
01-05 23:17:28.452  3641  3688 D [WeatherWidget(15061)]  ActionManager: {[A0D753875573511795689987717239BEF1FB71910AFFEFA8854C46E506DEB4FD7D23F04A265F561D5B68EAFA3E55EC32]}
01-05 23:17:28.454  4568  4690 D BtGatt.GattService: onScanFilterParamsConfigured() - clientIf=4, status=0, action=0, availableSpace=28
01-05 23:17:28.454  4568  4690 D BtGatt.ScanManager: callback done for clientIf - 4 status - 0
01-05 23:17:28.454  4568  5169 D BtGatt.ScanManager: configureRegularScanParams() - queue=1
01-05 23:17:28.454  4568  5169 I BtGatt.ScanManager: custom scan scanMode = 100
01-05 23:17:28.454  4568  5169 I BtGatt.ScanManager: New scan mode custom scan scanInterval = 3120scanWindow = 160
01-05 23:17:28.454  4568  5169 E BtGatt.ScanManager: default value of curScanSetting 0 is choosen
01-05 23:17:28.454  4568  5169 I BtGatt.ScanManager: newScanMode = 5newcurScanSetting = 0
01-05 23:17:28.454  4568  5169 I BtGatt.ScanManager: comparing = 5 with = 0
01-05 23:17:28.454  4568  5169 D BtGatt.ScanManager: configureRegularScanParams() - ScanSetting Scan mode=100 mLastConfiguredScanSetting=-2147483648
01-05 23:17:28.454  3756  3804 W PackageManager: Failed to find settings for com.dhgate.buyermob
01-05 23:17:28.454  4568  5169 D BtGatt.ScanManager: configureRegularScanParams - scanInterval = 4992configureRegularScanParams - scanWindow = 256
01-05 23:17:28.455  4568  4690 D BtGatt.GattService: onScanParamSetupCompleted() status=0, clientIf=4
01-05 23:17:28.455  4568  4690 D BtGatt.GattService: onScanParamSetupCompleted : 0
01-05 23:17:28.455  3641  3688 D [WeatherWidget(15061)]  ActionManager: {[5BBCDBDD043AB2E0D8A88A12A0755ECB48C1A150EE8E181469EF74CAA7356ADF57374CAE80026B0AA0968FDD7A29AE6A]}
01-05 23:17:28.456  3641  3688 D [WeatherWidget(15061)]  ActionManager: {[5BBCDBDD043AB2E0D8A88A12A0755ECB455AFC1E841EFD19FDA3796475ADDD60]}
01-05 23:17:28.457  3641  3688 D [WeatherWidget(15061)]  DB L1: {[AAC4384C35CA6909274880C63FD2B8C5C23F90F1E4FCAD3137C9B25E5485CF6C31C424B56A8F356EBC563213B9021313AA6838B62625B0E7F334A12E3E78DF0CE7DC7099014EAF4ECEC39E41DD7F42F2233C7806AE02D1F5A53E3791F4FEA518]}
01-05 23:17:28.457 27693 27693 W Finsky  : [1] com.google.android.finsky.ey.b.a(15): Failed to get status for package 'com.dhgate.buyermob' (1601)
01-05 23:17:28.458  3641  3688 D [WeatherWidget(15061)]  : {[71C0730068FFCE8242180DBA2D2BC7479F86E9678A79391F96C827C3F8ACA124102FAEBCA50CBF201439BFC501718C3C63ACA706ECDF9D5A98271706FD8DB2B9B4C87F52F9FCD54CC53BDD957FBF9AC4]}
01-05 23:17:28.458  3641  3688 D [WeatherWidget(15061)]  : {[236FFFA4FE6D378EDABD8749C406D4B6704CAD26277FEC44C7E31C0D1A0DCCA7B2EEFD5C2A539946454EEEABA00B149BD184FB3A0A14BDC44C5FB2E09811FB16]}
01-05 23:17:28.458 27693 27693 E Finsky  : [1] com.google.android.finsky.ey.b.a(28): Error getting stats
01-05 23:17:28.458  3641  3688 D [WeatherWidget(15061)]  DB L1: {[AAC4384C35CA6909274880C63FD2B8C5C23F90F1E4FCAD3137C9B25E5485CF6C5B0F87BA677E94EF9028866ACFEEDC30ABA2861B6199B42E236A3D40462F54BDB80648CAE3E3BA82E30A881123E93957BB10135B67F1F2E38C4AA64DCFEA1200]}
01-05 23:17:28.459  3641  3688 D [WeatherWidget(15061)]  DB L1: {[AAC4384C35CA6909274880C63FD2B8C5C23F90F1E4FCAD3137C9B25E5485CF6C4FE690430FEA29E32C6931BAE482D3A4C42ED9B1DE7261686E5B830F96813895EDCA7799D0FCF0CD5EC4AA48B9960654F8273347EBAE3B744A3BCB30ED23D3D5]}
01-05 23:17:28.460  3641  3688 D [WeatherWidget(15061)]  DB L1: {[AAC4384C35CA6909274880C63FD2B8C5C23F90F1E4FCAD3137C9B25E5485CF6CA89AE2B8D237301AB956883767F80B416E8D2AFF8413212B7ED99CC95DC3B2837AFEA84638F946559EFF5B056D2E83EF09D795EF29C29B9635C517E32D926BB7]}
01-05 23:17:28.460  3641  3688 D [WeatherWidget(15061)]  : {[236FFFA4FE6D378EDABD8749C406D4B69D0A9D225945D25F48121A1CC6C01DF094D19169E13D0E4C03FECB9D2A3D56296184E5B0DBE0A6A584694FB7EA9944819019E9D8587F544DCFD32C3C8EFF96F96F96BE4E551D4F1BBE5AFFBDF624C7D1]}
01-05 23:17:28.461  3641  3688 D [WeatherWidget(15061)]  DB L1: {[AAC4384C35CA6909274880C63FD2B8C5C23F90F1E4FCAD3137C9B25E5485CF6C1C129A7914B9C5653FC674F1F5BDE4636C7EFCDDE3B9DA9F068E471F46829C70BADDC5FFAC77FC7EC0CB3F911C6BF9C48E47F008DFAAA6753A2A54C480131FDF]}
01-05 23:17:28.462  3641  3688 D [WeatherWidget(15061)]  : {[D8B67A630FC69F6878F4940FB3583768052411F5F66E06F8F3AAA69568CF7E1E874170175CE49948C2DD3C37A34719F5D03DEFE22AB06C774772B4E188BE3191]}
01-05 23:17:28.462  3641  3688 D [WeatherWidget(15061)]  : {[6196E932785D7B6DA324519BF748CFB1003C0F136CD6138B2804742237792082940DC9F69E16FD2EAFB16126B350C08D500D8F694C9BE45407F26C242528F395E5F9EB9C6656677C8BBDDD61A39CF7A2]}
01-05 23:17:28.463  3756  3756 D GameManagerService: onDisplayChanged. displyId: 0
01-05 23:17:28.463  3756  3756 D GameManagerService: dpi: 420, longPixel: 1920, shortPixel: 1080
01-05 23:17:28.474  3756  3795 V WindowManager: Now policy shown: Window{46b62a5d0 u0 com.GeekTechnique.InfinityStack/com.epicgames.ue4.GameActivity}
01-05 23:17:28.474  3756  3795 V WindowManager: Now policy shown: Window{8eacf34d0 u0 SurfaceView - com.GeekTechnique.InfinityStack/com.epicgames.ue4.GameActivity}
01-05 23:17:28.477  3756  7017 D GameManagerService: sem_perfomance_mode: 0
01-05 23:17:28.477  3756  3756 D GameManagerService: NotifyRunnable. pkg: com.GeekTechnique.InfinityStack, type: 4, isMinimized: false, isTunableApp: false
