01-11 19:30:32.464  3237 22865 I AudioFlinger: add dynamic flag, can move to deep thread, session 56849
01-11 19:30:32.465 20514 20636 D AudioTrack: Client defaulted notificationFrames to 590 for frameCount 1772
01-11 19:30:32.465 20514 20636 I AudioTrack: This process already got info. FadeIn[0] FadeOut[0] FadeInRing[0]
01-11 19:30:32.465  3237  3813 W AudioPolicyIntefaceImpl: Skipped to add effects on session 56849
01-11 19:30:32.465  3237  3813 I APM_AudioPolicyManager: startOutput() output 21, stream 3, session 56849
01-11 19:30:32.478 20514 20535 V threaded_app: New input event: type=2
01-11 19:30:32.488  3237  3477 I AudioMixer: create resampler src 44100, 1, dst 48000, 1, q 8
01-11 19:30:32.489  3237  3477 D SoundAliveResampler: [SoundAliveResampler] Init+++
01-11 19:30:32.494 20514 20535 V threaded_app: New input event: type=2
01-11 19:30:32.512 20514 20535 V threaded_app: New input event: type=2
01-11 19:30:32.528 20514 20535 V threaded_app: New input event: type=2
01-11 19:30:32.538  3757  4398 D InputReader: Input event(3): value=0 when=168721413636000
01-11 19:30:32.538  3757  4398 D InputReader: Input event(3): value=0 when=168721413636000
01-11 19:30:32.538  3757  4398 I InputReader: Touch event's action is 0x1 (deviceType=0) [pCnt=1, s=] when=168721413636000
01-11 19:30:32.539  3757  4397 I InputDispatcher: Delivering touch to (20514): action: 0x1, toolType: 1
01-11 19:30:32.540 20514 20535 V threaded_app: New input event: type=2
01-11 19:30:32.545 20514 20535 V threaded_app: New input event: type=2
01-11 19:30:32.546 20514 20514 D ViewRootImpl@e972267[GameActivity]: ViewPostImeInputStage processPointer 1
01-11 19:30:32.691 20514 20705 I AudioTrack: Skip ramp
01-11 19:30:32.790  3237  3352 I APM_AudioPolicyManager: stopOutput() output 21, stream 3, session 56849
01-11 19:30:32.942  3757  4458 D WifiStateMachine: Current network is: "wilkinson2.4" , ID is: 30
01-11 19:30:32.942  3757  4458 I WifiStateMachine: IMS calling, current network is always qualified
01-11 19:30:33.233  3757  4354 D SamsungAlarmManager: Expired : 8
01-11 19:30:33.234  3757  4354 V SamsungAlarmManager: Sending to uid : 1000 action=com.android.server.action.UPDATE_TWILIGHT_STATE alarm=Alarm{dbd44c7 type 1 when 600000 android}
01-11 19:30:33.242  3757  3757 D SamsungAlarmManager: Cancel Alarm calling from uid:1000 pid :3757 / op:PendingIntent{d751af4: PendingIntentRecord{33bba74 android broadcastIntent}}
01-11 19:30:33.250  3757  3757 D SamsungAlarmManager: setExact Intent (T:1/F:9/AC:false) 19691231T191000 - CU:1000/CP:3757
01-11 19:30:33.427  4616  4823 D NetworkController.MobileSignalController(0/1): onSignalStrengthsChanged signalStrength=SignalStrength: 99 99 -120 -160 -120 -1 -1 15 -121 -15 -28 2147483647 2147483647 0x1000 gsm|lte level=1
01-11 19:30:33.428  4616  4823 D NetworkController.MobileSignalController(0/1): getMobileIconGroup(): 13
01-11 19:30:33.431  4616  4823 D NetworkController.MobileSignalController(0/1): updateVZWMobileIconGroup(): 13
01-11 19:30:33.437  5035  5670 D EPDG -- [SMARTWIFI]: onSignalStrengthsChanged: Received signal strength change, phone type is: 2
01-11 19:30:33.438  5035  6446 D EPDG -- [SMARTWIFI]: lastLteRSRP is -120currentLteRSRP is -121
01-11 19:30:33.438  5035  6446 D EPDG -- [SMARTWIFI]: lastLteRSRQ is -16currentLteRSRQ is -15
01-11 19:30:33.438  5035  6446 D EPDG -- [SMARTWIFI]: lastCdmaDb is -16currentCdmaDb is -16
01-11 19:30:33.438  5035  6446 V EPDG -- [SMARTWIFI]: Radio oldest entry removed
01-11 19:30:33.438  5035  6446 V EPDG -- [SMARTWIFI]: New entry : (SignalStrength: 99 99 -120 -160 -120 -1 -1 15 -121 -15 -28 2147483647 2147483647 0x1000 gsm|lte : 0 )
01-11 19:30:33.438  5035  6446 V EPDG -- [SMARTWIFI]: Radio entry added
01-11 19:30:33.452  4616  4823 D NetworkController.MobileSignalController(0/1): callState:0, callStateByPhone:false voLTECall:false voiceNetTpe:13 dataNetType:13, ine911:false, emergencyCallbackMode:false
01-11 19:30:33.749  3757  4398 D InputReader: Input event(3): value=1 when=168722624134000
01-11 19:30:33.749  3757  4398 D InputReader: Input event(3): value=1 when=168722624134000
01-11 19:30:33.751  3757  4398 I InputReader: Touch event's action is 0x0 (deviceType=0) [pCnt=1, s=0.19070 ] when=168722624134000
01-11 19:30:33.751  3757  4397 I InputDispatcher: Delivering touch to (20514): action: 0x0, toolType: 1
01-11 19:30:33.752 20514 20535 V threaded_app: New input event: type=2
01-11 19:30:33.764 20514 20514 D ViewRootImpl@e972267[GameActivity]: ViewPostImeInputStage processPointer 0
01-11 19:30:33.772  3757  4354 D SamsungAlarmManager: Expired : 4
01-11 19:30:33.773  3757  4354 I SamsungAlarmManager: setLocked to kernel - T:2 / 20190111T193129, SetElapsed=453728446, nowELAPSED=453673101
01-11 19:30:33.774  3757  4354 I SamsungAlarmManager: setLocked to kernel - T:3 / 20190111T193034, SetElapsed=453673571, nowELAPSED=453673101
01-11 19:30:33.775  3757  4354 V SamsungAlarmManager: Sending to uid : 10179 action=com.verizon.messaging.ott.sdk.addressbook.AddressBookSyncTask-1547253033772 alarm=Alarm{5cb021d type 0 when 1547253033772 com.verizon.messaging.vzmsgs}
01-11 19:30:33.778 20514 20636 I libOpenSLES: Emulating old channel mask behavior (ignoring positional mask 0x4, using default mask 0x1 based on channel count of 1)
01-11 19:30:33.786 20514 20535 V threaded_app: New input event: type=2
01-11 19:30:33.786 20514 20636 W AudioTrack: AUDIO_OUTPUT_FLAG_FAST denied by client; transfer 1, track 44100 Hz, output 48000 Hz
01-11 19:30:33.787  3237 22864 I AudioFlinger: add dynamic flag, can move to deep thread, session 56857
01-11 19:30:33.790 20514 20636 D AudioTrack: Client defaulted notificationFrames to 590 for frameCount 1772
01-11 19:30:33.793 20514 20636 I AudioTrack: This process already got info. FadeIn[0] FadeOut[0] FadeInRing[0]
01-11 19:30:33.796  3237 22865 W AudioPolicyIntefaceImpl: Skipped to add effects on session 56857
01-11 19:30:33.796  3237 22865 I APM_AudioPolicyManager: startOutput() output 21, stream 3, session 56857
01-11 19:30:33.800 20514 20535 V threaded_app: New input event: type=2
01-11 19:30:33.817 20514 20535 V threaded_app: New input event: type=2
01-11 19:30:33.829 20514 20535 V threaded_app: New input event: type=2
01-11 19:30:33.830  3237  3477 I AudioMixer: create resampler src 44100, 1, dst 48000, 1, q 8
01-11 19:30:33.831  3237  3477 D SoundAliveResampler: [SoundAliveResampler] Init+++
01-11 19:30:33.846 20514 20535 V threaded_app: New input event: type=2
01-11 19:30:33.856  3252  3746 D EnterpriseController: netId is 0
01-11 19:30:33.856  3252  3746 D Netd    : getNetworkForDns: using netid 555 for uid 10179
01-11 19:30:33.856  3252  3746 D DnsProxyListener: DNSDBG::dns addrinfo af 0
01-11 19:30:33.865 20514 20535 V threaded_app: New input event: type=2
01-11 19:30:33.868  3757  4398 D InputReader: Input event(3): value=0 when=168722743279000
01-11 19:30:33.868  3757  4398 D InputReader: Input event(3): value=0 when=168722743279000
01-11 19:30:33.868  3757  4398 I InputReader: Touch event's action is 0x1 (deviceType=0) [pCnt=1, s=] when=168722743279000
01-11 19:30:33.869  3757  4397 I InputDispatcher: Delivering touch to (20514): action: 0x1, toolType: 1
01-11 19:30:33.871 20514 20535 V threaded_app: New input event: type=2
01-11 19:30:33.872 20514 20535 V threaded_app: New input event: type=2
01-11 19:30:33.874 20514 20514 D ViewRootImpl@e972267[GameActivity]: ViewPostImeInputStage processPointer 1
01-11 19:30:34.032 20514 20712 I AudioTrack: Skip ramp
01-11 19:30:34.092  3757  2859 D SamsungAlarmManager: Cancel Alarm calling from uid:10179 pid :4294 / op:PendingIntent{182ec92: PendingIntentRecord{3bf6663 com.verizon.messaging.vzmsgs startService}}
01-11 19:30:34.132  3237  3352 I APM_AudioPolicyManager: stopOutput() output 21, stream 3, session 56857
01-11 19:30:34.150  3757 29839 D SamsungAlarmManager: setExact Intent (T:0/F:5/AC:false) 20190112T193036 - CU:10179/CP:4294
01-11 19:30:34.243  3757  4354 D SamsungAlarmManager: Expired : 8
01-11 19:30:34.245  3757  4354 I SamsungAlarmManager: setLocked to kernel - T:3 / 20190111T193036, SetElapsed=453675347, nowELAPSED=453673572
01-11 19:30:34.246  3757  4354 V SamsungAlarmManager: Sending to uid : 1000 action=com.android.server.action.UPDATE_TWILIGHT_STATE alarm=Alarm{19aa319 type 1 when 600000 android}
01-11 19:30:34.259  3757  3757 D SamsungAlarmManager: Cancel Alarm calling from uid:1000 pid :3757 / op:PendingIntent{adf3fde: PendingIntentRecord{33bba74 android broadcastIntent}}
01-11 19:30:34.269  3757  3757 D SamsungAlarmManager: setExact Intent (T:1/F:9/AC:false) 19691231T191000 - CU:1000/CP:3757
01-11 19:30:34.269  3757  3757 I SamsungAlarmManager: setLocked to kernel - T:3 / 20190111T193035, SetElapsed=453674588, nowELAPSED=453673597
01-11 19:30:34.398  5689  5689 D io_stats: !@   8,0 r 1956093 59434748 w 1948158 44024216 d 315492 23225068 f 508885 508759 iot 3103870 1736494 th 61440 61440 43080 pt 9550 inp 0 0 168723.273
01-11 19:30:34.961  3757  4398 D InputReader: Input event(3): value=1 when=168723836128000
01-11 19:30:34.961  3757  4398 D InputReader: Input event(3): value=1 when=168723836128000
01-11 19:30:34.961  3757  4398 I InputReader: Touch event's action is 0x0 (deviceType=0) [pCnt=1, s=0.19071 ] when=168723836128000
01-11 19:30:34.962  3757  4397 I InputDispatcher: Delivering touch to (20514): action: 0x0, toolType: 1
01-11 19:30:34.963 20514 20535 V threaded_app: New input event: type=2
01-11 19:30:34.966 20514 20514 D ViewRootImpl@e972267[GameActivity]: ViewPostImeInputStage processPointer 0
01-11 19:30:34.984 20514 20535 V threaded_app: New input event: type=2
01-11 19:30:34.988 20514 20636 I libOpenSLES: Emulating old channel mask behavior (ignoring positional mask 0x4, using default mask 0x1 based on channel count of 1)
01-11 19:30:34.989 20514 20636 W AudioTrack: AUDIO_OUTPUT_FLAG_FAST denied by client; transfer 1, track 44100 Hz, output 48000 Hz
01-11 19:30:34.990  3237 17217 I AudioFlinger: add dynamic flag, can move to deep thread, session 56865
01-11 19:30:34.990 20514 20636 D AudioTrack: Client defaulted notificationFrames to 590 for frameCount 1772
01-11 19:30:34.991 20514 20636 I AudioTrack: This process already got info. FadeIn[0] FadeOut[0] FadeInRing[0]
01-11 19:30:34.993  3237  3237 W AudioPolicyIntefaceImpl: Skipped to add effects on session 56865
01-11 19:30:34.993  3237  3237 I APM_AudioPolicyManager: startOutput() output 21, stream 3, session 56865
01-11 19:30:35.001 20514 20535 V threaded_app: New input event: type=2
01-11 19:30:35.012  3237  3477 I AudioMixer: create resampler src 44100, 1, dst 48000, 1, q 8
01-11 19:30:35.013  3237  3477 D SoundAliveResampler: [SoundAliveResampler] Init+++
01-11 19:30:35.017 20514 20535 V threaded_app: New input event: type=2
01-11 19:30:35.034 20514 20535 V threaded_app: New input event: type=2
01-11 19:30:35.050 20514 20535 V threaded_app: New input event: type=2
01-11 19:30:35.068 20514 20535 V threaded_app: New input event: type=2
01-11 19:30:35.083 20514 20535 V threaded_app: New input event: type=2
01-11 19:30:35.101 20514 20535 V threaded_app: New input event: type=2
01-11 19:30:35.113  3757  4398 D InputReader: Input event(3): value=0 when=168723987094000
01-11 19:30:35.113  3757  4398 D InputReader: Input event(3): value=0 when=168723987094000
01-11 19:30:35.113  3757  4398 I InputReader: Touch event's action is 0x1 (deviceType=0) [pCnt=1, s=] when=168723987094000
01-11 19:30:35.113  3757  4397 I InputDispatcher: Delivering touch to (20514): action: 0x1, toolType: 1
01-11 19:30:35.116 20514 20535 V threaded_app: New input event: type=2
01-11 19:30:35.117 20514 20514 D ViewRootImpl@e972267[GameActivity]: ViewPostImeInputStage processPointer 1
01-11 19:30:35.260  3757  4354 D SamsungAlarmManager: Expired : 8
01-11 19:30:35.262  3757  4354 I SamsungAlarmManager: setLocked to kernel - T:3 / 20190111T193036, SetElapsed=453675347, nowELAPSED=453674590
01-11 19:30:35.265  3757  4354 V SamsungAlarmManager: Sending to uid : 1000 action=com.android.server.action.UPDATE_TWILIGHT_STATE alarm=Alarm{a3805bf type 1 when 600000 android}
01-11 19:30:35.277  3757  3757 D SamsungAlarmManager: Cancel Alarm calling from uid:1000 pid :3757 / op:PendingIntent{c54d48c: PendingIntentRecord{33bba74 android broadcastIntent}}
01-11 19:30:35.287  3757  3757 D SamsungAlarmManager: setExact Intent (T:1/F:9/AC:false) 19691231T191000 - CU:1000/CP:3757
01-11 19:30:35.352 20514 20719 I AudioTrack: Skip ramp
01-11 19:30:35.452  3237  3352 I APM_AudioPolicyManager: stopOutput() output 21, stream 3, session 56865
01-11 19:30:35.901  3757  4398 D InputReader: Input event(3): value=1 when=168724776943000
01-11 19:30:35.902  3757  4398 D InputReader: Input event(3): value=1 when=168724776943000
01-11 19:30:35.902  3757  4398 I InputReader: Touch event's action is 0x0 (deviceType=0) [pCnt=1, s=0.19072 ] when=168724776943000
01-11 19:30:35.905 20514 20535 V threaded_app: New input event: type=2
01-11 19:30:35.907  3757  4397 I InputDispatcher: Delivering touch to (20514): action: 0x0, toolType: 1
01-11 19:30:35.909 20514 20514 D ViewRootImpl@e972267[GameActivity]: ViewPostImeInputStage processPointer 0
01-11 19:30:35.938 20514 20535 V threaded_app: New input event: type=2
01-11 19:30:35.953 20514 20535 V threaded_app: New input event: type=2
01-11 19:30:35.954  3757  4458 D WifiStateMachine: Current network is: "wilkinson2.4" , ID is: 30
01-11 19:30:35.954  3757  4458 I WifiStateMachine: IMS calling, current network is always qualified
01-11 19:30:35.959 20514 20636 I libOpenSLES: Emulating old channel mask behavior (ignoring positional mask 0x4, using default mask 0x1 based on channel count of 1)
01-11 19:30:35.960 20514 20636 W AudioTrack: AUDIO_OUTPUT_FLAG_FAST denied by client; transfer 1, track 44100 Hz, output 48000 Hz
01-11 19:30:35.960  3237  8662 I AudioFlinger: add dynamic flag, can move to deep thread, session 56873
01-11 19:30:35.962 20514 20636 D AudioTrack: Client defaulted notificationFrames to 590 for frameCount 1772
01-11 19:30:35.963 20514 20636 I AudioTrack: This process already got info. FadeIn[0] FadeOut[0] FadeInRing[0]
01-11 19:30:35.963  3237  3813 W AudioPolicyIntefaceImpl: Skipped to add effects on session 56873
01-11 19:30:35.963  3237  3813 I APM_AudioPolicyManager: startOutput() output 21, stream 3, session 56873
01-11 19:30:35.970 20514 20535 V threaded_app: New input event: type=2
01-11 19:30:35.986 20514 20535 V threaded_app: New input event: type=2
01-11 19:30:35.992  3237  3477 I AudioMixer: create resampler src 44100, 1, dst 48000, 1, q 8
01-11 19:30:35.992  3237  3477 D SoundAliveResampler: [SoundAliveResampler] Init+++
01-11 19:30:36.001 20514 20535 V threaded_app: New input event: type=2
01-11 19:30:36.019 20514 20535 V threaded_app: New input event: type=2
01-11 19:30:36.019  3757  4354 D SamsungAlarmManager: Expired : 8
01-11 19:30:36.021  3757  4354 I SamsungAlarmManager: setLocked to kernel - T:3 / 20190111T193036, SetElapsed=453675605, nowELAPSED=453675349
01-11 19:30:36.022  3757  4354 V SamsungAlarmManager: Sending to uid : 10059 action=null alarm=Alarm{92957d5 type 3 when 453675347 com.asurion.android.verizon.vms}
01-11 19:30:36.028  3757  4354 D CompatibilityInfo: mCompatibilityFlags - 0
01-11 19:30:36.028  3757  4354 D CompatibilityInfo: applicationDensity - 420
01-11 19:30:36.028  3757  4354 D CompatibilityInfo: applicationScale - 1.0
01-11 19:30:36.032  3757  4398 D InputReader: Input event(3): value=0 when=168724907653000
01-11 19:30:36.032  3757  4398 D InputReader: Input event(3): value=0 when=168724907653000
01-11 19:30:36.033  3757  4398 I InputReader: Touch event's action is 0x1 (deviceType=0) [pCnt=1, s=] when=168724907653000
01-11 19:30:36.034  3757  4397 I InputDispatcher: Delivering touch to (20514): action: 0x1, toolType: 1
01-11 19:30:36.036 20514 20535 V threaded_app: New input event: type=2
01-11 19:30:36.040 20514 20514 D ViewRootImpl@e972267[GameActivity]: ViewPostImeInputStage processPointer 1
01-11 19:30:36.063  3757  4440 D SamsungAlarmManager: setExact Intent (T:3/F:5/AC:false) 20190111T193041 - CU:10059/CP:15240
01-11 19:30:36.277  3757  4354 D SamsungAlarmManager: Expired : 8
01-11 19:30:36.278  3757  4354 I SamsungAlarmManager: setLocked to kernel - T:3 / 20190111T193041, SetElapsed=453680381, nowELAPSED=453675606
01-11 19:30:36.279  3757  4354 V SamsungAlarmManager: Sending to uid : 1000 action=com.android.server.action.UPDATE_TWILIGHT_STATE alarm=Alarm{3713edb type 1 when 600000 android}
01-11 19:30:36.297  3757  3757 D SamsungAlarmManager: Cancel Alarm calling from uid:1000 pid :3757 / op:PendingIntent{c0ad78: PendingIntentRecord{33bba74 android broadcastIntent}}
01-11 19:30:36.301  3757  4398 D InputReader: Input event(3): value=1 when=168725176291000
01-11 19:30:36.301  3757  4398 D InputReader: Input event(3): value=1 when=168725176291000
01-11 19:30:36.301  3757  4398 I InputReader: Touch event's action is 0x0 (deviceType=0) [pCnt=1, s=0.19073 ] when=168725176291000
01-11 19:30:36.302  3757  4397 I InputDispatcher: Delivering touch to (20514): action: 0x0, toolType: 1
01-11 19:30:36.304 20514 20535 V threaded_app: New input event: type=2
01-11 19:30:36.309 20514 20514 D ViewRootImpl@e972267[GameActivity]: ViewPostImeInputStage processPointer 0
01-11 19:30:36.310  3757  3757 D SamsungAlarmManager: setExact Intent (T:1/F:9/AC:false) 19691231T191000 - CU:1000/CP:3757
01-11 19:30:36.310  3757  3757 I SamsungAlarmManager: setLocked to kernel - T:3 / 20190111T193037, SetElapsed=453676626, nowELAPSED=453675638
01-11 19:30:36.315 20514 20722 I AudioTrack: Skip ramp
01-11 19:30:36.337 20514 20535 V threaded_app: New input event: type=2
01-11 19:30:36.350 20514 20534 D UE4     : [2019.01.12-00.30.36:350][485]LogUMG: Display: Widget Class NewHighScore_C - Loaded Fast Template.
01-11 19:30:36.354 20514 20534 D UE4     : [2019.01.12-00.30.36:354][485]LogOnlineLeaderboard: Display: OSS: WriteLeaderboards
01-11 19:30:36.354 20514 20534 D UE4     : [2019.01.12-00.30.36:354][485]LogOnlineLeaderboard: Display: OSS: Going through stats for leaderboard :  NormalHighScore 
01-11 19:30:36.354 20514 20534 D UE4     : [2019.01.12-00.30.36:354][485]LogOnlineLeaderboard: Display: OSS: Here's a stat
01-11 19:30:36.354 20514 20534 D UE4     : [2019.01.12-00.30.36:354][485]LogOnlineLeaderboard: Display: OSS: FOnlineLeaderboardsGooglePlay::WriteLeaderboards() Int32 value Score: 4 
01-11 19:30:36.355 20514 20534 D UE4     : [2019.01.12-00.30.36:355][485]LogOnlineLeaderboard: Display: OSS: flush leaderboards session name :GameSession
01-11 19:30:36.355 20514 20535 V threaded_app: New input event: type=2
01-11 19:30:36.359 20514 20636 I libOpenSLES: Emulating old channel mask behavior (ignoring positional mask 0x3, using default mask 0x3 based on channel count of 2)
01-11 19:30:36.361 20514 20636 W AudioTrack: AUDIO_OUTPUT_FLAG_FAST denied by client; transfer 1, track 44100 Hz, output 48000 Hz
01-11 19:30:36.362  3237 22864 I AudioFlinger: add dynamic flag, can move to deep thread, session 56881
01-11 19:30:36.366 20514 20636 D AudioTrack: Client defaulted notificationFrames to 590 for frameCount 1772
01-11 19:30:36.369 20514 20636 I AudioTrack: This process already got info. FadeIn[0] FadeOut[0] FadeInRing[0]
01-11 19:30:36.370 20514 20535 V threaded_app: New input event: type=2
01-11 19:30:36.370  3237 22865 W AudioPolicyIntefaceImpl: Skipped to add effects on session 56881
01-11 19:30:36.370  3237 22865 I APM_AudioPolicyManager: startOutput() output 21, stream 3, session 56881
01-11 19:30:36.384 20514 20535 V threaded_app: New input event: type=2
01-11 19:30:36.393  3237  3477 I AudioMixer: create resampler src 44100, 2, dst 48000, 2, q 8
01-11 19:30:36.394  3237  3477 D SoundAliveResampler: [SoundAliveResampler] Init+++
01-11 19:30:36.402 20514 20535 V threaded_app: New input event: type=2
01-11 19:30:36.409  3757  4398 D InputReader: Input event(3): value=0 when=168725284435000
01-11 19:30:36.409  3757  4398 D InputReader: Input event(3): value=0 when=168725284435000
01-11 19:30:36.409  3757  4398 I InputReader: Touch event's action is 0x1 (deviceType=0) [pCnt=1, s=] when=168725284435000
01-11 19:30:36.410  3757  4397 I InputDispatcher: Delivering touch to (20514): action: 0x1, toolType: 1
01-11 19:30:36.411 20514 20535 V threaded_app: New input event: type=2
01-11 19:30:36.416  3237  3352 I APM_AudioPolicyManager: stopOutput() output 21, stream 3, session 56873
01-11 19:30:36.425 20514 20514 D ViewRootImpl@e972267[GameActivity]: ViewPostImeInputStage processPointer 1
01-11 19:30:36.941 20514 20724 I AudioTrack: Skip ramp
01-11 19:30:37.055  3237  3352 I APM_AudioPolicyManager: stopOutput() output 21, stream 3, session 56881
01-11 19:30:37.298  3757  4354 D SamsungAlarmManager: Expired : 8
01-11 19:30:37.299  3757  4354 I SamsungAlarmManager: setLocked to kernel - T:3 / 20190111T193041, SetElapsed=453680381, nowELAPSED=453676627
01-11 19:30:37.300  3757  4354 V SamsungAlarmManager: Sending to uid : 1000 action=com.android.server.action.UPDATE_TWILIGHT_STATE alarm=Alarm{9b49c51 type 1 when 600000 android}
01-11 19:30:37.312  3757  3757 D SamsungAlarmManager: Cancel Alarm calling from uid:1000 pid :3757 / op:PendingIntent{12d6cb6: PendingIntentRecord{33bba74 android broadcastIntent}}
01-11 19:30:37.318  3757  3757 D SamsungAlarmManager: setExact Intent (T:1/F:9/AC:false) 19691231T191000 - CU:1000/CP:3757
01-11 19:30:37.320  3757  3757 I SamsungAlarmManager: setLocked to kernel - T:3 / 20190111T193038, SetElapsed=453677640, nowELAPSED=453676647
01-11 19:30:37.914 19734 19748 I Finsky  : [5756] com.google.android.finsky.bn.an.run(6): Stats for Executor: BlockingExecutor com.google.android.finsky.bn.ao@67d37c7[Running, pool size = 3, active threads = 0, queued tasks = 0, completed tasks = 9]
01-11 19:30:37.915 19734 19748 I Finsky  : [5756] com.google.android.finsky.bn.an.run(6): Stats for Executor: LightweightExecutor com.google.android.finsky.bn.ao@53991f4[Running, pool size = 4, active threads = 0, queued tasks = 0, completed tasks = 56]
01-11 19:30:38.117 19734 19748 I Finsky  : [5756] com.google.android.finsky.bn.an.run(6): Stats for Executor: bgExecutor com.google.android.finsky.bn.ao@ab3ad1d[Running, pool size = 4, active threads = 0, queued tasks = 0, completed tasks = 10]
01-11 19:30:38.121 19734 19748 I Finsky  : [5756] com.google.android.finsky.bn.an.run(6): Stats for Executor: SimChangeExecutor com.google.android.finsky.bn.ao@eadbb92[Running, pool size = 1, active threads = 1, queued tasks = 4, completed tasks = 0]
01-11 19:30:38.292 19734 19748 I Finsky  : [5756] com.google.android.finsky.bn.an.run(6): Stats for Executor: Db-xternal_referrer_status.db com.google.android.finsky.bn.ao@40b8963[Running, pool size = 0, active threads = 0, queued tasks = 0, completed tasks = 1]
01-11 19:30:38.312  3757  4354 D SamsungAlarmManager: Expired : 8
01-11 19:30:38.313  3757  4354 I SamsungAlarmManager: setLocked to kernel - T:3 / 20190111T193041, SetElapsed=453680381, nowELAPSED=453677641
01-11 19:30:38.316  3757  4354 V SamsungAlarmManager: Sending to uid : 1000 action=com.android.server.action.UPDATE_TWILIGHT_STATE alarm=Alarm{23aedb7 type 1 when 600000 android}
01-11 19:30:38.325 19734 19748 I Finsky  : [5756] com.google.android.finsky.bn.an.run(6): Stats for Executor: Db-split_install_service com.google.android.finsky.bn.ao@257d960[Running, pool size = 0, active threads = 0, queued tasks = 0, completed tasks = 5]
01-11 19:30:38.327  3757  3757 D SamsungAlarmManager: Cancel Alarm calling from uid:1000 pid :3757 / op:PendingIntent{a0f2924: PendingIntentRecord{33bba74 android broadcastIntent}}
01-11 19:30:38.334  3757  3757 D SamsungAlarmManager: setExact Intent (T:1/F:9/AC:false) 19691231T191000 - CU:1000/CP:3757
01-11 19:30:38.335  3757  3757 I SamsungAlarmManager: setLocked to kernel - T:3 / 20190111T193039, SetElapsed=453678655, nowELAPSED=453677663
01-11 19:30:38.338 19734 19748 I Finsky  : [5756] com.google.android.finsky.bn.an.run(6): Stats for Executor: SplitInstallBackgroundThread com.google.android.finsky.bn.ao@3e2fe19[Running, pool size = 0, active threads = 0, queued tasks = 0, completed tasks = 1]
01-11 19:30:38.374 19734 19748 I Finsky  : [5756] com.google.android.finsky.bn.an.run(6): Stats for Executor: StorageAwareDownloadServiceManagerSpaceChecker com.google.android.finsky.bn.ao@167fede[Running, pool size = 0, active threads = 0, queued tasks = 0, completed tasks = 0]
01-11 19:30:38.641 19734 19748 I Finsky  : [5756] com.google.android.finsky.bn.an.run(6): Stats for Executor: Db-scheduler com.google.android.finsky.bn.ao@6a358bf[Running, pool size = 0, active threads = 0, queued tasks = 0, completed tasks = 11]
01-11 19:30:38.668 19734 19748 I Finsky  : [5756] com.google.android.finsky.bn.an.run(6): Stats for Executor: Db-frosting.db com.google.android.finsky.bn.ao@b512b8c[Running, pool size = 0, active threads = 0, queued tasks = 0, completed tasks = 3]
01-11 19:30:38.671 19734 19748 I Finsky  : [5756] com.google.android.finsky.bn.an.run(6): Stats for Executor: Db-notification_cache com.google.android.finsky.bn.ao@71c62d5[Running, pool size = 0, active threads = 0, queued tasks = 0, completed tasks = 4]
01-11 19:30:38.697  3757  4398 D InputReader: Input event(3): value=1 when=168727572148000
01-11 19:30:38.697  3757  4398 D InputReader: Input event(3): value=1 when=168727572148000
01-11 19:30:38.697  3757  4398 I InputReader: Touch event's action is 0x0 (deviceType=0) [pCnt=1, s=0.19074 ] when=168727572148000
01-11 19:30:38.699 20514 20535 V threaded_app: New input event: type=2
01-11 19:30:38.699  3757  4397 I InputDispatcher: Delivering touch to (20514): action: 0x0, toolType: 1
01-11 19:30:38.704 20514 20514 D ViewRootImpl@e972267[GameActivity]: ViewPostImeInputStage processPointer 0
01-11 19:30:38.723 20514 20535 V threaded_app: New input event: type=2
01-11 19:30:38.743 20514 20535 V threaded_app: New input event: type=2
01-11 19:30:38.756 20514 20535 V threaded_app: New input event: type=2
01-11 19:30:38.771  3757  4398 D InputReader: Input event(3): value=0 when=168727647124000
01-11 19:30:38.771  3757  4398 D InputReader: Input event(3): value=0 when=168727647124000
01-11 19:30:38.771  3757  4398 I InputReader: Touch event's action is 0x1 (deviceType=0) [pCnt=1, s=] when=168727647124000
01-11 19:30:38.772  3757  4397 I InputDispatcher: Delivering touch to (20514): action: 0x1, toolType: 1
01-11 19:30:38.775 20514 20535 V threaded_app: New input event: type=2
01-11 19:30:38.778 20514 20535 V threaded_app: New input event: type=2
01-11 19:30:38.781 20514 20514 D ViewRootImpl@e972267[GameActivity]: ViewPostImeInputStage processPointer 1
01-11 19:30:38.803 20514 20636 I libOpenSLES: Emulating old channel mask behavior (ignoring positional mask 0x3, using default mask 0x3 based on channel count of 2)
01-11 19:30:38.804 20514 20636 W AudioTrack: AUDIO_OUTPUT_FLAG_FAST denied by client; transfer 1, track 44100 Hz, output 48000 Hz
01-11 19:30:38.805  3237 22865 I AudioFlinger: add dynamic flag, can move to deep thread, session 56889
01-11 19:30:38.806 20514 20636 D AudioTrack: Client defaulted notificationFrames to 590 for frameCount 1772
01-11 19:30:38.807 20514 20636 I AudioTrack: This process already got info. FadeIn[0] FadeOut[0] FadeInRing[0]
01-11 19:30:38.808  3237 22864 W AudioPolicyIntefaceImpl: Skipped to add effects on session 56889
01-11 19:30:38.808  3237 22864 I APM_AudioPolicyManager: startOutput() output 21, stream 3, session 56889
01-11 19:30:38.809 20514 20729 I AudioTrack: Skip ramp
01-11 19:30:38.815  3237  3477 I AudioMixer: create resampler src 44100, 2, dst 48000, 2, q 8
01-11 19:30:38.816  3237  3477 D SoundAliveResampler: [SoundAliveResampler] Init+++
01-11 19:30:38.935  3237  3352 I APM_AudioPolicyManager: stopOutput() output 21, stream 3, session 56889
01-11 19:30:38.967  3757  4458 D WifiStateMachine: Current network is: "wilkinson2.4" , ID is: 30
01-11 19:30:38.967  3757  4458 I WifiStateMachine: IMS calling, current network is always qualified
01-11 19:30:39.231 19734 19748 I Finsky  : [5756] com.google.android.finsky.bn.an.run(6): Stats for Executor: InstallQueueDatabaseManager com.google.android.finsky.bn.ao@2f12aea[Running, pool size = 0, active threads = 0, queued tasks = 0, completed tasks = 7]
01-11 19:30:39.327  3757  4354 D SamsungAlarmManager: Expired : 8
01-11 19:30:39.328  3757  4354 I SamsungAlarmManager: setLocked to kernel - T:3 / 20190111T193041, SetElapsed=453680381, nowELAPSED=453678656
01-11 19:30:39.328  3757  4354 V SamsungAlarmManager: Sending to uid : 1000 action=com.android.server.action.UPDATE_TWILIGHT_STATE alarm=Alarm{cd5ac8d type 1 when 600000 android}
01-11 19:30:39.335  3757  3757 D SamsungAlarmManager: Cancel Alarm calling from uid:1000 pid :3757 / op:PendingIntent{39b9e42: PendingIntentRecord{33bba74 android broadcastIntent}}
01-11 19:30:39.347  3757  3757 D SamsungAlarmManager: setExact Intent (T:1/F:9/AC:false) 19691231T191000 - CU:1000/CP:3757
01-11 19:30:39.347  3757  3757 I SamsungAlarmManager: setLocked to kernel - T:3 / 20190111T193040, SetElapsed=453679663, nowELAPSED=453678675
01-11 19:30:39.400  5689  5689 D io_stats: !@   8,0 r 1956093 59434748 w 1948165 44024340 d 315493 23225072 f 508911 508785 iot 3104000 1736519 th 61440 61440 43080 pt 9550 inp 0 0 168728.275
01-11 19:30:39.448 19734 19748 I Finsky  : [5756] com.google.android.finsky.bn.an.run(6): Stats for Executor: InstallBackgroundThread com.google.android.finsky.bn.ao@6bec1db[Running, pool size = 0, active threads = 0, queued tasks = 0, completed tasks = 0]
01-11 19:30:39.457 19734 19748 I Finsky  : [5756] com.google.android.finsky.bn.an.run(6): Stats for Executor: Db-install_service com.google.android.finsky.bn.ao@8ab7478[Running, pool size = 0, active threads = 0, queued tasks = 0, completed tasks = 0]
01-11 19:30:39.459 19734 19748 I Finsky  : [5756] com.google.android.finsky.bn.an.run(6): Stats for Executor: InstallBackgroundThread com.google.android.finsky.bn.ao@b4d5751[Running, pool size = 0, active threads = 0, queued tasks = 0, completed tasks = 0]
01-11 19:30:39.507 20514 20537 D UE4     : Used memory: 231784
01-11 19:30:39.566 19734 19748 I Finsky  : [5756] com.google.android.finsky.bn.an.run(6): Stats for Executor: Db-scheduler_logging_store.db com.google.android.finsky.bn.ao@a2f0bb6[Running, pool size = 0, active threads = 0, queued tasks = 0, completed tasks = 2]
01-11 19:30:39.913 20514 20534 D UE4     : [2019.01.12-00.30.39:913][652]LogNet: Browse: /Game/Maps/StackMap
01-11 19:30:39.923 20514 20534 D UE4     : [2019.01.12-00.30.39:923][652]LogLoad: LoadMap: /Game/Maps/StackMap
01-11 19:30:40.015  3237  3352 I APM_AudioPolicyManager: stopOutput() output 21, stream 3, session 56841
01-11 19:30:40.030 20514 20534 D UE4     : [2019.01.12-00.30.40:030][652]LogStreaming: Display: Flushing async loaders.
01-11 19:30:40.072  3757  5901 D BatteryService: !@BatteryListener : batteryPropertiesChanged!
01-11 19:30:40.073  3757  5901 D BatteryService: level:67, scale:100, status:2, health:2, present:true, voltage: 4054, temperature: 273, technology: Li-ion, AC powered:false, USB powered:true, POGO powered:false, Wireless powered:false, icon:17303694, invalid charger:0, maxChargingCurrent:0, maxChargingVoltage:0, chargeCounter:0
01-11 19:30:40.073  3757  5901 D BatteryService: online:6, current avg:509, charge type:1, power sharing:false, high voltage charger:false, capacity:280000, batterySWSelfDischarging:false, misc_event:0, current_now:511
01-11 19:30:40.074  3757  3757 D BatteryService: Sending ACTION_BATTERY_CHANGED.
01-11 19:30:40.078  3757  3757 V UiModeManager: updateLocked: null action, mDockState=0, category=null
01-11 19:30:40.078  3757  3757 D UiModeManager: updateConfigurationLocked: mDockState=0; mCarMode=false; mNightMode=1; uiMode=17
01-11 19:30:40.079  3757  3757 D GameManagerService: new battery level: 67
01-11 19:30:40.081  4616  4616 D KeyguardUpdateMonitor: received broadcast android.intent.action.BATTERY_CHANGED
01-11 19:30:40.083  4616  4616 D PowerUI : priorPlugType = 2 mPlugType =  2
01-11 19:30:40.085  4616  4616 D PowerUI.Notification: showChargingNotice oldChargingType : 1 currentChargingType : 1 oldChargingTime : 4729000 mChargingTime : 4718000
01-11 19:30:40.085  4616  4616 D PowerUI.Notification: showChargingNotification()
01-11 19:30:40.087  5024  5024 D PhoneApp: PhoneAppBroadcastReceiver onReceive android.intent.action.BATTERY_CHANGED
01-11 19:30:40.088  5024  5024 D TelephonyExtensionManager: lowBatterySound - isLowBatterySoundScheduled: false
01-11 19:30:40.088  5024  5024 D TelephonyExtensionManager: lowBatterySound - isPlayNow: false
01-11 19:30:40.088  5024  5024 D TelephonyExtensionManager: isSpeakerON - true
01-11 19:30:40.096 20514 20514 D UE4     : Battery: status = 2, rawlevel = 67, scale = 100
01-11 19:30:40.096 20514 20514 D UE4     : nativeBatteryEvent(stat = 2, lvl = 67  temp = 27.30 C)
01-11 19:30:40.099  5024  5024 D TelephonyExtensionManager: lowBatterySound - batteryStatus: 2
01-11 19:30:40.099  5024  5024 D TelephonyExtensionManager: lowBatterySound - batteryLevel: 67
01-11 19:30:40.099  5024  5024 D TelephonyExtensionManager: lowBatterySound - cancel
01-11 19:30:40.099  3757 29841 D SamsungAlarmManager: Cancel Alarm calling from uid:1001 pid :5024 / op:PendingIntent{c86ae53: PendingIntentRecord{a39a255 com.android.phone broadcastIntent}}
01-11 19:30:40.100  5024  5024 D TelephonyExtension: Not stopping low battery tone
01-11 19:30:40.100  3757  7203 D ApplicationPolicy: isStatusBarNotificationAllowedAsUser: packageName = com.android.systemui,userId = -1
01-11 19:30:40.101  4616  4616 D KeyguardUpdateMonitor: handleBatteryUpdate
01-11 19:30:40.103  4616  4616 D BatteryMeterDrawable: isSomethingChanged - false
01-11 19:30:40.103  4616  4616 D BatteryMeterDrawable: isSomethingChanged - false
01-11 19:30:40.107  4616  4616 D Tile.FlashlightTile: ACTION_BATTERY_CHANGED - Level :: 67, emEnabled :: false
01-11 19:30:40.148  4616  4616 D KeyguardServiceBoxContainer: updateCMAS() hasCmasNotification = false, mHasCMAS = false
01-11 19:30:40.335  3757  4354 D SamsungAlarmManager: Expired : 8
01-11 19:30:40.336  3757  4354 I SamsungAlarmManager: setLocked to kernel - T:3 / 20190111T193041, SetElapsed=453680381, nowELAPSED=453679664
01-11 19:30:40.337  3757  4354 V SamsungAlarmManager: Sending to uid : 1000 action=com.android.server.action.UPDATE_TWILIGHT_STATE alarm=Alarm{5a7b390 type 1 when 600000 android}
01-11 19:30:40.344 20514 20534 D UE4     : [2019.01.12-00.30.40:344][652]LogAIModule: Creating AISystem for world StackMap
01-11 19:30:40.345 20514 20534 D UE4     : [2019.01.12-00.30.40:345][652]LogLoad: Game class is 'GameModeBase'
01-11 19:30:40.345  3757  3757 D SamsungAlarmManager: Cancel Alarm calling from uid:1000 pid :3757 / op:PendingIntent{27d8489: PendingIntentRecord{33bba74 android broadcastIntent}}
01-11 19:30:40.349 20514 20534 D UE4     : [2019.01.12-00.30.40:349][652]LogWorld: Bringing World /Game/Maps/StackMap.StackMap up for play (max tick rate 0) at 2019.01.11-19.30.40
01-11 19:30:40.350 20514 20534 D UE4     : [2019.01.12-00.30.40:350][652]LogWorld: Bringing up level for play took: 0.002464
01-11 19:30:40.350 20514 20534 D UE4     : [2019.01.12-00.30.40:350][652]LogOnlineIdentity: Display: OSS: FOnlineIdentityGooglePlay::GetPlayerNickname
01-11 19:30:40.351 20514 20534 D UE4     : [2019.01.12-00.30.40:351][652]LogGameMode: FindPlayerStart: PATHS NOT DEFINED or NO PLAYERSTART with positive rating
01-11 19:30:40.353  3757  3757 D SamsungAlarmManager: setExact Intent (T:1/F:9/AC:false) 19691231T191000 - CU:1000/CP:3757
01-11 19:30:40.376 20514 20534 D UE4     : [2019.01.12-00.30.40:376][652]LogUMG: Display: Widget Class GameStartMenu_C - Loaded Fast Template.
01-11 19:30:40.379 20514 20534 D UE4     : [2019.01.12-00.30.40:379][652]LogPlayerController: Error: InputMode:UIOnly - Attempting to focus Non-Focusable widget SObjectWidget [Widget.cpp(710)]!
01-11 19:30:40.382 20514 20534 D UE4     : [2019.01.12-00.30.40:382][652]LogLoad: Took 0.458592 seconds to LoadMap(/Game/Maps/StackMap)
01-11 19:30:40.387 20514 20534 D UE4     : [2019.01.12-00.30.40:387][652]LogSlate: Took 0.000414 seconds to synchronously load lazily loaded font '../../../Engine/Content/EngineFonts/Faces/DroidSansMono.ufont' (77K)
01-11 19:30:40.404 20514 20534 D UE4     : [2019.01.12-00.30.40:404][653]LogSlate: Took 0.000448 seconds to synchronously load lazily loaded font '../../../Engine/Content/EngineFonts/Faces/DroidSansMono.ufont' (77K)
01-11 19:30:40.621  3757  9599 D SSRM:t  : SIOP:: AP = 380, PST = 329 (W:10), CP = 233, CUR = 578, LCD = 119
01-11 19:30:40.625  3757  9599 D ConnectivityService: filterNetworkStateForUid() uid: 1000 networkInfo: [type: WIFI[] - WIFI, state: CONNECTED/CONNECTED, reason: (unspecified), extra: "wilkinson2.4", failover: false, available: true, roaming: false, metered: false]
01-11 19:30:41.053  3757  4354 D SamsungAlarmManager: Expired : 8
01-11 19:30:41.055  3757  4354 I SamsungAlarmManager: setLocked to kernel - T:3 / 20190111T193041, SetElapsed=453680673, nowELAPSED=453680382
01-11 19:30:41.055  3757  4354 V SamsungAlarmManager: Sending to uid : 10059 action=null alarm=Alarm{8c95c8e type 3 when 453680381 com.asurion.android.verizon.vms}
01-11 19:30:41.067  3757  4354 D CompatibilityInfo: mCompatibilityFlags - 0
01-11 19:30:41.067  3757  4354 D CompatibilityInfo: applicationDensity - 420
01-11 19:30:41.068  3757  4354 D CompatibilityInfo: applicationScale - 1.0
01-11 19:30:41.104  3757 10496 D SamsungAlarmManager: setExact Intent (T:3/F:5/AC:false) 20190111T193046 - CU:10059/CP:15240
01-11 19:30:41.346  3757  4354 D SamsungAlarmManager: Expired : 8
01-11 19:30:41.348  3757  4354 I SamsungAlarmManager: setLocked to kernel - T:3 / 20190111T193044, SetElapsed=453684287, nowELAPSED=453680676
01-11 19:30:41.352  3757  4354 V SamsungAlarmManager: Sending to uid : 1000 action=com.android.server.action.UPDATE_TWILIGHT_STATE alarm=Alarm{dfc78bc type 1 when 600000 android}
01-11 19:30:41.372  3757  3757 D SamsungAlarmManager: Cancel Alarm calling from uid:1000 pid :3757 / op:PendingIntent{eb0e045: PendingIntentRecord{33bba74 android broadcastIntent}}
01-11 19:30:41.381  3757  3757 D SamsungAlarmManager: setExact Intent (T:1/F:9/AC:false) 19691231T191000 - CU:1000/CP:3757
01-11 19:30:41.382  3757  3757 I SamsungAlarmManager: setLocked to kernel - T:3 / 20190111T193042, SetElapsed=453681700, nowELAPSED=453680709
01-11 19:30:41.492 20514 20636 I libOpenSLES: Emulating old channel mask behavior (ignoring positional mask 0x3, using default mask 0x3 based on channel count of 2)
01-11 19:30:41.494 20514 20636 W AudioTrack: AUDIO_OUTPUT_FLAG_FAST denied by client; transfer 1, track 44100 Hz, output 48000 Hz
01-11 19:30:41.498  3237 27701 I AudioFlinger: add dynamic flag, can move to deep thread, session 56897
01-11 19:30:41.503 20514 20636 D AudioTrack: Client defaulted notificationFrames to 590 for frameCount 1772
01-11 19:30:41.505 20514 20636 I AudioTrack: This process already got info. FadeIn[0] FadeOut[0] FadeInRing[0]
01-11 19:30:41.506  3237  3237 W AudioPolicyIntefaceImpl: Skipped to add effects on session 56897
01-11 19:30:41.506  3237  3237 I APM_AudioPolicyManager: startOutput() output 21, stream 3, session 56897
01-11 19:30:41.513  3237  3477 D audio_hw_primary: out_set_parameters: enter: kvpairs: routing=2
01-11 19:30:41.513  3237  3477 I audio_hw_primary: out_set_parameters adev->out_device:2
01-11 19:30:41.513  3237  3477 I audio_hw_primary: is_voice_wakeup : ret =  0  , wakeup_baby_cry_enabled = 0  ,  wakeup_mic_enabled = 0 
01-11 19:30:41.513  3237  3477 V audio_hw_primary: select_devices output_scenario:0 input_scenario:28 out_snd_device 0x2 in_snd_device:0xb
01-11 19:30:41.513  3237  3477 I audio_hw_primary: select_devices - do not update mixer_path
01-11 19:30:41.513  3237  3477 D AudioFlinger: setCurDevice() 0x2
01-11 19:30:41.546  3237  3477 I AudioMixer: create resampler src 44100, 2, dst 48000, 2, q 8
01-11 19:30:41.546  3237  3477 D SoundAliveResampler: [SoundAliveResampler] Init+++
01-11 19:30:41.986  3757  4458 D WifiStateMachine: Current network is: "wilkinson2.4" , ID is: 30
01-11 19:30:41.986  3757  4458 I WifiStateMachine: IMS calling, current network is always qualified
01-11 19:30:42.225  3757  4398 D InputReader: Input event(3): value=1 when=168731100245000
01-11 19:30:42.225  3757  4398 D InputReader: Input event(3): value=1 when=168731100245000
01-11 19:30:42.225  3757  4398 I InputReader: Touch event's action is 0x0 (deviceType=0) [pCnt=1, s=0.19075 ] when=168731100245000
01-11 19:30:42.226  3757  4397 I InputDispatcher: Delivering touch to (20514): action: 0x0, toolType: 1
01-11 19:30:42.227 20514 20535 V threaded_app: New input event: type=2
01-11 19:30:42.230 20514 20534 D UE4     : [2019.01.12-00.30.42:229][730]LogSlate: FSceneViewport::OnFocusLost() reason 0
01-11 19:30:42.230 20514 20514 D ViewRootImpl@e972267[GameActivity]: ViewPostImeInputStage processPointer 0
01-11 19:30:42.252 20514 20535 V threaded_app: New input event: type=2
01-11 19:30:42.274 20514 20535 V threaded_app: New input event: type=2
01-11 19:30:42.282 20514 20535 V threaded_app: New input event: type=2
01-11 19:30:42.302 20514 20535 V threaded_app: New input event: type=2
01-11 19:30:42.313 20514 20535 V threaded_app: New input event: type=2
01-11 19:30:42.330 20514 20535 V threaded_app: New input event: type=2
01-11 19:30:42.343  3757  4398 D InputReader: Input event(3): value=0 when=168731218766000
01-11 19:30:42.343  3757  4398 D InputReader: Input event(3): value=0 when=168731218766000
01-11 19:30:42.343  3757  4398 I InputReader: Touch event's action is 0x1 (deviceType=0) [pCnt=1, s=] when=168731218766000
01-11 19:30:42.344  3757  4397 I InputDispatcher: Delivering touch to (20514): action: 0x1, toolType: 1
01-11 19:30:42.346 20514 20535 V threaded_app: New input event: type=2
01-11 19:30:42.348 20514 20514 D ViewRootImpl@e972267[GameActivity]: ViewPostImeInputStage processPointer 1
01-11 19:30:42.353 20514 20534 D UE4     : [2019.01.12-00.30.42:353][735]Closing by request
01-11 19:30:42.354 20514 20534 D UE4     : [2019.01.12-00.30.42:353][735]LogWindows: FAndroidMisc::RequestExit(0)
01-11 19:30:42.357 20514 20636 I libOpenSLES: Emulating old channel mask behavior (ignoring positional mask 0x3, using default mask 0x3 based on channel count of 2)
01-11 19:30:42.357 20514 20636 W AudioTrack: AUDIO_OUTPUT_FLAG_FAST denied by client; transfer 1, track 44100 Hz, output 48000 Hz
01-11 19:30:42.358  3237 22865 I AudioFlinger: add dynamic flag, can move to deep thread, session 56905
01-11 19:30:42.358 20514 20636 D AudioTrack: Client defaulted notificationFrames to 590 for frameCount 1772
01-11 19:30:42.359 20514 20636 I AudioTrack: This process already got info. FadeIn[0] FadeOut[0] FadeInRing[0]
01-11 19:30:42.360  3237  3813 W AudioPolicyIntefaceImpl: Skipped to add effects on session 56905
01-11 19:30:42.360  3237  3813 I APM_AudioPolicyManager: startOutput() output 21, stream 3, session 56905
01-11 19:30:42.361 20514 20534 D UE4     : [2019.01.12-00.30.42:360][736]LogAndroid: Exiting
01-11 19:30:42.361 20514 20739 I AudioTrack: Skip ramp
01-11 19:30:42.367  3237  3477 I AudioMixer: create resampler src 44100, 2, dst 48000, 2, q 8
01-11 19:30:42.368  3237  3477 D SoundAliveResampler: [SoundAliveResampler] Init+++
01-11 19:30:42.372  3757  4354 D SamsungAlarmManager: Expired : 8
01-11 19:30:42.373  3757  4354 I SamsungAlarmManager: setLocked to kernel - T:3 / 20190111T193044, SetElapsed=453684287, nowELAPSED=453681701
01-11 19:30:42.375  3757  4354 V SamsungAlarmManager: Sending to uid : 1000 action=com.android.server.action.UPDATE_TWILIGHT_STATE alarm=Alarm{2b39a type 1 when 600000 android}
01-11 19:30:42.383 20514 20636 D UE4     : *** JavaEnvDestructor: 20636
01-11 19:30:42.384  3757  3757 D SamsungAlarmManager: Cancel Alarm calling from uid:1000 pid :3757 / op:PendingIntent{6fb94cb: PendingIntentRecord{33bba74 android broadcastIntent}}
01-11 19:30:42.388 20514 20534 I AudioTrack: Skip ramp
01-11 19:30:42.390  3757  3757 D SamsungAlarmManager: setExact Intent (T:1/F:9/AC:false) 19691231T191000 - CU:1000/CP:3757
01-11 19:30:42.390 20514 20534 D UE4     : [2019.01.12-00.30.42:390][736]LogAndroidAudio: Warning: OpenSLES Tearing Down HW
01-11 19:30:42.391  3757  3757 I SamsungAlarmManager: setLocked to kernel - T:3 / 20190111T193043, SetElapsed=453682712, nowELAPSED=453681719
01-11 19:30:42.404 20514 20534 D UE4     : [2019.01.12-00.30.42:404][736]LogSlate: Request Window 'Infinity Stack (32-bit Development GLSL_ES2) ' being destroyed
01-11 19:30:42.406 20514 20657 D UE4     : *** JavaEnvDestructor: 20657
01-11 19:30:42.407 20514 20656 D UE4     : AndroidEGL::ResetDisplay()
01-11 19:30:42.407 20514 20656 D UE4     : *** JavaEnvDestructor: 20656
01-11 19:30:42.412 20514 20534 D UE4     : [2019.01.12-00.30.42:412][736]LogSlate: Window 'Infinity Stack (32-bit Development GLSL_ES2) ' being destroyed
01-11 19:30:42.417 20514 20534 D UE4     : [2019.01.12-00.30.42:417][736]LogSlate: Slate User Destroyed.  User Index 0, Is Virtual User: 0
01-11 19:30:42.424 20514 20741 D UE4     : *** JavaEnvDestructor: 20741
01-11 19:30:42.425 20514 20740 D UE4     : AndroidEGL::ResetDisplay()
01-11 19:30:42.425 20514 20740 D UE4     : *** JavaEnvDestructor: 20740
01-11 19:30:42.437 20514 20534 D UE4     : AndroidEGL::ResetDisplay()
01-11 19:30:42.468 20514 20534 D UE4     : AndroidEGL::DestroySurface()
01-11 19:30:42.471 20514 20534 D UE4     : [2019.01.12-00.30.42:471][736]LogMoviePlayer: Shutting down movie player
01-11 19:30:42.472 20514 20564 D UE4     : *** JavaEnvDestructor: 20564
01-11 19:30:42.472 20514 20555 D UE4     : *** JavaEnvDestructor: 20555
01-11 19:30:42.472 20514 20557 D UE4     : *** JavaEnvDestructor: 20557
01-11 19:30:42.472 20514 20556 D UE4     : *** JavaEnvDestructor: 20556
01-11 19:30:42.472 20514 20562 D UE4     : *** JavaEnvDestructor: 20562
01-11 19:30:42.472 20514 20563 D UE4     : *** JavaEnvDestructor: 20563
01-11 19:30:42.473 20514 20561 D UE4     : *** JavaEnvDestructor: 20561
01-11 19:30:42.473 20514 20559 D UE4     : *** JavaEnvDestructor: 20559
01-11 19:30:42.473 20514 20558 D UE4     : *** JavaEnvDestructor: 20558
01-11 19:30:42.473 20514 20560 D UE4     : *** JavaEnvDestructor: 20560
01-11 19:30:42.473 20514 20553 D UE4     : *** JavaEnvDestructor: 20553
01-11 19:30:42.473 20514 20552 D UE4     : *** JavaEnvDestructor: 20552
01-11 19:30:42.473 20514 20554 D UE4     : *** JavaEnvDestructor: 20554
01-11 19:30:42.475 20514 20534 D UE4     : [2019.01.12-00.30.42:475][736]LogAndroid: Exiting is over
01-11 19:30:42.475 20514 20534 D UE4     : [2019.01.12-00.30.42:475][736]LogWindows: FAndroidMisc::RequestExit(1)
01-11 19:30:42.478  3237  3352 I APM_AudioPolicyManager: stopOutput() output 21, stream 3, session 56905
01-11 19:30:42.478  3237  3352 I APM_AudioPolicyManager: stopOutput() output 21, stream 3, session 56897
01-11 19:30:42.485 20514 20534 I art     : System.exit called, status: 0
01-11 19:30:42.485 20514 20534 I AndroidRuntime: VM exiting with result code 0, cleanup skipped.
01-11 19:30:42.653  3757  5901 D GraphicsStats: Buffer count: 8
01-11 19:30:42.654  3757 32083 D InputTransport: Input channel destroyed: fd=532
01-11 19:30:42.654  3757  3770 I ActivityManager: Process com.GeekTechnique.InfinityStack (pid 20514) has died(200,1773)
01-11 19:30:42.655  3757  3770 D ActivityManager: cleanUpApplicationRecord -- 20514
01-11 19:30:42.656  3757  4469 I WindowManager: WIN DEATH: Window{f9df70fd0 u0 com.GeekTechnique.InfinityStack/com.epicgames.ue4.GameActivity}
01-11 19:30:42.657  3757  4469 D WindowManager: disposeInputChannel mInputChannel: f9df70f com.GeekTechnique.InfinityStack/com.epicgames.ue4.GameActivity (server)
01-11 19:30:42.657  8465  8465 D InputTransport: Input channel destroyed: fd=64
01-11 19:30:42.658  3757  7202 I Sensors : Acc old sensor_state 19, new sensor_state : 18 en : 0
01-11 19:30:42.663  6011  6033 D ForegroundUtils: could not check pending caller
01-11 19:30:42.672  3757  3770 W ActivityManager: Force removing ActivityRecord{e9e8740d0 u0 com.GeekTechnique.InfinityStack/com.epicgames.ue4.GameActivity t513}: app died, no saved state
01-11 19:30:42.673  3757  7202 I Sensors : Mag old sensor_state 18, new sensor_state : 2 en : 0
01-11 19:30:42.673  3757  3770 W MultiScreenManagerService: moveTaskBackToDisplayIfNeeded(): root is not base activity
01-11 19:30:42.674  3757  3770 D GameManagerService: sem_perfomance_mode: 0
01-11 19:30:42.676  3757  4469 D InputDispatcher: Focus left window: 20514
01-11 19:30:42.676  3757  4469 D InputTransport: Input channel destroyed: fd=544
01-11 19:30:42.677  3757  4469 D InputTransport: Input channel constructed: fd=544
01-11 19:30:42.677  3757  4469 D InputTransport: Input channel constructed: fd=546
01-11 19:30:42.679  3757  4469 D WindowManager: openInputChannel mInputChannel: f9df70f com.GeekTechnique.InfinityStack/com.epicgames.ue4.GameActivity (server)
01-11 19:30:42.681  3757  4469 D InputDispatcher: Focus entered window: 20514
01-11 19:30:42.682  3757 29840 I WindowManager: WIN DEATH: Window{575d97ad0 u0 SurfaceView - com.GeekTechnique.InfinityStack/com.epicgames.ue4.GameActivity}
01-11 19:30:42.683  3757  7202 I Sensors : Gyro old sensor_state 2, new sensor_state : 0 en : 0
01-11 19:30:42.687  3757 29840 I WindowManager_SurfaceController: Destroying surface Surface(name=SurfaceView - com.GeekTechnique.InfinityStack/com.epicgames.ue4.GameActivity) called by com.android.server.wm.WindowStateAnimator.destroySurface:2907 com.android.server.wm.WindowStateAnimator.destroySurfaceLocked:1120 com.android.server.wm.WindowState.removeLocked:1864 com.android.server.wm.WindowManagerService.removeWindowInnerLocked:2934 com.android.server.wm.WindowManagerService.removeWindowLocked:2879 com.android.server.wm.WindowState$DeathRecipient.binderDied:2304 android.os.BinderProxy.sendDeathNotice:701 <bottom of call stack> 
01-11 19:30:42.688  3215  5562 I SurfaceFlinger: id=8806 Removed HameActivit (5/10)
