01-17 17:23:55.022  5010  5903 D OpenApiServiceModule: handleMessage: what 100
01-17 17:23:55.023  5010  5876 D SECIMSJ : [UNSL]< NOTIFY_PRESENCE_PUBLISH_STATUS
01-17 17:23:55.023  5010  5876 D StackIF : processNotify: id NOTIFY_PRESENCE_PUBLISH_STATUS
01-17 17:23:55.023  5010  5302 W System.err: java.io.FileNotFoundException: /efs/sec_efs/.otp_auth (No such file or directory)
01-17 17:23:55.024  5010  5302 W System.err: 	at java.io.FileInputStream.open(Native Method)
01-17 17:23:55.024  5010  5876 D SECIMSJ : [UNSL]< NOTIFY_ALARM_WAKE_UP
01-17 17:23:55.024  5010  5302 W System.err: 	at java.io.FileInputStream.<init>(FileInputStream.java:146)
01-17 17:23:55.024  5010  5876 D StackIF : processNotify: id NOTIFY_ALARM_WAKE_UP
01-17 17:23:55.024  5010  5302 W System.err: 	at java.io.FileInputStream.<init>(FileInputStream.java:99)
01-17 17:23:55.024  5010  5876 D ResipMiscHandler: onAlarmRequested: delay=1080000 id=16144
01-17 17:23:55.024  5010  5302 W System.err: 	at com.sec.internal.ims.config.Util.isOtpAuthorized(Util.java:295)
01-17 17:23:55.025  5010  5302 W System.err: 	at com.sec.internal.ims.imsservice.imslogger.ImsDiagnosticMonitorNotificationManager.allowedDmEvent(ImsDiagnosticMonitorNotificationManager.java:690)
01-17 17:23:55.025  5010  5302 W System.err: 	at com.sec.internal.ims.imsservice.imslogger.ImsDiagnosticMonitorNotificationManager.send(ImsDiagnosticMonitorNotificationManager.java:258)
01-17 17:23:55.025  5010  5302 W System.err: 	at com.sec.internal.ims.imsservice.imslogger.ImsDiagnosticMonitorNotificationManager$4.run(ImsDiagnosticMonitorNotificationManager.java:415)
01-17 17:23:55.025  5010  5302 W System.err: 	at android.os.Handler.handleCallback(Handler.java:751)
01-17 17:23:55.025  5010  5302 W System.err: 	at android.os.Handler.dispatchMessage(Handler.java:95)
01-17 17:23:55.025  5010  5302 W System.err: 	at android.os.Looper.loop(Looper.java:154)
01-17 17:23:55.025  5010  5302 W System.err: 	at android.os.HandlerThread.run(HandlerThread.java:61)
01-17 17:23:55.026  5010  5302 D ResipPresenceHandler: handleMessage(), EVENT_PRESENCE_NOTIFY.
01-17 17:23:55.026  5010  5302 D ResipPresenceHandler: handleNotify(), EVENT_PUBLISH_STATUS.
01-17 17:23:55.027  5010  5302 D ResipPresenceHandler: handlePublishStatusUpdate: PresenceResponse [mSuccess=true, mSipErrorCode=200, mError=null, mErrorPhrase=OK, mRetryTime=0]
01-17 17:23:55.028  5010  5903 D PresenceModule: handleMessage: msg 16
01-17 17:23:55.028  5010  5903 D PresenceModule: onPublishComplete: success true
01-17 17:23:55.028  5010  5302 D PreciseAlarmManager: sendMessageDelayed: 1080000, remaining timers:7
01-17 17:23:55.028  5010  5302 D PreciseAlarmManager: next the soonest timer: 3 from Handler (com.sec.internal.ims.imsservice.handler.secims.ResipMiscHandler) {2fd83f7} timeout=964483824 after msec=2515
01-17 17:23:55.029  5010  5876 D SECIMSJ : [UNSL]< NOTIFY_CANCEL_ALARM
01-17 17:23:55.029  5010  5876 D StackIF : processNotify: id NOTIFY_CANCEL_ALARM
01-17 17:23:55.029  5010  5876 D ResipMiscHandler: onAlarmCancelled: id=16142
01-17 17:23:55.033  5010  5876 D SECIMSJ : [UNSL]< NOTIFY_CANCEL_ALARM
01-17 17:23:55.033  5010  5903 E PresenceModule: stopBadEventTimer: BadEventExitTimer is not running.
01-17 17:23:55.033  5010  5876 D StackIF : processNotify: id NOTIFY_CANCEL_ALARM
01-17 17:23:55.033  5010  5903 D PresenceModule: mParalysed: false
01-17 17:23:55.033  5010  5876 D ResipMiscHandler: onAlarmCancelled: id=16143
01-17 17:23:55.033  5010  5903 D [IMSFW6]: PresenceModule: getEtag:-202620363 getExpireseTimer:1080
01-17 17:23:55.034  5010  5302 D AlarmTimer: start: PendingIntent{8a6b85: android.os.BinderProxy@2d8dbc9} millis 2510
01-17 17:23:55.036  3757  3770 D AudioService: getStreamVolume 3 index 120
01-17 17:23:55.044  5010  5903 D [IMSFW6]: PresenceModule: savePublishETag eTag:-202620363 expireTimer:1080
01-17 17:23:55.050  3757 31269 I SamsungAlarmManager: setLocked to kernel - T:2 / 20190117T172439, SetElapsed=964525362, nowELAPSED=964481331
01-17 17:23:55.052  3757 31269 D SamsungAlarmManager: setExact Intent (T:2/F:9/AC:false) 20190117T172357 - CU:1000/CP:5010
01-17 17:23:55.052  5010  5903 D [IMSFW6]: PresenceModule: savePublishTimestamp publish_timeout:1547763835052
01-17 17:23:55.052  3757 31269 I SamsungAlarmManager: setLocked to kernel - T:2 / 20190117T172357, SetElapsed=964483825, nowELAPSED=964481333
01-17 17:23:55.053  5010  5302 D PreciseAlarmManager: removeMessage: 3
01-17 17:23:55.053  5010  5302 D PreciseAlarmManager: next the soonest timer: 3 from Handler (com.sec.internal.ims.imsservice.handler.secims.ResipMiscHandler) {2fd83f7} timeout=964483824 after msec=2491
01-17 17:23:55.054  5010  5903 D PresenceModule: onPublishComplete(), isRefresh : true
01-17 17:23:55.055  5010  5302 D AlarmTimer: start: PendingIntent{5907dda: android.os.BinderProxy@2d8dbc9} millis 2489
01-17 17:23:55.062  5010  5903 D ImsSettingsProvider: match 15
01-17 17:23:55.062  5010  5903 D ImsSettingsProvider: query Uri[content://com.sec.ims.settings/nvstorage/omadm/], selection [null]
01-17 17:23:55.062  5010  5903 D NvStorage: query: omadm,[vzw_eab_publish_fail]
01-17 17:23:55.068  3757  4440 I SamsungAlarmManager: setLocked to kernel - T:2 / 20190117T172439, SetElapsed=964525362, nowELAPSED=964481349
01-17 17:23:55.070  3757  4440 D SamsungAlarmManager: setExact Intent (T:2/F:9/AC:false) 20190117T172357 - CU:1000/CP:5010
01-17 17:23:55.070  3757  4440 I SamsungAlarmManager: setLocked to kernel - T:2 / 20190117T172357, SetElapsed=964483825, nowELAPSED=964481351
01-17 17:23:55.071  5010  5302 D PreciseAlarmManager: removeMessage: 3
01-17 17:23:55.072  5010  5302 D PreciseAlarmManager: next the soonest timer: 3 from Handler (com.sec.internal.ims.imsservice.handler.secims.ResipMiscHandler) {2fd83f7} timeout=965561308 after msec=1079956
01-17 17:23:55.072  5010  5903 E PresenceModule: startPublishTimer: PublishTimer is already running. Stopping it.
01-17 17:23:55.072  5010  5903 D PresenceModule: stopPublishTimer:
01-17 17:23:55.072  5010  5903 D AlarmTimer: stop: PendingIntent{1098af6: android.os.BinderProxy@404129c}
01-17 17:23:55.073  5010  5302 D AlarmTimer: start: PendingIntent{57a320b: android.os.BinderProxy@2d8dbc9} millis 1079955
01-17 17:23:55.074  3757  5902 D SamsungAlarmManager: Cancel Alarm calling from uid:1000 pid :5010 / op:PendingIntent{9c2d0a7: PendingIntentRecord{b0dcf22 com.sec.imsservice broadcastIntent}}
01-17 17:23:55.086  3757  7201 I SamsungAlarmManager: setLocked to kernel - T:2 / 20190117T172439, SetElapsed=964525362, nowELAPSED=964481367
01-17 17:23:55.087  3757  7201 D SamsungAlarmManager: setExact Intent (T:2/F:9/AC:false) 20190117T174155 - CU:1000/CP:5010
01-17 17:23:55.099  5010  5903 D VzwStrategy: isExtendedPublishTimerCond: services: [ServiceTuple [feature=2048, tupleId=eJTFRr, serviceId=org.3gpp.urn:urn-7:3gpp-application.ims.iari.rcse.dp, version=1.0, description=VoLTE Capabilities Discovery, basicStatus=open, mediaCapabilities=null], ServiceTuple [feature=8192, tupleId=0hj0V7ET, serviceId=org.3gpp.urn:urn-7:3gpp-service.ims.icsi.mmtel, version=1.0, description=IPVideoCall, basicStatus=open, mediaCapabilities=[audio, video, duplex]]]
01-17 17:23:55.099  3757 29838 D AudioService: getStreamVolume 3 index 120
01-17 17:23:55.102  5010  5903 D PresenceModule: startPublishTimer: PublishTimer 1200 sec
01-17 17:23:55.104  5010  5903 D AlarmTimer: start: PendingIntent{fc8d8e8: android.os.BinderProxy@404129c} millis 1200000
01-17 17:23:55.112  3757  4473 D SamsungAlarmManager: setExact Intent (T:2/F:9/AC:false) 20190117T174355 - CU:1000/CP:5010
01-17 17:23:55.113  5010  5903 D CapabilityDiscModule: notifyEABServiceAdvertiseResult: error[200]
01-17 17:23:55.163  5024  5209 I System.out: Broadcasting: Intent { act=com.sec.android.LTE_WIDEBAND_INFO flg=0x10000000 launchParam=MultiScreenLaunchParams { mDisplayId=0 mFlags=0 } (has extras) }
01-17 17:23:55.169  4616  4823 D NetworkController: onReceive: intent=Intent { act=com.sec.android.LTE_WIDEBAND_INFO flg=0x10000010 launchParam=MultiScreenLaunchParams { mDisplayId=0 mFlags=0 } bqHint=0 (has extras) }
01-17 17:23:55.169  4616  4823 D NetworkController.MobileSignalController(0/1): LTE WIDEBAND : mCurrentState.isCAIndicator = true oldCAIndicator = true
01-17 17:23:55.171  5024  7823 I System.out: Broadcast completed: result=0
01-17 17:23:55.200  3757  5901 D AudioService: getStreamVolume 3 index 120
01-17 17:23:55.302  3757 32084 D AudioService: getStreamVolume 3 index 120
01-17 17:23:55.402  3757  2858 D AudioService: getStreamVolume 3 index 120
01-17 17:23:55.503  3757  2859 D AudioService: getStreamVolume 3 index 120
01-17 17:23:55.606  3757  4440 D AudioService: getStreamVolume 3 index 120
01-17 17:23:55.704  3757  7206 D AudioService: getStreamVolume 3 index 120
01-17 17:23:55.808  3757 29838 D AudioService: getStreamVolume 3 index 120
01-17 17:23:55.910  3757  4473 D AudioService: getStreamVolume 3 index 120
01-17 17:23:55.988  5689  5689 D io_stats: !@   8,0 r 4177062 124008492 w 3452685 76098960 d 524216 38114560 f 861545 861345 iot 5488650 3186313 th 61440 61440 43892 pt 10480 inp 0 0 307923.613
01-17 17:23:56.015  3757  7205 D AudioService: getStreamVolume 3 index 120
01-17 17:23:56.047  3757  4469 D AudioService: getStreamVolume 3 index 120
01-17 17:23:56.112  3757  7204 D AudioService: getStreamVolume 3 index 120
01-17 17:23:56.219  3757 31270 D AudioService: getStreamVolume 3 index 120
01-17 17:23:56.316  3757 32085 D AudioService: getStreamVolume 3 index 120
01-17 17:23:56.422  3757  2859 D AudioService: getStreamVolume 3 index 120
01-17 17:23:56.518  3757  5902 D AudioService: getStreamVolume 3 index 120
01-17 17:23:56.623  3757 29838 D AudioService: getStreamVolume 3 index 120
01-17 17:23:56.722  3757  7205 D AudioService: getStreamVolume 3 index 120
01-17 17:23:56.825  3757 29841 D AudioService: getStreamVolume 3 index 120
01-17 17:23:56.881  3757  4458 D WifiStateMachine: Current network is: "wilkinson2.4" , ID is: 30
01-17 17:23:56.881  3757  4458 I WifiStateMachine: IMS calling, current network is always qualified
01-17 17:23:56.926  3757  7204 D AudioService: getStreamVolume 3 index 120
01-17 17:23:57.028  3757  4482 D AudioService: getStreamVolume 3 index 120
01-17 17:23:57.050  3757 32084 D AudioService: getStreamVolume 3 index 120
01-17 17:23:57.127  3757 32085 D AudioService: getStreamVolume 3 index 120
01-17 17:23:57.231  3757  7202 D AudioService: getStreamVolume 3 index 120
01-17 17:23:57.232 12625 12646 D UE4     : Used memory: 219888
01-17 17:23:57.329  3757  7206 D AudioService: getStreamVolume 3 index 120
01-17 17:23:57.434  3757  5902 D AudioService: getStreamVolume 3 index 120
01-17 17:23:57.471  3232  3360 I reSIProcate: INFO | RESIP | StackThread.cxx:33 | StackThread start to process.
01-17 17:23:57.472  3232  3360 I reSIProcate: INFO | RESIP:TRANSACTION | TransactionState.cxx:924 | Found matching transaction for Timer: Timer E1 3000 -> tid=427336198a52ef07 [ ClientNonInvite/Completed unreliable target=[ V4 0.0.0.0:0 UNKNOWN_TRANSPORT target domain=unspecified mFlowKey=0 ] cport =0 ] mInterface= ] transportKey=0 ]]
01-17 17:23:57.472  3232  3360 I reSIProcate: INFO | RESIP:TRANSACTION | TransactionState.cxx:1065 | TransactionState::processClientNonInvite: Timer: Timer E1 3000
01-17 17:23:57.472  3232  3360 I reSIProcate: INFO | RESIP | StackThread.cxx:31 | StackThread wait time to select:14542
01-17 17:23:57.531  3757  7205 D AudioService: getStreamVolume 3 index 120
01-17 17:23:57.637  3757  5901 D AudioService: getStreamVolume 3 index 120
01-17 17:23:57.734  3757  3771 D AudioService: getStreamVolume 3 index 120
01-17 17:23:57.840  3757 29840 D AudioService: getStreamVolume 3 index 120
01-17 17:23:57.936  3757 32084 D AudioService: getStreamVolume 3 index 120
01-17 17:23:58.042  3757  7203 D AudioService: getStreamVolume 3 index 120
01-17 17:23:58.053  3757  3770 D AudioService: getStreamVolume 3 index 120
01-17 17:23:58.137  3757  2859 D AudioService: getStreamVolume 3 index 120
01-17 17:23:58.245  3757 32083 D AudioService: getStreamVolume 3 index 120
01-17 17:23:58.340  3757 10496 D AudioService: getStreamVolume 3 index 120
01-17 17:23:58.373  3757  9599 D SSRM:t  : SIOP:: AP = 430, PST = 405 (W:12), CP = 278, CUR = 560, LCD = 110
01-17 17:23:58.374  3757  9599 D ConnectivityService: filterNetworkStateForUid() uid: 1000 networkInfo: [type: WIFI[] - WIFI, state: CONNECTED/CONNECTED, reason: (unspecified), extra: "wilkinson2.4", failover: false, available: true, roaming: false, metered: false]
01-17 17:23:58.446  3757  7216 D AudioService: getStreamVolume 3 index 120
01-17 17:23:58.542  3757  5901 D AudioService: getStreamVolume 3 index 120
01-17 17:23:58.608  3757  4354 D SamsungAlarmManager: Expired : 8
01-17 17:23:58.618  3757  4354 I SamsungAlarmManager: setLocked to kernel - T:3 / 20190117T172359, SetElapsed=964486280, nowELAPSED=964484890
01-17 17:23:58.618  3757  4354 V SamsungAlarmManager: Sending to uid : 10059 action=null alarm=Alarm{bafe954 type 3 when 964484889 com.asurion.android.verizon.vms}
01-17 17:23:58.630  3757  4354 D CompatibilityInfo: mCompatibilityFlags - 0
01-17 17:23:58.630  3757  4354 D CompatibilityInfo: applicationDensity - 420
01-17 17:23:58.630  3757  4354 D CompatibilityInfo: applicationScale - 1.0
01-17 17:23:58.648  3757  2858 D AudioService: getStreamVolume 3 index 120
01-17 17:23:58.660  3757 32085 D SamsungAlarmManager: setExact Intent (T:3/F:5/AC:false) 20190117T172403 - CU:10059/CP:9342
01-17 17:23:58.744  3757  7202 D AudioService: getStreamVolume 3 index 120
01-17 17:23:58.850  3757 29842 D AudioService: getStreamVolume 3 index 120
01-17 17:23:58.946  3757  5063 D AudioService: getStreamVolume 3 index 120
01-17 17:23:59.053  3757  7206 D AudioService: getStreamVolume 3 index 120
01-17 17:23:59.054  3757  7201 D AudioService: getStreamVolume 3 index 120
01-17 17:23:59.148  3757 10496 D AudioService: getStreamVolume 3 index 120
01-17 17:23:59.258  3757  7205 D AudioService: getStreamVolume 3 index 120
01-17 17:23:59.350  3757  7204 D AudioService: getStreamVolume 3 index 120
01-17 17:23:59.462  3757 29842 D AudioService: getStreamVolume 3 index 120
01-17 17:23:59.553  3757  2859 D AudioService: getStreamVolume 3 index 120
01-17 17:23:59.664  3757  5063 D AudioService: getStreamVolume 3 index 120
01-17 17:23:59.754  3757 31269 D AudioService: getStreamVolume 3 index 120
01-17 17:23:59.866  3757  7201 D AudioService: getStreamVolume 3 index 120
01-17 17:23:59.897  3757  4458 D WifiStateMachine: Current network is: "wilkinson2.4" , ID is: 30
01-17 17:23:59.897  3757  4458 I WifiStateMachine: IMS calling, current network is always qualified
01-17 17:23:59.955  3757  6272 D AudioService: getStreamVolume 3 index 120
01-17 17:23:59.999  3757  4354 D SamsungAlarmManager: Expired : 8
01-17 17:24:00.000  3757  4354 I SamsungAlarmManager: setLocked to kernel - T:3 / 20190117T172403, SetElapsed=964489927, nowELAPSED=964486280
01-17 17:24:00.000  3757  4354 V SamsungAlarmManager: Sending to uid : 1000 action=android.intent.action.TIME_TICK alarm=Alarm{8751f2 type 3 when 964486280 android}
01-17 17:24:00.010  3757  3757 D SamsungAlarmManager: setExact Intent (T:3/F:1/AC:false) 20190117T172500 - CU:1000/CP:3757
01-17 17:24:00.012  4616  4616 D KeyguardUpdateMonitor: received broadcast android.intent.action.TIME_TICK
01-17 17:24:00.012  4616  4616 D KeyguardUpdateMonitor: handleTimeUpdate#start
01-17 17:24:00.013  4616  4616 I KeyguardClockPage: refreshTime(): DefaultSingle2016 hometime:America/New_York locale:en_US hasBG?false, Roaming:false
01-17 17:24:00.031  4616  4616 D KeyguardUpdateMonitor: handleTimeUpdate#end
01-17 17:24:00.032  4616  4616 D SystemUI_Clock: Clock received ACTION_TIME_TICK : start
01-17 17:24:00.035  4616  4616 D SystemUI_Clock: Clock received ACTION_TIME_TICK : end
01-17 17:24:00.044  4616  4616 D TextClock: TextClock received ACTION_TIME_TICK : start
01-17 17:24:00.047  4616  4616 D TextClock: TextClock received ACTION_TIME_TICK : end
01-17 17:24:00.050  4616  4616 D TextClock: TextClock received ACTION_TIME_TICK : start
01-17 17:24:00.052  4616  4616 D TextClock: TextClock received ACTION_TIME_TICK : end
01-17 17:24:00.058  3757  5902 D AudioService: getStreamVolume 3 index 120
01-17 17:24:00.067  4616  4616 D TextClock: TextClock received ACTION_TIME_TICK : start
01-17 17:24:00.068  4616  4616 D TextClock: TextClock received ACTION_TIME_TICK : end
01-17 17:24:00.070  3757  4473 D AudioService: getStreamVolume 3 index 120
01-17 17:24:00.071  4616  4616 V hong    : mid yDiff = 382
01-17 17:24:00.071  4616  4616 V hong    : mid yDiff = 382
01-17 17:24:00.082  4616  4616 D SystemUI_DateView: DateView received ACTION_TIME_TICK : start
01-17 17:24:00.082  4616  4616 D SystemUI_DateView: DateView received ACTION_TIME_TICK : end
01-17 17:24:00.084  4616  4616 V hong    : mid yDiff = 382
01-17 17:24:00.084  4616  4616 V hong    : mid yDiff = 382
01-17 17:24:00.089  4616  4616 D TextClock: TextClock received ACTION_TIME_TICK : start
01-17 17:24:00.089  4616  4616 D TextClock: TextClock received ACTION_TIME_TICK : end
01-17 17:24:00.096  4616  4616 D TextClock: TextClock received ACTION_TIME_TICK : start
01-17 17:24:00.096  4616  4616 D TextClock: TextClock received ACTION_TIME_TICK : end
01-17 17:24:00.106  6176  6176 D TextClock: TextClock received ACTION_TIME_TICK : start
01-17 17:24:00.106  6176  6176 D TextClock: TextClock received ACTION_TIME_TICK : end
01-17 17:24:00.111  6176  6176 D TextClock: TextClock received ACTION_TIME_TICK : start
01-17 17:24:00.111  6176  6176 D TextClock: TextClock received ACTION_TIME_TICK : end
01-17 17:24:00.116  6176  6176 D TextClock: TextClock received ACTION_TIME_TICK : start
01-17 17:24:00.117  6176  6176 D TextClock: TextClock received ACTION_TIME_TICK : end
01-17 17:24:00.119  6176  6176 D TextClock: TextClock received ACTION_TIME_TICK : start
01-17 17:24:00.121  6176  6176 D TextClock: TextClock received ACTION_TIME_TICK : end
01-17 17:24:00.127  6176  6176 V LauncherAppWidgetHostView: calculateWidgetSize: (target widgetsize)  using w/h 997 260 span 5 1 (widgetid 2) [current Gridsize : GRID_5x5]
01-17 17:24:00.127  6176  6176 D LauncherAppWidgetHostView: calculateWidgetSize() widget = Weather and Clock(widget id = 2) result hostview size = 1297 x 338
01-17 17:24:00.127  6176  6176 D LauncherAppWidgetHostView: setResizeScaleResult() 1297/ 338 scaleToResize = 0.76869696(widget id = 2)
01-17 17:24:00.129  6176  6176 V LauncherAppWidgetHostView: calculateWidgetSize: (target widgetsize)  using w/h 997 260 span 5 1 (widgetid 3) [current Gridsize : GRID_5x5]
01-17 17:24:00.129  6176  6176 D LauncherAppWidgetHostView: calculateWidgetSize() widget = Google(widget id = 3) result hostview size = 1297 x 338
01-17 17:24:00.129  6176  6176 D LauncherAppWidgetHostView: setResizeScaleResult() 1297/ 338 scaleToResize = 0.76869696(widget id = 3)
01-17 17:24:00.132  6176  6176 D TextClock: TextClock received ACTION_TIME_TICK : start
01-17 17:24:00.132  6176  6176 D TextClock: TextClock received ACTION_TIME_TICK : end
01-17 17:24:00.135  6176  6176 D TextClock: TextClock received ACTION_TIME_TICK : start
01-17 17:24:00.136  6176  6176 D TextClock: TextClock received ACTION_TIME_TICK : end
01-17 17:24:00.139  6176  6176 D TextClock: TextClock received ACTION_TIME_TICK : start
01-17 17:24:00.140  6176  6176 D TextClock: TextClock received ACTION_TIME_TICK : end
01-17 17:24:00.145  6176  6176 V LauncherAppWidgetHostView: calculateWidgetSize: (target widgetsize)  using w/h 997 260 span 5 1 (widgetid 2) [current Gridsize : GRID_5x5]
01-17 17:24:00.145  6176  6176 D LauncherAppWidgetHostView: calculateWidgetSize() widget = Weather and Clock(widget id = 2) result hostview size = 1297 x 338
01-17 17:24:00.145  6176  6176 D LauncherAppWidgetHostView: setResizeScaleResult() 1297/ 338 scaleToResize = 0.76869696(widget id = 2)
01-17 17:24:00.148  6176  6176 V LauncherAppWidgetHostView: calculateWidgetSize: (target widgetsize)  using w/h 997 260 span 5 1 (widgetid 3) [current Gridsize : GRID_5x5]
01-17 17:24:00.149  6176  6176 D LauncherAppWidgetHostView: calculateWidgetSize() widget = Google(widget id = 3) result hostview size = 1297 x 338
01-17 17:24:00.149  6176  6176 D LauncherAppWidgetHostView: setResizeScaleResult() 1297/ 338 scaleToResize = 0.76869696(widget id = 3)
01-17 17:24:00.152  6176  6176 D TextClock: TextClock received ACTION_TIME_TICK : start
01-17 17:24:00.153  6176  6176 D TextClock: TextClock received ACTION_TIME_TICK : end
01-17 17:24:00.154  6176  6176 D TextClock: TextClock received ACTION_TIME_TICK : start
01-17 17:24:00.155  6176  6176 D TextClock: TextClock received ACTION_TIME_TICK : end
01-17 17:24:00.157  3757 29841 D AudioService: getStreamVolume 3 index 120
01-17 17:24:00.161  4616  4616 D DateTimeView: DateTimeView received ACTION_TIME_TICK : start
01-17 17:24:00.165  4616  4616 D DateTimeView: DateTimeView received ACTION_TIME_TICK : end
01-17 17:24:00.169  9035  9035 D [WeatherWidget(15061)]  WeatherService: {[B73D43639EB27FAA34EF41A6129C1FA787B8DDA06B4FC8C3DFFF289A8228DE1D07957C4CB0877FB29CB85D37C68D39BF076A5D6720D2DA7CE46EF7EA2858EC07]}
01-17 17:24:00.171  9035  9035 D [WeatherWidget(15061)]  : {[3AE6950019B083611567B0F9442DB03E36B37708FCADB7FDDBA670B1362D994454BFFFDA2568816BBDDA6DD60F644DCF]}
01-17 17:24:00.172  9035  9035 D [WeatherWidget(15061)]  DB L2: {[610591C4E30FED4A153FF198DAC84EFEE3319B0D622FD4A19809E90ED3C1398368D658B139FCCB8B9564F5B4E9CB634E7AE17E5A43F4FCEBEB0F1BC21A14BD40]}
01-17 17:24:00.173  9035  9035 D [WeatherWidget(15061)]  : {[E9BDC1AC9F9B078A92B3F309630276C89F9B6E52C087A495B97355481F2FDE5B58A757A09967AB7BD9E1187CEA5BB356FACBD4A552A7402C88647F970C513A69]}
01-17 17:24:00.174  9035  9035 D [WeatherWidget(15061)]  DB L2: {[610591C4E30FED4A153FF198DAC84EFE259FA03515F619060291D19B9A2E73CB46DA064369D1073FED4BA9669B425DCA30027A3E9CC89E04AB946C1801CC4392]}
01-17 17:24:00.176  9035  9035 D [WeatherWidget(15061)]  DB L2: {[610591C4E30FED4A153FF198DAC84EFE1A65FB0EE8B7C5763A9CB231BC13495CEEBC25F910065AF9C872A2F4E2BBC79249C161B45AE463EA473983267784F032]}
01-17 17:24:00.178  9035  9035 D [WeatherWidget(15061)]  : {[3AE6950019B083611567B0F9442DB03EF4A0ECA9EDEEE1C6764DEF6294C10F4F0BAD60A0CC696E8D15537EBE77D0F441F941FE30DFEB6E45A2BAA0295B86238B6B5477898ADD292C8EB7917680951853]}
01-17 17:24:00.180  9035  9035 D [WeatherWidget(15061)]  : {[A1AF0F6A1A65A89C43D705938923D0FE0259CBA56E4484DDAF167EE897E0098D214B31210E90A8E4D761DF2724951166F2287DB34D772530C5896F56ACED75995DBA67D8B41962A6D8426F900A51C7B1C77EDAE10C0081F308B5E9FA04031B6C6F0E86F900C6C8BD6B27BB61AB975CC6]}
01-17 17:24:00.181  9035  9035 D [WeatherWidget(15061)]  : {[4C0512EFA0AB4990F6AA1DF592AD92A7F0B9EF71550DD16C356391DD9598536C]}
01-17 17:24:00.273  3757  7204 D AudioService: getStreamVolume 3 index 120
01-17 17:24:00.359  3757  4482 D AudioService: getStreamVolume 3 index 120
01-17 17:24:00.475  3757  7203 D AudioService: getStreamVolume 3 index 120
01-17 17:24:00.562  3757  3770 D AudioService: getStreamVolume 3 index 120
01-17 17:24:00.614  3757 31270 D BatteryService: !@BatteryListener : batteryPropertiesChanged!
01-17 17:24:00.614  3757 31270 D BatteryService: level:99, scale:100, status:2, health:2, present:true, voltage: 4290, temperature: 306, technology: Li-ion, AC powered:false, USB powered:true, POGO powered:false, Wireless powered:false, icon:17303694, invalid charger:0, maxChargingCurrent:0, maxChargingVoltage:0, chargeCounter:0
01-17 17:24:00.615  3757 31270 D BatteryService: online:6, current avg:423, charge type:1, power sharing:false, high voltage charger:false, capacity:280000, batterySWSelfDischarging:false, misc_event:0, current_now:500
01-17 17:24:00.615  3757  3757 D BatteryService: Sending ACTION_BATTERY_CHANGED.
01-17 17:24:00.620  3757  3757 V UiModeManager: updateLocked: null action, mDockState=0, category=null
01-17 17:24:00.620  3757  3757 D UiModeManager: updateConfigurationLocked: mDockState=0; mCarMode=false; mNightMode=1; uiMode=17
01-17 17:24:00.623  3757  3757 D GameManagerService: new battery level: 99
01-17 17:24:00.626  4616  4616 D KeyguardUpdateMonitor: received broadcast android.intent.action.BATTERY_CHANGED
01-17 17:24:00.626  4616  4616 D KeyguardUpdateMonitor: handleBatteryUpdate
01-17 17:24:00.631  4616  4616 D PowerUI : priorPlugType = 2 mPlugType =  2
01-17 17:24:00.632  4616  4616 D PowerUI.Notification: showChargingNotice oldChargingType : 1 currentChargingType : 1 oldChargingTime : 210000 mChargingTime : 359000
01-17 17:24:00.632  4616  4616 D PowerUI.Notification: showChargingNotification()
01-17 17:24:00.636  5024  5024 D PhoneApp: PhoneAppBroadcastReceiver onReceive android.intent.action.BATTERY_CHANGED
01-17 17:24:00.637  5024  5024 D TelephonyExtensionManager: lowBatterySound - isLowBatterySoundScheduled: false
01-17 17:24:00.637  5024  5024 D TelephonyExtensionManager: lowBatterySound - isPlayNow: false
01-17 17:24:00.637  5024  5024 D TelephonyExtensionManager: isSpeakerON - true
01-17 17:24:00.645  4561  4561 V HeadsetService: HeadsetService - Received Intent.ACTION_BATTERY_CHANGED
01-17 17:24:00.646  4561 15058 D HeadsetStateMachine: Disconnected process message: 10, size: 0
01-17 17:24:00.651 12625 12625 D UE4     : Battery: status = 2, rawlevel = 99, scale = 100
01-17 17:24:00.651 12625 12625 D UE4     : nativeBatteryEvent(stat = 2, lvl = 99  temp = 30.60 C)
01-17 17:24:00.653  5024  5024 D TelephonyExtensionManager: lowBatterySound - batteryStatus: 2
01-17 17:24:00.653  5024  5024 D TelephonyExtensionManager: lowBatterySound - batteryLevel: 99
01-17 17:24:00.653  5024  5024 D TelephonyExtensionManager: lowBatterySound - cancel
01-17 17:24:00.655  3757  7201 D SamsungAlarmManager: Cancel Alarm calling from uid:1001 pid :5024 / op:PendingIntent{7c1d043: PendingIntentRecord{1e8a511 com.android.phone broadcastIntent}}
01-17 17:24:00.655  3757  7216 D ApplicationPolicy: isStatusBarNotificationAllowedAsUser: packageName = com.android.systemui,userId = -1
01-17 17:24:00.656  5024  5024 D TelephonyExtension: Not stopping low battery tone
01-17 17:24:00.658  4616  4616 D BatteryMeterDrawable: isSomethingChanged - false
01-17 17:24:00.658  4616  4616 D BatteryMeterDrawable: isSomethingChanged - false
01-17 17:24:00.662  4616  4616 D Tile.FlashlightTile: ACTION_BATTERY_CHANGED - Level :: 99, emEnabled :: false
01-17 17:24:00.680  3757 29840 D AudioService: getStreamVolume 3 index 120
01-17 17:24:00.706  4616  4616 D KeyguardServiceBoxContainer: updateCMAS() hasCmasNotification = false, mHasCMAS = false
01-17 17:24:00.764  3757  7202 D AudioService: getStreamVolume 3 index 120
01-17 17:24:00.882  3757  5063 D AudioService: getStreamVolume 3 index 120
01-17 17:24:00.967  3757  5902 D AudioService: getStreamVolume 3 index 120
01-17 17:24:00.991  5689  5689 D io_stats: !@   8,0 r 4177068 124008528 w 3452695 76099072 d 524217 38114564 f 861574 861374 iot 5488750 3186320 th 61440 61440 43892 pt 10480 inp 0 0 307928.616
01-17 17:24:01.061  3757 29838 D AudioService: getStreamVolume 3 index 120
01-17 17:24:01.084  3757  7201 D AudioService: getStreamVolume 3 index 120
01-17 17:24:01.169  3757  4469 D AudioService: getStreamVolume 3 index 120
01-17 17:24:01.287  3757  4482 D AudioService: getStreamVolume 3 index 120
01-17 17:24:01.371  3757  7203 D AudioService: getStreamVolume 3 index 120
01-17 17:24:01.489  3757  3770 D AudioService: getStreamVolume 3 index 120
01-17 17:24:01.574  3757  6272 D AudioService: getStreamVolume 3 index 120
01-17 17:24:01.692  3757  4440 D AudioService: getStreamVolume 3 index 120
01-17 17:24:01.777  3757 32083 D AudioService: getStreamVolume 3 index 120
01-17 17:24:01.896  3757 29838 D AudioService: getStreamVolume 3 index 120
01-17 17:24:01.979  3757  4469 D AudioService: getStreamVolume 3 index 120
01-17 17:24:02.063  3757  5062 D AudioService: getStreamVolume 3 index 120
01-17 17:24:02.098  3757  5901 D AudioService: getStreamVolume 3 index 120
01-17 17:24:02.182  3757 29840 D AudioService: getStreamVolume 3 index 120
01-17 17:24:02.299  3757 10512 D AudioService: getStreamVolume 3 index 120
01-17 17:24:02.388  3757  2859 D AudioService: getStreamVolume 3 index 120
01-17 17:24:02.502  3757 31270 D AudioService: getStreamVolume 3 index 120
01-17 17:24:02.589  3757  7202 D AudioService: getStreamVolume 3 index 120
01-17 17:24:02.705  3757  5063 D AudioService: getStreamVolume 3 index 120
01-17 17:24:02.791  3757  5902 D AudioService: getStreamVolume 3 index 120
01-17 17:24:02.908  3757  7216 D AudioService: getStreamVolume 3 index 120
01-17 17:24:02.918  3757  4458 D WifiStateMachine: Current network is: "wilkinson2.4" , ID is: 30
01-17 17:24:02.918  3757  4458 I WifiStateMachine: IMS calling, current network is always qualified
01-17 17:24:02.994  3757 29839 D AudioService: getStreamVolume 3 index 120
01-17 17:24:03.066  3757  4469 D AudioService: getStreamVolume 3 index 120
01-17 17:24:03.111  3757  4473 D AudioService: getStreamVolume 3 index 120
01-17 17:24:03.195  3757  7205 D AudioService: getStreamVolume 3 index 120
01-17 17:24:03.314  3757  2858 D AudioService: getStreamVolume 3 index 120
01-17 17:24:03.397  3757  7203 D AudioService: getStreamVolume 3 index 120
01-17 17:24:03.477  9215  9234 I Finsky  : [8880] com.google.android.finsky.bo.an.run(6): Stats for Executor: VerifyAppsDataStore com.google.android.finsky.bo.ao@b116f39[Running, pool size = 0, active threads = 0, queued tasks = 0, completed tasks = 2]
01-17 17:24:03.480  9215  9234 I Finsky  : [8880] com.google.android.finsky.bo.an.run(6): Stats for Executor: Db-verify_apps.db com.google.android.finsky.bo.ao@565e97e[Running, pool size = 0, active threads = 0, queued tasks = 0, completed tasks = 1]
01-17 17:24:03.517  3757 29842 D AudioService: getStreamVolume 3 index 120
01-17 17:24:03.599  3757  6272 D AudioService: getStreamVolume 3 index 120
01-17 17:24:03.607  9215  9234 I Finsky  : [8880] com.google.android.finsky.bo.an.run(6): Stats for Executor: Db-notification_cache com.google.android.finsky.bo.ao@efcfedf[Running, pool size = 0, active threads = 0, queued tasks = 0, completed tasks = 1]
01-17 17:24:03.646  3757  4354 D SamsungAlarmManager: Expired : 8
01-17 17:24:03.648  3757  4354 V SamsungAlarmManager: Sending to uid : 10059 action=null alarm=Alarm{1cc46c0 type 3 when 964489927 com.asurion.android.verizon.vms}
01-17 17:24:03.659  3757  4354 D CompatibilityInfo: mCompatibilityFlags - 0
01-17 17:24:03.659  3757  4354 D CompatibilityInfo: applicationDensity - 420
01-17 17:24:03.659  3757  4354 D CompatibilityInfo: applicationScale - 1.0
01-17 17:24:03.698  3757  4440 D SamsungAlarmManager: setExact Intent (T:3/F:5/AC:false) 20190117T172408 - CU:10059/CP:9342
01-17 17:24:03.699  3757  4440 I SamsungAlarmManager: setLocked to kernel - T:3 / 20190117T172408, SetElapsed=964494965, nowELAPSED=964489979
01-17 17:24:03.719  3757  7216 D AudioService: getStreamVolume 3 index 120
01-17 17:24:03.733  6668  6733 D ContactsProvider_EventLog: contents_sample_state: [ contacts(369) data(4037) accounts({vnd.sec.contact.phone (1)=12, com.google (7)=693}) accounts deleted({}) calls([logtype:100 cnt:400, logtype:1150 cnt:100]) countryIso(US) userId(0)  ]

01-17 17:24:03.733  6668  6733 D ContactsProvider_EventLog: contents_sample_state: [ agr({[2 ,2 ,7]=1, [2 ,7 ,2 ,7]=1, [7 ,2 ,7]=4, [7 ,7 ,2]=4, [1 ,7]=5, [7]=51, [7 ,2]=231, [1 ,2 ,7]=7, [2 ,7]=65})  ]

01-17 17:24:03.733  6668  6733 D ContactsProvider_EventLog: contents_sample_state: [ actCnt({android.process.acore=1})  ]
01-17 17:24:03.737  6668  6733 E ContactsProvider_EventLog: Flush buffer to file cnt : 1 size : 0Kb duration : 3ms lastUpdatedAfter : 60117 ms mFlush_time_threasold : 2000 mCurrentSize : 458
01-17 17:24:03.801  3757  4473 D AudioService: getStreamVolume 3 index 120
01-17 17:24:03.921  3757 29841 D AudioService: getStreamVolume 3 index 120
01-17 17:24:04.003  3757  7205 D AudioService: getStreamVolume 3 index 120
01-17 17:24:04.069  3757  3771 D AudioService: getStreamVolume 3 index 120
01-17 17:24:04.125  3757 32084 D AudioService: getStreamVolume 3 index 120
01-17 17:24:04.206  3757 10512 D AudioService: getStreamVolume 3 index 120
01-17 17:24:04.328  3757 31269 D AudioService: getStreamVolume 3 index 120
01-17 17:24:04.334  9215  9234 I Finsky  : [8880] com.google.android.finsky.bo.an.run(6): Stats for Executor: Db-scheduler com.google.android.finsky.bo.ao@210c5f5[Running, pool size = 0, active threads = 0, queued tasks = 0, completed tasks = 3]
01-17 17:24:04.378  9215  9234 I Finsky  : [8880] com.google.android.finsky.bo.an.run(6): Stats for Executor: InstallQueueDatabaseManager com.google.android.finsky.bo.ao@df31f8a[Running, pool size = 0, active threads = 0, queued tasks = 0, completed tasks = 1]
01-17 17:24:04.408  3757  7202 D AudioService: getStreamVolume 3 index 120
01-17 17:24:04.531  3757 32083 D AudioService: getStreamVolume 3 index 120
01-17 17:24:04.611  3757  7216 D AudioService: getStreamVolume 3 index 120
01-17 17:24:04.733  3757  4473 D AudioService: getStreamVolume 3 index 120
01-17 17:24:04.814  3757  5901 D AudioService: getStreamVolume 3 index 120
01-17 17:24:04.939  3757  7205 D AudioService: getStreamVolume 3 index 120
01-17 17:24:05.017  3757  7204 D AudioService: getStreamVolume 3 index 120
01-17 17:24:05.071  3757 32084 D AudioService: getStreamVolume 3 index 120
01-17 17:24:05.142  3757 10512 D AudioService: getStreamVolume 3 index 120
01-17 17:24:05.220  3757  2859 D AudioService: getStreamVolume 3 index 120
01-17 17:24:05.312  5024  5209 I System.out: Broadcasting: Intent { act=com.sec.android.LTE_WIDEBAND_INFO flg=0x10000000 launchParam=MultiScreenLaunchParams { mDisplayId=0 mFlags=0 } (has extras) }
01-17 17:24:05.315  5035  6445 D EPDG -- [MODEM]: message length is  13
01-17 17:24:05.315  5035  6445 D EPDG -- [MODEM]: countRead is 11 offset is 11remaining is 0
01-17 17:24:05.315  5035  6445 D EPDG -- EpdgIpcMessageFactory: ipcMainCmd: 112
01-17 17:24:05.315  5024  5378 E ImsAdaptorImpl: setSSACInfo : ImsAdaptorImpl.
01-17 17:24:05.315  5035  6445 D EPDG -- [UTILS]: isUSerBinary: true
01-17 17:24:05.316  5035  6445 D EPDG -- [RILRECEIVER]: [Rx]: Main: IPC_IIL_CMD Sub: IPC_IIL_SSAC_INFO
01-17 17:24:05.316  5035  6445 D EPDG -- [RILRECEIVER]: [Rx]: Param: FF FF FF FF FF FF 
01-17 17:24:05.320  5035  6445 D EPDG -- [NETIPCMESSAGE]: decodeIilSsacInfo()
01-17 17:24:05.321  5035  6445 D EPDG -- [RILRECEIVER]: SSAC info received. Voice Factor -1Voice Time 65535000Video Factor -1Video Time 65535000
01-17 17:24:05.321  5035  5670 D EPDG -- [EPDGService]: Event received: RIL_IIL_SSAC_INFO_UPDATE
01-17 17:24:05.322  5035  5670 D EPDG -- [EPDGService]: handleMessage: cid - 0
01-17 17:24:05.322  5035  5670 D EPDG -- [EPDGService]: getIsSsacVoiceEnabled: returning: true
01-17 17:24:05.322  5010 18497 D SsacManager: updateSSACInfo : Voice(-1:65535000) Video(-1:65535000)
01-17 17:24:05.322  5010 18497 D SsacManager: Voice Call updateSSACInfo : f[100], t[0]
01-17 17:24:05.323  4616  4823 D NetworkController: onReceive: intent=Intent { act=com.sec.android.LTE_WIDEBAND_INFO flg=0x10000010 launchParam=MultiScreenLaunchParams { mDisplayId=0 mFlags=0 } bqHint=0 (has extras) }
01-17 17:24:05.323  5010 18497 D SsacManager: Video Call updateSSACInfo : f[100], t[0]
01-17 17:24:05.323  4616  4823 D NetworkController.MobileSignalController(0/1): LTE WIDEBAND : mCurrentState.isCAIndicator = false oldCAIndicator = true
01-17 17:24:05.324  4616  4823 D NetworkController.MobileSignalController(0/1): getMobileIconGroup(): 13
01-17 17:24:05.325  4616  4823 D NetworkController.MobileSignalController(0/1): updateVZWMobileIconGroup(): 13
01-17 17:24:05.326  5024  6892 I System.out: Broadcast completed: result=0
01-17 17:24:05.327  5010 18497 D Mno     : fromName: name=VZW_us
01-17 17:24:05.327  5010 18497 D Mno     : fromName: found mno : VZW_us, us
01-17 17:24:05.336  4616  4823 D NetworkController.MobileSignalController(0/1): callState:0, callStateByPhone:false voLTECall:false voiceNetTpe:13 dataNetType:13, ine911:false, emergencyCallbackMode:false
01-17 17:24:05.346  3757  7201 D AudioService: getStreamVolume 3 index 120
01-17 17:24:05.422  3757  5901 D AudioService: getStreamVolume 3 index 120
01-17 17:24:05.548  3757 29840 D AudioService: getStreamVolume 3 index 120
01-17 17:24:05.628  3757  3771 D AudioService: getStreamVolume 3 index 120
01-17 17:24:05.750  3757 32084 D AudioService: getStreamVolume 3 index 120
01-17 17:24:05.831  3757 10512 D AudioService: getStreamVolume 3 index 120
01-17 17:24:05.928  3757  4458 D WifiStateMachine: Current network is: "wilkinson2.4" , ID is: 30
01-17 17:24:05.929  3757  4458 I WifiStateMachine: IMS calling, current network is always qualified
01-17 17:24:05.953  3757  2859 D AudioService: getStreamVolume 3 index 120
01-17 17:24:05.993  5689  5689 D io_stats: !@   8,0 r 4177068 124008528 w 3452719 76099256 d 524218 38114568 f 861600 861400 iot 5488840 3186327 th 61440 61440 43892 pt 10480 inp 0 0 307933.619
01-17 17:24:06.034  3757 31269 D AudioService: getStreamVolume 3 index 120
01-17 17:24:06.073  3757  6272 D AudioService: getStreamVolume 3 index 120
01-17 17:24:06.156  3757  7202 D AudioService: getStreamVolume 3 index 120
01-17 17:24:06.237  3757  4440 D AudioService: getStreamVolume 3 index 120
01-17 17:24:06.358  3757 29839 D AudioService: getStreamVolume 3 index 120
01-17 17:24:06.438  3757  5062 D AudioService: getStreamVolume 3 index 120
01-17 17:24:06.561  3757  7205 D AudioService: getStreamVolume 3 index 120
01-17 17:24:06.641  3757  4482 D AudioService: getStreamVolume 3 index 120
01-17 17:24:06.762  3757  2858 D AudioService: getStreamVolume 3 index 120
01-17 17:24:06.843  3757  7203 D AudioService: getStreamVolume 3 index 120
01-17 17:24:06.966  3757 29842 D AudioService: getStreamVolume 3 index 120
01-17 17:24:07.044  3757  6272 D AudioService: getStreamVolume 3 index 120
01-17 17:24:07.075  3757  7202 D AudioService: getStreamVolume 3 index 120
01-17 17:24:07.169  3757  4440 D AudioService: getStreamVolume 3 index 120
01-17 17:24:07.207 12625 12646 D UE4     : Used memory: 219408
01-17 17:24:07.247  3757  7216 D AudioService: getStreamVolume 3 index 120
01-17 17:24:07.372  3757  5062 D AudioService: getStreamVolume 3 index 120
01-17 17:24:07.451  3757 29841 D AudioService: getStreamVolume 3 index 120
01-17 17:24:07.575  3757  7204 D AudioService: getStreamVolume 3 index 120
01-17 17:24:07.654  3757  4482 D AudioService: getStreamVolume 3 index 120
01-17 17:24:07.780  3757  2858 D AudioService: getStreamVolume 3 index 120
01-17 17:24:07.856  3757  3770 D AudioService: getStreamVolume 3 index 120
01-17 17:24:07.984  3757 29842 D AudioService: getStreamVolume 3 index 120
01-17 17:24:08.059  3757  6272 D AudioService: getStreamVolume 3 index 120
01-17 17:24:08.076  3757  7202 D AudioService: getStreamVolume 3 index 120
01-17 17:24:08.186  3757 10496 D AudioService: getStreamVolume 3 index 120
01-17 17:24:08.261  3757 32083 D AudioService: getStreamVolume 3 index 120
01-17 17:24:08.388  3757  4473 D AudioService: getStreamVolume 3 index 120
01-17 17:24:08.397  3757  9599 D SSRM:t  : SIOP:: AP = 430, PST = 412 (W:12), CP = 282, CUR = 577, LCD = 110
01-17 17:24:08.399  3757  9599 D ConnectivityService: filterNetworkStateForUid() uid: 1000 networkInfo: [type: WIFI[] - WIFI, state: CONNECTED/CONNECTED, reason: (unspecified), extra: "wilkinson2.4", failover: false, available: true, roaming: false, metered: false]
01-17 17:24:08.463  3757 29840 D AudioService: getStreamVolume 3 index 120
01-17 17:24:08.591  3757  3771 D AudioService: getStreamVolume 3 index 120
01-17 17:24:08.665  3757 32085 D AudioService: getStreamVolume 3 index 120
01-17 17:24:08.684  3757  4354 D SamsungAlarmManager: Expired : 8
01-17 17:24:08.686  3757  4354 V SamsungAlarmManager: Sending to uid : 10059 action=null alarm=Alarm{8b49b3e type 3 when 964494965 com.asurion.android.verizon.vms}
01-17 17:24:08.694  3757  4354 D CompatibilityInfo: mCompatibilityFlags - 0
01-17 17:24:08.695  3757  4354 D CompatibilityInfo: applicationDensity - 420
01-17 17:24:08.696  3757  4354 D CompatibilityInfo: applicationScale - 1.0
01-17 17:24:08.724  3757 10512 D SamsungAlarmManager: setExact Intent (T:3/F:5/AC:false) 20190117T172413 - CU:10059/CP:9342
01-17 17:24:08.725  3757 10512 I SamsungAlarmManager: setLocked to kernel - T:3 / 20190117T172413, SetElapsed=964499993, nowELAPSED=964495006
01-17 17:24:08.793  3757 31269 D AudioService: getStreamVolume 3 index 120
01-17 17:24:08.867  3757  7202 D AudioService: getStreamVolume 3 index 120
01-17 17:24:08.946  3757  4458 D WifiStateMachine: Current network is: "wilkinson2.4" , ID is: 30
01-17 17:24:08.946  3757  4458 I WifiStateMachine: IMS calling, current network is always qualified
01-17 17:24:08.996  3757  4440 D AudioService: getStreamVolume 3 index 120
01-17 17:24:09.070  3757 32083 D AudioService: getStreamVolume 3 index 120
01-17 17:24:09.078  3757  7216 D AudioService: getStreamVolume 3 index 120
01-17 17:24:09.200  3757  7201 D AudioService: getStreamVolume 3 index 120
01-17 17:24:09.273  3757 29839 D AudioService: getStreamVolume 3 index 120
01-17 17:24:09.402  3757  7204 D AudioService: getStreamVolume 3 index 120
01-17 17:24:09.476  3757 32084 D AudioService: getStreamVolume 3 index 120
01-17 17:24:09.606  3757  2858 D AudioService: getStreamVolume 3 index 120
01-17 17:24:09.678  3757  3770 D AudioService: getStreamVolume 3 index 120
01-17 17:24:09.809  3757 29842 D AudioService: getStreamVolume 3 index 120
01-17 17:24:09.875  3757  4966 E Watchdog: !@Sync 10260 [17_Jan_17_24_09.874]
01-17 17:24:09.879  3757  6272 D AudioService: getStreamVolume 3 index 120
01-17 17:24:10.013  3757  5902 D AudioService: getStreamVolume 3 index 120
01-17 17:24:10.081  3757 32083 D AudioService: getStreamVolume 3 index 120
01-17 17:24:10.082  3757  7216 D AudioService: getStreamVolume 3 index 120
01-17 17:24:10.215  3757  7201 D AudioService: getStreamVolume 3 index 120
01-17 17:24:10.285  3757  5062 D AudioService: getStreamVolume 3 index 120
01-17 17:24:10.417  3757  7204 D AudioService: getStreamVolume 3 index 120
01-17 17:24:10.486  3757 32084 D AudioService: getStreamVolume 3 index 120
01-17 17:24:10.619  3757  7203 D AudioService: getStreamVolume 3 index 120
01-17 17:24:10.667  3757  2859 D BatteryService: !@BatteryListener : batteryPropertiesChanged!
01-17 17:24:10.668  3757  2859 D BatteryService: level:99, scale:100, status:2, health:2, present:true, voltage: 4288, temperature: 307, technology: Li-ion, AC powered:false, USB powered:true, POGO powered:false, Wireless powered:false, icon:17303694, invalid charger:0, maxChargingCurrent:0, maxChargingVoltage:0, chargeCounter:0
01-17 17:24:10.668  3757  2859 D BatteryService: online:6, current avg:448, charge type:1, power sharing:false, high voltage charger:false, capacity:280000, batterySWSelfDischarging:false, misc_event:0, current_now:440
01-17 17:24:10.668  3757  3757 D BatteryService: Sending ACTION_BATTERY_CHANGED.
01-17 17:24:10.679  3757  3757 V UiModeManager: updateLocked: null action, mDockState=0, category=null
01-17 17:24:10.679  3757  3757 D UiModeManager: updateConfigurationLocked: mDockState=0; mCarMode=false; mNightMode=1; uiMode=17
01-17 17:24:10.681  3757  3757 D GameManagerService: new battery level: 99
01-17 17:24:10.683  4616  4616 D KeyguardUpdateMonitor: received broadcast android.intent.action.BATTERY_CHANGED
01-17 17:24:10.684  4616  4616 D KeyguardUpdateMonitor: handleBatteryUpdate
01-17 17:24:10.687  4616  4616 D PowerUI : priorPlugType = 2 mPlugType =  2
01-17 17:24:10.688  4616  4616 D PowerUI.Notification: showChargingNotice oldChargingType : 1 currentChargingType : 1 oldChargingTime : 359000 mChargingTime : 240000
01-17 17:24:10.688  4616  4616 D PowerUI.Notification: showChargingNotification()
01-17 17:24:10.691  3757  5063 D AudioService: getStreamVolume 3 index 120
01-17 17:24:10.697  5024  5024 D PhoneApp: PhoneAppBroadcastReceiver onReceive android.intent.action.BATTERY_CHANGED
01-17 17:24:10.697  5024  5024 D TelephonyExtensionManager: lowBatterySound - isLowBatterySoundScheduled: false
01-17 17:24:10.698  5024  5024 D TelephonyExtensionManager: lowBatterySound - isPlayNow: false
01-17 17:24:10.698  5024  5024 D TelephonyExtensionManager: isSpeakerON - true
01-17 17:24:10.704  4561  4561 V HeadsetService: HeadsetService - Received Intent.ACTION_BATTERY_CHANGED
01-17 17:24:10.704  4561 15058 D HeadsetStateMachine: Disconnected process message: 10, size: 0
01-17 17:24:10.713 12625 12625 D UE4     : Battery: status = 2, rawlevel = 99, scale = 100
01-17 17:24:10.713 12625 12625 D UE4     : nativeBatteryEvent(stat = 2, lvl = 99  temp = 30.70 C)
01-17 17:24:10.715  5024  5024 D TelephonyExtensionManager: lowBatterySound - batteryStatus: 2
01-17 17:24:10.715  5024  5024 D TelephonyExtensionManager: lowBatterySound - batteryLevel: 99
01-17 17:24:10.715  5024  5024 D TelephonyExtensionManager: lowBatterySound - cancel
01-17 17:24:10.716  3757  7216 D SamsungAlarmManager: Cancel Alarm calling from uid:1001 pid :5024 / op:PendingIntent{48f0eec: PendingIntentRecord{1e8a511 com.android.phone broadcastIntent}}
01-17 17:24:10.717  5024  5024 D TelephonyExtension: Not stopping low battery tone
01-17 17:24:10.717  3757 32083 D ApplicationPolicy: isStatusBarNotificationAllowedAsUser: packageName = com.android.systemui,userId = -1
01-17 17:24:10.719  4616  4616 D BatteryMeterDrawable: isSomethingChanged - false
01-17 17:24:10.719  4616  4616 D BatteryMeterDrawable: isSomethingChanged - false
01-17 17:24:10.723  4616  4616 D Tile.FlashlightTile: ACTION_BATTERY_CHANGED - Level :: 99, emEnabled :: false
01-17 17:24:10.766  4616  4616 D KeyguardServiceBoxContainer: updateCMAS() hasCmasNotification = false, mHasCMAS = false
01-17 17:24:10.822  3757  3770 D AudioService: getStreamVolume 3 index 120
01-17 17:24:10.893  3757  7202 D AudioService: getStreamVolume 3 index 120
01-17 17:24:10.997  5689  5689 D io_stats: !@   8,0 r 4177068 124008528 w 3452731 76099364 d 524219 38114572 f 861630 861430 iot 5488920 3186333 th 61440 61440 43892 pt 10480 inp 0 0 307938.623
01-17 17:24:11.025  3757 10496 D AudioService: getStreamVolume 3 index 120
01-17 17:24:11.084  3757  4440 D AudioService: getStreamVolume 3 index 120
01-17 17:24:11.096  3757  7216 D AudioService: getStreamVolume 3 index 120
01-17 17:24:11.227  3757 29839 D AudioService: getStreamVolume 3 index 120
01-17 17:24:11.298  3757  4469 D AudioService: getStreamVolume 3 index 120
01-17 17:24:11.431  3757 10512 D AudioService: getStreamVolume 3 index 120
01-17 17:24:11.499  3757  2859 D AudioService: getStreamVolume 3 index 120
01-17 17:24:11.634  3757  6272 D AudioService: getStreamVolume 3 index 120
01-17 17:24:11.701  3757  5902 D AudioService: getStreamVolume 3 index 120
01-17 17:24:11.836  3757  7216 D AudioService: getStreamVolume 3 index 120
01-17 17:24:11.902  3757 29838 D AudioService: getStreamVolume 3 index 120
01-17 17:24:11.968  3757  4458 D WifiStateMachine: Current network is: "wilkinson2.4" , ID is: 30
01-17 17:24:11.968  3757  4458 I WifiStateMachine: IMS calling, current network is always qualified
01-17 17:24:12.024  3232  3360 I reSIProcate: INFO | RESIP | StackThread.cxx:33 | StackThread start to process.
01-17 17:24:12.024  3232  3360 I reSIProcate: INFO | RESIP:TRANSACTION | TransactionState.cxx:924 | Found matching transaction for Timer: Timer K 17000 -> tid=427336198a52ef07 [ ClientNonInvite/Completed unreliable target=[ V4 0.0.0.0:0 UNKNOWN_TRANSPORT target domain=unspecified mFlowKey=0 ] cport =0 ] mInterface= ] transportKey=0 ]]
01-17 17:24:12.024  3232  3360 I reSIProcate: INFO | RESIP:TRANSACTION | TransactionState.cxx:1065 | TransactionState::processClientNonInvite: Timer: Timer K 17000
01-17 17:24:12.024  3232  3360 I reSIProcate: INFO | RESIP | StackThread.cxx:31 | StackThread wait time to select:12443
01-17 17:24:12.038  3757  7201 D AudioService: getStreamVolume 3 index 120
01-17 17:24:12.086  3757  4469 D AudioService: getStreamVolume 3 index 120
01-17 17:24:12.105  3757  5901 D AudioService: getStreamVolume 3 index 120
01-17 17:24:12.240  3757  3771 D AudioService: getStreamVolume 3 index 120
01-17 17:24:12.307  3757 32085 D AudioService: getStreamVolume 3 index 120
01-17 17:24:12.441  3757 31270 D AudioService: getStreamVolume 3 index 120
01-17 17:24:12.509  3757 29842 D AudioService: getStreamVolume 3 index 120
01-17 17:24:12.649  3757  6272 D AudioService: getStreamVolume 3 index 120
01-17 17:24:12.711  3757  5902 D AudioService: getStreamVolume 3 index 120
01-17 17:24:12.853  3757  7216 D AudioService: getStreamVolume 3 index 120
01-17 17:24:12.914  3757 29838 D AudioService: getStreamVolume 3 index 120
01-17 17:24:13.054  3757  4469 D AudioService: getStreamVolume 3 index 120
01-17 17:24:13.088  3757  5062 D AudioService: getStreamVolume 3 index 120
01-17 17:24:13.118  3757 29841 D AudioService: getStreamVolume 3 index 120
01-17 17:24:13.257  3757  7205 D AudioService: getStreamVolume 3 index 120
01-17 17:24:13.320  3757  7204 D AudioService: getStreamVolume 3 index 120
01-17 17:24:13.460  3757  3770 D AudioService: getStreamVolume 3 index 120
01-17 17:24:13.521  3757 31269 D AudioService: getStreamVolume 3 index 120
01-17 17:24:13.662  3757  7202 D AudioService: getStreamVolume 3 index 120
01-17 17:24:13.712  3757  4354 D SamsungAlarmManager: Expired : 8
01-17 17:24:13.713  3757  4354 V SamsungAlarmManager: Sending to uid : 10059 action=null alarm=Alarm{dfd72b5 type 3 when 964499993 com.asurion.android.verizon.vms}
01-17 17:24:13.720  3757  4354 D CompatibilityInfo: mCompatibilityFlags - 0
01-17 17:24:13.720  3757  4354 D CompatibilityInfo: applicationDensity - 420
01-17 17:24:13.720  3757  4354 D CompatibilityInfo: applicationScale - 1.0
01-17 17:24:13.722  3757 10496 D AudioService: getStreamVolume 3 index 120
01-17 17:24:13.752  3757 32083 D SamsungAlarmManager: setExact Intent (T:3/F:5/AC:false) 20190117T172418 - CU:10059/CP:9342
01-17 17:24:13.754  3757 32083 I SamsungAlarmManager: setLocked to kernel - T:3 / 20190117T172418, SetElapsed=964505015, nowELAPSED=964500034
