01-09 16:08:04.436 28851 28851 D [WeatherWidget(15061)]  : {[907D161D855C099E8A312E5C2BBE6025535DBBB5BBD827FC6E63D75F709CFBF954AE0885C52E41F05277D5DF3BE7D89405855AAA9A62A3E6274E1ABA76517016]}
01-09 16:08:04.436 28851 28851 D [WeatherWidget(15061)]  WeatherAppWidget2x1: {[9C41A2EAFAAB2EF4F8363256C22FE8AD176C2E70281622FE10C55CE4F020D91847EBF4B34973709DA9F468F8024D59099B1123845E09A0FAC59473FA9ED60953]}
01-09 16:08:04.441  4616  4616 D KeyguardServiceBoxContainer: updateCMAS() hasCmasNotification = false, mHasCMAS = false
01-09 16:08:04.441  3757  5902 D CompatibilityInfo: mCompatibilityFlags - 0
01-09 16:08:04.441  3757  5902 D CompatibilityInfo: applicationDensity - 420
01-09 16:08:04.441  3757  5902 D CompatibilityInfo: applicationScale - 1.0
01-09 16:08:04.442  3757  4473 D AudioService: getStreamVolume 3 index 120
01-09 16:08:04.445 28851 28851 D [WeatherWidget(15061)]  WeatherService: {[EC3334F14841398C8B464A72D0E61AB72FB815DB79F6A15D8B9ABE5C6C593EE805803156A172B742D73F4864D77631813ED9A7C5633501C00A80730510F9C2DC]}
01-09 16:08:04.447 28851 28851 D [WeatherWidget(15061)]  WeatherService: {[EC3334F14841398C8B464A72D0E61AB7D008170785184F88C658A60993ED8045]}
01-09 16:08:04.448 28851 28851 D [WeatherWidget(15061)]  EasyWeatherAppWidget: {[48948B2BE5213A6D5B0C9B7747497512CAC38177609B2B6F1F16DB965D7D43410EDA2D444ACBA386E91E1FA6B3C38870128DD346C4D39F4B310AAEB16D5215E65B3E04A593E577F60D76D1932AD9EADD94EAF615C6107B1CB6BBC6925C276A50905BC4844BCE60A7227618CF993BA17DB60DEFC01AF183A5C8F14BF1A44B724C]}
01-09 16:08:04.449 28851 28851 D [WeatherWidget(15061)]  : {[907D161D855C099E8A312E5C2BBE6025535DBBB5BBD827FC6E63D75F709CFBF954AE0885C52E41F05277D5DF3BE7D89405855AAA9A62A3E6274E1ABA76517016]}
01-09 16:08:04.449 28851 28851 D [WeatherWidget(15061)]  EasyWeatherAppWidget: {[48948B2BE5213A6D5B0C9B7747497512D7646A5A57C4B1820BB1D39DF9F23EA3D05ADA26DF3F5FEC4FA6AFC9EED5963485B3863BE45B906B9F93E60E1BD5AC1F]}
01-09 16:08:04.454  3757  3771 D CompatibilityInfo: mCompatibilityFlags - 0
01-09 16:08:04.454  3757  3771 D CompatibilityInfo: applicationDensity - 420
01-09 16:08:04.454  3757  3771 D CompatibilityInfo: applicationScale - 1.0
01-09 16:08:04.456 28851 28851 D [WeatherWidget(15061)]  DB L2: {[610591C4E30FED4A153FF198DAC84EFEE3319B0D622FD4A19809E90ED3C1398368D658B139FCCB8B9564F5B4E9CB634E0FDEC0C1E73AC87C11E257B6CE8130E7]}
01-09 16:08:04.457 28851 28851 D [WeatherWidget(15061)]  : {[E9BDC1AC9F9B078A92B3F309630276C89F9B6E52C087A495B97355481F2FDE5B58A757A09967AB7BD9E1187CEA5BB356FACBD4A552A7402C88647F970C513A69]}
01-09 16:08:04.457 28851 28851 D [WeatherWidget(15061)]  : {[5FC4320581A8AC15DE22E16C22104154DDB37EC6622F7E91D9C1CCFAC2B2EF80F93C376ECC4FBB424F7FF28F4280227DB334EA55199F7AACE77E1F7E05855FE9C5216C1E592E2DE9E3372C7DE1544C653B39BB904C4BB23956C2942A765DE4897EE4944E1A5DF873C5C36E467FF60B9115DA36AF64C64BACED3980A1B336FEA5]}
01-09 16:08:04.458 28851 28851 D [WeatherWidget(15061)]  DB L2: {[610591C4E30FED4A153FF198DAC84EFE259FA03515F619060291D19B9A2E73CB46DA064369D1073FED4BA9669B425DCA9C618BA0EF237B76DFC7F9EAED8200B8]}
01-09 16:08:04.458 28851 28851 E [WeatherWidget(15061)]  : {[2199EA5540A978CF17D17C413568550AD4BAB8F3CC7B6E7B1F57271E9DB2E3B4EFB2331D03CB1080D541ED3A459C40D58B8BE1E09C9D17723ECF142F3ABDB479]}
01-09 16:08:04.463  3757  5063 I ActivityManager: Killing 26291:com.samsung.android.game.gamehome/u0a247 (adj 906): DHA:empty #31
01-09 16:08:04.465  3757  5063 D CompatibilityInfo: mCompatibilityFlags - 0
01-09 16:08:04.465  3757  5063 D CompatibilityInfo: applicationDensity - 420
01-09 16:08:04.465  3757  5063 D CompatibilityInfo: applicationScale - 1.0
01-09 16:08:04.475  3757 31269 D CompatibilityInfo: mCompatibilityFlags - 0
01-09 16:08:04.475  3757 31269 D CompatibilityInfo: applicationDensity - 420
01-09 16:08:04.475  3757 31269 D CompatibilityInfo: applicationScale - 1.0
01-09 16:08:04.484  3757 31269 D CompatibilityInfo: mCompatibilityFlags - 0
01-09 16:08:04.485  3757 31269 D CompatibilityInfo: applicationDensity - 420
01-09 16:08:04.485  3757 31269 D CompatibilityInfo: applicationScale - 1.0
01-09 16:08:04.494  3757 31269 D CompatibilityInfo: mCompatibilityFlags - 0
01-09 16:08:04.494  3757 31269 D CompatibilityInfo: applicationDensity - 420
01-09 16:08:04.494  3757 31269 D CompatibilityInfo: applicationScale - 1.0
01-09 16:08:04.495  3757 10496 D ActivityManager: cleanUpApplicationRecord -- 26291
01-09 16:08:04.498  6011 20825 D ForegroundUtils: could not check pending caller
01-09 16:08:04.509  3757 31269 D CompatibilityInfo: mCompatibilityFlags - 0
01-09 16:08:04.509  3757 31269 D CompatibilityInfo: applicationDensity - 420
01-09 16:08:04.509  3757 31269 D CompatibilityInfo: applicationScale - 1.0
01-09 16:08:04.518  3757 31269 D CompatibilityInfo: mCompatibilityFlags - 0
01-09 16:08:04.518  3757 31269 D CompatibilityInfo: applicationDensity - 420
01-09 16:08:04.518  3757 31269 D CompatibilityInfo: applicationScale - 1.0
01-09 16:08:04.526  3757  7204 D CompatibilityInfo: mCompatibilityFlags - 0
01-09 16:08:04.526  3757  7204 D CompatibilityInfo: applicationDensity - 420
01-09 16:08:04.526  3757  7204 D CompatibilityInfo: applicationScale - 1.0
01-09 16:08:04.536 28851 28851 D [WeatherWidget(15061)]  WeatherAppWidget: {[9C41A2EAFAAB2EF4F8363256C22FE8ADE74F100B9CC487BE27E8F8A137E768022F3D75E4272B69C004B1ABF10C0F2210143AA65B58B0C7B8B0AA82129EA61300ACE1FEEB8AE1B3C007EB73257700FEB40012AEFB7CC6C0EA9B17C2FF4B39AE6B298CD024C1101FF065A2AF329AA7DF89EFE62864AF3246FBDE35B30915ED3694]}
01-09 16:08:04.538 28851 28851 D [WeatherWidget(15061)]  WeatherAppWidget: {[9C41A2EAFAAB2EF4F8363256C22FE8AD6E9D978B68C2FD7A71EB2B51B96A06C3A95A89D17C6469EAC826AD48ED45A31F]}
01-09 16:08:04.539 28851 28851 D [WeatherWidget(15061)]  : {[4C0512EFA0AB4990F6AA1DF592AD92A7F0B9EF71550DD16C356391DD9598536C]}
01-09 16:08:04.539 28851 28851 D [WeatherWidget(15061)]  : {[60F9DFBE0DDF665D78B93B355C69FD16FD82FBECAFC71D5DC70E8ABB3824B9582234AD038886808B2E7B2600E0220D8BE8A853685EF6E90C12176907908AD1737EA9980A151C821AE64ADECB1FD68FC013DE463E4EDFCBB35B461500719C42A0C023AF6918851AB2BD2E4F0D2F9A2C5C]}
01-09 16:08:04.540 28851 28851 D [WeatherWidget(15061)]  : {[9CE2F3DEF0EB8239E7173934CC09B9E757DE44ACE5366257F344D287889F9E96A68C3BA64025C2DF7A292A27442586FD2FADD4B451F44E8E4B69E4036140806354B17B45A601739A14F58872325CD31E779504AA6B5C39B3B30927A8C862BBB1D636C3125B84C074A01D13FDACF35281FD58FFB49BBF8157F2A4609E333381DC3671C924C6AF34AF0AA1D30FDC170853A91D2B2D6DE91B1E9D71BEF10599803CDD5899C8E5E85B45BE1BD6A72FC114A4A2374A31FEFE78E7BDD7186AB43AA6D3E6AEE8B22557D27F97F2BA4A1ED49655A53C82A8C449ABC62227FAB3F4ED37BCF32139EB59F7D7A761B4BFDEAD26D623]}
01-09 16:08:04.542 28851 28851 D [WeatherWidget(15061)]  : {[92814B0137E99BC1A45799D2DF2DAFD83A90D0369E5261C256E9236009B90AF93102C9204285E779911B0A5260A23C245E74F3C56E9790760016E17A78A5351E620ABA6DD04E0BBC5BEB0BE5BCB996C15E4CCEB222DCD8ACBD64D148B8E63FF2863828B305279E9681EA47CB6EA2A991]}
01-09 16:08:04.543 28851 28851 D [WeatherWidget(15061)]  : {[AB2EA232D9D918C5DCF18761D4838C31104B8E91A5A763C5694710FFAD965B7D]}
01-09 16:08:04.544 28851 28851 D [WeatherWidget(15061)]  : {[15C09394A4E9AFE55A5C62F22AB3FC596F042F71D50D29517626203C1B5A081E1575B704CCD205238E47B82C2F87C3F6]}
01-09 16:08:04.545 28851 28851 D [WeatherWidget(15061)]  : {[59F4E8D154FA78031E153DE0D941ACE8947ECD727D686F7FF92D2F0FC224CC9A]}
01-09 16:08:04.547 28851 28851 D [WeatherWidget(15061)]  : {[92814B0137E99BC1A45799D2DF2DAFD83A90D0369E5261C256E9236009B90AF93102C9204285E779911B0A5260A23C245E74F3C56E9790760016E17A78A5351E620ABA6DD04E0BBC5BEB0BE5BCB996C15E4CCEB222DCD8ACBD64D148B8E63FF2863828B305279E9681EA47CB6EA2A991]}
01-09 16:08:04.548 28851 28851 D [WeatherWidget(15061)]  DB L2: {[610591C4E30FED4A153FF198DAC84EFE34105AC04224A27A6EA4D87EAF16DF76B52CD5EF9AE8CDBACF25F24E6EA3A49DF2BF3DD9A1CEF5F2CFADF785C4A6D05C]}
01-09 16:08:04.548 28851 28851 D [WeatherWidget(15061)]  : {[5996EF099FC0F34ED8933B9995473FDED202967BF4BAF497ED98BD1013E2EEAF9BBE67BFF187987F2BABB50CE278C770]}
01-09 16:08:04.549 28851 28851 D [WeatherWidget(15061)]  : {[BD1693628C029252CA095FEF8F76FB8C539598E2A2EC5ABD453EC4CE5E63D453DBF6198B31C9A83BA74935A3A5928488]}
01-09 16:08:04.550 28851 28851 D [WeatherWidget(15061)]  DB L2: {[610591C4E30FED4A153FF198DAC84EFEE3319B0D622FD4A19809E90ED3C1398368D658B139FCCB8B9564F5B4E9CB634EDF0AF0F02174E1D5A04E6FD51C571B22]}
01-09 16:08:04.551 28851 28851 D [WeatherWidget(15061)]  : {[E9BDC1AC9F9B078A92B3F309630276C89F9B6E52C087A495B97355481F2FDE5B58A757A09967AB7BD9E1187CEA5BB356FACBD4A552A7402C88647F970C513A69]}
01-09 16:08:04.552 28851 28851 D [WeatherWidget(15061)]  : {[D8993B48F5FD9B7A71D8615D2329D19831F0A74A0A012330746D4C85901923EC69EB218C1E2A8BAB5D68704D277342DC]}
01-09 16:08:04.553 28851 28851 D [WeatherWidget(15061)]  : {[9C1073CE82D9D334C812CB80328F71A308EED20030F641D17F48B30F1B500A82]}
01-09 16:08:04.554 28851 28851 D [WeatherWidget(15061)]  : {[1FCD247B1B468B541089CDB282555A1CAFBBAA4A6237F21D24FDB8D4BBA99CFA5621CC8348493446A06E82586171CC94]}
01-09 16:08:04.555 28851 28851 D [WeatherWidget(15061)]  : {[490D55564B5675E444E8C95C5EC590FE6B85D26C8567267E8F65BA76FB680B1EC9424358B64A64B59C59E0777C5E6D35]}
01-09 16:08:04.556 28851 28851 D [WeatherWidget(15061)]  : {[CD3A5B2C74BC1DAD147333218241B1E2BCFE655EBA7042BEC194CB74F5CE4851167F282537419E8C5B10F57730E27337]}
01-09 16:08:04.557 28851 28851 D [WeatherWidget(15061)]  DB L2: {[610591C4E30FED4A153FF198DAC84EFEE3319B0D622FD4A19809E90ED3C1398368D658B139FCCB8B9564F5B4E9CB634E590A51A0ECAFBA674DE7674E3B302EBF]}
01-09 16:08:04.558 28851 28851 D [WeatherWidget(15061)]  : {[E9BDC1AC9F9B078A92B3F309630276C89F9B6E52C087A495B97355481F2FDE5B58A757A09967AB7BD9E1187CEA5BB356FACBD4A552A7402C88647F970C513A69]}
01-09 16:08:04.559 28851 28851 D [WeatherWidget(15061)]  DB L2: {[610591C4E30FED4A153FF198DAC84EFE259FA03515F619060291D19B9A2E73CB46DA064369D1073FED4BA9669B425DCA059C76E25E85F76E52818FFA938D6EF6]}
01-09 16:08:04.560 28851 28851 D [WeatherWidget(15061)]  DB L2: {[610591C4E30FED4A153FF198DAC84EFE1A65FB0EE8B7C5763A9CB231BC13495C0980BD17AB2024B4E3F440D28DAC546B99A5C59607805D2C556D6575D1140958]}
01-09 16:08:04.562 28851 28851 D [WeatherWidget(15061)]  : {[DFD94D30EABD30B99C8E6B65B7E5E9E8C1CC814BB8E01A1E672D69F2337595306D821D52B117BFB2B7725BA186A553C2]}
01-09 16:08:04.563 28851 28851 D [WeatherWidget(15061)]  DB L2: {[610591C4E30FED4A153FF198DAC84EFE34105AC04224A27A6EA4D87EAF16DF76B52CD5EF9AE8CDBACF25F24E6EA3A49D5E3A795039FB4FE5244830001223CF7F]}
01-09 16:08:04.564 28851 28851 D [WeatherWidget(15061)]  : {[0E8A41EEBD23A8CDC74AF20A1577A23791B87F716BC65ACCEAEEE7E1F1D9E8F70CF8D16B6F652A06E336413549345898]}
01-09 16:08:04.566 28851 28851 D [WeatherWidget(15061)]  DB L2: {[610591C4E30FED4A153FF198DAC84EFEE3319B0D622FD4A19809E90ED3C1398368D658B139FCCB8B9564F5B4E9CB634E8AE2BA973DEF5262DE91F84A39ED9C50]}
01-09 16:08:04.567 28851 28851 D [WeatherWidget(15061)]  : {[E9BDC1AC9F9B078A92B3F309630276C89F9B6E52C087A495B97355481F2FDE5B58A757A09967AB7BD9E1187CEA5BB356FACBD4A552A7402C88647F970C513A69]}
01-09 16:08:04.567 28851 28851 D [WeatherWidget(15061)]  DB L2: {[610591C4E30FED4A153FF198DAC84EFE259FA03515F619060291D19B9A2E73CB46DA064369D1073FED4BA9669B425DCAC1F553D627CB4C7386D34785CDA5C759]}
01-09 16:08:04.568 28851 28851 D [WeatherWidget(15061)]  DB L2: {[610591C4E30FED4A153FF198DAC84EFE1A65FB0EE8B7C5763A9CB231BC13495CF89C30B92C9E7561C51C9274478BC6513ACF70D7852D0538DFAECD5306CD3FD4]}
01-09 16:08:04.569 28851 28851 D [WeatherWidget(15061)]  : {[4E5D5C4244EADDBCDA19A1AC7B26969AC122CA82D70BF5134F46159523EC92F746C4CC9CE8750321D511FD264A16901A]}
01-09 16:08:04.571 28851 28851 D [WeatherWidget(15061)]  : {[6962E010A53E2D3751CD098CFC73BF656674E9306A92FDEBCEAE9071F38F254F550352300D05A916B150BBBF394100E6]}
01-09 16:08:04.572 28851 28851 D [WeatherWidget(15061)]  : {[E65FB96B7B517D18451E52AC3AC95EAE1C55837DF224D2E04BE512E5B91DAEEC3CBF89DC032BF37FFE88B84E22AF77A9]}
01-09 16:08:04.572 28851 28851 D [WeatherWidget(15061)]  : {[7EC14F8BB6636439449F06DA0EA7F05EA7C6F9B614AB48073A569CEF12D3C828]}
01-09 16:08:04.573 28851 28851 D [WeatherWidget(15061)]  DB L2: {[610591C4E30FED4A153FF198DAC84EFEE3319B0D622FD4A19809E90ED3C1398368D658B139FCCB8B9564F5B4E9CB634EF0B7C34637D20B9E62C62D396BE271C6]}
01-09 16:08:04.573 28851 28851 D [WeatherWidget(15061)]  : {[E9BDC1AC9F9B078A92B3F309630276C89F9B6E52C087A495B97355481F2FDE5B58A757A09967AB7BD9E1187CEA5BB356FACBD4A552A7402C88647F970C513A69]}
01-09 16:08:04.573 28851 28851 D [WeatherWidget(15061)]  DB L2: {[610591C4E30FED4A153FF198DAC84EFE259FA03515F619060291D19B9A2E73CB46DA064369D1073FED4BA9669B425DCA2FC57351A48DB7CCFB791DACF6B52D0F]}
01-09 16:08:04.574 28851 28851 D [WeatherWidget(15061)]  DB L2: {[610591C4E30FED4A153FF198DAC84EFE1A65FB0EE8B7C5763A9CB231BC13495CF89C30B92C9E7561C51C9274478BC6519AA97DA19A5894CEF101E40022FAF01E]}
01-09 16:08:04.575 28851 28851 D [WeatherWidget(15061)]  : {[A3D0376F110ED1708C277D8494D333F60FEAA5C695DC06C5BCC463A68D8759B59561AC759D3F668AF78C1B1218B957E3A811DE095895007FDDE939F900F3C7DC]}
01-09 16:08:04.576 28851 28851 D [WeatherWidget(15061)]  : {[57479E78314F38F7DB3EE477BEF7D670BB43903225A8E2C8ECAC2DCBEE8B3FAFB784B410249FD3F46ED9F19EBBCCC60C]}
01-09 16:08:04.576 28851 28851 D [WeatherWidget(15061)]  : {[AB2EA232D9D918C5DCF18761D4838C31104B8E91A5A763C5694710FFAD965B7D]}
01-09 16:08:04.577 28851 28851 D [WeatherWidget(15061)]  DB L2: {[610591C4E30FED4A153FF198DAC84EFEE3319B0D622FD4A19809E90ED3C1398368D658B139FCCB8B9564F5B4E9CB634E1F607677F6A20224DBB2782BE813D275]}
01-09 16:08:04.577 28851 28851 D [WeatherWidget(15061)]  : {[E9BDC1AC9F9B078A92B3F309630276C89F9B6E52C087A495B97355481F2FDE5B58A757A09967AB7BD9E1187CEA5BB356FACBD4A552A7402C88647F970C513A69]}
01-09 16:08:04.578 28851 28851 D [WeatherWidget(15061)]  : {[038FBE6A0C1C9C4D400219E8B85B450684640AA3F6A989087DE001E389A08436]}
01-09 16:08:04.578 28851 28851 D [WeatherWidget(15061)]  : {[55815A80F8D7EB03565E3F8393CFF9E918AD5F915CD5FAE51E5B2FF14F5C1A4B1563130EEBFC107F9855B4CB50427F22]}
01-09 16:08:04.578 28851 28851 D [WeatherWidget(15061)]  DB L2: {[610591C4E30FED4A153FF198DAC84EFEE3319B0D622FD4A19809E90ED3C1398368D658B139FCCB8B9564F5B4E9CB634E025089AF9B0B38F9EE8980543750B5C2]}
01-09 16:08:04.579 28851 28851 D [WeatherWidget(15061)]  : {[E9BDC1AC9F9B078A92B3F309630276C89F9B6E52C087A495B97355481F2FDE5B58A757A09967AB7BD9E1187CEA5BB356FACBD4A552A7402C88647F970C513A69]}
01-09 16:08:04.579 28851 28851 D [WeatherWidget(15061)]  DB L2: {[610591C4E30FED4A153FF198DAC84EFE259FA03515F619060291D19B9A2E73CB46DA064369D1073FED4BA9669B425DCA3D3EB538FF3C6CA7E44CCE130CC0A821]}
01-09 16:08:04.580 28851 28851 D [WeatherWidget(15061)]  DB L2: {[610591C4E30FED4A153FF198DAC84EFE1A65FB0EE8B7C5763A9CB231BC13495CF89C30B92C9E7561C51C9274478BC651B9C23A0FBDD990095404322986B07EF9]}
01-09 16:08:04.581 28851 28851 D [WeatherWidget(15061)]  : {[65D4E43CEE7D8C0CDA49BFB88BB89A27968B4E49378209C95B4CB8E9297D0BA776AB8B73A7D0F31BC03EC238B8FC899F]}
01-09 16:08:04.581 28851 28851 D [WeatherWidget(15061)]  : {[59EA6A3DBAD270A161BB723EFF01548F9DD24336AF7B48BD918089CB2F6B87C0E00BEE977C0A4EA4DB8910CFEBD6D0CA]}
01-09 16:08:04.582 28851 28851 D [WeatherWidget(15061)]  : {[C779B23635AEA1DE19D8E21946A84D7EBF6E42F665CE93E080A88758086C57A2872D86BA4C7E046A66F229242CCEF589]}
01-09 16:08:04.584 28851 28851 D [WeatherWidget(15061)]  : {[B778DD2FBB910D9C0BC35536CD290B67B9F22D4F1CD949F4ACA881B9EAE6663F]}
01-09 16:08:04.584 28851 28851 D [WeatherWidget(15061)]  DB L2: {[610591C4E30FED4A153FF198DAC84EFEE3319B0D622FD4A19809E90ED3C1398368D658B139FCCB8B9564F5B4E9CB634E65F308C68D7B288D96D351410D4D0D9B]}
01-09 16:08:04.585 28851 28851 D [WeatherWidget(15061)]  : {[E9BDC1AC9F9B078A92B3F309630276C89F9B6E52C087A495B97355481F2FDE5B58A757A09967AB7BD9E1187CEA5BB356FACBD4A552A7402C88647F970C513A69]}
01-09 16:08:04.585 28851 28851 D [WeatherWidget(15061)]  DB L2: {[610591C4E30FED4A153FF198DAC84EFE259FA03515F619060291D19B9A2E73CB46DA064369D1073FED4BA9669B425DCA0C6B0152ADBDF479E3A0577E447A0DCD]}
01-09 16:08:04.586 28851 28851 D [WeatherWidget(15061)]  DB L2: {[610591C4E30FED4A153FF198DAC84EFE1A65FB0EE8B7C5763A9CB231BC13495CF89C30B92C9E7561C51C9274478BC6511BA3355B8B5CF6AE8A0D3D3E8C4BF3BC]}
01-09 16:08:04.587 28851 28851 D [WeatherWidget(15061)]  : {[AB2EA232D9D918C5DCF18761D4838C31104B8E91A5A763C5694710FFAD965B7D]}
01-09 16:08:04.590 28851 28851 D [WeatherWidget(15061)]  : {[6A7C0127EA4BBB302979E48D8BC3D458C7DE07B497371FE61B6D6EC2B5F9E5AC41901A7DD875AE27FFC2CB69504F2CE205D8EAAD9612B8B86848D8D0D378AB903E22B3138983ADD7A4784A6A23539245E55AC6E72AB63E47E3C47AA5E217E5FE]}
01-09 16:08:04.592 28851 28851 D [WeatherWidget(15061)]  : {[AB2EA232D9D918C5DCF18761D4838C31104B8E91A5A763C5694710FFAD965B7D]}
01-09 16:08:04.593 28851 28851 D [WeatherWidget(15061)]  : {[47835F44FEC2C7BBFBE7512D1F4A504EBD404C1A429956ABCB46767BFEF0647C]}
01-09 16:08:04.593 28851 28851 D [WeatherWidget(15061)]  DB L2: {[610591C4E30FED4A153FF198DAC84EFEE3319B0D622FD4A19809E90ED3C1398368D658B139FCCB8B9564F5B4E9CB634ECB81C5674526727C6961E236EFB19507]}
01-09 16:08:04.594 28851 28851 D [WeatherWidget(15061)]  : {[E9BDC1AC9F9B078A92B3F309630276C89F9B6E52C087A495B97355481F2FDE5B58A757A09967AB7BD9E1187CEA5BB356FACBD4A552A7402C88647F970C513A69]}
01-09 16:08:04.594 28851 28851 D [WeatherWidget(15061)]  DB L2: {[610591C4E30FED4A153FF198DAC84EFE259FA03515F619060291D19B9A2E73CB46DA064369D1073FED4BA9669B425DCAC73B68C1E5F86657BCB3C7860C5FE35C]}
01-09 16:08:04.594 28851 28851 D [WeatherWidget(15061)]  DB L2: {[610591C4E30FED4A153FF198DAC84EFE1A65FB0EE8B7C5763A9CB231BC13495CF89C30B92C9E7561C51C9274478BC651072C9FD24070B49F7B505EF75FC7DA73]}
01-09 16:08:04.597 28851 28851 D [WeatherWidget(15061)]  : {[A1AF0F6A1A65A89C43D705938923D0FEED5EA035ED6D20B759619BC00C9935D6831863E46609C00F8BD79F5366D18B84]}
01-09 16:08:04.598 28851 28851 D [WeatherWidget(15061)]  DateTimeUtil: {[A1AF0F6A1A65A89C43D705938923D0FE9DF34BB466E70FF7FD832CE714038F3A3776BB1F62D62DA80DD4A92EF35C4CD445754706FA22E18EA6EE4C5DFE5A8D8015F0293E3BBCCD400BE3EBF7F361FA015C5BF469B8015F45DCCBBB10EAB95175382FDFA3F596721B33D0989943534607]}
01-09 16:08:04.598 28851 28851 D [WeatherWidget(15061)]  : {[6C8BD4E604DF95F636C08F656DA275D4BC565E39B2BCB4A04CE7139F6599A9E603FD23FD6B3EAABCC3EE618F27B10668]}
01-09 16:08:04.599 28851 28851 D [WeatherWidget(15061)]  : {[AB2EA232D9D918C5DCF18761D4838C31104B8E91A5A763C5694710FFAD965B7D]}
01-09 16:08:04.599 28851 28851 D [WeatherWidget(15061)]  : {[C53CE27E092CD8BA4DFBF93175A1A85054BAB1668233A3939C20BCCE4C4E64AD]}
01-09 16:08:04.600 28851 28851 D [WeatherWidget(15061)]  DB L2: {[610591C4E30FED4A153FF198DAC84EFEE3319B0D622FD4A19809E90ED3C1398368D658B139FCCB8B9564F5B4E9CB634E03C20E0B99E1F82A2A47523E0BA877A1]}
01-09 16:08:04.600 28851 28851 D [WeatherWidget(15061)]  : {[E9BDC1AC9F9B078A92B3F309630276C89F9B6E52C087A495B97355481F2FDE5B58A757A09967AB7BD9E1187CEA5BB356FACBD4A552A7402C88647F970C513A69]}
01-09 16:08:04.601 28851 28851 D [WeatherWidget(15061)]  DB L2: {[610591C4E30FED4A153FF198DAC84EFE259FA03515F619060291D19B9A2E73CB46DA064369D1073FED4BA9669B425DCA5EEC9D7B0F8E0C976531DF0DE7420D2C]}
01-09 16:08:04.601 28851 28851 D [WeatherWidget(15061)]  DB L2: {[610591C4E30FED4A153FF198DAC84EFE1A65FB0EE8B7C5763A9CB231BC13495CF89C30B92C9E7561C51C9274478BC651C64F6C045FB3432ED5442CF995522A63]}
01-09 16:08:04.602 28851 28851 D [WeatherWidget(15061)]  : {[948A6EB1C0DA2798C54B3301BBDD45C0694648AA603980A166E458521D7F57068DD819869022A35A0407A2DC433DED9DDD1A9BFB11AE030A756CE09B0BE96FB8]}
01-09 16:08:04.603 28851 28851 D [WeatherWidget(15061)]  DB L2: {[610591C4E30FED4A153FF198DAC84EFEE3319B0D622FD4A19809E90ED3C1398368D658B139FCCB8B9564F5B4E9CB634E4C94B3E5427C88F9803F3D01DA25C6D4]}
01-09 16:08:04.603 28851 28851 D [WeatherWidget(15061)]  : {[E9BDC1AC9F9B078A92B3F309630276C89F9B6E52C087A495B97355481F2FDE5B58A757A09967AB7BD9E1187CEA5BB356FACBD4A552A7402C88647F970C513A69]}
01-09 16:08:04.604 28851 28851 D [WeatherWidget(15061)]  : {[9965EFA5A36BD1E3837939C6B9E80AA76D2E78EA3FD07038785F5CB313A0CE7A30B7D7AC7D0E7781ED148AECE3F71A76]}
01-09 16:08:04.605 28851 28851 D [WeatherWidget(15061)]  DB L2: {[610591C4E30FED4A153FF198DAC84EFEE3319B0D622FD4A19809E90ED3C1398368D658B139FCCB8B9564F5B4E9CB634E461274C2B964A9D3EC8D6702672CEB9B]}
01-09 16:08:04.605 28851 28851 D [WeatherWidget(15061)]  : {[E9BDC1AC9F9B078A92B3F309630276C89F9B6E52C087A495B97355481F2FDE5B58A757A09967AB7BD9E1187CEA5BB356FACBD4A552A7402C88647F970C513A69]}
01-09 16:08:04.607 28851 28851 D [WeatherWidget(15061)]  DB L2: {[610591C4E30FED4A153FF198DAC84EFE259FA03515F619060291D19B9A2E73CB46DA064369D1073FED4BA9669B425DCA329D173D003B72C1B9FF42606044FA51]}
01-09 16:08:04.609 28851 28851 D [WeatherWidget(15061)]  : {[AB2EA232D9D918C5DCF18761D4838C31104B8E91A5A763C5694710FFAD965B7D]}
01-09 16:08:04.610 28851 28851 D [WeatherWidget(15061)]  : {[4DDAD4FFEC751211057A46C65D5CC8CB940267D64149B4EA741F4074EDA0F3C3]}
01-09 16:08:04.611 28851 28851 D [WeatherWidget(15061)]  : {[8A6B22D311CC62E1DFE8D83ADE676BAF5784C7E08D8E6335AA252FCF3CA5BDE0]}
01-09 16:08:04.611 28851 28851 D [WeatherWidget(15061)]  : {[AB2EA232D9D918C5DCF18761D4838C31104B8E91A5A763C5694710FFAD965B7D]}
01-09 16:08:04.612 28851 28851 D [WeatherWidget(15061)]  : {[AB2EA232D9D918C5DCF18761D4838C31104B8E91A5A763C5694710FFAD965B7D]}
01-09 16:08:04.612 28851 28851 D [WeatherWidget(15061)]  DB L2: {[610591C4E30FED4A153FF198DAC84EFE34105AC04224A27A6EA4D87EAF16DF76B52CD5EF9AE8CDBACF25F24E6EA3A49D0A96752EED465D56B7283C4C4E2DB35C]}
01-09 16:08:04.613 28851 28851 D [WeatherWidget(15061)]  DB L2: {[610591C4E30FED4A153FF198DAC84EFEE3319B0D622FD4A19809E90ED3C1398368D658B139FCCB8B9564F5B4E9CB634E465D312D1A681B9399FFD47CE1046B21]}
01-09 16:08:04.614 28851 28851 D [WeatherWidget(15061)]  : {[E9BDC1AC9F9B078A92B3F309630276C89F9B6E52C087A495B97355481F2FDE5B58A757A09967AB7BD9E1187CEA5BB356FACBD4A552A7402C88647F970C513A69]}
01-09 16:08:04.614 28851 28851 D [WeatherWidget(15061)]  DB L2: {[610591C4E30FED4A153FF198DAC84EFE259FA03515F619060291D19B9A2E73CB46DA064369D1073FED4BA9669B425DCA0560A7E655726BC5F913EE54804AFA12]}
01-09 16:08:04.615 28851 28851 D [WeatherWidget(15061)]  DB L2: {[610591C4E30FED4A153FF198DAC84EFE1A65FB0EE8B7C5763A9CB231BC13495CF89C30B92C9E7561C51C9274478BC6514969C225AD845429711CA8AE4D05C70E]}
01-09 16:08:04.623  3757  5063 D AppWidgetServiceImpl: updateAppWidgetInstanceLocked, full update widget = AppWidgetId{2:Host{HostId{user:0, app:10081, hostId:1024, pkg:com.sec.android.app.launcher}}:Provider{ProviderId{user:0, app:10184, cmp:ComponentInfo{com.sec.android.daemonapp/com.sec.android.daemonapp.appwidget.WeatherAppWidget}}}}
01-09 16:08:04.629  3757  3757 D AppWidgetServiceImpl: handleNotifyUpdateAppWidget, w = AppWidgetId{2:Host{HostId{user:0, app:10081, hostId:1024, pkg:com.sec.android.app.launcher}}:Provider{ProviderId{user:0, app:10184, cmp:ComponentInfo{com.sec.android.daemonapp/com.sec.android.daemonapp.appwidget.WeatherAppWidget}}}}, isBlackListWidget = false, mIsPolicySeqNum = true, mIsPolicyTooLarge = true, mIsPolicySkipMerge = true
01-09 16:08:04.629  3757  3757 D AppWidgetServiceImpl: handleNotifyUpdateAppWidget, seqNumber = 110
01-09 16:08:04.638  3757  6272 D CompatibilityInfo: mCompatibilityFlags - 0
01-09 16:08:04.638  3757  6272 D CompatibilityInfo: applicationDensity - 420
01-09 16:08:04.638  3757  6272 D CompatibilityInfo: applicationScale - 1.0
01-09 16:08:04.640 28851 28851 D [WeatherWidget(15061)]  WeatherAppWidget2x1: {[9C41A2EAFAAB2EF4F8363256C22FE8AD24D3616384EBEB10D68DCF98DD19E13C8DAEC659FCF79C4F6DA3AFAC23ED58EA3D4378042F5849EE7FB8C870D83CEAC0FF8D7CB56B4EBFCE49B698FEAD4F8865FE6B57F91143F0D1AF4A03B624757E0822C624EAFAD0B0166EBDD301EF56B9B38E7A7401AB6D8780C153672E628E6E66]}
01-09 16:08:04.643  5918  5932 I art     : Background partial concurrent mark sweep GC freed 263417(12MB) AllocSpace objects, 20(1120KB) LOS objects, 39% free, 18MB/31MB, paused 953us total 200.068ms
01-09 16:08:04.644 28851 28851 D [WeatherWidget(15061)]  WeatherAppWidget2x1: {[9C41A2EAFAAB2EF4F8363256C22FE8AD773772D9F7F97004FA2809B1271F964067B7E70A50E611E89C14863617FEBC955198FC6BA4F5710E9F626FE9D5618A6F]}
01-09 16:08:04.644 28851 28851 D [WeatherWidget(15061)]  : {[907D161D855C099E8A312E5C2BBE6025535DBBB5BBD827FC6E63D75F709CFBF954AE0885C52E41F05277D5DF3BE7D89405855AAA9A62A3E6274E1ABA76517016]}
01-09 16:08:04.645  3757 32085 D AudioService: getStreamVolume 3 index 120
01-09 16:08:04.645 28851 28851 D [WeatherWidget(15061)]  WeatherAppWidget2x1: {[9C41A2EAFAAB2EF4F8363256C22FE8AD176C2E70281622FE10C55CE4F020D91847EBF4B34973709DA9F468F8024D59099B1123845E09A0FAC59473FA9ED60953]}
01-09 16:08:04.651  3757  7201 D CompatibilityInfo: mCompatibilityFlags - 0
01-09 16:08:04.651  3757  7201 D CompatibilityInfo: applicationDensity - 420
01-09 16:08:04.651  3757  7201 D CompatibilityInfo: applicationScale - 1.0
01-09 16:08:04.653 28851 28851 D [WeatherWidget(15061)]  EasyWeatherAppWidget: {[48948B2BE5213A6D5B0C9B7747497512CAC38177609B2B6F1F16DB965D7D43410EDA2D444ACBA386E91E1FA6B3C38870128DD346C4D39F4B310AAEB16D5215E65B3E04A593E577F60D76D1932AD9EADD94EAF615C6107B1CB6BBC6925C276A50905BC4844BCE60A7227618CF993BA17DA830805EE8E3DA8C533D9DA98B1EDC70]}
01-09 16:08:04.658 28851 28851 D [WeatherWidget(15061)]  : {[907D161D855C099E8A312E5C2BBE6025535DBBB5BBD827FC6E63D75F709CFBF954AE0885C52E41F05277D5DF3BE7D89405855AAA9A62A3E6274E1ABA76517016]}
01-09 16:08:04.658 28851 28851 D [WeatherWidget(15061)]  EasyWeatherAppWidget: {[48948B2BE5213A6D5B0C9B7747497512D7646A5A57C4B1820BB1D39DF9F23EA3D05ADA26DF3F5FEC4FA6AFC9EED5963485B3863BE45B906B9F93E60E1BD5AC1F]}
01-09 16:08:04.664  3757  4469 D CompatibilityInfo: mCompatibilityFlags - 0
01-09 16:08:04.664  3757  4469 D CompatibilityInfo: applicationDensity - 420
01-09 16:08:04.664  3757  4469 D CompatibilityInfo: applicationScale - 1.0
01-09 16:08:04.666 28851 28851 D [WeatherWidget(15061)]  DB L2: {[610591C4E30FED4A153FF198DAC84EFEE3319B0D622FD4A19809E90ED3C1398368D658B139FCCB8B9564F5B4E9CB634E5631E1BEE63561F7C73B69D46B9D0806]}
01-09 16:08:04.666 28851 28851 D [WeatherWidget(15061)]  : {[E9BDC1AC9F9B078A92B3F309630276C89F9B6E52C087A495B97355481F2FDE5B58A757A09967AB7BD9E1187CEA5BB356FACBD4A552A7402C88647F970C513A69]}
01-09 16:08:04.667 28851 28851 D [WeatherWidget(15061)]  : {[5FC4320581A8AC15DE22E16C22104154DDB37EC6622F7E91D9C1CCFAC2B2EF80F93C376ECC4FBB424F7FF28F4280227DB334EA55199F7AACE77E1F7E05855FE9C5216C1E592E2DE9E3372C7DE1544C653B39BB904C4BB23956C2942A765DE4897EE4944E1A5DF873C5C36E467FF60B9115DA36AF64C64BACED3980A1B336FEA5]}
01-09 16:08:04.667 28851 28851 D [WeatherWidget(15061)]  DB L2: {[610591C4E30FED4A153FF198DAC84EFE259FA03515F619060291D19B9A2E73CB46DA064369D1073FED4BA9669B425DCA30E54649FAABB6C1C667D1440E5AAE71]}
01-09 16:08:04.667 28851 28851 E [WeatherWidget(15061)]  : {[2199EA5540A978CF17D17C413568550AD4BAB8F3CC7B6E7B1F57271E9DB2E3B4EFB2331D03CB1080D541ED3A459C40D58B8BE1E09C9D17723ECF142F3ABDB479]}
01-09 16:08:04.773  4616  4823 D NetworkController.MobileSignalController(0/1): onSignalStrengthsChanged signalStrength=SignalStrength: 99 99 -120 -160 -120 -1 -1 19 -104 -11 54 2147483647 2147483647 0x3000 gsm|lte level=3
01-09 16:08:04.774  4616  4823 D NetworkController.MobileSignalController(0/1): getMobileIconGroup(): 13
01-09 16:08:04.774  4616  4823 D NetworkController.MobileSignalController(0/1): updateVZWMobileIconGroup(): 13
01-09 16:08:04.786  5035  5670 D EPDG -- [SMARTWIFI]: onSignalStrengthsChanged: Received signal strength change, phone type is: 2
01-09 16:08:04.787  5035  6446 D EPDG -- [SMARTWIFI]: lastLteRSRP is -106currentLteRSRP is -104
01-09 16:08:04.787  5035  6446 D EPDG -- [SMARTWIFI]: lastLteRSRQ is -12currentLteRSRQ is -11
01-09 16:08:04.788  5035  6446 D EPDG -- [SMARTWIFI]: lastCdmaDb is -16currentCdmaDb is -16
01-09 16:08:04.788  5035  6446 V EPDG -- [SMARTWIFI]: Radio oldest entry removed
01-09 16:08:04.788  5035  6446 V EPDG -- [SMARTWIFI]: New entry : (SignalStrength: 99 99 -120 -160 -120 -1 -1 19 -104 -11 54 2147483647 2147483647 0x3000 gsm|lte : 0 )
01-09 16:08:04.788  5035  6446 V EPDG -- [SMARTWIFI]: Radio entry added
01-09 16:08:04.789  4616  4823 D NetworkController.MobileSignalController(0/1): callState:0, callStateByPhone:false voLTECall:false voiceNetTpe:13 dataNetType:13, ine911:false, emergencyCallbackMode:false
01-09 16:08:04.848  3757  7201 D AudioService: getStreamVolume 3 index 120
01-09 16:08:04.986  3757  9599 D SSRM:t  : SIOP:: AP = 340, PST = 340 (W:14), CP = 269, CUR = 121, LCD = 0
01-09 16:08:04.989  3757  9599 D ConnectivityService: filterNetworkStateForUid() uid: 1000 networkInfo: [type: WIFI[] - WIFI, state: CONNECTED/CONNECTED, reason: (unspecified), extra: "wilkinson2.4", failover: false, available: true, roaming: false, metered: false]
01-09 16:08:05.051  3757 29842 D AudioService: getStreamVolume 3 index 120
01-09 16:08:05.254  3757  4473 D AudioService: getStreamVolume 3 index 120
01-09 16:08:05.457  3757  5902 D AudioService: getStreamVolume 3 index 120
01-09 16:08:05.665  3757  3771 D AudioService: getStreamVolume 3 index 120
01-09 16:08:05.912  3757 29838 D AudioService: getStreamVolume 3 index 120
01-09 16:08:05.928 27387 27413 D UE4     : Used memory: 173672
01-09 16:08:06.116  3757 32084 D AudioService: getStreamVolume 3 index 120
01-09 16:08:06.175  5689  5689 D io_stats: !@   8,0 r 1293535 39940216 w 1148338 26474892 d 182672 14490356 f 323398 323305 iot 1937590 1053738 th 61440 61440 46984 pt 8330 inp 0 0 103953.362
01-09 16:08:06.330  3757 31270 D AudioService: getStreamVolume 3 index 120
01-09 16:08:06.419 22026 22040 I Finsky  : [3384] com.google.android.finsky.bn.an.run(6): Stats for Executor: BlockingExecutor com.google.android.finsky.bn.ao@b116f39[Running, pool size = 0, active threads = 0, queued tasks = 0, completed tasks = 12]
01-09 16:08:06.421 22026 22040 I Finsky  : [3384] com.google.android.finsky.bn.an.run(6): Stats for Executor: LightweightExecutor com.google.android.finsky.bn.ao@565e97e[Running, pool size = 4, active threads = 0, queued tasks = 0, completed tasks = 56]
01-09 16:08:06.541  3757 31269 D AudioService: getStreamVolume 3 index 120
01-09 16:08:06.649 22026 22040 I Finsky  : [3384] com.google.android.finsky.bn.an.run(6): Stats for Executor: bgExecutor com.google.android.finsky.bn.ao@efcfedf[Running, pool size = 4, active threads = 0, queued tasks = 0, completed tasks = 10]
01-09 16:08:06.650 22026 22040 I Finsky  : [3384] com.google.android.finsky.bn.an.run(6): Stats for Executor: SimChangeExecutor com.google.android.finsky.bn.ao@6daa72c[Running, pool size = 1, active threads = 1, queued tasks = 4, completed tasks = 0]
01-09 16:08:06.745  3757  5062 D AudioService: getStreamVolume 3 index 120
01-09 16:08:06.882 22026 22040 I Finsky  : [3384] com.google.android.finsky.bn.an.run(6): Stats for Executor: Db-xternal_referrer_status.db com.google.android.finsky.bn.ao@210c5f5[Running, pool size = 0, active threads = 0, queued tasks = 0, completed tasks = 1]
01-09 16:08:06.885 22026 22040 I Finsky  : [3384] com.google.android.finsky.bn.an.run(6): Stats for Executor: Db-split_install_service com.google.android.finsky.bn.ao@df31f8a[Running, pool size = 0, active threads = 0, queued tasks = 0, completed tasks = 2]
01-09 16:08:06.892 22026 22040 I Finsky  : [3384] com.google.android.finsky.bn.an.run(6): Stats for Executor: SplitInstallBackgroundThread com.google.android.finsky.bn.ao@2dca9fb[Running, pool size = 0, active threads = 0, queued tasks = 0, completed tasks = 1]
01-09 16:08:06.907 22026 22040 I Finsky  : [3384] com.google.android.finsky.bn.an.run(6): Stats for Executor: StorageAwareDownloadServiceManagerSpaceChecker com.google.android.finsky.bn.ao@6e10a18[Running, pool size = 0, active threads = 0, queued tasks = 0, completed tasks = 0]
01-09 16:08:06.948  3757 29841 D AudioService: getStreamVolume 3 index 120
01-09 16:08:07.154  3757  7216 D AudioService: getStreamVolume 3 index 120
01-09 16:08:07.184 22026 22040 I Finsky  : [3384] com.google.android.finsky.bn.an.run(6): Stats for Executor: InstallBackgroundThread com.google.android.finsky.bn.ao@574cc71[Running, pool size = 0, active threads = 0, queued tasks = 0, completed tasks = 1]
01-09 16:08:07.189 22026 22040 I Finsky  : [3384] com.google.android.finsky.bn.an.run(6): Stats for Executor: Db-install_service com.google.android.finsky.bn.ao@96baa56[Running, pool size = 0, active threads = 0, queued tasks = 0, completed tasks = 0]
01-09 16:08:07.195 22026 22040 I Finsky  : [3384] com.google.android.finsky.bn.an.run(6): Stats for Executor: InstallBackgroundThread com.google.android.finsky.bn.ao@541ead7[Running, pool size = 0, active threads = 0, queued tasks = 0, completed tasks = 0]
01-09 16:08:07.364  3757  2859 D AudioService: getStreamVolume 3 index 120
01-09 16:08:07.568  3757 29842 D AudioService: getStreamVolume 3 index 120
01-09 16:08:07.772  3757  4473 D AudioService: getStreamVolume 3 index 120
01-09 16:08:07.974  3757  3770 D AudioService: getStreamVolume 3 index 120
01-09 16:08:08.181  3757  7203 D AudioService: getStreamVolume 3 index 120
01-09 16:08:08.220 22026 22040 I Finsky  : [3384] com.google.android.finsky.bn.an.run(6): Stats for Executor: Db-user_languages_store com.google.android.finsky.bn.ao@be8afc4[Running, pool size = 0, active threads = 0, queued tasks = 0, completed tasks = 1]
01-09 16:08:08.327  3757  4398 D InputReader: Input event(5): value=1 when=103955520473000
01-09 16:08:08.332  3757  4398 D InputReader: !@notifyKey(172), action=0
01-09 16:08:08.334  3757  4398 D InputManager-JNI: !@interceptKeyBeforeQueueing(172), action=0, interactive=false
01-09 16:08:08.346  3757  4398 D SamsungPhoneWindowManager: mWakeUpBooster.acquire()
01-09 16:08:08.355  3757  4398 D PowerManagerService: [api] [s] wakeUpWithReason (uid: 1000 pid: 3757) eventTime = 103955520 event = 1
01-09 16:08:08.358  3757  4398 I PowerManagerService: !@[ps] Screen__On  - 275 :  wakeUpWithReason: 1 (uid: 1000 pid: 3757) (1)
01-09 16:08:08.358  3757  4398 I PowerManagerService: Waking up from sleep (uid 1000)...
01-09 16:08:08.359  3757  4550 D NetworkPolicy: onScreenStateChanged, state: true, reason: 1
01-09 16:08:08.360  3757  4398 D InputManager-JNI: setInteractive(true)
01-09 16:08:08.360  3757  4398 D InputReader: Device ID 3: Releasing active all slots palm because the phone became interactive
01-09 16:08:08.366  3757  4550 V KeyguardServiceDelegate: onStartedWakingUp() reason:1
01-09 16:08:08.366  3757  4550 D PowerManagerNotifier: handleEarlyInteractiveChange reason = 1
01-09 16:08:08.368  4616  4642 D KeyguardViewMediator: onStartedWakingUpWithReason, seq = 276 why = 1
01-09 16:08:08.368  4616  4642 D KeyguardViewMediator: notifyStartedWakingUp
01-09 16:08:08.369  4616  4616 D KeyguardViewMediator: handleNotifyWakingUp
01-09 16:08:08.382  4616  4616 D KeyguardFingerPrint: shouldListenForFingerprint ( isFingerprintEnabled = true , mKeyguardIsVisible = true , mDeviceInteractive = true , mBouncer = false , mGoingToSleep = false , mSwitchingUser = false , mFingerprintAlreadyAuthenticated = false , mKeyguardUnlocking = false
01-09 16:08:08.386  3757  4398 D PowerManagerService: [PWL] sb acquire: PowerManagerService.Broadcasts
01-09 16:08:08.402  3757  4398 D PowerManagerService: [s] getScreenOffTimeoutLocked: 600000 -> 3000
01-09 16:08:08.402  3757  4398 D PowerManagerService: [s] UserActivityState : 0 -> 1
01-09 16:08:08.403  3757  3795 D DisplayPowerController: animateScreenStateChange[0]: target=2
01-09 16:08:08.403  3757  3795 D DisplayPowerController: [M OS] 0 REPORTED_TO_POLICY_SCREEN_OFF -> REPORTED_TO_POLICY_SCREEN_TURNING_ON.
01-09 16:08:08.403  3757  3795 I DisplayPowerController: Blocking screen on until initial contents have been drawn.
01-09 16:08:08.403  3757  3795 V KeyguardServiceDelegate: onScreenTurnedOn(showListener = com.android.server.policy.PhoneWindowManager$2@f7e3f8c)
01-09 16:08:08.404  3757  3795 D DisplayPowerController: mWindowManagerPolicy.screenTurningOn(mPendingScreenOnUnblocker, 0)
01-09 16:08:08.404  3757  3795 D DisplayPowerController: animateScreenStateChange[0]: return as screen on blocked
01-09 16:08:08.404  3757  3795 D DisplayPowerController: [Dual Screen Compatible] state[0] :2
01-09 16:08:08.404  3757  3795 D AutomaticBrightnessController: [DAB] no lux value from sensor manager
01-09 16:08:08.404  3757  3795 D DisplayPowerController: getFinalBrightness : Summary is 116 -> 116
01-09 16:08:08.404  3757  3795 D DisplayPowerController: Animating brightness: target=116, rate=0 (PSM:true, AB limit:(-1 ~ -1) MB Limit:(-1 ~ -1))
01-09 16:08:08.404  3757  3795 D PowerManagerService: [PWL] sb acquire: PowerManagerService.Display
01-09 16:08:08.405  4616  5097 D KeyguardViewMediator: notifyScreenOn
01-09 16:08:08.406  3757  4552 D AutomaticBrightnessController: [DAB] setLightSensorEnabled : registerListenerRunnable
01-09 16:08:08.408  3757  4552 W CAE     : setCAProperty(ContextAwareService.java:589) - [setProperty 01] Mutex is locked for AUTO_BRIGHTNESS
01-09 16:08:08.410  3757  4552 I CAE     : setPropertyValue(AutoBrightnessRunner.java:126) - Mode = 0
01-09 16:08:08.411  3757  4552 I CAE     : sendCmdToSensorHub(SensorHubCommManager.java:162) - -63, 23, 48, 1, 0,
01-09 16:08:08.411  3757  4552 D SensorHubManager: SendSensorHubData: send data = -63, 23, 48, 1, 0
01-09 16:08:08.412  3757  3795 D DisplayPowerController: animateScreenStateChange[0]: target=2
01-09 16:08:08.412  3757  3795 D DisplayPowerController: animateScreenStateChange[0]: return as screen on blocked
01-09 16:08:08.412  3757  3795 D DisplayPowerController: [Dual Screen Compatible] state[0] :2
01-09 16:08:08.412  3757  3795 D DisplayPowerController: getFinalBrightness : Summary is 116 -> 116
01-09 16:08:08.412  3757  3795 D DisplayPowerController: Animating brightness: target=116, rate=2000 (PSM:true, AB limit:(-1 ~ -1) MB Limit:(-1 ~ -1))
01-09 16:08:08.414  3227  3227 D Sensorhubs: sendContextData: -63, 23, 48, 1, 0
01-09 16:08:08.414  3757  4398 D PowerManagerService: mDisplayReady: false
01-09 16:08:08.415  3757  3800 I libsuspend: !@autosuspend_wakeup_count_disable
01-09 16:08:08.415  3757  3800 I libsuspend: !@autosuspend_wakeup_count_disable done
01-09 16:08:08.415  3757  3800 D DisplayManagerService: !@display_state: OFF -> ON brightness: 0 -> 0
01-09 16:08:08.416  3757  3793 I DisplayManagerService: Display device changed state: "Built-in Screen", ON
01-09 16:08:08.420  3215  3215 D SurfaceFlinger: Set power mode=2, type=0 flinger=0x7effa88e80
01-09 16:08:08.421  3215  3215 I hwcomposer: int exynos_setPowerMode(struct hwc_composer_device_1 *, int, int):: disp(0), mode(2)
01-09 16:08:08.453  3757  9599 D GameManagerService: identifyGamePackage. com.GeekTechnique.InfinityStack
01-09 16:08:08.465  3757  4398 D InputManager-JNI: !@handleInterceptActions(172), action=0, wmActions=0
01-09 16:08:08.465  3757  4398 D InputManager-JNI: Disable repeat for home key when device wake up
01-09 16:08:08.471  3757  4398 D InputReader: Input event(5): value=0 when=103955650160000
01-09 16:08:08.471  3757  4398 D InputReader: !@notifyKey(172), action=1
01-09 16:08:08.474  3757  4552 I CAE     : setCAProperty(ContextAwareService.java:594) - result : true
01-09 16:08:08.475  3757  4552 W CAE     : setCAProperty(ContextAwareService.java:595) - [setProperty 02] Mutex is unlocked for AUTO_BRIGHTNESS
01-09 16:08:08.477  3757  4552 W CAE     : registerCallback(ContextAwareService.java:155) - [regi 01] Mutex is locked for AUTO_BRIGHTNESS
01-09 16:08:08.478  3757  4398 D InputManager-JNI: !@interceptKeyBeforeQueueing(172), action=1, interactive=true
01-09 16:08:08.479  3757  4398 D InputManager-JNI: !@handleInterceptActions(172), action=1, wmActions=1
01-09 16:08:08.479  3757  9599 D SSRM:t  : SIOP:: AP = 340, PST = 338 (W:14), CP = 268, CUR = 116, LCD = 0
01-09 16:08:08.485  3757  3757 D GameManagerService: onDisplayChanged. displyId: 0
01-09 16:08:08.486  3757  3757 D GameManagerService: dpi: 420, longPixel: 1920, shortPixel: 1080
01-09 16:08:08.488  4616  4616 V KeyguardFingerPrint: startListeningForFingerprint()
01-09 16:08:08.492  3757  4397 I WindowManager: Ignoring HOME; down is not pressed.
01-09 16:08:08.492  3757  4552 V CAE     : start(ContextProvider.java:128)
01-09 16:08:08.492  3757  3757 D LightsService: [api] [SvcLED] turnOff:: id = 5 (uid: 1000 pid: 3757) 
01-09 16:08:08.493  3757  3757 D PowerManagerUtil: fileWriteString to /sys/power/wake_lock, LightsService
01-09 16:08:08.493  3757  3757 D LightsService: [SvcLED] setSvcLedStateLocked:: SvcLEDState : 0x10 -> 0x0 | SvcLED(id=5) set Off
01-09 16:08:08.493  3757  3757 D BatteryService: turn off LED
01-09 16:08:08.493  3757  3799 D LightsService: [SvcLED] handleForcedSvcLEDTask()
01-09 16:08:08.494  3757  3799 D PowerManagerUtil: fileWriteInt to /sys/class/sec/led/led_lowpower, 1
01-09 16:08:08.494  3757  9599 D ConnectivityService: filterNetworkStateForUid() uid: 1000 networkInfo: [type: WIFI[] - WIFI, state: CONNECTED/CONNECTED, reason: (unspecified), extra: "wilkinson2.4", failover: false, available: true, roaming: false, metered: false]
01-09 16:08:08.494  3757  3799 D lights  : led_pattern : 0 +
01-09 16:08:08.498  3757  3799 D lights  : led_pattern : 0 -
01-09 16:08:08.498  3757  3799 D LightsService: [SvcLED]  setSvcLedLightLocked :: Current SvcLED(id=5) maintains its priority right
01-09 16:08:08.498  3757  3799 D PowerManagerUtil: fileWriteString to /sys/power/wake_unlock, LightsService
01-09 16:08:08.498  3757  4552 V CAE     : clear(AutoBrightnessRunner.java:267)
01-09 16:08:08.498  3757  4552 V CAE     : enable(AutoBrightnessRunner.java:243)
01-09 16:08:08.499  3757  4552 I CAE     : sendCmdToSensorHub(SensorHubCommManager.java:162) - -79, 48, 0,
01-09 16:08:08.499  3757  4552 D SensorHubManager: SendSensorHubData: send data = -79, 48, 0
01-09 16:08:08.500  3227  3262 D Sensorhubs: sendContextData: -79, 48, 0
01-09 16:08:08.500 22026 22040 I Finsky  : [3384] com.google.android.finsky.bn.an.run(6): Stats for Executor: InstallBackgroundThread com.google.android.finsky.bn.ao@d38bead[Running, pool size = 0, active threads = 0, queued tasks = 0, completed tasks = 0]
01-09 16:08:08.500 22026 22040 I Finsky  : [3384] com.google.android.finsky.bn.an.run(6): Stats for Executor: InstallBackgroundThread com.google.android.finsky.bn.ao@21015e2[Running, pool size = 0, active threads = 0, queued tasks = 0, completed tasks = 0]
01-09 16:08:08.501  3757  5063 D AudioService: getStreamVolume 3 index 120
01-09 16:08:08.504  3757 29841 D FingerprintService: getEnrolledFingerprints : userId = 0
01-09 16:08:08.506  3757 29839 I FingerprintService: cancelAuthentication : token=android.os.BinderProxy@d6e3b55 from pid=4616, from uid=10055
01-09 16:08:08.507  3757 32083 I FingerprintService: authenticate: groudId=0 from pid=4616
01-09 16:08:08.508  3757  4552 D CAE     : getFaultDetectionResult(AutoBrightnessRunner.java:281) - true
01-09 16:08:08.509  3757  4552 I CAE     : notifyCmdProcessResultObserver(ContextProvider.java:627) - CheckResult = 0, Cause = Success
01-09 16:08:08.510  3757  9599 D TelephonyManager: getAllCellInfo : Caller (PID / UID / TID): 3757 / 1000 / 9599
01-09 16:08:08.513  4616  4616 D LockIcon: state = 0, mLastState = 0, mDeviceInteractive = true, mLastDeviceInteractive = true, mScreenOn = false, mLastScreenOn = false,  force = false
01-09 16:08:08.516  4616  4616 D KeyguardViewMediator: handleNotifyScreenTurningOn
01-09 16:08:08.517  4616 28985 I KeyguardViewMediator: notifyScreenOnOffToNotes(com.samsung.android.snote.SCREEN_ON)
01-09 16:08:08.519  3757  4473 I Sensors : Proximity old sensor_state 1, new sensor_state : 129 en : 1
01-09 16:08:08.520  3757  4552 D CAE     : doCommendProcess(ContextAwareService.java:444) - complete notify the operation result.
01-09 16:08:08.522  3757  4552 I CAE     : displayUsedCountForService(ContextAwareService.java:536) - totalCnt = 1, serviceCount = 1, subCollectionCount = 0
01-09 16:08:08.523  3757  4552 D CAE     : showListenerList(ContextAwareService.java:377) - ===== Context Aware Service List =====
01-09 16:08:08.523  3757  4552 I CAE     : showListenerList(ContextAwareService.java:386) - Listener : com.samsung.android.contextaware.manager.ContextAwareService$Listener@ede0346, Service : ACTIVITY_TRACKER_CURRENT_INFO(1)
01-09 16:08:08.523  3757  4552 I CAE     : showListenerList(ContextAwareService.java:386) - Listener : com.samsung.android.contextaware.manager.ContextAwareService$Listener@a1e54e0, Service : PEDOMETER(1)
01-09 16:08:08.524  3757  4552 I CAE     : showListenerList(ContextAwareService.java:386) - Listener : com.samsung.android.contextaware.manager.ContextAwareService$Listener@a1e54e0, Service : PEDOMETER_CURRENT_INFO(1)
01-09 16:08:08.524  3757  4552 I CAE     : showListenerList(ContextAwareService.java:386) - Listener : com.samsung.android.contextaware.manager.ContextAwareService$Listener@be8214b, Service : ACTIVITY_TRACKER_BATCH(1)
01-09 16:08:08.524  3757  4552 I CAE     : showListenerList(ContextAwareService.java:386) - Listener : com.samsung.android.contextaware.manager.ContextAwareService$Listener@18edc41, Service : STEP_LEVEL_MONITOR(1)
01-09 16:08:08.524  3757  4552 I CAE     : showListenerList(ContextAwareService.java:386) - Listener : com.samsung.android.contextaware.manager.ContextAwareService$Listener@4e90faf, Service : SENSOR_STATUS_CHECK_RUNNER(1)
01-09 16:08:08.525  3757  4552 I CAE     : showListenerList(ContextAwareService.java:386) - Listener : com.samsung.android.contextaware.manager.ContextAwareService$Listener@6c1596a, Service : AUTO_BRIGHTNESS(1)
01-09 16:08:08.525  3757  4552 W CAE     : registerCallback(ContextAwareService.java:191) - [regi 02] Mutex is unlocked for AUTO_BRIGHTNESS
01-09 16:08:08.525  3757  4552 D SemContextService: 	.registerCallback : 4, client=
01-09 16:08:08.525  3757  4552 D SemContextService: ===== SemContext Service List =====
01-09 16:08:08.525  3757  4552 D SemContextService: Listener : com.samsung.android.hardware.context.SemContextService$Listener@8069509, Service : Pedometer
01-09 16:08:08.525  3757  4552 D SemContextService: Listener : com.samsung.android.hardware.context.SemContextService$Listener@8069509, Service : Step Level Monitor
01-09 16:08:08.525  3757  4552 D SemContextService: Listener : com.samsung.android.hardware.context.SemContextService$Listener@6fd3728, Service : Activity Batch
01-09 16:08:08.525  3757  4552 D SemContextService: Listener : com.samsung.android.hardware.context.SemContextService$Listener@a5d2fbc, Service : Sensor Status Check
01-09 16:08:08.525  3757  4552 D SemContextService: Listener : com.samsung.android.hardware.context.SemContextService$Listener@b8d8e5b, Service : Auto Brightness
01-09 16:08:08.526  3757  4552 D SemContextManager:   .registerListener : listener = android.hardware.scontext.SContextManager$SContextListenerDelegate@bab1b51, service=Auto Brightness
01-09 16:08:08.526  3757  4552 D SContextManager:   .registerListener : listener = com.android.server.display.AutomaticBrightnessController$5@265e6d5, service=Auto Brightness
01-09 16:08:08.526  3757  4552 D PowerManagerUtil: Excessive delay in SensorHubAutoBrightnessEnabled::registerListener done: 120ms
01-09 16:08:08.531 25196 25196 D InstantMemo_Service: mScreenReceiver
01-09 16:08:08.532 25196 25196 D InstantMemo_Service: onReceive mScreenStatuscom.samsung.android.snote.SCREEN_ON
01-09 16:08:08.532 25196 25196 D InstantMemo_Service: mPISCloseReceiver close()
01-09 16:08:08.532 25196 25196 D InstantMemo_Service: preInitService Close
01-09 16:08:08.532 25196 25196 D InstantMemo_Service: doStopSelf() mDestroy is false mReStart is 0
01-09 16:08:08.533  3215  3266 I Layer   : [com.GeekTechnique.InfinityStack/com.epicgames.ue4.GameActivity] addSyncPoint start
01-09 16:08:08.533  3215  3266 I Layer   : [com.GeekTechnique.InfinityStack/com.epicgames.ue4.GameActivity] addSyncPoint end
01-09 16:08:08.533  3215  3266 I Layer   : [com.GeekTechnique.InfinityStack/com.epicgames.ue4.GameActivity] addSyncPoint start
01-09 16:08:08.533  3215  3266 I Layer   : [com.GeekTechnique.InfinityStack/com.epicgames.ue4.GameActivity] addSyncPoint end
01-09 16:08:08.533  4616  4616 D SensorManager: registerListener :: 5, TMD4903 Proximity Sensor, 20000, 0,  
01-09 16:08:08.534  4616  4616 D KeyguardServiceBoxContainer: refreshTime()
01-09 16:08:08.534  4616  4616 I KeyguardClockPage: refreshTime(): DefaultSingle2016 hometime:America/New_York locale:en_US hasBG?false, Roaming:false
01-09 16:08:08.534  3268  3268 D bauth_service: BAuthService, 371
01-09 16:08:08.534  3268  3268 D bauth_FPBAuthService: thread id : 3, preenroll_flag : 0, nd cnt : 0
01-09 16:08:08.534  3268  3268 D bauth_service: BAuthService, 390
01-09 16:08:08.534  3215 15153 I Layer   : [com.GeekTechnique.InfinityStack/com.epicgames.ue4.GameActivity] addSyncPoint start
01-09 16:08:08.534  3215 15153 I Layer   : [com.GeekTechnique.InfinityStack/com.epicgames.ue4.GameActivity] addSyncPoint end
01-09 16:08:08.534  3215 15153 I Layer   : [com.GeekTechnique.InfinityStack/com.epicgames.ue4.GameActivity] addSyncPoint start
01-09 16:08:08.534  3215 15153 I Layer   : [com.GeekTechnique.InfinityStack/com.epicgames.ue4.GameActivity] addSyncPoint end
01-09 16:08:08.535  3757  3757 D FingerprintService: ClientMonitor: 10000000000000000000000000010111
01-09 16:08:08.535 25196 25196 D ViewRootImpl@c5dc595[InstantMemo_Service]: mHardwareRenderer.destroy()#4
01-09 16:08:08.535  3268  3268 V fingerprintd: authenticate(sid=0, gid=0)
01-09 16:08:08.535  3268  3268 D bauth_service: BAuthService, 324
01-09 16:08:08.535  3268  3268 D bauth_service: BAuthService, 54
01-09 16:08:08.537 25196 25196 D InstantMemo_Service: doStopSelf() - end
01-09 16:08:08.537  4616  4616 D WallpaperViewController: onScreenTurningOn
01-09 16:08:08.537  4616  4616 D WallpaperViewController: mWallpaperView.onResume()
01-09 16:08:08.537  4616  4616 D KeyguardViewMediator: IKeyguardDrawnCallback.onDrawn()
01-09 16:08:08.537  3268 28987 D bauth_FPBAuthService: FPBAuthService, 649
01-09 16:08:08.537  3757 10512 V KeyguardServiceDelegate: **** SHOWN CALLED ****
01-09 16:08:08.538  3268 28987 D bauth_FPBAuthSensorControl: FPBAuthSensorControl, 304
01-09 16:08:08.538  3268 28987 D bauth_FPBAuthService: FPBAuthService, 666
