--------- beginning of main
01-23 01:28:42.809 14642 14642 D SecurityManagerNative: SecurityManagerNative v2.7.2.5 On 64bit PLATFORM With BORINGSSL
01-23 01:28:42.815 14642 14642 E appproc : Enhanced Zygote ASLR: ro.knox.enhance.zygote.aslr != 1. Enhanced Zygote ASLR is DISABLED!
01-23 01:28:42.816 14642 14642 D AndroidRuntime: >>>>>> START com.android.internal.os.RuntimeInit uid 2000 <<<<<<
01-23 01:28:42.819 14642 14642 D AndroidRuntime: CheckJNI is OFF
01-23 01:28:42.822 14642 14642 D AndroidRuntime: addProductProperty: start
01-23 01:28:42.900 14642 14642 I [saiv 1.1]: saiv_OnLoadJNI.cpp(38): _init: Version 1.1 Build # 3532
01-23 01:28:42.900 14642 14642 I [saiv 1.1]: saiv_OnLoadJNI.cpp(43): _init: _init() was called
01-23 01:28:42.930 14642 14642 I MLDAP   : ================================================
01-23 01:28:42.930 14642 14642 I MLDAP   :  MLDAP_LIB v1.1.16
01-23 01:28:42.930 14642 14642 I MLDAP   : ================================================
01-23 01:28:43.000 14642 14642 I TMSDISP : AcsAndroidVirtualDisplayIntfImpl
01-23 01:28:43.039 14642 14642 D ICU     : No timezone override file found: /data/misc/zoneinfo/current/icu/icu_tzdata.dat
01-23 01:28:43.068 14642 14642 I Radio-JNI: register_android_hardware_Radio DONE
01-23 01:28:43.078 14642 14642 D ReflectionHelper: loadKlass() : caller=android.app.Activity.<clinit>:7555 <bottom of call stack> 
01-23 01:28:43.078 14642 14642 D ReflectionHelper: Reflecting method.....  class <onScreenChanged>
01-23 01:28:43.080 14642 14642 E SemAffinityControl: SemAffinityControl: registerfunction enter
01-23 01:28:43.095 14642 14642 D AndroidRuntime: Calling main entry com.android.commands.am.Am
--------- beginning of system
01-23 01:28:43.110  3757  4440 D ConnectivityService: filterNetworkStateForUid() uid: 10022 networkInfo: [type: WIFI[] - WIFI, state: CONNECTED/CONNECTED, reason: (unspecified), extra: "wilkinson2.4", failover: false, available: true, roaming: false, metered: false]
01-23 01:28:43.112  3757  5063 D ConnectivityService: filterNetworkStateForUid() uid: 10022 networkInfo: [type: WIFI[] - WIFI, state: CONNECTED/CONNECTED, reason: (unspecified), extra: "wilkinson2.4", failover: false, available: true, roaming: false, metered: false]
01-23 01:28:43.118  3757 29842 I ActivityManager: START u0 {act=null typ=null flg=0x10000000 cmp=ComponentInfo{com.GeekTechnique.InfinityStack/com.epicgames.ue4.SplashActivity}} from uid 2000 on display 0
01-23 01:28:43.130  3757 29842 D ActivityManager: ActivityRecord() Constructor : multiScreenAttrs=MultiScreenAttrs{mDisplayId=0, mBaseDisplayId=0, mBaseActivity=false}
01-23 01:28:43.134  3757 29842 D CustomFrequencyManagerService: acquireDVFSLockLocked : type : DVFS_MIN_LIMIT  frequency : 2100000  uid : 1000  pid : 3757  pkgName : AMS_APP_SWITCH@CPU_MIN@45
01-23 01:28:43.136  3757 29842 D ActivityManagerPerformance: AMP_acquire() APP_SWITCH
01-23 01:28:43.136  3757 29842 D ActivityManager: computeStackFocus: stackId=1
01-23 01:28:43.136  3757  9599 D TelephonyManager: getAllCellInfo : Caller (PID / UID / TID): 3757 / 1000 / 9599
01-23 01:28:43.136  3757 29842 D ActivityManager: computeStackFocus: New stack r=ActivityRecord{9b84503d0 u0 com.GeekTechnique.InfinityStack/com.epicgames.ue4.SplashActivity t-1} stackId=1
01-23 01:28:43.137  3757 29842 D ActivityTrigger: Activity is Triggerred in full screen 
01-23 01:28:43.138  3757 29842 D CompatibilityInfo: mCompatibilityFlags - 0
01-23 01:28:43.138  3757 29842 D CompatibilityInfo: applicationDensity - 420
01-23 01:28:43.138  3757 29842 D CompatibilityInfo: applicationScale - 1.0
01-23 01:28:43.138  3757 29842 D ActivityManager: moveToFront() : reason=startedActivity setFocusedActivity isAttached=true TaskRecord{df02e5fd0 #1025 A=com.GeekTechnique.InfinityStack U=0 StackId=1 sz=1}
01-23 01:28:43.139  3757 29842 D ActivityManager: setFocusStackUnchecked: reason=startedActivity setFocusedActivity focusCandidate=ActivityStack{e83cb46d0 stackId=1, 5 tasks} caller=com.android.server.am.ActivityStack.moveToFront:874 com.android.server.am.ActivityStackSupervisor.moveActivityStackToFront:2005 
01-23 01:28:43.140  3757 29842 D InputDispatcher: Focused application set to: xxxx
01-23 01:28:43.141  3757 29842 D InputDispatcher: Focus left window: 6176
01-23 01:28:43.141  3757 29842 D ActivityManager: resumeTopActivityInnerLocked() : #1 prevTask=TaskRecord{df02e5fd0 #1025 A=com.GeekTechnique.InfinityStack U=0 StackId=1 sz=1} next=ActivityRecord{9b84503d0 u0 com.GeekTechnique.InfinityStack/com.epicgames.ue4.SplashActivity t1025} mFocusedStack=ActivityStack{e83cb46d0 stackId=1, 5 tasks}
01-23 01:28:43.141  3757 29842 D ActivityTrigger: ActivityTrigger activityPauseTrigger 
01-23 01:28:43.142  3757 29842 D GameManagerService: sem_perfomance_mode: 0
01-23 01:28:43.143  6176  6176 D Launcher: onPause, Launcher: 226668512
01-23 01:28:43.143  6176  6176 D Launcher.HomeView: onPause
01-23 01:28:43.143  6176  6176 D Launcher.Workspace: exitWidgetResizeMode. isClearResizeFrame is false
01-23 01:28:43.146 14642 14642 D AndroidRuntime: Shutting down VM
01-23 01:28:43.149  3757  6272 D ActivityManager: clearAppIconInfo()
01-23 01:28:43.149  3757  6272 D ActivityManager: resumeTopActivityInnerLocked() : #1 prevTask=TaskRecord{e81ae1cd0 #106 A=com.sec.android.app.launcher U=0 StackId=0 sz=1} next=ActivityRecord{9b84503d0 u0 com.GeekTechnique.InfinityStack/com.epicgames.ue4.SplashActivity t1025} mFocusedStack=ActivityStack{e83cb46d0 stackId=1, 5 tasks}
01-23 01:28:43.150  3757  6272 D ActivityManager: applyOptionsLocked(), pendingOptions : null
01-23 01:28:43.150  3757  6272 D MountService: getExternalStorageMountMode : 3
01-23 01:28:43.151  3757  6272 D MountService: getExternalStorageMountMode : 3
01-23 01:28:43.151  3757  6272 D MountService: getExternalStorageMountMode : final mountMode=3, uid : 10399, packageName : com.GeekTechnique.InfinityStack
01-23 01:28:43.160  3757  3793 D WindowManager: addWindow: android.view.ViewRootImpl$W@7227ff1 displayId=0
01-23 01:28:43.160  3757  3793 D InputTransport: Input channel constructed: fd=457
01-23 01:28:43.161  3757  3793 D InputTransport: Input channel constructed: fd=468
01-23 01:28:43.161  3757  3793 D WindowManager: openInputChannel mInputChannel: 21217d6 Starting com.GeekTechnique.InfinityStack (server)
01-23 01:28:43.162  3757  3793 D ViewRootImpl@baf5b98[InfinityStack]: setView = DecorView@a7b8a57[InfinityStack] touchMode=true
01-23 01:28:43.165  3757  6272 I ActivityManager: Start proc 14654:com.GeekTechnique.InfinityStack/u0a399 for activity com.GeekTechnique.InfinityStack/com.epicgames.ue4.SplashActivity
01-23 01:28:43.165 14654 14654 E Zygote  : v2
01-23 01:28:43.165 14654 14654 I libpersona: KNOX_SDCARD checking this for 10399
01-23 01:28:43.165 14654 14654 I libpersona: KNOX_SDCARD not a persona
01-23 01:28:43.166 14654 14654 E Zygote  : accessInfo : 0
01-23 01:28:43.167 14654 14654 W SELinux : SELinux selinux_android_compute_policy_index : Policy Index[2],  Con:u:r:zygote:s0 RAM:SEPF_SECMOBILE_7.0_0009, [-1 -1 -1 -1 0 1]
01-23 01:28:43.168 14654 14654 I SELinux : SELinux: seapp_context_lookup: seinfo=untrusted, level=s0:c512,c768, pkgname=com.GeekTechnique.InfinityStack 
01-23 01:28:43.170  6176  6176 D ViewRootImpl@dbcd7d2[LauncherActivity]: MSG_WINDOW_FOCUS_CHANGED 0
01-23 01:28:43.171  6176  6176 D SEM_CLIP_SemClipboardManager: isCocktailBarDisplayed : false
01-23 01:28:43.172 14642 14642 I TMSDISP : AcsAndroidVirtualDisplayIntfImpl::~AcsAndroidVirtualDisplayIntfImpl - Enter
01-23 01:28:43.172 14642 14642 I TMSDISP : AcsAndroidVirtualDisplayIntfImpl::~AcsAndroidVirtualDisplayIntfImpl - Enter2
01-23 01:28:43.172 14642 14642 I TMSDISP : AcsAndroidVirtualDisplayIntfImpl::~AcsAndroidVirtualDisplayIntfImpl - mSource2
01-23 01:28:43.172 14642 14642 I TMSDISP : AcsAndroidVirtualDisplayIntfImpl::~AcsAndroidVirtualDisplayIntfImpl - Exit
01-23 01:28:43.172 14654 14654 I art     : Late-enabling -Xcheck:jni
01-23 01:28:43.173  3757  3793 D ViewRootImpl@baf5b98[InfinityStack]: dispatchAttachedToWindow
01-23 01:28:43.174  3757  3793 V WindowManager: Relayout Window{21217d6d0 u0 Starting com.GeekTechnique.InfinityStack}: viewVisibility=0 req=1079x1856 WM.LayoutParams{(0,0)(fillxfill) sim=#20 ty=3 fl=#1830518 pfl=0x20011 wanim=0x1030001 vsysui=0x400 needsMenuKey=2 naviIconColor=0}
01-23 01:28:43.175  3215  3215 I SurfaceFlinger: id=21708 createSurf (1x1),1 flag=404, JnfinitySta
01-23 01:28:43.178  6423 13980 I PBSessionCacheImpl: Deleted sessionId[28250200951411811] from persistence.
01-23 01:28:43.183  6423  6447 W SearchServiceCore: Abort, client detached.
01-23 01:28:43.191  3757  3793 D ViewRootImpl@baf5b98[InfinityStack]: Relayout returned: oldFrame=[0,0][0,0] newFrame=[0,0][1080,1920] result=0x27 surface={isValid=true 515531469312} surfaceGenerationChanged=true
01-23 01:28:43.193  3757  3793 D ViewRootImpl@baf5b98[InfinityStack]: MSG_RESIZED_REPORT: ci=Rect(0, 0 - 0, 0) vi=Rect(0, 63 - 0, 0) or=1
01-23 01:28:43.194 14654 14654 D TimaKeyStoreProvider: TimaKeyStore is not enabled: cannot add TimaSignature Service and generateKeyPair Service
01-23 01:28:43.197  3757  3770 D CompatibilityInfo: mCompatibilityFlags - 0
01-23 01:28:43.197  3757  3770 D CompatibilityInfo: applicationDensity - 420
01-23 01:28:43.197  3757  3770 D CompatibilityInfo: applicationScale - 1.0
01-23 01:28:43.197  3757  3770 I ActivityManager: DSS on for com.GeekTechnique.InfinityStack and scale is 1.0
01-23 01:28:43.198  3757  3770 D CompatibilityInfo: mCompatibilityFlags - 0
01-23 01:28:43.198  3757  3770 D CompatibilityInfo: applicationDensity - 420
01-23 01:28:43.198  3757  3770 D CompatibilityInfo: applicationScale - 1.0
01-23 01:28:43.205  3757  3770 D CompatibilityInfo: mCompatibilityFlags - 0
01-23 01:28:43.205  3757  3770 D CompatibilityInfo: applicationDensity - 420
01-23 01:28:43.205  3757  3770 D CompatibilityInfo: applicationScale - 1.0
01-23 01:28:43.205  3757  3770 D GameManagerService: sem_perfomance_mode: 0
01-23 01:28:43.206  3757  3757 D GameManagerService: NotifyRunnable. pkg: com.GeekTechnique.InfinityStack, type: 4, isMinimized: false, isTunableApp: false
01-23 01:28:43.206  3757  3757 D GameManagerService: do nothing. mKillNotiCount: 3
01-23 01:28:43.209 12023 12037 I ServiceManager: [#CMH#]   FaceService already paused:
01-23 01:28:43.209 12023 12037 I ServiceManager: [#CMH#]   IPService already paused:
01-23 01:28:43.209 12023 12037 I ServiceManager: [#CMH#]   StoryService already paused:
01-23 01:28:43.211  6011 20825 D ForegroundUtils: could not check pending caller
01-23 01:28:43.214  3757  3793 D WindowManager: finishDrawingWindow: Window{21217d6d0 u0 Starting com.GeekTechnique.InfinityStack} mDrawState=DRAW_PENDING
01-23 01:28:43.221  3757  3775 D WindowManager: set systemUiVisibility of statusbar : vis= 0x408
01-23 01:28:43.223  4616 17570 D WallpaperService: resized:[frame]Rect(0, 0 - 1080, 1920) [newConfig] is null
01-23 01:28:43.223  4616  4616 D WallpaperService: MSG_WINDOW_RESIZED
01-23 01:28:43.223  4616  4616 D WallpaperService: updateSurface forceRelayout=true redrawNeeded=false myWidth=1080 myHeight=1920 fixedSize=true mWidth=1080 mHeight=1920
01-23 01:28:43.223  4616  4616 V WallpaperService: Changes: creating=false format=false size=false
01-23 01:28:43.223  3757 32085 D WindowManager: adjustSystemUiVisibilityLw : vis= 0x408
01-23 01:28:43.224  3757 32083 V WindowManager: Relayout Window{31dbbd6d0 u0 com.android.systemui.ImageWallpaper}: viewVisibility=0 req=1080x1920 WM.LayoutParams{(0,0)(1080x1920) gr=#800033 ty=2013 fl=#318 fmt=2 wanim=0x10302f2 naviIconColor=0}
01-23 01:28:43.227  4616  4616 V WallpaperService: New surface=Surface(name=null)/@0x510bf7a, frame=Rect(0, 0 - 1080, 1920),relayoutResult=1, mConfiguration={0 1.0 themeSeq = 0 showBtnBg = -1 ?mcc?mnc ?localeList ?layoutDir ?swdp ?wdp ?hdp ?density ?lsize ?long ?orien ?uimode ?night ?touch ?keyb/?/? ?nav/? mkbd/?}
01-23 01:28:43.227  4616  4616 V WallpaperService: Wallpaper size has changed : 1080, 1920
01-23 01:28:43.227  4616  4616 D ImageWallpaper: onOffsetsChanged: xOffset=0.0, yOffset=0.0, xOffsetStep=0.0, yOffsetStep=0.0, xPixels=0, yPixels=0
01-23 01:28:43.227  4616  4616 D ImageWallpaper: drawFrame=false rotation=0 mLastRotation=0
01-23 01:28:43.227  4616  4616 D ImageWallpaper: drawFrame:[frame.width()]1080[frame.height()]1920
01-23 01:28:43.227  4616  4616 D ImageWallpaper: surfaceDimensionsChanged=false mLastSurfaceRotation=0 mDisplayWidth=1080 mDisplayHeight=1920
01-23 01:28:43.227  4616  4616 D ImageWallpaper: mNewKeyboard : 0 mLastKeyboard : 0 mForceDraw = false
01-23 01:28:43.227  4616  4616 D ImageWallpaper: redrawNeeded = false, mOffsetsChanged = false
01-23 01:28:43.227  4616  4616 D ImageWallpaper: Suppressed drawFrame since redraw is not needed and offsets have not changed.
01-23 01:28:43.230  3757  3793 D ViewRootImpl@baf5b98[InfinityStack]: MSG_RESIZED: ci=Rect(0, 0 - 0, 0) vi=Rect(0, 0 - 0, 0) or=1
01-23 01:28:43.231  4616  4616 D SwipeDoorsillDetector: reset()com.android.systemui.statusbar.phone.NotificationPanelView.resetViews:864 com.android.systemui.statusbar.phone.PanelBar.collapsePanel:173 com.android.systemui.statusbar.phone.PhoneStatusBar.setWindowState:4340 com.android.systemui.statusbar.CommandQueue$H.handleMessage:678 
01-23 01:28:43.232  6176  6176 D ViewRootImpl@dbcd7d2[LauncherActivity]: mHardwareRenderer.destroy()#1
01-23 01:28:43.233  3757  5062 V WindowManager: Relayout Window{14de1fbd0 u0 com.sec.android.app.launcher/com.sec.android.app.launcher.activities.LauncherActivity}: viewVisibility=8 req=1080x1920 WM.LayoutParams{(0,0)(fillxfill) sim=#30 ty=1 fl=#81910d00 pfl=0x20000 fmt=-2 wanim=0x103038a vsysui=0x600 needsMenuKey=2 dimDuration=0 naviIconColor=0}
01-23 01:28:43.235  6176  6176 D ViewRootImpl@dbcd7d2[LauncherActivity]: Relayout returned: oldFrame=[0,0][1080,1920] newFrame=[0,0][1080,1920] result=0x5 surface={isValid=false 0} surfaceGenerationChanged=true
01-23 01:28:43.254  3757  7206 I ActivityManager: START u0 {act=null typ=null flg=0x10000 cmp=ComponentInfo{com.GeekTechnique.InfinityStack/com.epicgames.ue4.GameActivity}} from uid 10399 on display 0
01-23 01:28:43.256  3757  7206 D ActivityManager: ActivityRecord() Constructor : multiScreenAttrs=MultiScreenAttrs{mDisplayId=0, mBaseDisplayId=0, mBaseActivity=false}
01-23 01:28:43.256  3757  7206 D ActivityManager: moveToFront() : reason=intentActivityFound isAttached=true null
01-23 01:28:43.257  3757  7206 D ActivityManager: moveToFront() : reason=sourceStackToFront isAttached=true null
01-23 01:28:43.258  3757  7206 D ActivityTrigger: Activity is Triggerred in full screen 
01-23 01:28:43.258  3757  7206 D CompatibilityInfo: mCompatibilityFlags - 0
01-23 01:28:43.258  3757  7206 D CompatibilityInfo: applicationDensity - 420
01-23 01:28:43.258  3757  7206 D CompatibilityInfo: applicationScale - 1.0
01-23 01:28:43.258  3757  7206 D ActivityManager: moveToFront() : reason=startedActivity setFocusedActivity isAttached=true TaskRecord{df02e5fd0 #1025 A=com.GeekTechnique.InfinityStack U=0 StackId=1 sz=2}
01-23 01:28:43.259  3757  7206 D InputDispatcher: Focused application set to: xxxx
01-23 01:28:43.259  3757  7206 D ActivityManager: resumeTopActivityInnerLocked() : #1 prevTask=TaskRecord{df02e5fd0 #1025 A=com.GeekTechnique.InfinityStack U=0 StackId=1 sz=2} next=ActivityRecord{9ba05b0d0 u0 com.GeekTechnique.InfinityStack/com.epicgames.ue4.GameActivity t1025} mFocusedStack=ActivityStack{e83cb46d0 stackId=1, 5 tasks}
01-23 01:28:43.259  3757  7206 D ActivityTrigger: ActivityTrigger activityPauseTrigger 
01-23 01:28:43.259  3757  7206 D GameManagerService: sem_perfomance_mode: 0
01-23 01:28:43.262  3757  3775 D WindowManager: set systemUiVisibility of statusbar : vis= 0x408
01-23 01:28:43.265  3757  9599 D GamePkgDataHelper: getGamePkgData(). com.GeekTechnique.InfinityStack
01-23 01:28:43.265  3757  9599 D GameManagerService: identifyGamePackage. com.GeekTechnique.InfinityStack
01-23 01:28:43.265  3757  9599 D GameManagerService: identifyGamePackage. com.GeekTechnique.InfinityStack
01-23 01:28:43.265  3757 29839 W MultiScreenManagerService: moveTaskBackToDisplayIfNeeded(): The task has more than one activity
01-23 01:28:43.268  3757  9599 D GameManagerService: identifyGamePackage. com.GeekTechnique.InfinityStack
01-23 01:28:43.268  3757  9599 D GameManagerService: identifyGamePackage. com.GeekTechnique.InfinityStack
01-23 01:28:43.299  3757 29841 D ActivityManager: setAppIconInfo(), x : 0, y : 0, width : 0, height : 0, isHomeItem : false
01-23 01:28:43.299  3757 29841 D ActivityManager: resumeTopActivityInnerLocked() : #1 prevTask=TaskRecord{df02e5fd0 #1025 A=com.GeekTechnique.InfinityStack U=0 StackId=1 sz=2} next=ActivityRecord{9ba05b0d0 u0 com.GeekTechnique.InfinityStack/com.epicgames.ue4.GameActivity t1025} mFocusedStack=ActivityStack{e83cb46d0 stackId=1, 5 tasks}
01-23 01:28:43.300  3757 29841 D ActivityManager: applyOptionsLocked(), pendingOptions : null
01-23 01:28:43.300 14654 14665 I art     : Background sticky concurrent mark sweep GC freed 7138(334KB) AllocSpace objects, 0(0B) LOS objects, 0% free, 7MB/7MB, paused 5.522ms total 15.631ms
01-23 01:28:43.304  3757 29841 D CompatibilityInfo: mCompatibilityFlags - 0
01-23 01:28:43.304  3757 29841 D CompatibilityInfo: applicationDensity - 420
01-23 01:28:43.304  3757 29841 D CompatibilityInfo: applicationScale - 1.0
01-23 01:28:43.305  3757 29841 D GameManagerService: sem_perfomance_mode: 0
01-23 01:28:43.305  3757  3757 D GameManagerService: NotifyRunnable. pkg: com.GeekTechnique.InfinityStack, type: 4, isMinimized: false, isTunableApp: false
01-23 01:28:43.305  3757  3757 D GameManagerService: do nothing. mKillNotiCount: 3
01-23 01:28:43.320 14654 14654 D OVRPlugin: JNI_OnLoad
01-23 01:28:43.342  3757  4521 D MdnieScenarioControlService:  packageName : com.GeekTechnique.InfinityStack    className : com.epicgames.ue4.GameActivity
01-23 01:28:43.373 14654 14654 D UE4     : Used memory before allocating anything was 51.24MB
01-23 01:28:43.541  3757  4458 D WifiStateMachine: Current network is: "wilkinson2.4" , ID is: 30
01-23 01:28:43.541  3757  4458 I WifiStateMachine: IMS calling, current network is always qualified
01-23 01:28:43.583 14654 14654 D UE4     : In the JNI_OnLoad function
01-23 01:28:43.583 14654 14654 D UE4     : [JNI] - Failed to determine if app purchasing is enabled!
01-23 01:28:43.586 14654 14654 D UE4     : Path found as '/storage/emulated/0'
01-23 01:28:43.586 14654 14654 D UE4     : Font Path found as '/system/fonts/'
01-23 01:28:43.586 14654 14654 D UE4     : In the JNI_OnLoad function 5
01-23 01:28:43.601 14654 14654 V threaded_app: Creating: 0xdb87bb40
01-23 01:28:43.601 14654 14672 V threaded_app: Config: mcc=311 mnc=480 lang=en cnt=US orien=1 touch=3 dens=420 keys=1 nav=1 keysHid=3 navHid=0 sdk=24 size=2 long=2 modetype=1 modenight=1
01-23 01:28:43.601 14654 14672 D UE4     : Entering native app glue main function
01-23 01:28:43.601 14654 14672 D UE4     : Created event thread
01-23 01:28:43.601 14654 14672 D UE4     : Entered AndroidMain()
01-23 01:28:43.601 14654 14673 D UE4     : Entering event processing thread engine entry point
01-23 01:28:43.601 14654 14673 D UE4     : Prepared looper for event thread
01-23 01:28:43.601 14654 14673 D UE4     : Passed callback initialization
01-23 01:28:43.601 14654 14673 D UE4     : Passed sensor initialization
01-23 01:28:43.603 14654 14672 D UE4     : Controller interface supported
01-23 01:28:43.604  3757 10512 E SensorService: getSensorList a sensor (MAX86900) without holding its required permission: com.samsung.permission.SSENSOR
01-23 01:28:43.604  3757 10512 I SensorService: Skipped sensor MAX86900 because it requires permission com.samsung.permission.SSENSOR and app op -1
01-23 01:28:43.604  3757 10512 E SensorService: getSensorList a sensor (HRM Ambient Light Canceling) without holding its required permission: com.samsung.permission.HRM_EXT
01-23 01:28:43.604  3757 10512 I SensorService: Skipped sensor HRM Ambient Light Canceling because it requires permission com.samsung.permission.HRM_EXT and app op -1
01-23 01:28:43.604  3757 10512 W ServiceManager: Permission failure: android.permission.BODY_SENSORS from uid=10399 pid=14654
01-23 01:28:43.604  3757 10512 E SensorService: getSensorList a sensor (HRMLED IR) without holding its required permission: android.permission.BODY_SENSORS
01-23 01:28:43.604  3757 10512 I SensorService: Skipped sensor HRMLED IR because it requires permission android.permission.BODY_SENSORS and app op 56
01-23 01:28:43.604  3757 10512 W ServiceManager: Permission failure: android.permission.BODY_SENSORS from uid=10399 pid=14654
01-23 01:28:43.604  3757 10512 E SensorService: getSensorList a sensor (HRMLED RED) without holding its required permission: android.permission.BODY_SENSORS
01-23 01:28:43.604  3757 10512 I SensorService: Skipped sensor HRMLED RED because it requires permission android.permission.BODY_SENSORS and app op 56
01-23 01:28:43.604  3757 10512 E SensorService: getSensorList a sensor (HRM Proximity detecting) without holding its required permission: com.samsung.permission.HRM_EXT
01-23 01:28:43.604  3757 10512 I SensorService: Skipped sensor HRM Proximity detecting because it requires permission com.samsung.permission.HRM_EXT and app op -1
01-23 01:28:43.604  3757 10512 E SensorService: getSensorList a sensor (HRM Sensor) without holding its required permission: com.samsung.permission.SSENSOR
01-23 01:28:43.604  3757 10512 I SensorService: Skipped sensor HRM Sensor because it requires permission com.samsung.permission.SSENSOR and app op -1
01-23 01:28:43.604  3757 10512 W ServiceManager: Permission failure: android.permission.BODY_SENSORS from uid=10399 pid=14654
01-23 01:28:43.604  3757 10512 E SensorService: getSensorList a sensor (HeartRate Sensor) without holding its required permission: android.permission.BODY_SENSORS
01-23 01:28:43.604  3757 10512 I SensorService: Skipped sensor HeartRate Sensor because it requires permission android.permission.BODY_SENSORS and app op 56
01-23 01:28:43.604  3757 10512 E SensorService: getSensorList a sensor (Sensor Diagnostic Monitor) without holding its required permission: com.samsung.permission.SSENSOR
01-23 01:28:43.604  3757 10512 I SensorService: Skipped sensor Sensor Diagnostic Monitor because it requires permission com.samsung.permission.SSENSOR and app op -1
01-23 01:28:43.627 14654 14654 D ViewRootImpl@c9e8dee[GameActivity]: ThreadedRenderer.create() translucent=false
01-23 01:28:43.628  3757 31270 D WindowManager: addWindow: android.view.IWindow$Stub$Proxy@33d74ba displayId=0
01-23 01:28:43.629  3757 31270 D InputTransport: Input channel constructed: fd=406
01-23 01:28:43.629  3757 31270 D InputTransport: Input channel constructed: fd=510
01-23 01:28:43.629  3757 31270 D WindowManager: openInputChannel mInputChannel: 1fcdac8 com.GeekTechnique.InfinityStack/com.epicgames.ue4.GameActivity (server)
01-23 01:28:43.631  3757 31270 D InputTransport: Input channel destroyed: fd=510
01-23 01:28:43.631 14654 14654 D InputTransport: Input channel constructed: fd=67
01-23 01:28:43.631 14654 14654 D ViewRootImpl@c9e8dee[GameActivity]: setView = DecorView@2d5228f[GameActivity] touchMode=true
01-23 01:28:43.633 14654 14654 D UE4     : Target SDK is 26.  This may cause issues if permissions are denied by the user.
01-23 01:28:43.634 14654 14654 D PermissionFragment: Creating PlayGamesFragment
01-23 01:28:43.640  3757  7203 I ActivityManager: START u0 {act=android.content.pm.action.REQUEST_PERMISSIONS typ=null flg=0x0 cmp=ComponentInfo{com.google.android.packageinstaller/com.android.packageinstaller.permission.ui.GrantPermissionsActivity}} from uid 10399 on display 0
01-23 01:28:43.640  3757  7203 W ActivityManager: REQUEST_PERMISSIONS Action.
01-23 01:28:43.641  3757  7203 W ActivityManager: REQUEST_PERMISSIONS Action.
01-23 01:28:43.645  3757  7203 D ActivityManager: ActivityRecord() Constructor : multiScreenAttrs=MultiScreenAttrs{mDisplayId=0, mBaseDisplayId=0, mBaseActivity=false}
01-23 01:28:43.647  3757  7203 D CustomFrequencyManagerService: releaseDVFSLockLocked : Getting Lock type frm List : DVFS_MIN_LIMIT  frequency : 2100000  uid : 1000  pid : 3757  tag : AMS_APP_SWITCH@CPU_MIN@45
01-23 01:28:43.647  3757  7203 D CustomFrequencyManagerService: acquireDVFSLockLocked : type : DVFS_MIN_LIMIT  frequency : 2100000  uid : 1000  pid : 3757  pkgName : AMS_APP_SWITCH@CPU_MIN@45
01-23 01:28:43.652  3757  7203 D ActivityManagerPerformance: AMP_acquire() APP_SWITCH
01-23 01:28:43.653  3757  7203 D ActivityManager: moveToFront() : reason=sourceStackToFront isAttached=true null
01-23 01:28:43.654  3757  7203 D ActivityTrigger: Activity is Triggerred in full screen 
01-23 01:28:43.654  3757  7203 D CompatibilityInfo: mCompatibilityFlags - 0
01-23 01:28:43.654  3757  7203 D CompatibilityInfo: applicationDensity - 420
01-23 01:28:43.654  3757  7203 D CompatibilityInfo: applicationScale - 1.0
01-23 01:28:43.654  3757  7203 D ActivityManager: moveToFront() : reason=startedActivity setFocusedActivity isAttached=true TaskRecord{df02e5fd0 #1025 A=com.GeekTechnique.InfinityStack U=0 StackId=1 sz=3}
01-23 01:28:43.655  3757  7203 D InputDispatcher: Focused application set to: xxxx
01-23 01:28:43.656  3757  7203 D ActivityManager: resumeTopActivityInnerLocked() : #1 prevTask=TaskRecord{df02e5fd0 #1025 A=com.GeekTechnique.InfinityStack U=0 StackId=1 sz=3} next=ActivityRecord{2024761d0 u0 com.google.android.packageinstaller/com.android.packageinstaller.permission.ui.GrantPermissionsActivity t1025} mFocusedStack=ActivityStack{e83cb46d0 stackId=1, 5 tasks}
01-23 01:28:43.656  3757  7203 D ActivityTrigger: ActivityTrigger activityPauseTrigger 
01-23 01:28:43.657  3757  7203 D GameManagerService: sem_perfomance_mode: 0
01-23 01:28:43.664 14654 14654 D UE4     : Vulkan version: 1.0.3
01-23 01:28:43.664 14654 14654 D UE4     : Vulkan level: 1
01-23 01:28:43.667 14654 14654 D UE4     : Found DepthBufferPreference = 0
01-23 01:28:43.667 14654 14654 D UE4     : Found bPackageDataInsideApk = 0
01-23 01:28:43.667 14654 14654 D UE4     : Found ProjectName = StackerGame
01-23 01:28:43.667 14654 14654 D UE4     : Found AppType = 
01-23 01:28:43.667 14654 14654 D UE4     : Found bHasOBBFiles = 0
01-23 01:28:43.667 14654 14654 D UE4     : Found bVerifyOBBOnStartUp = false
01-23 01:28:43.667 14654 14654 D UE4     : UI hiding set to false
01-23 01:28:43.667 14654 14654 D UE4     : BuildConfiguration set to Development
01-23 01:28:43.667 14654 14654 D UE4     : UseExternalFilesDir set to false
01-23 01:28:43.667 14654 14654 D UE4     : AllowIMU set to true
01-23 01:28:43.667 14654 14654 D UE4     : SupportsVulkan set to false
01-23 01:28:43.667 14654 14654 D UE4     : No GearVR mode detected.
01-23 01:28:43.694  4616  4616 D ImageWallpaper: onVisibilityChanged: mVisible, visible=true, false
01-23 01:28:43.695  4616  4616 D ImageWallpaper: Visibility changed to visible=false
01-23 01:28:43.712 14654 14654 D libEGL  : loaded /vendor/lib/egl/libGLES_mali.so
01-23 01:28:43.736 14654 14675 D UE4     : Used memory: 63640
01-23 01:28:43.751 14654 14654 D UE4     : Hardware: SAMSUNG Exynos7420
01-23 01:28:43.751 14654 14654 D UE4     : ro.hardware: samsungexynos7420
01-23 01:28:43.752 14654 14654 D UE4     : Memory: 3662 MB
01-23 01:28:43.753 14654 14659 I art     : Compiler allocated 4MB to compile void com.epicgames.ue4.GameActivity.onCreate(android.os.Bundle)
01-23 01:28:43.756 14654 14654 D UE4     : UseAffinity: false
01-23 01:28:43.756 14654 14654 D UE4     : BigCoreMask: 0xffff
01-23 01:28:43.756 14654 14654 D UE4     : LittleCoreMask: 0x0
01-23 01:28:43.757 14654 14659 I art     : Do partial code cache collection, code=13KB, data=31KB
01-23 01:28:43.757 14654 14659 I art     : After code cache collection, code=13KB, data=31KB
01-23 01:28:43.757 14654 14659 I art     : Increasing code cache capacity to 128KB
01-23 01:28:43.758 14654 14654 D UE4     : APK path: /data/app/com.GeekTechnique.InfinityStack-1/base.apk
01-23 01:28:43.758 14654 14654 D UE4     : OBB in APK: false
01-23 01:28:43.760 14654 14654 D UE4     : InternalFilePath found as '/data/user/0/com.GeekTechnique.InfinityStack/files'
01-23 01:28:43.760 14654 14654 D UE4     : ExternalFilePath found as '/storage/emulated/0/Android/data/com.GeekTechnique.InfinityStack/files'
01-23 01:28:43.761 14654 14654 D UE4     : App is running in Portrait
01-23 01:28:43.761 14654 14654 D UE4     : Android version is 7.0
01-23 01:28:43.761 14654 14654 D UE4     : Android manufacturer is samsung
01-23 01:28:43.761 14654 14654 D UE4     : Android model is SM-N920V
01-23 01:28:43.761 14654 14654 D UE4     : Android build number is NRD90M.N920VVRS3CRH1
01-23 01:28:43.762 14654 14654 D UE4     : OS language is set to en_US
01-23 01:28:43.762 14654 14654 D UE4     : Debugger attached is false
01-23 01:28:43.801 14654 14654 W PopupManager: You have not specified a View to use as content view for popups. Falling back to the Activity content view. Note that this may not work as expected in multi-screen environments
01-23 01:28:43.803 14654 14654 D UE4     : ==============> GameActive.onCreate complete!
01-23 01:28:43.805 14654 14654 V threaded_app: Start: 0xdb87bb40
01-23 01:28:43.805 14654 14673 V threaded_app: activityState=10
01-23 01:28:43.805 14654 14673 D UE4     : LogAndroidEvents: EnqueueAppEvent : 9, 0, tid = 14673
01-23 01:28:43.805 14654 14654 D UE4     : Creating console command broadcast listener
01-23 01:28:43.807 14654 14654 D UE4     : ==================================> Inside onStart function in GameActivity
01-23 01:28:43.809 14654 14654 V threaded_app: Resume: 0xdb87bb40
01-23 01:28:43.809 14654 14673 V threaded_app: activityState=11
01-23 01:28:43.809 14654 14673 D UE4     : Case APP_CMD_RESUME
01-23 01:28:43.809 14654 14673 D UE4     : LogAndroidEvents: EnqueueAppEvent : 7, 0, tid = 14673
01-23 01:28:43.810 14654 14654 D UE4     : ==============> [JAVA] AndroidThunkJava_KeepScreenOn(false) - Enabled screen saver
01-23 01:28:43.810 14654 14654 D UE4     : Registering sensor listeners
01-23 01:28:43.811  3757  7203 I Sensors : Acc old sensor_state 0, new sensor_state : 1 en : 1
01-23 01:28:43.819 14654 14654 D SensorManager: registerListener :: 0, K6DS3TR Acceleration Sensor, 20000, 0,  
01-23 01:28:43.819  3757  5901 I Sensors : Mag old sensor_state 1, new sensor_state : 17 en : 1
01-23 01:28:43.826 14654 14654 D SensorManager: registerListener :: 1, AK09911C Magnetic field Sensor, 20000, 0,  
01-23 01:28:43.826  3757  7201 I Sensors : Gyro old sensor_state 17, new sensor_state : 19 en : 1
01-23 01:28:43.833 14654 14654 D SensorManager: registerListener :: 3, K6DS3TR Gyroscope Sensor, 20000, 0,  
01-23 01:28:43.833 14654 14654 D UE4     : App is running in Portrait
01-23 01:28:43.833 14654 14654 D UE4     : ==============> Resuming main init
01-23 01:28:43.837 14654 14672 D UE4     : APK Commandline: ../../../StackerGame/StackerGame.uproject  /Game/Maps/StackMap -Messaging -SessionId=DDA13864453C2991799FC4921C3FB022 -SessionOwner="nope" -SessionName="Launch On Device" -iterative
01-23 01:28:43.838 14654 14672 D UE4     : Override Commandline: ../../../StackerGame/StackerGame.uproject  /Game/Maps/StackMap -Messaging -SessionId=2C8FE2C342DC4D288BA3809849CC52EC -SessionOwner="nope" -SessionName="Launch On Device" -iterative
01-23 01:28:43.838 14654 14672 D UE4     : Final commandline: ../../../StackerGame/StackerGame.uproject  /Game/Maps/StackMap -Messaging -SessionId=2C8FE2C342DC4D288BA3809849CC52EC -SessionOwner="nope" -SessionName="Launch On Device" -iterative
01-23 01:28:43.838 14654 14672 D UE4     : Created sync event
01-23 01:28:43.844 14654 14654 D UE4     : ==============> GameActive.onResume complete!
01-23 01:28:43.846 14654 14654 D ViewRootImpl@e972267[GameActivity]: ThreadedRenderer.create() translucent=true
01-23 01:28:43.847  3757  2858 D WindowManager: addWindow: android.view.IWindow$Stub$Proxy@6f480e3 displayId=0
01-23 01:28:43.848  3757  2858 D InputTransport: Input channel constructed: fd=545
01-23 01:28:43.848  3757  2858 D InputTransport: Input channel constructed: fd=553
01-23 01:28:43.848  3757  2858 D WindowManager: openInputChannel mInputChannel: 9538199 com.GeekTechnique.InfinityStack/com.epicgames.ue4.GameActivity (server)
01-23 01:28:43.849  3757  2858 D InputTransport: Input channel destroyed: fd=553
01-23 01:28:43.849 14654 14654 D InputTransport: Input channel constructed: fd=73
01-23 01:28:43.850 14654 14654 V threaded_app: InputQueueCreated: 0xdb87bb40 -- 0xdb87ca40
01-23 01:28:43.850 14654 14673 V threaded_app: APP_CMD_INPUT_CHANGED
01-23 01:28:43.850 14654 14673 V threaded_app: Attaching input queue to looper
01-23 01:28:43.850 14654 14654 D ViewRootImpl@e972267[GameActivity]: setView = DecorView@57f3814[GameActivity] touchMode=true
01-23 01:28:43.851  3757 32085 D ActivityManager: post active user change for 0 fullscreen true isHomeActivity() false
01-23 01:28:43.855  3757 32085 D KnoxTimeoutHandler: postActiveUserChange [MsgParam] userId: 0 fullscreen is true showWhenlocked is false isMutiwindowRecord is false multiwindowstyle is 0
01-23 01:28:43.855  3757  3757 D KnoxTimeoutHandler: handleActiveUserChange [MsgParam] userId: 0 fullscreen is true showWhenlocked is false isMutiwindowRecord is false multiwindowstyle is 0
01-23 01:28:43.856 14654 14654 D ViewRootImpl@c9e8dee[GameActivity]: dispatchAttachedToWindow
01-23 01:28:43.857  3757 31269 V WindowManager: Relayout Window{1fcdac8d0 u0 com.GeekTechnique.InfinityStack/com.epicgames.ue4.GameActivity}: viewVisibility=0 req=1079x1856 WM.LayoutParams{(0,0)(fillxfill) gr=#11 sim=#120 ty=2 fl=#1810508 pfl=0x20000 wanim=0x1030001 vsysui=0x400 needsMenuKey=2 naviIconColor=0}
01-23 01:28:43.857  3757  3757 I KnoxTimeoutHandler: Shared devices show user statefalse
01-23 01:28:43.858  3215  3215 I SurfaceFlinger: id=21709 createSurf (1080x1920),1 flag=404, HameActivit
01-23 01:28:43.864 14654 14654 D ViewRootImpl@c9e8dee[GameActivity]: Relayout returned: oldFrame=[0,0][0,0] newFrame=[0,0][1080,1920] result=0x7 surface={isValid=true -1026973696} surfaceGenerationChanged=true
01-23 01:28:43.864 14654 14654 D ViewRootImpl@c9e8dee[GameActivity]: mHardwareRenderer.initialize() mSurface={isValid=true -1026973696} hwInitialized=true
01-23 01:28:43.865 14654 14674 I OpenGLRenderer: Initialized EGL, version 1.4
01-23 01:28:43.865 14654 14674 D OpenGLRenderer: Swap behavior 1
01-23 01:28:43.871 14654 14674 D mali_winsys: EGLint new_window_surface(egl_winsys_display*, void*, EGLSurface, EGLConfig, egl_winsys_surface**, egl_color_buffer_format*, EGLBoolean) returns 0x3000,  [1080x1920]-format:1
01-23 01:28:43.885 14654 14654 D ViewRootImpl@e972267[GameActivity]: dispatchAttachedToWindow
01-23 01:28:43.886  3757 29841 V WindowManager: Relayout Window{9538199d0 u0 com.GeekTechnique.InfinityStack/com.epicgames.ue4.GameActivity}: viewVisibility=0 req=1079x1856 WM.LayoutParams{(0,0)(fillxfill) sim=#10 ty=1 fl=#1810500 pfl=0x20000 fmt=1 wanim=0x1030001 vsysui=0x400 needsMenuKey=2 naviIconColor=0}
01-23 01:28:43.886  3215  3215 I SurfaceFlinger: id=21710 createSurf (1080x1920),1 flag=4, HameActivit
01-23 01:28:43.892 14654 14654 D ViewRootImpl@e972267[GameActivity]: Relayout returned: oldFrame=[0,0][0,0] newFrame=[0,0][1080,1920] result=0x7 surface={isValid=true -1026971648} surfaceGenerationChanged=true
01-23 01:28:43.892 14654 14654 D ViewRootImpl@e972267[GameActivity]: mHardwareRenderer.initialize() mSurface={isValid=true -1026971648} hwInitialized=true
01-23 01:28:43.893 14654 14674 D mali_winsys: EGLint new_window_surface(egl_winsys_display*, void*, EGLSurface, EGLConfig, egl_winsys_surface**, egl_color_buffer_format*, EGLBoolean) returns 0x3000,  [1080x1920]-format:1
01-23 01:28:43.895  3757 10512 D WindowManager: addWindow: android.view.IWindow$Stub$Proxy@f60fc5e displayId=0
01-23 01:28:43.897  3757  7202 V WindowManager: Relayout Window{9f0250cd0 u0 SurfaceView - com.GeekTechnique.InfinityStack/com.epicgames.ue4.GameActivity}: viewVisibility=0 req=1080x1920 WM.LayoutParams{(0,0)(1080x1920) gr=#800033 ty=1001 fl=#4218 pfl=0x10040 fmt=4 naviIconColor=0}
01-23 01:28:43.897  3215  3215 I SurfaceFlinger: id=21711 createSurf (1080x1920),4 flag=404, HameActivit
01-23 01:28:43.898  3215  3215 I SurfaceFlinger: id=21712 createSurf (1080x1920),-1 flag=20404, HameActivit
01-23 01:28:43.903 14654 14654 D SurfaceView: Relayout returned: oldFrame=[0,0][0,0] newFrame=[0,0][1080,1920] result=0x7 surface={Surface(name=null)/@0x921c180 isValid=true -1026940928}
01-23 01:28:43.903 14654 14654 V threaded_app: NativeWindowCreated: 0xdb87bb40 -- 0xc2ca2008
01-23 01:28:43.903 14654 14673 V threaded_app: APP_CMD_INIT_WINDOW
01-23 01:28:43.903 14654 14673 D UE4     : Case APP_CMD_INIT_WINDOW
01-23 01:28:43.903 14654 14673 D UE4     : LogAndroidEvents: EnqueueAppEvent : 0, 3268026376, tid = 14673
01-23 01:28:43.904  3757  5902 D WindowManager: finishDrawingWindow: Window{9f0250cd0 u0 SurfaceView - com.GeekTechnique.InfinityStack/com.epicgames.ue4.GameActivity} mDrawState=DRAW_PENDING
01-23 01:28:43.909 14654 14654 V threaded_app: Pause: 0xdb87bb40
01-23 01:28:43.909 14654 14673 V threaded_app: activityState=13
01-23 01:28:43.909 14654 14673 D UE4     : Case APP_CMD_PAUSE
01-23 01:28:43.910 14654 14673 D UE4     : LogAndroidEvents: EnqueueAppEvent : 6, 0, tid = 14673
01-23 01:28:43.910 14654 14654 D UE4     : Unregistering sensor listeners
01-23 01:28:43.911  3757  7206 I Sensors : Acc old sensor_state 19, new sensor_state : 18 en : 0
01-23 01:28:43.918  3757 31270 I Sensors : Mag old sensor_state 18, new sensor_state : 2 en : 0
01-23 01:28:43.925  3757  4482 I Sensors : Gyro old sensor_state 2, new sensor_state : 0 en : 0
01-23 01:28:43.932 14654 14654 D SensorManager: unregisterListener ::   
01-23 01:28:43.932 14654 14654 D UE4     : ==============> GameActive.onPause complete!
01-23 01:28:43.933  3757 29839 D ActivityManager: resumeTopActivityInnerLocked() : #1 prevTask=TaskRecord{df02e5fd0 #1025 A=com.GeekTechnique.InfinityStack U=0 StackId=1 sz=3} next=ActivityRecord{2024761d0 u0 com.google.android.packageinstaller/com.android.packageinstaller.permission.ui.GrantPermissionsActivity t1025} mFocusedStack=ActivityStack{e83cb46d0 stackId=1, 5 tasks}
01-23 01:28:43.933  3757 29839 D ActivityManager: applyOptionsLocked(), pendingOptions : null
01-23 01:28:43.941  3757 29839 D CompatibilityInfo: mCompatibilityFlags - 0
01-23 01:28:43.941  3757 29839 D CompatibilityInfo: applicationDensity - 420
01-23 01:28:43.941  3757 29839 D CompatibilityInfo: applicationScale - 1.0
01-23 01:28:43.942  3757 29839 D GameManagerService: sem_perfomance_mode: 0
01-23 01:28:43.942  3757  3757 D GameManagerService: NotifyRunnable. pkg: com.google.android.packageinstaller, type: 4, isMinimized: false, isTunableApp: false
01-23 01:28:43.942  3757  3757 D GameManagerService: do nothing. mKillNotiCount: 3
01-23 01:28:43.947  6011  6033 D ForegroundUtils: could not check pending caller
01-23 01:28:43.947 14654 14654 D ViewRootImpl@c9e8dee[GameActivity]: MSG_RESIZED_REPORT: ci=Rect(0, 0 - 0, 0) vi=Rect(0, 0 - 0, 0) or=1
01-23 01:28:43.949  3757  9599 D GamePkgDataHelper: getGamePkgData(). com.google.android.packageinstaller
01-23 01:28:43.949  3757  9599 D GameManagerService: identifyGamePackage. com.google.android.packageinstaller
01-23 01:28:43.953  3757  9599 D GameManagerService: identifyGamePackage. com.google.android.packageinstaller
01-23 01:28:43.954  3757  9599 D GameManagerService: identifyGamePackage. com.google.android.packageinstaller
01-23 01:28:43.976 14654 14659 I art     : Do partial code cache collection, code=14KB, data=32KB
01-23 01:28:43.976 14654 14659 I art     : After code cache collection, code=14KB, data=32KB
01-23 01:28:43.976 14654 14659 I art     : Increasing code cache capacity to 256KB
01-23 01:28:43.980  3757  4469 D WindowManager: finishDrawingWindow: Window{1fcdac8d0 u0 com.GeekTechnique.InfinityStack/com.epicgames.ue4.GameActivity} mDrawState=DRAW_PENDING
01-23 01:28:43.980 14654 14659 I art     : Compiler allocated 7MB to compile boolean com.epicgames.ue4.GameActivity.processSystemInfo(java.lang.String, java.lang.String)
01-23 01:28:43.984  3757  7203 V WindowManager: Relayout Window{9538199d0 u0 com.GeekTechnique.InfinityStack/com.epicgames.ue4.GameActivity}: viewVisibility=0 req=1080x1920 WM.LayoutParams{(0,0)(fillxfill) sim=#10 ty=1 fl=#1810500 pfl=0x20000 fmt=1 wanim=0x1030001 vsysui=0x400 needsMenuKey=2 naviIconColor=0}
01-23 01:28:43.988 14654 14654 D ViewRootImpl@e972267[GameActivity]: Relayout returned: oldFrame=[0,0][1080,1920] newFrame=[0,0][1080,1920] result=0x1 surface={isValid=true -1026971648} surfaceGenerationChanged=false
01-23 01:28:43.990  3757 29840 V WindowManager: Relayout Window{9f0250cd0 u0 SurfaceView - com.GeekTechnique.InfinityStack/com.epicgames.ue4.GameActivity}: viewVisibility=0 req=1080x1920 WM.LayoutParams{(0,0)(1080x1920) gr=#800033 ty=1001 fl=#4218 pfl=0x10040 fmt=4 naviIconColor=0}
01-23 01:28:43.995 14654 14654 D SurfaceView: Relayout returned: oldFrame=[0,0][1080,1920] newFrame=[0,0][1080,1920] result=0x1 surface={Surface(name=null)/@0x921c180 isValid=true -1026938880}
01-23 01:28:43.995  3757 10512 D WindowManager: finishDrawingWindow: Window{9f0250cd0 u0 SurfaceView - com.GeekTechnique.InfinityStack/com.epicgames.ue4.GameActivity} mDrawState=READY_TO_SHOW
01-23 01:28:44.000  3215  3266 I Layer   : [com.GeekTechnique.InfinityStack/com.epicgames.ue4.GameActivity] addSyncPoint start
01-23 01:28:44.000  3215  3266 I Layer   : [com.GeekTechnique.InfinityStack/com.epicgames.ue4.GameActivity] addSyncPoint end
01-23 01:28:44.000  3215  3266 I Layer   : [com.GeekTechnique.InfinityStack/com.epicgames.ue4.GameActivity] addSyncPoint start
01-23 01:28:44.000  3215  3266 I Layer   : [com.GeekTechnique.InfinityStack/com.epicgames.ue4.GameActivity] addSyncPoint end
01-23 01:28:44.000  3215  5562 I Layer   : [com.GeekTechnique.InfinityStack/com.epicgames.ue4.GameActivity] addSyncPoint start
01-23 01:28:44.000  3215  5562 I Layer   : [com.GeekTechnique.InfinityStack/com.epicgames.ue4.GameActivity] addSyncPoint end
01-23 01:28:44.000  3215  5562 I Layer   : [com.GeekTechnique.InfinityStack/com.epicgames.ue4.GameActivity] addSyncPoint start
01-23 01:28:44.000  3215  5562 I Layer   : [com.GeekTechnique.InfinityStack/com.epicgames.ue4.GameActivity] addSyncPoint end
01-23 01:28:44.009  3757  4469 D WindowManager: finishDrawingWindow: Window{9538199d0 u0 com.GeekTechnique.InfinityStack/com.epicgames.ue4.GameActivity} mDrawState=DRAW_PENDING
01-23 01:28:44.010 14654 14654 D ViewRootImpl@e972267[GameActivity]: MSG_RESIZED_REPORT: ci=Rect(0, 0 - 0, 0) vi=Rect(0, 0 - 0, 0) or=1
01-23 01:28:44.012  3215  5562 I Layer   : [com.GeekTechnique.InfinityStack/com.epicgames.ue4.GameActivity] addSyncPoint start
01-23 01:28:44.012  3215  5562 I Layer   : [com.GeekTechnique.InfinityStack/com.epicgames.ue4.GameActivity] addSyncPoint end
01-23 01:28:44.012  3215  5562 I Layer   : [com.GeekTechnique.InfinityStack/com.epicgames.ue4.GameActivity] addSyncPoint start
01-23 01:28:44.012  3215  5562 I Layer   : [com.GeekTechnique.InfinityStack/com.epicgames.ue4.GameActivity] addSyncPoint end
01-23 01:28:44.015  3215  3266 I Layer   : [com.GeekTechnique.InfinityStack/com.epicgames.ue4.GameActivity] addSyncPoint start
01-23 01:28:44.015  3215  3266 I Layer   : [com.GeekTechnique.InfinityStack/com.epicgames.ue4.GameActivity] addSyncPoint end
01-23 01:28:44.015  3215  3266 I Layer   : [com.GeekTechnique.InfinityStack/com.epicgames.ue4.GameActivity] addSyncPoint start
01-23 01:28:44.015  3215  3266 I Layer   : [com.GeekTechnique.InfinityStack/com.epicgames.ue4.GameActivity] addSyncPoint end
01-23 01:28:44.016  3757  3793 D KnoxTimeoutHandler: notifyActivityDrawn [MsgParam] userId: 0 fullscreen is true showWhenlocked is false isMutiwindowRecord is false multiwindowstyle is 1
01-23 01:28:44.016  3757  3757 D KnoxTimeoutHandler: activityDrawn [MsgParam] userId: 0 fullscreen is true showWhenlocked is false isMutiwindowRecord is false multiwindowstyle is 1
01-23 01:28:44.017  3757  3757 I KnoxTimeoutHandler: SD activityfalse
01-23 01:28:44.017  3757  3757 I KnoxTimeoutHandler: Fullscreen and mCurrent is not KNOX user. Hence hide keyguard
01-23 01:28:44.018  3757  3793 D CustomFrequencyManagerService: acquireDVFSLockLocked : type : DVFS_MIN_LIMIT  frequency : 1704000  uid : 1000  pid : 3757  pkgName : AMS_RESUME_TAIL@CPU_MIN@51
01-23 01:28:44.018  3757  3793 D ActivityManagerPerformance: AMP_acquire() TAIL
01-23 01:28:44.018  3757  3793 D CustomFrequencyManagerService: releaseDVFSLockLocked : Getting Lock type frm List : DVFS_MIN_LIMIT  frequency : 2100000  uid : 1000  pid : 3757  tag : AMS_APP_SWITCH@CPU_MIN@45
01-23 01:28:44.019  3757  3793 D ActivityManagerPerformance: AMP_release() APP_SWITCH
01-23 01:28:44.019  3757  3793 D ViewRootImpl@baf5b98[InfinityStack]: dispatchDetachedFromWindow
01-23 01:28:44.019  3757  3793 D WindowManager: disposeInputChannel mInputChannel: 21217d6 Starting com.GeekTechnique.InfinityStack (server)
01-23 01:28:44.022  3215  3266 I Layer   : [com.GeekTechnique.InfinityStack/com.epicgames.ue4.GameActivity] addSyncPoint start
01-23 01:28:44.022  3215  3266 I Layer   : [com.GeekTechnique.InfinityStack/com.epicgames.ue4.GameActivity] addSyncPoint end
01-23 01:28:44.022  3215  3266 I Layer   : [com.GeekTechnique.InfinityStack/com.epicgames.ue4.GameActivity] addSyncPoint start
01-23 01:28:44.022  3215  3266 I Layer   : [com.GeekTechnique.InfinityStack/com.epicgames.ue4.GameActivity] addSyncPoint end
01-23 01:28:44.022  3757  3793 D InputTransport: Input channel destroyed: fd=457
01-23 01:28:44.023  3757  3793 D InputTransport: Input channel destroyed: fd=468
01-23 01:28:44.023  3757 31270 D WindowManager: finishDrawingWindow: Window{9538199d0 u0 com.GeekTechnique.InfinityStack/com.epicgames.ue4.GameActivity} mDrawState=HAS_DRAWN
01-23 01:28:44.023  3757  3793 D ViewRootImpl@a2b441[ContainerKeyguardScrim]: mHardwareRenderer.destroy()#1
01-23 01:28:44.062  3757  6272 W MultiScreenManagerService: moveTaskBackToDisplayIfNeeded(): The task has more than one activity
01-23 01:28:44.063  3757  6272 D ActivityManager: moveToFront() : reason=finishActivity adjustFocus setFocusedActivity isAttached=true TaskRecord{df02e5fd0 #1025 A=com.GeekTechnique.InfinityStack U=0 StackId=1 sz=3}
01-23 01:28:44.066  3757  6272 D InputDispatcher: Focused application set to: xxxx
01-23 01:28:44.066  3757  6272 D InputDispatcher: Focus entered window: 14654
01-23 01:28:44.067  3757  6272 D ActivityTrigger: ActivityTrigger activityPauseTrigger 
01-23 01:28:44.067 14654 14654 D ViewRootImpl@e972267[GameActivity]: MSG_WINDOW_FOCUS_CHANGED 1
01-23 01:28:44.067 14654 14654 D ViewRootImpl@e972267[GameActivity]: mHardwareRenderer.initializeIfNeeded()#2 mSurface={isValid=true -1026971648}
01-23 01:28:44.067  3757  6272 D GameManagerService: sem_perfomance_mode: 0
01-23 01:28:44.067 14654 14654 V threaded_app: WindowFocusChanged: 0xdb87bb40 -- 1
01-23 01:28:44.067 14654 14673 D UE4     : LogAndroidEvents: EnqueueAppEvent : 11, 0, tid = 14673
01-23 01:28:44.074  3757  3771 D ActivityManager: resumeTopActivityInnerLocked() : #1 prevTask=null next=ActivityRecord{9ba05b0d0 u0 com.GeekTechnique.InfinityStack/com.epicgames.ue4.GameActivity t1025} mFocusedStack=ActivityStack{e83cb46d0 stackId=1, 5 tasks}
01-23 01:28:44.074  3757  3771 D ActivityManager: resumeTopActivityInnerLocked() : #1 prevTask=TaskRecord{df02e5fd0 #1025 A=com.GeekTechnique.InfinityStack U=0 StackId=1 sz=3} next=ActivityRecord{9ba05b0d0 u0 com.GeekTechnique.InfinityStack/com.epicgames.ue4.GameActivity t1025} mFocusedStack=ActivityStack{e83cb46d0 stackId=1, 5 tasks}
01-23 01:28:44.074 14654 14672 D UE4     : EGL Extensions: 
01-23 01:28:44.074 14654 14672 D UE4     : EGL_KHR_get_all_proc_addresses EGL_ANDROID_presentation_time EGL_KHR_swap_buffers_with_damage EGL_ANDROID_create_native_client_buffer EGL_ANDROID_front_buffer_auto_refresh EGL_KHR_image EGL_KHR_image_base EGL_KHR_gl_texture_2D_image EGL_KHR_gl_texture_cubemap_image EGL_KHR_gl_renderbuffer_image EGL_KHR_fence_sync EGL_KHR_create_context EGL_KHR_config_attribs EGL_KHR_surfaceless_context EGL_EXT_create_context_robustness EGL_ANDROID_image_native_buffer EGL_KHR_wait_sync EGL_ANDROID_recordable EGL_KHR_partial_update EGL_KHR_mutable_render_buffer EGL_EXT_protected_content 
01-23 01:28:44.075  3757  3771 D CustomFrequencyManagerService: acquireDVFSLockLocked : type : DVFS_MIN_LIMIT  frequency : 1300000  uid : 1000  pid : 3757  pkgName : AMS_ACT_RESUME@CPU_MIN@13
01-23 01:28:44.075  3757  3771 D ActivityManagerPerformance: AMP_acquire() ACT_RESUME
01-23 01:28:44.076  3757  3771 D ActivityManager: applyOptionsLocked(), pendingOptions : null
01-23 01:28:44.076 14654 14654 D SEM_CLIP_SemClipboardManager: isCocktailBarDisplayed : false
01-23 01:28:44.076 14654 14654 V InputMethodManager: Starting input: tba=android.view.inputmethod.EditorInfo@9eace44 nm : com.GeekTechnique.InfinityStack ic=null
01-23 01:28:44.076 14654 14654 I InputMethodManager: [IMM] startInputInner - mService.startInputOrWindowGainedFocus
01-23 01:28:44.077  3757  4482 D InputMethodManagerService: windowGainedFocus mCurrentFocusedUserId - 0 and mSecureKeypadEnabled-false
01-23 01:28:44.077  3757  4482 V InputMethodManagerService: windowGainedFocus: reason=WINDOW_FOCUS_GAIN client=android.os.BinderProxy@44771e5 inputContext=null missingMethods= attribute=android.view.inputmethod.EditorInfo@fdf295b nm = com.GeekTechnique.InfinityStack controlFlags=#105 softInputMode=#10 windowFlags=#1810500
01-23 01:28:44.077  3757  4482 V InputMethodManagerService: Unspecified window will hide input
01-23 01:28:44.077  3757  4482 D InputMethodManagerService: mDesktopModeManager null!
01-23 01:28:44.077  3757  4482 V InputMethodManagerService: hideCurrentInputLocked - !shouldHideSoftInput
01-23 01:28:44.079  6176  6176 D InputTransport: Input channel destroyed: fd=84
01-23 01:28:44.079  3757  4482 D InputTransport: Input channel constructed: fd=468
