--------- beginning of system
01-14 19:06:50.276  3757 10512 D AudioService: getStreamVolume 3 index 0
01-14 19:06:50.287  3757  6272 D AudioService: getStreamVolume 3 index 0
01-14 19:06:50.306  3757  7216 D AudioService: getStreamVolume 3 index 0
01-14 19:06:50.325  3757 10496 D AudioService: getStreamVolume 3 index 0
--------- beginning of main
01-14 19:06:50.328 26178 26400 V HttpWebRequest: 2019-01-15 00:06:50-3d2ddbc4-8040-44b2-8177-9871647522c7-Response is received ver:1.13.3
01-14 19:06:50.331 26178 26400 V Oauth   : 2019-01-15 00:06:50-3d2ddbc4-8040-44b2-8177-9871647522c7-Token request does not have exception ver:1.13.3
01-14 19:06:50.332 26178 26400 V Oauth   : 2019-01-15 00:06:50-3d2ddbc4-8040-44b2-8177-9871647522c7-x-ms-request-id: 30f1ea83-b6e1-4a03-943f-06664ca48d00 ver:1.13.3
01-14 19:06:50.334 26178 26400 V Oauth   : 2019-01-15 00:06:50-3d2ddbc4-8040-44b2-8177-9871647522c7-Response correlationId:3d2ddbc4-8040-44b2-8177-9871647522c7 ver:1.13.3
01-14 19:06:50.335 26178 26400 V TokenCacheAccessor: 2019-01-15 00:06:50-3d2ddbc4-8040-44b2-8177-9871647522c7-Save returned AuthenticationResult into cache. ver:1.13.3
01-14 19:06:50.337 26178 26400 V TokenCacheAccessor: 2019-01-15 00:06:50-3d2ddbc4-8040-44b2-8177-9871647522c7-Access TokenID HAiknFdx/Mbey4KeaXJfSDJRhGQBxCzLgWHQSi7bkxI= and Refresh TokenID lPkfngunxoUazyTR5IimIeFPmFOMuDvxEoygxVy57WM= returned. ver:1.13.3
01-14 19:06:50.338 26178 26400 V TokenCacheAccessor: 2019-01-15 00:06:50-3d2ddbc4-8040-44b2-8177-9871647522c7-Save regular token into cache. ver:1.13.3
01-14 19:06:50.341 26178 26400 V StorageHelper: 2019-01-15 00:06:50-3d2ddbc4-8040-44b2-8177-9871647522c7-Starting encryption ver:1.13.3
01-14 19:06:50.342 26178 26400 V StorageHelper: 2019-01-15 00:06:50-3d2ddbc4-8040-44b2-8177-9871647522c7-Encrypt version:U001 ver:1.13.3
01-14 19:06:50.345 26178 26400 V StorageHelper: 2019-01-15 00:06:50-3d2ddbc4-8040-44b2-8177-9871647522c7-Finished encryption ver:1.13.3
01-14 19:06:50.346 26178 26400 V TokenCacheAccessor: 2019-01-15 00:06:50-3d2ddbc4-8040-44b2-8177-9871647522c7-Save Multi Resource Refresh token to cache ver:1.13.3
01-14 19:06:50.348 26178 26400 V StorageHelper: 2019-01-15 00:06:50-3d2ddbc4-8040-44b2-8177-9871647522c7-Starting encryption ver:1.13.3
01-14 19:06:50.349 26178 26400 V StorageHelper: 2019-01-15 00:06:50-3d2ddbc4-8040-44b2-8177-9871647522c7-Encrypt version:U001 ver:1.13.3
01-14 19:06:50.351 26178 26400 V StorageHelper: 2019-01-15 00:06:50-3d2ddbc4-8040-44b2-8177-9871647522c7-Finished encryption ver:1.13.3
01-14 19:06:50.353 26178 26400 V TokenCacheAccessor: 2019-01-15 00:06:50-3d2ddbc4-8040-44b2-8177-9871647522c7-Save Family Refresh token into cache ver:1.13.3
01-14 19:06:50.354 26178 26400 V StorageHelper: 2019-01-15 00:06:50-3d2ddbc4-8040-44b2-8177-9871647522c7-Starting encryption ver:1.13.3
01-14 19:06:50.356 26178 26400 V StorageHelper: 2019-01-15 00:06:50-3d2ddbc4-8040-44b2-8177-9871647522c7-Encrypt version:U001 ver:1.13.3
01-14 19:06:50.358 26178 26400 V StorageHelper: 2019-01-15 00:06:50-3d2ddbc4-8040-44b2-8177-9871647522c7-Finished encryption ver:1.13.3
01-14 19:06:50.360 26178 26400 V TokenCacheAccessor: 2019-01-15 00:06:50-3d2ddbc4-8040-44b2-8177-9871647522c7-Access TokenID HAiknFdx/Mbey4KeaXJfSDJRhGQBxCzLgWHQSi7bkxI= and Refresh TokenID lPkfngunxoUazyTR5IimIeFPmFOMuDvxEoygxVy57WM= returned. ver:1.13.3
01-14 19:06:50.361 26178 26400 V TokenCacheAccessor: 2019-01-15 00:06:50-3d2ddbc4-8040-44b2-8177-9871647522c7-Save regular token into cache. ver:1.13.3
01-14 19:06:50.364 26178 26400 V StorageHelper: 2019-01-15 00:06:50-3d2ddbc4-8040-44b2-8177-9871647522c7-Starting encryption ver:1.13.3
01-14 19:06:50.364  3757  5063 D AudioService: getStreamVolume 3 index 0
01-14 19:06:50.365 26178 26400 V StorageHelper: 2019-01-15 00:06:50-3d2ddbc4-8040-44b2-8177-9871647522c7-Encrypt version:U001 ver:1.13.3
01-14 19:06:50.368 26178 26400 V StorageHelper: 2019-01-15 00:06:50-3d2ddbc4-8040-44b2-8177-9871647522c7-Finished encryption ver:1.13.3
01-14 19:06:50.370 26178 26400 V TokenCacheAccessor: 2019-01-15 00:06:50-3d2ddbc4-8040-44b2-8177-9871647522c7-Save Multi Resource Refresh token to cache ver:1.13.3
01-14 19:06:50.372 26178 26400 V StorageHelper: 2019-01-15 00:06:50-3d2ddbc4-8040-44b2-8177-9871647522c7-Starting encryption ver:1.13.3
01-14 19:06:50.374 26178 26400 V StorageHelper: 2019-01-15 00:06:50-3d2ddbc4-8040-44b2-8177-9871647522c7-Encrypt version:U001 ver:1.13.3
01-14 19:06:50.376 26178 26400 V StorageHelper: 2019-01-15 00:06:50-3d2ddbc4-8040-44b2-8177-9871647522c7-Finished encryption ver:1.13.3
01-14 19:06:50.378 26178 26400 V TokenCacheAccessor: 2019-01-15 00:06:50-3d2ddbc4-8040-44b2-8177-9871647522c7-Save Family Refresh token into cache ver:1.13.3
01-14 19:06:50.380 26178 26400 V StorageHelper: 2019-01-15 00:06:50-3d2ddbc4-8040-44b2-8177-9871647522c7-Starting encryption ver:1.13.3
01-14 19:06:50.381 26178 26400 V StorageHelper: 2019-01-15 00:06:50-3d2ddbc4-8040-44b2-8177-9871647522c7-Encrypt version:U001 ver:1.13.3
01-14 19:06:50.384 26178 26400 V StorageHelper: 2019-01-15 00:06:50-3d2ddbc4-8040-44b2-8177-9871647522c7-Finished encryption ver:1.13.3
01-14 19:06:50.386 26178 26400 V TokenCacheAccessor: 2019-01-15 00:06:50-3d2ddbc4-8040-44b2-8177-9871647522c7-Access TokenID HAiknFdx/Mbey4KeaXJfSDJRhGQBxCzLgWHQSi7bkxI= and Refresh TokenID lPkfngunxoUazyTR5IimIeFPmFOMuDvxEoygxVy57WM= returned. ver:1.13.3
01-14 19:06:50.388 26178 26400 V TokenCacheAccessor: 2019-01-15 00:06:50-3d2ddbc4-8040-44b2-8177-9871647522c7-Save regular token into cache. ver:1.13.3
01-14 19:06:50.391 26178 26400 V StorageHelper: 2019-01-15 00:06:50-3d2ddbc4-8040-44b2-8177-9871647522c7-Starting encryption ver:1.13.3
01-14 19:06:50.393 26178 26400 V StorageHelper: 2019-01-15 00:06:50-3d2ddbc4-8040-44b2-8177-9871647522c7-Encrypt version:U001 ver:1.13.3
01-14 19:06:50.395 26178 26400 V StorageHelper: 2019-01-15 00:06:50-3d2ddbc4-8040-44b2-8177-9871647522c7-Finished encryption ver:1.13.3
01-14 19:06:50.397 26178 26400 V TokenCacheAccessor: 2019-01-15 00:06:50-3d2ddbc4-8040-44b2-8177-9871647522c7-Save Multi Resource Refresh token to cache ver:1.13.3
01-14 19:06:50.399 26178 26400 V StorageHelper: 2019-01-15 00:06:50-3d2ddbc4-8040-44b2-8177-9871647522c7-Starting encryption ver:1.13.3
01-14 19:06:50.401 26178 26400 V StorageHelper: 2019-01-15 00:06:50-3d2ddbc4-8040-44b2-8177-9871647522c7-Encrypt version:U001 ver:1.13.3
01-14 19:06:50.404 26178 26400 V StorageHelper: 2019-01-15 00:06:50-3d2ddbc4-8040-44b2-8177-9871647522c7-Finished encryption ver:1.13.3
01-14 19:06:50.405 26178 26400 V AcquireTokenRequest: 2019-01-15 00:06:50-3d2ddbc4-8040-44b2-8177-9871647522c7-Token is successfully returned from silent flow.  ver:1.13.3
01-14 19:06:50.409 26178 26390 V PRNGFixes: 2019-01-15 00:06:50-3d2ddbc4-8040-44b2-8177-9871647522c7-No need to apply the fix ver:1.13.3
01-14 19:06:50.410 26178 26390 V PRNGFixes: 2019-01-15 00:06:50-3d2ddbc4-8040-44b2-8177-9871647522c7-No need to apply the fix ver:1.13.3
01-14 19:06:50.413 26178 26390 V BrokerProxy: 2019-01-15 00:06:50-3d2ddbc4-8040-44b2-8177-9871647522c7-Device runs on 23 and above, skip the check for 22 and below. ver:1.13.3
01-14 19:06:50.417 26178 26390 V AcquireTokenRequest: 2019-01-15 00:06:50-d2402234-58da-4004-99a8-514823616c83-Sending async task from thread:26390 ver:1.13.3
01-14 19:06:50.419 26178 26400 V AcquireTokenRequest: 2019-01-15 00:06:50-d2402234-58da-4004-99a8-514823616c83-Running task in thread:26400 ver:1.13.3
01-14 19:06:50.422 26178 26400 V BrokerProxy: 2019-01-15 00:06:50-d2402234-58da-4004-99a8-514823616c83-Broker auth is turned off or no valid broker is available on the device, cannot switch to broker. ver:1.13.3
01-14 19:06:50.424 26178 26400 V AcquireTokenRequest: 2019-01-15 00:06:50-d2402234-58da-4004-99a8-514823616c83-Try to acquire token silently, return valid AT or use RT in the cache. ver:1.13.3
01-14 19:06:50.426 26178 26400 V AcquireTokenRequest: 2019-01-15 00:06:50-d2402234-58da-4004-99a8-514823616c83-Try to silently get token from local cache. ver:1.13.3
01-14 19:06:50.428 26178 26400 V StorageHelper: 2019-01-15 00:06:50-d2402234-58da-4004-99a8-514823616c83-Starting decryption ver:1.13.3
01-14 19:06:50.430 26178 26400 V StorageHelper: 2019-01-15 00:06:50-d2402234-58da-4004-99a8-514823616c83-Encrypt version:U001 ver:1.13.3
01-14 19:06:50.433 26178 26400 V StorageHelper: 2019-01-15 00:06:50-d2402234-58da-4004-99a8-514823616c83-Finished decryption ver:1.13.3
01-14 19:06:50.436 26178 26400 V TokenCacheItem: 2019-01-15 00:06:50-d2402234-58da-4004-99a8-514823616c83-expiresOn:Mon Jan 14 19:19:03 EST 2019 timeWithBuffer:Mon Jan 14 19:50:50 EST 2019 Buffer:2640 ver:1.13.3
01-14 19:06:50.438 26178 26400 V TokenCacheAccessor: 2019-01-15 00:06:50-d2402234-58da-4004-99a8-514823616c83-Access token exists, but already expired. ver:1.13.3
01-14 19:06:50.440  3757  3771 D AudioService: getStreamVolume 3 index 0
01-14 19:06:50.440 26178 26400 V AcquireTokenSilentHandler: 2019-01-15 00:06:50-d2402234-58da-4004-99a8-514823616c83-No valid access token exists, try with refresh token. ver:1.13.3
01-14 19:06:50.442 26178 26400 V StorageHelper: 2019-01-15 00:06:50-d2402234-58da-4004-99a8-514823616c83-Starting decryption ver:1.13.3
01-14 19:06:50.444 26178 26400 V StorageHelper: 2019-01-15 00:06:50-d2402234-58da-4004-99a8-514823616c83-Encrypt version:U001 ver:1.13.3
01-14 19:06:50.447 26178 26400 V StorageHelper: 2019-01-15 00:06:50-d2402234-58da-4004-99a8-514823616c83-Finished decryption ver:1.13.3
01-14 19:06:50.450  3757  3770 D AudioService: getStreamVolume 3 index 0
01-14 19:06:50.450 26178 26400 V AcquireTokenSilentHandler: 2019-01-15 00:06:50-d2402234-58da-4004-99a8-514823616c83-Found RT and it's also a MRRT, retry with MRRT ver:1.13.3
01-14 19:06:50.451 26178 26400 V StorageHelper: 2019-01-15 00:06:50-d2402234-58da-4004-99a8-514823616c83-Starting decryption ver:1.13.3
01-14 19:06:50.452 26178 26400 V StorageHelper: 2019-01-15 00:06:50-d2402234-58da-4004-99a8-514823616c83-Encrypt version:U001 ver:1.13.3
01-14 19:06:50.453 26178 26400 V StorageHelper: 2019-01-15 00:06:50-d2402234-58da-4004-99a8-514823616c83-Finished decryption ver:1.13.3
01-14 19:06:50.454 26178 26400 V AcquireTokenSilentHandler: 2019-01-15 00:06:50-d2402234-58da-4004-99a8-514823616c83-MRRT item exists but it's also a FRT, try with FRT. ver:1.13.3
01-14 19:06:50.455 26178 26400 V StorageHelper: 2019-01-15 00:06:50-d2402234-58da-4004-99a8-514823616c83-Starting decryption ver:1.13.3
01-14 19:06:50.456 26178 26400 V StorageHelper: 2019-01-15 00:06:50-d2402234-58da-4004-99a8-514823616c83-Encrypt version:U001 ver:1.13.3
01-14 19:06:50.457 26178 26400 V StorageHelper: 2019-01-15 00:06:50-d2402234-58da-4004-99a8-514823616c83-Finished decryption ver:1.13.3
01-14 19:06:50.458 26178 26400 V AcquireTokenSilentHandler: 2019-01-15 00:06:50-d2402234-58da-4004-99a8-514823616c83-Send request to use FRT for new AT. ver:1.13.3
01-14 19:06:50.458 26178 26400 V AcquireTokenSilentHandler: 2019-01-15 00:06:50-d2402234-58da-4004-99a8-514823616c83-Try to get new access token with the found refresh token. ver:1.13.3 Request authority:https://login.microsoftonline.com/common resource:https://stusctech-my.sharepoint.com/ clientid:27922004-5251-4030-b22d-91ecd9a37ea4
01-14 19:06:50.459  3757 31269 D ConnectivityService: filterNetworkStateForUid() uid: 10258 networkInfo: [type: WIFI[] - WIFI, state: CONNECTED/CONNECTED, reason: (unspecified), extra: "wilkinson2.4", failover: false, available: true, roaming: false, metered: false]
01-14 19:06:50.463 26178 26400 V Oauth   : 2019-01-15 00:06:50-d2402234-58da-4004-99a8-514823616c83-Building request message for redeeming token with refresh token. ver:1.13.3
01-14 19:06:50.464 26178 26400 V Oauth   : 2019-01-15 00:06:50-d2402234-58da-4004-99a8-514823616c83-Sending request to redeem token with refresh token. ver:1.13.3
01-14 19:06:50.465 26178 26400 V WebRequestHandler: 2019-01-15 00:06:50-d2402234-58da-4004-99a8-514823616c83-WebRequestHandler thread26400 ver:1.13.3
01-14 19:06:50.465 26178 26400 V HttpWebRequest: 2019-01-15 00:06:50-d2402234-58da-4004-99a8-514823616c83-HttpWebRequest send thread:26400 ver:1.13.3
01-14 19:06:50.466 26178 26400 V HttpWebRequest: 2019-01-15 00:06:50-d2402234-58da-4004-99a8-514823616c83-HttpWebRequest setupConnection thread:26400 ver:1.13.3
01-14 19:06:50.467 26178 26400 V HttpWebRequest: 2019-01-15 00:06:50-d2402234-58da-4004-99a8-514823616c83-Setting header: x-client-Ver ver:1.13.3
01-14 19:06:50.467 26178 26400 V HttpWebRequest: 2019-01-15 00:06:50-d2402234-58da-4004-99a8-514823616c83-Setting header: x-client-last-request ver:1.13.3
01-14 19:06:50.468 26178 26400 V HttpWebRequest: 2019-01-15 00:06:50-d2402234-58da-4004-99a8-514823616c83-Setting header: x-client-last-response-time ver:1.13.3
01-14 19:06:50.468 26178 26400 V HttpWebRequest: 2019-01-15 00:06:50-d2402234-58da-4004-99a8-514823616c83-Setting header: Host ver:1.13.3
01-14 19:06:50.469 26178 26400 V HttpWebRequest: 2019-01-15 00:06:50-d2402234-58da-4004-99a8-514823616c83-Setting header: x-client-last-endpoint ver:1.13.3
01-14 19:06:50.470 26178 26400 V HttpWebRequest: 2019-01-15 00:06:50-d2402234-58da-4004-99a8-514823616c83-Setting header: x-client-DM ver:1.13.3
01-14 19:06:50.470 26178 26400 V HttpWebRequest: 2019-01-15 00:06:50-d2402234-58da-4004-99a8-514823616c83-Setting header: x-client-OS ver:1.13.3
01-14 19:06:50.471 26178 26400 V HttpWebRequest: 2019-01-15 00:06:50-d2402234-58da-4004-99a8-514823616c83-Setting header: Accept ver:1.13.3
01-14 19:06:50.472 26178 26400 V HttpWebRequest: 2019-01-15 00:06:50-d2402234-58da-4004-99a8-514823616c83-Setting header: x-client-SKU ver:1.13.3
01-14 19:06:50.472 26178 26400 V HttpWebRequest: 2019-01-15 00:06:50-d2402234-58da-4004-99a8-514823616c83-Setting header: client-request-id ver:1.13.3
01-14 19:06:50.473 26178 26400 V HttpWebRequest: 2019-01-15 00:06:50-d2402234-58da-4004-99a8-514823616c83-Setting header: x-ms-PKeyAuth ver:1.13.3
01-14 19:06:50.473 26178 26400 I System.out: (HTTPLog)-Static: isSBSettingEnabled false
01-14 19:06:50.473 26178 26400 I System.out: (HTTPLog)-Static: isSBSettingEnabled false
01-14 19:06:50.479  3757 32084 D AudioService: getStreamVolume 3 index 0
01-14 19:06:50.490  3757 29841 D AudioService: getStreamVolume 3 index 0
01-14 19:06:50.508  3757 32085 D AudioService: getStreamVolume 3 index 0
01-14 19:06:50.527  3757  7205 D AudioService: getStreamVolume 3 index 0
01-14 19:06:50.644  3757 29838 D AudioService: getStreamVolume 3 index 0
01-14 19:06:50.653  3757  4469 D AudioService: getStreamVolume 3 index 0
01-14 19:06:50.681  3757  5062 D AudioService: getStreamVolume 3 index 0
01-14 19:06:50.691  3757 32084 D AudioService: getStreamVolume 3 index 0
01-14 19:06:50.711  3757 32085 D AudioService: getStreamVolume 3 index 0
01-14 19:06:50.729  3757  7205 D AudioService: getStreamVolume 3 index 0
01-14 19:06:50.847  3757 29839 D AudioService: getStreamVolume 3 index 0
01-14 19:06:50.856  3757  2859 D AudioService: getStreamVolume 3 index 0
01-14 19:06:50.883  3757  7202 D AudioService: getStreamVolume 3 index 0
01-14 19:06:50.895  3757 29842 D AudioService: getStreamVolume 3 index 0
01-14 19:06:50.914  3757  5902 D AudioService: getStreamVolume 3 index 0
01-14 19:06:50.932  3757 10496 D AudioService: getStreamVolume 3 index 0
01-14 19:06:50.994 26178 26400 V HttpWebRequest: 2019-01-15 00:06:50-d2402234-58da-4004-99a8-514823616c83-Response is received ver:1.13.3
01-14 19:06:50.997 26178 26400 V Oauth   : 2019-01-15 00:06:50-d2402234-58da-4004-99a8-514823616c83-Token request does not have exception ver:1.13.3
01-14 19:06:51.000 26178 26400 V Oauth   : 2019-01-15 00:06:50-d2402234-58da-4004-99a8-514823616c83-x-ms-request-id: 5b99d26e-e897-493a-bd04-aced81f7bb00 ver:1.13.3
01-14 19:06:51.004 26178 26400 V Oauth   : 2019-01-15 00:06:51-d2402234-58da-4004-99a8-514823616c83-Response correlationId:d2402234-58da-4004-99a8-514823616c83 ver:1.13.3
01-14 19:06:51.007 26178 26400 V TokenCacheAccessor: 2019-01-15 00:06:51-d2402234-58da-4004-99a8-514823616c83-Save returned AuthenticationResult into cache. ver:1.13.3
01-14 19:06:51.010 26178 26400 V TokenCacheAccessor: 2019-01-15 00:06:51-d2402234-58da-4004-99a8-514823616c83-Access TokenID jIB3phppJdg+WZUIBm6KQzenVBBTSA/06H4vYNq4wcw= and Refresh TokenID jp7tmuP3ob3HYC4/QTMlewv/zslVUo//sFQwy2WmN3E= returned. ver:1.13.3
01-14 19:06:51.013 26178 26400 V TokenCacheAccessor: 2019-01-15 00:06:51-d2402234-58da-4004-99a8-514823616c83-Save regular token into cache. ver:1.13.3
01-14 19:06:51.018 26178 26400 V StorageHelper: 2019-01-15 00:06:51-d2402234-58da-4004-99a8-514823616c83-Starting encryption ver:1.13.3
01-14 19:06:51.021 26178 26400 V StorageHelper: 2019-01-15 00:06:51-d2402234-58da-4004-99a8-514823616c83-Encrypt version:U001 ver:1.13.3
01-14 19:06:51.023 26178 26400 V StorageHelper: 2019-01-15 00:06:51-d2402234-58da-4004-99a8-514823616c83-Finished encryption ver:1.13.3
01-14 19:06:51.025 26178 26400 V TokenCacheAccessor: 2019-01-15 00:06:51-d2402234-58da-4004-99a8-514823616c83-Save Multi Resource Refresh token to cache ver:1.13.3
01-14 19:06:51.028 26178 26400 V StorageHelper: 2019-01-15 00:06:51-d2402234-58da-4004-99a8-514823616c83-Starting encryption ver:1.13.3
01-14 19:06:51.030 26178 26400 V StorageHelper: 2019-01-15 00:06:51-d2402234-58da-4004-99a8-514823616c83-Encrypt version:U001 ver:1.13.3
01-14 19:06:51.032  3757 29840 D ConnectivityService: filterNetworkStateForUid() uid: 10022 networkInfo: [type: WIFI[] - WIFI, state: CONNECTED/CONNECTED, reason: (unspecified), extra: "wilkinson2.4", failover: false, available: true, roaming: false, metered: false]
01-14 19:06:51.033 26178 26400 V StorageHelper: 2019-01-15 00:06:51-d2402234-58da-4004-99a8-514823616c83-Finished encryption ver:1.13.3
01-14 19:06:51.034  3757 32083 D ConnectivityService: filterNetworkStateForUid() uid: 10022 networkInfo: [type: WIFI[] - WIFI, state: CONNECTED/CONNECTED, reason: (unspecified), extra: "wilkinson2.4", failover: false, available: true, roaming: false, metered: false]
01-14 19:06:51.036 26178 26400 V TokenCacheAccessor: 2019-01-15 00:06:51-d2402234-58da-4004-99a8-514823616c83-Save Family Refresh token into cache ver:1.13.3
01-14 19:06:51.038 26178 26400 V StorageHelper: 2019-01-15 00:06:51-d2402234-58da-4004-99a8-514823616c83-Starting encryption ver:1.13.3
01-14 19:06:51.040 26178 26400 V StorageHelper: 2019-01-15 00:06:51-d2402234-58da-4004-99a8-514823616c83-Encrypt version:U001 ver:1.13.3
01-14 19:06:51.043 26178 26400 V StorageHelper: 2019-01-15 00:06:51-d2402234-58da-4004-99a8-514823616c83-Finished encryption ver:1.13.3
01-14 19:06:51.045 26178 26400 V TokenCacheAccessor: 2019-01-15 00:06:51-d2402234-58da-4004-99a8-514823616c83-Access TokenID jIB3phppJdg+WZUIBm6KQzenVBBTSA/06H4vYNq4wcw= and Refresh TokenID jp7tmuP3ob3HYC4/QTMlewv/zslVUo//sFQwy2WmN3E= returned. ver:1.13.3
01-14 19:06:51.046 26178 26400 V TokenCacheAccessor: 2019-01-15 00:06:51-d2402234-58da-4004-99a8-514823616c83-Save regular token into cache. ver:1.13.3
01-14 19:06:51.049  3757  7201 D AudioService: getStreamVolume 3 index 0
01-14 19:06:51.049 26178 26400 V StorageHelper: 2019-01-15 00:06:51-d2402234-58da-4004-99a8-514823616c83-Starting encryption ver:1.13.3
01-14 19:06:51.051 26178 26400 V StorageHelper: 2019-01-15 00:06:51-d2402234-58da-4004-99a8-514823616c83-Encrypt version:U001 ver:1.13.3
01-14 19:06:51.052 26476 26476 D SecurityManagerNative: SecurityManagerNative v2.7.2.5 On 64bit PLATFORM With BORINGSSL
01-14 19:06:51.054 26178 26400 V StorageHelper: 2019-01-15 00:06:51-d2402234-58da-4004-99a8-514823616c83-Finished encryption ver:1.13.3
01-14 19:06:51.055 26178 26400 V TokenCacheAccessor: 2019-01-15 00:06:51-d2402234-58da-4004-99a8-514823616c83-Save Multi Resource Refresh token to cache ver:1.13.3
01-14 19:06:51.058 26178 26400 V StorageHelper: 2019-01-15 00:06:51-d2402234-58da-4004-99a8-514823616c83-Starting encryption ver:1.13.3
01-14 19:06:51.058 26476 26476 E appproc : Enhanced Zygote ASLR: ro.knox.enhance.zygote.aslr != 1. Enhanced Zygote ASLR is DISABLED!
01-14 19:06:51.058 26476 26476 D AndroidRuntime: >>>>>> START com.android.internal.os.RuntimeInit uid 2000 <<<<<<
01-14 19:06:51.059  3757 31269 D AudioService: getStreamVolume 3 index 0
01-14 19:06:51.062 26178 26400 V StorageHelper: 2019-01-15 00:06:51-d2402234-58da-4004-99a8-514823616c83-Encrypt version:U001 ver:1.13.3
01-14 19:06:51.062 26476 26476 D AndroidRuntime: CheckJNI is OFF
01-14 19:06:51.064 26178 26400 V StorageHelper: 2019-01-15 00:06:51-d2402234-58da-4004-99a8-514823616c83-Finished encryption ver:1.13.3
01-14 19:06:51.065 26476 26476 D AndroidRuntime: addProductProperty: start
01-14 19:06:51.066 26178 26400 V TokenCacheAccessor: 2019-01-15 00:06:51-d2402234-58da-4004-99a8-514823616c83-Save Family Refresh token into cache ver:1.13.3
01-14 19:06:51.068 26178 26400 V StorageHelper: 2019-01-15 00:06:51-d2402234-58da-4004-99a8-514823616c83-Starting encryption ver:1.13.3
01-14 19:06:51.069 26178 26400 V StorageHelper: 2019-01-15 00:06:51-d2402234-58da-4004-99a8-514823616c83-Encrypt version:U001 ver:1.13.3
01-14 19:06:51.072 26178 26400 V StorageHelper: 2019-01-15 00:06:51-d2402234-58da-4004-99a8-514823616c83-Finished encryption ver:1.13.3
01-14 19:06:51.075 26178 26400 V TokenCacheAccessor: 2019-01-15 00:06:51-d2402234-58da-4004-99a8-514823616c83-Access TokenID jIB3phppJdg+WZUIBm6KQzenVBBTSA/06H4vYNq4wcw= and Refresh TokenID jp7tmuP3ob3HYC4/QTMlewv/zslVUo//sFQwy2WmN3E= returned. ver:1.13.3
01-14 19:06:51.076 26178 26400 V TokenCacheAccessor: 2019-01-15 00:06:51-d2402234-58da-4004-99a8-514823616c83-Save regular token into cache. ver:1.13.3
01-14 19:06:51.080 26178 26400 V StorageHelper: 2019-01-15 00:06:51-d2402234-58da-4004-99a8-514823616c83-Starting encryption ver:1.13.3
01-14 19:06:51.082 26178 26400 V StorageHelper: 2019-01-15 00:06:51-d2402234-58da-4004-99a8-514823616c83-Encrypt version:U001 ver:1.13.3
01-14 19:06:51.083 26178 26400 V StorageHelper: 2019-01-15 00:06:51-d2402234-58da-4004-99a8-514823616c83-Finished encryption ver:1.13.3
01-14 19:06:51.083 26178 26400 V TokenCacheAccessor: 2019-01-15 00:06:51-d2402234-58da-4004-99a8-514823616c83-Save Multi Resource Refresh token to cache ver:1.13.3
01-14 19:06:51.084 26178 26400 V StorageHelper: 2019-01-15 00:06:51-d2402234-58da-4004-99a8-514823616c83-Starting encryption ver:1.13.3
01-14 19:06:51.084 26178 26400 V StorageHelper: 2019-01-15 00:06:51-d2402234-58da-4004-99a8-514823616c83-Encrypt version:U001 ver:1.13.3
01-14 19:06:51.086  3757  7204 D AudioService: getStreamVolume 3 index 0
01-14 19:06:51.086 26178 26400 V StorageHelper: 2019-01-15 00:06:51-d2402234-58da-4004-99a8-514823616c83-Finished encryption ver:1.13.3
01-14 19:06:51.087 26178 26400 V AcquireTokenRequest: 2019-01-15 00:06:51-d2402234-58da-4004-99a8-514823616c83-Token is successfully returned from silent flow.  ver:1.13.3
01-14 19:06:51.088 26178 26390 I outlook.Accounts: Saving account id=1 type=Office365 syncKey=None:v=0&d=a0SNBEtn_ZWO3nhLic8amESrBJ4AAX1lMNsFAAAA:8d723de916f436447f7c1dc671fb0e77:40b8eca12e901f7596bb786860951beb policyKey=1826342201
01-14 19:06:51.097  3757 32084 D AudioService: getStreamVolume 3 index 0
01-14 19:06:51.111 26178 26390 D SimpleSyncher: Updating DirectAccessToken for account 1
01-14 19:06:51.117  3757 32085 D AudioService: getStreamVolume 3 index 0
01-14 19:06:51.135  3757  7205 D AudioService: getStreamVolume 3 index 0
01-14 19:06:51.135 26476 26476 I [saiv 1.1]: saiv_OnLoadJNI.cpp(38): _init: Version 1.1 Build # 3532
01-14 19:06:51.135 26476 26476 I [saiv 1.1]: saiv_OnLoadJNI.cpp(43): _init: _init() was called
01-14 19:06:51.165 26476 26476 I MLDAP   : ================================================
01-14 19:06:51.165 26476 26476 I MLDAP   :  MLDAP_LIB v1.1.16
01-14 19:06:51.165 26476 26476 I MLDAP   : ================================================
01-14 19:06:51.200 26178 26390 V ClClient: SEND(1)	UpdateSessionAccessTokenRequest_307{accountID=1, tokenType=DirectAccessToken, token=<REDACTED>, UPN=C1C18189, authType=Office365RestDirect}	UID:e5e2eea7-69d8-4172-845c-18f9034833ab
01-14 19:06:51.200 26178 26390 W ClClient: DISCARD(1)   STOPPED
01-14 19:06:51.200 26178 26390 W SimpleSyncher: updateAccessToken failed: OFFLINE
01-14 19:06:51.203 26178 26390 V PRNGFixes: 2019-01-15 00:06:51-d2402234-58da-4004-99a8-514823616c83-No need to apply the fix ver:1.13.3
01-14 19:06:51.203 26178 26390 V PRNGFixes: 2019-01-15 00:06:51-d2402234-58da-4004-99a8-514823616c83-No need to apply the fix ver:1.13.3
01-14 19:06:51.205 26178 26390 V BrokerProxy: 2019-01-15 00:06:51-d2402234-58da-4004-99a8-514823616c83-Device runs on 23 and above, skip the check for 22 and below. ver:1.13.3
01-14 19:06:51.207 26178 26390 V AcquireTokenRequest: 2019-01-15 00:06:51-8ca65d69-dd33-4be1-99d9-f4e435fd2826-Sending async task from thread:26390 ver:1.13.3
01-14 19:06:51.207 26178 26400 V AcquireTokenRequest: 2019-01-15 00:06:51-8ca65d69-dd33-4be1-99d9-f4e435fd2826-Running task in thread:26400 ver:1.13.3
01-14 19:06:51.209 26178 26400 V BrokerProxy: 2019-01-15 00:06:51-8ca65d69-dd33-4be1-99d9-f4e435fd2826-Broker auth is turned off or no valid broker is available on the device, cannot switch to broker. ver:1.13.3
01-14 19:06:51.209 26178 26400 V AcquireTokenRequest: 2019-01-15 00:06:51-8ca65d69-dd33-4be1-99d9-f4e435fd2826-Try to acquire token silently, return valid AT or use RT in the cache. ver:1.13.3
01-14 19:06:51.210 26178 26400 V AcquireTokenRequest: 2019-01-15 00:06:51-8ca65d69-dd33-4be1-99d9-f4e435fd2826-Try to silently get token from local cache. ver:1.13.3
01-14 19:06:51.210 26178 26400 V StorageHelper: 2019-01-15 00:06:51-8ca65d69-dd33-4be1-99d9-f4e435fd2826-Starting decryption ver:1.13.3
01-14 19:06:51.211 26178 26400 V StorageHelper: 2019-01-15 00:06:51-8ca65d69-dd33-4be1-99d9-f4e435fd2826-Encrypt version:U001 ver:1.13.3
01-14 19:06:51.212 26178 26400 V StorageHelper: 2019-01-15 00:06:51-8ca65d69-dd33-4be1-99d9-f4e435fd2826-Finished decryption ver:1.13.3
01-14 19:06:51.213 26178 26400 V StorageHelper: 2019-01-15 00:06:51-8ca65d69-dd33-4be1-99d9-f4e435fd2826-Starting decryption ver:1.13.3
01-14 19:06:51.214 26178 26400 V StorageHelper: 2019-01-15 00:06:51-8ca65d69-dd33-4be1-99d9-f4e435fd2826-Encrypt version:U001 ver:1.13.3
01-14 19:06:51.215 26178 26400 V StorageHelper: 2019-01-15 00:06:51-8ca65d69-dd33-4be1-99d9-f4e435fd2826-Finished decryption ver:1.13.3
01-14 19:06:51.216 26178 26400 V StorageHelper: 2019-01-15 00:06:51-8ca65d69-dd33-4be1-99d9-f4e435fd2826-Starting decryption ver:1.13.3
01-14 19:06:51.216 26178 26400 V StorageHelper: 2019-01-15 00:06:51-8ca65d69-dd33-4be1-99d9-f4e435fd2826-Encrypt version:U001 ver:1.13.3
01-14 19:06:51.217 26178 26400 V StorageHelper: 2019-01-15 00:06:51-8ca65d69-dd33-4be1-99d9-f4e435fd2826-Finished decryption ver:1.13.3
01-14 19:06:51.218 26178 26400 V StorageHelper: 2019-01-15 00:06:51-8ca65d69-dd33-4be1-99d9-f4e435fd2826-Starting decryption ver:1.13.3
01-14 19:06:51.218 26178 26400 V StorageHelper: 2019-01-15 00:06:51-8ca65d69-dd33-4be1-99d9-f4e435fd2826-Encrypt version:U001 ver:1.13.3
01-14 19:06:51.220 26178 26400 V StorageHelper: 2019-01-15 00:06:51-8ca65d69-dd33-4be1-99d9-f4e435fd2826-Finished decryption ver:1.13.3
01-14 19:06:51.223 26178 26400 V StorageHelper: 2019-01-15 00:06:51-8ca65d69-dd33-4be1-99d9-f4e435fd2826-Starting decryption ver:1.13.3
01-14 19:06:51.224 26178 26400 V StorageHelper: 2019-01-15 00:06:51-8ca65d69-dd33-4be1-99d9-f4e435fd2826-Encrypt version:U001 ver:1.13.3
01-14 19:06:51.225 26178 26400 V StorageHelper: 2019-01-15 00:06:51-8ca65d69-dd33-4be1-99d9-f4e435fd2826-Finished decryption ver:1.13.3
01-14 19:06:51.226 26178 26400 V StorageHelper: 2019-01-15 00:06:51-8ca65d69-dd33-4be1-99d9-f4e435fd2826-Starting decryption ver:1.13.3
01-14 19:06:51.227 26178 26400 V StorageHelper: 2019-01-15 00:06:51-8ca65d69-dd33-4be1-99d9-f4e435fd2826-Encrypt version:U001 ver:1.13.3
01-14 19:06:51.228 26178 26400 V StorageHelper: 2019-01-15 00:06:51-8ca65d69-dd33-4be1-99d9-f4e435fd2826-Finished decryption ver:1.13.3
01-14 19:06:51.229 26178 26400 V StorageHelper: 2019-01-15 00:06:51-8ca65d69-dd33-4be1-99d9-f4e435fd2826-Starting decryption ver:1.13.3
01-14 19:06:51.229 26178 26400 V StorageHelper: 2019-01-15 00:06:51-8ca65d69-dd33-4be1-99d9-f4e435fd2826-Encrypt version:U001 ver:1.13.3
01-14 19:06:51.230 26178 26400 V StorageHelper: 2019-01-15 00:06:51-8ca65d69-dd33-4be1-99d9-f4e435fd2826-Finished decryption ver:1.13.3
01-14 19:06:51.231 26178 26400 V StorageHelper: 2019-01-15 00:06:51-8ca65d69-dd33-4be1-99d9-f4e435fd2826-Starting decryption ver:1.13.3
01-14 19:06:51.232 26178 26400 V StorageHelper: 2019-01-15 00:06:51-8ca65d69-dd33-4be1-99d9-f4e435fd2826-Encrypt version:U001 ver:1.13.3
01-14 19:06:51.233 26178 26400 V StorageHelper: 2019-01-15 00:06:51-8ca65d69-dd33-4be1-99d9-f4e435fd2826-Finished decryption ver:1.13.3
01-14 19:06:51.233 26178 26400 V StorageHelper: 2019-01-15 00:06:51-8ca65d69-dd33-4be1-99d9-f4e435fd2826-Starting decryption ver:1.13.3
01-14 19:06:51.234 26178 26400 V StorageHelper: 2019-01-15 00:06:51-8ca65d69-dd33-4be1-99d9-f4e435fd2826-Encrypt version:U001 ver:1.13.3
01-14 19:06:51.235 26476 26476 I TMSDISP : AcsAndroidVirtualDisplayIntfImpl
01-14 19:06:51.236 26178 26400 V StorageHelper: 2019-01-15 00:06:51-8ca65d69-dd33-4be1-99d9-f4e435fd2826-Finished decryption ver:1.13.3
01-14 19:06:51.237 26178 26400 V StorageHelper: 2019-01-15 00:06:51-8ca65d69-dd33-4be1-99d9-f4e435fd2826-Starting decryption ver:1.13.3
01-14 19:06:51.237 26178 26400 V StorageHelper: 2019-01-15 00:06:51-8ca65d69-dd33-4be1-99d9-f4e435fd2826-Encrypt version:U001 ver:1.13.3
01-14 19:06:51.237 26178 26433 I System.out: (HTTPLog)-Static: isSBSettingEnabled false
01-14 19:06:51.238 26178 26433 I System.out: (HTTPLog)-Static: isSBSettingEnabled false
01-14 19:06:51.238 26178 26400 V StorageHelper: 2019-01-15 00:06:51-8ca65d69-dd33-4be1-99d9-f4e435fd2826-Finished decryption ver:1.13.3
01-14 19:06:51.239 26178 26400 V StorageHelper: 2019-01-15 00:06:51-8ca65d69-dd33-4be1-99d9-f4e435fd2826-Starting decryption ver:1.13.3
01-14 19:06:51.251  3757 10512 D AudioService: getStreamVolume 3 index 0
01-14 19:06:51.262  3757  6272 D AudioService: getStreamVolume 3 index 0
01-14 19:06:51.276 26476 26476 D ICU     : No timezone override file found: /data/misc/zoneinfo/current/icu/icu_tzdata.dat
01-14 19:06:51.289  3757  7216 D AudioService: getStreamVolume 3 index 0
01-14 19:06:51.299  3757 29840 D AudioService: getStreamVolume 3 index 0
01-14 19:06:51.307 26476 26476 I Radio-JNI: register_android_hardware_Radio DONE
01-14 19:06:51.318  3757  5063 D AudioService: getStreamVolume 3 index 0
01-14 19:06:51.318 26476 26476 D ReflectionHelper: loadKlass() : caller=android.app.Activity.<clinit>:7555 <bottom of call stack> 
01-14 19:06:51.319 26476 26476 D ReflectionHelper: Reflecting method.....  class <onScreenChanged>
01-14 19:06:51.320 26476 26476 E SemAffinityControl: SemAffinityControl: registerfunction enter
01-14 19:06:51.334 26178 26400 V StorageHelper: 2019-01-15 00:06:51-8ca65d69-dd33-4be1-99d9-f4e435fd2826-Encrypt version:U001 ver:1.13.3
01-14 19:06:51.336 26178 26400 V StorageHelper: 2019-01-15 00:06:51-8ca65d69-dd33-4be1-99d9-f4e435fd2826-Finished decryption ver:1.13.3
01-14 19:06:51.339 26178 26400 V StorageHelper: 2019-01-15 00:06:51-8ca65d69-dd33-4be1-99d9-f4e435fd2826-Starting decryption ver:1.13.3
01-14 19:06:51.339 26476 26476 D AndroidRuntime: Calling main entry com.android.commands.am.Am
01-14 19:06:51.339  3757  7203 D AudioService: getStreamVolume 3 index 0
01-14 19:06:51.341 26178 26400 V StorageHelper: 2019-01-15 00:06:51-8ca65d69-dd33-4be1-99d9-f4e435fd2826-Encrypt version:U001 ver:1.13.3
01-14 19:06:51.343 26178 26400 V StorageHelper: 2019-01-15 00:06:51-8ca65d69-dd33-4be1-99d9-f4e435fd2826-Finished decryption ver:1.13.3
01-14 19:06:51.345 26178 26400 V StorageHelper: 2019-01-15 00:06:51-8ca65d69-dd33-4be1-99d9-f4e435fd2826-Starting decryption ver:1.13.3
01-14 19:06:51.347 26178 26400 V StorageHelper: 2019-01-15 00:06:51-8ca65d69-dd33-4be1-99d9-f4e435fd2826-Encrypt version:U001 ver:1.13.3
01-14 19:06:51.349 26178 26400 V StorageHelper: 2019-01-15 00:06:51-8ca65d69-dd33-4be1-99d9-f4e435fd2826-Finished decryption ver:1.13.3
01-14 19:06:51.352 26178 26400 V StorageHelper: 2019-01-15 00:06:51-8ca65d69-dd33-4be1-99d9-f4e435fd2826-Starting decryption ver:1.13.3
01-14 19:06:51.353 26178 26400 V StorageHelper: 2019-01-15 00:06:51-8ca65d69-dd33-4be1-99d9-f4e435fd2826-Encrypt version:U001 ver:1.13.3
01-14 19:06:51.359 26178 26400 V StorageHelper: 2019-01-15 00:06:51-8ca65d69-dd33-4be1-99d9-f4e435fd2826-Finished decryption ver:1.13.3
01-14 19:06:51.361 26178 26400 V StorageHelper: 2019-01-15 00:06:51-8ca65d69-dd33-4be1-99d9-f4e435fd2826-Starting decryption ver:1.13.3
01-14 19:06:51.362  3757 31269 I ActivityManager: START u0 {act=null typ=null flg=0x10000000 cmp=ComponentInfo{com.GeekTechnique.InfinityStack/com.epicgames.ue4.SplashActivity}} from uid 2000 on display 0
01-14 19:06:51.363 26178 26400 V StorageHelper: 2019-01-15 00:06:51-8ca65d69-dd33-4be1-99d9-f4e435fd2826-Encrypt version:U001 ver:1.13.3
01-14 19:06:51.365 26178 26400 V StorageHelper: 2019-01-15 00:06:51-8ca65d69-dd33-4be1-99d9-f4e435fd2826-Finished decryption ver:1.13.3
01-14 19:06:51.367  3757  7206 D AudioService: getStreamVolume 3 index 0
01-14 19:06:51.368 26178 26400 V StorageHelper: 2019-01-15 00:06:51-8ca65d69-dd33-4be1-99d9-f4e435fd2826-Starting decryption ver:1.13.3
01-14 19:06:51.368  3757 31269 D ActivityManager: ActivityRecord() Constructor : multiScreenAttrs=MultiScreenAttrs{mDisplayId=0, mBaseDisplayId=0, mBaseActivity=false}
01-14 19:06:51.369  3757 31269 D ActivityManager: computeStackFocus: stackId=1
01-14 19:06:51.369  3757 31269 D ActivityManager: computeStackFocus: New stack r=ActivityRecord{12f57f0d0 u0 com.GeekTechnique.InfinityStack/com.epicgames.ue4.SplashActivity t-1} stackId=1
01-14 19:06:51.370 26178 26400 V StorageHelper: 2019-01-15 00:06:51-8ca65d69-dd33-4be1-99d9-f4e435fd2826-Encrypt version:U001 ver:1.13.3
01-14 19:06:51.370  3757 31269 D ActivityTrigger: Activity is Triggerred in full screen 
01-14 19:06:51.373 26178 26400 V StorageHelper: 2019-01-15 00:06:51-8ca65d69-dd33-4be1-99d9-f4e435fd2826-Finished decryption ver:1.13.3
01-14 19:06:51.373  3757 31269 D CompatibilityInfo: mCompatibilityFlags - 0
01-14 19:06:51.373  3757 31269 D CompatibilityInfo: applicationDensity - 420
01-14 19:06:51.373  3757 31269 D CompatibilityInfo: applicationScale - 1.0
01-14 19:06:51.373 26797 20349 D ConnectivityManager: unregisterNetworkCallback; CallingUid : 10062, CallingPid : 26797
01-14 19:06:51.373  3757 31269 D ActivityManager: moveToFront() : reason=startedActivity setFocusedActivity isAttached=true TaskRecord{6ca031cd0 #635 A=com.GeekTechnique.InfinityStack U=0 StackId=1 sz=1}
01-14 19:06:51.374  3757  4489 D ConnectivityService: releasing NetworkRequest NetworkRequest [ id=832, legacyType=-1, [ Transports: CELLULAR Capabilities: INTERNET&NOT_RESTRICTED&TRUSTED&NOT_VPN] ]
01-14 19:06:51.375 26178 26400 V StorageHelper: 2019-01-15 00:06:51-8ca65d69-dd33-4be1-99d9-f4e435fd2826-Starting decryption ver:1.13.3
01-14 19:06:51.375  3757  4489 D ConnectivityService:  Removing from current network NetworkAgentInfo [MOBILE (LTE) - 579], leaving 12 requests.
01-14 19:06:51.376  3757 31269 D ActivityManager: setFocusStackUnchecked: reason=startedActivity setFocusedActivity focusCandidate=ActivityStack{e83cb46d0 stackId=1, 5 tasks} caller=com.android.server.am.ActivityStack.moveToFront:874 com.android.server.am.ActivityStackSupervisor.moveActivityStackToFront:2005 
01-14 19:06:51.376  3757  4489 D ConnectivityService: no live requests for NetworkAgentInfo [MOBILE (LTE) - 579]; disconnecting
01-14 19:06:51.378  5024  5280 D DcNetworkAgent: NetworkAgent: NetworkAgent channel lost
01-14 19:06:51.378 26178 26400 V StorageHelper: 2019-01-15 00:06:51-8ca65d69-dd33-4be1-99d9-f4e435fd2826-Encrypt version:U001 ver:1.13.3
01-14 19:06:51.378  5024  5280 D DcNetworkAgent: NetworkAgent: DcNetworkAgent: [unwanted]: disconnect apnContext={mApnType=default mState=CONNECTED mWaitingApns={[[ApnSettingV3] Verizon Internet, 6, 311480, VZWINTERNET, , , , , , -1, default | dun | supl, IPV4V6, IPV4V6, true, 0, 0, 0, false, 1023, 0, 300, 0, , , false]} mApnSetting={[ApnSettingV3] Verizon Internet, 6, 311480, VZWINTERNET, , , , , , -1, default | dun | supl, IPV4V6, IPV4V6, true, 0, 0, 0, false, 1023, 0, 300, 0, , , false} mReason=connected mDataEnabled=true mDependencyMet=true}
01-14 19:06:51.380  3757  4489 D ConnectivityService: sending notification RELEASED for NetworkRequest [ id=832, legacyType=-1, [ Transports: CELLULAR Capabilities: INTERNET&NOT_RESTRICTED&TRUSTED&NOT_VPN] ]
01-14 19:06:51.381  3757  4489 D ConnectivityService: NetworkAgentInfo [MOBILE (LTE) - 579] got DISCONNECTED, was satisfying 12
01-14 19:06:51.381  3757  4489 V NetworkStats: updateIfacesLocked()
01-14 19:06:51.381  3757  4489 V NetworkStats: performPollLocked(flags=0x1)
01-14 19:06:51.381  3757  4489 D NtpTrustedTime: currentTimeMillis() cache hit
01-14 19:06:51.382 26178 26400 V StorageHelper: 2019-01-15 00:06:51-8ca65d69-dd33-4be1-99d9-f4e435fd2826-Finished decryption ver:1.13.3
01-14 19:06:51.383  3757 31269 D InputDispatcher: Focused application set to: xxxx
01-14 19:06:51.384 26797 27579 E ConnectivityManager.CallbackHandler: callback not found for RELEASED message
01-14 19:06:51.385  3757 31269 D ActivityManager: resumeTopActivityInnerLocked() : #1 prevTask=TaskRecord{6ca031cd0 #635 A=com.GeekTechnique.InfinityStack U=0 StackId=1 sz=1} next=ActivityRecord{12f57f0d0 u0 com.GeekTechnique.InfinityStack/com.epicgames.ue4.SplashActivity t635} mFocusedStack=ActivityStack{e83cb46d0 stackId=1, 5 tasks}
01-14 19:06:51.385 26178 26400 V StorageHelper: 2019-01-15 00:06:51-8ca65d69-dd33-4be1-99d9-f4e435fd2826-Starting decryption ver:1.13.3
01-14 19:06:51.385  3757 31269 D ActivityManager: applyOptionsLocked(), pendingOptions : null
01-14 19:06:51.387  3757 31269 D MountService: getExternalStorageMountMode : 3
01-14 19:06:51.387  3757 31269 D MountService: getExternalStorageMountMode : 3
01-14 19:06:51.387  3757 31269 D MountService: getExternalStorageMountMode : final mountMode=3, uid : 10387, packageName : com.GeekTechnique.InfinityStack
01-14 19:06:51.388 26178 26400 V StorageHelper: 2019-01-15 00:06:51-8ca65d69-dd33-4be1-99d9-f4e435fd2826-Encrypt version:U001 ver:1.13.3
01-14 19:06:51.391 26178 26400 V StorageHelper: 2019-01-15 00:06:51-8ca65d69-dd33-4be1-99d9-f4e435fd2826-Finished decryption ver:1.13.3
01-14 19:06:51.392 26178 26400 V StorageHelper: 2019-01-15 00:06:51-8ca65d69-dd33-4be1-99d9-f4e435fd2826-Starting decryption ver:1.13.3
01-14 19:06:51.392 26178 26400 V StorageHelper: 2019-01-15 00:06:51-8ca65d69-dd33-4be1-99d9-f4e435fd2826-Encrypt version:U001 ver:1.13.3
01-14 19:06:51.394 26178 26400 V StorageHelper: 2019-01-15 00:06:51-8ca65d69-dd33-4be1-99d9-f4e435fd2826-Finished decryption ver:1.13.3
01-14 19:06:51.395 26178 26400 V StorageHelper: 2019-01-15 00:06:51-8ca65d69-dd33-4be1-99d9-f4e435fd2826-Starting decryption ver:1.13.3
01-14 19:06:51.395 26178 26400 V StorageHelper: 2019-01-15 00:06:51-8ca65d69-dd33-4be1-99d9-f4e435fd2826-Encrypt version:U001 ver:1.13.3
01-14 19:06:51.396 26178 26400 V StorageHelper: 2019-01-15 00:06:51-8ca65d69-dd33-4be1-99d9-f4e435fd2826-Finished decryption ver:1.13.3
01-14 19:06:51.397  3252  3751 I QtiConnectivityAdapter: getV6TetherStats(tether= upstream=)
01-14 19:06:51.397 26178 26400 V StorageHelper: 2019-01-15 00:06:51-8ca65d69-dd33-4be1-99d9-f4e435fd2826-Starting decryption ver:1.13.3
01-14 19:06:51.398 26178 26400 V StorageHelper: 2019-01-15 00:06:51-8ca65d69-dd33-4be1-99d9-f4e435fd2826-Encrypt version:U001 ver:1.13.3
01-14 19:06:51.399 26178 26400 V StorageHelper: 2019-01-15 00:06:51-8ca65d69-dd33-4be1-99d9-f4e435fd2826-Finished decryption ver:1.13.3
01-14 19:06:51.400 26178 26400 V StorageHelper: 2019-01-15 00:06:51-8ca65d69-dd33-4be1-99d9-f4e435fd2826-Starting decryption ver:1.13.3
01-14 19:06:51.401 26178 26400 V StorageHelper: 2019-01-15 00:06:51-8ca65d69-dd33-4be1-99d9-f4e435fd2826-Encrypt version:U001 ver:1.13.3
01-14 19:06:51.402 26178 26400 V StorageHelper: 2019-01-15 00:06:51-8ca65d69-dd33-4be1-99d9-f4e435fd2826-Finished decryption ver:1.13.3
01-14 19:06:51.403 26178 26400 V StorageHelper: 2019-01-15 00:06:51-8ca65d69-dd33-4be1-99d9-f4e435fd2826-Starting decryption ver:1.13.3
01-14 19:06:51.404 26178 26400 V StorageHelper: 2019-01-15 00:06:51-8ca65d69-dd33-4be1-99d9-f4e435fd2826-Encrypt version:U001 ver:1.13.3
01-14 19:06:51.405 26178 26400 V StorageHelper: 2019-01-15 00:06:51-8ca65d69-dd33-4be1-99d9-f4e435fd2826-Finished decryption ver:1.13.3
01-14 19:06:51.406 26491 26491 E Zygote  : v2
01-14 19:06:51.406 26491 26491 I libpersona: KNOX_SDCARD checking this for 10387
01-14 19:06:51.406 26491 26491 I libpersona: KNOX_SDCARD not a persona
01-14 19:06:51.406 26178 26400 V StorageHelper: 2019-01-15 00:06:51-8ca65d69-dd33-4be1-99d9-f4e435fd2826-Starting decryption ver:1.13.3
01-14 19:06:51.406  3757 31269 I ActivityManager: Start proc 26491:com.GeekTechnique.InfinityStack/u0a387 for activity com.GeekTechnique.InfinityStack/com.epicgames.ue4.SplashActivity
01-14 19:06:51.406 26178 26400 V StorageHelper: 2019-01-15 00:06:51-8ca65d69-dd33-4be1-99d9-f4e435fd2826-Encrypt version:U001 ver:1.13.3
01-14 19:06:51.408 26178 26400 V StorageHelper: 2019-01-15 00:06:51-8ca65d69-dd33-4be1-99d9-f4e435fd2826-Finished decryption ver:1.13.3
01-14 19:06:51.408 26491 26491 E Zygote  : accessInfo : 0
01-14 19:06:51.409 26178 26400 V StorageHelper: 2019-01-15 00:06:51-8ca65d69-dd33-4be1-99d9-f4e435fd2826-Starting decryption ver:1.13.3
01-14 19:06:51.409 26491 26491 W SELinux : SELinux selinux_android_compute_policy_index : Policy Index[2],  Con:u:r:zygote:s0 RAM:SEPF_SECMOBILE_7.0_0009, [-1 -1 -1 -1 0 1]
01-14 19:06:51.410 26178 26400 V StorageHelper: 2019-01-15 00:06:51-8ca65d69-dd33-4be1-99d9-f4e435fd2826-Encrypt version:U001 ver:1.13.3
01-14 19:06:51.411 26178 26400 V StorageHelper: 2019-01-15 00:06:51-8ca65d69-dd33-4be1-99d9-f4e435fd2826-Finished decryption ver:1.13.3
01-14 19:06:51.411 26491 26491 I SELinux : SELinux: seapp_context_lookup: seinfo=untrusted, level=s0:c512,c768, pkgname=com.GeekTechnique.InfinityStack 
01-14 19:06:51.412 26178 26400 V StorageHelper: 2019-01-15 00:06:51-8ca65d69-dd33-4be1-99d9-f4e435fd2826-Starting decryption ver:1.13.3
01-14 19:06:51.412 26178 26400 V StorageHelper: 2019-01-15 00:06:51-8ca65d69-dd33-4be1-99d9-f4e435fd2826-Encrypt version:U001 ver:1.13.3
01-14 19:06:51.413 26476 26476 D AndroidRuntime: Shutting down VM
01-14 19:06:51.414 26178 26400 V StorageHelper: 2019-01-15 00:06:51-8ca65d69-dd33-4be1-99d9-f4e435fd2826-Finished decryption ver:1.13.3
01-14 19:06:51.415 26178 26400 V StorageHelper: 2019-01-15 00:06:51-8ca65d69-dd33-4be1-99d9-f4e435fd2826-Starting decryption ver:1.13.3
01-14 19:06:51.416 26178 26400 V StorageHelper: 2019-01-15 00:06:51-8ca65d69-dd33-4be1-99d9-f4e435fd2826-Encrypt version:U001 ver:1.13.3
01-14 19:06:51.417 26178 26400 V StorageHelper: 2019-01-15 00:06:51-8ca65d69-dd33-4be1-99d9-f4e435fd2826-Finished decryption ver:1.13.3
01-14 19:06:51.418 26178 26400 V StorageHelper: 2019-01-15 00:06:51-8ca65d69-dd33-4be1-99d9-f4e435fd2826-Starting decryption ver:1.13.3
01-14 19:06:51.418 26491 26491 I art     : Late-enabling -Xcheck:jni
01-14 19:06:51.419 26178 26400 V StorageHelper: 2019-01-15 00:06:51-8ca65d69-dd33-4be1-99d9-f4e435fd2826-Encrypt version:U001 ver:1.13.3
01-14 19:06:51.420 26178 26400 V StorageHelper: 2019-01-15 00:06:51-8ca65d69-dd33-4be1-99d9-f4e435fd2826-Finished decryption ver:1.13.3
01-14 19:06:51.421 26178 26400 V StorageHelper: 2019-01-15 00:06:51-8ca65d69-dd33-4be1-99d9-f4e435fd2826-Starting decryption ver:1.13.3
01-14 19:06:51.422 26178 26400 V StorageHelper: 2019-01-15 00:06:51-8ca65d69-dd33-4be1-99d9-f4e435fd2826-Encrypt version:U001 ver:1.13.3
01-14 19:06:51.423 26178 26400 V StorageHelper: 2019-01-15 00:06:51-8ca65d69-dd33-4be1-99d9-f4e435fd2826-Finished decryption ver:1.13.3
01-14 19:06:51.425 26178 26400 V StorageHelper: 2019-01-15 00:06:51-8ca65d69-dd33-4be1-99d9-f4e435fd2826-Starting decryption ver:1.13.3
01-14 19:06:51.427 26178 26400 V StorageHelper: 2019-01-15 00:06:51-8ca65d69-dd33-4be1-99d9-f4e435fd2826-Encrypt version:U001 ver:1.13.3
01-14 19:06:51.428 26178 26400 V StorageHelper: 2019-01-15 00:06:51-8ca65d69-dd33-4be1-99d9-f4e435fd2826-Finished decryption ver:1.13.3
01-14 19:06:51.429 26178 26400 V StorageHelper: 2019-01-15 00:06:51-8ca65d69-dd33-4be1-99d9-f4e435fd2826-Starting decryption ver:1.13.3
01-14 19:06:51.430 26178 26400 V StorageHelper: 2019-01-15 00:06:51-8ca65d69-dd33-4be1-99d9-f4e435fd2826-Encrypt version:U001 ver:1.13.3
01-14 19:06:51.431 26178 26400 V StorageHelper: 2019-01-15 00:06:51-8ca65d69-dd33-4be1-99d9-f4e435fd2826-Finished decryption ver:1.13.3
01-14 19:06:51.432 26178 26400 V StorageHelper: 2019-01-15 00:06:51-8ca65d69-dd33-4be1-99d9-f4e435fd2826-Starting decryption ver:1.13.3
01-14 19:06:51.435 26178 26400 V StorageHelper: 2019-01-15 00:06:51-8ca65d69-dd33-4be1-99d9-f4e435fd2826-Encrypt version:U001 ver:1.13.3
01-14 19:06:51.436 26178 26400 V StorageHelper: 2019-01-15 00:06:51-8ca65d69-dd33-4be1-99d9-f4e435fd2826-Finished decryption ver:1.13.3
01-14 19:06:51.437 26178 26400 V StorageHelper: 2019-01-15 00:06:51-8ca65d69-dd33-4be1-99d9-f4e435fd2826-Starting decryption ver:1.13.3
01-14 19:06:51.437 26178 26400 V StorageHelper: 2019-01-15 00:06:51-8ca65d69-dd33-4be1-99d9-f4e435fd2826-Encrypt version:U001 ver:1.13.3
01-14 19:06:51.438 26178 26400 V StorageHelper: 2019-01-15 00:06:51-8ca65d69-dd33-4be1-99d9-f4e435fd2826-Finished decryption ver:1.13.3
01-14 19:06:51.439 26178 26400 V StorageHelper: 2019-01-15 00:06:51-8ca65d69-dd33-4be1-99d9-f4e435fd2826-Starting decryption ver:1.13.3
01-14 19:06:51.440 26178 26400 V StorageHelper: 2019-01-15 00:06:51-8ca65d69-dd33-4be1-99d9-f4e435fd2826-Encrypt version:U001 ver:1.13.3
01-14 19:06:51.441 26178 26400 V StorageHelper: 2019-01-15 00:06:51-8ca65d69-dd33-4be1-99d9-f4e435fd2826-Finished decryption ver:1.13.3
01-14 19:06:51.441 26178 26400 V StorageHelper: 2019-01-15 00:06:51-8ca65d69-dd33-4be1-99d9-f4e435fd2826-Starting decryption ver:1.13.3
01-14 19:06:51.442 26178 26400 V StorageHelper: 2019-01-15 00:06:51-8ca65d69-dd33-4be1-99d9-f4e435fd2826-Encrypt version:U001 ver:1.13.3
01-14 19:06:51.443 26178 26400 V StorageHelper: 2019-01-15 00:06:51-8ca65d69-dd33-4be1-99d9-f4e435fd2826-Finished decryption ver:1.13.3
01-14 19:06:51.443 26178 26400 V StorageHelper: 2019-01-15 00:06:51-8ca65d69-dd33-4be1-99d9-f4e435fd2826-Starting decryption ver:1.13.3
01-14 19:06:51.444 26178 26400 V StorageHelper: 2019-01-15 00:06:51-8ca65d69-dd33-4be1-99d9-f4e435fd2826-Encrypt version:U001 ver:1.13.3
01-14 19:06:51.445 26178 26400 V StorageHelper: 2019-01-15 00:06:51-8ca65d69-dd33-4be1-99d9-f4e435fd2826-Finished decryption ver:1.13.3
01-14 19:06:51.446 26178 26400 V StorageHelper: 2019-01-15 00:06:51-8ca65d69-dd33-4be1-99d9-f4e435fd2826-Starting decryption ver:1.13.3
01-14 19:06:51.446 26178 26400 V StorageHelper: 2019-01-15 00:06:51-8ca65d69-dd33-4be1-99d9-f4e435fd2826-Encrypt version:U001 ver:1.13.3
01-14 19:06:51.447 26178 26400 V StorageHelper: 2019-01-15 00:06:51-8ca65d69-dd33-4be1-99d9-f4e435fd2826-Finished decryption ver:1.13.3
01-14 19:06:51.448 26178 26400 V TokenCacheItem: 2019-01-15 00:06:51-8ca65d69-dd33-4be1-99d9-f4e435fd2826-expiresOn:Mon Jan 14 20:06:48 EST 2019 timeWithBuffer:Mon Jan 14 19:50:51 EST 2019 Buffer:2640 ver:1.13.3
01-14 19:06:51.449 26178 26400 V AcquireTokenSilentHandler: 2019-01-15 00:06:51-8ca65d69-dd33-4be1-99d9-f4e435fd2826-Return AT from cache. ver:1.13.3
01-14 19:06:51.449 26178 26400 V AcquireTokenRequest: 2019-01-15 00:06:51-8ca65d69-dd33-4be1-99d9-f4e435fd2826-Token is successfully returned from silent flow.  ver:1.13.3
01-14 19:06:51.450 26491 26491 D TimaKeyStoreProvider: TimaKeyStore is not enabled: cannot add TimaSignature Service and generateKeyPair Service
01-14 19:06:51.453  3757 29842 D AudioService: getStreamVolume 3 index 0
01-14 19:06:51.455  3757  6272 D CompatibilityInfo: mCompatibilityFlags - 0
01-14 19:06:51.455  3757  6272 D CompatibilityInfo: applicationDensity - 420
01-14 19:06:51.455  3757  6272 D CompatibilityInfo: applicationScale - 1.0
01-14 19:06:51.455  3757  6272 I ActivityManager: DSS on for com.GeekTechnique.InfinityStack and scale is 1.0
01-14 19:06:51.456 26476 26476 I TMSDISP : AcsAndroidVirtualDisplayIntfImpl::~AcsAndroidVirtualDisplayIntfImpl - Enter
01-14 19:06:51.456 26476 26476 I TMSDISP : AcsAndroidVirtualDisplayIntfImpl::~AcsAndroidVirtualDisplayIntfImpl - Enter2
01-14 19:06:51.456 26476 26476 I TMSDISP : AcsAndroidVirtualDisplayIntfImpl::~AcsAndroidVirtualDisplayIntfImpl - mSource2
01-14 19:06:51.456 26476 26476 I TMSDISP : AcsAndroidVirtualDisplayIntfImpl::~AcsAndroidVirtualDisplayIntfImpl - Exit
01-14 19:06:51.457  3757  6272 D CompatibilityInfo: mCompatibilityFlags - 0
01-14 19:06:51.457  3757  6272 D CompatibilityInfo: applicationDensity - 420
01-14 19:06:51.457  3757  6272 D CompatibilityInfo: applicationScale - 1.0
01-14 19:06:51.464  3757 32083 D AudioService: getStreamVolume 3 index 0
01-14 19:06:51.465 26178 26390 I outlook.Accounts: Saving account id=2 type=OneDriveForBusiness syncKey=null policyKey=
01-14 19:06:51.475  3757  4489 D NetworkStats: LinkProperties(Internet) is not null
01-14 19:06:51.479  3757  6272 D CompatibilityInfo: mCompatibilityFlags - 0
01-14 19:06:51.479  3757  6272 D CompatibilityInfo: applicationDensity - 420
01-14 19:06:51.479  3757  6272 D CompatibilityInfo: applicationScale - 1.0
01-14 19:06:51.483 26178 26390 D SimpleSyncher: Updating DirectAccessToken for account 2
01-14 19:06:51.484  3757  4489 V NetworkStats: performPollLocked() took 103ms
01-14 19:06:51.484  3757  4489 D NtpTrustedTime: currentTimeMillis() cache hit
01-14 19:06:51.485 26178 26390 V ClClient: SEND(2)	UpdateSessionAccessTokenRequest_307{accountID=2, tokenType=DirectAccessToken, token=<REDACTED>, UPN=C1C18189, authType=OneDriveForBusiness}	UID:0db36c13-b81f-4716-9ea4-7a84de154198
