01-10 16:20:58.000  3757  4398 D InputReader: Input event(3): value=0 when=133754692872000
01-10 16:20:58.000  3757  4398 I InputReader: Touch event's action is 0x1 (deviceType=0) [pCnt=1, s=] when=133754692872000
01-10 16:20:58.001  8950  8971 V threaded_app: New input event: type=2
01-10 16:20:58.002  3757  4397 I InputDispatcher: Delivering touch to (8950): action: 0x1, toolType: 1
01-10 16:20:58.003  8950  8950 D ViewRootImpl@e972267[GameActivity]: ViewPostImeInputStage processPointer 1
01-10 16:20:58.022  3757 29842 D SamsungAlarmManager: setExact Intent (T:3/F:5/AC:false) 20190110T162103 - CU:10059/CP:15240
01-10 16:20:58.241  8950  9354 I AudioTrack: Skip ramp
01-10 16:20:58.345  3237  3352 I APM_AudioPolicyManager: stopOutput() output 21, stream 3, session 46393
01-10 16:20:58.366  3757  4458 D WifiStateMachine: Current network is: "wilkinson2.4" , ID is: 30
01-10 16:20:58.366  3757  4458 I WifiStateMachine: IMS calling, current network is always qualified
01-10 16:20:58.972  3757  4398 D InputReader: Input event(3): value=1 when=133755664559000
01-10 16:20:58.972  3757  4398 D InputReader: Input event(3): value=1 when=133755664559000
01-10 16:20:58.972  3757  4398 I InputReader: Touch event's action is 0x0 (deviceType=0) [pCnt=1, s=0.13791 ] when=133755664559000
01-10 16:20:58.972  3757  4397 I InputDispatcher: Delivering touch to (8950): action: 0x0, toolType: 1
01-10 16:20:58.973  8950  8971 V threaded_app: New input event: type=2
01-10 16:20:58.985  8950  8950 D ViewRootImpl@e972267[GameActivity]: ViewPostImeInputStage processPointer 0
01-10 16:20:58.993  8950  8971 V threaded_app: New input event: type=2
01-10 16:20:59.004  8950  9069 I libOpenSLES: Emulating old channel mask behavior (ignoring positional mask 0x4, using default mask 0x1 based on channel count of 1)
01-10 16:20:59.006  8950  9069 W AudioTrack: AUDIO_OUTPUT_FLAG_FAST denied by client; transfer 1, track 44100 Hz, output 48000 Hz
01-10 16:20:59.006  3237 22865 I AudioFlinger: add dynamic flag, can move to deep thread, session 46401
01-10 16:20:59.008  8950  9069 D AudioTrack: Client defaulted notificationFrames to 590 for frameCount 1772
01-10 16:20:59.009  8950  9069 I AudioTrack: This process already got info. FadeIn[0] FadeOut[0] FadeInRing[0]
01-10 16:20:59.011  3237 17217 W AudioPolicyIntefaceImpl: Skipped to add effects on session 46401
01-10 16:20:59.011  3237 17217 I APM_AudioPolicyManager: startOutput() output 21, stream 3, session 46401
01-10 16:20:59.013  8950  8971 V threaded_app: New input event: type=2
01-10 16:20:59.028  8950  8971 V threaded_app: New input event: type=2
01-10 16:20:59.041  3237  3477 I AudioMixer: create resampler src 44100, 1, dst 48000, 1, q 8
01-10 16:20:59.042  3237  3477 D SoundAliveResampler: [SoundAliveResampler] Init+++
01-10 16:20:59.046  8950  8971 V threaded_app: New input event: type=2
01-10 16:20:59.061  8950  8971 V threaded_app: New input event: type=2
01-10 16:20:59.080  8950  8971 V threaded_app: New input event: type=2
01-10 16:20:59.095  8950  8971 V threaded_app: New input event: type=2
01-10 16:20:59.111  8950  8971 V threaded_app: New input event: type=2
01-10 16:20:59.123  3757  4398 D InputReader: Input event(3): value=0 when=133755815915000
01-10 16:20:59.123  3757  4398 D InputReader: Input event(3): value=0 when=133755815915000
01-10 16:20:59.123  3757  4398 I InputReader: Touch event's action is 0x1 (deviceType=0) [pCnt=1, s=] when=133755815915000
01-10 16:20:59.124  3757  4397 I InputDispatcher: Delivering touch to (8950): action: 0x1, toolType: 1
01-10 16:20:59.125  8950  8971 V threaded_app: New input event: type=2
01-10 16:20:59.128  8950  8950 D ViewRootImpl@e972267[GameActivity]: ViewPostImeInputStage processPointer 1
01-10 16:20:59.244  8950  9358 I AudioTrack: Skip ramp
01-10 16:20:59.363  3237  3352 I APM_AudioPolicyManager: stopOutput() output 21, stream 3, session 46401
01-10 16:20:59.624  4616  4823 D NetworkController.MobileSignalController(0/1): onSignalStrengthsChanged signalStrength=SignalStrength: 99 99 -120 -160 -120 -1 -1 14 -118 -18 8 2147483647 2147483647 0x1000 gsm|lte level=1
01-10 16:20:59.625  4616  4823 D NetworkController.MobileSignalController(0/1): getMobileIconGroup(): 13
01-10 16:20:59.625  4616  4823 D NetworkController.MobileSignalController(0/1): updateVZWMobileIconGroup(): 13
01-10 16:20:59.634  5035  5670 D EPDG -- [SMARTWIFI]: onSignalStrengthsChanged: Received signal strength change, phone type is: 2
01-10 16:20:59.635  5035  6446 D EPDG -- [SMARTWIFI]: lastLteRSRP is -122currentLteRSRP is -118
01-10 16:20:59.635  5035  6446 D EPDG -- [SMARTWIFI]: lastLteRSRQ is -17currentLteRSRQ is -18
01-10 16:20:59.635  5035  6446 D EPDG -- [SMARTWIFI]: lastCdmaDb is -16currentCdmaDb is -16
01-10 16:20:59.635  5035  6446 V EPDG -- [SMARTWIFI]: Radio oldest entry removed
01-10 16:20:59.635  5035  6446 V EPDG -- [SMARTWIFI]: New entry : (SignalStrength: 99 99 -120 -160 -120 -1 -1 14 -118 -18 8 2147483647 2147483647 0x1000 gsm|lte : 0 )
01-10 16:20:59.635  5035  6446 V EPDG -- [SMARTWIFI]: Radio entry added
01-10 16:20:59.646  4616  4823 D NetworkController.MobileSignalController(0/1): callState:0, callStateByPhone:false voLTECall:false voiceNetTpe:13 dataNetType:13, ine911:false, emergencyCallbackMode:false
01-10 16:21:00.000  3757  4354 D SamsungAlarmManager: Expired : 8
01-10 16:21:00.002  3757  4354 I SamsungAlarmManager: setLocked to kernel - T:3 / 20190110T162103, SetElapsed=355901332, nowELAPSED=355898319
01-10 16:21:00.006  3757  4354 V SamsungAlarmManager: Sending to uid : 1000 action=android.intent.action.TIME_TICK alarm=Alarm{3e2df74 type 3 when 355898317 android}
01-10 16:21:00.021  3757  3757 D SamsungAlarmManager: setExact Intent (T:3/F:1/AC:false) 20190110T162200 - CU:1000/CP:3757
01-10 16:21:00.026  4616  4616 D KeyguardUpdateMonitor: received broadcast android.intent.action.TIME_TICK
01-10 16:21:00.026  4616  4616 D KeyguardUpdateMonitor: handleTimeUpdate#start
01-10 16:21:00.026  4616  4616 I KeyguardClockPage: refreshTime(): DefaultSingle2016 hometime:America/New_York locale:en_US hasBG?false, Roaming:false
01-10 16:21:00.044  4616  4616 D KeyguardUpdateMonitor: handleTimeUpdate#end
01-10 16:21:00.045  4616  4616 D SystemUI_Clock: Clock received ACTION_TIME_TICK : start
01-10 16:21:00.055  4616  4616 D SystemUI_Clock: Clock received ACTION_TIME_TICK : end
01-10 16:21:00.059  3757  4398 D InputReader: Input event(3): value=1 when=133756750986000
01-10 16:21:00.060  3757  4398 D InputReader: Input event(3): value=1 when=133756750986000
01-10 16:21:00.060  3757  4398 I InputReader: Touch event's action is 0x0 (deviceType=0) [pCnt=1, s=0.13792 ] when=133756750986000
01-10 16:21:00.060  3757  4397 I InputDispatcher: Delivering touch to (8950): action: 0x0, toolType: 1
01-10 16:21:00.065  8950  8971 V threaded_app: New input event: type=2
01-10 16:21:00.067  8950  8950 D ViewRootImpl@e972267[GameActivity]: ViewPostImeInputStage processPointer 0
01-10 16:21:00.073  4616  4616 D TextClock: TextClock received ACTION_TIME_TICK : start
01-10 16:21:00.075  4616  4616 D TextClock: TextClock received ACTION_TIME_TICK : end
01-10 16:21:00.080  4616  4616 D TextClock: TextClock received ACTION_TIME_TICK : start
01-10 16:21:00.082  8950  9069 I libOpenSLES: Emulating old channel mask behavior (ignoring positional mask 0x4, using default mask 0x1 based on channel count of 1)
01-10 16:21:00.084  4616  4616 D TextClock: TextClock received ACTION_TIME_TICK : end
01-10 16:21:00.084  8950  8971 V threaded_app: New input event: type=2
01-10 16:21:00.085  8950  9069 W AudioTrack: AUDIO_OUTPUT_FLAG_FAST denied by client; transfer 1, track 44100 Hz, output 48000 Hz
01-10 16:21:00.085  3237  3237 I AudioFlinger: add dynamic flag, can move to deep thread, session 46409
01-10 16:21:00.086  8950  9069 D AudioTrack: Client defaulted notificationFrames to 590 for frameCount 1772
01-10 16:21:00.087  8950  9069 I AudioTrack: This process already got info. FadeIn[0] FadeOut[0] FadeInRing[0]
01-10 16:21:00.087  3237  8663 W AudioPolicyIntefaceImpl: Skipped to add effects on session 46409
01-10 16:21:00.087  3237  8663 I APM_AudioPolicyManager: startOutput() output 21, stream 3, session 46409
01-10 16:21:00.096  8950  8971 V threaded_app: New input event: type=2
01-10 16:21:00.103  3237  3477 I AudioMixer: create resampler src 44100, 1, dst 48000, 1, q 8
01-10 16:21:00.104  3237  3477 D SoundAliveResampler: [SoundAliveResampler] Init+++
01-10 16:21:00.110  4616  4616 D TextClock: TextClock received ACTION_TIME_TICK : start
01-10 16:21:00.110  4616  4616 D TextClock: TextClock received ACTION_TIME_TICK : end
01-10 16:21:00.111  4616  4616 V hong    : mid yDiff = 382
01-10 16:21:00.111  4616  4616 V hong    : mid yDiff = 382
01-10 16:21:00.111  8950  8971 V threaded_app: New input event: type=2
01-10 16:21:00.122  4616  4616 D SystemUI_DateView: DateView received ACTION_TIME_TICK : start
01-10 16:21:00.122  4616  4616 D SystemUI_DateView: DateView received ACTION_TIME_TICK : end
01-10 16:21:00.123  4616  4616 V hong    : mid yDiff = 382
01-10 16:21:00.123  4616  4616 V hong    : mid yDiff = 382
01-10 16:21:00.124  4616  4616 D TextClock: TextClock received ACTION_TIME_TICK : start
01-10 16:21:00.124  4616  4616 D TextClock: TextClock received ACTION_TIME_TICK : end
01-10 16:21:00.130  8950  8971 V threaded_app: New input event: type=2
01-10 16:21:00.137  4616  4616 D TextClock: TextClock received ACTION_TIME_TICK : start
01-10 16:21:00.137  4616  4616 D TextClock: TextClock received ACTION_TIME_TICK : end
01-10 16:21:00.142  4616  4616 D DateTimeView: DateTimeView received ACTION_TIME_TICK : start
01-10 16:21:00.146  4616  4616 D DateTimeView: DateTimeView received ACTION_TIME_TICK : end
01-10 16:21:00.150  8950  8971 V threaded_app: New input event: type=2
01-10 16:21:00.154  6176  6176 D TextClock: TextClock received ACTION_TIME_TICK : start
01-10 16:21:00.154  6176  6176 D TextClock: TextClock received ACTION_TIME_TICK : end
01-10 16:21:00.159  6176  6176 D TextClock: TextClock received ACTION_TIME_TICK : start
01-10 16:21:00.160  6176  6176 D TextClock: TextClock received ACTION_TIME_TICK : end
01-10 16:21:00.163  6176  6176 D TextClock: TextClock received ACTION_TIME_TICK : start
01-10 16:21:00.164  6176  6176 D TextClock: TextClock received ACTION_TIME_TICK : end
01-10 16:21:00.164  8950  8971 V threaded_app: New input event: type=2
01-10 16:21:00.167  6176  6176 D TextClock: TextClock received ACTION_TIME_TICK : start
01-10 16:21:00.173  6176  6176 D TextClock: TextClock received ACTION_TIME_TICK : end
01-10 16:21:00.179  6176  6176 V LauncherAppWidgetHostView: calculateWidgetSize: (target widgetsize)  using w/h 997 260 span 5 1 (widgetid 2) [current Gridsize : GRID_5x5]
01-10 16:21:00.179  6176  6176 D LauncherAppWidgetHostView: calculateWidgetSize() widget = Weather and Clock(widget id = 2) result hostview size = 1297 x 338
01-10 16:21:00.179  6176  6176 D LauncherAppWidgetHostView: setResizeScaleResult() 1297/ 338 scaleToResize = 0.76869696(widget id = 2)
01-10 16:21:00.182  6176  6176 V LauncherAppWidgetHostView: calculateWidgetSize: (target widgetsize)  using w/h 997 260 span 5 1 (widgetid 3) [current Gridsize : GRID_5x5]
01-10 16:21:00.182  6176  6176 D LauncherAppWidgetHostView: calculateWidgetSize() widget = Google(widget id = 3) result hostview size = 1297 x 338
01-10 16:21:00.183  6176  6176 D LauncherAppWidgetHostView: setResizeScaleResult() 1297/ 338 scaleToResize = 0.76869696(widget id = 3)
01-10 16:21:00.184  8950  8971 V threaded_app: New input event: type=2
01-10 16:21:00.188  3757  4398 D InputReader: Input event(3): value=0 when=133756880899000
01-10 16:21:00.188  6176  6176 D TextClock: TextClock received ACTION_TIME_TICK : start
01-10 16:21:00.188  3757  4398 D InputReader: Input event(3): value=0 when=133756880899000
01-10 16:21:00.188  3757  4398 I InputReader: Touch event's action is 0x1 (deviceType=0) [pCnt=1, s=] when=133756880899000
01-10 16:21:00.189  3757  4397 I InputDispatcher: Delivering touch to (8950): action: 0x1, toolType: 1
01-10 16:21:00.189  6176  6176 D TextClock: TextClock received ACTION_TIME_TICK : end
01-10 16:21:00.190  8950  8971 V threaded_app: New input event: type=2
01-10 16:21:00.191  8950  8971 V threaded_app: New input event: type=2
01-10 16:21:00.192  8950  8950 D ViewRootImpl@e972267[GameActivity]: ViewPostImeInputStage processPointer 1
01-10 16:21:00.198  6176  6176 D TextClock: TextClock received ACTION_TIME_TICK : start
01-10 16:21:00.199  6176  6176 D TextClock: TextClock received ACTION_TIME_TICK : end
01-10 16:21:00.204  6176  6176 D TextClock: TextClock received ACTION_TIME_TICK : start
01-10 16:21:00.206  6176  6176 D TextClock: TextClock received ACTION_TIME_TICK : end
01-10 16:21:00.212  6176  6176 V LauncherAppWidgetHostView: calculateWidgetSize: (target widgetsize)  using w/h 997 260 span 5 1 (widgetid 2) [current Gridsize : GRID_5x5]
01-10 16:21:00.213  6176  6176 D LauncherAppWidgetHostView: calculateWidgetSize() widget = Weather and Clock(widget id = 2) result hostview size = 1297 x 338
01-10 16:21:00.213  6176  6176 D LauncherAppWidgetHostView: setResizeScaleResult() 1297/ 338 scaleToResize = 0.76869696(widget id = 2)
01-10 16:21:00.215  6176  6176 V LauncherAppWidgetHostView: calculateWidgetSize: (target widgetsize)  using w/h 997 260 span 5 1 (widgetid 3) [current Gridsize : GRID_5x5]
01-10 16:21:00.215  6176  6176 D LauncherAppWidgetHostView: calculateWidgetSize() widget = Google(widget id = 3) result hostview size = 1297 x 338
01-10 16:21:00.216  6176  6176 D LauncherAppWidgetHostView: setResizeScaleResult() 1297/ 338 scaleToResize = 0.76869696(widget id = 3)
01-10 16:21:00.218  6176  6176 D TextClock: TextClock received ACTION_TIME_TICK : start
01-10 16:21:00.219  6176  6176 D TextClock: TextClock received ACTION_TIME_TICK : end
01-10 16:21:00.220  6176  6176 D TextClock: TextClock received ACTION_TIME_TICK : start
01-10 16:21:00.220  6176  6176 D TextClock: TextClock received ACTION_TIME_TICK : end
01-10 16:21:00.230  1571  1571 D [WeatherWidget(15061)]  WeatherService: {[B73D43639EB27FAA34EF41A6129C1FA787B8DDA06B4FC8C3DFFF289A8228DE1D07957C4CB0877FB29CB85D37C68D39BF076A5D6720D2DA7CE46EF7EA2858EC07]}
01-10 16:21:00.232  1571  1571 D [WeatherWidget(15061)]  : {[3AE6950019B083611567B0F9442DB03E36B37708FCADB7FDDBA670B1362D994454BFFFDA2568816BBDDA6DD60F644DCF]}
01-10 16:21:00.233  1571  1571 D [WeatherWidget(15061)]  DB L2: {[610591C4E30FED4A153FF198DAC84EFEE3319B0D622FD4A19809E90ED3C1398368D658B139FCCB8B9564F5B4E9CB634E0A4C785595C81ACF6CF1BE83E2F0349E]}
01-10 16:21:00.234  1571  1571 D [WeatherWidget(15061)]  : {[E9BDC1AC9F9B078A92B3F309630276C89F9B6E52C087A495B97355481F2FDE5B58A757A09967AB7BD9E1187CEA5BB356FACBD4A552A7402C88647F970C513A69]}
01-10 16:21:00.238  1571  1571 D [WeatherWidget(15061)]  DB L2: {[610591C4E30FED4A153FF198DAC84EFE259FA03515F619060291D19B9A2E73CB46DA064369D1073FED4BA9669B425DCA69FAB0554F7FAA4DA07B2852AB6BE5AF]}
01-10 16:21:00.240  1571  1571 D [WeatherWidget(15061)]  DB L2: {[610591C4E30FED4A153FF198DAC84EFE1A65FB0EE8B7C5763A9CB231BC13495CB45D83972E6FC08AD51A20216788CFF11FEF84325580D30316CAA6C75DECC216]}
01-10 16:21:00.242  1571  1571 D [WeatherWidget(15061)]  : {[3AE6950019B083611567B0F9442DB03EF4A0ECA9EDEEE1C6764DEF6294C10F4F0BAD60A0CC696E8D15537EBE77D0F441F941FE30DFEB6E45A2BAA0295B86238B6B5477898ADD292C8EB7917680951853]}
01-10 16:21:00.243  1571  1571 D [WeatherWidget(15061)]  : {[A1AF0F6A1A65A89C43D705938923D0FE0259CBA56E4484DDAF167EE897E0098D214B31210E90A8E4D761DF2724951166F2287DB34D772530C5896F56ACED75993DFDFD9878898255D862AA28AC9DA867408012AB25D5BAC7AAEFC4CA4BAF2A106BC288634AF2194FCBAAB997490B126C]}
01-10 16:21:00.247  1571  1571 D [WeatherWidget(15061)]  : {[4C0512EFA0AB4990F6AA1DF592AD92A7F0B9EF71550DD16C356391DD9598536C]}
01-10 16:21:00.445  8950  9364 I AudioTrack: Skip ramp
01-10 16:21:00.563  3237  3352 I APM_AudioPolicyManager: stopOutput() output 21, stream 3, session 46409
01-10 16:21:00.612  3757  4398 D InputReader: Input event(3): value=1 when=133757304560000
01-10 16:21:00.612  3757  4398 D InputReader: Input event(3): value=1 when=133757304560000
01-10 16:21:00.613  3757  4398 I InputReader: Touch event's action is 0x0 (deviceType=0) [pCnt=1, s=0.13793 ] when=133757304560000
01-10 16:21:00.614  3757  4397 I InputDispatcher: Delivering touch to (8950): action: 0x0, toolType: 1
01-10 16:21:00.615  8950  8971 V threaded_app: New input event: type=2
01-10 16:21:00.623  8950  8950 D ViewRootImpl@e972267[GameActivity]: ViewPostImeInputStage processPointer 0
01-10 16:21:00.635  8950  8971 V threaded_app: New input event: type=2
01-10 16:21:00.653  8950  8971 V threaded_app: New input event: type=2
01-10 16:21:00.669  8950  8971 V threaded_app: New input event: type=2
01-10 16:21:00.680  8950  8971 V threaded_app: New input event: type=2
01-10 16:21:00.681  8950  9069 I libOpenSLES: Emulating old channel mask behavior (ignoring positional mask 0x4, using default mask 0x1 based on channel count of 1)
01-10 16:21:00.684  8950  9069 W AudioTrack: AUDIO_OUTPUT_FLAG_FAST denied by client; transfer 1, track 44100 Hz, output 48000 Hz
01-10 16:21:00.685  3237 27701 I AudioFlinger: add dynamic flag, can move to deep thread, session 46417
01-10 16:21:00.687  8950  9069 D AudioTrack: Client defaulted notificationFrames to 590 for frameCount 1772
01-10 16:21:00.690  8950  9069 I AudioTrack: This process already got info. FadeIn[0] FadeOut[0] FadeInRing[0]
01-10 16:21:00.690  3237  3237 W AudioPolicyIntefaceImpl: Skipped to add effects on session 46417
01-10 16:21:00.690  3237  3237 I APM_AudioPolicyManager: startOutput() output 21, stream 3, session 46417
01-10 16:21:00.696  8950  8971 V threaded_app: New input event: type=2
01-10 16:21:00.709  3757  4398 D InputReader: Input event(3): value=0 when=133757401394000
01-10 16:21:00.709  3757  4398 D InputReader: Input event(3): value=0 when=133757401394000
01-10 16:21:00.709  3757  4398 I InputReader: Touch event's action is 0x1 (deviceType=0) [pCnt=1, s=] when=133757401394000
01-10 16:21:00.712  3757  4397 I InputDispatcher: Delivering touch to (8950): action: 0x1, toolType: 1
01-10 16:21:00.713  8950  8971 V threaded_app: New input event: type=2
01-10 16:21:00.716  8950  8971 V threaded_app: New input event: type=2
01-10 16:21:00.717  8950  8950 D ViewRootImpl@e972267[GameActivity]: ViewPostImeInputStage processPointer 1
01-10 16:21:00.723  3237  3477 I AudioMixer: create resampler src 44100, 1, dst 48000, 1, q 8
01-10 16:21:00.724  3237  3477 D SoundAliveResampler: [SoundAliveResampler] Init+++
01-10 16:21:00.839  3757  4398 D InputReader: Input event(3): value=1 when=133757530851000
01-10 16:21:00.839  3757  4398 D InputReader: Input event(3): value=1 when=133757530851000
01-10 16:21:00.839  3757  4398 I InputReader: Touch event's action is 0x0 (deviceType=0) [pCnt=1, s=0.13794 ] when=133757530851000
01-10 16:21:00.840  3757  4397 I InputDispatcher: Delivering touch to (8950): action: 0x0, toolType: 1
01-10 16:21:00.843  8950  8971 V threaded_app: New input event: type=2
01-10 16:21:00.843  3757  9599 D GameManagerService: identifyGamePackage. com.GeekTechnique.InfinityStack
01-10 16:21:00.846  8950  8950 D ViewRootImpl@e972267[GameActivity]: ViewPostImeInputStage processPointer 0
01-10 16:21:00.862  8950  8971 V threaded_app: New input event: type=2
01-10 16:21:00.871  3757  4398 D InputReader: Input event(3): value=0 when=133757563202000
01-10 16:21:00.871  3757  4398 D InputReader: Input event(3): value=0 when=133757563202000
01-10 16:21:00.871  3757  4398 I InputReader: Touch event's action is 0x1 (deviceType=0) [pCnt=1, s=] when=133757563202000
01-10 16:21:00.872  3757  4397 I InputDispatcher: Delivering touch to (8950): action: 0x1, toolType: 1
01-10 16:21:00.872  8950  8971 V threaded_app: New input event: type=2
01-10 16:21:00.873  8950  8970 D UE4     : [2019.01.10-21.21.00:873][948]LogUMG: Display: Widget Class GameOverMenu_C - Loaded Fast Template.
01-10 16:21:00.884  8950  8971 V threaded_app: New input event: type=2
01-10 16:21:00.886  8950  8950 D ViewRootImpl@e972267[GameActivity]: ViewPostImeInputStage processPointer 1
01-10 16:21:00.890  8950  9069 I libOpenSLES: Emulating old channel mask behavior (ignoring positional mask 0x3, using default mask 0x3 based on channel count of 2)
01-10 16:21:00.892  8950  9069 W AudioTrack: AUDIO_OUTPUT_FLAG_FAST denied by client; transfer 1, track 44100 Hz, output 48000 Hz
01-10 16:21:00.893  3237  3486 I AudioFlinger: add dynamic flag, can move to deep thread, session 46425
01-10 16:21:00.895  8950  9069 D AudioTrack: Client defaulted notificationFrames to 590 for frameCount 1772
01-10 16:21:00.897  8950  9069 I AudioTrack: This process already got info. FadeIn[0] FadeOut[0] FadeInRing[0]
01-10 16:21:00.898  3237 22864 W AudioPolicyIntefaceImpl: Skipped to add effects on session 46425
01-10 16:21:00.898  3237 22864 I APM_AudioPolicyManager: startOutput() output 21, stream 3, session 46425
01-10 16:21:00.925  3237  3477 I AudioMixer: create resampler src 44100, 2, dst 48000, 2, q 8
01-10 16:21:00.926  3237  3477 D SoundAliveResampler: [SoundAliveResampler] Init+++
01-10 16:21:01.049  8950  9367 I AudioTrack: Skip ramp
01-10 16:21:01.148  3237  3352 I APM_AudioPolicyManager: stopOutput() output 21, stream 3, session 46417
01-10 16:21:01.300 29432 29446 I Finsky  : [4408] com.google.android.finsky.bn.an.run(6): Stats for Executor: Db-frosting.db com.google.android.finsky.bn.ao@2c0d1aa[Running, pool size = 0, active threads = 0, queued tasks = 0, completed tasks = 6]
01-10 16:21:01.385  3757  4458 D WifiStateMachine: Current network is: "wilkinson2.4" , ID is: 30
01-10 16:21:01.385  3757  4458 I WifiStateMachine: IMS calling, current network is always qualified
01-10 16:21:01.445  3757  4398 D InputReader: Input event(3): value=1 when=133758137258000
01-10 16:21:01.445  3757  4398 D InputReader: Input event(3): value=1 when=133758137258000
01-10 16:21:01.445  3757  4398 I InputReader: Touch event's action is 0x0 (deviceType=0) [pCnt=1, s=0.13795 ] when=133758137258000
01-10 16:21:01.446  3757  4397 I InputDispatcher: Delivering touch to (8950): action: 0x0, toolType: 1
01-10 16:21:01.446  8950  8971 V threaded_app: New input event: type=2
01-10 16:21:01.451  8950  8950 D ViewRootImpl@e972267[GameActivity]: ViewPostImeInputStage processPointer 0
01-10 16:21:01.467  8950  8971 V threaded_app: New input event: type=2
01-10 16:21:01.473  8950  9368 I AudioTrack: Skip ramp
01-10 16:21:01.483  8950  8971 V threaded_app: New input event: type=2
01-10 16:21:01.498  8950  8971 V threaded_app: New input event: type=2
01-10 16:21:01.510  3757  4398 D InputReader: Input event(3): value=0 when=133758202822000
01-10 16:21:01.510  3757  4398 D InputReader: Input event(3): value=0 when=133758202822000
01-10 16:21:01.510  3757  4398 I InputReader: Touch event's action is 0x1 (deviceType=0) [pCnt=1, s=] when=133758202822000
01-10 16:21:01.511  3757  4397 I InputDispatcher: Delivering touch to (8950): action: 0x1, toolType: 1
01-10 16:21:01.511  8950  8971 V threaded_app: New input event: type=2
01-10 16:21:01.512  8950  8971 V threaded_app: New input event: type=2
01-10 16:21:01.513  8950  8950 D ViewRootImpl@e972267[GameActivity]: ViewPostImeInputStage processPointer 1
01-10 16:21:01.527  8950  9069 I libOpenSLES: Emulating old channel mask behavior (ignoring positional mask 0x3, using default mask 0x3 based on channel count of 2)
01-10 16:21:01.529  8950  9069 W AudioTrack: AUDIO_OUTPUT_FLAG_FAST denied by client; transfer 1, track 44100 Hz, output 48000 Hz
01-10 16:21:01.530  3237 27701 I AudioFlinger: add dynamic flag, can move to deep thread, session 46433
01-10 16:21:01.531  8950  9069 D AudioTrack: Client defaulted notificationFrames to 590 for frameCount 1772
01-10 16:21:01.533  8950  9069 I AudioTrack: This process already got info. FadeIn[0] FadeOut[0] FadeInRing[0]
01-10 16:21:01.533  3237 17217 W AudioPolicyIntefaceImpl: Skipped to add effects on session 46433
01-10 16:21:01.533  3237 17217 I APM_AudioPolicyManager: startOutput() output 21, stream 3, session 46433
01-10 16:21:01.533  8950  9369 I AudioTrack: Skip ramp
01-10 16:21:01.547  3237  3477 I AudioMixer: create resampler src 44100, 2, dst 48000, 2, q 8
01-10 16:21:01.548  3237  3477 D SoundAliveResampler: [SoundAliveResampler] Init+++
01-10 16:21:01.568  3237  3352 I APM_AudioPolicyManager: stopOutput() output 21, stream 3, session 46425
01-10 16:21:01.601  8950  8973 D UE4     : Used memory: 223308
01-10 16:21:01.650 29432 29446 I Finsky  : [4408] com.google.android.finsky.bn.an.run(6): Stats for Executor: Db-scheduler_logging_store.db com.google.android.finsky.bn.ao@f77419b[Running, pool size = 0, active threads = 0, queued tasks = 0, completed tasks = 6]
01-10 16:21:01.667  3237  3352 I APM_AudioPolicyManager: stopOutput() output 21, stream 3, session 46433
01-10 16:21:01.857  5689  5689 D io_stats: !@   8,0 r 1606610 49451240 w 1543275 35786184 d 242715 19429304 f 415847 415731 iot 2520450 1385465 th 61440 61440 43080 pt 9550 inp 0 0 133758.549
01-10 16:21:01.960  3227  3261 D Sensorhubs: readContextData: 1, 1, 7, -1
01-10 16:21:01.961  3757  4361 D SensorHubManager: onGetSensorHubDataLocked: library(4) = 1, 1, 7, -1
01-10 16:21:01.963  3757  4360 D CAE     : onGetSensorHubData(SensorHubParserProvider.java:94) - onGetSensorHubData Event [event buffer len :4], AP_WAKEUP
01-10 16:21:01.964  3757  4360 I CAE     : parse(SensorHubParserProvider.java:196) - buffer size = 4
01-10 16:21:01.965  3757  4360 I CAE     : parse(SensorHubParserProvider.java:207) - 1, 1, 7, -1,
01-10 16:21:01.966  3757  4360 D CAE     : display(ContextProvider.java:375) - ================= AUTO_ROTATION =================
01-10 16:21:01.966  3757  4360 I CAE     : display(ContextProvider.java:391) - Angle=[-1]
01-10 16:21:01.968  3757  4364 D SemContextService: updateContext() : event = Auto Rotation
01-10 16:21:01.968  3757  3757 D SemContextManager: onSemContextChanged() : event = Auto Rotation Angle : -1
01-10 16:21:01.969  3757  3757 D SContextManager: onSContextChanged() : event = Auto Rotation Angle : -1
01-10 16:21:01.969  3757  3757 V WindowOrientationListener: OrientationSensorJudge.onSContextChanged, Rotation: -1
01-10 16:21:02.350  8950  8970 D UE4     : [2019.01.10-21.21.02:350][ 15]LogNet: Browse: /Game/Maps/StackMap
01-10 16:21:02.357  8950  8970 D UE4     : [2019.01.10-21.21.02:357][ 15]LogLoad: LoadMap: /Game/Maps/StackMap
01-10 16:21:02.435  8950  8970 D UE4     : [2019.01.10-21.21.02:435][ 15]LogStreaming: Display: Flushing async loaders.
01-10 16:21:02.453  3237  3352 I APM_AudioPolicyManager: stopOutput() output 21, stream 3, session 46273
01-10 16:21:02.839  8950  8970 D UE4     : [2019.01.10-21.21.02:839][ 15]LogAIModule: Creating AISystem for world StackMap
01-10 16:21:02.841  8950  8970 D UE4     : [2019.01.10-21.21.02:840][ 15]LogLoad: Game class is 'GameModeBase'
01-10 16:21:02.845  8950  8970 D UE4     : [2019.01.10-21.21.02:845][ 15]LogWorld: Bringing World /Game/Maps/StackMap.StackMap up for play (max tick rate 0) at 2019.01.10-16.21.02
01-10 16:21:02.846  8950  8970 D UE4     : [2019.01.10-21.21.02:846][ 15]LogWorld: Bringing up level for play took: 0.003110
01-10 16:21:02.854  8950  8970 D UE4     : [2019.01.10-21.21.02:854][ 15]LogOnlineIdentity: Display: OSS: FOnlineIdentityGooglePlay::GetPlayerNickname
01-10 16:21:02.857  8950  8970 D UE4     : [2019.01.10-21.21.02:857][ 15]LogGameMode: FindPlayerStart: PATHS NOT DEFINED or NO PLAYERSTART with positive rating
01-10 16:21:02.907  8950  8970 D UE4     : [2019.01.10-21.21.02:907][ 15]LogUMG: Display: Widget Class GameStartMenu_C - Loaded Fast Template.
01-10 16:21:02.911  8950  8970 D UE4     : [2019.01.10-21.21.02:911][ 15]LogPlayerController: Error: InputMode:UIOnly - Attempting to focus Non-Focusable widget SObjectWidget [Widget.cpp(710)]!
01-10 16:21:02.914  8950  8970 D UE4     : [2019.01.10-21.21.02:914][ 15]LogLoad: Took 0.556791 seconds to LoadMap(/Game/Maps/StackMap)
01-10 16:21:02.920  8950  8970 D UE4     : [2019.01.10-21.21.02:920][ 15]LogSlate: Took 0.000488 seconds to synchronously load lazily loaded font '../../../Engine/Content/EngineFonts/Faces/DroidSansMono.ufont' (77K)
01-10 16:21:02.940  8950  8970 D UE4     : [2019.01.10-21.21.02:940][ 16]LogSlate: Took 0.000574 seconds to synchronously load lazily loaded font '../../../Engine/Content/EngineFonts/Faces/DroidSansMono.ufont' (77K)
01-10 16:21:03.015  3757  4354 D SamsungAlarmManager: Expired : 8
01-10 16:21:03.015  3757  4354 V SamsungAlarmManager: Sending to uid : 10059 action=null alarm=Alarm{f66ac9d type 3 when 355901332 com.asurion.android.verizon.vms}
01-10 16:21:03.020  3757  4354 D CompatibilityInfo: mCompatibilityFlags - 0
01-10 16:21:03.020  3757  4354 D CompatibilityInfo: applicationDensity - 420
01-10 16:21:03.020  3757  4354 D CompatibilityInfo: applicationScale - 1.0
01-10 16:21:03.036  3757  3770 D SamsungAlarmManager: setExact Intent (T:3/F:5/AC:false) 20190110T162108 - CU:10059/CP:15240
01-10 16:21:03.036  3757  3770 I SamsungAlarmManager: setLocked to kernel - T:3 / 20190110T162108, SetElapsed=355906346, nowELAPSED=355901353
01-10 16:21:03.890  3227  3261 D Sensorhubs: readContextData: 1, 1, 7, 0
01-10 16:21:03.891  3757  4361 D SensorHubManager: onGetSensorHubDataLocked: library(4) = 1, 1, 7, 0
01-10 16:21:03.893  3757  4360 D CAE     : onGetSensorHubData(SensorHubParserProvider.java:94) - onGetSensorHubData Event [event buffer len :4], AP_WAKEUP
01-10 16:21:03.894  3757  4360 I CAE     : parse(SensorHubParserProvider.java:196) - buffer size = 4
01-10 16:21:03.894  3757  4360 I CAE     : parse(SensorHubParserProvider.java:207) - 1, 1, 7, 0,
01-10 16:21:03.895  3757  4360 D CAE     : display(ContextProvider.java:375) - ================= AUTO_ROTATION =================
01-10 16:21:03.896  3757  4360 I CAE     : display(ContextProvider.java:391) - Angle=[0]
01-10 16:21:03.896  3757  4364 D SemContextService: updateContext() : event = Auto Rotation
01-10 16:21:03.897  3757  3757 D SemContextManager: onSemContextChanged() : event = Auto Rotation Angle : 0
01-10 16:21:03.897  3757  3757 D SContextManager: onSContextChanged() : event = Auto Rotation Angle : 0
01-10 16:21:03.897  3757  3757 V WindowOrientationListener: OrientationSensorJudge.onSContextChanged, Rotation: 0
01-10 16:21:03.897  3757  3775 V WindowOrientationListener: OrientationSensorJudge.getProposedRotation, Rotation: 0
01-10 16:21:03.898  3757  3775 V WindowOrientationListener: OrientationSensorJudge.getProposedRotation, Rotation: 0
01-10 16:21:03.898  3757  3775 V WindowManager: rotationForOrientationLw(orient=1, last=0); user=0  sensorRotation=0 mLidState=-1 mDockMode=0 mHdmiPlugged=false
01-10 16:21:04.025  8950  9069 I libOpenSLES: Emulating old channel mask behavior (ignoring positional mask 0x3, using default mask 0x3 based on channel count of 2)
01-10 16:21:04.026  8950  9069 W AudioTrack: AUDIO_OUTPUT_FLAG_FAST denied by client; transfer 1, track 44100 Hz, output 48000 Hz
01-10 16:21:04.029  3237 27701 I AudioFlinger: add dynamic flag, can move to deep thread, session 46441
01-10 16:21:04.033  8950  9069 D AudioTrack: Client defaulted notificationFrames to 590 for frameCount 1772
01-10 16:21:04.035  8950  9069 I AudioTrack: This process already got info. FadeIn[0] FadeOut[0] FadeInRing[0]
01-10 16:21:04.035  3237  8662 W AudioPolicyIntefaceImpl: Skipped to add effects on session 46441
01-10 16:21:04.035  3237  8662 I APM_AudioPolicyManager: startOutput() output 21, stream 3, session 46441
01-10 16:21:04.045  3237  3477 D audio_hw_primary: out_set_parameters: enter: kvpairs: routing=2
01-10 16:21:04.046  3237  3477 I audio_hw_primary: out_set_parameters adev->out_device:2
01-10 16:21:04.046  3237  3477 I audio_hw_primary: is_voice_wakeup : ret =  0  , wakeup_baby_cry_enabled = 0  ,  wakeup_mic_enabled = 0 
01-10 16:21:04.046  3237  3477 V audio_hw_primary: select_devices output_scenario:0 input_scenario:28 out_snd_device 0x2 in_snd_device:0xb
01-10 16:21:04.046  3237  3477 I audio_hw_primary: select_devices - do not update mixer_path
01-10 16:21:04.046  3237  3477 D AudioFlinger: setCurDevice() 0x2
01-10 16:21:04.082  3237  3477 I AudioMixer: create resampler src 44100, 2, dst 48000, 2, q 8
01-10 16:21:04.082  3237  3477 D SoundAliveResampler: [SoundAliveResampler] Init+++
01-10 16:21:04.253  3757  4398 D InputReader: Input event(3): value=1 when=133760945748000
01-10 16:21:04.253  3757  4398 D InputReader: Input event(3): value=1 when=133760945748000
01-10 16:21:04.254  3757  4398 I InputReader: Touch event's action is 0x0 (deviceType=0) [pCnt=1, s=0.13796 ] when=133760945748000
01-10 16:21:04.255  3757  4397 I InputDispatcher: Delivering touch to (8950): action: 0x0, toolType: 1
01-10 16:21:04.255  8950  8971 V threaded_app: New input event: type=2
01-10 16:21:04.256  8950  8950 D ViewRootImpl@e972267[GameActivity]: ViewPostImeInputStage processPointer 0
01-10 16:21:04.286  8950  8971 V threaded_app: New input event: type=2
01-10 16:21:04.303  8950  8971 V threaded_app: New input event: type=2
01-10 16:21:04.322  8950  8971 V threaded_app: New input event: type=2
01-10 16:21:04.337  8950  8971 V threaded_app: New input event: type=2
01-10 16:21:04.339  3757  4398 D InputReader: Input event(3): value=0 when=133761031588000
01-10 16:21:04.339  3757  4398 D InputReader: Input event(3): value=0 when=133761031588000
01-10 16:21:04.339  3757  4398 I InputReader: Touch event's action is 0x1 (deviceType=0) [pCnt=1, s=] when=133761031588000
01-10 16:21:04.340  3757  4397 I InputDispatcher: Delivering touch to (8950): action: 0x1, toolType: 1
01-10 16:21:04.341  8950  8971 V threaded_app: New input event: type=2
01-10 16:21:04.350  8950  8950 D ViewRootImpl@e972267[GameActivity]: ViewPostImeInputStage processPointer 1
01-10 16:21:04.406  3757  4458 D WifiStateMachine: Current network is: "wilkinson2.4" , ID is: 30
01-10 16:21:04.406  3757  4458 I WifiStateMachine: IMS calling, current network is always qualified
01-10 16:21:04.926  3757  4398 D InputReader: Input event(3): value=1 when=133761618432000
01-10 16:21:04.926  3757  4398 D InputReader: Input event(3): value=1 when=133761618432000
01-10 16:21:04.926  3757  4398 I InputReader: Touch event's action is 0x0 (deviceType=0) [pCnt=1, s=0.13797 ] when=133761618432000
01-10 16:21:04.927  3757  4397 I InputDispatcher: Delivering touch to (8950): action: 0x0, toolType: 1
01-10 16:21:04.928  8950  8971 V threaded_app: New input event: type=2
01-10 16:21:04.929  8950  8950 D ViewRootImpl@e972267[GameActivity]: ViewPostImeInputStage processPointer 0
01-10 16:21:04.937  8950  8970 D UE4     : [2019.01.10-21.21.04:937][100]LogSlate: FSceneViewport::OnFocusLost() reason 0
01-10 16:21:04.956  8950  8971 V threaded_app: New input event: type=2
01-10 16:21:04.974  8950  8971 V threaded_app: New input event: type=2
01-10 16:21:04.989  8950  8971 V threaded_app: New input event: type=2
01-10 16:21:05.005  8950  8971 V threaded_app: New input event: type=2
01-10 16:21:05.023  8950  8971 V threaded_app: New input event: type=2
01-10 16:21:05.024  3757  4398 D InputReader: Input event(3): value=0 when=133761716106000
01-10 16:21:05.025  3757  4398 D InputReader: Input event(3): value=0 when=133761716106000
01-10 16:21:05.025  3757  4398 I InputReader: Touch event's action is 0x1 (deviceType=0) [pCnt=1, s=] when=133761716106000
01-10 16:21:05.025  3757  4397 I InputDispatcher: Delivering touch to (8950): action: 0x1, toolType: 1
01-10 16:21:05.031  8950  8971 V threaded_app: New input event: type=2
01-10 16:21:05.034  8950  8950 D ViewRootImpl@e972267[GameActivity]: ViewPostImeInputStage processPointer 1
01-10 16:21:05.041  8950  8970 D UE4     : [2019.01.10-21.21.05:041][105]Closing by request
01-10 16:21:05.042  8950  8970 D UE4     : [2019.01.10-21.21.05:042][105]LogWindows: FAndroidMisc::RequestExit(0)
01-10 16:21:05.055  8950  9069 I libOpenSLES: Emulating old channel mask behavior (ignoring positional mask 0x3, using default mask 0x3 based on channel count of 2)
01-10 16:21:05.055  8950  8970 D UE4     : [2019.01.10-21.21.05:055][106]LogAndroid: Exiting
01-10 16:21:05.056  8950  9069 W AudioTrack: AUDIO_OUTPUT_FLAG_FAST denied by client; transfer 1, track 44100 Hz, output 48000 Hz
01-10 16:21:05.057  3237  3812 I AudioFlinger: add dynamic flag, can move to deep thread, session 46449
01-10 16:21:05.058  8950  9069 D AudioTrack: Client defaulted notificationFrames to 590 for frameCount 1772
01-10 16:21:05.058  8950  9069 I AudioTrack: This process already got info. FadeIn[0] FadeOut[0] FadeInRing[0]
01-10 16:21:05.059  3237 22864 W AudioPolicyIntefaceImpl: Skipped to add effects on session 46449
01-10 16:21:05.059  3237 22864 I APM_AudioPolicyManager: startOutput() output 21, stream 3, session 46449
01-10 16:21:05.060  8950  9378 I AudioTrack: Skip ramp
01-10 16:21:05.063  3237  3477 I AudioMixer: create resampler src 44100, 2, dst 48000, 2, q 8
01-10 16:21:05.063  3237  3477 D SoundAliveResampler: [SoundAliveResampler] Init+++
01-10 16:21:05.067  4616  4823 D NetworkController.MobileSignalController(0/1): onSignalStrengthsChanged signalStrength=SignalStrength: 99 99 -120 -160 -120 -1 -1 14 -118 -18 8 2147483647 2147483647 0x1000 gsm|lte level=1
01-10 16:21:05.067  4616  4823 D NetworkController.MobileSignalController(0/1): getMobileIconGroup(): 13
01-10 16:21:05.067  4616  4823 D NetworkController.MobileSignalController(0/1): updateVZWMobileIconGroup(): 13
01-10 16:21:05.075  8950  9069 D UE4     : *** JavaEnvDestructor: 9069
01-10 16:21:05.076  8950  8970 I AudioTrack: Skip ramp
01-10 16:21:05.078  5035  5670 D EPDG -- [SMARTWIFI]: onSignalStrengthsChanged: Received signal strength change, phone type is: 2
01-10 16:21:05.078  8950  8970 D UE4     : [2019.01.10-21.21.05:078][106]LogAndroidAudio: Warning: OpenSLES Tearing Down HW
01-10 16:21:05.078  5035  6446 D EPDG -- [SMARTWIFI]: lastLteRSRP is -118currentLteRSRP is -118
01-10 16:21:05.079  5035  6446 D EPDG -- [SMARTWIFI]: lastLteRSRQ is -18currentLteRSRQ is -18
01-10 16:21:05.079  5035  6446 D EPDG -- [SMARTWIFI]: lastCdmaDb is -16currentCdmaDb is -16
01-10 16:21:05.079  5035  6446 V EPDG -- [SMARTWIFI]: Radio oldest entry removed
01-10 16:21:05.079  5035  6446 V EPDG -- [SMARTWIFI]: New entry : (SignalStrength: 99 99 -120 -160 -120 -1 -1 14 -118 -18 8 2147483647 2147483647 0x1000 gsm|lte : 0 )
01-10 16:21:05.079  5035  6446 V EPDG -- [SMARTWIFI]: Radio entry added
01-10 16:21:05.080  4616  4823 D NetworkController.MobileSignalController(0/1): callState:0, callStateByPhone:false voLTECall:false voiceNetTpe:13 dataNetType:13, ine911:false, emergencyCallbackMode:false
01-10 16:21:05.089  5035  6445 D EPDG -- [MODEM]: message length is  9
01-10 16:21:05.089  5035  6445 D EPDG -- [MODEM]: countRead is 7 offset is 7remaining is 0
01-10 16:21:05.089  5035  6445 D EPDG -- EpdgIpcMessageFactory: ipcMainCmd: 8
01-10 16:21:05.089  5035  6445 D EPDG -- [UTILS]: isUSerBinary: true
01-10 16:21:05.090  5035  6445 D EPDG -- [RILRECEIVER]: [Rx]: Main: IPC_NET_CMD Sub: IPC_NET_REGIST
01-10 16:21:05.090  5035  6445 D EPDG -- [RILRECEIVER]: [Rx]: Param: FF 03 
01-10 16:21:05.090  5035  6445 I EPDG -- [RILRECEIVER]: RX [NET_REGIST] -- RESPONSE -- EPDG AVAILABLE
01-10 16:21:05.090  5035  6445 D EPDG -- [NETIPCMESSAGE]: encodeNetRegist
01-10 16:21:05.090  5035  6445 D EPDG -- [UTILS]: isUSerBinary: true
01-10 16:21:05.091  5035  6445 D EPDG -- [IPCDISPATCHER]: [Tx]: Main: IPC_NET_CMD Sub: IPC_NET_REGIST Cmd Type: IPC_CMD_RESP
01-10 16:21:05.091  5035  6445 D EPDG -- [IPCDISPATCHER]: [Tx]: Param: 30 03 02 00 00 00 00 00 00 00 00 00 00 
01-10 16:21:05.091  5035  6445 D EPDG -- [MODEM]: EpdgModem instance already exists !
01-10 16:21:05.091  5035  6442 D EPDG -- [MODEM]: Successfully written to RIL
01-10 16:21:05.091  5035  5670 D EPDG -- [EPDGService]: Event received: RIL_EPDG_STATUS_QUERY
01-10 16:21:05.091  5035  5670 D EPDG -- [EPDGService]: handleMessage: cid - 2
01-10 16:21:05.093  8950  8970 D UE4     : [2019.01.10-21.21.05:093][106]LogSlate: Request Window 'Infinity Stack (32-bit Development GLSL_ES2) ' being destroyed
01-10 16:21:05.095  8950  9088 D UE4     : *** JavaEnvDestructor: 9088
01-10 16:21:05.095  8950  9087 D UE4     : AndroidEGL::ResetDisplay()
01-10 16:21:05.096  8950  9087 D UE4     : *** JavaEnvDestructor: 9087
01-10 16:21:05.100  8950  8970 D UE4     : [2019.01.10-21.21.05:100][106]LogSlate: Window 'Infinity Stack (32-bit Development GLSL_ES2) ' being destroyed
01-10 16:21:05.104  8950  8970 D UE4     : [2019.01.10-21.21.05:104][106]LogSlate: Slate User Destroyed.  User Index 0, Is Virtual User: 0
01-10 16:21:05.106  8950  9384 D UE4     : *** JavaEnvDestructor: 9384
01-10 16:21:05.107  8950  9383 D UE4     : AndroidEGL::ResetDisplay()
01-10 16:21:05.107  8950  9383 D UE4     : *** JavaEnvDestructor: 9383
01-10 16:21:05.114  8950  8970 D UE4     : AndroidEGL::ResetDisplay()
01-10 16:21:05.121  5035  6445 D EPDG -- [MODEM]: message length is  9
01-10 16:21:05.122  5035  6445 D EPDG -- [MODEM]: countRead is 7 offset is 7remaining is 0
01-10 16:21:05.122  5035  6445 D EPDG -- EpdgIpcMessageFactory: ipcMainCmd: 8
01-10 16:21:05.122  5035  6445 D EPDG -- [UTILS]: isUSerBinary: true
01-10 16:21:05.122  5035  6445 D EPDG -- [RILRECEIVER]: [Rx]: Main: IPC_NET_CMD Sub: IPC_NET_REGIST
01-10 16:21:05.122  5035  6445 D EPDG -- [RILRECEIVER]: [Rx]: Param: FF 03 
01-10 16:21:05.122  5035  6445 I EPDG -- [RILRECEIVER]: RX [NET_REGIST] -- RESPONSE -- EPDG AVAILABLE
01-10 16:21:05.122  5035  6445 D EPDG -- [NETIPCMESSAGE]: encodeNetRegist
01-10 16:21:05.123  5035  6445 D EPDG -- [UTILS]: isUSerBinary: true
01-10 16:21:05.123  5035  6445 D EPDG -- [IPCDISPATCHER]: [Tx]: Main: IPC_NET_CMD Sub: IPC_NET_REGIST Cmd Type: IPC_CMD_RESP
01-10 16:21:05.123  5035  6445 D EPDG -- [IPCDISPATCHER]: [Tx]: Param: 30 03 02 00 00 00 00 00 00 00 00 00 00 
01-10 16:21:05.123  5035  6445 D EPDG -- [MODEM]: EpdgModem instance already exists !
01-10 16:21:05.124  5035  5670 D EPDG -- [EPDGService]: Event received: RIL_EPDG_STATUS_QUERY
01-10 16:21:05.124  5035  6442 D EPDG -- [MODEM]: Successfully written to RIL
01-10 16:21:05.124  5035  5670 D EPDG -- [EPDGService]: handleMessage: cid - 2
01-10 16:21:05.147  5010  5010 D PdnController: onCellLocationChanged:
01-10 16:21:05.148  5010  5010 D RegiMgrBase: onCellLocationChanged:
01-10 16:21:05.148  5010  5010 D VolteServiceModule: onCellLocationChanged:
01-10 16:21:05.148  5010  5302 D RegiMgrBase: handleMessage: EVENT_CELL_LOCATION_CHANGED
01-10 16:21:05.148  4616  4823 D NetworkController.MobileSignalController(0/1): onCellLocationChanged
01-10 16:21:05.151  5010  5302 D PaniGenerator: generate: network=13, fallbackPlmn=311480
01-10 16:21:05.154  3237  3352 I APM_AudioPolicyManager: stopOutput() output 21, stream 3, session 46441
01-10 16:21:05.154  3237  3352 I APM_AudioPolicyManager: stopOutput() output 21, stream 3, session 46449
01-10 16:21:05.158  5010  5302 D PaniGenerator: Don't use getDataPlmn if not in CS:1x and PS:LTE
01-10 16:21:05.160  3757  4986 D SLocation: onCellLocationChanged 1 / 0
01-10 16:21:05.161  5010  5302 D PaniGenerator: generate: change to NW PLMN(311480)
01-10 16:21:05.162  5010  5302 D TelephonyManager: getCellLocation : Caller (PID / UID / TID): 5010 / 1000 / 5302
01-10 16:21:05.165  3757  4986 D TelephonyManager: getAllCellInfo : Caller (PID / UID / TID): 3757 / 1000 / 4986
01-10 16:21:05.167  3757  6777 D TelephonyManager: getCellLocation : Caller (PID / UID / TID): 3757 / 1000 / 6777
01-10 16:21:05.175  5010  5302 D TelephonyManager: getCellLocation : Caller (PID / UID / TID): 5010 / 1000 / 5302
01-10 16:21:05.181  5010  5302 D TelephonyManager: getCellLocation : Caller (PID / UID / TID): 5010 / 1000 / 5302
01-10 16:21:05.188  3757  4986 D SLocation: cellList : 5
01-10 16:21:05.191  5010  5873 D ImsSettingsProvider: insert at content://com.sec.ims.settings/debugconfig
01-10 16:21:05.191  5010  5873 D ImsSettingsProvider: match 21
01-10 16:21:05.192  3757  4986 W SLocation: handleEvent ENTER : currentDirection 2
01-10 16:21:05.192  3757  4986 D SLocation: geofence id (2) detected : 1
01-10 16:21:05.194  8950  8970 D UE4     : AndroidEGL::DestroySurface()
01-10 16:21:05.194  3757  4986 W SLocation: handleEvent EXIT : currentDirection 2
01-10 16:21:05.194  3757  3757 D WifiStateMachine: BroadcastReceiver - WIFI_INTENT_ACTION_GEOFENCE_TRIGGERED : id [2], direction [1]
01-10 16:21:05.195  5010  5873 D ImsSettingsProvider: insert : caller id : 5010, name : com.sec.imsservice
01-10 16:21:05.195  5010  5873 D DebugConfigStorage: insert()
01-10 16:21:05.195  3757  3757 D WifiStateMachine: BroadcastReceiver() - configKey : "HOME-6C22"WPA_PSK IN. Reduce scan max interval
01-10 16:21:05.198  3757  4986 W SLocation: handleEvent EXIT : currentDirection 2
01-10 16:21:05.198  8950  8970 D UE4     : [2019.01.10-21.21.05:198][106]LogMoviePlayer: Shutting down movie player
01-10 16:21:05.198  3757  3757 D WifiStateMachine: sendBroadcastForInOutRange() - state : 1 getNetworkType() : 13
01-10 16:21:05.200  8950  9000 D UE4     : *** JavaEnvDestructor: 9000
01-10 16:21:05.200  8950  8989 D UE4     : *** JavaEnvDestructor: 8989
01-10 16:21:05.201  8950  8988 D UE4     : *** JavaEnvDestructor: 8988
01-10 16:21:05.201  3757  4986 W SLocation: handleEvent EXIT : currentDirection 2
01-10 16:21:05.202  8950  8990 D UE4     : *** JavaEnvDestructor: 8990
01-10 16:21:05.202  8950  8992 D UE4     : *** JavaEnvDestructor: 8992
01-10 16:21:05.202  8950  8991 D UE4     : *** JavaEnvDestructor: 8991
01-10 16:21:05.203  8950  8993 D UE4     : *** JavaEnvDestructor: 8993
01-10 16:21:05.203  8950  8996 D UE4     : *** JavaEnvDestructor: 8996
01-10 16:21:05.203  8950  8999 D UE4     : *** JavaEnvDestructor: 8999
01-10 16:21:05.203  8950  8998 D UE4     : *** JavaEnvDestructor: 8998
01-10 16:21:05.203  8950  8997 D UE4     : *** JavaEnvDestructor: 8997
01-10 16:21:05.204  3757  3757 D SLocation: PendingIntent onSendFinished id:2
01-10 16:21:05.205  8950  8995 D UE4     : *** JavaEnvDestructor: 8995
01-10 16:21:05.205  8950  8994 D UE4     : *** JavaEnvDestructor: 8994
01-10 16:21:05.206  5010  5873 D ImsSettingsProvider: match 21
01-10 16:21:05.207  5010  5873 D ImsSettingsProvider: query Uri[content://com.sec.ims.settings/debugconfig], selection [null]
01-10 16:21:05.207  5010  5873 D DebugConfigStorage: query()
01-10 16:21:05.207  5010  5873 D StackIF : updatePani: 12295 pani: [3GPP-E-UTRAN-FDD;utran-cell-id-3gpp=311480ae072a7b016]
01-10 16:21:05.208  5010  5875 D StackIF.Sender: handleMessage: what 1
01-10 16:21:05.208  3757  4986 W SLocation: handleEvent EXIT : currentDirection 2
01-10 16:21:05.208  8950  8970 D UE4     : [2019.01.10-21.21.05:208][106]LogAndroid: Exiting is over
01-10 16:21:05.208  5010  5875 D SECIMSJ : [3912]> REQUEST_UPDATE_PANI
01-10 16:21:05.209  3232  3355 E [IMS6.0]: ImsEventLoop: select (1), errno (11)
01-10 16:21:05.209  3232  3355 I [IMS6.0]: DispatchUpdatePani()
01-10 16:21:05.209  3232  3358 E [IMS6.0]: IMS_onResponse() Resp Id:600
01-10 16:21:05.209  3232  3358 I [IMS6.0]: ResponseGeneralResponse()
01-10 16:21:05.209  3232  3358 I [IMS6.0]: ResponseGeneralResponse() handle:3007
01-10 16:21:05.209  8950  8970 D UE4     : [2019.01.10-21.21.05:209][106]LogWindows: FAndroidMisc::RequestExit(1)
01-10 16:21:05.210  5010  5876 D SECIMSJ : [3912]< REQUEST_UPDATE_PANI
01-10 16:21:05.210  3757  4986 W SLocation: handleEvent EXIT : currentDirection 2
01-10 16:21:05.210  5010  5876 D StackIF : processResponse: reqId 84
01-10 16:21:05.210  5010  5876 D StackIF : processResponse: handle 12295 result REQUEST_SUCCESS reason REASON_NO_ERROR
01-10 16:21:05.212  3757  4986 W SLocation: handleEvent EXIT : currentDirection 2
01-10 16:21:05.213  8950  8970 I art     : System.exit called, status: 0
01-10 16:21:05.213  8950  8970 I AndroidRuntime: VM exiting with result code 0, cleanup skipped.
01-10 16:21:05.214  3757  4986 W SLocation: handleEvent EXIT : currentDirection 2
01-10 16:21:05.216  3757  4986 W SLocation: handleEvent EXIT : currentDirection 2
01-10 16:21:05.217  3757  4986 W SLocation: handleEvent EXIT : currentDirection 2
01-10 16:21:05.219  3757  4986 W SLocation: handleEvent EXIT : currentDirection 2
01-10 16:21:05.220  3757  4986 W SLocation: handleEvent ENTER : currentDirection 2
01-10 16:21:05.220  3757  4986 D SLocation: geofence id (17) detected : 1
01-10 16:21:05.222  3757  3757 D WifiStateMachine: BroadcastReceiver - WIFI_INTENT_ACTION_GEOFENCE_TRIGGERED : id [17], direction [1]
01-10 16:21:05.223  3757  3757 D WifiStateMachine: BroadcastReceiver() - configKey : "5220 0147"WEP IN. Reduce scan max interval
01-10 16:21:05.223  3757  4986 W SLocation: handleEvent EXIT : currentDirection 2
01-10 16:21:05.224  3757  3757 D WifiStateMachine: sendBroadcastForInOutRange() - state : 1 getNetworkType() : 13
01-10 16:21:05.225  3757  4986 W SLocation: handleEvent EXIT : currentDirection 2
01-10 16:21:05.226  3757  4986 W SLocation: handleEvent EXIT : currentDirection 2
01-10 16:21:05.229  3757  3757 D SLocation: PendingIntent onSendFinished id:17
01-10 16:21:05.229  3757  4986 W SLocation: handleEvent EXIT : currentDirection 2
01-10 16:21:05.231  3757  4986 W SLocation: handleEvent EXIT : currentDirection 2
01-10 16:21:05.284  3757  4986 W SLocation: handleEvent ENTER : currentDirection 2
01-10 16:21:05.284  3757  4986 D SLocation: geofence id (9) detected : 1
01-10 16:21:05.286  3757  3757 D WifiStateMachine: BroadcastReceiver - WIFI_INTENT_ACTION_GEOFENCE_TRIGGERED : id [9], direction [1]
01-10 16:21:05.286  3757  4986 W SLocation: handleEvent EXIT : currentDirection 2
01-10 16:21:05.287  3757  3757 D WifiStateMachine: BroadcastReceiver() - configKey : "Slaton home"WPA_PSK IN. Reduce scan max interval
01-10 16:21:05.287  3757  4986 W SLocation: handleEvent ENTER : currentDirection 1
01-10 16:21:05.289  3757  3757 D WifiStateMachine: sendBroadcastForInOutRange() - state : 1 getNetworkType() : 13
01-10 16:21:05.289  3757  4986 W SLocation: handleEvent EXIT : currentDirection 2
