01-09 16:06:28.994 27387 27410 D UE4     : [2019.01.09-21.06.28:994][  0]LogStats: UGameplayTagsManager::ConstructGameplayTagTree: Construct from data asset -  0.000 s
01-09 16:06:28.995 27387 27410 D UE4     : [2019.01.09-21.06.28:995][  0]LogStats: UGameplayTagsManager::ConstructGameplayTagTree: ImportINI -  0.000 s
01-09 16:06:28.995 27387 27410 D UE4     : [2019.01.09-21.06.28:995][  0]LogStats: UGameplayTagsManager::ConstructGameplayTagTree: GameplayTagTreeChangedEvent.Broadcast -  0.000 s
01-09 16:06:29.063  3757 29838 D AudioService: getStreamVolume 3 index 120
01-09 16:06:29.065 27387 27410 D UE4     : [2019.01.09-21.06.29:065][  0]LogInit: Initializing FReadOnlyCVARCache
01-09 16:06:29.066 27387 27410 D UE4     : [2019.01.09-21.06.29:066][  0]LogAndroidAudio: Warning: SL Entered Init HW
01-09 16:06:29.066 27387 27410 D UE4     : [2019.01.09-21.06.29:066][  0]LogAndroidAudio: Warning: OpenSLES Initializing HW
01-09 16:06:29.066 27387 27410 D UE4     : [2019.01.09-21.06.29:066][  0]LogAndroidAudio: Warning: OpenSLES Initialized
01-09 16:06:29.066 27387 27410 D UE4     : [2019.01.09-21.06.29:066][  0]LogAndroidAudio: Warning: OpenSLAudioDevice: Allocated 12 sources
01-09 16:06:29.066 27387 27410 D UE4     : [2019.01.09-21.06.29:066][  0]LogInit: FAudioDevice initialized.
01-09 16:06:29.067 27387 27410 D UE4     : [2019.01.09-21.06.29:067][  0]LogAudio: Warning: Can't increase channels past starting number!
01-09 16:06:29.069 27387 27410 D UE4     : [2019.01.09-21.06.29:069][  0]LogNetVersion: Set ProjectVersion to 1.1.0. Version Checksum will be recalculated on next use.
01-09 16:06:29.069 27387 27410 D UE4     : [2019.01.09-21.06.29:069][  0]LogInit: Texture streaming: Enabled
01-09 16:06:29.083 27387 27410 D UE4     : [2019.01.09-21.06.29:083][  0]LogAudio: Warning: Can't increase channels past starting number!
01-09 16:06:29.090 27387 27410 D UE4     : [2019.01.09-21.06.29:090][  0]LogSlate: Updating window title bar state: overlay mode, drag disabled, window buttons hidden, title bar hidden
01-09 16:06:29.091 27387 27410 D UE4     : [2019.01.09-21.06.29:091][  0]LogInit: Display: Game Engine Initialized.
01-09 16:06:29.091 27387 27410 D UE4     : [2019.01.09-21.06.29:091][  0]LogGameplayTags: Display: UGameplayTagsManager::DoneAddingNativeTags. DelegateIsBound: 0
01-09 16:06:29.091 27387 27410 D UE4     : [2019.01.09-21.06.29:091][  0]LogStats: UGameplayTagsManager::ConstructGameplayTagTree: ImportINI prefixes -  0.000 s
01-09 16:06:29.091 27387 27410 D UE4     : [2019.01.09-21.06.29:091][  0]LogStats: UGameplayTagsManager::ConstructGameplayTagTree: Construct from data asset -  0.000 s
01-09 16:06:29.092 27387 27410 D UE4     : [2019.01.09-21.06.29:092][  0]LogStats: UGameplayTagsManager::ConstructGameplayTagTree: ImportINI -  0.000 s
01-09 16:06:29.092 27387 27410 D UE4     : [2019.01.09-21.06.29:092][  0]LogStats: UGameplayTagsManager::ConstructGameplayTagTree: GameplayTagTreeChangedEvent.Broadcast -  0.000 s
01-09 16:06:29.174 27387 27410 D UE4     : [2019.01.09-21.06.29:174][  0]LogInit: Display: Starting Game.
01-09 16:06:29.175 27387 27410 D UE4     : [2019.01.09-21.06.29:175][  0]LogNet: Browse: /Game/Maps/StackMap?Name=Player
01-09 16:06:29.175 27387 27410 D UE4     : [2019.01.09-21.06.29:175][  0]LogLoad: LoadMap: /Game/Maps/StackMap?Name=Player
01-09 16:06:29.266  3757 10496 D AudioService: getStreamVolume 3 index 120
01-09 16:06:29.466 27387 27410 D UE4     : [2019.01.09-21.06.29:466][  0]LogAIModule: Creating AISystem for world StackMap
01-09 16:06:29.467 27387 27410 D UE4     : [2019.01.09-21.06.29:467][  0]LogLoad: Game class is 'GameModeBase'
01-09 16:06:29.470  3757 31270 D AudioService: getStreamVolume 3 index 120
01-09 16:06:29.476 27387 27410 D UE4     : [2019.01.09-21.06.29:476][  0]LogWorld: Bringing World /Game/Maps/StackMap.StackMap up for play (max tick rate 0) at 2019.01.09-16.06.29
01-09 16:06:29.480 27387 27410 D UE4     : [2019.01.09-21.06.29:480][  0]LogWorld: Bringing up level for play took: 0.007461
01-09 16:06:29.481 27387 27410 D UE4     : [2019.01.09-21.06.29:481][  0]LogOnlineIdentity: Display: OSS: FOnlineIdentityGooglePlay::GetPlayerNickname
01-09 16:06:29.483 27387 27410 D UE4     : [2019.01.09-21.06.29:483][  0]LogGameMode: FindPlayerStart: PATHS NOT DEFINED or NO PLAYERSTART with positive rating
01-09 16:06:29.528 27387 27410 D UE4     : [2019.01.09-21.06.29:528][  0]LogUMG: Display: Widget Class GameStartMenu_C - Loaded Fast Template.
01-09 16:06:29.533 27387 27410 D UE4     : [2019.01.09-21.06.29:533][  0]LogPlayerController: Error: InputMode:UIOnly - Attempting to focus Non-Focusable widget SObjectWidget [Widget.cpp(710)]!
01-09 16:06:29.535 27387 27410 D UE4     : [2019.01.09-21.06.29:534][  0]LogLoad: Took 0.359239 seconds to LoadMap(/Game/Maps/StackMap)
01-09 16:06:29.536 27387 27410 D UE4     : [2019.01.09-21.06.29:536][  0]LogSlate: Took 0.000450 seconds to synchronously load lazily loaded font '../../../Engine/Content/EngineFonts/Faces/DroidSansMono.ufont' (77K)
01-09 16:06:29.539 27387 27472 D UE4     : *** JavaEnvDestructor: 27472
01-09 16:06:29.541 27387 27470 D UE4     : AndroidEGL::ResetDisplay()
01-09 16:06:29.541 27387 27470 D UE4     : *** JavaEnvDestructor: 27470
01-09 16:06:29.551 27387 27410 D UE4     : [2019.01.09-21.06.29:551][  0]LogAndroid: Passed GEngineLoop.Init()
01-09 16:06:29.558 27387 27410 D UE4     : [2019.01.09-21.06.29:558][  0]LogAndroidEvents: Display: DequeueAppEvent : 9, 0
01-09 16:06:29.558 27387 27410 D UE4     : [2019.01.09-21.06.29:558][  0]LogAndroidEvents: Display: DequeueAppEvent : 7, 0
01-09 16:06:29.558 27387 27410 D UE4     : [2019.01.09-21.06.29:558][  0]LogAndroidEvents: Display: DequeueAppEvent : 6, 0
01-09 16:06:29.558 27387 27410 D UE4     : [2019.01.09-21.06.29:558][  0]LogAndroidEvents: Display: DequeueAppEvent : 0, 3268104200
01-09 16:06:29.558 27387 27410 D UE4     : APP_EVENT_STATE_WINDOW_CREATED, 0, 0, 0
01-09 16:06:29.559 27387 27410 D UE4     : [2019.01.09-21.06.29:558][  0]LogAndroidEvents: Display: ExecWindowCreated
01-09 16:06:29.559 27387 27410 D UE4     : AndroidEGL::ReInitWindow()
01-09 16:06:29.559 27387 27410 D UE4     : AndroidEGL::ReInit()
01-09 16:06:29.559 27387 27410 D UE4     : AndroidEGL::ResetDisplay()
01-09 16:06:29.560 27387 27410 D UE4     : AndroidEGL::InitSurface 0, 1
01-09 16:06:29.560 27387 27410 D UE4     : AndroidEGL::CreateEGLSurface() Already initialized: 0xe181f2a8
01-09 16:06:29.560 27387 27410 D UE4     : ExecWindowCreated, 0, 1, 0
01-09 16:06:29.560 27387 27410 D UE4     : [2019.01.09-21.06.29:560][  0]LogAndroidEvents: Display: DequeueAppEvent : 12, 0
01-09 16:06:29.560 27387 27410 D UE4     : [2019.01.09-21.06.29:560][  0]LogAndroidEvents: Display: DequeueAppEvent : 8, 0
01-09 16:06:29.560 27387 27410 D UE4     : [2019.01.09-21.06.29:560][  0]LogAndroidEvents: Display: DequeueAppEvent : 9, 0
01-09 16:06:29.560 27387 27410 D UE4     : [2019.01.09-21.06.29:560][  0]LogAndroidEvents: Display: DequeueAppEvent : 7, 0
01-09 16:06:29.561 27387 27410 D UE4     : [2019.01.09-21.06.29:561][  0]LogTemp: Android resume audio
01-09 16:06:29.562 27387 27507 D UE4     : [2019.01.09-21.06.29:562][  0]LogRenderer: Reallocating scene render targets to support 720x1280 Format 10 NumSamples 1 (Frame:1).
01-09 16:06:29.565 27387 27410 D UE4     : Registering volume receiver
01-09 16:06:29.573  3757  4469 D AudioService: getStreamVolume 3 index 120
01-09 16:06:29.574 27387 27410 D UE4     : startVolumeReceiver: 12
01-09 16:06:29.574 27387 27410 D UE4     : nativeVolumeEvent(12)
01-09 16:06:29.574 27387 27410 D UE4     : Registering battery receiver
01-09 16:06:29.576 27387 27410 D UE4     : Registering headset receiver
01-09 16:06:29.578 27387 27387 D UE4     : Battery: status = 2, rawlevel = 96, scale = 100
01-09 16:06:29.578 27387 27410 D UE4     : startHeadsetReceiver: 0
01-09 16:06:29.578 27387 27387 D UE4     : nativeBatteryEvent(stat = 2, lvl = 96  temp = 30.70 C)
01-09 16:06:29.578 27387 27410 D UE4     : nativeHeadsetEvent(0)
01-09 16:06:29.579 27387 27387 D UE4     : headsetReceiver::onReceive
01-09 16:06:29.579 27387 27387 D UE4     : nativeHeadsetEvent(0)
01-09 16:06:29.587 27387 27507 D UE4     : [2019.01.09-21.06.29:587][  0]LogRHI: Using OpenGL program LRU cache: 0
01-09 16:06:29.634 27387 27489 D UE4     : *** JavaEnvDestructor: 27489
01-09 16:06:29.673  3757  3771 D AudioService: getStreamVolume 3 index 120
01-09 16:06:29.836 23288 23402 D ClClient: Not sending keepalive.  Current connection state=STOPPED
01-09 16:06:29.876  3757  5062 D AudioService: getStreamVolume 3 index 120
01-09 16:06:29.892 27387 27512 D UE4     : [2019.01.09-21.06.29:891][  0]LogTcpMessaging: Started Connection to '127.0.0.1:44345'
01-09 16:06:29.893 27387 27512 D UE4     : [2019.01.09-21.06.29:893][  0]LogTcpMessaging: Discovered node '620F40E7420278925C71AF9792800C13' on connection '127.0.0.1:44345'...
01-09 16:06:29.940 27387 27487 D UE4     : *** JavaEnvDestructor: 27487
01-09 16:06:29.941 27387 27488 D UE4     : *** JavaEnvDestructor: 27488
01-09 16:06:29.942 27387 27486 D UE4     : *** JavaEnvDestructor: 27486
01-09 16:06:30.044 27387 27410 D UE4     : [2019.01.09-21.06.30:044][  0]LogUdpMessaging: Initializing bridge on interface 0.0.0.0:0 to multicast group 230.0.0.1:6666.
01-09 16:06:30.079  3757  7201 D AudioService: getStreamVolume 3 index 120
01-09 16:06:30.099 21433 21443 W art     : Suspending all threads took: 7.883ms
01-09 16:06:30.563  3757  4440 D AudioService: getStreamVolume 3 index 120
01-09 16:06:30.768  3757  5063 D AudioService: getStreamVolume 3 index 120
01-09 16:06:30.868 27387 27485 D UE4     : *** JavaEnvDestructor: 27485
01-09 16:06:30.892 27387 27484 D UE4     : *** JavaEnvDestructor: 27484
01-09 16:06:30.969  3757  5902 D AudioService: getStreamVolume 3 index 120
01-09 16:06:31.036  5689  5689 D io_stats: !@   8,0 r 1293443 39937704 w 1148078 26471612 d 182655 14489864 f 322876 322783 iot 1935540 1053528 th 61440 61440 46984 pt 8330 inp 0 0 103858.228
01-09 16:06:31.120  3757  9599 D GameManagerService: identifyGamePackage. com.GeekTechnique.InfinityStack
01-09 16:06:31.172  3757  6272 D AudioService: getStreamVolume 3 index 120
01-09 16:06:31.358  4616  4823 D NetworkController.MobileSignalController(0/1): onSignalStrengthsChanged signalStrength=SignalStrength: 99 99 -120 -160 -120 -1 -1 17 -108 -12 20 2147483647 2147483647 0x3000 gsm|lte level=3
01-09 16:06:31.359  4616  4823 D NetworkController.MobileSignalController(0/1): getMobileIconGroup(): 13
01-09 16:06:31.359  4616  4823 D NetworkController.MobileSignalController(0/1): updateVZWMobileIconGroup(): 13
01-09 16:06:31.372  5035  5670 D EPDG -- [SMARTWIFI]: onSignalStrengthsChanged: Received signal strength change, phone type is: 2
01-09 16:06:31.373  5035  6446 D EPDG -- [SMARTWIFI]: lastLteRSRP is -105currentLteRSRP is -108
01-09 16:06:31.373  5035  6446 D EPDG -- [SMARTWIFI]: lastLteRSRQ is -12currentLteRSRQ is -12
01-09 16:06:31.373  5035  6446 D EPDG -- [SMARTWIFI]: lastCdmaDb is -16currentCdmaDb is -16
01-09 16:06:31.373  5035  6446 V EPDG -- [SMARTWIFI]: Radio oldest entry removed
01-09 16:06:31.373  5035  6446 V EPDG -- [SMARTWIFI]: New entry : (SignalStrength: 99 99 -120 -160 -120 -1 -1 17 -108 -12 20 2147483647 2147483647 0x3000 gsm|lte : 0 )
01-09 16:06:31.373  5035  6446 V EPDG -- [SMARTWIFI]: Radio entry added
01-09 16:06:31.376  4616  4823 D NetworkController.MobileSignalController(0/1): callState:0, callStateByPhone:false voLTECall:false voiceNetTpe:13 dataNetType:13, ine911:false, emergencyCallbackMode:false
01-09 16:06:31.377  3757  5901 D AudioService: getStreamVolume 3 index 120
01-09 16:06:31.553 27387 27512 D UE4     : [2019.01.09-21.06.31:553][  0]LogTcpMessaging: Lost node '620F40E7420278925C71AF9792800C13' on connection '127.0.0.1:44345'...
01-09 16:06:31.554 27387 27512 D UE4     : *** JavaEnvDestructor: 27512
01-09 16:06:31.582  3757 10496 D AudioService: getStreamVolume 3 index 120
01-09 16:06:31.656 27387 27410 D UE4     : [2019.01.09-21.06.31:655][  0]LogTcpMessaging: Initializing TcpMessaging bridge, listening on 127.0.0.1:6666
01-09 16:06:31.664 27387 27410 D UE4     : [2019.01.09-21.06.31:664][  0]LogAndroid: Display: Low Power Mode Changed: 0
01-09 16:06:31.664 27387 27410 D UE4     : Execution has been resumed!
01-09 16:06:31.665 27387 27410 D UE4     : [2019.01.09-21.06.31:665][  0]LogAndroidEvents: Display: DequeueAppEvent : 6, 0
01-09 16:06:31.757 27387 27516 D UE4     : *** JavaEnvDestructor: 27516
01-09 16:06:31.790  3757  4473 D AudioService: getStreamVolume 3 index 120
01-09 16:06:31.874  3757  4966 E Watchdog: !@Sync 3460 [09_Jan_16_06_31.872]
01-09 16:06:31.993  3757  7203 D AudioService: getStreamVolume 3 index 120
01-09 16:06:32.057 27387 27514 D UE4     : *** JavaEnvDestructor: 27514
01-09 16:06:32.060 27387 27515 D UE4     : *** JavaEnvDestructor: 27515
01-09 16:06:32.063 27387 27513 D UE4     : *** JavaEnvDestructor: 27513
01-09 16:06:32.196  3757 32083 D AudioService: getStreamVolume 3 index 120
01-09 16:06:32.407  3757  7202 D AudioService: getStreamVolume 3 index 120
01-09 16:06:32.413  3757  9599 D GameManagerService: identifyGamePackage. com.GeekTechnique.InfinityStack
01-09 16:06:32.524  4616  4823 D NetworkController.MobileSignalController(0/1): onSignalStrengthsChanged signalStrength=SignalStrength: 99 99 -120 -160 -120 -1 -1 19 -105 -12 46 2147483647 2147483647 0x3000 gsm|lte level=3
01-09 16:06:32.534  4616  4823 D NetworkController.MobileSignalController(0/1): getMobileIconGroup(): 13
01-09 16:06:32.535  4616  4823 D NetworkController.MobileSignalController(0/1): updateVZWMobileIconGroup(): 13
01-09 16:06:32.538  5035  5670 D EPDG -- [SMARTWIFI]: onSignalStrengthsChanged: Received signal strength change, phone type is: 2
01-09 16:06:32.539  5035  6446 D EPDG -- [SMARTWIFI]: lastLteRSRP is -108currentLteRSRP is -105
01-09 16:06:32.539  5035  6446 D EPDG -- [SMARTWIFI]: lastLteRSRQ is -12currentLteRSRQ is -12
01-09 16:06:32.539  5035  6446 D EPDG -- [SMARTWIFI]: lastCdmaDb is -16currentCdmaDb is -16
01-09 16:06:32.539  5035  6446 V EPDG -- [SMARTWIFI]: Radio oldest entry removed
01-09 16:06:32.539  5035  6446 V EPDG -- [SMARTWIFI]: New entry : (SignalStrength: 99 99 -120 -160 -120 -1 -1 19 -105 -12 46 2147483647 2147483647 0x3000 gsm|lte : 0 )
01-09 16:06:32.539  5035  6446 V EPDG -- [SMARTWIFI]: Radio entry added
01-09 16:06:32.544  4616  4823 D NetworkController.MobileSignalController(0/1): callState:0, callStateByPhone:false voLTECall:false voiceNetTpe:13 dataNetType:13, ine911:false, emergencyCallbackMode:false
01-09 16:06:32.613  3757 10512 D AudioService: getStreamVolume 3 index 120
01-09 16:06:32.661 27387 27528 D UE4     : *** JavaEnvDestructor: 27528
01-09 16:06:32.666 27387 27529 D UE4     : *** JavaEnvDestructor: 27529
01-09 16:06:32.770 27387 27410 D UE4     : Unregistering volume receiver
01-09 16:06:32.775 27387 27410 D UE4     : Unregistering battery receiver
01-09 16:06:32.780 27387 27410 D UE4     : Unregistering headset receiver
01-09 16:06:32.790 27387 27508 D UE4     : *** JavaEnvDestructor: 27508
01-09 16:06:32.795 27387 27507 D UE4     : AndroidEGL::ResetDisplay()
01-09 16:06:32.803 27387 27507 D UE4     : *** JavaEnvDestructor: 27507
01-09 16:06:32.805 27387 27410 D UE4     : [2019.01.09-21.06.32:805][  0]LogTemp: Android pause audio
01-09 16:06:32.819  3757  6272 D AudioService: getStreamVolume 3 index 120
01-09 16:06:32.828 27387 27410 D UE4     : Execution has been paused...
01-09 16:06:32.828 27387 27410 D UE4     : [2019.01.09-21.06.32:828][  0]LogAndroidEvents: Display: DequeueAppEvent : 12, 0
01-09 16:06:32.829 27387 27410 D UE4     : [2019.01.09-21.06.32:829][  0]LogAndroidEvents: Display: DequeueAppEvent : 8, 0
01-09 16:06:33.026  3757  5901 D AudioService: getStreamVolume 3 index 120
01-09 16:06:33.231  3757 29838 D AudioService: getStreamVolume 3 index 120
01-09 16:06:33.433  3757 31270 D AudioService: getStreamVolume 3 index 120
01-09 16:06:33.637  3757  2859 D AudioService: getStreamVolume 3 index 120
01-09 16:06:33.724  3757  4469 D BatteryService: !@BatteryListener : batteryPropertiesChanged!
01-09 16:06:33.726  3757  4469 D BatteryService: level:96, scale:100, status:2, health:2, present:true, voltage: 4283, temperature: 307, technology: Li-ion, AC powered:false, USB powered:true, POGO powered:false, Wireless powered:false, icon:17303694, invalid charger:0, maxChargingCurrent:0, maxChargingVoltage:0, chargeCounter:0
01-09 16:06:33.726  3757  4469 D BatteryService: online:6, current avg:720, charge type:1, power sharing:false, high voltage charger:false, capacity:280000, batterySWSelfDischarging:false, misc_event:0, current_now:699
01-09 16:06:33.726  3757  4469 D BatteryService: stay LED for charging
01-09 16:06:33.726  3757  3757 D BatteryService: Sending ACTION_BATTERY_CHANGED.
01-09 16:06:33.742  3757  3757 V UiModeManager: updateLocked: null action, mDockState=0, category=null
01-09 16:06:33.742  3757  3757 D UiModeManager: updateConfigurationLocked: mDockState=0; mCarMode=false; mNightMode=1; uiMode=17
01-09 16:06:33.745  3757  3757 D GameManagerService: new battery level: 96
01-09 16:06:33.759  4616  4616 D KeyguardUpdateMonitor: received broadcast android.intent.action.BATTERY_CHANGED
01-09 16:06:33.760  4616  4616 D KeyguardUpdateMonitor: handleBatteryUpdate
01-09 16:06:33.778  4616  4616 D PowerUI : priorPlugType = 2 mPlugType =  2
01-09 16:06:33.782  4616  4616 D PowerUI.Notification: showChargingNotice oldChargingType : 1 currentChargingType : 1 oldChargingTime : 826000 mChargingTime : 856000
01-09 16:06:33.783  4616  4616 D PowerUI.Notification: showChargingNotification()
01-09 16:06:33.820  5024  5024 D PhoneApp: PhoneAppBroadcastReceiver onReceive android.intent.action.BATTERY_CHANGED
01-09 16:06:33.821  5024  5024 D TelephonyExtensionManager: lowBatterySound - isLowBatterySoundScheduled: false
01-09 16:06:33.821  5024  5024 D TelephonyExtensionManager: lowBatterySound - isPlayNow: false
01-09 16:06:33.823  5024  5024 D TelephonyExtensionManager: isSpeakerON - true
01-09 16:06:33.912  5024  5024 D TelephonyExtensionManager: lowBatterySound - batteryStatus: 2
01-09 16:06:33.912  5024  5024 D TelephonyExtensionManager: lowBatterySound - batteryLevel: 96
01-09 16:06:33.912  5024  5024 D TelephonyExtensionManager: lowBatterySound - cancel
01-09 16:06:33.913  3757 32084 D SamsungAlarmManager: Cancel Alarm calling from uid:1001 pid :5024 / op:PendingIntent{1696243: PendingIntentRecord{7032f18 com.android.phone broadcastIntent}}
01-09 16:06:33.915  5024  5024 D TelephonyExtension: Not stopping low battery tone
01-09 16:06:33.918  3757  5902 D AudioService: getStreamVolume 3 index 120
01-09 16:06:33.921  3757 10512 D ApplicationPolicy: isStatusBarNotificationAllowedAsUser: packageName = com.android.systemui,userId = -1
01-09 16:06:33.930  4616  4616 D BatteryMeterDrawable: isSomethingChanged - false
01-09 16:06:33.932  4616  4616 D BatteryMeterDrawable: isSomethingChanged - false
01-09 16:06:33.943  4616  4616 D Tile.FlashlightTile: ACTION_BATTERY_CHANGED - Level :: 96, emEnabled :: false
01-09 16:06:34.010  4616  4616 D KeyguardServiceBoxContainer: updateCMAS() hasCmasNotification = false, mHasCMAS = false
01-09 16:06:34.126  3757 32083 D AudioService: getStreamVolume 3 index 120
01-09 16:06:34.333  3757  4440 D AudioService: getStreamVolume 3 index 120
01-09 16:06:34.561  3757  9599 D SSRM:t  : SIOP:: AP = 370, PST = 361 (W:10), CP = 275, CUR = 218, LCD = 0
01-09 16:06:34.571  3757  9599 D ConnectivityService: filterNetworkStateForUid() uid: 1000 networkInfo: [type: WIFI[] - WIFI, state: CONNECTED/CONNECTED, reason: (unspecified), extra: "wilkinson2.4", failover: false, available: true, roaming: false, metered: false]
01-09 16:06:34.580  3757  2858 D AudioService: getStreamVolume 3 index 120
01-09 16:06:34.784  3757  5062 D AudioService: getStreamVolume 3 index 120
01-09 16:06:34.897 22026 22040 I Finsky  : [3384] com.google.android.finsky.bn.an.run(6): Stats for Executor: Db-frosting.db com.google.android.finsky.bn.ao@3533d11[Running, pool size = 0, active threads = 0, queued tasks = 0, completed tasks = 3]
01-09 16:06:34.991  3757  5063 D AudioService: getStreamVolume 3 index 120
01-09 16:06:35.197  3757  5902 D AudioService: getStreamVolume 3 index 120
01-09 16:06:35.404  3757 29839 D AudioService: getStreamVolume 3 index 120
01-09 16:06:35.612  3757  3770 D AudioService: getStreamVolume 3 index 120
01-09 16:06:35.816  3757  5901 D AudioService: getStreamVolume 3 index 120
01-09 16:06:35.859 27387 27413 D UE4     : Used memory: 173484
01-09 16:06:36.023  3757  4482 D AudioService: getStreamVolume 3 index 120
01-09 16:06:36.042  5689  5689 D io_stats: !@   8,0 r 1293443 39937704 w 1148105 26471992 d 182655 14489864 f 322905 322812 iot 1935610 1053540 th 61440 61440 46984 pt 8330 inp 0 0 103863.234
01-09 16:06:36.231  3757 29838 D AudioService: getStreamVolume 3 index 120
01-09 16:06:36.437  3757 10496 D AudioService: getStreamVolume 3 index 120
01-09 16:06:36.447  4616  4823 D NetworkController.MobileSignalController(0/1): onSignalStrengthsChanged signalStrength=SignalStrength: 99 99 -120 -160 -120 -1 -1 18 -107 -12 14 2147483647 2147483647 0x3000 gsm|lte level=3
01-09 16:06:36.447  4616  4823 D NetworkController.MobileSignalController(0/1): getMobileIconGroup(): 13
01-09 16:06:36.447  4616  4823 D NetworkController.MobileSignalController(0/1): updateVZWMobileIconGroup(): 13
01-09 16:06:36.454  5035  5670 D EPDG -- [SMARTWIFI]: onSignalStrengthsChanged: Received signal strength change, phone type is: 2
01-09 16:06:36.455  5035  6446 D EPDG -- [SMARTWIFI]: lastLteRSRP is -105currentLteRSRP is -107
01-09 16:06:36.455  5035  6446 D EPDG -- [SMARTWIFI]: lastLteRSRQ is -12currentLteRSRQ is -12
01-09 16:06:36.456  5035  6446 D EPDG -- [SMARTWIFI]: lastCdmaDb is -16currentCdmaDb is -16
01-09 16:06:36.456  5035  6446 V EPDG -- [SMARTWIFI]: Radio oldest entry removed
01-09 16:06:36.456  5035  6446 V EPDG -- [SMARTWIFI]: New entry : (SignalStrength: 99 99 -120 -160 -120 -1 -1 18 -107 -12 14 2147483647 2147483647 0x3000 gsm|lte : 0 )
01-09 16:06:36.456  5035  6446 V EPDG -- [SMARTWIFI]: Radio entry added
01-09 16:06:36.460  4616  4823 D NetworkController.MobileSignalController(0/1): callState:0, callStateByPhone:false voLTECall:false voiceNetTpe:13 dataNetType:13, ine911:false, emergencyCallbackMode:false
01-09 16:06:36.643  3757  7203 D AudioService: getStreamVolume 3 index 120
01-09 16:06:36.851  3757 32083 D AudioService: getStreamVolume 3 index 120
01-09 16:06:37.056  3757  4440 D AudioService: getStreamVolume 3 index 120
01-09 16:06:37.269  3757 32084 D AudioService: getStreamVolume 3 index 120
01-09 16:06:37.477  3757 10512 D AudioService: getStreamVolume 3 index 120
01-09 16:06:37.687  3757 29840 D AudioService: getStreamVolume 3 index 120
01-09 16:06:37.914  3757  6272 D AudioService: getStreamVolume 3 index 120
01-09 16:06:38.140  3757 29841 D AudioService: getStreamVolume 3 index 120
01-09 16:06:38.371  3757 29838 D AudioService: getStreamVolume 3 index 120
01-09 16:06:38.577  3757 10496 D AudioService: getStreamVolume 3 index 120
01-09 16:06:38.787  3757 31270 D AudioService: getStreamVolume 3 index 120
01-09 16:06:39.002  3757  2859 D AudioService: getStreamVolume 3 index 120
01-09 16:06:39.209  3757 32085 D AudioService: getStreamVolume 3 index 120
01-09 16:06:39.421  3757  3771 D AudioService: getStreamVolume 3 index 120
01-09 16:06:39.625  3757  7202 D AudioService: getStreamVolume 3 index 120
01-09 16:06:39.832  3757  7216 D AudioService: getStreamVolume 3 index 120
01-09 16:06:39.837 23288 23402 D ClClient: Not sending keepalive.  Current connection state=STOPPED
01-09 16:06:40.039  3757  7204 D AudioService: getStreamVolume 3 index 120
01-09 16:06:40.246  3757  5062 D AudioService: getStreamVolume 3 index 120
01-09 16:06:40.304  4616  4823 D NetworkController.MobileSignalController(0/1): onSignalStrengthsChanged signalStrength=SignalStrength: 99 99 -120 -160 -120 -1 -1 18 -107 -12 26 2147483647 2147483647 0x2000 gsm|lte level=2
01-09 16:06:40.308  4616  4823 D NetworkController.MobileSignalController(0/1): getMobileIconGroup(): 13
01-09 16:06:40.308  4616  4823 D NetworkController.MobileSignalController(0/1): updateVZWMobileIconGroup(): 13
01-09 16:06:40.317  5035  5670 D EPDG -- [SMARTWIFI]: onSignalStrengthsChanged: Received signal strength change, phone type is: 2
01-09 16:06:40.318  5035  6446 D EPDG -- [SMARTWIFI]: lastLteRSRP is -107currentLteRSRP is -107
01-09 16:06:40.318  5035  6446 D EPDG -- [SMARTWIFI]: lastLteRSRQ is -12currentLteRSRQ is -12
01-09 16:06:40.318  5035  6446 D EPDG -- [SMARTWIFI]: lastCdmaDb is -16currentCdmaDb is -16
01-09 16:06:40.318  5035  6446 V EPDG -- [SMARTWIFI]: Radio oldest entry removed
01-09 16:06:40.318  5035  6446 V EPDG -- [SMARTWIFI]: New entry : (SignalStrength: 99 99 -120 -160 -120 -1 -1 18 -107 -12 26 2147483647 2147483647 0x2000 gsm|lte : 0 )
01-09 16:06:40.319  5035  6446 V EPDG -- [SMARTWIFI]: Radio entry added
01-09 16:06:40.322  4616  4823 D NetworkController.MobileSignalController(0/1): callState:0, callStateByPhone:false voLTECall:false voiceNetTpe:13 dataNetType:13, ine911:false, emergencyCallbackMode:false
01-09 16:06:40.454  3757  3770 D AudioService: getStreamVolume 3 index 120
01-09 16:06:40.663  3757  5901 D AudioService: getStreamVolume 3 index 120
01-09 16:06:40.869  3757 31269 D AudioService: getStreamVolume 3 index 120
01-09 16:06:41.046  5689  5689 D io_stats: !@   8,0 r 1293443 39937704 w 1148106 26472048 d 182656 14490000 f 322929 322836 iot 1935670 1053546 th 61440 61440 46984 pt 8330 inp 0 1 103868.240
01-09 16:06:41.071  3757  7206 D AudioService: getStreamVolume 3 index 120
01-09 16:06:41.279  3757 29842 D AudioService: getStreamVolume 3 index 120
01-09 16:06:41.489  5035  5670 D EPDG -- [SMARTWIFI]: onSignalStrengthsChanged: Received signal strength change, phone type is: 2
01-09 16:06:41.489  5035  6446 D EPDG -- [SMARTWIFI]: lastLteRSRP is -107currentLteRSRP is -107
01-09 16:06:41.489  5035  6446 D EPDG -- [SMARTWIFI]: lastLteRSRQ is -12currentLteRSRQ is -13
01-09 16:06:41.489  5035  6446 D EPDG -- [SMARTWIFI]: lastCdmaDb is -16currentCdmaDb is -16
01-09 16:06:41.489  5035  6446 V EPDG -- [SMARTWIFI]: Radio oldest entry removed
01-09 16:06:41.489  5035  6446 V EPDG -- [SMARTWIFI]: New entry : (SignalStrength: 99 99 -120 -160 -120 -1 -1 18 -107 -13 12 2147483647 2147483647 0x2000 gsm|lte : 0 )
01-09 16:06:41.489  5035  6446 V EPDG -- [SMARTWIFI]: Radio entry added
01-09 16:06:41.494  3757 31270 D AudioService: getStreamVolume 3 index 120
01-09 16:06:41.498  4616  4823 D NetworkController.MobileSignalController(0/1): onSignalStrengthsChanged signalStrength=SignalStrength: 99 99 -120 -160 -120 -1 -1 18 -107 -13 12 2147483647 2147483647 0x2000 gsm|lte level=2
01-09 16:06:41.498  4616  4823 D NetworkController.MobileSignalController(0/1): getMobileIconGroup(): 13
01-09 16:06:41.499  4616  4823 D NetworkController.MobileSignalController(0/1): updateVZWMobileIconGroup(): 13
01-09 16:06:41.508  4616  4823 D NetworkController.MobileSignalController(0/1): callState:0, callStateByPhone:false voLTECall:false voiceNetTpe:13 dataNetType:13, ine911:false, emergencyCallbackMode:false
01-09 16:06:41.701  3757  3771 D AudioService: getStreamVolume 3 index 120
01-09 16:06:41.908  3757  7202 D AudioService: getStreamVolume 3 index 120
01-09 16:06:42.111  3757  7216 D AudioService: getStreamVolume 3 index 120
01-09 16:06:42.318  3757  7204 D AudioService: getStreamVolume 3 index 120
01-09 16:06:42.509 22026 22040 I Finsky  : [3384] com.google.android.finsky.bn.an.run(6): Stats for Executor: Db-scheduler_logging_store.db com.google.android.finsky.bn.ao@3325e76[Running, pool size = 1, active threads = 0, queued tasks = 0, completed tasks = 4]
01-09 16:06:42.523  3757  5062 D AudioService: getStreamVolume 3 index 120
01-09 16:06:42.741  3757 32084 D AudioService: getStreamVolume 3 index 120
01-09 16:06:42.969  3757 10512 D AudioService: getStreamVolume 3 index 120
01-09 16:06:43.176  3757 29840 D AudioService: getStreamVolume 3 index 120
01-09 16:06:43.379  3757 29841 D AudioService: getStreamVolume 3 index 120
01-09 16:06:43.585  3757  4482 D AudioService: getStreamVolume 3 index 120
01-09 16:06:43.790  3757 29842 D BatteryService: !@BatteryListener : batteryPropertiesChanged!
01-09 16:06:43.791  3757 29838 D AudioService: getStreamVolume 3 index 120
01-09 16:06:43.793  3757 29842 D BatteryService: level:96, scale:100, status:2, health:2, present:true, voltage: 4288, temperature: 306, technology: Li-ion, AC powered:false, USB powered:true, POGO powered:false, Wireless powered:false, icon:17303694, invalid charger:0, maxChargingCurrent:0, maxChargingVoltage:0, chargeCounter:0
01-09 16:06:43.793  3757 29842 D BatteryService: online:6, current avg:706, charge type:1, power sharing:false, high voltage charger:false, capacity:280000, batterySWSelfDischarging:false, misc_event:0, current_now:732
01-09 16:06:43.793  3757 29842 D BatteryService: stay LED for charging
01-09 16:06:43.793  3757  3757 D BatteryService: Sending ACTION_BATTERY_CHANGED.
01-09 16:06:43.802  3757  3757 V UiModeManager: updateLocked: null action, mDockState=0, category=null
01-09 16:06:43.802  3757  3757 D UiModeManager: updateConfigurationLocked: mDockState=0; mCarMode=false; mNightMode=1; uiMode=17
01-09 16:06:43.803  3757  3757 D GameManagerService: new battery level: 96
01-09 16:06:43.806  4616  4616 D KeyguardUpdateMonitor: received broadcast android.intent.action.BATTERY_CHANGED
01-09 16:06:43.806  4616  4616 D KeyguardUpdateMonitor: handleBatteryUpdate
01-09 16:06:43.809  4616  4616 D PowerUI : priorPlugType = 2 mPlugType =  2
01-09 16:06:43.812  4616  4616 D PowerUI.Notification: showChargingNotice oldChargingType : 1 currentChargingType : 1 oldChargingTime : 856000 mChargingTime : 856000
01-09 16:06:43.812  4616  4616 D PowerUI.Notification: There is no change about charging status, so return!
01-09 16:06:43.814  4616  4616 D BatteryMeterDrawable: isSomethingChanged - false
01-09 16:06:43.814  4616  4616 D BatteryMeterDrawable: isSomethingChanged - false
01-09 16:06:43.818  5024  5024 D PhoneApp: PhoneAppBroadcastReceiver onReceive android.intent.action.BATTERY_CHANGED
01-09 16:06:43.818  5024  5024 D TelephonyExtensionManager: lowBatterySound - isLowBatterySoundScheduled: false
01-09 16:06:43.818  5024  5024 D TelephonyExtensionManager: lowBatterySound - isPlayNow: false
01-09 16:06:43.819  4616  4616 D Tile.FlashlightTile: ACTION_BATTERY_CHANGED - Level :: 96, emEnabled :: false
01-09 16:06:43.819  5024  5024 D TelephonyExtensionManager: isSpeakerON - true
01-09 16:06:43.831  5024  5024 D TelephonyExtensionManager: lowBatterySound - batteryStatus: 2
01-09 16:06:43.831  5024  5024 D TelephonyExtensionManager: lowBatterySound - batteryLevel: 96
01-09 16:06:43.831  5024  5024 D TelephonyExtensionManager: lowBatterySound - cancel
01-09 16:06:43.832  3757  4440 D SamsungAlarmManager: Cancel Alarm calling from uid:1001 pid :5024 / op:PendingIntent{8a170c0: PendingIntentRecord{7032f18 com.android.phone broadcastIntent}}
01-09 16:06:43.833  5024  5024 D TelephonyExtension: Not stopping low battery tone
01-09 16:06:43.994  3757  2858 D AudioService: getStreamVolume 3 index 120
01-09 16:06:44.209  3757  7201 D AudioService: getStreamVolume 3 index 120
01-09 16:06:44.415  3757  5063 D AudioService: getStreamVolume 3 index 120
01-09 16:06:44.590  3757  9599 D SSRM:t  : SIOP:: AP = 350, PST = 362 (W:10), CP = 275, CUR = 145, LCD = 0
01-09 16:06:44.592  3757  9599 D ConnectivityService: filterNetworkStateForUid() uid: 1000 networkInfo: [type: WIFI[] - WIFI, state: CONNECTED/CONNECTED, reason: (unspecified), extra: "wilkinson2.4", failover: false, available: true, roaming: false, metered: false]
01-09 16:06:44.618  3757  5902 D AudioService: getStreamVolume 3 index 120
01-09 16:06:44.820  3757 29839 D AudioService: getStreamVolume 3 index 120
01-09 16:06:45.028  3757  3770 D AudioService: getStreamVolume 3 index 120
01-09 16:06:45.234  3757  5901 D AudioService: getStreamVolume 3 index 120
01-09 16:06:45.441  3757 31269 D AudioService: getStreamVolume 3 index 120
01-09 16:06:45.652  3757  7206 D AudioService: getStreamVolume 3 index 120
01-09 16:06:45.855  3757 10496 D AudioService: getStreamVolume 3 index 120
01-09 16:06:45.855 27387 27413 D UE4     : Used memory: 173484
01-09 16:06:46.052  5689  5689 D io_stats: !@   8,0 r 1293443 39937704 w 1148117 26472100 d 182656 14490000 f 322953 322860 iot 1935760 1053550 th 61440 61440 46984 pt 8330 inp 0 0 103873.244
01-09 16:06:46.061  3757 31270 D AudioService: getStreamVolume 3 index 120
01-09 16:06:46.270  3757  2859 D AudioService: getStreamVolume 3 index 120
01-09 16:06:46.478  3757  4469 D AudioService: getStreamVolume 3 index 120
01-09 16:06:46.684  3757  3771 D AudioService: getStreamVolume 3 index 120
01-09 16:06:46.694  4616  4823 D NetworkController.MobileSignalController(0/1): onSignalStrengthsChanged signalStrength=SignalStrength: 99 99 -120 -160 -120 -1 -1 19 -106 -13 28 2147483647 2147483647 0x2000 gsm|lte level=2
01-09 16:06:46.695  4616  4823 D NetworkController.MobileSignalController(0/1): getMobileIconGroup(): 13
01-09 16:06:46.696  4616  4823 D NetworkController.MobileSignalController(0/1): updateVZWMobileIconGroup(): 13
01-09 16:06:46.701  5035  5670 D EPDG -- [SMARTWIFI]: onSignalStrengthsChanged: Received signal strength change, phone type is: 2
01-09 16:06:46.701  5035  6446 D EPDG -- [SMARTWIFI]: lastLteRSRP is -107currentLteRSRP is -106
01-09 16:06:46.702  5035  6446 D EPDG -- [SMARTWIFI]: lastLteRSRQ is -13currentLteRSRQ is -13
01-09 16:06:46.702  5035  6446 D EPDG -- [SMARTWIFI]: lastCdmaDb is -16currentCdmaDb is -16
01-09 16:06:46.702  5035  6446 V EPDG -- [SMARTWIFI]: Radio oldest entry removed
01-09 16:06:46.702  5035  6446 V EPDG -- [SMARTWIFI]: New entry : (SignalStrength: 99 99 -120 -160 -120 -1 -1 19 -106 -13 28 2147483647 2147483647 0x2000 gsm|lte : 0 )
01-09 16:06:46.702  5035  6446 V EPDG -- [SMARTWIFI]: Radio entry added
01-09 16:06:46.707  4616  4823 D NetworkController.MobileSignalController(0/1): callState:0, callStateByPhone:false voLTECall:false voiceNetTpe:13 dataNetType:13, ine911:false, emergencyCallbackMode:false
01-09 16:06:46.894  3757  7201 D AudioService: getStreamVolume 3 index 120
01-09 16:06:47.086  3252  3742 E NetlinkEvent: NetlinkEvent::FindParam(): Parameter 'LABEL' not found
01-09 16:06:47.086  3252  3742 E NetlinkEvent: NetlinkEvent::FindParam(): Parameter 'UID' not found
01-09 16:06:47.090  5035 19353 D EPDG -- [NETMGMT]: Interface Data activity changed : label: 1 : active: false
01-09 16:06:47.098  3757  5063 D AudioService: getStreamVolume 3 index 120
01-09 16:06:47.303  3757  5902 D AudioService: getStreamVolume 3 index 120
01-09 16:06:47.507  3757 29839 D AudioService: getStreamVolume 3 index 120
01-09 16:06:47.713  3757  3770 D AudioService: getStreamVolume 3 index 120
01-09 16:06:47.920  3757  5901 D AudioService: getStreamVolume 3 index 120
01-09 16:06:48.128  3757 31269 D AudioService: getStreamVolume 3 index 120
01-09 16:06:48.332  3757 29838 D AudioService: getStreamVolume 3 index 120
01-09 16:06:48.539  3757  7205 D AudioService: getStreamVolume 3 index 120
01-09 16:06:48.750  3757  4473 D AudioService: getStreamVolume 3 index 120
01-09 16:06:48.961  3757 32085 D AudioService: getStreamVolume 3 index 120
01-09 16:06:49.172  3757  7203 D AudioService: getStreamVolume 3 index 120
01-09 16:06:49.253  4616  4823 D NetworkController.MobileSignalController(0/1): onSignalStrengthsChanged signalStrength=SignalStrength: 99 99 -120 -160 -120 -1 -1 19 -105 -12 36 2147483647 2147483647 0x3000 gsm|lte level=3
01-09 16:06:49.253  4616  4823 D NetworkController.MobileSignalController(0/1): getMobileIconGroup(): 13
01-09 16:06:49.254  4616  4823 D NetworkController.MobileSignalController(0/1): updateVZWMobileIconGroup(): 13
01-09 16:06:49.259  5035  5670 D EPDG -- [SMARTWIFI]: onSignalStrengthsChanged: Received signal strength change, phone type is: 2
01-09 16:06:49.259  5035  6446 D EPDG -- [SMARTWIFI]: lastLteRSRP is -106currentLteRSRP is -105
01-09 16:06:49.259  5035  6446 D EPDG -- [SMARTWIFI]: lastLteRSRQ is -13currentLteRSRQ is -12
01-09 16:06:49.259  5035  6446 D EPDG -- [SMARTWIFI]: lastCdmaDb is -16currentCdmaDb is -16
01-09 16:06:49.259  5035  6446 V EPDG -- [SMARTWIFI]: Radio oldest entry removed
01-09 16:06:49.259  5035  6446 V EPDG -- [SMARTWIFI]: New entry : (SignalStrength: 99 99 -120 -160 -120 -1 -1 19 -105 -12 36 2147483647 2147483647 0x3000 gsm|lte : 0 )
01-09 16:06:49.259  5035  6446 V EPDG -- [SMARTWIFI]: Radio entry added
01-09 16:06:49.262  4616  4823 D NetworkController.MobileSignalController(0/1): callState:0, callStateByPhone:false voLTECall:false voiceNetTpe:13 dataNetType:13, ine911:false, emergencyCallbackMode:false
01-09 16:06:49.385  3757  7204 D AudioService: getStreamVolume 3 index 120
01-09 16:06:49.589  3757  5062 D AudioService: getStreamVolume 3 index 120
01-09 16:06:49.795  3757 32084 D AudioService: getStreamVolume 3 index 120
01-09 16:06:49.837 23288 23402 D ClClient: Not sending keepalive.  Current connection state=STOPPED
01-09 16:06:50.005  3757 10512 D AudioService: getStreamVolume 3 index 120
01-09 16:06:50.212  3757 29840 D AudioService: getStreamVolume 3 index 120
01-09 16:06:50.420  3757  6272 D AudioService: getStreamVolume 3 index 120
01-09 16:06:50.628  3757 29841 D AudioService: getStreamVolume 3 index 120
01-09 16:06:50.830  3757  4482 D AudioService: getStreamVolume 3 index 120
01-09 16:06:51.037  3757 29842 D AudioService: getStreamVolume 3 index 120
01-09 16:06:51.059  5689  5689 D io_stats: !@   8,0 r 1293443 39937704 w 1148118 26472112 d 182656 14490000 f 322978 322885 iot 1935850 1053555 th 61440 61440 46984 pt 8330 inp 0 0 103878.251
01-09 16:06:51.112  3757  4354 D SamsungAlarmManager: Expired : 8
01-09 16:06:51.120  3757  4354 D SamsungAlarmManager: setInexact Intent (T:3/F:0/AC:false) 20190109T160948 - CU:1000/CP:3757
01-09 16:06:51.122  3757  4354 I SamsungAlarmManager: setLocked to kernel - T:3 / 20190109T160700, SetElapsed=268648815, nowELAPSED=268639937
01-09 16:06:51.244  3757 10496 D AudioService: getStreamVolume 3 index 120
01-09 16:06:51.452  3757 31270 D AudioService: getStreamVolume 3 index 120
01-09 16:06:51.655  3757  2859 D AudioService: getStreamVolume 3 index 120
01-09 16:06:51.823  4616  4823 D NetworkController.MobileSignalController(0/1): onSignalStrengthsChanged signalStrength=SignalStrength: 99 99 -120 -160 -120 -1 -1 19 -105 -12 52 2147483647 2147483647 0x3000 gsm|lte level=3
01-09 16:06:51.828  4616  4823 D NetworkController.MobileSignalController(0/1): getMobileIconGroup(): 13
01-09 16:06:51.828  4616  4823 D NetworkController.MobileSignalController(0/1): updateVZWMobileIconGroup(): 13
01-09 16:06:51.842  5035  5670 D EPDG -- [SMARTWIFI]: onSignalStrengthsChanged: Received signal strength change, phone type is: 2
01-09 16:06:51.843  5035  6446 D EPDG -- [SMARTWIFI]: lastLteRSRP is -105currentLteRSRP is -105
01-09 16:06:51.844  5035  6446 D EPDG -- [SMARTWIFI]: lastLteRSRQ is -12currentLteRSRQ is -12
01-09 16:06:51.844  5035  6446 D EPDG -- [SMARTWIFI]: lastCdmaDb is -16currentCdmaDb is -16
01-09 16:06:51.844  5035  6446 V EPDG -- [SMARTWIFI]: Radio oldest entry removed
01-09 16:06:51.844  5035  6446 V EPDG -- [SMARTWIFI]: New entry : (SignalStrength: 99 99 -120 -160 -120 -1 -1 19 -105 -12 52 2147483647 2147483647 0x3000 gsm|lte : 0 )
01-09 16:06:51.844  5035  6446 V EPDG -- [SMARTWIFI]: Radio entry added
01-09 16:06:51.847  4616  4823 D NetworkController.MobileSignalController(0/1): callState:0, callStateByPhone:false voLTECall:false voiceNetTpe:13 dataNetType:13, ine911:false, emergencyCallbackMode:false
01-09 16:06:51.858  3757  7202 D AudioService: getStreamVolume 3 index 120
01-09 16:06:52.061  3757  2858 D AudioService: getStreamVolume 3 index 120
01-09 16:06:52.267  3757  7201 D AudioService: getStreamVolume 3 index 120
01-09 16:06:52.473  3757  5063 D AudioService: getStreamVolume 3 index 120
01-09 16:06:52.698  3757  5902 D AudioService: getStreamVolume 3 index 120
01-09 16:06:52.907  3757 29839 D AudioService: getStreamVolume 3 index 120
01-09 16:06:53.114  3757  3770 D AudioService: getStreamVolume 3 index 120
01-09 16:06:53.318  3757 29841 D AudioService: getStreamVolume 3 index 120
01-09 16:06:53.521  3757  7206 D AudioService: getStreamVolume 3 index 120
01-09 16:06:53.726  3757 29838 D AudioService: getStreamVolume 3 index 120
01-09 16:06:53.840  3757 10496 D BatteryService: !@BatteryListener : batteryPropertiesChanged!
01-09 16:06:53.840  3757 10496 D BatteryService: level:96, scale:100, status:2, health:2, present:true, voltage: 4285, temperature: 306, technology: Li-ion, AC powered:false, USB powered:true, POGO powered:false, Wireless powered:false, icon:17303694, invalid charger:0, maxChargingCurrent:0, maxChargingVoltage:0, chargeCounter:0
01-09 16:06:53.841  3757 10496 D BatteryService: online:6, current avg:697, charge type:1, power sharing:false, high voltage charger:false, capacity:280000, batterySWSelfDischarging:false, misc_event:0, current_now:684
01-09 16:06:53.841  3757 10496 D BatteryService: stay LED for charging
01-09 16:06:53.841  3757  3757 D BatteryService: Sending ACTION_BATTERY_CHANGED.
01-09 16:06:53.850  3757  3757 V UiModeManager: updateLocked: null action, mDockState=0, category=null
01-09 16:06:53.850  3757  3757 D UiModeManager: updateConfigurationLocked: mDockState=0; mCarMode=false; mNightMode=1; uiMode=17
01-09 16:06:53.855  4616  4616 D KeyguardUpdateMonitor: received broadcast android.intent.action.BATTERY_CHANGED
01-09 16:06:53.857  4616  4616 D KeyguardUpdateMonitor: handleBatteryUpdate
01-09 16:06:53.859  3757  3757 D GameManagerService: new battery level: 96
01-09 16:06:53.862  4616  4616 D PowerUI : priorPlugType = 2 mPlugType =  2
01-09 16:06:53.864  4616  4616 D PowerUI.Notification: showChargingNotice oldChargingType : 1 currentChargingType : 1 oldChargingTime : 856000 mChargingTime : 796000
01-09 16:06:53.864  4616  4616 D PowerUI.Notification: showChargingNotification()
01-09 16:06:53.875  5024  5024 D PhoneApp: PhoneAppBroadcastReceiver onReceive android.intent.action.BATTERY_CHANGED
01-09 16:06:53.875  5024  5024 D TelephonyExtensionManager: lowBatterySound - isLowBatterySoundScheduled: false
01-09 16:06:53.875  5024  5024 D TelephonyExtensionManager: lowBatterySound - isPlayNow: false
01-09 16:06:53.876  5024  5024 D TelephonyExtensionManager: isSpeakerON - true
01-09 16:06:53.886  5024  5024 D TelephonyExtensionManager: lowBatterySound - batteryStatus: 2
01-09 16:06:53.887  5024  5024 D TelephonyExtensionManager: lowBatterySound - batteryLevel: 96
01-09 16:06:53.887  5024  5024 D TelephonyExtensionManager: lowBatterySound - cancel
01-09 16:06:53.887  3757  4440 D SamsungAlarmManager: Cancel Alarm calling from uid:1001 pid :5024 / op:PendingIntent{197b1f9: PendingIntentRecord{7032f18 com.android.phone broadcastIntent}}
01-09 16:06:53.888  5024  5024 D TelephonyExtension: Not stopping low battery tone
01-09 16:06:53.888  3757 32083 D ApplicationPolicy: isStatusBarNotificationAllowedAsUser: packageName = com.android.systemui,userId = -1
01-09 16:06:53.890  4616  4616 D BatteryMeterDrawable: isSomethingChanged - false
01-09 16:06:53.890  4616  4616 D BatteryMeterDrawable: isSomethingChanged - false
01-09 16:06:53.894  4616  4616 D Tile.FlashlightTile: ACTION_BATTERY_CHANGED - Level :: 96, emEnabled :: false
01-09 16:06:53.930  3757  5901 D AudioService: getStreamVolume 3 index 120
01-09 16:06:53.949  4616  4616 D KeyguardServiceBoxContainer: updateCMAS() hasCmasNotification = false, mHasCMAS = false
01-09 16:06:54.041  3252  3742 E NetlinkEvent: NetlinkEvent::FindParam(): Parameter 'LABEL' not found
01-09 16:06:54.041  3252  3742 E NetlinkEvent: NetlinkEvent::FindParam(): Parameter 'UID' not found
01-09 16:06:54.043  5035  5048 D EPDG -- [NETMGMT]: Interface Data activity changed : label: 1 : active: true
01-09 16:06:54.133  3757 31270 D AudioService: getStreamVolume 3 index 120
01-09 16:06:54.336  3757  2859 D AudioService: getStreamVolume 3 index 120
01-09 16:06:54.433  3227  3261 D Sensorhubs: readLargeContextData: 1, 1, 26, 4, 4, 117, -124, -31, 1, 1, 1, 18, 79, -81
01-09 16:06:54.437  3757  4361 D SensorHubManager: onGetSensorHubDataLocked: library(14) = 1, 1, 26, 4, 4, 117, -124, -31, 1, 1, 1, 18, 79, -81
01-09 16:06:54.442  3757  4360 I CAE     : sendCmdToSensorHub(SensorHubCommManager.java:162) - -63, 14, 21, 6, 54,
01-09 16:06:54.442  3757  4360 D SensorHubManager: SendSensorHubData: send data = -63, 14, 21, 6, 54
01-09 16:06:54.446  3227 28468 D Sensorhubs: sendContextData: -63, 14, 21, 6, 54
01-09 16:06:54.457  3757  4360 D CAE     : onGetSensorHubData(SensorHubParserProvider.java:94) - onGetSensorHubData Event [event buffer len :14], AP_SLEEP
01-09 16:06:54.458  3757  4360 I CAE     : parse(SensorHubParserProvider.java:196) - buffer size = 14
01-09 16:06:54.459  3757  4360 I CAE     : parse(SensorHubParserProvider.java:207) - 1, 1, 26, 4, 4, 117, -124, -31, 1, 1, 1, 18, 79, -81,
01-09 16:06:54.462  3757  4360 W CAE     : parse(ActivityTrackerBatchRunner.java:236) - parse start
01-09 16:06:54.465  3757  4360 I CAE     : getMostActivity(ActivityTrackerBatchRunner.java:321) - size:0
01-09 16:06:54.467  3757  4360 D CAE     : display(ContextProvider.java:375) - ================= ACTIVITY_TRACKER_BATCH =================
01-09 16:06:54.469  3757  4360 I CAE     : display(ContextProvider.java:391) - Accuracy=[1], Duration=[1200047], Count=[1], OperationMode=[2], ActivityType=[1], MostActivity=[1], TimeStamp=[1547066810593]
01-09 16:06:54.473  3757  4360 W CAE     : parse(ActivityTrackerBatchRunner.java:307) - parse end
01-09 16:06:54.474  3757  4364 D SemContextService: updateContext() : event = Activity Batch
01-09 16:06:54.483 11359 11359 D SemContextManager: onSemContextChanged() : event = Activity Batch
01-09 16:06:54.539  3757 32085 D AudioService: getStreamVolume 3 index 120
01-09 16:06:54.607  3757  9599 D SSRM:t  : SIOP:: AP = 340, PST = 362 (W:10), CP = 274, CUR = 119, LCD = 0
01-09 16:06:54.608  3757  9599 D ConnectivityService: filterNetworkStateForUid() uid: 1000 networkInfo: [type: WIFI[] - WIFI, state: CONNECTED/CONNECTED, reason: (unspecified), extra: "wilkinson2.4", failover: false, available: true, roaming: false, metered: false]
01-09 16:06:54.745  3757  3771 D AudioService: getStreamVolume 3 index 120
01-09 16:06:54.952  3757 32083 D AudioService: getStreamVolume 3 index 120
01-09 16:06:55.160  3757  2858 D AudioService: getStreamVolume 3 index 120
01-09 16:06:55.367  3757  7204 D AudioService: getStreamVolume 3 index 120
01-09 16:06:55.590  3757  7201 D AudioService: getStreamVolume 3 index 120
01-09 16:06:55.793  3757  5902 D AudioService: getStreamVolume 3 index 120
01-09 16:06:55.855 27387 27413 D UE4     : Used memory: 173496
01-09 16:06:56.002  3757 29839 D AudioService: getStreamVolume 3 index 120
01-09 16:06:56.063  5689  5689 D io_stats: !@   8,0 r 1293466 39937936 w 1148126 26472164 d 182656 14490000 f 323007 322914 iot 1935970 1053563 th 61440 61440 46984 pt 8330 inp 0 0 103883.256
01-09 16:06:56.213  3757  3770 D AudioService: getStreamVolume 3 index 120
01-09 16:06:56.425  3757 31269 D AudioService: getStreamVolume 3 index 120
01-09 16:06:56.632  3757 29841 D AudioService: getStreamVolume 3 index 120
01-09 16:06:56.840  3757  7206 D AudioService: getStreamVolume 3 index 120
01-09 16:06:56.945  4616  4823 D NetworkController.MobileSignalController(0/1): onSignalStrengthsChanged signalStrength=SignalStrength: 99 99 -120 -160 -120 -1 -1 19 -104 -12 40 2147483647 2147483647 0x3000 gsm|lte level=3
01-09 16:06:56.945  4616  4823 D NetworkController.MobileSignalController(0/1): getMobileIconGroup(): 13
01-09 16:06:56.957  5035  5670 D EPDG -- [SMARTWIFI]: onSignalStrengthsChanged: Received signal strength change, phone type is: 2
01-09 16:06:56.958  5035  6446 D EPDG -- [SMARTWIFI]: lastLteRSRP is -105currentLteRSRP is -104
01-09 16:06:56.958  5035  6446 D EPDG -- [SMARTWIFI]: lastLteRSRQ is -12currentLteRSRQ is -12
01-09 16:06:56.958  5035  6446 D EPDG -- [SMARTWIFI]: lastCdmaDb is -16currentCdmaDb is -16
01-09 16:06:56.958  5035  6446 V EPDG -- [SMARTWIFI]: Radio oldest entry removed
01-09 16:06:56.958  5035  6446 V EPDG -- [SMARTWIFI]: New entry : (SignalStrength: 99 99 -120 -160 -120 -1 -1 19 -104 -12 40 2147483647 2147483647 0x3000 gsm|lte : 0 )
01-09 16:06:56.958  5035  6446 V EPDG -- [SMARTWIFI]: Radio entry added
01-09 16:06:56.959  4616  4823 D NetworkController.MobileSignalController(0/1): updateVZWMobileIconGroup(): 13
01-09 16:06:56.970  4616  4823 D NetworkController.MobileSignalController(0/1): callState:0, callStateByPhone:false voLTECall:false voiceNetTpe:13 dataNetType:13, ine911:false, emergencyCallbackMode:false
01-09 16:06:57.043  3757  2859 D AudioService: getStreamVolume 3 index 120
01-09 16:06:57.254  3757 32085 D AudioService: getStreamVolume 3 index 120
01-09 16:06:57.462  3757  3771 D AudioService: getStreamVolume 3 index 120
01-09 16:06:57.681  3757 32083 D AudioService: getStreamVolume 3 index 120
01-09 16:06:57.889  3757  2858 D AudioService: getStreamVolume 3 index 120
01-09 16:06:58.101  3757  7204 D AudioService: getStreamVolume 3 index 120
01-09 16:06:58.319  3757 10512 D AudioService: getStreamVolume 3 index 120
01-09 16:06:58.530  3757 29840 D AudioService: getStreamVolume 3 index 120
01-09 16:06:58.740  3757  6272 D AudioService: getStreamVolume 3 index 120
01-09 16:06:58.950  3757  5901 D AudioService: getStreamVolume 3 index 120
01-09 16:06:59.158  3757  4482 D AudioService: getStreamVolume 3 index 120
01-09 16:06:59.365  3757 29842 D AudioService: getStreamVolume 3 index 120
01-09 16:06:59.498  4616  4823 D NetworkController.MobileSignalController(0/1): onSignalStrengthsChanged signalStrength=SignalStrength: 99 99 -120 -160 -120 -1 -1 18 -106 -12 50 2147483647 2147483647 0x3000 gsm|lte level=3
01-09 16:06:59.498  4616  4823 D NetworkController.MobileSignalController(0/1): getMobileIconGroup(): 13
