01-05 07:41:04.936  3215  3215 I SurfaceFlinger: id=1625 createSurf (1080x1920),4 flag=404, HameActivit
01-05 07:41:04.937  3215  3215 I SurfaceFlinger: id=1626 createSurf (1080x1920),-1 flag=20404, HameActivit
01-05 07:41:04.938 20559 20564 I art     : Compiler allocated 7MB to compile boolean com.epicgames.ue4.GameActivity.processSystemInfo(java.lang.String, java.lang.String)
01-05 07:41:04.945 20559 20559 D SurfaceView: Relayout returned: oldFrame=[0,0][0,0] newFrame=[0,0][1080,1920] result=0x7 surface={Surface(name=null)/@0x1c133dc isValid=true -1123786752}
01-05 07:41:04.946 20559 20559 V threaded_app: NativeWindowCreated: 0xd63d2b40 -- 0xbd046008
01-05 07:41:04.946 20559 20578 V threaded_app: APP_CMD_INIT_WINDOW
01-05 07:41:04.946 20559 20578 D UE4     : Case APP_CMD_INIT_WINDOW
01-05 07:41:04.947 20559 20578 D UE4     : LogAndroidEvents: EnqueueAppEvent : 0, 3171180552, tid = 20578
01-05 07:41:04.947  3755  6076 D WindowManager: finishDrawingWindow: Window{6cf1c6d0 u0 SurfaceView - com.GeekTechnique.InfinityStack/com.epicgames.ue4.GameActivity} mDrawState=DRAW_PENDING
01-05 07:41:04.947  3755  6005 D AudioService: getStreamVolume 3 index 80
01-05 07:41:04.953  3755  3791 V WindowManager: Now policy hidden: Window{6cf1c6d0 u0 SurfaceView - com.GeekTechnique.InfinityStack/com.epicgames.ue4.GameActivity}
01-05 07:41:04.959 20559 20559 V threaded_app: SaveInstanceState: 0xd63d2b40
01-05 07:41:04.959 20559 20578 D UE4     : LogAndroidEvents: EnqueueAppEvent : 12, 0, tid = 20578
01-05 07:41:04.959 20559 20578 V threaded_app: APP_CMD_SAVE_STATE
01-05 07:41:04.960 20559 20559 V threaded_app: Stop: 0xd63d2b40
01-05 07:41:04.961 20559 20578 V threaded_app: activityState=14
01-05 07:41:04.961 20559 20578 D UE4     : LogAndroidEvents: EnqueueAppEvent : 8, 0, tid = 20578
01-05 07:41:04.962 20559 20559 D UE4     : ==============> GameActive.onStop complete!
01-05 07:41:04.963 20559 20559 D PermissionFragment: permission granted for android.permission.WRITE_EXTERNAL_STORAGE
01-05 07:41:04.966 20559 20559 V threaded_app: Start: 0xd63d2b40
01-05 07:41:04.966 20559 20578 V threaded_app: activityState=10
01-05 07:41:04.966 20559 20578 D UE4     : LogAndroidEvents: EnqueueAppEvent : 9, 0, tid = 20578
01-05 07:41:04.966 20559 20559 D UE4     : Creating console command broadcast listener
01-05 07:41:04.969 20559 20559 D UE4     : ==================================> Inside onStart function in GameActivity
01-05 07:41:04.970 20559 20559 V threaded_app: Resume: 0xd63d2b40
01-05 07:41:04.970 20559 20578 V threaded_app: activityState=11
01-05 07:41:04.970 20559 20578 D UE4     : Case APP_CMD_RESUME
01-05 07:41:04.970 20559 20578 D UE4     : LogAndroidEvents: EnqueueAppEvent : 7, 0, tid = 20578
01-05 07:41:04.970 20559 20559 D UE4     : ==============> [JAVA] AndroidThunkJava_KeepScreenOn(false) - Enabled screen saver
01-05 07:41:04.971 20559 20559 D UE4     : Registering sensor listeners
01-05 07:41:04.979  3755  4461 D AudioService: getStreamVolume 3 index 80
01-05 07:41:04.988 20559 20559 D SensorManager: registerListener :: 0, K6DS3TR Acceleration Sensor, 20000, 0,  
01-05 07:41:04.989  3755  3768 I Sensors : Mag old sensor_state 1, new sensor_state : 17 en : 1
01-05 07:41:04.996 20559 20559 D SensorManager: registerListener :: 1, AK09911C Magnetic field Sensor, 20000, 0,  
01-05 07:41:04.997  3755  6008 I Sensors : Gyro old sensor_state 17, new sensor_state : 19 en : 1
01-05 07:41:05.005 20559 20559 D SensorManager: registerListener :: 3, K6DS3TR Gyroscope Sensor, 20000, 0,  
01-05 07:41:05.005 20559 20559 D UE4     : App is running in Portrait
01-05 07:41:05.005 20559 20559 D UE4     : ==============> Resuming main init
01-05 07:41:05.005 20559 20559 D UE4     : ==============> GameActive.onResume complete!
01-05 07:41:05.006  3755  7133 D ActivityManager: post active user change for 0 fullscreen true isHomeActivity() false
01-05 07:41:05.007  3755  7133 D KnoxTimeoutHandler: postActiveUserChange [MsgParam] userId: 0 fullscreen is true showWhenlocked is false isMutiwindowRecord is false multiwindowstyle is 0
01-05 07:41:05.007  3755  3755 D KnoxTimeoutHandler: handleActiveUserChange [MsgParam] userId: 0 fullscreen is true showWhenlocked is false isMutiwindowRecord is false multiwindowstyle is 0
01-05 07:41:05.007 20559 20559 V threaded_app: Pause: 0xd63d2b40
01-05 07:41:05.007 20559 20578 V threaded_app: activityState=13
01-05 07:41:05.007 20559 20578 D UE4     : Case APP_CMD_PAUSE
01-05 07:41:05.008 20559 20578 D UE4     : LogAndroidEvents: EnqueueAppEvent : 6, 0, tid = 20578
01-05 07:41:05.008 20559 20559 D UE4     : Unregistering sensor listeners
01-05 07:41:05.008  3755  3755 I KnoxTimeoutHandler: Shared devices show user statefalse
01-05 07:41:05.011  3755  4333 E Sensors : AccSensor : Meta event
01-05 07:41:05.016  3755  7135 I Sensors : Mag old sensor_state 19, new sensor_state : 3 en : 0
01-05 07:41:05.016  3755  4527 D MdnieScenarioControlService:  packageName : com.GeekTechnique.InfinityStack    className : com.epicgames.ue4.GameActivity
01-05 07:41:05.024  3755  5844 I Sensors : Gyro old sensor_state 3, new sensor_state : 1 en : 0
01-05 07:41:05.025  3755  7132 D AudioService: getStreamVolume 3 index 80
01-05 07:41:05.031 20559 20559 D SensorManager: unregisterListener ::   
01-05 07:41:05.032 20559 20559 D UE4     : ==============> GameActive.onPause complete!
01-05 07:41:05.033  3755  4478 D AudioService: getStreamVolume 3 index 80
01-05 07:41:05.034 20559 20559 V threaded_app: SaveInstanceState: 0xd63d2b40
01-05 07:41:05.034 20559 20578 D UE4     : LogAndroidEvents: EnqueueAppEvent : 12, 0, tid = 20578
01-05 07:41:05.034 20559 20578 V threaded_app: APP_CMD_SAVE_STATE
01-05 07:41:05.035 20559 20559 V threaded_app: Stop: 0xd63d2b40
01-05 07:41:05.035 20559 20578 V threaded_app: activityState=14
01-05 07:41:05.035 20559 20578 D UE4     : LogAndroidEvents: EnqueueAppEvent : 8, 0, tid = 20578
01-05 07:41:05.036 20559 20559 D UE4     : ==============> GameActive.onStop complete!
01-05 07:41:05.036 20559 20559 D ViewRootImpl@fe18aa[GameActivity]: MSG_RESIZED_REPORT: ci=Rect(0, 0 - 0, 0) vi=Rect(0, 63 - 0, 0) or=1
01-05 07:41:05.046  3755  5994 D AudioService: getStreamVolume 3 index 80
01-05 07:41:05.070  3755  6237 D AudioService: getStreamVolume 3 index 80
01-05 07:41:05.075  3755  6002 D AudioService: getStreamVolume 3 index 80
01-05 07:41:05.077  3755  6009 D AudioService: getStreamVolume 3 index 80
01-05 07:41:05.077  3755  6009 D WindowManager: finishDrawingWindow: Window{8090ea2d0 u0 com.GeekTechnique.InfinityStack/com.epicgames.ue4.GameActivity} mDrawState=DRAW_PENDING
01-05 07:41:05.083  3755  7133 D AudioService: getStreamVolume 3 index 80
01-05 07:41:05.084  3755  6283 V WindowManager: Relayout Window{7dfe9abd0 u0 com.GeekTechnique.InfinityStack/com.epicgames.ue4.GameActivity}: viewVisibility=0 req=1080x1920 WM.LayoutParams{(0,0)(fillxfill) sim=#110 ty=1 fl=#1810500 pfl=0x20000 fmt=1 wanim=0x1030001 vsysui=0x400 needsMenuKey=2 naviIconColor=0}
01-05 07:41:05.088  3755  5842 D AudioService: getStreamVolume 3 index 80
01-05 07:41:05.091  3755  5843 D AudioService: getStreamVolume 3 index 80
01-05 07:41:05.092 20559 20559 D ViewRootImpl@610e7f3[GameActivity]: Relayout returned: oldFrame=[0,0][1080,1920] newFrame=[0,0][1080,1920] result=0x3 surface={isValid=true -1123817472} surfaceGenerationChanged=false
01-05 07:41:05.094  3755  7135 V WindowManager: Relayout Window{6cf1c6d0 u0 SurfaceView - com.GeekTechnique.InfinityStack/com.epicgames.ue4.GameActivity}: viewVisibility=0 req=1080x1920 WM.LayoutParams{(0,0)(1080x1920) gr=#800033 ty=1001 fl=#4218 pfl=0x10040 fmt=4 naviIconColor=0}
01-05 07:41:05.100 20559 20559 D SurfaceView: Relayout returned: oldFrame=[0,0][1080,1920] newFrame=[0,0][1080,1920] result=0x3 surface={Surface(name=null)/@0x1c133dc isValid=true -1123784704}
01-05 07:41:05.103  3755  7132 D WindowManager: finishDrawingWindow: Window{6cf1c6d0 u0 SurfaceView - com.GeekTechnique.InfinityStack/com.epicgames.ue4.GameActivity} mDrawState=READY_TO_SHOW
01-05 07:41:05.107  3215  3284 I Layer   : [com.GeekTechnique.InfinityStack/com.epicgames.ue4.GameActivity] addSyncPoint start
01-05 07:41:05.108  3215  3284 I Layer   : [com.GeekTechnique.InfinityStack/com.epicgames.ue4.GameActivity] addSyncPoint end
01-05 07:41:05.108  3215  3284 I Layer   : [com.GeekTechnique.InfinityStack/com.epicgames.ue4.GameActivity] addSyncPoint start
01-05 07:41:05.108  3215  3284 I Layer   : [com.GeekTechnique.InfinityStack/com.epicgames.ue4.GameActivity] addSyncPoint end
01-05 07:41:05.108  3215  4393 I Layer   : [com.GeekTechnique.InfinityStack/com.epicgames.ue4.GameActivity] addSyncPoint start
01-05 07:41:05.109  3215  4393 I Layer   : [com.GeekTechnique.InfinityStack/com.epicgames.ue4.GameActivity] addSyncPoint end
01-05 07:41:05.109  3215  4393 I Layer   : [com.GeekTechnique.InfinityStack/com.epicgames.ue4.GameActivity] addSyncPoint start
01-05 07:41:05.109  3215  4393 I Layer   : [com.GeekTechnique.InfinityStack/com.epicgames.ue4.GameActivity] addSyncPoint end
01-05 07:41:05.117  3755  5993 D WindowManager: finishDrawingWindow: Window{7dfe9abd0 u0 com.GeekTechnique.InfinityStack/com.epicgames.ue4.GameActivity} mDrawState=DRAW_PENDING
01-05 07:41:05.118 20559 20559 D ViewRootImpl@610e7f3[GameActivity]: MSG_RESIZED_REPORT: ci=Rect(0, 0 - 0, 0) vi=Rect(0, 63 - 0, 0) or=1
01-05 07:41:05.122  3215  7617 I Layer   : [com.GeekTechnique.InfinityStack/com.epicgames.ue4.GameActivity] addSyncPoint start
01-05 07:41:05.122  3215  7617 I Layer   : [com.GeekTechnique.InfinityStack/com.epicgames.ue4.GameActivity] addSyncPoint end
01-05 07:41:05.122  3215  7617 I Layer   : [com.GeekTechnique.InfinityStack/com.epicgames.ue4.GameActivity] addSyncPoint start
01-05 07:41:05.122  3215  7617 I Layer   : [com.GeekTechnique.InfinityStack/com.epicgames.ue4.GameActivity] addSyncPoint end
01-05 07:41:05.127  3215  3284 I Layer   : [com.GeekTechnique.InfinityStack/com.epicgames.ue4.GameActivity] addSyncPoint start
01-05 07:41:05.127  3215  3284 I Layer   : [com.GeekTechnique.InfinityStack/com.epicgames.ue4.GameActivity] addSyncPoint end
01-05 07:41:05.127  3215  3284 I Layer   : [com.GeekTechnique.InfinityStack/com.epicgames.ue4.GameActivity] addSyncPoint start
01-05 07:41:05.127  3215  3284 I Layer   : [com.GeekTechnique.InfinityStack/com.epicgames.ue4.GameActivity] addSyncPoint end
01-05 07:41:05.132  3755  3791 D KnoxTimeoutHandler: notifyActivityDrawn [MsgParam] userId: 0 fullscreen is true showWhenlocked is false isMutiwindowRecord is false multiwindowstyle is 1
01-05 07:41:05.132  3755  3755 D KnoxTimeoutHandler: activityDrawn [MsgParam] userId: 0 fullscreen is true showWhenlocked is false isMutiwindowRecord is false multiwindowstyle is 1
01-05 07:41:05.132  3755  4478 I ActivityManager: Activity reported stop, but no longer stopping: ActivityRecord{f70c04ad0 u0 com.GeekTechnique.InfinityStack/com.epicgames.ue4.GameActivity t2721}
01-05 07:41:05.133  3755  3755 I KnoxTimeoutHandler: SD activityfalse
01-05 07:41:05.134  3755  3755 I KnoxTimeoutHandler: Fullscreen and mCurrent is not KNOX user. Hence hide keyguard
01-05 07:41:05.142  3755  6076 D WindowManager: finishDrawingWindow: Window{7dfe9abd0 u0 com.GeekTechnique.InfinityStack/com.epicgames.ue4.GameActivity} mDrawState=HAS_DRAWN
01-05 07:41:05.148  3755  7134 D AudioService: getStreamVolume 3 index 80
01-05 07:41:05.151 20559 20577 D UE4     : EGL Extensions: 
01-05 07:41:05.151 20559 20577 D UE4     : EGL_KHR_get_all_proc_addresses EGL_ANDROID_presentation_time EGL_KHR_swap_buffers_with_damage EGL_ANDROID_create_native_client_buffer EGL_ANDROID_front_buffer_auto_refresh EGL_KHR_image EGL_KHR_image_base EGL_KHR_gl_texture_2D_image EGL_KHR_gl_texture_cubemap_image EGL_KHR_gl_renderbuffer_image EGL_KHR_fence_sync EGL_KHR_create_context EGL_KHR_config_attribs EGL_KHR_surfaceless_context EGL_EXT_create_context_robustness EGL_ANDROID_image_native_buffer EGL_KHR_wait_sync EGL_ANDROID_recordable EGL_KHR_partial_update EGL_KHR_mutable_render_buffer EGL_EXT_protected_content 
01-05 07:41:05.155 20559 20577 D UE4     : FAndroidGPUInfo
01-05 07:41:05.155 20559 20577 D UE4     : AndroidEGL::InitSurface 1, 1
01-05 07:41:05.156 20559 20577 D mali_winsys: EGLint new_window_surface(egl_winsys_display*, void*, EGLSurface, EGLConfig, egl_winsys_surface**, egl_color_buffer_format*, EGLBoolean) returns 0x3000,  [8x8]-format:2
01-05 07:41:05.156 20559 20577 D UE4     : AndroidEGL::CreateEGLSurface() 0xdbb9a2a8
01-05 07:41:05.156 20559 20577 D UE4     : AndroidEGL::CreateEGLSurface(1), auxSurface = eglCreatePbufferSurface(), 8x8
01-05 07:41:05.159 20559 20577 D vulkan  : searching for layers in '/data/app/com.GeekTechnique.InfinityStack-1/lib/arm'
01-05 07:41:05.159 20559 20577 D vulkan  : searching for layers in '/data/app/com.GeekTechnique.InfinityStack-1/base.apk!/lib/armeabi-v7a'
01-05 07:41:05.159 20559 20577 D vulkan  : vulkan api version_1_0 1.0.0
01-05 07:41:05.159 20559 20577 D vulkan  : vulkan header version 13
01-05 07:41:05.182  3755 10408 D AudioService: getStreamVolume 3 index 80
01-05 07:41:05.186  3755  9479 D GamePkgDataHelper: getGamePkgData(). com.GeekTechnique.InfinityStack
01-05 07:41:05.187  3755  9479 D GameManagerService: identifyGamePackage. com.GeekTechnique.InfinityStack
01-05 07:41:05.191  3755  9479 D GameManagerService: identifyGamePackage. com.GeekTechnique.InfinityStack
01-05 07:41:05.193  3755  9479 D TelephonyManager: getAllCellInfo : Caller (PID / UID / TID): 3755 / 1000 / 9479
01-05 07:41:05.201  3755  9479 D GameManagerService: identifyGamePackage. com.GeekTechnique.InfinityStack
01-05 07:41:05.202  3755  9479 D GameManagerService: identifyGamePackage. com.GeekTechnique.InfinityStack
01-05 07:41:05.227  3755  4449 D AudioService: getStreamVolume 3 index 80
01-05 07:41:05.235  3755  5072 D AudioService: getStreamVolume 3 index 80
01-05 07:41:05.248  3755  6009 D AudioService: getStreamVolume 3 index 80
01-05 07:41:05.273  3755  3768 D AudioService: getStreamVolume 3 index 80
01-05 07:41:05.277  3755  3769 D AudioService: getStreamVolume 3 index 80
01-05 07:41:05.280  3755  6006 D AudioService: getStreamVolume 3 index 80
01-05 07:41:05.286  3755  6283 D AudioService: getStreamVolume 3 index 80
01-05 07:41:05.291  3755  7132 D AudioService: getStreamVolume 3 index 80
01-05 07:41:05.294  3755  4481 D AudioService: getStreamVolume 3 index 80
01-05 07:41:05.351  3755  5993 D AudioService: getStreamVolume 3 index 80
01-05 07:41:05.386  3755  6076 D AudioService: getStreamVolume 3 index 80
01-05 07:41:05.394 20559 20577 D UE4     : LogPluginManager: Mounting plugin Paper2D
01-05 07:41:05.397 20559 20577 D UE4     : LogPluginManager: Mounting plugin AISupport
01-05 07:41:05.399 20559 20577 D UE4     : LogPluginManager: Mounting plugin LightPropagationVolume
01-05 07:41:05.400 20559 20577 D UE4     : LogPluginManager: Mounting plugin AssetManagerEditor
01-05 07:41:05.402 20559 20577 D UE4     : LogPluginManager: Mounting plugin CryptoKeys
01-05 07:41:05.403 20559 20577 D UE4     : LogPluginManager: Mounting plugin FacialAnimation
01-05 07:41:05.404 20559 20577 D UE4     : LogPluginManager: Mounting plugin MeshEditor
01-05 07:41:05.406 20559 20577 D UE4     : LogPluginManager: Mounting plugin DatasmithContent
01-05 07:41:05.407 20559 20577 D UE4     : LogPluginManager: Mounting plugin VariantManagerContent
01-05 07:41:05.409 20559 20577 D UE4     : LogPluginManager: Mounting plugin AlembicImporter
01-05 07:41:05.410 20559 20577 D UE4     : LogPluginManager: Mounting plugin AppleImageUtils
01-05 07:41:05.411 20559 20577 D UE4     : LogPluginManager: Mounting plugin AppleVision
01-05 07:41:05.413 20559 20577 D UE4     : LogPluginManager: Mounting plugin BackChannel
01-05 07:41:05.414 20559 20577 D UE4     : LogPluginManager: Mounting plugin CharacterAI
01-05 07:41:05.416 20559 20577 D UE4     : LogPluginManager: Mounting plugin GeometryCache
01-05 07:41:05.417 20559 20577 D UE4     : LogPluginManager: Mounting plugin AndroidMedia
01-05 07:41:05.418 20559 20577 D UE4     : LogPluginManager: Mounting plugin ImgMedia
01-05 07:41:05.420 20559 20577 D UE4     : LogPluginManager: Mounting plugin LinearTimecode
01-05 07:41:05.421 20559 20577 D UE4     : LogPluginManager: Mounting plugin MediaCompositing
01-05 07:41:05.422 20559 20577 D UE4     : LogPluginManager: Mounting plugin TcpMessaging
01-05 07:41:05.424 20559 20577 D UE4     : LogPluginManager: Mounting plugin UdpMessaging
01-05 07:41:05.425 20559 20577 D UE4     : LogPluginManager: Mounting plugin ActorSequence
01-05 07:41:05.426 20559 20577 D UE4     : LogPluginManager: Mounting plugin NetcodeUnitTest
01-05 07:41:05.428 20559 20577 D UE4     : LogPluginManager: Mounting plugin NUTUnrealEngine4
01-05 07:41:05.429 20559 20577 D UE4     : LogPluginManager: Mounting plugin OnlineSubsystemGooglePlay
01-05 07:41:05.429  3755  7134 D AudioService: getStreamVolume 3 index 80
01-05 07:41:05.431 20559 20577 D UE4     : LogPluginManager: Mounting plugin OnlineSubsystem
01-05 07:41:05.432 20559 20577 D UE4     : LogPluginManager: Mounting plugin OnlineSubsystemNull
01-05 07:41:05.434 20559 20577 D UE4     : LogPluginManager: Mounting plugin OnlineSubsystemUtils
01-05 07:41:05.435 20559 20577 D UE4     : LogPluginManager: Mounting plugin AndroidDeviceProfileSelector
01-05 07:41:05.437 20559 20577 D UE4     : LogPluginManager: Mounting plugin AndroidMoviePlayer
01-05 07:41:05.437  3755  5994 D AudioService: getStreamVolume 3 index 80
01-05 07:41:05.438 20559 20577 D UE4     : LogPluginManager: Mounting plugin AndroidPermission
01-05 07:41:05.439 20559 20577 D UE4     : LogPluginManager: Mounting plugin ArchVisCharacter
01-05 07:41:05.441 20559 20577 D UE4     : LogPluginManager: Mounting plugin CableComponent
01-05 07:41:05.450  3755  6236 D AudioService: getStreamVolume 3 index 80
01-05 07:41:05.454 20559 20577 D UE4     : LogPluginManager: Mounting plugin CustomMeshComponent
01-05 07:41:05.456 20559 20577 D UE4     : LogPluginManager: Mounting plugin EditableMesh
01-05 07:41:05.457 20559 20577 D UE4     : LogPluginManager: Mounting plugin ExampleDeviceProfileSelector
01-05 07:41:05.458 20559 20577 D UE4     : LogPluginManager: Mounting plugin Firebase
01-05 07:41:05.460 20559 20577 D UE4     : LogPluginManager: Mounting plugin GoogleCloudMessaging
01-05 07:41:05.461 20559 20577 D UE4     : LogPluginManager: Mounting plugin LocationServicesBPLibrary
01-05 07:41:05.463 20559 20577 D UE4     : LogPluginManager: Mounting plugin MobilePatchingUtils
01-05 07:41:05.464 20559 20577 D UE4     : LogPluginManager: Mounting plugin OculusVR
01-05 07:41:05.468 20559 20577 D UE4     : LogPluginManager: Mounting plugin PhysXVehicles
01-05 07:41:05.472 20559 20577 D UE4     : LogPluginManager: Mounting plugin ProceduralMeshComponent
01-05 07:41:05.474 20559 20577 D UE4     : LogPluginManager: Mounting plugin RuntimePhysXCooking
01-05 07:41:05.475 20559 20577 D UE4     : LogPluginManager: Mounting plugin SteamVR
01-05 07:41:05.475  3755  4449 D AudioService: getStreamVolume 3 index 80
01-05 07:41:05.477 20559 20577 D UE4     : LogStreaming: Display: Took  0.085s to configure plugins.
01-05 07:41:05.479  3755  5072 D AudioService: getStreamVolume 3 index 80
01-05 07:41:05.483  3755  6009 D AudioService: getStreamVolume 3 index 80
01-05 07:41:05.487  3755  3768 D AudioService: getStreamVolume 3 index 80
01-05 07:41:05.494  3755  3769 D AudioService: getStreamVolume 3 index 80
01-05 07:41:05.496  3755  6006 D AudioService: getStreamVolume 3 index 80
01-05 07:41:05.554  3755  6283 D AudioService: getStreamVolume 3 index 80
01-05 07:41:05.584 20559 20577 D UE4     : LogInit: Using libcurl 7.46.0
01-05 07:41:05.584 20559 20577 D UE4     : LogInit:  - built for arm-unknown-linux-androideabi
01-05 07:41:05.584 20559 20577 D UE4     : LogInit:  - supports SSL with OpenSSL/1.0.1s
01-05 07:41:05.584 20559 20577 D UE4     : LogInit:  - supports HTTP deflate (compression) using libz 1.2.8
01-05 07:41:05.584 20559 20577 D UE4     : LogInit:  - other features:
01-05 07:41:05.584 20559 20577 D UE4     : LogInit:      CURL_VERSION_SSL
01-05 07:41:05.584 20559 20577 D UE4     : LogInit:      CURL_VERSION_LIBZ
01-05 07:41:05.585 20559 20577 D UE4     : LogInit:      CURL_VERSION_IPV6
01-05 07:41:05.585 20559 20577 D UE4     : LogInit:      CURL_VERSION_ASYNCHDNS
01-05 07:41:05.585 20559 20577 D UE4     : LogInit:      CURL_VERSION_TLSAUTH_SRP
01-05 07:41:05.585 20559 20577 D UE4     : LogInit:  CurlRequestOptions (configurable via config and command line):
01-05 07:41:05.585 20559 20577 D UE4     : LogInit:  - bVerifyPeer = true  - Libcurl will verify peer certificate
01-05 07:41:05.585 20559 20577 D UE4     : LogInit:  - bUseHttpProxy = false  - Libcurl will NOT use HTTP proxy
01-05 07:41:05.585 20559 20577 D UE4     : LogInit:  - bDontReuseConnections = false  - Libcurl will reuse connections
01-05 07:41:05.585 20559 20577 D UE4     : LogInit:  - MaxHostConnections = 16  - Libcurl will limit the number of connections to a host
01-05 07:41:05.585 20559 20577 D UE4     : LogInit:  - LocalHostAddr = Default
01-05 07:41:05.585 20559 20577 D UE4     : LogInit:  - BufferSize = 65536
01-05 07:41:05.587 20559 20577 D UE4     : LogOnline: Display: OSS: OnlineSubsystemGooglePlayModule::StartupModule()
01-05 07:41:05.587 20559 20577 D UE4     : FOnlineSubsystemGooglePlay::Init
01-05 07:41:05.588 20559 20577 D UE4     : LogOnlineIdentity: Display: OSS: FOnlineIdentityGooglePlay::FOnlineIdentityGooglePlay()
01-05 07:41:05.588 20559 20577 D UE4     : FOnlineSubsystemGooglePlay::IsInAppPurchasingEnabled 0
01-05 07:41:05.590  3755  7132 D AudioService: getStreamVolume 3 index 80
01-05 07:41:05.594 20559 20577 D UE4     : LogHMD: App is not packaged for Gear VR
01-05 07:41:05.594 20559 20577 D UE4     : LogInit: Build: ++UE4+Release-4.21-CL-4613538
01-05 07:41:05.594 20559 20577 D UE4     : LogInit: Engine Version: 4.21.1-4613538+++UE4+Release-4.21
01-05 07:41:05.594 20559 20577 D UE4     : LogInit: Compatible Engine Version: 4.21.0-4541578+++UE4+Release-4.21
01-05 07:41:05.594 20559 20577 D UE4     : LogInit: Net CL: 4541578
01-05 07:41:05.594 20559 20577 D UE4     : LogInit: OS: Android (7.0), CPU: SM-N920V, GPU: Mali-T760
01-05 07:41:05.594 20559 20577 D UE4     : LogInit: Compiled (32-bit): Nov 30 2018 05:07:29
01-05 07:41:05.594 20559 20577 D UE4     : LogInit: Compiled with Clang: 3.8.275480 
01-05 07:41:05.594 20559 20577 D UE4     : LogInit: Build Configuration: Development
01-05 07:41:05.594 20559 20577 D UE4     : LogInit: Branch Name: ++UE4+Release-4.21
01-05 07:41:05.594 20559 20577 D UE4     : LogInit: Command Line:   /Game/Maps/StackMap -Messaging -SessionId=7937872C47E45E8894E0B1A761AD0ADA -SessionOwner="nope" -SessionName="Launch On Device" -iterative
01-05 07:41:05.594 20559 20577 D UE4     : LogInit: Base Directory: 
01-05 07:41:05.594 20559 20577 D UE4     : LogInit: Installed Engine Build: 0
01-05 07:41:05.594 20559 20577 D UE4     : LogDevObjectVersion: Number of dev versions registered: 22
01-05 07:41:05.594 20559 20577 D UE4     : LogDevObjectVersion:   Dev-Blueprints (B0D832E4-1F89-4F0D-ACCF-7EB736FD4AA2): 10
01-05 07:41:05.594 20559 20577 D UE4     : LogDevObjectVersion:   Dev-Build (E1C64328-A22C-4D53-A36C-8E866417BD8C): 0
01-05 07:41:05.594 20559 20577 D UE4     : LogDevObjectVersion:   Dev-Core (375EC13C-06E4-48FB-B500-84F0262A717E): 2
01-05 07:41:05.594 20559 20577 D UE4     : LogDevObjectVersion:   Dev-Editor (E4B068ED-F494-42E9-A231-DA0B2E46BB41): 26
01-05 07:41:05.594 20559 20577 D UE4     : LogDevObjectVersion:   Dev-Framework (CFFC743F-43B0-4480-9391-14DF171D2073): 34
01-05 07:41:05.594 20559 20577 D UE4     : LogDevObjectVersion:   Dev-Mobile (B02B49B5-BB20-44E9-A304-32B752E40360): 2
01-05 07:41:05.594 20559 20577 D UE4     : LogDevObjectVersion:   Dev-Networking (A4E4105C-59A1-49B5-A7C5-40C4547EDFEE): 0
01-05 07:41:05.594 20559 20577 D UE4     : LogDevObjectVersion:   Dev-Online (39C831C9-5AE6-47DC-9A44-9C173E1C8E7C): 0
01-05 07:41:05.594 20559 20577 D UE4     : LogDevObjectVersion:   Dev-Physics (78F01B33-EBEA-4F98-B9B4-84EACCB95AA2): 0
01-05 07:41:05.594 20559 20577 D UE4     : LogDevObjectVersion:   Dev-Platform (6631380F-2D4D-43E0-8009-CF276956A95A): 0
01-05 07:41:05.594 20559 20577 D UE4     : LogDevObjectVersion:   Dev-Rendering (12F88B9F-8875-4AFC-A67C-D90C383ABD29): 27
01-05 07:41:05.594 20559 20577 D UE4     : LogDevObjectVersion:   Dev-Sequencer (7B5AE74C-D270-4C10-A958-57980B212A5A): 9
01-05 07:41:05.594 20559 20577 D UE4     : LogDevObjectVersion:   Dev-VR (D7296918-1DD6-4BDD-9DE2-64A83CC13884): 2
01-05 07:41:05.594 20559 20577 D UE4     : LogDevObjectVersion:   Dev-LoadTimes (C2A15278-BFE7-4AFE-6C17-90FF531DF755): 1
01-05 07:41:05.594 20559 20577 D UE4     : LogDevObjectVersion:   Private-Geometry (6EACA3D4-40EC-4CC1-B786-8BED09428FC5): 3
01-05 07:41:05.595 20559 20577 D UE4     : LogDevObjectVersion:   Dev-AnimPhys (29E575DD-E0A3-4627-9D10-D276232CDCEA): 17
01-05 07:41:05.595 20559 20577 D UE4     : LogDevObjectVersion:   Dev-Anim (AF43A65D-7FD3-4947-9873-3E8ED9C1BB05): 2
01-05 07:41:05.595 20559 20577 D UE4     : LogDevObjectVersion:   Dev-ReflectionCapture (6B266CEC-1EC7-4B8F-A30B-E4D90942FC07): 1
01-05 07:41:05.595 20559 20577 D UE4     : LogDevObjectVersion:   Dev-Automation (0DF73D61-A23F-47EA-B727-89E90C41499A): 1
01-05 07:41:05.595 20559 20577 D UE4     : LogDevObjectVersion:   FortniteMain (601D1886-AC64-4F84-AA16-D3DE0DEAC7D6): 17
01-05 07:41:05.595 20559 20577 D UE4     : LogDevObjectVersion:   Dev-Enterprise (9DFFBCD6-494F-0158-E221-12823C92A888): 4
01-05 07:41:05.595 20559 20577 D UE4     : LogDevObjectVersion:   Dev-Niagara (F2AED0AC-9AFE-416F-8664-AA7FFA26D6FC): 1
01-05 07:41:05.595 20559 20577 D UE4     : LogStreaming: Display: Took  0.000s to delete old logs.
01-05 07:41:05.633  3755  4481 D AudioService: getStreamVolume 3 index 80
01-05 07:41:05.638 20559 20577 D UE4     : LogInit: Presizing for max 131072 objects, including 1 objects not considered by GC, pre-allocating 0 bytes for permanent pool.
01-05 07:41:05.640 20559 20577 D UE4     : LogStreaming: Display: Async Loading initialized: Event Driven Loader: true, Async Loading Thread: false, Async Post Load: true
01-05 07:41:05.640  3755  5993 D AudioService: getStreamVolume 3 index 80
01-05 07:41:05.652  3755  6076 D AudioService: getStreamVolume 3 index 80
01-05 07:41:05.669 20559 20577 D UE4     : LogInit: Object subsystem initialized
01-05 07:41:05.674 20559 20577 D UE4     : LogConfig: Setting CVar [[con.DebugEarlyDefault:1]]
01-05 07:41:05.674 20559 20577 D UE4     : [2019.01.05-12.41.05:674][  0]LogConfig: Setting CVar [[con.DebugEarlyDefault:1]]
01-05 07:41:05.675 20559 20577 D UE4     : [2019.01.05-12.41.05:675][  0]LogConfig: Applying CVar settings from Section [/Script/Engine.RendererSettings] File [../../../StackerGame/Saved/Config/Android/Engine.ini]
01-05 07:41:05.675 20559 20577 D UE4     : [2019.01.05-12.41.05:675][  0]LogConfig: Setting CVar [[r.GPUCrashDebugging:0]]
01-05 07:41:05.675 20559 20577 D UE4     : [2019.01.05-12.41.05:675][  0]LogConfig: Setting CVar [[r.MobileHDR:0]]
01-05 07:41:05.675 20559 20577 D UE4     : [2019.01.05-12.41.05:675][  0]LogConfig: Setting CVar [[r.Mobile.DisableVertexFog:1]]
01-05 07:41:05.675 20559 20577 D UE4     : [2019.01.05-12.41.05:675][  0]LogConfig: Setting CVar [[r.Shadow.CSM.MaxMobileCascades:2]]
01-05 07:41:05.675 20559 20577 D UE4     : [2019.01.05-12.41.05:675][  0]LogConfig: Setting CVar [[r.MobileMSAA:1]]
01-05 07:41:05.675 20559 20577 D UE4     : [2019.01.05-12.41.05:675][  0]LogConfig: Setting CVar [[r.DiscardUnusedQuality:0]]
01-05 07:41:05.675 20559 20577 D UE4     : [2019.01.05-12.41.05:675][  0]LogConfig: Setting CVar [[r.AllowOcclusionQueries:1]]
01-05 07:41:05.675 20559 20577 D UE4     : [2019.01.05-12.41.05:675][  0]LogConfig: Setting CVar [[r.MinScreenRadiusForLights:0.030000]]
01-05 07:41:05.675 20559 20577 D UE4     : [2019.01.05-12.41.05:675][  0]LogConfig: Setting CVar [[r.MinScreenRadiusForDepthPrepass:0.030000]]
01-05 07:41:05.675 20559 20577 D UE4     : [2019.01.05-12.41.05:675][  0]LogConfig: Setting CVar [[r.MinScreenRadiusForCSMDepth:0.010000]]
01-05 07:41:05.675 20559 20577 D UE4     : [2019.01.05-12.41.05:675][  0]LogConfig: Setting CVar [[r.PrecomputedVisibilityWarning:0]]
01-05 07:41:05.675 20559 20577 D UE4     : [2019.01.05-12.41.05:675][  0]LogConfig: Setting CVar [[r.TextureStreaming:1]]
01-05 07:41:05.675 20559 20577 D UE4     : [2019.01.05-12.41.05:675][  0]LogConfig: Setting CVar [[Compat.UseDXT5NormalMaps:0]]
01-05 07:41:05.675 20559 20577 D UE4     : [2019.01.05-12.41.05:675][  0]LogConfig: Setting CVar [[r.ClearCoatNormal:0]]
01-05 07:41:05.675 20559 20577 D UE4     : [2019.01.05-12.41.05:675][  0]LogConfig: Setting CVar [[r.ReflectionCaptureResolution:128]]
01-05 07:41:05.675 20559 20577 D UE4     : [2019.01.05-12.41.05:675][  0]LogConfig: Setting CVar [[r.ReflectionEnvironmentLightmapMixBasedOnRoughness:1]]
01-05 07:41:05.676 20559 20577 D UE4     : [2019.01.05-12.41.05:675][  0]LogConfig: Setting CVar [[r.ForwardShading:0]]
01-05 07:41:05.676 20559 20577 D UE4     : [2019.01.05-12.41.05:676][  0]LogConfig: Setting CVar [[r.VertexFoggingForOpaque:1]]
01-05 07:41:05.676 20559 20577 D UE4     : [2019.01.05-12.41.05:676][  0]LogConfig: Setting CVar [[r.AllowStaticLighting:1]]
01-05 07:41:05.676 20559 20577 D UE4     : [2019.01.05-12.41.05:676][  0]LogConfig: Setting CVar [[r.NormalMapsForStaticLighting:0]]
01-05 07:41:05.676 20559 20577 D UE4     : [2019.01.05-12.41.05:676][  0]LogConfig: Setting CVar [[r.GenerateMeshDistanceFields:0]]
01-05 07:41:05.676 20559 20577 D UE4     : [2019.01.05-12.41.05:676][  0]LogConfig: Setting CVar [[r.DistanceFieldBuild.EightBit:0]]
01-05 07:41:05.676 20559 20577 D UE4     : [2019.01.05-12.41.05:676][  0]LogConfig: Setting CVar [[r.GenerateLandscapeGIData:0]]
01-05 07:41:05.676 20559 20577 D UE4     : [2019.01.05-12.41.05:676][  0]LogConfig: Setting CVar [[r.DistanceFieldBuild.Compress:0]]
01-05 07:41:05.676 20559 20577 D UE4     : [2019.01.05-12.41.05:676][  0]LogConfig: Setting CVar [[r.TessellationAdaptivePixelsPerTriangle:48.000000]]
01-05 07:41:05.676 20559 20577 D UE4     : [2019.01.05-12.41.05:676][  0]LogConfig: Setting CVar [[r.SeparateTranslucency:0]]
01-05 07:41:05.676 20559 20577 D UE4     : [2019.01.05-12.41.05:676][  0]LogConfig: Setting CVar [[r.TranslucentSortPolicy:0]]
01-05 07:41:05.676 20559 20577 D UE4     : [2019.01.05-12.41.05:676][  0]LogConfig: Setting CVar [[r.CustomDepth:1]]
01-05 07:41:05.676 20559 20577 D UE4     : [2019.01.05-12.41.05:676][  0]LogConfig: Setting CVar [[r.CustomDepthTemporalAAJitter:1]]
01-05 07:41:05.676 20559 20577 D UE4     : [2019.01.05-12.41.05:676][  0]LogConfig: Setting CVar [[r.PostProcessing.PropagateAlpha:1]]
01-05 07:41:05.676 20559 20577 D UE4     : [2019.01.05-12.41.05:676][  0]LogConfig: Setting CVar [[r.DefaultFeature.Bloom:0]]
01-05 07:41:05.676 20559 20577 D UE4     : [2019.01.05-12.41.05:676][  0]LogConfig: Setting CVar [[r.DefaultFeature.AmbientOcclusion:0]]
01-05 07:41:05.676 20559 20577 D UE4     : [2019.01.05-12.41.05:676][  0]LogConfig: Setting CVar [[r.DefaultFeature.AmbientOcclusionStaticFraction:1]]
01-05 07:41:05.676 20559 20577 D UE4     : [2019.01.05-12.41.05:676][  0]LogConfig: Setting CVar [[r.DefaultFeature.AutoExposure:0]]
01-05 07:41:05.677 20559 20577 D UE4     : [2019.01.05-12.41.05:676][  0]LogConfig: Setting CVar [[r.DefaultFeature.AutoExposure.Method:0]]
01-05 07:41:05.677 20559 20577 D UE4     : [2019.01.05-12.41.05:677][  0]LogConfig: Setting CVar [[r.DefaultFeature.MotionBlur:0]]
01-05 07:41:05.677 20559 20577 D UE4     : [2019.01.05-12.41.05:677][  0]LogConfig: Setting CVar [[r.DefaultFeature.LensFlare:0]]
01-05 07:41:05.677 20559 20577 D UE4     : [2019.01.05-12.41.05:677][  0]LogConfig: Setting CVar [[r.DefaultFeature.AntiAliasing:0]]
01-05 07:41:05.677 20559 20577 D UE4     : [2019.01.05-12.41.05:677][  0]LogConfig: Setting CVar [[r.Shadow.UnbuiltPreviewInGame:1]]
01-05 07:41:05.677 20559 20577 D UE4     : [2019.01.05-12.41.05:677][  0]LogConfig: Setting CVar [[r.StencilForLODDither:0]]
01-05 07:41:05.677  3755  7134 D AudioService: getStreamVolume 3 index 80
01-05 07:41:05.677 20559 20577 D UE4     : [2019.01.05-12.41.05:677][  0]LogConfig: Setting CVar [[r.EarlyZPass:3]]
01-05 07:41:05.677 20559 20577 D UE4     : [2019.01.05-12.41.05:677][  0]LogConfig: Setting CVar [[r.EarlyZPassMovable:1]]
01-05 07:41:05.677 20559 20577 D UE4     : [2019.01.05-12.41.05:677][  0]LogConfig: Setting CVar [[r.EarlyZPassOnlyMaterialMasking:0]]
01-05 07:41:05.677 20559 20577 D UE4     : [2019.01.05-12.41.05:677][  0]LogConfig: Setting CVar [[r.DBuffer:1]]
01-05 07:41:05.677 20559 20577 D UE4     : [2019.01.05-12.41.05:677][  0]LogConfig: Setting CVar [[r.ClearSceneMethod:1]]
01-05 07:41:05.677 20559 20577 D UE4     : [2019.01.05-12.41.05:677][  0]LogConfig: Setting CVar [[r.BasePassOutputsVelocity:0]]
01-05 07:41:05.677 20559 20577 D UE4     : [2019.01.05-12.41.05:677][  0]LogConfig: Setting CVar [[r.SelectiveBasePassOutputs:0]]
01-05 07:41:05.677 20559 20577 D UE4     : [2019.01.05-12.41.05:677][  0]LogConfig: Setting CVar [[r.AllowGlobalClipPlane:0]]
01-05 07:41:05.678 20559 20577 D UE4     : [2019.01.05-12.41.05:677][  0]LogConfig: Setting CVar [[r.GBufferFormat:1]]
01-05 07:41:05.678 20559 20577 D UE4     : [2019.01.05-12.41.05:678][  0]LogConfig: Setting CVar [[r.MorphTarget.Mode:1]]
01-05 07:41:05.678 20559 20577 D UE4     : [2019.01.05-12.41.05:678][  0]LogConfig: Setting CVar [[vr.InstancedStereo:0]]
01-05 07:41:05.678 20559 20577 D UE4     : [2019.01.05-12.41.05:678][  0]LogConfig: Setting CVar [[vr.MultiView:0]]
01-05 07:41:05.678 20559 20577 D UE4     : [2019.01.05-12.41.05:678][  0]LogConfig: Setting CVar [[vr.MobileMultiView:0]]
01-05 07:41:05.678 20559 20577 D UE4     : [2019.01.05-12.41.05:678][  0]LogConfig: Setting CVar [[vr.MobileMultiView.Direct:0]]
01-05 07:41:05.678 20559 20577 D UE4     : [2019.01.05-12.41.05:678][  0]LogConfig: Setting CVar [[vr.MonoscopicFarField:0]]
01-05 07:41:05.678 20559 20577 D UE4     : [2019.01.05-12.41.05:678][  0]LogConfig: Setting CVar [[r.WireframeCullThreshold:5.000000]]
01-05 07:41:05.678 20559 20577 D UE4     : [2019.01.05-12.41.05:678][  0]LogConfig: Setting CVar [[r.SupportStationarySkylight:1]]
01-05 07:41:05.678 20559 20577 D UE4     : [2019.01.05-12.41.05:678][  0]LogConfig: Setting CVar [[r.SupportLowQualityLightmaps:1]]
01-05 07:41:05.678 20559 20577 D UE4     : [2019.01.05-12.41.05:678][  0]LogConfig: Setting CVar [[r.SupportPointLightWholeSceneShadows:1]]
01-05 07:41:05.678 20559 20577 D UE4     : [2019.01.05-12.41.05:678][  0]LogConfig: Setting CVar [[r.SupportAtmosphericFog:1]]
01-05 07:41:05.678 20559 20577 D UE4     : [2019.01.05-12.41.05:678][  0]LogConfig: Setting CVar [[r.SkinCache.CompileShaders:0]]
01-05 07:41:05.678 20559 20577 D UE4     : [2019.01.05-12.41.05:678][  0]LogConfig: Setting CVar [[r.Mobile.EnableStaticAndCSMShadowReceivers:1]]
01-05 07:41:05.678 20559 20577 D UE4     : [2019.01.05-12.41.05:678][  0]LogConfig: Setting CVar [[r.Mobile.AllowDistanceFieldShadows:1]]
01-05 07:41:05.678 20559 20577 D UE4     : [2019.01.05-12.41.05:678][  0]LogConfig: Setting CVar [[r.Mobile.AllowMovableDirectionalLights:1]]
01-05 07:41:05.679 20559 20577 D UE4     : [2019.01.05-12.41.05:679][  0]LogConfig: Setting CVar [[r.MobileNumDynamicPointLights:4]]
01-05 07:41:05.679 20559 20577 D UE4     : [2019.01.05-12.41.05:679][  0]LogConfig: Setting CVar [[r.MobileDynamicPointLightsUseStaticBranch:1]]
01-05 07:41:05.679 20559 20577 D UE4     : [2019.01.05-12.41.05:679][  0]LogConfig: Setting CVar [[r.SkinCache.SceneMemoryLimitInMB:128.000000]]
01-05 07:41:05.679 20559 20577 D UE4     : [2019.01.05-12.41.05:679][  0]LogConfig: Setting CVar [[r.GPUSkin.Limit2BoneInfluences:0]]
01-05 07:41:05.679 20559 20577 D UE4     : [2019.01.05-12.41.05:679][  0]LogConfig: Setting CVar [[r.SupportDepthOnlyIndexBuffers:1]]
01-05 07:41:05.679 20559 20577 D UE4     : [2019.01.05-12.41.05:679][  0]LogConfig: Setting CVar [[r.SupportReversedIndexBuffers:1]]
01-05 07:41:05.679 20559 20577 D UE4     : [2019.01.05-12.41.05:679][  0]LogConfig: Applying CVar settings from Section [/Script/Engine.RendererOverrideSettings] File [../../../StackerGame/Saved/Config/Android/Engine.ini]
01-05 07:41:05.679 20559 20577 D UE4     : [2019.01.05-12.41.05:679][  0]LogConfig: Applying CVar settings from Section [/Script/Engine.StreamingSettings] File [../../../StackerGame/Saved/Config/Android/Engine.ini]
01-05 07:41:05.679 20559 20577 D UE4     : [2019.01.05-12.41.05:679][  0]LogConfig: Setting CVar [[s.MinBulkDataSizeForAsyncLoading:131072]]
01-05 07:41:05.679 20559 20577 D UE4     : [2019.01.05-12.41.05:679][  0]LogConfig: Setting CVar [[s.AsyncLoadingThreadEnabled:0]]
01-05 07:41:05.679 20559 20577 D UE4     : [2019.01.05-12.41.05:679][  0]LogConfig: Setting CVar [[s.EventDrivenLoaderEnabled:1]]
01-05 07:41:05.679 20559 20577 D UE4     : [2019.01.05-12.41.05:679][  0]LogConfig: Setting CVar [[s.WarnIfTimeLimitExceeded:0]]
01-05 07:41:05.679 20559 20577 D UE4     : [2019.01.05-12.41.05:679][  0]LogConfig: Setting CVar [[s.TimeLimitExceededMultiplier:1.5]]
01-05 07:41:05.679 20559 20577 D UE4     : [2019.01.05-12.41.05:679][  0]LogConfig: Setting CVar [[s.TimeLimitExceededMinTime:0.005]]
01-05 07:41:05.679 20559 20577 D UE4     : [2019.01.05-12.41.05:679][  0]LogConfig: Setting CVar [[s.UseBackgroundLevelStreaming:1]]
01-05 07:41:05.679 20559 20577 D UE4     : [2019.01.05-12.41.05:679][  0]LogConfig: Setting CVar [[s.PriorityAsyncLoadingExtraTime:15.0]]
01-05 07:41:05.679 20559 20577 D UE4     : [2019.01.05-12.41.05:679][  0]LogConfig: Setting CVar [[s.LevelStreamingActorsUpdateTimeLimit:5.0]]
01-05 07:41:05.680 20559 20577 D UE4     : [2019.01.05-12.41.05:679][  0]LogConfig: Setting CVar [[s.PriorityLevelStreamingActorsUpdateExtraTime:5.0]]
01-05 07:41:05.680 20559 20577 D UE4     : [2019.01.05-12.41.05:680][  0]LogConfig: Setting CVar [[s.LevelStreamingComponentsRegistrationGranularity:10]]
01-05 07:41:05.680 20559 20577 D UE4     : [2019.01.05-12.41.05:680][  0]LogConfig: Setting CVar [[s.UnregisterComponentsTimeLimit:1.0]]
01-05 07:41:05.680 20559 20577 D UE4     : [2019.01.05-12.41.05:680][  0]LogConfig: Setting CVar [[s.LevelStreamingComponentsUnregistrationGranularity:5]]
01-05 07:41:05.680 20559 20577 D UE4     : [2019.01.05-12.41.05:680][  0]LogConfig: Applying CVar settings from Section [/Script/Engine.GarbageCollectionSettings] File [../../../StackerGame/Saved/Config/Android/Engine.ini]
01-05 07:41:05.680 20559 20577 D UE4     : [2019.01.05-12.41.05:680][  0]LogConfig: Setting CVar [[gc.MaxObjectsNotConsideredByGC:1]]
01-05 07:41:05.680 20559 20577 D UE4     : [2019.01.05-12.41.05:680][  0]LogConfig: Setting CVar [[gc.SizeOfPermanentObjectPool:0]]
01-05 07:41:05.680 20559 20577 D UE4     : [2019.01.05-12.41.05:680][  0]LogConfig: Setting CVar [[gc.FlushStreamingOnGC:0]]
01-05 07:41:05.680 20559 20577 D UE4     : [2019.01.05-12.41.05:680][  0]LogConfig: Setting CVar [[gc.NumRetriesBeforeForcingGC:10]]
01-05 07:41:05.680 20559 20577 D UE4     : [2019.01.05-12.41.05:680][  0]LogConfig: Setting CVar [[gc.AllowParallelGC:1]]
01-05 07:41:05.680 20559 20577 D UE4     : [2019.01.05-12.41.05:680][  0]LogConfig: Setting CVar [[gc.TimeBetweenPurgingPendingKillObjects:61.1]]
01-05 07:41:05.680 20559 20577 D UE4     : [2019.01.05-12.41.05:680][  0]LogConfig: Setting CVar [[gc.MaxObjectsInEditor:8388607]]
01-05 07:41:05.680 20559 20577 D UE4     : [2019.01.05-12.41.05:680][  0]LogConfig: Setting CVar [[gc.IncrementalBeginDestroyEnabled:1]]
01-05 07:41:05.680 20559 20577 D UE4     : [2019.01.05-12.41.05:680][  0]LogConfig: Setting CVar [[gc.CreateGCClusters:1]]
01-05 07:41:05.680 20559 20577 D UE4     : [2019.01.05-12.41.05:680][  0]LogConfig: Setting CVar [[gc.MergeGCClusters:0]]
01-05 07:41:05.680 20559 20577 D UE4     : [2019.01.05-12.41.05:680][  0]LogConfig: Setting CVar [[gc.MinGCClusterSize:5]]
01-05 07:41:05.681 20559 20577 D UE4     : [2019.01.05-12.41.05:680][  0]LogConfig: Setting CVar [[gc.ActorClusteringEnabled:0]]
01-05 07:41:05.681 20559 20577 D UE4     : [2019.01.05-12.41.05:681][  0]LogConfig: Setting CVar [[gc.BlueprintClusteringEnabled:0]]
01-05 07:41:05.681 20559 20577 D UE4     : [2019.01.05-12.41.05:681][  0]LogConfig: Setting CVar [[gc.UseDisregardForGCOnDedicatedServers:0]]
01-05 07:41:05.681 20559 20577 D UE4     : [2019.01.05-12.41.05:681][  0]LogConfig: Setting CVar [[gc.MaxObjectsInGame:131072]]
01-05 07:41:05.681 20559 20577 D UE4     : [2019.01.05-12.41.05:681][  0]LogConfig: Applying CVar settings from Section [/Script/Engine.NetworkSettings] File [../../../StackerGame/Saved/Config/Android/Engine.ini]
01-05 07:41:05.681 20559 20577 D UE4     : [2019.01.05-12.41.05:681][  0]LogAndroid: Mobile HDR: no
01-05 07:41:05.681 20559 20577 D UE4     : [2019.01.05-12.41.05:681][  0]LogAndroid: Setting Width=720 and Height=1280 (requested scale = 1.000000)
01-05 07:41:05.682 20559 20577 D UE4     : [2019.01.05-12.41.05:682][  0]LogConfig: Applying CVar settings from Section [ViewDistanceQuality@3] File [../../../StackerGame/Saved/Config/Android/Scalability.ini]
01-05 07:41:05.682 20559 20577 D UE4     : [2019.01.05-12.41.05:682][  0]LogConfig: Setting CVar [[r.SkeletalMeshLODBias:0]]
01-05 07:41:05.682 20559 20577 D UE4     : [2019.01.05-12.41.05:682][  0]LogConfig: Setting CVar [[r.ViewDistanceScale:1.0]]
01-05 07:41:05.682 20559 20577 D UE4     : [2019.01.05-12.41.05:682][  0]LogConfig: Applying CVar settings from Section [AntiAliasingQuality@3] File [../../../StackerGame/Saved/Config/Android/Scalability.ini]
01-05 07:41:05.682 20559 20577 D UE4     : [2019.01.05-12.41.05:682][  0]LogConfig: Setting CVar [[r.PostProcessAAQuality:4]]
01-05 07:41:05.682 20559 20577 D UE4     : [2019.01.05-12.41.05:682][  0]LogConfig: Applying CVar settings from Section [ShadowQuality@3] File [../../../StackerGame/Saved/Config/Android/Scalability.ini]
01-05 07:41:05.682 20559 20577 D UE4     : [2019.01.05-12.41.05:682][  0]LogConfig: Setting CVar [[r.LightFunctionQuality:1]]
01-05 07:41:05.682 20559 20577 D UE4     : [2019.01.05-12.41.05:682][  0]LogConfig: Setting CVar [[r.ShadowQuality:5]]
01-05 07:41:05.682 20559 20577 D UE4     : [2019.01.05-12.41.05:682][  0]LogConfig: Setting CVar [[r.Shadow.CSM.MaxCascades:10]]
01-05 07:41:05.682 20559 20577 D UE4     : [2019.01.05-12.41.05:682][  0]LogConfig: Setting CVar [[r.Shadow.MaxResolution:2048]]
01-05 07:41:05.682 20559 20577 D UE4     : [2019.01.05-12.41.05:682][  0]LogConfig: Setting CVar [[r.Shadow.MaxCSMResolution:2048]]
01-05 07:41:05.682 20559 20577 D UE4     : [2019.01.05-12.41.05:682][  0]LogConfig: Setting CVar [[r.Shadow.RadiusThreshold:0.01]]
01-05 07:41:05.682 20559 20577 D UE4     : [2019.01.05-12.41.05:682][  0]LogConfig: Setting CVar [[r.Shadow.DistanceScale:1.0]]
01-05 07:41:05.682 20559 20577 D UE4     : [2019.01.05-12.41.05:682][  0]LogConfig: Setting CVar [[r.Shadow.CSM.TransitionScale:1.0]]
01-05 07:41:05.682 20559 20577 D UE4     : [2019.01.05-12.41.05:682][  0]LogConfig: Setting CVar [[r.Shadow.PreShadowResolutionFactor:1.0]]
01-05 07:41:05.682 20559 20577 D UE4     : [2019.01.05-12.41.05:682][  0]LogConfig: Setting CVar [[r.DistanceFieldShadowing:1]]
01-05 07:41:05.683 20559 20577 D UE4     : [2019.01.05-12.41.05:682][  0]LogConfig: Setting CVar [[r.DistanceFieldAO:1]]
01-05 07:41:05.683 20559 20577 D UE4     : [2019.01.05-12.41.05:683][  0]LogConfig: Setting CVar [[r.AOQuality:2]]
01-05 07:41:05.683 20559 20577 D UE4     : [2019.01.05-12.41.05:683][  0]LogConfig: Setting CVar [[r.VolumetricFog:1]]
01-05 07:41:05.683 20559 20577 D UE4     : [2019.01.05-12.41.05:683][  0]LogConfig: Setting CVar [[r.VolumetricFog.GridPixelSize:8]]
01-05 07:41:05.683  3755  5994 D AudioService: getStreamVolume 3 index 80
01-05 07:41:05.683 20559 20577 D UE4     : [2019.01.05-12.41.05:683][  0]LogConfig: Setting CVar [[r.VolumetricFog.GridSizeZ:128]]
01-05 07:41:05.683 20559 20577 D UE4     : [2019.01.05-12.41.05:683][  0]LogConfig: Setting CVar [[r.VolumetricFog.HistoryMissSupersampleCount:4]]
01-05 07:41:05.683 20559 20577 D UE4     : [2019.01.05-12.41.05:683][  0]LogConfig: Setting CVar [[r.LightMaxDrawDistanceScale:1]]
01-05 07:41:05.683 20559 20577 D UE4     : [2019.01.05-12.41.05:683][  0]LogConfig: Setting CVar [[r.CapsuleShadows:1]]
01-05 07:41:05.683 20559 20577 D UE4     : [2019.01.05-12.41.05:683][  0]LogConfig: Applying CVar settings from Section [PostProcessQuality@3] File [../../../StackerGame/Saved/Config/Android/Scalability.ini]
01-05 07:41:05.683 20559 20577 D UE4     : [2019.01.05-12.41.05:683][  0]LogConfig: Setting CVar [[r.MotionBlurQuality:4]]
01-05 07:41:05.683 20559 20577 D UE4     : [2019.01.05-12.41.05:683][  0]LogConfig: Setting CVar [[r.AmbientOcclusionMipLevelFactor:0.4]]
01-05 07:41:05.683 20559 20577 D UE4     : [2019.01.05-12.41.05:683][  0]LogConfig: Setting CVar [[r.AmbientOcclusionMaxQuality:100]]
01-05 07:41:05.683 20559 20577 D UE4     : [2019.01.05-12.41.05:683][  0]LogConfig: Setting CVar [[r.AmbientOcclusionLevels:-1]]
01-05 07:41:05.683 20559 20577 D UE4     : [2019.01.05-12.41.05:683][  0]LogConfig: Setting CVar [[r.AmbientOcclusionRadiusScale:1.0]]
01-05 07:41:05.683 20559 20577 D UE4     : [2019.01.05-12.41.05:683][  0]LogConfig: Setting CVar [[r.DepthOfFieldQuality:2]]
01-05 07:41:05.683 20559 20577 D UE4     : [2019.01.05-12.41.05:683][  0]LogConfig: Setting CVar [[r.RenderTargetPoolMin:400]]
01-05 07:41:05.683 20559 20577 D UE4     : [2019.01.05-12.41.05:683][  0]LogConfig: Setting CVar [[r.LensFlareQuality:2]]
01-05 07:41:05.683 20559 20577 D UE4     : [2019.01.05-12.41.05:683][  0]LogConfig: Setting CVar [[r.SceneColorFringeQuality:1]]
01-05 07:41:05.683 20559 20577 D UE4     : [2019.01.05-12.41.05:683][  0]LogConfig: Setting CVar [[r.EyeAdaptationQuality:2]]
01-05 07:41:05.684 20559 20577 D UE4     : [2019.01.05-12.41.05:684][  0]LogConfig: Setting CVar [[r.BloomQuality:5]]
01-05 07:41:05.684 20559 20577 D UE4     : [2019.01.05-12.41.05:684][  0]LogConfig: Setting CVar [[r.FastBlurThreshold:100]]
01-05 07:41:05.684 20559 20577 D UE4     : [2019.01.05-12.41.05:684][  0]LogConfig: Setting CVar [[r.Upscale.Quality:3]]
01-05 07:41:05.684 20559 20577 D UE4     : [2019.01.05-12.41.05:684][  0]LogConfig: Setting CVar [[r.Tonemapper.GrainQuantization:1]]
01-05 07:41:05.684 20559 20577 D UE4     : [2019.01.05-12.41.05:684][  0]LogConfig: Setting CVar [[r.LightShaftQuality:1]]
01-05 07:41:05.684 20559 20577 D UE4     : [2019.01.05-12.41.05:684][  0]LogConfig: Setting CVar [[r.Filter.SizeScale:1]]
01-05 07:41:05.684 20559 20577 D UE4     : [2019.01.05-12.41.05:684][  0]LogConfig: Setting CVar [[r.Tonemapper.Quality:5]]
01-05 07:41:05.684 20559 20577 D UE4     : [2019.01.05-12.41.05:684][  0]LogConfig: Setting CVar [[r.DOF.Gather.AccumulatorQuality:1        ; higher gathering accumulator quality]]
01-05 07:41:05.684 20559 20577 D UE4     : [2019.01.05-12.41.05:684][  0]LogConfig: Setting CVar [[r.DOF.Gather.PostfilterMethod:1          ; Median3x3 postfilering method]]
01-05 07:41:05.684 20559 20577 D UE4     : [2019.01.05-12.41.05:684][  0]LogConfig: Setting CVar [[r.DOF.Gather.EnableBokehSettings:0       ; no bokeh simulation when gathering]]
01-05 07:41:05.684 20559 20577 D UE4     : [2019.01.05-12.41.05:684][  0]LogConfig: Setting CVar [[r.DOF.Gather.RingCount:4                 ; medium number of samples when gathering]]
01-05 07:41:05.684 20559 20577 D UE4     : [2019.01.05-12.41.05:684][  0]LogConfig: Setting CVar [[r.DOF.Scatter.ForegroundCompositing:1    ; additive foreground scattering]]
01-05 07:41:05.684 20559 20577 D UE4     : [2019.01.05-12.41.05:684][  0]LogConfig: Setting CVar [[r.DOF.Scatter.BackgroundCompositing:2    ; additive background scattering]]
01-05 07:41:05.684 20559 20577 D UE4     : [2019.01.05-12.41.05:684][  0]LogConfig: Setting CVar [[r.DOF.Scatter.EnableBokehSettings:1      ; bokeh simulation when scattering]]
01-05 07:41:05.684 20559 20577 D UE4     : [2019.01.05-12.41.05:684][  0]LogConfig: Setting CVar [[r.DOF.Scatter.MaxSpriteRatio:0.1         ; only a maximum of 10% of scattered bokeh]]
01-05 07:41:05.684 20559 20577 D UE4     : [2019.01.05-12.41.05:684][  0]LogConfig: Setting CVar [[r.DOF.Recombine.Quality:1                ; cheap slight out of focus]]
01-05 07:41:05.684 20559 20577 D UE4     : [2019.01.05-12.41.05:684][  0]LogConfig: Setting CVar [[r.DOF.Recombine.EnableBokehSettings:0    ; no bokeh simulation on slight out of focus]]
01-05 07:41:05.684 20559 20577 D UE4     : [2019.01.05-12.41.05:684][  0]LogConfig: Setting CVar [[r.DOF.TemporalAAQuality:1                ; more stable temporal accumulation]]
01-05 07:41:05.685 20559 20577 D UE4     : [2019.01.05-12.41.05:685][  0]LogConfig: Setting CVar [[r.DOF.Kernel.MaxForegroundRadius:0.025]]
01-05 07:41:05.685 20559 20577 D UE4     : [2019.01.05-12.41.05:685][  0]LogConfig: Setting CVar [[r.DOF.Kernel.MaxBackgroundRadius:0.025]]
01-05 07:41:05.685  3755  6236 D AudioService: getStreamVolume 3 index 80
01-05 07:41:05.685 20559 20577 D UE4     : [2019.01.05-12.41.05:685][  0]LogConfig: Applying CVar settings from Section [TextureQuality@3] File [../../../StackerGame/Saved/Config/Android/Scalability.ini]
01-05 07:41:05.685 20559 20577 D UE4     : [2019.01.05-12.41.05:685][  0]LogConfig: Setting CVar [[r.Streaming.MipBias:0]]
01-05 07:41:05.685 20559 20577 D UE4     : [2019.01.05-12.41.05:685][  0]LogConfig: Setting CVar [[r.Streaming.AmortizeCPUToGPUCopy:0]]
01-05 07:41:05.685 20559 20577 D UE4     : [2019.01.05-12.41.05:685][  0]LogConfig: Setting CVar [[r.Streaming.MaxNumTexturesToStreamPerFrame:0]]
01-05 07:41:05.685 20559 20577 D UE4     : [2019.01.05-12.41.05:685][  0]LogConfig: Setting CVar [[r.Streaming.Boost:1]]
01-05 07:41:05.685 20559 20577 D UE4     : [2019.01.05-12.41.05:685][  0]LogConfig: Setting CVar [[r.MaxAnisotropy:8]]
01-05 07:41:05.685 20559 20577 D UE4     : [2019.01.05-12.41.05:685][  0]LogConfig: Setting CVar [[r.Streaming.LimitPoolSizeToVRAM:0]]
