01-25 02:01:55.057 25810 25829 D UE4     : [2019.01.25-07.01.55:057][  0]LogOcInput: OculusInput pre-init called
01-25 02:01:55.093 25810 25829 D UE4     : [2019.01.25-07.01.55:093][  0]LogUObjectArray: 35064 objects as part of root set at end of initial load.
01-25 02:01:55.093 25810 25829 D UE4     : [2019.01.25-07.01.55:093][  0]LogUObjectArray: 2 objects are not in the root set, but can never be destroyed because they are in the DisregardForGC set.
01-25 02:01:55.093 25810 25829 D UE4     : [2019.01.25-07.01.55:093][  0]LogUObjectAllocator: 3861440 out of 0 bytes used by permanent object pool.
01-25 02:01:55.093 25810 25829 D UE4     : [2019.01.25-07.01.55:093][  0]LogUObjectArray: CloseDisregardForGC: 35064/35064 objects in disregard for GC pool
01-25 02:01:55.108 25810 25829 D UE4     : [2019.01.25-07.01.55:108][  0]LogAndroid: Display: Passed PreInit()
01-25 02:01:55.110 25810 25829 D UE4     : [2019.01.25-07.01.55:110][  0]LogEngine: Initializing Engine...
01-25 02:01:55.121 25810 25829 D UE4     : [2019.01.25-07.01.55:121][  0]LogStats: UGameplayTagsManager::ConstructGameplayTagTree: ImportINI prefixes -  0.000 s
01-25 02:01:55.121 25810 25829 D UE4     : [2019.01.25-07.01.55:121][  0]LogStats: UGameplayTagsManager::ConstructGameplayTagTree: Construct from data asset -  0.000 s
01-25 02:01:55.122 25810 25829 D UE4     : [2019.01.25-07.01.55:122][  0]LogStats: UGameplayTagsManager::ConstructGameplayTagTree: ImportINI -  0.000 s
01-25 02:01:55.122 25810 25829 D UE4     : [2019.01.25-07.01.55:122][  0]LogStats: UGameplayTagsManager::ConstructGameplayTagTree: GameplayTagTreeChangedEvent.Broadcast -  0.000 s
01-25 02:01:55.220 25810 25829 D UE4     : [2019.01.25-07.01.55:220][  0]LogInit: Initializing FReadOnlyCVARCache
01-25 02:01:55.221 25810 25829 D UE4     : [2019.01.25-07.01.55:221][  0]LogAndroidAudio: Warning: SL Entered Init HW
01-25 02:01:55.221 25810 25829 D UE4     : [2019.01.25-07.01.55:221][  0]LogAndroidAudio: Warning: OpenSLES Initializing HW
01-25 02:01:55.221 25810 25829 D UE4     : [2019.01.25-07.01.55:221][  0]LogAndroidAudio: Warning: OpenSLES Initialized
01-25 02:01:55.222 25810 25829 D UE4     : [2019.01.25-07.01.55:222][  0]LogAndroidAudio: Warning: OpenSLAudioDevice: Allocated 12 sources
01-25 02:01:55.222 25810 25829 D UE4     : [2019.01.25-07.01.55:222][  0]LogInit: FAudioDevice initialized.
01-25 02:01:55.223 25810 25829 D UE4     : [2019.01.25-07.01.55:223][  0]LogAudio: Warning: Can't increase channels past starting number!
01-25 02:01:55.224 25810 25829 D UE4     : [2019.01.25-07.01.55:224][  0]LogNetVersion: Set ProjectVersion to 1.1.0. Version Checksum will be recalculated on next use.
01-25 02:01:55.225 25810 25829 D UE4     : [2019.01.25-07.01.55:225][  0]LogInit: Texture streaming: Enabled
01-25 02:01:55.226 25810 25829 D UE4     : [2019.01.25-07.01.55:226][  0]LogAudio: Warning: Can't increase channels past starting number!
01-25 02:01:55.235 25810 25829 D UE4     : [2019.01.25-07.01.55:235][  0]LogSlate: Updating window title bar state: overlay mode, drag disabled, window buttons hidden, title bar hidden
01-25 02:01:55.236 25810 25829 D UE4     : [2019.01.25-07.01.55:236][  0]LogInit: Display: Game Engine Initialized.
01-25 02:01:55.236 25810 25829 D UE4     : [2019.01.25-07.01.55:236][  0]LogGameplayTags: Display: UGameplayTagsManager::DoneAddingNativeTags. DelegateIsBound: 0
01-25 02:01:55.236 25810 25829 D UE4     : [2019.01.25-07.01.55:236][  0]LogStats: UGameplayTagsManager::ConstructGameplayTagTree: ImportINI prefixes -  0.000 s
01-25 02:01:55.237 25810 25829 D UE4     : [2019.01.25-07.01.55:236][  0]LogStats: UGameplayTagsManager::ConstructGameplayTagTree: Construct from data asset -  0.000 s
01-25 02:01:55.237 25810 25829 D UE4     : [2019.01.25-07.01.55:237][  0]LogStats: UGameplayTagsManager::ConstructGameplayTagTree: ImportINI -  0.000 s
01-25 02:01:55.237 25810 25829 D UE4     : [2019.01.25-07.01.55:237][  0]LogStats: UGameplayTagsManager::ConstructGameplayTagTree: GameplayTagTreeChangedEvent.Broadcast -  0.000 s
01-25 02:01:55.328 25810 25829 D UE4     : [2019.01.25-07.01.55:328][  0]LogInit: Display: Starting Game.
01-25 02:01:55.329 25810 25829 D UE4     : [2019.01.25-07.01.55:329][  0]LogNet: Browse: /Game/Maps/StackMap?Name=Player
01-25 02:01:55.330 25810 25829 D UE4     : [2019.01.25-07.01.55:330][  0]LogLoad: LoadMap: /Game/Maps/StackMap?Name=Player
01-25 02:01:55.618 25810 25829 D UE4     : [2019.01.25-07.01.55:618][  0]LogAIModule: Creating AISystem for world StackMap
01-25 02:01:55.619 25810 25829 D UE4     : [2019.01.25-07.01.55:619][  0]LogLoad: Game class is 'GameModeBase'
01-25 02:01:55.624 25810 25829 D UE4     : [2019.01.25-07.01.55:624][  0]LogWorld: Bringing World /Game/Maps/StackMap.StackMap up for play (max tick rate 0) at 2019.01.25-02.01.55
01-25 02:01:55.627 25810 25829 D UE4     : [2019.01.25-07.01.55:627][  0]LogWorld: Bringing up level for play took: 0.005969
01-25 02:01:55.629 25810 25829 D UE4     : [2019.01.25-07.01.55:629][  0]LogOnlineIdentity: Display: OSS: FOnlineIdentityGooglePlay::GetPlayerNickname
01-25 02:01:55.630 25810 25829 D UE4     : [2019.01.25-07.01.55:630][  0]LogGameMode: FindPlayerStart: PATHS NOT DEFINED or NO PLAYERSTART with positive rating
01-25 02:01:55.674 25810 25829 D UE4     : [2019.01.25-07.01.55:674][  0]LogUMG: Display: Widget Class GameStartMenu_C - Loaded Fast Template.
01-25 02:01:55.679 25810 25829 D UE4     : [2019.01.25-07.01.55:679][  0]LogLevel: Warning: EnableInput on a LevelScript actor can not be specified for only one PlayerController.  Enabling for all PlayerControllers.
01-25 02:01:55.680 25810 25829 D UE4     : [2019.01.25-07.01.55:680][  0]LogLoad: Took 0.350784 seconds to LoadMap(/Game/Maps/StackMap)
01-25 02:01:55.682 25810 25829 D UE4     : [2019.01.25-07.01.55:682][  0]LogSlate: Took 0.000356 seconds to synchronously load lazily loaded font '../../../Engine/Content/EngineFonts/Faces/DroidSansMono.ufont' (77K)
01-25 02:01:55.689 25810 25908 D UE4     : *** JavaEnvDestructor: 25908
01-25 02:01:55.690 25810 25906 D UE4     : AndroidEGL::ResetDisplay()
01-25 02:01:55.690 25810 25906 D UE4     : *** JavaEnvDestructor: 25906
01-25 02:01:55.700 25810 25829 D UE4     : [2019.01.25-07.01.55:700][  0]LogAndroid: Passed GEngineLoop.Init()
01-25 02:01:55.708 25810 25829 D UE4     : [2019.01.25-07.01.55:708][  0]LogAndroidEvents: Display: DequeueAppEvent : 9, 0
01-25 02:01:55.709 25810 25829 D UE4     : [2019.01.25-07.01.55:709][  0]LogAndroidEvents: Display: DequeueAppEvent : 7, 0
01-25 02:01:55.709 25810 25829 D UE4     : [2019.01.25-07.01.55:709][  0]LogAndroidEvents: Display: DequeueAppEvent : 6, 0
01-25 02:01:55.709 25810 25829 D UE4     : [2019.01.25-07.01.55:709][  0]LogAndroidEvents: Display: DequeueAppEvent : 0, 3306782728
01-25 02:01:55.709 25810 25829 D UE4     : APP_EVENT_STATE_WINDOW_CREATED, 0, 0, 0
01-25 02:01:55.709 25810 25829 D UE4     : [2019.01.25-07.01.55:709][  0]LogAndroidEvents: Display: ExecWindowCreated
01-25 02:01:55.709 25810 25829 D UE4     : AndroidEGL::ReInitWindow()
01-25 02:01:55.709 25810 25829 D UE4     : AndroidEGL::ReInit()
01-25 02:01:55.709 25810 25829 D UE4     : AndroidEGL::ResetDisplay()
01-25 02:01:55.709 25810 25829 D UE4     : AndroidEGL::InitSurface 0, 1
01-25 02:01:55.710 25810 25829 D UE4     : AndroidEGL::CreateEGLSurface() Already initialized: 0xe3fb3348
01-25 02:01:55.710 25810 25829 D UE4     : ExecWindowCreated, 0, 1, 0
01-25 02:01:55.710 25810 25829 D UE4     : [2019.01.25-07.01.55:710][  0]LogAndroidEvents: Display: DequeueAppEvent : 12, 0
01-25 02:01:55.710 25810 25829 D UE4     : [2019.01.25-07.01.55:710][  0]LogAndroidEvents: Display: DequeueAppEvent : 8, 0
01-25 02:01:55.710 25810 25829 D UE4     : [2019.01.25-07.01.55:710][  0]LogAndroidEvents: Display: DequeueAppEvent : 9, 0
01-25 02:01:55.710 25810 25829 D UE4     : [2019.01.25-07.01.55:710][  0]LogAndroidEvents: Display: DequeueAppEvent : 7, 0
01-25 02:01:55.710 25810 25829 D UE4     : [2019.01.25-07.01.55:710][  0]LogTemp: Android resume audio
01-25 02:01:55.711 25810 25939 D UE4     : [2019.01.25-07.01.55:711][  0]LogRenderer: Reallocating scene render targets to support 720x1280 Format 10 NumSamples 1 (Frame:1).
01-25 02:01:55.715 25810 25829 D UE4     : Registering volume receiver
01-25 02:01:55.722  3755  7396 D AudioService: getStreamVolume 3 index 110
01-25 02:01:55.722 25810 25829 D UE4     : startVolumeReceiver: 11
01-25 02:01:55.722 25810 25829 D UE4     : nativeVolumeEvent(11)
01-25 02:01:55.722 25810 25829 D UE4     : Registering battery receiver
01-25 02:01:55.725 25810 25829 D UE4     : Registering headset receiver
01-25 02:01:55.727 25810 25829 D UE4     : startHeadsetReceiver: 0
01-25 02:01:55.727 25810 25829 D UE4     : nativeHeadsetEvent(0)
01-25 02:01:55.727 25810 25810 D UE4     : Battery: status = 2, rawlevel = 68, scale = 100
01-25 02:01:55.727 25810 25810 D UE4     : nativeBatteryEvent(stat = 2, lvl = 68  temp = 30.90 C)
01-25 02:01:55.735 25810 25939 D UE4     : [2019.01.25-07.01.55:735][  0]LogRHI: Using OpenGL program LRU cache: 0
01-25 02:01:55.755 25810 25919 D UE4     : *** JavaEnvDestructor: 25919
01-25 02:01:56.044 25810 25941 D UE4     : [2019.01.25-07.01.56:044][  0]LogTcpMessaging: Started Connection to '127.0.0.1:48585'
01-25 02:01:56.045 25810 25941 D UE4     : [2019.01.25-07.01.56:045][  0]LogTcpMessaging: Discovered node 'D1BFBB0E46D580F2F038EEA0EC00AF4F' on connection '127.0.0.1:48585'...
01-25 02:01:56.053 25810 25917 D UE4     : *** JavaEnvDestructor: 25917
01-25 02:01:56.053 25810 25918 D UE4     : *** JavaEnvDestructor: 25918
01-25 02:01:56.054 25810 25916 D UE4     : *** JavaEnvDestructor: 25916
01-25 02:01:56.156 25810 25829 D UE4     : [2019.01.25-07.01.56:155][  0]LogUdpMessaging: Initializing bridge on interface 0.0.0.0:0 to multicast group 230.0.0.1:6666.
01-25 02:01:56.842 25810 25915 D UE4     : *** JavaEnvDestructor: 25915
01-25 02:01:57.010  3755  9977 D GameManagerService: identifyGamePackage. com.GeekTechnique.InfinityStack
01-25 02:01:57.044 25810 25914 D UE4     : *** JavaEnvDestructor: 25914
01-25 02:01:57.099  3755  4415 D InputReader: Input event(5): value=1 when=63585280232000
01-25 02:01:57.099  3755  4415 D InputReader: !@notifyKey(172), action=0
01-25 02:01:57.100  3755  4415 D InputManager-JNI: !@interceptKeyBeforeQueueing(172), action=0, interactive=false
01-25 02:01:57.106  3755  4415 D SamsungPhoneWindowManager: mWakeUpBooster.acquire()
01-25 02:01:57.112  3755  4415 D PowerManagerService: [api] [s] wakeUpWithReason (uid: 1000 pid: 3755) eventTime = 63585280 event = 1
01-25 02:01:57.112  3755  4415 I PowerManagerService: !@[ps] Screen__On  - 165 :  wakeUpWithReason: 1 (uid: 1000 pid: 3755) (1)
01-25 02:01:57.113  3755  4415 I PowerManagerService: Waking up from sleep (uid 1000)...
01-25 02:01:57.113  3755  4548 D NetworkPolicy: onScreenStateChanged, state: true, reason: 1
01-25 02:01:57.114  3755  4415 D InputManager-JNI: setInteractive(true)
01-25 02:01:57.114  3755  4415 D InputReader: Device ID 3: Releasing active all slots palm because the phone became interactive
01-25 02:01:57.115  3755  4415 D PowerManagerService: [PWL] sb acquire: PowerManagerService.Broadcasts
01-25 02:01:57.116  3755  4548 V KeyguardServiceDelegate: onStartedWakingUp() reason:1
01-25 02:01:57.116  3755  4548 D PowerManagerNotifier: handleEarlyInteractiveChange reason = 1
01-25 02:01:57.116  3755  4415 D PowerManagerService: [s] getScreenOffTimeoutLocked: 600000 -> 3000
01-25 02:01:57.117  3755  4415 D PowerManagerService: [s] UserActivityState : 0 -> 1
01-25 02:01:57.117  3755  4415 D PowerManagerService: mDisplayReady: false
01-25 02:01:57.117  3755  4415 D PowerManagerService: [PWL] sb acquire: PowerManagerService.Display
01-25 02:01:57.117  3755  4415 D InputManager-JNI: !@handleInterceptActions(172), action=0, wmActions=0
01-25 02:01:57.117  3755  4415 D InputManager-JNI: Disable repeat for home key when device wake up
01-25 02:01:57.117  4621  5100 D KeyguardViewMediator: onStartedWakingUpWithReason, seq = 166 why = 1
01-25 02:01:57.118  3755  3792 D DisplayPowerController: animateScreenStateChange[0]: target=2
01-25 02:01:57.118  3755  3792 D DisplayPowerController: [M OS] 0 REPORTED_TO_POLICY_SCREEN_OFF -> REPORTED_TO_POLICY_SCREEN_TURNING_ON.
01-25 02:01:57.118  4621  5100 D KeyguardViewMediator: notifyStartedWakingUp
01-25 02:01:57.118  3755  3792 I DisplayPowerController: Blocking screen on until initial contents have been drawn.
01-25 02:01:57.118  4621  4621 D KeyguardViewMediator: handleNotifyWakingUp
01-25 02:01:57.120  3755  3792 V KeyguardServiceDelegate: onScreenTurnedOn(showListener = com.android.server.policy.PhoneWindowManager$2@ded8c72)
01-25 02:01:57.121  3755  3792 D DisplayPowerController: mWindowManagerPolicy.screenTurningOn(mPendingScreenOnUnblocker, 0)
01-25 02:01:57.121  4621  5100 D KeyguardViewMediator: notifyScreenOn
01-25 02:01:57.121  3755  3792 D DisplayPowerController: animateScreenStateChange[0]: return as screen on blocked
01-25 02:01:57.121  3755  3792 D DisplayPowerController: [Dual Screen Compatible] state[0] :2
01-25 02:01:57.121  3755  3792 D AutomaticBrightnessController: [DAB] no lux value from sensor manager
01-25 02:01:57.121  3755  3792 D DisplayPowerController: getFinalBrightness : Summary is 148 -> 148
01-25 02:01:57.122  3755  3792 D DisplayPowerController: Animating brightness: target=148, rate=0 (PSM:true, AB limit:(-1 ~ -1) MB Limit:(-1 ~ -1))
01-25 02:01:57.122  3755  3792 D DisplayPowerController: animateScreenStateChange[0]: target=2
01-25 02:01:57.122  3755  4550 D AutomaticBrightnessController: [DAB] setLightSensorEnabled : registerListenerRunnable
01-25 02:01:57.122  3755  3792 D DisplayPowerController: animateScreenStateChange[0]: return as screen on blocked
01-25 02:01:57.122  3755  3792 D DisplayPowerController: [Dual Screen Compatible] state[0] :2
01-25 02:01:57.122  3755  3797 I libsuspend: !@autosuspend_wakeup_count_disable
01-25 02:01:57.122  3755  3792 D DisplayPowerController: getFinalBrightness : Summary is 148 -> 148
01-25 02:01:57.122  3755  3797 I libsuspend: !@autosuspend_wakeup_count_disable done
01-25 02:01:57.122  3755  3792 D DisplayPowerController: Animating brightness: target=148, rate=2000 (PSM:true, AB limit:(-1 ~ -1) MB Limit:(-1 ~ -1))
01-25 02:01:57.122  3755  3797 D DisplayManagerService: !@display_state: OFF -> ON brightness: 0 -> 0
01-25 02:01:57.123  3755  3790 I DisplayManagerService: Display device changed state: "Built-in Screen", ON
01-25 02:01:57.124  3219  3219 D SurfaceFlinger: Set power mode=2, type=0 flinger=0x755b088940
01-25 02:01:57.124  3219  3219 I hwcomposer: int exynos_setPowerMode(struct hwc_composer_device_1 *, int, int):: disp(0), mode(2)
01-25 02:01:57.124  3755  4550 W CAE     : setCAProperty(ContextAwareService.java:589) - [setProperty 01] Mutex is locked for AUTO_BRIGHTNESS
01-25 02:01:57.124  3755  3755 V SamsungAlarmManager: Sending to uid : 10059 action=null alarm=Alarm{149ad19 type 3 when 123300311 com.asurion.android.verizon.vms}
01-25 02:01:57.126  3755  4550 I CAE     : setPropertyValue(AutoBrightnessRunner.java:126) - Mode = 0
01-25 02:01:57.127  3755  4550 I CAE     : sendCmdToSensorHub(SensorHubCommManager.java:162) - -63, 23, 48, 1, 0,
01-25 02:01:57.130  3755  4550 D SensorHubManager: SendSensorHubData: send data = -63, 23, 48, 1, 0
01-25 02:01:57.133  3231  3266 D Sensorhubs: sendContextData: -63, 23, 48, 1, 0
01-25 02:01:57.141  3755  3755 D CompatibilityInfo: mCompatibilityFlags - 0
01-25 02:01:57.141  3755  3755 D CompatibilityInfo: applicationDensity - 420
01-25 02:01:57.142  3755  3755 D CompatibilityInfo: applicationScale - 1.0
01-25 02:01:57.143  3755  4550 I CAE     : setCAProperty(ContextAwareService.java:594) - result : true
01-25 02:01:57.144  3755  4550 W CAE     : setCAProperty(ContextAwareService.java:595) - [setProperty 02] Mutex is unlocked for AUTO_BRIGHTNESS
01-25 02:01:57.145  4621  4621 D KeyguardFingerPrint: shouldListenForFingerprint ( isFingerprintEnabled = true , mKeyguardIsVisible = true , mDeviceInteractive = true , mBouncer = false , mGoingToSleep = false , mSwitchingUser = false , mFingerprintAlreadyAuthenticated = false , mKeyguardUnlocking = false
01-25 02:01:57.145  3755  4550 W CAE     : registerCallback(ContextAwareService.java:155) - [regi 01] Mutex is locked for AUTO_BRIGHTNESS
01-25 02:01:57.149  3755  4550 V CAE     : start(ContextProvider.java:128)
01-25 02:01:57.151  4621  4621 V KeyguardFingerPrint: startListeningForFingerprint()
01-25 02:01:57.153  3755  4550 V CAE     : clear(AutoBrightnessRunner.java:267)
01-25 02:01:57.153  3755  4550 V CAE     : enable(AutoBrightnessRunner.java:243)
01-25 02:01:57.159  3755  4550 I CAE     : sendCmdToSensorHub(SensorHubCommManager.java:162) - -79, 48, 0,
01-25 02:01:57.159  3755  4550 D SensorHubManager: SendSensorHubData: send data = -79, 48, 0
01-25 02:01:57.168  3231 12685 D Sensorhubs: sendContextData: -79, 48, 0
01-25 02:01:57.170  3755  7357 D FingerprintService: getEnrolledFingerprints : userId = 0
01-25 02:01:57.171  3755  6279 I FingerprintService: cancelAuthentication : token=android.os.BinderProxy@9071fbf from pid=4621, from uid=10055
01-25 02:01:57.173  3755  6281 I FingerprintService: authenticate: groudId=0 from pid=4621
01-25 02:01:57.178  3755  3755 D GameManagerService: onDisplayChanged. displyId: 0
01-25 02:01:57.179  3755  4550 D CAE     : getFaultDetectionResult(AutoBrightnessRunner.java:281) - true
01-25 02:01:57.180  3755  4550 I CAE     : notifyCmdProcessResultObserver(ContextProvider.java:627) - CheckResult = 0, Cause = Success
01-25 02:01:57.180  3755  3755 D GameManagerService: dpi: 420, longPixel: 1920, shortPixel: 1080
01-25 02:01:57.182  4621  4621 D LockIcon: state = 0, mLastState = 0, mDeviceInteractive = true, mLastDeviceInteractive = true, mScreenOn = false, mLastScreenOn = false,  force = false
01-25 02:01:57.184  4621 25961 I KeyguardViewMediator: notifyScreenOnOffToNotes(com.samsung.android.snote.SCREEN_ON)
01-25 02:01:57.185  4621  4621 D KeyguardViewMediator: handleNotifyScreenTurningOn
01-25 02:01:57.188  3755  7362 I Sensors : Proximity old sensor_state 1, new sensor_state : 129 en : 1
01-25 02:01:57.189  3277  3277 D bauth_service: BAuthService, 371
01-25 02:01:57.189  3277  3277 D bauth_FPBAuthService: thread id : 3, preenroll_flag : 0, nd cnt : 0
01-25 02:01:57.189  3277  3277 D bauth_service: BAuthService, 390
01-25 02:01:57.190  3755  3755 D FingerprintService: ClientMonitor: 10000000000000000000000000010111
01-25 02:01:57.190  3277  3277 V fingerprintd: authenticate(sid=0, gid=0)
01-25 02:01:57.190  3277  3277 D bauth_service: BAuthService, 324
01-25 02:01:57.190  3277  3277 D bauth_service: BAuthService, 54
01-25 02:01:57.191  3755  4550 D CAE     : doCommendProcess(ContextAwareService.java:444) - complete notify the operation result.
01-25 02:01:57.192  3277 25962 D bauth_FPBAuthService: FPBAuthService, 649
01-25 02:01:57.192  3277 25962 D bauth_FPBAuthSensorControl: FPBAuthSensorControl, 304
01-25 02:01:57.192  3277 25962 D bauth_FPBAuthService: FPBAuthService, 666
01-25 02:01:57.192  3277 25962 D bauth_FPBAuthService: FPBAuthService, 3123
01-25 02:01:57.192  3277 25962 I TLC_BAUTH: Call FUNC ID 0x3 , 1;477
01-25 02:01:57.192  3277 25962 I TLC_BAUTH: input memory already allocated;579
01-25 02:01:57.192  3277 25962 I TLC_BAUTH: output memory already allocated;606
01-25 02:01:57.192  3277 25962 I TLC_BAUTH: Call FP cmd 0x11;327
01-25 02:01:57.192  3277 25962 I tlc_communication: Send Trustlet TCI Message;214
01-25 02:01:57.193  3277 25962 I tlc_communication: mcNotify is completed;224
01-25 02:01:57.194  3277 25962 I tlc_communication: mcWaitNotification is completed;237
01-25 02:01:57.194  3277 25962 I TLC_BAUTH: Check the Trustlet return code is completed;362
01-25 02:01:57.194  3277 25962 I TLC_BAUTH: ion alloc dm;646
01-25 02:01:57.194  3277 25962 I TLC_BAUTH: Call FP cmd 0x12;379
01-25 02:01:57.194  3277 25962 I tlc_communication: Send Trustlet TCI Message;214
01-25 02:01:57.194  3277 25962 I tlc_communication: mcNotify is completed;224
01-25 02:01:57.196  3755  4550 I CAE     : displayUsedCountForService(ContextAwareService.java:536) - totalCnt = 1, serviceCount = 1, subCollectionCount = 0
01-25 02:01:57.196  3277 25962 I tlc_communication: mcWaitNotification is completed;237
01-25 02:01:57.196  3277 25962 I TLC_BAUTH: Check the Trustlet return code is completed;406
01-25 02:01:57.196  3277 25962 I TLC_BAUTH: FUNC ID 0x3 is completed;675
01-25 02:01:57.196  3277 25962 D bauth_FPBAuthService: FPBAuthService, 694
01-25 02:01:57.196  3755  4550 D CAE     : showListenerList(ContextAwareService.java:377) - ===== Context Aware Service List =====
01-25 02:01:57.197  3755  4550 I CAE     : showListenerList(ContextAwareService.java:386) - Listener : com.samsung.android.contextaware.manager.ContextAwareService$Listener@57a7418, Service : PEDOMETER(1)
01-25 02:01:57.198  3755  4550 I CAE     : showListenerList(ContextAwareService.java:386) - Listener : com.samsung.android.contextaware.manager.ContextAwareService$Listener@ead6f73, Service : ACTIVITY_TRACKER_BATCH(1)
01-25 02:01:57.198  3755  4550 I CAE     : showListenerList(ContextAwareService.java:386) - Listener : com.samsung.android.contextaware.manager.ContextAwareService$Listener@acffaa9, Service : STEP_LEVEL_MONITOR(1)
01-25 02:01:57.201  3755  4550 I CAE     : showListenerList(ContextAwareService.java:386) - Listener : com.samsung.android.contextaware.manager.ContextAwareService$Listener@fac7cb2, Service : SENSOR_STATUS_CHECK_RUNNER(1)
01-25 02:01:57.201  3277  3277 D bauth_Worker: Worker, 48
01-25 02:01:57.201  3277  3277 D bauth_FPBAuthService: thread id : 3, preenroll_flag : 0, nd cnt : 0
01-25 02:01:57.201  3277  3277 D bauth_service: BAuthService, 365
01-25 02:01:57.201  3755  4550 I CAE     : showListenerList(ContextAwareService.java:386) - Listener : com.samsung.android.contextaware.manager.ContextAwareService$Listener@164059b, Service : ACTIVITY_TRACKER_CURRENT_INFO(1)
01-25 02:01:57.202  3755  3755 W FingerprintService: startAuthentication FP_FINISH (12ms) RESULT: 0
01-25 02:01:57.202  3755  4550 I CAE     : showListenerList(ContextAwareService.java:386) - Listener : com.samsung.android.contextaware.manager.ContextAwareService$Listener@6ee68c, Service : AUTO_BRIGHTNESS(1)
01-25 02:01:57.203  3755  4550 W CAE     : registerCallback(ContextAwareService.java:191) - [regi 02] Mutex is unlocked for AUTO_BRIGHTNESS
01-25 02:01:57.203  3277 25962 D bauth_FPBAuthSensorControl: FPBAuthSensorControl, 346
01-25 02:01:57.203  3277 25962 D bauth_FPBAuthService: FPBAuthService, 706
01-25 02:01:57.203  3277 25962 D bauth_FPBAuthService: FPBAuthService, 3142
01-25 02:01:57.203  3755  4550 D SemContextService: 	.registerCallback : 4, client=
01-25 02:01:57.203  3755  4550 D SemContextService: ===== SemContext Service List =====
01-25 02:01:57.204  3755  4550 D SemContextService: Listener : com.samsung.android.hardware.context.SemContextService$Listener@712ee71, Service : Step Level Monitor
01-25 02:01:57.204  3755  4550 D SemContextService: Listener : com.samsung.android.hardware.context.SemContextService$Listener@712ee71, Service : Pedometer
01-25 02:01:57.204  3755  4550 D SemContextService: Listener : com.samsung.android.hardware.context.SemContextService$Listener@dbfae30, Service : Activity Batch
01-25 02:01:57.204  3755  4550 D SemContextService: Listener : com.samsung.android.hardware.context.SemContextService$Listener@e1b8403, Service : Sensor Status Check
01-25 02:01:57.204  3755  4550 D SemContextService: Listener : com.samsung.android.hardware.context.SemContextService$Listener@5bf01d5, Service : Auto Brightness
01-25 02:01:57.204  3755  4550 D SemContextManager:   .registerListener : listener = android.hardware.scontext.SContextManager$SContextListenerDelegate@8dbf1b1, service=Auto Brightness
01-25 02:01:57.204  3755  4550 D SContextManager:   .registerListener : listener = com.android.server.display.AutomaticBrightnessController$5@11bb8c3, service=Auto Brightness
01-25 02:01:57.204  3755  4550 D PowerManagerUtil: Excessive delay in SensorHubAutoBrightnessEnabled::registerListener done: 82ms
01-25 02:01:57.206  4621  4621 D SensorManager: registerListener :: 5, TMD4903 Proximity Sensor, 20000, 0,  
01-25 02:01:57.206  4621  4621 D KeyguardServiceBoxContainer: refreshTime()
01-25 02:01:57.207  4621  4621 I KeyguardClockPage: refreshTime(): DefaultSingle2016 hometime:America/New_York locale:en_US hasBG?false, Roaming:false
01-25 02:01:57.212  3755  7360 D SamsungAlarmManager: setExact Intent (T:3/F:5/AC:false) 20190125T020202 - CU:10059/CP:6576
01-25 02:01:57.214  4621  4621 D WallpaperViewController: onScreenTurningOn
01-25 02:01:57.214  4621  4621 D WallpaperViewController: mWallpaperView.onResume()
01-25 02:01:57.214  4621  4621 D KeyguardViewMediator: IKeyguardDrawnCallback.onDrawn()
01-25 02:01:57.214  3755  5085 V KeyguardServiceDelegate: **** SHOWN CALLED ****
01-25 02:01:57.228  3755  9977 D GameManagerService: identifyGamePackage. com.GeekTechnique.InfinityStack
01-25 02:01:57.230  3219  3451 I Layer   : [com.GeekTechnique.InfinityStack/com.epicgames.ue4.GameActivity] addSyncPoint start
01-25 02:01:57.230  3219  3451 I Layer   : [com.GeekTechnique.InfinityStack/com.epicgames.ue4.GameActivity] addSyncPoint end
01-25 02:01:57.230  3219  3451 I Layer   : [com.GeekTechnique.InfinityStack/com.epicgames.ue4.GameActivity] addSyncPoint start
01-25 02:01:57.230  3219  3451 I Layer   : [com.GeekTechnique.InfinityStack/com.epicgames.ue4.GameActivity] addSyncPoint end
01-25 02:01:57.231  3755  4344 I Sensors : ProximitySensor - 8(cm)
01-25 02:01:57.231  3755  4415 D InputReader: Input event(5): value=0 when=63585410126000
01-25 02:01:57.231  3755  4415 D InputReader: !@notifyKey(172), action=1
01-25 02:01:57.231  3755  4415 D InputManager-JNI: !@interceptKeyBeforeQueueing(172), action=1, interactive=true
01-25 02:01:57.234  3755  4415 D InputManager-JNI: !@handleInterceptActions(172), action=1, wmActions=1
01-25 02:01:57.235 24693 24693 D InstantMemo_Service: mScreenReceiver
01-25 02:01:57.235 24693 24693 D InstantMemo_Service: onReceive mScreenStatuscom.samsung.android.snote.SCREEN_ON
01-25 02:01:57.235 24693 24693 D InstantMemo_Service: mPISCloseReceiver close()
01-25 02:01:57.235 24693 24693 D InstantMemo_Service: preInitService Close
01-25 02:01:57.236 24693 24693 D InstantMemo_Service: doStopSelf() mDestroy is false mReStart is 0
01-25 02:01:57.237  3755  4414 I WindowManager: Ignoring HOME; down is not pressed.
01-25 02:01:57.238  3755  3755 D LightsService: [api] [SvcLED] turnOff:: id = 5 (uid: 1000 pid: 3755) 
01-25 02:01:57.238  3755  3755 D PowerManagerUtil: fileWriteString to /sys/power/wake_lock, LightsService
01-25 02:01:57.238 24693 24693 D ViewRootImpl@ab26b2a[InstantMemo_Service]: mHardwareRenderer.destroy()#4
01-25 02:01:57.238  3755  3755 D LightsService: [SvcLED] setSvcLedStateLocked:: SvcLEDState : 0x10 -> 0x0 | SvcLED(id=5) set Off
01-25 02:01:57.238  3755  3755 D BatteryService: turn off LED
01-25 02:01:57.238  3755  3796 D LightsService: [SvcLED] handleForcedSvcLEDTask()
01-25 02:01:57.238  3755  3796 D lights  : led_pattern : 0 +
01-25 02:01:57.239 25810 25941 D UE4     : [2019.01.25-07.01.57:239][  0]LogTcpMessaging: Lost node 'D1BFBB0E46D580F2F038EEA0EC00AF4F' on connection '127.0.0.1:48585'...
01-25 02:01:57.239 25810 25941 D UE4     : *** JavaEnvDestructor: 25941
01-25 02:01:57.240 24693 24693 D InstantMemo_Service: doStopSelf() - end
01-25 02:01:57.240 24693 24693 D ViewRootImpl@ab26b2a[InstantMemo_Service]: dispatchDetachedFromWindow
01-25 02:01:57.241  3755  9977 D SSRM:t  : SIOP:: AP = 370, PST = 366 (W:10), CP = 271, CUR = 286, LCD = 0
01-25 02:01:57.242  3755  3796 D lights  : led_pattern : 0 -
01-25 02:01:57.242  3755  3796 D LightsService: [SvcLED]  setSvcLedLightLocked :: Current SvcLED(id=5) maintains its priority right
01-25 02:01:57.242  3755  3796 D PowerManagerUtil: fileWriteString to /sys/power/wake_unlock, LightsService
01-25 02:01:57.242  3277 25962 D bauth_FPBAuthSensorControl: FPBAuthSensorControl, 552
01-25 02:01:57.242  3277 25962 I TLC_BAUTH: Call FP cmd 0x1;841
01-25 02:01:57.242  3277 25962 I tlc_communication: Send Trustlet TCI Message;214
01-25 02:01:57.242  3277 25962 I tlc_communication: mcNotify is completed;224
01-25 02:01:57.243  3755  4498 D WindowManager: disposeInputChannel mInputChannel: 55633e5 com.samsung.android.snote.control.ui.quickmemo.service.InstantMemo_Service (server)
01-25 02:01:57.243  3755  9977 D ConnectivityService: filterNetworkStateForUid() uid: 1000 networkInfo: [type: WIFI[] - WIFI, state: CONNECTED/CONNECTED, reason: (unspecified), extra: "wilkinson2.4", failover: false, available: true, roaming: false, metered: false]
01-25 02:01:57.243  3755  4498 W AppOps  : Finishing op nesting under-run: uid 10160 pkg com.samsung.android.snote code 64 time=0 duration=0 nesting=0
01-25 02:01:57.246  3219  3284 I Layer   : [com.GeekTechnique.InfinityStack/com.epicgames.ue4.GameActivity] addSyncPoint start
01-25 02:01:57.246  3219  3284 I Layer   : [com.GeekTechnique.InfinityStack/com.epicgames.ue4.GameActivity] addSyncPoint end
01-25 02:01:57.246  3219  3284 I Layer   : [com.GeekTechnique.InfinityStack/com.epicgames.ue4.GameActivity] addSyncPoint start
01-25 02:01:57.246  3219  3284 I Layer   : [com.GeekTechnique.InfinityStack/com.epicgames.ue4.GameActivity] addSyncPoint end
01-25 02:01:57.247  3755  4498 D InputTransport: Input channel destroyed: fd=475
01-25 02:01:57.247  4621  4732 W OpenGLRenderer: Incorrectly called buildLayer on View: NotificationPanelView, destroying layer...
01-25 02:01:57.247  4621  4621 D SensorManager: Proximity, val = 8.0  [far]
01-25 02:01:57.247  4621  4621 D ViewRootImpl@7738be1[StatusBar]: MSG_RESIZED_REPORT: ci=Rect(0, 0 - 0, 0) vi=Rect(0, 0 - 0, 0) or=1
01-25 02:01:57.248 24693 24693 D InputTransport: Input channel destroyed: fd=54
01-25 02:01:57.248 24693 24693 D InstantMemo_Service: onDestroy()
01-25 02:01:57.248 24693 24693 E SpenGLInView: setPageDoc is closed
01-25 02:01:57.249 24693 24693 D SPen_Library: GLCanvas static jboolean SPen::GLCanvasGlue::setPageDoc(JNIEnv*, jclass, jlong, jobject, jboolean) canvas = -566456768 pageDoc = 0 isUpdate = false
01-25 02:01:57.249 24693 24693 E SPen_Library: virtual bool SPen::WorkerThreadImpl::WaitForExecution(). Worker is on pause (Queued task: 0). No task executed executed.
01-25 02:01:57.249 24693 24693 D spe_log : static void SPen::BitmapGL::destroyGLBitmap(SPen::BitmapGL*) bitmap is null
01-25 02:01:57.249 24693 24693 D spe_log : static void SPen::BitmapGL::destroyGLBitmap(SPen::BitmapGL*) bitmap is null
01-25 02:01:57.249 24693 24693 D SPen_Library: SetPageDoc: PageDoc is null..
01-25 02:01:57.249 24693 24693 D SPen_Library: GLCanvas static void SPen::GLCanvasGlue::finalize(JNIEnv*, jclass, jlong) canvas = -566456768
01-25 02:01:57.249 24693 24693 D SPen_Library: GLCanvas virtual void SPen::GLCanvas::ClearData()
01-25 02:01:57.249 24693 24693 E SPen_Library: virtual bool SPen::WorkerThreadImpl::WaitForExecution(). Worker is on pause (Queued task: 5). No task executed executed.
01-25 02:01:57.249 24693 24693 D SPen_Library: virtual SPen::WorkerThreadImpl::~WorkerThreadImpl() Cleanup
01-25 02:01:57.249 24693 24693 E SPen_Library: virtual bool SPen::WorkerThreadImpl::WaitForExecution(). Worker is on pause (Queued task: 0). No task executed executed.
01-25 02:01:57.249 24693 24693 E SPen_Library: virtual bool SPen::WorkerThreadImpl::WaitForExecution(). Worker is on pause (Queued task: 0). No task executed executed.
01-25 02:01:57.249 24693 24693 D spe_log : static void SPen::BitmapGL::destroyGLBitmap(SPen::BitmapGL*) bitmap is null
01-25 02:01:57.249 24693 24693 D spe_log : static void SPen::BitmapGL::destroyGLBitmap(SPen::BitmapGL*) bitmap is null
01-25 02:01:57.249 24693 24693 D SPen_Library: SetPageDoc: PageDoc is null..
01-25 02:01:57.249 24693 24693 D SPen_Library: virtual SPen::WorkerThreadImpl::~WorkerThreadImpl() Cleanup
01-25 02:01:57.249 24693 24693 D spe_log : static void SPen::BitmapGL::destroyGLBitmap(SPen::BitmapGL*) bitmap is null
01-25 02:01:57.249 24693 24693 D spe_log : static void SPen::BitmapGL::destroyGLBitmap(SPen::BitmapGL*) bitmap is null
01-25 02:01:57.249 24693 24693 D spe_log : static void SPen::BitmapGL::destroyGLBitmap(SPen::BitmapGL*) bitmap is null
01-25 02:01:57.249 24693 24693 D spe_log : static void SPen::BitmapGL::destroyGLBitmap(SPen::BitmapGL*) bitmap is null
01-25 02:01:57.249 24693 24693 D spe_log : static void SPen::BitmapGL::destroyGLBitmap(SPen::BitmapGL*) bitmap is null
01-25 02:01:57.249 24693 24693 D spe_log : static void SPen::BitmapGL::destroyGLBitmap(SPen::BitmapGL*) bitmap is null
01-25 02:01:57.249 24693 24693 D spe_log : static void SPen::BitmapGL::destroyGLBitmap(SPen::BitmapGL*) bitmap is null
01-25 02:01:57.249 24693 24693 D spe_log : static void SPen::BitmapGL::destroyGLBitmap(SPen::BitmapGL*) bitmap is null
01-25 02:01:57.249 24693 24693 D spe_log : static void SPen::BitmapGL::destroyGLBitmap(SPen::BitmapGL*) bitmap is null
01-25 02:01:57.249 24693 24693 D spe_log : static void SPen::BitmapGL::destroyGLBitmap(SPen::BitmapGL*) bitmap is null
01-25 02:01:57.249 24693 24693 D spe_log : static void SPen::BitmapGL::destroyGLBitmap(SPen::BitmapGL*) bitmap is null
01-25 02:01:57.249 24693 24693 D spe_log : static void SPen::BitmapGL::destroyGLBitmap(SPen::BitmapGL*) bitmap is null
01-25 02:01:57.249 24693 24693 D spe_log : -----  SPen::PageEffectManager::~PageEffectManager()
01-25 02:01:57.249 24693 24693 D spe_log : ----- void SPen::PageEffectManager::destroyEffect()
01-25 02:01:57.249 24693 24693 E SPen_Library: virtual bool SPen::WorkerThreadImpl::WaitForExecution(). Worker is on pause (Queued task: 10). No task executed executed.
01-25 02:01:57.249 24693 24693 D SPen_Library: TextView SPen::TextView::~TextView()
01-25 02:01:57.249 24693 24693 D SPen_Library: TextDrawing SPen::TextDrawing::~TextDrawing()
01-25 02:01:57.249 24693 24693 D SPen_Library: TextView SPen::TextView::~TextView()
01-25 02:01:57.249 24693 24693 D SPen_Library: TextDrawing SPen::TextDrawing::~TextDrawing()
01-25 02:01:57.249 24693 24693 D SPen_Library: TextView SPen::TextView::~TextView()
01-25 02:01:57.249 24693 24693 D SPen_Library: TextDrawing SPen::TextDrawing::~TextDrawing()
01-25 02:01:57.249 24693 24693 D SPen_Library: TextView SPen::TextView::~TextView()
01-25 02:01:57.249 24693 24693 D SPen_Library: TextDrawing SPen::TextDrawing::~TextDrawing()
01-25 02:01:57.249 24693 24693 I PluginManager: unloadPlugin()
01-25 02:01:57.249 24693 24693 I PluginManager: InkPen
01-25 02:01:57.249 24693 24693 D SPen_Library: InkPenSkia virtual SPen::InkPenSkia::~InkPenSkia()
01-25 02:01:57.249 24693 24693 I PluginManager: unloadPlugin() is completed
01-25 02:01:57.249 24693 24693 D SPen_Library: virtual SPen::WorkerThreadImpl::~WorkerThreadImpl() Cleanup
01-25 02:01:57.250 24693 24693 D SPen_Library: void SPen::ShaderManager::CheckEmpty() All shaders was cleaned
01-25 02:01:57.250 24693 24693 D SPen_Library: Canvas virtual void SPen::GLCanvas::ClearData() completed
01-25 02:01:57.252  3755  3755 I CAE     : handleMessage(CaPowerManager.java:188) - AP_WAKEUP
01-25 02:01:57.252  3755  3755 I CAE     : updateApPowerStatus(SensorHubParserProvider.java:451) - AP_WAKEUP
01-25 02:01:57.253  3755  9977 D TelephonyManager: getAllCellInfo : Caller (PID / UID / TID): 3755 / 1000 / 9977
01-25 02:01:57.253  3755  7363 I NotificationService: cancelToast pkg=com.samsung.android.snote callback=android.app.ITransientNotification$Stub$Proxy@917f8db
01-25 02:01:57.253  3755  7363 W NotificationService: Toast already cancelled. pkg=com.samsung.android.snote callback=android.app.ITransientNotification$Stub$Proxy@917f8db
01-25 02:01:57.254 24693 24693 V ZoomPad : stop
01-25 02:01:57.254 24693 24693 V ZoomPad : syn close
01-25 02:01:57.255  3755  3755 I CAE     : sendCmdToSensorHub(SensorHubCommManager.java:162) - -76, 13, -47, 0,
01-25 02:01:57.255  3755  7395 I Sensors : Acc old sensor_state 129, new sensor_state : 128 en : 0
01-25 02:01:57.255  3755  3755 D SensorHubManager: SendSensorHubData: send data = -76, 13, -47, 0
01-25 02:01:57.255  3231  3231 D Sensorhubs: sendContextData: -76, 13, -47, 0
01-25 02:01:57.262 24693 24693 D SensorManager: unregisterListener ::   
01-25 02:01:57.262 24693 24693 D InstantMemo_Service: onDestroy() - end
01-25 02:01:57.264  3755  7367 I ActivityManager: Killing 24693:com.samsung.android.snote:instantMemo/u0a160 (adj 906): DHA:empty #31
01-25 02:01:57.270  3755  3755 D ClientCertificateManager Service: updateLockStatus, user.id 0
01-25 02:01:57.270  3755  3755 I         : CCM JNI: In ccm_update_lock_status
01-25 02:01:57.270  3755  3755 I TZ_CCM_C_Initialize: : DEBUG_CONTAINER_PROBLEM Enter TZ_CCM_C_Initialize_TLC!
01-25 02:01:57.270  3755  3755 I TZ_CCM_C_Initialize: : pInitArgs 0x7ffbedde50 has not called C_Init before.
01-25 02:01:57.270  3755  3755 I TZ_CCM_C_Initialize: : &ctx = 0x78bf7fb2c8
01-25 02:01:57.270  3755  3755 E TZ: client_server_communication: comm_request(0x78a75c93a0) pImpl->serverName : CCM 
01-25 02:01:57.270  3755  3755 E TZ: client_server_communication: comm_request(0x78a75c93a0) <IClientServer>pImpl->sconn : 0x78bd23ef40 
01-25 02:01:57.270  3755  3755 E TZ: client_server_communication: comm_request(0x78a75c93a0) <IClientServer>pImpl->sconn->getInterfaceDescriptor() : CCM 
01-25 02:01:57.270  3755  3755 I TZ: client_server_communication: Cmd id = 47, len = 19456
01-25 02:01:57.270  3755  3755 I TZ: client_server_communication: Calling Communicate()
01-25 02:01:57.271  4368  4368 I TLC_SERVER: BnTLCServer::onTransact(2) 16
01-25 02:01:57.271  4368  4368 I TLC_SERVER: COMM
01-25 02:01:57.281  5021  5216 I System.out: Broadcasting: Intent { act=android.intent.action.LTE_SMS_STATUS launchParam=MultiScreenLaunchParams { mDisplayId=0 mFlags=0 } (has extras) }
01-25 02:01:57.282  3755  3755 I TZ_CCM_C_Finalize: : DEBUG_CONTAINER_PROBLEM Exercising TZ_CCM_C_Finalize_TLC
01-25 02:01:57.282  3755  3755 I TZ_CCM_C_Finalize: : There are connections; No C_Finalize for pInitArgs 0x7ffbedde50 
01-25 02:01:57.285  3755  3755 D UniversalCredentialManagerService: inside mBReciever onReceive : android.intent.action.SCREEN_ON
01-25 02:01:57.285  5021  7950 I System.out: Broadcast completed: result=0
01-25 02:01:57.288  3755  3755 D UniversalCredentialManagerService: ****MSG_LOCK_STATUS_UPDATE block started****
01-25 02:01:57.288  3755  3755 D UniversalCredentialManagerService: notifyChangeToPlugin is called for Lock status update...
01-25 02:01:57.288  3755  3755 D UcmService: notifyChangeToPlugin event 15
01-25 02:01:57.288  3755  3755 D UcmService: checkCallerPermissionFor is called for method-notifyChangeToPlugin
01-25 02:01:57.288  3755  3755 I UcmService: checkIfNotify for cs Name = com.samsung.ucs.agent.boot:com.samsung.ucs.agent.boot Package name = com.samsung.ucs.agent.boot
01-25 02:01:57.288  3755  3755 D UcmService: notifying to unmanaged plugin
01-25 02:01:57.289 10227 10241 D BootAgentService: notifyChange eventId-15
01-25 02:01:57.289  3755  3755 D UcmService: activeAgent com.samsung.ucs.agent.boot:com.samsung.ucs.agent.boot notify status - -1
01-25 02:01:57.289  3755  3755 D UcmService: activeAgent status--1
01-25 02:01:57.289  3755  3755 D UniversalCredentialManagerService: ****MSG_LOCK_STATUS_UPDATE block ended****
01-25 02:01:57.297  3755  3755 I WifiTrafficPoller: evaluateTrafficStatsPolling
01-25 02:01:57.302  3755  3755 D LightsService: [api] [SvcLED] turnOff:: id = 6 (uid: 1000 pid: 3755) 
01-25 02:01:57.302  3755  3755 D PowerManagerUtil: fileWriteString to /sys/power/wake_lock, LightsService
01-25 02:01:57.303  3231  3265 D Sensorhubs: readContextData: 1, 1, 44, 1, 1, 1, 1, -126, 67, -41, 2, 0, 0, 0, 0, 0, 0, 0, 0, 0, 7, -4, 1, 1, 48, 0, 0, 0, 53, 0, 0, 0, 13
01-25 02:01:57.303  3755  3755 D LightsService: [SvcLED] setSvcLedStateLocked:: SvcLEDState : 0x0 -> 0x0 | SvcLED(id=6) set Off
01-25 02:01:57.303  3755  3796 D LightsService: [SvcLED] handleForcedSvcLEDTask()
01-25 02:01:57.303  3755  3796 D LightsService: [SvcLED]  setSvcLedLightLocked :: Current SvcLED(id=5) maintains its priority right
01-25 02:01:57.303  3755  3796 D PowerManagerUtil: fileWriteString to /sys/power/wake_unlock, LightsService
01-25 02:01:57.304  3755  4361 D SensorHubManager: onGetSensorHubDataLocked: library(33) = 1, 1, 44, 1, 1, 1, 1, -126, 67, -41, 2, 0, 0, 0, 0, 0, 0, 0, 0, 0, 7, -4, 1, 1, 48, 0, 0, 0, 53, 0, 0, 0, 13
01-25 02:01:57.304  3755  3755 D SmartAlertController: ACTION_SCREEN_ON
01-25 02:01:57.304  3755  4360 D CAE     : onGetSensorHubData(SensorHubParserProvider.java:94) - onGetSensorHubData Event [event buffer len :33], AP_WAKEUP
01-25 02:01:57.304  3755  4459 I WifiConnectivityManager: scheduleWatchdogTimer
01-25 02:01:57.305  3755  4360 I CAE     : parse(SensorHubParserProvider.java:196) - buffer size = 33
01-25 02:01:57.305  3755  4360 I CAE     : parse(SensorHubParserProvider.java:207) - 1, 1, 44, 1, 1, 1, 1, -126, 67, -41, 2, 0, 0, 0, 0, 0, 0, 0, 0, 0, 7, -4, 1, 1, 48, 0, 0, 0, 53, 0, 0, 0, 13,
01-25 02:01:57.305  3755  4360 I CAE     : parse(SLMonitorRunner.java:301) - parse:4
01-25 02:01:57.306  3755  4360 D CAE     : parse(SLMonitorRunner.java:323) - dataSize:1
01-25 02:01:57.306  3755  4360 D CAE     : display(SLMonitorRunner.java:604) - ================= STEP_LEVEL_MONITOR =================
01-25 02:01:57.306  3755  4360 I CAE     : display(SLMonitorRunner.java:721) - DT=[1], DC=[1], TS=[1548399714263], ST=[SE], SC=[0], DI=[0.0], CA=[0.0], DU=[2044]
01-25 02:01:57.307  3241 19486 D audio_hw_primary: adev_set_parameters: enter: kvpairs: screen_state=on
01-25 02:01:57.307  3755  4360 D CAE     : display(ContextProvider.java:375) - ================= AUTO_BRIGHTNESS =================
01-25 02:01:57.307  3755  4360 I CAE     : display(ContextProvider.java:391) - Candela=[53], AmbientLux=[13]
01-25 02:01:57.308  3755  4459 D SamsungAlarmManager: setInexact Listener (T:2/F:8/AC:false) 20190125T022157 - CU:1000/CP:3755
01-25 02:01:57.308  3755  4363 D SemContextService: updateContext() : event = Step Level Monitor
01-25 02:01:57.309  3755  4363 D SemContextService: updateContext() : event = Auto Brightness
01-25 02:01:57.310  3755  3755 D SamsungAlarmManager: Cancel Alarm calling from uid:1000 pid :3755 / op:PendingIntent{c0ecd9e: PendingIntentRecord{b27e07f android broadcastIntent}}
01-25 02:01:57.312 11696 11696 D SemContextManager: onSemContextChanged() : event = Step Level Monitor
01-25 02:01:57.312  3755  4550 D SemContextManager: onSemContextChanged() : event = Auto Brightness
01-25 02:01:57.312 11696 11696 I Sensor[0x06]: [0x01] 33
01-25 02:01:57.312  3755  4550 D SContextManager: onSContextChanged() : event = Auto Brightness
01-25 02:01:57.312 11696 11696 I Sensor[0x04]: [0x01] 1548399714263[0x02] 0[0x03] 2[0x04] 2044
01-25 02:01:57.312  3755  4550 D AutomaticBrightnessController: [DAB] onSensorHubChanged : 1st lux = 13.0, 1st candela = 53.0
01-25 02:01:57.312  3755  4550 D AutomaticBrightnessController: [DAB] updateAutoBrightnessSEC : 41(41.0)    0.0 < 13.0 < 71.0 (0.0)
01-25 02:01:57.312  3755  4550 D AutomaticBrightnessController: mCallbacks.updateBrightness()
01-25 02:01:57.313  3755  3792 D DisplayPowerController: animateScreenStateChange[0]: target=2
01-25 02:01:57.313  3755  3792 D DisplayPowerController: animateScreenStateChange[0]: return as screen on blocked
01-25 02:01:57.313  3755  3792 D DisplayPowerController: [Dual Screen Compatible] state[0] :2
01-25 02:01:57.313  3755  3792 D DisplayPowerController: getFinalBrightness : Summary is 148 -> 148
01-25 02:01:57.313  3755  3792 D DisplayPowerController: Animating brightness: target=148, rate=2000 (PSM:true, AB limit:(-1 ~ -1) MB Limit:(-1 ~ -1))
01-25 02:01:57.315  3755  3755 I MdnieScenarioControlService: action  :  android.intent.action.SCREEN_ON
01-25 02:01:57.315  3755  3755 D MdnieScenarioControlService: isLockScreenOn : true
01-25 02:01:57.317  3277 25962 I tlc_communication: mcWaitNotification is completed;237
01-25 02:01:57.317  3277 25962 I TLC_BAUTH: Check the Trustlet return code is completed;898
01-25 02:01:57.317  3277 25962 D bauth_FPBAuthService: check_opcode status = 0, opcode = 7, func_ret_val = 0, function_status = 0, timeout = 0
01-25 02:01:57.317  3277 25962 I TLC_BAUTH: Call FP cmd 0x1;841
01-25 02:01:57.317  3277 25962 I tlc_communication: Send Trustlet TCI Message;214
01-25 02:01:57.317  3277 25962 I tlc_communication: mcNotify is completed;224
01-25 02:01:57.319  3755  3755 D WifiService: registerForSContext() : successful!
01-25 02:01:57.319  3755  4458 D SamsungAlarmManager: Cancel Alarm calling from uid:1000 pid :3755 / op:PendingIntent{79b784c: PendingIntentRecord{2a19095 android broadcastIntent}}
01-25 02:01:57.319  3755  3755 E SemContext.CaeProvider: setAttribute() : attribute is null!
01-25 02:01:57.320  3755  3755 W CAE     : registerCallback(ContextAwareService.java:155) - [regi 01] Mutex is locked for ACTIVITY_TRACKER
01-25 02:01:57.321  3755  3755 V CAE     : start(ContextProvider.java:128)
01-25 02:01:57.322  3755  3755 V CAE     : clear(ActivityTrackerRunner.java:108)
01-25 02:01:57.323  3755  3755 V CAE     : enable(ActivityTrackerRunner.java:84)
01-25 02:01:57.323  3755  3755 I CAE     : sendCmdToSensorHub(SensorHubCommManager.java:162) - -79, 26, 0, 0, 0, 0, 0, 0, 0, 0, 7, 1, 57,
01-25 02:01:57.323  3755  3755 D SensorHubManager: SendSensorHubData: send data = -79, 26, 0, 0, 0, 0, 0, 0, 0, 0, 7, 1, 57
01-25 02:01:57.324  3231  3266 D Sensorhubs: sendContextData: -79, 26, 0, 0, 0, 0, 0, 0, 0, 0, 7, 1, 57
01-25 02:01:57.326  3755  4459 D BigDataItemCURR: analyze kernel wifi wakelock 
01-25 02:01:57.329  3277 25962 I tlc_communication: mcWaitNotification is completed;237
01-25 02:01:57.329  3277 25962 I TLC_BAUTH: Check the Trustlet return code is completed;898
01-25 02:01:57.329  3277 25962 D bauth_FPBAuthService: check_opcode status = 0, opcode = 0, func_ret_val = 0, function_status = 0, timeout = 0
01-25 02:01:57.329  3277 25962 D bauth_FPBAuthService: FPBAuthService, 3199
01-25 02:01:57.329  3277 25962 D bauth_FPBAuthService: wci 82 82
01-25 02:01:57.329  3277 25962 D         : fprc : cc 
01-25 02:01:57.329  3277 25962 D bauth_FPBAuthSensorControl: FPBAuthSensorControl, 800
01-25 02:01:57.329  3277 25962 D bauth_FPBAuthService: FPBAuthService, 3330
01-25 02:01:57.329  3277 25962 I TLC_BAUTH: Call FP cmd 0x5;1123
01-25 02:01:57.330  3277 25962 I TLC_BAUTH: Check Input Data Param buf addr = 0x0x0 , length = 0;1152
01-25 02:01:57.330  3277 25962 I TLC_BAUTH: Check Output Data Param buf addr = 0x0x0 , length = 0;1163
01-25 02:01:57.330  3277 25962 I tlc_communication: Send Trustlet TCI Message;214
01-25 02:01:57.330  3277 25962 I tlc_communication: mcNotify is completed;224
01-25 02:01:57.331  3755  3755 D CAE     : getFaultDetectionResult(ActivityTrackerRunner.java:154) - true
01-25 02:01:57.332  3755  3755 I CAE     : notifyCmdProcessResultObserver(ContextProvider.java:627) - CheckResult = 0, Cause = Success
01-25 02:01:57.334  3277 25962 I tlc_communication: mcWaitNotification is completed;237
01-25 02:01:57.334  3277 25962 I TLC_BAUTH: Check the Trustlet return code is completed;1207
01-25 02:01:57.334  3277 25962 D bauth_FPBAuthService: FPBAuthService, 3335
01-25 02:01:57.334  3277 25962 D bauth_FPBAuthService: check_opcode status = 2, opcode = 0, func_ret_val = 0, function_status = 0, timeout = 0
01-25 02:01:57.334  3277 25962 D bauth_FPBAuthService: FPBAuthService, 1145
01-25 02:01:57.334  3277 25962 D bauth_FPBAuthService: fpop : 100020
01-25 02:01:57.334  3277 25962 D fingerprintd: onAcquired(10001)
01-25 02:01:57.335  3277 25962 D bauth_FPBAuthUserInfo: FPBAuthUserInfo, 177
01-25 02:01:57.335  3277 25962 D bauth_FPBAuthService: FPBAuthService, 3388
01-25 02:01:57.335  3277 25962 I TLC_BAUTH: Call FP cmd 0x6;1222
01-25 02:01:57.335  3277 25962 I tlc_communication: Send Trustlet TCI Message;214
01-25 02:01:57.335  3277 25962 I tlc_communication: mcNotify is completed;224
01-25 02:01:57.341 25810 25829 D UE4     : [2019.01.25-07.01.57:341][  0]LogTcpMessaging: Initializing TcpMessaging bridge, listening on 127.0.0.1:6666
01-25 02:01:57.343  3755  3755 D CAE     : doCommendProcess(ContextAwareService.java:444) - complete notify the operation result.
01-25 02:01:57.343  3755  6277 D GraphicsStats: Buffer count: 7
01-25 02:01:57.344  3755  5085 D ActivityManager: cleanUpApplicationRecord -- 24693
01-25 02:01:57.345  3755  3755 I CAE     : displayUsedCountForService(ContextAwareService.java:536) - totalCnt = 1, serviceCount = 1, subCollectionCount = 0
01-25 02:01:57.345  3755  3755 D CAE     : showListenerList(ContextAwareService.java:377) - ===== Context Aware Service List =====
01-25 02:01:57.345  3755  3755 I CAE     : showListenerList(ContextAwareService.java:386) - Listener : com.samsung.android.contextaware.manager.ContextAwareService$Listener@57a7418, Service : PEDOMETER(1)
01-25 02:01:57.346  3755  3755 I CAE     : showListenerList(ContextAwareService.java:386) - Listener : com.samsung.android.contextaware.manager.ContextAwareService$Listener@ead6f73, Service : ACTIVITY_TRACKER_BATCH(1)
01-25 02:01:57.346  5967  8175 D ForegroundUtils: could not check pending caller
01-25 02:01:57.346  3755  3755 I CAE     : showListenerList(ContextAwareService.java:386) - Listener : com.samsung.android.contextaware.manager.ContextAwareService$Listener@acffaa9, Service : STEP_LEVEL_MONITOR(1)
01-25 02:01:57.346  3755  3755 I CAE     : showListenerList(ContextAwareService.java:386) - Listener : com.samsung.android.contextaware.manager.ContextAwareService$Listener@fac7cb2, Service : SENSOR_STATUS_CHECK_RUNNER(1)
01-25 02:01:57.347  3755  3755 I CAE     : showListenerList(ContextAwareService.java:386) - Listener : com.samsung.android.contextaware.manager.ContextAwareService$Listener@164059b, Service : ACTIVITY_TRACKER_CURRENT_INFO(1)
