--------- beginning of system
01-05 07:41:02.083  3755  6283 D AudioService: getStreamVolume 3 index 80
01-05 07:41:02.092  3755  6237 D AudioService: getStreamVolume 3 index 80
01-05 07:41:02.094  3755  3768 D AudioService: getStreamVolume 3 index 80
01-05 07:41:02.098  3755  6282 D AudioService: getStreamVolume 3 index 80
01-05 07:41:02.101  3755  6002 D AudioService: getStreamVolume 3 index 80
01-05 07:41:02.107  3755  5844 D AudioService: getStreamVolume 3 index 80
01-05 07:41:02.113  3755  7133 D AudioService: getStreamVolume 3 index 80
01-05 07:41:02.114  3755  6006 D AudioService: getStreamVolume 3 index 80
01-05 07:41:02.117  3755  4481 D AudioService: getStreamVolume 3 index 80
01-05 07:41:02.130  3755  7132 D AudioService: getStreamVolume 3 index 80
01-05 07:41:02.132  3755 10406 D AudioService: getStreamVolume 3 index 80
01-05 07:41:02.299  3755 10408 D AudioService: getStreamVolume 3 index 80
01-05 07:41:02.323  3755  6076 D AudioService: getStreamVolume 3 index 80
01-05 07:41:02.347  3755  9479 D SSRM:t  : SIOP:: AP = 310, PST = 301 (W:22), CP = 239, CUR = 123, LCD = 0
01-05 07:41:02.350  3755  9479 D ConnectivityService: filterNetworkStateForUid() uid: 1000 networkInfo: [type: WIFI[] - WIFI, state: CONNECTED/CONNECTED, reason: (unspecified), extra: "wilkinson2.4", failover: false, available: true, roaming: false, metered: false]
01-05 07:41:02.358  3755  7134 D BatteryService: !@BatteryListener : batteryPropertiesChanged!
01-05 07:41:02.359  3755  7134 D BatteryService: level:62, scale:100, status:2, health:2, present:true, voltage: 4080, temperature: 281, technology: Li-ion, AC powered:false, USB powered:true, POGO powered:false, Wireless powered:false, icon:17303694, invalid charger:0, maxChargingCurrent:0, maxChargingVoltage:0, chargeCounter:0
01-05 07:41:02.359  3755  7134 D BatteryService: online:6, current avg:953, charge type:1, power sharing:false, high voltage charger:false, capacity:280000, batterySWSelfDischarging:false, misc_event:0, current_now:979
01-05 07:41:02.359  3755  7134 D BatteryService: stay LED for charging
01-05 07:41:02.359  3755  3755 D BatteryService: Sending ACTION_BATTERY_CHANGED.
01-05 07:41:02.364  3755  3755 V UiModeManager: updateLocked: null action, mDockState=0, category=null
01-05 07:41:02.364  3755  3755 D UiModeManager: updateConfigurationLocked: mDockState=0; mCarMode=false; mNightMode=1; uiMode=17
01-05 07:41:02.366  3755  3755 D GameManagerService: new battery level: 62
--------- beginning of main
01-05 07:41:02.369  4627  4627 D KeyguardUpdateMonitor: received broadcast android.intent.action.BATTERY_CHANGED
01-05 07:41:02.370  4627  4627 D PowerUI : priorPlugType = 2 mPlugType =  2
01-05 07:41:02.372  4627  4627 D PowerUI.Notification: showChargingNotice oldChargingType : 1 currentChargingType : 1 oldChargingTime : 4837000 mChargingTime : 4826000
01-05 07:41:02.372  4627  4627 D PowerUI.Notification: showChargingNotification()
01-05 07:41:02.376  5028  5028 D PhoneApp: PhoneAppBroadcastReceiver onReceive android.intent.action.BATTERY_CHANGED
01-05 07:41:02.376  5028  5028 D TelephonyExtensionManager: lowBatterySound - isLowBatterySoundScheduled: false
01-05 07:41:02.376  5028  5028 D TelephonyExtensionManager: lowBatterySound - isPlayNow: false
01-05 07:41:02.379  5028  5028 D TelephonyExtensionManager: isSpeakerON - false
01-05 07:41:02.381  3755  6002 D AudioService: getStreamVolume 3 index 80
01-05 07:41:02.385  3755  5844 D AudioService: getStreamVolume 3 index 80
01-05 07:41:02.387  3755  7133 D AudioService: getStreamVolume 3 index 80
01-05 07:41:02.389  3755  4481 D AudioService: getStreamVolume 3 index 80
01-05 07:41:02.389  5028  5028 D TelephonyExtensionManager: lowBatterySound - batteryStatus: 2
01-05 07:41:02.389  5028  5028 D TelephonyExtensionManager: lowBatterySound - batteryLevel: 62
01-05 07:41:02.389  5028  5028 D TelephonyExtensionManager: lowBatterySound - cancel
01-05 07:41:02.389  3755  5072 D SamsungAlarmManager: Cancel Alarm calling from uid:1001 pid :5028 / op:PendingIntent{d4131c0: PendingIntentRecord{8438d06 com.android.phone broadcastIntent}}
01-05 07:41:02.390  5028  5028 D TelephonyExtension: Not stopping low battery tone
01-05 07:41:02.390  3755  4478 D ApplicationPolicy: isStatusBarNotificationAllowedAsUser: packageName = com.android.systemui,userId = -1
01-05 07:41:02.391  4627  4627 D KeyguardUpdateMonitor: handleBatteryUpdate
01-05 07:41:02.391  3755  5993 D AudioService: getStreamVolume 3 index 80
01-05 07:41:02.393  4627  4627 D BatteryMeterDrawable: isSomethingChanged - false
01-05 07:41:02.394  4627  4627 D BatteryMeterDrawable: isSomethingChanged - false
01-05 07:41:02.394  3755  7134 D AudioService: getStreamVolume 3 index 80
01-05 07:41:02.396  3755  6008 D AudioService: getStreamVolume 3 index 80
01-05 07:41:02.397  4627  4627 D Tile.FlashlightTile: ACTION_BATTERY_CHANGED - Level :: 62, emEnabled :: false
01-05 07:41:02.399  3755  7135 D AudioService: getStreamVolume 3 index 80
01-05 07:41:02.401  3755  3769 D AudioService: getStreamVolume 3 index 80
01-05 07:41:02.447  4627  4627 D KeyguardServiceBoxContainer: updateCMAS() hasCmasNotification = false, mHasCMAS = false
01-05 07:41:02.502  3755  6076 D AudioService: getStreamVolume 3 index 80
01-05 07:41:02.531  3755  6009 D AudioService: getStreamVolume 3 index 80
01-05 07:41:02.586  3755  4461 D AudioService: getStreamVolume 3 index 80
01-05 07:41:02.591  3755  6236 D AudioService: getStreamVolume 3 index 80
01-05 07:41:02.595  3755  5842 D AudioService: getStreamVolume 3 index 80
01-05 07:41:02.599  3755  6002 D AudioService: getStreamVolume 3 index 80
01-05 07:41:02.603  3755  5844 D AudioService: getStreamVolume 3 index 80
01-05 07:41:02.607  3755  7133 D AudioService: getStreamVolume 3 index 80
01-05 07:41:02.611  3755  6006 D AudioService: getStreamVolume 3 index 80
01-05 07:41:02.615  3755  6237 D AudioService: getStreamVolume 3 index 80
01-05 07:41:02.618  3755  4449 D AudioService: getStreamVolume 3 index 80
01-05 07:41:02.707  3755 10406 D AudioService: getStreamVolume 3 index 80
01-05 07:41:02.736  3755  4478 D AudioService: getStreamVolume 3 index 80
01-05 07:41:02.791  3755 10408 D AudioService: getStreamVolume 3 index 80
01-05 07:41:02.796  3755  6076 D AudioService: getStreamVolume 3 index 80
01-05 07:41:02.800  3755  6009 D AudioService: getStreamVolume 3 index 80
01-05 07:41:02.804  3755  4461 D AudioService: getStreamVolume 3 index 80
01-05 07:41:02.808  3755  6236 D AudioService: getStreamVolume 3 index 80
01-05 07:41:02.812  3755  5842 D AudioService: getStreamVolume 3 index 80
01-05 07:41:02.816  3755  6002 D AudioService: getStreamVolume 3 index 80
01-05 07:41:02.819  3755  5844 D AudioService: getStreamVolume 3 index 80
01-05 07:41:02.823  3755  7133 D AudioService: getStreamVolume 3 index 80
01-05 07:41:02.912  3755  6006 D AudioService: getStreamVolume 3 index 80
01-05 07:41:02.940  3755  6237 D AudioService: getStreamVolume 3 index 80
01-05 07:41:02.996  3755  4449 D AudioService: getStreamVolume 3 index 80
01-05 07:41:03.000  3755 10406 D AudioService: getStreamVolume 3 index 80
01-05 07:41:03.004  3755  4478 D AudioService: getStreamVolume 3 index 80
01-05 07:41:03.008  3755 10408 D AudioService: getStreamVolume 3 index 80
01-05 07:41:03.012  3755  6076 D AudioService: getStreamVolume 3 index 80
01-05 07:41:03.016  3755  6009 D AudioService: getStreamVolume 3 index 80
01-05 07:41:03.020  3755  4461 D AudioService: getStreamVolume 3 index 80
01-05 07:41:03.023  3755  6236 D AudioService: getStreamVolume 3 index 80
01-05 07:41:03.026  3755  5842 D AudioService: getStreamVolume 3 index 80
01-05 07:41:03.116  3755  6002 D AudioService: getStreamVolume 3 index 80
01-05 07:41:03.145  3755  5844 D AudioService: getStreamVolume 3 index 80
01-05 07:41:03.201  3755  7133 D AudioService: getStreamVolume 3 index 80
01-05 07:41:03.205  3755  6006 D AudioService: getStreamVolume 3 index 80
01-05 07:41:03.209  3755  6237 D AudioService: getStreamVolume 3 index 80
01-05 07:41:03.213  3755  4449 D AudioService: getStreamVolume 3 index 80
01-05 07:41:03.217  3755 10406 D AudioService: getStreamVolume 3 index 80
01-05 07:41:03.220  3755  4478 D AudioService: getStreamVolume 3 index 80
01-05 07:41:03.224  3755 10408 D AudioService: getStreamVolume 3 index 80
01-05 07:41:03.227  3755  6076 D AudioService: getStreamVolume 3 index 80
01-05 07:41:03.231  3755  6009 D AudioService: getStreamVolume 3 index 80
01-05 07:41:03.272 20519 20519 D SecurityManagerNative: SecurityManagerNative v2.7.2.5 On 64bit PLATFORM With BORINGSSL
01-05 07:41:03.283 20519 20519 E appproc : Enhanced Zygote ASLR: ro.knox.enhance.zygote.aslr != 1. Enhanced Zygote ASLR is DISABLED!
01-05 07:41:03.283 20519 20519 D AndroidRuntime: >>>>>> START com.android.internal.os.RuntimeInit uid 2000 <<<<<<
01-05 07:41:03.291 20519 20519 D AndroidRuntime: CheckJNI is OFF
01-05 07:41:03.295 20519 20519 D AndroidRuntime: addProductProperty: start
01-05 07:41:03.320  3755  4461 D AudioService: getStreamVolume 3 index 80
01-05 07:41:03.348  3755  6236 D AudioService: getStreamVolume 3 index 80
01-05 07:41:03.406  3755  5842 D AudioService: getStreamVolume 3 index 80
01-05 07:41:03.410  3755  6002 D AudioService: getStreamVolume 3 index 80
01-05 07:41:03.414  3755  5844 D AudioService: getStreamVolume 3 index 80
01-05 07:41:03.418  3755  7133 D AudioService: getStreamVolume 3 index 80
01-05 07:41:03.423  3755  6006 D AudioService: getStreamVolume 3 index 80
01-05 07:41:03.426  3755  6237 D AudioService: getStreamVolume 3 index 80
01-05 07:41:03.429  3755  4449 D AudioService: getStreamVolume 3 index 80
01-05 07:41:03.433  3755 10406 D AudioService: getStreamVolume 3 index 80
01-05 07:41:03.437  3755  4478 D AudioService: getStreamVolume 3 index 80
01-05 07:41:03.503 20519 20519 I [saiv 1.1]: saiv_OnLoadJNI.cpp(38): _init: Version 1.1 Build # 3532
01-05 07:41:03.503 20519 20519 I [saiv 1.1]: saiv_OnLoadJNI.cpp(43): _init: _init() was called
01-05 07:41:03.523  3755 10408 D AudioService: getStreamVolume 3 index 80
01-05 07:41:03.549 20519 20519 I MLDAP   : ================================================
01-05 07:41:03.549 20519 20519 I MLDAP   :  MLDAP_LIB v1.1.16
01-05 07:41:03.549 20519 20519 I MLDAP   : ================================================
01-05 07:41:03.552  3755  6076 D AudioService: getStreamVolume 3 index 80
01-05 07:41:03.600  5709  5709 D io_stats: !@   8,0 r 561444 17900248 w 311448 8409668 d 71868 5141128 f 88219 88203 iot 592400 364424 th 61440 61440 43616 pt 1400 inp 0 0 29749.179
01-05 07:41:03.609  3755  6009 D AudioService: getStreamVolume 3 index 80
01-05 07:41:03.615  3755  4461 D AudioService: getStreamVolume 3 index 80
01-05 07:41:03.617  3755  6236 D AudioService: getStreamVolume 3 index 80
01-05 07:41:03.622  3755  5842 D AudioService: getStreamVolume 3 index 80
01-05 07:41:03.626  3755  6002 D AudioService: getStreamVolume 3 index 80
01-05 07:41:03.630  3755  5844 D AudioService: getStreamVolume 3 index 80
01-05 07:41:03.637  3755  7133 D AudioService: getStreamVolume 3 index 80
01-05 07:41:03.640  3755  6006 D AudioService: getStreamVolume 3 index 80
01-05 07:41:03.651  3755  6237 D AudioService: getStreamVolume 3 index 80
01-05 07:41:03.696 20519 20519 I TMSDISP : AcsAndroidVirtualDisplayIntfImpl
01-05 07:41:03.729  3755  4449 D AudioService: getStreamVolume 3 index 80
01-05 07:41:03.762  3755 10406 D AudioService: getStreamVolume 3 index 80
01-05 07:41:03.784 20519 20519 D ICU     : No timezone override file found: /data/misc/zoneinfo/current/icu/icu_tzdata.dat
01-05 07:41:03.811  3755  4478 D AudioService: getStreamVolume 3 index 80
01-05 07:41:03.817  3755 10408 D AudioService: getStreamVolume 3 index 80
01-05 07:41:03.821  3755  6076 D AudioService: getStreamVolume 3 index 80
01-05 07:41:03.824  3755  6009 D AudioService: getStreamVolume 3 index 80
01-05 07:41:03.828  3755  4461 D AudioService: getStreamVolume 3 index 80
01-05 07:41:03.832 20519 20519 I Radio-JNI: register_android_hardware_Radio DONE
01-05 07:41:03.833  3755  6236 D AudioService: getStreamVolume 3 index 80
01-05 07:41:03.840  3755  5842 D AudioService: getStreamVolume 3 index 80
01-05 07:41:03.842  3755  6002 D AudioService: getStreamVolume 3 index 80
01-05 07:41:03.852 20519 20519 D ReflectionHelper: loadKlass() : caller=android.app.Activity.<clinit>:7555 <bottom of call stack> 
01-05 07:41:03.852 20519 20519 D ReflectionHelper: Reflecting method.....  class <onScreenChanged>
01-05 07:41:03.853  3755  5844 D AudioService: getStreamVolume 3 index 80
01-05 07:41:03.855 20519 20519 E SemAffinityControl: SemAffinityControl: registerfunction enter
01-05 07:41:03.891 20519 20519 D AndroidRuntime: Calling main entry com.android.commands.am.Am
01-05 07:41:03.911  3755  7133 I ActivityManager: START u0 {act=null typ=null flg=0x10000000 cmp=ComponentInfo{com.GeekTechnique.InfinityStack/com.epicgames.ue4.SplashActivity}} from uid 2000 on display 0
01-05 07:41:03.913  3755  7133 D ActivityManager: ActivityRecord() Constructor : multiScreenAttrs=MultiScreenAttrs{mDisplayId=0, mBaseDisplayId=0, mBaseActivity=false}
01-05 07:41:03.914  3755  7133 D ActivityManager: computeStackFocus: stackId=1
01-05 07:41:03.914  3755  7133 D ActivityManager: computeStackFocus: New stack r=ActivityRecord{c6adef9d0 u0 com.GeekTechnique.InfinityStack/com.epicgames.ue4.SplashActivity t-1} stackId=1
01-05 07:41:03.915  3755  7133 D ActivityTrigger: Activity is Triggerred in full screen 
01-05 07:41:03.917  3755  7133 D CompatibilityInfo: mCompatibilityFlags - 0
01-05 07:41:03.918  3755  7133 D CompatibilityInfo: applicationDensity - 420
01-05 07:41:03.918  3755  7133 D CompatibilityInfo: applicationScale - 1.0
01-05 07:41:03.918  3755  7133 D ActivityManager: moveToFront() : reason=startedActivity setFocusedActivity isAttached=true TaskRecord{5f171b5d0 #2721 A=com.GeekTechnique.InfinityStack U=0 StackId=1 sz=1}
01-05 07:41:03.919  3755  7133 D ActivityManager: setFocusStackUnchecked: reason=startedActivity setFocusedActivity focusCandidate=ActivityStack{10a5271d0 stackId=1, 4 tasks} caller=com.android.server.am.ActivityStack.moveToFront:874 com.android.server.am.ActivityStackSupervisor.moveActivityStackToFront:2005 
01-05 07:41:03.922  3755  7133 D InputDispatcher: Focused application set to: xxxx
01-05 07:41:03.923  3755  7133 D ActivityManager: resumeTopActivityInnerLocked() : #1 prevTask=TaskRecord{5f171b5d0 #2721 A=com.GeekTechnique.InfinityStack U=0 StackId=1 sz=1} next=ActivityRecord{c6adef9d0 u0 com.GeekTechnique.InfinityStack/com.epicgames.ue4.SplashActivity t2721} mFocusedStack=ActivityStack{10a5271d0 stackId=1, 4 tasks}
01-05 07:41:03.923  3755  7133 D ActivityManager: applyOptionsLocked(), pendingOptions : null
01-05 07:41:03.924  3755  7133 D MountService: getExternalStorageMountMode : 3
01-05 07:41:03.925  3755  7133 D MountService: getExternalStorageMountMode : 3
01-05 07:41:03.925  3755  7133 D MountService: getExternalStorageMountMode : final mountMode=3, uid : 10352, packageName : com.GeekTechnique.InfinityStack
01-05 07:41:03.931  3755  5843 D AudioService: getStreamVolume 3 index 80
01-05 07:41:03.942  3755  7133 I ActivityManager: Start proc 20559:com.GeekTechnique.InfinityStack/u0a352 for activity com.GeekTechnique.InfinityStack/com.epicgames.ue4.SplashActivity
01-05 07:41:03.943 20559 20559 E Zygote  : v2
01-05 07:41:03.943 20559 20559 I libpersona: KNOX_SDCARD checking this for 10352
01-05 07:41:03.943 20559 20559 I libpersona: KNOX_SDCARD not a persona
01-05 07:41:03.945 20559 20559 E Zygote  : accessInfo : 0
01-05 07:41:03.946 20559 20559 W SELinux : SELinux selinux_android_compute_policy_index : Policy Index[2],  Con:u:r:zygote:s0 RAM:SEPF_SECMOBILE_7.0_0009, [-1 -1 -1 -1 0 1]
01-05 07:41:03.948 20519 20519 D AndroidRuntime: Shutting down VM
01-05 07:41:03.948 20559 20559 I SELinux : SELinux: seapp_context_lookup: seinfo=untrusted, level=s0:c512,c768, pkgname=com.GeekTechnique.InfinityStack 
01-05 07:41:03.955 20559 20559 I art     : Late-enabling -Xcheck:jni
01-05 07:41:03.965  3755  4481 D AudioService: getStreamVolume 3 index 80
01-05 07:41:03.985 20519 20519 I TMSDISP : AcsAndroidVirtualDisplayIntfImpl::~AcsAndroidVirtualDisplayIntfImpl - Enter
01-05 07:41:03.985 20519 20519 I TMSDISP : AcsAndroidVirtualDisplayIntfImpl::~AcsAndroidVirtualDisplayIntfImpl - Enter2
01-05 07:41:03.985 20519 20519 I TMSDISP : AcsAndroidVirtualDisplayIntfImpl::~AcsAndroidVirtualDisplayIntfImpl - mSource2
01-05 07:41:03.985 20519 20519 I TMSDISP : AcsAndroidVirtualDisplayIntfImpl::~AcsAndroidVirtualDisplayIntfImpl - Exit
01-05 07:41:03.986 20559 20559 D TimaKeyStoreProvider: TimaKeyStore is not enabled: cannot add TimaSignature Service and generateKeyPair Service
01-05 07:41:03.989  3755 10408 D CompatibilityInfo: mCompatibilityFlags - 0
01-05 07:41:03.989  3755 10408 D CompatibilityInfo: applicationDensity - 420
01-05 07:41:03.989  3755 10408 D CompatibilityInfo: applicationScale - 1.0
01-05 07:41:03.989  3755 10408 I ActivityManager: DSS on for com.GeekTechnique.InfinityStack and scale is 1.0
01-05 07:41:03.991  3755 10408 D CompatibilityInfo: mCompatibilityFlags - 0
01-05 07:41:03.991  3755 10408 D CompatibilityInfo: applicationDensity - 420
01-05 07:41:03.991  3755 10408 D CompatibilityInfo: applicationScale - 1.0
01-05 07:41:04.006  3755 10408 I ActivityManager: Killing 15251:com.samsung.android.game.gamehome/u0a247 (adj 906): DHA:empty #31
01-05 07:41:04.008  3755 10408 D CompatibilityInfo: mCompatibilityFlags - 0
01-05 07:41:04.008  3755 10408 D CompatibilityInfo: applicationDensity - 420
01-05 07:41:04.008  3755 10408 D CompatibilityInfo: applicationScale - 1.0
01-05 07:41:04.010  3755 10408 D GameManagerService: sem_perfomance_mode: 0
01-05 07:41:04.010  3755  3755 D GameManagerService: NotifyRunnable. pkg: com.GeekTechnique.InfinityStack, type: 4, isMinimized: false, isTunableApp: false
01-05 07:41:04.010  3755  3755 D GameManagerService: do nothing. mKillNotiCount: 3
01-05 07:41:04.015  3755  7134 D AudioService: getStreamVolume 3 index 80
01-05 07:41:04.018  6134  6134 D ViewRootImpl@d28bad3[LauncherActivity]: mHardwareRenderer.destroy()#1
01-05 07:41:04.020  3755  6283 D AudioService: getStreamVolume 3 index 80
01-05 07:41:04.020  3755 10408 D ActivityTrigger: ActivityTrigger activityPauseTrigger 
01-05 07:41:04.020  3755  3768 V WindowManager: Relayout Window{2c78cccd0 u0 com.sec.android.app.launcher/com.sec.android.app.launcher.activities.LauncherActivity}: viewVisibility=8 req=1080x1920 WM.LayoutParams{(0,0)(fillxfill) sim=#130 ty=1 fl=#81910d00 pfl=0x20000 fmt=-2 wanim=0x103038a vsysui=0x600 needsMenuKey=2 dimDuration=0 naviIconColor=0}
01-05 07:41:04.021  3755 10408 D GameManagerService: sem_perfomance_mode: 0
01-05 07:41:04.021  3755  3768 I WindowManager_SurfaceController: Destroying surface Surface(name=com.sec.android.app.launcher/com.sec.android.app.launcher.activities.LauncherActivity) called by com.android.server.wm.WindowStateAnimator.destroySurface:2907 com.android.server.wm.WindowStateAnimator.destroySurfaceLocked:1120 com.android.server.wm.WindowState.destroyOrSaveSurface:2662 com.android.server.wm.WindowManagerService.tryStartExitingAnimation:3577 com.android.server.wm.WindowManagerService.relayoutWindow:3433 com.android.server.wm.Session.relayout:240 android.view.IWindowSession$Stub.onTransact:288 com.android.server.wm.Session.onTransact:161 
01-05 07:41:04.021  3215  3284 I SurfaceFlinger: id=1621 Removed MauncherAct (1/7)
01-05 07:41:04.026  3215  3282 I SurfaceFlinger: id=1621 Removed MauncherAct (-2/7)
01-05 07:41:04.026  5951  5972 D ForegroundUtils: could not check pending caller
01-05 07:41:04.027  5951  5972 D ForegroundUtils: could not check pending caller
01-05 07:41:04.027  3755  3755 D GameManagerService: onDisplayChanged. displyId: 0
01-05 07:41:04.027  3755  3755 D GameManagerService: dpi: 420, longPixel: 1920, shortPixel: 1080
01-05 07:41:04.029  3755  6008 D AudioService: getStreamVolume 3 index 80
01-05 07:41:04.032  3755  9479 D GamePkgDataHelper: getGamePkgData(). com.GeekTechnique.InfinityStack
01-05 07:41:04.032  3755  9479 D GameManagerService: identifyGamePackage. com.GeekTechnique.InfinityStack
01-05 07:41:04.040  3755  9479 D GameManagerService: identifyGamePackage. com.GeekTechnique.InfinityStack
01-05 07:41:04.045  3755  9479 D TelephonyManager: getAllCellInfo : Caller (PID / UID / TID): 3755 / 1000 / 9479
01-05 07:41:04.052  6134  6134 D ViewRootImpl@d28bad3[LauncherActivity]: Relayout returned: oldFrame=[0,0][1080,1920] newFrame=[0,0][1080,1920] result=0x5 surface={isValid=false 0} surfaceGenerationChanged=true
01-05 07:41:04.053  6134  6134 D Launcher: onTrimMemory. Level: 20
01-05 07:41:04.057  3755  6282 D AudioService: getStreamVolume 3 index 80
01-05 07:41:04.059  3755  4481 D AudioService: getStreamVolume 3 index 80
01-05 07:41:04.061  3755  3768 D ActivityManager: cleanUpApplicationRecord -- 15251
01-05 07:41:04.064  5951  5974 D ForegroundUtils: could not check pending caller
01-05 07:41:04.066  3755  6237 D AudioService: getStreamVolume 3 index 80
01-05 07:41:04.069  3755 10408 D AudioService: getStreamVolume 3 index 80
01-05 07:41:04.071  3755  7133 D AudioService: getStreamVolume 3 index 80
01-05 07:41:04.073  3755  7135 D AudioService: getStreamVolume 3 index 80
01-05 07:41:04.103  3755  6236 I ActivityManager: START u0 {act=null typ=null flg=0x10000 cmp=ComponentInfo{com.GeekTechnique.InfinityStack/com.epicgames.ue4.GameActivity}} from uid 10352 on display 0
01-05 07:41:04.106  3755  6236 D ActivityManager: ActivityRecord() Constructor : multiScreenAttrs=MultiScreenAttrs{mDisplayId=0, mBaseDisplayId=0, mBaseActivity=false}
01-05 07:41:04.107  3755  6236 D ActivityManager: moveToFront() : reason=intentActivityFound isAttached=true null
01-05 07:41:04.109  3755  6236 D ActivityManager: moveToFront() : reason=sourceStackToFront isAttached=true null
01-05 07:41:04.111  3755  6236 D ActivityTrigger: Activity is Triggerred in full screen 
01-05 07:41:04.112  3755  6236 D CompatibilityInfo: mCompatibilityFlags - 0
01-05 07:41:04.112  3755  6236 D CompatibilityInfo: applicationDensity - 420
01-05 07:41:04.112  3755  6236 D CompatibilityInfo: applicationScale - 1.0
01-05 07:41:04.112  3755  6236 D ActivityManager: moveToFront() : reason=startedActivity setFocusedActivity isAttached=true TaskRecord{5f171b5d0 #2721 A=com.GeekTechnique.InfinityStack U=0 StackId=1 sz=2}
01-05 07:41:04.114  3755  6236 D InputDispatcher: Focused application set to: xxxx
01-05 07:41:04.115  3755  6236 D ActivityManager: resumeTopActivityInnerLocked() : #1 prevTask=TaskRecord{5f171b5d0 #2721 A=com.GeekTechnique.InfinityStack U=0 StackId=1 sz=2} next=ActivityRecord{f70c04ad0 u0 com.GeekTechnique.InfinityStack/com.epicgames.ue4.GameActivity t2721} mFocusedStack=ActivityStack{10a5271d0 stackId=1, 4 tasks}
01-05 07:41:04.119  3755  6009 W MultiScreenManagerService: moveTaskBackToDisplayIfNeeded(): The task has more than one activity
01-05 07:41:04.132  3755  6076 D AudioService: getStreamVolume 3 index 80
01-05 07:41:04.152  3755  5072 D ActivityManager: setAppIconInfo(), x : 0, y : 0, width : 0, height : 0, isHomeItem : false
01-05 07:41:04.152  3755  5072 D ActivityManager: resumeTopActivityInnerLocked() : #1 prevTask=null next=ActivityRecord{f70c04ad0 u0 com.GeekTechnique.InfinityStack/com.epicgames.ue4.GameActivity t2721} mFocusedStack=ActivityStack{10a5271d0 stackId=1, 4 tasks}
01-05 07:41:04.156  3755  5072 D CompatibilityInfo: mCompatibilityFlags - 0
01-05 07:41:04.156  3755  5072 D CompatibilityInfo: applicationDensity - 420
01-05 07:41:04.156  3755  5072 D CompatibilityInfo: applicationScale - 1.0
01-05 07:41:04.157  3755  5072 D GameManagerService: sem_perfomance_mode: 0
01-05 07:41:04.157  3755  3755 D GameManagerService: NotifyRunnable. pkg: com.GeekTechnique.InfinityStack, type: 4, isMinimized: false, isTunableApp: false
01-05 07:41:04.157  3755  3755 D GameManagerService: do nothing. mKillNotiCount: 3
01-05 07:41:04.161  3755  5072 D ActivityTrigger: ActivityTrigger activityPauseTrigger 
01-05 07:41:04.162  3755  5072 D GameManagerService: sem_perfomance_mode: 0
01-05 07:41:04.162  3755  9479 D GameManagerService: identifyGamePackage. com.GeekTechnique.InfinityStack
01-05 07:41:04.164  3755  9479 D GameManagerService: identifyGamePackage. com.GeekTechnique.InfinityStack
01-05 07:41:04.166  3755  6236 D AudioService: getStreamVolume 3 index 80
01-05 07:41:04.170  3755  4527 D MdnieScenarioControlService:  packageName : com.GeekTechnique.InfinityStack    className : com.epicgames.ue4.GameActivity
01-05 07:41:04.175 20559 20559 D OVRPlugin: JNI_OnLoad
01-05 07:41:04.216  3755  6006 D AudioService: getStreamVolume 3 index 80
01-05 07:41:04.221  3755  5843 D AudioService: getStreamVolume 3 index 80
01-05 07:41:04.226 20559 20559 D UE4     : Used memory before allocating anything was 53.01MB
01-05 07:41:04.237  3755  5844 D AudioService: getStreamVolume 3 index 80
01-05 07:41:04.261  3755  3769 D AudioService: getStreamVolume 3 index 80
01-05 07:41:04.267  3755  4481 D AudioService: getStreamVolume 3 index 80
01-05 07:41:04.270  3755  7134 D AudioService: getStreamVolume 3 index 80
01-05 07:41:04.273  3755  4449 D AudioService: getStreamVolume 3 index 80
01-05 07:41:04.276  3755  6008 D AudioService: getStreamVolume 3 index 80
01-05 07:41:04.278  3755  5072 D AudioService: getStreamVolume 3 index 80
01-05 07:41:04.336  3755  5842 D AudioService: getStreamVolume 3 index 80
01-05 07:41:04.369  3755  5844 D AudioService: getStreamVolume 3 index 80
01-05 07:41:04.419  3755  3769 D AudioService: getStreamVolume 3 index 80
01-05 07:41:04.421 20559 20559 D UE4     : In the JNI_OnLoad function
01-05 07:41:04.422 20559 20559 D UE4     : [JNI] - Failed to determine if app purchasing is enabled!
01-05 07:41:04.426 20559 20559 D UE4     : Path found as '/storage/emulated/0'
01-05 07:41:04.426 20559 20559 D UE4     : Font Path found as '/system/fonts/'
01-05 07:41:04.426 20559 20559 D UE4     : In the JNI_OnLoad function 5
01-05 07:41:04.427  3755  6282 D AudioService: getStreamVolume 3 index 80
01-05 07:41:04.439  3755  3768 D AudioService: getStreamVolume 3 index 80
01-05 07:41:04.449 20559 20559 V threaded_app: Creating: 0xd63d2b40
01-05 07:41:04.449 20559 20577 V threaded_app: Config: mcc=311 mnc=480 lang=en cnt=US orien=1 touch=3 dens=420 keys=1 nav=1 keysHid=3 navHid=0 sdk=24 size=2 long=2 modetype=1 modenight=1
01-05 07:41:04.449 20559 20577 D UE4     : Entering native app glue main function
01-05 07:41:04.449 20559 20577 D UE4     : Created event thread
01-05 07:41:04.449 20559 20577 D UE4     : Entered AndroidMain()
01-05 07:41:04.449 20559 20578 D UE4     : Entering event processing thread engine entry point
01-05 07:41:04.450 20559 20578 D UE4     : Prepared looper for event thread
01-05 07:41:04.450 20559 20578 D UE4     : Passed callback initialization
01-05 07:41:04.450 20559 20578 D UE4     : Passed sensor initialization
01-05 07:41:04.452 20559 20577 D UE4     : Controller interface supported
01-05 07:41:04.453  3755  6006 E SensorService: getSensorList a sensor (MAX86900) without holding its required permission: com.samsung.permission.SSENSOR
01-05 07:41:04.453  3755  6006 I SensorService: Skipped sensor MAX86900 because it requires permission com.samsung.permission.SSENSOR and app op -1
01-05 07:41:04.454  3755  6006 E SensorService: getSensorList a sensor (HRM Ambient Light Canceling) without holding its required permission: com.samsung.permission.HRM_EXT
01-05 07:41:04.454  3755  6006 I SensorService: Skipped sensor HRM Ambient Light Canceling because it requires permission com.samsung.permission.HRM_EXT and app op -1
01-05 07:41:04.454  3755  6006 W ServiceManager: Permission failure: android.permission.BODY_SENSORS from uid=10352 pid=20559
01-05 07:41:04.454  3755  6006 E SensorService: getSensorList a sensor (HRMLED IR) without holding its required permission: android.permission.BODY_SENSORS
01-05 07:41:04.455  3755  6006 I SensorService: Skipped sensor HRMLED IR because it requires permission android.permission.BODY_SENSORS and app op 56
01-05 07:41:04.455  3755  6006 W ServiceManager: Permission failure: android.permission.BODY_SENSORS from uid=10352 pid=20559
01-05 07:41:04.455  3755  6006 E SensorService: getSensorList a sensor (HRMLED RED) without holding its required permission: android.permission.BODY_SENSORS
01-05 07:41:04.455  3755  6006 I SensorService: Skipped sensor HRMLED RED because it requires permission android.permission.BODY_SENSORS and app op 56
01-05 07:41:04.455  3755  6006 E SensorService: getSensorList a sensor (HRM Proximity detecting) without holding its required permission: com.samsung.permission.HRM_EXT
01-05 07:41:04.456  3755  6006 I SensorService: Skipped sensor HRM Proximity detecting because it requires permission com.samsung.permission.HRM_EXT and app op -1
01-05 07:41:04.456  3755  6006 E SensorService: getSensorList a sensor (HRM Sensor) without holding its required permission: com.samsung.permission.SSENSOR
01-05 07:41:04.456  3755  6006 I SensorService: Skipped sensor HRM Sensor because it requires permission com.samsung.permission.SSENSOR and app op -1
01-05 07:41:04.456  3755  6006 W ServiceManager: Permission failure: android.permission.BODY_SENSORS from uid=10352 pid=20559
01-05 07:41:04.456  3755  6006 E SensorService: getSensorList a sensor (HeartRate Sensor) without holding its required permission: android.permission.BODY_SENSORS
01-05 07:41:04.456  3755  6006 I SensorService: Skipped sensor HeartRate Sensor because it requires permission android.permission.BODY_SENSORS and app op 56
01-05 07:41:04.456  3755  6006 E SensorService: getSensorList a sensor (Sensor Diagnostic Monitor) without holding its required permission: com.samsung.permission.SSENSOR
01-05 07:41:04.456  3755  6006 I SensorService: Skipped sensor Sensor Diagnostic Monitor because it requires permission com.samsung.permission.SSENSOR and app op -1
01-05 07:41:04.463  3755  5994 D AudioService: getStreamVolume 3 index 80
01-05 07:41:04.469  3755  3769 D AudioService: getStreamVolume 3 index 80
01-05 07:41:04.472  3755  7132 D AudioService: getStreamVolume 3 index 80
01-05 07:41:04.475  3755  4461 D AudioService: getStreamVolume 3 index 80
01-05 07:41:04.478  3755  7134 D AudioService: getStreamVolume 3 index 80
01-05 07:41:04.482  3755  4449 D AudioService: getStreamVolume 3 index 80
01-05 07:41:04.495 20559 20559 D ViewRootImpl@fe18aa[GameActivity]: ThreadedRenderer.create() translucent=false
01-05 07:41:04.497  3755  5072 D WindowManager: addWindow: android.view.IWindow$Stub$Proxy@5bb4a84 displayId=0
01-05 07:41:04.500  3755  5072 D InputTransport: Input channel constructed: fd=406
01-05 07:41:04.500  3755  5072 D InputTransport: Input channel constructed: fd=432
01-05 07:41:04.501  3755  5072 D WindowManager: openInputChannel mInputChannel: 8090ea2 com.GeekTechnique.InfinityStack/com.epicgames.ue4.GameActivity (server)
01-05 07:41:04.505  3755  5072 D InputTransport: Input channel destroyed: fd=432
01-05 07:41:04.507 20559 20559 D InputTransport: Input channel constructed: fd=68
01-05 07:41:04.507 20559 20559 D ViewRootImpl@fe18aa[GameActivity]: setView = DecorView@5307c9b[GameActivity] touchMode=true
01-05 07:41:04.511 20559 20559 D UE4     : Target SDK is 26.  This may cause issues if permissions are denied by the user.
01-05 07:41:04.513 20559 20559 D PermissionFragment: Creating PlayGamesFragment
01-05 07:41:04.531  3755  6006 I ActivityManager: START u0 {act=android.content.pm.action.REQUEST_PERMISSIONS typ=null flg=0x0 cmp=ComponentInfo{com.google.android.packageinstaller/com.android.packageinstaller.permission.ui.GrantPermissionsActivity}} from uid 10352 on display 0
01-05 07:41:04.532  3755  6006 W ActivityManager: REQUEST_PERMISSIONS Action.
01-05 07:41:04.532  3755  6006 W ActivityManager: REQUEST_PERMISSIONS Action.
01-05 07:41:04.537  3755  6006 D ActivityManager: ActivityRecord() Constructor : multiScreenAttrs=MultiScreenAttrs{mDisplayId=0, mBaseDisplayId=0, mBaseActivity=false}
01-05 07:41:04.538  3755  6006 D ActivityManager: moveToFront() : reason=sourceStackToFront isAttached=true null
01-05 07:41:04.541  3755  5844 D AudioService: getStreamVolume 3 index 80
01-05 07:41:04.544  3755  6006 D ActivityTrigger: Activity is Triggerred in full screen 
01-05 07:41:04.546  3755  6006 D CompatibilityInfo: mCompatibilityFlags - 0
01-05 07:41:04.546  3755  6006 D CompatibilityInfo: applicationDensity - 420
01-05 07:41:04.546  3755  6006 D CompatibilityInfo: applicationScale - 1.0
01-05 07:41:04.547  3755  6006 D ActivityManager: moveToFront() : reason=startedActivity setFocusedActivity isAttached=true TaskRecord{5f171b5d0 #2721 A=com.GeekTechnique.InfinityStack U=0 StackId=1 sz=3}
01-05 07:41:04.551  3755  6006 D InputDispatcher: Focused application set to: xxxx
01-05 07:41:04.554  3755  6006 D ActivityManager: resumeTopActivityInnerLocked() : #1 prevTask=TaskRecord{5f171b5d0 #2721 A=com.GeekTechnique.InfinityStack U=0 StackId=1 sz=3} next=ActivityRecord{19cc733d0 u0 com.google.android.packageinstaller/com.android.packageinstaller.permission.ui.GrantPermissionsActivity t2721} mFocusedStack=ActivityStack{10a5271d0 stackId=1, 4 tasks}
01-05 07:41:04.573 20559 20559 D UE4     : Vulkan version: 1.0.3
01-05 07:41:04.574 20559 20559 D UE4     : Vulkan level: 1
01-05 07:41:04.574  3755  4478 D AudioService: getStreamVolume 3 index 80
01-05 07:41:04.582 20559 20559 D UE4     : Found DepthBufferPreference = 0
01-05 07:41:04.583 20559 20559 D UE4     : Found bPackageDataInsideApk = 0
01-05 07:41:04.583 20559 20559 D UE4     : Found ProjectName = StackerGame
01-05 07:41:04.583 20559 20559 D UE4     : Found AppType = 
01-05 07:41:04.583 20559 20559 D UE4     : Found bHasOBBFiles = 0
01-05 07:41:04.584 20559 20559 D UE4     : Found bVerifyOBBOnStartUp = false
01-05 07:41:04.584 20559 20559 D UE4     : UI hiding set to false
01-05 07:41:04.584 20559 20559 D UE4     : BuildConfiguration set to Development
01-05 07:41:04.584 20559 20559 D UE4     : UseExternalFilesDir set to false
01-05 07:41:04.584 20559 20559 D UE4     : AllowIMU set to true
01-05 07:41:04.584 20559 20559 D UE4     : SupportsVulkan set to false
01-05 07:41:04.584 20559 20559 D UE4     : No GearVR mode detected.
01-05 07:41:04.622  3755 10406 D AudioService: getStreamVolume 3 index 80
01-05 07:41:04.629  3755  6283 D AudioService: getStreamVolume 3 index 80
01-05 07:41:04.642  3755  4449 D AudioService: getStreamVolume 3 index 80
01-05 07:41:04.660 20559 20559 D libEGL  : loaded /vendor/lib/egl/libGLES_mali.so
01-05 07:41:04.662  3755  3772 W ActivityManager: Activity pause timeout for ActivityRecord{f70c04ad0 u0 com.GeekTechnique.InfinityStack/com.epicgames.ue4.GameActivity t2721}
01-05 07:41:04.663  3755  3772 D ActivityManager: resumeTopActivityInnerLocked() : #1 prevTask=null next=ActivityRecord{19cc733d0 u0 com.google.android.packageinstaller/com.android.packageinstaller.permission.ui.GrantPermissionsActivity t2721} mFocusedStack=ActivityStack{10a5271d0 stackId=1, 4 tasks}
01-05 07:41:04.663  3755  3772 D ActivityManager: applyOptionsLocked(), pendingOptions : null
01-05 07:41:04.666  3755  3768 D AudioService: getStreamVolume 3 index 80
01-05 07:41:04.671  3755  6002 D AudioService: getStreamVolume 3 index 80
01-05 07:41:04.672  3755  3772 D CompatibilityInfo: mCompatibilityFlags - 0
01-05 07:41:04.672  3755  3772 D CompatibilityInfo: applicationDensity - 420
01-05 07:41:04.672  3755  3772 D CompatibilityInfo: applicationScale - 1.0
01-05 07:41:04.673  3755  3772 D GameManagerService: sem_perfomance_mode: 0
01-05 07:41:04.673  3755 10408 D AudioService: getStreamVolume 3 index 80
01-05 07:41:04.674  3755  3755 D GameManagerService: NotifyRunnable. pkg: com.google.android.packageinstaller, type: 4, isMinimized: false, isTunableApp: false
01-05 07:41:04.674  3755  3755 D GameManagerService: do nothing. mKillNotiCount: 3
01-05 07:41:04.677  3755  7133 D AudioService: getStreamVolume 3 index 80
01-05 07:41:04.680  3755  6006 D AudioService: getStreamVolume 3 index 80
01-05 07:41:04.682  3755  3772 D ActivityTrigger: ActivityTrigger activityPauseTrigger 
01-05 07:41:04.683  3755  3772 D GameManagerService: sem_perfomance_mode: 0
01-05 07:41:04.685  3755  3769 D AudioService: getStreamVolume 3 index 80
01-05 07:41:04.686  5951  5972 D ForegroundUtils: could not check pending caller
01-05 07:41:04.687  3755  3772 D ActivityTrigger: ActivityTrigger activityStopTrigger 
01-05 07:41:04.697  3755  9479 D GamePkgDataHelper: getGamePkgData(). com.google.android.packageinstaller
01-05 07:41:04.698 20559 20580 D UE4     : Used memory: 63452
01-05 07:41:04.701  3755  9479 D GameManagerService: identifyGamePackage. com.google.android.packageinstaller
01-05 07:41:04.705  3755  9479 D GameManagerService: identifyGamePackage. com.google.android.packageinstaller
01-05 07:41:04.705  3755  9479 D GameManagerService: identifyGamePackage. com.google.android.packageinstaller
01-05 07:41:04.707 20559 20559 D UE4     : Hardware: SAMSUNG Exynos7420
01-05 07:41:04.707 20559 20559 D UE4     : ro.hardware: samsungexynos7420
01-05 07:41:04.708 20559 20559 D UE4     : Memory: 3662 MB
01-05 07:41:04.712 20559 20559 D UE4     : UseAffinity: false
01-05 07:41:04.712 20559 20559 D UE4     : BigCoreMask: 0xffff
01-05 07:41:04.712 20559 20559 D UE4     : LittleCoreMask: 0x0
01-05 07:41:04.714 20559 20559 D UE4     : APK path: /data/app/com.GeekTechnique.InfinityStack-1/base.apk
01-05 07:41:04.714 20559 20559 D UE4     : OBB in APK: false
01-05 07:41:04.717 20559 20559 D UE4     : InternalFilePath found as '/data/user/0/com.GeekTechnique.InfinityStack/files'
01-05 07:41:04.717 20559 20559 D UE4     : ExternalFilePath found as '/storage/emulated/0/Android/data/com.GeekTechnique.InfinityStack/files'
01-05 07:41:04.717 20559 20559 D UE4     : App is running in Portrait
01-05 07:41:04.718 20559 20564 I art     : Compiler allocated 4MB to compile void com.epicgames.ue4.GameActivity.onCreate(android.os.Bundle)
01-05 07:41:04.718 20559 20559 D UE4     : Android version is 7.0
01-05 07:41:04.718 20559 20559 D UE4     : Android manufacturer is samsung
01-05 07:41:04.718 20559 20559 D UE4     : Android model is SM-N920V
01-05 07:41:04.718 20559 20559 D UE4     : Android build number is NRD90M.N920VVRS3CRH1
01-05 07:41:04.718 20559 20559 D UE4     : OS language is set to en_US
01-05 07:41:04.718 20559 20559 D UE4     : Debugger attached is false
01-05 07:41:04.721 20559 20564 I art     : Do partial code cache collection, code=13KB, data=31KB
01-05 07:41:04.721 20559 20564 I art     : After code cache collection, code=13KB, data=31KB
01-05 07:41:04.721 20559 20564 I art     : Increasing code cache capacity to 128KB
01-05 07:41:04.744  3755  7132 D AudioService: getStreamVolume 3 index 80
01-05 07:41:04.765 20559 20559 W PopupManager: You have not specified a View to use as content view for popups. Falling back to the Activity content view. Note that this may not work as expected in multi-screen environments
01-05 07:41:04.767 20559 20559 D UE4     : ==============> GameActive.onCreate complete!
01-05 07:41:04.769 20559 20559 V threaded_app: Start: 0xd63d2b40
01-05 07:41:04.769 20559 20578 V threaded_app: activityState=10
01-05 07:41:04.769 20559 20559 D UE4     : Creating console command broadcast listener
01-05 07:41:04.769 20559 20578 D UE4     : LogAndroidEvents: EnqueueAppEvent : 9, 0, tid = 20578
01-05 07:41:04.771 20559 20559 D UE4     : ==================================> Inside onStart function in GameActivity
01-05 07:41:04.773 20559 20559 V threaded_app: Resume: 0xd63d2b40
01-05 07:41:04.773 20559 20578 V threaded_app: activityState=11
01-05 07:41:04.773 20559 20578 D UE4     : Case APP_CMD_RESUME
01-05 07:41:04.773 20559 20578 D UE4     : LogAndroidEvents: EnqueueAppEvent : 7, 0, tid = 20578
01-05 07:41:04.773 20559 20559 D UE4     : ==============> [JAVA] AndroidThunkJava_KeepScreenOn(false) - Enabled screen saver
01-05 07:41:04.773 20559 20559 D UE4     : Registering sensor listeners
01-05 07:41:04.778  3755  6008 D AudioService: getStreamVolume 3 index 80
01-05 07:41:04.793 20559 20559 D SensorManager: registerListener :: 0, K6DS3TR Acceleration Sensor, 20000, 0,  
01-05 07:41:04.793  3755  5843 I Sensors : Mag old sensor_state 1, new sensor_state : 17 en : 1
01-05 07:41:04.800 20559 20559 D SensorManager: registerListener :: 1, AK09911C Magnetic field Sensor, 20000, 0,  
01-05 07:41:04.801  3755  4478 I Sensors : Gyro old sensor_state 17, new sensor_state : 19 en : 1
01-05 07:41:04.808 20559 20559 D SensorManager: registerListener :: 3, K6DS3TR Gyroscope Sensor, 20000, 0,  
01-05 07:41:04.809 20559 20559 D UE4     : App is running in Portrait
01-05 07:41:04.809 20559 20559 D UE4     : ==============> Resuming main init
01-05 07:41:04.815  3755  4333 E Sensors : AccSensor : Meta event
01-05 07:41:04.818  3755  4527 D MdnieScenarioControlService:  packageName : com.google.android.packageinstaller    className : com.android.packageinstaller.permission.ui.GrantPermissionsActivity
01-05 07:41:04.820 20559 20577 D UE4     : APK Commandline: ../../../StackerGame/StackerGame.uproject  /Game/Maps/StackMap -Messaging -SessionId=FBF4527E4CCDABA4E219D2A68D161E48 -SessionOwner="nope" -SessionName="Launch On Device" -iterative
01-05 07:41:04.820 20559 20577 D UE4     : Override Commandline: ../../../StackerGame/StackerGame.uproject  /Game/Maps/StackMap -Messaging -SessionId=7937872C47E45E8894E0B1A761AD0ADA -SessionOwner="nope" -SessionName="Launch On Device" -iterative
01-05 07:41:04.820 20559 20577 D UE4     : Final commandline: ../../../StackerGame/StackerGame.uproject  /Game/Maps/StackMap -Messaging -SessionId=7937872C47E45E8894E0B1A761AD0ADA -SessionOwner="nope" -SessionName="Launch On Device" -iterative
01-05 07:41:04.821 20559 20577 D UE4     : Created sync event
01-05 07:41:04.823  3755  6005 D AudioService: getStreamVolume 3 index 80
01-05 07:41:04.830 20559 20559 D UE4     : ==============> GameActive.onResume complete!
01-05 07:41:04.831  3755  4461 D AudioService: getStreamVolume 3 index 80
01-05 07:41:04.833  3755  3768 W MultiScreenManagerService: moveTaskBackToDisplayIfNeeded(): The task has more than one activity
01-05 07:41:04.835  3755  3768 D ActivityManager: moveToFront() : reason=finishActivity adjustFocus setFocusedActivity isAttached=true TaskRecord{5f171b5d0 #2721 A=com.GeekTechnique.InfinityStack U=0 StackId=1 sz=3}
01-05 07:41:04.838 20559 20559 D ViewRootImpl@610e7f3[GameActivity]: ThreadedRenderer.create() translucent=true
01-05 07:41:04.840  3755  6283 D WindowManager: addWindow: android.view.IWindow$Stub$Proxy@4233225 displayId=0
01-05 07:41:04.841  3755  6283 D InputTransport: Input channel constructed: fd=432
01-05 07:41:04.841  3755  6283 D InputTransport: Input channel constructed: fd=521
01-05 07:41:04.841  3755  6283 D WindowManager: openInputChannel mInputChannel: 7dfe9ab com.GeekTechnique.InfinityStack/com.epicgames.ue4.GameActivity (server)
01-05 07:41:04.842  3755  6283 D InputTransport: Input channel destroyed: fd=521
01-05 07:41:04.842  3755  3768 D InputDispatcher: Focused application set to: xxxx
01-05 07:41:04.842 20559 20559 D InputTransport: Input channel constructed: fd=74
01-05 07:41:04.843 20559 20559 V threaded_app: InputQueueCreated: 0xd63d2b40 -- 0xd63d3a40
01-05 07:41:04.843 20559 20578 V threaded_app: APP_CMD_INPUT_CHANGED
01-05 07:41:04.843 20559 20578 V threaded_app: Attaching input queue to looper
01-05 07:41:04.844  3755  7135 D AudioService: getStreamVolume 3 index 80
01-05 07:41:04.844 20559 20559 D ViewRootImpl@610e7f3[GameActivity]: setView = DecorView@4d0fcb0[GameActivity] touchMode=true
01-05 07:41:04.845  3755 10408 D ActivityManager: post active user change for 0 fullscreen true isHomeActivity() false
01-05 07:41:04.845  3755 10408 D KnoxTimeoutHandler: postActiveUserChange [MsgParam] userId: 0 fullscreen is true showWhenlocked is false isMutiwindowRecord is false multiwindowstyle is 0
01-05 07:41:04.845  3755  3755 D KnoxTimeoutHandler: handleActiveUserChange [MsgParam] userId: 0 fullscreen is true showWhenlocked is false isMutiwindowRecord is false multiwindowstyle is 0
01-05 07:41:04.846  3755 10408 D ActivityManager: resumeTopActivityInnerLocked() : #1 prevTask=null next=ActivityRecord{f70c04ad0 u0 com.GeekTechnique.InfinityStack/com.epicgames.ue4.GameActivity t2721} mFocusedStack=ActivityStack{10a5271d0 stackId=1, 4 tasks}
01-05 07:41:04.847  3755 10408 D ActivityManager: applyOptionsLocked(), pendingOptions : null
01-05 07:41:04.847 20559 20559 V threaded_app: Pause: 0xd63d2b40
01-05 07:41:04.847 20559 20578 V threaded_app: activityState=13
01-05 07:41:04.847 20559 20578 D UE4     : Case APP_CMD_PAUSE
01-05 07:41:04.847  3755  3755 I KnoxTimeoutHandler: Shared devices show user statefalse
01-05 07:41:04.847 20559 20578 D UE4     : LogAndroidEvents: EnqueueAppEvent : 6, 0, tid = 20578
01-05 07:41:04.847 20559 20559 D UE4     : Unregistering sensor listeners
01-05 07:41:04.856  3755 10408 D ActivityTrigger: ActivityTrigger activityPauseTrigger 
01-05 07:41:04.856  3755  5844 I Sensors : Mag old sensor_state 19, new sensor_state : 3 en : 0
01-05 07:41:04.857  3755 10408 D GameManagerService: sem_perfomance_mode: 0
01-05 07:41:04.859  3755 10408 D GameManagerService: sem_perfomance_mode: 0
01-05 07:41:04.860  3755  3755 D GameManagerService: NotifyRunnable. pkg: com.GeekTechnique.InfinityStack, type: 4, isMinimized: false, isTunableApp: false
01-05 07:41:04.860  3755  3755 D GameManagerService: do nothing. mKillNotiCount: 3
01-05 07:41:04.864  3755  4478 I Sensors : Gyro old sensor_state 3, new sensor_state : 1 en : 0
01-05 07:41:04.867  3755  4481 D AudioService: getStreamVolume 3 index 80
01-05 07:41:04.872 20559 20559 D SensorManager: unregisterListener ::   
01-05 07:41:04.872 20559 20559 D UE4     : ==============> GameActive.onPause complete!
01-05 07:41:04.873  3755  5993 D AudioService: getStreamVolume 3 index 80
01-05 07:41:04.874  3755  7134 D AudioService: getStreamVolume 3 index 80
01-05 07:41:04.879  3755  4461 D ActivityManager: setAppIconInfo(), x : 0, y : 0, width : 0, height : 0, isHomeItem : false
01-05 07:41:04.880  3755  4449 D AudioService: getStreamVolume 3 index 80
01-05 07:41:04.881  3755  3772 D ActivityTrigger: ActivityTrigger activityStopTrigger 
01-05 07:41:04.882  3755  5072 D AudioService: getStreamVolume 3 index 80
01-05 07:41:04.885  5951 18313 D ForegroundUtils: could not check pending caller
01-05 07:41:04.886  3755  6009 D AudioService: getStreamVolume 3 index 80
01-05 07:41:04.889 20559 20559 D ViewRootImpl@fe18aa[GameActivity]: dispatchAttachedToWindow
01-05 07:41:04.890  3755  6008 D ActivityManager: resumeTopActivityInnerLocked() : #1 prevTask=null next=ActivityRecord{f70c04ad0 u0 com.GeekTechnique.InfinityStack/com.epicgames.ue4.GameActivity t2721} mFocusedStack=ActivityStack{10a5271d0 stackId=1, 4 tasks}
01-05 07:41:04.891  3755  3768 V WindowManager: Relayout Window{8090ea2d0 u0 com.GeekTechnique.InfinityStack/com.epicgames.ue4.GameActivity}: viewVisibility=0 req=1079x1856 WM.LayoutParams{(0,0)(fillxfill) gr=#11 sim=#120 ty=2 fl=#1810508 pfl=0x20000 wanim=0x1030001 vsysui=0x400 needsMenuKey=2 naviIconColor=0}
01-05 07:41:04.892  3215  3215 I SurfaceFlinger: id=1623 createSurf (1080x1920),1 flag=404, HameActivit
01-05 07:41:04.900 20559 20559 D ViewRootImpl@fe18aa[GameActivity]: Relayout returned: oldFrame=[0,0][0,0] newFrame=[0,0][1080,1920] result=0x7 surface={isValid=true -1123819520} surfaceGenerationChanged=true
01-05 07:41:04.901 20559 20559 D ViewRootImpl@fe18aa[GameActivity]: mHardwareRenderer.initialize() mSurface={isValid=true -1123819520} hwInitialized=true
01-05 07:41:04.902  3755  6008 D ActivityManager: resumeTopActivityInnerLocked() : #1 prevTask=null next=ActivityRecord{f70c04ad0 u0 com.GeekTechnique.InfinityStack/com.epicgames.ue4.GameActivity t2721} mFocusedStack=ActivityStack{10a5271d0 stackId=1, 4 tasks}
01-05 07:41:04.904 20559 20579 I OpenGLRenderer: Initialized EGL, version 1.4
01-05 07:41:04.904 20559 20579 D OpenGLRenderer: Swap behavior 1
01-05 07:41:04.910 20559 20579 D mali_winsys: EGLint new_window_surface(egl_winsys_display*, void*, EGLSurface, EGLConfig, egl_winsys_surface**, egl_color_buffer_format*, EGLBoolean) returns 0x3000,  [1080x1920]-format:1
01-05 07:41:04.916 20559 20559 D ViewRootImpl@610e7f3[GameActivity]: dispatchAttachedToWindow
01-05 07:41:04.917  3755  5844 V WindowManager: Relayout Window{7dfe9abd0 u0 com.GeekTechnique.InfinityStack/com.epicgames.ue4.GameActivity}: viewVisibility=0 req=1079x1856 WM.LayoutParams{(0,0)(fillxfill) sim=#10 ty=1 fl=#1810500 pfl=0x20000 fmt=1 wanim=0x1030001 vsysui=0x400 needsMenuKey=2 naviIconColor=0}
01-05 07:41:04.918  3215  3215 I SurfaceFlinger: id=1624 createSurf (1080x1920),1 flag=4, HameActivit
01-05 07:41:04.925 20559 20559 D ViewRootImpl@610e7f3[GameActivity]: Relayout returned: oldFrame=[0,0][0,0] newFrame=[0,0][1080,1920] result=0x7 surface={isValid=true -1123817472} surfaceGenerationChanged=true
01-05 07:41:04.926 20559 20559 D ViewRootImpl@610e7f3[GameActivity]: mHardwareRenderer.initialize() mSurface={isValid=true -1123817472} hwInitialized=true
01-05 07:41:04.927 20559 20579 D mali_winsys: EGLint new_window_surface(egl_winsys_display*, void*, EGLSurface, EGLConfig, egl_winsys_surface**, egl_color_buffer_format*, EGLBoolean) returns 0x3000,  [1080x1920]-format:1
01-05 07:41:04.932  3755  4481 D WindowManager: addWindow: android.view.IWindow$Stub$Proxy@8cac808 displayId=0
01-05 07:41:04.934 20559 20564 I art     : Do partial code cache collection, code=14KB, data=32KB
01-05 07:41:04.934 20559 20564 I art     : After code cache collection, code=14KB, data=32KB
01-05 07:41:04.934 20559 20564 I art     : Increasing code cache capacity to 256KB
01-05 07:41:04.935  3755  4478 V WindowManager: Relayout Window{6cf1c6d0 u0 SurfaceView - com.GeekTechnique.InfinityStack/com.epicgames.ue4.GameActivity}: viewVisibility=0 req=1080x1920 WM.LayoutParams{(0,0)(1080x1920) gr=#800033 ty=1001 fl=#4218 pfl=0x10040 fmt=4 naviIconColor=0}
