01-13 13:01:46.098  3757 29838 D AudioService: getStreamVolume 3 index 90
01-13 13:01:46.123  3237  3477 I AudioMixer: create resampler src 44100, 2, dst 48000, 2, q 8
01-13 13:01:46.123  3237  3477 D SoundAliveResampler: [SoundAliveResampler] Init+++
01-13 13:01:46.136  3757  4354 D SamsungAlarmManager: Expired : 8
01-13 13:01:46.137  3757  4354 I SamsungAlarmManager: setLocked to kernel - T:3 / 20190113T130152, SetElapsed=603156049, nowELAPSED=603149892
01-13 13:01:46.137  3757  4354 V SamsungAlarmManager: Sending to uid : 10059 action=null alarm=Alarm{6d42d7c type 3 when 603149891 com.asurion.android.verizon.vms}
01-13 13:01:46.147  3757  4354 D CompatibilityInfo: mCompatibilityFlags - 0
01-13 13:01:46.147  3757  4354 D CompatibilityInfo: applicationDensity - 420
01-13 13:01:46.148  3757  4354 D CompatibilityInfo: applicationScale - 1.0
01-13 13:01:46.172  3757  5901 D SamsungAlarmManager: setExact Intent (T:3/F:5/AC:false) 20190113T130151 - CU:10059/CP:15240
01-13 13:01:46.173  3757  5901 I SamsungAlarmManager: setLocked to kernel - T:3 / 20190113T130151, SetElapsed=603154918, nowELAPSED=603149927
01-13 13:01:46.251  3757 32083 D AudioService: getStreamVolume 3 index 90
01-13 13:01:46.284  3757 29841 D AudioService: getStreamVolume 3 index 90
01-13 13:01:46.301  3757  5902 D AudioService: getStreamVolume 3 index 90
01-13 13:01:46.486  3757 31269 D AudioService: getStreamVolume 3 index 90
01-13 13:01:46.503  3757 10496 D AudioService: getStreamVolume 3 index 90
01-13 13:01:46.574  3757  4398 D InputReader: Input event(3): value=1 when=210769625923000
01-13 13:01:46.574  3757  4398 D InputReader: Input event(3): value=1 when=210769625923000
01-13 13:01:46.575  3757  4398 I InputReader: Touch event's action is 0x0 (deviceType=0) [pCnt=1, s=0.21666 ] when=210769625923000
01-13 13:01:46.577  3757  4397 I InputDispatcher: Delivering touch to (30188): action: 0x0, toolType: 1
01-13 13:01:46.580 30188 30221 V threaded_app: New input event: type=2
01-13 13:01:46.583 30188 30188 D ViewRootImpl@e972267[GameActivity]: ViewPostImeInputStage processPointer 0
01-13 13:01:46.593 30188 30221 V threaded_app: New input event: type=2
01-13 13:01:46.601 30188 30220 D UE4     : [2019.01.13-18.01.46:601][741]LogSlate: FSceneViewport::OnFocusLost() reason 0
01-13 13:01:46.611 30188 30221 V threaded_app: New input event: type=2
01-13 13:01:46.627 30188 30221 V threaded_app: New input event: type=2
01-13 13:01:46.644 30188 30221 V threaded_app: New input event: type=2
01-13 13:01:46.661 30188 30221 V threaded_app: New input event: type=2
01-13 13:01:46.671  3757  4398 D InputReader: Input event(3): value=0 when=210769722803000
01-13 13:01:46.671  3757  4398 D InputReader: Input event(3): value=0 when=210769722803000
01-13 13:01:46.672  3757  4398 I InputReader: Touch event's action is 0x1 (deviceType=0) [pCnt=1, s=] when=210769722803000
01-13 13:01:46.672  3757  4397 I InputDispatcher: Delivering touch to (30188): action: 0x1, toolType: 1
01-13 13:01:46.673 30188 30221 V threaded_app: New input event: type=2
01-13 13:01:46.679 30188 30221 V threaded_app: New input event: type=2
01-13 13:01:46.682 30188 30188 D ViewRootImpl@e972267[GameActivity]: ViewPostImeInputStage processPointer 1
01-13 13:01:46.687  3757 32084 D AudioService: getStreamVolume 3 index 90
01-13 13:01:46.697 30188 30389 I libOpenSLES: Emulating old channel mask behavior (ignoring positional mask 0x3, using default mask 0x3 based on channel count of 2)
01-13 13:01:46.698 30188 30389 W AudioTrack: AUDIO_OUTPUT_FLAG_FAST denied by client; transfer 1, track 44100 Hz, output 48000 Hz
01-13 13:01:46.699  3237 22865 I AudioFlinger: add dynamic flag, can move to deep thread, session 61697
01-13 13:01:46.700 30188 30389 D AudioTrack: Client defaulted notificationFrames to 590 for frameCount 1772
01-13 13:01:46.700 30188 30389 I AudioTrack: This process already got info. FadeIn[0] FadeOut[0] FadeInRing[0]
01-13 13:01:46.700  3237 27701 W AudioPolicyIntefaceImpl: Skipped to add effects on session 61697
01-13 13:01:46.700  3237 27701 I APM_AudioPolicyManager: startOutput() output 21, stream 3, session 61697
01-13 13:01:46.706  3757 29839 D AudioService: getStreamVolume 3 index 90
01-13 13:01:46.724  3237  3477 I AudioMixer: create resampler src 44100, 2, dst 48000, 2, q 8
01-13 13:01:46.725  3237  3477 D SoundAliveResampler: [SoundAliveResampler] Init+++
01-13 13:01:46.895  3757  2858 D AudioService: getStreamVolume 3 index 90
01-13 13:01:46.911  3757  6272 D AudioService: getStreamVolume 3 index 90
01-13 13:01:46.920  3757  4458 D WifiStateMachine: Current network is: "wilkinson2.4" , ID is: 30
01-13 13:01:46.920  3757  4458 I WifiStateMachine: IMS calling, current network is always qualified
01-13 13:01:47.098  3757  5063 D AudioService: getStreamVolume 3 index 90
01-13 13:01:47.117  3757  4482 D AudioService: getStreamVolume 3 index 90
01-13 13:01:47.255  3757  3770 D AudioService: getStreamVolume 3 index 90
01-13 13:01:47.283 30188 30220 D UE4     : [2019.01.13-18.01.47:283][778]LogUMG: Display: Widget Class Button_C - Loaded Fast Template.
01-13 13:01:47.285 30188 30220 D UE4     : [2019.01.13-18.01.47:285][778]LogUMG: Display: Widget Class ScoreCounter_C - Loaded Fast Template.
01-13 13:01:47.293 30188 30389 I AudioTrack: Skip ramp
01-13 13:01:47.295 30188 30220 D UE4     : [2019.01.13-18.01.47:295][778]LogSlate: Took 0.000935 seconds to synchronously load lazily loaded font '../../../Engine/Content/EngineFonts/Faces/RobotoBold.ufont' (160K)
01-13 13:01:47.297 30188 30389 I libOpenSLES: Emulating old channel mask behavior (ignoring positional mask 0x3, using default mask 0x3 based on channel count of 2)
01-13 13:01:47.298 30188 30389 W AudioTrack: AUDIO_OUTPUT_FLAG_FAST denied by client; transfer 1, track 44100 Hz, output 48000 Hz
01-13 13:01:47.299  3237  3486 I AudioFlinger: add dynamic flag, can move to deep thread, session 61705
01-13 13:01:47.301 30188 30389 D AudioTrack: Client defaulted notificationFrames to 590 for frameCount 1772
01-13 13:01:47.302  3757  4440 D AudioService: getStreamVolume 3 index 90
01-13 13:01:47.303 30188 30389 I AudioTrack: This process already got info. FadeIn[0] FadeOut[0] FadeInRing[0]
01-13 13:01:47.304  3237  8663 W AudioPolicyIntefaceImpl: Skipped to add effects on session 61705
01-13 13:01:47.304  3237  8663 I APM_AudioPolicyManager: startOutput() output 21, stream 3, session 61705
01-13 13:01:47.321  3757 10496 D AudioService: getStreamVolume 3 index 90
01-13 13:01:47.327  3237  3477 I AudioMixer: create resampler src 44100, 2, dst 48000, 2, q 8
01-13 13:01:47.327  3237  3477 D SoundAliveResampler: [SoundAliveResampler] Init+++
01-13 13:01:47.389  3237  3352 I APM_AudioPolicyManager: stopOutput() output 21, stream 3, session 61689
01-13 13:01:47.505  3757  7206 D AudioService: getStreamVolume 3 index 90
01-13 13:01:47.524  3757 32084 D AudioService: getStreamVolume 3 index 90
01-13 13:01:47.598 30188 30610 I AudioTrack: Skip ramp
01-13 13:01:47.708  3757 29838 D AudioService: getStreamVolume 3 index 90
01-13 13:01:47.709  3237  3352 I APM_AudioPolicyManager: stopOutput() output 21, stream 3, session 61697
01-13 13:01:47.730  3757  7201 D AudioService: getStreamVolume 3 index 90
01-13 13:01:47.915  3757  5063 D AudioService: getStreamVolume 3 index 90
01-13 13:01:47.933  3757  4482 D AudioService: getStreamVolume 3 index 90
01-13 13:01:48.046  3252  3746 D EnterpriseController: netId is 0
01-13 13:01:48.046  3252  3746 D Netd    : getNetworkForDns: using netid 561 for uid 10104
01-13 13:01:48.047  3252  3746 D DnsProxyListener: DNSDBG::dns addrinfo af 0
01-13 13:01:48.121  3757  3770 D AudioService: getStreamVolume 3 index 90
01-13 13:01:48.135  3757  4440 D AudioService: getStreamVolume 3 index 90
01-13 13:01:48.239  3757  3774 D CompatibilityInfo: mCompatibilityFlags - 0
01-13 13:01:48.239  3757  3774 D CompatibilityInfo: applicationDensity - 420
01-13 13:01:48.239  3757  3774 D CompatibilityInfo: applicationScale - 1.0
01-13 13:01:48.253  3757 32084 D CompatibilityInfo: mCompatibilityFlags - 0
01-13 13:01:48.253  3757 32084 D CompatibilityInfo: applicationDensity - 420
01-13 13:01:48.253  3757 32084 D CompatibilityInfo: applicationScale - 1.0
01-13 13:01:48.258  3757 32084 D AudioService: getStreamVolume 3 index 90
01-13 13:01:48.266  3757  3771 D CompatibilityInfo: mCompatibilityFlags - 0
01-13 13:01:48.266  3757  3771 D CompatibilityInfo: applicationDensity - 420
01-13 13:01:48.266  3757  3771 D CompatibilityInfo: applicationScale - 1.0
01-13 13:01:48.283  3757  2858 D CompatibilityInfo: mCompatibilityFlags - 0
01-13 13:01:48.283  3757  2858 D CompatibilityInfo: applicationDensity - 420
01-13 13:01:48.283  3757  2858 D CompatibilityInfo: applicationScale - 1.0
01-13 13:01:48.299  3757  7201 D CompatibilityInfo: mCompatibilityFlags - 0
01-13 13:01:48.299  3757  7201 D CompatibilityInfo: applicationDensity - 420
01-13 13:01:48.300  3757  7201 D CompatibilityInfo: applicationScale - 1.0
01-13 13:01:48.318  3757  7202 D CompatibilityInfo: mCompatibilityFlags - 0
01-13 13:01:48.318  3757  7202 D CompatibilityInfo: applicationDensity - 420
01-13 13:01:48.318  3757  7202 D CompatibilityInfo: applicationScale - 1.0
01-13 13:01:48.334  3757 29840 D CompatibilityInfo: mCompatibilityFlags - 0
01-13 13:01:48.335  3757 29840 D CompatibilityInfo: applicationDensity - 420
01-13 13:01:48.335  3757 29840 D CompatibilityInfo: applicationScale - 1.0
01-13 13:01:48.337  3757  4473 D AudioService: getStreamVolume 3 index 90
01-13 13:01:48.338  3757  7203 D AudioService: getStreamVolume 3 index 90
01-13 13:01:48.347  3757  5902 D CompatibilityInfo: mCompatibilityFlags - 0
01-13 13:01:48.347  3757  5902 D CompatibilityInfo: applicationDensity - 420
01-13 13:01:48.347  3757  5902 D CompatibilityInfo: applicationScale - 1.0
01-13 13:01:48.349 26905 26905 I DMT-DropBoxReceiver: Received : android.intent.action.DROPBOX_ENTRY_ADDED
01-13 13:01:48.417  3757  4398 D InputReader: Input event(3): value=1 when=210771469021000
01-13 13:01:48.417  3757  4398 D InputReader: Input event(3): value=1 when=210771469021000
01-13 13:01:48.418  3757  4398 I InputReader: Touch event's action is 0x0 (deviceType=0) [pCnt=1, s=0.21667 ] when=210771469021000
01-13 13:01:48.418  3757  4397 I InputDispatcher: Delivering touch to (30188): action: 0x0, toolType: 1
01-13 13:01:48.419 30188 30221 V threaded_app: New input event: type=2
01-13 13:01:48.422 30188 30188 D ViewRootImpl@e972267[GameActivity]: ViewPostImeInputStage processPointer 0
01-13 13:01:48.439 30188 30220 D UE4     : [2019.01.13-18.01.48:439][836]LogSlate: FSceneViewport::OnFocusLost() reason 0
01-13 13:01:48.446 30188 30221 V threaded_app: New input event: type=2
01-13 13:01:48.451 30188 30389 I libOpenSLES: Emulating old channel mask behavior (ignoring positional mask 0x4, using default mask 0x1 based on channel count of 1)
01-13 13:01:48.455 30188 30389 W AudioTrack: AUDIO_OUTPUT_FLAG_FAST denied by client; transfer 1, track 44100 Hz, output 48000 Hz
01-13 13:01:48.460  3237  3812 I AudioFlinger: add dynamic flag, can move to deep thread, session 61713
01-13 13:01:48.462 30188 30389 D AudioTrack: Client defaulted notificationFrames to 590 for frameCount 1772
01-13 13:01:48.463 30188 30221 V threaded_app: New input event: type=2
01-13 13:01:48.463 30188 30389 I AudioTrack: This process already got info. FadeIn[0] FadeOut[0] FadeInRing[0]
01-13 13:01:48.464  3237  3813 W AudioPolicyIntefaceImpl: Skipped to add effects on session 61713
01-13 13:01:48.464  3237  3813 I APM_AudioPolicyManager: startOutput() output 21, stream 3, session 61713
01-13 13:01:48.481 30188 30221 V threaded_app: New input event: type=2
01-13 13:01:48.490  3237  3477 I AudioMixer: create resampler src 44100, 1, dst 48000, 1, q 8
01-13 13:01:48.491  3237  3477 D SoundAliveResampler: [SoundAliveResampler] Init+++
01-13 13:01:48.497 30188 30221 V threaded_app: New input event: type=2
01-13 13:01:48.513 30188 30221 V threaded_app: New input event: type=2
01-13 13:01:48.530 30188 30221 V threaded_app: New input event: type=2
01-13 13:01:48.541  3757 32084 D AudioService: getStreamVolume 3 index 90
01-13 13:01:48.543  3757  3771 D AudioService: getStreamVolume 3 index 90
01-13 13:01:48.547  3757  4398 D InputReader: Input event(3): value=0 when=210771598261000
01-13 13:01:48.547  3757  4398 D InputReader: Input event(3): value=0 when=210771598261000
01-13 13:01:48.547  3757  4398 I InputReader: Touch event's action is 0x1 (deviceType=0) [pCnt=1, s=] when=210771598261000
01-13 13:01:48.547  3757  4397 I InputDispatcher: Delivering touch to (30188): action: 0x1, toolType: 1
01-13 13:01:48.550 30188 30221 V threaded_app: New input event: type=2
01-13 13:01:48.552 30188 30221 V threaded_app: New input event: type=2
01-13 13:01:48.554 30188 30188 D ViewRootImpl@e972267[GameActivity]: ViewPostImeInputStage processPointer 1
01-13 13:01:48.563  3757  7201 D ConnectivityService: filterNetworkStateForUid() uid: 10014 networkInfo: [type: WIFI[] - WIFI, state: CONNECTED/CONNECTED, reason: (unspecified), extra: "wilkinson2.4", failover: false, available: true, roaming: false, metered: false]
01-13 13:01:48.751  3757  7203 D AudioService: getStreamVolume 3 index 90
01-13 13:01:48.752  3757  7216 D AudioService: getStreamVolume 3 index 90
01-13 13:01:48.812 30188 30621 I AudioTrack: Skip ramp
01-13 13:01:48.912  3237  3352 I APM_AudioPolicyManager: stopOutput() output 21, stream 3, session 61713
01-13 13:01:48.955  3757  2858 D AudioService: getStreamVolume 3 index 90
01-13 13:01:48.958  3757  5902 D AudioService: getStreamVolume 3 index 90
01-13 13:01:49.159  3757 29840 D AudioService: getStreamVolume 3 index 90
01-13 13:01:49.161  3757  7202 D AudioService: getStreamVolume 3 index 90
01-13 13:01:49.260  3757  7205 D AudioService: getStreamVolume 3 index 90
01-13 13:01:49.361  3757 32085 D AudioService: getStreamVolume 3 index 90
01-13 13:01:49.363  3757 29841 D AudioService: getStreamVolume 3 index 90
01-13 13:01:49.488  3757  4398 D InputReader: Input event(3): value=1 when=210772540358000
01-13 13:01:49.489  3757  4398 D InputReader: Input event(3): value=1 when=210772540358000
01-13 13:01:49.489  3757  4398 I InputReader: Touch event's action is 0x0 (deviceType=0) [pCnt=1, s=0.21668 ] when=210772540358000
01-13 13:01:49.489  3757  4397 I InputDispatcher: Delivering touch to (30188): action: 0x0, toolType: 1
01-13 13:01:49.490 30188 30221 V threaded_app: New input event: type=2
01-13 13:01:49.492 30188 30188 D ViewRootImpl@e972267[GameActivity]: ViewPostImeInputStage processPointer 0
01-13 13:01:49.506 30188 30389 I libOpenSLES: Emulating old channel mask behavior (ignoring positional mask 0x4, using default mask 0x1 based on channel count of 1)
01-13 13:01:49.507 30188 30389 W AudioTrack: AUDIO_OUTPUT_FLAG_FAST denied by client; transfer 1, track 44100 Hz, output 48000 Hz
01-13 13:01:49.507  3237  8662 I AudioFlinger: add dynamic flag, can move to deep thread, session 61721
01-13 13:01:49.510 30188 30389 D AudioTrack: Client defaulted notificationFrames to 590 for frameCount 1772
01-13 13:01:49.512 30188 30389 I AudioTrack: This process already got info. FadeIn[0] FadeOut[0] FadeInRing[0]
01-13 13:01:49.513  3237  8663 W AudioPolicyIntefaceImpl: Skipped to add effects on session 61721
01-13 13:01:49.513  3237  8663 I APM_AudioPolicyManager: startOutput() output 21, stream 3, session 61721
01-13 13:01:49.521 30188 30221 V threaded_app: New input event: type=2
01-13 13:01:49.532  3237  3477 I AudioMixer: create resampler src 44100, 1, dst 48000, 1, q 8
01-13 13:01:49.533  3237  3477 D SoundAliveResampler: [SoundAliveResampler] Init+++
01-13 13:01:49.538 30188 30221 V threaded_app: New input event: type=2
01-13 13:01:49.552 30188 30221 V threaded_app: New input event: type=2
01-13 13:01:49.564  3757  7216 D AudioService: getStreamVolume 3 index 90
01-13 13:01:49.566  3757 29838 D AudioService: getStreamVolume 3 index 90
01-13 13:01:49.572 30188 30221 V threaded_app: New input event: type=2
01-13 13:01:49.586 30188 30221 V threaded_app: New input event: type=2
01-13 13:01:49.601  5689  5689 D io_stats: !@   8,0 r 2529393 75976120 w 2328557 53487672 d 377112 28317268 f 604248 604105 iot 3764250 2144937 th 61440 61440 44732 pt 10220 inp 0 0 210772.652
01-13 13:01:49.607 30188 30221 V threaded_app: New input event: type=2
01-13 13:01:49.621  3757  9599 D SSRM:t  : SIOP:: AP = 420, PST = 380 (W:12), CP = 245, CUR = 696, LCD = 94
01-13 13:01:49.621 30188 30221 V threaded_app: New input event: type=2
01-13 13:01:49.622  3757  9599 D ConnectivityService: filterNetworkStateForUid() uid: 1000 networkInfo: [type: WIFI[] - WIFI, state: CONNECTED/CONNECTED, reason: (unspecified), extra: "wilkinson2.4", failover: false, available: true, roaming: false, metered: false]
01-13 13:01:49.637 30188 30221 V threaded_app: New input event: type=2
01-13 13:01:49.653 30188 30221 V threaded_app: New input event: type=2
01-13 13:01:49.661  3757  4398 D InputReader: Input event(3): value=0 when=210772712945000
01-13 13:01:49.661  3757  4398 D InputReader: Input event(3): value=0 when=210772712945000
01-13 13:01:49.662  3757  4398 I InputReader: Touch event's action is 0x1 (deviceType=0) [pCnt=1, s=] when=210772712945000
01-13 13:01:49.662  3757  4397 I InputDispatcher: Delivering touch to (30188): action: 0x1, toolType: 1
01-13 13:01:49.663 30188 30221 V threaded_app: New input event: type=2
01-13 13:01:49.665 30188 30188 D ViewRootImpl@e972267[GameActivity]: ViewPostImeInputStage processPointer 1
01-13 13:01:49.766  3757  2858 D AudioService: getStreamVolume 3 index 90
01-13 13:01:49.767  4616  4823 D NetworkController.MobileSignalController(0/1): onSignalStrengthsChanged signalStrength=SignalStrength: 99 99 -120 -160 -120 -1 -1 14 -114 -12 16 2147483647 2147483647 0x2000 gsm|lte level=2
01-13 13:01:49.771  3757  7204 D AudioService: getStreamVolume 3 index 90
01-13 13:01:49.775  4616  4823 D NetworkController.MobileSignalController(0/1): getMobileIconGroup(): 13
01-13 13:01:49.777  4616  4823 D NetworkController.MobileSignalController(0/1): updateVZWMobileIconGroup(): 13
01-13 13:01:49.782  5035  5670 D EPDG -- [SMARTWIFI]: onSignalStrengthsChanged: Received signal strength change, phone type is: 2
01-13 13:01:49.782  5035  6446 D EPDG -- [SMARTWIFI]: lastLteRSRP is -109currentLteRSRP is -114
01-13 13:01:49.782  5035  6446 D EPDG -- [SMARTWIFI]: lastLteRSRQ is -12currentLteRSRQ is -12
01-13 13:01:49.782  5035  6446 D EPDG -- [SMARTWIFI]: lastCdmaDb is -16currentCdmaDb is -16
01-13 13:01:49.782  5035  6446 V EPDG -- [SMARTWIFI]: Radio oldest entry removed
01-13 13:01:49.783  5035  6446 V EPDG -- [SMARTWIFI]: New entry : (SignalStrength: 99 99 -120 -160 -120 -1 -1 14 -114 -12 16 2147483647 2147483647 0x2000 gsm|lte : 0 )
01-13 13:01:49.783  5035  6446 V EPDG -- [SMARTWIFI]: Radio entry added
01-13 13:01:49.788  4616  4823 D NetworkController.MobileSignalController(0/1): callState:0, callStateByPhone:false voLTECall:false voiceNetTpe:13 dataNetType:13, ine911:false, emergencyCallbackMode:false
01-13 13:01:49.873 30188 30625 I AudioTrack: Skip ramp
01-13 13:01:49.961  3757  4458 D WifiStateMachine: Current network is: "wilkinson2.4" , ID is: 30
01-13 13:01:49.961  3757  4458 I WifiStateMachine: IMS calling, current network is always qualified
01-13 13:01:49.968  3757  6272 D AudioService: getStreamVolume 3 index 90
01-13 13:01:49.972  3237  3352 I APM_AudioPolicyManager: stopOutput() output 21, stream 3, session 61721
01-13 13:01:49.973  3757  4469 D AudioService: getStreamVolume 3 index 90
01-13 13:01:50.171  3757 32085 D AudioService: getStreamVolume 3 index 90
01-13 13:01:50.179  3757 29841 D AudioService: getStreamVolume 3 index 90
01-13 13:01:50.263  3757  7203 D AudioService: getStreamVolume 3 index 90
01-13 13:01:50.376  3757 29838 D AudioService: getStreamVolume 3 index 90
01-13 13:01:50.381  3757 32084 D AudioService: getStreamVolume 3 index 90
01-13 13:01:50.578  3757 29839 D AudioService: getStreamVolume 3 index 90
01-13 13:01:50.585  3757  5902 D AudioService: getStreamVolume 3 index 90
01-13 13:01:50.720  3757  4398 D InputReader: Input event(3): value=1 when=210773771868000
01-13 13:01:50.720  3757  4398 D InputReader: Input event(3): value=1 when=210773771868000
01-13 13:01:50.720  3757  4398 I InputReader: Touch event's action is 0x0 (deviceType=0) [pCnt=1, s=0.21669 ] when=210773771868000
01-13 13:01:50.720  3757  4397 I InputDispatcher: Delivering touch to (30188): action: 0x0, toolType: 1
01-13 13:01:50.721 30188 30221 V threaded_app: New input event: type=2
01-13 13:01:50.722 30188 30188 D ViewRootImpl@e972267[GameActivity]: ViewPostImeInputStage processPointer 0
01-13 13:01:50.743 30188 30221 V threaded_app: New input event: type=2
01-13 13:01:50.746 30188 30389 I libOpenSLES: Emulating old channel mask behavior (ignoring positional mask 0x4, using default mask 0x1 based on channel count of 1)
01-13 13:01:50.749 30188 30389 W AudioTrack: AUDIO_OUTPUT_FLAG_FAST denied by client; transfer 1, track 44100 Hz, output 48000 Hz
01-13 13:01:50.750  3237 22864 I AudioFlinger: add dynamic flag, can move to deep thread, session 61729
01-13 13:01:50.751 30188 30389 D AudioTrack: Client defaulted notificationFrames to 590 for frameCount 1772
01-13 13:01:50.752 30188 30389 I AudioTrack: This process already got info. FadeIn[0] FadeOut[0] FadeInRing[0]
01-13 13:01:50.752  3237 17217 W AudioPolicyIntefaceImpl: Skipped to add effects on session 61729
01-13 13:01:50.752  3237 17217 I APM_AudioPolicyManager: startOutput() output 21, stream 3, session 61729
01-13 13:01:50.760 30188 30221 V threaded_app: New input event: type=2
01-13 13:01:50.772  3237  3477 I AudioMixer: create resampler src 44100, 1, dst 48000, 1, q 8
01-13 13:01:50.772  3237  3477 D SoundAliveResampler: [SoundAliveResampler] Init+++
01-13 13:01:50.778 30188 30221 V threaded_app: New input event: type=2
01-13 13:01:50.782  3757  7202 D AudioService: getStreamVolume 3 index 90
01-13 13:01:50.790  3757  6272 D AudioService: getStreamVolume 3 index 90
01-13 13:01:50.797 30188 30221 V threaded_app: New input event: type=2
01-13 13:01:50.810 30188 30221 V threaded_app: New input event: type=2
01-13 13:01:50.825 30188 30221 V threaded_app: New input event: type=2
01-13 13:01:50.859 30188 30221 V threaded_app: New input event: type=2
01-13 13:01:50.876 30188 30221 V threaded_app: New input event: type=2
01-13 13:01:50.891 30188 30221 V threaded_app: New input event: type=2
01-13 13:01:50.893  3757  4398 D InputReader: Input event(3): value=0 when=210773944366000
01-13 13:01:50.893  3757  4398 D InputReader: Input event(3): value=0 when=210773944366000
01-13 13:01:50.893  3757  4398 I InputReader: Touch event's action is 0x1 (deviceType=0) [pCnt=1, s=] when=210773944366000
01-13 13:01:50.893  3757  4397 I InputDispatcher: Delivering touch to (30188): action: 0x1, toolType: 1
01-13 13:01:50.895 30188 30221 V threaded_app: New input event: type=2
01-13 13:01:50.896 30188 30188 D ViewRootImpl@e972267[GameActivity]: ViewPostImeInputStage processPointer 1
01-13 13:01:50.987  3757  7205 D AudioService: getStreamVolume 3 index 90
01-13 13:01:50.993 30188 30631 I AudioTrack: Skip ramp
01-13 13:01:51.000  3757 32085 D AudioService: getStreamVolume 3 index 90
01-13 13:01:51.093  3237  3352 I APM_AudioPolicyManager: stopOutput() output 21, stream 3, session 61729
01-13 13:01:51.163  3757  4354 D SamsungAlarmManager: Expired : 8
01-13 13:01:51.164  3757  4354 I SamsungAlarmManager: setLocked to kernel - T:3 / 20190113T130152, SetElapsed=603156049, nowELAPSED=603154918
01-13 13:01:51.164  3757  4354 V SamsungAlarmManager: Sending to uid : 10059 action=null alarm=Alarm{3f698f1 type 3 when 603154918 com.asurion.android.verizon.vms}
01-13 13:01:51.170  3757  4354 D CompatibilityInfo: mCompatibilityFlags - 0
01-13 13:01:51.170  3757  4354 D CompatibilityInfo: applicationDensity - 420
01-13 13:01:51.170  3757  4354 D CompatibilityInfo: applicationScale - 1.0
01-13 13:01:51.190  3757 31270 D AudioService: getStreamVolume 3 index 90
01-13 13:01:51.204  3757  7204 D AudioService: getStreamVolume 3 index 90
01-13 13:01:51.205  3757 29839 D SamsungAlarmManager: setExact Intent (T:3/F:5/AC:false) 20190113T130156 - CU:10059/CP:15240
01-13 13:01:51.266  3757  5901 D AudioService: getStreamVolume 3 index 90
01-13 13:01:51.392  3757  4482 D AudioService: getStreamVolume 3 index 90
01-13 13:01:51.408  3757 32083 D AudioService: getStreamVolume 3 index 90
01-13 13:01:51.597  3757  4473 D AudioService: getStreamVolume 3 index 90
01-13 13:01:51.610  3757  3770 D AudioService: getStreamVolume 3 index 90
01-13 13:01:51.799  3757  7206 D AudioService: getStreamVolume 3 index 90
01-13 13:01:51.817  3757  5062 D AudioService: getStreamVolume 3 index 90
01-13 13:01:51.900  3757  4398 D InputReader: Input event(3): value=1 when=210774952002000
01-13 13:01:51.900  3757  4398 D InputReader: Input event(3): value=1 when=210774952002000
01-13 13:01:51.901  3757  4398 I InputReader: Touch event's action is 0x0 (deviceType=0) [pCnt=1, s=0.21670 ] when=210774952002000
01-13 13:01:51.901  3757  4397 I InputDispatcher: Delivering touch to (30188): action: 0x0, toolType: 1
01-13 13:01:51.903 30188 30221 V threaded_app: New input event: type=2
01-13 13:01:51.911 30188 30188 D ViewRootImpl@e972267[GameActivity]: ViewPostImeInputStage processPointer 0
01-13 13:01:51.932 30188 30221 V threaded_app: New input event: type=2
01-13 13:01:51.939 30188 30389 I libOpenSLES: Emulating old channel mask behavior (ignoring positional mask 0x4, using default mask 0x1 based on channel count of 1)
01-13 13:01:51.944 30188 30389 W AudioTrack: AUDIO_OUTPUT_FLAG_FAST denied by client; transfer 1, track 44100 Hz, output 48000 Hz
01-13 13:01:51.947 30188 30221 V threaded_app: New input event: type=2
01-13 13:01:51.947  3237 27701 I AudioFlinger: add dynamic flag, can move to deep thread, session 61737
01-13 13:01:51.950 30188 30389 D AudioTrack: Client defaulted notificationFrames to 590 for frameCount 1772
01-13 13:01:51.953 30188 30389 I AudioTrack: This process already got info. FadeIn[0] FadeOut[0] FadeInRing[0]
01-13 13:01:51.955  3237 22865 W AudioPolicyIntefaceImpl: Skipped to add effects on session 61737
01-13 13:01:51.955  3237 22865 I APM_AudioPolicyManager: startOutput() output 21, stream 3, session 61737
01-13 13:01:51.961 30188 30221 V threaded_app: New input event: type=2
01-13 13:01:51.972  3237  3477 I AudioMixer: create resampler src 44100, 1, dst 48000, 1, q 8
01-13 13:01:51.972  3237  3477 D SoundAliveResampler: [SoundAliveResampler] Init+++
01-13 13:01:51.978 30188 30221 V threaded_app: New input event: type=2
01-13 13:01:51.999 30188 30221 V threaded_app: New input event: type=2
01-13 13:01:52.002  3757  2858 D AudioService: getStreamVolume 3 index 90
01-13 13:01:52.022  3757 29839 D AudioService: getStreamVolume 3 index 90
01-13 13:01:52.028 30188 30221 V threaded_app: New input event: type=2
01-13 13:01:52.046 30188 30221 V threaded_app: New input event: type=2
01-13 13:01:52.061 30188 30221 V threaded_app: New input event: type=2
01-13 13:01:52.079 30188 30221 V threaded_app: New input event: type=2
01-13 13:01:52.095  3757  4398 D InputReader: Input event(3): value=0 when=210775146713000
01-13 13:01:52.095  3757  4398 D InputReader: Input event(3): value=0 when=210775146713000
01-13 13:01:52.095  3757  4398 I InputReader: Touch event's action is 0x1 (deviceType=0) [pCnt=1, s=] when=210775146713000
01-13 13:01:52.095  3757  4397 I InputDispatcher: Delivering touch to (30188): action: 0x1, toolType: 1
01-13 13:01:52.096 30188 30221 V threaded_app: New input event: type=2
01-13 13:01:52.098 30188 30188 D ViewRootImpl@e972267[GameActivity]: ViewPostImeInputStage processPointer 1
01-13 13:01:52.193 30188 30635 I AudioTrack: Skip ramp
01-13 13:01:52.205  3757  7202 D AudioService: getStreamVolume 3 index 90
01-13 13:01:52.225  3757  4469 D AudioService: getStreamVolume 3 index 90
01-13 13:01:52.270  3757 10512 D AudioService: getStreamVolume 3 index 90
01-13 13:01:52.292  3237  3352 I APM_AudioPolicyManager: stopOutput() output 21, stream 3, session 61737
01-13 13:01:52.294  3757  4354 D SamsungAlarmManager: Expired : 8
01-13 13:01:52.296  3757  4354 I SamsungAlarmManager: setLocked to kernel - T:3 / 20190113T130156, SetElapsed=603159947, nowELAPSED=603156051
01-13 13:01:52.297  3757  4354 V SamsungAlarmManager: Sending to uid : 1001 action=com.android.internal.telephony.data-stall alarm=Alarm{683cb57 type 3 when 603155606 com.android.phone}
01-13 13:01:52.305  3757  4354 V SamsungAlarmManager: Sending to uid : 10014 action=null alarm=Alarm{a5c4644 type 3 when 603156049 com.google.android.gms}
01-13 13:01:52.331  3757  3774 D CompatibilityInfo: mCompatibilityFlags - 0
01-13 13:01:52.331  3757  3774 D CompatibilityInfo: applicationDensity - 420
01-13 13:01:52.331  3757  3774 D CompatibilityInfo: applicationScale - 1.0
01-13 13:01:52.343  3757  3770 D CompatibilityInfo: mCompatibilityFlags - 0
01-13 13:01:52.343  3757  3770 D CompatibilityInfo: applicationDensity - 420
01-13 13:01:52.343  3757  3770 D CompatibilityInfo: applicationScale - 1.0
01-13 13:01:52.348  3757 31269 D SamsungAlarmManager: setInexact Intent (T:3/F:8/AC:false) 20190113T130252 - CU:1001/CP:5024
01-13 13:01:52.355  4616  4823 D NetworkController.MobileSignalController(0/1): onSignalStrengthsChanged signalStrength=SignalStrength: 99 99 -120 -160 -120 -1 -1 15 -114 -12 8 2147483647 2147483647 0x2000 gsm|lte level=2
01-13 13:01:52.355  5035  5670 D EPDG -- [SMARTWIFI]: onSignalStrengthsChanged: Received signal strength change, phone type is: 2
01-13 13:01:52.356  4616  4823 D NetworkController.MobileSignalController(0/1): getMobileIconGroup(): 13
01-13 13:01:52.356  4616  4823 D NetworkController.MobileSignalController(0/1): updateVZWMobileIconGroup(): 13
01-13 13:01:52.356  5035  6446 D EPDG -- [SMARTWIFI]: lastLteRSRP is -114currentLteRSRP is -114
01-13 13:01:52.356  5035  6446 D EPDG -- [SMARTWIFI]: lastLteRSRQ is -12currentLteRSRQ is -12
01-13 13:01:52.356  5035  6446 D EPDG -- [SMARTWIFI]: lastCdmaDb is -16currentCdmaDb is -16
01-13 13:01:52.356  5035  6446 V EPDG -- [SMARTWIFI]: Radio oldest entry removed
01-13 13:01:52.356  5035  6446 V EPDG -- [SMARTWIFI]: New entry : (SignalStrength: 99 99 -120 -160 -120 -1 -1 15 -114 -12 8 2147483647 2147483647 0x2000 gsm|lte : 0 )
01-13 13:01:52.356  5035  6446 V EPDG -- [SMARTWIFI]: Radio entry added
01-13 13:01:52.366  4616  4823 D NetworkController.MobileSignalController(0/1): callState:0, callStateByPhone:false voLTECall:false voiceNetTpe:13 dataNetType:13, ine911:false, emergencyCallbackMode:false
01-13 13:01:52.406  3757 29840 D AudioService: getStreamVolume 3 index 90
01-13 13:01:52.428  3757 32085 D AudioService: getStreamVolume 3 index 90
01-13 13:01:52.610  3757  7206 D AudioService: getStreamVolume 3 index 90
01-13 13:01:52.629  3757  5062 D AudioService: getStreamVolume 3 index 90
01-13 13:01:52.713  3757  5062 D SamsungAlarmManager: setInexact Intent (T:3/F:0/AC:false) 20190113T130252 - CU:10014/CP:5918
01-13 13:01:52.815  3757  6272 D AudioService: getStreamVolume 3 index 90
01-13 13:01:52.831  3757 10512 D AudioService: getStreamVolume 3 index 90
01-13 13:01:52.983  3757  4458 D WifiStateMachine: Current network is: "wilkinson2.4" , ID is: 30
01-13 13:01:52.983  3757  4458 I WifiStateMachine: IMS calling, current network is always qualified
01-13 13:01:53.020  3757 10496 D AudioService: getStreamVolume 3 index 90
01-13 13:01:53.035  3757  7203 D AudioService: getStreamVolume 3 index 90
01-13 13:01:53.064  3757  4398 D InputReader: Input event(3): value=1 when=210776116058000
01-13 13:01:53.064  3757  4398 D InputReader: Input event(3): value=1 when=210776116058000
01-13 13:01:53.065  3757  4398 I InputReader: Touch event's action is 0x0 (deviceType=0) [pCnt=1, s=0.21671 ] when=210776116058000
01-13 13:01:53.066  3757  4397 I InputDispatcher: Delivering touch to (30188): action: 0x0, toolType: 1
01-13 13:01:53.067 30188 30221 V threaded_app: New input event: type=2
01-13 13:01:53.068 30188 30188 D ViewRootImpl@e972267[GameActivity]: ViewPostImeInputStage processPointer 0
01-13 13:01:53.079 30188 30389 I libOpenSLES: Emulating old channel mask behavior (ignoring positional mask 0x4, using default mask 0x1 based on channel count of 1)
01-13 13:01:53.087 30188 30389 W AudioTrack: AUDIO_OUTPUT_FLAG_FAST denied by client; transfer 1, track 44100 Hz, output 48000 Hz
01-13 13:01:53.089  3237  3237 I AudioFlinger: add dynamic flag, can move to deep thread, session 61745
01-13 13:01:53.092 30188 30389 D AudioTrack: Client defaulted notificationFrames to 590 for frameCount 1772
01-13 13:01:53.093 30188 30389 I AudioTrack: This process already got info. FadeIn[0] FadeOut[0] FadeInRing[0]
01-13 13:01:53.093  3237  3812 W AudioPolicyIntefaceImpl: Skipped to add effects on session 61745
01-13 13:01:53.094  3237  3812 I APM_AudioPolicyManager: startOutput() output 21, stream 3, session 61745
01-13 13:01:53.100 30188 30221 V threaded_app: New input event: type=2
01-13 13:01:53.117 30188 30221 V threaded_app: New input event: type=2
01-13 13:01:53.132  3237  3477 I AudioMixer: create resampler src 44100, 1, dst 48000, 1, q 8
01-13 13:01:53.133  3237  3477 D SoundAliveResampler: [SoundAliveResampler] Init+++
01-13 13:01:53.135 30188 30221 V threaded_app: New input event: type=2
01-13 13:01:53.149 30188 30221 V threaded_app: New input event: type=2
01-13 13:01:53.164 30188 30221 V threaded_app: New input event: type=2
01-13 13:01:53.182 30188 30221 V threaded_app: New input event: type=2
01-13 13:01:53.213 30188 30221 V threaded_app: New input event: type=2
01-13 13:01:53.221  3757  4469 D AudioService: getStreamVolume 3 index 90
01-13 13:01:53.230 30188 30221 V threaded_app: New input event: type=2
01-13 13:01:53.237  3757 32085 D AudioService: getStreamVolume 3 index 90
01-13 13:01:53.247 30188 30221 V threaded_app: New input event: type=2
01-13 13:01:53.259  3757  4398 D InputReader: Input event(3): value=0 when=210776310737000
01-13 13:01:53.259  3757  4398 D InputReader: Input event(3): value=0 when=210776310737000
01-13 13:01:53.259  3757  4398 I InputReader: Touch event's action is 0x1 (deviceType=0) [pCnt=1, s=] when=210776310737000
01-13 13:01:53.259  3757  4397 I InputDispatcher: Delivering touch to (30188): action: 0x1, toolType: 1
01-13 13:01:53.260 30188 30221 V threaded_app: New input event: type=2
01-13 13:01:53.262 30188 30188 D ViewRootImpl@e972267[GameActivity]: ViewPostImeInputStage processPointer 1
01-13 13:01:53.272  3757  4473 D AudioService: getStreamVolume 3 index 90
01-13 13:01:53.337 30188 30642 I AudioTrack: Skip ramp
01-13 13:01:53.424  3757 29841 D AudioService: getStreamVolume 3 index 90
01-13 13:01:53.435  3237  3352 I APM_AudioPolicyManager: stopOutput() output 21, stream 3, session 61745
01-13 13:01:53.441  3757 10496 D AudioService: getStreamVolume 3 index 90
01-13 13:01:53.621  3757 31270 D BatteryService: !@BatteryListener : batteryPropertiesChanged!
01-13 13:01:53.622  3757 31270 D BatteryService: level:48, scale:100, status:2, health:2, present:true, voltage: 3920, temperature: 272, technology: Li-ion, AC powered:false, USB powered:true, POGO powered:false, Wireless powered:false, icon:17303694, invalid charger:0, maxChargingCurrent:0, maxChargingVoltage:0, chargeCounter:0
01-13 13:01:53.622  3757 31270 D BatteryService: online:6, current avg:437, charge type:1, power sharing:false, high voltage charger:false, capacity:280000, batterySWSelfDischarging:false, misc_event:0, current_now:485
01-13 13:01:53.622  3757  3757 D BatteryService: Sending ACTION_BATTERY_CHANGED.
01-13 13:01:53.625  3757  3757 V UiModeManager: updateLocked: null action, mDockState=0, category=null
01-13 13:01:53.625  3757  3757 D UiModeManager: updateConfigurationLocked: mDockState=0; mCarMode=false; mNightMode=1; uiMode=17
01-13 13:01:53.627  3757  3757 D GameManagerService: new battery level: 48
01-13 13:01:53.627  3757  3771 D AudioService: getStreamVolume 3 index 90
01-13 13:01:53.629  4616  4616 D KeyguardUpdateMonitor: received broadcast android.intent.action.BATTERY_CHANGED
01-13 13:01:53.629  4616  4616 D KeyguardUpdateMonitor: handleBatteryUpdate
01-13 13:01:53.637  4616  4616 D PowerUI : priorPlugType = 2 mPlugType =  2
01-13 13:01:53.638  4616  4616 D PowerUI.Notification: showChargingNotice oldChargingType : 1 currentChargingType : 1 oldChargingTime : 6439000 mChargingTime : 6428000
01-13 13:01:53.638  4616  4616 D PowerUI.Notification: showChargingNotification()
01-13 13:01:53.645  3757  5901 D AudioService: getStreamVolume 3 index 90
01-13 13:01:53.652  5024  5024 D PhoneApp: PhoneAppBroadcastReceiver onReceive android.intent.action.BATTERY_CHANGED
01-13 13:01:53.653  5024  5024 D TelephonyExtensionManager: lowBatterySound - isLowBatterySoundScheduled: false
01-13 13:01:53.653  5024  5024 D TelephonyExtensionManager: lowBatterySound - isPlayNow: false
01-13 13:01:53.655  5024  5024 D TelephonyExtensionManager: isSpeakerON - true
01-13 13:01:53.663  4561  4561 V HeadsetService: HeadsetService - Received Intent.ACTION_BATTERY_CHANGED
01-13 13:01:53.664  4561 20593 D HeadsetStateMachine: Disconnected process message: 10, size: 0
01-13 13:01:53.669 30188 30188 D UE4     : Battery: status = 2, rawlevel = 48, scale = 100
01-13 13:01:53.669 30188 30188 D UE4     : nativeBatteryEvent(stat = 2, lvl = 48  temp = 27.20 C)
01-13 13:01:53.672  5024  5024 D TelephonyExtensionManager: lowBatterySound - batteryStatus: 2
01-13 13:01:53.673  5024  5024 D TelephonyExtensionManager: lowBatterySound - batteryLevel: 48
01-13 13:01:53.673  5024  5024 D TelephonyExtensionManager: lowBatterySound - cancel
01-13 13:01:53.675  3757  7205 D SamsungAlarmManager: Cancel Alarm calling from uid:1001 pid :5024 / op:PendingIntent{97909ba: PendingIntentRecord{f6ee7a4 com.android.phone broadcastIntent}}
01-13 13:01:53.677  5024  5024 D TelephonyExtension: Not stopping low battery tone
01-13 13:01:53.680  3757  6272 D ApplicationPolicy: isStatusBarNotificationAllowedAsUser: packageName = com.android.systemui,userId = -1
01-13 13:01:53.687  4616  4616 D BatteryMeterDrawable: isSomethingChanged - false
01-13 13:01:53.689  4616  4616 D BatteryMeterDrawable: isSomethingChanged - false
01-13 13:01:53.691  4616  4616 D Tile.FlashlightTile: ACTION_BATTERY_CHANGED - Level :: 48, emEnabled :: false
01-13 13:01:53.753  4616  4616 D KeyguardServiceBoxContainer: updateCMAS() hasCmasNotification = false, mHasCMAS = false
01-13 13:01:53.833  3757  5063 D AudioService: getStreamVolume 3 index 90
01-13 13:01:53.848  3757 29839 D AudioService: getStreamVolume 3 index 90
01-13 13:01:54.039  3757  4473 D AudioService: getStreamVolume 3 index 90
01-13 13:01:54.052  3757  4440 D AudioService: getStreamVolume 3 index 90
01-13 13:01:54.203  3757  4398 D InputReader: Input event(3): value=1 when=210777255117000
01-13 13:01:54.203  3757  4398 D InputReader: Input event(3): value=1 when=210777255117000
01-13 13:01:54.204  3757  4398 I InputReader: Touch event's action is 0x0 (deviceType=0) [pCnt=1, s=0.21672 ] when=210777255117000
01-13 13:01:54.204  3757  4397 I InputDispatcher: Delivering touch to (30188): action: 0x0, toolType: 1
01-13 13:01:54.205  3757  4397 D PowerManagerService: [api] userActivityFromNative : 20 (event: 2 flags: 0) eventTime = 210777255
01-13 13:01:54.206 30188 30221 V threaded_app: New input event: type=2
01-13 13:01:54.221 30188 30188 D ViewRootImpl@e972267[GameActivity]: ViewPostImeInputStage processPointer 0
01-13 13:01:54.233 30188 30221 V threaded_app: New input event: type=2
01-13 13:01:54.244  3757  3770 D AudioService: getStreamVolume 3 index 90
01-13 13:01:54.246 30188 30389 I libOpenSLES: Emulating old channel mask behavior (ignoring positional mask 0x4, using default mask 0x1 based on channel count of 1)
01-13 13:01:54.250 30188 30221 V threaded_app: New input event: type=2
01-13 13:01:54.261  3757  7216 D AudioService: getStreamVolume 3 index 90
01-13 13:01:54.262 30188 30389 W AudioTrack: AUDIO_OUTPUT_FLAG_FAST denied by client; transfer 1, track 44100 Hz, output 48000 Hz
01-13 13:01:54.263  3237 22865 I AudioFlinger: add dynamic flag, can move to deep thread, session 61753
01-13 13:01:54.264 30188 30389 D AudioTrack: Client defaulted notificationFrames to 590 for frameCount 1772
01-13 13:01:54.265 30188 30389 I AudioTrack: This process already got info. FadeIn[0] FadeOut[0] FadeInRing[0]
01-13 13:01:54.266  3237  3813 W AudioPolicyIntefaceImpl: Skipped to add effects on session 61753
01-13 13:01:54.266  3237  3813 I APM_AudioPolicyManager: startOutput() output 21, stream 3, session 61753
01-13 13:01:54.267 30188 30221 V threaded_app: New input event: type=2
01-13 13:01:54.273  3757  2859 D AudioService: getStreamVolume 3 index 90
01-13 13:01:54.284 30188 30221 V threaded_app: New input event: type=2
01-13 13:01:54.295  3237  3477 I AudioMixer: create resampler src 44100, 1, dst 48000, 1, q 8
01-13 13:01:54.296  3237  3477 D SoundAliveResampler: [SoundAliveResampler] Init+++
01-13 13:01:54.316 30188 30221 V threaded_app: New input event: type=2
01-13 13:01:54.352 30188 30221 V threaded_app: New input event: type=2
01-13 13:01:54.366 30188 30221 V threaded_app: New input event: type=2
01-13 13:01:54.376  3757  4398 D InputReader: Input event(3): value=0 when=210777427767000
01-13 13:01:54.376  3757  4398 D InputReader: Input event(3): value=0 when=210777427767000
01-13 13:01:54.376  3757  4398 I InputReader: Touch event's action is 0x1 (deviceType=0) [pCnt=1, s=] when=210777427767000
01-13 13:01:54.376  3757  4397 I InputDispatcher: Delivering touch to (30188): action: 0x1, toolType: 1
01-13 13:01:54.378 30188 30221 V threaded_app: New input event: type=2
01-13 13:01:54.379 30188 30188 D ViewRootImpl@e972267[GameActivity]: ViewPostImeInputStage processPointer 1
01-13 13:01:54.446  3757  5902 D AudioService: getStreamVolume 3 index 90
01-13 13:01:54.464  3757 29842 D AudioService: getStreamVolume 3 index 90
01-13 13:01:54.499 30188 30646 I AudioTrack: Skip ramp
01-13 13:01:54.597  3237  3352 I APM_AudioPolicyManager: stopOutput() output 21, stream 3, session 61753
01-13 13:01:54.604  5689  5689 D io_stats: !@   8,0 r 2529393 75976120 w 2328639 53488296 d 377112 28317268 f 604276 604133 iot 3764400 2144952 th 61440 61440 44732 pt 10220 inp 0 0 210777.654
01-13 13:01:54.649  3757 29840 D AudioService: getStreamVolume 3 index 90
01-13 13:01:54.670  3757  4482 D AudioService: getStreamVolume 3 index 90
01-13 13:01:54.745 29743 29873 D ClClient: Not sending keepalive.  Current connection state=STOPPED
01-13 13:01:54.853  3757  4440 D AudioService: getStreamVolume 3 index 90
01-13 13:01:54.875  3757  6272 D AudioService: getStreamVolume 3 index 90
01-13 13:01:55.057  3757 10496 D AudioService: getStreamVolume 3 index 90
01-13 13:01:55.062 30188 30223 D UE4     : Used memory: 223072
01-13 13:01:55.078  3757  7203 D AudioService: getStreamVolume 3 index 90
01-13 13:01:55.260  3757  3771 D AudioService: getStreamVolume 3 index 90
01-13 13:01:55.276  3757  5062 D AudioService: getStreamVolume 3 index 90
01-13 13:01:55.281  3757  7204 D AudioService: getStreamVolume 3 index 90
01-13 13:01:55.464  3757 29839 D AudioService: getStreamVolume 3 index 90
01-13 13:01:55.476  3757  4398 D InputReader: Input event(3): value=1 when=210778527969000
01-13 13:01:55.476  3757  4398 D InputReader: Input event(3): value=1 when=210778527969000
01-13 13:01:55.476  3757  4398 I InputReader: Touch event's action is 0x0 (deviceType=0) [pCnt=1, s=0.21673 ] when=210778527969000
01-13 13:01:55.477  3757  4397 I InputDispatcher: Delivering touch to (30188): action: 0x0, toolType: 1
01-13 13:01:55.479 30188 30221 V threaded_app: New input event: type=2
01-13 13:01:55.480 30188 30188 D ViewRootImpl@e972267[GameActivity]: ViewPostImeInputStage processPointer 0
01-13 13:01:55.483  3757  7205 D AudioService: getStreamVolume 3 index 90
01-13 13:01:55.498 30188 30389 I libOpenSLES: Emulating old channel mask behavior (ignoring positional mask 0x4, using default mask 0x1 based on channel count of 1)
01-13 13:01:55.501 30188 30389 W AudioTrack: AUDIO_OUTPUT_FLAG_FAST denied by client; transfer 1, track 44100 Hz, output 48000 Hz
01-13 13:01:55.501  3237  8663 I AudioFlinger: add dynamic flag, can move to deep thread, session 61761
01-13 13:01:55.502 30188 30221 V threaded_app: New input event: type=2
01-13 13:01:55.502 30188 30389 D AudioTrack: Client defaulted notificationFrames to 590 for frameCount 1772
01-13 13:01:55.503 30188 30389 I AudioTrack: This process already got info. FadeIn[0] FadeOut[0] FadeInRing[0]
01-13 13:01:55.503  3237 17217 W AudioPolicyIntefaceImpl: Skipped to add effects on session 61761
01-13 13:01:55.503  3237 17217 I APM_AudioPolicyManager: startOutput() output 21, stream 3, session 61761
01-13 13:01:55.519 30188 30221 V threaded_app: New input event: type=2
01-13 13:01:55.536 30188 30221 V threaded_app: New input event: type=2
01-13 13:01:55.537  3237  3477 I AudioMixer: create resampler src 44100, 1, dst 48000, 1, q 8
01-13 13:01:55.538  3237  3477 D SoundAliveResampler: [SoundAliveResampler] Init+++
01-13 13:01:55.553 30188 30221 V threaded_app: New input event: type=2
01-13 13:01:55.569 30188 30221 V threaded_app: New input event: type=2
01-13 13:01:55.586 30188 30221 V threaded_app: New input event: type=2
01-13 13:01:55.605 30188 30221 V threaded_app: New input event: type=2
01-13 13:01:55.618 30188 30221 V threaded_app: New input event: type=2
01-13 13:01:55.634  3757  4398 D InputReader: Input event(3): value=0 when=210778686305000
01-13 13:01:55.634  3757  4398 D InputReader: Input event(3): value=0 when=210778686305000
01-13 13:01:55.635  3757  4398 I InputReader: Touch event's action is 0x1 (deviceType=0) [pCnt=1, s=] when=210778686305000
01-13 13:01:55.635  3757  4397 I InputDispatcher: Delivering touch to (30188): action: 0x1, toolType: 1
01-13 13:01:55.636 30188 30221 V threaded_app: New input event: type=2
01-13 13:01:55.640 30188 30221 V threaded_app: New input event: type=2
01-13 13:01:55.642 30188 30188 D ViewRootImpl@e972267[GameActivity]: ViewPostImeInputStage processPointer 1
01-13 13:01:55.667  3757 31269 D AudioService: getStreamVolume 3 index 90
01-13 13:01:55.687  3757 10496 D AudioService: getStreamVolume 3 index 90
01-13 13:01:55.741 30188 30650 I AudioTrack: Skip ramp
01-13 13:01:55.839  3237  3352 I APM_AudioPolicyManager: stopOutput() output 21, stream 3, session 61761
01-13 13:01:55.875  3757  7203 D AudioService: getStreamVolume 3 index 90
01-13 13:01:55.890  3757 31270 D AudioService: getStreamVolume 3 index 90
01-13 13:01:56.007  3757  4458 D WifiStateMachine: Current network is: "wilkinson2.4" , ID is: 30
01-13 13:01:56.007  3757  4458 I WifiStateMachine: IMS calling, current network is always qualified
01-13 13:01:56.081  3757  5062 D AudioService: getStreamVolume 3 index 90
01-13 13:01:56.093  3757 29842 D AudioService: getStreamVolume 3 index 90
01-13 13:01:56.192  3757  4354 D SamsungAlarmManager: Expired : 8
01-13 13:01:56.193  3757  4354 I SamsungAlarmManager: setLocked to kernel - T:3 / 20190113T130200, SetElapsed=603163755, nowELAPSED=603159948
01-13 13:01:56.194  3757  4354 V SamsungAlarmManager: Sending to uid : 10059 action=null alarm=Alarm{95c006b type 3 when 603159947 com.asurion.android.verizon.vms}
01-13 13:01:56.205  3757  4354 D CompatibilityInfo: mCompatibilityFlags - 0
01-13 13:01:56.206  3757  4354 D CompatibilityInfo: applicationDensity - 420
01-13 13:01:56.206  3757  4354 D CompatibilityInfo: applicationScale - 1.0
01-13 13:01:56.246  3757  4482 D SamsungAlarmManager: setExact Intent (T:3/F:5/AC:false) 20190113T130201 - CU:10059/CP:15240
01-13 13:01:56.279  3757  4440 D AudioService: getStreamVolume 3 index 90
01-13 13:01:56.286  3757  6272 D AudioService: getStreamVolume 3 index 90
01-13 13:01:56.296  3757 29841 D AudioService: getStreamVolume 3 index 90
01-13 13:01:56.465  3757  4398 D InputReader: Input event(3): value=1 when=210779516446000
01-13 13:01:56.465  3757  4398 D InputReader: Input event(3): value=1 when=210779516446000
01-13 13:01:56.466  3757  4398 I InputReader: Touch event's action is 0x0 (deviceType=0) [pCnt=1, s=0.21674 ] when=210779516446000
01-13 13:01:56.467  3757  4397 I InputDispatcher: Delivering touch to (30188): action: 0x0, toolType: 1
01-13 13:01:56.467 30188 30221 V threaded_app: New input event: type=2
01-13 13:01:56.470 30188 30188 D ViewRootImpl@e972267[GameActivity]: ViewPostImeInputStage processPointer 0
01-13 13:01:56.495 30188 30221 V threaded_app: New input event: type=2
01-13 13:01:56.502  3757 10496 D AudioService: getStreamVolume 3 index 90
01-13 13:01:56.504  3757  3770 D AudioService: getStreamVolume 3 index 90
01-13 13:01:56.512 30188 30221 V threaded_app: New input event: type=2
01-13 13:01:56.517 30188 30389 I libOpenSLES: Emulating old channel mask behavior (ignoring positional mask 0x4, using default mask 0x1 based on channel count of 1)
01-13 13:01:56.518 30188 30389 W AudioTrack: AUDIO_OUTPUT_FLAG_FAST denied by client; transfer 1, track 44100 Hz, output 48000 Hz
01-13 13:01:56.520  3237  3237 I AudioFlinger: add dynamic flag, can move to deep thread, session 61769
01-13 13:01:56.520 30188 30221 V threaded_app: New input event: type=2
01-13 13:01:56.521 30188 30389 D AudioTrack: Client defaulted notificationFrames to 590 for frameCount 1772
01-13 13:01:56.522 30188 30389 I AudioTrack: This process already got info. FadeIn[0] FadeOut[0] FadeInRing[0]
01-13 13:01:56.522  3237  8663 W AudioPolicyIntefaceImpl: Skipped to add effects on session 61769
01-13 13:01:56.522  3237  8663 I APM_AudioPolicyManager: startOutput() output 21, stream 3, session 61769
01-13 13:01:56.537 30188 30221 V threaded_app: New input event: type=2
01-13 13:01:56.539  3237  3477 I AudioMixer: create resampler src 44100, 1, dst 48000, 1, q 8
01-13 13:01:56.539  3237  3477 D SoundAliveResampler: [SoundAliveResampler] Init+++
01-13 13:01:56.555 30188 30221 V threaded_app: New input event: type=2
01-13 13:01:56.571 30188 30221 V threaded_app: New input event: type=2
01-13 13:01:56.622 30188 30221 V threaded_app: New input event: type=2
