01-25 01:25:32.747  4621  2573 D KeyguardViewMediator: notifyFinishedGoingToSleep
01-25 01:25:32.747  3755  3804 D PersonaManagerServiceHandler: MSG_ACTION_SCREEN_OFF called
01-25 01:25:32.754  4621  2573 D FactoryTest: checkAutomationTestOption() : option=0
01-25 01:25:32.754  4621  2573 D FactoryTest: checkAutomationTestOption() : mode_screenlock=0
01-25 01:25:32.755  4621  2573 D KeyguardViewMediator: doKeyguard: showing the lock screen
01-25 01:25:32.755  4621  2573 D KeyguardViewMediator: showLocked
01-25 01:25:32.758  4621  4621 D KeyguardViewMediator: handleNotifyFinishedGoingToSleep
01-25 01:25:32.760  4621  4621 D WallpaperViewController: onScreenTurnedOff
01-25 01:25:32.760  4621  4621 D WallpaperViewController: mWallpaperView.onPause()
01-25 01:25:32.762  4621  4621 D KeyguardViewMediator: handleShow
01-25 01:25:32.766  3755  4448 D WallpaperManagerService: getDCMLauncherEnabled false
01-25 01:25:32.766  4621  4621 I StatusBarWindowManager: isExpanded:true, true, false, false, false, false
01-25 01:25:32.766  4621  4621 I StatusBarWindowManager: applyHeight:-1
01-25 01:25:32.767  3755  3755 D LightsService: [api] [SvcLED] setFlashing :: id = 5, color = 0, mode = 10, onMS = 0, offMS = 0,  (uid: 1000 pid: 3755) 
01-25 01:25:32.767  3755  3755 D PowerManagerUtil: fileWriteString to /sys/power/wake_lock, LightsService
01-25 01:25:32.768  3755  3755 D LightsService: [SvcLED] setSvcLedStateLocked:: SvcLEDState : 0x0 -> 0x10 | SvcLED(id=5) set On
01-25 01:25:32.769  4621  4621 D KeyguardWallpaperController: mShowing=true, mOccluded=false, mFadingAway=false, match_parent=false
01-25 01:25:32.769  3755  3755 I LightSensor: Light old sensor_state 0, new sensor_state : 512 en : 1
01-25 01:25:32.774  4621  4621 V KeyguardUpdateMonitor: *** register callback for com.android.keyguard.KeyguardHostView$1@a0b5460
01-25 01:25:32.774  4621  4621 V KeyguardUpdateMonitor: *** unregister callback for null
01-25 01:25:32.776  3755  9977 D SSRM:t  : SIOP:: AP = 420, PST = 380 (W:12), CP = 277, CUR = 564, LCD = 0
01-25 01:25:32.777  3755  3755 D SensorManager: registerListener :: 6, TMD4903 RGB Sensor, 200000, 0,  
01-25 01:25:32.777  3755  3755 D BatteryService: turn on LED for charging
01-25 01:25:32.781  3755  9977 D ConnectivityService: filterNetworkStateForUid() uid: 1000 networkInfo: [type: WIFI[] - WIFI, state: CONNECTED/CONNECTED, reason: (unspecified), extra: "wilkinson2.4", failover: false, available: true, roaming: false, metered: false]
01-25 01:25:32.782  4621  4621 V KeyguardUpdateMonitor: *** register callback for com.android.keyguard.KeyguardSecurityContainer$1@cc85d19
01-25 01:25:32.783  4621  4621 V KeyguardUpdateMonitor: *** unregister callback for null
01-25 01:25:32.783  4621  4621 D KnoxStateMonitor: MDM is not enabled...
01-25 01:25:32.783  4621  4621 V SettingsHelper: *** register listener for com.android.keyguard.KeyguardSecurityContainer$2@80371de
01-25 01:25:32.785  4621  4621 D KeyguardSecurityView: doWipeOutIfMaxFailedAttemptsSinceBoot( failedAttemptsBeforeWipe = 15 , failedAttempts = 0 )
01-25 01:25:32.792  4621  4621 V KeyguardSecurityView: showPrimarySecurityScreen(turningOff=false)
01-25 01:25:32.793  4621  4621 D KeyguardSecurityView: showSecurityScreen(Pattern)
01-25 01:25:32.793  4621  4621 V KeyguardSecurityView: inflating id = 2130968688
01-25 01:25:32.795  3755  9977 D TelephonyManager: getAllCellInfo : Caller (PID / UID / TID): 3755 / 1000 / 9977
01-25 01:25:32.796  3755  3755 I CAE     : handleMessage(CaPowerManager.java:182) - AP_SLEEP
01-25 01:25:32.796  3755  3755 I CAE     : updateApPowerStatus(SensorHubParserProvider.java:451) - AP_SLEEP
01-25 01:25:32.799  3755  3755 I CAE     : sendCmdToSensorHub(SensorHubCommManager.java:162) - -76, 13, -46, 0,
01-25 01:25:32.799  3755  3755 D SensorHubManager: SendSensorHubData: send data = -76, 13, -46, 0
01-25 01:25:32.799  3231 12685 D Sensorhubs: sendContextData: -76, 13, -46, 0
01-25 01:25:32.800  4621  4621 V KeyguardUpdateMonitor: *** register callback for com.android.keyguard.KeyguardMessageArea$2@350cdea
01-25 01:25:32.800  4621  4621 V KeyguardUpdateMonitor: *** unregister callback for null
01-25 01:25:32.802  4621  4621 V KeyguardUpdateMonitor: *** register callback for com.android.keyguard.KeyguardMessageArea$2@19f9651
01-25 01:25:32.802  4621  4621 V KeyguardUpdateMonitor: *** unregister callback for null
01-25 01:25:32.804  4621  4621 D LockDecoPatternView: LockDecoPatternView()
01-25 01:25:32.807  3755  3755 I CAE     : sendCmdToSensorHub(SensorHubCommManager.java:162) - -63, 14, 6, 25, 32,
01-25 01:25:32.807  3755  3755 D SensorHubManager: SendSensorHubData: send data = -63, 14, 6, 25, 32
01-25 01:25:32.808  4621  4621 W Settings: Setting airplane_mode_on has moved from android.provider.Settings.System to android.provider.Settings.Global, returning read-only global URI.
01-25 01:25:32.808  3231  3231 D Sensorhubs: sendContextData: -63, 14, 6, 25, 32
01-25 01:25:32.814  3755  7344 I Telecom : TelecomFeature: getContactsPackageName: com.samsung.android.contacts: TSI.iIC@EXM
01-25 01:25:32.814  3755  7344 I Telecom : com.android.server.telecom.TelecomServiceImpl$1: getSystemDialerPackage: com.samsung.android.contacts: TSI.iIC@EXM
01-25 01:25:32.815  3755  7344 I Telecom : TelecomFeature: getContactsPackageName: com.samsung.android.contacts: TSI.iIC@EXM
01-25 01:25:32.816  3755  7344 I Telecom : com.android.server.telecom.TelecomServiceImpl$1: getSystemDialerPackage: com.samsung.android.contacts: TSI.iIC@EXM
01-25 01:25:32.817  3755  3755 D ClientCertificateManager Service: updateLockStatus, user.id 0
01-25 01:25:32.817  3755  3755 I         : CCM JNI: In ccm_update_lock_status
01-25 01:25:32.817  3755  3755 I TZ_CCM_C_Initialize: : DEBUG_CONTAINER_PROBLEM Enter TZ_CCM_C_Initialize_TLC!
01-25 01:25:32.817  3755  3755 I TZ_CCM_C_Initialize: : pInitArgs 0x7ffbedde50 has not called C_Init before.
01-25 01:25:32.817  3755  3755 I TZ_CCM_C_Initialize: : &ctx = 0x78bf7fb2c8
01-25 01:25:32.817  3755  3755 E TZ: client_server_communication: comm_request(0x78a75c93a0) pImpl->serverName : CCM 
01-25 01:25:32.817  3755  3755 E TZ: client_server_communication: comm_request(0x78a75c93a0) <IClientServer>pImpl->sconn : 0x78bd23ef40 
01-25 01:25:32.817  3755  3755 E TZ: client_server_communication: comm_request(0x78a75c93a0) <IClientServer>pImpl->sconn->getInterfaceDescriptor() : CCM 
01-25 01:25:32.817  3755  3755 I TZ: client_server_communication: Cmd id = 47, len = 19456
01-25 01:25:32.817  3755  3755 I TZ: client_server_communication: Calling Communicate()
01-25 01:25:32.819  3755  7395 D ConnectivityService: filterNetworkStateForUid() uid: 10187 networkInfo: [type: WIFI[] - WIFI, state: CONNECTED/CONNECTED, reason: (unspecified), extra: "wilkinson2.4", failover: false, available: true, roaming: false, metered: false]
01-25 01:25:32.819  4368  4374 I TLC_SERVER: BnTLCServer::onTransact(2) 16
01-25 01:25:32.819  4368  4374 I TLC_SERVER: COMM
01-25 01:25:32.822  3755  4498 I Telecom : TelecomFeature: getContactsPackageName: com.samsung.android.contacts: TSI.iIC@EXQ
01-25 01:25:32.823  3755  4498 I Telecom : com.android.server.telecom.TelecomServiceImpl$1: getSystemDialerPackage: com.samsung.android.contacts: TSI.iIC@EXQ
01-25 01:25:32.824  3755  4498 I Telecom : TelecomFeature: getContactsPackageName: com.samsung.android.contacts: TSI.iIC@EXQ
01-25 01:25:32.824  3755  4498 I Telecom : com.android.server.telecom.TelecomServiceImpl$1: getSystemDialerPackage: com.samsung.android.contacts: TSI.iIC@EXQ
01-25 01:25:32.825  3755  3755 I TZ_CCM_C_Finalize: : DEBUG_CONTAINER_PROBLEM Exercising TZ_CCM_C_Finalize_TLC
01-25 01:25:32.825  3755  3755 I TZ_CCM_C_Finalize: : There are connections; No C_Finalize for pInitArgs 0x7ffbedde50 
01-25 01:25:32.826  4621  4621 V KeyguardUpdateMonitor: *** register callback for com.android.keyguard.KeyguardPatternView$2@4c9eb24
01-25 01:25:32.826  4621  4621 V KeyguardUpdateMonitor: *** unregister callback for null
01-25 01:25:32.827  4621  4621 D LockDecoPatternView: updateChildViewsLook() reason=0
01-25 01:25:32.827  4621  4621 D LockDecoPatternView: loadDecoPatternResources() hasResource=false
01-25 01:25:32.827  3755  3755 D UniversalCredentialManagerService: inside mBReciever onReceive : android.intent.action.SCREEN_OFF
01-25 01:25:32.830  3755  3755 D UniversalCredentialManagerService: ****MSG_LOCK_STATUS_UPDATE block started****
01-25 01:25:32.830  3755  3755 D UniversalCredentialManagerService: notifyChangeToPlugin is called for Lock status update...
01-25 01:25:32.831  3755  3755 D UcmService: notifyChangeToPlugin event 15
01-25 01:25:32.831  3755  3755 D UcmService: checkCallerPermissionFor is called for method-notifyChangeToPlugin
01-25 01:25:32.831  3755  3755 I UcmService: checkIfNotify for cs Name = com.samsung.ucs.agent.boot:com.samsung.ucs.agent.boot Package name = com.samsung.ucs.agent.boot
01-25 01:25:32.831  3755  3755 D UcmService: notifying to unmanaged plugin
01-25 01:25:32.832 10227 10243 D BootAgentService: notifyChange eventId-15
01-25 01:25:32.833  3755  3755 D UcmService: activeAgent com.samsung.ucs.agent.boot:com.samsung.ucs.agent.boot notify status - -1
01-25 01:25:32.833  3755  3755 D UcmService: activeAgent status--1
01-25 01:25:32.833  3755  3755 D UniversalCredentialManagerService: ****MSG_LOCK_STATUS_UPDATE block ended****
01-25 01:25:32.838  3755  3774 D CompatibilityInfo: mCompatibilityFlags - 0
01-25 01:25:32.839  3755  7363 D WallpaperManagerService: getDCMLauncherEnabled false
01-25 01:25:32.839  3755  3774 D CompatibilityInfo: applicationDensity - 420
01-25 01:25:32.839  3755  3774 D CompatibilityInfo: applicationScale - 1.0
01-25 01:25:32.839  4621  4621 I StatusBarWindowManager: isExpanded:true, true, false, false, false, false
01-25 01:25:32.839  4621  4621 I StatusBarWindowManager: applyHeight:-1
01-25 01:25:32.842  4621  4621 V KeyguardUpdateMonitor: *** register callback for com.android.keyguard.CarrierText$1@309d853
01-25 01:25:32.842  4621  4621 V KeyguardUpdateMonitor: *** unregister callback for null
01-25 01:25:32.842  4621  4621 D CarrierText: updateCarrierText(): 1,DefaultText = No network connection
01-25 01:25:32.844  4839  4839 V MediaRouter: Dispatching route change: UserRouteInfo{ name=XBR-65X900E, description=BRAVIA 4K GB, status=null, category=RouteCategory{ name=Devices types=ROUTE_TYPE_USER  groupable=false }, supportedTypes=ROUTE_TYPE_USER , presentationDisplay=null }
01-25 01:25:32.845  9254  9254 W DiscoveryManager: BroadcastReceiver is already registered
01-25 01:25:32.845  4839  4839 V MediaRouter: Removing route: UserRouteInfo{ name=XBR-65X900E, description=BRAVIA 4K GB, status=null, category=RouteCategory{ name=Devices types=ROUTE_TYPE_USER  groupable=false }, supportedTypes=ROUTE_TYPE_USER , presentationDisplay=null }
01-25 01:25:32.846  9254  6950 I DiscoveryManager: Filter criteria(%urn:x-cast:com.google.cast.media) scannerFlags(2)
01-25 01:25:32.847  3755  5085 D ConnectivityService: filterNetworkStateForUid() uid: 10014 networkInfo: [type: WIFI[] - WIFI, state: CONNECTED/CONNECTED, reason: (unspecified), extra: "wilkinson2.4", failover: false, available: true, roaming: false, metered: false]
01-25 01:25:32.848  4621  4621 D CarrierText: Handling (subId=1): READY Verizon Wireless
01-25 01:25:32.848  4621  4621 D CarrierText: SIM ready and in service: subId=1, ss=0 0 voice home data home  LTE LTE CSS not supported 0 0 RoamInd=1 DefRoamInd=1 VoiceRegType=0 ImsVoiceAvail=1 IsEbSupport=1 IsEaBarred=2 Snap=0 MobileVoice=1 Unknown MobileData=0 LTE PsOnly=true FemtocellInd=0 EmergOnly=false IsDataRoamingFromRegistration=false
01-25 01:25:32.848  4621  4621 D CarrierText: setText : Verizon Wireless
01-25 01:25:32.848  4621  4621 V KeyguardUpdateMonitor: *** register callback for com.android.keyguard.EmergencyButton$1@98dbe89
01-25 01:25:32.848  4621  4621 V KeyguardUpdateMonitor: *** unregister callback for null
01-25 01:25:32.854  3755  7395 I Telecom : TelecomFeature: getContactsPackageName: com.samsung.android.contacts: TSI.iIC@EXU
01-25 01:25:32.854  3755  7395 I Telecom : com.android.server.telecom.TelecomServiceImpl$1: getSystemDialerPackage: com.samsung.android.contacts: TSI.iIC@EXU
01-25 01:25:32.856  3755  7395 I Telecom : TelecomFeature: getContactsPackageName: com.samsung.android.contacts: TSI.iIC@EXU
01-25 01:25:32.856  3755  3755 I WifiTrafficPoller: evaluateTrafficStatsPolling
01-25 01:25:32.856  3755  7395 I Telecom : com.android.server.telecom.TelecomServiceImpl$1: getSystemDialerPackage: com.samsung.android.contacts: TSI.iIC@EXU
01-25 01:25:32.859  9254  9254 V MediaRouter: Dispatching route change: UserRouteInfo{ name=XBR-65X900E, description=BRAVIA 4K GB, status=null, category=RouteCategory{ name=Devices types=ROUTE_TYPE_USER  groupable=false }, supportedTypes=ROUTE_TYPE_USER , presentationDisplay=null }
01-25 01:25:32.860  9254  9254 V MediaRouter: Dispatching route change: UserRouteInfo{ name=XBR-65X900E, description=BRAVIA 4K GB, status=null, category=RouteCategory{ name=Devices types=ROUTE_TYPE_USER  groupable=false }, supportedTypes=ROUTE_TYPE_USER , presentationDisplay=null }
01-25 01:25:32.860  3755  3755 D LightsService: [api] [SvcLED] turnOff:: id = 6 (uid: 1000 pid: 3755) 
01-25 01:25:32.860  3755  3755 D LightsService: [SvcLED] setSvcLedStateLocked:: SvcLEDState : 0x10 -> 0x10 | SvcLED(id=6) set Off
01-25 01:25:32.862  3755  3755 D SmartAlertController: ACTION_SCREEN_OFF
01-25 01:25:32.863  3755  7357 I Telecom : TelecomFeature: getContactsPackageName: com.samsung.android.contacts: TSI.iIC@EXY
01-25 01:25:32.863  3755  7357 I Telecom : com.android.server.telecom.TelecomServiceImpl$1: getSystemDialerPackage: com.samsung.android.contacts: TSI.iIC@EXY
01-25 01:25:32.867  3755  7357 I Telecom : TelecomFeature: getContactsPackageName: com.samsung.android.contacts: TSI.iIC@EXY
01-25 01:25:32.869  3755  7357 I Telecom : com.android.server.telecom.TelecomServiceImpl$1: getSystemDialerPackage: com.samsung.android.contacts: TSI.iIC@EXY
01-25 01:25:32.872  3755  4459 W AlarmManager: Unrecognized alarm listener com.android.server.wifi.WifiConnectivityManager$3@5720c75
01-25 01:25:32.875  3241  3496 D audio_hw_primary: adev_set_parameters: enter: kvpairs: screen_state=off
01-25 01:25:32.883  3755  3755 D SamsungAlarmManager: setInexact Intent (T:2/F:8/AC:false) 20190125T023632 - CU:1000/CP:3755
01-25 01:25:32.883  3755  6081 I Telecom : TelecomFeature: getContactsPackageName: com.samsung.android.contacts: TSI.iIC@EXc
01-25 01:25:32.883  3755  6081 I Telecom : com.android.server.telecom.TelecomServiceImpl$1: getSystemDialerPackage: com.samsung.android.contacts: TSI.iIC@EXc
01-25 01:25:32.884  3755  3755 I MdnieScenarioControlService: action  :  android.intent.action.SCREEN_OFF
01-25 01:25:32.885  3755  6081 I Telecom : TelecomFeature: getContactsPackageName: com.samsung.android.contacts: TSI.iIC@EXc
01-25 01:25:32.885  3755  6081 I Telecom : com.android.server.telecom.TelecomServiceImpl$1: getSystemDialerPackage: com.samsung.android.contacts: TSI.iIC@EXc
01-25 01:25:32.886  3755  3755 I FingerprintService: onReceive: android.intent.action.SCREEN_OFF
01-25 01:25:32.888  3755  3755 I BackgroundCompactionService: Schedule Type1 BGCompaction
01-25 01:25:32.891  3755  6279 I Telecom : TelecomFeature: getContactsPackageName: com.samsung.android.contacts: TSI.iIC@EXg
01-25 01:25:32.891  3755  6279 I Telecom : com.android.server.telecom.TelecomServiceImpl$1: getSystemDialerPackage: com.samsung.android.contacts: TSI.iIC@EXg
01-25 01:25:32.892  3755  3755 D SamsungAlarmManager: setInexact Listener (T:2/F:0/AC:false) 20190125T012542 - CU:1000/CP:3755
01-25 01:25:32.892  3755  3755 I SamsungAlarmManager: setLocked to kernel - T:2 / 20190125T012542, SetElapsed=121135007, nowELAPSED=121125011
01-25 01:25:32.892  3755  4459 D WifiHAL : Setting APF program, halHandle = 0x78a6918a60
01-25 01:25:32.892  3755  4459 I WifiHAL : 
01-25 01:25:32.892  3755  4459 I WifiHAL : createRequest: APF set program request
01-25 01:25:32.892  3755  6279 I Telecom : TelecomFeature: getContactsPackageName: com.samsung.android.contacts: TSI.iIC@EXg
01-25 01:25:32.893  3755  6279 I Telecom : com.android.server.telecom.TelecomServiceImpl$1: getSystemDialerPackage: com.samsung.android.contacts: TSI.iIC@EXg
01-25 01:25:32.895  3755  4459 I WifiHAL : Done!
01-25 01:25:32.895  3755  3755 D SamsungAlarmManager: setInexact Listener (T:2/F:0/AC:false) 20190125T012545 - CU:1000/CP:3755
01-25 01:25:32.895  3755  3755 I SamsungAlarmManager: setLocked to kernel - T:2 / 20190125T012545, SetElapsed=121138007, nowELAPSED=121125014
01-25 01:25:32.897  3755  3766 I Telecom : TelecomFeature: getContactsPackageName: com.samsung.android.contacts: TSI.iIC@EXk
01-25 01:25:32.897  3755  3766 I Telecom : com.android.server.telecom.TelecomServiceImpl$1: getSystemDialerPackage: com.samsung.android.contacts: TSI.iIC@EXk
01-25 01:25:32.898  3755  3766 I Telecom : TelecomFeature: getContactsPackageName: com.samsung.android.contacts: TSI.iIC@EXk
01-25 01:25:32.899  3755  3766 I Telecom : com.android.server.telecom.TelecomServiceImpl$1: getSystemDialerPackage: com.samsung.android.contacts: TSI.iIC@EXk
01-25 01:25:32.902  3755  7344 I Telecom : TelecomFeature: getContactsPackageName: com.samsung.android.contacts: TSI.iIC@EXo
01-25 01:25:32.902  3755  7344 I Telecom : com.android.server.telecom.TelecomServiceImpl$1: getSystemDialerPackage: com.samsung.android.contacts: TSI.iIC@EXo
01-25 01:25:32.903  3755  3755 D WifiService: unRegisterForSContext() : successful!
01-25 01:25:32.903  3755  3755 D SemContextService: removeListener() : Listener = com.samsung.android.hardware.context.SemContextService$Listener@580ff0c, Service = Activity Tracker, used = 0
01-25 01:25:32.904  3755  7344 I Telecom : TelecomFeature: getContactsPackageName: com.samsung.android.contacts: TSI.iIC@EXo
01-25 01:25:32.904  3755  3755 W CAE     : unregisterCallback(ContextAwareService.java:217) - [unregi 01] Mutex is locked for ACTIVITY_TRACKER
01-25 01:25:32.904  3755  7344 I Telecom : com.android.server.telecom.TelecomServiceImpl$1: getSystemDialerPackage: com.samsung.android.contacts: TSI.iIC@EXo
01-25 01:25:32.905  3755  3755 V CAE     : stop(ContextProvider.java:155)
01-25 01:25:32.906  3755  3755 V CAE     : clear(ActivityTrackerRunner.java:108)
01-25 01:25:32.906  3755  3755 V CAE     : disable(ActivityTrackerRunner.java:96)
01-25 01:25:32.909  4621  4621 D PhoneStatusBar: setBarState: SHD -> KGRD
01-25 01:25:32.909  3755  3755 I CAE     : sendCmdToSensorHub(SensorHubCommManager.java:162) - -78, 26, 0, 0, 0, 0, 0, 0, 0, 0,
01-25 01:25:32.910  3755  3755 D SensorHubManager: SendSensorHubData: send data = -78, 26, 0, 0, 0, 0, 0, 0, 0, 0
01-25 01:25:32.910  3755  6281 D WallpaperManagerService: getDCMLauncherEnabled false
01-25 01:25:32.910  3231  3266 D Sensorhubs: sendContextData: -78, 26, 0, 0, 0, 0, 0, 0, 0, 0
01-25 01:25:32.910  4621  4621 I StatusBarWindowManager: isExpanded:true, true, false, false, false, false
01-25 01:25:32.910  4621  4621 I StatusBarWindowManager: applyHeight:-1
01-25 01:25:32.919  3755  3755 D CAE     : getFaultDetectionResult(ActivityTrackerRunner.java:154) - true
01-25 01:25:32.919  3755  3755 I CAE     : notifyCmdProcessResultObserver(ContextProvider.java:627) - CheckResult = 0, Cause = Success
01-25 01:25:32.922  4621  4621 D SwipeDoorsillDetector: reset()com.android.systemui.statusbar.phone.NotificationPanelView.resetViews:864 com.android.systemui.statusbar.phone.PhoneStatusBar.updateKeyguardState:6273 com.android.systemui.statusbar.phone.PhoneStatusBar.showKeyguard:5823 com.android.systemui.statusbar.phone.StatusBarKeyguardViewManager.showBouncerOrKeyguard:232 
01-25 01:25:32.924  3755  9977 D GamePkgDataHelper: getGamePkgData(). com.google.android.youtube
01-25 01:25:32.925  3755  9977 D GameManagerService: identifyGamePackage. com.google.android.youtube
01-25 01:25:32.928  4621  4621 D PhoneStatusBar/KeyguardBottomAreaView: updateCameraVisibility isCameraDisabled=false
01-25 01:25:32.930  3755  9977 D GameManagerService: identifyGamePackage. com.google.android.youtube
01-25 01:25:32.931  3755  3755 D CAE     : doCommendProcess(ContextAwareService.java:444) - complete notify the operation result.
01-25 01:25:32.931  4621  4621 V KeyguardBottomAreaShortcutView: updateLeftPreview
01-25 01:25:32.932  3755  9977 D GameManagerService: identifyGamePackage. com.google.android.youtube
01-25 01:25:32.932  3755  3755 I CAE     : displayUsedCountForService(ContextAwareService.java:536) - totalCnt = 0, serviceCount = 0, subCollectionCount = 0
01-25 01:25:32.933  3755  3755 D CAE     : showListenerList(ContextAwareService.java:377) - ===== Context Aware Service List =====
01-25 01:25:32.933  3755  3755 I CAE     : showListenerList(ContextAwareService.java:386) - Listener : com.samsung.android.contextaware.manager.ContextAwareService$Listener@57a7418, Service : PEDOMETER(1)
01-25 01:25:32.933  4621  4621 V KeyguardBottomAreaShortcutView: updateRightPreview
01-25 01:25:32.933  3755  3755 I CAE     : showListenerList(ContextAwareService.java:386) - Listener : com.samsung.android.contextaware.manager.ContextAwareService$Listener@ead6f73, Service : ACTIVITY_TRACKER_BATCH(1)
01-25 01:25:32.934  3755  3755 I CAE     : showListenerList(ContextAwareService.java:386) - Listener : com.samsung.android.contextaware.manager.ContextAwareService$Listener@acffaa9, Service : STEP_LEVEL_MONITOR(1)
01-25 01:25:32.934  3755  3755 I CAE     : showListenerList(ContextAwareService.java:386) - Listener : com.samsung.android.contextaware.manager.ContextAwareService$Listener@fac7cb2, Service : SENSOR_STATUS_CHECK_RUNNER(1)
01-25 01:25:32.934  4621 10092 V KeyguardBottomAreaShortcutView: updateLeftPreview - mLeftAffordanceView
01-25 01:25:32.934  3755  3755 I CAE     : showListenerList(ContextAwareService.java:386) - Listener : com.samsung.android.contextaware.manager.ContextAwareService$Listener@164059b, Service : ACTIVITY_TRACKER_CURRENT_INFO(1)
01-25 01:25:32.935  3755  3755 W CAE     : unregisterCallback(ContextAwareService.java:252) - [unregi 02] Mutex is unlocked for ACTIVITY_TRACKER
01-25 01:25:32.935  4621 10093 V KeyguardBottomAreaShortcutView: updateRightPreview - mRightAffordanceView
01-25 01:25:32.935  3755  3755 D SemContextService: 	.unregisterCallback : 4, client=
01-25 01:25:32.935  3755  3755 D SemContextService: ===== SemContext Service List =====
01-25 01:25:32.935  3755  3755 D SemContextService: Listener : com.samsung.android.hardware.context.SemContextService$Listener@712ee71, Service : Step Level Monitor
01-25 01:25:32.935  3755  3755 D SemContextService: Listener : com.samsung.android.hardware.context.SemContextService$Listener@712ee71, Service : Pedometer
01-25 01:25:32.935  3755  3755 D SemContextService: Listener : com.samsung.android.hardware.context.SemContextService$Listener@dbfae30, Service : Activity Batch
01-25 01:25:32.935  4621 10093 D ShortcutManager: th = 1 is camera package
01-25 01:25:32.935  3755  3755 D SemContextService: Listener : com.samsung.android.hardware.context.SemContextService$Listener@e1b8403, Service : Sensor Status Check
01-25 01:25:32.935  3755  3755 D SemContextManager:   .unregisterListener : listener = android.hardware.scontext.SContextManager$SContextListenerDelegate@357a111, service=Activity Tracker
01-25 01:25:32.935  3755  3755 D SContextManager:   .unregisterListener : listener = com.android.server.wifi.WifiServiceImpl$1@11625aa, service=Activity Tracker
01-25 01:25:32.942  4621 10093 V PreviewInflater: switching default camera action
01-25 01:25:32.950  4621  4621 D KeyguardSecurityView: isNotiClickedOnShadeLocked= false
01-25 01:25:32.951  4621  4621 D PhoneStatusBar: Make expanded visible: expanded visible=false
01-25 01:25:32.951  3755  4344 I LightSensor: #>LightSensor r=530 g=290 b=268 c=696 atime=245 again=64 lux=305
01-25 01:25:32.952  3755  3796 D LightsService: [SvcLED]  onSensorChanged::light value = 305
01-25 01:25:32.952  3755  7347 D WallpaperManagerService: getDCMLauncherEnabled false
01-25 01:25:32.952  4621  4621 I StatusBarWindowManager: isExpanded:true, true, true, false, false, false
01-25 01:25:32.952  4621  4621 I StatusBarWindowManager: applyHeight:-1
01-25 01:25:32.952  4621  4621 D PhoneStatusBar: disable: < expand ICONS* alerts SYSTEM_INFO* back home recent clock search quick_settings >
01-25 01:25:32.953  3755  3796 I LightSensor: Light old sensor_state 512, new sensor_state : 0 en : 0
01-25 01:25:32.954  4621  4621 D PhoneStatusBar: Make expanded visible: expanded visible=true
01-25 01:25:32.954  4621  4621 I PhoneStatusBar: Make expanded visible:true, true, falsetrue
01-25 01:25:32.955  4621  4621 D WallpaperViewController: mWallpaperView.reset()
01-25 01:25:32.960  3755  3796 D SensorManager: unregisterListener ::   
01-25 01:25:32.961  3755  3796 D PowerManagerUtil: fileWriteInt to /sys/class/sec/led/led_lowpower, 0
01-25 01:25:32.961  4621  4621 D PhoneStatusBar/KeyguardBottomAreaView: updateCameraVisibility isCameraDisabled=false
01-25 01:25:32.961  3755  3796 D lights  : led_pattern : 1 +
01-25 01:25:32.961  4621  4621 D KeyguardViewBase: show()
01-25 01:25:32.966  4621  4621 V KeyguardSecurityView: showPrimarySecurityScreen(turningOff=false)
01-25 01:25:32.966  4621  4621 D KeyguardSecurityView: showSecurityScreen(Pattern)
01-25 01:25:32.970  3755  5085 D FingerprintService: getEnrolledFingerprints : userId = 0
01-25 01:25:32.971  4621  4621 D KeyguardUpdateMonitor: onKeyguardVisibilityChanged(true)
01-25 01:25:32.971  4621  4621 D KeyguardOwnerInfoView: updateOwnerInfo(hasCMAS): -1
01-25 01:25:32.972  3755  3796 D lights  : led_pattern : 1 -
01-25 01:25:32.975  3755  3796 D LightsService: [SvcLED]  setSvcLedLightLocked :: Current SvcLED(id=5) maintains its priority right
01-25 01:25:32.975  3755  3796 D PowerManagerUtil: fileWriteString to /sys/power/wake_unlock, LightsService
01-25 01:25:32.976  3755  3796 D SamsungAlarmManager: Cancel Alarm calling from uid:1000 pid :3755 / op:PendingIntent{7f6fbf1: PendingIntentRecord{252e3d6 android broadcastIntent}}
01-25 01:25:32.981  3755  4498 I Telecom : TelecomFeature: getContactsPackageName: com.samsung.android.contacts: TSI.iIC@EXs
01-25 01:25:32.981  3755  4498 I Telecom : com.android.server.telecom.TelecomServiceImpl$1: getSystemDialerPackage: com.samsung.android.contacts: TSI.iIC@EXs
01-25 01:25:32.983  3755  4498 I Telecom : TelecomFeature: getContactsPackageName: com.samsung.android.contacts: TSI.iIC@EXs
01-25 01:25:32.983  3755  4498 I Telecom : com.android.server.telecom.TelecomServiceImpl$1: getSystemDialerPackage: com.samsung.android.contacts: TSI.iIC@EXs
01-25 01:25:32.984  3755  3796 D SamsungAlarmManager: setInexact Intent (T:3/F:8/AC:false) 20190125T013532 - CU:1000/CP:3755
01-25 01:25:32.990  3755  7344 I Telecom : TelecomFeature: getContactsPackageName: com.samsung.android.contacts: TSI.iIC@EXw
01-25 01:25:32.990  3755  7344 I Telecom : com.android.server.telecom.TelecomServiceImpl$1: getSystemDialerPackage: com.samsung.android.contacts: TSI.iIC@EXw
01-25 01:25:32.991  3755  7344 I Telecom : TelecomFeature: getContactsPackageName: com.samsung.android.contacts: TSI.iIC@EXw
01-25 01:25:32.991  3755  7344 I Telecom : com.android.server.telecom.TelecomServiceImpl$1: getSystemDialerPackage: com.samsung.android.contacts: TSI.iIC@EXw
01-25 01:25:32.992  4621  4621 I KeyguardClockPage: refreshTime(): DefaultSingle2016 hometime:America/New_York locale:en_US hasBG?false, Roaming:false
01-25 01:25:33.002  3755  7347 I Telecom : TelecomFeature: getContactsPackageName: com.samsung.android.contacts: TSI.iIC@EX0
01-25 01:25:33.002  3755  7347 I Telecom : com.android.server.telecom.TelecomServiceImpl$1: getSystemDialerPackage: com.samsung.android.contacts: TSI.iIC@EX0
01-25 01:25:33.004  3755  7347 I Telecom : TelecomFeature: getContactsPackageName: com.samsung.android.contacts: TSI.iIC@EX0
01-25 01:25:33.005  3755  7347 I Telecom : com.android.server.telecom.TelecomServiceImpl$1: getSystemDialerPackage: com.samsung.android.contacts: TSI.iIC@EX0
01-25 01:25:33.011  3755  7395 I Telecom : TelecomFeature: getContactsPackageName: com.samsung.android.contacts: TSI.iIC@EX4
01-25 01:25:33.011  3755  7395 I Telecom : com.android.server.telecom.TelecomServiceImpl$1: getSystemDialerPackage: com.samsung.android.contacts: TSI.iIC@EX4
01-25 01:25:33.012  3755  7395 I Telecom : TelecomFeature: getContactsPackageName: com.samsung.android.contacts: TSI.iIC@EX4
01-25 01:25:33.013  3755  7395 I Telecom : com.android.server.telecom.TelecomServiceImpl$1: getSystemDialerPackage: com.samsung.android.contacts: TSI.iIC@EX4
01-25 01:25:33.014  4621  4621 D KeyguardFingerPrint: shouldListenForFingerprint ( isFingerprintEnabled = false , mKeyguardIsVisible = true , mDeviceInteractive = false , mBouncer = false , mGoingToSleep = true , mSwitchingUser = false , mFingerprintAlreadyAuthenticated = false , mKeyguardUnlocking = false
01-25 01:25:33.014  4621  4621 D KeyguardFingerPrint: shouldListenForFingerprint ( fingerprint is not enabled. ) 
01-25 01:25:33.015  4621  4621 V KeyguardFingerPrint: stopListeningForFingerprint()
01-25 01:25:33.015  4621  4621 D KeyguardUpdateMonitor: sendKeyguardStateUpdated(true, false, false)
01-25 01:25:33.016  4621  4621 D KeyguardViewMediator: adjustStatusBarLocked: mShowing=true mOccluded=false isSecure=true --> flags=0x3200000
01-25 01:25:33.018  3755  6080 D PowerManagerService: [api] [s] userActivity : event: 0 flags: 0 (uid: 10055 pid: 4621) eventTime = 61401391
01-25 01:25:33.022  4621  4621 D KeyguardFingerPrint: scheduleStrongAuthTimeout(canceled mStrongAuthNotTimeOutPendingIntent)
01-25 01:25:33.023  3755  7368 D SamsungAlarmManager: Cancel Alarm calling from uid:10055 pid :4621 / op:PendingIntent{5ab0058: PendingIntentRecord{851e5e6 com.android.systemui broadcastIntent}}
01-25 01:25:33.024  3755  7396 E SdpServiceKeeper: isLicensed {pid:4621 uid:10055 userid:0 doPkg:null}
01-25 01:25:33.024  3755  7396 E SdpServiceKeeper: System app. Skip license activation
01-25 01:25:33.026  3755  4448 I FingerprintService: resetTimeout called from pid=4621
01-25 01:25:33.028  4621  4621 D KeyguardFingerPrint: scheduleStrongAuthTimeout(set mStrongAuthNotTimeOutPendingIntent : when = 207525145 )
01-25 01:25:33.029  3755  6065 E SdpServiceKeeper: isLicensed {pid:4621 uid:10055 userid:0 doPkg:null}
01-25 01:25:33.029  3755  6065 E SdpServiceKeeper: System app. Skip license activation
01-25 01:25:33.031  3755  7358 D SdpManagerService: lockInternal 0
01-25 01:25:33.032  3755  7358 E SDP.CRYPTO:     On Locked OK, id 0
01-25 01:25:33.032  3755  7358 D SdpManagerService: clearCachedMasterKey (CMK) 0
01-25 01:25:33.032  3755  7358 D SdpManagerService: onStateChange :: Engine Id : 0, State : 1, Roll Size : 0
01-25 01:25:33.032  3755  7358 E SdpManagerService: sendBroadcastAsUser(INTENT_SDP_STATE_CHANGED, state:1)
01-25 01:25:33.033  3755  7358 E SdpManagerService: sendBroadcastAsUser(ACTION_SDP_STATE_CHANGED, state:1)
01-25 01:25:33.034  3755  7362 D SamsungAlarmManager: setExact Intent (T:3/F:1/AC:false) 20190126T012533 - CU:10055/CP:4621
01-25 01:25:33.035  4621 10095 D KnoxStateMonitor: lockSdp :: Lock SDP Successful...!
01-25 01:25:33.041  4621  4621 D PhoneStatusBar/KeyguardBottomAreaView: updateCameraVisibility isCameraDisabled=false
01-25 01:25:33.041  4621  4621 V KeyguardBottomAreaShortcutView: onUnlockMethodStateChanged old=false, new=false
01-25 01:25:33.041  4621  4621 D ScrimController: mIsSecure = true
01-25 01:25:33.044  3755  7395 D FingerprintService: getEnrolledFingerprints : userId = 0
01-25 01:25:33.045  4621  4621 V KeyguardDisplayManager: show (false)
01-25 01:25:33.047  4621 10097 I KeyguardViewMediator: notifyScreenOnOffToNotes(com.samsung.android.snote.SCREEN_OFF)
01-25 01:25:33.047  4621  4621 V KeyguardUpdateMonitor: handleFinishedGoingToSleep( requestSessionOpen FP )
01-25 01:25:33.049  3755  3767 V FingerprintService: request(2) called from pid=4621, param = 0, id = 0
01-25 01:25:33.052  3277  3277 V fingerprintd: request()
01-25 01:25:33.052  3277  3277 D bauth_service: req(2)
01-25 01:25:33.053  3755  3774 D CompatibilityInfo: mCompatibilityFlags - 0
01-25 01:25:33.053  3755  3774 D CompatibilityInfo: applicationDensity - 420
01-25 01:25:33.053  3755  3774 D CompatibilityInfo: applicationScale - 1.0
01-25 01:25:33.054  3277  3277 D bauth_FPBAuthService: FPBAuthService, 6187
01-25 01:25:33.054  3277  3277 I TLC_BAUTH: Call FUNC ID 0x3 , 1;477
01-25 01:25:33.054  3277  3277 I tlc_communication: tlc_open() called;82
01-25 01:25:33.054  3277  3277 I tlc_communication: Opening MobiCore device;86
01-25 01:25:33.057  3277  3277 I tlc_communication: Allocating WSM for TCI;100
01-25 01:25:33.057  3277  3277 I tlc_communication: Opening the session;116
01-25 01:25:33.057  8885  8885 D PenGestureReceiver: onReceive
01-25 01:25:33.062  8885  8885 D PenGestureReceiver: onReceive - done
01-25 01:25:33.067  3755  7357 D VoIPInterfaceManager: isVoIPIdle()...
01-25 01:25:33.067  3755  7357 D VoIPInterfaceManager: isVoIPRunningAndDeregi()...
01-25 01:25:33.067  3755  7357 D VoIPInterfaceManager: Not exist call session
01-25 01:25:33.067  3755  7357 D VoIPInterfaceManager:     isVoIPIdle() : No session in db 
01-25 01:25:33.068  8885 10099 D PenGestureReceiver: ScreenOff - PISStart(for Black)
01-25 01:25:33.077  3755  7360 D CompatibilityInfo: mCompatibilityFlags - 0
01-25 01:25:33.077  3755  7360 D CompatibilityInfo: applicationDensity - 420
01-25 01:25:33.077  3755  7360 D CompatibilityInfo: applicationScale - 1.0
01-25 01:25:33.084  8909  8909 D InstantMemo_Service: onCreate()
