01-23 22:42:16.002 21318 21318 D [WeatherWidget(15061)]  AutoRefresh: {[9B644277DED53DD25932524C385943327EFEBCE57D6BB6C096E6E42D5C8130CD262680B7AC7C69B33DD9D313F0ED3F6B]}
01-23 22:42:16.007 21318 21318 D [WeatherWidget(15061)]  WeatherLocation: {[B96777CC6592DA2469A26623DD01523C36CB20B2745812BC8CC9F13A6B52B64E]}
01-23 22:42:16.010  3755  6080 D CompatibilityInfo: mCompatibilityFlags - 0
01-23 22:42:16.010  3755  6080 D CompatibilityInfo: applicationDensity - 420
01-23 22:42:16.010  3755  6080 D CompatibilityInfo: applicationScale - 1.0
01-23 22:42:16.011 21318 21318 D [WeatherWidget(15061)]  WeatherScreenReceiver: {[AE44B1CAE710C9799F38EE823B33FC6FD1758E066E5B1B99A2F7EE69509032FEEB075795FA0CFCF2F5C15479C41947E9750870FC7DC1D73237312BEFAFD09EFB]}
01-23 22:42:16.015 21318 21318 D [WeatherWidget(15061)]  WidgetCount: {[58A211B6B849F6AF6FA5E7616FBE3EE98829A5398C07564C0DB3BFB5D240ABC2]}
01-23 22:42:16.016 21318 21318 D [WeatherWidget(15061)]  WidgetCount: {[CCB0E3EE44F2E0E1B203CCF447EC08807DF4714E0771C754FA3E35B5E7EAE40E]}
01-23 22:42:16.016 21318 21318 D [WeatherWidget(15061)]  WidgetCount: {[2186A9543452C41452D43BCFD5226C4BA24310F8C8A6AE911E2720EA3C7BA04739C257A7FDCA4ECD086B1A59118E54A843347CCAA559B7F1D4FF7B228FB898B1]}
01-23 22:42:16.023  3755  7362 D CompatibilityInfo: mCompatibilityFlags - 0
01-23 22:42:16.023  3755  7362 D CompatibilityInfo: applicationDensity - 420
01-23 22:42:16.023  3755  7362 D CompatibilityInfo: applicationScale - 1.0
01-23 22:42:16.029 21318 21318 D [WeatherWidget(15061)]  WeatherDataServiceManager: {[2ED2BAA57117B625A86430EFEC4FD0D03BA3C51D24817CAAA3C3DBCEF387548009B3B17840E2AAD149CE5897FAE97CB72DAC7EE01B3016B16F0D3CDBA4CB029E]}
01-23 22:42:16.030 21318 21318 D [WeatherWidget(15061)]  WeatherWidgetApplication: {[A28FDC01DC6076B0F48F82E46560372D67B7AE6CDDA0D56F963751985180DBC2E54B47C539816D03A27C1000648CABE1]}
01-23 22:42:16.036 21318 21318 D [WeatherWidget(15061)]  DB L2: {[610591C4E30FED4A153FF198DAC84EFEE3319B0D622FD4A19809E90ED3C1398368D658B139FCCB8B9564F5B4E9CB634EF5B2AA7F0E3BA277E846FD613712E772]}
01-23 22:42:16.037 21318 21318 D [WeatherWidget(15061)]  : {[E9BDC1AC9F9B078A92B3F309630276C89F9B6E52C087A495B97355481F2FDE5B58A757A09967AB7BD9E1187CEA5BB356FACBD4A552A7402C88647F970C513A69]}
01-23 22:42:16.039  3755  6080 D CompatibilityInfo: mCompatibilityFlags - 0
01-23 22:42:16.039  3755  6080 D CompatibilityInfo: applicationDensity - 420
01-23 22:42:16.039  3755  6080 D CompatibilityInfo: applicationScale - 1.0
01-23 22:42:16.042 21318 21318 D [WeatherWidget(15061)]  DB L2: {[610591C4E30FED4A153FF198DAC84EFE34105AC04224A27A6EA4D87EAF16DF76B52CD5EF9AE8CDBACF25F24E6EA3A49DE581933395BA323E9BB661C59E648224]}
01-23 22:42:16.044  3755  3755 D CompatibilityInfo: mCompatibilityFlags - 0
01-23 22:42:16.045  3755  3755 D CompatibilityInfo: applicationDensity - 420
01-23 22:42:16.045  3755  3755 D CompatibilityInfo: applicationScale - 1.0
01-23 22:42:16.049 21318 21318 D [WeatherWidget(15061)]  DB L2: {[610591C4E30FED4A153FF198DAC84EFE259FA03515F619060291D19B9A2E73CB46DA064369D1073FED4BA9669B425DCA54104EA9F8BF89EA93432E0C49424F4A]}
01-23 22:42:16.049  3277 21294 D bauth_FPBAuthSensorControl: FPBAuthSensorControl, 474
01-23 22:42:16.050  3277 21294 D bauth_FPBAuthSensorControl: FPBAuthSensorControl, 390
01-23 22:42:16.050  3277 21294 D bauth_FPBAuthSensorControl: FPBAuthSensorControl, 432
01-23 22:42:16.050  3277 21294 D bauth_FPBAuthService: FPBAuthService, 1340
01-23 22:42:16.050  3277 21294 D bauth_FPBAuthService: FPBAuthService, 1351
01-23 22:42:16.051  3277 21294 D bauth_FPBAuthSensorControl: FPBAuthSensorControl, 552
01-23 22:42:16.051  3277 21294 D bauth_FPBAuthService: FPBAuthService, 3388
01-23 22:42:16.051  3277 21294 I TLC_BAUTH: Call FP cmd 0x6;1222
01-23 22:42:16.051  3277 21294 I tlc_communication: Send Trustlet TCI Message;214
01-23 22:42:16.051  3277 21294 I tlc_communication: mcNotify is completed;224
01-23 22:42:16.054  3755  3755 I SurveyLogManager: mDeviceInfo.mScreen = true
01-23 22:42:16.055 21318 21318 D [WeatherWidget(15061)]  AutoRefresh: {[5AFC65E7580767D8D08025FDF48297CFBFFD8893899374D882B5B16D3BC01A7AA312FA73A63EA1C5B8F986413C8CADE9]}
01-23 22:42:16.055 21318 21318 D [WeatherWidget(15061)]  AutoRefresh: {[A9E3247E6374877349C1CACD1460A265047B4B2A8D20B86E535A74106B5E6A0A318C3719B498E2BF9C7AF2698CA594848F08ADD8A2511B1553E93A28557AA4003EEA54A693F24BBF50FE4F5CB87D566F]}
01-23 22:42:16.059 21318 21318 D [WeatherWidget(15061)]  WidgetCount: {[58A211B6B849F6AF6FA5E7616FBE3EE98829A5398C07564C0DB3BFB5D240ABC2]}
01-23 22:42:16.059 21318 21318 D [WeatherWidget(15061)]  WidgetCount: {[CCB0E3EE44F2E0E1B203CCF447EC08807DF4714E0771C754FA3E35B5E7EAE40E]}
01-23 22:42:16.059 21318 21318 E [WeatherWidget(15061)]  WidgetCount: {[374860753549FBD2F918DC857B953F313E9B8F988E44851CE755F67D26C95D016AF425B8FD52D50AAADE15BD72796BD97B25BA6B1BDCA76BF677FE6939A5017D668B9E8EC407FA006075FF844D51C8FD9400AEE403E6DEC7D3F815F25E43901867B355D5E1B80C22A076B997AD520968371ABDEBA654476CC49C0CCD33CEA4A489A0C57739E14E2A476B42DA7A26D30D59D7DA05154E3563CAAA0A17792969B155FEA6E50C9AD41B085C7EFF1598DA8F490909B7EAB9742EC344F539A191602F]}
01-23 22:42:16.060 21318 21318 W [WeatherWidget(15061)]  AutoRefresh: {[D53A15B67DB17F41440E345CD99455465D14694CE8A1269A7EAEFB5F96F16958FCB3D277A8B58C501F891D03498ECC9427A8A1B0948A5E10DA07EA8EC78439C75EBAA6F21FEB79925A2942C24267D985]}
01-23 22:42:16.060 21318 21318 D [WeatherWidget(15061)]  AutoRefresh: {[DD8FBC6D54171C39FC146F4B92E3003C5649E9338C118EF80D124C9BCEAD78BA033BED019E63FB366286FDFAC7F09798]}
01-23 22:42:16.060 21318 21318 D [WeatherWidget(15061)]  DB L2: {[610591C4E30FED4A153FF198DAC84EFEE3319B0D622FD4A19809E90ED3C1398368D658B139FCCB8B9564F5B4E9CB634EF73C80CAB3357B8C8015BACACC5CAE49]}
01-23 22:42:16.060 21318 21318 D [WeatherWidget(15061)]  : {[E9BDC1AC9F9B078A92B3F309630276C89F9B6E52C087A495B97355481F2FDE5B58A757A09967AB7BD9E1187CEA5BB356FACBD4A552A7402C88647F970C513A69]}
01-23 22:42:16.061 21318 21318 D [WeatherWidget(15061)]  DB L2: {[610591C4E30FED4A153FF198DAC84EFE259FA03515F619060291D19B9A2E73CB46DA064369D1073FED4BA9669B425DCA54104EA9F8BF89EA93432E0C49424F4A]}
01-23 22:42:16.061 21318 21318 D [WeatherWidget(15061)]  DB L2: {[610591C4E30FED4A153FF198DAC84EFE1A65FB0EE8B7C5763A9CB231BC13495CAF613EFA9447403F6BB9CE09A1869F2FB5E2F39096A457A09E794DB605F02D46]}
01-23 22:42:16.061  3755  9977 I LightSensor: Light old sensor_state 128, new sensor_state : 640 en : 1
01-23 22:42:16.062  3755 11598 E LocSvc_libulp: I/int ulp_msg_process_system_update(const UlpSystemEvent): systemEvent:0 
01-23 22:42:16.062 21318 21318 D [WeatherWidget(15061)]  DB L2: {[610591C4E30FED4A153FF198DAC84EFEE3319B0D622FD4A19809E90ED3C1398368D658B139FCCB8B9564F5B4E9CB634E47437D3A8A03BD40028281E0CC341E53]}
01-23 22:42:16.062  3755 11598 E LocSvc_libulp: I/int ulp_msg_process_start_req(), at ulp state = 1
01-23 22:42:16.062 21318 21318 D [WeatherWidget(15061)]  : {[E9BDC1AC9F9B078A92B3F309630276C89F9B6E52C087A495B97355481F2FDE5B58A757A09967AB7BD9E1187CEA5BB356FACBD4A552A7402C88647F970C513A69]}
01-23 22:42:16.062 21318 21318 D [WeatherWidget(15061)]  AutoRefresh: {[6085FEB5CD30F2E1C044828754B85C01721392526B334AEF3377E50B3CE9E9863E0C761CB006C7CB688126FA7F4272A4]}
01-23 22:42:16.063 21318 21318 D [WeatherWidget(15061)]  AutoRefresh: {[68AAD060E684063EFCB6ADB215EA574A65DD9AAB63BC77D5138EDD06ED7F03329C3ADAA245203859D1DB741F6396F532]}
01-23 22:42:16.063 21318 21318 D [WeatherWidget(15061)]  AutoRefresh: {[F67DC00F53FD5CE2FA393625B6A8E3DE72288451EDFC40A20486BB5642EB86DF08F9547A55881EADA4E0A785DE2EAE46]}
01-23 22:42:16.063 21318 21318 D [WeatherWidget(15061)]  AutoRefresh: {[32BBB3D68833B07C743FEFF010431B836EE0B06B187539E8FD079DC8A1721F2DAB6B2B38646181500569A108ACAF2B35285C3FDD3F55AA5E46A0FB232E13D039]}
01-23 22:42:16.063 21318 21318 D [WeatherWidget(15061)]  AutoRefresh: {[9B644277DED53DD25932524C385943327EFEBCE57D6BB6C096E6E42D5C8130CD262680B7AC7C69B33DD9D313F0ED3F6B]}
01-23 22:42:16.063 21318 21318 D [WeatherWidget(15061)]  WeatherDataBroadcaster: {[F66E3CA8B365B88F6D0BA25F503D9342641759B2E97E8EE8842F77B5CE5D48FAA9A8C4C9445E25C8D6C6A41C7287BA37]}
01-23 22:42:16.064 21318 21318 D [WeatherWidget(15061)]  WeatherService: {[9487F20DCED78CE73EA66807BB270FD3E62FA8D486253144167A6949370A3CD8]}
01-23 22:42:16.065 21318 21318 D [WeatherWidget(15061)]  : {[3AE6950019B083611567B0F9442DB03E36B37708FCADB7FDDBA670B1362D994454BFFFDA2568816BBDDA6DD60F644DCF]}
01-23 22:42:16.065 21318 21318 D [WeatherWidget(15061)]  : {[3AE6950019B083611567B0F9442DB03EC524A360DDBCA9700C46CA00E0EF66C7B3F96870901E6344610B49A5BEF92DE1]}
01-23 22:42:16.066 21318 21318 D [WeatherWidget(15061)]  : {[3AE6950019B083611567B0F9442DB03E1359ACF902A14C00C165A2117BD254AE89FC77CCC9D6DFD922019BB957FE4E6D]}
01-23 22:42:16.066 21318 21318 D [WeatherWidget(15061)]  DB L2: {[610591C4E30FED4A153FF198DAC84EFEE3319B0D622FD4A19809E90ED3C1398368D658B139FCCB8B9564F5B4E9CB634ECAFB96FBA94E60D7BAD0D35566BB4041]}
01-23 22:42:16.066 21318 21318 D [WeatherWidget(15061)]  : {[E9BDC1AC9F9B078A92B3F309630276C89F9B6E52C087A495B97355481F2FDE5B58A757A09967AB7BD9E1187CEA5BB356FACBD4A552A7402C88647F970C513A69]}
01-23 22:42:16.067 21318 21318 D [WeatherWidget(15061)]  DB L2: {[610591C4E30FED4A153FF198DAC84EFE259FA03515F619060291D19B9A2E73CB46DA064369D1073FED4BA9669B425DCAAF279F009C787569CB4A5E05AD2995D5]}
01-23 22:42:16.067 21318 21318 D [WeatherWidget(15061)]  DB L2: {[610591C4E30FED4A153FF198DAC84EFE1A65FB0EE8B7C5763A9CB231BC13495C5672F8163A455D7E85FD196FF6122AD67D2C4EDCF39A0A6914D843A2CAA83160]}
01-23 22:42:16.068 11712 11712 I BeaconManager: BeaconManager.onReceive - receive Action : android.intent.action.SCREEN_ON
01-23 22:42:16.068 21318 21318 D [WeatherWidget(15061)]  : {[3AE6950019B083611567B0F9442DB03ED46B0256A0D3E395217609731B40233B1A499A0959D814149D298A3E81D57301722EA735EA2FB1E608EA3F60EFCA86DAD4BE207FA3E2AD0718C5DFBCE1FBBFBD1904A99C1552E35DB41A7D8F47860735DA32E2682856DD5E6B54223EFC1338B3]}
01-23 22:42:16.068 11712 11712 D BeaconManager: BeaconManager.onReceive - end
01-23 22:42:16.069 11712 11749 I BeaconManager: BeaconManager.BeaconManagerWorkHandler - BroadcastReceiver onReceive start
01-23 22:42:16.069 11712 11749 D BeaconManager: BeaconManager.BeaconManagerWorkHandler - mScreenObserver action:android.intent.action.SCREEN_ON
01-23 22:42:16.069 11712 11749 D BeaconManager: AppControlManager.screenOnIntentReceived - start
01-23 22:42:16.069  3755  9977 D SensorManager: registerListener :: 6, TMD4903 RGB Sensor, 200000, 0,  
01-23 22:42:16.069 11712 11749 D BeaconManager: AppControlManager.screenOnIntentReceived - end
01-23 22:42:16.070 11712 11749 D BeaconManager: EasySetupManager.screenOnIntentReceived - start
01-23 22:42:16.070 11712 11749 D BeaconManager: EasySetupManager.screenOnIntentReceived - end
01-23 22:42:16.070 11712 11749 D BeaconManager: BleScanHelper.screenOnIntentReceived - start
01-23 22:42:16.073 11955 11955 D oneconnect[1.0.00-39][100000039] : QcManager.mReceiver - LCD ON
01-23 22:42:16.074 11712 11749 D BeaconManager: BleScanHelper.mBroadcastReceiver - Action: android.intent.action.SCREEN_ON, user: 0
01-23 22:42:16.074 11712 11749 V BeaconManager: BleScanHelper.startBleScan - startBleScan
01-23 22:42:16.076 21318 21318 D [WeatherWidget(15061)]  : {[A1AF0F6A1A65A89C43D705938923D0FE0259CBA56E4484DDAF167EE897E0098D214B31210E90A8E4D761DF2724951166F2287DB34D772530C5896F56ACED75997EB5F7A11457BC313E2F3CC722A28E1CFD27059AE6297FD88F156334043BA7B292D742153E962E49137FFB3ED3F30735]}
01-23 22:42:16.082 11712 11749 D BluetoothAdapter: STATE_BLE_ON
01-23 22:42:16.083 11712 11749 D BeaconManager: BleScanHelper.screenOnIntentReceived - end
01-23 22:42:16.083 11712 11749 I BeaconManager: BeaconManager.BeaconManagerWorkHandler - BroadcastReceiver onReceive end
01-23 22:42:16.084 11712 11750 D BeaconManager: BleScanHelper.MSG_CALL_START_LESCAN - ($)isFilterScanFailed/discovering:false/true
01-23 22:42:16.085 21187 21220 I MediaPlayer: Need to enable context aware info
01-23 22:42:16.085 21187 21220 V MediaPlayer-JNI: native_setup
01-23 22:42:16.085 11712 11750 D BluetoothAdapter: STATE_BLE_ON
01-23 22:42:16.086 21187 21220 V MediaPlayer: constructor
01-23 22:42:16.087 11712 11750 D BluetoothAdapter: STATE_BLE_ON
01-23 22:42:16.088 11712 11750 D BluetoothAdapter: appoCount is = 0
01-23 22:42:16.088 11712 11750 I BeaconManager: BleScanHelper.directStopLeScan - call BleScanner.stopScan()
01-23 22:42:16.089 11712 11750 D BluetoothAdapter: STATE_BLE_ON
01-23 22:42:16.091 21318 21318 D [WeatherWidget(15061)]  WeatherService: {[44BE909F148A112BE24DB9207B7094FC3FC96DDEE23640287DA5ACAB1D582780247AD6051A6DEB776FBEE4CC777897AD]}
01-23 22:42:16.092 11712 11750 D BluetoothAdapter: appoCount is = 0
01-23 22:42:16.092 21187 21220 V MediaPlayer: setListener
01-23 22:42:16.093 11712 11750 D BluetoothAdapter: STATE_BLE_ON
01-23 22:42:16.093 11712 11750 D BluetoothLeScanner: Stop Scan
01-23 22:42:16.093 21187 21220 D UE4     : [2019.01.24-03.42.16:093][  0]LogMoviePlayer: Initializing movie player
01-23 22:42:16.095 21187 21220 D UE4     : [2019.01.24-03.42.16:095][  0]LogTcpMessaging: Initializing TcpMessaging bridge, listening on 127.0.0.1:6666
01-23 22:42:16.095  4560  4575 D BtGatt.GattService: stopScan() - queue size =1
01-23 22:42:16.096  4560  4575 D BtGatt.GattService: stopScan() - queue size =1
01-23 22:42:16.097 11696 11696 D Receiver_Screen: ACTION_SCREEN_ON
01-23 22:42:16.097  4560  5179 E BtGatt.GattService: [GSIM LOG]: gsimLogHandler: android.uid.bcmgr, msg: MESSAGE_STOP_SCAN
01-23 22:42:16.097 21187 21220 D UE4     : [2019.01.24-03.42.16:097][  0]LogUdpMessaging: Initializing bridge on interface 0.0.0.0:0 to multicast group 230.0.0.1:6666.
01-23 22:42:16.098  4560  4573 D BtGatt.GattService: unregisterClient() - clientIf=4
01-23 22:42:16.098  4560  5167 D BtGatt.ScanManager: stop scan
01-23 22:42:16.102 21318 21318 W Settings: Setting data_roaming has moved from android.provider.Settings.Secure to android.provider.Settings.Global.
01-23 22:42:16.104 21318 21318 D [WeatherWidget(15061)]  RoamingUtil: {[D5984B6ED8EBD0D73FB67FEB395BAAC73F219977E266B99BFD20FE5B7E3463847E3B63D34100EA2FDE5D491F7660E834A06868EFA0E6868FEA46A0B406848524]}
01-23 22:42:16.109 21187 21220 D UE4     : [2019.01.24-03.42.16:109][  0]LogAndroidPermission: UAndroidPermissionCallbackProxy::GetInstance
01-23 22:42:16.109  4560  5167 D BtGatt.ScanManager: delete FilterIndex - 3
01-23 22:42:16.110 21187 21220 D UE4     : [2019.01.24-03.42.16:110][  0]LogOcInput: OculusInput pre-init called
01-23 22:42:16.111  3755  4548 D PowerManagerService: [PWL] sb release: PowerManagerService.Broadcasts
01-23 22:42:16.112 21318 21318 D [WeatherWidget(15061)]  WeatherService: {[EC3334F14841398C8B464A72D0E61AB7C19CA34DF69EC42A7BD50FF01EB06E70CB5057E333274446F281A2D0E6349EA2]}
01-23 22:42:16.113  4560  4680 D BtGatt.GattService: onScanFilterParamsConfigured() - clientIf=4, status=0, action=1, availableSpace=31
01-23 22:42:16.113 21318 21318 D [WeatherWidget(15061)]  DaemonReceiver: {[0C5154E491E686EEF4F87451CD0F3EB238CF81FC3813987B07B81D44E528CFF2C0AF678F49AA55A7981159DEDCDBB7D7267651336DB8ED6A6476EB3C43EC3A9907118B4B1590D282EF35770AC93E76608F85EA79543A553E6F49EF3BE6B6184E1925726B630E3471E00405453A11EF8447B02C0FB252D984F8110535FB2F431E]}
01-23 22:42:16.113  4560  4680 D BtGatt.ScanManager: callback done for clientIf - 4 status - 0
01-23 22:42:16.113  4560  5167 D BtGatt.ScanManager: delete FilterIndex - 4
01-23 22:42:16.115  4560  4680 D BtGatt.GattService: onScanFilterParamsConfigured() - clientIf=4, status=0, action=1, availableSpace=32
01-23 22:42:16.115  4560  4680 D BtGatt.ScanManager: callback done for clientIf - 4 status - 0
01-23 22:42:16.117  4560  5167 D BtGatt.ScanManager: configureRegularScanParams() - queue=0
01-23 22:42:16.117  4560  5167 D BtGatt.ScanManager: configureRegularScanParams() - ScanSetting Scan mode=-2147483648 mLastConfiguredScanSetting=100
01-23 22:42:16.117  4560  5167 D BtGatt.ScanManager: configureRegularScanParams() - queue emtpy, scan stopped
01-23 22:42:16.120  3755  7368 D CompatibilityInfo: mCompatibilityFlags - 0
01-23 22:42:16.121  3755  7368 D CompatibilityInfo: applicationDensity - 420
01-23 22:42:16.121  3755  7368 D CompatibilityInfo: applicationScale - 1.0
01-23 22:42:16.125  3755  3766 D CompatibilityInfo: mCompatibilityFlags - 0
01-23 22:42:16.125  3755  3766 D CompatibilityInfo: applicationDensity - 420
01-23 22:42:16.125  3755  3766 D CompatibilityInfo: applicationScale - 1.0
01-23 22:42:16.128 21318 21318 I [WeatherWidget(15061)]  WeatherDaemonService: {[0D15A0BDCA5CCB9CB67CEA5D6A5B7010AF4AD2F6EAC6E163BEB30C783828B83E6E57A9A360E7DE57FE61482A366BA676]}
01-23 22:42:16.130 21318 21380 D [WeatherWidget(15061)]  WeatherDaemonService: {[0D15A0BDCA5CCB9CB67CEA5D6A5B7010EBEA1AB7BC7ADC9216802B2451AEFA3A9F63DAE6F83B0FC190B911FC40DB721205651BE3B79353DC34A425CA65D7AAA5729D18B1C62DA4D1CDB0E6D41A026F95B8E90418EDF17A619A335485B37466807C91818E4704490C6E0BE10C91BF6F85]}
01-23 22:42:16.131 21318 21380 D [WeatherWidget(15061)]  ActionManager: {[B6AE27B2EEC017AC105EF636E14A70828AEEB339609F88E7F2EDF9236C8FB19F3A0A226A94085DC2B3C790DB7DDAEDFC1951A366896AF5EA30D134A6AA82608E57270E044AF5D3196A3EBF534F539F8EAA5962C4D230E308ED77241F607AC7BB8FA3698D903B56475BEB7C0361A1D8E6DA5D3595F9AC3AC374312E22FD3E2ED4]}
01-23 22:42:16.131 21318 21380 D [WeatherWidget(15061)]  ActionManager: {[BC3A728BB250B5DA50DEEBE4E1855AA7C398BBEFFC45FCC088F54029682840BB2F7C181025C39C6C152198126EC5901678F2D39BA2A61407CB9E37FDACBB6F30]}
01-23 22:42:16.132 21318 21380 D [WeatherWidget(15061)]  DB L2: {[610591C4E30FED4A153FF198DAC84EFEE3319B0D622FD4A19809E90ED3C1398368D658B139FCCB8B9564F5B4E9CB634E7DF232AC8E28232C7BF252EDD8D192B6]}
01-23 22:42:16.132 21318 21380 D [WeatherWidget(15061)]  : {[E9BDC1AC9F9B078A92B3F309630276C89F9B6E52C087A495B97355481F2FDE5B58A757A09967AB7BD9E1187CEA5BB356FACBD4A552A7402C88647F970C513A69]}
01-23 22:42:16.132 21318 21380 D [WeatherWidget(15061)]  DB L2: {[610591C4E30FED4A153FF198DAC84EFE259FA03515F619060291D19B9A2E73CB46DA064369D1073FED4BA9669B425DCA5332A6D67E3B854AB5F34BD162D7FD36]}
01-23 22:42:16.133 21318 21380 D [WeatherWidget(15061)]  ActionManager: {[C89E1293B112A192C6389BA1E41A1B307076325BBC7FB7854B907363BCA0784BF7670F7F34409C99BFD7880843A641E1]}
01-23 22:42:16.133 21318 21380 D [WeatherWidget(15061)]  DB L2: {[610591C4E30FED4A153FF198DAC84EFE1A65FB0EE8B7C5763A9CB231BC13495C5F8E5509D71E51BE8445C5E5CB1D2D69FF78CA7ABFAAA58FE8CE29C0D31AB365]}
01-23 22:42:16.134  3755  7367 D CompatibilityInfo: mCompatibilityFlags - 0
01-23 22:42:16.134  3755  7367 D CompatibilityInfo: applicationDensity - 420
01-23 22:42:16.134  3755  7367 D CompatibilityInfo: applicationScale - 1.0
01-23 22:42:16.137 21318 21380 D [WeatherWidget(15061)]  ActionManager: {[A0D753875573511795689987717239BEF1FB71910AFFEFA8854C46E506DEB4FD32F7BD703A48587FD40CFAC66DEAAFB3]}
01-23 22:42:16.138 21318 21380 D [WeatherWidget(15061)]  ActionManager: {[5BBCDBDD043AB2E0D8A88A12A0755ECB48C1A150EE8E181469EF74CAA7356ADF2659D7650EEA0E31822592961380053B]}
01-23 22:42:16.140 21318 21380 D [WeatherWidget(15061)]  ActionManager: {[5BBCDBDD043AB2E0D8A88A12A0755ECBE1F7DE879AF11DDD8664CC5C45FF9C95]}
01-23 22:42:16.140  7043 20485 I DiscoveryManager: Filter criteria(%urn:x-cast:com.google.cast.media) scannerFlags(2)
01-23 22:42:16.141  3755  6277 D ConnectivityService: filterNetworkStateForUid() uid: 10014 networkInfo: [type: WIFI[] - WIFI, state: CONNECTED/CONNECTED, reason: (unspecified), extra: "wilkinson2.4", failover: false, available: true, roaming: false, metered: false]
01-23 22:42:16.142 21187 21220 D UE4     : [2019.01.24-03.42.16:142][  0]LogUObjectArray: 35064 objects as part of root set at end of initial load.
01-23 22:42:16.142 21187 21220 D UE4     : [2019.01.24-03.42.16:142][  0]LogUObjectArray: 2 objects are not in the root set, but can never be destroyed because they are in the DisregardForGC set.
01-23 22:42:16.142 21187 21220 D UE4     : [2019.01.24-03.42.16:142][  0]LogUObjectAllocator: 3861440 out of 0 bytes used by permanent object pool.
01-23 22:42:16.142 21187 21220 D UE4     : [2019.01.24-03.42.16:142][  0]LogUObjectArray: CloseDisregardForGC: 35064/35064 objects in disregard for GC pool
01-23 22:42:16.142 21318 21380 D [WeatherWidget(15061)]  DB L1: {[AAC4384C35CA6909274880C63FD2B8C5C23F90F1E4FCAD3137C9B25E5485CF6C31C424B56A8F356EBC563213B9021313AA6838B62625B0E7F334A12E3E78DF0CE7DC7099014EAF4ECEC39E41DD7F42F2233C7806AE02D1F5A53E3791F4FEA518]}
01-23 22:42:16.143 21318 21380 D [WeatherWidget(15061)]  : {[71C0730068FFCE8242180DBA2D2BC7479F86E9678A79391F96C827C3F8ACA124102FAEBCA50CBF201439BFC501718C3C63ACA706ECDF9D5A98271706FD8DB2B9B4C87F52F9FCD54CC53BDD957FBF9AC4]}
01-23 22:42:16.144 21318 21380 D [WeatherWidget(15061)]  : {[236FFFA4FE6D378EDABD8749C406D4B6704CAD26277FEC44C7E31C0D1A0DCCA7B2EEFD5C2A539946454EEEABA00B149BD184FB3A0A14BDC44C5FB2E09811FB16]}
01-23 22:42:16.145 21318 21380 D [WeatherWidget(15061)]  DB L1: {[AAC4384C35CA6909274880C63FD2B8C5C23F90F1E4FCAD3137C9B25E5485CF6C5B0F87BA677E94EF9028866ACFEEDC30ABA2861B6199B42E236A3D40462F54BDB80648CAE3E3BA82E30A881123E93957BB10135B67F1F2E38C4AA64DCFEA1200]}
01-23 22:42:16.146 21318 21380 D [WeatherWidget(15061)]  DB L1: {[AAC4384C35CA6909274880C63FD2B8C5C23F90F1E4FCAD3137C9B25E5485CF6C4FE690430FEA29E32C6931BAE482D3A4C42ED9B1DE7261686E5B830F96813895EDCA7799D0FCF0CD5EC4AA48B9960654F8273347EBAE3B744A3BCB30ED23D3D5]}
01-23 22:42:16.147  3755  3767 D CompatibilityInfo: mCompatibilityFlags - 0
01-23 22:42:16.147  3755  3767 D CompatibilityInfo: applicationDensity - 420
01-23 22:42:16.147  3755  3767 D CompatibilityInfo: applicationScale - 1.0
01-23 22:42:16.147 21318 21380 D [WeatherWidget(15061)]  DB L1: {[AAC4384C35CA6909274880C63FD2B8C5C23F90F1E4FCAD3137C9B25E5485CF6CA89AE2B8D237301AB956883767F80B416E8D2AFF8413212B7ED99CC95DC3B2837AFEA84638F946559EFF5B056D2E83EF09D795EF29C29B9635C517E32D926BB7]}
01-23 22:42:16.147 21318 21380 D [WeatherWidget(15061)]  : {[236FFFA4FE6D378EDABD8749C406D4B69D0A9D225945D25F48121A1CC6C01DF094D19169E13D0E4C03FECB9D2A3D56296184E5B0DBE0A6A584694FB7EA9944819019E9D8587F544DCFD32C3C8EFF96F96F96BE4E551D4F1BBE5AFFBDF624C7D1]}
01-23 22:42:16.148 21318 21380 D [WeatherWidget(15061)]  DB L1: {[AAC4384C35CA6909274880C63FD2B8C5C23F90F1E4FCAD3137C9B25E5485CF6C1C129A7914B9C5653FC674F1F5BDE4636C7EFCDDE3B9DA9F068E471F46829C70BADDC5FFAC77FC7EC0CB3F911C6BF9C48E47F008DFAAA6753A2A54C480131FDF]}
01-23 22:42:16.149 21318 21380 D [WeatherWidget(15061)]  : {[D8B67A630FC69F6878F4940FB3583768052411F5F66E06F8F3AAA69568CF7E1E874170175CE49948C2DD3C37A34719F5B3227F430C613BE802C95F2C552ADF9D]}
01-23 22:42:16.149 21318 21380 D [WeatherWidget(15061)]  : {[6196E932785D7B6DA324519BF748CFB1003C0F136CD6138B2804742237792082940DC9F69E16FD2EAFB16126B350C08D500D8F694C9BE45407F26C242528F395E5F9EB9C6656677C8BBDDD61A39CF7A2]}
01-23 22:42:16.156  3755  7396 D CompatibilityInfo: mCompatibilityFlags - 0
01-23 22:42:16.156  3755  7396 D CompatibilityInfo: applicationDensity - 420
01-23 22:42:16.156  3755  7396 D CompatibilityInfo: applicationScale - 1.0
01-23 22:42:16.161 21318 21380 D [WeatherWidget(15061)]  : {[859EC4DAD3474A9CEBA32F62EB1268E89447C581EB66ADF4CBF2E33379D62BB200627BEE6E49C1C46D43520D6A9DA2633D9EC564D0D993AB7B8EA5EBDBBD41A4795C01E020EA395E6700CC2AC3AC1A2D723CD2CE549DEF46F3BA2E74146001D5D73033B0665FEC7A64E09553F1E11B9D]}
01-23 22:42:16.161 21318 21380 D [WeatherWidget(15061)]  : {[859EC4DAD3474A9CEBA32F62EB1268E89447C581EB66ADF4CBF2E33379D62BB279EDA8E071F27C9197642CEA5FDDAFF720ED12FFBF4F6D9DA2E47FB2D01969ABC3EF9057A40F28AE5F5E0833F295394D904569326162E239FAB07097147B633A]}
01-23 22:42:16.161 21187 21220 D UE4     : [2019.01.24-03.42.16:161][  0]LogAndroid: Display: Passed PreInit()
01-23 22:42:16.162 21318 21380 D [WeatherWidget(15061)]  : {[859EC4DAD3474A9CEBA32F62EB1268E89447C581EB66ADF4CBF2E33379D62BB200627BEE6E49C1C46D43520D6A9DA2638CF3D0CB913190B1FBFE16B4076611FD4E3A345D9B6523D6C70871768F9F36803969FA98636C86BDD96A50A5C332E314]}
01-23 22:42:16.163  3755  3774 D MountService: getExternalStorageMountMode : 1
01-23 22:42:16.163  3755  3774 D MountService: getExternalStorageMountMode : 3
01-23 22:42:16.163  3755  3774 D MountService: getExternalStorageMountMode : final mountMode=1, uid : 10285, packageName : com.samsung.android.calendar
01-23 22:42:16.163 21318 21380 D [WeatherWidget(15061)]  : {[859EC4DAD3474A9CEBA32F62EB1268E89447C581EB66ADF4CBF2E33379D62BB279EDA8E071F27C9197642CEA5FDDAFF7710C3872B8D73A78AE1CF06ECC505D472FC0AE196F2354D5F39CCE3448FCBC8BD03E113D9F93BE8CE7C7767706D11EAB]}
01-23 22:42:16.163 21187 21220 D UE4     : [2019.01.24-03.42.16:163][  0]LogEngine: Initializing Engine...
01-23 22:42:16.164 21318 21380 D [WeatherWidget(15061)]  : {[859EC4DAD3474A9CEBA32F62EB1268E89447C581EB66ADF4CBF2E33379D62BB200627BEE6E49C1C46D43520D6A9DA2630CCD81D41050E9D711EBCA3575D3F84BB9C0C08A239F728882FBE41A16B69551D86E0F53134885C04A184C7343C69186E849C0DC393EBCFBF383825B59D6728F]}
01-23 22:42:16.165 21318 21380 D [WeatherWidget(15061)]  : {[859EC4DAD3474A9CEBA32F62EB1268E89447C581EB66ADF4CBF2E33379D62BB28B35DE955CB55CCA3966639978F926BA1ABF1B2AD9AE2A3F21A7E891A6250C7A6F3262A9596E65E972CCE0C7A50406DB3FC88E05E37AB7C94AEBC3F0859280C7]}
01-23 22:42:16.166  3755 21389 E BatteryStatsService: no controller energy info supplied
01-23 22:42:16.166 21318 21380 D [WeatherWidget(15061)]  : {[859EC4DAD3474A9CEBA32F62EB1268E89447C581EB66ADF4CBF2E33379D62BB2E8CF3207F8897E5BA2D90BDF02DBD917AFBE957E5547295A090B4F4ED3CBDF1F26D4A1517409F4BB9B5BF084A773920BCA343D97867AB51E74B2C7ACB7935FE5B87DAA6421391CC411C1907645D47357]}
01-23 22:42:16.167 21318 21380 D [WeatherWidget(15061)]  : {[859EC4DAD3474A9CEBA32F62EB1268E89447C581EB66ADF4CBF2E33379D62BB200627BEE6E49C1C46D43520D6A9DA2631AE852A791496D084DE0B9D0873A09AD84EE4CD2475EB59B2C856455E4C07AF7370489C023478F27AE960535F4D9EB62]}
01-23 22:42:16.172 21187 21220 D UE4     : [2019.01.24-03.42.16:172][  0]LogStats: UGameplayTagsManager::ConstructGameplayTagTree: ImportINI prefixes -  0.000 s
01-23 22:42:16.172 21187 21220 D UE4     : [2019.01.24-03.42.16:172][  0]LogStats: UGameplayTagsManager::ConstructGameplayTagTree: Construct from data asset -  0.000 s
01-23 22:42:16.172 21187 21220 D UE4     : [2019.01.24-03.42.16:172][  0]LogStats: UGameplayTagsManager::ConstructGameplayTagTree: ImportINI -  0.000 s
01-23 22:42:16.172 21187 21220 D UE4     : [2019.01.24-03.42.16:172][  0]LogStats: UGameplayTagsManager::ConstructGameplayTagTree: GameplayTagTreeChangedEvent.Broadcast -  0.000 s
01-23 22:42:16.188  3277 21294 I tlc_communication: mcWaitNotification is completed;237
01-23 22:42:16.188  3277 21294 I TLC_BAUTH: Check the Trustlet return code is completed;1288
01-23 22:42:16.188  3277 21294 D bauth_FPBAuthService: check_opcode status = 2, opcode = 5, func_ret_val = 0, function_status = 1, timeout = 0
01-23 22:42:16.188  3277 21294 D bauth_FPBAuthService: FPBAuthService, 1541
01-23 22:42:16.188  3277 21294 D bauth_FPBAuthService: FPBAuthService, 1551
01-23 22:42:16.188  3277 21294 D bauth_FPBAuthService: FPBAuthService, 1552
01-23 22:42:16.188  3277 21294 D bauth_FPBAuthService: fpop : 100021
01-23 22:42:16.188  3277 21294 D fingerprintd: onAcquired(10002)
01-23 22:42:16.188  3277 21294 D bauth_FPBAuthService: FPBAuthService, 3388
01-23 22:42:16.188  3277 21294 I TLC_BAUTH: Call FP cmd 0x6;1222
01-23 22:42:16.188  3277 21294 I tlc_communication: Send Trustlet TCI Message;214
01-23 22:42:16.188  3277 21294 I tlc_communication: mcNotify is completed;224
01-23 22:42:16.189  3755  3755 I FingerprintService: handleAcquired : acquiredInfo=10002
01-23 22:42:16.191 21391 21391 E Zygote  : v2
01-23 22:42:16.192 21391 21391 I libpersona: KNOX_SDCARD checking this for 10285
01-23 22:42:16.192 21391 21391 I libpersona: KNOX_SDCARD not a persona
01-23 22:42:16.192  3277 21294 I tlc_communication: mcWaitNotification is completed;237
01-23 22:42:16.192  3277 21294 I TLC_BAUTH: Check the Trustlet return code is completed;1288
01-23 22:42:16.192  3277 21294 D bauth_FPBAuthService: check_opcode status = 2, opcode = 6, func_ret_val = 0, function_status = 1, timeout = 0
01-23 22:42:16.192  3277 21294 D bauth_FPBAuthService: FPBAuthService, 1164
01-23 22:42:16.192  3277 21294 D bauth_FPBAuthService: FPBAuthService, 1170
01-23 22:42:16.192  3277 21294 D bauth_FPBAuthService: fpop : 100022
01-23 22:42:16.192  3277 21294 D fingerprintd: onAcquired(10003)
01-23 22:42:16.192  3755  3774 I ActivityManager: Start proc 21391:com.samsung.android.calendar/u0a285 for broadcast com.samsung.android.calendar/com.android.calendar.common.receiver.WeatherActionReceiver
01-23 22:42:16.193  3277 21294 D bauth_FPBAuthService: FPBAuthService, 3388
01-23 22:42:16.193  3277 21294 I TLC_BAUTH: Call FP cmd 0x6;1222
01-23 22:42:16.193  3277 21294 I tlc_communication: Send Trustlet TCI Message;214
01-23 22:42:16.193  3277 21294 I tlc_communication: mcNotify is completed;224
01-23 22:42:16.193  3755  3755 I FingerprintService: handleAcquired : acquiredInfo=10003
01-23 22:42:16.195  3755  4355 D SamsungAlarmManager: setInexact Intent (T:1/F:8/AC:false) 20190123T231216 - CU:1000/CP:3755
01-23 22:42:16.201  4621  4621 D KeyguardFingerPrint: onAuthenticationAcquired() = 10002
01-23 22:42:16.201  4621  4621 D KeyguardFingerPrint: fingerprint applyBooster
01-23 22:42:16.205  3755  6080 D PowerManagerService: [api] [s] userActivity : event: 0 flags: 0 (uid: 10055 pid: 4621) eventTime = 19376269
01-23 22:42:16.207 11712 11750 I BeaconManager: BleScanHelper.startBleScan - Start filter Scan(SCREEN_ON)
01-23 22:42:16.207 11712 11750 D BeaconManager: BleScanHelper.printFilterCondition - mLcdOnScanInterval: 2
01-23 22:42:16.207 11712 11750 D BeaconManager: BleScanHelper.printFilterCondition - Filter: 010002000001, Mask:ffffff0000ff
01-23 22:42:16.207 11712 11750 D BeaconManager: BleScanHelper.printFilterCondition - Filter: 010002000001, Mask:ffffff0000ff
01-23 22:42:16.207 21391 21391 E Zygote  : accessInfo : 0
01-23 22:42:16.207 11712 11750 D BeaconManager: BleScanHelper.printFilterCondition - Filter: 42090104000200000021, Mask:ffffffff0002000000a1
01-23 22:42:16.207 11712 11750 D BeaconManager: BleScanHelper.printFilterCondition - Filter: 4204010200, Mask:fffffdee40
01-23 22:42:16.208 21391 21391 W SELinux : SELinux selinux_android_compute_policy_index : Policy Index[2],  Con:u:r:zygote:s0 RAM:SEPF_SECMOBILE_7.0_0009, [-1 -1 -1 -1 0 1]
01-23 22:42:16.211 21391 21391 I SELinux : SELinux: seapp_context_lookup: seinfo=platform, level=s0:c512,c768, pkgname=com.samsung.android.calendar 
01-23 22:42:16.219  3755 21389 E BatteryStatsService: modem info is invalid: ModemActivityInfo{ mTimestamp=0 mSleepTimeMs=0 mIdleTimeMs=0 mTxTimeMs[]=[0, 0, 0, 0, 0] mRxTimeMs=0 mEnergyUsed=0}
01-23 22:42:16.246  3231  3265 D Sensorhubs: readContextData: 1, 1, 7, 0
01-23 22:42:16.247 21391 21391 D TimaKeyStoreProvider: TimaKeyStore is not enabled: cannot add TimaSignature Service and generateKeyPair Service
01-23 22:42:16.247  3755  4361 D SensorHubManager: onGetSensorHubDataLocked: library(4) = 1, 1, 7, 0
01-23 22:42:16.247  3755  4360 D CAE     : onGetSensorHubData(SensorHubParserProvider.java:94) - onGetSensorHubData Event [event buffer len :4], AP_WAKEUP
01-23 22:42:16.248  3755  4360 I CAE     : parse(SensorHubParserProvider.java:196) - buffer size = 4
01-23 22:42:16.248  3755  4360 I CAE     : parse(SensorHubParserProvider.java:207) - 1, 1, 7, 0,
01-23 22:42:16.249  3755  4360 D CAE     : display(ContextProvider.java:375) - ================= AUTO_ROTATION =================
01-23 22:42:16.249  3755  4360 I CAE     : display(ContextProvider.java:391) - Angle=[0]
01-23 22:42:16.250  3755  4363 D SemContextService: updateContext() : event = Auto Rotation
01-23 22:42:16.252  3755  3755 D SemContextManager: onSemContextChanged() : event = Auto Rotation Angle : 0
01-23 22:42:16.252  3755  3755 D SContextManager: onSContextChanged() : event = Auto Rotation Angle : 0
01-23 22:42:16.252  3755  3755 V WindowOrientationListener: OrientationSensorJudge.onSContextChanged, Rotation: 0
01-23 22:42:16.256 21187 21220 D UE4     : [2019.01.24-03.42.16:256][  0]LogInit: Initializing FReadOnlyCVARCache
01-23 22:42:16.256 21187 21220 D UE4     : [2019.01.24-03.42.16:256][  0]LogAndroidAudio: Warning: SL Entered Init HW
01-23 22:42:16.256 21187 21220 D UE4     : [2019.01.24-03.42.16:256][  0]LogAndroidAudio: Warning: OpenSLES Initializing HW
01-23 22:42:16.257 21187 21220 D UE4     : [2019.01.24-03.42.16:257][  0]LogAndroidAudio: Warning: OpenSLES Initialized
01-23 22:42:16.257 21187 21220 D UE4     : [2019.01.24-03.42.16:257][  0]LogAndroidAudio: Warning: OpenSLAudioDevice: Allocated 12 sources
01-23 22:42:16.257 21187 21220 D UE4     : [2019.01.24-03.42.16:257][  0]LogInit: FAudioDevice initialized.
01-23 22:42:16.258 21187 21220 D UE4     : [2019.01.24-03.42.16:258][  0]LogAudio: Warning: Can't increase channels past starting number!
01-23 22:42:16.260 21187 21220 D UE4     : [2019.01.24-03.42.16:259][  0]LogNetVersion: Set ProjectVersion to 1.1.0. Version Checksum will be recalculated on next use.
01-23 22:42:16.260 21187 21220 D UE4     : [2019.01.24-03.42.16:260][  0]LogInit: Texture streaming: Enabled
01-23 22:42:16.261 21187 21220 D UE4     : [2019.01.24-03.42.16:261][  0]LogAudio: Warning: Can't increase channels past starting number!
01-23 22:42:16.263 11712 11750 D BluetoothLeScanner: Start Scan
01-23 22:42:16.264 21318 21318 I [WeatherWidget(15061)]  WeatherDaemonService: {[0D15A0BDCA5CCB9CB67CEA5D6A5B70109924D60A174C2DFAD12A2CF8FFE4FFD84AD2C072B915697F3BB7ED77A8F03857]}
01-23 22:42:16.264  4621  4621 D KeyguardFingerPrint: onAuthenticationAcquired() = 10003
01-23 22:42:16.264  4621  4621 D KeyguardFingerPrint: fingerprint applyBooster
01-23 22:42:16.265 11712 11750 D BluetoothAdapter: STATE_BLE_ON
01-23 22:42:16.268 11712 11750 D BluetoothAdapter: appoCount is = 0
01-23 22:42:16.269  3755  7396 D CompatibilityInfo: mCompatibilityFlags - 0
01-23 22:42:16.269 21187 21220 D UE4     : [2019.01.24-03.42.16:269][  0]LogSlate: Updating window title bar state: overlay mode, drag disabled, window buttons hidden, title bar hidden
01-23 22:42:16.269 11712 11750 D BluetoothAdapter: STATE_BLE_ON
01-23 22:42:16.269  3755  7396 D CompatibilityInfo: applicationDensity - 420
01-23 22:42:16.269  3755  7396 D CompatibilityInfo: applicationScale - 1.0
01-23 22:42:16.269 21187 21220 D UE4     : [2019.01.24-03.42.16:269][  0]LogInit: Display: Game Engine Initialized.
01-23 22:42:16.270 21187 21220 D UE4     : [2019.01.24-03.42.16:270][  0]LogGameplayTags: Display: UGameplayTagsManager::DoneAddingNativeTags. DelegateIsBound: 0
01-23 22:42:16.270 21187 21220 D UE4     : [2019.01.24-03.42.16:270][  0]LogStats: UGameplayTagsManager::ConstructGameplayTagTree: ImportINI prefixes -  0.000 s
01-23 22:42:16.270 21187 21220 D UE4     : [2019.01.24-03.42.16:270][  0]LogStats: UGameplayTagsManager::ConstructGameplayTagTree: Construct from data asset -  0.000 s
01-23 22:42:16.270 21187 21220 D UE4     : [2019.01.24-03.42.16:270][  0]LogStats: UGameplayTagsManager::ConstructGameplayTagTree: ImportINI -  0.000 s
01-23 22:42:16.270 21187 21220 D UE4     : [2019.01.24-03.42.16:270][  0]LogStats: UGameplayTagsManager::ConstructGameplayTagTree: GameplayTagTreeChangedEvent.Broadcast -  0.000 s
01-23 22:42:16.271  3755  5047 D CompatibilityInfo: mCompatibilityFlags - 0
01-23 22:42:16.271  3755  5047 D CompatibilityInfo: applicationDensity - 420
01-23 22:42:16.271  3755  6281 D PowerManagerService: [api] [s] userActivity : event: 0 flags: 0 (uid: 10055 pid: 4621) eventTime = 19376334
01-23 22:42:16.271  3755  5047 D CompatibilityInfo: applicationScale - 1.0
01-23 22:42:16.272  3755  5047 I ActivityManager: DSS on for com.samsung.android.calendar and scale is 1.0
01-23 22:42:16.272 21157 21157 I DMT-DropBoxReceiver: Received : android.intent.action.DROPBOX_ENTRY_ADDED
01-23 22:42:16.272 11712 11750 D BluetoothAdapter: STATE_BLE_ON
01-23 22:42:16.274  3755  5047 D CompatibilityInfo: mCompatibilityFlags - 0
01-23 22:42:16.274  3755  5047 D CompatibilityInfo: applicationDensity - 420
01-23 22:42:16.274  3755  5047 D CompatibilityInfo: applicationScale - 1.0
01-23 22:42:16.274 11712 11750 D BluetoothAdapter: STATE_BLE_ON
01-23 22:42:16.276 11712 11750 D BluetoothAdapter: appoCount is = 0
01-23 22:42:16.280  4560  5153 D BtGatt.GattService: registerClient() - UUID=d0371933-34ba-48fe-9830-1765d11d5519
01-23 22:42:16.283  3755  5047 D CompatibilityInfo: mCompatibilityFlags - 0
01-23 22:42:16.284  3755  5047 D CompatibilityInfo: applicationDensity - 420
01-23 22:42:16.285  3755  5047 D CompatibilityInfo: applicationScale - 1.0
01-23 22:42:16.291  3755  7363 D CompatibilityInfo: mCompatibilityFlags - 0
01-23 22:42:16.291  3755  7363 D CompatibilityInfo: applicationDensity - 420
01-23 22:42:16.291  3755  7363 D CompatibilityInfo: applicationScale - 1.0
01-23 22:42:16.293  3755  7358 D WifiScanController: isNLPPackage:com.google.android.gms, true
01-23 22:42:16.296  3755  4459 I WifiScanController: location is disabled
01-23 22:42:16.299  3755  4531 E WifiWatchdogStateMachine: Unhandled message { when=0 what=135229 target=com.android.internal.util.StateMachine$SmHandler } in state ValidNonSwitchableState
01-23 22:42:16.300  3755  3775 V WindowOrientationListener: OrientationSensorJudge.getProposedRotation, Rotation: 0
01-23 22:42:16.300  3755  3775 V WindowOrientationListener: OrientationSensorJudge.getProposedRotation, Rotation: 0
01-23 22:42:16.300  3755  3775 V WindowManager: rotationForOrientationLw(orient=5, last=0); user=0  sensorRotation=0 mLidState=-1 mDockMode=0 mHdmiPlugged=false
01-23 22:42:16.300  4633  4633 I wpa_supplicant: wlan0: Setting scan request: 0 sec 0 usec
01-23 22:42:16.306  3755  4344 I LightSensor: #>LightSensor r=308 g=179 b=170 c=426 atime=245 again=64 lux=190
01-23 22:42:16.306  4633  4633 I wpa_supplicant: P2P: Current p2p state = IDLE
01-23 22:42:16.307  3755  3755 D SSRM:a  : Light : 190 lux
01-23 22:42:16.308  3755  3755 I LightSensor: Light old sensor_state 640, new sensor_state : 128 en : 0
01-23 22:42:16.309  4633  4633 I wpa_supplicant: Scan requested (ret=0) - scan timeout 30 seconds
01-23 22:42:16.310  3755  7396 D CompatibilityInfo: mCompatibilityFlags - 0
01-23 22:42:16.310  3755  7396 D CompatibilityInfo: applicationDensity - 420
01-23 22:42:16.310  3755  7396 D CompatibilityInfo: applicationScale - 1.0
01-23 22:42:16.317  3755  3755 D SensorManager: unregisterListener ::   
01-23 22:42:16.317  3755  4484 D SamsungAlarmManager: setInexact Listener (T:2/F:8/AC:false) 20190123T224231 - CU:1000/CP:3755
01-23 22:42:16.320 21391 21391 W System  : ClassLoader referenced unknown path: /system/app/SamsungCalendar_Stable/lib/arm64
01-23 22:42:16.321 21318 21318 D [WeatherWidget(15061)]  WeatherAppWidget: {[9C41A2EAFAAB2EF4F8363256C22FE8ADE74F100B9CC487BE27E8F8A137E768022F3D75E4272B69C004B1ABF10C0F2210143AA65B58B0C7B8B0AA82129EA61300ACE1FEEB8AE1B3C007EB73257700FEB40012AEFB7CC6C0EA9B17C2FF4B39AE6B298CD024C1101FF065A2AF329AA7DF89A00BE1CBC63BCC5F24CA2FEC903A8A9B]}
01-23 22:42:16.323 21318 21318 D [WeatherWidget(15061)]  WeatherAppWidget: {[9C41A2EAFAAB2EF4F8363256C22FE8AD6E9D978B68C2FD7A71EB2B51B96A06C3A95A89D17C6469EAC826AD48ED45A31F]}
01-23 22:42:16.324 21318 21318 D [WeatherWidget(15061)]  WeatherAppWidget: {[9C41A2EAFAAB2EF4F8363256C22FE8ADC2FFB54F5656EC39E40E36F8A23AF7AF402CF3FE5ADCBE25D0A417BBE3AE2A32FE53EA4FAAB6656DCC5F3AA5A1CCFE83]}
01-23 22:42:16.331  3755  5048 D CompatibilityInfo: mCompatibilityFlags - 0
01-23 22:42:16.331  3755  5048 D CompatibilityInfo: applicationDensity - 420
01-23 22:42:16.331  3755  5048 D CompatibilityInfo: applicationScale - 1.0
01-23 22:42:16.337  3755  4963 E Watchdog: !@Sync 645 [23_Jan_22_42_16.337]
01-23 22:42:16.346 21318 21318 D [WeatherWidget(15061)]  WidgetCount: {[58A211B6B849F6AF6FA5E7616FBE3EE98829A5398C07564C0DB3BFB5D240ABC2]}
01-23 22:42:16.348 21318 21318 D [WeatherWidget(15061)]  WidgetCount: {[CCB0E3EE44F2E0E1B203CCF447EC08807DF4714E0771C754FA3E35B5E7EAE40E]}
01-23 22:42:16.350 21187 21220 D UE4     : [2019.01.24-03.42.16:350][  0]LogInit: Display: Starting Game.
01-23 22:42:16.351 21187 21220 D UE4     : [2019.01.24-03.42.16:351][  0]LogNet: Browse: /Game/Maps/StackMap?Name=Player
01-23 22:42:16.351 21318 21318 D [WeatherWidget(15061)]  DB L2: {[610591C4E30FED4A153FF198DAC84EFEE3319B0D622FD4A19809E90ED3C1398368D658B139FCCB8B9564F5B4E9CB634E71BBD40876827C3C0812391E1D09C2AB]}
01-23 22:42:16.353 21318 21318 D [WeatherWidget(15061)]  : {[E9BDC1AC9F9B078A92B3F309630276C89F9B6E52C087A495B97355481F2FDE5B58A757A09967AB7BD9E1187CEA5BB356FACBD4A552A7402C88647F970C513A69]}
01-23 22:42:16.355 21318 21318 D [WeatherWidget(15061)]  : {[29F12EEF03899EE7AFF5C26031AC6881F303F6C973542BE67977813C7C13FECE7D0954C40B25C0F7FA25A9A6BBA5F9C18754D4C0EAE2EABD01C2569F66574A9B]}
01-23 22:42:16.356 21318 21318 D [WeatherWidget(15061)]  : {[4C0512EFA0AB4990F6AA1DF592AD92A7F0B9EF71550DD16C356391DD9598536C]}
01-23 22:42:16.357 21391 21391 I MultiDex: VM with version 2.1.0 has multidex support
01-23 22:42:16.358 21391 21391 I MultiDex: install
01-23 22:42:16.358 21391 21391 I MultiDex: VM has multidex support, MultiDex support library is disabled.
01-23 22:42:16.358 21318 21318 D [WeatherWidget(15061)]  : {[90DD37C3E8F5EC69290A64B9E563BB758920009A27ED7FE9BD45923219CDADA3283BA9BF854CA3CE4972CE0B6299A314]}
01-23 22:42:16.359 21318 21318 D [WeatherWidget(15061)]  : {[C7CD0FC621D4FF3604503208843FDD09956B905268D5353CB139C98AEEF7028E0E1E4851901862D0F3CE79EE1B3D60C3]}
01-23 22:42:16.372  3755  7358 D ConnectivityService: filterNetworkStateForUid() uid: 10014 networkInfo: [type: WIFI[] - WIFI, state: CONNECTED/CONNECTED, reason: (unspecified), extra: "wilkinson2.4", failover: false, available: true, roaming: false, metered: false]
01-23 22:42:16.374 21318 21318 D [WeatherWidget(15061)]  : {[710223FD94EDCDC9B0C30E68910B595BB6180851001CE38F8C1FE833510F91F0BB96631B741237332A7A8C43E5E16057]}
01-23 22:42:16.376 21187 21220 D UE4     : [2019.01.24-03.42.16:376][  0]LogLoad: LoadMap: /Game/Maps/StackMap?Name=Player
01-23 22:42:16.376 21318 21318 D [WeatherWidget(15061)]  : {[60F9DFBE0DDF665D78B93B355C69FD16FD82FBECAFC71D5DC70E8ABB3824B9582234AD038886808B2E7B2600E0220D8BE8A853685EF6E90C12176907908AD1737EA9980A151C821AE64ADECB1FD68FC013DE463E4EDFCBB35B461500719C42A0C023AF6918851AB2BD2E4F0D2F9A2C5C]}
01-23 22:42:16.378 21318 21318 D [WeatherWidget(15061)]  : {[9CE2F3DEF0EB8239E7173934CC09B9E757DE44ACE5366257F344D287889F9E96A68C3BA64025C2DF7A292A27442586FD2FADD4B451F44E8E4B69E4036140806354B17B45A601739A14F58872325CD31E779504AA6B5C39B3B30927A8C862BBB1D636C3125B84C074A01D13FDACF35281FD58FFB49BBF8157F2A4609E333381DC3671C924C6AF34AF0AA1D30FDC170853A91D2B2D6DE91B1E9D71BEF10599803CDD5899C8E5E85B45BE1BD6A72FC114A4A2374A31FEFE78E7BDD7186AB43AA6D3E6AEE8B22557D27F97F2BA4A1ED49655D283A244AEC410A02D0FBE3B9F96FA1509C594D9DF78BAC66ACF8324F4D82A85]}
01-23 22:42:16.383 21318 21318 D [WeatherWidget(15061)]  : {[92814B0137E99BC1A45799D2DF2DAFD83A90D0369E5261C256E9236009B90AF93102C9204285E779911B0A5260A23C245E74F3C56E9790760016E17A78A5351E620ABA6DD04E0BBC5BEB0BE5BCB996C15E4CCEB222DCD8ACBD64D148B8E63FF2863828B305279E9681EA47CB6EA2A991]}
01-23 22:42:16.383 21318 21318 D [WeatherWidget(15061)]  : {[AB2EA232D9D918C5DCF18761D4838C31104B8E91A5A763C5694710FFAD965B7D]}
01-23 22:42:16.383 21318 21318 D [WeatherWidget(15061)]  : {[15C09394A4E9AFE55A5C62F22AB3FC596F042F71D50D29517626203C1B5A081E1575B704CCD205238E47B82C2F87C3F6]}
01-23 22:42:16.384  4560  4680 D BtGatt.GattService: onClientRegistered() - UUID=d0371933-34ba-48fe-9830-1765d11d5519, clientIf=4, status=0
01-23 22:42:16.384 21318 21318 D [WeatherWidget(15061)]  : {[59F4E8D154FA78031E153DE0D941ACE8947ECD727D686F7FF92D2F0FC224CC9A]}
01-23 22:42:16.385 11712 11724 D BluetoothLeScanner: onClientRegistered() - status=0 clientIf=4 mClientIf=0
01-23 22:42:16.387  4560  4575 D BtGatt.GattService: start scan with filters
01-23 22:42:16.389 21318 21318 D [WeatherWidget(15061)]  : {[92814B0137E99BC1A45799D2DF2DAFD83A90D0369E5261C256E9236009B90AF93102C9204285E779911B0A5260A23C245E74F3C56E9790760016E17A78A5351E620ABA6DD04E0BBC5BEB0BE5BCB996C15E4CCEB222DCD8ACBD64D148B8E63FF2863828B305279E9681EA47CB6EA2A991]}
01-23 22:42:16.389 21318 21318 D [WeatherWidget(15061)]  DB L2: {[610591C4E30FED4A153FF198DAC84EFE34105AC04224A27A6EA4D87EAF16DF76B52CD5EF9AE8CDBACF25F24E6EA3A49D0CA79EEABA193FCE0366092B3760C5F3]}
01-23 22:42:16.390  4560  4575 D BluetoothAdapter: STATE_BLE_ON
01-23 22:42:16.391  4560  4575 D BluetoothAdapter: appoCount is = 0
01-23 22:42:16.394  4560  4575 D BluetoothAdapter: STATE_BLE_ON
01-23 22:42:16.394  4560  4575 D BtGatt.GattService: getScanSettings
01-23 22:42:16.395 21318 21318 D [WeatherWidget(15061)]  : {[5996EF099FC0F34ED8933B9995473FDED202967BF4BAF497ED98BD1013E2EEAF9BBE67BFF187987F2BABB50CE278C770]}
01-23 22:42:16.400 21318 21318 D [WeatherWidget(15061)]  : {[BD1693628C029252CA095FEF8F76FB8C539598E2A2EC5ABD453EC4CE5E63D453DBF6198B31C9A83BA74935A3A5928488]}
01-23 22:42:16.400 21318 21318 D [WeatherWidget(15061)]  DB L2: {[610591C4E30FED4A153FF198DAC84EFEE3319B0D622FD4A19809E90ED3C1398368D658B139FCCB8B9564F5B4E9CB634E15571913B999571412BC81CA2C78A07C]}
01-23 22:42:16.400  4560  4575 D BtGatt.GattService: Is it foreground application = false
01-23 22:42:16.400  4560  4575 D BtGatt.GattService: Its a background application running with Low Power scan mode
01-23 22:42:16.401 21318 21318 D [WeatherWidget(15061)]  : {[E9BDC1AC9F9B078A92B3F309630276C89F9B6E52C087A495B97355481F2FDE5B58A757A09967AB7BD9E1187CEA5BB356FACBD4A552A7402C88647F970C513A69]}
01-23 22:42:16.401 21318 21318 D [WeatherWidget(15061)]  : {[D8993B48F5FD9B7A71D8615D2329D19831F0A74A0A012330746D4C85901923EC69EB218C1E2A8BAB5D68704D277342DC]}
01-23 22:42:16.401 21318 21318 D [WeatherWidget(15061)]  : {[9C1073CE82D9D334C812CB80328F71A308EED20030F641D17F48B30F1B500A82]}
01-23 22:42:16.402 21318 21318 D [WeatherWidget(15061)]  : {[1FCD247B1B468B541089CDB282555A1CAFBBAA4A6237F21D24FDB8D4BBA99CFA5621CC8348493446A06E82586171CC94]}
01-23 22:42:16.402 21318 21318 D [WeatherWidget(15061)]  : {[442A78C441563703DDF891B97B4BA6FAC6929EAFE01E0B33A09EB07889B9E5B5B11C7477EA9D98558B4038DFA470D91B]}
01-23 22:42:16.402  7043 20485 I MiniDeviceController: [MiniDeviceController-1] ACTIVATE (XBR-65X900E) FA8FFA044DDD
01-23 22:42:16.402  7043 20485 I MiniDeviceController: [MiniDeviceController-1] connecting to /192.168.1.9
01-23 22:42:16.409  4560  5179 E BtGatt.GattService: [GSIM LOG]: gsimLogHandler: android.uid.bcmgr, msg: MESSAGE_START_SCAN
01-23 22:42:16.410 21391 21391 D SamsungAnalytics:1.8.22: cf feature is supported
01-23 22:42:16.410  4560  5167 D BtGatt.ScanManager: handling starting scan
01-23 22:42:16.410  4560  5167 D BluetoothAdapter: STATE_BLE_ON
01-23 22:42:16.411  4560  5167 D BluetoothAdapter: STATE_BLE_ON
01-23 22:42:16.412 21318 21318 D [WeatherWidget(15061)]  : {[E9E3936005EAFD75CC1E7148AA3CAD83C0A3F51B25B9D2379A42E2A47CD480734C79BE494F43B505E51CD64275996150]}
01-23 22:42:16.412  3755  4459 D WifiHAL : Setting APF program, halHandle = 0x78a6918a60
01-23 22:42:16.412  3755  4459 I WifiHAL : 
01-23 22:42:16.412  3755  4459 I WifiHAL : createRequest: APF set program request
01-23 22:42:16.414  3755  4459 I WifiHAL : Done!
01-23 22:42:16.415  4560  5167 D BluetoothAdapter: appoCount is = 0
01-23 22:42:16.417  4560  5167 D BluetoothAdapter: STATE_BLE_ON
01-23 22:42:16.418  4560  5167 D BluetoothAdapter: STATE_BLE_ON
01-23 22:42:16.419  3755  7368 D CompatibilityInfo: mCompatibilityFlags - 0
01-23 22:42:16.419  3755  7368 D CompatibilityInfo: applicationDensity - 420
01-23 22:42:16.420  3755  7368 D CompatibilityInfo: applicationScale - 1.0
01-23 22:42:16.421  4560  5167 D BluetoothAdapter: appoCount is = 0
01-23 22:42:16.422  3755 21389 I BarTender:BatteryStatsDumper: writing to daily db completed
01-23 22:42:16.424  4560  5167 D BluetoothAdapter: STATE_BLE_ON
01-23 22:42:16.425 21318 21318 D [WeatherWidget(15061)]  : {[490D55564B5675E444E8C95C5EC590FE6B85D26C8567267E8F65BA76FB680B1EC9424358B64A64B59C59E0777C5E6D35]}
01-23 22:42:16.425 21391 21391 D SamsungAnalytics:1.8.22: [Tracker] Tracker start:1.8.22
01-23 22:42:16.427 21318 21318 D [WeatherWidget(15061)]  : {[CD3A5B2C74BC1DAD147333218241B1E2BCFE655EBA7042BEC194CB74F5CE4851167F282537419E8C5B10F57730E27337]}
01-23 22:42:16.427 21318 21318 D [WeatherWidget(15061)]  DB L2: {[610591C4E30FED4A153FF198DAC84EFEE3319B0D622FD4A19809E90ED3C1398368D658B139FCCB8B9564F5B4E9CB634E71C2CBC280733E5CE5FF2AAE8B964A3D]}
01-23 22:42:16.432  3755  5085 D CompatibilityInfo: mCompatibilityFlags - 0
01-23 22:42:16.432  3755  5085 D CompatibilityInfo: applicationDensity - 420
01-23 22:42:16.432  3755  5085 D CompatibilityInfo: applicationScale - 1.0
01-23 22:42:16.433  3755 21389 I BarTender:BatteryStatsDumper: writing to weekly db completed
01-23 22:42:16.433  4560  5167 D BluetoothAdapter: STATE_BLE_ON
01-23 22:42:16.434 21318 21318 D [WeatherWidget(15061)]  : {[E9BDC1AC9F9B078A92B3F309630276C89F9B6E52C087A495B97355481F2FDE5B58A757A09967AB7BD9E1187CEA5BB356FACBD4A552A7402C88647F970C513A69]}
01-23 22:42:16.434 21318 21318 D [WeatherWidget(15061)]  DB L2: {[610591C4E30FED4A153FF198DAC84EFE259FA03515F619060291D19B9A2E73CB46DA064369D1073FED4BA9669B425DCAD722A8EEF9CBB09B388805A8159283D6]}
01-23 22:42:16.435 21318 21318 D [WeatherWidget(15061)]  DB L2: {[610591C4E30FED4A153FF198DAC84EFE1A65FB0EE8B7C5763A9CB231BC13495C0980BD17AB2024B4E3F440D28DAC546BB9F364A68CBD0F5982AB501ECDC4CAA7]}
01-23 22:42:16.436  3755 21389 I BarTender:BatteryStatsDumper: refreshstats completed
01-23 22:42:16.437  3755 21389 I BarTender:GATHERERBATTSTATS: set - time:1548301336436
01-23 22:42:16.437  3755 21389 I BarTender:ANALYZERBATTSTATS: Observer from Gatherer - time:1548301336436
01-23 22:42:16.437 21318 21318 D [WeatherWidget(15061)]  : {[DFD94D30EABD30B99C8E6B65B7E5E9E8C1CC814BB8E01A1E672D69F2337595306D821D52B117BFB2B7725BA186A553C2]}
01-23 22:42:16.438  3755  4355 I BarTender:ANALYZERBATTSTATS: MSG_TYPE_BARTENDER_CHECK_POWER::
