--------- beginning of main
01-07 16:12:36.042 19856 20005 D ClClient: Not sending keepalive.  Current connection state=STOPPED
01-07 16:12:36.051  6176  6176 D capture : captureMainHomeScreen
01-07 16:12:36.051  6176  6176 D capture : canCapture isWorkspaceLocked() = false isVisible : true
01-07 16:12:36.051  6176  6176 D capture : canCapture mWorkspace.getState()() = NORMAL isTouchActive : false isPageMoving : false
01-07 16:12:36.051  6176  6176 D capture : canCapture getCurrentPage()() = 1 getHomeScreenIndex() : 1
01-07 16:12:36.051  6176  6176 D capture : captureMainHomeScreen land : false
01-07 16:12:36.051  6176  6176 D capture : getCaptureBitmap getWidth : 1080 getHeight : 1920
01-07 16:12:36.140  6176  6176 D capture : captureMainHomeScreen scale : 
01-07 16:12:36.143  6176 20179 D capture : canCapture isWorkspaceLocked() = false isVisible : true
01-07 16:12:36.143  6176 20179 D capture : canCapture mWorkspace.getState()() = NORMAL isTouchActive : false isPageMoving : false
01-07 16:12:36.143  6176 20179 D capture : canCapture getCurrentPage()() = 1 getHomeScreenIndex() : 1
01-07 16:12:36.143  6176 20179 D capture : saveMainHomeScreen start canCapture : true
01-07 16:12:36.579  6176 20179 D skia    : Encode PNG Singlethread :     436541 us, width=1080, height=1920
01-07 16:12:36.580  6176 20179 D capture : saveMainHomeScreen compress : 382784
01-07 16:12:36.585  6176 20179 D capture : saveToFileCaptureScreen ret : false SCREENSHOT_FILE_PATH : /storage/emulated/0/Android/data/com.sec.android.app.launcher/cache/homescreenPreview.png
01-07 16:12:36.586  3757 32084 D SecContentProvider: query(), uri = 17 selection = isSettingsChangesAllowed
--------- beginning of system
01-07 16:12:36.587  3757 32084 D SecContentProvider: called from com.sec.android.app.launcher
01-07 16:12:36.609  6176  6176 V LauncherAppWidgetHostView: calculateWidgetSize: (target widgetsize)  using w/h 997 260 span 5 1 (widgetid 2) [current Gridsize : GRID_5x5]
01-07 16:12:36.610  6176  6176 D LauncherAppWidgetHostView: calculateWidgetSize() widget = Weather and Clock(widget id = 2) result hostview size = 1297 x 338
01-07 16:12:36.610  6176  6176 D LauncherAppWidgetHostView: setResizeScaleResult() 1297/ 338 scaleToResize = 0.76869696(widget id = 2)
01-07 16:12:36.611  6176  6176 V LauncherAppWidgetHostView: calculateWidgetSize: (target widgetsize)  using w/h 997 260 span 5 1 (widgetid 3) [current Gridsize : GRID_5x5]
01-07 16:12:36.612  6176  6176 D LauncherAppWidgetHostView: calculateWidgetSize() widget = Google(widget id = 3) result hostview size = 1297 x 338
01-07 16:12:36.612  6176  6176 D LauncherAppWidgetHostView: setResizeScaleResult() 1297/ 338 scaleToResize = 0.76869696(widget id = 3)
01-07 16:12:36.619  4616  4616 V hong    : mid yDiff = 382
01-07 16:12:36.619  4616  4616 V hong    : mid yDiff = 382
01-07 16:12:36.648 20176 20176 D SecurityManagerNative: SecurityManagerNative v2.7.2.5 On 64bit PLATFORM With BORINGSSL
01-07 16:12:36.654 20176 20176 E appproc : Enhanced Zygote ASLR: ro.knox.enhance.zygote.aslr != 1. Enhanced Zygote ASLR is DISABLED!
01-07 16:12:36.654 20176 20176 D AndroidRuntime: >>>>>> START com.android.internal.os.RuntimeInit uid 2000 <<<<<<
01-07 16:12:36.657 20176 20176 D AndroidRuntime: CheckJNI is OFF
01-07 16:12:36.660 20176 20176 D AndroidRuntime: addProductProperty: start
01-07 16:12:36.731 20176 20176 I [saiv 1.1]: saiv_OnLoadJNI.cpp(38): _init: Version 1.1 Build # 3532
01-07 16:12:36.731 20176 20176 I [saiv 1.1]: saiv_OnLoadJNI.cpp(43): _init: _init() was called
01-07 16:12:36.743  3757  4559 D skia    : Encode PNG Singlethread :     753274 us, width=648, height=1114
01-07 16:12:36.759 20176 20176 I MLDAP   : ================================================
01-07 16:12:36.759 20176 20176 I MLDAP   :  MLDAP_LIB v1.1.16
01-07 16:12:36.759 20176 20176 I MLDAP   : ================================================
01-07 16:12:36.793  3757  4458 D WifiStateMachine: Current network is: "wilkinson2.4" , ID is: 30
01-07 16:12:36.793  3757  4458 I WifiStateMachine: IMS calling, current network is always qualified
01-07 16:12:36.834 20176 20176 I TMSDISP : AcsAndroidVirtualDisplayIntfImpl
01-07 16:12:36.871 20176 20176 D ICU     : No timezone override file found: /data/misc/zoneinfo/current/icu/icu_tzdata.dat
01-07 16:12:36.899 20176 20176 I Radio-JNI: register_android_hardware_Radio DONE
01-07 16:12:36.909 20176 20176 D ReflectionHelper: loadKlass() : caller=android.app.Activity.<clinit>:7555 <bottom of call stack> 
01-07 16:12:36.909 20176 20176 D ReflectionHelper: Reflecting method.....  class <onScreenChanged>
01-07 16:12:36.911 20176 20176 E SemAffinityControl: SemAffinityControl: registerfunction enter
01-07 16:12:36.925 20176 20176 D AndroidRuntime: Calling main entry com.android.commands.am.Am
01-07 16:12:36.943  3757  5062 I ActivityManager: START u0 {act=null typ=null flg=0x10000000 cmp=ComponentInfo{com.GeekTechnique.InfinityStack/com.epicgames.ue4.SplashActivity}} from uid 2000 on display 0
01-07 16:12:36.954  3757  5062 D ActivityManager: ActivityRecord() Constructor : multiScreenAttrs=MultiScreenAttrs{mDisplayId=0, mBaseDisplayId=0, mBaseActivity=false}
01-07 16:12:36.956  3757  5062 D CustomFrequencyManagerService: acquireDVFSLockLocked : type : DVFS_MIN_LIMIT  frequency : 2100000  uid : 1000  pid : 3757  pkgName : AMS_APP_SWITCH@CPU_MIN@45
01-07 16:12:36.958  3757  5062 D ActivityManagerPerformance: AMP_acquire() APP_SWITCH
01-07 16:12:36.958  3757  5062 D ActivityManager: computeStackFocus: stackId=1
01-07 16:12:36.958  3757  9599 D TelephonyManager: getAllCellInfo : Caller (PID / UID / TID): 3757 / 1000 / 9599
01-07 16:12:36.958  3757  5062 D ActivityManager: computeStackFocus: New stack r=ActivityRecord{26f231fd0 u0 com.GeekTechnique.InfinityStack/com.epicgames.ue4.SplashActivity t-1} stackId=1
01-07 16:12:36.959  3757  5062 D ActivityTrigger: Activity is Triggerred in full screen 
01-07 16:12:36.959  3757  5062 D CompatibilityInfo: mCompatibilityFlags - 0
01-07 16:12:36.959  3757  5062 D CompatibilityInfo: applicationDensity - 420
01-07 16:12:36.959  3757  5062 D CompatibilityInfo: applicationScale - 1.0
01-07 16:12:36.960  3757  5062 D ActivityManager: moveToFront() : reason=startedActivity setFocusedActivity isAttached=true TaskRecord{6ecd23bd0 #160 A=com.GeekTechnique.InfinityStack U=0 StackId=1 sz=1}
01-07 16:12:36.960  3757  5062 D ActivityManager: setFocusStackUnchecked: reason=startedActivity setFocusedActivity focusCandidate=ActivityStack{3ca09cd0 stackId=1, 2 tasks} caller=com.android.server.am.ActivityStack.moveToFront:874 com.android.server.am.ActivityStackSupervisor.moveActivityStackToFront:2005 
01-07 16:12:36.961  3757  5062 D InputDispatcher: Focused application set to: xxxx
01-07 16:12:36.962  3757  5062 D InputDispatcher: Focus left window: 6176
01-07 16:12:36.963  3757  5062 D ActivityManager: resumeTopActivityInnerLocked() : #1 prevTask=TaskRecord{6ecd23bd0 #160 A=com.GeekTechnique.InfinityStack U=0 StackId=1 sz=1} next=ActivityRecord{26f231fd0 u0 com.GeekTechnique.InfinityStack/com.epicgames.ue4.SplashActivity t160} mFocusedStack=ActivityStack{3ca09cd0 stackId=1, 2 tasks}
01-07 16:12:36.963  3757  5062 D ActivityTrigger: ActivityTrigger activityPauseTrigger 
01-07 16:12:36.963  3757  5062 D GameManagerService: sem_perfomance_mode: 0
01-07 16:12:36.965  6176  6176 D Launcher: onPause, Launcher: 226668512
01-07 16:12:36.965  6176  6176 D Launcher.HomeView: onPause
01-07 16:12:36.965  6176  6176 D Launcher.Workspace: exitWidgetResizeMode. isClearResizeFrame is false
01-07 16:12:36.967 20176 20176 D AndroidRuntime: Shutting down VM
01-07 16:12:36.967  3757 32085 D ActivityManager: clearAppIconInfo()
01-07 16:12:36.968  3757 32085 D ActivityManager: resumeTopActivityInnerLocked() : #1 prevTask=TaskRecord{e81ae1cd0 #106 A=com.sec.android.app.launcher U=0 StackId=0 sz=1} next=ActivityRecord{26f231fd0 u0 com.GeekTechnique.InfinityStack/com.epicgames.ue4.SplashActivity t160} mFocusedStack=ActivityStack{3ca09cd0 stackId=1, 2 tasks}
01-07 16:12:36.968  3757 32085 D ActivityManager: applyOptionsLocked(), pendingOptions : null
01-07 16:12:36.968  3757 32085 D MountService: getExternalStorageMountMode : 3
01-07 16:12:36.968  3757 32085 D MountService: getExternalStorageMountMode : 3
01-07 16:12:36.969  3757 32085 D MountService: getExternalStorageMountMode : final mountMode=3, uid : 10365, packageName : com.GeekTechnique.InfinityStack
01-07 16:12:36.978  3757  3793 D WindowManager: addWindow: android.view.ViewRootImpl$W@59da4ed displayId=0
01-07 16:12:36.978  3757  3793 D InputTransport: Input channel constructed: fd=473
01-07 16:12:36.978  3757  3793 D InputTransport: Input channel constructed: fd=499
01-07 16:12:36.978  3757  3793 D WindowManager: openInputChannel mInputChannel: 8ad9f22 Starting com.GeekTechnique.InfinityStack (server)
01-07 16:12:36.979  3757  3793 D ViewRootImpl@f544704[InfinityStack]: setView = DecorView@eb54db3[InfinityStack] touchMode=true
01-07 16:12:36.983  3757 32085 I ActivityManager: Start proc 20189:com.GeekTechnique.InfinityStack/u0a365 for activity com.GeekTechnique.InfinityStack/com.epicgames.ue4.SplashActivity
01-07 16:12:36.984 20189 20189 E Zygote  : v2
01-07 16:12:36.984 20189 20189 I libpersona: KNOX_SDCARD checking this for 10365
01-07 16:12:36.984 20189 20189 I libpersona: KNOX_SDCARD not a persona
01-07 16:12:36.985  6176  6176 D ViewRootImpl@dbcd7d2[LauncherActivity]: MSG_WINDOW_FOCUS_CHANGED 0
01-07 16:12:36.985 20189 20189 E Zygote  : accessInfo : 0
01-07 16:12:36.986  6176  6176 D SEM_CLIP_SemClipboardManager: isCocktailBarDisplayed : false
01-07 16:12:36.986 20189 20189 W SELinux : SELinux selinux_android_compute_policy_index : Policy Index[2],  Con:u:r:zygote:s0 RAM:SEPF_SECMOBILE_7.0_0009, [-1 -1 -1 -1 0 1]
01-07 16:12:36.987 20189 20189 I SELinux : SELinux: seapp_context_lookup: seinfo=untrusted, level=s0:c512,c768, pkgname=com.GeekTechnique.InfinityStack 
01-07 16:12:36.992 20189 20189 I art     : Late-enabling -Xcheck:jni
01-07 16:12:36.993 20176 20176 I TMSDISP : AcsAndroidVirtualDisplayIntfImpl::~AcsAndroidVirtualDisplayIntfImpl - Enter
01-07 16:12:36.993 20176 20176 I TMSDISP : AcsAndroidVirtualDisplayIntfImpl::~AcsAndroidVirtualDisplayIntfImpl - Enter2
01-07 16:12:36.993 20176 20176 I TMSDISP : AcsAndroidVirtualDisplayIntfImpl::~AcsAndroidVirtualDisplayIntfImpl - mSource2
01-07 16:12:36.993 20176 20176 I TMSDISP : AcsAndroidVirtualDisplayIntfImpl::~AcsAndroidVirtualDisplayIntfImpl - Exit
01-07 16:12:36.993  3757  3793 D ViewRootImpl@f544704[InfinityStack]: dispatchAttachedToWindow
01-07 16:12:36.994  3757  3793 V WindowManager: Relayout Window{8ad9f22d0 u0 Starting com.GeekTechnique.InfinityStack}: viewVisibility=0 req=1079x1856 WM.LayoutParams{(0,0)(fillxfill) sim=#20 ty=3 fl=#1830518 pfl=0x20011 wanim=0x1030001 vsysui=0x400 needsMenuKey=2 naviIconColor=0}
01-07 16:12:36.995  3215  3215 I SurfaceFlinger: id=1558 createSurf (1x1),1 flag=404, JnfinitySta
01-07 16:12:37.003 13664 17387 I PBSessionCacheImpl: Deleted sessionId[60096454421536139] from persistence.
01-07 16:12:37.011  3757  3793 D ViewRootImpl@f544704[InfinityStack]: Relayout returned: oldFrame=[0,0][0,0] newFrame=[0,0][1080,1920] result=0x27 surface={isValid=true 516003380224} surfaceGenerationChanged=true
01-07 16:12:37.013 20189 20189 D TimaKeyStoreProvider: TimaKeyStore is not enabled: cannot add TimaSignature Service and generateKeyPair Service
01-07 16:12:37.016  3757 31269 D CompatibilityInfo: mCompatibilityFlags - 0
01-07 16:12:37.016  3757 31269 D CompatibilityInfo: applicationDensity - 420
01-07 16:12:37.016  3757 31269 D CompatibilityInfo: applicationScale - 1.0
01-07 16:12:37.016  3757 31269 I ActivityManager: DSS on for com.GeekTechnique.InfinityStack and scale is 1.0
01-07 16:12:37.017  3757 31269 D CompatibilityInfo: mCompatibilityFlags - 0
01-07 16:12:37.017  3757 31269 D CompatibilityInfo: applicationDensity - 420
01-07 16:12:37.017  3757 31269 D CompatibilityInfo: applicationScale - 1.0
01-07 16:12:37.022  3757 31269 D CompatibilityInfo: mCompatibilityFlags - 0
01-07 16:12:37.022  3757 31269 D CompatibilityInfo: applicationDensity - 420
01-07 16:12:37.022  3757 31269 D CompatibilityInfo: applicationScale - 1.0
01-07 16:12:37.023  3757 31269 D GameManagerService: sem_perfomance_mode: 0
01-07 16:12:37.023  3757  3757 D GameManagerService: NotifyRunnable. pkg: com.GeekTechnique.InfinityStack, type: 4, isMinimized: false, isTunableApp: false
01-07 16:12:37.023  3757  3757 D GameManagerService: unexpected mPrevNotiType: -1
01-07 16:12:37.027  6011  6033 D ForegroundUtils: could not check pending caller
01-07 16:12:37.027 13664 13686 W SearchServiceCore: Abort, client detached.
01-07 16:12:37.028  3757  9599 D GamePkgDataHelper: getGamePkgData(). com.GeekTechnique.InfinityStack
01-07 16:12:37.028  3757  9599 D GameManagerService: identifyGamePackage. com.GeekTechnique.InfinityStack
01-07 16:12:37.028  3757  9599 D GameManagerService: identifyGamePackage. com.GeekTechnique.InfinityStack
01-07 16:12:37.033  3757  9599 D TelephonyManager: getAllCellInfo : Caller (PID / UID / TID): 3757 / 1000 / 9599
01-07 16:12:37.034  3757  3793 D WindowManager: finishDrawingWindow: Window{8ad9f22d0 u0 Starting com.GeekTechnique.InfinityStack} mDrawState=DRAW_PENDING
01-07 16:12:37.034  3757  3793 D ViewRootImpl@f544704[InfinityStack]: MSG_RESIZED_REPORT: ci=Rect(0, 0 - 0, 0) vi=Rect(0, 63 - 0, 0) or=1
01-07 16:12:37.036  3757  3793 D WindowManager: finishDrawingWindow: Window{8ad9f22d0 u0 Starting com.GeekTechnique.InfinityStack} mDrawState=COMMIT_DRAW_PENDING
01-07 16:12:37.041  3757  9599 D GameManagerService: identifyGamePackage. com.GeekTechnique.InfinityStack
01-07 16:12:37.041  3757  3775 D WindowManager: set systemUiVisibility of statusbar : vis= 0x408
01-07 16:12:37.041  3757  9599 D GameManagerService: identifyGamePackage. com.GeekTechnique.InfinityStack
01-07 16:12:37.043  4616 26914 D WallpaperService: resized:[frame]Rect(0, 0 - 1080, 1920) [newConfig] is null
01-07 16:12:37.043  3757 31270 D WindowManager: adjustSystemUiVisibilityLw : vis= 0x408
01-07 16:12:37.044  4616  4616 D WallpaperService: MSG_WINDOW_RESIZED
01-07 16:12:37.044  4616  4616 D WallpaperService: updateSurface forceRelayout=true redrawNeeded=false myWidth=1080 myHeight=1920 fixedSize=true mWidth=1080 mHeight=1920
01-07 16:12:37.044  4616  4616 V WallpaperService: Changes: creating=false format=false size=false
01-07 16:12:37.045  3757 10512 V WindowManager: Relayout Window{31dbbd6d0 u0 com.android.systemui.ImageWallpaper}: viewVisibility=0 req=1080x1920 WM.LayoutParams{(0,0)(1080x1920) gr=#800033 ty=2013 fl=#318 fmt=2 wanim=0x10302f2 naviIconColor=0}
01-07 16:12:37.049  4616  4616 V WallpaperService: New surface=Surface(name=null)/@0x510bf7a, frame=Rect(0, 0 - 1080, 1920),relayoutResult=1, mConfiguration={0 1.0 themeSeq = 0 showBtnBg = -1 ?mcc?mnc ?localeList ?layoutDir ?swdp ?wdp ?hdp ?density ?lsize ?long ?orien ?uimode ?night ?touch ?keyb/?/? ?nav/? mkbd/?}
01-07 16:12:37.049  4616  4616 V WallpaperService: Wallpaper size has changed : 1080, 1920
01-07 16:12:37.049  4616  4616 D ImageWallpaper: onOffsetsChanged: xOffset=0.0, yOffset=0.0, xOffsetStep=0.0, yOffsetStep=0.0, xPixels=0, yPixels=0
01-07 16:12:37.049  4616  4616 D ImageWallpaper: drawFrame=false rotation=0 mLastRotation=0
01-07 16:12:37.049  4616  4616 D ImageWallpaper: drawFrame:[frame.width()]1080[frame.height()]1920
01-07 16:12:37.049  4616  4616 D ImageWallpaper: surfaceDimensionsChanged=false mLastSurfaceRotation=0 mDisplayWidth=-1 mDisplayHeight=-1
01-07 16:12:37.050  4616  4616 D ImageWallpaper: mNewKeyboard : 0 mLastKeyboard : 0 mForceDraw = false
01-07 16:12:37.050  4616  4616 D ImageWallpaper: redrawNeeded = false, mOffsetsChanged = false
01-07 16:12:37.050  4616  4616 D ImageWallpaper: Suppressed drawFrame since redraw is not needed and offsets have not changed.
01-07 16:12:37.052  6176  6176 D ViewRootImpl@dbcd7d2[LauncherActivity]: mHardwareRenderer.destroy()#1
01-07 16:12:37.053  4616  4616 D SwipeDoorsillDetector: reset()com.android.systemui.statusbar.phone.NotificationPanelView.resetViews:864 com.android.systemui.statusbar.phone.PanelBar.collapsePanel:173 com.android.systemui.statusbar.phone.PhoneStatusBar.setWindowState:4340 com.android.systemui.statusbar.CommandQueue$H.handleMessage:678 
01-07 16:12:37.059  3757  2859 V WindowManager: Relayout Window{14de1fbd0 u0 com.sec.android.app.launcher/com.sec.android.app.launcher.activities.LauncherActivity}: viewVisibility=8 req=1080x1920 WM.LayoutParams{(0,0)(fillxfill) sim=#130 ty=1 fl=#81910d00 pfl=0x20000 fmt=-2 wanim=0x103038a vsysui=0x600 needsMenuKey=2 dimDuration=0 naviIconColor=0}
01-07 16:12:37.059  3757  3793 D ViewRootImpl@f544704[InfinityStack]: MSG_RESIZED: ci=Rect(0, 0 - 0, 0) vi=Rect(0, 0 - 0, 0) or=1
01-07 16:12:37.065  6176  6176 D ViewRootImpl@dbcd7d2[LauncherActivity]: Relayout returned: oldFrame=[0,0][1080,1920] newFrame=[0,0][1080,1920] result=0x5 surface={isValid=false 0} surfaceGenerationChanged=true
01-07 16:12:37.080  3757  5063 I ActivityManager: START u0 {act=null typ=null flg=0x10000 cmp=ComponentInfo{com.GeekTechnique.InfinityStack/com.epicgames.ue4.GameActivity}} from uid 10365 on display 0
01-07 16:12:37.082  3757  5063 D ActivityManager: ActivityRecord() Constructor : multiScreenAttrs=MultiScreenAttrs{mDisplayId=0, mBaseDisplayId=0, mBaseActivity=false}
01-07 16:12:37.082  3757  5063 D ActivityManager: moveToFront() : reason=intentActivityFound isAttached=true null
01-07 16:12:37.083  3757  5063 D ActivityManager: moveToFront() : reason=sourceStackToFront isAttached=true null
01-07 16:12:37.084  3757  5063 D ActivityTrigger: Activity is Triggerred in full screen 
01-07 16:12:37.084  3757  5063 D CompatibilityInfo: mCompatibilityFlags - 0
01-07 16:12:37.084  3757  5063 D CompatibilityInfo: applicationDensity - 420
01-07 16:12:37.084  3757  5063 D CompatibilityInfo: applicationScale - 1.0
01-07 16:12:37.085  3757  5063 D ActivityManager: moveToFront() : reason=startedActivity setFocusedActivity isAttached=true TaskRecord{6ecd23bd0 #160 A=com.GeekTechnique.InfinityStack U=0 StackId=1 sz=2}
01-07 16:12:37.085  3757  5063 D InputDispatcher: Focused application set to: xxxx
01-07 16:12:37.086  3757  5063 D ActivityManager: resumeTopActivityInnerLocked() : #1 prevTask=TaskRecord{6ecd23bd0 #160 A=com.GeekTechnique.InfinityStack U=0 StackId=1 sz=2} next=ActivityRecord{e2d120fd0 u0 com.GeekTechnique.InfinityStack/com.epicgames.ue4.GameActivity t160} mFocusedStack=ActivityStack{3ca09cd0 stackId=1, 2 tasks}
01-07 16:12:37.086  3757  5063 D ActivityTrigger: ActivityTrigger activityPauseTrigger 
01-07 16:12:37.086  3757  5063 D GameManagerService: sem_perfomance_mode: 0
01-07 16:12:37.088  3757  3775 D WindowManager: set systemUiVisibility of statusbar : vis= 0x408
01-07 16:12:37.090  3757  3770 W MultiScreenManagerService: moveTaskBackToDisplayIfNeeded(): The task has more than one activity
01-07 16:12:37.092 13664 13669 I art     : Compiler allocated 4MB to compile void com.google.android.apps.gsa.search.core.state.kl.a(com.google.android.apps.gsa.search.core.state.nr)
01-07 16:12:37.119  3757 29838 D ActivityManager: setAppIconInfo(), x : 0, y : 0, width : 0, height : 0, isHomeItem : false
01-07 16:12:37.119  3757 29838 D ActivityManager: resumeTopActivityInnerLocked() : #1 prevTask=TaskRecord{6ecd23bd0 #160 A=com.GeekTechnique.InfinityStack U=0 StackId=1 sz=2} next=ActivityRecord{e2d120fd0 u0 com.GeekTechnique.InfinityStack/com.epicgames.ue4.GameActivity t160} mFocusedStack=ActivityStack{3ca09cd0 stackId=1, 2 tasks}
01-07 16:12:37.119  3757 29838 D ActivityManager: applyOptionsLocked(), pendingOptions : null
01-07 16:12:37.123  3757 29838 D CompatibilityInfo: mCompatibilityFlags - 0
01-07 16:12:37.123  3757 29838 D CompatibilityInfo: applicationDensity - 420
01-07 16:12:37.123  3757 29838 D CompatibilityInfo: applicationScale - 1.0
01-07 16:12:37.124  3757 29838 D GameManagerService: sem_perfomance_mode: 0
01-07 16:12:37.124  3757  3757 D GameManagerService: NotifyRunnable. pkg: com.GeekTechnique.InfinityStack, type: 4, isMinimized: false, isTunableApp: false
01-07 16:12:37.124  3757  3757 D GameManagerService: unexpected mPrevNotiType: -1
01-07 16:12:37.137 20189 20189 D OVRPlugin: JNI_OnLoad
01-07 16:12:37.159  3757  4521 D MdnieScenarioControlService:  packageName : com.GeekTechnique.InfinityStack    className : com.epicgames.ue4.GameActivity
01-07 16:12:37.194 20189 20189 D UE4     : Used memory before allocating anything was 50.59MB
01-07 16:12:37.264  5689  5689 D io_stats: !@   8,0 r 413150 13493080 w 294240 5237528 d 37971 1934140 f 67548 67523 iot 406000 255963 th 61440 61440 57476 pt 3340 inp 0 0 20692.482
01-07 16:12:37.398 20189 20189 D UE4     : In the JNI_OnLoad function
01-07 16:12:37.398 20189 20189 D UE4     : [JNI] - Failed to determine if app purchasing is enabled!
01-07 16:12:37.400 20189 20189 D UE4     : Path found as '/storage/emulated/0'
01-07 16:12:37.401 20189 20189 D UE4     : Font Path found as '/system/fonts/'
01-07 16:12:37.401 20189 20189 D UE4     : In the JNI_OnLoad function 5
01-07 16:12:37.416 20189 20189 V threaded_app: Creating: 0xdb87bb40
01-07 16:12:37.417 20189 20205 V threaded_app: Config: mcc=311 mnc=480 lang=en cnt=US orien=1 touch=3 dens=420 keys=1 nav=1 keysHid=3 navHid=0 sdk=24 size=2 long=2 modetype=1 modenight=1
01-07 16:12:37.417 20189 20205 D UE4     : Entering native app glue main function
01-07 16:12:37.417 20189 20205 D UE4     : Created event thread
01-07 16:12:37.417 20189 20205 D UE4     : Entered AndroidMain()
01-07 16:12:37.417 20189 20206 D UE4     : Entering event processing thread engine entry point
01-07 16:12:37.417 20189 20206 D UE4     : Prepared looper for event thread
01-07 16:12:37.417 20189 20206 D UE4     : Passed callback initialization
01-07 16:12:37.417 20189 20206 D UE4     : Passed sensor initialization
01-07 16:12:37.419  3757  5062 E SensorService: getSensorList a sensor (MAX86900) without holding its required permission: com.samsung.permission.SSENSOR
01-07 16:12:37.419  3757  5062 I SensorService: Skipped sensor MAX86900 because it requires permission com.samsung.permission.SSENSOR and app op -1
01-07 16:12:37.419  3757  5062 E SensorService: getSensorList a sensor (HRM Ambient Light Canceling) without holding its required permission: com.samsung.permission.HRM_EXT
01-07 16:12:37.419  3757  5062 I SensorService: Skipped sensor HRM Ambient Light Canceling because it requires permission com.samsung.permission.HRM_EXT and app op -1
01-07 16:12:37.419 20189 20205 D UE4     : Controller interface supported
01-07 16:12:37.419  3757  5062 W ServiceManager: Permission failure: android.permission.BODY_SENSORS from uid=10365 pid=20189
01-07 16:12:37.419  3757  5062 E SensorService: getSensorList a sensor (HRMLED IR) without holding its required permission: android.permission.BODY_SENSORS
01-07 16:12:37.419  3757  5062 I SensorService: Skipped sensor HRMLED IR because it requires permission android.permission.BODY_SENSORS and app op 56
01-07 16:12:37.419  3757  5062 W ServiceManager: Permission failure: android.permission.BODY_SENSORS from uid=10365 pid=20189
01-07 16:12:37.419  3757  5062 E SensorService: getSensorList a sensor (HRMLED RED) without holding its required permission: android.permission.BODY_SENSORS
01-07 16:12:37.419  3757  5062 I SensorService: Skipped sensor HRMLED RED because it requires permission android.permission.BODY_SENSORS and app op 56
01-07 16:12:37.419  3757  5062 E SensorService: getSensorList a sensor (HRM Proximity detecting) without holding its required permission: com.samsung.permission.HRM_EXT
01-07 16:12:37.419  3757  5062 I SensorService: Skipped sensor HRM Proximity detecting because it requires permission com.samsung.permission.HRM_EXT and app op -1
01-07 16:12:37.419  3757  5062 E SensorService: getSensorList a sensor (HRM Sensor) without holding its required permission: com.samsung.permission.SSENSOR
01-07 16:12:37.419  3757  5062 I SensorService: Skipped sensor HRM Sensor because it requires permission com.samsung.permission.SSENSOR and app op -1
01-07 16:12:37.420  3757  5062 W ServiceManager: Permission failure: android.permission.BODY_SENSORS from uid=10365 pid=20189
01-07 16:12:37.420  3757  5062 E SensorService: getSensorList a sensor (HeartRate Sensor) without holding its required permission: android.permission.BODY_SENSORS
01-07 16:12:37.420  3757  5062 I SensorService: Skipped sensor HeartRate Sensor because it requires permission android.permission.BODY_SENSORS and app op 56
01-07 16:12:37.420  3757  5062 E SensorService: getSensorList a sensor (Sensor Diagnostic Monitor) without holding its required permission: com.samsung.permission.SSENSOR
01-07 16:12:37.420  3757  5062 I SensorService: Skipped sensor Sensor Diagnostic Monitor because it requires permission com.samsung.permission.SSENSOR and app op -1
01-07 16:12:37.441 20189 20189 D ViewRootImpl@c9e8dee[GameActivity]: ThreadedRenderer.create() translucent=false
01-07 16:12:37.441  3757  2859 D WindowManager: addWindow: android.view.IWindow$Stub$Proxy@efcc621 displayId=0
01-07 16:12:37.443  3757  2859 D InputTransport: Input channel constructed: fd=463
01-07 16:12:37.443  3757  2859 D InputTransport: Input channel constructed: fd=521
01-07 16:12:37.443  3757  2859 D WindowManager: openInputChannel mInputChannel: b9b3407 com.GeekTechnique.InfinityStack/com.epicgames.ue4.GameActivity (server)
01-07 16:12:37.445  3757  2859 D InputTransport: Input channel destroyed: fd=521
01-07 16:12:37.446 20189 20189 D InputTransport: Input channel constructed: fd=67
01-07 16:12:37.447 20189 20189 D ViewRootImpl@c9e8dee[GameActivity]: setView = DecorView@2d5228f[GameActivity] touchMode=true
01-07 16:12:37.448 20189 20189 D UE4     : Target SDK is 26.  This may cause issues if permissions are denied by the user.
01-07 16:12:37.449 20189 20189 D PermissionFragment: Creating PlayGamesFragment
01-07 16:12:37.454  3757  7202 I ActivityManager: START u0 {act=android.content.pm.action.REQUEST_PERMISSIONS typ=null flg=0x0 cmp=ComponentInfo{com.google.android.packageinstaller/com.android.packageinstaller.permission.ui.GrantPermissionsActivity}} from uid 10365 on display 0
01-07 16:12:37.455  3757  7202 W ActivityManager: REQUEST_PERMISSIONS Action.
01-07 16:12:37.455  3757  7202 W ActivityManager: REQUEST_PERMISSIONS Action.
01-07 16:12:37.459  3757  7202 D ActivityManager: ActivityRecord() Constructor : multiScreenAttrs=MultiScreenAttrs{mDisplayId=0, mBaseDisplayId=0, mBaseActivity=false}
01-07 16:12:37.461  3757  7202 D CustomFrequencyManagerService: releaseDVFSLockLocked : Getting Lock type frm List : DVFS_MIN_LIMIT  frequency : 2100000  uid : 1000  pid : 3757  tag : AMS_APP_SWITCH@CPU_MIN@45
01-07 16:12:37.461  3757  7202 D CustomFrequencyManagerService: acquireDVFSLockLocked : type : DVFS_MIN_LIMIT  frequency : 2100000  uid : 1000  pid : 3757  pkgName : AMS_APP_SWITCH@CPU_MIN@45
01-07 16:12:37.463  3757  7202 D ActivityManagerPerformance: AMP_acquire() APP_SWITCH
01-07 16:12:37.463  3757  7202 D ActivityManager: moveToFront() : reason=sourceStackToFront isAttached=true null
01-07 16:12:37.464  3757  7202 D ActivityTrigger: Activity is Triggerred in full screen 
01-07 16:12:37.465  3757  7202 D CompatibilityInfo: mCompatibilityFlags - 0
01-07 16:12:37.465  3757  7202 D CompatibilityInfo: applicationDensity - 420
01-07 16:12:37.465  3757  7202 D CompatibilityInfo: applicationScale - 1.0
01-07 16:12:37.465  3757  7202 D ActivityManager: moveToFront() : reason=startedActivity setFocusedActivity isAttached=true TaskRecord{6ecd23bd0 #160 A=com.GeekTechnique.InfinityStack U=0 StackId=1 sz=3}
01-07 16:12:37.465  3757  7202 D InputDispatcher: Focused application set to: xxxx
01-07 16:12:37.466  3757  7202 D ActivityManager: resumeTopActivityInnerLocked() : #1 prevTask=TaskRecord{6ecd23bd0 #160 A=com.GeekTechnique.InfinityStack U=0 StackId=1 sz=3} next=ActivityRecord{f597934d0 u0 com.google.android.packageinstaller/com.android.packageinstaller.permission.ui.GrantPermissionsActivity t160} mFocusedStack=ActivityStack{3ca09cd0 stackId=1, 2 tasks}
01-07 16:12:37.466  3757  7202 D ActivityTrigger: ActivityTrigger activityPauseTrigger 
01-07 16:12:37.466  3757  7202 D GameManagerService: sem_perfomance_mode: 0
01-07 16:12:37.473 20189 20189 D UE4     : Vulkan version: 1.0.3
01-07 16:12:37.474 20189 20189 D UE4     : Vulkan level: 1
01-07 16:12:37.476 20189 20189 D UE4     : Found DepthBufferPreference = 0
01-07 16:12:37.476 20189 20189 D UE4     : Found bPackageDataInsideApk = 0
01-07 16:12:37.477 20189 20189 D UE4     : Found ProjectName = StackerGame
01-07 16:12:37.477 20189 20189 D UE4     : Found AppType = 
01-07 16:12:37.477 20189 20189 D UE4     : Found bHasOBBFiles = 0
01-07 16:12:37.477 20189 20189 D UE4     : Found bVerifyOBBOnStartUp = false
01-07 16:12:37.477 20189 20189 D UE4     : UI hiding set to false
01-07 16:12:37.477 20189 20189 D UE4     : BuildConfiguration set to Development
01-07 16:12:37.477 20189 20189 D UE4     : UseExternalFilesDir set to false
01-07 16:12:37.477 20189 20189 D UE4     : AllowIMU set to true
01-07 16:12:37.477 20189 20189 D UE4     : SupportsVulkan set to false
01-07 16:12:37.477 20189 20189 D UE4     : No GearVR mode detected.
01-07 16:12:37.498  4616  4616 D ImageWallpaper: onVisibilityChanged: mVisible, visible=true, false
01-07 16:12:37.498  4616  4616 D ImageWallpaper: Visibility changed to visible=false
01-07 16:12:37.503 20189 20189 D libEGL  : loaded /vendor/lib/egl/libGLES_mali.so
01-07 16:12:37.542 20189 20208 D UE4     : Used memory: 65004
01-07 16:12:37.548 20189 20189 D UE4     : Hardware: SAMSUNG Exynos7420
01-07 16:12:37.548 20189 20189 D UE4     : ro.hardware: samsungexynos7420
01-07 16:12:37.549 20189 20189 D UE4     : Memory: 3662 MB
01-07 16:12:37.553 20189 20189 D UE4     : UseAffinity: false
01-07 16:12:37.553 20189 20189 D UE4     : BigCoreMask: 0xffff
01-07 16:12:37.553 20189 20189 D UE4     : LittleCoreMask: 0x0
01-07 16:12:37.555 20189 20189 D UE4     : APK path: /data/app/com.GeekTechnique.InfinityStack-1/base.apk
01-07 16:12:37.555 20189 20189 D UE4     : OBB in APK: false
01-07 16:12:37.557 20189 20189 D UE4     : InternalFilePath found as '/data/user/0/com.GeekTechnique.InfinityStack/files'
01-07 16:12:37.557 20189 20189 D UE4     : ExternalFilePath found as '/storage/emulated/0/Android/data/com.GeekTechnique.InfinityStack/files'
01-07 16:12:37.557 20189 20189 D UE4     : App is running in Portrait
01-07 16:12:37.558 20189 20189 D UE4     : Android version is 7.0
01-07 16:12:37.558 20189 20189 D UE4     : Android manufacturer is samsung
01-07 16:12:37.558 20189 20189 D UE4     : Android model is SM-N920V
01-07 16:12:37.558 20189 20189 D UE4     : Android build number is NRD90M.N920VVRS3CRH1
01-07 16:12:37.558 20189 20189 D UE4     : OS language is set to en_US
01-07 16:12:37.558 20189 20189 D UE4     : Debugger attached is false
01-07 16:12:37.559 20189 20194 I art     : Compiler allocated 4MB to compile void com.epicgames.ue4.GameActivity.onCreate(android.os.Bundle)
01-07 16:12:37.563 20189 20194 I art     : Do partial code cache collection, code=13KB, data=31KB
01-07 16:12:37.563 20189 20194 I art     : After code cache collection, code=13KB, data=31KB
01-07 16:12:37.563 20189 20194 I art     : Increasing code cache capacity to 128KB
01-07 16:12:37.599 20189 20189 W PopupManager: You have not specified a View to use as content view for popups. Falling back to the Activity content view. Note that this may not work as expected in multi-screen environments
01-07 16:12:37.601 20189 20189 D UE4     : ==============> GameActive.onCreate complete!
01-07 16:12:37.601 20189 20189 V threaded_app: Start: 0xdb87bb40
01-07 16:12:37.602 20189 20206 V threaded_app: activityState=10
01-07 16:12:37.602 20189 20189 D UE4     : Creating console command broadcast listener
01-07 16:12:37.602 20189 20206 D UE4     : LogAndroidEvents: EnqueueAppEvent : 9, 0, tid = 20206
01-07 16:12:37.603 20189 20189 D UE4     : ==================================> Inside onStart function in GameActivity
01-07 16:12:37.605 20189 20189 V threaded_app: Resume: 0xdb87bb40
01-07 16:12:37.605 20189 20206 V threaded_app: activityState=11
01-07 16:12:37.605 20189 20206 D UE4     : Case APP_CMD_RESUME
01-07 16:12:37.605 20189 20206 D UE4     : LogAndroidEvents: EnqueueAppEvent : 7, 0, tid = 20206
01-07 16:12:37.605 20189 20189 D UE4     : ==============> [JAVA] AndroidThunkJava_KeepScreenOn(false) - Enabled screen saver
01-07 16:12:37.606 20189 20189 D UE4     : Registering sensor listeners
01-07 16:12:37.607  3757  4440 I Sensors : Acc old sensor_state 0, new sensor_state : 1 en : 1
01-07 16:12:37.614 20189 20189 D SensorManager: registerListener :: 0, K6DS3TR Acceleration Sensor, 20000, 0,  
01-07 16:12:37.614  3757  4473 I Sensors : Mag old sensor_state 1, new sensor_state : 17 en : 1
01-07 16:12:37.621 20189 20189 D SensorManager: registerListener :: 1, AK09911C Magnetic field Sensor, 20000, 0,  
01-07 16:12:37.621  3757  2858 I Sensors : Gyro old sensor_state 17, new sensor_state : 19 en : 1
01-07 16:12:37.628 20189 20189 D SensorManager: registerListener :: 3, K6DS3TR Gyroscope Sensor, 20000, 0,  
01-07 16:12:37.628 20189 20189 D UE4     : App is running in Portrait
01-07 16:12:37.628 20189 20189 D UE4     : ==============> Resuming main init
01-07 16:12:37.632 20189 20205 D UE4     : APK Commandline: ../../../StackerGame/StackerGame.uproject  /Game/Maps/StackMap -Messaging -SessionId=15177F1A4DF31F479A19648D3CA1BADA -SessionOwner="nope" -SessionName="Launch On Device" -iterative
01-07 16:12:37.633 20189 20205 D UE4     : Override Commandline: ../../../StackerGame/StackerGame.uproject  /Game/Maps/StackMap -Messaging -SessionId=15177F1A4DF31F479A19648D3CA1BADA -SessionOwner="nope" -SessionName="Launch On Device" -iterative
01-07 16:12:37.633 20189 20205 D UE4     : Final commandline: ../../../StackerGame/StackerGame.uproject  /Game/Maps/StackMap -Messaging -SessionId=15177F1A4DF31F479A19648D3CA1BADA -SessionOwner="nope" -SessionName="Launch On Device" -iterative
01-07 16:12:37.633 20189 20205 D UE4     : Created sync event
01-07 16:12:37.639 20189 20189 D UE4     : ==============> GameActive.onResume complete!
01-07 16:12:37.642 20189 20189 D ViewRootImpl@e972267[GameActivity]: ThreadedRenderer.create() translucent=true
01-07 16:12:37.643  3757  7206 D WindowManager: addWindow: android.view.IWindow$Stub$Proxy@d06ac1e displayId=0
01-07 16:12:37.643  3757  7206 D InputTransport: Input channel constructed: fd=525
01-07 16:12:37.643  3757  7206 D InputTransport: Input channel constructed: fd=532
01-07 16:12:37.643  3757  7206 D WindowManager: openInputChannel mInputChannel: 61ebacc com.GeekTechnique.InfinityStack/com.epicgames.ue4.GameActivity (server)
01-07 16:12:37.644  3757  7206 D InputTransport: Input channel destroyed: fd=532
01-07 16:12:37.644 20189 20189 D InputTransport: Input channel constructed: fd=73
01-07 16:12:37.644 20189 20189 V threaded_app: InputQueueCreated: 0xdb87bb40 -- 0xdb87ca40
01-07 16:12:37.644 20189 20206 V threaded_app: APP_CMD_INPUT_CHANGED
01-07 16:12:37.644 20189 20206 V threaded_app: Attaching input queue to looper
01-07 16:12:37.645 20189 20189 D ViewRootImpl@e972267[GameActivity]: setView = DecorView@57f3814[GameActivity] touchMode=true
01-07 16:12:37.645  3757  3770 D ActivityManager: post active user change for 0 fullscreen true isHomeActivity() false
01-07 16:12:37.645  3757  3770 D KnoxTimeoutHandler: postActiveUserChange [MsgParam] userId: 0 fullscreen is true showWhenlocked is false isMutiwindowRecord is false multiwindowstyle is 0
01-07 16:12:37.645  3757  3757 D KnoxTimeoutHandler: handleActiveUserChange [MsgParam] userId: 0 fullscreen is true showWhenlocked is false isMutiwindowRecord is false multiwindowstyle is 0
01-07 16:12:37.646  3757  3757 I KnoxTimeoutHandler: Shared devices show user statefalse
01-07 16:12:37.646 20189 20189 D ViewRootImpl@c9e8dee[GameActivity]: dispatchAttachedToWindow
01-07 16:12:37.647  3757  4482 V WindowManager: Relayout Window{b9b3407d0 u0 com.GeekTechnique.InfinityStack/com.epicgames.ue4.GameActivity}: viewVisibility=0 req=1079x1856 WM.LayoutParams{(0,0)(fillxfill) gr=#11 sim=#120 ty=2 fl=#1810508 pfl=0x20000 wanim=0x1030001 vsysui=0x400 needsMenuKey=2 naviIconColor=0}
01-07 16:12:37.647  3215  3215 I SurfaceFlinger: id=1559 createSurf (1080x1920),1 flag=404, HameActivit
01-07 16:12:37.651 20189 20189 D ViewRootImpl@c9e8dee[GameActivity]: Relayout returned: oldFrame=[0,0][0,0] newFrame=[0,0][1080,1920] result=0x7 surface={isValid=true -1026940928} surfaceGenerationChanged=true
01-07 16:12:37.652 20189 20189 D ViewRootImpl@c9e8dee[GameActivity]: mHardwareRenderer.initialize() mSurface={isValid=true -1026940928} hwInitialized=true
01-07 16:12:37.653 20189 20207 I OpenGLRenderer: Initialized EGL, version 1.4
01-07 16:12:37.653 20189 20207 D OpenGLRenderer: Swap behavior 1
01-07 16:12:37.657 20189 20207 D mali_winsys: EGLint new_window_surface(egl_winsys_display*, void*, EGLSurface, EGLConfig, egl_winsys_surface**, egl_color_buffer_format*, EGLBoolean) returns 0x3000,  [1080x1920]-format:1
01-07 16:12:37.661 20189 20189 D ViewRootImpl@e972267[GameActivity]: dispatchAttachedToWindow
01-07 16:12:37.662  3757 29840 V WindowManager: Relayout Window{61ebaccd0 u0 com.GeekTechnique.InfinityStack/com.epicgames.ue4.GameActivity}: viewVisibility=0 req=1079x1856 WM.LayoutParams{(0,0)(fillxfill) sim=#10 ty=1 fl=#1810500 pfl=0x20000 fmt=1 wanim=0x1030001 vsysui=0x400 needsMenuKey=2 naviIconColor=0}
01-07 16:12:37.663  3215  3215 I SurfaceFlinger: id=1560 createSurf (1080x1920),1 flag=4, HameActivit
01-07 16:12:37.667 20189 20189 D ViewRootImpl@e972267[GameActivity]: Relayout returned: oldFrame=[0,0][0,0] newFrame=[0,0][1080,1920] result=0x7 surface={isValid=true -1026938880} surfaceGenerationChanged=true
01-07 16:12:37.667 20189 20189 D ViewRootImpl@e972267[GameActivity]: mHardwareRenderer.initialize() mSurface={isValid=true -1026938880} hwInitialized=true
01-07 16:12:37.669 20189 20207 D mali_winsys: EGLint new_window_surface(egl_winsys_display*, void*, EGLSurface, EGLConfig, egl_winsys_surface**, egl_color_buffer_format*, EGLBoolean) returns 0x3000,  [1080x1920]-format:1
01-07 16:12:37.670  3757  7204 D WindowManager: addWindow: android.view.IWindow$Stub$Proxy@dc7e115 displayId=0
01-07 16:12:37.672  3757  7205 V WindowManager: Relayout Window{1880a1bd0 u0 SurfaceView - com.GeekTechnique.InfinityStack/com.epicgames.ue4.GameActivity}: viewVisibility=0 req=1080x1920 WM.LayoutParams{(0,0)(1080x1920) gr=#800033 ty=1001 fl=#4218 pfl=0x10040 fmt=4 naviIconColor=0}
01-07 16:12:37.672  3215  3215 I SurfaceFlinger: id=1561 createSurf (1080x1920),4 flag=404, HameActivit
01-07 16:12:37.673  3215  3215 I SurfaceFlinger: id=1562 createSurf (1080x1920),-1 flag=20404, HameActivit
01-07 16:12:37.679 20189 20189 D SurfaceView: Relayout returned: oldFrame=[0,0][0,0] newFrame=[0,0][1080,1920] result=0x7 surface={Surface(name=null)/@0x921c180 isValid=true -1026904064}
01-07 16:12:37.679 20189 20189 V threaded_app: NativeWindowCreated: 0xdb87bb40 -- 0xc2cab008
01-07 16:12:37.679 20189 20206 V threaded_app: APP_CMD_INIT_WINDOW
01-07 16:12:37.679 20189 20206 D UE4     : Case APP_CMD_INIT_WINDOW
01-07 16:12:37.680  3757  5902 D WindowManager: finishDrawingWindow: Window{1880a1bd0 u0 SurfaceView - com.GeekTechnique.InfinityStack/com.epicgames.ue4.GameActivity} mDrawState=DRAW_PENDING
01-07 16:12:37.680 20189 20206 D UE4     : LogAndroidEvents: EnqueueAppEvent : 0, 3268063240, tid = 20206
01-07 16:12:37.687 20189 20189 V threaded_app: Pause: 0xdb87bb40
01-07 16:12:37.687 20189 20206 V threaded_app: activityState=13
01-07 16:12:37.688 20189 20206 D UE4     : Case APP_CMD_PAUSE
01-07 16:12:37.688 20189 20206 D UE4     : LogAndroidEvents: EnqueueAppEvent : 6, 0, tid = 20206
01-07 16:12:37.688 20189 20189 D UE4     : Unregistering sensor listeners
01-07 16:12:37.688  3757 29838 I Sensors : Acc old sensor_state 19, new sensor_state : 18 en : 0
01-07 16:12:37.695  3757 32085 I Sensors : Mag old sensor_state 18, new sensor_state : 2 en : 0
01-07 16:12:37.703  3757 10496 I Sensors : Gyro old sensor_state 2, new sensor_state : 0 en : 0
01-07 16:12:37.710 20189 20189 D SensorManager: unregisterListener ::   
01-07 16:12:37.711 20189 20189 D UE4     : ==============> GameActive.onPause complete!
01-07 16:12:37.712  3757  7203 D ActivityManager: resumeTopActivityInnerLocked() : #1 prevTask=TaskRecord{6ecd23bd0 #160 A=com.GeekTechnique.InfinityStack U=0 StackId=1 sz=3} next=ActivityRecord{f597934d0 u0 com.google.android.packageinstaller/com.android.packageinstaller.permission.ui.GrantPermissionsActivity t160} mFocusedStack=ActivityStack{3ca09cd0 stackId=1, 2 tasks}
01-07 16:12:37.713  3757  7203 D ActivityManager: applyOptionsLocked(), pendingOptions : null
01-07 16:12:37.714  3757  7203 D MountService: getExternalStorageMountMode : 2
01-07 16:12:37.714  3757  7203 D MountService: getExternalStorageMountMode : 3
01-07 16:12:37.714  3757  7203 D MountService: getExternalStorageMountMode : final mountMode=2, uid : 10028, packageName : com.google.android.packageinstaller
01-07 16:12:37.729 20236 20236 E Zygote  : v2
01-07 16:12:37.729 20236 20236 I libpersona: KNOX_SDCARD checking this for 10028
01-07 16:12:37.729 20236 20236 I libpersona: KNOX_SDCARD not a persona
01-07 16:12:37.729  3757  7203 I ActivityManager: Start proc 20236:com.google.android.packageinstaller/u0a28 for activity com.google.android.packageinstaller/com.android.packageinstaller.permission.ui.GrantPermissionsActivity
01-07 16:12:37.730 20236 20236 E Zygote  : accessInfo : 0
01-07 16:12:37.731 20236 20236 W SELinux : SELinux selinux_android_compute_policy_index : Policy Index[2],  Con:u:r:zygote:s0 RAM:SEPF_SECMOBILE_7.0_0009, [-1 -1 -1 -1 0 1]
01-07 16:12:37.732 20189 20189 D ViewRootImpl@c9e8dee[GameActivity]: MSG_RESIZED_REPORT: ci=Rect(0, 0 - 0, 0) vi=Rect(0, 0 - 0, 0) or=1
01-07 16:12:37.732 20236 20236 I SELinux : SELinux: seapp_context_lookup: seinfo=untrusted, level=s0:c512,c768, pkgname=com.google.android.packageinstaller 
01-07 16:12:37.764 20236 20236 D TimaKeyStoreProvider: TimaKeyStore is not enabled: cannot add TimaSignature Service and generateKeyPair Service
01-07 16:12:37.766  3757  7202 D CompatibilityInfo: mCompatibilityFlags - 0
01-07 16:12:37.766  3757  7202 D CompatibilityInfo: applicationDensity - 420
01-07 16:12:37.766  3757  7202 D CompatibilityInfo: applicationScale - 1.0
01-07 16:12:37.767  3757  7202 I ActivityManager: DSS on for com.google.android.packageinstaller and scale is 1.0
01-07 16:12:37.768  3757  7202 D CompatibilityInfo: mCompatibilityFlags - 0
01-07 16:12:37.768  3757  7202 D CompatibilityInfo: applicationDensity - 420
01-07 16:12:37.768  3757  7202 D CompatibilityInfo: applicationScale - 1.0
01-07 16:12:37.775  3757  7202 D CompatibilityInfo: mCompatibilityFlags - 0
01-07 16:12:37.775  3757  7202 D CompatibilityInfo: applicationDensity - 420
01-07 16:12:37.775  3757  7202 D CompatibilityInfo: applicationScale - 1.0
01-07 16:12:37.775  3757  7202 D GameManagerService: sem_perfomance_mode: 0
01-07 16:12:37.776  3757  3757 D GameManagerService: NotifyRunnable. pkg: com.google.android.packageinstaller, type: 4, isMinimized: false, isTunableApp: false
01-07 16:12:37.776  3757  3757 D GameManagerService: unexpected mPrevNotiType: -1
01-07 16:12:37.784  6011  6027 D ForegroundUtils: could not check pending caller
01-07 16:12:37.785  3757  9599 D GamePkgDataHelper: getGamePkgData(). com.google.android.packageinstaller
01-07 16:12:37.785  3757  9599 D GameManagerService: identifyGamePackage. com.google.android.packageinstaller
01-07 16:12:37.787  3757  5063 D WindowManager: finishDrawingWindow: Window{b9b3407d0 u0 com.GeekTechnique.InfinityStack/com.epicgames.ue4.GameActivity} mDrawState=DRAW_PENDING
01-07 16:12:37.791  3757  9599 D GameManagerService: identifyGamePackage. com.google.android.packageinstaller
01-07 16:12:37.792  3757  9599 D GameManagerService: identifyGamePackage. com.google.android.packageinstaller
01-07 16:12:37.793  3757 29841 V WindowManager: Relayout Window{61ebaccd0 u0 com.GeekTechnique.InfinityStack/com.epicgames.ue4.GameActivity}: viewVisibility=0 req=1080x1920 WM.LayoutParams{(0,0)(fillxfill) sim=#10 ty=1 fl=#1810500 pfl=0x20000 fmt=1 wanim=0x1030001 vsysui=0x400 needsMenuKey=2 naviIconColor=0}
01-07 16:12:37.799 20189 20189 D ViewRootImpl@e972267[GameActivity]: Relayout returned: oldFrame=[0,0][1080,1920] newFrame=[0,0][1080,1920] result=0x1 surface={isValid=true -1026938880} surfaceGenerationChanged=false
01-07 16:12:37.801  3757  4482 V WindowManager: Relayout Window{1880a1bd0 u0 SurfaceView - com.GeekTechnique.InfinityStack/com.epicgames.ue4.GameActivity}: viewVisibility=0 req=1080x1920 WM.LayoutParams{(0,0)(1080x1920) gr=#800033 ty=1001 fl=#4218 pfl=0x10040 fmt=4 naviIconColor=0}
01-07 16:12:37.804 20236 20236 W System  : ClassLoader referenced unknown path: /system/priv-app/GooglePackageInstaller/lib/arm64
01-07 16:12:37.811 20189 20189 D SurfaceView: Relayout returned: oldFrame=[0,0][1080,1920] newFrame=[0,0][1080,1920] result=0x1 surface={Surface(name=null)/@0x921c180 isValid=true -1026902016}
01-07 16:12:37.812  3757 29839 D WindowManager: finishDrawingWindow: Window{1880a1bd0 u0 SurfaceView - com.GeekTechnique.InfinityStack/com.epicgames.ue4.GameActivity} mDrawState=READY_TO_SHOW
01-07 16:12:37.819  3215  3264 I Layer   : [com.GeekTechnique.InfinityStack/com.epicgames.ue4.GameActivity] addSyncPoint start
01-07 16:12:37.819  3215  3264 I Layer   : [com.GeekTechnique.InfinityStack/com.epicgames.ue4.GameActivity] addSyncPoint end
01-07 16:12:37.819  3215  3264 I Layer   : [com.GeekTechnique.InfinityStack/com.epicgames.ue4.GameActivity] addSyncPoint start
01-07 16:12:37.819  3215  3264 I Layer   : [com.GeekTechnique.InfinityStack/com.epicgames.ue4.GameActivity] addSyncPoint end
01-07 16:12:37.820  3215  3266 I Layer   : [com.GeekTechnique.InfinityStack/com.epicgames.ue4.GameActivity] addSyncPoint start
01-07 16:12:37.820  3215  3266 I Layer   : [com.GeekTechnique.InfinityStack/com.epicgames.ue4.GameActivity] addSyncPoint end
01-07 16:12:37.820  3215  3266 I Layer   : [com.GeekTechnique.InfinityStack/com.epicgames.ue4.GameActivity] addSyncPoint start
01-07 16:12:37.820  3215  3266 I Layer   : [com.GeekTechnique.InfinityStack/com.epicgames.ue4.GameActivity] addSyncPoint end
01-07 16:12:37.828 20189 20194 I art     : Do partial code cache collection, code=14KB, data=32KB
01-07 16:12:37.829 20189 20194 I art     : After code cache collection, code=14KB, data=32KB
01-07 16:12:37.829 20189 20194 I art     : Increasing code cache capacity to 256KB
01-07 16:12:37.833 20189 20194 I art     : Compiler allocated 7MB to compile boolean com.epicgames.ue4.GameActivity.processSystemInfo(java.lang.String, java.lang.String)
01-07 16:12:37.838  3757  4473 D WindowManager: finishDrawingWindow: Window{61ebaccd0 u0 com.GeekTechnique.InfinityStack/com.epicgames.ue4.GameActivity} mDrawState=DRAW_PENDING
01-07 16:12:37.838 20189 20189 D ViewRootImpl@e972267[GameActivity]: MSG_RESIZED_REPORT: ci=Rect(0, 0 - 0, 0) vi=Rect(0, 0 - 0, 0) or=1
01-07 16:12:37.842  3215 15153 I Layer   : [com.GeekTechnique.InfinityStack/com.epicgames.ue4.GameActivity] addSyncPoint start
01-07 16:12:37.842  3215 15153 I Layer   : [com.GeekTechnique.InfinityStack/com.epicgames.ue4.GameActivity] addSyncPoint end
01-07 16:12:37.842  3215 15153 I Layer   : [com.GeekTechnique.InfinityStack/com.epicgames.ue4.GameActivity] addSyncPoint start
01-07 16:12:37.842  3215 15153 I Layer   : [com.GeekTechnique.InfinityStack/com.epicgames.ue4.GameActivity] addSyncPoint end
01-07 16:12:37.848  3757 32083 D WindowManager: finishDrawingWindow: Window{61ebaccd0 u0 com.GeekTechnique.InfinityStack/com.epicgames.ue4.GameActivity} mDrawState=HAS_DRAWN
01-07 16:12:37.849  3757  3793 D KnoxTimeoutHandler: notifyActivityDrawn [MsgParam] userId: 0 fullscreen is true showWhenlocked is false isMutiwindowRecord is false multiwindowstyle is 1
01-07 16:12:37.850  3757  3757 D KnoxTimeoutHandler: activityDrawn [MsgParam] userId: 0 fullscreen is true showWhenlocked is false isMutiwindowRecord is false multiwindowstyle is 1
01-07 16:12:37.852  3757  3757 I KnoxTimeoutHandler: SD activityfalse
01-07 16:12:37.852  3757  3757 I KnoxTimeoutHandler: Fullscreen and mCurrent is not KNOX user. Hence hide keyguard
01-07 16:12:37.853  3757  3793 D CustomFrequencyManagerService: acquireDVFSLockLocked : type : DVFS_MIN_LIMIT  frequency : 1704000  uid : 1000  pid : 3757  pkgName : AMS_RESUME_TAIL@CPU_MIN@51
01-07 16:12:37.853  3757  3793 D ActivityManagerPerformance: AMP_acquire() TAIL
01-07 16:12:37.853  3757  3793 D CustomFrequencyManagerService: releaseDVFSLockLocked : Getting Lock type frm List : DVFS_MIN_LIMIT  frequency : 2100000  uid : 1000  pid : 3757  tag : AMS_APP_SWITCH@CPU_MIN@45
01-07 16:12:37.854  3757  3793 D ActivityManagerPerformance: AMP_release() APP_SWITCH
01-07 16:12:37.854  3757  3793 D ViewRootImpl@f544704[InfinityStack]: dispatchDetachedFromWindow
01-07 16:12:37.854  3757  3793 D WindowManager: disposeInputChannel mInputChannel: 8ad9f22 Starting com.GeekTechnique.InfinityStack (server)
01-07 16:12:37.858  3757  3793 D InputTransport: Input channel destroyed: fd=473
01-07 16:12:37.858  3757  3793 D InputTransport: Input channel destroyed: fd=499
01-07 16:12:37.858  3757  3774 D ActivityTrigger: ActivityTrigger activityStopTrigger 
01-07 16:12:37.865  6176  6176 D MenuAppsGridFragment: onStop
01-07 16:12:37.865  6176  6176 D Launcher.HomeView: onStop
01-07 16:12:37.865  6176  6176 D capture : ----destroy
01-07 16:12:37.866  3757  3793 D ViewRootImpl@a2b441[ContainerKeyguardScrim]: mHardwareRenderer.destroy()#1
01-07 16:12:37.867  6176  6176 D Launcher: onTrimMemory. Level: 20
