01-24 03:12:24.718 15555 15555 D BadgeProvider: sendNotify, [notify] : null
01-24 03:12:24.718  6100  6100 D LauncherApplication: onChange: mBadgeRefreshHandler removeCallbacks
01-24 03:12:24.718 15555 15555 D BadgeProvider: update, getCallingPackage() : com.sec.android.provider.badge
01-24 03:12:24.718 15555 15555 D BadgeProvider: update, [uri] : content://com.sec.badge/apps
01-24 03:12:24.719 15555 15555 D BadgeProvider: update, [uri.query] : null
01-24 03:12:24.719 15555 15555 D BadgeProvider: update, [BadgeCount] : badgecount=0
01-24 03:12:24.719 15555 15555 D BadgeProvider: update, [UpdateCount] : 1
01-24 03:12:24.720  3755  7395 D AudioService: getStreamVolume 3 index 110
01-24 03:12:24.720  3755  3755 I KnoxTimeoutHandler: SD activityfalse
01-24 03:12:24.720  3755  3755 I KnoxTimeoutHandler: Fullscreen and mCurrent is not KNOX user. Hence hide keyguard
01-24 03:12:24.721 28299 28443 D mali_winsys: EGLint new_window_surface(egl_winsys_display*, void*, EGLSurface, EGLConfig, egl_winsys_surface**, egl_color_buffer_format*, EGLBoolean) returns 0x3000,  [1080x1920]-format:1
01-24 03:12:24.721  3755  6279 I ActivityManager: Killing 10351:com.samsung.android.snote:instantMemo/u0a160 (adj 906): DHA:empty #31
01-24 03:12:24.733  3219  3219 I SurfaceFlinger: id=618 createSurf (1080x1920),-1 flag=20004, XatchWhileA
01-24 03:12:24.733  3755  6065 D ActivityManager: post active user change for 0 fullscreen true isHomeActivity() false
01-24 03:12:24.734  3755  6065 D KnoxTimeoutHandler: postActiveUserChange [MsgParam] userId: 0 fullscreen is true showWhenlocked is false isMutiwindowRecord is false multiwindowstyle is 0
01-24 03:12:24.734  3755  3755 D KnoxTimeoutHandler: handleActiveUserChange [MsgParam] userId: 0 fullscreen is true showWhenlocked is false isMutiwindowRecord is false multiwindowstyle is 0
01-24 03:12:24.735  3755  3755 I KnoxTimeoutHandler: Shared devices show user statefalse
01-24 03:12:24.736  3755  4448 V WindowManager: Relayout Window{8514e2d0 u0 com.google.android.youtube/com.google.android.apps.youtube.app.WatchWhileActivity}: viewVisibility=0 req=1080x1920 WM.LayoutParams{(0,0)(fillxfill) sim=#110 ty=1 fl=#81810100 pfl=0x20000 fmt=-3 wanim=0x1030465 vsysui=0x1700 needsMenuKey=2 naviIconColor=0}
01-24 03:12:24.740 28299 28299 D ViewRootImpl@fb23aa9[WatchWhileActivity]: Relayout returned: oldFrame=[0,0][1080,1920] newFrame=[0,0][1080,1920] result=0x1 surface={isValid=true 517136690176} surfaceGenerationChanged=false
01-24 03:12:24.745 15384 15424 I Finsky  : [1033] com.google.android.finsky.ec.a.j.a(64): Started writing experiment flags into file [YEwREU4E44dApkAhNiM1zQFhEwo].
01-24 03:12:24.746 15384 15424 I Finsky  : [1033] com.google.android.finsky.ec.a.j.a(102): Finished writing experiment flags into file [YEwREU4E44dApkAhNiM1zQFhEwo].
01-24 03:12:24.749 15384 15424 I Finsky  : [1033] com.google.android.finsky.ec.a.a.a.b(114): Successfully applied new configurations for package com.google.android.finsky.regular.
01-24 03:12:24.750 15384 15428 I Finsky  : [1037] com.google.android.finsky.ec.a.a.a.b(29): Triggered update for experiment package com.google.android.finsky.stable.
01-24 03:12:24.755  3219  3451 I Layer   : [com.google.android.youtube/com.google.android.apps.youtube.app.WatchWhileActivity] addSyncPoint start
01-24 03:12:24.755  3219  3451 I Layer   : [com.google.android.youtube/com.google.android.apps.youtube.app.WatchWhileActivity] addSyncPoint end
01-24 03:12:24.755  3219  3451 I Layer   : [com.google.android.youtube/com.google.android.apps.youtube.app.WatchWhileActivity] addSyncPoint start
01-24 03:12:24.755  3219  3451 I Layer   : [com.google.android.youtube/com.google.android.apps.youtube.app.WatchWhileActivity] addSyncPoint end
01-24 03:12:24.767  3755  4498 D WindowManager: finishDrawingWindow: Window{8514e2d0 u0 com.google.android.youtube/com.google.android.apps.youtube.app.WatchWhileActivity} mDrawState=DRAW_PENDING
01-24 03:12:24.768 28299 28299 W YouTube : CsiAction [dtt] already ticked uiwwa_r. Ignored.
01-24 03:12:24.768 28299 28299 D ViewRootImpl@fb23aa9[WatchWhileActivity]: MSG_WINDOW_FOCUS_CHANGED 1
01-24 03:12:24.769 28299 28299 D ViewRootImpl@fb23aa9[WatchWhileActivity]: mHardwareRenderer.initializeIfNeeded()#2 mSurface={isValid=true 517136690176}
01-24 03:12:24.773 28299 28299 V InputMethodManager: Starting input: tba=android.view.inputmethod.EditorInfo@59375c nm : com.google.android.youtube ic=null
01-24 03:12:24.773 28299 28299 I InputMethodManager: [IMM] startInputInner - mService.startInputOrWindowGainedFocus
01-24 03:12:24.773  3755  4444 D InputMethodManagerService: windowGainedFocus mCurrentFocusedUserId - 0 and mSecureKeypadEnabled-false
01-24 03:12:24.774  3755  4444 V InputMethodManagerService: windowGainedFocus: reason=WINDOW_FOCUS_GAIN client=android.os.BinderProxy@1b14dd7 inputContext=null missingMethods= attribute=android.view.inputmethod.EditorInfo@49a039a nm = com.google.android.youtube controlFlags=#105 softInputMode=#110 windowFlags=#81810100
01-24 03:12:24.774  3755  4444 V InputMethodManagerService: Unspecified window will hide input
01-24 03:12:24.774  3755  4444 D InputMethodManagerService: mDesktopModeManager null!
01-24 03:12:24.774  3755  4444 V InputMethodManagerService: hideCurrentInputLocked - !shouldHideSoftInput
01-24 03:12:24.775  3755  4444 D InputTransport: Input channel constructed: fd=472
01-24 03:12:24.775  3755  4444 D InputTransport: Input channel destroyed: fd=472
01-24 03:12:24.775 15384 15428 I Finsky  : [1037] com.google.android.finsky.ec.a.a.a.b(49): Already at the latest configurations for experiment package com.google.android.finsky.stable.
01-24 03:12:24.775 28299 28299 D InputTransport: Input channel constructed: fd=117
01-24 03:12:24.775 28299 28299 W YouTube : CsiAction [dtt] already ticked uiwwa_pr. Ignored.
01-24 03:12:24.775 15384 15459 I Finsky  : [1060] com.google.android.finsky.ec.a.a.a.b(29): Triggered update for experiment package com.google.android.finsky.regular.
01-24 03:12:24.776 28299 28299 W YouTube : CsiAction [dtt] already ticked uibf_r. Ignored.
01-24 03:12:24.776 28299 28299 W YouTube : CsiAction [dtt] already ticked uiwwa_e. Ignored.
01-24 03:12:24.780  8282  8282 E FullInputEventModel: onStartInput event aborted: com.touchtype.keyboard.e.p: could not obtain extracted text (class com.touchtype.keyboard.e.p)
01-24 03:12:24.806 15384 15459 I Finsky  : [1060] com.google.android.finsky.ec.a.a.a.b(49): Already at the latest configurations for experiment package com.google.android.finsky.regular.
01-24 03:12:24.806 15384 15456 I Finsky  : [1057] com.google.android.finsky.ec.a.a.a.b(29): Triggered update for experiment package com.google.android.finsky.regular.
01-24 03:12:24.807  3755  7347 D GraphicsStats: Buffer count: 4
01-24 03:12:24.808  3755  6277 D ActivityManager: cleanUpApplicationRecord -- 10351
01-24 03:12:24.809  5967  8175 D ForegroundUtils: could not check pending caller
01-24 03:12:24.854 15384 15456 I Finsky  : [1057] com.google.android.finsky.ec.a.j.a(64): Started writing experiment flags into file [wfB1bDmbS1R6u0taON22qiCZsgA].
01-24 03:12:24.855 15384 15456 I Finsky  : [1057] com.google.android.finsky.ec.a.j.a(102): Finished writing experiment flags into file [wfB1bDmbS1R6u0taON22qiCZsgA].
01-24 03:12:24.856 15384 15456 I Finsky  : [1057] com.google.android.finsky.ec.a.a.a.b(114): Successfully applied new configurations for package com.google.android.finsky.regular.
01-24 03:12:24.857 15384 15424 I Finsky  : [1033] com.google.android.finsky.ec.a.a.a.b(29): Triggered update for experiment package com.google.android.finsky.regular.
01-24 03:12:24.906 15384 15424 I Finsky  : [1033] com.google.android.finsky.ec.a.j.a(64): Started writing experiment flags into file [6DgwMXfBbiNtTNVf11sEX-yfirQ].
01-24 03:12:24.907 15384 15424 I Finsky  : [1033] com.google.android.finsky.ec.a.j.a(102): Finished writing experiment flags into file [6DgwMXfBbiNtTNVf11sEX-yfirQ].
01-24 03:12:24.908 15384 15424 I Finsky  : [1033] com.google.android.finsky.ec.a.a.a.b(114): Successfully applied new configurations for package com.google.android.finsky.regular.
01-24 03:12:24.909 15384 15428 I Finsky  : [1037] com.google.android.finsky.ec.a.a.a.b(29): Triggered update for experiment package com.google.android.finsky.regular.
01-24 03:12:24.919  6100  6100 D LauncherApplication: run: mBadgeRefreshHandler reloadBadges
01-24 03:12:24.919  6100  6100 D Launcher.Model: reloadBadges entered.
01-24 03:12:24.923  3755  6281 D AudioService: getStreamVolume 3 index 110
01-24 03:12:24.933 15555 15567 D BadgeProvider: query, [selection] : null
01-24 03:12:24.933 15384 15428 W ProxyAndroidLoggerBackend: Too many Flogger logs received before configuration. Dropping old logs.
01-24 03:12:24.933 15384 15428 W ProxyAndroidLoggerBackend: Too many Flogger logs received before configuration. Dropping old logs.
01-24 03:12:24.935 15384 15428 I Finsky  : [1037] com.google.android.finsky.ec.a.j.a(5): Started reading experiment flags from file [v6B-2IolLQRBwrwPhscSaeg04As].
01-24 03:12:24.938  6100  6210 D BadgeCache: 1. updateBadgeCounts: com.samsung.android.email.provider = 0
01-24 03:12:24.938  6100  6210 D BadgeCache: 1. updateBadgeCounts: com.samsung.vvm = 18
01-24 03:12:24.938  6100  6210 D BadgeCache: 2. updateBadgeCounts: com.samsung.vvm/.vvmapp.VVMApplication = 18
01-24 03:12:24.939  6100  6210 D BadgeCache: 1. updateBadgeCounts: com.android.mms = 0
01-24 03:12:24.939  6100  6210 D BadgeCache: 1. updateBadgeCounts: com.facebook.katana = 0
01-24 03:12:24.939  6100  6210 D BadgeCache: 1. updateBadgeCounts: com.sec.android.app.cmas = 0
01-24 03:12:24.939  6100  6210 D BadgeCache: 1. updateBadgeCounts: org.lichess.mobileapp = 0
01-24 03:12:24.939  6100  6210 D BadgeCache: 1. updateBadgeCounts: com.sec.android.app.shealth = 0
01-24 03:12:24.939  6100  6210 D BadgeCache: 1. updateBadgeCounts: com.android.contacts = 0
01-24 03:12:24.939  6100  6210 D BadgeCache: 1. updateBadgeCounts: com.jquiz.comptia_aplus = 20
01-24 03:12:24.939  6100  6210 D BadgeCache: 2. updateBadgeCounts: com.jquiz.comptia_aplus/com.jquiz.StartActivity = 20
01-24 03:12:24.939  6100  6210 D BadgeCache: 1. updateBadgeCounts: com.samsung.android.spay = 1
01-24 03:12:24.939  6100  6210 D BadgeCache: 2. updateBadgeCounts: com.samsung.android.spay/.ui.SpayMainActivity = 1
01-24 03:12:24.939  6100  6210 D BadgeCache: 1. updateBadgeCounts: com.sec.android.app.samsungapps = 0
01-24 03:12:24.939  6100  6210 D BadgeCache: 1. updateBadgeCounts: com.abtnprojects.ambatana = 0
01-24 03:12:24.940  6100  6210 D BadgeCache: 1. updateBadgeCounts: com.brisk.jpay = 0
01-24 03:12:24.940  6100  6210 D BadgeCache: 1. updateBadgeCounts: com.notdoppler.crashofcars = 0
01-24 03:12:24.940  6100  6210 D BadgeCache: 1. updateBadgeCounts: org.thoughtcrime.securesms = 0
01-24 03:12:24.940  6100  6210 D BadgeCache: 1. updateBadgeCounts: com.brisk.jpay = 0
01-24 03:12:24.940  6100  6210 D BadgeCache: 1. updateBadgeCounts: com.verizon.messaging.vzmsgs = 13
01-24 03:12:24.940  6100  6210 D BadgeCache: 2. updateBadgeCounts: com.verizon.messaging.vzmsgs/com.verizon.mms.ui.activity.Provisioning = 13
01-24 03:12:24.940  6100  6210 D BadgeCache: 1. updateBadgeCounts: com.samsung.android.lool = 0
01-24 03:12:24.940 15384 15428 I Finsky  : [1037] com.google.android.finsky.ec.a.j.a(39): Finished reading experiment flags from file [v6B-2IolLQRBwrwPhscSaeg04As].
01-24 03:12:24.940  6100  6210 D BadgeCache: 1. updateBadgeCounts: com.android.settings = 0
01-24 03:12:24.940  6100  6210 D BadgeCache: 1. updateBadgeCounts: com.samsung.android.contacts = 0
01-24 03:12:24.940  6100  6210 D BadgeCache: 1. updateBadgeCounts: com.microsoft.office.outlook = 95
01-24 03:12:24.940  6100  6210 D BadgeCache: 2. updateBadgeCounts: com.microsoft.office.outlook/.MainActivity = 95
01-24 03:12:24.940  6100  6210 D BadgeCache: 1. updateBadgeCounts: com.android.vending = 0
01-24 03:12:24.940  6100  6210 D BadgeCache: 1. updateBadgeCounts: com.samsung.android.messaging = 0
01-24 03:12:24.940  6100  6210 D BadgeCache: 1. updateBadgeCounts: com.dropbox.android = 0
01-24 03:12:24.940  6100  6210 D BadgeCache: 1. updateBadgeCounts: com.sololearn = 0
01-24 03:12:24.940  6100  6210 D BadgeCache: 1. updateBadgeCounts: com.facebook.orca = 1
01-24 03:12:24.940  6100  6210 D BadgeCache: 2. updateBadgeCounts: com.facebook.orca/.auth.StartScreenActivity = 1
01-24 03:12:24.940  6100  6210 D BadgeCache: 1. updateBadgeCounts: com.google.android.youtube = 1
01-24 03:12:24.941  6100  6210 D BadgeCache: 2. updateBadgeCounts: com.google.android.youtube/.app.honeycomb.Shell$HomeActivity = 1
01-24 03:12:24.941  6100  6210 D BadgeCache: 1. updateBadgeCounts: com.asurion.android.verizon.vms = 3
01-24 03:12:24.941  6100  6210 D BadgeCache: 2. updateBadgeCounts: com.asurion.android.verizon.vms/com.asurion.android.verizon.vmsp.activity.MainActivity = 3
01-24 03:12:24.941  6100  6210 D BadgeCache: 1. updateBadgeCounts: com.instagram.android = 1
01-24 03:12:24.941  6100  6210 D BadgeCache: 2. updateBadgeCounts: com.instagram.android/.activity.MainTabActivity = 1
01-24 03:12:24.941  6100  6210 D BadgeCache: 1. updateBadgeCounts: com.twitter.android = 0
01-24 03:12:24.941  6100  6210 D BadgeCache: 1. updateBadgeCounts: org.telegram.messenger = 1
01-24 03:12:24.941  6100  6210 D BadgeCache: 2. updateBadgeCounts: org.telegram.messenger/org.telegram.ui.LaunchActivity = 1
01-24 03:12:24.941  6100  6210 D BadgeCache: 1. updateBadgeCounts: com.zynga.wwf2.free = 1
01-24 03:12:24.941  6100  6210 D BadgeCache: 2. updateBadgeCounts: com.zynga.wwf2.free/com.zynga.words2.ui.launch.Words2LaunchActivity = 1
01-24 03:12:24.941  6100  6210 D BadgeCache: 1. updateBadgeCounts: com.zynga.words = 0
01-24 03:12:24.941  6100  6210 D BadgeCache: 1. updateBadgeCounts: com.amazon.mShop.android.shopping = 0
01-24 03:12:24.941  6100  6210 D BadgeCache: 1. updateBadgeCounts: com.blockfolio.blockfolio = 0
01-24 03:12:24.941  6100  6210 D BadgeCache: 1. updateBadgeCounts: com.skype.raider = 0
01-24 03:12:24.941  6100  6210 D BadgeCache: 1. updateBadgeCounts: com.reddit.frontpage = 0
01-24 03:12:24.944  6100  6210 D BadgeCache: updated Badged:12
01-24 03:12:24.944  6100  6210 D BadgeCache: updateBadgeCounts:12
01-24 03:12:24.944  6100  6210 D Launcher.Model: reloadBadges, badges count : 12
01-24 03:12:24.948  6100  6210 D Launcher.Model: appItems:0 homeItems:0
01-24 03:12:24.954 15384 15571 I Finsky  : [1073] com.google.android.finsky.scheduler.br.<init>(23): Resetting scheduler db
01-24 03:12:24.960 15384 15384 I Finsky  : [1] com.google.android.finsky.setup.bh.run(7): Detected restoreservicev2://recovery not needed, will not run
01-24 03:12:24.963 15384 15428 W ProxyAndroidLoggerBackend: Too many Flogger logs received before configuration. Dropping old logs.
01-24 03:12:24.967 15384 15428 I Finsky  : [1037] com.google.android.finsky.ec.a.j.a(64): Started writing experiment flags into file [3iTZK60-XSU6ycLHV1Pe7j2ByDQ].
01-24 03:12:24.969 15384 15428 I Finsky  : [1037] com.google.android.finsky.ec.a.j.a(102): Finished writing experiment flags into file [3iTZK60-XSU6ycLHV1Pe7j2ByDQ].
01-24 03:12:24.971 15384 15428 I Finsky  : [1037] com.google.android.finsky.ec.a.a.a.b(114): Successfully applied new configurations for package com.google.android.finsky.regular.
01-24 03:12:25.123  3755  6065 D AudioService: getStreamVolume 3 index 110
01-24 03:12:25.133  3755  3790 I WindowManager_SurfaceController: Destroying surface Surface(name=com.google.android.youtube/com.google.android.apps.youtube.app.WatchWhileActivity_dim) called by com.android.server.wm.WindowStateAnimator.finishExit:593 com.android.server.wm.AppWindowAnimator.stepAnimationLocked:493 com.android.server.wm.WindowAnimator.updateAppWindowsLocked:227 com.android.server.wm.WindowAnimator.animateLocked:919 com.android.server.wm.WindowAnimator.-wrap0:-1 com.android.server.wm.WindowAnimator$1.doFrame:180 android.view.Choreographer$CallbackRecord.run:925 android.view.Choreographer.doCallbacks:702 
01-24 03:12:25.133  3219  7712 I SurfaceFlinger: id=618 Removed XatchWhileA (1/8)
01-24 03:12:25.134  3219  3451 I SurfaceFlinger: id=618 Removed XatchWhileA (-2/8)
01-24 03:12:25.141  3755  3790 D CustomFrequencyManagerService: releaseDVFSLockLocked : Getting Lock type frm List : DVFS_MIN_LIMIT  frequency : 1300000  uid : 1000  pid : 3755  tag : AMS_ACT_RESUME@CPU_MIN@13
01-24 03:12:25.141  3755  3790 D ActivityManagerPerformance: AMP_release() ACT_RESUME
01-24 03:12:25.196  3755  4415 D InputReader: Input event(5): value=1 when=31052000252000
01-24 03:12:25.197  3755  4415 D InputReader: !@notifyKey(116), action=0
01-24 03:12:25.198  3755  4415 D InputManager-JNI: !@interceptKeyBeforeQueueing(116), action=0, interactive=true
01-24 03:12:25.203  3755  4415 I Telecom : TelecomFeature: getContactsPackageName: com.samsung.android.contacts: TSI.iR@BrM
01-24 03:12:25.204  3755  4415 I Telecom : com.android.server.telecom.TelecomServiceImpl$1: getSystemDialerPackage: com.samsung.android.contacts: TSI.iR@BrM
01-24 03:12:25.204  3755  4415 I Telecom : TelecomFeature: getContactsPackageName: com.samsung.android.contacts: TSI.iR@BrM
01-24 03:12:25.204  3755  4415 I Telecom : com.android.server.telecom.TelecomServiceImpl$1: getSystemDialerPackage: com.samsung.android.contacts: TSI.iR@BrM
01-24 03:12:25.205  3755  4415 D InputManager-JNI: !@handleInterceptActions(116), action=0, wmActions=0
01-24 03:12:25.325  3755  3766 D AudioService: getStreamVolume 3 index 110
01-24 03:12:25.346  3755  4415 D InputReader: Input event(5): value=0 when=31052150170000
01-24 03:12:25.346  3755  4415 D InputReader: !@notifyKey(116), action=1
01-24 03:12:25.346  3755  4415 D InputManager-JNI: !@interceptKeyBeforeQueueing(116), action=1, interactive=true
01-24 03:12:25.347  3755  4415 D PowerManagerService: [api] [s] goToSleep: 4 (uid: 1000 pid: 3755) eventTime = 31052000
01-24 03:12:25.347  3755  4415 I PowerManagerService: !@[ps] Screen__Off - 48 :  goToSleep:  (uid: 1000 pid: 3755) (4)
01-24 03:12:25.347  3755  4415 I PowerManagerService: Going to sleep due to power button (uid 1000)...
01-24 03:12:25.348  3755  4415 D InputManager-JNI: setInteractive(false)
01-24 03:12:25.348  3755  4415 D InputManager-JNI: setBlockDeviceFromNative
01-24 03:12:25.348  3755  4548 D NetworkPolicy: onScreenStateChanged, state: false, reason: 2
01-24 03:12:25.348  3755  4415 D InputManager: sBDM(): isSet=false deviceType=1 isForce=true caller=inputdispatcher.forcetouch
01-24 03:12:25.348  3755  4415 D InputManager: sBDM(): requested caller not exist!
01-24 03:12:25.348  3755  4415 D InputReader: mBlockedDevices=0x00000000
01-24 03:12:25.348  3755  4415 D PowerManagerService: mDisplayReady: false
01-24 03:12:25.348  3755  4415 D InputManager-JNI: !@handleInterceptActions(116), action=1, wmActions=0
01-24 03:12:25.348  3755  3792 D DisplayPowerController: animateScreenStateChange[0]: target=1
01-24 03:12:25.349  3755  3792 D ColorFade: prepare: mode=4
01-24 03:12:25.349  3219  3219 I SurfaceFlinger: id=619 createSurf (1080x1920),2 flag=404, DolorFade
01-24 03:12:25.349  4621  5100 D KeyguardViewMediator: onStartedGoingToSleep(2)
01-24 03:12:25.351 28299 28299 V InputMethodManager: Starting input: tba=android.view.inputmethod.EditorInfo@202ca65 nm : com.google.android.youtube ic=null
01-24 03:12:25.351 28299 28299 I InputMethodManager: [IMM] startInputInner - mService.startInputOrWindowGainedFocus
01-24 03:12:25.351  3755  7395 D InputTransport: Input channel constructed: fd=472
01-24 03:12:25.351  3755  7395 D InputTransport: Input channel destroyed: fd=472
01-24 03:12:25.351 28299 28299 D InputTransport: Input channel constructed: fd=134
01-24 03:12:25.351 28299 28299 D InputTransport: Input channel destroyed: fd=117
01-24 03:12:25.352  4621  5100 D KeyguardViewMediator: Lock timeout lockAfterTimeout=5000 policyTimeout=0 displayTimeout=600000
01-24 03:12:25.352  4621  5100 D KeyguardViewMediator: timeout = 5000
01-24 03:12:25.353  8282  8282 E FullInputEventModel: onStartInput event aborted: com.touchtype.keyboard.e.p: could not obtain extracted text (class com.touchtype.keyboard.e.p)
01-24 03:12:25.355  4621  5100 D FactoryTest: checkAutomationTestOption() : option=0
01-24 03:12:25.356  4621  5100 D FactoryTest: checkAutomationTestOption() : mode_screenlock=0
01-24 03:12:25.358  4621  5100 D KeyguardViewMediator: notifyStartedGoingToSleep
01-24 03:12:25.359  4621  4621 D KeyguardFingerPrint: shouldListenForFingerprint ( isFingerprintEnabled = false , mKeyguardIsVisible = false , mDeviceInteractive = true , mBouncer = false , mGoingToSleep = true , mSwitchingUser = false , mFingerprintAlreadyAuthenticated = false , mKeyguardUnlocking = false
01-24 03:12:25.359  4621  4621 D KeyguardFingerPrint: shouldListenForFingerprint ( fingerprint is not enabled. ) 
01-24 03:12:25.360  4621  4621 V KeyguardFingerPrint: stopListeningForFingerprint()
01-24 03:12:25.360  4621  4621 D KeyguardViewMediator: handleNotifyStartedGoingToSleep
01-24 03:12:25.367  3755  3792 D PowerManagerUtil: Excessive delay in ColorFade : createSurface: 18ms
01-24 03:12:25.369  3755  3792 D mali_winsys: EGLint new_window_surface(egl_winsys_display*, void*, EGLSurface, EGLConfig, egl_winsys_surface**, egl_color_buffer_format*, EGLBoolean) returns 0x3000,  [1080x1920]-format:1
01-24 03:12:25.398  3755  3792 D ColorFade: ColorFade is ready
01-24 03:12:25.398  3755  3792 D DisplayPowerController: ColorFade: onAnimationStart
01-24 03:12:25.398  3755  3792 D DisplayPowerController: [Dual Screen Compatible] state[0] :2
01-24 03:12:25.526  3755  4448 D AudioService: getStreamVolume 3 index 110
01-24 03:12:25.684  3755  3792 D DisplayPowerState: !@ [0] ColorFade entry
01-24 03:12:25.684  3755  3792 D PowerManagerService: [input device light] onColorFadeExit(false)
01-24 03:12:25.684  3755  3792 D DisplayPowerController: ColorFade: onAnimationEnd
01-24 03:12:25.686  3755  3792 D DisplayPowerController: animateScreenStateChange[0]: target=1
01-24 03:12:25.686  3755  3792 D DisplayPowerController: [M OS] 0 REPORTED_TO_POLICY_SCREEN_* -> REPORTED_TO_POLICY_SCREEN_OFF.
01-24 03:12:25.686  3755  4551 D lights  : lcd : 0 +
01-24 03:12:25.686  3755  3792 D ActivityTrigger: ActivityTrigger activityPauseTrigger 
01-24 03:12:25.687  3755  3792 D GameManagerService: sem_perfomance_mode: 0
01-24 03:12:25.693  3755  4551 D lights  : lcd : 0 -
01-24 03:12:25.724  3755  7358 D ActivityManager: setAppIconInfo(), x : 0, y : 0, width : 0, height : 0, isHomeItem : false
01-24 03:12:25.724  3755  3792 D SemContextService: removeListener() : Listener = com.samsung.android.hardware.context.SemContextService$Listener@ca1da2c, Service = Auto Rotation, used = 0
01-24 03:12:25.725  3755  3774 D ActivityTrigger: ActivityTrigger activityStopTrigger 
01-24 03:12:25.725  3755  3792 W CAE     : unregisterCallback(ContextAwareService.java:217) - [unregi 01] Mutex is locked for AUTO_ROTATION
01-24 03:12:25.726  3755  3792 V CAE     : stop(ContextProvider.java:155)
01-24 03:12:25.728  3755  3792 V CAE     : clear(AutoRotationRunner.java:182)
01-24 03:12:25.729  3755  3792 V CAE     : disable(AutoRotationRunner.java:171)
01-24 03:12:25.729  3755  6281 D AudioService: getStreamVolume 3 index 110
01-24 03:12:25.729  3755  3792 I CAE     : sendCmdToSensorHub(SensorHubCommManager.java:162) - -78, 7, 0, 0,
01-24 03:12:25.729  3755  3792 D SensorHubManager: SendSensorHubData: send data = -78, 7, 0, 0
01-24 03:12:25.730  3231  3266 D Sensorhubs: sendContextData: -78, 7, 0, 0
01-24 03:12:25.738  3755  3792 D CAE     : getFaultDetectionResult(AutoRotationRunner.java:195) - true
01-24 03:12:25.739  3755  3792 I CAE     : notifyCmdProcessResultObserver(ContextProvider.java:627) - CheckResult = 0, Cause = Success
01-24 03:12:25.751  3755  3792 D CAE     : doCommendProcess(ContextAwareService.java:444) - complete notify the operation result.
01-24 03:12:25.751  3755  6279 D ConnectivityService: filterNetworkStateForUid() uid: 10187 networkInfo: [type: WIFI[] - WIFI, state: CONNECTED/CONNECTED, reason: (unspecified), extra: "wilkinson2.4", failover: false, available: true, roaming: false, metered: false]
01-24 03:12:25.753  3755  3792 I CAE     : displayUsedCountForService(ContextAwareService.java:536) - totalCnt = 0, serviceCount = 0, subCollectionCount = 0
01-24 03:12:25.753  3755  3792 D CAE     : showListenerList(ContextAwareService.java:377) - ===== Context Aware Service List =====
01-24 03:12:25.754  3755  3792 I CAE     : showListenerList(ContextAwareService.java:386) - Listener : com.samsung.android.contextaware.manager.ContextAwareService$Listener@57a7418, Service : PEDOMETER(1)
01-24 03:12:25.755  3755  3792 I CAE     : showListenerList(ContextAwareService.java:386) - Listener : com.samsung.android.contextaware.manager.ContextAwareService$Listener@ead6f73, Service : ACTIVITY_TRACKER_BATCH(1)
01-24 03:12:25.755  3755  3792 I CAE     : showListenerList(ContextAwareService.java:386) - Listener : com.samsung.android.contextaware.manager.ContextAwareService$Listener@acffaa9, Service : STEP_LEVEL_MONITOR(1)
01-24 03:12:25.758  3755  7367 D ConnectivityService: filterNetworkStateForUid() uid: 10187 networkInfo: [type: WIFI[] - WIFI, state: CONNECTED/CONNECTED, reason: (unspecified), extra: "wilkinson2.4", failover: false, available: true, roaming: false, metered: false]
01-24 03:12:25.760  3755  6081 D ConnectivityService: filterNetworkStateForUid() uid: 10187 networkInfo: [type: WIFI[] - WIFI, state: CONNECTED/CONNECTED, reason: (unspecified), extra: "wilkinson2.4", failover: false, available: true, roaming: false, metered: false]
01-24 03:12:25.762  3755  4453 D AudioService: getStreamVolume 3 index 110
01-24 03:12:25.764 28299 28331 W YouTube : Pinging https://s.youtube.com/api/stats/watchtime?feature=endscreen&ns=yt&ei=WGxJXIjELeGIlAOW8a6ADA&plid=AAWAL1mAY6RGcLdc&el=detailpage&subscribed=1&cl=230011173&vm=CAEQARgE&len=1430&fexp=11202606%2C11206652%2C11207906%2C11209588%2C11210174%2C11210480%2C11210485%2C23701349%2C23710476%2C23721898%2C23726564%2C23728352%2C23738542%2C23744176%2C23750983%2C23751767%2C23752869%2C23752994%2C23754502%2C23755886%2C23755898%2C23758087%2C23760462%2C23760559%2C23761607%2C23762649%2C23764065%2C23764184%2C23768011%2C23772610%2C23773174%2C23773258%2C23775738%2C23775770%2C23776679%2C23777853%2C23779936%2C23781413%2C23782011%2C23782173%2C23782285%2C23783213%2C23783369%2C23783454%2C23784589%2C23785132%2C23786554%2C23786611%2C23786637%2C23787449%2C23789737%2C23789809%2C23790114%2C9406013%2C9425363%2C9448413%2C9449243%2C9456940%2C9469074%2C9479784%2C9485000&of=beBTbTrxz6LWxyrZX4uQWg&cpn=A_X7AyIl-1Jfs9-T&ver=2&csdk=24&cbrand=samsung&c=android&cbrver=13.50.52&cmodel=SM-N920V&cplatform=mobile&cver=13.50.52&cbr=com.google.android.youtube&cosver=7.0&cos=Android&cplayer=ANDROID_EXOPLAYER&rt=1799.6&lact=1029&fmt=137&afmt=140&state=paused&st=617.2&uao=0&volume=73&et=617.2&vis=0&conn=3&docid=(scrubbed)&referrer=(scrubbed)
01-24 03:12:25.766  3755  3792 I CAE     : showListenerList(ContextAwareService.java:386) - Listener : com.samsung.android.contextaware.manager.ContextAwareService$Listener@fac7cb2, Service : SENSOR_STATUS_CHECK_RUNNER(1)
01-24 03:12:25.767  3755  3792 I CAE     : showListenerList(ContextAwareService.java:386) - Listener : com.samsung.android.contextaware.manager.ContextAwareService$Listener@164059b, Service : ACTIVITY_TRACKER_CURRENT_INFO(1)
01-24 03:12:25.767  3755  3792 I CAE     : showListenerList(ContextAwareService.java:386) - Listener : com.samsung.android.contextaware.manager.ContextAwareService$Listener@164059b, Service : ACTIVITY_TRACKER(1)
01-24 03:12:25.767  3755  6065 D ConnectivityService: filterNetworkStateForUid() uid: 10187 networkInfo: [type: WIFI[] - WIFI, state: CONNECTED/CONNECTED, reason: (unspecified), extra: "wilkinson2.4", failover: false, available: true, roaming: false, metered: false]
01-24 03:12:25.768  4621  4708 D vol.MediaSessions: updateRemoteControllerH null
01-24 03:12:25.768  4621  4708 D vol.MediaSessions: onActiveSessionsUpdatedH n=0
01-24 03:12:25.768  3755  3792 W CAE     : unregisterCallback(ContextAwareService.java:252) - [unregi 02] Mutex is unlocked for AUTO_ROTATION
01-24 03:12:25.768  3755  3792 D SemContextService: 	.unregisterCallback : 5, client=
01-24 03:12:25.768  3755  3792 D SemContextService: ===== SemContext Service List =====
01-24 03:12:25.768  3755  3792 D SemContextService: Listener : com.samsung.android.hardware.context.SemContextService$Listener@712ee71, Service : Step Level Monitor
01-24 03:12:25.768  3755  3792 D SemContextService: Listener : com.samsung.android.hardware.context.SemContextService$Listener@712ee71, Service : Pedometer
01-24 03:12:25.768  3755  3792 D SemContextService: Listener : com.samsung.android.hardware.context.SemContextService$Listener@dbfae30, Service : Activity Batch
01-24 03:12:25.768  3755  3792 D SemContextService: Listener : com.samsung.android.hardware.context.SemContextService$Listener@e1b8403, Service : Sensor Status Check
01-24 03:12:25.768  3755  7357 D ConnectivityService: filterNetworkStateForUid() uid: 10187 networkInfo: [type: WIFI[] - WIFI, state: CONNECTED/CONNECTED, reason: (unspecified), extra: "wilkinson2.4", failover: false, available: true, roaming: false, metered: false]
01-24 03:12:25.768  3755  3792 D SemContextService: Listener : com.samsung.android.hardware.context.SemContextService$Listener@f5eb639, Service : Activity Tracker
01-24 03:12:25.768  4621  4708 D vol.MediaSessions: Removing YouTube sentRemote=false
01-24 03:12:25.768  3755  3792 D SemContextManager:   .unregisterListener : listener = android.hardware.scontext.SContextManager$SContextListenerDelegate@5b1e0cc, service=Auto Rotation
01-24 03:12:25.769  3755  3792 D SContextManager:   .unregisterListener : listener = com.android.server.policy.WindowOrientationListener$OrientationSensorJudge@7f927a3, service=Auto Rotation
01-24 03:12:25.769  3755  3792 V KeyguardServiceDelegate: onScreenTurnedOff()
01-24 03:12:25.769  4621  4708 D vol.MediaSessions: onActiveSessionsUpdatedH n=0
01-24 03:12:25.769  4621  5100 D KeyguardViewMediator: notifyScreenTurnedOff
01-24 03:12:25.769  3755  7362 D MediaSessionRecord: setPlaybackState oldState:1, newState:0, packageName:com.google.android.youtube
01-24 03:12:25.769  4621  4621 D KeyguardViewMediator: handleNotifyScreenTurnedOff
01-24 03:12:25.770  3755  3792 D DisplayPowerController: mWindowManagerPolicy.screenTurnedOff(0)
01-24 03:12:25.770  4621  4621 D vol.SecVolumeDialog: onScreenTurnedOff()
01-24 03:12:25.770  4621  4621 D vol.SecVolumeDialog: dismissH reason: 4
01-24 03:12:25.770  3755  3792 D DisplayPowerController: [Dual Screen Compatible] state[0] :1
01-24 03:12:25.770  3755  3792 D DisplayPowerController: Animating brightness: target=0, rate=0 (PSM:true, AB limit:(-1 ~ -1) MB Limit:(-1 ~ -1))
01-24 03:12:25.770  4621  4621 D vol.SecVolumeDialog: dismissH : false
01-24 03:12:25.771  3755  3792 D DisplayPowerController: animateScreenStateChange[0]: target=1
01-24 03:12:25.771  3755  3792 D DisplayPowerController: [Dual Screen Compatible] state[0] :1
01-24 03:12:25.771  3755  3792 D DisplayPowerController: Animating brightness: target=0, rate=0 (PSM:true, AB limit:(-1 ~ -1) MB Limit:(-1 ~ -1))
01-24 03:12:25.774  4621  4708 D vol.MediaSessions: updateRemoteControllerH null
01-24 03:12:25.774  3755 15583 D MISC PowerHAL: sysfs_write +: /sys/class/input/event2/device/enabled: 0
01-24 03:12:25.774  3755  9708 I MateSvc|AgentSvcRelay: relay action 0x210002
01-24 03:12:25.774  4621  4708 D vol.MediaSessions: onActiveSessionsUpdatedH n=0
01-24 03:12:25.774  3755 15583 D MISC PowerHAL: sysfs_write -: /sys/class/input/event2/device/enabled: 0
01-24 03:12:25.777  3755 15584 D MISC PowerHAL: sysfs_write +: /sys/class/input/event0/device/enabled: 0
01-24 03:12:25.777  3755 15585 D MISC PowerHAL: sysfs_write +: /sys/class/input/event1/device/enabled: 0
01-24 03:12:25.777  3755  9708 W ActivityManager: Unable to start service Intent { cmp=com.samsung.android.mateagent/.interact.AgentService launchParam=MultiScreenLaunchParams { mDisplayId=0 mFlags=0 } } U=0: not found
01-24 03:12:25.778  4621  4621 D LockIcon: state = 0, mLastState = 0, mDeviceInteractive = true, mLastDeviceInteractive = true, mScreenOn = false, mLastScreenOn = true,  force = false
01-24 03:12:25.780  4621  4708 D vol.MediaSessions: onActiveSessionsUpdatedH n=0
01-24 03:12:25.781  3755 15584 D MISC PowerHAL: sysfs_write -: /sys/class/input/event0/device/enabled: 0
01-24 03:12:25.782  3755  6279 D CompatibilityInfo: mCompatibilityFlags - 0
01-24 03:12:25.782  3755  6279 D CompatibilityInfo: applicationDensity - 420
01-24 03:12:25.782  3755  6279 D CompatibilityInfo: applicationScale - 1.0
01-24 03:12:25.792  3755 15585 D MISC PowerHAL: sysfs_write -: /sys/class/input/event1/device/enabled: 0
01-24 03:12:25.795  3755  3797 D MISC PowerHAL: sysfs_write +: /sys/class/power_supply/battery/lcd: 0
01-24 03:12:25.795  3755  3797 D MISC PowerHAL: sysfs_write -: /sys/class/power_supply/battery/lcd: 0
01-24 03:12:25.795  3755  3797 D PowerManagerService-JNI: Excessive delay in MISC setInteractive(false) while turning screen off: 24ms
01-24 03:12:25.796  3755  3797 D DisplayManagerService: !@display_state: ON -> OFF brightness: 0 -> 0
01-24 03:12:25.796  5873  5873 W ChimeraUtils: Non Chimera context
01-24 03:12:25.796  3755  3790 I DisplayManagerService: Display device changed state: "Built-in Screen", OFF
01-24 03:12:25.798  3755  3755 D GameManagerService: onDisplayChanged. displyId: 0
01-24 03:12:25.798  3755  3755 D GameManagerService: dpi: 420, longPixel: 1920, shortPixel: 1080
01-24 03:12:25.800  3219  3219 D SurfaceFlinger: Set power mode=0, type=0 flinger=0x755b088940
01-24 03:12:25.800  3219  3219 I hwcomposer: int exynos_setPowerMode(struct hwc_composer_device_1 *, int, int):: disp(0), mode(0)
01-24 03:12:25.814  3755  6081 I Sensors : Acc old sensor_state 1, new sensor_state : 0 en : 0
01-24 03:12:25.814 28299 28331 W YouTube : Pinging https://s.youtube.com/api/stats/qoe?feature=endscreen&event=streamingstats&plid=AAWAL1mAY6RGcLdc&ns=yt&ei=WGxJXIjELeGIlAOW8a6ADA&cl=230011173&fexp=11202606%2C11206652%2C11207906%2C11209588%2C11210174%2C11210480%2C11210485%2C23701349%2C23710476%2C23721898%2C23726564%2C23728352%2C23738542%2C23744176%2C23750983%2C23751767%2C23752869%2C23752994%2C23754502%2C23755886%2C23755898%2C23758087%2C23760462%2C23760559%2C23761607%2C23762649%2C23764065%2C23764184%2C23768011%2C23772610%2C23773174%2C23773258%2C23775738%2C23775770%2C23776679%2C23777853%2C23779936%2C23781413%2C23782011%2C23782173%2C23782285%2C23783213%2C23783369%2C23783454%2C23784589%2C23785132%2C23786554%2C23786611%2C23786637%2C23787449%2C23789737%2C23789809%2C23790114%2C9406013%2C9425363%2C9448413%2C9449243%2C9456940%2C9469074%2C9479784%2C9485000&cpn=A_X7AyIl-1Jfs9-T&csdk=24&cbrand=samsung&c=android&cbrver=13.50.52&cmodel=SM-N920V&cplatform=mobile&cver=13.50.52&cbr=com.google.android.youtube&cosver=7.0&cos=Android&seq=12&bat=1811.038:0.800:1&cmt=1811.022:617.201&preload=0.5&conn=1811.024:3&sur=1710.698:3,1787.221:1&cplayer=ANDROID_EXOPLAYER&vps=1811.022:SU&fmt=137&bh=1811.022:76.82&docid=(scrubbed)&referrer=(scrubbed)
01-24 03:12:25.851 28299 28299 D SensorManager: unregisterListener ::   
01-24 03:12:25.873  3755  3766 V WindowManager: Relayout Window{8514e2d0 u0 com.google.android.youtube/com.google.android.apps.youtube.app.WatchWhileActivity}: viewVisibility=0 req=1080x1920 WM.LayoutParams{(0,0)(fillxfill) sim=#10 ty=1 fl=#81810100 pfl=0x20000 fmt=-3 wanim=0x1030465 vsysui=0x1700 sysuil=true needsMenuKey=2 naviIconColor=0}
01-24 03:12:25.877  3755  6281 D ConnectivityService: filterNetworkStateForUid() uid: 10187 networkInfo: [type: WIFI[] - WIFI, state: CONNECTED/CONNECTED, reason: (unspecified), extra: "wilkinson2.4", failover: false, available: true, roaming: false, metered: false]
01-24 03:12:25.878  3755  7360 D ConnectivityService: filterNetworkStateForUid() uid: 10187 networkInfo: [type: WIFI[] - WIFI, state: CONNECTED/CONNECTED, reason: (unspecified), extra: "wilkinson2.4", failover: false, available: true, roaming: false, metered: false]
01-24 03:12:25.878 28299 28299 D ViewRootImpl@fb23aa9[WatchWhileActivity]: Relayout returned: oldFrame=[0,0][1080,1920] newFrame=[0,0][1080,1920] result=0x1 surface={isValid=true 517136690176} surfaceGenerationChanged=false
01-24 03:12:25.893  3219  3281 I Layer   : [com.google.android.youtube/com.google.android.apps.youtube.app.WatchWhileActivity] addSyncPoint start
01-24 03:12:25.893  3219  3281 I Layer   : [com.google.android.youtube/com.google.android.apps.youtube.app.WatchWhileActivity] addSyncPoint end
01-24 03:12:25.893  3219  3281 I Layer   : [com.google.android.youtube/com.google.android.apps.youtube.app.WatchWhileActivity] addSyncPoint start
01-24 03:12:25.893  3219  3281 I Layer   : [com.google.android.youtube/com.google.android.apps.youtube.app.WatchWhileActivity] addSyncPoint end
01-24 03:12:25.898  3755  7358 D AudioService: getStreamVolume 3 index 110
01-24 03:12:25.899  3755  6277 D AudioService: getStreamVolume 3 index 110
01-24 03:12:25.900 28299 28299 W YouTube : CsiAction [dtt] already ticked pl_int. Ignored.
01-24 03:12:25.901  3755  4444 D ConnectivityService: filterNetworkStateForUid() uid: 10187 networkInfo: [type: WIFI[] - WIFI, state: CONNECTED/CONNECTED, reason: (unspecified), extra: "wilkinson2.4", failover: false, available: true, roaming: false, metered: false]
01-24 03:12:25.903  3755  7367 D ConnectivityService: filterNetworkStateForUid() uid: 10187 networkInfo: [type: WIFI[] - WIFI, state: CONNECTED/CONNECTED, reason: (unspecified), extra: "wilkinson2.4", failover: false, available: true, roaming: false, metered: false]
01-24 03:12:25.904  3755  5047 D ConnectivityService: filterNetworkStateForUid() uid: 10187 networkInfo: [type: WIFI[] - WIFI, state: CONNECTED/CONNECTED, reason: (unspecified), extra: "wilkinson2.4", failover: false, available: true, roaming: false, metered: false]
01-24 03:12:25.907  3755  7364 D ConnectivityService: filterNetworkStateForUid() uid: 10187 networkInfo: [type: WIFI[] - WIFI, state: CONNECTED/CONNECTED, reason: (unspecified), extra: "wilkinson2.4", failover: false, available: true, roaming: false, metered: false]
01-24 03:12:25.910  3755  7344 D ConnectivityService: filterNetworkStateForUid() uid: 10187 networkInfo: [type: WIFI[] - WIFI, state: CONNECTED/CONNECTED, reason: (unspecified), extra: "wilkinson2.4", failover: false, available: true, roaming: false, metered: false]
01-24 03:12:25.912  3755  7362 D ConnectivityService: filterNetworkStateForUid() uid: 10187 networkInfo: [type: WIFI[] - WIFI, state: CONNECTED/CONNECTED, reason: (unspecified), extra: "wilkinson2.4", failover: false, available: true, roaming: false, metered: false]
